             total       used       free     shared    buffers     cached
Mem:          3.9G       658M       3.2G       3.2M        38M       289M
-/+ buffers/cache:       330M       3.5G
Swap:         8.0G         0B       8.0G

             total       used       free     shared    buffers     cached
Mem:          3.9G       659M       3.2G       1.4M        38M       287M
-/+ buffers/cache:       332M       3.5G
Swap:         8.0G         0B       8.0G

             total       used       free     shared    buffers     cached
Mem:          3.9G       658M       3.2G       1.5M        38M       287M
-/+ buffers/cache:       332M       3.5G
Swap:         8.0G         0B       8.0G

             total       used       free     shared    buffers     cached
Mem:          3.9G       658M       3.2G       1.5M        38M       287M
-/+ buffers/cache:       332M       3.5G
Swap:         8.0G         0B       8.0G

             total       used       free     shared    buffers     cached
Mem:          3.9G       658M       3.2G       1.5M        38M       287M
-/+ buffers/cache:       332M       3.5G
Swap:         8.0G         0B       8.0G

             total       used       free     shared    buffers     cached
Mem:          3.9G       658M       3.2G       1.5M        38M       287M
-/+ buffers/cache:       332M       3.5G
Swap:         8.0G         0B       8.0G

             total       used       free     shared    buffers     cached
Mem:          3.9G       658M       3.2G       1.5M        38M       287M
-/+ buffers/cache:       332M       3.5G
Swap:         8.0G         0B       8.0G

             total       used       free     shared    buffers     cached
Mem:          3.9G       658M       3.2G       1.5M        38M       288M
-/+ buffers/cache:       332M       3.5G
Swap:         8.0G         0B       8.0G

             total       used       free     shared    buffers     cached
Mem:          3.9G       658M       3.2G       1.5M        38M       288M
-/+ buffers/cache:       332M       3.5G
Swap:         8.0G         0B       8.0G

             total       used       free     shared    buffers     cached
Mem:          3.9G       661M       3.2G       1.5M        38M       288M
-/+ buffers/cache:       334M       3.5G
Swap:         8.0G         0B       8.0G

             total       used       free     shared    buffers     cached
Mem:          3.9G       675M       3.2G       1.5M        38M       288M
-/+ buffers/cache:       349M       3.5G
Swap:         8.0G         0B       8.0G

             total       used       free     shared    buffers     cached
Mem:          3.9G       689M       3.2G       1.5M        38M       288M
-/+ buffers/cache:       362M       3.5G
Swap:         8.0G         0B       8.0G

             total       used       free     shared    buffers     cached
Mem:          3.9G       667M       3.2G       1.5M        38M       289M
-/+ buffers/cache:       340M       3.5G
Swap:         8.0G         0B       8.0G

             total       used       free     shared    buffers     cached
Mem:          3.9G       676M       3.2G       1.5M        38M       289M
-/+ buffers/cache:       347M       3.5G
Swap:         8.0G         0B       8.0G

             total       used       free     shared    buffers     cached
Mem:          3.9G       668M       3.2G       1.5M        38M       289M
-/+ buffers/cache:       340M       3.5G
Swap:         8.0G         0B       8.0G

             total       used       free     shared    buffers     cached
Mem:          3.9G       668M       3.2G       1.5M        38M       289M
-/+ buffers/cache:       340M       3.5G
Swap:         8.0G         0B       8.0G

             total       used       free     shared    buffers     cached
Mem:          3.9G       668M       3.2G       1.5M        38M       289M
-/+ buffers/cache:       340M       3.5G
Swap:         8.0G         0B       8.0G

             total       used       free     shared    buffers     cached
Mem:          3.9G       668M       3.2G       1.5M        38M       289M
-/+ buffers/cache:       340M       3.5G
Swap:         8.0G         0B       8.0G

             total       used       free     shared    buffers     cached
Mem:          3.9G       668M       3.2G       1.5M        38M       289M
-/+ buffers/cache:       340M       3.5G
Swap:         8.0G         0B       8.0G

             total       used       free     shared    buffers     cached
Mem:          3.9G       668M       3.2G       1.5M        38M       289M
-/+ buffers/cache:       340M       3.5G
Swap:         8.0G         0B       8.0G

             total       used       free     shared    buffers     cached
Mem:          3.9G       668M       3.2G       1.5M        38M       289M
-/+ buffers/cache:       340M       3.5G
Swap:         8.0G         0B       8.0G

             total       used       free     shared    buffers     cached
Mem:          3.9G       668M       3.2G       1.5M        38M       289M
-/+ buffers/cache:       340M       3.5G
Swap:         8.0G         0B       8.0G

             total       used       free     shared    buffers     cached
Mem:          3.9G       668M       3.2G       1.5M        38M       289M
-/+ buffers/cache:       340M       3.5G
Swap:         8.0G         0B       8.0G

             total       used       free     shared    buffers     cached
Mem:          3.9G       668M       3.2G       1.5M        38M       289M
-/+ buffers/cache:       340M       3.5G
Swap:         8.0G         0B       8.0G

             total       used       free     shared    buffers     cached
Mem:          3.9G       668M       3.2G       1.5M        38M       289M
-/+ buffers/cache:       340M       3.5G
Swap:         8.0G         0B       8.0G

             total       used       free     shared    buffers     cached
Mem:          3.9G       668M       3.2G       1.5M        38M       289M
-/+ buffers/cache:       340M       3.5G
Swap:         8.0G         0B       8.0G

             total       used       free     shared    buffers     cached
Mem:          3.9G       668M       3.2G       1.5M        38M       289M
-/+ buffers/cache:       340M       3.5G
Swap:         8.0G         0B       8.0G

             total       used       free     shared    buffers     cached
Mem:          3.9G       668M       3.2G       1.5M        38M       289M
-/+ buffers/cache:       340M       3.5G
Swap:         8.0G         0B       8.0G

             total       used       free     shared    buffers     cached
Mem:          3.9G       668M       3.2G       1.5M        38M       289M
-/+ buffers/cache:       340M       3.5G
Swap:         8.0G         0B       8.0G

             total       used       free     shared    buffers     cached
Mem:          3.9G       668M       3.2G       1.5M        38M       289M
-/+ buffers/cache:       340M       3.5G
Swap:         8.0G         0B       8.0G

             total       used       free     shared    buffers     cached
Mem:          3.9G       668M       3.2G       1.5M        38M       289M
-/+ buffers/cache:       340M       3.5G
Swap:         8.0G         0B       8.0G

             total       used       free     shared    buffers     cached
Mem:          3.9G       668M       3.2G       1.5M        38M       289M
-/+ buffers/cache:       340M       3.5G
Swap:         8.0G         0B       8.0G

             total       used       free     shared    buffers     cached
Mem:          3.9G       668M       3.2G       1.5M        38M       289M
-/+ buffers/cache:       340M       3.5G
Swap:         8.0G         0B       8.0G

             total       used       free     shared    buffers     cached
Mem:          3.9G       674M       3.2G       1.5M        38M       289M
-/+ buffers/cache:       345M       3.5G
Swap:         8.0G         0B       8.0G

             total       used       free     shared    buffers     cached
Mem:          3.9G       692M       3.2G       1.5M        38M       289M
-/+ buffers/cache:       363M       3.5G
Swap:         8.0G         0B       8.0G

             total       used       free     shared    buffers     cached
Mem:          3.9G       711M       3.2G       1.5M        38M       289M
-/+ buffers/cache:       382M       3.5G
Swap:         8.0G         0B       8.0G

             total       used       free     shared    buffers     cached
Mem:          3.9G       727M       3.1G       1.5M        38M       289M
-/+ buffers/cache:       398M       3.5G
Swap:         8.0G         0B       8.0G

             total       used       free     shared    buffers     cached
Mem:          3.9G       741M       3.1G       1.5M        38M       289M
-/+ buffers/cache:       412M       3.5G
Swap:         8.0G         0B       8.0G

             total       used       free     shared    buffers     cached
Mem:          3.9G       757M       3.1G       1.5M        38M       289M
-/+ buffers/cache:       429M       3.4G
Swap:         8.0G         0B       8.0G

             total       used       free     shared    buffers     cached
Mem:          3.9G       773M       3.1G       1.5M        38M       289M
-/+ buffers/cache:       444M       3.4G
Swap:         8.0G         0B       8.0G

             total       used       free     shared    buffers     cached
Mem:          3.9G       789M       3.1G       1.5M        38M       289M
-/+ buffers/cache:       461M       3.4G
Swap:         8.0G         0B       8.0G

             total       used       free     shared    buffers     cached
Mem:          3.9G       807M       3.1G       1.5M        38M       289M
-/+ buffers/cache:       478M       3.4G
Swap:         8.0G         0B       8.0G

             total       used       free     shared    buffers     cached
Mem:          3.9G       824M       3.1G       1.5M        38M       289M
-/+ buffers/cache:       495M       3.4G
Swap:         8.0G         0B       8.0G

             total       used       free     shared    buffers     cached
Mem:          3.9G       842M       3.0G       1.5M        38M       289M
-/+ buffers/cache:       513M       3.4G
Swap:         8.0G         0B       8.0G

             total       used       free     shared    buffers     cached
Mem:          3.9G       857M       3.0G       1.5M        38M       289M
-/+ buffers/cache:       528M       3.3G
Swap:         8.0G         0B       8.0G

             total       used       free     shared    buffers     cached
Mem:          3.9G       873M       3.0G       1.5M        38M       289M
-/+ buffers/cache:       545M       3.3G
Swap:         8.0G         0B       8.0G

             total       used       free     shared    buffers     cached
Mem:          3.9G       891M       3.0G       1.5M        38M       289M
-/+ buffers/cache:       562M       3.3G
Swap:         8.0G         0B       8.0G

             total       used       free     shared    buffers     cached
Mem:          3.9G       905M       3.0G       1.5M        38M       289M
-/+ buffers/cache:       576M       3.3G
Swap:         8.0G         0B       8.0G

             total       used       free     shared    buffers     cached
Mem:          3.9G       923M       3.0G       1.5M        38M       289M
-/+ buffers/cache:       594M       3.3G
Swap:         8.0G         0B       8.0G

             total       used       free     shared    buffers     cached
Mem:          3.9G       942M       2.9G       1.5M        38M       289M
-/+ buffers/cache:       613M       3.3G
Swap:         8.0G         0B       8.0G

             total       used       free     shared    buffers     cached
Mem:          3.9G       958M       2.9G       1.5M        38M       289M
-/+ buffers/cache:       629M       3.2G
Swap:         8.0G         0B       8.0G

             total       used       free     shared    buffers     cached
Mem:          3.9G       973M       2.9G       1.5M        38M       289M
-/+ buffers/cache:       645M       3.2G
Swap:         8.0G         0B       8.0G

             total       used       free     shared    buffers     cached
Mem:          3.9G       988M       2.9G       1.5M        38M       289M
-/+ buffers/cache:       660M       3.2G
Swap:         8.0G         0B       8.0G

             total       used       free     shared    buffers     cached
Mem:          3.9G       1.0G       2.9G       1.5M        38M       289M
-/+ buffers/cache:       672M       3.2G
Swap:         8.0G         0B       8.0G

             total       used       free     shared    buffers     cached
Mem:          3.9G       1.0G       2.9G       1.5M        38M       289M
-/+ buffers/cache:       686M       3.2G
Swap:         8.0G         0B       8.0G

             total       used       free     shared    buffers     cached
Mem:          3.9G       1.0G       2.9G       1.5M        38M       289M
-/+ buffers/cache:       701M       3.2G
Swap:         8.0G         0B       8.0G

             total       used       free     shared    buffers     cached
Mem:          3.9G       1.0G       2.8G       1.5M        38M       289M
-/+ buffers/cache:       716M       3.2G
Swap:         8.0G         0B       8.0G

             total       used       free     shared    buffers     cached
Mem:          3.9G       1.0G       2.8G       1.5M        38M       289M
-/+ buffers/cache:       735M       3.1G
Swap:         8.0G         0B       8.0G

             total       used       free     shared    buffers     cached
Mem:          3.9G       1.1G       2.8G       1.5M        38M       289M
-/+ buffers/cache:       753M       3.1G
Swap:         8.0G         0B       8.0G

             total       used       free     shared    buffers     cached
Mem:          3.9G       1.1G       2.8G       1.5M        38M       289M
-/+ buffers/cache:       770M       3.1G
Swap:         8.0G         0B       8.0G

             total       used       free     shared    buffers     cached
Mem:          3.9G       1.1G       2.8G       1.5M        38M       289M
-/+ buffers/cache:       787M       3.1G
Swap:         8.0G         0B       8.0G

             total       used       free     shared    buffers     cached
Mem:          3.9G       1.1G       2.8G       1.5M        38M       289M
-/+ buffers/cache:       800M       3.1G
Swap:         8.0G         0B       8.0G

             total       used       free     shared    buffers     cached
Mem:          3.9G       1.1G       2.7G       1.5M        38M       289M
-/+ buffers/cache:       817M       3.1G
Swap:         8.0G         0B       8.0G

             total       used       free     shared    buffers     cached
Mem:          3.9G       1.1G       2.7G       1.5M        38M       289M
-/+ buffers/cache:       836M       3.0G
Swap:         8.0G         0B       8.0G

             total       used       free     shared    buffers     cached
Mem:          3.9G       1.2G       2.7G       1.5M        38M       289M
-/+ buffers/cache:       856M       3.0G
Swap:         8.0G         0B       8.0G

             total       used       free     shared    buffers     cached
Mem:          3.9G       1.2G       2.7G       1.5M        38M       289M
-/+ buffers/cache:       874M       3.0G
Swap:         8.0G         0B       8.0G

             total       used       free     shared    buffers     cached
Mem:          3.9G       1.2G       2.7G       1.5M        38M       289M
-/+ buffers/cache:       893M       3.0G
Swap:         8.0G         0B       8.0G

             total       used       free     shared    buffers     cached
Mem:          3.9G       1.2G       2.6G       1.5M        38M       289M
-/+ buffers/cache:       911M       3.0G
Swap:         8.0G         0B       8.0G

             total       used       free     shared    buffers     cached
Mem:          3.9G       1.2G       2.6G       1.5M        38M       289M
-/+ buffers/cache:       930M       3.0G
Swap:         8.0G         0B       8.0G

             total       used       free     shared    buffers     cached
Mem:          3.9G       1.2G       2.6G       1.5M        38M       290M
-/+ buffers/cache:       948M       2.9G
Swap:         8.0G         0B       8.0G

             total       used       free     shared    buffers     cached
Mem:          3.9G       1.3G       2.6G       1.5M        38M       290M
-/+ buffers/cache:       966M       2.9G
Swap:         8.0G         0B       8.0G

             total       used       free     shared    buffers     cached
Mem:          3.9G       1.3G       2.6G       1.5M        38M       290M
-/+ buffers/cache:       984M       2.9G
Swap:         8.0G         0B       8.0G

             total       used       free     shared    buffers     cached
Mem:          3.9G       1.3G       2.6G       1.5M        38M       290M
-/+ buffers/cache:       1.0G       2.9G
Swap:         8.0G         0B       8.0G

             total       used       free     shared    buffers     cached
Mem:          3.9G       1.3G       2.5G       1.5M        38M       290M
-/+ buffers/cache:       1.0G       2.9G
Swap:         8.0G         0B       8.0G

             total       used       free     shared    buffers     cached
Mem:          3.9G       1.3G       2.5G       1.5M        38M       290M
-/+ buffers/cache:       1.0G       2.9G
Swap:         8.0G         0B       8.0G

             total       used       free     shared    buffers     cached
Mem:          3.9G       1.3G       2.5G       1.5M        38M       290M
-/+ buffers/cache:       1.0G       2.8G
Swap:         8.0G         0B       8.0G

             total       used       free     shared    buffers     cached
Mem:          3.9G       1.4G       2.5G       1.5M        38M       290M
-/+ buffers/cache:       1.0G       2.8G
Swap:         8.0G         0B       8.0G

             total       used       free     shared    buffers     cached
Mem:          3.9G       1.4G       2.5G       1.5M        38M       290M
-/+ buffers/cache:       1.0G       2.8G
Swap:         8.0G         0B       8.0G

             total       used       free     shared    buffers     cached
Mem:          3.9G       1.4G       2.5G       1.5M        38M       290M
-/+ buffers/cache:       1.1G       2.8G
Swap:         8.0G         0B       8.0G

             total       used       free     shared    buffers     cached
Mem:          3.9G       1.4G       2.5G       1.5M        38M       290M
-/+ buffers/cache:       1.1G       2.8G
Swap:         8.0G         0B       8.0G

             total       used       free     shared    buffers     cached
Mem:          3.9G       1.4G       2.4G       1.5M        38M       290M
-/+ buffers/cache:       1.1G       2.8G
Swap:         8.0G         0B       8.0G

             total       used       free     shared    buffers     cached
Mem:          3.9G       1.4G       2.4G       1.5M        38M       290M
-/+ buffers/cache:       1.1G       2.8G
Swap:         8.0G         0B       8.0G

             total       used       free     shared    buffers     cached
Mem:          3.9G       1.4G       2.4G       1.5M        38M       290M
-/+ buffers/cache:       1.1G       2.7G
Swap:         8.0G         0B       8.0G

             total       used       free     shared    buffers     cached
Mem:          3.9G       1.5G       2.4G       1.5M        38M       290M
-/+ buffers/cache:       1.1G       2.7G
Swap:         8.0G         0B       8.0G

             total       used       free     shared    buffers     cached
Mem:          3.9G       1.5G       2.4G       1.5M        38M       290M
-/+ buffers/cache:       1.1G       2.7G
Swap:         8.0G         0B       8.0G

             total       used       free     shared    buffers     cached
Mem:          3.9G       1.5G       2.4G       1.5M        38M       290M
-/+ buffers/cache:       1.2G       2.7G
Swap:         8.0G         0B       8.0G

             total       used       free     shared    buffers     cached
Mem:          3.9G       1.5G       2.4G       1.5M        38M       290M
-/+ buffers/cache:       1.2G       2.7G
Swap:         8.0G         0B       8.0G

             total       used       free     shared    buffers     cached
Mem:          3.9G       1.5G       2.4G       1.5M        38M       290M
-/+ buffers/cache:       1.2G       2.7G
Swap:         8.0G         0B       8.0G

             total       used       free     shared    buffers     cached
Mem:          3.9G       1.5G       2.3G       1.5M        38M       290M
-/+ buffers/cache:       1.2G       2.7G
Swap:         8.0G         0B       8.0G

             total       used       free     shared    buffers     cached
Mem:          3.9G       1.5G       2.3G       1.5M        38M       290M
-/+ buffers/cache:       1.2G       2.6G
Swap:         8.0G         0B       8.0G

             total       used       free     shared    buffers     cached
Mem:          3.9G       1.5G       2.3G       1.5M        38M       290M
-/+ buffers/cache:       1.2G       2.6G
Swap:         8.0G         0B       8.0G

             total       used       free     shared    buffers     cached
Mem:          3.9G       1.6G       2.3G       1.5M        38M       290M
-/+ buffers/cache:       1.2G       2.6G
Swap:         8.0G         0B       8.0G

             total       used       free     shared    buffers     cached
Mem:          3.9G       1.6G       2.3G       1.5M        38M       290M
-/+ buffers/cache:       1.2G       2.6G
Swap:         8.0G         0B       8.0G

             total       used       free     shared    buffers     cached
Mem:          3.9G       1.6G       2.3G       1.5M        38M       290M
-/+ buffers/cache:       1.3G       2.6G
Swap:         8.0G         0B       8.0G

             total       used       free     shared    buffers     cached
Mem:          3.9G       1.6G       2.3G       1.5M        38M       290M
-/+ buffers/cache:       1.3G       2.6G
Swap:         8.0G         0B       8.0G

             total       used       free     shared    buffers     cached
Mem:          3.9G       1.6G       2.2G       1.5M        38M       290M
-/+ buffers/cache:       1.3G       2.6G
Swap:         8.0G         0B       8.0G

             total       used       free     shared    buffers     cached
Mem:          3.9G       1.6G       2.2G       1.5M        38M       290M
-/+ buffers/cache:       1.3G       2.5G
Swap:         8.0G         0B       8.0G

             total       used       free     shared    buffers     cached
Mem:          3.9G       1.6G       2.2G       1.5M        38M       290M
-/+ buffers/cache:       1.3G       2.5G
Swap:         8.0G         0B       8.0G

             total       used       free     shared    buffers     cached
Mem:          3.9G       1.7G       2.2G       1.5M        38M       290M
-/+ buffers/cache:       1.3G       2.5G
Swap:         8.0G         0B       8.0G

             total       used       free     shared    buffers     cached
Mem:          3.9G       1.7G       2.2G       1.5M        38M       290M
-/+ buffers/cache:       1.4G       2.5G
Swap:         8.0G         0B       8.0G

             total       used       free     shared    buffers     cached
Mem:          3.9G       1.7G       2.2G       1.5M        38M       290M
-/+ buffers/cache:       1.4G       2.5G
Swap:         8.0G         0B       8.0G

             total       used       free     shared    buffers     cached
Mem:          3.9G       1.7G       2.1G       1.5M        38M       290M
-/+ buffers/cache:       1.4G       2.5G
Swap:         8.0G         0B       8.0G

             total       used       free     shared    buffers     cached
Mem:          3.9G       1.7G       2.1G       1.5M        38M       290M
-/+ buffers/cache:       1.4G       2.4G
Swap:         8.0G         0B       8.0G

             total       used       free     shared    buffers     cached
Mem:          3.9G       1.8G       2.1G       1.5M        38M       290M
-/+ buffers/cache:       1.4G       2.4G
Swap:         8.0G         0B       8.0G

             total       used       free     shared    buffers     cached
Mem:          3.9G       1.8G       2.1G       1.5M        38M       290M
-/+ buffers/cache:       1.4G       2.4G
Swap:         8.0G         0B       8.0G

             total       used       free     shared    buffers     cached
Mem:          3.9G       1.8G       2.1G       1.5M        38M       290M
-/+ buffers/cache:       1.5G       2.4G
Swap:         8.0G         0B       8.0G

             total       used       free     shared    buffers     cached
Mem:          3.9G       1.8G       2.1G       1.5M        38M       290M
-/+ buffers/cache:       1.5G       2.4G
Swap:         8.0G         0B       8.0G

             total       used       free     shared    buffers     cached
Mem:          3.9G       1.8G       2.1G       1.5M        38M       290M
-/+ buffers/cache:       1.5G       2.4G
Swap:         8.0G         0B       8.0G

             total       used       free     shared    buffers     cached
Mem:          3.9G       1.8G       2.0G       1.5M        38M       290M
-/+ buffers/cache:       1.5G       2.4G
Swap:         8.0G         0B       8.0G

             total       used       free     shared    buffers     cached
Mem:          3.9G       1.8G       2.0G       1.5M        38M       290M
-/+ buffers/cache:       1.5G       2.3G
Swap:         8.0G         0B       8.0G

             total       used       free     shared    buffers     cached
Mem:          3.9G       1.8G       2.0G       1.5M        38M       290M
-/+ buffers/cache:       1.5G       2.3G
Swap:         8.0G         0B       8.0G

             total       used       free     shared    buffers     cached
Mem:          3.9G       1.9G       2.0G       1.5M        38M       290M
-/+ buffers/cache:       1.5G       2.3G
Swap:         8.0G         0B       8.0G

             total       used       free     shared    buffers     cached
Mem:          3.9G       1.9G       2.0G       1.5M        38M       290M
-/+ buffers/cache:       1.6G       2.3G
Swap:         8.0G         0B       8.0G

             total       used       free     shared    buffers     cached
Mem:          3.9G       1.9G       2.0G       1.5M        38M       290M
-/+ buffers/cache:       1.6G       2.3G
Swap:         8.0G         0B       8.0G

             total       used       free     shared    buffers     cached
Mem:          3.9G       1.9G       2.0G       1.5M        38M       290M
-/+ buffers/cache:       1.6G       2.3G
Swap:         8.0G         0B       8.0G

             total       used       free     shared    buffers     cached
Mem:          3.9G       1.9G       1.9G       1.5M        38M       290M
-/+ buffers/cache:       1.6G       2.3G
Swap:         8.0G         0B       8.0G

             total       used       free     shared    buffers     cached
Mem:          3.9G       1.9G       1.9G       1.5M        38M       290M
-/+ buffers/cache:       1.6G       2.3G
Swap:         8.0G         0B       8.0G

             total       used       free     shared    buffers     cached
Mem:          3.9G       1.9G       1.9G       1.5M        38M       290M
-/+ buffers/cache:       1.6G       2.2G
Swap:         8.0G         0B       8.0G

             total       used       free     shared    buffers     cached
Mem:          3.9G       2.0G       1.9G       1.5M        38M       290M
-/+ buffers/cache:       1.6G       2.2G
Swap:         8.0G         0B       8.0G

             total       used       free     shared    buffers     cached
Mem:          3.9G       2.0G       1.9G       1.5M        38M       290M
-/+ buffers/cache:       1.6G       2.2G
Swap:         8.0G         0B       8.0G

             total       used       free     shared    buffers     cached
Mem:          3.9G       2.0G       1.9G       1.5M        38M       290M
-/+ buffers/cache:       1.7G       2.2G
Swap:         8.0G         0B       8.0G

             total       used       free     shared    buffers     cached
Mem:          3.9G       2.0G       1.9G       1.5M        38M       290M
-/+ buffers/cache:       1.7G       2.2G
Swap:         8.0G         0B       8.0G

             total       used       free     shared    buffers     cached
Mem:          3.9G       2.0G       1.8G       1.5M        38M       290M
-/+ buffers/cache:       1.7G       2.2G
Swap:         8.0G         0B       8.0G

             total       used       free     shared    buffers     cached
Mem:          3.9G       2.0G       1.8G       1.5M        38M       290M
-/+ buffers/cache:       1.7G       2.1G
Swap:         8.0G         0B       8.0G

             total       used       free     shared    buffers     cached
Mem:          3.9G       2.1G       1.8G       1.5M        38M       290M
-/+ buffers/cache:       1.7G       2.1G
Swap:         8.0G         0B       8.0G

             total       used       free     shared    buffers     cached
Mem:          3.9G       2.1G       1.8G       1.5M        38M       290M
-/+ buffers/cache:       1.7G       2.1G
Swap:         8.0G         0B       8.0G

             total       used       free     shared    buffers     cached
Mem:          3.9G       2.1G       1.8G       1.5M        38M       290M
-/+ buffers/cache:       1.8G       2.1G
Swap:         8.0G         0B       8.0G

             total       used       free     shared    buffers     cached
Mem:          3.9G       2.1G       1.8G       1.5M        38M       290M
-/+ buffers/cache:       1.8G       2.1G
Swap:         8.0G         0B       8.0G

             total       used       free     shared    buffers     cached
Mem:          3.9G       2.1G       1.7G       1.5M        38M       290M
-/+ buffers/cache:       1.8G       2.1G
Swap:         8.0G         0B       8.0G

             total       used       free     shared    buffers     cached
Mem:          3.9G       2.1G       1.7G       1.5M        38M       290M
-/+ buffers/cache:       1.8G       2.0G
Swap:         8.0G         0B       8.0G

             total       used       free     shared    buffers     cached
Mem:          3.9G       2.2G       1.7G       1.5M        38M       290M
-/+ buffers/cache:       1.8G       2.0G
Swap:         8.0G         0B       8.0G

             total       used       free     shared    buffers     cached
Mem:          3.9G       2.2G       1.7G       1.5M        38M       290M
-/+ buffers/cache:       1.8G       2.0G
Swap:         8.0G         0B       8.0G

             total       used       free     shared    buffers     cached
Mem:          3.9G       2.2G       1.7G       1.5M        38M       290M
-/+ buffers/cache:       1.9G       2.0G
Swap:         8.0G         0B       8.0G

             total       used       free     shared    buffers     cached
Mem:          3.9G       2.2G       1.7G       1.5M        38M       290M
-/+ buffers/cache:       1.9G       2.0G
Swap:         8.0G         0B       8.0G

             total       used       free     shared    buffers     cached
Mem:          3.9G       2.2G       1.6G       1.5M        38M       290M
-/+ buffers/cache:       1.9G       2.0G
Swap:         8.0G         0B       8.0G

             total       used       free     shared    buffers     cached
Mem:          3.9G       2.2G       1.6G       1.5M        38M       290M
-/+ buffers/cache:       1.9G       2.0G
Swap:         8.0G         0B       8.0G

             total       used       free     shared    buffers     cached
Mem:          3.9G       2.2G       1.6G       1.5M        38M       290M
-/+ buffers/cache:       1.9G       1.9G
Swap:         8.0G         0B       8.0G

             total       used       free     shared    buffers     cached
Mem:          3.9G       2.3G       1.6G       1.5M        38M       290M
-/+ buffers/cache:       1.9G       1.9G
Swap:         8.0G         0B       8.0G

             total       used       free     shared    buffers     cached
Mem:          3.9G       2.3G       1.6G       1.5M        38M       290M
-/+ buffers/cache:       2.0G       1.9G
Swap:         8.0G         0B       8.0G

             total       used       free     shared    buffers     cached
Mem:          3.9G       2.3G       1.6G       1.5M        38M       290M
-/+ buffers/cache:       2.0G       1.9G
Swap:         8.0G         0B       8.0G

             total       used       free     shared    buffers     cached
Mem:          3.9G       2.3G       1.6G       1.5M        38M       290M
-/+ buffers/cache:       2.0G       1.9G
Swap:         8.0G         0B       8.0G

             total       used       free     shared    buffers     cached
Mem:          3.9G       2.3G       1.5G       1.5M        38M       290M
-/+ buffers/cache:       2.0G       1.9G
Swap:         8.0G         0B       8.0G

             total       used       free     shared    buffers     cached
Mem:          3.9G       2.3G       1.5G       1.5M        38M       290M
-/+ buffers/cache:       2.0G       1.8G
Swap:         8.0G         0B       8.0G

             total       used       free     shared    buffers     cached
Mem:          3.9G       2.3G       1.5G       1.5M        38M       290M
-/+ buffers/cache:       2.0G       1.8G
Swap:         8.0G         0B       8.0G

             total       used       free     shared    buffers     cached
Mem:          3.9G       2.4G       1.5G       1.5M        38M       290M
-/+ buffers/cache:       2.0G       1.8G
Swap:         8.0G         0B       8.0G

             total       used       free     shared    buffers     cached
Mem:          3.9G       2.4G       1.5G       1.5M        38M       290M
-/+ buffers/cache:       2.1G       1.8G
Swap:         8.0G         0B       8.0G

             total       used       free     shared    buffers     cached
Mem:          3.9G       2.4G       1.5G       1.5M        38M       290M
-/+ buffers/cache:       2.1G       1.8G
Swap:         8.0G         0B       8.0G

             total       used       free     shared    buffers     cached
Mem:          3.9G       2.4G       1.5G       1.5M        38M       290M
-/+ buffers/cache:       2.1G       1.8G
Swap:         8.0G         0B       8.0G

             total       used       free     shared    buffers     cached
Mem:          3.9G       2.4G       1.4G       1.5M        38M       290M
-/+ buffers/cache:       2.1G       1.8G
Swap:         8.0G         0B       8.0G

             total       used       free     shared    buffers     cached
Mem:          3.9G       2.4G       1.4G       1.5M        38M       290M
-/+ buffers/cache:       2.1G       1.8G
Swap:         8.0G         0B       8.0G

             total       used       free     shared    buffers     cached
Mem:          3.9G       2.4G       1.4G       1.5M        38M       290M
-/+ buffers/cache:       2.1G       1.7G
Swap:         8.0G         0B       8.0G

             total       used       free     shared    buffers     cached
Mem:          3.9G       2.4G       1.4G       1.5M        38M       290M
-/+ buffers/cache:       2.1G       1.7G
Swap:         8.0G         0B       8.0G

             total       used       free     shared    buffers     cached
Mem:          3.9G       2.5G       1.4G       1.5M        38M       290M
-/+ buffers/cache:       2.1G       1.7G
Swap:         8.0G         0B       8.0G

             total       used       free     shared    buffers     cached
Mem:          3.9G       2.5G       1.4G       1.5M        38M       290M
-/+ buffers/cache:       2.2G       1.7G
Swap:         8.0G         0B       8.0G

             total       used       free     shared    buffers     cached
Mem:          3.9G       2.5G       1.4G       1.5M        38M       290M
-/+ buffers/cache:       2.2G       1.7G
Swap:         8.0G         0B       8.0G

             total       used       free     shared    buffers     cached
Mem:          3.9G       2.5G       1.4G       1.5M        38M       290M
-/+ buffers/cache:       2.2G       1.7G
Swap:         8.0G         0B       8.0G

             total       used       free     shared    buffers     cached
Mem:          3.9G       2.5G       1.3G       1.5M        38M       290M
-/+ buffers/cache:       2.2G       1.7G
Swap:         8.0G         0B       8.0G

             total       used       free     shared    buffers     cached
Mem:          3.9G       2.5G       1.3G       1.5M        38M       290M
-/+ buffers/cache:       2.2G       1.6G
Swap:         8.0G         0B       8.0G

             total       used       free     shared    buffers     cached
Mem:          3.9G       2.5G       1.3G       1.5M        38M       290M
-/+ buffers/cache:       2.2G       1.6G
Swap:         8.0G         0B       8.0G

             total       used       free     shared    buffers     cached
Mem:          3.9G       2.6G       1.3G       1.5M        38M       290M
-/+ buffers/cache:       2.2G       1.6G
Swap:         8.0G         0B       8.0G

             total       used       free     shared    buffers     cached
Mem:          3.9G       2.6G       1.3G       1.5M        38M       290M
-/+ buffers/cache:       2.3G       1.6G
Swap:         8.0G         0B       8.0G

             total       used       free     shared    buffers     cached
Mem:          3.9G       2.6G       1.3G       1.5M        38M       290M
-/+ buffers/cache:       2.3G       1.6G
Swap:         8.0G         0B       8.0G

             total       used       free     shared    buffers     cached
Mem:          3.9G       2.6G       1.3G       1.5M        38M       290M
-/+ buffers/cache:       2.3G       1.6G
Swap:         8.0G         0B       8.0G

             total       used       free     shared    buffers     cached
Mem:          3.9G       2.6G       1.2G       1.5M        38M       290M
-/+ buffers/cache:       2.3G       1.6G
Swap:         8.0G         0B       8.0G

             total       used       free     shared    buffers     cached
Mem:          3.9G       2.6G       1.2G       1.5M        38M       290M
-/+ buffers/cache:       2.3G       1.6G
Swap:         8.0G         0B       8.0G

             total       used       free     shared    buffers     cached
Mem:          3.9G       2.6G       1.2G       1.5M        38M       290M
-/+ buffers/cache:       2.3G       1.5G
Swap:         8.0G         0B       8.0G

             total       used       free     shared    buffers     cached
Mem:          3.9G       2.7G       1.2G       1.5M        38M       290M
-/+ buffers/cache:       2.3G       1.5G
Swap:         8.0G         0B       8.0G

             total       used       free     shared    buffers     cached
Mem:          3.9G       2.7G       1.2G       1.5M        38M       290M
-/+ buffers/cache:       2.4G       1.5G
Swap:         8.0G         0B       8.0G

             total       used       free     shared    buffers     cached
Mem:          3.9G       2.7G       1.2G       1.5M        38M       290M
-/+ buffers/cache:       2.4G       1.5G
Swap:         8.0G         0B       8.0G

             total       used       free     shared    buffers     cached
Mem:          3.9G       2.7G       1.2G       1.5M        38M       290M
-/+ buffers/cache:       2.4G       1.5G
Swap:         8.0G         0B       8.0G

             total       used       free     shared    buffers     cached
Mem:          3.9G       2.7G       1.1G       1.5M        38M       290M
-/+ buffers/cache:       2.4G       1.5G
Swap:         8.0G         0B       8.0G

             total       used       free     shared    buffers     cached
Mem:          3.9G       2.7G       1.1G       1.5M        38M       290M
-/+ buffers/cache:       2.4G       1.4G
Swap:         8.0G         0B       8.0G

             total       used       free     shared    buffers     cached
Mem:          3.9G       2.8G       1.1G       1.5M        38M       290M
-/+ buffers/cache:       2.4G       1.4G
Swap:         8.0G         0B       8.0G

             total       used       free     shared    buffers     cached
Mem:          3.9G       2.8G       1.1G       1.5M        38M       290M
-/+ buffers/cache:       2.5G       1.4G
Swap:         8.0G         0B       8.0G

             total       used       free     shared    buffers     cached
Mem:          3.9G       2.8G       1.1G       1.5M        38M       290M
-/+ buffers/cache:       2.5G       1.4G
Swap:         8.0G         0B       8.0G

             total       used       free     shared    buffers     cached
Mem:          3.9G       2.8G       1.1G       1.5M        38M       290M
-/+ buffers/cache:       2.5G       1.4G
Swap:         8.0G         0B       8.0G

             total       used       free     shared    buffers     cached
Mem:          3.9G       2.8G       1.0G       1.5M        38M       290M
-/+ buffers/cache:       2.5G       1.4G
Swap:         8.0G         0B       8.0G

             total       used       free     shared    buffers     cached
Mem:          3.9G       2.8G       1.0G       1.5M        38M       290M
-/+ buffers/cache:       2.5G       1.3G
Swap:         8.0G         0B       8.0G

             total       used       free     shared    buffers     cached
Mem:          3.9G       2.8G       1.0G       1.5M        38M       290M
-/+ buffers/cache:       2.5G       1.3G
Swap:         8.0G         0B       8.0G

             total       used       free     shared    buffers     cached
Mem:          3.9G       2.9G       1.0G       1.5M        38M       290M
-/+ buffers/cache:       2.5G       1.3G
Swap:         8.0G         0B       8.0G

             total       used       free     shared    buffers     cached
Mem:          3.9G       2.9G       1.0G       1.5M        38M       290M
-/+ buffers/cache:       2.5G       1.3G
Swap:         8.0G         0B       8.0G

             total       used       free     shared    buffers     cached
Mem:          3.9G       2.9G       1.0G       1.5M        38M       290M
-/+ buffers/cache:       2.5G       1.3G
Swap:         8.0G         0B       8.0G

             total       used       free     shared    buffers     cached
Mem:          3.9G       2.9G       999M       1.5M        38M       290M
-/+ buffers/cache:       2.6G       1.3G
Swap:         8.0G         0B       8.0G

             total       used       free     shared    buffers     cached
Mem:          3.9G       2.9G       988M       1.5M        38M       290M
-/+ buffers/cache:       2.6G       1.3G
Swap:         8.0G         0B       8.0G

             total       used       free     shared    buffers     cached
Mem:          3.9G       2.9G       978M       1.5M        38M       290M
-/+ buffers/cache:       2.6G       1.3G
Swap:         8.0G         0B       8.0G

             total       used       free     shared    buffers     cached
Mem:          3.9G       2.9G       967M       1.5M        38M       290M
-/+ buffers/cache:       2.6G       1.3G
Swap:         8.0G         0B       8.0G

             total       used       free     shared    buffers     cached
Mem:          3.9G       2.9G       957M       1.5M        38M       290M
-/+ buffers/cache:       2.6G       1.3G
Swap:         8.0G         0B       8.0G

             total       used       free     shared    buffers     cached
Mem:          3.9G       2.9G       944M       1.5M        38M       290M
-/+ buffers/cache:       2.6G       1.2G
Swap:         8.0G         0B       8.0G

             total       used       free     shared    buffers     cached
Mem:          3.9G       2.9G       934M       1.5M        38M       290M
-/+ buffers/cache:       2.6G       1.2G
Swap:         8.0G         0B       8.0G

             total       used       free     shared    buffers     cached
Mem:          3.9G       3.0G       924M       1.5M        38M       290M
-/+ buffers/cache:       2.6G       1.2G
Swap:         8.0G         0B       8.0G

             total       used       free     shared    buffers     cached
Mem:          3.9G       3.0G       914M       1.5M        38M       290M
-/+ buffers/cache:       2.6G       1.2G
Swap:         8.0G         0B       8.0G

             total       used       free     shared    buffers     cached
Mem:          3.9G       3.0G       905M       1.5M        38M       290M
-/+ buffers/cache:       2.7G       1.2G
Swap:         8.0G         0B       8.0G

             total       used       free     shared    buffers     cached
Mem:          3.9G       3.0G       895M       1.5M        38M       290M
-/+ buffers/cache:       2.7G       1.2G
Swap:         8.0G         0B       8.0G

             total       used       free     shared    buffers     cached
Mem:          3.9G       3.0G       885M       1.5M        38M       290M
-/+ buffers/cache:       2.7G       1.2G
Swap:         8.0G         0B       8.0G

             total       used       free     shared    buffers     cached
Mem:          3.9G       3.0G       875M       1.5M        38M       290M
-/+ buffers/cache:       2.7G       1.2G
Swap:         8.0G         0B       8.0G

             total       used       free     shared    buffers     cached
Mem:          3.9G       3.0G       864M       1.5M        38M       290M
-/+ buffers/cache:       2.7G       1.2G
Swap:         8.0G         0B       8.0G

             total       used       free     shared    buffers     cached
Mem:          3.9G       3.0G       853M       1.5M        38M       290M
-/+ buffers/cache:       2.7G       1.2G
Swap:         8.0G         0B       8.0G

             total       used       free     shared    buffers     cached
Mem:          3.9G       3.0G       842M       1.5M        38M       290M
-/+ buffers/cache:       2.7G       1.1G
Swap:         8.0G         0B       8.0G

             total       used       free     shared    buffers     cached
Mem:          3.9G       3.0G       829M       1.5M        38M       290M
-/+ buffers/cache:       2.7G       1.1G
Swap:         8.0G         0B       8.0G

             total       used       free     shared    buffers     cached
Mem:          3.9G       3.1G       816M       1.5M        38M       290M
-/+ buffers/cache:       2.7G       1.1G
Swap:         8.0G         0B       8.0G

             total       used       free     shared    buffers     cached
Mem:          3.9G       3.1G       804M       1.5M        38M       290M
-/+ buffers/cache:       2.8G       1.1G
Swap:         8.0G         0B       8.0G

             total       used       free     shared    buffers     cached
Mem:          3.9G       3.1G       793M       1.5M        38M       290M
-/+ buffers/cache:       2.8G       1.1G
Swap:         8.0G         0B       8.0G

             total       used       free     shared    buffers     cached
Mem:          3.9G       3.1G       781M       1.5M        38M       290M
-/+ buffers/cache:       2.8G       1.1G
Swap:         8.0G         0B       8.0G

             total       used       free     shared    buffers     cached
Mem:          3.9G       3.1G       770M       1.5M        38M       290M
-/+ buffers/cache:       2.8G       1.1G
Swap:         8.0G         0B       8.0G

             total       used       free     shared    buffers     cached
Mem:          3.9G       3.1G       758M       1.5M        38M       290M
-/+ buffers/cache:       2.8G       1.1G
Swap:         8.0G         0B       8.0G

             total       used       free     shared    buffers     cached
Mem:          3.9G       3.1G       748M       1.5M        38M       290M
-/+ buffers/cache:       2.8G       1.1G
Swap:         8.0G         0B       8.0G

             total       used       free     shared    buffers     cached
Mem:          3.9G       3.1G       738M       1.5M        38M       290M
-/+ buffers/cache:       2.8G       1.0G
Swap:         8.0G         0B       8.0G

             total       used       free     shared    buffers     cached
Mem:          3.9G       3.1G       726M       1.5M        38M       290M
-/+ buffers/cache:       2.8G       1.0G
Swap:         8.0G         0B       8.0G

             total       used       free     shared    buffers     cached
Mem:          3.9G       3.2G       712M       1.5M        38M       290M
-/+ buffers/cache:       2.8G       1.0G
Swap:         8.0G         0B       8.0G

             total       used       free     shared    buffers     cached
Mem:          3.9G       3.2G       697M       1.5M        38M       290M
-/+ buffers/cache:       2.9G       1.0G
Swap:         8.0G         0B       8.0G

             total       used       free     shared    buffers     cached
Mem:          3.9G       3.2G       683M       1.5M        38M       290M
-/+ buffers/cache:       2.9G       1.0G
Swap:         8.0G         0B       8.0G

             total       used       free     shared    buffers     cached
Mem:          3.9G       3.2G       667M       1.5M        38M       290M
-/+ buffers/cache:       2.9G       996M
Swap:         8.0G         0B       8.0G

             total       used       free     shared    buffers     cached
Mem:          3.9G       3.2G       653M       1.5M        38M       290M
-/+ buffers/cache:       2.9G       982M
Swap:         8.0G         0B       8.0G

             total       used       free     shared    buffers     cached
Mem:          3.9G       3.2G       639M       1.5M        38M       290M
-/+ buffers/cache:       2.9G       968M
Swap:         8.0G         0B       8.0G

             total       used       free     shared    buffers     cached
Mem:          3.9G       3.2G       625M       1.5M        38M       290M
-/+ buffers/cache:       2.9G       954M
Swap:         8.0G         0B       8.0G

             total       used       free     shared    buffers     cached
Mem:          3.9G       3.3G       613M       1.5M        38M       290M
-/+ buffers/cache:       2.9G       942M
Swap:         8.0G         0B       8.0G

             total       used       free     shared    buffers     cached
Mem:          3.9G       3.3G       601M       1.5M        38M       290M
-/+ buffers/cache:       3.0G       930M
Swap:         8.0G         0B       8.0G

             total       used       free     shared    buffers     cached
Mem:          3.9G       3.3G       590M       1.5M        38M       290M
-/+ buffers/cache:       3.0G       919M
Swap:         8.0G         0B       8.0G

             total       used       free     shared    buffers     cached
Mem:          3.9G       3.3G       578M       1.5M        38M       290M
-/+ buffers/cache:       3.0G       907M
Swap:         8.0G         0B       8.0G

             total       used       free     shared    buffers     cached
Mem:          3.9G       3.3G       565M       1.5M        38M       290M
-/+ buffers/cache:       3.0G       894M
Swap:         8.0G         0B       8.0G

             total       used       free     shared    buffers     cached
Mem:          3.9G       3.3G       549M       1.5M        38M       290M
-/+ buffers/cache:       3.0G       878M
Swap:         8.0G         0B       8.0G

             total       used       free     shared    buffers     cached
Mem:          3.9G       3.3G       536M       1.5M        38M       290M
-/+ buffers/cache:       3.0G       865M
Swap:         8.0G         0B       8.0G

             total       used       free     shared    buffers     cached
Mem:          3.9G       3.4G       521M       1.5M        38M       290M
-/+ buffers/cache:       3.0G       850M
Swap:         8.0G         0B       8.0G

             total       used       free     shared    buffers     cached
Mem:          3.9G       3.4G       507M       1.5M        38M       290M
-/+ buffers/cache:       3.0G       836M
Swap:         8.0G         0B       8.0G

             total       used       free     shared    buffers     cached
Mem:          3.9G       3.4G       491M       1.5M        38M       290M
-/+ buffers/cache:       3.1G       820M
Swap:         8.0G         0B       8.0G

             total       used       free     shared    buffers     cached
Mem:          3.9G       3.4G       476M       1.5M        38M       290M
-/+ buffers/cache:       3.1G       805M
Swap:         8.0G         0B       8.0G

             total       used       free     shared    buffers     cached
Mem:          3.9G       3.4G       461M       1.5M        38M       290M
-/+ buffers/cache:       3.1G       790M
Swap:         8.0G         0B       8.0G

             total       used       free     shared    buffers     cached
Mem:          3.9G       3.4G       447M       1.5M        38M       290M
-/+ buffers/cache:       3.1G       776M
Swap:         8.0G         0B       8.0G

             total       used       free     shared    buffers     cached
Mem:          3.9G       3.4G       434M       1.5M        38M       290M
-/+ buffers/cache:       3.1G       764M
Swap:         8.0G         0B       8.0G

             total       used       free     shared    buffers     cached
Mem:          3.9G       3.4G       419M       1.5M        38M       290M
-/+ buffers/cache:       3.1G       748M
Swap:         8.0G         0B       8.0G

             total       used       free     shared    buffers     cached
Mem:          3.9G       3.5G       405M       1.5M        38M       290M
-/+ buffers/cache:       3.1G       734M
Swap:         8.0G         0B       8.0G

             total       used       free     shared    buffers     cached
Mem:          3.9G       3.5G       392M       1.5M        38M       290M
-/+ buffers/cache:       3.2G       722M
Swap:         8.0G         0B       8.0G

             total       used       free     shared    buffers     cached
Mem:          3.9G       3.5G       377M       1.5M        38M       290M
-/+ buffers/cache:       3.2G       706M
Swap:         8.0G         0B       8.0G

             total       used       free     shared    buffers     cached
Mem:          3.9G       3.5G       364M       1.5M        38M       290M
-/+ buffers/cache:       3.2G       693M
Swap:         8.0G         0B       8.0G

             total       used       free     shared    buffers     cached
Mem:          3.9G       3.5G       349M       1.5M        38M       290M
-/+ buffers/cache:       3.2G       678M
Swap:         8.0G         0B       8.0G

             total       used       free     shared    buffers     cached
Mem:          3.9G       3.5G       336M       1.5M        38M       290M
-/+ buffers/cache:       3.2G       665M
Swap:         8.0G         0B       8.0G

             total       used       free     shared    buffers     cached
Mem:          3.9G       3.5G       324M       1.5M        38M       290M
-/+ buffers/cache:       3.2G       653M
Swap:         8.0G         0B       8.0G

             total       used       free     shared    buffers     cached
Mem:          3.9G       3.6G       310M       1.5M        38M       290M
-/+ buffers/cache:       3.2G       640M
Swap:         8.0G         0B       8.0G

             total       used       free     shared    buffers     cached
Mem:          3.9G       3.6G       294M       1.5M        39M       290M
-/+ buffers/cache:       3.2G       624M
Swap:         8.0G         0B       8.0G

             total       used       free     shared    buffers     cached
Mem:          3.9G       3.6G       279M       1.5M        39M       290M
-/+ buffers/cache:       3.3G       608M
Swap:         8.0G         0B       8.0G

             total       used       free     shared    buffers     cached
Mem:          3.9G       3.6G       263M       1.5M        39M       290M
-/+ buffers/cache:       3.3G       592M
Swap:         8.0G         0B       8.0G

             total       used       free     shared    buffers     cached
Mem:          3.9G       3.6G       248M       1.5M        39M       290M
-/+ buffers/cache:       3.3G       577M
Swap:         8.0G         0B       8.0G

             total       used       free     shared    buffers     cached
Mem:          3.9G       3.6G       232M       1.5M        39M       290M
-/+ buffers/cache:       3.3G       561M
Swap:         8.0G         0B       8.0G

             total       used       free     shared    buffers     cached
Mem:          3.9G       3.6G       214M       1.5M        39M       290M
-/+ buffers/cache:       3.3G       543M
Swap:         8.0G         0B       8.0G

             total       used       free     shared    buffers     cached
Mem:          3.9G       3.7G       197M       1.5M        39M       290M
-/+ buffers/cache:       3.3G       526M
Swap:         8.0G         0B       8.0G

             total       used       free     shared    buffers     cached
Mem:          3.9G       3.7G       181M       1.5M        39M       290M
-/+ buffers/cache:       3.4G       510M
Swap:         8.0G         0B       8.0G

             total       used       free     shared    buffers     cached
Mem:          3.9G       3.7G       168M       1.5M        39M       290M
-/+ buffers/cache:       3.4G       497M
Swap:         8.0G         0B       8.0G

             total       used       free     shared    buffers     cached
Mem:          3.9G       3.7G       156M       1.5M        39M       290M
-/+ buffers/cache:       3.4G       485M
Swap:         8.0G         0B       8.0G

             total       used       free     shared    buffers     cached
Mem:          3.9G       3.7G       143M       1.5M        39M       290M
-/+ buffers/cache:       3.4G       472M
Swap:         8.0G         0B       8.0G

             total       used       free     shared    buffers     cached
Mem:          3.9G       3.7G       129M       1.5M        39M       290M
-/+ buffers/cache:       3.4G       458M
Swap:         8.0G         0B       8.0G

             total       used       free     shared    buffers     cached
Mem:          3.9G       3.7G       116M       1.5M        39M       290M
-/+ buffers/cache:       3.4G       445M
Swap:         8.0G         0B       8.0G

             total       used       free     shared    buffers     cached
Mem:          3.9G       3.8G       104M       1.5M        39M       290M
-/+ buffers/cache:       3.4G       433M
Swap:         8.0G         0B       8.0G

             total       used       free     shared    buffers     cached
Mem:          3.9G       3.7G       116M       1.5M        17M       288M
-/+ buffers/cache:       3.4G       422M
Swap:         8.0G         0B       8.0G

             total       used       free     shared    buffers     cached
Mem:          3.9G       3.8G       104M       1.5M        17M       288M
-/+ buffers/cache:       3.5G       411M
Swap:         8.0G         0B       8.0G

             total       used       free     shared    buffers     cached
Mem:          3.9G       3.7G       115M       1.5M        10M       275M
-/+ buffers/cache:       3.5G       402M
Swap:         8.0G         0B       8.0G

             total       used       free     shared    buffers     cached
Mem:          3.9G       3.8G       103M       1.5M        10M       275M
-/+ buffers/cache:       3.5G       390M
Swap:         8.0G         0B       8.0G

             total       used       free     shared    buffers     cached
Mem:          3.9G       3.7G       142M       1.1M         9M       227M
-/+ buffers/cache:       3.5G       380M
Swap:         8.0G       6.5M       8.0G

             total       used       free     shared    buffers     cached
Mem:          3.9G       3.7G       132M       1.1M         9M       227M
-/+ buffers/cache:       3.5G       370M
Swap:         8.0G       6.5M       8.0G

             total       used       free     shared    buffers     cached
Mem:          3.9G       3.7G       122M       1.1M         9M       227M
-/+ buffers/cache:       3.5G       360M
Swap:         8.0G       6.5M       8.0G

             total       used       free     shared    buffers     cached
Mem:          3.9G       3.8G       111M       1.1M         9M       227M
-/+ buffers/cache:       3.5G       349M
Swap:         8.0G       6.5M       8.0G

             total       used       free     shared    buffers     cached
Mem:          3.9G       3.7G       138M       1.1M       3.2M       200M
-/+ buffers/cache:       3.5G       342M
Swap:         8.0G        10M       8.0G

             total       used       free     shared    buffers     cached
Mem:          3.9G       3.8G       106M       4.7M       3.6M       206M
-/+ buffers/cache:       3.5G       316M
Swap:         8.0G        10M       8.0G

             total       used       free     shared    buffers     cached
Mem:          3.9G       3.7G       114M       1.1M       1.6M       184M
-/+ buffers/cache:       3.6G       300M
Swap:         8.0G        10M       8.0G

             total       used       free     shared    buffers     cached
Mem:          3.9G       3.7G       131M       1.1M       1.3M       153M
-/+ buffers/cache:       3.6G       286M
Swap:         8.0G        11M       8.0G

             total       used       free     shared    buffers     cached
Mem:          3.9G       3.7G       120M       1.1M       1.3M       153M
-/+ buffers/cache:       3.6G       274M
Swap:         8.0G        11M       8.0G

             total       used       free     shared    buffers     cached
Mem:          3.9G       3.8G       106M       1.1M       1.3M       153M
-/+ buffers/cache:       3.6G       260M
Swap:         8.0G        11M       8.0G

             total       used       free     shared    buffers     cached
Mem:          3.9G       3.7G       124M       1.1M       800K       121M
-/+ buffers/cache:       3.6G       247M
Swap:         8.0G        11M       8.0G

             total       used       free     shared    buffers     cached
Mem:          3.9G       3.8G       109M       1.1M       800K       121M
-/+ buffers/cache:       3.6G       232M
Swap:         8.0G        11M       8.0G

             total       used       free     shared    buffers     cached
Mem:          3.9G       3.7G       123M       1.1M       800K        98M
-/+ buffers/cache:       3.6G       222M
Swap:         8.0G        13M       8.0G

             total       used       free     shared    buffers     cached
Mem:          3.9G       3.8G       108M       1.1M       960K        98M
-/+ buffers/cache:       3.7G       208M
Swap:         8.0G        13M       8.0G

             total       used       free     shared    buffers     cached
Mem:          3.9G       3.7G       119M       1.1M       968K        76M
-/+ buffers/cache:       3.7G       196M
Swap:         8.0G        15M       8.0G

             total       used       free     shared    buffers     cached
Mem:          3.9G       3.7G       138M       1.1M       968K        45M
-/+ buffers/cache:       3.7G       184M
Swap:         8.0G        20M       8.0G

             total       used       free     shared    buffers     cached
Mem:          3.9G       3.7G       124M       1.1M       1.4M        45M
-/+ buffers/cache:       3.7G       171M
Swap:         8.0G        20M       8.0G

             total       used       free     shared    buffers     cached
Mem:          3.9G       3.8G       108M       1.1M       1.4M        45M
-/+ buffers/cache:       3.7G       155M
Swap:         8.0G        20M       8.0G

             total       used       free     shared    buffers     cached
Mem:          3.9G       3.7G       121M       1.1M       928K        20M
-/+ buffers/cache:       3.7G       143M
Swap:         8.0G        20M       8.0G

             total       used       free     shared    buffers     cached
Mem:          3.9G       3.8G       107M       1.1M       936K        20M
-/+ buffers/cache:       3.7G       128M
Swap:         8.0G        20M       8.0G

             total       used       free     shared    buffers     cached
Mem:          3.9G       3.7G       112M       812K       240K        11M
-/+ buffers/cache:       3.7G       124M
Swap:         8.0G        39M       8.0G

             total       used       free     shared    buffers     cached
Mem:          3.9G       3.7G       122M       796K       240K        12M
-/+ buffers/cache:       3.7G       135M
Swap:         8.0G        57M       7.9G

             total       used       free     shared    buffers     cached
Mem:          3.9G       3.8G       106M       788K       484K        13M
-/+ buffers/cache:       3.7G       119M
Swap:         8.0G        57M       7.9G

             total       used       free     shared    buffers     cached
Mem:          3.9G       3.7G       118M       752K       336K        10M
-/+ buffers/cache:       3.7G       129M
Swap:         8.0G       101M       7.9G

             total       used       free     shared    buffers     cached
Mem:          3.9G       3.8G       103M       744K       344K        10M
-/+ buffers/cache:       3.7G       114M
Swap:         8.0G       101M       7.9G

             total       used       free     shared    buffers     cached
Mem:          3.9G       3.7G       111M       744K       344K        10M
-/+ buffers/cache:       3.7G       122M
Swap:         8.0G       103M       7.9G

             total       used       free     shared    buffers     cached
Mem:          3.9G       3.8G       109M       744K       344K        10M
-/+ buffers/cache:       3.7G       119M
Swap:         8.0G       103M       7.9G

             total       used       free     shared    buffers     cached
Mem:          3.9G       3.8G       106M       744K       344K        10M
-/+ buffers/cache:       3.7G       116M
Swap:         8.0G       103M       7.9G

             total       used       free     shared    buffers     cached
Mem:          3.9G       3.7G       135M       744K       104K       7.6M
-/+ buffers/cache:       3.7G       143M
Swap:         8.0G       157M       7.8G

             total       used       free     shared    buffers     cached
Mem:          3.9G       3.7G       132M       676K       104K       7.6M
-/+ buffers/cache:       3.7G       139M
Swap:         8.0G       157M       7.8G

             total       used       free     shared    buffers     cached
Mem:          3.9G       3.7G       128M       676K       112K       7.6M
-/+ buffers/cache:       3.7G       135M
Swap:         8.0G       157M       7.8G

             total       used       free     shared    buffers     cached
Mem:          3.9G       3.7G       123M       676K       112K       7.6M
-/+ buffers/cache:       3.7G       130M
Swap:         8.0G       157M       7.8G

             total       used       free     shared    buffers     cached
Mem:          3.9G       3.7G       117M       676K       112K       7.6M
-/+ buffers/cache:       3.7G       125M
Swap:         8.0G       157M       7.8G

             total       used       free     shared    buffers     cached
Mem:          3.9G       3.7G       124M       676K       112K       7.6M
-/+ buffers/cache:       3.7G       132M
Swap:         8.0G       157M       7.8G

             total       used       free     shared    buffers     cached
Mem:          3.9G       3.8G       106M       676K       112K       7.6M
-/+ buffers/cache:       3.7G       114M
Swap:         8.0G       157M       7.8G

             total       used       free     shared    buffers     cached
Mem:          3.9G       3.7G       112M       676K        88K       7.3M
-/+ buffers/cache:       3.7G       119M
Swap:         8.0G       157M       7.8G

             total       used       free     shared    buffers     cached
Mem:          3.9G       3.7G       132M       676K        84K       6.9M
-/+ buffers/cache:       3.7G       139M
Swap:         8.0G       207M       7.8G

             total       used       free     shared    buffers     cached
Mem:          3.9G       3.7G       117M       648K        84K       6.9M
-/+ buffers/cache:       3.7G       124M
Swap:         8.0G       207M       7.8G

             total       used       free     shared    buffers     cached
Mem:          3.9G       3.7G       120M       648K        84K       6.3M
-/+ buffers/cache:       3.7G       126M
Swap:         8.0G       229M       7.8G

             total       used       free     shared    buffers     cached
Mem:          3.9G       3.8G       107M       648K        84K       6.3M
-/+ buffers/cache:       3.7G       114M
Swap:         8.0G       229M       7.8G

             total       used       free     shared    buffers     cached
Mem:          3.9G       3.7G       145M       648K        84K       6.1M
-/+ buffers/cache:       3.7G       151M
Swap:         8.0G       326M       7.7G

             total       used       free     shared    buffers     cached
Mem:          3.9G       3.7G       145M       648K        92K       6.3M
-/+ buffers/cache:       3.7G       151M
Swap:         8.0G       325M       7.7G

             total       used       free     shared    buffers     cached
Mem:          3.9G       3.7G       117M       648K       252K        24M
-/+ buffers/cache:       3.7G       142M
Swap:         8.0G       324M       7.7G

             total       used       free     shared    buffers     cached
Mem:          3.9G       3.8G       109M       648K       252K        24M
-/+ buffers/cache:       3.7G       134M
Swap:         8.0G       324M       7.7G

             total       used       free     shared    buffers     cached
Mem:          3.9G       3.7G       171M       648K        84K        17M
-/+ buffers/cache:       3.7G       189M
Swap:         8.0G       402M       7.6G

             total       used       free     shared    buffers     cached
Mem:          3.9G       3.7G       173M       648K       228K        17M
-/+ buffers/cache:       3.7G       191M
Swap:         8.0G       402M       7.6G

             total       used       free     shared    buffers     cached
Mem:          3.9G       3.7G       136M       648K       5.6M        39M
-/+ buffers/cache:       3.7G       181M
Swap:         8.0G       398M       7.6G

             total       used       free     shared    buffers     cached
Mem:          3.9G       3.7G       133M       692K       6.0M        42M
-/+ buffers/cache:       3.7G       181M
Swap:         8.0G       397M       7.6G
