             total       used       free     shared    buffers     cached
Mem:          992M       681M       310M       1.4M        38M       287M
-/+ buffers/cache:       355M       636M
Swap:         8.0G         0B       8.0G

             total       used       free     shared    buffers     cached
Mem:          992M       665M       326M       1.4M        38M       288M
-/+ buffers/cache:       337M       654M
Swap:         8.0G         0B       8.0G

             total       used       free     shared    buffers     cached
Mem:          992M       665M       327M       1.4M        38M       288M
-/+ buffers/cache:       337M       654M
Swap:         8.0G         0B       8.0G

             total       used       free     shared    buffers     cached
Mem:          992M       665M       326M       1.4M        38M       289M
-/+ buffers/cache:       337M       654M
Swap:         8.0G         0B       8.0G

             total       used       free     shared    buffers     cached
Mem:          992M       665M       326M       1.4M        38M       289M
-/+ buffers/cache:       337M       654M
Swap:         8.0G         0B       8.0G

             total       used       free     shared    buffers     cached
Mem:          992M       665M       326M       1.4M        38M       289M
-/+ buffers/cache:       337M       654M
Swap:         8.0G         0B       8.0G

             total       used       free     shared    buffers     cached
Mem:          992M       665M       326M       1.4M        38M       289M
-/+ buffers/cache:       337M       654M
Swap:         8.0G         0B       8.0G

             total       used       free     shared    buffers     cached
Mem:          992M       665M       326M       1.4M        38M       289M
-/+ buffers/cache:       337M       654M
Swap:         8.0G         0B       8.0G

             total       used       free     shared    buffers     cached
Mem:          992M       665M       326M       1.4M        38M       289M
-/+ buffers/cache:       337M       654M
Swap:         8.0G         0B       8.0G

             total       used       free     shared    buffers     cached
Mem:          992M       665M       326M       1.4M        38M       289M
-/+ buffers/cache:       337M       654M
Swap:         8.0G         0B       8.0G

             total       used       free     shared    buffers     cached
Mem:          992M       665M       326M       1.4M        38M       289M
-/+ buffers/cache:       337M       654M
Swap:         8.0G         0B       8.0G

             total       used       free     shared    buffers     cached
Mem:          992M       667M       324M       1.4M        38M       289M
-/+ buffers/cache:       339M       652M
Swap:         8.0G         0B       8.0G

             total       used       free     shared    buffers     cached
Mem:          992M       667M       324M       1.5M        38M       289M
-/+ buffers/cache:       339M       652M
Swap:         8.0G         0B       8.0G

             total       used       free     shared    buffers     cached
Mem:          992M       667M       324M       1.5M        38M       289M
-/+ buffers/cache:       339M       652M
Swap:         8.0G         0B       8.0G

             total       used       free     shared    buffers     cached
Mem:          992M       667M       324M       1.5M        38M       289M
-/+ buffers/cache:       339M       652M
Swap:         8.0G         0B       8.0G

             total       used       free     shared    buffers     cached
Mem:          992M       667M       324M       1.5M        38M       289M
-/+ buffers/cache:       339M       652M
Swap:         8.0G         0B       8.0G

             total       used       free     shared    buffers     cached
Mem:          992M       667M       324M       1.5M        38M       289M
-/+ buffers/cache:       339M       652M
Swap:         8.0G         0B       8.0G

             total       used       free     shared    buffers     cached
Mem:          992M       667M       324M       1.5M        38M       289M
-/+ buffers/cache:       339M       652M
Swap:         8.0G         0B       8.0G

             total       used       free     shared    buffers     cached
Mem:          992M       667M       324M       1.5M        38M       289M
-/+ buffers/cache:       339M       652M
Swap:         8.0G         0B       8.0G

             total       used       free     shared    buffers     cached
Mem:          992M       667M       324M       1.5M        38M       289M
-/+ buffers/cache:       339M       652M
Swap:         8.0G         0B       8.0G

             total       used       free     shared    buffers     cached
Mem:          992M       667M       324M       1.5M        38M       289M
-/+ buffers/cache:       339M       652M
Swap:         8.0G         0B       8.0G

             total       used       free     shared    buffers     cached
Mem:          992M       668M       323M       1.5M        38M       289M
-/+ buffers/cache:       340M       652M
Swap:         8.0G         0B       8.0G

             total       used       free     shared    buffers     cached
Mem:          992M       668M       323M       1.5M        38M       289M
-/+ buffers/cache:       340M       652M
Swap:         8.0G         0B       8.0G

             total       used       free     shared    buffers     cached
Mem:          992M       668M       323M       1.5M        38M       289M
-/+ buffers/cache:       340M       652M
Swap:         8.0G         0B       8.0G

             total       used       free     shared    buffers     cached
Mem:          992M       668M       323M       1.5M        38M       289M
-/+ buffers/cache:       340M       652M
Swap:         8.0G         0B       8.0G

             total       used       free     shared    buffers     cached
Mem:          992M       668M       323M       1.5M        38M       289M
-/+ buffers/cache:       340M       652M
Swap:         8.0G         0B       8.0G

             total       used       free     shared    buffers     cached
Mem:          992M       668M       323M       1.5M        38M       289M
-/+ buffers/cache:       340M       652M
Swap:         8.0G         0B       8.0G

             total       used       free     shared    buffers     cached
Mem:          992M       668M       323M       1.5M        38M       289M
-/+ buffers/cache:       340M       652M
Swap:         8.0G         0B       8.0G

             total       used       free     shared    buffers     cached
Mem:          992M       668M       323M       1.5M        38M       289M
-/+ buffers/cache:       340M       652M
Swap:         8.0G         0B       8.0G

             total       used       free     shared    buffers     cached
Mem:          992M       668M       323M       1.5M        38M       289M
-/+ buffers/cache:       340M       652M
Swap:         8.0G         0B       8.0G

             total       used       free     shared    buffers     cached
Mem:          992M       668M       323M       1.5M        38M       289M
-/+ buffers/cache:       340M       652M
Swap:         8.0G         0B       8.0G

             total       used       free     shared    buffers     cached
Mem:          992M       668M       323M       1.5M        38M       289M
-/+ buffers/cache:       340M       652M
Swap:         8.0G         0B       8.0G

             total       used       free     shared    buffers     cached
Mem:          992M       668M       323M       1.5M        38M       289M
-/+ buffers/cache:       340M       652M
Swap:         8.0G         0B       8.0G

             total       used       free     shared    buffers     cached
Mem:          992M       674M       317M       1.5M        38M       289M
-/+ buffers/cache:       346M       646M
Swap:         8.0G         0B       8.0G

             total       used       free     shared    buffers     cached
Mem:          992M       692M       299M       1.5M        38M       289M
-/+ buffers/cache:       364M       627M
Swap:         8.0G         0B       8.0G

             total       used       free     shared    buffers     cached
Mem:          992M       709M       282M       1.5M        38M       289M
-/+ buffers/cache:       381M       610M
Swap:         8.0G         0B       8.0G

             total       used       free     shared    buffers     cached
Mem:          992M       725M       266M       1.5M        38M       289M
-/+ buffers/cache:       397M       594M
Swap:         8.0G         0B       8.0G

             total       used       free     shared    buffers     cached
Mem:          992M       742M       249M       1.5M        38M       289M
-/+ buffers/cache:       414M       577M
Swap:         8.0G         0B       8.0G

             total       used       free     shared    buffers     cached
Mem:          992M       758M       233M       1.5M        38M       289M
-/+ buffers/cache:       430M       561M
Swap:         8.0G         0B       8.0G

             total       used       free     shared    buffers     cached
Mem:          992M       774M       217M       1.5M        38M       289M
-/+ buffers/cache:       446M       545M
Swap:         8.0G         0B       8.0G

             total       used       free     shared    buffers     cached
Mem:          992M       790M       201M       1.5M        38M       289M
-/+ buffers/cache:       461M       530M
Swap:         8.0G         0B       8.0G

             total       used       free     shared    buffers     cached
Mem:          992M       807M       184M       1.5M        38M       289M
-/+ buffers/cache:       478M       513M
Swap:         8.0G         0B       8.0G

             total       used       free     shared    buffers     cached
Mem:          992M       823M       168M       1.5M        38M       289M
-/+ buffers/cache:       495M       497M
Swap:         8.0G         0B       8.0G

             total       used       free     shared    buffers     cached
Mem:          992M       841M       150M       1.5M        38M       289M
-/+ buffers/cache:       513M       479M
Swap:         8.0G         0B       8.0G

             total       used       free     shared    buffers     cached
Mem:          992M       857M       134M       1.5M        38M       289M
-/+ buffers/cache:       528M       463M
Swap:         8.0G         0B       8.0G

             total       used       free     shared    buffers     cached
Mem:          992M       874M       117M       1.5M        38M       289M
-/+ buffers/cache:       546M       446M
Swap:         8.0G         0B       8.0G

             total       used       free     shared    buffers     cached
Mem:          992M       891M       100M       1.5M        38M       289M
-/+ buffers/cache:       563M       428M
Swap:         8.0G         0B       8.0G

             total       used       free     shared    buffers     cached
Mem:          992M       903M        88M       1.5M        38M       289M
-/+ buffers/cache:       575M       417M
Swap:         8.0G         0B       8.0G

             total       used       free     shared    buffers     cached
Mem:          992M       920M        71M       1.5M        38M       289M
-/+ buffers/cache:       592M       400M
Swap:         8.0G         0B       8.0G

             total       used       free     shared    buffers     cached
Mem:          992M       922M        69M       1.5M        25M       288M
-/+ buffers/cache:       608M       383M
Swap:         8.0G         0B       8.0G

             total       used       free     shared    buffers     cached
Mem:          992M       922M        70M       1.5M        10M       287M
-/+ buffers/cache:       624M       367M
Swap:         8.0G         0B       8.0G

             total       used       free     shared    buffers     cached
Mem:          992M       918M        73M       1.4M        10M       267M
-/+ buffers/cache:       641M       350M
Swap:         8.0G        84K       8.0G

             total       used       free     shared    buffers     cached
Mem:          992M       915M        76M       1.3M       9.7M       248M
-/+ buffers/cache:       657M       334M
Swap:         8.0G       432K       8.0G

             total       used       free     shared    buffers     cached
Mem:          992M       930M        61M       1.3M       9.7M       248M
-/+ buffers/cache:       672M       319M
Swap:         8.0G       432K       8.0G

             total       used       free     shared    buffers     cached
Mem:          992M       927M        64M       1.2M       9.7M       233M
-/+ buffers/cache:       684M       307M
Swap:         8.0G       4.6M       8.0G

             total       used       free     shared    buffers     cached
Mem:          992M       913M        78M       1.0M       9.7M       209M
-/+ buffers/cache:       694M       297M
Swap:         8.0G       8.8M       8.0G

             total       used       free     shared    buffers     cached
Mem:          992M       927M        64M       1.0M       9.7M       209M
-/+ buffers/cache:       708M       283M
Swap:         8.0G       8.8M       8.0G

             total       used       free     shared    buffers     cached
Mem:          992M       928M        63M       1.0M       3.0M       203M
-/+ buffers/cache:       722M       269M
Swap:         8.0G       8.8M       8.0G

             total       used       free     shared    buffers     cached
Mem:          992M       929M        62M       1.0M       1.8M       192M
-/+ buffers/cache:       735M       256M
Swap:         8.0G       8.8M       8.0G

             total       used       free     shared    buffers     cached
Mem:          992M       924M        68M       1.0M       632K       172M
-/+ buffers/cache:       750M       241M
Swap:         8.0G       8.8M       8.0G

             total       used       free     shared    buffers     cached
Mem:          992M       916M        75M       1.0M       632K       152M
-/+ buffers/cache:       763M       228M
Swap:         8.0G       8.8M       8.0G

             total       used       free     shared    buffers     cached
Mem:          992M       930M        61M       1.0M       632K       152M
-/+ buffers/cache:       777M       214M
Swap:         8.0G       8.8M       8.0G

             total       used       free     shared    buffers     cached
Mem:          992M       919M        72M       1.0M       640K       134M
-/+ buffers/cache:       784M       207M
Swap:         8.0G       8.8M       8.0G

             total       used       free     shared    buffers     cached
Mem:          992M       918M        74M       1.0M       456K       119M
-/+ buffers/cache:       798M       193M
Swap:         8.0G       8.8M       8.0G

             total       used       free     shared    buffers     cached
Mem:          992M       907M        85M       1.0M       456K        95M
-/+ buffers/cache:       811M       180M
Swap:         8.0G       8.8M       8.0G

             total       used       free     shared    buffers     cached
Mem:          992M       924M        68M       1.0M       460K        95M
-/+ buffers/cache:       828M       163M
Swap:         8.0G       8.8M       8.0G

             total       used       free     shared    buffers     cached
Mem:          992M       917M        75M       1.0M       460K        73M
-/+ buffers/cache:       843M       148M
Swap:         8.0G       8.8M       8.0G

             total       used       free     shared    buffers     cached
Mem:          992M       914M        77M       1.0M       468K        56M
-/+ buffers/cache:       857M       134M
Swap:         8.0G       8.8M       8.0G

             total       used       free     shared    buffers     cached
Mem:          992M       929M        62M       1.0M       468K        56M
-/+ buffers/cache:       872M       119M
Swap:         8.0G       8.8M       8.0G

             total       used       free     shared    buffers     cached
Mem:          992M       930M        61M       1.0M       600K        43M
-/+ buffers/cache:       886M       105M
Swap:         8.0G       8.8M       8.0G

             total       used       free     shared    buffers     cached
Mem:          992M       921M        70M       1.0M       236K        24M
-/+ buffers/cache:       896M        95M
Swap:         8.0G        15M       8.0G

             total       used       free     shared    buffers     cached
Mem:          992M       923M        68M       988K       332K        16M
-/+ buffers/cache:       906M        85M
Swap:         8.0G        21M       8.0G

             total       used       free     shared    buffers     cached
Mem:          992M       920M        71M       984K       500K       4.7M
-/+ buffers/cache:       915M        76M
Swap:         8.0G        22M       8.0G

             total       used       free     shared    buffers     cached
Mem:          992M       917M        74M       720K       788K       3.1M
-/+ buffers/cache:       913M        78M
Swap:         8.0G        47M       8.0G

             total       used       free     shared    buffers     cached
Mem:          992M       920M        71M       688K       504K       3.2M
-/+ buffers/cache:       917M        75M
Swap:         8.0G        59M       7.9G

             total       used       free     shared    buffers     cached
Mem:          992M       908M        83M       680K       336K       2.4M
-/+ buffers/cache:       905M        86M
Swap:         8.0G        94M       7.9G

             total       used       free     shared    buffers     cached
Mem:          992M       923M        68M       660K       336K       2.4M
-/+ buffers/cache:       920M        71M
Swap:         8.0G        94M       7.9G

             total       used       free     shared    buffers     cached
Mem:          992M       923M        68M       660K       320K       2.4M
-/+ buffers/cache:       920M        71M
Swap:         8.0G        94M       7.9G

             total       used       free     shared    buffers     cached
Mem:          992M       923M        69M       660K       328K       2.4M
-/+ buffers/cache:       920M        71M
Swap:         8.0G       114M       7.9G

             total       used       free     shared    buffers     cached
Mem:          992M       921M        70M       656K       232K       2.4M
-/+ buffers/cache:       919M        73M
Swap:         8.0G       127M       7.9G

             total       used       free     shared    buffers     cached
Mem:          992M       920M        71M       596K       196K       2.4M
-/+ buffers/cache:       918M        74M
Swap:         8.0G       151M       7.8G

             total       used       free     shared    buffers     cached
Mem:          992M       922M        69M       588K       196K       2.4M
-/+ buffers/cache:       919M        72M
Swap:         8.0G       151M       7.8G

             total       used       free     shared    buffers     cached
Mem:          992M       922M        69M       588K       196K       2.4M
-/+ buffers/cache:       920M        72M
Swap:         8.0G       182M       7.8G

             total       used       free     shared    buffers     cached
Mem:          992M       923M        69M       576K       204K       2.4M
-/+ buffers/cache:       920M        71M
Swap:         8.0G       182M       7.8G

             total       used       free     shared    buffers     cached
Mem:          992M       918M        74M       576K       188K       2.4M
-/+ buffers/cache:       915M        76M
Swap:         8.0G       212M       7.8G

             total       used       free     shared    buffers     cached
Mem:          992M       919M        73M       572K       188K       2.4M
-/+ buffers/cache:       916M        75M
Swap:         8.0G       212M       7.8G

             total       used       free     shared    buffers     cached
Mem:          992M       914M        77M       572K       188K       2.3M
-/+ buffers/cache:       911M        80M
Swap:         8.0G       242M       7.8G

             total       used       free     shared    buffers     cached
Mem:          992M       930M        61M       540K       188K       2.3M
-/+ buffers/cache:       927M        64M
Swap:         8.0G       242M       7.8G

             total       used       free     shared    buffers     cached
Mem:          992M       930M        61M       540K       188K       2.3M
-/+ buffers/cache:       927M        64M
Swap:         8.0G       242M       7.8G

             total       used       free     shared    buffers     cached
Mem:          992M       906M        85M       540K       196K       2.3M
-/+ buffers/cache:       904M        87M
Swap:         8.0G       304M       7.7G

             total       used       free     shared    buffers     cached
Mem:          992M       913M        78M       540K       196K       2.3M
-/+ buffers/cache:       911M        81M
Swap:         8.0G       304M       7.7G

             total       used       free     shared    buffers     cached
Mem:          992M       920M        71M       540K       204K       2.3M
-/+ buffers/cache:       918M        74M
Swap:         8.0G       304M       7.7G

             total       used       free     shared    buffers     cached
Mem:          992M       927M        64M       540K       204K       2.3M
-/+ buffers/cache:       924M        67M
Swap:         8.0G       304M       7.7G

             total       used       free     shared    buffers     cached
Mem:          992M       917M        74M       540K       168K       2.9M
-/+ buffers/cache:       914M        77M
Swap:         8.0G       304M       7.7G

             total       used       free     shared    buffers     cached
Mem:          992M       923M        68M       540K       176K       2.9M
-/+ buffers/cache:       920M        71M
Swap:         8.0G       304M       7.7G

             total       used       free     shared    buffers     cached
Mem:          992M       915M        77M       540K        80K       2.8M
-/+ buffers/cache:       912M        80M
Swap:         8.0G       306M       7.7G

             total       used       free     shared    buffers     cached
Mem:          992M       920M        71M       540K        80K       2.8M
-/+ buffers/cache:       917M        74M
Swap:         8.0G       306M       7.7G

             total       used       free     shared    buffers     cached
Mem:          992M       925M        66M       540K        80K       2.8M
-/+ buffers/cache:       922M        69M
Swap:         8.0G       306M       7.7G

             total       used       free     shared    buffers     cached
Mem:          992M       916M        76M       540K        76K       2.7M
-/+ buffers/cache:       913M        78M
Swap:         8.0G       329M       7.7G

             total       used       free     shared    buffers     cached
Mem:          992M       920M        71M       540K        84K       2.7M
-/+ buffers/cache:       917M        74M
Swap:         8.0G       329M       7.7G

             total       used       free     shared    buffers     cached
Mem:          992M       925M        66M       540K        84K       2.7M
-/+ buffers/cache:       922M        69M
Swap:         8.0G       329M       7.7G

             total       used       free     shared    buffers     cached
Mem:          992M       911M        80M       384K        84K       2.4M
-/+ buffers/cache:       909M        83M
Swap:         8.0G       348M       7.7G

             total       used       free     shared    buffers     cached
Mem:          992M       918M        73M        84K        84K       2.3M
-/+ buffers/cache:       916M        75M
Swap:         8.0G       337M       7.7G

             total       used       free     shared    buffers     cached
Mem:          992M       918M        73M        60K        84K       2.1M
-/+ buffers/cache:       916M        76M
Swap:         8.0G       336M       7.7G

             total       used       free     shared    buffers     cached
Mem:          992M       917M        74M         0B        76K       1.8M
-/+ buffers/cache:       915M        76M
Swap:         8.0G       326M       7.7G

             total       used       free     shared    buffers     cached
Mem:          992M       918M        73M         0B        76K       1.4M
-/+ buffers/cache:       917M        74M
Swap:         8.0G       387M       7.6G

             total       used       free     shared    buffers     cached
Mem:          992M       913M        78M         0B        96K        14M
-/+ buffers/cache:       898M        93M
Swap:         8.0G       394M       7.6G

             total       used       free     shared    buffers     cached
Mem:          992M       916M        75M        16K       108K        17M
-/+ buffers/cache:       898M        93M
Swap:         8.0G       362M       7.6G

             total       used       free     shared    buffers     cached
Mem:          992M       916M        76M        16K       108K        14M
-/+ buffers/cache:       901M        90M
Swap:         8.0G       352M       7.7G

             total       used       free     shared    buffers     cached
Mem:          992M       922M        69M        16K       216K       5.2M
-/+ buffers/cache:       917M        75M
Swap:         8.0G       340M       7.7G

             total       used       free     shared    buffers     cached
Mem:          992M       919M        72M        16K       244K       4.6M
-/+ buffers/cache:       914M        77M
Swap:         8.0G       341M       7.7G

             total       used       free     shared    buffers     cached
Mem:          992M       915M        77M        16K        88K       1.5M
-/+ buffers/cache:       913M        78M
Swap:         8.0G       376M       7.6G

             total       used       free     shared    buffers     cached
Mem:          992M       917M        74M        16K       384K       5.6M
-/+ buffers/cache:       911M        80M
Swap:         8.0G       347M       7.7G

             total       used       free     shared    buffers     cached
Mem:          992M       913M        78M        16K        92K       1.5M
-/+ buffers/cache:       911M        80M
Swap:         8.0G       415M       7.6G

             total       used       free     shared    buffers     cached
Mem:          992M       903M        88M        16K       464K       6.6M
-/+ buffers/cache:       896M        95M
Swap:         8.0G       369M       7.6G

             total       used       free     shared    buffers     cached
Mem:          992M       914M        78M        16K       120K       5.6M
-/+ buffers/cache:       908M        83M
Swap:         8.0G       366M       7.6G

             total       used       free     shared    buffers     cached
Mem:          992M       917M        74M        16K       132K       4.9M
-/+ buffers/cache:       912M        79M
Swap:         8.0G       359M       7.6G

             total       used       free     shared    buffers     cached
Mem:          992M       911M        80M        16K       132K       3.8M
-/+ buffers/cache:       907M        84M
Swap:         8.0G       362M       7.6G

             total       used       free     shared    buffers     cached
Mem:          992M       913M        78M        16K       132K       4.4M
-/+ buffers/cache:       909M        82M
Swap:         8.0G       361M       7.6G

             total       used       free     shared    buffers     cached
Mem:          992M       915M        77M        16K       132K       4.5M
-/+ buffers/cache:       910M        81M
Swap:         8.0G       360M       7.6G

             total       used       free     shared    buffers     cached
Mem:          992M       918M        74M        16K       140K       4.6M
-/+ buffers/cache:       913M        78M
Swap:         8.0G       359M       7.6G

             total       used       free     shared    buffers     cached
Mem:          992M       923M        68M        16K       140K       4.6M
-/+ buffers/cache:       919M        72M
Swap:         8.0G       358M       7.6G

             total       used       free     shared    buffers     cached
Mem:          992M       925M        66M        16K       140K       4.5M
-/+ buffers/cache:       921M        71M
Swap:         8.0G       358M       7.6G

             total       used       free     shared    buffers     cached
Mem:          992M       917M        74M        16K       116K       3.7M
-/+ buffers/cache:       913M        78M
Swap:         8.0G       375M       7.6G

             total       used       free     shared    buffers     cached
Mem:          992M       923M        68M        16K       116K       3.7M
-/+ buffers/cache:       919M        72M
Swap:         8.0G       375M       7.6G

             total       used       free     shared    buffers     cached
Mem:          992M       915M        76M        16K       116K       3.6M
-/+ buffers/cache:       911M        80M
Swap:         8.0G       384M       7.6G

             total       used       free     shared    buffers     cached
Mem:          992M       919M        72M        16K       124K       3.6M
-/+ buffers/cache:       916M        76M
Swap:         8.0G       384M       7.6G

             total       used       free     shared    buffers     cached
Mem:          992M       925M        66M        16K       124K       3.6M
-/+ buffers/cache:       921M        70M
Swap:         8.0G       384M       7.6G

             total       used       free     shared    buffers     cached
Mem:          992M       912M        79M        16K       120K       3.6M
-/+ buffers/cache:       908M        83M
Swap:         8.0G       410M       7.6G

             total       used       free     shared    buffers     cached
Mem:          992M       910M        81M        16K       216K        21M
-/+ buffers/cache:       888M       103M
Swap:         8.0G       420M       7.6G

             total       used       free     shared    buffers     cached
Mem:          992M       911M        81M        16K       216K        21M
-/+ buffers/cache:       889M       102M
Swap:         8.0G       420M       7.6G

             total       used       free     shared    buffers     cached
Mem:          992M       913M        78M        16K       540K        21M
-/+ buffers/cache:       891M       100M
Swap:         8.0G       419M       7.6G

             total       used       free     shared    buffers     cached
Mem:          992M       915M        76M        16K       540K        21M
-/+ buffers/cache:       893M        98M
Swap:         8.0G       418M       7.6G

             total       used       free     shared    buffers     cached
Mem:          992M       917M        74M        16K       540K        21M
-/+ buffers/cache:       895M        96M
Swap:         8.0G       418M       7.6G

             total       used       free     shared    buffers     cached
Mem:          992M       919M        72M        16K       540K        21M
-/+ buffers/cache:       897M        94M
Swap:         8.0G       417M       7.6G

             total       used       free     shared    buffers     cached
Mem:          992M       921M        70M        16K       540K        21M
-/+ buffers/cache:       899M        92M
Swap:         8.0G       416M       7.6G

             total       used       free     shared    buffers     cached
Mem:          992M       923M        69M        16K       548K        21M
-/+ buffers/cache:       901M        91M
Swap:         8.0G       416M       7.6G

             total       used       free     shared    buffers     cached
Mem:          992M       925M        66M        16K       548K        21M
-/+ buffers/cache:       903M        88M
Swap:         8.0G       415M       7.6G

             total       used       free     shared    buffers     cached
Mem:          992M       909M        82M        16K       520K        18M
-/+ buffers/cache:       889M       102M
Swap:         8.0G       425M       7.6G

             total       used       free     shared    buffers     cached
Mem:          992M       899M        92M         0B       520K        18M
-/+ buffers/cache:       880M       111M
Swap:         8.0G       434M       7.6G

             total       used       free     shared    buffers     cached
Mem:          992M       901M        90M         0B       520K        18M
-/+ buffers/cache:       882M       109M
Swap:         8.0G       433M       7.6G

             total       used       free     shared    buffers     cached
Mem:          992M       903M        89M         0B       520K        18M
-/+ buffers/cache:       883M       108M
Swap:         8.0G       432M       7.6G

             total       used       free     shared    buffers     cached
Mem:          992M       904M        87M         0B       528K        18M
-/+ buffers/cache:       885M       106M
Swap:         8.0G       431M       7.6G

             total       used       free     shared    buffers     cached
Mem:          992M       906M        85M         0B       528K        18M
-/+ buffers/cache:       887M       104M
Swap:         8.0G       431M       7.6G

             total       used       free     shared    buffers     cached
Mem:          992M       908M        83M         0B       528K        18M
-/+ buffers/cache:       889M       102M
Swap:         8.0G       430M       7.6G

             total       used       free     shared    buffers     cached
Mem:          992M       910M        81M         0B       528K        18M
-/+ buffers/cache:       891M       100M
Swap:         8.0G       429M       7.6G

             total       used       free     shared    buffers     cached
Mem:          992M       911M        80M         0B       528K        18M
-/+ buffers/cache:       892M        99M
Swap:         8.0G       428M       7.6G

             total       used       free     shared    buffers     cached
Mem:          992M       913M        78M         0B       536K        18M
-/+ buffers/cache:       894M        97M
Swap:         8.0G       427M       7.6G

             total       used       free     shared    buffers     cached
Mem:          992M       915M        76M         0B       536K        18M
-/+ buffers/cache:       896M        95M
Swap:         8.0G       426M       7.6G

             total       used       free     shared    buffers     cached
Mem:          992M       917M        74M         0B       544K        18M
-/+ buffers/cache:       897M        94M
Swap:         8.0G       426M       7.6G

             total       used       free     shared    buffers     cached
Mem:          992M       919M        72M         0B       544K        18M
-/+ buffers/cache:       899M        92M
Swap:         8.0G       425M       7.6G

             total       used       free     shared    buffers     cached
Mem:          992M       921M        70M         0B       544K        18M
-/+ buffers/cache:       902M        90M
Swap:         8.0G       424M       7.6G

             total       used       free     shared    buffers     cached
Mem:          992M       923M        68M         0B       552K        18M
-/+ buffers/cache:       904M        88M
Swap:         8.0G       423M       7.6G

             total       used       free     shared    buffers     cached
Mem:          992M       925M        66M         0B       552K        18M
-/+ buffers/cache:       905M        86M
Swap:         8.0G       422M       7.6G

             total       used       free     shared    buffers     cached
Mem:          992M       927M        65M         0B       552K        18M
-/+ buffers/cache:       907M        84M
Swap:         8.0G       421M       7.6G

             total       used       free     shared    buffers     cached
Mem:          992M       910M        81M         0B       540K        16M
-/+ buffers/cache:       893M        98M
Swap:         8.0G       437M       7.6G

             total       used       free     shared    buffers     cached
Mem:          992M       912M        79M         0B       540K        16M
-/+ buffers/cache:       895M        96M
Swap:         8.0G       436M       7.6G

             total       used       free     shared    buffers     cached
Mem:          992M       914M        77M         0B       540K        16M
-/+ buffers/cache:       897M        95M
Swap:         8.0G       435M       7.6G

             total       used       free     shared    buffers     cached
Mem:          992M       916M        75M         0B       548K        16M
-/+ buffers/cache:       899M        92M
Swap:         8.0G       434M       7.6G

             total       used       free     shared    buffers     cached
Mem:          992M       918M        73M         0B       552K        16M
-/+ buffers/cache:       901M        91M
Swap:         8.0G       433M       7.6G

             total       used       free     shared    buffers     cached
Mem:          992M       920M        71M         0B       552K        16M
-/+ buffers/cache:       903M        89M
Swap:         8.0G       432M       7.6G

             total       used       free     shared    buffers     cached
Mem:          992M       922M        70M         0B       552K        16M
-/+ buffers/cache:       904M        87M
Swap:         8.0G       432M       7.6G

             total       used       free     shared    buffers     cached
Mem:          992M       923M        68M         0B       552K        16M
-/+ buffers/cache:       906M        85M
Swap:         8.0G       431M       7.6G

             total       used       free     shared    buffers     cached
Mem:          992M       925M        66M         0B       560K        16M
-/+ buffers/cache:       908M        84M
Swap:         8.0G       430M       7.6G

             total       used       free     shared    buffers     cached
Mem:          992M       927M        64M         0B       560K        16M
-/+ buffers/cache:       910M        82M
Swap:         8.0G       429M       7.6G

             total       used       free     shared    buffers     cached
Mem:          992M       909M        82M         0B       560K        13M
-/+ buffers/cache:       894M        97M
Swap:         8.0G       446M       7.6G

             total       used       free     shared    buffers     cached
Mem:          992M       911M        80M         0B       560K        14M
-/+ buffers/cache:       896M        95M
Swap:         8.0G       445M       7.6G

             total       used       free     shared    buffers     cached
Mem:          992M       912M        79M         0B       560K        13M
-/+ buffers/cache:       897M        94M
Swap:         8.0G       445M       7.6G

             total       used       free     shared    buffers     cached
Mem:          992M       912M        79M         0B       560K        14M
-/+ buffers/cache:       897M        94M
Swap:         8.0G       445M       7.6G

             total       used       free     shared    buffers     cached
Mem:          992M       912M        79M         0B       568K        14M
-/+ buffers/cache:       897M        94M
Swap:         8.0G       445M       7.6G

             total       used       free     shared    buffers     cached
Mem:          992M       923M        68M       156K       1.2M        21M
-/+ buffers/cache:       900M        91M
Swap:         8.0G       444M       7.6G

             total       used       free     shared    buffers     cached
Mem:          992M       915M        76M       188K       708K        28M
-/+ buffers/cache:       886M       105M
Swap:         8.0G       453M       7.6G

             total       used       free     shared    buffers     cached
Mem:          992M       918M        73M       188K       708K        29M
-/+ buffers/cache:       887M       104M
Swap:         8.0G       452M       7.6G

             total       used       free     shared    buffers     cached
Mem:          992M       919M        72M       188K       708K        29M
-/+ buffers/cache:       888M       103M
Swap:         8.0G       452M       7.6G

             total       used       free     shared    buffers     cached
Mem:          992M       920M        71M       188K       716K        29M
-/+ buffers/cache:       889M       102M
Swap:         8.0G       452M       7.6G

             total       used       free     shared    buffers     cached
Mem:          992M       921M        70M       188K       716K        29M
-/+ buffers/cache:       890M       101M
Swap:         8.0G       451M       7.6G

             total       used       free     shared    buffers     cached
Mem:          992M       922M        69M       188K       716K        29M
-/+ buffers/cache:       891M       100M
Swap:         8.0G       451M       7.6G

             total       used       free     shared    buffers     cached
Mem:          992M       923M        68M       188K       716K        29M
-/+ buffers/cache:       892M        99M
Swap:         8.0G       450M       7.6G

             total       used       free     shared    buffers     cached
Mem:          992M       924M        67M       188K       716K        29M
-/+ buffers/cache:       893M        98M
Swap:         8.0G       450M       7.6G

             total       used       free     shared    buffers     cached
Mem:          992M       925M        66M       188K       724K        29M
-/+ buffers/cache:       894M        97M
Swap:         8.0G       449M       7.6G

             total       used       free     shared    buffers     cached
Mem:          992M       926M        65M       188K       724K        29M
-/+ buffers/cache:       895M        96M
Swap:         8.0G       449M       7.6G

             total       used       free     shared    buffers     cached
Mem:          992M       927M        64M       188K       724K        29M
-/+ buffers/cache:       896M        95M
Swap:         8.0G       449M       7.6G

             total       used       free     shared    buffers     cached
Mem:          992M       909M        82M       188K       724K        27M
-/+ buffers/cache:       880M       111M
Swap:         8.0G       481M       7.5G

             total       used       free     shared    buffers     cached
Mem:          992M       915M        76M       188K       724K        32M
-/+ buffers/cache:       882M       110M
Swap:         8.0G       480M       7.5G

             total       used       free     shared    buffers     cached
Mem:          992M       916M        75M       188K       724K        32M
-/+ buffers/cache:       883M       109M
Swap:         8.0G       480M       7.5G

             total       used       free     shared    buffers     cached
Mem:          992M       917M        74M       188K       732K        32M
-/+ buffers/cache:       883M       108M
Swap:         8.0G       480M       7.5G

             total       used       free     shared    buffers     cached
Mem:          992M       918M        73M       188K       732K        32M
-/+ buffers/cache:       884M       107M
Swap:         8.0G       479M       7.5G

             total       used       free     shared    buffers     cached
Mem:          992M       919M        73M       188K       732K        32M
-/+ buffers/cache:       885M       106M
Swap:         8.0G       479M       7.5G

             total       used       free     shared    buffers     cached
Mem:          992M       920M        72M       188K       732K        32M
-/+ buffers/cache:       886M       105M
Swap:         8.0G       478M       7.5G

             total       used       free     shared    buffers     cached
Mem:          992M       921M        70M       188K       732K        32M
-/+ buffers/cache:       887M       104M
Swap:         8.0G       478M       7.5G

             total       used       free     shared    buffers     cached
Mem:          992M       922M        69M       188K       740K        32M
-/+ buffers/cache:       888M       103M
Swap:         8.0G       477M       7.5G

             total       used       free     shared    buffers     cached
Mem:          992M       923M        68M       188K       740K        32M
-/+ buffers/cache:       889M       102M
Swap:         8.0G       477M       7.5G

             total       used       free     shared    buffers     cached
Mem:          992M       924M        67M       188K       740K        32M
-/+ buffers/cache:       890M       101M
Swap:         8.0G       476M       7.5G

             total       used       free     shared    buffers     cached
Mem:          992M       925M        66M       188K       740K        32M
-/+ buffers/cache:       892M       100M
Swap:         8.0G       476M       7.5G

             total       used       free     shared    buffers     cached
Mem:          992M       926M        65M       188K       740K        32M
-/+ buffers/cache:       893M        98M
Swap:         8.0G       475M       7.5G

             total       used       free     shared    buffers     cached
Mem:          992M       912M        79M       188K       740K        32M
-/+ buffers/cache:       878M       113M
Swap:         8.0G       478M       7.5G

             total       used       free     shared    buffers     cached
Mem:          992M       913M        79M       188K       748K        32M
-/+ buffers/cache:       879M       112M
Swap:         8.0G       478M       7.5G

             total       used       free     shared    buffers     cached
Mem:          992M       914M        77M       188K       748K        32M
-/+ buffers/cache:       880M       111M
Swap:         8.0G       477M       7.5G

             total       used       free     shared    buffers     cached
Mem:          992M       915M        76M       188K       748K        32M
-/+ buffers/cache:       881M       110M
Swap:         8.0G       477M       7.5G

             total       used       free     shared    buffers     cached
Mem:          992M       916M        75M       188K       748K        32M
-/+ buffers/cache:       882M       109M
Swap:         8.0G       476M       7.5G

             total       used       free     shared    buffers     cached
Mem:          992M       917M        74M       188K       748K        32M
-/+ buffers/cache:       884M       108M
Swap:         8.0G       476M       7.5G

             total       used       free     shared    buffers     cached
Mem:          992M       918M        73M       188K       756K        32M
-/+ buffers/cache:       885M       106M
Swap:         8.0G       475M       7.5G

             total       used       free     shared    buffers     cached
Mem:          992M       918M        73M       200K       756K        32M
-/+ buffers/cache:       885M       106M
Swap:         8.0G       475M       7.5G

             total       used       free     shared    buffers     cached
Mem:          992M       919M        72M       208K       760K        32M
-/+ buffers/cache:       886M       106M
Swap:         8.0G       475M       7.5G

             total       used       free     shared    buffers     cached
Mem:          992M       920M        71M       208K       760K        32M
-/+ buffers/cache:       886M       105M
Swap:         8.0G       474M       7.5G

             total       used       free     shared    buffers     cached
Mem:          992M       921M        70M       208K       760K        32M
-/+ buffers/cache:       888M       104M
Swap:         8.0G       474M       7.5G

             total       used       free     shared    buffers     cached
Mem:          992M       922M        69M       208K       760K        32M
-/+ buffers/cache:       889M       103M
Swap:         8.0G       473M       7.5G

             total       used       free     shared    buffers     cached
Mem:          992M       923M        68M       208K       768K        32M
-/+ buffers/cache:       890M       101M
Swap:         8.0G       473M       7.5G

             total       used       free     shared    buffers     cached
Mem:          992M       924M        67M       208K       768K        32M
-/+ buffers/cache:       891M       100M
Swap:         8.0G       472M       7.5G

             total       used       free     shared    buffers     cached
Mem:          992M       925M        66M       208K       768K        32M
-/+ buffers/cache:       892M        99M
Swap:         8.0G       472M       7.5G

             total       used       free     shared    buffers     cached
Mem:          992M       927M        65M       208K       768K        32M
-/+ buffers/cache:       893M        98M
Swap:         8.0G       471M       7.5G

             total       used       free     shared    buffers     cached
Mem:          992M       916M        75M       208K       768K        32M
-/+ buffers/cache:       883M       108M
Swap:         8.0G       489M       7.5G

             total       used       free     shared    buffers     cached
Mem:          992M       917M        74M       208K       776K        32M
-/+ buffers/cache:       884M       107M
Swap:         8.0G       488M       7.5G

             total       used       free     shared    buffers     cached
Mem:          992M       918M        74M       208K       776K        32M
-/+ buffers/cache:       885M       107M
Swap:         8.0G       488M       7.5G

             total       used       free     shared    buffers     cached
Mem:          992M       919M        73M       208K       776K        32M
-/+ buffers/cache:       886M       106M
Swap:         8.0G       487M       7.5G

             total       used       free     shared    buffers     cached
Mem:          992M       920M        71M       208K       776K        32M
-/+ buffers/cache:       887M       104M
Swap:         8.0G       487M       7.5G

             total       used       free     shared    buffers     cached
Mem:          992M       921M        70M       208K       776K        32M
-/+ buffers/cache:       888M       103M
Swap:         8.0G       486M       7.5G

             total       used       free     shared    buffers     cached
Mem:          992M       922M        69M       208K       776K        32M
-/+ buffers/cache:       889M       102M
Swap:         8.0G       486M       7.5G

             total       used       free     shared    buffers     cached
Mem:          992M       923M        68M       208K       784K        32M
-/+ buffers/cache:       890M       101M
Swap:         8.0G       485M       7.5G

             total       used       free     shared    buffers     cached
Mem:          992M       924M        67M       208K       784K        32M
-/+ buffers/cache:       891M       100M
Swap:         8.0G       485M       7.5G

             total       used       free     shared    buffers     cached
Mem:          992M       925M        66M       208K       784K        32M
-/+ buffers/cache:       892M        99M
Swap:         8.0G       484M       7.5G

             total       used       free     shared    buffers     cached
Mem:          992M       926M        65M       208K       784K        32M
-/+ buffers/cache:       893M        98M
Swap:         8.0G       483M       7.5G

             total       used       free     shared    buffers     cached
Mem:          992M       916M        76M       208K       784K        31M
-/+ buffers/cache:       883M       108M
Swap:         8.0G       486M       7.5G

             total       used       free     shared    buffers     cached
Mem:          992M       916M        75M       208K       792K        31M
-/+ buffers/cache:       884M       107M
Swap:         8.0G       485M       7.5G

             total       used       free     shared    buffers     cached
Mem:          992M       918M        73M       208K       792K        31M
-/+ buffers/cache:       885M       106M
Swap:         8.0G       485M       7.5G

             total       used       free     shared    buffers     cached
Mem:          992M       919M        72M       208K       792K        31M
-/+ buffers/cache:       886M       105M
Swap:         8.0G       484M       7.5G

             total       used       free     shared    buffers     cached
Mem:          992M       920M        71M       208K       792K        31M
-/+ buffers/cache:       887M       104M
Swap:         8.0G       483M       7.5G

             total       used       free     shared    buffers     cached
Mem:          992M       921M        70M       208K       792K        31M
-/+ buffers/cache:       888M       103M
Swap:         8.0G       483M       7.5G

             total       used       free     shared    buffers     cached
Mem:          992M       922M        69M       208K       792K        31M
-/+ buffers/cache:       890M       102M
Swap:         8.0G       482M       7.5G

             total       used       free     shared    buffers     cached
Mem:          992M       924M        68M       208K       800K        32M
-/+ buffers/cache:       891M       100M
Swap:         8.0G       481M       7.5G

             total       used       free     shared    buffers     cached
Mem:          992M       925M        66M       208K       800K        32M
-/+ buffers/cache:       892M        99M
Swap:         8.0G       481M       7.5G

             total       used       free     shared    buffers     cached
Mem:          992M       918M        74M       208K       796K        31M
-/+ buffers/cache:       886M       105M
Swap:         8.0G       496M       7.5G

             total       used       free     shared    buffers     cached
Mem:          992M       913M        78M       208K       768K        31M
-/+ buffers/cache:       881M       111M
Swap:         8.0G       510M       7.5G

             total       used       free     shared    buffers     cached
Mem:          992M       914M        77M       208K       768K        31M
-/+ buffers/cache:       882M       110M
Swap:         8.0G       509M       7.5G

             total       used       free     shared    buffers     cached
Mem:          992M       922M        70M       208K       776K        34M
-/+ buffers/cache:       887M       105M
Swap:         8.0G       507M       7.5G

             total       used       free     shared    buffers     cached
Mem:          992M       922M        69M       208K       776K        34M
-/+ buffers/cache:       887M       104M
Swap:         8.0G       507M       7.5G

             total       used       free     shared    buffers     cached
Mem:          992M       923M        69M       208K       776K        34M
-/+ buffers/cache:       888M       103M
Swap:         8.0G       507M       7.5G

             total       used       free     shared    buffers     cached
Mem:          992M       923M        68M       208K       776K        34M
-/+ buffers/cache:       888M       103M
Swap:         8.0G       506M       7.5G

             total       used       free     shared    buffers     cached
Mem:          992M       924M        67M       208K       776K        34M
-/+ buffers/cache:       889M       102M
Swap:         8.0G       506M       7.5G

             total       used       free     shared    buffers     cached
Mem:          992M       925M        66M       208K       776K        34M
-/+ buffers/cache:       890M       101M
Swap:         8.0G       505M       7.5G

             total       used       free     shared    buffers     cached
Mem:          992M       925M        66M       208K       784K        34M
-/+ buffers/cache:       890M       101M
Swap:         8.0G       505M       7.5G

             total       used       free     shared    buffers     cached
Mem:          992M       926M        65M       208K       784K        34M
-/+ buffers/cache:       891M       100M
Swap:         8.0G       505M       7.5G

             total       used       free     shared    buffers     cached
Mem:          992M       927M        65M       208K       784K        34M
-/+ buffers/cache:       892M       100M
Swap:         8.0G       504M       7.5G

             total       used       free     shared    buffers     cached
Mem:          992M       910M        81M       208K       784K        33M
-/+ buffers/cache:       876M       115M
Swap:         8.0G       505M       7.5G

             total       used       free     shared    buffers     cached
Mem:          992M       917M        75M       260K       1.1M        38M
-/+ buffers/cache:       877M       115M
Swap:         8.0G       519M       7.5G

             total       used       free     shared    buffers     cached
Mem:          992M       917M        74M       3.9M       5.2M        57M
-/+ buffers/cache:       855M       136M
Swap:         8.0G       542M       7.5G

             total       used       free     shared    buffers     cached
Mem:          992M       916M        75M       4.0M       5.2M        67M
-/+ buffers/cache:       844M       147M
Swap:         8.0G       557M       7.5G

             total       used       free     shared    buffers     cached
Mem:          992M       915M        76M       304K       4.7M        62M
-/+ buffers/cache:       848M       144M
Swap:         8.0G       557M       7.5G

             total       used       free     shared    buffers     cached
Mem:          992M       916M        75M       304K       4.7M        62M
-/+ buffers/cache:       848M       143M
Swap:         8.0G       556M       7.5G

             total       used       free     shared    buffers     cached
Mem:          992M       917M        74M       304K       4.7M        62M
-/+ buffers/cache:       850M       141M
Swap:         8.0G       555M       7.5G

             total       used       free     shared    buffers     cached
Mem:          992M       924M        67M       304K       4.7M        67M
-/+ buffers/cache:       852M       140M
Swap:         8.0G       555M       7.5G

             total       used       free     shared    buffers     cached
Mem:          992M       925M        66M       304K       4.7M        67M
-/+ buffers/cache:       853M       138M
Swap:         8.0G       554M       7.5G

             total       used       free     shared    buffers     cached
Mem:          992M       915M        76M       304K       4.9M        66M
-/+ buffers/cache:       843M       148M
Swap:         8.0G       562M       7.4G

             total       used       free     shared    buffers     cached
Mem:          992M       916M        75M       304K       4.9M        66M
-/+ buffers/cache:       844M       147M
Swap:         8.0G       562M       7.4G

             total       used       free     shared    buffers     cached
Mem:          992M       917M        74M       304K       4.9M        66M
-/+ buffers/cache:       846M       146M
Swap:         8.0G       561M       7.4G

             total       used       free     shared    buffers     cached
Mem:          992M       918M        73M       304K       4.9M        66M
-/+ buffers/cache:       847M       144M
Swap:         8.0G       561M       7.4G

             total       used       free     shared    buffers     cached
Mem:          992M       919M        72M       304K       4.9M        66M
-/+ buffers/cache:       848M       143M
Swap:         8.0G       560M       7.4G

             total       used       free     shared    buffers     cached
Mem:          992M       921M        70M       304K       4.9M        66M
-/+ buffers/cache:       849M       142M
Swap:         8.0G       559M       7.5G

             total       used       free     shared    buffers     cached
Mem:          992M       922M        69M       304K       4.9M        66M
-/+ buffers/cache:       850M       141M
Swap:         8.0G       559M       7.5G

             total       used       free     shared    buffers     cached
Mem:          992M       923M        68M       304K       4.9M        66M
-/+ buffers/cache:       852M       140M
Swap:         8.0G       558M       7.5G

             total       used       free     shared    buffers     cached
Mem:          992M       925M        66M       304K       4.9M        67M
-/+ buffers/cache:       853M       138M
Swap:         8.0G       557M       7.5G

             total       used       free     shared    buffers     cached
Mem:          992M       927M        64M       308K       4.9M        67M
-/+ buffers/cache:       855M       137M
Swap:         8.0G       557M       7.5G

             total       used       free     shared    buffers     cached
Mem:          992M       904M        87M       308K       4.1M        64M
-/+ buffers/cache:       835M       156M
Swap:         8.0G       577M       7.4G

             total       used       free     shared    buffers     cached
Mem:          992M       905M        86M       308K       4.1M        64M
-/+ buffers/cache:       836M       155M
Swap:         8.0G       577M       7.4G

             total       used       free     shared    buffers     cached
Mem:          992M       906M        85M       308K       4.1M        64M
-/+ buffers/cache:       837M       154M
Swap:         8.0G       576M       7.4G

             total       used       free     shared    buffers     cached
Mem:          992M       907M        84M       308K       4.1M        64M
-/+ buffers/cache:       839M       153M
Swap:         8.0G       576M       7.4G

             total       used       free     shared    buffers     cached
Mem:          992M       909M        82M       308K       4.1M        64M
-/+ buffers/cache:       840M       151M
Swap:         8.0G       575M       7.4G

             total       used       free     shared    buffers     cached
Mem:          992M       910M        81M       308K       4.1M        64M
-/+ buffers/cache:       841M       150M
Swap:         8.0G       574M       7.4G

             total       used       free     shared    buffers     cached
Mem:          992M       911M        80M       308K       4.1M        64M
-/+ buffers/cache:       842M       149M
Swap:         8.0G       574M       7.4G

             total       used       free     shared    buffers     cached
Mem:          992M       912M        79M       308K       4.1M        64M
-/+ buffers/cache:       843M       148M
Swap:         8.0G       573M       7.4G

             total       used       free     shared    buffers     cached
Mem:          992M       914M        77M       308K       4.1M        64M
-/+ buffers/cache:       845M       146M
Swap:         8.0G       572M       7.4G

             total       used       free     shared    buffers     cached
Mem:          992M       915M        76M       308K       4.1M        64M
-/+ buffers/cache:       846M       145M
Swap:         8.0G       572M       7.4G

             total       used       free     shared    buffers     cached
Mem:          992M       916M        75M       308K       4.1M        64M
-/+ buffers/cache:       847M       144M
Swap:         8.0G       571M       7.4G

             total       used       free     shared    buffers     cached
Mem:          992M       918M        73M       308K       4.1M        64M
-/+ buffers/cache:       849M       143M
Swap:         8.0G       570M       7.4G

             total       used       free     shared    buffers     cached
Mem:          992M       919M        72M       308K       4.1M        65M
-/+ buffers/cache:       850M       142M
Swap:         8.0G       570M       7.4G

             total       used       free     shared    buffers     cached
Mem:          992M       920M        71M       308K       4.1M        64M
-/+ buffers/cache:       851M       140M
Swap:         8.0G       569M       7.4G

             total       used       free     shared    buffers     cached
Mem:          992M       921M        70M       308K       4.1M        64M
-/+ buffers/cache:       852M       139M
Swap:         8.0G       568M       7.4G

             total       used       free     shared    buffers     cached
Mem:          992M       923M        69M       308K       4.1M        64M
-/+ buffers/cache:       854M       138M
Swap:         8.0G       568M       7.4G

             total       used       free     shared    buffers     cached
Mem:          992M       924M        67M       308K       4.1M        64M
-/+ buffers/cache:       855M       136M
Swap:         8.0G       567M       7.4G

             total       used       free     shared    buffers     cached
Mem:          992M       925M        66M       308K       4.1M        64M
-/+ buffers/cache:       856M       135M
Swap:         8.0G       566M       7.4G

             total       used       free     shared    buffers     cached
Mem:          992M       926M        65M       308K       4.1M        64M
-/+ buffers/cache:       857M       134M
Swap:         8.0G       566M       7.4G

             total       used       free     shared    buffers     cached
Mem:          992M       914M        78M       308K       2.7M        63M
-/+ buffers/cache:       848M       143M
Swap:         8.0G       573M       7.4G

             total       used       free     shared    buffers     cached
Mem:          992M       915M        76M       308K       2.7M        63M
-/+ buffers/cache:       849M       142M
Swap:         8.0G       573M       7.4G

             total       used       free     shared    buffers     cached
Mem:          992M       916M        75M       308K       2.7M        63M
-/+ buffers/cache:       850M       141M
Swap:         8.0G       572M       7.4G

             total       used       free     shared    buffers     cached
Mem:          992M       917M        74M       308K       2.7M        63M
-/+ buffers/cache:       852M       140M
Swap:         8.0G       571M       7.4G

             total       used       free     shared    buffers     cached
Mem:          992M       919M        73M       308K       2.7M        63M
-/+ buffers/cache:       853M       138M
Swap:         8.0G       571M       7.4G

             total       used       free     shared    buffers     cached
Mem:          992M       920M        71M       308K       2.7M        63M
-/+ buffers/cache:       854M       137M
Swap:         8.0G       570M       7.4G

             total       used       free     shared    buffers     cached
Mem:          992M       921M        70M       308K       2.7M        63M
-/+ buffers/cache:       855M       136M
Swap:         8.0G       569M       7.4G

             total       used       free     shared    buffers     cached
Mem:          992M       922M        69M       308K       2.7M        63M
-/+ buffers/cache:       856M       135M
Swap:         8.0G       569M       7.4G

             total       used       free     shared    buffers     cached
Mem:          992M       923M        68M       308K       2.7M        63M
-/+ buffers/cache:       858M       134M
Swap:         8.0G       568M       7.4G

             total       used       free     shared    buffers     cached
Mem:          992M       916M        75M       308K       3.8M        66M
-/+ buffers/cache:       846M       145M
Swap:         8.0G       576M       7.4G

             total       used       free     shared    buffers     cached
Mem:          992M       917M        74M       312K       3.8M        66M
-/+ buffers/cache:       847M       144M
Swap:         8.0G       575M       7.4G

             total       used       free     shared    buffers     cached
Mem:          992M       918M        73M       312K       3.8M        66M
-/+ buffers/cache:       848M       143M
Swap:         8.0G       574M       7.4G

             total       used       free     shared    buffers     cached
Mem:          992M       920M        72M       312K       3.8M        66M
-/+ buffers/cache:       850M       142M
Swap:         8.0G       574M       7.4G

             total       used       free     shared    buffers     cached
Mem:          992M       921M        71M       312K       3.8M        66M
-/+ buffers/cache:       850M       141M
Swap:         8.0G       573M       7.4G

             total       used       free     shared    buffers     cached
Mem:          992M       926M        66M       312K       3.8M        69M
-/+ buffers/cache:       852M       139M
Swap:         8.0G       572M       7.4G

             total       used       free     shared    buffers     cached
Mem:          992M       914M        78M       356K       7.9M        72M
-/+ buffers/cache:       833M       158M
Swap:         8.0G       597M       7.4G
