             total       used       free     shared    buffers     cached
Mem:          2.0G       659M       1.3G       3.2M        38M       289M
-/+ buffers/cache:       331M       1.6G
Swap:         8.0G         0B       8.0G

             total       used       free     shared    buffers     cached
Mem:          2.0G       658M       1.3G       1.4M        38M       287M
-/+ buffers/cache:       331M       1.6G
Swap:         8.0G         0B       8.0G

             total       used       free     shared    buffers     cached
Mem:          2.0G       658M       1.3G       1.4M        38M       287M
-/+ buffers/cache:       331M       1.6G
Swap:         8.0G         0B       8.0G

             total       used       free     shared    buffers     cached
Mem:          2.0G       658M       1.3G       1.4M        38M       287M
-/+ buffers/cache:       331M       1.6G
Swap:         8.0G         0B       8.0G

             total       used       free     shared    buffers     cached
Mem:          2.0G       658M       1.3G       1.4M        38M       287M
-/+ buffers/cache:       331M       1.6G
Swap:         8.0G         0B       8.0G

             total       used       free     shared    buffers     cached
Mem:          2.0G       657M       1.3G       1.4M        38M       287M
-/+ buffers/cache:       331M       1.6G
Swap:         8.0G         0B       8.0G

             total       used       free     shared    buffers     cached
Mem:          2.0G       657M       1.3G       1.4M        38M       287M
-/+ buffers/cache:       331M       1.6G
Swap:         8.0G         0B       8.0G

             total       used       free     shared    buffers     cached
Mem:          2.0G       657M       1.3G       1.4M        38M       288M
-/+ buffers/cache:       331M       1.6G
Swap:         8.0G         0B       8.0G

             total       used       free     shared    buffers     cached
Mem:          2.0G       657M       1.3G       1.4M        38M       288M
-/+ buffers/cache:       330M       1.6G
Swap:         8.0G         0B       8.0G

             total       used       free     shared    buffers     cached
Mem:          2.0G       660M       1.3G       1.4M        38M       288M
-/+ buffers/cache:       334M       1.6G
Swap:         8.0G         0B       8.0G

             total       used       free     shared    buffers     cached
Mem:          2.0G       677M       1.3G       1.4M        38M       288M
-/+ buffers/cache:       350M       1.6G
Swap:         8.0G         0B       8.0G

             total       used       free     shared    buffers     cached
Mem:          2.0G       688M       1.3G       1.4M        38M       288M
-/+ buffers/cache:       361M       1.6G
Swap:         8.0G         0B       8.0G

             total       used       free     shared    buffers     cached
Mem:          2.0G       666M       1.3G       1.4M        38M       289M
-/+ buffers/cache:       338M       1.6G
Swap:         8.0G         0B       8.0G

             total       used       free     shared    buffers     cached
Mem:          2.0G       677M       1.3G       1.4M        38M       289M
-/+ buffers/cache:       349M       1.6G
Swap:         8.0G         0B       8.0G

             total       used       free     shared    buffers     cached
Mem:          2.0G       667M       1.3G       1.4M        38M       289M
-/+ buffers/cache:       338M       1.6G
Swap:         8.0G         0B       8.0G

             total       used       free     shared    buffers     cached
Mem:          2.0G       667M       1.3G       1.4M        38M       289M
-/+ buffers/cache:       338M       1.6G
Swap:         8.0G         0B       8.0G

             total       used       free     shared    buffers     cached
Mem:          2.0G       667M       1.3G       1.4M        38M       289M
-/+ buffers/cache:       338M       1.6G
Swap:         8.0G         0B       8.0G

             total       used       free     shared    buffers     cached
Mem:          2.0G       667M       1.3G       1.4M        38M       289M
-/+ buffers/cache:       338M       1.6G
Swap:         8.0G         0B       8.0G

             total       used       free     shared    buffers     cached
Mem:          2.0G       667M       1.3G       1.4M        38M       289M
-/+ buffers/cache:       338M       1.6G
Swap:         8.0G         0B       8.0G

             total       used       free     shared    buffers     cached
Mem:          2.0G       667M       1.3G       1.4M        38M       289M
-/+ buffers/cache:       338M       1.6G
Swap:         8.0G         0B       8.0G

             total       used       free     shared    buffers     cached
Mem:          2.0G       667M       1.3G       1.4M        38M       289M
-/+ buffers/cache:       338M       1.6G
Swap:         8.0G         0B       8.0G

             total       used       free     shared    buffers     cached
Mem:          2.0G       667M       1.3G       1.4M        38M       289M
-/+ buffers/cache:       339M       1.6G
Swap:         8.0G         0B       8.0G

             total       used       free     shared    buffers     cached
Mem:          2.0G       667M       1.3G       1.4M        38M       289M
-/+ buffers/cache:       339M       1.6G
Swap:         8.0G         0B       8.0G

             total       used       free     shared    buffers     cached
Mem:          2.0G       667M       1.3G       1.4M        38M       289M
-/+ buffers/cache:       339M       1.6G
Swap:         8.0G         0B       8.0G

             total       used       free     shared    buffers     cached
Mem:          2.0G       667M       1.3G       1.4M        38M       289M
-/+ buffers/cache:       339M       1.6G
Swap:         8.0G         0B       8.0G

             total       used       free     shared    buffers     cached
Mem:          2.0G       667M       1.3G       1.4M        38M       289M
-/+ buffers/cache:       339M       1.6G
Swap:         8.0G         0B       8.0G

             total       used       free     shared    buffers     cached
Mem:          2.0G       667M       1.3G       1.4M        38M       289M
-/+ buffers/cache:       339M       1.6G
Swap:         8.0G         0B       8.0G

             total       used       free     shared    buffers     cached
Mem:          2.0G       667M       1.3G       1.4M        38M       289M
-/+ buffers/cache:       339M       1.6G
Swap:         8.0G         0B       8.0G

             total       used       free     shared    buffers     cached
Mem:          2.0G       667M       1.3G       1.4M        38M       289M
-/+ buffers/cache:       339M       1.6G
Swap:         8.0G         0B       8.0G

             total       used       free     shared    buffers     cached
Mem:          2.0G       667M       1.3G       1.4M        38M       289M
-/+ buffers/cache:       339M       1.6G
Swap:         8.0G         0B       8.0G

             total       used       free     shared    buffers     cached
Mem:          2.0G       667M       1.3G       1.4M        38M       289M
-/+ buffers/cache:       339M       1.6G
Swap:         8.0G         0B       8.0G

             total       used       free     shared    buffers     cached
Mem:          2.0G       667M       1.3G       1.4M        38M       289M
-/+ buffers/cache:       339M       1.6G
Swap:         8.0G         0B       8.0G

             total       used       free     shared    buffers     cached
Mem:          2.0G       667M       1.3G       1.4M        38M       289M
-/+ buffers/cache:       339M       1.6G
Swap:         8.0G         0B       8.0G

             total       used       free     shared    buffers     cached
Mem:          2.0G       672M       1.3G       1.4M        38M       289M
-/+ buffers/cache:       344M       1.6G
Swap:         8.0G         0B       8.0G

             total       used       free     shared    buffers     cached
Mem:          2.0G       687M       1.3G       1.4M        38M       289M
-/+ buffers/cache:       359M       1.6G
Swap:         8.0G         0B       8.0G

             total       used       free     shared    buffers     cached
Mem:          2.0G       702M       1.3G       1.4M        38M       289M
-/+ buffers/cache:       374M       1.6G
Swap:         8.0G         0B       8.0G

             total       used       free     shared    buffers     cached
Mem:          2.0G       718M       1.3G       1.4M        38M       289M
-/+ buffers/cache:       390M       1.6G
Swap:         8.0G         0B       8.0G

             total       used       free     shared    buffers     cached
Mem:          2.0G       732M       1.2G       1.4M        38M       289M
-/+ buffers/cache:       404M       1.6G
Swap:         8.0G         0B       8.0G

             total       used       free     shared    buffers     cached
Mem:          2.0G       747M       1.2G       1.4M        38M       289M
-/+ buffers/cache:       419M       1.5G
Swap:         8.0G         0B       8.0G

             total       used       free     shared    buffers     cached
Mem:          2.0G       761M       1.2G       1.4M        38M       289M
-/+ buffers/cache:       433M       1.5G
Swap:         8.0G         0B       8.0G

             total       used       free     shared    buffers     cached
Mem:          2.0G       774M       1.2G       1.4M        38M       289M
-/+ buffers/cache:       446M       1.5G
Swap:         8.0G         0B       8.0G

             total       used       free     shared    buffers     cached
Mem:          2.0G       787M       1.2G       1.4M        38M       289M
-/+ buffers/cache:       458M       1.5G
Swap:         8.0G         0B       8.0G

             total       used       free     shared    buffers     cached
Mem:          2.0G       802M       1.2G       1.4M        38M       289M
-/+ buffers/cache:       473M       1.5G
Swap:         8.0G         0B       8.0G

             total       used       free     shared    buffers     cached
Mem:          2.0G       819M       1.2G       1.4M        38M       289M
-/+ buffers/cache:       490M       1.5G
Swap:         8.0G         0B       8.0G

             total       used       free     shared    buffers     cached
Mem:          2.0G       833M       1.1G       1.4M        38M       289M
-/+ buffers/cache:       505M       1.5G
Swap:         8.0G         0B       8.0G

             total       used       free     shared    buffers     cached
Mem:          2.0G       848M       1.1G       1.4M        38M       289M
-/+ buffers/cache:       519M       1.4G
Swap:         8.0G         0B       8.0G

             total       used       free     shared    buffers     cached
Mem:          2.0G       862M       1.1G       1.4M        38M       289M
-/+ buffers/cache:       534M       1.4G
Swap:         8.0G         0B       8.0G

             total       used       free     shared    buffers     cached
Mem:          2.0G       876M       1.1G       1.4M        38M       289M
-/+ buffers/cache:       548M       1.4G
Swap:         8.0G         0B       8.0G

             total       used       free     shared    buffers     cached
Mem:          2.0G       891M       1.1G       1.4M        38M       289M
-/+ buffers/cache:       563M       1.4G
Swap:         8.0G         0B       8.0G

             total       used       free     shared    buffers     cached
Mem:          2.0G       901M       1.1G       1.4M        38M       289M
-/+ buffers/cache:       573M       1.4G
Swap:         8.0G         0B       8.0G

             total       used       free     shared    buffers     cached
Mem:          2.0G       915M       1.1G       1.4M        38M       289M
-/+ buffers/cache:       587M       1.4G
Swap:         8.0G         0B       8.0G

             total       used       free     shared    buffers     cached
Mem:          2.0G       931M       1.0G       1.4M        38M       289M
-/+ buffers/cache:       603M       1.4G
Swap:         8.0G         0B       8.0G

             total       used       free     shared    buffers     cached
Mem:          2.0G       947M       1.0G       1.4M        38M       289M
-/+ buffers/cache:       619M       1.3G
Swap:         8.0G         0B       8.0G

             total       used       free     shared    buffers     cached
Mem:          2.0G       962M       1.0G       1.4M        38M       289M
-/+ buffers/cache:       634M       1.3G
Swap:         8.0G         0B       8.0G

             total       used       free     shared    buffers     cached
Mem:          2.0G       977M       1.0G       1.4M        38M       289M
-/+ buffers/cache:       649M       1.3G
Swap:         8.0G         0B       8.0G

             total       used       free     shared    buffers     cached
Mem:          2.0G       992M       1.0G       1.4M        38M       289M
-/+ buffers/cache:       664M       1.3G
Swap:         8.0G         0B       8.0G

             total       used       free     shared    buffers     cached
Mem:          2.0G       1.0G       991M       1.4M        38M       289M
-/+ buffers/cache:       680M       1.3G
Swap:         8.0G         0B       8.0G

             total       used       free     shared    buffers     cached
Mem:          2.0G       1.0G       977M       1.4M        38M       289M
-/+ buffers/cache:       694M       1.3G
Swap:         8.0G         0B       8.0G

             total       used       free     shared    buffers     cached
Mem:          2.0G       1.0G       962M       1.4M        38M       289M
-/+ buffers/cache:       709M       1.3G
Swap:         8.0G         0B       8.0G

             total       used       free     shared    buffers     cached
Mem:          2.0G       1.0G       948M       1.4M        38M       289M
-/+ buffers/cache:       723M       1.2G
Swap:         8.0G         0B       8.0G

             total       used       free     shared    buffers     cached
Mem:          2.0G       1.0G       934M       1.4M        38M       289M
-/+ buffers/cache:       737M       1.2G
Swap:         8.0G         0B       8.0G

             total       used       free     shared    buffers     cached
Mem:          2.0G       1.1G       920M       1.4M        38M       289M
-/+ buffers/cache:       751M       1.2G
Swap:         8.0G         0B       8.0G

             total       used       free     shared    buffers     cached
Mem:          2.0G       1.1G       903M       1.4M        38M       289M
-/+ buffers/cache:       767M       1.2G
Swap:         8.0G         0B       8.0G

             total       used       free     shared    buffers     cached
Mem:          2.0G       1.1G       889M       1.4M        38M       289M
-/+ buffers/cache:       782M       1.2G
Swap:         8.0G         0B       8.0G

             total       used       free     shared    buffers     cached
Mem:          2.0G       1.1G       881M       1.4M        38M       289M
-/+ buffers/cache:       790M       1.2G
Swap:         8.0G         0B       8.0G

             total       used       free     shared    buffers     cached
Mem:          2.0G       1.1G       866M       1.4M        38M       289M
-/+ buffers/cache:       805M       1.2G
Swap:         8.0G         0B       8.0G

             total       used       free     shared    buffers     cached
Mem:          2.0G       1.1G       851M       1.4M        38M       289M
-/+ buffers/cache:       820M       1.2G
Swap:         8.0G         0B       8.0G

             total       used       free     shared    buffers     cached
Mem:          2.0G       1.1G       836M       1.4M        38M       289M
-/+ buffers/cache:       835M       1.1G
Swap:         8.0G         0B       8.0G

             total       used       free     shared    buffers     cached
Mem:          2.0G       1.2G       822M       1.4M        38M       289M
-/+ buffers/cache:       849M       1.1G
Swap:         8.0G         0B       8.0G

             total       used       free     shared    buffers     cached
Mem:          2.0G       1.2G       804M       1.4M        38M       290M
-/+ buffers/cache:       866M       1.1G
Swap:         8.0G         0B       8.0G

             total       used       free     shared    buffers     cached
Mem:          2.0G       1.2G       789M       1.4M        38M       290M
-/+ buffers/cache:       881M       1.1G
Swap:         8.0G         0B       8.0G

             total       used       free     shared    buffers     cached
Mem:          2.0G       1.2G       775M       1.4M        38M       290M
-/+ buffers/cache:       895M       1.1G
Swap:         8.0G         0B       8.0G

             total       used       free     shared    buffers     cached
Mem:          2.0G       1.2G       760M       1.4M        38M       290M
-/+ buffers/cache:       910M       1.1G
Swap:         8.0G         0B       8.0G

             total       used       free     shared    buffers     cached
Mem:          2.0G       1.2G       745M       1.4M        38M       290M
-/+ buffers/cache:       925M       1.0G
Swap:         8.0G         0B       8.0G

             total       used       free     shared    buffers     cached
Mem:          2.0G       1.2G       732M       1.4M        38M       290M
-/+ buffers/cache:       939M       1.0G
Swap:         8.0G         0B       8.0G

             total       used       free     shared    buffers     cached
Mem:          2.0G       1.3G       715M       1.4M        38M       290M
-/+ buffers/cache:       955M       1.0G
Swap:         8.0G         0B       8.0G

             total       used       free     shared    buffers     cached
Mem:          2.0G       1.3G       700M       1.4M        38M       290M
-/+ buffers/cache:       970M       1.0G
Swap:         8.0G         0B       8.0G

             total       used       free     shared    buffers     cached
Mem:          2.0G       1.3G       685M       1.4M        38M       290M
-/+ buffers/cache:       985M       1.0G
Swap:         8.0G         0B       8.0G

             total       used       free     shared    buffers     cached
Mem:          2.0G       1.3G       671M       1.4M        38M       290M
-/+ buffers/cache:       999M       1.0G
Swap:         8.0G         0B       8.0G

             total       used       free     shared    buffers     cached
Mem:          2.0G       1.3G       656M       1.4M        38M       290M
-/+ buffers/cache:       1.0G       985M
Swap:         8.0G         0B       8.0G

             total       used       free     shared    buffers     cached
Mem:          2.0G       1.3G       640M       1.4M        38M       290M
-/+ buffers/cache:       1.0G       969M
Swap:         8.0G         0B       8.0G

             total       used       free     shared    buffers     cached
Mem:          2.0G       1.3G       626M       1.4M        38M       290M
-/+ buffers/cache:       1.0G       955M
Swap:         8.0G         0B       8.0G

             total       used       free     shared    buffers     cached
Mem:          2.0G       1.4G       611M       1.4M        38M       290M
-/+ buffers/cache:       1.0G       940M
Swap:         8.0G         0B       8.0G

             total       used       free     shared    buffers     cached
Mem:          2.0G       1.4G       596M       1.4M        38M       290M
-/+ buffers/cache:       1.0G       925M
Swap:         8.0G         0B       8.0G

             total       used       free     shared    buffers     cached
Mem:          2.0G       1.4G       581M       1.4M        38M       290M
-/+ buffers/cache:       1.1G       911M
Swap:         8.0G         0B       8.0G

             total       used       free     shared    buffers     cached
Mem:          2.0G       1.4G       566M       1.4M        38M       290M
-/+ buffers/cache:       1.1G       895M
Swap:         8.0G         0B       8.0G

             total       used       free     shared    buffers     cached
Mem:          2.0G       1.4G       550M       1.4M        38M       290M
-/+ buffers/cache:       1.1G       879M
Swap:         8.0G         0B       8.0G

             total       used       free     shared    buffers     cached
Mem:          2.0G       1.4G       534M       1.4M        38M       290M
-/+ buffers/cache:       1.1G       863M
Swap:         8.0G         0B       8.0G

             total       used       free     shared    buffers     cached
Mem:          2.0G       1.4G       518M       1.4M        38M       290M
-/+ buffers/cache:       1.1G       847M
Swap:         8.0G         0B       8.0G

             total       used       free     shared    buffers     cached
Mem:          2.0G       1.5G       503M       1.4M        38M       290M
-/+ buffers/cache:       1.1G       832M
Swap:         8.0G         0B       8.0G

             total       used       free     shared    buffers     cached
Mem:          2.0G       1.5G       487M       1.4M        38M       290M
-/+ buffers/cache:       1.2G       816M
Swap:         8.0G         0B       8.0G

             total       used       free     shared    buffers     cached
Mem:          2.0G       1.5G       471M       1.4M        38M       290M
-/+ buffers/cache:       1.2G       800M
Swap:         8.0G         0B       8.0G

             total       used       free     shared    buffers     cached
Mem:          2.0G       1.5G       456M       1.4M        38M       290M
-/+ buffers/cache:       1.2G       785M
Swap:         8.0G         0B       8.0G

             total       used       free     shared    buffers     cached
Mem:          2.0G       1.5G       441M       1.4M        38M       290M
-/+ buffers/cache:       1.2G       770M
Swap:         8.0G         0B       8.0G

             total       used       free     shared    buffers     cached
Mem:          2.0G       1.5G       431M       1.4M        38M       290M
-/+ buffers/cache:       1.2G       760M
Swap:         8.0G         0B       8.0G

             total       used       free     shared    buffers     cached
Mem:          2.0G       1.5G       423M       1.4M        38M       290M
-/+ buffers/cache:       1.2G       752M
Swap:         8.0G         0B       8.0G

             total       used       free     shared    buffers     cached
Mem:          2.0G       1.6G       407M       1.4M        38M       290M
-/+ buffers/cache:       1.2G       736M
Swap:         8.0G         0B       8.0G

             total       used       free     shared    buffers     cached
Mem:          2.0G       1.6G       391M       1.4M        38M       290M
-/+ buffers/cache:       1.2G       720M
Swap:         8.0G         0B       8.0G

             total       used       free     shared    buffers     cached
Mem:          2.0G       1.6G       376M       1.4M        38M       290M
-/+ buffers/cache:       1.3G       705M
Swap:         8.0G         0B       8.0G

             total       used       free     shared    buffers     cached
Mem:          2.0G       1.6G       361M       1.4M        38M       290M
-/+ buffers/cache:       1.3G       690M
Swap:         8.0G         0B       8.0G

             total       used       free     shared    buffers     cached
Mem:          2.0G       1.6G       345M       1.4M        38M       290M
-/+ buffers/cache:       1.3G       674M
Swap:         8.0G         0B       8.0G

             total       used       free     shared    buffers     cached
Mem:          2.0G       1.6G       329M       1.4M        38M       290M
-/+ buffers/cache:       1.3G       658M
Swap:         8.0G         0B       8.0G

             total       used       free     shared    buffers     cached
Mem:          2.0G       1.6G       314M       1.4M        38M       290M
-/+ buffers/cache:       1.3G       643M
Swap:         8.0G         0B       8.0G

             total       used       free     shared    buffers     cached
Mem:          2.0G       1.7G       299M       1.4M        38M       290M
-/+ buffers/cache:       1.3G       628M
Swap:         8.0G         0B       8.0G

             total       used       free     shared    buffers     cached
Mem:          2.0G       1.7G       283M       1.4M        38M       290M
-/+ buffers/cache:       1.4G       612M
Swap:         8.0G         0B       8.0G

             total       used       free     shared    buffers     cached
Mem:          2.0G       1.7G       268M       1.4M        38M       290M
-/+ buffers/cache:       1.4G       597M
Swap:         8.0G         0B       8.0G

             total       used       free     shared    buffers     cached
Mem:          2.0G       1.7G       252M       1.4M        38M       290M
-/+ buffers/cache:       1.4G       581M
Swap:         8.0G         0B       8.0G

             total       used       free     shared    buffers     cached
Mem:          2.0G       1.7G       237M       1.4M        38M       290M
-/+ buffers/cache:       1.4G       566M
Swap:         8.0G         0B       8.0G

             total       used       free     shared    buffers     cached
Mem:          2.0G       1.7G       222M       1.4M        38M       290M
-/+ buffers/cache:       1.4G       551M
Swap:         8.0G         0B       8.0G

             total       used       free     shared    buffers     cached
Mem:          2.0G       1.8G       206M       1.4M        38M       290M
-/+ buffers/cache:       1.4G       535M
Swap:         8.0G         0B       8.0G

             total       used       free     shared    buffers     cached
Mem:          2.0G       1.8G       191M       1.4M        38M       290M
-/+ buffers/cache:       1.4G       520M
Swap:         8.0G         0B       8.0G

             total       used       free     shared    buffers     cached
Mem:          2.0G       1.8G       176M       1.4M        38M       290M
-/+ buffers/cache:       1.5G       505M
Swap:         8.0G         0B       8.0G

             total       used       free     shared    buffers     cached
Mem:          2.0G       1.8G       161M       1.4M        38M       290M
-/+ buffers/cache:       1.5G       490M
Swap:         8.0G         0B       8.0G

             total       used       free     shared    buffers     cached
Mem:          2.0G       1.8G       146M       1.4M        38M       290M
-/+ buffers/cache:       1.5G       475M
Swap:         8.0G         0B       8.0G

             total       used       free     shared    buffers     cached
Mem:          2.0G       1.8G       130M       1.4M        38M       290M
-/+ buffers/cache:       1.5G       459M
Swap:         8.0G         0B       8.0G

             total       used       free     shared    buffers     cached
Mem:          2.0G       1.8G       114M       1.4M        38M       290M
-/+ buffers/cache:       1.5G       443M
Swap:         8.0G         0B       8.0G

             total       used       free     shared    buffers     cached
Mem:          2.0G       1.9G        98M       1.4M        38M       290M
-/+ buffers/cache:       1.5G       427M
Swap:         8.0G         0B       8.0G

             total       used       free     shared    buffers     cached
Mem:          2.0G       1.9G        83M       1.4M        38M       290M
-/+ buffers/cache:       1.6G       412M
Swap:         8.0G         0B       8.0G

             total       used       free     shared    buffers     cached
Mem:          2.0G       1.9G        68M       1.4M        38M       290M
-/+ buffers/cache:       1.6G       397M
Swap:         8.0G         0B       8.0G

             total       used       free     shared    buffers     cached
Mem:          2.0G       1.9G        75M       1.4M        17M       288M
-/+ buffers/cache:       1.6G       381M
Swap:         8.0G         0B       8.0G

             total       used       free     shared    buffers     cached
Mem:          2.0G       1.9G        77M       1.4M        10M       279M
-/+ buffers/cache:       1.6G       367M
Swap:         8.0G         0B       8.0G

             total       used       free     shared    buffers     cached
Mem:          2.0G       1.9G        78M       1.4M       9.9M       263M
-/+ buffers/cache:       1.6G       351M
Swap:         8.0G        76K       8.0G

             total       used       free     shared    buffers     cached
Mem:          2.0G       1.9G        63M       1.4M       9.9M       263M
-/+ buffers/cache:       1.6G       337M
Swap:         8.0G        76K       8.0G

             total       used       free     shared    buffers     cached
Mem:          2.0G       1.9G        67M       1.3M       9.9M       244M
-/+ buffers/cache:       1.6G       322M
Swap:         8.0G       968K       8.0G

             total       used       free     shared    buffers     cached
Mem:          2.0G       1.9G        69M       1.2M       9.9M       232M
-/+ buffers/cache:       1.6G       311M
Swap:         8.0G       6.5M       8.0G

             total       used       free     shared    buffers     cached
Mem:          2.0G       1.9G        86M       1.1M       8.7M       206M
-/+ buffers/cache:       1.7G       301M
Swap:         8.0G        11M       8.0G

             total       used       free     shared    buffers     cached
Mem:          2.0G       1.9G        71M       1.0M       8.7M       206M
-/+ buffers/cache:       1.7G       286M
Swap:         8.0G        11M       8.0G

             total       used       free     shared    buffers     cached
Mem:          2.0G       1.9G        70M       1.0M       2.6M       199M
-/+ buffers/cache:       1.7G       272M
Swap:         8.0G        11M       8.0G

             total       used       free     shared    buffers     cached
Mem:          2.0G       1.9G        70M       1.0M       1.4M       186M
-/+ buffers/cache:       1.7G       258M
Swap:         8.0G        11M       8.0G

             total       used       free     shared    buffers     cached
Mem:          2.0G       1.9G        78M       1.0M       328K       165M
-/+ buffers/cache:       1.7G       244M
Swap:         8.0G        11M       8.0G

             total       used       free     shared    buffers     cached
Mem:          2.0G       1.9G        82M       1.0M       324K       145M
-/+ buffers/cache:       1.7G       228M
Swap:         8.0G        11M       8.0G

             total       used       free     shared    buffers     cached
Mem:          2.0G       1.9G        68M       1.0M       332K       145M
-/+ buffers/cache:       1.7G       215M
Swap:         8.0G        11M       8.0G

             total       used       free     shared    buffers     cached
Mem:          2.0G       1.9G        72M       1.0M       248K       128M
-/+ buffers/cache:       1.8G       201M
Swap:         8.0G        11M       8.0G

             total       used       free     shared    buffers     cached
Mem:          2.0G       1.9G        74M       1.0M        92K       113M
-/+ buffers/cache:       1.8G       187M
Swap:         8.0G        11M       8.0G

             total       used       free     shared    buffers     cached
Mem:          2.0G       1.9G        73M       1.0M        92K        99M
-/+ buffers/cache:       1.8G       173M
Swap:         8.0G        11M       8.0G

             total       used       free     shared    buffers     cached
Mem:          2.0G       1.9G        71M       1.0M        92K        87M
-/+ buffers/cache:       1.8G       159M
Swap:         8.0G        11M       8.0G

             total       used       free     shared    buffers     cached
Mem:          2.0G       1.9G        69M       1.0M       100K        76M
-/+ buffers/cache:       1.8G       146M
Swap:         8.0G        11M       8.0G

             total       used       free     shared    buffers     cached
Mem:          2.0G       1.9G        70M       1.0M       100K        61M
-/+ buffers/cache:       1.8G       131M
Swap:         8.0G        11M       8.0G

             total       used       free     shared    buffers     cached
Mem:          2.0G       1.9G        69M       1.0M       568K        48M
-/+ buffers/cache:       1.8G       118M
Swap:         8.0G        11M       8.0G

             total       used       free     shared    buffers     cached
Mem:          2.0G       1.9G        74M       1.0M       832K        30M
-/+ buffers/cache:       1.8G       105M
Swap:         8.0G        12M       8.0G

             total       used       free     shared    buffers     cached
Mem:          2.0G       1.9G        75M       1.0M       832K        19M
-/+ buffers/cache:       1.9G        95M
Swap:         8.0G        24M       8.0G

             total       used       free     shared    buffers     cached
Mem:          2.0G       1.9G        79M       1.0M       188K       4.6M
-/+ buffers/cache:       1.9G        84M
Swap:         8.0G        24M       8.0G

             total       used       free     shared    buffers     cached
Mem:          2.0G       1.9G        79M       692K       468K       3.1M
-/+ buffers/cache:       1.9G        83M
Swap:         8.0G        29M       8.0G

             total       used       free     shared    buffers     cached
Mem:          2.0G       1.9G        79M       712K       468K       3.0M
-/+ buffers/cache:       1.9G        83M
Swap:         8.0G        45M       8.0G

             total       used       free     shared    buffers     cached
Mem:          2.0G       1.9G        70M       712K       468K       3.0M
-/+ buffers/cache:       1.9G        73M
Swap:         8.0G        52M       7.9G

             total       used       free     shared    buffers     cached
Mem:          2.0G       1.9G        75M       656K       468K       2.7M
-/+ buffers/cache:       1.9G        78M
Swap:         8.0G        85M       7.9G

             total       used       free     shared    buffers     cached
Mem:          2.0G       1.9G        78M       656K       468K       2.6M
-/+ buffers/cache:       1.9G        81M
Swap:         8.0G        85M       7.9G

             total       used       free     shared    buffers     cached
Mem:          2.0G       1.9G        78M       656K       476K       2.4M
-/+ buffers/cache:       1.9G        81M
Swap:         8.0G       110M       7.9G

             total       used       free     shared    buffers     cached
Mem:          2.0G       1.9G        79M       632K       476K       2.4M
-/+ buffers/cache:       1.9G        82M
Swap:         8.0G       127M       7.9G

             total       used       free     shared    buffers     cached
Mem:          2.0G       1.9G        82M       632K       476K       2.3M
-/+ buffers/cache:       1.9G        85M
Swap:         8.0G       141M       7.9G

             total       used       free     shared    buffers     cached
Mem:          2.0G       1.9G        88M       564K       476K       2.1M
-/+ buffers/cache:       1.9G        91M
Swap:         8.0G       181M       7.8G

             total       used       free     shared    buffers     cached
Mem:          2.0G       1.9G        74M       560K       476K       2.1M
-/+ buffers/cache:       1.9G        76M
Swap:         8.0G       181M       7.8G

             total       used       free     shared    buffers     cached
Mem:          2.0G       1.9G        74M       560K       484K       2.1M
-/+ buffers/cache:       1.9G        77M
Swap:         8.0G       181M       7.8G

             total       used       free     shared    buffers     cached
Mem:          2.0G       1.9G        81M       560K       484K       2.1M
-/+ buffers/cache:       1.9G        83M
Swap:         8.0G       200M       7.8G

             total       used       free     shared    buffers     cached
Mem:          2.0G       1.9G        81M       560K       472K       2.1M
-/+ buffers/cache:       1.9G        84M
Swap:         8.0G       210M       7.8G

             total       used       free     shared    buffers     cached
Mem:          2.0G       1.9G        73M       556K       472K       2.2M
-/+ buffers/cache:       1.9G        76M
Swap:         8.0G       210M       7.8G

             total       used       free     shared    buffers     cached
Mem:          2.0G       1.9G        82M       556K       388K       2.2M
-/+ buffers/cache:       1.9G        84M
Swap:         8.0G       234M       7.8G

             total       used       free     shared    buffers     cached
Mem:          2.0G       1.9G        82M       544K       396K       2.1M
-/+ buffers/cache:       1.9G        84M
Swap:         8.0G       234M       7.8G

             total       used       free     shared    buffers     cached
Mem:          2.0G       1.9G        81M       544K       384K       2.1M
-/+ buffers/cache:       1.9G        84M
Swap:         8.0G       234M       7.8G

             total       used       free     shared    buffers     cached
Mem:          2.0G       1.9G        77M       544K        76K       4.5M
-/+ buffers/cache:       1.9G        82M
Swap:         8.0G       266M       7.7G

             total       used       free     shared    buffers     cached
Mem:          2.0G       1.9G        69M       532K       216K       6.7M
-/+ buffers/cache:       1.9G        76M
Swap:         8.0G       266M       7.7G

             total       used       free     shared    buffers     cached
Mem:          2.0G       1.9G        73M       532K       216K       6.3M
-/+ buffers/cache:       1.9G        80M
Swap:         8.0G       275M       7.7G

             total       used       free     shared    buffers     cached
Mem:          2.0G       1.9G        74M       532K       356K       6.9M
-/+ buffers/cache:       1.9G        81M
Swap:         8.0G       286M       7.7G

             total       used       free     shared    buffers     cached
Mem:          2.0G       1.9G        72M       532K       364K       6.9M
-/+ buffers/cache:       1.9G        79M
Swap:         8.0G       286M       7.7G

             total       used       free     shared    buffers     cached
Mem:          2.0G       1.9G        71M       532K       364K       7.0M
-/+ buffers/cache:       1.9G        78M
Swap:         8.0G       286M       7.7G

             total       used       free     shared    buffers     cached
Mem:          2.0G       1.9G        70M       532K       364K       7.0M
-/+ buffers/cache:       1.9G        78M
Swap:         8.0G       285M       7.7G

             total       used       free     shared    buffers     cached
Mem:          2.0G       1.9G        70M       532K       364K       7.0M
-/+ buffers/cache:       1.9G        77M
Swap:         8.0G       285M       7.7G

             total       used       free     shared    buffers     cached
Mem:          2.0G       1.9G        69M       532K       364K       7.0M
-/+ buffers/cache:       1.9G        76M
Swap:         8.0G       285M       7.7G

             total       used       free     shared    buffers     cached
Mem:          2.0G       1.9G        80M       532K       352K       7.0M
-/+ buffers/cache:       1.9G        87M
Swap:         8.0G       298M       7.7G

             total       used       free     shared    buffers     cached
Mem:          2.0G       1.9G        79M       532K       352K       7.0M
-/+ buffers/cache:       1.9G        87M
Swap:         8.0G       298M       7.7G

             total       used       free     shared    buffers     cached
Mem:          2.0G       1.9G        79M       532K       352K       7.0M
-/+ buffers/cache:       1.9G        86M
Swap:         8.0G       297M       7.7G

             total       used       free     shared    buffers     cached
Mem:          2.0G       1.9G        78M       532K       352K       6.9M
-/+ buffers/cache:       1.9G        85M
Swap:         8.0G       297M       7.7G

             total       used       free     shared    buffers     cached
Mem:          2.0G       1.9G        77M       532K       352K       6.9M
-/+ buffers/cache:       1.9G        84M
Swap:         8.0G       296M       7.7G

             total       used       free     shared    buffers     cached
Mem:          2.0G       1.9G        76M       532K       360K       6.9M
-/+ buffers/cache:       1.9G        84M
Swap:         8.0G       296M       7.7G

             total       used       free     shared    buffers     cached
Mem:          2.0G       1.9G        76M       532K       360K       6.9M
-/+ buffers/cache:       1.9G        83M
Swap:         8.0G       295M       7.7G

             total       used       free     shared    buffers     cached
Mem:          2.0G       1.9G        75M       532K       360K       7.0M
-/+ buffers/cache:       1.9G        82M
Swap:         8.0G       295M       7.7G

             total       used       free     shared    buffers     cached
Mem:          2.0G       1.9G        74M       532K       360K       7.0M
-/+ buffers/cache:       1.9G        81M
Swap:         8.0G       294M       7.7G

             total       used       free     shared    buffers     cached
Mem:          2.0G       1.9G        73M       532K       360K       7.0M
-/+ buffers/cache:       1.9G        81M
Swap:         8.0G       294M       7.7G

             total       used       free     shared    buffers     cached
Mem:          2.0G       1.9G        73M       532K       360K       7.0M
-/+ buffers/cache:       1.9G        80M
Swap:         8.0G       294M       7.7G

             total       used       free     shared    buffers     cached
Mem:          2.0G       1.9G        72M       532K       376K       7.0M
-/+ buffers/cache:       1.9G        79M
Swap:         8.0G       293M       7.7G

             total       used       free     shared    buffers     cached
Mem:          2.0G       1.9G        70M       532K       664K       7.5M
-/+ buffers/cache:       1.9G        78M
Swap:         8.0G       293M       7.7G

             total       used       free     shared    buffers     cached
Mem:          2.0G       1.9G        73M       532K       720K        26M
-/+ buffers/cache:       1.9G       100M
Swap:         8.0G       338M       7.7G

             total       used       free     shared    buffers     cached
Mem:          2.0G       1.9G        78M       536K       496K        22M
-/+ buffers/cache:       1.9G       101M
Swap:         8.0G       338M       7.7G

             total       used       free     shared    buffers     cached
Mem:          2.0G       1.9G        76M       536K       496K        22M
-/+ buffers/cache:       1.9G       100M
Swap:         8.0G       337M       7.7G

             total       used       free     shared    buffers     cached
Mem:          2.0G       1.9G        75M       536K       496K        23M
-/+ buffers/cache:       1.9G        99M
Swap:         8.0G       336M       7.7G

             total       used       free     shared    buffers     cached
Mem:          2.0G       1.9G        74M       536K       496K        23M
-/+ buffers/cache:       1.9G        98M
Swap:         8.0G       335M       7.7G

             total       used       free     shared    buffers     cached
Mem:          2.0G       1.9G        73M       536K       496K        23M
-/+ buffers/cache:       1.9G        97M
Swap:         8.0G       335M       7.7G

             total       used       free     shared    buffers     cached
Mem:          2.0G       1.9G        72M       536K       504K        24M
-/+ buffers/cache:       1.9G        96M
Swap:         8.0G       334M       7.7G

             total       used       free     shared    buffers     cached
Mem:          2.0G       1.9G        71M       536K       504K        24M
-/+ buffers/cache:       1.9G        96M
Swap:         8.0G       334M       7.7G

             total       used       free     shared    buffers     cached
Mem:          2.0G       1.9G        69M       536K       504K        25M
-/+ buffers/cache:       1.9G        95M
Swap:         8.0G       334M       7.7G

             total       used       free     shared    buffers     cached
Mem:          2.0G       1.9G        69M       536K       504K        25M
-/+ buffers/cache:       1.9G        95M
Swap:         8.0G       333M       7.7G

             total       used       free     shared    buffers     cached
Mem:          2.0G       1.9G        68M       536K       504K        25M
-/+ buffers/cache:       1.9G        94M
Swap:         8.0G       333M       7.7G

             total       used       free     shared    buffers     cached
Mem:          2.0G       1.9G        68M       536K       512K        25M
-/+ buffers/cache:       1.9G        93M
Swap:         8.0G       333M       7.7G

             total       used       free     shared    buffers     cached
Mem:          2.0G       1.9G        67M       536K       512K        25M
-/+ buffers/cache:       1.9G        93M
Swap:         8.0G       332M       7.7G

             total       used       free     shared    buffers     cached
Mem:          2.0G       1.9G        67M       536K       512K        25M
-/+ buffers/cache:       1.9G        93M
Swap:         8.0G       332M       7.7G

             total       used       free     shared    buffers     cached
Mem:          2.0G       1.9G        66M       536K       512K        25M
-/+ buffers/cache:       1.9G        92M
Swap:         8.0G       332M       7.7G

             total       used       free     shared    buffers     cached
Mem:          2.0G       1.9G        64M       536K       512K        26M
-/+ buffers/cache:       1.9G        92M
Swap:         8.0G       331M       7.7G

             total       used       free     shared    buffers     cached
Mem:          2.0G       1.9G        78M       536K       512K        30M
-/+ buffers/cache:       1.8G       108M
Swap:         8.0G       330M       7.7G

             total       used       free     shared    buffers     cached
Mem:          2.0G       1.9G        77M       536K       836K        30M
-/+ buffers/cache:       1.8G       108M
Swap:         8.0G       330M       7.7G

             total       used       free     shared    buffers     cached
Mem:          2.0G       1.9G        77M       536K       836K        30M
-/+ buffers/cache:       1.8G       108M
Swap:         8.0G       330M       7.7G

             total       used       free     shared    buffers     cached
Mem:          2.0G       1.9G        76M       536K       836K        30M
-/+ buffers/cache:       1.8G       107M
Swap:         8.0G       330M       7.7G

             total       used       free     shared    buffers     cached
Mem:          2.0G       1.9G        76M       536K       836K        30M
-/+ buffers/cache:       1.8G       107M
Swap:         8.0G       329M       7.7G

             total       used       free     shared    buffers     cached
Mem:          2.0G       1.9G        75M       536K       836K        30M
-/+ buffers/cache:       1.8G       106M
Swap:         8.0G       329M       7.7G

             total       used       free     shared    buffers     cached
Mem:          2.0G       1.9G        75M       536K       844K        30M
-/+ buffers/cache:       1.8G       106M
Swap:         8.0G       329M       7.7G

             total       used       free     shared    buffers     cached
Mem:          2.0G       1.9G        74M       536K       844K        30M
-/+ buffers/cache:       1.8G       105M
Swap:         8.0G       329M       7.7G

             total       used       free     shared    buffers     cached
Mem:          2.0G       1.9G        74M       536K       844K        30M
-/+ buffers/cache:       1.9G       105M
Swap:         8.0G       328M       7.7G

             total       used       free     shared    buffers     cached
Mem:          2.0G       1.9G        73M       536K       844K        30M
-/+ buffers/cache:       1.9G       104M
Swap:         8.0G       328M       7.7G

             total       used       free     shared    buffers     cached
Mem:          2.0G       1.9G        73M       536K       844K        30M
-/+ buffers/cache:       1.9G       104M
Swap:         8.0G       328M       7.7G

             total       used       free     shared    buffers     cached
Mem:          2.0G       1.9G        72M       536K       852K        30M
-/+ buffers/cache:       1.9G       103M
Swap:         8.0G       328M       7.7G

             total       used       free     shared    buffers     cached
Mem:          2.0G       1.9G        72M       536K       852K        30M
-/+ buffers/cache:       1.9G       103M
Swap:         8.0G       327M       7.7G

             total       used       free     shared    buffers     cached
Mem:          2.0G       1.9G        71M       536K       852K        30M
-/+ buffers/cache:       1.9G       103M
Swap:         8.0G       327M       7.7G

             total       used       free     shared    buffers     cached
Mem:          2.0G       1.9G        71M       536K       852K        30M
-/+ buffers/cache:       1.9G       102M
Swap:         8.0G       327M       7.7G

             total       used       free     shared    buffers     cached
Mem:          2.0G       1.9G        70M       536K       852K        30M
-/+ buffers/cache:       1.9G       101M
Swap:         8.0G       326M       7.7G

             total       used       free     shared    buffers     cached
Mem:          2.0G       1.9G        70M       536K       852K        30M
-/+ buffers/cache:       1.9G       101M
Swap:         8.0G       326M       7.7G

             total       used       free     shared    buffers     cached
Mem:          2.0G       1.9G        69M       536K       860K        30M
-/+ buffers/cache:       1.9G       100M
Swap:         8.0G       326M       7.7G

             total       used       free     shared    buffers     cached
Mem:          2.0G       1.9G        69M       536K       860K        30M
-/+ buffers/cache:       1.9G       100M
Swap:         8.0G       325M       7.7G

             total       used       free     shared    buffers     cached
Mem:          2.0G       1.9G        68M       536K       860K        30M
-/+ buffers/cache:       1.9G        99M
Swap:         8.0G       325M       7.7G

             total       used       free     shared    buffers     cached
Mem:          2.0G       1.9G        67M       536K       860K        30M
-/+ buffers/cache:       1.9G        99M
Swap:         8.0G       325M       7.7G

             total       used       free     shared    buffers     cached
Mem:          2.0G       1.9G        67M       536K       860K        30M
-/+ buffers/cache:       1.9G        98M
Swap:         8.0G       324M       7.7G

             total       used       free     shared    buffers     cached
Mem:          2.0G       1.9G        66M       536K       868K        30M
-/+ buffers/cache:       1.9G        97M
Swap:         8.0G       324M       7.7G

             total       used       free     shared    buffers     cached
Mem:          2.0G       1.9G        66M       536K       868K        30M
-/+ buffers/cache:       1.9G        97M
Swap:         8.0G       324M       7.7G

             total       used       free     shared    buffers     cached
Mem:          2.0G       1.9G        65M       536K       868K        30M
-/+ buffers/cache:       1.9G        96M
Swap:         8.0G       323M       7.7G

             total       used       free     shared    buffers     cached
Mem:          2.0G       1.9G        65M       536K       868K        30M
-/+ buffers/cache:       1.9G        96M
Swap:         8.0G       323M       7.7G

             total       used       free     shared    buffers     cached
Mem:          2.0G       1.9G        76M       536K       852K        27M
-/+ buffers/cache:       1.9G       104M
Swap:         8.0G       340M       7.7G

             total       used       free     shared    buffers     cached
Mem:          2.0G       1.9G        76M       536K       852K        27M
-/+ buffers/cache:       1.9G       104M
Swap:         8.0G       340M       7.7G

             total       used       free     shared    buffers     cached
Mem:          2.0G       1.9G        75M       536K       860K        27M
-/+ buffers/cache:       1.9G       103M
Swap:         8.0G       340M       7.7G

             total       used       free     shared    buffers     cached
Mem:          2.0G       1.9G        75M       536K       860K        27M
-/+ buffers/cache:       1.9G       103M
Swap:         8.0G       339M       7.7G

             total       used       free     shared    buffers     cached
Mem:          2.0G       1.9G        74M       536K       860K        27M
-/+ buffers/cache:       1.9G       102M
Swap:         8.0G       339M       7.7G

             total       used       free     shared    buffers     cached
Mem:          2.0G       1.9G        73M       536K       860K        27M
-/+ buffers/cache:       1.9G       102M
Swap:         8.0G       338M       7.7G

             total       used       free     shared    buffers     cached
Mem:          2.0G       1.9G        73M       536K       860K        27M
-/+ buffers/cache:       1.9G       101M
Swap:         8.0G       338M       7.7G

             total       used       free     shared    buffers     cached
Mem:          2.0G       1.9G        72M       536K       868K        27M
-/+ buffers/cache:       1.9G       100M
Swap:         8.0G       338M       7.7G

             total       used       free     shared    buffers     cached
Mem:          2.0G       1.9G        72M       536K       868K        27M
-/+ buffers/cache:       1.9G       100M
Swap:         8.0G       337M       7.7G

             total       used       free     shared    buffers     cached
Mem:          2.0G       1.9G        71M       536K       868K        27M
-/+ buffers/cache:       1.9G        99M
Swap:         8.0G       337M       7.7G

             total       used       free     shared    buffers     cached
Mem:          2.0G       1.9G        71M       536K       868K        27M
-/+ buffers/cache:       1.9G        99M
Swap:         8.0G       337M       7.7G

             total       used       free     shared    buffers     cached
Mem:          2.0G       1.9G        70M       536K       868K        27M
-/+ buffers/cache:       1.9G        98M
Swap:         8.0G       336M       7.7G

             total       used       free     shared    buffers     cached
Mem:          2.0G       1.9G        69M       536K       868K        27M
-/+ buffers/cache:       1.9G        98M
Swap:         8.0G       336M       7.7G

             total       used       free     shared    buffers     cached
Mem:          2.0G       1.9G        69M       536K       876K        27M
-/+ buffers/cache:       1.9G        97M
Swap:         8.0G       335M       7.7G

             total       used       free     shared    buffers     cached
Mem:          2.0G       1.9G        68M       536K       876K        27M
-/+ buffers/cache:       1.9G        96M
Swap:         8.0G       335M       7.7G

             total       used       free     shared    buffers     cached
Mem:          2.0G       1.9G        68M       536K       876K        27M
-/+ buffers/cache:       1.9G        96M
Swap:         8.0G       335M       7.7G

             total       used       free     shared    buffers     cached
Mem:          2.0G       1.9G        67M       536K       876K        27M
-/+ buffers/cache:       1.9G        95M
Swap:         8.0G       334M       7.7G

             total       used       free     shared    buffers     cached
Mem:          2.0G       1.9G        66M       536K       876K        27M
-/+ buffers/cache:       1.9G        95M
Swap:         8.0G       334M       7.7G

             total       used       free     shared    buffers     cached
Mem:          2.0G       1.9G        66M       536K       884K        27M
-/+ buffers/cache:       1.9G        94M
Swap:         8.0G       334M       7.7G

             total       used       free     shared    buffers     cached
Mem:          2.0G       1.9G        65M       536K       884K        27M
-/+ buffers/cache:       1.9G        94M
Swap:         8.0G       333M       7.7G

             total       used       free     shared    buffers     cached
Mem:          2.0G       1.9G        65M       536K       884K        27M
-/+ buffers/cache:       1.9G        93M
Swap:         8.0G       333M       7.7G

             total       used       free     shared    buffers     cached
Mem:          2.0G       1.9G        81M       536K       884K        25M
-/+ buffers/cache:       1.8G       107M
Swap:         8.0G       350M       7.7G

             total       used       free     shared    buffers     cached
Mem:          2.0G       1.9G        80M       536K       884K        25M
-/+ buffers/cache:       1.8G       107M
Swap:         8.0G       349M       7.7G

             total       used       free     shared    buffers     cached
Mem:          2.0G       1.9G        78M       536K       1.0M        26M
-/+ buffers/cache:       1.8G       106M
Swap:         8.0G       349M       7.7G

             total       used       free     shared    buffers     cached
Mem:          2.0G       1.9G        78M       540K       1.0M        26M
-/+ buffers/cache:       1.8G       105M
Swap:         8.0G       348M       7.7G

             total       used       free     shared    buffers     cached
Mem:          2.0G       1.9G        77M       540K       1.0M        26M
-/+ buffers/cache:       1.9G       105M
Swap:         8.0G       348M       7.7G

             total       used       free     shared    buffers     cached
Mem:          2.0G       1.9G        70M       540K       1.0M        28M
-/+ buffers/cache:       1.9G       100M
Swap:         8.0G       345M       7.7G

             total       used       free     shared    buffers     cached
Mem:          2.0G       1.9G        70M       540K       1.0M        28M
-/+ buffers/cache:       1.9G        99M
Swap:         8.0G       345M       7.7G

             total       used       free     shared    buffers     cached
Mem:          2.0G       1.9G        66M       540K       1.0M        30M
-/+ buffers/cache:       1.9G        98M
Swap:         8.0G       344M       7.7G

             total       used       free     shared    buffers     cached
Mem:          2.0G       1.9G        75M       540K       1.0M        30M
-/+ buffers/cache:       1.8G       106M
Swap:         8.0G       350M       7.7G

             total       used       free     shared    buffers     cached
Mem:          2.0G       1.9G        74M       540K       1.0M        30M
-/+ buffers/cache:       1.8G       106M
Swap:         8.0G       349M       7.7G

             total       used       free     shared    buffers     cached
Mem:          2.0G       1.9G        74M       540K       1.0M        30M
-/+ buffers/cache:       1.8G       106M
Swap:         8.0G       349M       7.7G

             total       used       free     shared    buffers     cached
Mem:          2.0G       1.9G        73M       540K       1.0M        30M
-/+ buffers/cache:       1.9G       105M
Swap:         8.0G       349M       7.7G

             total       used       free     shared    buffers     cached
Mem:          2.0G       1.9G        73M       540K       1.0M        30M
-/+ buffers/cache:       1.9G       104M
Swap:         8.0G       348M       7.7G

             total       used       free     shared    buffers     cached
Mem:          2.0G       1.9G        72M       540K       1.0M        31M
-/+ buffers/cache:       1.9G       104M
Swap:         8.0G       348M       7.7G

             total       used       free     shared    buffers     cached
Mem:          2.0G       1.9G        71M       540K       1.0M        31M
-/+ buffers/cache:       1.9G       104M
Swap:         8.0G       348M       7.7G

             total       used       free     shared    buffers     cached
Mem:          2.0G       1.9G        71M       540K       1.0M        31M
-/+ buffers/cache:       1.9G       103M
Swap:         8.0G       348M       7.7G

             total       used       free     shared    buffers     cached
Mem:          2.0G       1.9G        70M       540K       1.0M        31M
-/+ buffers/cache:       1.9G       103M
Swap:         8.0G       347M       7.7G

             total       used       free     shared    buffers     cached
Mem:          2.0G       1.9G        70M       540K       1.0M        31M
-/+ buffers/cache:       1.9G       102M
Swap:         8.0G       347M       7.7G

             total       used       free     shared    buffers     cached
Mem:          2.0G       1.9G        76M       604K       1.7M        42M
-/+ buffers/cache:       1.8G       121M
Swap:         8.0G       368M       7.6G

             total       used       free     shared    buffers     cached
Mem:          2.0G       1.9G        71M       4.3M       5.1M        61M
-/+ buffers/cache:       1.8G       138M
Swap:         8.0G       401M       7.6G

             total       used       free     shared    buffers     cached
Mem:          2.0G       1.9G        81M       668K       4.1M        59M
-/+ buffers/cache:       1.8G       144M
Swap:         8.0G       423M       7.6G

             total       used       free     shared    buffers     cached
Mem:          2.0G       1.9G        71M       628K       4.3M        61M
-/+ buffers/cache:       1.8G       138M
Swap:         8.0G       420M       7.6G

             total       used       free     shared    buffers     cached
Mem:          2.0G       1.9G        70M       628K       4.3M        62M
-/+ buffers/cache:       1.8G       136M
Swap:         8.0G       419M       7.6G

             total       used       free     shared    buffers     cached
Mem:          2.0G       1.9G        69M       628K       4.3M        61M
-/+ buffers/cache:       1.8G       136M
Swap:         8.0G       419M       7.6G

             total       used       free     shared    buffers     cached
Mem:          2.0G       1.9G        68M       628K       4.3M        62M
-/+ buffers/cache:       1.8G       134M
Swap:         8.0G       419M       7.6G

             total       used       free     shared    buffers     cached
Mem:          2.0G       1.9G        67M       628K       4.3M        62M
-/+ buffers/cache:       1.8G       134M
Swap:         8.0G       418M       7.6G

             total       used       free     shared    buffers     cached
Mem:          2.0G       1.9G        65M       628K       4.5M        62M
-/+ buffers/cache:       1.8G       133M
Swap:         8.0G       417M       7.6G

             total       used       free     shared    buffers     cached
Mem:          2.0G       1.9G        79M       628K       4.5M        60M
-/+ buffers/cache:       1.8G       144M
Swap:         8.0G       420M       7.6G

             total       used       free     shared    buffers     cached
Mem:          2.0G       1.9G        79M       628K       4.5M        60M
-/+ buffers/cache:       1.8G       143M
Swap:         8.0G       420M       7.6G

             total       used       free     shared    buffers     cached
Mem:          2.0G       1.9G        77M       628K       4.5M        60M
-/+ buffers/cache:       1.8G       142M
Swap:         8.0G       419M       7.6G

             total       used       free     shared    buffers     cached
Mem:          2.0G       1.9G        76M       628K       4.5M        60M
-/+ buffers/cache:       1.8G       141M
Swap:         8.0G       419M       7.6G

             total       used       free     shared    buffers     cached
Mem:          2.0G       1.9G        75M       628K       4.5M        60M
-/+ buffers/cache:       1.8G       140M
Swap:         8.0G       418M       7.6G

             total       used       free     shared    buffers     cached
Mem:          2.0G       1.9G        74M       628K       4.5M        60M
-/+ buffers/cache:       1.8G       139M
Swap:         8.0G       418M       7.6G

             total       used       free     shared    buffers     cached
Mem:          2.0G       1.9G        73M       628K       4.5M        60M
-/+ buffers/cache:       1.8G       138M
Swap:         8.0G       417M       7.6G

             total       used       free     shared    buffers     cached
Mem:          2.0G       1.9G        72M       628K       4.5M        60M
-/+ buffers/cache:       1.8G       137M
Swap:         8.0G       417M       7.6G

             total       used       free     shared    buffers     cached
Mem:          2.0G       1.9G        71M       628K       4.5M        60M
-/+ buffers/cache:       1.8G       136M
Swap:         8.0G       416M       7.6G

             total       used       free     shared    buffers     cached
Mem:          2.0G       1.9G        70M       628K       4.5M        60M
-/+ buffers/cache:       1.8G       135M
Swap:         8.0G       416M       7.6G

             total       used       free     shared    buffers     cached
Mem:          2.0G       1.9G        69M       628K       4.5M        60M
-/+ buffers/cache:       1.8G       134M
Swap:         8.0G       415M       7.6G

             total       used       free     shared    buffers     cached
Mem:          2.0G       1.9G        68M       628K       4.5M        60M
-/+ buffers/cache:       1.8G       133M
Swap:         8.0G       414M       7.6G

             total       used       free     shared    buffers     cached
Mem:          2.0G       1.9G        67M       628K       4.5M        60M
-/+ buffers/cache:       1.8G       132M
Swap:         8.0G       414M       7.6G

             total       used       free     shared    buffers     cached
Mem:          2.0G       1.9G        66M       628K       4.5M        60M
-/+ buffers/cache:       1.8G       131M
Swap:         8.0G       413M       7.6G

             total       used       free     shared    buffers     cached
Mem:          2.0G       1.9G        65M       628K       4.5M        60M
-/+ buffers/cache:       1.8G       130M
Swap:         8.0G       413M       7.6G

             total       used       free     shared    buffers     cached
Mem:          2.0G       1.9G        82M       628K       2.9M        56M
-/+ buffers/cache:       1.8G       141M
Swap:         8.0G       427M       7.6G

             total       used       free     shared    buffers     cached
Mem:          2.0G       1.9G        81M       628K       2.9M        56M
-/+ buffers/cache:       1.8G       140M
Swap:         8.0G       426M       7.6G

             total       used       free     shared    buffers     cached
Mem:          2.0G       1.9G        80M       628K       2.9M        56M
-/+ buffers/cache:       1.8G       139M
Swap:         8.0G       426M       7.6G

             total       used       free     shared    buffers     cached
Mem:          2.0G       1.9G        79M       628K       2.9M        56M
-/+ buffers/cache:       1.8G       138M
Swap:         8.0G       425M       7.6G

             total       used       free     shared    buffers     cached
Mem:          2.0G       1.9G        78M       628K       2.9M        56M
-/+ buffers/cache:       1.8G       137M
Swap:         8.0G       425M       7.6G

             total       used       free     shared    buffers     cached
Mem:          2.0G       1.9G        76M       628K       2.9M        56M
-/+ buffers/cache:       1.8G       136M
Swap:         8.0G       424M       7.6G

             total       used       free     shared    buffers     cached
Mem:          2.0G       1.9G        75M       692K       4.6M        62M
-/+ buffers/cache:       1.8G       142M
Swap:         8.0G       437M       7.6G

             total       used       free     shared    buffers     cached
Mem:          2.0G       1.9G        70M       676K       8.1M        70M
-/+ buffers/cache:       1.8G       148M
Swap:         8.0G       443M       7.6G
