             total       used       free     shared    buffers     cached
Mem:          2.0G       664M       1.3G       3.2M        38M       290M
-/+ buffers/cache:       335M       1.6G
Swap:         8.0G         0B       8.0G

             total       used       free     shared    buffers     cached
Mem:          2.0G       664M       1.3G       3.2M        38M       291M
-/+ buffers/cache:       334M       1.6G
Swap:         8.0G         0B       8.0G

             total       used       free     shared    buffers     cached
Mem:          2.0G       664M       1.3G       3.2M        38M       291M
-/+ buffers/cache:       334M       1.6G
Swap:         8.0G         0B       8.0G

             total       used       free     shared    buffers     cached
Mem:          2.0G       664M       1.3G       3.2M        38M       291M
-/+ buffers/cache:       334M       1.6G
Swap:         8.0G         0B       8.0G

             total       used       free     shared    buffers     cached
Mem:          2.0G       664M       1.3G       3.2M        38M       291M
-/+ buffers/cache:       334M       1.6G
Swap:         8.0G         0B       8.0G

             total       used       free     shared    buffers     cached
Mem:          2.0G       664M       1.3G       3.2M        38M       291M
-/+ buffers/cache:       334M       1.6G
Swap:         8.0G         0B       8.0G

             total       used       free     shared    buffers     cached
Mem:          2.0G       664M       1.3G       3.2M        38M       291M
-/+ buffers/cache:       334M       1.6G
Swap:         8.0G         0B       8.0G

             total       used       free     shared    buffers     cached
Mem:          2.0G       664M       1.3G       3.2M        38M       291M
-/+ buffers/cache:       334M       1.6G
Swap:         8.0G         0B       8.0G

             total       used       free     shared    buffers     cached
Mem:          2.0G       664M       1.3G       3.2M        38M       291M
-/+ buffers/cache:       334M       1.6G
Swap:         8.0G         0B       8.0G

             total       used       free     shared    buffers     cached
Mem:          2.0G       664M       1.3G       3.2M        38M       291M
-/+ buffers/cache:       334M       1.6G
Swap:         8.0G         0B       8.0G

             total       used       free     shared    buffers     cached
Mem:          2.0G       664M       1.3G       3.2M        38M       291M
-/+ buffers/cache:       334M       1.6G
Swap:         8.0G         0B       8.0G

             total       used       free     shared    buffers     cached
Mem:          2.0G       666M       1.3G       3.2M        38M       291M
-/+ buffers/cache:       335M       1.6G
Swap:         8.0G         0B       8.0G

             total       used       free     shared    buffers     cached
Mem:          2.0G       666M       1.3G       3.2M        38M       291M
-/+ buffers/cache:       335M       1.6G
Swap:         8.0G         0B       8.0G

             total       used       free     shared    buffers     cached
Mem:          2.0G       666M       1.3G       3.2M        38M       291M
-/+ buffers/cache:       335M       1.6G
Swap:         8.0G         0B       8.0G

             total       used       free     shared    buffers     cached
Mem:          2.0G       666M       1.3G       3.2M        38M       291M
-/+ buffers/cache:       335M       1.6G
Swap:         8.0G         0B       8.0G

             total       used       free     shared    buffers     cached
Mem:          2.0G       666M       1.3G       3.2M        38M       291M
-/+ buffers/cache:       335M       1.6G
Swap:         8.0G         0B       8.0G

             total       used       free     shared    buffers     cached
Mem:          2.0G       666M       1.3G       3.2M        38M       291M
-/+ buffers/cache:       335M       1.6G
Swap:         8.0G         0B       8.0G

             total       used       free     shared    buffers     cached
Mem:          2.0G       666M       1.3G       3.2M        38M       291M
-/+ buffers/cache:       335M       1.6G
Swap:         8.0G         0B       8.0G

             total       used       free     shared    buffers     cached
Mem:          2.0G       666M       1.3G       3.2M        38M       291M
-/+ buffers/cache:       335M       1.6G
Swap:         8.0G         0B       8.0G

             total       used       free     shared    buffers     cached
Mem:          2.0G       666M       1.3G       3.2M        38M       291M
-/+ buffers/cache:       335M       1.6G
Swap:         8.0G         0B       8.0G

             total       used       free     shared    buffers     cached
Mem:          2.0G       666M       1.3G       3.2M        38M       291M
-/+ buffers/cache:       335M       1.6G
Swap:         8.0G         0B       8.0G

             total       used       free     shared    buffers     cached
Mem:          2.0G       666M       1.3G       3.2M        38M       291M
-/+ buffers/cache:       336M       1.6G
Swap:         8.0G         0B       8.0G

             total       used       free     shared    buffers     cached
Mem:          2.0G       666M       1.3G       3.2M        38M       291M
-/+ buffers/cache:       336M       1.6G
Swap:         8.0G         0B       8.0G

             total       used       free     shared    buffers     cached
Mem:          2.0G       666M       1.3G       3.2M        38M       291M
-/+ buffers/cache:       336M       1.6G
Swap:         8.0G         0B       8.0G

             total       used       free     shared    buffers     cached
Mem:          2.0G       666M       1.3G       3.2M        38M       291M
-/+ buffers/cache:       336M       1.6G
Swap:         8.0G         0B       8.0G

             total       used       free     shared    buffers     cached
Mem:          2.0G       666M       1.3G       3.2M        38M       291M
-/+ buffers/cache:       336M       1.6G
Swap:         8.0G         0B       8.0G

             total       used       free     shared    buffers     cached
Mem:          2.0G       666M       1.3G       3.2M        38M       291M
-/+ buffers/cache:       336M       1.6G
Swap:         8.0G         0B       8.0G

             total       used       free     shared    buffers     cached
Mem:          2.0G       666M       1.3G       3.2M        38M       291M
-/+ buffers/cache:       336M       1.6G
Swap:         8.0G         0B       8.0G

             total       used       free     shared    buffers     cached
Mem:          2.0G       666M       1.3G       3.2M        38M       291M
-/+ buffers/cache:       336M       1.6G
Swap:         8.0G         0B       8.0G

             total       used       free     shared    buffers     cached
Mem:          2.0G       666M       1.3G       3.2M        38M       291M
-/+ buffers/cache:       336M       1.6G
Swap:         8.0G         0B       8.0G

             total       used       free     shared    buffers     cached
Mem:          2.0G       666M       1.3G       3.2M        38M       291M
-/+ buffers/cache:       336M       1.6G
Swap:         8.0G         0B       8.0G

             total       used       free     shared    buffers     cached
Mem:          2.0G       666M       1.3G       3.2M        38M       291M
-/+ buffers/cache:       336M       1.6G
Swap:         8.0G         0B       8.0G

             total       used       free     shared    buffers     cached
Mem:          2.0G       676M       1.3G       3.2M        38M       291M
-/+ buffers/cache:       345M       1.6G
Swap:         8.0G         0B       8.0G

             total       used       free     shared    buffers     cached
Mem:          2.0G       692M       1.3G       3.2M        38M       291M
-/+ buffers/cache:       361M       1.6G
Swap:         8.0G         0B       8.0G

             total       used       free     shared    buffers     cached
Mem:          2.0G       707M       1.3G       3.2M        38M       291M
-/+ buffers/cache:       376M       1.6G
Swap:         8.0G         0B       8.0G

             total       used       free     shared    buffers     cached
Mem:          2.0G       722M       1.2G       3.2M        38M       291M
-/+ buffers/cache:       392M       1.6G
Swap:         8.0G         0B       8.0G

             total       used       free     shared    buffers     cached
Mem:          2.0G       737M       1.2G       3.2M        38M       291M
-/+ buffers/cache:       406M       1.6G
Swap:         8.0G         0B       8.0G

             total       used       free     shared    buffers     cached
Mem:          2.0G       752M       1.2G       3.2M        38M       291M
-/+ buffers/cache:       421M       1.5G
Swap:         8.0G         0B       8.0G

             total       used       free     shared    buffers     cached
Mem:          2.0G       767M       1.2G       3.2M        38M       291M
-/+ buffers/cache:       436M       1.5G
Swap:         8.0G         0B       8.0G

             total       used       free     shared    buffers     cached
Mem:          2.0G       780M       1.2G       3.2M        38M       291M
-/+ buffers/cache:       450M       1.5G
Swap:         8.0G         0B       8.0G

             total       used       free     shared    buffers     cached
Mem:          2.0G       796M       1.2G       3.2M        38M       291M
-/+ buffers/cache:       466M       1.5G
Swap:         8.0G         0B       8.0G

             total       used       free     shared    buffers     cached
Mem:          2.0G       811M       1.2G       3.2M        38M       291M
-/+ buffers/cache:       480M       1.5G
Swap:         8.0G         0B       8.0G

             total       used       free     shared    buffers     cached
Mem:          2.0G       826M       1.1G       3.2M        38M       291M
-/+ buffers/cache:       496M       1.5G
Swap:         8.0G         0B       8.0G

             total       used       free     shared    buffers     cached
Mem:          2.0G       841M       1.1G       3.2M        38M       291M
-/+ buffers/cache:       510M       1.5G
Swap:         8.0G         0B       8.0G

             total       used       free     shared    buffers     cached
Mem:          2.0G       855M       1.1G       3.2M        38M       291M
-/+ buffers/cache:       525M       1.4G
Swap:         8.0G         0B       8.0G

             total       used       free     shared    buffers     cached
Mem:          2.0G       870M       1.1G       3.2M        38M       291M
-/+ buffers/cache:       540M       1.4G
Swap:         8.0G         0B       8.0G

             total       used       free     shared    buffers     cached
Mem:          2.0G       888M       1.1G       3.2M        38M       291M
-/+ buffers/cache:       557M       1.4G
Swap:         8.0G         0B       8.0G

             total       used       free     shared    buffers     cached
Mem:          2.0G       901M       1.1G       3.2M        38M       291M
-/+ buffers/cache:       570M       1.4G
Swap:         8.0G         0B       8.0G

             total       used       free     shared    buffers     cached
Mem:          2.0G       917M       1.1G       3.2M        38M       291M
-/+ buffers/cache:       586M       1.4G
Swap:         8.0G         0B       8.0G

             total       used       free     shared    buffers     cached
Mem:          2.0G       932M       1.0G       3.2M        38M       291M
-/+ buffers/cache:       601M       1.4G
Swap:         8.0G         0B       8.0G

             total       used       free     shared    buffers     cached
Mem:          2.0G       948M       1.0G       3.2M        38M       291M
-/+ buffers/cache:       618M       1.3G
Swap:         8.0G         0B       8.0G

             total       used       free     shared    buffers     cached
Mem:          2.0G       964M       1.0G       3.2M        38M       291M
-/+ buffers/cache:       633M       1.3G
Swap:         8.0G         0B       8.0G

             total       used       free     shared    buffers     cached
Mem:          2.0G       980M       1.0G       3.2M        38M       291M
-/+ buffers/cache:       649M       1.3G
Swap:         8.0G         0B       8.0G

             total       used       free     shared    buffers     cached
Mem:          2.0G       996M       1.0G       3.2M        38M       291M
-/+ buffers/cache:       665M       1.3G
Swap:         8.0G         0B       8.0G

             total       used       free     shared    buffers     cached
Mem:          2.0G       1.0G       989M       3.2M        38M       291M
-/+ buffers/cache:       680M       1.3G
Swap:         8.0G         0B       8.0G

             total       used       free     shared    buffers     cached
Mem:          2.0G       1.0G       971M       3.2M        38M       291M
-/+ buffers/cache:       697M       1.3G
Swap:         8.0G         0B       8.0G

             total       used       free     shared    buffers     cached
Mem:          2.0G       1.0G       956M       3.2M        38M       291M
-/+ buffers/cache:       712M       1.3G
Swap:         8.0G         0B       8.0G

             total       used       free     shared    buffers     cached
Mem:          2.0G       1.0G       941M       3.2M        38M       291M
-/+ buffers/cache:       727M       1.2G
Swap:         8.0G         0B       8.0G

             total       used       free     shared    buffers     cached
Mem:          2.0G       1.0G       925M       3.2M        38M       291M
-/+ buffers/cache:       743M       1.2G
Swap:         8.0G         0B       8.0G

             total       used       free     shared    buffers     cached
Mem:          2.0G       1.1G       910M       3.2M        38M       291M
-/+ buffers/cache:       758M       1.2G
Swap:         8.0G         0B       8.0G

             total       used       free     shared    buffers     cached
Mem:          2.0G       1.1G       895M       3.2M        38M       291M
-/+ buffers/cache:       773M       1.2G
Swap:         8.0G         0B       8.0G

             total       used       free     shared    buffers     cached
Mem:          2.0G       1.1G       882M       3.2M        38M       291M
-/+ buffers/cache:       786M       1.2G
Swap:         8.0G         0B       8.0G

             total       used       free     shared    buffers     cached
Mem:          2.0G       1.1G       871M       3.2M        38M       291M
-/+ buffers/cache:       797M       1.2G
Swap:         8.0G         0B       8.0G

             total       used       free     shared    buffers     cached
Mem:          2.0G       1.1G       856M       3.2M        38M       291M
-/+ buffers/cache:       812M       1.2G
Swap:         8.0G         0B       8.0G

             total       used       free     shared    buffers     cached
Mem:          2.0G       1.1G       840M       3.2M        38M       291M
-/+ buffers/cache:       828M       1.1G
Swap:         8.0G         0B       8.0G

             total       used       free     shared    buffers     cached
Mem:          2.0G       1.1G       825M       3.2M        38M       291M
-/+ buffers/cache:       843M       1.1G
Swap:         8.0G         0B       8.0G

             total       used       free     shared    buffers     cached
Mem:          2.0G       1.2G       811M       3.2M        38M       291M
-/+ buffers/cache:       857M       1.1G
Swap:         8.0G         0B       8.0G

             total       used       free     shared    buffers     cached
Mem:          2.0G       1.2G       796M       3.2M        38M       291M
-/+ buffers/cache:       872M       1.1G
Swap:         8.0G         0B       8.0G

             total       used       free     shared    buffers     cached
Mem:          2.0G       1.2G       780M       3.2M        38M       291M
-/+ buffers/cache:       888M       1.1G
Swap:         8.0G         0B       8.0G

             total       used       free     shared    buffers     cached
Mem:          2.0G       1.2G       765M       3.2M        38M       291M
-/+ buffers/cache:       903M       1.1G
Swap:         8.0G         0B       8.0G

             total       used       free     shared    buffers     cached
Mem:          2.0G       1.2G       750M       3.2M        38M       291M
-/+ buffers/cache:       918M       1.1G
Swap:         8.0G         0B       8.0G

             total       used       free     shared    buffers     cached
Mem:          2.0G       1.2G       735M       3.2M        38M       291M
-/+ buffers/cache:       933M       1.0G
Swap:         8.0G         0B       8.0G

             total       used       free     shared    buffers     cached
Mem:          2.0G       1.3G       719M       3.2M        38M       291M
-/+ buffers/cache:       949M       1.0G
Swap:         8.0G         0B       8.0G

             total       used       free     shared    buffers     cached
Mem:          2.0G       1.3G       704M       3.2M        38M       291M
-/+ buffers/cache:       964M       1.0G
Swap:         8.0G         0B       8.0G

             total       used       free     shared    buffers     cached
Mem:          2.0G       1.3G       689M       3.2M        38M       291M
-/+ buffers/cache:       979M       1.0G
Swap:         8.0G         0B       8.0G

             total       used       free     shared    buffers     cached
Mem:          2.0G       1.3G       675M       3.2M        38M       291M
-/+ buffers/cache:       993M       1.0G
Swap:         8.0G         0B       8.0G

             total       used       free     shared    buffers     cached
Mem:          2.0G       1.3G       659M       3.2M        38M       291M
-/+ buffers/cache:       1.0G       990M
Swap:         8.0G         0B       8.0G

             total       used       free     shared    buffers     cached
Mem:          2.0G       1.3G       644M       3.2M        38M       291M
-/+ buffers/cache:       1.0G       975M
Swap:         8.0G         0B       8.0G

             total       used       free     shared    buffers     cached
Mem:          2.0G       1.3G       628M       3.2M        38M       291M
-/+ buffers/cache:       1.0G       959M
Swap:         8.0G         0B       8.0G

             total       used       free     shared    buffers     cached
Mem:          2.0G       1.4G       614M       3.2M        38M       291M
-/+ buffers/cache:       1.0G       945M
Swap:         8.0G         0B       8.0G

             total       used       free     shared    buffers     cached
Mem:          2.0G       1.4G       599M       3.2M        38M       291M
-/+ buffers/cache:       1.0G       930M
Swap:         8.0G         0B       8.0G

             total       used       free     shared    buffers     cached
Mem:          2.0G       1.4G       583M       3.2M        38M       291M
-/+ buffers/cache:       1.1G       914M
Swap:         8.0G         0B       8.0G

             total       used       free     shared    buffers     cached
Mem:          2.0G       1.4G       568M       3.2M        38M       291M
-/+ buffers/cache:       1.1G       899M
Swap:         8.0G         0B       8.0G

             total       used       free     shared    buffers     cached
Mem:          2.0G       1.4G       553M       3.2M        38M       291M
-/+ buffers/cache:       1.1G       884M
Swap:         8.0G         0B       8.0G

             total       used       free     shared    buffers     cached
Mem:          2.0G       1.4G       539M       3.2M        38M       291M
-/+ buffers/cache:       1.1G       870M
Swap:         8.0G         0B       8.0G

             total       used       free     shared    buffers     cached
Mem:          2.0G       1.4G       524M       3.2M        38M       291M
-/+ buffers/cache:       1.1G       855M
Swap:         8.0G         0B       8.0G

             total       used       free     shared    buffers     cached
Mem:          2.0G       1.5G       510M       3.2M        38M       291M
-/+ buffers/cache:       1.1G       841M
Swap:         8.0G         0B       8.0G

             total       used       free     shared    buffers     cached
Mem:          2.0G       1.5G       495M       3.2M        38M       291M
-/+ buffers/cache:       1.1G       826M
Swap:         8.0G         0B       8.0G

             total       used       free     shared    buffers     cached
Mem:          2.0G       1.5G       480M       3.2M        38M       291M
-/+ buffers/cache:       1.2G       811M
Swap:         8.0G         0B       8.0G

             total       used       free     shared    buffers     cached
Mem:          2.0G       1.5G       465M       3.2M        38M       291M
-/+ buffers/cache:       1.2G       796M
Swap:         8.0G         0B       8.0G

             total       used       free     shared    buffers     cached
Mem:          2.0G       1.5G       450M       3.2M        38M       291M
-/+ buffers/cache:       1.2G       781M
Swap:         8.0G         0B       8.0G

             total       used       free     shared    buffers     cached
Mem:          2.0G       1.5G       436M       3.2M        38M       291M
-/+ buffers/cache:       1.2G       767M
Swap:         8.0G         0B       8.0G

             total       used       free     shared    buffers     cached
Mem:          2.0G       1.5G       432M       3.2M        38M       291M
-/+ buffers/cache:       1.2G       763M
Swap:         8.0G         0B       8.0G

             total       used       free     shared    buffers     cached
Mem:          2.0G       1.5G       418M       3.2M        38M       291M
-/+ buffers/cache:       1.2G       749M
Swap:         8.0G         0B       8.0G

             total       used       free     shared    buffers     cached
Mem:          2.0G       1.6G       403M       3.2M        38M       291M
-/+ buffers/cache:       1.2G       734M
Swap:         8.0G         0B       8.0G

             total       used       free     shared    buffers     cached
Mem:          2.0G       1.6G       387M       3.2M        38M       291M
-/+ buffers/cache:       1.3G       718M
Swap:         8.0G         0B       8.0G

             total       used       free     shared    buffers     cached
Mem:          2.0G       1.6G       372M       3.2M        38M       291M
-/+ buffers/cache:       1.3G       703M
Swap:         8.0G         0B       8.0G

             total       used       free     shared    buffers     cached
Mem:          2.0G       1.6G       357M       3.2M        38M       291M
-/+ buffers/cache:       1.3G       688M
Swap:         8.0G         0B       8.0G

             total       used       free     shared    buffers     cached
Mem:          2.0G       1.6G       342M       3.2M        38M       291M
-/+ buffers/cache:       1.3G       673M
Swap:         8.0G         0B       8.0G

             total       used       free     shared    buffers     cached
Mem:          2.0G       1.6G       327M       3.2M        39M       291M
-/+ buffers/cache:       1.3G       658M
Swap:         8.0G         0B       8.0G

             total       used       free     shared    buffers     cached
Mem:          2.0G       1.6G       312M       3.2M        39M       291M
-/+ buffers/cache:       1.3G       643M
Swap:         8.0G         0B       8.0G

             total       used       free     shared    buffers     cached
Mem:          2.0G       1.7G       298M       3.2M        39M       291M
-/+ buffers/cache:       1.3G       629M
Swap:         8.0G         0B       8.0G

             total       used       free     shared    buffers     cached
Mem:          2.0G       1.7G       282M       3.2M        39M       291M
-/+ buffers/cache:       1.4G       613M
Swap:         8.0G         0B       8.0G

             total       used       free     shared    buffers     cached
Mem:          2.0G       1.7G       268M       3.2M        39M       291M
-/+ buffers/cache:       1.4G       599M
Swap:         8.0G         0B       8.0G

             total       used       free     shared    buffers     cached
Mem:          2.0G       1.7G       253M       3.2M        39M       291M
-/+ buffers/cache:       1.4G       584M
Swap:         8.0G         0B       8.0G

             total       used       free     shared    buffers     cached
Mem:          2.0G       1.7G       237M       3.2M        39M       291M
-/+ buffers/cache:       1.4G       568M
Swap:         8.0G         0B       8.0G

             total       used       free     shared    buffers     cached
Mem:          2.0G       1.7G       222M       3.2M        39M       291M
-/+ buffers/cache:       1.4G       553M
Swap:         8.0G         0B       8.0G

             total       used       free     shared    buffers     cached
Mem:          2.0G       1.8G       207M       3.2M        39M       292M
-/+ buffers/cache:       1.4G       538M
Swap:         8.0G         0B       8.0G

             total       used       free     shared    buffers     cached
Mem:          2.0G       1.8G       193M       3.2M        39M       292M
-/+ buffers/cache:       1.4G       524M
Swap:         8.0G         0B       8.0G

             total       used       free     shared    buffers     cached
Mem:          2.0G       1.8G       177M       3.2M        39M       291M
-/+ buffers/cache:       1.5G       508M
Swap:         8.0G         0B       8.0G

             total       used       free     shared    buffers     cached
Mem:          2.0G       1.8G       162M       3.2M        39M       292M
-/+ buffers/cache:       1.5G       493M
Swap:         8.0G         0B       8.0G

             total       used       free     shared    buffers     cached
Mem:          2.0G       1.8G       147M       3.2M        39M       292M
-/+ buffers/cache:       1.5G       478M
Swap:         8.0G         0B       8.0G

             total       used       free     shared    buffers     cached
Mem:          2.0G       1.8G       132M       3.2M        39M       292M
-/+ buffers/cache:       1.5G       463M
Swap:         8.0G         0B       8.0G

             total       used       free     shared    buffers     cached
Mem:          2.0G       1.8G       116M       3.2M        39M       292M
-/+ buffers/cache:       1.5G       447M
Swap:         8.0G         0B       8.0G

             total       used       free     shared    buffers     cached
Mem:          2.0G       1.9G       100M       3.2M        39M       292M
-/+ buffers/cache:       1.5G       431M
Swap:         8.0G         0B       8.0G

             total       used       free     shared    buffers     cached
Mem:          2.0G       1.9G        85M       3.2M        39M       292M
-/+ buffers/cache:       1.5G       416M
Swap:         8.0G         0B       8.0G

             total       used       free     shared    buffers     cached
Mem:          2.0G       1.9G        70M       3.2M        39M       292M
-/+ buffers/cache:       1.6G       401M
Swap:         8.0G         0B       8.0G

             total       used       free     shared    buffers     cached
Mem:          2.0G       1.9G        75M       3.2M        20M       290M
-/+ buffers/cache:       1.6G       386M
Swap:         8.0G         0B       8.0G

             total       used       free     shared    buffers     cached
Mem:          2.0G       1.9G        77M       3.2M        10M       283M
-/+ buffers/cache:       1.6G       371M
Swap:         8.0G         0B       8.0G

             total       used       free     shared    buffers     cached
Mem:          2.0G       1.9G        63M       3.2M        10M       283M
-/+ buffers/cache:       1.6G       356M
Swap:         8.0G         0B       8.0G

             total       used       free     shared    buffers     cached
Mem:          2.0G       1.9G        64M       3.2M       9.9M       266M
-/+ buffers/cache:       1.6G       340M
Swap:         8.0G        76K       8.0G

             total       used       free     shared    buffers     cached
Mem:          2.0G       1.9G        68M       3.1M       9.9M       246M
-/+ buffers/cache:       1.6G       324M
Swap:         8.0G       172K       8.0G

             total       used       free     shared    buffers     cached
Mem:          2.0G       1.9G        66M       3.0M       9.9M       233M
-/+ buffers/cache:       1.7G       310M
Swap:         8.0G       4.7M       8.0G

             total       used       free     shared    buffers     cached
Mem:          2.0G       1.9G        83M       2.9M       9.7M       207M
-/+ buffers/cache:       1.7G       301M
Swap:         8.0G        10M       8.0G

             total       used       free     shared    buffers     cached
Mem:          2.0G       1.9G        68M       2.9M       9.7M       207M
-/+ buffers/cache:       1.7G       286M
Swap:         8.0G        10M       8.0G

             total       used       free     shared    buffers     cached
Mem:          2.0G       1.9G        65M       2.9M       2.9M       201M
-/+ buffers/cache:       1.7G       269M
Swap:         8.0G        10M       8.0G

             total       used       free     shared    buffers     cached
Mem:          2.0G       1.9G        63M       2.9M       1.4M       189M
-/+ buffers/cache:       1.7G       254M
Swap:         8.0G        10M       8.0G

             total       used       free     shared    buffers     cached
Mem:          2.0G       1.9G        72M       2.9M       392K       167M
-/+ buffers/cache:       1.7G       240M
Swap:         8.0G        10M       8.0G

             total       used       free     shared    buffers     cached
Mem:          2.0G       1.9G        77M       2.9M       380K       147M
-/+ buffers/cache:       1.7G       225M
Swap:         8.0G        10M       8.0G

             total       used       free     shared    buffers     cached
Mem:          2.0G       1.9G        79M       2.9M       112K       130M
-/+ buffers/cache:       1.7G       210M
Swap:         8.0G        10M       8.0G

             total       used       free     shared    buffers     cached
Mem:          2.0G       1.9G        65M       2.9M       116K       130M
-/+ buffers/cache:       1.8G       196M
Swap:         8.0G        10M       8.0G

             total       used       free     shared    buffers     cached
Mem:          2.0G       1.9G        66M       2.9M        76K       115M
-/+ buffers/cache:       1.8G       182M
Swap:         8.0G        10M       8.0G

             total       used       free     shared    buffers     cached
Mem:          2.0G       1.9G        66M       2.9M        88K       102M
-/+ buffers/cache:       1.8G       168M
Swap:         8.0G        10M       8.0G

             total       used       free     shared    buffers     cached
Mem:          2.0G       1.9G        65M       2.9M        88K        90M
-/+ buffers/cache:       1.8G       155M
Swap:         8.0G        10M       8.0G

             total       used       free     shared    buffers     cached
Mem:          2.0G       1.9G        73M       2.9M        88K        70M
-/+ buffers/cache:       1.8G       143M
Swap:         8.0G        10M       8.0G

             total       used       free     shared    buffers     cached
Mem:          2.0G       1.9G        75M       2.9M        88K        54M
-/+ buffers/cache:       1.8G       130M
Swap:         8.0G        10M       8.0G

             total       used       free     shared    buffers     cached
Mem:          2.0G       1.9G        83M       2.9M       100K        32M
-/+ buffers/cache:       1.8G       115M
Swap:         8.0G        10M       8.0G

             total       used       free     shared    buffers     cached
Mem:          2.0G       1.9G        69M       2.9M       240K        32M
-/+ buffers/cache:       1.9G       101M
Swap:         8.0G        10M       8.0G

             total       used       free     shared    buffers     cached
Mem:          2.0G       1.9G        75M       2.9M       512K        11M
-/+ buffers/cache:       1.9G        86M
Swap:         8.0G        10M       8.0G

             total       used       free     shared    buffers     cached
Mem:          2.0G       1.9G        75M       2.8M       152K       4.1M
-/+ buffers/cache:       1.9G        79M
Swap:         8.0G        16M       8.0G

             total       used       free     shared    buffers     cached
Mem:          2.0G       1.9G        76M       2.5M       256K       4.2M
-/+ buffers/cache:       1.9G        80M
Swap:         8.0G        30M       8.0G

             total       used       free     shared    buffers     cached
Mem:          2.0G       1.9G        76M       2.5M       264K       4.2M
-/+ buffers/cache:       1.9G        80M
Swap:         8.0G        47M       8.0G

             total       used       free     shared    buffers     cached
Mem:          2.0G       1.9G        82M       2.5M       264K       4.2M
-/+ buffers/cache:       1.9G        86M
Swap:         8.0G        61M       7.9G

             total       used       free     shared    buffers     cached
Mem:          2.0G       1.9G        68M       2.5M       264K       4.3M
-/+ buffers/cache:       1.9G        73M
Swap:         8.0G        61M       7.9G

             total       used       free     shared    buffers     cached
Mem:          2.0G       1.9G        78M       2.4M       264K       4.2M
-/+ buffers/cache:       1.9G        82M
Swap:         8.0G       104M       7.9G

             total       used       free     shared    buffers     cached
Mem:          2.0G       1.9G        79M       2.4M       264K       4.2M
-/+ buffers/cache:       1.9G        84M
Swap:         8.0G       104M       7.9G

             total       used       free     shared    buffers     cached
Mem:          2.0G       1.9G        79M       2.4M       264K       4.2M
-/+ buffers/cache:       1.9G        84M
Swap:         8.0G       118M       7.9G

             total       used       free     shared    buffers     cached
Mem:          2.0G       1.9G        68M       2.4M       272K       4.2M
-/+ buffers/cache:       1.9G        72M
Swap:         8.0G       118M       7.9G

             total       used       free     shared    buffers     cached
Mem:          2.0G       1.9G        74M       2.4M       272K       4.1M
-/+ buffers/cache:       1.9G        78M
Swap:         8.0G       141M       7.9G

             total       used       free     shared    buffers     cached
Mem:          2.0G       1.9G        78M       2.4M       272K       4.1M
-/+ buffers/cache:       1.9G        82M
Swap:         8.0G       158M       7.8G

             total       used       free     shared    buffers     cached
Mem:          2.0G       1.9G        69M       2.4M       272K       4.0M
-/+ buffers/cache:       1.9G        74M
Swap:         8.0G       164M       7.8G

             total       used       free     shared    buffers     cached
Mem:          2.0G       1.9G        73M       2.3M       272K       4.0M
-/+ buffers/cache:       1.9G        77M
Swap:         8.0G       199M       7.8G

             total       used       free     shared    buffers     cached
Mem:          2.0G       1.9G        75M       2.3M       280K       4.6M
-/+ buffers/cache:       1.9G        80M
Swap:         8.0G       199M       7.8G

             total       used       free     shared    buffers     cached
Mem:          2.0G       1.9G        71M       2.3M       1.9M        24M
-/+ buffers/cache:       1.9G        98M
Swap:         8.0G       235M       7.8G

             total       used       free     shared    buffers     cached
Mem:          2.0G       1.9G        81M       2.3M       1.9M        23M
-/+ buffers/cache:       1.8G       107M
Swap:         8.0G       243M       7.8G

             total       used       free     shared    buffers     cached
Mem:          2.0G       1.9G        74M       2.3M       1.9M        23M
-/+ buffers/cache:       1.9G       100M
Swap:         8.0G       241M       7.8G

             total       used       free     shared    buffers     cached
Mem:          2.0G       1.9G        68M       2.3M       1.9M        23M
-/+ buffers/cache:       1.9G        94M
Swap:         8.0G       241M       7.8G

             total       used       free     shared    buffers     cached
Mem:          2.0G       1.9G        68M       2.3M       1.0M        10M
-/+ buffers/cache:       1.9G        80M
Swap:         8.0G       241M       7.8G

             total       used       free     shared    buffers     cached
Mem:          2.0G       1.9G        77M       2.2M       344K       9.4M
-/+ buffers/cache:       1.9G        87M
Swap:         8.0G       269M       7.7G

             total       used       free     shared    buffers     cached
Mem:          2.0G       1.9G        89M       2.2M       320K       8.3M
-/+ buffers/cache:       1.9G        98M
Swap:         8.0G       294M       7.7G

             total       used       free     shared    buffers     cached
Mem:          2.0G       1.9G        79M       2.2M       324K       8.4M
-/+ buffers/cache:       1.9G        88M
Swap:         8.0G       294M       7.7G

             total       used       free     shared    buffers     cached
Mem:          2.0G       1.9G        71M       2.2M       324K       8.4M
-/+ buffers/cache:       1.9G        80M
Swap:         8.0G       294M       7.7G

             total       used       free     shared    buffers     cached
Mem:          2.0G       1.9G        70M       2.2M       324K       8.4M
-/+ buffers/cache:       1.9G        79M
Swap:         8.0G       294M       7.7G

             total       used       free     shared    buffers     cached
Mem:          2.0G       1.9G        69M       2.2M       332K       8.4M
-/+ buffers/cache:       1.9G        78M
Swap:         8.0G       293M       7.7G

             total       used       free     shared    buffers     cached
Mem:          2.0G       1.9G        69M       2.2M       332K       8.4M
-/+ buffers/cache:       1.9G        77M
Swap:         8.0G       293M       7.7G

             total       used       free     shared    buffers     cached
Mem:          2.0G       1.9G        68M       2.2M       332K       8.4M
-/+ buffers/cache:       1.9G        77M
Swap:         8.0G       292M       7.7G

             total       used       free     shared    buffers     cached
Mem:          2.0G       1.9G        67M       2.2M       332K       8.4M
-/+ buffers/cache:       1.9G        76M
Swap:         8.0G       292M       7.7G

             total       used       free     shared    buffers     cached
Mem:          2.0G       1.9G        67M       2.2M       332K       8.4M
-/+ buffers/cache:       1.9G        75M
Swap:         8.0G       291M       7.7G

             total       used       free     shared    buffers     cached
Mem:          2.0G       1.9G        79M       2.2M       352K       8.1M
-/+ buffers/cache:       1.9G        88M
Swap:         8.0G       307M       7.7G

             total       used       free     shared    buffers     cached
Mem:          2.0G       1.9G        78M       2.2M       352K       8.1M
-/+ buffers/cache:       1.9G        87M
Swap:         8.0G       306M       7.7G

             total       used       free     shared    buffers     cached
Mem:          2.0G       1.9G        78M       2.2M       352K       8.1M
-/+ buffers/cache:       1.9G        86M
Swap:         8.0G       306M       7.7G

             total       used       free     shared    buffers     cached
Mem:          2.0G       1.9G        77M       2.2M       352K       8.1M
-/+ buffers/cache:       1.9G        85M
Swap:         8.0G       305M       7.7G

             total       used       free     shared    buffers     cached
Mem:          2.0G       1.9G        76M       2.2M       352K       8.1M
-/+ buffers/cache:       1.9G        84M
Swap:         8.0G       304M       7.7G

             total       used       free     shared    buffers     cached
Mem:          2.0G       1.9G        73M       2.2M       364K       9.7M
-/+ buffers/cache:       1.9G        83M
Swap:         8.0G       304M       7.7G

             total       used       free     shared    buffers     cached
Mem:          2.0G       1.9G        72M       2.2M       364K       9.8M
-/+ buffers/cache:       1.9G        82M
Swap:         8.0G       303M       7.7G

             total       used       free     shared    buffers     cached
Mem:          2.0G       1.9G        69M       2.2M       364K        11M
-/+ buffers/cache:       1.9G        81M
Swap:         8.0G       302M       7.7G

             total       used       free     shared    buffers     cached
Mem:          2.0G       1.9G        68M       2.2M       364K        11M
-/+ buffers/cache:       1.9G        80M
Swap:         8.0G       302M       7.7G

             total       used       free     shared    buffers     cached
Mem:          2.0G       1.9G        67M       2.2M       364K        11M
-/+ buffers/cache:       1.9G        79M
Swap:         8.0G       301M       7.7G

             total       used       free     shared    buffers     cached
Mem:          2.0G       1.9G        85M       2.2M        76K        10M
-/+ buffers/cache:       1.9G        96M
Swap:         8.0G       326M       7.7G

             total       used       free     shared    buffers     cached
Mem:          2.0G       1.9G       102M       2.2M        84K        10M
-/+ buffers/cache:       1.8G       112M
Swap:         8.0G       329M       7.7G

             total       used       free     shared    buffers     cached
Mem:          2.0G       1.9G        81M       2.2M       780K        32M
-/+ buffers/cache:       1.8G       113M
Swap:         8.0G       341M       7.7G

             total       used       free     shared    buffers     cached
Mem:          2.0G       1.9G        80M       2.2M       780K        32M
-/+ buffers/cache:       1.8G       113M
Swap:         8.0G       340M       7.7G

             total       used       free     shared    buffers     cached
Mem:          2.0G       1.9G        79M       2.2M       784K        32M
-/+ buffers/cache:       1.8G       111M
Swap:         8.0G       339M       7.7G

             total       used       free     shared    buffers     cached
Mem:          2.0G       1.9G        78M       2.2M       788K        32M
-/+ buffers/cache:       1.8G       110M
Swap:         8.0G       339M       7.7G

             total       used       free     shared    buffers     cached
Mem:          2.0G       1.9G        76M       2.2M       796K        32M
-/+ buffers/cache:       1.8G       110M
Swap:         8.0G       338M       7.7G

             total       used       free     shared    buffers     cached
Mem:          2.0G       1.9G        75M       2.2M       796K        32M
-/+ buffers/cache:       1.8G       108M
Swap:         8.0G       338M       7.7G

             total       used       free     shared    buffers     cached
Mem:          2.0G       1.9G        74M       2.2M       796K        33M
-/+ buffers/cache:       1.8G       108M
Swap:         8.0G       337M       7.7G

             total       used       free     shared    buffers     cached
Mem:          2.0G       1.9G        73M       2.2M       796K        33M
-/+ buffers/cache:       1.8G       107M
Swap:         8.0G       337M       7.7G

             total       used       free     shared    buffers     cached
Mem:          2.0G       1.9G        72M       2.2M       796K        33M
-/+ buffers/cache:       1.8G       107M
Swap:         8.0G       336M       7.7G

             total       used       free     shared    buffers     cached
Mem:          2.0G       1.9G        72M       2.2M       796K        33M
-/+ buffers/cache:       1.8G       106M
Swap:         8.0G       336M       7.7G

             total       used       free     shared    buffers     cached
Mem:          2.0G       1.9G        71M       2.2M       804K        33M
-/+ buffers/cache:       1.8G       105M
Swap:         8.0G       336M       7.7G

             total       used       free     shared    buffers     cached
Mem:          2.0G       1.9G        71M       2.2M       804K        33M
-/+ buffers/cache:       1.9G       105M
Swap:         8.0G       335M       7.7G

             total       used       free     shared    buffers     cached
Mem:          2.0G       1.9G        70M       2.2M       804K        33M
-/+ buffers/cache:       1.9G       104M
Swap:         8.0G       335M       7.7G

             total       used       free     shared    buffers     cached
Mem:          2.0G       1.9G        70M       2.2M       804K        33M
-/+ buffers/cache:       1.9G       104M
Swap:         8.0G       335M       7.7G

             total       used       free     shared    buffers     cached
Mem:          2.0G       1.9G        69M       2.2M       804K        33M
-/+ buffers/cache:       1.9G       103M
Swap:         8.0G       334M       7.7G

             total       used       free     shared    buffers     cached
Mem:          2.0G       1.9G        68M       2.2M       812K        33M
-/+ buffers/cache:       1.9G       103M
Swap:         8.0G       334M       7.7G

             total       used       free     shared    buffers     cached
Mem:          2.0G       1.9G        68M       2.2M       812K        33M
-/+ buffers/cache:       1.9G       102M
Swap:         8.0G       333M       7.7G

             total       used       free     shared    buffers     cached
Mem:          2.0G       1.9G        67M       2.2M       812K        33M
-/+ buffers/cache:       1.9G       102M
Swap:         8.0G       333M       7.7G

             total       used       free     shared    buffers     cached
Mem:          2.0G       1.9G        67M       2.2M       812K        33M
-/+ buffers/cache:       1.9G       101M
Swap:         8.0G       333M       7.7G

             total       used       free     shared    buffers     cached
Mem:          2.0G       1.9G        66M       2.2M       812K        33M
-/+ buffers/cache:       1.9G       101M
Swap:         8.0G       332M       7.7G

             total       used       free     shared    buffers     cached
Mem:          2.0G       1.9G        85M       2.2M       196K        30M
-/+ buffers/cache:       1.8G       115M
Swap:         8.0G       349M       7.7G

             total       used       free     shared    buffers     cached
Mem:          2.0G       1.9G        84M       2.2M       204K        30M
-/+ buffers/cache:       1.8G       114M
Swap:         8.0G       348M       7.7G

             total       used       free     shared    buffers     cached
Mem:          2.0G       1.9G        83M       2.2M       204K        30M
-/+ buffers/cache:       1.8G       114M
Swap:         8.0G       348M       7.7G

             total       used       free     shared    buffers     cached
Mem:          2.0G       1.9G        83M       2.2M       204K        30M
-/+ buffers/cache:       1.8G       113M
Swap:         8.0G       347M       7.7G

             total       used       free     shared    buffers     cached
Mem:          2.0G       1.9G        82M       2.2M       204K        30M
-/+ buffers/cache:       1.8G       113M
Swap:         8.0G       347M       7.7G

             total       used       free     shared    buffers     cached
Mem:          2.0G       1.9G        82M       2.2M       204K        30M
-/+ buffers/cache:       1.8G       112M
Swap:         8.0G       347M       7.7G

             total       used       free     shared    buffers     cached
Mem:          2.0G       1.9G        81M       2.2M       212K        30M
-/+ buffers/cache:       1.8G       112M
Swap:         8.0G       346M       7.7G

             total       used       free     shared    buffers     cached
Mem:          2.0G       1.9G        80M       2.2M       212K        30M
-/+ buffers/cache:       1.8G       111M
Swap:         8.0G       346M       7.7G

             total       used       free     shared    buffers     cached
Mem:          2.0G       1.9G        80M       2.2M       212K        30M
-/+ buffers/cache:       1.8G       110M
Swap:         8.0G       346M       7.7G

             total       used       free     shared    buffers     cached
Mem:          2.0G       1.9G        79M       2.2M       212K        30M
-/+ buffers/cache:       1.8G       110M
Swap:         8.0G       345M       7.7G

             total       used       free     shared    buffers     cached
Mem:          2.0G       1.9G        79M       2.2M       212K        30M
-/+ buffers/cache:       1.8G       109M
Swap:         8.0G       345M       7.7G

             total       used       free     shared    buffers     cached
Mem:          2.0G       1.9G        78M       2.2M       212K        30M
-/+ buffers/cache:       1.8G       109M
Swap:         8.0G       344M       7.7G

             total       used       free     shared    buffers     cached
Mem:          2.0G       1.9G        76M       2.2M       220K        31M
-/+ buffers/cache:       1.8G       108M
Swap:         8.0G       344M       7.7G

             total       used       free     shared    buffers     cached
Mem:          2.0G       1.9G        71M       2.2M       668K        35M
-/+ buffers/cache:       1.8G       107M
Swap:         8.0G       343M       7.7G

             total       used       free     shared    buffers     cached
Mem:          2.0G       1.9G        70M       2.2M       668K        35M
-/+ buffers/cache:       1.8G       107M
Swap:         8.0G       343M       7.7G

             total       used       free     shared    buffers     cached
Mem:          2.0G       1.9G        70M       2.2M       668K        35M
-/+ buffers/cache:       1.8G       106M
Swap:         8.0G       343M       7.7G

             total       used       free     shared    buffers     cached
Mem:          2.0G       1.9G        69M       2.2M       668K        35M
-/+ buffers/cache:       1.8G       105M
Swap:         8.0G       342M       7.7G

             total       used       free     shared    buffers     cached
Mem:          2.0G       1.9G        69M       2.2M       676K        35M
-/+ buffers/cache:       1.9G       105M
Swap:         8.0G       342M       7.7G

             total       used       free     shared    buffers     cached
Mem:          2.0G       1.9G        68M       2.2M       676K        35M
-/+ buffers/cache:       1.9G       104M
Swap:         8.0G       341M       7.7G

             total       used       free     shared    buffers     cached
Mem:          2.0G       1.9G        67M       2.2M       676K        35M
-/+ buffers/cache:       1.9G       104M
Swap:         8.0G       341M       7.7G

             total       used       free     shared    buffers     cached
Mem:          2.0G       1.9G        67M       2.2M       676K        35M
-/+ buffers/cache:       1.9G       103M
Swap:         8.0G       341M       7.7G

             total       used       free     shared    buffers     cached
Mem:          2.0G       1.9G        78M       2.2M       556K        33M
-/+ buffers/cache:       1.8G       111M
Swap:         8.0G       341M       7.7G

             total       used       free     shared    buffers     cached
Mem:          2.0G       1.9G        78M       2.2M       556K        33M
-/+ buffers/cache:       1.8G       111M
Swap:         8.0G       340M       7.7G

             total       used       free     shared    buffers     cached
Mem:          2.0G       1.9G        77M       2.2M       564K        33M
-/+ buffers/cache:       1.8G       110M
Swap:         8.0G       340M       7.7G

             total       used       free     shared    buffers     cached
Mem:          2.0G       1.9G        76M       2.2M       564K        33M
-/+ buffers/cache:       1.8G       110M
Swap:         8.0G       340M       7.7G

             total       used       free     shared    buffers     cached
Mem:          2.0G       1.9G        75M       2.2M       564K        33M
-/+ buffers/cache:       1.8G       109M
Swap:         8.0G       339M       7.7G

             total       used       free     shared    buffers     cached
Mem:          2.0G       1.9G        75M       2.2M       564K        33M
-/+ buffers/cache:       1.8G       109M
Swap:         8.0G       339M       7.7G

             total       used       free     shared    buffers     cached
Mem:          2.0G       1.9G        74M       2.2M       564K        33M
-/+ buffers/cache:       1.8G       108M
Swap:         8.0G       339M       7.7G

             total       used       free     shared    buffers     cached
Mem:          2.0G       1.9G        73M       2.2M       572K        33M
-/+ buffers/cache:       1.8G       107M
Swap:         8.0G       338M       7.7G

             total       used       free     shared    buffers     cached
Mem:          2.0G       1.9G        73M       2.2M       572K        33M
-/+ buffers/cache:       1.8G       107M
Swap:         8.0G       338M       7.7G

             total       used       free     shared    buffers     cached
Mem:          2.0G       1.9G        71M       2.2M       708K        34M
-/+ buffers/cache:       1.8G       106M
Swap:         8.0G       337M       7.7G

             total       used       free     shared    buffers     cached
Mem:          2.0G       1.9G        71M       2.2M       708K        34M
-/+ buffers/cache:       1.8G       105M
Swap:         8.0G       337M       7.7G

             total       used       free     shared    buffers     cached
Mem:          2.0G       1.9G        70M       2.2M       708K        34M
-/+ buffers/cache:       1.9G       105M
Swap:         8.0G       337M       7.7G

             total       used       free     shared    buffers     cached
Mem:          2.0G       1.9G        69M       2.2M       708K        34M
-/+ buffers/cache:       1.9G       104M
Swap:         8.0G       336M       7.7G

             total       used       free     shared    buffers     cached
Mem:          2.0G       1.9G        87M       2.2M       716K        30M
-/+ buffers/cache:       1.8G       118M
Swap:         8.0G       374M       7.6G

             total       used       free     shared    buffers     cached
Mem:          2.0G       1.9G        86M       2.2M       716K        30M
-/+ buffers/cache:       1.8G       117M
Swap:         8.0G       374M       7.6G

             total       used       free     shared    buffers     cached
Mem:          2.0G       1.9G        85M       2.2M       716K        30M
-/+ buffers/cache:       1.8G       117M
Swap:         8.0G       373M       7.6G

             total       used       free     shared    buffers     cached
Mem:          2.0G       1.9G        80M       2.2M       716K        33M
-/+ buffers/cache:       1.8G       114M
Swap:         8.0G       372M       7.6G

             total       used       free     shared    buffers     cached
Mem:          2.0G       1.9G        78M       2.2M       716K        33M
-/+ buffers/cache:       1.8G       112M
Swap:         8.0G       371M       7.6G

             total       used       free     shared    buffers     cached
Mem:          2.0G       1.9G        77M       2.2M       724K        33M
-/+ buffers/cache:       1.8G       112M
Swap:         8.0G       370M       7.6G

             total       used       free     shared    buffers     cached
Mem:          2.0G       1.9G        77M       2.2M       724K        33M
-/+ buffers/cache:       1.8G       112M
Swap:         8.0G       370M       7.6G

             total       used       free     shared    buffers     cached
Mem:          2.0G       1.9G        77M       2.2M       724K        33M
-/+ buffers/cache:       1.8G       111M
Swap:         8.0G       370M       7.6G

             total       used       free     shared    buffers     cached
Mem:          2.0G       1.9G        76M       2.2M       724K        33M
-/+ buffers/cache:       1.8G       111M
Swap:         8.0G       370M       7.6G

             total       used       free     shared    buffers     cached
Mem:          2.0G       1.9G        76M       2.2M       724K        33M
-/+ buffers/cache:       1.8G       110M
Swap:         8.0G       369M       7.6G

             total       used       free     shared    buffers     cached
Mem:          2.0G       1.9G        75M       2.2M       724K        33M
-/+ buffers/cache:       1.8G       110M
Swap:         8.0G       369M       7.6G

             total       used       free     shared    buffers     cached
Mem:          2.0G       1.9G        75M       2.2M       732K        33M
-/+ buffers/cache:       1.8G       109M
Swap:         8.0G       369M       7.6G

             total       used       free     shared    buffers     cached
Mem:          2.0G       1.9G        75M       2.2M       732K        33M
-/+ buffers/cache:       1.8G       109M
Swap:         8.0G       368M       7.6G

             total       used       free     shared    buffers     cached
Mem:          2.0G       1.9G        74M       2.2M       732K        33M
-/+ buffers/cache:       1.8G       109M
Swap:         8.0G       368M       7.6G

             total       used       free     shared    buffers     cached
Mem:          2.0G       1.9G        69M       6.0M       2.9M        54M
-/+ buffers/cache:       1.8G       127M
Swap:         8.0G       380M       7.6G

             total       used       free     shared    buffers     cached
Mem:          2.0G       1.9G        67M       6.0M       4.6M        67M
-/+ buffers/cache:       1.8G       139M
Swap:         8.0G       400M       7.6G

             total       used       free     shared    buffers     cached
Mem:          2.0G       1.9G        94M       2.4M       3.9M        61M
-/+ buffers/cache:       1.8G       159M
Swap:         8.0G       436M       7.6G

             total       used       free     shared    buffers     cached
Mem:          2.0G       1.9G        80M       2.3M       4.1M        65M
-/+ buffers/cache:       1.8G       150M
Swap:         8.0G       431M       7.6G

             total       used       free     shared    buffers     cached
Mem:          2.0G       1.9G        77M       2.3M       4.1M        65M
-/+ buffers/cache:       1.8G       147M
Swap:         8.0G       430M       7.6G

             total       used       free     shared    buffers     cached
Mem:          2.0G       1.9G        75M       2.3M       4.1M        65M
-/+ buffers/cache:       1.8G       145M
Swap:         8.0G       429M       7.6G

             total       used       free     shared    buffers     cached
Mem:          2.0G       1.9G        75M       2.3M       4.1M        65M
-/+ buffers/cache:       1.8G       145M
Swap:         8.0G       429M       7.6G

             total       used       free     shared    buffers     cached
Mem:          2.0G       1.9G        73M       2.3M       4.3M        66M
-/+ buffers/cache:       1.8G       144M
Swap:         8.0G       429M       7.6G

             total       used       free     shared    buffers     cached
Mem:          2.0G       1.9G        72M       2.3M       4.3M        66M
-/+ buffers/cache:       1.8G       143M
Swap:         8.0G       428M       7.6G

             total       used       free     shared    buffers     cached
Mem:          2.0G       1.9G        71M       2.3M       4.3M        66M
-/+ buffers/cache:       1.8G       142M
Swap:         8.0G       427M       7.6G

             total       used       free     shared    buffers     cached
Mem:          2.0G       1.9G        70M       2.3M       4.3M        66M
-/+ buffers/cache:       1.8G       141M
Swap:         8.0G       427M       7.6G

             total       used       free     shared    buffers     cached
Mem:          2.0G       1.9G        69M       2.3M       4.3M        66M
-/+ buffers/cache:       1.8G       140M
Swap:         8.0G       427M       7.6G

             total       used       free     shared    buffers     cached
Mem:          2.0G       1.9G        68M       2.3M       4.3M        66M
-/+ buffers/cache:       1.8G       139M
Swap:         8.0G       426M       7.6G

             total       used       free     shared    buffers     cached
Mem:          2.0G       1.9G        67M       2.3M       4.3M        66M
-/+ buffers/cache:       1.8G       138M
Swap:         8.0G       426M       7.6G

             total       used       free     shared    buffers     cached
Mem:          2.0G       1.9G        79M       2.3M       4.2M        65M
-/+ buffers/cache:       1.8G       149M
Swap:         8.0G       425M       7.6G

             total       used       free     shared    buffers     cached
Mem:          2.0G       1.9G        79M       2.3M       4.2M        65M
-/+ buffers/cache:       1.8G       149M
Swap:         8.0G       424M       7.6G

             total       used       free     shared    buffers     cached
Mem:          2.0G       1.9G        78M       2.3M       4.2M        65M
-/+ buffers/cache:       1.8G       148M
Swap:         8.0G       424M       7.6G

             total       used       free     shared    buffers     cached
Mem:          2.0G       1.9G        77M       2.3M       4.2M        65M
-/+ buffers/cache:       1.8G       147M
Swap:         8.0G       423M       7.6G

             total       used       free     shared    buffers     cached
Mem:          2.0G       1.9G        76M       2.3M       4.2M        65M
-/+ buffers/cache:       1.8G       145M
Swap:         8.0G       423M       7.6G

             total       used       free     shared    buffers     cached
Mem:          2.0G       1.9G        75M       2.3M       4.2M        65M
-/+ buffers/cache:       1.8G       144M
Swap:         8.0G       422M       7.6G

             total       used       free     shared    buffers     cached
Mem:          2.0G       1.9G        74M       2.3M       4.2M        65M
-/+ buffers/cache:       1.8G       144M
Swap:         8.0G       422M       7.6G

             total       used       free     shared    buffers     cached
Mem:          2.0G       1.9G        73M       2.3M       4.2M        65M
-/+ buffers/cache:       1.8G       143M
Swap:         8.0G       421M       7.6G

             total       used       free     shared    buffers     cached
Mem:          2.0G       1.9G        72M       2.3M       4.2M        65M
-/+ buffers/cache:       1.8G       142M
Swap:         8.0G       421M       7.6G

             total       used       free     shared    buffers     cached
Mem:          2.0G       1.9G        71M       2.3M       4.2M        65M
-/+ buffers/cache:       1.8G       141M
Swap:         8.0G       420M       7.6G

             total       used       free     shared    buffers     cached
Mem:          2.0G       1.9G        69M       2.3M       4.2M        66M
-/+ buffers/cache:       1.8G       140M
Swap:         8.0G       420M       7.6G

             total       used       free     shared    buffers     cached
Mem:          2.0G       1.9G        68M       2.3M       4.2M        66M
-/+ buffers/cache:       1.8G       139M
Swap:         8.0G       419M       7.6G

             total       used       free     shared    buffers     cached
Mem:          2.0G       1.9G        68M       2.3M       4.2M        66M
-/+ buffers/cache:       1.8G       138M
Swap:         8.0G       419M       7.6G

             total       used       free     shared    buffers     cached
Mem:          2.0G       1.9G        66M       2.3M       4.2M        66M
-/+ buffers/cache:       1.8G       137M
Swap:         8.0G       418M       7.6G

             total       used       free     shared    buffers     cached
Mem:          2.0G       1.9G        87M       2.3M       3.6M        61M
-/+ buffers/cache:       1.8G       152M
Swap:         8.0G       446M       7.6G

             total       used       free     shared    buffers     cached
Mem:          2.0G       1.9G        87M       2.3M       3.6M        61M
-/+ buffers/cache:       1.8G       152M
Swap:         8.0G       446M       7.6G

             total       used       free     shared    buffers     cached
Mem:          2.0G       1.9G        86M       2.3M       3.6M        61M
-/+ buffers/cache:       1.8G       151M
Swap:         8.0G       445M       7.6G

             total       used       free     shared    buffers     cached
Mem:          2.0G       1.9G        85M       2.3M       3.6M        61M
-/+ buffers/cache:       1.8G       150M
Swap:         8.0G       445M       7.6G

             total       used       free     shared    buffers     cached
Mem:          2.0G       1.9G        83M       2.3M       3.6M        61M
-/+ buffers/cache:       1.8G       148M
Swap:         8.0G       444M       7.6G

             total       used       free     shared    buffers     cached
Mem:          2.0G       1.9G        83M       2.3M       3.6M        61M
-/+ buffers/cache:       1.8G       148M
Swap:         8.0G       444M       7.6G

             total       used       free     shared    buffers     cached
Mem:          2.0G       1.9G        81M       2.3M       3.6M        61M
-/+ buffers/cache:       1.8G       147M
Swap:         8.0G       443M       7.6G

             total       used       free     shared    buffers     cached
Mem:          2.0G       1.9G        80M       2.3M       3.6M        61M
-/+ buffers/cache:       1.8G       146M
Swap:         8.0G       443M       7.6G

             total       used       free     shared    buffers     cached
Mem:          2.0G       1.9G        79M       2.3M       3.6M        61M
-/+ buffers/cache:       1.8G       145M
Swap:         8.0G       442M       7.6G

             total       used       free     shared    buffers     cached
Mem:          2.0G       1.9G        79M       2.3M       3.6M        61M
-/+ buffers/cache:       1.8G       144M
Swap:         8.0G       442M       7.6G

             total       used       free     shared    buffers     cached
Mem:          2.0G       1.9G        77M       2.3M       3.6M        61M
-/+ buffers/cache:       1.8G       143M
Swap:         8.0G       441M       7.6G

             total       used       free     shared    buffers     cached
Mem:          2.0G       1.9G        76M       2.4M       7.2M        70M
-/+ buffers/cache:       1.8G       154M
Swap:         8.0G       447M       7.6G

             total       used       free     shared    buffers     cached
Mem:          2.0G       1.9G        75M       2.4M       8.1M        74M
-/+ buffers/cache:       1.8G       159M
Swap:         8.0G       449M       7.6G
