             total       used       free     shared    buffers     cached
Mem:          2.0G       664M       1.3G       3.2M        38M       289M
-/+ buffers/cache:       336M       1.6G
Swap:         8.0G         0B       8.0G

             total       used       free     shared    buffers     cached
Mem:          2.0G       663M       1.3G       1.4M        38M       288M
-/+ buffers/cache:       336M       1.6G
Swap:         8.0G         0B       8.0G

             total       used       free     shared    buffers     cached
Mem:          2.0G       663M       1.3G       1.4M        38M       288M
-/+ buffers/cache:       336M       1.6G
Swap:         8.0G         0B       8.0G

             total       used       free     shared    buffers     cached
Mem:          2.0G       663M       1.3G       1.4M        38M       288M
-/+ buffers/cache:       336M       1.6G
Swap:         8.0G         0B       8.0G

             total       used       free     shared    buffers     cached
Mem:          2.0G       663M       1.3G       1.4M        38M       288M
-/+ buffers/cache:       336M       1.6G
Swap:         8.0G         0B       8.0G

             total       used       free     shared    buffers     cached
Mem:          2.0G       663M       1.3G       1.4M        38M       288M
-/+ buffers/cache:       336M       1.6G
Swap:         8.0G         0B       8.0G

             total       used       free     shared    buffers     cached
Mem:          2.0G       662M       1.3G       1.4M        38M       288M
-/+ buffers/cache:       336M       1.6G
Swap:         8.0G         0B       8.0G

             total       used       free     shared    buffers     cached
Mem:          2.0G       662M       1.3G       1.4M        38M       288M
-/+ buffers/cache:       336M       1.6G
Swap:         8.0G         0B       8.0G

             total       used       free     shared    buffers     cached
Mem:          2.0G       663M       1.3G       1.4M        38M       288M
-/+ buffers/cache:       336M       1.6G
Swap:         8.0G         0B       8.0G

             total       used       free     shared    buffers     cached
Mem:          2.0G       662M       1.3G       1.4M        38M       288M
-/+ buffers/cache:       336M       1.6G
Swap:         8.0G         0B       8.0G

             total       used       free     shared    buffers     cached
Mem:          2.0G       666M       1.3G       1.4M        38M       288M
-/+ buffers/cache:       339M       1.6G
Swap:         8.0G         0B       8.0G

             total       used       free     shared    buffers     cached
Mem:          2.0G       687M       1.3G       1.4M        38M       288M
-/+ buffers/cache:       360M       1.6G
Swap:         8.0G         0B       8.0G

             total       used       free     shared    buffers     cached
Mem:          2.0G       672M       1.3G       1.4M        38M       289M
-/+ buffers/cache:       344M       1.6G
Swap:         8.0G         0B       8.0G

             total       used       free     shared    buffers     cached
Mem:          2.0G       672M       1.3G       1.4M        38M       289M
-/+ buffers/cache:       344M       1.6G
Swap:         8.0G         0B       8.0G

             total       used       free     shared    buffers     cached
Mem:          2.0G       672M       1.3G       1.4M        38M       289M
-/+ buffers/cache:       344M       1.6G
Swap:         8.0G         0B       8.0G

             total       used       free     shared    buffers     cached
Mem:          2.0G       672M       1.3G       1.4M        38M       289M
-/+ buffers/cache:       344M       1.6G
Swap:         8.0G         0B       8.0G

             total       used       free     shared    buffers     cached
Mem:          2.0G       672M       1.3G       1.4M        38M       289M
-/+ buffers/cache:       344M       1.6G
Swap:         8.0G         0B       8.0G

             total       used       free     shared    buffers     cached
Mem:          2.0G       672M       1.3G       1.4M        38M       289M
-/+ buffers/cache:       344M       1.6G
Swap:         8.0G         0B       8.0G

             total       used       free     shared    buffers     cached
Mem:          2.0G       672M       1.3G       1.4M        38M       289M
-/+ buffers/cache:       344M       1.6G
Swap:         8.0G         0B       8.0G

             total       used       free     shared    buffers     cached
Mem:          2.0G       672M       1.3G       1.4M        38M       289M
-/+ buffers/cache:       344M       1.6G
Swap:         8.0G         0B       8.0G

             total       used       free     shared    buffers     cached
Mem:          2.0G       672M       1.3G       1.4M        38M       289M
-/+ buffers/cache:       344M       1.6G
Swap:         8.0G         0B       8.0G

             total       used       free     shared    buffers     cached
Mem:          2.0G       672M       1.3G       1.4M        38M       289M
-/+ buffers/cache:       344M       1.6G
Swap:         8.0G         0B       8.0G

             total       used       free     shared    buffers     cached
Mem:          2.0G       672M       1.3G       1.4M        38M       289M
-/+ buffers/cache:       344M       1.6G
Swap:         8.0G         0B       8.0G

             total       used       free     shared    buffers     cached
Mem:          2.0G       672M       1.3G       1.4M        38M       289M
-/+ buffers/cache:       344M       1.6G
Swap:         8.0G         0B       8.0G

             total       used       free     shared    buffers     cached
Mem:          2.0G       672M       1.3G       1.4M        38M       289M
-/+ buffers/cache:       344M       1.6G
Swap:         8.0G         0B       8.0G

             total       used       free     shared    buffers     cached
Mem:          2.0G       672M       1.3G       1.4M        38M       289M
-/+ buffers/cache:       344M       1.6G
Swap:         8.0G         0B       8.0G

             total       used       free     shared    buffers     cached
Mem:          2.0G       672M       1.3G       1.4M        38M       289M
-/+ buffers/cache:       344M       1.6G
Swap:         8.0G         0B       8.0G

             total       used       free     shared    buffers     cached
Mem:          2.0G       672M       1.3G       1.4M        38M       289M
-/+ buffers/cache:       344M       1.6G
Swap:         8.0G         0B       8.0G

             total       used       free     shared    buffers     cached
Mem:          2.0G       672M       1.3G       1.4M        38M       289M
-/+ buffers/cache:       344M       1.6G
Swap:         8.0G         0B       8.0G

             total       used       free     shared    buffers     cached
Mem:          2.0G       672M       1.3G       1.4M        38M       289M
-/+ buffers/cache:       344M       1.6G
Swap:         8.0G         0B       8.0G

             total       used       free     shared    buffers     cached
Mem:          2.0G       672M       1.3G       1.4M        38M       289M
-/+ buffers/cache:       344M       1.6G
Swap:         8.0G         0B       8.0G

             total       used       free     shared    buffers     cached
Mem:          2.0G       672M       1.3G       1.4M        38M       289M
-/+ buffers/cache:       344M       1.6G
Swap:         8.0G         0B       8.0G

             total       used       free     shared    buffers     cached
Mem:          2.0G       672M       1.3G       1.4M        38M       289M
-/+ buffers/cache:       344M       1.6G
Swap:         8.0G         0B       8.0G

             total       used       free     shared    buffers     cached
Mem:          2.0G       680M       1.3G       1.4M        38M       289M
-/+ buffers/cache:       351M       1.6G
Swap:         8.0G         0B       8.0G

             total       used       free     shared    buffers     cached
Mem:          2.0G       695M       1.3G       1.4M        38M       289M
-/+ buffers/cache:       366M       1.6G
Swap:         8.0G         0B       8.0G

             total       used       free     shared    buffers     cached
Mem:          2.0G       710M       1.3G       1.4M        38M       289M
-/+ buffers/cache:       381M       1.6G
Swap:         8.0G         0B       8.0G

             total       used       free     shared    buffers     cached
Mem:          2.0G       725M       1.2G       1.4M        38M       289M
-/+ buffers/cache:       396M       1.6G
Swap:         8.0G         0B       8.0G

             total       used       free     shared    buffers     cached
Mem:          2.0G       741M       1.2G       1.4M        38M       289M
-/+ buffers/cache:       412M       1.6G
Swap:         8.0G         0B       8.0G

             total       used       free     shared    buffers     cached
Mem:          2.0G       760M       1.2G       1.4M        38M       289M
-/+ buffers/cache:       431M       1.5G
Swap:         8.0G         0B       8.0G

             total       used       free     shared    buffers     cached
Mem:          2.0G       777M       1.2G       1.4M        38M       289M
-/+ buffers/cache:       448M       1.5G
Swap:         8.0G         0B       8.0G

             total       used       free     shared    buffers     cached
Mem:          2.0G       794M       1.2G       1.4M        38M       289M
-/+ buffers/cache:       466M       1.5G
Swap:         8.0G         0B       8.0G

             total       used       free     shared    buffers     cached
Mem:          2.0G       809M       1.2G       1.4M        38M       289M
-/+ buffers/cache:       481M       1.5G
Swap:         8.0G         0B       8.0G

             total       used       free     shared    buffers     cached
Mem:          2.0G       824M       1.1G       1.4M        38M       289M
-/+ buffers/cache:       496M       1.5G
Swap:         8.0G         0B       8.0G

             total       used       free     shared    buffers     cached
Mem:          2.0G       845M       1.1G       1.4M        38M       289M
-/+ buffers/cache:       517M       1.4G
Swap:         8.0G         0B       8.0G

             total       used       free     shared    buffers     cached
Mem:          2.0G       862M       1.1G       1.4M        38M       289M
-/+ buffers/cache:       534M       1.4G
Swap:         8.0G         0B       8.0G

             total       used       free     shared    buffers     cached
Mem:          2.0G       878M       1.1G       1.4M        38M       289M
-/+ buffers/cache:       550M       1.4G
Swap:         8.0G         0B       8.0G

             total       used       free     shared    buffers     cached
Mem:          2.0G       897M       1.1G       1.4M        38M       289M
-/+ buffers/cache:       568M       1.4G
Swap:         8.0G         0B       8.0G

             total       used       free     shared    buffers     cached
Mem:          2.0G       910M       1.1G       1.4M        38M       289M
-/+ buffers/cache:       582M       1.4G
Swap:         8.0G         0B       8.0G

             total       used       free     shared    buffers     cached
Mem:          2.0G       926M       1.0G       1.4M        38M       289M
-/+ buffers/cache:       597M       1.4G
Swap:         8.0G         0B       8.0G

             total       used       free     shared    buffers     cached
Mem:          2.0G       940M       1.0G       1.4M        38M       289M
-/+ buffers/cache:       612M       1.4G
Swap:         8.0G         0B       8.0G

             total       used       free     shared    buffers     cached
Mem:          2.0G       956M       1.0G       1.4M        38M       289M
-/+ buffers/cache:       627M       1.3G
Swap:         8.0G         0B       8.0G

             total       used       free     shared    buffers     cached
Mem:          2.0G       972M       1.0G       1.4M        38M       289M
-/+ buffers/cache:       643M       1.3G
Swap:         8.0G         0B       8.0G

             total       used       free     shared    buffers     cached
Mem:          2.0G       990M       1.0G       1.4M        38M       289M
-/+ buffers/cache:       661M       1.3G
Swap:         8.0G         0B       8.0G

             total       used       free     shared    buffers     cached
Mem:          2.0G       1.0G       991M       1.4M        38M       289M
-/+ buffers/cache:       680M       1.3G
Swap:         8.0G         0B       8.0G

             total       used       free     shared    buffers     cached
Mem:          2.0G       1.0G       974M       1.4M        38M       289M
-/+ buffers/cache:       697M       1.3G
Swap:         8.0G         0B       8.0G

             total       used       free     shared    buffers     cached
Mem:          2.0G       1.0G       955M       1.4M        38M       289M
-/+ buffers/cache:       716M       1.3G
Swap:         8.0G         0B       8.0G

             total       used       free     shared    buffers     cached
Mem:          2.0G       1.0G       934M       1.4M        38M       289M
-/+ buffers/cache:       737M       1.2G
Swap:         8.0G         0B       8.0G

             total       used       free     shared    buffers     cached
Mem:          2.0G       1.1G       913M       1.4M        38M       289M
-/+ buffers/cache:       758M       1.2G
Swap:         8.0G         0B       8.0G

             total       used       free     shared    buffers     cached
Mem:          2.0G       1.1G       891M       1.4M        38M       289M
-/+ buffers/cache:       779M       1.2G
Swap:         8.0G         0B       8.0G

             total       used       free     shared    buffers     cached
Mem:          2.0G       1.1G       876M       1.4M        38M       289M
-/+ buffers/cache:       794M       1.2G
Swap:         8.0G         0B       8.0G

             total       used       free     shared    buffers     cached
Mem:          2.0G       1.1G       859M       1.4M        38M       289M
-/+ buffers/cache:       812M       1.2G
Swap:         8.0G         0B       8.0G

             total       used       free     shared    buffers     cached
Mem:          2.0G       1.1G       839M       1.4M        38M       289M
-/+ buffers/cache:       831M       1.1G
Swap:         8.0G         0B       8.0G

             total       used       free     shared    buffers     cached
Mem:          2.0G       1.2G       818M       1.4M        38M       289M
-/+ buffers/cache:       852M       1.1G
Swap:         8.0G         0B       8.0G

             total       used       free     shared    buffers     cached
Mem:          2.0G       1.2G       803M       1.4M        38M       289M
-/+ buffers/cache:       867M       1.1G
Swap:         8.0G         0B       8.0G

             total       used       free     shared    buffers     cached
Mem:          2.0G       1.2G       788M       1.4M        38M       289M
-/+ buffers/cache:       882M       1.1G
Swap:         8.0G         0B       8.0G

             total       used       free     shared    buffers     cached
Mem:          2.0G       1.2G       769M       1.4M        38M       289M
-/+ buffers/cache:       901M       1.1G
Swap:         8.0G         0B       8.0G

             total       used       free     shared    buffers     cached
Mem:          2.0G       1.2G       754M       1.4M        38M       289M
-/+ buffers/cache:       916M       1.1G
Swap:         8.0G         0B       8.0G

             total       used       free     shared    buffers     cached
Mem:          2.0G       1.2G       740M       1.4M        38M       289M
-/+ buffers/cache:       930M       1.0G
Swap:         8.0G         0B       8.0G

             total       used       free     shared    buffers     cached
Mem:          2.0G       1.2G       725M       1.4M        38M       289M
-/+ buffers/cache:       945M       1.0G
Swap:         8.0G         0B       8.0G

             total       used       free     shared    buffers     cached
Mem:          2.0G       1.3G       705M       1.4M        38M       289M
-/+ buffers/cache:       965M       1.0G
Swap:         8.0G         0B       8.0G

             total       used       free     shared    buffers     cached
Mem:          2.0G       1.3G       684M       1.4M        38M       290M
-/+ buffers/cache:       986M       1.0G
Swap:         8.0G         0B       8.0G

             total       used       free     shared    buffers     cached
Mem:          2.0G       1.3G       663M       1.4M        38M       290M
-/+ buffers/cache:       1.0G       992M
Swap:         8.0G         0B       8.0G

             total       used       free     shared    buffers     cached
Mem:          2.0G       1.3G       644M       1.4M        38M       290M
-/+ buffers/cache:       1.0G       973M
Swap:         8.0G         0B       8.0G

             total       used       free     shared    buffers     cached
Mem:          2.0G       1.3G       629M       1.4M        38M       290M
-/+ buffers/cache:       1.0G       958M
Swap:         8.0G         0B       8.0G

             total       used       free     shared    buffers     cached
Mem:          2.0G       1.4G       614M       1.4M        38M       290M
-/+ buffers/cache:       1.0G       943M
Swap:         8.0G         0B       8.0G

             total       used       free     shared    buffers     cached
Mem:          2.0G       1.4G       595M       1.4M        38M       290M
-/+ buffers/cache:       1.1G       924M
Swap:         8.0G         0B       8.0G

             total       used       free     shared    buffers     cached
Mem:          2.0G       1.4G       575M       1.4M        38M       290M
-/+ buffers/cache:       1.1G       904M
Swap:         8.0G         0B       8.0G

             total       used       free     shared    buffers     cached
Mem:          2.0G       1.4G       556M       1.4M        38M       290M
-/+ buffers/cache:       1.1G       885M
Swap:         8.0G         0B       8.0G

             total       used       free     shared    buffers     cached
Mem:          2.0G       1.4G       534M       1.4M        38M       290M
-/+ buffers/cache:       1.1G       863M
Swap:         8.0G         0B       8.0G

             total       used       free     shared    buffers     cached
Mem:          2.0G       1.5G       514M       1.4M        38M       290M
-/+ buffers/cache:       1.1G       843M
Swap:         8.0G         0B       8.0G

             total       used       free     shared    buffers     cached
Mem:          2.0G       1.5G       494M       1.4M        38M       290M
-/+ buffers/cache:       1.1G       823M
Swap:         8.0G         0B       8.0G

             total       used       free     shared    buffers     cached
Mem:          2.0G       1.5G       473M       1.4M        38M       290M
-/+ buffers/cache:       1.2G       802M
Swap:         8.0G         0B       8.0G

             total       used       free     shared    buffers     cached
Mem:          2.0G       1.5G       452M       1.4M        38M       290M
-/+ buffers/cache:       1.2G       781M
Swap:         8.0G         0B       8.0G

             total       used       free     shared    buffers     cached
Mem:          2.0G       1.5G       431M       1.4M        38M       290M
-/+ buffers/cache:       1.2G       760M
Swap:         8.0G         0B       8.0G

             total       used       free     shared    buffers     cached
Mem:          2.0G       1.5G       426M       1.4M        38M       290M
-/+ buffers/cache:       1.2G       755M
Swap:         8.0G         0B       8.0G

             total       used       free     shared    buffers     cached
Mem:          2.0G       1.6G       405M       1.4M        38M       290M
-/+ buffers/cache:       1.2G       734M
Swap:         8.0G         0B       8.0G

             total       used       free     shared    buffers     cached
Mem:          2.0G       1.6G       383M       1.4M        38M       290M
-/+ buffers/cache:       1.3G       712M
Swap:         8.0G         0B       8.0G

             total       used       free     shared    buffers     cached
Mem:          2.0G       1.6G       364M       1.4M        38M       290M
-/+ buffers/cache:       1.3G       693M
Swap:         8.0G         0B       8.0G

             total       used       free     shared    buffers     cached
Mem:          2.0G       1.6G       342M       1.4M        38M       290M
-/+ buffers/cache:       1.3G       671M
Swap:         8.0G         0B       8.0G

             total       used       free     shared    buffers     cached
Mem:          2.0G       1.6G       320M       1.4M        38M       290M
-/+ buffers/cache:       1.3G       649M
Swap:         8.0G         0B       8.0G

             total       used       free     shared    buffers     cached
Mem:          2.0G       1.7G       300M       1.4M        38M       290M
-/+ buffers/cache:       1.3G       629M
Swap:         8.0G         0B       8.0G

             total       used       free     shared    buffers     cached
Mem:          2.0G       1.7G       278M       1.4M        38M       290M
-/+ buffers/cache:       1.4G       607M
Swap:         8.0G         0B       8.0G

             total       used       free     shared    buffers     cached
Mem:          2.0G       1.7G       257M       1.4M        38M       290M
-/+ buffers/cache:       1.4G       586M
Swap:         8.0G         0B       8.0G

             total       used       free     shared    buffers     cached
Mem:          2.0G       1.7G       239M       1.4M        38M       290M
-/+ buffers/cache:       1.4G       568M
Swap:         8.0G         0B       8.0G

             total       used       free     shared    buffers     cached
Mem:          2.0G       1.7G       218M       1.4M        38M       290M
-/+ buffers/cache:       1.4G       548M
Swap:         8.0G         0B       8.0G

             total       used       free     shared    buffers     cached
Mem:          2.0G       1.8G       198M       1.4M        38M       290M
-/+ buffers/cache:       1.4G       527M
Swap:         8.0G         0B       8.0G

             total       used       free     shared    buffers     cached
Mem:          2.0G       1.8G       177M       1.4M        38M       290M
-/+ buffers/cache:       1.5G       506M
Swap:         8.0G         0B       8.0G

             total       used       free     shared    buffers     cached
Mem:          2.0G       1.8G       155M       1.4M        38M       290M
-/+ buffers/cache:       1.5G       485M
Swap:         8.0G         0B       8.0G

             total       used       free     shared    buffers     cached
Mem:          2.0G       1.8G       133M       1.4M        38M       290M
-/+ buffers/cache:       1.5G       463M
Swap:         8.0G         0B       8.0G

             total       used       free     shared    buffers     cached
Mem:          2.0G       1.8G       113M       1.4M        38M       290M
-/+ buffers/cache:       1.5G       442M
Swap:         8.0G         0B       8.0G

             total       used       free     shared    buffers     cached
Mem:          2.0G       1.9G        91M       1.4M        38M       290M
-/+ buffers/cache:       1.5G       421M
Swap:         8.0G         0B       8.0G

             total       used       free     shared    buffers     cached
Mem:          2.0G       1.9G        71M       1.4M        38M       290M
-/+ buffers/cache:       1.6G       401M
Swap:         8.0G         0B       8.0G

             total       used       free     shared    buffers     cached
Mem:          2.0G       1.9G        66M       1.4M        23M       288M
-/+ buffers/cache:       1.6G       378M
Swap:         8.0G         0B       8.0G

             total       used       free     shared    buffers     cached
Mem:          2.0G       1.9G        67M       1.4M        10M       282M
-/+ buffers/cache:       1.6G       360M
Swap:         8.0G         0B       8.0G

             total       used       free     shared    buffers     cached
Mem:          2.0G       1.9G        70M       1.3M       9.9M       257M
-/+ buffers/cache:       1.6G       337M
Swap:         8.0G       184K       8.0G

             total       used       free     shared    buffers     cached
Mem:          2.0G       1.9G        73M       1.2M       9.9M       237M
-/+ buffers/cache:       1.6G       320M
Swap:         8.0G       4.1M       8.0G

             total       used       free     shared    buffers     cached
Mem:          2.0G       1.9G        88M       1.2M       9.8M       205M
-/+ buffers/cache:       1.7G       303M
Swap:         8.0G        12M       8.0G

             total       used       free     shared    buffers     cached
Mem:          2.0G       1.9G        67M       1.1M       9.8M       205M
-/+ buffers/cache:       1.7G       282M
Swap:         8.0G        12M       8.0G

             total       used       free     shared    buffers     cached
Mem:          2.0G       1.9G        70M       1.1M       1.9M       190M
-/+ buffers/cache:       1.7G       263M
Swap:         8.0G        12M       8.0G

             total       used       free     shared    buffers     cached
Mem:          2.0G       1.9G        68M       1.1M       316K       175M
-/+ buffers/cache:       1.7G       243M
Swap:         8.0G        12M       8.0G

             total       used       free     shared    buffers     cached
Mem:          2.0G       1.9G        69M       1.1M       308K       154M
-/+ buffers/cache:       1.7G       223M
Swap:         8.0G        12M       8.0G

             total       used       free     shared    buffers     cached
Mem:          2.0G       1.9G        66M       1.1M       308K       136M
-/+ buffers/cache:       1.8G       203M
Swap:         8.0G        12M       8.0G

             total       used       free     shared    buffers     cached
Mem:          2.0G       1.9G        65M       1.1M        76K       118M
-/+ buffers/cache:       1.8G       184M
Swap:         8.0G        12M       8.0G

             total       used       free     shared    buffers     cached
Mem:          2.0G       1.9G        75M       1.1M        76K        93M
-/+ buffers/cache:       1.8G       169M
Swap:         8.0G        12M       8.0G

             total       used       free     shared    buffers     cached
Mem:          2.0G       1.9G        73M       1.1M        76K        77M
-/+ buffers/cache:       1.8G       151M
Swap:         8.0G        12M       8.0G

             total       used       free     shared    buffers     cached
Mem:          2.0G       1.9G        72M       1.1M        96K        59M
-/+ buffers/cache:       1.8G       131M
Swap:         8.0G        12M       8.0G

             total       used       free     shared    buffers     cached
Mem:          2.0G       1.9G        69M       1.1M       236K        46M
-/+ buffers/cache:       1.8G       116M
Swap:         8.0G        12M       8.0G

             total       used       free     shared    buffers     cached
Mem:          2.0G       1.9G        74M       1.1M       236K        26M
-/+ buffers/cache:       1.9G       101M
Swap:         8.0G        12M       8.0G

             total       used       free     shared    buffers     cached
Mem:          2.0G       1.9G        75M       1.1M       236K        12M
-/+ buffers/cache:       1.9G        87M
Swap:         8.0G        12M       8.0G

             total       used       free     shared    buffers     cached
Mem:          2.0G       1.9G        74M       1.0M       512K       6.3M
-/+ buffers/cache:       1.9G        81M
Swap:         8.0G        21M       8.0G

             total       used       free     shared    buffers     cached
Mem:          2.0G       1.9G        69M       708K       516K       3.2M
-/+ buffers/cache:       1.9G        73M
Swap:         8.0G        38M       8.0G

             total       used       free     shared    buffers     cached
Mem:          2.0G       1.9G        67M       724K       516K       2.7M
-/+ buffers/cache:       1.9G        70M
Swap:         8.0G        60M       7.9G

             total       used       free     shared    buffers     cached
Mem:          2.0G       1.9G        75M       656K       516K       2.5M
-/+ buffers/cache:       1.9G        78M
Swap:         8.0G       101M       7.9G

             total       used       free     shared    buffers     cached
Mem:          2.0G       1.9G        68M       656K       516K       2.6M
-/+ buffers/cache:       1.9G        71M
Swap:         8.0G       101M       7.9G

             total       used       free     shared    buffers     cached
Mem:          2.0G       1.9G        84M       656K       516K       2.4M
-/+ buffers/cache:       1.9G        87M
Swap:         8.0G       149M       7.9G

             total       used       free     shared    buffers     cached
Mem:          2.0G       1.9G        66M       644K       524K       2.4M
-/+ buffers/cache:       1.9G        69M
Swap:         8.0G       149M       7.9G

             total       used       free     shared    buffers     cached
Mem:          2.0G       1.9G        77M       644K       524K       2.4M
-/+ buffers/cache:       1.9G        80M
Swap:         8.0G       149M       7.9G

             total       used       free     shared    buffers     cached
Mem:          2.0G       1.9G        81M       580K       524K       2.2M
-/+ buffers/cache:       1.9G        84M
Swap:         8.0G       198M       7.8G

             total       used       free     shared    buffers     cached
Mem:          2.0G       1.9G        77M       564K       524K       2.2M
-/+ buffers/cache:       1.9G        80M
Swap:         8.0G       198M       7.8G

             total       used       free     shared    buffers     cached
Mem:          2.0G       1.9G        70M       564K       224K       2.8M
-/+ buffers/cache:       1.9G        73M
Swap:         8.0G       202M       7.8G

             total       used       free     shared    buffers     cached
Mem:          2.0G       1.9G        87M       564K       224K       2.8M
-/+ buffers/cache:       1.9G        90M
Swap:         8.0G       233M       7.8G

             total       used       free     shared    buffers     cached
Mem:          2.0G       1.9G        80M       560K       232K       3.0M
-/+ buffers/cache:       1.9G        84M
Swap:         8.0G       233M       7.8G

             total       used       free     shared    buffers     cached
Mem:          2.0G       1.9G        76M       560K       232K       3.0M
-/+ buffers/cache:       1.9G        79M
Swap:         8.0G       233M       7.8G

             total       used       free     shared    buffers     cached
Mem:          2.0G       1.9G        74M       560K       104K       2.9M
-/+ buffers/cache:       1.9G        77M
Swap:         8.0G       255M       7.7G

             total       used       free     shared    buffers     cached
Mem:          2.0G       1.9G        86M       536K        80K       4.3M
-/+ buffers/cache:       1.9G        90M
Swap:         8.0G       286M       7.7G

             total       used       free     shared    buffers     cached
Mem:          2.0G       1.9G        71M       536K       472K       7.6M
-/+ buffers/cache:       1.9G        79M
Swap:         8.0G       286M       7.7G

             total       used       free     shared    buffers     cached
Mem:          2.0G       1.9G        76M       536K       480K       6.5M
-/+ buffers/cache:       1.9G        83M
Swap:         8.0G       286M       7.7G

             total       used       free     shared    buffers     cached
Mem:          2.0G       1.9G        75M       536K       480K       6.5M
-/+ buffers/cache:       1.9G        82M
Swap:         8.0G       286M       7.7G

             total       used       free     shared    buffers     cached
Mem:          2.0G       1.9G        74M       536K       480K       6.6M
-/+ buffers/cache:       1.9G        81M
Swap:         8.0G       286M       7.7G

             total       used       free     shared    buffers     cached
Mem:          2.0G       1.9G        73M       536K       480K       6.6M
-/+ buffers/cache:       1.9G        80M
Swap:         8.0G       285M       7.7G

             total       used       free     shared    buffers     cached
Mem:          2.0G       1.9G        73M       536K       480K       6.6M
-/+ buffers/cache:       1.9G        80M
Swap:         8.0G       285M       7.7G

             total       used       free     shared    buffers     cached
Mem:          2.0G       1.9G        72M       536K       488K       6.8M
-/+ buffers/cache:       1.9G        79M
Swap:         8.0G       285M       7.7G

             total       used       free     shared    buffers     cached
Mem:          2.0G       1.9G        72M       536K       488K       6.8M
-/+ buffers/cache:       1.9G        79M
Swap:         8.0G       285M       7.7G

             total       used       free     shared    buffers     cached
Mem:          2.0G       1.9G        71M       536K       488K       6.8M
-/+ buffers/cache:       1.9G        78M
Swap:         8.0G       285M       7.7G

             total       used       free     shared    buffers     cached
Mem:          2.0G       1.9G        71M       536K       488K       6.8M
-/+ buffers/cache:       1.9G        78M
Swap:         8.0G       285M       7.7G

             total       used       free     shared    buffers     cached
Mem:          2.0G       1.9G        70M       536K       488K       6.8M
-/+ buffers/cache:       1.9G        77M
Swap:         8.0G       285M       7.7G

             total       used       free     shared    buffers     cached
Mem:          2.0G       1.9G        70M       536K       496K       6.8M
-/+ buffers/cache:       1.9G        77M
Swap:         8.0G       284M       7.7G

             total       used       free     shared    buffers     cached
Mem:          2.0G       1.9G        69M       536K       504K       6.8M
-/+ buffers/cache:       1.9G        77M
Swap:         8.0G       284M       7.7G

             total       used       free     shared    buffers     cached
Mem:          2.0G       1.9G        69M       536K       504K       6.8M
-/+ buffers/cache:       1.9G        76M
Swap:         8.0G       284M       7.7G

             total       used       free     shared    buffers     cached
Mem:          2.0G       1.9G        68M       536K       504K       6.8M
-/+ buffers/cache:       1.9G        76M
Swap:         8.0G       284M       7.7G

             total       used       free     shared    buffers     cached
Mem:          2.0G       1.9G        68M       536K       504K       6.8M
-/+ buffers/cache:       1.9G        75M
Swap:         8.0G       284M       7.7G

             total       used       free     shared    buffers     cached
Mem:          2.0G       1.9G        68M       536K       504K       6.8M
-/+ buffers/cache:       1.9G        75M
Swap:         8.0G       284M       7.7G

             total       used       free     shared    buffers     cached
Mem:          2.0G       1.9G        67M       536K       512K       6.8M
-/+ buffers/cache:       1.9G        74M
Swap:         8.0G       284M       7.7G

             total       used       free     shared    buffers     cached
Mem:          2.0G       1.9G        67M       536K       512K       6.8M
-/+ buffers/cache:       1.9G        74M
Swap:         8.0G       283M       7.7G

             total       used       free     shared    buffers     cached
Mem:          2.0G       1.9G        76M       536K        76K        21M
-/+ buffers/cache:       1.9G        97M
Swap:         8.0G       318M       7.7G

             total       used       free     shared    buffers     cached
Mem:          2.0G       1.9G        75M       536K       540K        21M
-/+ buffers/cache:       1.9G        97M
Swap:         8.0G       317M       7.7G

             total       used       free     shared    buffers     cached
Mem:          2.0G       1.9G        74M       536K       540K        21M
-/+ buffers/cache:       1.9G        96M
Swap:         8.0G       317M       7.7G

             total       used       free     shared    buffers     cached
Mem:          2.0G       1.9G        72M       536K       548K        21M
-/+ buffers/cache:       1.9G        95M
Swap:         8.0G       316M       7.7G

             total       used       free     shared    buffers     cached
Mem:          2.0G       1.9G        72M       536K       552K        21M
-/+ buffers/cache:       1.9G        94M
Swap:         8.0G       316M       7.7G

             total       used       free     shared    buffers     cached
Mem:          2.0G       1.9G        71M       536K       552K        21M
-/+ buffers/cache:       1.9G        93M
Swap:         8.0G       315M       7.7G

             total       used       free     shared    buffers     cached
Mem:          2.0G       1.9G        70M       536K       552K        21M
-/+ buffers/cache:       1.9G        92M
Swap:         8.0G       315M       7.7G

             total       used       free     shared    buffers     cached
Mem:          2.0G       1.9G        69M       536K       552K        21M
-/+ buffers/cache:       1.9G        91M
Swap:         8.0G       314M       7.7G

             total       used       free     shared    buffers     cached
Mem:          2.0G       1.9G        68M       536K       552K        21M
-/+ buffers/cache:       1.9G        91M
Swap:         8.0G       314M       7.7G

             total       used       free     shared    buffers     cached
Mem:          2.0G       1.9G        67M       536K       560K        21M
-/+ buffers/cache:       1.9G        90M
Swap:         8.0G       314M       7.7G

             total       used       free     shared    buffers     cached
Mem:          2.0G       1.9G        66M       536K       560K        21M
-/+ buffers/cache:       1.9G        89M
Swap:         8.0G       313M       7.7G

             total       used       free     shared    buffers     cached
Mem:          2.0G       1.9G        66M       536K       560K        21M
-/+ buffers/cache:       1.9G        88M
Swap:         8.0G       313M       7.7G

             total       used       free     shared    buffers     cached
Mem:          2.0G       1.9G        65M       536K       560K        21M
-/+ buffers/cache:       1.9G        87M
Swap:         8.0G       312M       7.7G

             total       used       free     shared    buffers     cached
Mem:          2.0G       1.9G        77M       536K       552K        20M
-/+ buffers/cache:       1.9G        99M
Swap:         8.0G       332M       7.7G

             total       used       free     shared    buffers     cached
Mem:          2.0G       1.9G        77M       536K       560K        20M
-/+ buffers/cache:       1.9G        98M
Swap:         8.0G       331M       7.7G

             total       used       free     shared    buffers     cached
Mem:          2.0G       1.9G        76M       536K       560K        20M
-/+ buffers/cache:       1.9G        97M
Swap:         8.0G       331M       7.7G

             total       used       free     shared    buffers     cached
Mem:          2.0G       1.9G        75M       536K       560K        20M
-/+ buffers/cache:       1.9G        96M
Swap:         8.0G       330M       7.7G

             total       used       free     shared    buffers     cached
Mem:          2.0G       1.9G        74M       536K       572K        20M
-/+ buffers/cache:       1.9G        95M
Swap:         8.0G       330M       7.7G

             total       used       free     shared    buffers     cached
Mem:          2.0G       1.9G        73M       536K       572K        20M
-/+ buffers/cache:       1.9G        95M
Swap:         8.0G       329M       7.7G

             total       used       free     shared    buffers     cached
Mem:          2.0G       1.9G        72M       536K       580K        20M
-/+ buffers/cache:       1.9G        94M
Swap:         8.0G       329M       7.7G

             total       used       free     shared    buffers     cached
Mem:          2.0G       1.9G        72M       536K       580K        20M
-/+ buffers/cache:       1.9G        93M
Swap:         8.0G       328M       7.7G

             total       used       free     shared    buffers     cached
Mem:          2.0G       1.9G        71M       536K       580K        20M
-/+ buffers/cache:       1.9G        92M
Swap:         8.0G       328M       7.7G

             total       used       free     shared    buffers     cached
Mem:          2.0G       1.9G        70M       536K       580K        20M
-/+ buffers/cache:       1.9G        91M
Swap:         8.0G       328M       7.7G

             total       used       free     shared    buffers     cached
Mem:          2.0G       1.9G        69M       536K       580K        20M
-/+ buffers/cache:       1.9G        91M
Swap:         8.0G       327M       7.7G

             total       used       free     shared    buffers     cached
Mem:          2.0G       1.9G        69M       536K       580K        20M
-/+ buffers/cache:       1.9G        90M
Swap:         8.0G       327M       7.7G

             total       used       free     shared    buffers     cached
Mem:          2.0G       1.9G        68M       536K       588K        20M
-/+ buffers/cache:       1.9G        89M
Swap:         8.0G       326M       7.7G

             total       used       free     shared    buffers     cached
Mem:          2.0G       1.9G        65M       536K       876K        21M
-/+ buffers/cache:       1.9G        88M
Swap:         8.0G       326M       7.7G

             total       used       free     shared    buffers     cached
Mem:          2.0G       1.9G        80M       536K       1.1M        25M
-/+ buffers/cache:       1.8G       107M
Swap:         8.0G       348M       7.7G

             total       used       free     shared    buffers     cached
Mem:          2.0G       1.9G        80M       540K       1.1M        25M
-/+ buffers/cache:       1.8G       107M
Swap:         8.0G       348M       7.7G

             total       used       free     shared    buffers     cached
Mem:          2.0G       1.9G        79M       540K       1.1M        25M
-/+ buffers/cache:       1.8G       105M
Swap:         8.0G       347M       7.7G

             total       used       free     shared    buffers     cached
Mem:          2.0G       1.9G        78M       540K       1.1M        25M
-/+ buffers/cache:       1.9G       105M
Swap:         8.0G       347M       7.7G

             total       used       free     shared    buffers     cached
Mem:          2.0G       1.9G        77M       540K       1.1M        25M
-/+ buffers/cache:       1.9G       104M
Swap:         8.0G       347M       7.7G

             total       used       free     shared    buffers     cached
Mem:          2.0G       1.9G        76M       540K       1.1M        25M
-/+ buffers/cache:       1.9G       103M
Swap:         8.0G       346M       7.7G

             total       used       free     shared    buffers     cached
Mem:          2.0G       1.9G        75M       540K       1.1M        25M
-/+ buffers/cache:       1.9G       102M
Swap:         8.0G       346M       7.7G

             total       used       free     shared    buffers     cached
Mem:          2.0G       1.9G        75M       540K       1.1M        25M
-/+ buffers/cache:       1.9G       101M
Swap:         8.0G       345M       7.7G

             total       used       free     shared    buffers     cached
Mem:          2.0G       1.9G        73M       540K       1.1M        26M
-/+ buffers/cache:       1.9G       100M
Swap:         8.0G       344M       7.7G

             total       used       free     shared    buffers     cached
Mem:          2.0G       1.9G        71M       540K       1.1M        26M
-/+ buffers/cache:       1.9G        99M
Swap:         8.0G       344M       7.7G

             total       used       free     shared    buffers     cached
Mem:          2.0G       1.9G        70M       540K       1.1M        26M
-/+ buffers/cache:       1.9G        98M
Swap:         8.0G       343M       7.7G

             total       used       free     shared    buffers     cached
Mem:          2.0G       1.9G        69M       540K       1.1M        26M
-/+ buffers/cache:       1.9G        97M
Swap:         8.0G       342M       7.7G

             total       used       free     shared    buffers     cached
Mem:          2.0G       1.9G        66M       540K       1.1M        28M
-/+ buffers/cache:       1.9G        96M
Swap:         8.0G       342M       7.7G

             total       used       free     shared    buffers     cached
Mem:          2.0G       1.9G        66M       540K       1.1M        28M
-/+ buffers/cache:       1.9G        95M
Swap:         8.0G       341M       7.7G

             total       used       free     shared    buffers     cached
Mem:          2.0G       1.9G        65M       540K       1.1M        28M
-/+ buffers/cache:       1.9G        95M
Swap:         8.0G       341M       7.7G

             total       used       free     shared    buffers     cached
Mem:          2.0G       1.9G        65M       540K       1.1M        28M
-/+ buffers/cache:       1.9G        94M
Swap:         8.0G       341M       7.7G

             total       used       free     shared    buffers     cached
Mem:          2.0G       1.9G        64M       540K       1.1M        28M
-/+ buffers/cache:       1.9G        94M
Swap:         8.0G       340M       7.7G

             total       used       free     shared    buffers     cached
Mem:          2.0G       1.9G        76M       540K       1.1M        26M
-/+ buffers/cache:       1.9G       103M
Swap:         8.0G       353M       7.7G

             total       used       free     shared    buffers     cached
Mem:          2.0G       1.9G        75M       540K       1.1M        26M
-/+ buffers/cache:       1.9G       103M
Swap:         8.0G       353M       7.7G

             total       used       free     shared    buffers     cached
Mem:          2.0G       1.9G        75M       540K       1.1M        26M
-/+ buffers/cache:       1.9G       103M
Swap:         8.0G       352M       7.7G

             total       used       free     shared    buffers     cached
Mem:          2.0G       1.9G        74M       540K       1.1M        26M
-/+ buffers/cache:       1.9G       102M
Swap:         8.0G       352M       7.7G

             total       used       free     shared    buffers     cached
Mem:          2.0G       1.9G        73M       540K       1.1M        26M
-/+ buffers/cache:       1.9G       101M
Swap:         8.0G       352M       7.7G

             total       used       free     shared    buffers     cached
Mem:          2.0G       1.9G        73M       540K       1.1M        26M
-/+ buffers/cache:       1.9G       100M
Swap:         8.0G       351M       7.7G

             total       used       free     shared    buffers     cached
Mem:          2.0G       1.9G        72M       540K       1.1M        26M
-/+ buffers/cache:       1.9G       100M
Swap:         8.0G       351M       7.7G

             total       used       free     shared    buffers     cached
Mem:          2.0G       1.9G        72M       540K       1.1M        26M
-/+ buffers/cache:       1.9G        99M
Swap:         8.0G       351M       7.7G

             total       used       free     shared    buffers     cached
Mem:          2.0G       1.9G        71M       540K       1.1M        26M
-/+ buffers/cache:       1.9G        99M
Swap:         8.0G       350M       7.7G

             total       used       free     shared    buffers     cached
Mem:          2.0G       1.9G        70M       540K       1.1M        26M
-/+ buffers/cache:       1.9G        98M
Swap:         8.0G       350M       7.7G

             total       used       free     shared    buffers     cached
Mem:          2.0G       1.9G        70M       540K       1.1M        26M
-/+ buffers/cache:       1.9G        98M
Swap:         8.0G       350M       7.7G

             total       used       free     shared    buffers     cached
Mem:          2.0G       1.9G        69M       540K       1.1M        26M
-/+ buffers/cache:       1.9G        97M
Swap:         8.0G       349M       7.7G

             total       used       free     shared    buffers     cached
Mem:          2.0G       1.9G        69M       540K       1.1M        26M
-/+ buffers/cache:       1.9G        96M
Swap:         8.0G       349M       7.7G

             total       used       free     shared    buffers     cached
Mem:          2.0G       1.9G        68M       540K       1.1M        26M
-/+ buffers/cache:       1.9G        96M
Swap:         8.0G       348M       7.7G

             total       used       free     shared    buffers     cached
Mem:          2.0G       1.9G        67M       540K       1.1M        26M
-/+ buffers/cache:       1.9G        95M
Swap:         8.0G       347M       7.7G

             total       used       free     shared    buffers     cached
Mem:          2.0G       1.9G        66M       540K       1.1M        26M
-/+ buffers/cache:       1.9G        94M
Swap:         8.0G       346M       7.7G

             total       used       free     shared    buffers     cached
Mem:          2.0G       1.9G        76M       540K       1.1M        29M
-/+ buffers/cache:       1.8G       107M
Swap:         8.0G       359M       7.6G

             total       used       free     shared    buffers     cached
Mem:          2.0G       1.9G        76M       540K       1.1M        29M
-/+ buffers/cache:       1.8G       107M
Swap:         8.0G       358M       7.6G

             total       used       free     shared    buffers     cached
Mem:          2.0G       1.9G        75M       540K       1.1M        29M
-/+ buffers/cache:       1.8G       106M
Swap:         8.0G       357M       7.6G

             total       used       free     shared    buffers     cached
Mem:          2.0G       1.9G        74M       540K       1.1M        29M
-/+ buffers/cache:       1.9G       105M
Swap:         8.0G       356M       7.6G

             total       used       free     shared    buffers     cached
Mem:          2.0G       1.9G        73M       540K       1.1M        29M
-/+ buffers/cache:       1.9G       104M
Swap:         8.0G       354M       7.7G

             total       used       free     shared    buffers     cached
Mem:          2.0G       1.9G        72M       540K       1.1M        29M
-/+ buffers/cache:       1.9G       103M
Swap:         8.0G       353M       7.7G

             total       used       free     shared    buffers     cached
Mem:          2.0G       1.9G        71M       540K       1.1M        29M
-/+ buffers/cache:       1.9G       102M
Swap:         8.0G       352M       7.7G

             total       used       free     shared    buffers     cached
Mem:          2.0G       1.9G        70M       540K       1.1M        29M
-/+ buffers/cache:       1.9G       101M
Swap:         8.0G       351M       7.7G

             total       used       free     shared    buffers     cached
Mem:          2.0G       1.9G        69M       540K       1.1M        29M
-/+ buffers/cache:       1.9G       100M
Swap:         8.0G       349M       7.7G

             total       used       free     shared    buffers     cached
Mem:          2.0G       1.9G        68M       540K       1.1M        29M
-/+ buffers/cache:       1.9G        99M
Swap:         8.0G       348M       7.7G

             total       used       free     shared    buffers     cached
Mem:          2.0G       1.9G        67M       540K       1.1M        29M
-/+ buffers/cache:       1.9G        98M
Swap:         8.0G       347M       7.7G

             total       used       free     shared    buffers     cached
Mem:          2.0G       1.9G        66M       540K       1.1M        29M
-/+ buffers/cache:       1.9G        97M
Swap:         8.0G       345M       7.7G

             total       used       free     shared    buffers     cached
Mem:          2.0G       1.9G        65M       540K       1.1M        29M
-/+ buffers/cache:       1.9G        96M
Swap:         8.0G       344M       7.7G

             total       used       free     shared    buffers     cached
Mem:          2.0G       1.9G        73M       540K       664K        29M
-/+ buffers/cache:       1.9G       103M
Swap:         8.0G       344M       7.7G

             total       used       free     shared    buffers     cached
Mem:          2.0G       1.9G        79M       540K       296K        27M
-/+ buffers/cache:       1.8G       107M
Swap:         8.0G       353M       7.7G

             total       used       free     shared    buffers     cached
Mem:          2.0G       1.9G        78M       540K       296K        27M
-/+ buffers/cache:       1.8G       106M
Swap:         8.0G       352M       7.7G

             total       used       free     shared    buffers     cached
Mem:          2.0G       1.9G        78M       540K       296K        27M
-/+ buffers/cache:       1.8G       106M
Swap:         8.0G       351M       7.7G

             total       used       free     shared    buffers     cached
Mem:          2.0G       1.9G        77M       540K       296K        27M
-/+ buffers/cache:       1.9G       105M
Swap:         8.0G       350M       7.7G

             total       used       free     shared    buffers     cached
Mem:          2.0G       1.9G        76M       540K       296K        27M
-/+ buffers/cache:       1.9G       104M
Swap:         8.0G       349M       7.7G

             total       used       free     shared    buffers     cached
Mem:          2.0G       1.9G        75M       540K       296K        27M
-/+ buffers/cache:       1.9G       103M
Swap:         8.0G       348M       7.7G

             total       used       free     shared    buffers     cached
Mem:          2.0G       1.9G        75M       540K       304K        27M
-/+ buffers/cache:       1.9G       103M
Swap:         8.0G       347M       7.7G

             total       used       free     shared    buffers     cached
Mem:          2.0G       1.9G        74M       540K       304K        27M
-/+ buffers/cache:       1.9G       102M
Swap:         8.0G       346M       7.7G

             total       used       free     shared    buffers     cached
Mem:          2.0G       1.9G        73M       540K       304K        27M
-/+ buffers/cache:       1.9G       101M
Swap:         8.0G       345M       7.7G

             total       used       free     shared    buffers     cached
Mem:          2.0G       1.9G        72M       540K       304K        27M
-/+ buffers/cache:       1.9G       100M
Swap:         8.0G       344M       7.7G

             total       used       free     shared    buffers     cached
Mem:          2.0G       1.9G        71M       540K       304K        27M
-/+ buffers/cache:       1.9G        99M
Swap:         8.0G       343M       7.7G

             total       used       free     shared    buffers     cached
Mem:          2.0G       1.9G        71M       540K       312K        27M
-/+ buffers/cache:       1.9G        98M
Swap:         8.0G       342M       7.7G

             total       used       free     shared    buffers     cached
Mem:          2.0G       1.9G        70M       540K       312K        27M
-/+ buffers/cache:       1.9G        98M
Swap:         8.0G       342M       7.7G

             total       used       free     shared    buffers     cached
Mem:          2.0G       1.9G        69M       540K       312K        27M
-/+ buffers/cache:       1.9G        97M
Swap:         8.0G       341M       7.7G

             total       used       free     shared    buffers     cached
Mem:          2.0G       1.9G        68M       540K       312K        27M
-/+ buffers/cache:       1.9G        96M
Swap:         8.0G       340M       7.7G

             total       used       free     shared    buffers     cached
Mem:          2.0G       1.9G        67M       540K       312K        27M
-/+ buffers/cache:       1.9G        95M
Swap:         8.0G       339M       7.7G

             total       used       free     shared    buffers     cached
Mem:          2.0G       1.9G        66M       540K       312K        27M
-/+ buffers/cache:       1.9G        94M
Swap:         8.0G       338M       7.7G

             total       used       free     shared    buffers     cached
Mem:          2.0G       1.9G        65M       540K       320K        27M
-/+ buffers/cache:       1.9G        93M
Swap:         8.0G       337M       7.7G

             total       used       free     shared    buffers     cached
Mem:          2.0G       1.9G        77M       540K       136K        24M
-/+ buffers/cache:       1.9G       102M
Swap:         8.0G       345M       7.7G

             total       used       free     shared    buffers     cached
Mem:          2.0G       1.9G        76M       540K       272K        25M
-/+ buffers/cache:       1.9G       102M
Swap:         8.0G       343M       7.7G

             total       used       free     shared    buffers     cached
Mem:          2.0G       1.9G        75M       544K       272K        25M
-/+ buffers/cache:       1.9G       101M
Swap:         8.0G       343M       7.7G

             total       used       free     shared    buffers     cached
Mem:          2.0G       1.9G        73M       544K       272K        25M
-/+ buffers/cache:       1.9G        99M
Swap:         8.0G       341M       7.7G

             total       used       free     shared    buffers     cached
Mem:          2.0G       1.9G        67M       544K       280K        27M
-/+ buffers/cache:       1.9G        95M
Swap:         8.0G       338M       7.7G

             total       used       free     shared    buffers     cached
Mem:          2.0G       1.9G        66M       544K       280K        27M
-/+ buffers/cache:       1.9G        94M
Swap:         8.0G       337M       7.7G

             total       used       free     shared    buffers     cached
Mem:          2.0G       1.9G        78M       544K       220K        22M
-/+ buffers/cache:       1.9G       101M
Swap:         8.0G       355M       7.6G

             total       used       free     shared    buffers     cached
Mem:          2.0G       1.9G        77M       544K       220K        22M
-/+ buffers/cache:       1.9G       100M
Swap:         8.0G       354M       7.7G

             total       used       free     shared    buffers     cached
Mem:          2.0G       1.9G        76M       544K       220K        22M
-/+ buffers/cache:       1.9G        99M
Swap:         8.0G       354M       7.7G

             total       used       free     shared    buffers     cached
Mem:          2.0G       1.9G        76M       544K       220K        22M
-/+ buffers/cache:       1.9G        99M
Swap:         8.0G       353M       7.7G

             total       used       free     shared    buffers     cached
Mem:          2.0G       1.9G        75M       544K       228K        22M
-/+ buffers/cache:       1.9G        98M
Swap:         8.0G       353M       7.7G

             total       used       free     shared    buffers     cached
Mem:          2.0G       1.9G        75M       544K       228K        22M
-/+ buffers/cache:       1.9G        98M
Swap:         8.0G       353M       7.7G

             total       used       free     shared    buffers     cached
Mem:          2.0G       1.9G        74M       544K       228K        22M
-/+ buffers/cache:       1.9G        97M
Swap:         8.0G       352M       7.7G

             total       used       free     shared    buffers     cached
Mem:          2.0G       1.9G        73M       544K       228K        22M
-/+ buffers/cache:       1.9G        97M
Swap:         8.0G       351M       7.7G

             total       used       free     shared    buffers     cached
Mem:          2.0G       1.9G        73M       544K       228K        22M
-/+ buffers/cache:       1.9G        96M
Swap:         8.0G       351M       7.7G

             total       used       free     shared    buffers     cached
Mem:          2.0G       1.9G        73M       544K       236K        22M
-/+ buffers/cache:       1.9G        96M
Swap:         8.0G       351M       7.7G

             total       used       free     shared    buffers     cached
Mem:          2.0G       1.9G        82M       608K       472K        30M
-/+ buffers/cache:       1.8G       113M
Swap:         8.0G       368M       7.6G

             total       used       free     shared    buffers     cached
Mem:          2.0G       1.9G        73M       4.3M       4.3M        48M
-/+ buffers/cache:       1.8G       125M
Swap:         8.0G       415M       7.6G

             total       used       free     shared    buffers     cached
Mem:          2.0G       1.9G        81M       672K       3.9M        62M
-/+ buffers/cache:       1.8G       148M
Swap:         8.0G       412M       7.6G

             total       used       free     shared    buffers     cached
Mem:          2.0G       1.9G        75M       632K       4.0M        64M
-/+ buffers/cache:       1.8G       143M
Swap:         8.0G       409M       7.6G

             total       used       free     shared    buffers     cached
Mem:          2.0G       1.9G        74M       632K       4.0M        64M
-/+ buffers/cache:       1.8G       142M
Swap:         8.0G       408M       7.6G

             total       used       free     shared    buffers     cached
Mem:          2.0G       1.9G        73M       632K       4.0M        64M
-/+ buffers/cache:       1.8G       141M
Swap:         8.0G       408M       7.6G

             total       used       free     shared    buffers     cached
Mem:          2.0G       1.9G        72M       632K       4.0M        64M
-/+ buffers/cache:       1.8G       140M
Swap:         8.0G       407M       7.6G

             total       used       free     shared    buffers     cached
Mem:          2.0G       1.9G        71M       632K       4.0M        64M
-/+ buffers/cache:       1.8G       139M
Swap:         8.0G       406M       7.6G

             total       used       free     shared    buffers     cached
Mem:          2.0G       1.9G        69M       632K       4.2M        65M
-/+ buffers/cache:       1.8G       138M
Swap:         8.0G       405M       7.6G

             total       used       free     shared    buffers     cached
Mem:          2.0G       1.9G        67M       632K       4.2M        65M
-/+ buffers/cache:       1.8G       137M
Swap:         8.0G       405M       7.6G

             total       used       free     shared    buffers     cached
Mem:          2.0G       1.9G        66M       632K       4.2M        65M
-/+ buffers/cache:       1.8G       136M
Swap:         8.0G       404M       7.6G

             total       used       free     shared    buffers     cached
Mem:          2.0G       1.9G        65M       632K       4.2M        65M
-/+ buffers/cache:       1.8G       135M
Swap:         8.0G       403M       7.6G

             total       used       free     shared    buffers     cached
Mem:          2.0G       1.9G        65M       632K       4.2M        64M
-/+ buffers/cache:       1.8G       134M
Swap:         8.0G       404M       7.6G

             total       used       free     shared    buffers     cached
Mem:          2.0G       1.9G        79M       632K       4.2M        61M
-/+ buffers/cache:       1.8G       145M
Swap:         8.0G       420M       7.6G

             total       used       free     shared    buffers     cached
Mem:          2.0G       1.9G        78M       632K       4.2M        61M
-/+ buffers/cache:       1.8G       144M
Swap:         8.0G       420M       7.6G

             total       used       free     shared    buffers     cached
Mem:          2.0G       1.9G        77M       632K       4.2M        61M
-/+ buffers/cache:       1.8G       144M
Swap:         8.0G       419M       7.6G

             total       used       free     shared    buffers     cached
Mem:          2.0G       1.9G        76M       632K       4.2M        61M
-/+ buffers/cache:       1.8G       142M
Swap:         8.0G       418M       7.6G

             total       used       free     shared    buffers     cached
Mem:          2.0G       1.9G        75M       632K       4.2M        61M
-/+ buffers/cache:       1.8G       141M
Swap:         8.0G       417M       7.6G

             total       used       free     shared    buffers     cached
Mem:          2.0G       1.9G        74M       632K       4.2M        61M
-/+ buffers/cache:       1.8G       140M
Swap:         8.0G       417M       7.6G

             total       used       free     shared    buffers     cached
Mem:          2.0G       1.9G        73M       632K       4.2M        61M
-/+ buffers/cache:       1.8G       139M
Swap:         8.0G       416M       7.6G

             total       used       free     shared    buffers     cached
Mem:          2.0G       1.9G        72M       632K       4.2M        61M
-/+ buffers/cache:       1.8G       138M
Swap:         8.0G       415M       7.6G

             total       used       free     shared    buffers     cached
Mem:          2.0G       1.9G        71M       632K       4.2M        61M
-/+ buffers/cache:       1.8G       137M
Swap:         8.0G       414M       7.6G

             total       used       free     shared    buffers     cached
Mem:          2.0G       1.9G        70M       632K       4.2M        61M
-/+ buffers/cache:       1.8G       136M
Swap:         8.0G       414M       7.6G

             total       used       free     shared    buffers     cached
Mem:          2.0G       1.9G        69M       632K       4.2M        61M
-/+ buffers/cache:       1.8G       135M
Swap:         8.0G       413M       7.6G

             total       used       free     shared    buffers     cached
Mem:          2.0G       1.9G        68M       632K       4.2M        61M
-/+ buffers/cache:       1.8G       134M
Swap:         8.0G       412M       7.6G

             total       used       free     shared    buffers     cached
Mem:          2.0G       1.9G        67M       632K       4.2M        61M
-/+ buffers/cache:       1.8G       133M
Swap:         8.0G       411M       7.6G

             total       used       free     shared    buffers     cached
Mem:          2.0G       1.9G        66M       632K       4.2M        61M
-/+ buffers/cache:       1.8G       132M
Swap:         8.0G       410M       7.6G

             total       used       free     shared    buffers     cached
Mem:          2.0G       1.9G        64M       632K       4.2M        61M
-/+ buffers/cache:       1.8G       130M
Swap:         8.0G       409M       7.6G

             total       used       free     shared    buffers     cached
Mem:          2.0G       1.9G        78M       632K       4.0M        61M
-/+ buffers/cache:       1.8G       143M
Swap:         8.0G       426M       7.6G

             total       used       free     shared    buffers     cached
Mem:          2.0G       1.9G        77M       632K       4.0M        61M
-/+ buffers/cache:       1.8G       142M
Swap:         8.0G       425M       7.6G

             total       used       free     shared    buffers     cached
Mem:          2.0G       1.9G        75M       632K       4.0M        61M
-/+ buffers/cache:       1.8G       141M
Swap:         8.0G       424M       7.6G

             total       used       free     shared    buffers     cached
Mem:          2.0G       1.9G        74M       632K       4.0M        61M
-/+ buffers/cache:       1.8G       139M
Swap:         8.0G       423M       7.6G

             total       used       free     shared    buffers     cached
Mem:          2.0G       1.9G        73M       632K       4.0M        61M
-/+ buffers/cache:       1.8G       138M
Swap:         8.0G       422M       7.6G

             total       used       free     shared    buffers     cached
Mem:          2.0G       1.9G        72M       632K       4.0M        61M
-/+ buffers/cache:       1.8G       137M
Swap:         8.0G       422M       7.6G

             total       used       free     shared    buffers     cached
Mem:          2.0G       1.9G        70M       632K       4.0M        61M
-/+ buffers/cache:       1.8G       136M
Swap:         8.0G       421M       7.6G

             total       used       free     shared    buffers     cached
Mem:          2.0G       1.9G        69M       632K       4.0M        61M
-/+ buffers/cache:       1.8G       135M
Swap:         8.0G       420M       7.6G

             total       used       free     shared    buffers     cached
Mem:          2.0G       1.9G        68M       632K       4.0M        61M
-/+ buffers/cache:       1.8G       134M
Swap:         8.0G       419M       7.6G

             total       used       free     shared    buffers     cached
Mem:          2.0G       1.9G        67M       632K       4.0M        61M
-/+ buffers/cache:       1.8G       132M
Swap:         8.0G       418M       7.6G

             total       used       free     shared    buffers     cached
Mem:          2.0G       1.9G        66M       632K       4.0M        61M
-/+ buffers/cache:       1.8G       131M
Swap:         8.0G       417M       7.6G

             total       used       free     shared    buffers     cached
Mem:          2.0G       1.9G        65M       632K       4.0M        61M
-/+ buffers/cache:       1.8G       130M
Swap:         8.0G       416M       7.6G

             total       used       free     shared    buffers     cached
Mem:          2.0G       1.9G        74M       632K       3.6M        62M
-/+ buffers/cache:       1.8G       141M
Swap:         8.0G       428M       7.6G

             total       used       free     shared    buffers     cached
Mem:          2.0G       1.9G        80M       700K       8.1M        74M
-/+ buffers/cache:       1.8G       162M
Swap:         8.0G       448M       7.6G

             total       used       free     shared    buffers     cached
Mem:          2.0G       1.9G        79M       676K       8.1M        74M
-/+ buffers/cache:       1.8G       162M
Swap:         8.0G       447M       7.6G
