             total       used       free     shared    buffers     cached
Mem:          2.0G       722M       1.2G       3.3M        42M       296M
-/+ buffers/cache:       384M       1.6G
Swap:         8.0G         0B       8.0G

             total       used       free     shared    buffers     cached
Mem:          2.0G       722M       1.2G       3.3M        42M       296M
-/+ buffers/cache:       383M       1.6G
Swap:         8.0G         0B       8.0G

             total       used       free     shared    buffers     cached
Mem:          2.0G       722M       1.2G       3.3M        42M       296M
-/+ buffers/cache:       383M       1.6G
Swap:         8.0G         0B       8.0G

             total       used       free     shared    buffers     cached
Mem:          2.0G       722M       1.2G       3.3M        42M       296M
-/+ buffers/cache:       383M       1.6G
Swap:         8.0G         0B       8.0G

             total       used       free     shared    buffers     cached
Mem:          2.0G       722M       1.2G       3.3M        42M       296M
-/+ buffers/cache:       383M       1.6G
Swap:         8.0G         0B       8.0G

             total       used       free     shared    buffers     cached
Mem:          2.0G       722M       1.2G       3.3M        42M       296M
-/+ buffers/cache:       383M       1.6G
Swap:         8.0G         0B       8.0G

             total       used       free     shared    buffers     cached
Mem:          2.0G       722M       1.2G       3.3M        42M       296M
-/+ buffers/cache:       383M       1.6G
Swap:         8.0G         0B       8.0G

             total       used       free     shared    buffers     cached
Mem:          2.0G       722M       1.2G       3.3M        42M       296M
-/+ buffers/cache:       383M       1.6G
Swap:         8.0G         0B       8.0G

             total       used       free     shared    buffers     cached
Mem:          2.0G       722M       1.2G       3.3M        42M       296M
-/+ buffers/cache:       383M       1.6G
Swap:         8.0G         0B       8.0G

             total       used       free     shared    buffers     cached
Mem:          2.0G       722M       1.2G       3.3M        42M       296M
-/+ buffers/cache:       383M       1.6G
Swap:         8.0G         0B       8.0G

             total       used       free     shared    buffers     cached
Mem:          2.0G       722M       1.2G       3.3M        42M       296M
-/+ buffers/cache:       383M       1.6G
Swap:         8.0G         0B       8.0G

             total       used       free     shared    buffers     cached
Mem:          2.0G       722M       1.2G       3.3M        42M       296M
-/+ buffers/cache:       383M       1.6G
Swap:         8.0G         0B       8.0G

             total       used       free     shared    buffers     cached
Mem:          2.0G       722M       1.2G       3.3M        42M       296M
-/+ buffers/cache:       383M       1.6G
Swap:         8.0G         0B       8.0G

             total       used       free     shared    buffers     cached
Mem:          2.0G       722M       1.2G       3.3M        42M       296M
-/+ buffers/cache:       383M       1.6G
Swap:         8.0G         0B       8.0G

             total       used       free     shared    buffers     cached
Mem:          2.0G       722M       1.2G       3.3M        42M       296M
-/+ buffers/cache:       383M       1.6G
Swap:         8.0G         0B       8.0G

             total       used       free     shared    buffers     cached
Mem:          2.0G       722M       1.2G       3.3M        42M       296M
-/+ buffers/cache:       383M       1.6G
Swap:         8.0G         0B       8.0G

             total       used       free     shared    buffers     cached
Mem:          2.0G       724M       1.2G       3.3M        42M       296M
-/+ buffers/cache:       384M       1.6G
Swap:         8.0G         0B       8.0G

             total       used       free     shared    buffers     cached
Mem:          2.0G       724M       1.2G       3.3M        42M       296M
-/+ buffers/cache:       384M       1.6G
Swap:         8.0G         0B       8.0G

             total       used       free     shared    buffers     cached
Mem:          2.0G       724M       1.2G       3.3M        42M       296M
-/+ buffers/cache:       384M       1.6G
Swap:         8.0G         0B       8.0G

             total       used       free     shared    buffers     cached
Mem:          2.0G       724M       1.2G       3.3M        42M       296M
-/+ buffers/cache:       384M       1.6G
Swap:         8.0G         0B       8.0G

             total       used       free     shared    buffers     cached
Mem:          2.0G       724M       1.2G       3.3M        42M       296M
-/+ buffers/cache:       384M       1.6G
Swap:         8.0G         0B       8.0G

             total       used       free     shared    buffers     cached
Mem:          2.0G       724M       1.2G       3.3M        42M       296M
-/+ buffers/cache:       384M       1.6G
Swap:         8.0G         0B       8.0G

             total       used       free     shared    buffers     cached
Mem:          2.0G       724M       1.2G       3.3M        42M       296M
-/+ buffers/cache:       384M       1.6G
Swap:         8.0G         0B       8.0G

             total       used       free     shared    buffers     cached
Mem:          2.0G       724M       1.2G       3.3M        42M       296M
-/+ buffers/cache:       384M       1.6G
Swap:         8.0G         0B       8.0G

             total       used       free     shared    buffers     cached
Mem:          2.0G       724M       1.2G       3.3M        42M       296M
-/+ buffers/cache:       384M       1.6G
Swap:         8.0G         0B       8.0G

             total       used       free     shared    buffers     cached
Mem:          2.0G       724M       1.2G       3.3M        42M       296M
-/+ buffers/cache:       384M       1.6G
Swap:         8.0G         0B       8.0G

             total       used       free     shared    buffers     cached
Mem:          2.0G       725M       1.2G       3.3M        42M       296M
-/+ buffers/cache:       385M       1.6G
Swap:         8.0G         0B       8.0G

             total       used       free     shared    buffers     cached
Mem:          2.0G       725M       1.2G       3.3M        42M       296M
-/+ buffers/cache:       385M       1.6G
Swap:         8.0G         0B       8.0G

             total       used       free     shared    buffers     cached
Mem:          2.0G       725M       1.2G       3.3M        42M       296M
-/+ buffers/cache:       385M       1.6G
Swap:         8.0G         0B       8.0G

             total       used       free     shared    buffers     cached
Mem:          2.0G       725M       1.2G       3.3M        42M       296M
-/+ buffers/cache:       385M       1.6G
Swap:         8.0G         0B       8.0G

             total       used       free     shared    buffers     cached
Mem:          2.0G       725M       1.2G       3.3M        42M       296M
-/+ buffers/cache:       385M       1.6G
Swap:         8.0G         0B       8.0G

             total       used       free     shared    buffers     cached
Mem:          2.0G       725M       1.2G       3.3M        42M       296M
-/+ buffers/cache:       385M       1.6G
Swap:         8.0G         0B       8.0G

             total       used       free     shared    buffers     cached
Mem:          2.0G       725M       1.2G       3.3M        42M       296M
-/+ buffers/cache:       385M       1.6G
Swap:         8.0G         0B       8.0G

             total       used       free     shared    buffers     cached
Mem:          2.0G       726M       1.2G       3.3M        42M       297M
-/+ buffers/cache:       386M       1.6G
Swap:         8.0G         0B       8.0G

             total       used       free     shared    buffers     cached
Mem:          2.0G       726M       1.2G       3.3M        42M       297M
-/+ buffers/cache:       386M       1.6G
Swap:         8.0G         0B       8.0G

             total       used       free     shared    buffers     cached
Mem:          2.0G       726M       1.2G       3.3M        42M       297M
-/+ buffers/cache:       386M       1.6G
Swap:         8.0G         0B       8.0G

             total       used       free     shared    buffers     cached
Mem:          2.0G       726M       1.2G       3.3M        42M       297M
-/+ buffers/cache:       386M       1.6G
Swap:         8.0G         0B       8.0G

             total       used       free     shared    buffers     cached
Mem:          2.0G       726M       1.2G       3.3M        42M       297M
-/+ buffers/cache:       386M       1.6G
Swap:         8.0G         0B       8.0G

             total       used       free     shared    buffers     cached
Mem:          2.0G       731M       1.2G       3.3M        42M       297M
-/+ buffers/cache:       391M       1.6G
Swap:         8.0G         0B       8.0G

             total       used       free     shared    buffers     cached
Mem:          2.0G       748M       1.2G       3.3M        42M       297M
-/+ buffers/cache:       408M       1.6G
Swap:         8.0G         0B       8.0G

             total       used       free     shared    buffers     cached
Mem:          2.0G       764M       1.2G       3.3M        42M       297M
-/+ buffers/cache:       424M       1.5G
Swap:         8.0G         0B       8.0G

             total       used       free     shared    buffers     cached
Mem:          2.0G       780M       1.2G       3.3M        42M       297M
-/+ buffers/cache:       440M       1.5G
Swap:         8.0G         0B       8.0G

             total       used       free     shared    buffers     cached
Mem:          2.0G       797M       1.2G       3.3M        42M       297M
-/+ buffers/cache:       457M       1.5G
Swap:         8.0G         0B       8.0G

             total       used       free     shared    buffers     cached
Mem:          2.0G       811M       1.2G       3.3M        42M       297M
-/+ buffers/cache:       471M       1.5G
Swap:         8.0G         0B       8.0G

             total       used       free     shared    buffers     cached
Mem:          2.0G       826M       1.1G       3.3M        42M       297M
-/+ buffers/cache:       486M       1.5G
Swap:         8.0G         0B       8.0G

             total       used       free     shared    buffers     cached
Mem:          2.0G       841M       1.1G       3.3M        42M       297M
-/+ buffers/cache:       501M       1.5G
Swap:         8.0G         0B       8.0G

             total       used       free     shared    buffers     cached
Mem:          2.0G       856M       1.1G       3.3M        42M       297M
-/+ buffers/cache:       516M       1.4G
Swap:         8.0G         0B       8.0G

             total       used       free     shared    buffers     cached
Mem:          2.0G       870M       1.1G       3.3M        42M       297M
-/+ buffers/cache:       530M       1.4G
Swap:         8.0G         0B       8.0G

             total       used       free     shared    buffers     cached
Mem:          2.0G       889M       1.1G       3.3M        42M       297M
-/+ buffers/cache:       549M       1.4G
Swap:         8.0G         0B       8.0G

             total       used       free     shared    buffers     cached
Mem:          2.0G       905M       1.1G       3.3M        42M       297M
-/+ buffers/cache:       565M       1.4G
Swap:         8.0G         0B       8.0G

             total       used       free     shared    buffers     cached
Mem:          2.0G       922M       1.1G       3.3M        42M       297M
-/+ buffers/cache:       582M       1.4G
Swap:         8.0G         0B       8.0G

             total       used       free     shared    buffers     cached
Mem:          2.0G       940M       1.0G       3.3M        42M       297M
-/+ buffers/cache:       599M       1.4G
Swap:         8.0G         0B       8.0G

             total       used       free     shared    buffers     cached
Mem:          2.0G       953M       1.0G       3.3M        42M       297M
-/+ buffers/cache:       613M       1.4G
Swap:         8.0G         0B       8.0G

             total       used       free     shared    buffers     cached
Mem:          2.0G       970M       1.0G       3.3M        42M       297M
-/+ buffers/cache:       630M       1.3G
Swap:         8.0G         0B       8.0G

             total       used       free     shared    buffers     cached
Mem:          2.0G       987M       1.0G       3.3M        42M       297M
-/+ buffers/cache:       647M       1.3G
Swap:         8.0G         0B       8.0G

             total       used       free     shared    buffers     cached
Mem:          2.0G       1.0G       996M       3.3M        42M       297M
-/+ buffers/cache:       663M       1.3G
Swap:         8.0G         0B       8.0G

             total       used       free     shared    buffers     cached
Mem:          2.0G       1.0G       978M       3.3M        42M       297M
-/+ buffers/cache:       682M       1.3G
Swap:         8.0G         0B       8.0G

             total       used       free     shared    buffers     cached
Mem:          2.0G       1.0G       961M       3.3M        42M       297M
-/+ buffers/cache:       699M       1.3G
Swap:         8.0G         0B       8.0G

             total       used       free     shared    buffers     cached
Mem:          2.0G       1.0G       943M       3.3M        42M       297M
-/+ buffers/cache:       716M       1.3G
Swap:         8.0G         0B       8.0G

             total       used       free     shared    buffers     cached
Mem:          2.0G       1.0G       927M       3.3M        42M       297M
-/+ buffers/cache:       733M       1.2G
Swap:         8.0G         0B       8.0G

             total       used       free     shared    buffers     cached
Mem:          2.0G       1.1G       910M       3.3M        42M       297M
-/+ buffers/cache:       749M       1.2G
Swap:         8.0G         0B       8.0G

             total       used       free     shared    buffers     cached
Mem:          2.0G       1.1G       893M       3.3M        42M       297M
-/+ buffers/cache:       767M       1.2G
Swap:         8.0G         0B       8.0G

             total       used       free     shared    buffers     cached
Mem:          2.0G       1.1G       876M       3.3M        42M       297M
-/+ buffers/cache:       783M       1.2G
Swap:         8.0G         0B       8.0G

             total       used       free     shared    buffers     cached
Mem:          2.0G       1.1G       859M       3.3M        42M       297M
-/+ buffers/cache:       800M       1.2G
Swap:         8.0G         0B       8.0G

             total       used       free     shared    buffers     cached
Mem:          2.0G       1.1G       842M       3.3M        42M       297M
-/+ buffers/cache:       817M       1.2G
Swap:         8.0G         0B       8.0G

             total       used       free     shared    buffers     cached
Mem:          2.0G       1.1G       825M       3.3M        42M       297M
-/+ buffers/cache:       834M       1.1G
Swap:         8.0G         0B       8.0G

             total       used       free     shared    buffers     cached
Mem:          2.0G       1.2G       815M       3.3M        42M       297M
-/+ buffers/cache:       844M       1.1G
Swap:         8.0G         0B       8.0G

             total       used       free     shared    buffers     cached
Mem:          2.0G       1.2G       799M       3.3M        42M       297M
-/+ buffers/cache:       860M       1.1G
Swap:         8.0G         0B       8.0G

             total       used       free     shared    buffers     cached
Mem:          2.0G       1.2G       782M       3.3M        42M       297M
-/+ buffers/cache:       877M       1.1G
Swap:         8.0G         0B       8.0G

             total       used       free     shared    buffers     cached
Mem:          2.0G       1.2G       765M       3.3M        42M       297M
-/+ buffers/cache:       894M       1.1G
Swap:         8.0G         0B       8.0G

             total       used       free     shared    buffers     cached
Mem:          2.0G       1.2G       748M       3.3M        42M       297M
-/+ buffers/cache:       911M       1.1G
Swap:         8.0G         0B       8.0G

             total       used       free     shared    buffers     cached
Mem:          2.0G       1.2G       732M       3.3M        42M       297M
-/+ buffers/cache:       927M       1.0G
Swap:         8.0G         0B       8.0G

             total       used       free     shared    buffers     cached
Mem:          2.0G       1.3G       715M       3.3M        42M       297M
-/+ buffers/cache:       944M       1.0G
Swap:         8.0G         0B       8.0G

             total       used       free     shared    buffers     cached
Mem:          2.0G       1.3G       698M       3.3M        42M       297M
-/+ buffers/cache:       961M       1.0G
Swap:         8.0G         0B       8.0G

             total       used       free     shared    buffers     cached
Mem:          2.0G       1.3G       683M       3.3M        42M       297M
-/+ buffers/cache:       976M       1.0G
Swap:         8.0G         0B       8.0G

             total       used       free     shared    buffers     cached
Mem:          2.0G       1.3G       667M       3.3M        42M       297M
-/+ buffers/cache:       992M       1.0G
Swap:         8.0G         0B       8.0G

             total       used       free     shared    buffers     cached
Mem:          2.0G       1.3G       650M       3.3M        42M       297M
-/+ buffers/cache:       1.0G       990M
Swap:         8.0G         0B       8.0G

             total       used       free     shared    buffers     cached
Mem:          2.0G       1.3G       633M       3.3M        42M       297M
-/+ buffers/cache:       1.0G       973M
Swap:         8.0G         0B       8.0G

             total       used       free     shared    buffers     cached
Mem:          2.0G       1.4G       617M       3.3M        42M       297M
-/+ buffers/cache:       1.0G       957M
Swap:         8.0G         0B       8.0G

             total       used       free     shared    buffers     cached
Mem:          2.0G       1.4G       599M       3.3M        42M       297M
-/+ buffers/cache:       1.0G       939M
Swap:         8.0G         0B       8.0G

             total       used       free     shared    buffers     cached
Mem:          2.0G       1.4G       583M       3.3M        42M       297M
-/+ buffers/cache:       1.1G       923M
Swap:         8.0G         0B       8.0G

             total       used       free     shared    buffers     cached
Mem:          2.0G       1.4G       566M       3.3M        42M       297M
-/+ buffers/cache:       1.1G       906M
Swap:         8.0G         0B       8.0G

             total       used       free     shared    buffers     cached
Mem:          2.0G       1.4G       549M       3.3M        42M       297M
-/+ buffers/cache:       1.1G       889M
Swap:         8.0G         0B       8.0G

             total       used       free     shared    buffers     cached
Mem:          2.0G       1.4G       533M       3.3M        42M       297M
-/+ buffers/cache:       1.1G       873M
Swap:         8.0G         0B       8.0G

             total       used       free     shared    buffers     cached
Mem:          2.0G       1.4G       516M       3.3M        42M       297M
-/+ buffers/cache:       1.1G       856M
Swap:         8.0G         0B       8.0G

             total       used       free     shared    buffers     cached
Mem:          2.0G       1.5G       498M       3.3M        42M       297M
-/+ buffers/cache:       1.1G       838M
Swap:         8.0G         0B       8.0G

             total       used       free     shared    buffers     cached
Mem:          2.0G       1.5G       482M       3.3M        42M       297M
-/+ buffers/cache:       1.2G       822M
Swap:         8.0G         0B       8.0G

             total       used       free     shared    buffers     cached
Mem:          2.0G       1.5G       464M       3.3M        42M       297M
-/+ buffers/cache:       1.2G       804M
Swap:         8.0G         0B       8.0G

             total       used       free     shared    buffers     cached
Mem:          2.0G       1.5G       447M       3.3M        42M       297M
-/+ buffers/cache:       1.2G       787M
Swap:         8.0G         0B       8.0G

             total       used       free     shared    buffers     cached
Mem:          2.0G       1.5G       430M       3.3M        42M       297M
-/+ buffers/cache:       1.2G       770M
Swap:         8.0G         0B       8.0G

             total       used       free     shared    buffers     cached
Mem:          2.0G       1.5G       413M       3.3M        42M       297M
-/+ buffers/cache:       1.2G       753M
Swap:         8.0G         0B       8.0G

             total       used       free     shared    buffers     cached
Mem:          2.0G       1.6G       395M       3.3M        42M       297M
-/+ buffers/cache:       1.2G       735M
Swap:         8.0G         0B       8.0G

             total       used       free     shared    buffers     cached
Mem:          2.0G       1.6G       378M       3.3M        42M       297M
-/+ buffers/cache:       1.3G       718M
Swap:         8.0G         0B       8.0G

             total       used       free     shared    buffers     cached
Mem:          2.0G       1.6G       374M       3.3M        42M       297M
-/+ buffers/cache:       1.3G       714M
Swap:         8.0G         0B       8.0G

             total       used       free     shared    buffers     cached
Mem:          2.0G       1.6G       356M       3.3M        42M       297M
-/+ buffers/cache:       1.3G       696M
Swap:         8.0G         0B       8.0G

             total       used       free     shared    buffers     cached
Mem:          2.0G       1.6G       340M       3.3M        42M       297M
-/+ buffers/cache:       1.3G       680M
Swap:         8.0G         0B       8.0G

             total       used       free     shared    buffers     cached
Mem:          2.0G       1.6G       323M       3.3M        42M       297M
-/+ buffers/cache:       1.3G       663M
Swap:         8.0G         0B       8.0G

             total       used       free     shared    buffers     cached
Mem:          2.0G       1.7G       306M       3.3M        42M       297M
-/+ buffers/cache:       1.3G       646M
Swap:         8.0G         0B       8.0G

             total       used       free     shared    buffers     cached
Mem:          2.0G       1.7G       289M       3.3M        42M       297M
-/+ buffers/cache:       1.3G       629M
Swap:         8.0G         0B       8.0G

             total       used       free     shared    buffers     cached
Mem:          2.0G       1.7G       271M       3.3M        42M       297M
-/+ buffers/cache:       1.4G       612M
Swap:         8.0G         0B       8.0G

             total       used       free     shared    buffers     cached
Mem:          2.0G       1.7G       256M       3.3M        42M       297M
-/+ buffers/cache:       1.4G       596M
Swap:         8.0G         0B       8.0G

             total       used       free     shared    buffers     cached
Mem:          2.0G       1.7G       241M       3.3M        42M       297M
-/+ buffers/cache:       1.4G       581M
Swap:         8.0G         0B       8.0G

             total       used       free     shared    buffers     cached
Mem:          2.0G       1.7G       224M       3.3M        42M       297M
-/+ buffers/cache:       1.4G       564M
Swap:         8.0G         0B       8.0G

             total       used       free     shared    buffers     cached
Mem:          2.0G       1.7G       210M       3.3M        42M       297M
-/+ buffers/cache:       1.4G       550M
Swap:         8.0G         0B       8.0G

             total       used       free     shared    buffers     cached
Mem:          2.0G       1.8G       194M       3.3M        42M       297M
-/+ buffers/cache:       1.4G       534M
Swap:         8.0G         0B       8.0G

             total       used       free     shared    buffers     cached
Mem:          2.0G       1.8G       178M       3.3M        42M       297M
-/+ buffers/cache:       1.4G       518M
Swap:         8.0G         0B       8.0G

             total       used       free     shared    buffers     cached
Mem:          2.0G       1.8G       162M       3.3M        42M       297M
-/+ buffers/cache:       1.5G       502M
Swap:         8.0G         0B       8.0G

             total       used       free     shared    buffers     cached
Mem:          2.0G       1.8G       145M       3.3M        42M       297M
-/+ buffers/cache:       1.5G       485M
Swap:         8.0G         0B       8.0G

             total       used       free     shared    buffers     cached
Mem:          2.0G       1.8G       130M       3.3M        42M       297M
-/+ buffers/cache:       1.5G       470M
Swap:         8.0G         0B       8.0G

             total       used       free     shared    buffers     cached
Mem:          2.0G       1.8G       115M       3.3M        42M       297M
-/+ buffers/cache:       1.5G       456M
Swap:         8.0G         0B       8.0G

             total       used       free     shared    buffers     cached
Mem:          2.0G       1.9G       100M       3.3M        42M       297M
-/+ buffers/cache:       1.5G       440M
Swap:         8.0G         0B       8.0G

             total       used       free     shared    buffers     cached
Mem:          2.0G       1.9G        85M       3.3M        42M       297M
-/+ buffers/cache:       1.5G       426M
Swap:         8.0G         0B       8.0G

             total       used       free     shared    buffers     cached
Mem:          2.0G       1.9G        69M       3.3M        42M       297M
-/+ buffers/cache:       1.6G       409M
Swap:         8.0G         0B       8.0G

             total       used       free     shared    buffers     cached
Mem:          2.0G       1.9G        74M       3.3M        24M       295M
-/+ buffers/cache:       1.6G       394M
Swap:         8.0G         0B       8.0G

             total       used       free     shared    buffers     cached
Mem:          2.0G       1.9G        73M       3.3M        14M       290M
-/+ buffers/cache:       1.6G       378M
Swap:         8.0G         0B       8.0G

             total       used       free     shared    buffers     cached
Mem:          2.0G       1.9G        63M       3.3M        14M       285M
-/+ buffers/cache:       1.6G       363M
Swap:         8.0G         0B       8.0G

             total       used       free     shared    buffers     cached
Mem:          2.0G       1.9G        64M       3.2M        13M       269M
-/+ buffers/cache:       1.6G       347M
Swap:         8.0G       112K       8.0G

             total       used       free     shared    buffers     cached
Mem:          2.0G       1.9G        68M       3.1M        13M       249M
-/+ buffers/cache:       1.6G       331M
Swap:         8.0G       172K       8.0G

             total       used       free     shared    buffers     cached
Mem:          2.0G       1.9G        66M       3.0M        13M       237M
-/+ buffers/cache:       1.6G       318M
Swap:         8.0G       7.0M       8.0G

             total       used       free     shared    buffers     cached
Mem:          2.0G       1.9G        83M       2.9M        13M       214M
-/+ buffers/cache:       1.6G       311M
Swap:         8.0G        17M       8.0G

             total       used       free     shared    buffers     cached
Mem:          2.0G       1.9G        67M       2.9M        13M       214M
-/+ buffers/cache:       1.7G       295M
Swap:         8.0G        17M       8.0G

             total       used       free     shared    buffers     cached
Mem:          2.0G       1.9G        63M       2.9M       4.2M       211M
-/+ buffers/cache:       1.7G       279M
Swap:         8.0G        17M       8.0G

             total       used       free     shared    buffers     cached
Mem:          2.0G       1.9G        74M       2.9M       1.4M       187M
-/+ buffers/cache:       1.7G       263M
Swap:         8.0G        17M       8.0G

             total       used       free     shared    buffers     cached
Mem:          2.0G       1.9G        84M       2.9M       1.1M       163M
-/+ buffers/cache:       1.7G       248M
Swap:         8.0G        17M       8.0G

             total       used       free     shared    buffers     cached
Mem:          2.0G       1.9G        67M       2.9M       1.1M       163M
-/+ buffers/cache:       1.7G       231M
Swap:         8.0G        17M       8.0G

             total       used       free     shared    buffers     cached
Mem:          2.0G       1.9G        72M       2.9M       1.1M       144M
-/+ buffers/cache:       1.7G       217M
Swap:         8.0G        17M       8.0G

             total       used       free     shared    buffers     cached
Mem:          2.0G       1.9G        74M       2.9M        84K       128M
-/+ buffers/cache:       1.8G       202M
Swap:         8.0G        17M       8.0G

             total       used       free     shared    buffers     cached
Mem:          2.0G       1.9G        74M       2.9M        96K       113M
-/+ buffers/cache:       1.8G       187M
Swap:         8.0G        17M       8.0G

             total       used       free     shared    buffers     cached
Mem:          2.0G       1.9G        72M       2.9M        96K        99M
-/+ buffers/cache:       1.8G       172M
Swap:         8.0G        17M       8.0G

             total       used       free     shared    buffers     cached
Mem:          2.0G       1.9G        75M       2.9M        96K        83M
-/+ buffers/cache:       1.8G       158M
Swap:         8.0G        17M       8.0G

             total       used       free     shared    buffers     cached
Mem:          2.0G       1.9G        79M       2.9M        96K        64M
-/+ buffers/cache:       1.8G       144M
Swap:         8.0G        17M       8.0G

             total       used       free     shared    buffers     cached
Mem:          2.0G       1.9G        77M       2.9M       108K        50M
-/+ buffers/cache:       1.8G       128M
Swap:         8.0G        17M       8.0G

             total       used       free     shared    buffers     cached
Mem:          2.0G       1.9G        83M       2.9M       248K        30M
-/+ buffers/cache:       1.8G       113M
Swap:         8.0G        17M       8.0G

             total       used       free     shared    buffers     cached
Mem:          2.0G       1.9G        67M       2.9M       248K        30M
-/+ buffers/cache:       1.9G        97M
Swap:         8.0G        17M       8.0G

             total       used       free     shared    buffers     cached
Mem:          2.0G       1.9G        71M       2.5M        80K        21M
-/+ buffers/cache:       1.9G        92M
Swap:         8.0G        29M       8.0G

             total       used       free     shared    buffers     cached
Mem:          2.0G       1.9G        76M       2.6M       368K        17M
-/+ buffers/cache:       1.9G        94M
Swap:         8.0G        53M       7.9G

             total       used       free     shared    buffers     cached
Mem:          2.0G       1.9G        74M       2.5M       772K        17M
-/+ buffers/cache:       1.9G        92M
Swap:         8.0G        53M       7.9G

             total       used       free     shared    buffers     cached
Mem:          2.0G       1.9G        65M       2.5M       780K        13M
-/+ buffers/cache:       1.9G        80M
Swap:         8.0G        54M       7.9G

             total       used       free     shared    buffers     cached
Mem:          2.0G       1.9G        80M       2.5M       276K       5.5M
-/+ buffers/cache:       1.9G        86M
Swap:         8.0G        78M       7.9G

             total       used       free     shared    buffers     cached
Mem:          2.0G       1.9G        65M       2.5M       564K       5.5M
-/+ buffers/cache:       1.9G        72M
Swap:         8.0G        78M       7.9G

             total       used       free     shared    buffers     cached
Mem:          2.0G       1.9G        68M       2.5M       336K       5.6M
-/+ buffers/cache:       1.9G        74M
Swap:         8.0G        96M       7.9G

             total       used       free     shared    buffers     cached
Mem:          2.0G       1.9G        70M       2.5M       336K       5.0M
-/+ buffers/cache:       1.9G        75M
Swap:         8.0G       119M       7.9G

             total       used       free     shared    buffers     cached
Mem:          2.0G       1.9G        67M       2.5M       344K       4.9M
-/+ buffers/cache:       1.9G        73M
Swap:         8.0G       122M       7.9G

             total       used       free     shared    buffers     cached
Mem:          2.0G       1.9G        68M       2.4M       336K       4.7M
-/+ buffers/cache:       1.9G        73M
Swap:         8.0G       148M       7.9G

             total       used       free     shared    buffers     cached
Mem:          2.0G       1.9G        66M       2.4M       344K       4.7M
-/+ buffers/cache:       1.9G        71M
Swap:         8.0G       148M       7.9G

             total       used       free     shared    buffers     cached
Mem:          2.0G       1.9G        68M       2.4M       344K       4.6M
-/+ buffers/cache:       1.9G        73M
Swap:         8.0G       177M       7.8G

             total       used       free     shared    buffers     cached
Mem:          2.0G       1.9G        65M       2.4M       344K       4.6M
-/+ buffers/cache:       1.9G        69M
Swap:         8.0G       177M       7.8G

             total       used       free     shared    buffers     cached
Mem:          2.0G       1.9G        65M       2.4M       352K       4.6M
-/+ buffers/cache:       1.9G        70M
Swap:         8.0G       196M       7.8G

             total       used       free     shared    buffers     cached
Mem:          2.0G       1.9G        76M       2.4M       352K       4.5M
-/+ buffers/cache:       1.9G        81M
Swap:         8.0G       219M       7.8G

             total       used       free     shared    buffers     cached
Mem:          2.0G       1.9G        82M       2.4M       352K       4.4M
-/+ buffers/cache:       1.9G        86M
Swap:         8.0G       249M       7.8G

             total       used       free     shared    buffers     cached
Mem:          2.0G       1.9G        67M       2.4M       352K       4.4M
-/+ buffers/cache:       1.9G        71M
Swap:         8.0G       249M       7.8G

             total       used       free     shared    buffers     cached
Mem:          2.0G       1.9G        73M       2.4M       352K       4.5M
-/+ buffers/cache:       1.9G        78M
Swap:         8.0G       253M       7.7G

             total       used       free     shared    buffers     cached
Mem:          2.0G       1.9G        65M       2.4M       352K       6.3M
-/+ buffers/cache:       1.9G        72M
Swap:         8.0G       253M       7.7G

             total       used       free     shared    buffers     cached
Mem:          2.0G       1.9G        79M       2.4M       188K       8.3M
-/+ buffers/cache:       1.9G        88M
Swap:         8.0G       284M       7.7G

             total       used       free     shared    buffers     cached
Mem:          2.0G       1.9G        72M       2.4M       188K       8.5M
-/+ buffers/cache:       1.9G        81M
Swap:         8.0G       284M       7.7G

             total       used       free     shared    buffers     cached
Mem:          2.0G       1.9G        72M       2.4M        76K       6.5M
-/+ buffers/cache:       1.9G        79M
Swap:         8.0G       288M       7.7G

             total       used       free     shared    buffers     cached
Mem:          2.0G       1.9G        85M       2.4M       180K       8.1M
-/+ buffers/cache:       1.9G        93M
Swap:         8.0G       341M       7.7G

             total       used       free     shared    buffers     cached
Mem:          2.0G       1.9G        75M       2.4M       180K       8.2M
-/+ buffers/cache:       1.9G        84M
Swap:         8.0G       341M       7.7G

             total       used       free     shared    buffers     cached
Mem:          2.0G       1.9G        68M       2.4M       188K       8.3M
-/+ buffers/cache:       1.9G        76M
Swap:         8.0G       341M       7.7G

             total       used       free     shared    buffers     cached
Mem:          2.0G       1.9G        77M       2.4M       460K       8.3M
-/+ buffers/cache:       1.9G        86M
Swap:         8.0G       341M       7.7G

             total       used       free     shared    buffers     cached
Mem:          2.0G       1.9G        74M       2.4M       764K       8.9M
-/+ buffers/cache:       1.9G        84M
Swap:         8.0G       341M       7.7G

             total       used       free     shared    buffers     cached
Mem:          2.0G       1.9G        56M       2.4M       764K        31M
-/+ buffers/cache:       1.9G        88M
Swap:         8.0G       364M       7.6G

             total       used       free     shared    buffers     cached
Mem:          2.0G       1.9G        81M       2.4M       764K        32M
-/+ buffers/cache:       1.8G       115M
Swap:         8.0G       388M       7.6G

             total       used       free     shared    buffers     cached
Mem:          2.0G       1.9G        80M       2.4M       904K        33M
-/+ buffers/cache:       1.8G       114M
Swap:         8.0G       387M       7.6G

             total       used       free     shared    buffers     cached
Mem:          2.0G       1.9G        78M       2.4M       908K        33M
-/+ buffers/cache:       1.8G       112M
Swap:         8.0G       386M       7.6G

             total       used       free     shared    buffers     cached
Mem:          2.0G       1.9G        77M       2.4M       908K        33M
-/+ buffers/cache:       1.8G       111M
Swap:         8.0G       386M       7.6G

             total       used       free     shared    buffers     cached
Mem:          2.0G       1.9G        76M       2.4M       908K        33M
-/+ buffers/cache:       1.8G       110M
Swap:         8.0G       385M       7.6G

             total       used       free     shared    buffers     cached
Mem:          2.0G       1.9G        75M       2.4M       916K        33M
-/+ buffers/cache:       1.8G       109M
Swap:         8.0G       385M       7.6G

             total       used       free     shared    buffers     cached
Mem:          2.0G       1.9G        74M       2.4M       916K        33M
-/+ buffers/cache:       1.8G       108M
Swap:         8.0G       384M       7.6G

             total       used       free     shared    buffers     cached
Mem:          2.0G       1.9G        73M       2.4M       916K        33M
-/+ buffers/cache:       1.8G       107M
Swap:         8.0G       383M       7.6G

             total       used       free     shared    buffers     cached
Mem:          2.0G       1.9G        72M       2.4M       916K        33M
-/+ buffers/cache:       1.8G       106M
Swap:         8.0G       383M       7.6G

             total       used       free     shared    buffers     cached
Mem:          2.0G       1.9G        71M       2.4M       916K        33M
-/+ buffers/cache:       1.9G       105M
Swap:         8.0G       382M       7.6G

             total       used       free     shared    buffers     cached
Mem:          2.0G       1.9G        70M       2.4M       924K        33M
-/+ buffers/cache:       1.9G       104M
Swap:         8.0G       382M       7.6G

             total       used       free     shared    buffers     cached
Mem:          2.0G       1.9G        69M       2.4M       924K        33M
-/+ buffers/cache:       1.9G       103M
Swap:         8.0G       381M       7.6G

             total       used       free     shared    buffers     cached
Mem:          2.0G       1.9G        68M       2.4M       924K        33M
-/+ buffers/cache:       1.9G       102M
Swap:         8.0G       380M       7.6G

             total       used       free     shared    buffers     cached
Mem:          2.0G       1.9G        67M       2.4M       924K        33M
-/+ buffers/cache:       1.9G       101M
Swap:         8.0G       380M       7.6G

             total       used       free     shared    buffers     cached
Mem:          2.0G       1.9G        66M       2.4M       924K        33M
-/+ buffers/cache:       1.9G       100M
Swap:         8.0G       379M       7.6G

             total       used       free     shared    buffers     cached
Mem:          2.0G       1.9G        65M       2.4M       924K        33M
-/+ buffers/cache:       1.9G        99M
Swap:         8.0G       378M       7.6G

             total       used       free     shared    buffers     cached
Mem:          2.0G       1.9G        77M       2.4M       932K        32M
-/+ buffers/cache:       1.8G       111M
Swap:         8.0G       378M       7.6G

             total       used       free     shared    buffers     cached
Mem:          2.0G       1.9G        76M       2.4M       932K        32M
-/+ buffers/cache:       1.8G       110M
Swap:         8.0G       377M       7.6G

             total       used       free     shared    buffers     cached
Mem:          2.0G       1.9G        75M       2.4M       932K        32M
-/+ buffers/cache:       1.8G       109M
Swap:         8.0G       377M       7.6G

             total       used       free     shared    buffers     cached
Mem:          2.0G       1.9G        74M       2.4M       932K        32M
-/+ buffers/cache:       1.8G       108M
Swap:         8.0G       376M       7.6G

             total       used       free     shared    buffers     cached
Mem:          2.0G       1.9G        73M       2.4M       932K        32M
-/+ buffers/cache:       1.8G       107M
Swap:         8.0G       376M       7.6G

             total       used       free     shared    buffers     cached
Mem:          2.0G       1.9G        72M       2.4M       940K        32M
-/+ buffers/cache:       1.8G       106M
Swap:         8.0G       375M       7.6G

             total       used       free     shared    buffers     cached
Mem:          2.0G       1.9G        71M       2.4M       940K        32M
-/+ buffers/cache:       1.9G       105M
Swap:         8.0G       375M       7.6G

             total       used       free     shared    buffers     cached
Mem:          2.0G       1.9G        71M       2.4M       940K        32M
-/+ buffers/cache:       1.9G       104M
Swap:         8.0G       374M       7.6G

             total       used       free     shared    buffers     cached
Mem:          2.0G       1.9G        70M       2.4M       940K        32M
-/+ buffers/cache:       1.9G       104M
Swap:         8.0G       374M       7.6G

             total       used       free     shared    buffers     cached
Mem:          2.0G       1.9G        69M       2.4M       940K        32M
-/+ buffers/cache:       1.9G       102M
Swap:         8.0G       373M       7.6G

             total       used       free     shared    buffers     cached
Mem:          2.0G       1.9G        68M       2.4M       940K        32M
-/+ buffers/cache:       1.9G       102M
Swap:         8.0G       372M       7.6G

             total       used       free     shared    buffers     cached
Mem:          2.0G       1.9G        67M       2.4M       948K        32M
-/+ buffers/cache:       1.9G       101M
Swap:         8.0G       372M       7.6G

             total       used       free     shared    buffers     cached
Mem:          2.0G       1.9G        66M       2.4M       948K        32M
-/+ buffers/cache:       1.9G       100M
Swap:         8.0G       371M       7.6G

             total       used       free     shared    buffers     cached
Mem:          2.0G       1.9G        65M       2.4M       948K        32M
-/+ buffers/cache:       1.9G        99M
Swap:         8.0G       371M       7.6G

             total       used       free     shared    buffers     cached
Mem:          2.0G       1.9G        82M       2.4M       380K        31M
-/+ buffers/cache:       1.8G       114M
Swap:         8.0G       402M       7.6G

             total       used       free     shared    buffers     cached
Mem:          2.0G       1.9G        81M       2.4M       380K        32M
-/+ buffers/cache:       1.8G       114M
Swap:         8.0G       402M       7.6G

             total       used       free     shared    buffers     cached
Mem:          2.0G       1.9G        75M       2.4M       388K        37M
-/+ buffers/cache:       1.8G       113M
Swap:         8.0G       401M       7.6G

             total       used       free     shared    buffers     cached
Mem:          2.0G       1.9G        75M       2.4M       388K        37M
-/+ buffers/cache:       1.8G       112M
Swap:         8.0G       401M       7.6G

             total       used       free     shared    buffers     cached
Mem:          2.0G       1.9G        74M       2.4M       840K        37M
-/+ buffers/cache:       1.8G       112M
Swap:         8.0G       400M       7.6G

             total       used       free     shared    buffers     cached
Mem:          2.0G       1.9G        73M       2.4M       844K        37M
-/+ buffers/cache:       1.8G       111M
Swap:         8.0G       400M       7.6G

             total       used       free     shared    buffers     cached
Mem:          2.0G       1.9G        72M       2.4M       844K        37M
-/+ buffers/cache:       1.8G       110M
Swap:         8.0G       400M       7.6G

             total       used       free     shared    buffers     cached
Mem:          2.0G       1.9G        72M       2.4M       844K        37M
-/+ buffers/cache:       1.8G       110M
Swap:         8.0G       399M       7.6G

             total       used       free     shared    buffers     cached
Mem:          2.0G       1.9G        71M       2.4M       852K        37M
-/+ buffers/cache:       1.8G       109M
Swap:         8.0G       399M       7.6G

             total       used       free     shared    buffers     cached
Mem:          2.0G       1.9G        71M       2.4M       852K        37M
-/+ buffers/cache:       1.8G       109M
Swap:         8.0G       398M       7.6G

             total       used       free     shared    buffers     cached
Mem:          2.0G       1.9G        70M       2.4M       852K        37M
-/+ buffers/cache:       1.8G       108M
Swap:         8.0G       398M       7.6G

             total       used       free     shared    buffers     cached
Mem:          2.0G       1.9G        69M       2.4M       852K        37M
-/+ buffers/cache:       1.8G       107M
Swap:         8.0G       397M       7.6G

             total       used       free     shared    buffers     cached
Mem:          2.0G       1.9G        69M       2.4M       852K        37M
-/+ buffers/cache:       1.8G       107M
Swap:         8.0G       397M       7.6G

             total       used       free     shared    buffers     cached
Mem:          2.0G       1.9G        68M       2.4M       860K        37M
-/+ buffers/cache:       1.8G       106M
Swap:         8.0G       397M       7.6G

             total       used       free     shared    buffers     cached
Mem:          2.0G       1.9G        67M       2.4M       860K        37M
-/+ buffers/cache:       1.8G       106M
Swap:         8.0G       396M       7.6G

             total       used       free     shared    buffers     cached
Mem:          2.0G       1.9G        67M       2.4M       860K        37M
-/+ buffers/cache:       1.9G       105M
Swap:         8.0G       396M       7.6G

             total       used       free     shared    buffers     cached
Mem:          2.0G       1.9G        66M       2.4M       860K        37M
-/+ buffers/cache:       1.9G       104M
Swap:         8.0G       395M       7.6G

             total       used       free     shared    buffers     cached
Mem:          2.0G       1.9G        69M       2.4M       3.2M        62M
-/+ buffers/cache:       1.8G       135M
Swap:         8.0G       422M       7.6G

             total       used       free     shared    buffers     cached
Mem:          2.0G       1.9G        91M       2.4M       3.2M        65M
-/+ buffers/cache:       1.8G       160M
Swap:         8.0G       454M       7.6G

             total       used       free     shared    buffers     cached
Mem:          2.0G       1.9G        90M       2.4M       3.4M        66M
-/+ buffers/cache:       1.8G       159M
Swap:         8.0G       454M       7.6G

             total       used       free     shared    buffers     cached
Mem:          2.0G       1.9G        89M       2.4M       3.4M        66M
-/+ buffers/cache:       1.8G       158M
Swap:         8.0G       453M       7.6G

             total       used       free     shared    buffers     cached
Mem:          2.0G       1.9G        82M       2.4M       3.4M        68M
-/+ buffers/cache:       1.8G       154M
Swap:         8.0G       451M       7.6G

             total       used       free     shared    buffers     cached
Mem:          2.0G       1.9G        81M       2.4M       3.4M        68M
-/+ buffers/cache:       1.8G       153M
Swap:         8.0G       450M       7.6G

             total       used       free     shared    buffers     cached
Mem:          2.0G       1.9G        74M       2.4M       3.4M        71M
-/+ buffers/cache:       1.8G       149M
Swap:         8.0G       448M       7.6G

             total       used       free     shared    buffers     cached
Mem:          2.0G       1.9G        73M       2.4M       3.4M        71M
-/+ buffers/cache:       1.8G       148M
Swap:         8.0G       447M       7.6G

             total       used       free     shared    buffers     cached
Mem:          2.0G       1.9G        72M       2.4M       3.4M        71M
-/+ buffers/cache:       1.8G       148M
Swap:         8.0G       447M       7.6G

             total       used       free     shared    buffers     cached
Mem:          2.0G       1.9G        72M       2.4M       3.4M        71M
-/+ buffers/cache:       1.8G       147M
Swap:         8.0G       447M       7.6G

             total       used       free     shared    buffers     cached
Mem:          2.0G       1.9G        71M       2.4M       3.4M        71M
-/+ buffers/cache:       1.8G       147M
Swap:         8.0G       446M       7.6G

             total       used       free     shared    buffers     cached
Mem:          2.0G       1.9G        71M       2.4M       3.4M        71M
-/+ buffers/cache:       1.8G       146M
Swap:         8.0G       446M       7.6G

             total       used       free     shared    buffers     cached
Mem:          2.0G       1.9G        71M       2.4M       3.4M        71M
-/+ buffers/cache:       1.8G       146M
Swap:         8.0G       446M       7.6G

             total       used       free     shared    buffers     cached
Mem:          2.0G       1.9G        70M       2.4M       3.4M        71M
-/+ buffers/cache:       1.8G       145M
Swap:         8.0G       446M       7.6G

             total       used       free     shared    buffers     cached
Mem:          2.0G       1.9G        70M       2.4M       3.4M        71M
-/+ buffers/cache:       1.8G       145M
Swap:         8.0G       445M       7.6G

             total       used       free     shared    buffers     cached
Mem:          2.0G       1.9G        69M       2.4M       3.4M        71M
-/+ buffers/cache:       1.8G       144M
Swap:         8.0G       445M       7.6G

             total       used       free     shared    buffers     cached
Mem:          2.0G       1.9G        69M       2.4M       3.4M        71M
-/+ buffers/cache:       1.8G       144M
Swap:         8.0G       445M       7.6G

             total       used       free     shared    buffers     cached
Mem:          2.0G       1.9G        73M       2.5M       3.0M        69M
-/+ buffers/cache:       1.8G       146M
Swap:         8.0G       454M       7.6G

             total       used       free     shared    buffers     cached
Mem:          2.0G       1.9G        69M       6.1M       5.3M        65M
-/+ buffers/cache:       1.8G       140M
Swap:         8.0G       466M       7.5G

             total       used       free     shared    buffers     cached
Mem:          2.0G       1.9G        79M       2.5M       4.7M        66M
-/+ buffers/cache:       1.8G       150M
Swap:         8.0G       464M       7.5G

             total       used       free     shared    buffers     cached
Mem:          2.0G       1.9G        67M       2.5M       4.8M        68M
-/+ buffers/cache:       1.8G       141M
Swap:         8.0G       460M       7.5G

             total       used       free     shared    buffers     cached
Mem:          2.0G       1.9G        66M       2.5M       4.8M        68M
-/+ buffers/cache:       1.8G       140M
Swap:         8.0G       459M       7.5G

             total       used       free     shared    buffers     cached
Mem:          2.0G       1.9G        65M       2.5M       4.8M        68M
-/+ buffers/cache:       1.8G       139M
Swap:         8.0G       459M       7.5G

             total       used       free     shared    buffers     cached
Mem:          2.0G       1.9G        75M       2.5M       3.6M        58M
-/+ buffers/cache:       1.8G       138M
Swap:         8.0G       479M       7.5G

             total       used       free     shared    buffers     cached
Mem:          2.0G       1.9G        76M       2.5M       3.6M        58M
-/+ buffers/cache:       1.8G       139M
Swap:         8.0G       479M       7.5G

             total       used       free     shared    buffers     cached
Mem:          2.0G       1.9G        75M       2.5M       3.6M        58M
-/+ buffers/cache:       1.8G       137M
Swap:         8.0G       478M       7.5G

             total       used       free     shared    buffers     cached
Mem:          2.0G       1.9G        74M       2.5M       3.6M        58M
-/+ buffers/cache:       1.8G       137M
Swap:         8.0G       478M       7.5G

             total       used       free     shared    buffers     cached
Mem:          2.0G       1.9G        73M       2.5M       3.6M        58M
-/+ buffers/cache:       1.8G       136M
Swap:         8.0G       477M       7.5G

             total       used       free     shared    buffers     cached
Mem:          2.0G       1.9G        72M       2.5M       3.6M        58M
-/+ buffers/cache:       1.8G       135M
Swap:         8.0G       477M       7.5G

             total       used       free     shared    buffers     cached
Mem:          2.0G       1.9G        71M       2.5M       3.6M        58M
-/+ buffers/cache:       1.8G       134M
Swap:         8.0G       476M       7.5G

             total       used       free     shared    buffers     cached
Mem:          2.0G       1.9G        70M       2.5M       3.6M        58M
-/+ buffers/cache:       1.8G       133M
Swap:         8.0G       475M       7.5G

             total       used       free     shared    buffers     cached
Mem:          2.0G       1.9G        69M       2.5M       3.6M        58M
-/+ buffers/cache:       1.8G       132M
Swap:         8.0G       475M       7.5G

             total       used       free     shared    buffers     cached
Mem:          2.0G       1.9G        68M       2.5M       3.6M        58M
-/+ buffers/cache:       1.8G       131M
Swap:         8.0G       474M       7.5G

             total       used       free     shared    buffers     cached
Mem:          2.0G       1.9G        67M       2.5M       3.8M        58M
-/+ buffers/cache:       1.8G       130M
Swap:         8.0G       474M       7.5G

             total       used       free     shared    buffers     cached
Mem:          2.0G       1.9G        66M       2.5M       3.8M        58M
-/+ buffers/cache:       1.8G       129M
Swap:         8.0G       473M       7.5G

             total       used       free     shared    buffers     cached
Mem:          2.0G       1.9G        65M       2.5M       3.8M        58M
-/+ buffers/cache:       1.8G       128M
Swap:         8.0G       472M       7.5G

             total       used       free     shared    buffers     cached
Mem:          2.0G       1.9G        64M       2.5M       3.8M        58M
-/+ buffers/cache:       1.8G       127M
Swap:         8.0G       472M       7.5G

             total       used       free     shared    buffers     cached
Mem:          2.0G       1.9G        78M       2.5M       3.8M        58M
-/+ buffers/cache:       1.8G       140M
Swap:         8.0G       471M       7.5G

             total       used       free     shared    buffers     cached
Mem:          2.0G       1.9G        77M       2.5M       3.8M        58M
-/+ buffers/cache:       1.8G       139M
Swap:         8.0G       471M       7.5G

             total       used       free     shared    buffers     cached
Mem:          2.0G       1.9G        76M       2.5M       3.8M        58M
-/+ buffers/cache:       1.8G       138M
Swap:         8.0G       470M       7.5G

             total       used       free     shared    buffers     cached
Mem:          2.0G       1.9G        75M       2.5M       3.8M        58M
-/+ buffers/cache:       1.8G       137M
Swap:         8.0G       470M       7.5G

             total       used       free     shared    buffers     cached
Mem:          2.0G       1.9G        74M       2.5M       3.8M        58M
-/+ buffers/cache:       1.8G       137M
Swap:         8.0G       469M       7.5G

             total       used       free     shared    buffers     cached
Mem:          2.0G       1.9G        73M       2.5M       3.8M        58M
-/+ buffers/cache:       1.8G       135M
Swap:         8.0G       469M       7.5G

             total       used       free     shared    buffers     cached
Mem:          2.0G       1.9G        72M       2.5M       3.8M        58M
-/+ buffers/cache:       1.8G       135M
Swap:         8.0G       468M       7.5G

             total       used       free     shared    buffers     cached
Mem:          2.0G       1.9G        71M       2.5M       3.8M        58M
-/+ buffers/cache:       1.8G       134M
Swap:         8.0G       468M       7.5G

             total       used       free     shared    buffers     cached
Mem:          2.0G       1.9G        70M       2.5M       3.8M        58M
-/+ buffers/cache:       1.8G       132M
Swap:         8.0G       467M       7.5G

             total       used       free     shared    buffers     cached
Mem:          2.0G       1.9G        69M       2.5M       3.8M        58M
-/+ buffers/cache:       1.8G       131M
Swap:         8.0G       467M       7.5G

             total       used       free     shared    buffers     cached
Mem:          2.0G       1.9G        68M       2.5M       4.0M        58M
-/+ buffers/cache:       1.8G       130M
Swap:         8.0G       466M       7.5G

             total       used       free     shared    buffers     cached
Mem:          2.0G       1.9G        67M       2.5M       4.0M        58M
-/+ buffers/cache:       1.8G       130M
Swap:         8.0G       465M       7.5G

             total       used       free     shared    buffers     cached
Mem:          2.0G       1.9G        66M       2.5M       4.0M        58M
-/+ buffers/cache:       1.8G       128M
Swap:         8.0G       465M       7.5G

             total       used       free     shared    buffers     cached
Mem:          2.0G       1.9G        65M       2.5M       4.0M        58M
-/+ buffers/cache:       1.8G       128M
Swap:         8.0G       464M       7.5G

             total       used       free     shared    buffers     cached
Mem:          2.0G       1.9G        81M       2.5M       4.0M        57M
-/+ buffers/cache:       1.8G       142M
Swap:         8.0G       488M       7.5G

             total       used       free     shared    buffers     cached
Mem:          2.0G       1.9G        79M       2.5M       4.0M        57M
-/+ buffers/cache:       1.8G       140M
Swap:         8.0G       487M       7.5G

             total       used       free     shared    buffers     cached
Mem:          2.0G       1.9G        78M       2.5M       4.0M        57M
-/+ buffers/cache:       1.8G       139M
Swap:         8.0G       486M       7.5G

             total       used       free     shared    buffers     cached
Mem:          2.0G       1.9G        77M       2.5M       4.0M        57M
-/+ buffers/cache:       1.8G       138M
Swap:         8.0G       486M       7.5G

             total       used       free     shared    buffers     cached
Mem:          2.0G       1.9G        76M       2.5M       4.0M        57M
-/+ buffers/cache:       1.8G       137M
Swap:         8.0G       485M       7.5G

             total       used       free     shared    buffers     cached
Mem:          2.0G       1.9G        76M       2.5M       4.0M        57M
-/+ buffers/cache:       1.8G       137M
Swap:         8.0G       484M       7.5G

             total       used       free     shared    buffers     cached
Mem:          2.0G       1.9G        75M       2.5M       4.0M        57M
-/+ buffers/cache:       1.8G       136M
Swap:         8.0G       484M       7.5G

             total       used       free     shared    buffers     cached
Mem:          2.0G       1.9G        74M       2.5M       4.0M        57M
-/+ buffers/cache:       1.8G       135M
Swap:         8.0G       483M       7.5G

             total       used       free     shared    buffers     cached
Mem:          2.0G       1.9G        73M       2.5M       4.0M        57M
-/+ buffers/cache:       1.8G       134M
Swap:         8.0G       483M       7.5G

             total       used       free     shared    buffers     cached
Mem:          2.0G       1.9G        71M       2.5M       4.0M        57M
-/+ buffers/cache:       1.8G       132M
Swap:         8.0G       482M       7.5G

             total       used       free     shared    buffers     cached
Mem:          2.0G       1.9G        71M       2.5M       4.0M        57M
-/+ buffers/cache:       1.8G       132M
Swap:         8.0G       481M       7.5G

             total       used       free     shared    buffers     cached
Mem:          2.0G       1.9G        69M       2.5M       4.0M        57M
-/+ buffers/cache:       1.8G       130M
Swap:         8.0G       481M       7.5G

             total       used       free     shared    buffers     cached
Mem:          2.0G       1.9G        68M       2.5M       4.0M        57M
-/+ buffers/cache:       1.8G       129M
Swap:         8.0G       480M       7.5G

             total       used       free     shared    buffers     cached
Mem:          2.0G       1.9G        67M       2.5M       4.0M        57M
-/+ buffers/cache:       1.8G       128M
Swap:         8.0G       480M       7.5G

             total       used       free     shared    buffers     cached
Mem:          2.0G       1.9G        66M       2.5M       4.0M        57M
-/+ buffers/cache:       1.8G       127M
Swap:         8.0G       479M       7.5G

             total       used       free     shared    buffers     cached
Mem:          2.0G       1.9G        65M       2.5M       4.0M        57M
-/+ buffers/cache:       1.8G       126M
Swap:         8.0G       478M       7.5G

             total       used       free     shared    buffers     cached
Mem:          2.0G       1.9G        64M       2.5M       4.0M        57M
-/+ buffers/cache:       1.8G       126M
Swap:         8.0G       478M       7.5G

             total       used       free     shared    buffers     cached
Mem:          2.0G       1.9G        77M       2.5M       4.0M        56M
-/+ buffers/cache:       1.8G       137M
Swap:         8.0G       478M       7.5G

             total       used       free     shared    buffers     cached
Mem:          2.0G       1.9G        76M       2.5M       4.0M        56M
-/+ buffers/cache:       1.8G       136M
Swap:         8.0G       478M       7.5G

             total       used       free     shared    buffers     cached
Mem:          2.0G       1.9G        75M       2.5M       4.0M        56M
-/+ buffers/cache:       1.8G       135M
Swap:         8.0G       477M       7.5G

             total       used       free     shared    buffers     cached
Mem:          2.0G       1.9G        74M       2.5M       4.0M        56M
-/+ buffers/cache:       1.8G       134M
Swap:         8.0G       476M       7.5G

             total       used       free     shared    buffers     cached
Mem:          2.0G       1.9G        73M       2.5M       4.0M        56M
-/+ buffers/cache:       1.8G       133M
Swap:         8.0G       476M       7.5G

             total       used       free     shared    buffers     cached
Mem:          2.0G       1.9G        72M       2.5M       4.0M        56M
-/+ buffers/cache:       1.8G       132M
Swap:         8.0G       475M       7.5G

             total       used       free     shared    buffers     cached
Mem:          2.0G       1.9G        71M       2.5M       4.0M        56M
-/+ buffers/cache:       1.8G       131M
Swap:         8.0G       475M       7.5G

             total       used       free     shared    buffers     cached
Mem:          2.0G       1.9G        70M       2.5M       4.0M        56M
-/+ buffers/cache:       1.8G       130M
Swap:         8.0G       474M       7.5G

             total       used       free     shared    buffers     cached
Mem:          2.0G       1.9G        68M       2.5M       4.0M        56M
-/+ buffers/cache:       1.8G       129M
Swap:         8.0G       473M       7.5G

             total       used       free     shared    buffers     cached
Mem:          2.0G       1.9G        67M       2.5M       4.0M        56M
-/+ buffers/cache:       1.8G       128M
Swap:         8.0G       473M       7.5G

             total       used       free     shared    buffers     cached
Mem:          2.0G       1.9G        66M       2.5M       4.0M        56M
-/+ buffers/cache:       1.8G       127M
Swap:         8.0G       472M       7.5G

             total       used       free     shared    buffers     cached
Mem:          2.0G       1.9G        65M       2.5M       4.0M        56M
-/+ buffers/cache:       1.8G       126M
Swap:         8.0G       472M       7.5G

             total       used       free     shared    buffers     cached
Mem:          2.0G       1.9G        64M       2.5M       4.0M        56M
-/+ buffers/cache:       1.8G       125M
Swap:         8.0G       471M       7.5G

             total       used       free     shared    buffers     cached
Mem:          2.0G       1.9G        85M       2.5M       2.2M        50M
-/+ buffers/cache:       1.8G       137M
Swap:         8.0G       492M       7.5G

             total       used       free     shared    buffers     cached
Mem:          2.0G       1.9G        84M       2.5M       2.2M        50M
-/+ buffers/cache:       1.8G       136M
Swap:         8.0G       492M       7.5G

             total       used       free     shared    buffers     cached
Mem:          2.0G       1.9G        82M       2.5M       2.3M        50M
-/+ buffers/cache:       1.8G       135M
Swap:         8.0G       491M       7.5G

             total       used       free     shared    buffers     cached
Mem:          2.0G       1.9G        68M       2.5M       4.6M        58M
-/+ buffers/cache:       1.8G       131M
Swap:         8.0G       490M       7.5G

             total       used       free     shared    buffers     cached
Mem:          2.0G       1.9G        72M       2.5M       3.9M        64M
-/+ buffers/cache:       1.8G       141M
Swap:         8.0G       493M       7.5G

             total       used       free     shared    buffers     cached
Mem:          2.0G       1.9G        78M       2.5M       3.5M        58M
-/+ buffers/cache:       1.8G       140M
Swap:         8.0G       499M       7.5G

             total       used       free     shared    buffers     cached
Mem:          2.0G       1.9G        71M       2.5M       3.7M        64M
-/+ buffers/cache:       1.8G       139M
Swap:         8.0G       498M       7.5G

             total       used       free     shared    buffers     cached
Mem:          2.0G       1.9G        80M       2.5M       3.8M        54M
-/+ buffers/cache:       1.8G       138M
Swap:         8.0G       498M       7.5G

             total       used       free     shared    buffers     cached
Mem:          2.0G       1.9G        74M       2.5M       3.8M        59M
-/+ buffers/cache:       1.8G       137M
Swap:         8.0G       497M       7.5G

             total       used       free     shared    buffers     cached
Mem:          2.0G       1.9G        70M       2.5M       3.8M        61M
-/+ buffers/cache:       1.8G       136M
Swap:         8.0G       497M       7.5G

             total       used       free     shared    buffers     cached
Mem:          2.0G       1.9G        68M       2.5M       3.8M        63M
-/+ buffers/cache:       1.8G       135M
Swap:         8.0G       496M       7.5G

             total       used       free     shared    buffers     cached
Mem:          2.0G       1.9G        67M       2.5M       3.8M        63M
-/+ buffers/cache:       1.8G       134M
Swap:         8.0G       496M       7.5G

             total       used       free     shared    buffers     cached
Mem:          2.0G       1.9G        65M       2.5M       4.1M        63M
-/+ buffers/cache:       1.8G       133M
Swap:         8.0G       495M       7.5G

             total       used       free     shared    buffers     cached
Mem:          2.0G       1.9G        74M       2.5M       4.5M        52M
-/+ buffers/cache:       1.8G       131M
Swap:         8.0G       494M       7.5G

             total       used       free     shared    buffers     cached
Mem:          2.0G       1.9G        79M       2.5M       6.7M        45M
-/+ buffers/cache:       1.8G       131M
Swap:         8.0G       492M       7.5G
