             total       used       free     shared    buffers     cached
Mem:          992M       660M       331M       3.2M        39M       290M
-/+ buffers/cache:       330M       661M
Swap:         8.0G         0B       8.0G

             total       used       free     shared    buffers     cached
Mem:          992M       659M       332M       3.3M        39M       290M
-/+ buffers/cache:       329M       662M
Swap:         8.0G         0B       8.0G

             total       used       free     shared    buffers     cached
Mem:          992M       659M       332M       3.3M        39M       290M
-/+ buffers/cache:       329M       662M
Swap:         8.0G         0B       8.0G

             total       used       free     shared    buffers     cached
Mem:          992M       659M       332M       3.3M        39M       290M
-/+ buffers/cache:       329M       662M
Swap:         8.0G         0B       8.0G

             total       used       free     shared    buffers     cached
Mem:          992M       659M       332M       3.3M        39M       290M
-/+ buffers/cache:       329M       662M
Swap:         8.0G         0B       8.0G

             total       used       free     shared    buffers     cached
Mem:          992M       659M       332M       3.3M        39M       290M
-/+ buffers/cache:       329M       662M
Swap:         8.0G         0B       8.0G

             total       used       free     shared    buffers     cached
Mem:          992M       659M       332M       3.3M        39M       290M
-/+ buffers/cache:       329M       662M
Swap:         8.0G         0B       8.0G

             total       used       free     shared    buffers     cached
Mem:          992M       659M       332M       3.3M        39M       290M
-/+ buffers/cache:       329M       662M
Swap:         8.0G         0B       8.0G

             total       used       free     shared    buffers     cached
Mem:          992M       659M       333M       3.3M        39M       290M
-/+ buffers/cache:       329M       663M
Swap:         8.0G         0B       8.0G

             total       used       free     shared    buffers     cached
Mem:          992M       659M       333M       3.3M        39M       290M
-/+ buffers/cache:       329M       663M
Swap:         8.0G         0B       8.0G

             total       used       free     shared    buffers     cached
Mem:          992M       662M       329M       3.3M        39M       290M
-/+ buffers/cache:       332M       659M
Swap:         8.0G         0B       8.0G

             total       used       free     shared    buffers     cached
Mem:          992M       681M       310M       3.3M        39M       291M
-/+ buffers/cache:       351M       640M
Swap:         8.0G         0B       8.0G

             total       used       free     shared    buffers     cached
Mem:          992M       708M       283M       3.3M        39M       291M
-/+ buffers/cache:       377M       614M
Swap:         8.0G         0B       8.0G

             total       used       free     shared    buffers     cached
Mem:          992M       668M       323M       3.3M        39M       291M
-/+ buffers/cache:       337M       655M
Swap:         8.0G         0B       8.0G

             total       used       free     shared    buffers     cached
Mem:          992M       678M       314M       3.3M        39M       291M
-/+ buffers/cache:       346M       645M
Swap:         8.0G         0B       8.0G

             total       used       free     shared    buffers     cached
Mem:          992M       668M       323M       3.3M        39M       291M
-/+ buffers/cache:       337M       654M
Swap:         8.0G         0B       8.0G

             total       used       free     shared    buffers     cached
Mem:          992M       668M       323M       3.3M        39M       291M
-/+ buffers/cache:       337M       654M
Swap:         8.0G         0B       8.0G

             total       used       free     shared    buffers     cached
Mem:          992M       668M       323M       3.3M        39M       291M
-/+ buffers/cache:       337M       654M
Swap:         8.0G         0B       8.0G

             total       used       free     shared    buffers     cached
Mem:          992M       668M       323M       3.3M        39M       291M
-/+ buffers/cache:       337M       654M
Swap:         8.0G         0B       8.0G

             total       used       free     shared    buffers     cached
Mem:          992M       668M       323M       3.3M        39M       291M
-/+ buffers/cache:       337M       654M
Swap:         8.0G         0B       8.0G

             total       used       free     shared    buffers     cached
Mem:          992M       668M       323M       3.3M        39M       291M
-/+ buffers/cache:       337M       654M
Swap:         8.0G         0B       8.0G

             total       used       free     shared    buffers     cached
Mem:          992M       668M       323M       3.3M        39M       292M
-/+ buffers/cache:       337M       654M
Swap:         8.0G         0B       8.0G

             total       used       free     shared    buffers     cached
Mem:          992M       668M       323M       3.3M        39M       291M
-/+ buffers/cache:       337M       654M
Swap:         8.0G         0B       8.0G

             total       used       free     shared    buffers     cached
Mem:          992M       668M       323M       3.3M        39M       291M
-/+ buffers/cache:       337M       654M
Swap:         8.0G         0B       8.0G

             total       used       free     shared    buffers     cached
Mem:          992M       668M       323M       3.3M        39M       291M
-/+ buffers/cache:       337M       654M
Swap:         8.0G         0B       8.0G

             total       used       free     shared    buffers     cached
Mem:          992M       668M       323M       3.3M        39M       291M
-/+ buffers/cache:       337M       654M
Swap:         8.0G         0B       8.0G

             total       used       free     shared    buffers     cached
Mem:          992M       668M       323M       3.3M        39M       291M
-/+ buffers/cache:       337M       654M
Swap:         8.0G         0B       8.0G

             total       used       free     shared    buffers     cached
Mem:          992M       668M       323M       3.3M        39M       291M
-/+ buffers/cache:       337M       654M
Swap:         8.0G         0B       8.0G

             total       used       free     shared    buffers     cached
Mem:          992M       668M       323M       3.3M        39M       291M
-/+ buffers/cache:       337M       654M
Swap:         8.0G         0B       8.0G

             total       used       free     shared    buffers     cached
Mem:          992M       668M       323M       3.3M        39M       291M
-/+ buffers/cache:       337M       654M
Swap:         8.0G         0B       8.0G

             total       used       free     shared    buffers     cached
Mem:          992M       668M       323M       3.3M        39M       291M
-/+ buffers/cache:       337M       654M
Swap:         8.0G         0B       8.0G

             total       used       free     shared    buffers     cached
Mem:          992M       668M       323M       3.3M        39M       291M
-/+ buffers/cache:       337M       654M
Swap:         8.0G         0B       8.0G

             total       used       free     shared    buffers     cached
Mem:          992M       668M       323M       3.3M        39M       291M
-/+ buffers/cache:       337M       654M
Swap:         8.0G         0B       8.0G

             total       used       free     shared    buffers     cached
Mem:          992M       674M       317M       3.3M        39M       291M
-/+ buffers/cache:       343M       648M
Swap:         8.0G         0B       8.0G

             total       used       free     shared    buffers     cached
Mem:          992M       689M       302M       3.3M        39M       291M
-/+ buffers/cache:       358M       633M
Swap:         8.0G         0B       8.0G

             total       used       free     shared    buffers     cached
Mem:          992M       703M       288M       3.3M        39M       291M
-/+ buffers/cache:       372M       619M
Swap:         8.0G         0B       8.0G

             total       used       free     shared    buffers     cached
Mem:          992M       717M       274M       3.3M        39M       291M
-/+ buffers/cache:       386M       605M
Swap:         8.0G         0B       8.0G

             total       used       free     shared    buffers     cached
Mem:          992M       731M       261M       3.3M        39M       291M
-/+ buffers/cache:       399M       592M
Swap:         8.0G         0B       8.0G

             total       used       free     shared    buffers     cached
Mem:          992M       748M       244M       3.3M        39M       291M
-/+ buffers/cache:       416M       575M
Swap:         8.0G         0B       8.0G

             total       used       free     shared    buffers     cached
Mem:          992M       765M       227M       3.3M        39M       291M
-/+ buffers/cache:       433M       558M
Swap:         8.0G         0B       8.0G

             total       used       free     shared    buffers     cached
Mem:          992M       781M       210M       3.3M        39M       291M
-/+ buffers/cache:       450M       541M
Swap:         8.0G         0B       8.0G

             total       used       free     shared    buffers     cached
Mem:          992M       797M       194M       3.3M        39M       291M
-/+ buffers/cache:       466M       525M
Swap:         8.0G         0B       8.0G

             total       used       free     shared    buffers     cached
Mem:          992M       813M       178M       3.3M        39M       292M
-/+ buffers/cache:       482M       509M
Swap:         8.0G         0B       8.0G

             total       used       free     shared    buffers     cached
Mem:          992M       828M       163M       3.3M        39M       292M
-/+ buffers/cache:       497M       495M
Swap:         8.0G         0B       8.0G

             total       used       free     shared    buffers     cached
Mem:          992M       844M       147M       3.3M        39M       292M
-/+ buffers/cache:       513M       478M
Swap:         8.0G         0B       8.0G

             total       used       free     shared    buffers     cached
Mem:          992M       860M       131M       3.3M        39M       291M
-/+ buffers/cache:       529M       462M
Swap:         8.0G         0B       8.0G

             total       used       free     shared    buffers     cached
Mem:          992M       876M       115M       3.3M        39M       292M
-/+ buffers/cache:       544M       447M
Swap:         8.0G         0B       8.0G

             total       used       free     shared    buffers     cached
Mem:          992M       889M       102M       3.3M        39M       292M
-/+ buffers/cache:       558M       433M
Swap:         8.0G         0B       8.0G

             total       used       free     shared    buffers     cached
Mem:          992M       901M        90M       3.3M        39M       292M
-/+ buffers/cache:       570M       421M
Swap:         8.0G         0B       8.0G

             total       used       free     shared    buffers     cached
Mem:          992M       915M        77M       3.3M        39M       292M
-/+ buffers/cache:       583M       408M
Swap:         8.0G         0B       8.0G

             total       used       free     shared    buffers     cached
Mem:          992M       929M        62M       3.3M        39M       292M
-/+ buffers/cache:       598M       393M
Swap:         8.0G         0B       8.0G

             total       used       free     shared    buffers     cached
Mem:          992M       929M        63M       3.3M        26M       290M
-/+ buffers/cache:       611M       380M
Swap:         8.0G         0B       8.0G

             total       used       free     shared    buffers     cached
Mem:          992M       921M        70M       3.3M        10M       285M
-/+ buffers/cache:       625M       366M
Swap:         8.0G         0B       8.0G

             total       used       free     shared    buffers     cached
Mem:          992M       917M        74M       3.2M        10M       268M
-/+ buffers/cache:       638M       353M
Swap:         8.0G       100K       8.0G

             total       used       free     shared    buffers     cached
Mem:          992M       931M        60M       3.2M        10M       268M
-/+ buffers/cache:       652M       339M
Swap:         8.0G       100K       8.0G

             total       used       free     shared    buffers     cached
Mem:          992M       923M        68M       3.1M        10M       249M
-/+ buffers/cache:       663M       328M
Swap:         8.0G       188K       8.0G

             total       used       free     shared    buffers     cached
Mem:          992M       920M        71M       3.1M        10M       233M
-/+ buffers/cache:       676M       315M
Swap:         8.0G       3.2M       8.0G

             total       used       free     shared    buffers     cached
Mem:          992M       900M        92M       3.0M       4.3M       208M
-/+ buffers/cache:       687M       304M
Swap:         8.0G       7.6M       8.0G

             total       used       free     shared    buffers     cached
Mem:          992M       915M        76M       3.0M       4.3M       208M
-/+ buffers/cache:       703M       288M
Swap:         8.0G       7.6M       8.0G

             total       used       free     shared    buffers     cached
Mem:          992M       929M        63M       3.0M       4.3M       208M
-/+ buffers/cache:       716M       275M
Swap:         8.0G       7.6M       8.0G

             total       used       free     shared    buffers     cached
Mem:          992M       928M        64M       3.0M       2.6M       197M
-/+ buffers/cache:       728M       263M
Swap:         8.0G       7.6M       8.0G

             total       used       free     shared    buffers     cached
Mem:          992M       925M        66M       3.0M       1.3M       183M
-/+ buffers/cache:       740M       251M
Swap:         8.0G       7.6M       8.0G

             total       used       free     shared    buffers     cached
Mem:          992M       916M        75M       3.0M       164K       163M
-/+ buffers/cache:       753M       239M
Swap:         8.0G       7.6M       8.0G

             total       used       free     shared    buffers     cached
Mem:          992M       930M        61M       3.0M       164K       163M
-/+ buffers/cache:       767M       224M
Swap:         8.0G       7.6M       8.0G

             total       used       free     shared    buffers     cached
Mem:          992M       923M        68M       3.0M       164K       143M
-/+ buffers/cache:       779M       212M
Swap:         8.0G       7.6M       8.0G

             total       used       free     shared    buffers     cached
Mem:          992M       929M        62M       3.0M       172K       143M
-/+ buffers/cache:       785M       206M
Swap:         8.0G       7.6M       8.0G

             total       used       free     shared    buffers     cached
Mem:          992M       928M        63M       3.0M       836K       127M
-/+ buffers/cache:       799M       192M
Swap:         8.0G       7.5M       8.0G

             total       used       free     shared    buffers     cached
Mem:          992M       927M        64M       3.0M       848K       113M
-/+ buffers/cache:       813M       179M
Swap:         8.0G       7.5M       8.0G

             total       used       free     shared    buffers     cached
Mem:          992M       927M        64M       3.0M       848K       100M
-/+ buffers/cache:       826M       165M
Swap:         8.0G       7.5M       8.0G

             total       used       free     shared    buffers     cached
Mem:          992M       918M        73M       3.0M       852K        80M
-/+ buffers/cache:       837M       154M
Swap:         8.0G       7.5M       8.0G

             total       used       free     shared    buffers     cached
Mem:          992M       924M        67M       3.0M       2.5M        71M
-/+ buffers/cache:       850M       141M
Swap:         8.0G       7.5M       8.0G

             total       used       free     shared    buffers     cached
Mem:          992M       927M        64M       3.0M       2.5M        62M
-/+ buffers/cache:       862M       130M
Swap:         8.0G       7.5M       8.0G

             total       used       free     shared    buffers     cached
Mem:          992M       925M        66M       3.0M       2.5M        49M
-/+ buffers/cache:       873M       118M
Swap:         8.0G       7.5M       8.0G

             total       used       free     shared    buffers     cached
Mem:          992M       920M        71M       3.0M       2.5M        31M
-/+ buffers/cache:       886M       105M
Swap:         8.0G       7.5M       8.0G

             total       used       free     shared    buffers     cached
Mem:          992M       917M        74M       2.8M       2.5M        19M
-/+ buffers/cache:       895M        96M
Swap:         8.0G        17M       8.0G

             total       used       free     shared    buffers     cached
Mem:          992M       921M        70M       2.8M        76K        13M
-/+ buffers/cache:       908M        83M
Swap:         8.0G        17M       8.0G

             total       used       free     shared    buffers     cached
Mem:          992M       920M        71M       2.5M       168K       4.5M
-/+ buffers/cache:       915M        76M
Swap:         8.0G        28M       8.0G

             total       used       free     shared    buffers     cached
Mem:          992M       921M        70M       2.5M       468K       4.5M
-/+ buffers/cache:       917M        75M
Swap:         8.0G        34M       8.0G

             total       used       free     shared    buffers     cached
Mem:          992M       928M        63M       2.5M       472K       4.4M
-/+ buffers/cache:       923M        68M
Swap:         8.0G        39M       8.0G

             total       used       free     shared    buffers     cached
Mem:          992M       921M        70M       2.5M       472K       4.4M
-/+ buffers/cache:       916M        75M
Swap:         8.0G        69M       7.9G

             total       used       free     shared    buffers     cached
Mem:          992M       920M        71M       2.5M       472K       4.6M
-/+ buffers/cache:       915M        76M
Swap:         8.0G        74M       7.9G

             total       used       free     shared    buffers     cached
Mem:          992M       914M        77M       2.5M       472K       4.4M
-/+ buffers/cache:       909M        82M
Swap:         8.0G       100M       7.9G

             total       used       free     shared    buffers     cached
Mem:          992M       926M        65M       2.5M       472K       4.4M
-/+ buffers/cache:       922M        70M
Swap:         8.0G       100M       7.9G

             total       used       free     shared    buffers     cached
Mem:          992M       924M        67M       2.5M       480K       4.4M
-/+ buffers/cache:       920M        72M
Swap:         8.0G       103M       7.9G

             total       used       free     shared    buffers     cached
Mem:          992M       919M        72M       2.4M       480K       4.2M
-/+ buffers/cache:       915M        77M
Swap:         8.0G       133M       7.9G

             total       used       free     shared    buffers     cached
Mem:          992M       919M        72M       2.4M       480K       4.2M
-/+ buffers/cache:       915M        77M
Swap:         8.0G       134M       7.9G

             total       used       free     shared    buffers     cached
Mem:          992M       908M        83M       2.4M       440K       4.4M
-/+ buffers/cache:       903M        88M
Swap:         8.0G       190M       7.8G

             total       used       free     shared    buffers     cached
Mem:          992M       921M        70M       2.4M       440K       4.4M
-/+ buffers/cache:       916M        75M
Swap:         8.0G       190M       7.8G

             total       used       free     shared    buffers     cached
Mem:          992M       919M        72M       2.4M       448K       4.4M
-/+ buffers/cache:       914M        77M
Swap:         8.0G       190M       7.8G

             total       used       free     shared    buffers     cached
Mem:          992M       919M        72M       2.4M       448K       4.4M
-/+ buffers/cache:       914M        77M
Swap:         8.0G       190M       7.8G

             total       used       free     shared    buffers     cached
Mem:          992M       920M        71M       2.4M       448K       4.4M
-/+ buffers/cache:       915M        76M
Swap:         8.0G       203M       7.8G

             total       used       free     shared    buffers     cached
Mem:          992M       916M        75M       2.4M       364K       4.4M
-/+ buffers/cache:       911M        80M
Swap:         8.0G       232M       7.8G

             total       used       free     shared    buffers     cached
Mem:          992M       930M        61M       2.4M       364K       4.4M
-/+ buffers/cache:       925M        66M
Swap:         8.0G       232M       7.8G

             total       used       free     shared    buffers     cached
Mem:          992M       930M        62M       2.4M       372K       4.4M
-/+ buffers/cache:       925M        66M
Swap:         8.0G       232M       7.8G

             total       used       free     shared    buffers     cached
Mem:          992M       929M        62M       2.3M       356K       4.3M
-/+ buffers/cache:       924M        67M
Swap:         8.0G       245M       7.8G

             total       used       free     shared    buffers     cached
Mem:          992M       921M        70M       2.3M       356K       4.2M
-/+ buffers/cache:       916M        75M
Swap:         8.0G       263M       7.7G

             total       used       free     shared    buffers     cached
Mem:          992M       929M        62M       2.3M       356K       4.2M
-/+ buffers/cache:       925M        66M
Swap:         8.0G       263M       7.7G

             total       used       free     shared    buffers     cached
Mem:          992M       915M        76M       2.3M       356K       4.2M
-/+ buffers/cache:       911M        80M
Swap:         8.0G       281M       7.7G

             total       used       free     shared    buffers     cached
Mem:          992M       920M        71M       2.3M       356K       4.2M
-/+ buffers/cache:       916M        75M
Swap:         8.0G       281M       7.7G

             total       used       free     shared    buffers     cached
Mem:          992M       926M        65M       2.3M       364K       4.2M
-/+ buffers/cache:       922M        69M
Swap:         8.0G       281M       7.7G

             total       used       free     shared    buffers     cached
Mem:          992M       915M        77M       2.3M       364K       4.1M
-/+ buffers/cache:       910M        81M
Swap:         8.0G       300M       7.7G

             total       used       free     shared    buffers     cached
Mem:          992M       920M        72M       2.3M       364K       4.1M
-/+ buffers/cache:       915M        76M
Swap:         8.0G       300M       7.7G

             total       used       free     shared    buffers     cached
Mem:          992M       924M        67M       2.3M       364K       4.2M
-/+ buffers/cache:       920M        71M
Swap:         8.0G       300M       7.7G

             total       used       free     shared    buffers     cached
Mem:          992M       928M        63M       2.3M       364K       4.1M
-/+ buffers/cache:       924M        67M
Swap:         8.0G       300M       7.7G

             total       used       free     shared    buffers     cached
Mem:          992M       910M        81M       2.3M       320K       4.0M
-/+ buffers/cache:       906M        85M
Swap:         8.0G       327M       7.7G

             total       used       free     shared    buffers     cached
Mem:          992M       915M        76M       2.3M       320K       4.1M
-/+ buffers/cache:       910M        81M
Swap:         8.0G       327M       7.7G

             total       used       free     shared    buffers     cached
Mem:          992M       919M        73M       2.3M       320K       4.1M
-/+ buffers/cache:       914M        77M
Swap:         8.0G       327M       7.7G

             total       used       free     shared    buffers     cached
Mem:          992M       923M        68M       2.3M       320K       4.0M
-/+ buffers/cache:       918M        73M
Swap:         8.0G       327M       7.7G

             total       used       free     shared    buffers     cached
Mem:          992M       927M        64M       2.3M       320K       4.1M
-/+ buffers/cache:       922M        69M
Swap:         8.0G       327M       7.7G

             total       used       free     shared    buffers     cached
Mem:          992M       923M        68M        32K       272K       1.8M
-/+ buffers/cache:       921M        71M
Swap:         8.0G       327M       7.7G

             total       used       free     shared    buffers     cached
Mem:          992M       929M        62M        12K       248K       1.8M
-/+ buffers/cache:       927M        64M
Swap:         8.0G       319M       7.7G

             total       used       free     shared    buffers     cached
Mem:          992M       921M        71M        12K       212K       1.8M
-/+ buffers/cache:       919M        73M
Swap:         8.0G       334M       7.7G

             total       used       free     shared    buffers     cached
Mem:          992M       918M        73M         0B        76K       1.8M
-/+ buffers/cache:       917M        75M
Swap:         8.0G       322M       7.7G

             total       used       free     shared    buffers     cached
Mem:          992M       920M        71M         0B        76K       1.6M
-/+ buffers/cache:       918M        73M
Swap:         8.0G       326M       7.7G

             total       used       free     shared    buffers     cached
Mem:          992M       918M        73M         0B        84K       1.4M
-/+ buffers/cache:       917M        74M
Swap:         8.0G       323M       7.7G

             total       used       free     shared    buffers     cached
Mem:          992M       930M        61M         0B        84K       1.4M
-/+ buffers/cache:       928M        63M
Swap:         8.0G       316M       7.7G

             total       used       free     shared    buffers     cached
Mem:          992M       919M        72M         0B        84K       1.3M
-/+ buffers/cache:       918M        74M
Swap:         8.0G       332M       7.7G

             total       used       free     shared    buffers     cached
Mem:          992M       920M        71M         0B        84K       1.3M
-/+ buffers/cache:       919M        72M
Swap:         8.0G       326M       7.7G

             total       used       free     shared    buffers     cached
Mem:          992M       920M        71M         0B        84K       1.2M
-/+ buffers/cache:       919M        72M
Swap:         8.0G       337M       7.7G

             total       used       free     shared    buffers     cached
Mem:          992M       919M        72M         0B        84K       1.2M
-/+ buffers/cache:       918M        73M
Swap:         8.0G       338M       7.7G

             total       used       free     shared    buffers     cached
Mem:          992M       918M        73M         0B        92K       1.7M
-/+ buffers/cache:       916M        75M
Swap:         8.0G       390M       7.6G

             total       used       free     shared    buffers     cached
Mem:          992M       922M        69M         0B        92K       1.7M
-/+ buffers/cache:       920M        71M
Swap:         8.0G       388M       7.6G

             total       used       free     shared    buffers     cached
Mem:          992M       924M        67M         0B        92K       1.7M
-/+ buffers/cache:       922M        69M
Swap:         8.0G       388M       7.6G

             total       used       free     shared    buffers     cached
Mem:          992M       930M        61M         0B        92K       1.6M
-/+ buffers/cache:       928M        63M
Swap:         8.0G       386M       7.6G

             total       used       free     shared    buffers     cached
Mem:          992M       929M        62M         0B        92K       5.1M
-/+ buffers/cache:       924M        67M
Swap:         8.0G       385M       7.6G

             total       used       free     shared    buffers     cached
Mem:          992M       916M        75M         0B       104K        19M
-/+ buffers/cache:       896M        95M
Swap:         8.0G       387M       7.6G

             total       used       free     shared    buffers     cached
Mem:          992M       921M        70M         0B       560K        19M
-/+ buffers/cache:       901M        91M
Swap:         8.0G       387M       7.6G

             total       used       free     shared    buffers     cached
Mem:          992M       926M        65M         0B       564K        19M
-/+ buffers/cache:       906M        85M
Swap:         8.0G       387M       7.6G

             total       used       free     shared    buffers     cached
Mem:          992M       917M        75M         0B       564K        19M
-/+ buffers/cache:       897M        94M
Swap:         8.0G       410M       7.6G

             total       used       free     shared    buffers     cached
Mem:          992M       923M        68M         0B       568K        19M
-/+ buffers/cache:       903M        88M
Swap:         8.0G       410M       7.6G

             total       used       free     shared    buffers     cached
Mem:          992M       925M        66M         0B       576K        19M
-/+ buffers/cache:       905M        86M
Swap:         8.0G       410M       7.6G

             total       used       free     shared    buffers     cached
Mem:          992M       927M        64M         0B       576K        19M
-/+ buffers/cache:       907M        84M
Swap:         8.0G       409M       7.6G

             total       used       free     shared    buffers     cached
Mem:          992M       930M        61M         0B       576K        19M
-/+ buffers/cache:       910M        81M
Swap:         8.0G       408M       7.6G

             total       used       free     shared    buffers     cached
Mem:          992M       920M        72M         0B       576K        19M
-/+ buffers/cache:       900M        91M
Swap:         8.0G       414M       7.6G

             total       used       free     shared    buffers     cached
Mem:          992M       922M        70M         0B       576K        19M
-/+ buffers/cache:       902M        89M
Swap:         8.0G       413M       7.6G

             total       used       free     shared    buffers     cached
Mem:          992M       924M        68M         0B       576K        19M
-/+ buffers/cache:       904M        87M
Swap:         8.0G       413M       7.6G

             total       used       free     shared    buffers     cached
Mem:          992M       926M        65M         0B       584K        19M
-/+ buffers/cache:       906M        85M
Swap:         8.0G       411M       7.6G

             total       used       free     shared    buffers     cached
Mem:          992M       928M        63M         0B       584K        19M
-/+ buffers/cache:       908M        83M
Swap:         8.0G       410M       7.6G

             total       used       free     shared    buffers     cached
Mem:          992M       930M        61M         0B       584K        19M
-/+ buffers/cache:       911M        81M
Swap:         8.0G       409M       7.6G

             total       used       free     shared    buffers     cached
Mem:          992M       920M        71M         0B       584K        18M
-/+ buffers/cache:       901M        90M
Swap:         8.0G       413M       7.6G

             total       used       free     shared    buffers     cached
Mem:          992M       922M        69M         0B       584K        18M
-/+ buffers/cache:       903M        88M
Swap:         8.0G       412M       7.6G

             total       used       free     shared    buffers     cached
Mem:          992M       925M        66M         0B       592K        18M
-/+ buffers/cache:       906M        86M
Swap:         8.0G       411M       7.6G

             total       used       free     shared    buffers     cached
Mem:          992M       927M        64M         0B       592K        18M
-/+ buffers/cache:       908M        83M
Swap:         8.0G       410M       7.6G

             total       used       free     shared    buffers     cached
Mem:          992M       929M        63M         0B       592K        18M
-/+ buffers/cache:       909M        82M
Swap:         8.0G       409M       7.6G

             total       used       free     shared    buffers     cached
Mem:          992M       918M        74M         0B       548K        15M
-/+ buffers/cache:       901M        90M
Swap:         8.0G       423M       7.6G

             total       used       free     shared    buffers     cached
Mem:          992M       919M        72M         0B       548K        15M
-/+ buffers/cache:       903M        88M
Swap:         8.0G       422M       7.6G

             total       used       free     shared    buffers     cached
Mem:          992M       921M        70M         0B       556K        15M
-/+ buffers/cache:       905M        86M
Swap:         8.0G       421M       7.6G

             total       used       free     shared    buffers     cached
Mem:          992M       924M        68M         0B       556K        15M
-/+ buffers/cache:       907M        84M
Swap:         8.0G       420M       7.6G

             total       used       free     shared    buffers     cached
Mem:          992M       926M        65M         0B       556K        15M
-/+ buffers/cache:       910M        81M
Swap:         8.0G       419M       7.6G

             total       used       free     shared    buffers     cached
Mem:          992M       928M        63M         0B       556K        15M
-/+ buffers/cache:       912M        79M
Swap:         8.0G       418M       7.6G

             total       used       free     shared    buffers     cached
Mem:          992M       930M        61M         0B       556K        15M
-/+ buffers/cache:       914M        77M
Swap:         8.0G       417M       7.6G

             total       used       free     shared    buffers     cached
Mem:          992M       919M        73M         0B       548K       8.3M
-/+ buffers/cache:       910M        82M
Swap:         8.0G       416M       7.6G

             total       used       free     shared    buffers     cached
Mem:          992M       921M        70M         0B       556K       8.3M
-/+ buffers/cache:       912M        79M
Swap:         8.0G       415M       7.6G

             total       used       free     shared    buffers     cached
Mem:          992M       923M        68M         0B       556K       8.3M
-/+ buffers/cache:       914M        77M
Swap:         8.0G       414M       7.6G

             total       used       free     shared    buffers     cached
Mem:          992M       925M        66M         0B       556K       8.3M
-/+ buffers/cache:       916M        75M
Swap:         8.0G       413M       7.6G

             total       used       free     shared    buffers     cached
Mem:          992M       927M        64M         0B       556K       8.3M
-/+ buffers/cache:       918M        73M
Swap:         8.0G       412M       7.6G

             total       used       free     shared    buffers     cached
Mem:          992M       929M        62M         0B       556K       8.3M
-/+ buffers/cache:       920M        71M
Swap:         8.0G       411M       7.6G

             total       used       free     shared    buffers     cached
Mem:          992M       914M        77M         0B       364K       2.5M
-/+ buffers/cache:       911M        80M
Swap:         8.0G       432M       7.6G

             total       used       free     shared    buffers     cached
Mem:          992M       916M        75M         0B       496K       2.5M
-/+ buffers/cache:       913M        78M
Swap:         8.0G       431M       7.6G

             total       used       free     shared    buffers     cached
Mem:          992M       918M        73M         0B       496K       2.5M
-/+ buffers/cache:       915M        76M
Swap:         8.0G       430M       7.6G

             total       used       free     shared    buffers     cached
Mem:          992M       920M        71M         0B       496K       2.5M
-/+ buffers/cache:       917M        74M
Swap:         8.0G       429M       7.6G

             total       used       free     shared    buffers     cached
Mem:          992M       922M        69M         0B       496K       2.5M
-/+ buffers/cache:       919M        72M
Swap:         8.0G       428M       7.6G

             total       used       free     shared    buffers     cached
Mem:          992M       924M        67M         0B       504K       2.5M
-/+ buffers/cache:       921M        70M
Swap:         8.0G       427M       7.6G

             total       used       free     shared    buffers     cached
Mem:          992M       926M        65M         0B       504K       2.5M
-/+ buffers/cache:       923M        68M
Swap:         8.0G       426M       7.6G

             total       used       free     shared    buffers     cached
Mem:          992M       928M        63M         0B       504K       2.5M
-/+ buffers/cache:       925M        66M
Swap:         8.0G       425M       7.6G

             total       used       free     shared    buffers     cached
Mem:          992M       931M        61M         0B       504K       2.5M
-/+ buffers/cache:       928M        63M
Swap:         8.0G       424M       7.6G

             total       used       free     shared    buffers     cached
Mem:          992M       921M        70M         0B       504K       2.5M
-/+ buffers/cache:       918M        73M
Swap:         8.0G       423M       7.6G

             total       used       free     shared    buffers     cached
Mem:          992M       924M        67M         0B       504K       2.5M
-/+ buffers/cache:       921M        70M
Swap:         8.0G       422M       7.6G

             total       used       free     shared    buffers     cached
Mem:          992M       926M        66M         0B       512K       2.5M
-/+ buffers/cache:       923M        69M
Swap:         8.0G       421M       7.6G

             total       used       free     shared    buffers     cached
Mem:          992M       928M        63M         0B       512K       2.5M
-/+ buffers/cache:       925M        66M
Swap:         8.0G       420M       7.6G

             total       used       free     shared    buffers     cached
Mem:          992M       930M        61M         0B       512K       2.5M
-/+ buffers/cache:       927M        64M
Swap:         8.0G       419M       7.6G

             total       used       free     shared    buffers     cached
Mem:          992M       911M        81M         0B       512K       2.4M
-/+ buffers/cache:       908M        84M
Swap:         8.0G       445M       7.6G

             total       used       free     shared    buffers     cached
Mem:          992M       913M        79M         0B       512K       2.4M
-/+ buffers/cache:       910M        81M
Swap:         8.0G       444M       7.6G

             total       used       free     shared    buffers     cached
Mem:          992M       914M        77M         0B       520K       2.4M
-/+ buffers/cache:       911M        80M
Swap:         8.0G       443M       7.6G

             total       used       free     shared    buffers     cached
Mem:          992M       916M        75M         0B       524K       2.4M
-/+ buffers/cache:       913M        78M
Swap:         8.0G       442M       7.6G

             total       used       free     shared    buffers     cached
Mem:          992M       918M        73M         0B       524K       2.4M
-/+ buffers/cache:       915M        76M
Swap:         8.0G       441M       7.6G

             total       used       free     shared    buffers     cached
Mem:          992M       920M        71M         0B       524K       2.4M
-/+ buffers/cache:       917M        74M
Swap:         8.0G       440M       7.6G

             total       used       free     shared    buffers     cached
Mem:          992M       922M        69M         0B       524K       2.4M
-/+ buffers/cache:       919M        72M
Swap:         8.0G       439M       7.6G

             total       used       free     shared    buffers     cached
Mem:          992M       924M        67M         0B       532K       2.4M
-/+ buffers/cache:       921M        70M
Swap:         8.0G       438M       7.6G

             total       used       free     shared    buffers     cached
Mem:          992M       927M        64M         0B       532K       4.2M
-/+ buffers/cache:       922M        69M
Swap:         8.0G       438M       7.6G

             total       used       free     shared    buffers     cached
Mem:          992M       931M        61M         0B       820K       5.2M
-/+ buffers/cache:       925M        67M
Swap:         8.0G       437M       7.6G

             total       used       free     shared    buffers     cached
Mem:          992M       927M        64M         0B       1.1M        16M
-/+ buffers/cache:       909M        83M
Swap:         8.0G       455M       7.6G

             total       used       free     shared    buffers     cached
Mem:          992M       927M        65M        20K       112K        29M
-/+ buffers/cache:       897M        94M
Swap:         8.0G       472M       7.5G

             total       used       free     shared    buffers     cached
Mem:          992M       913M        79M        20K       120K        27M
-/+ buffers/cache:       885M       107M
Swap:         8.0G       482M       7.5G

             total       used       free     shared    buffers     cached
Mem:          992M       915M        76M        20K       120K        28M
-/+ buffers/cache:       886M       105M
Swap:         8.0G       482M       7.5G

             total       used       free     shared    buffers     cached
Mem:          992M       921M        70M        20K       120K        33M
-/+ buffers/cache:       888M       104M
Swap:         8.0G       481M       7.5G

             total       used       free     shared    buffers     cached
Mem:          992M       923M        69M        20K       568K        33M
-/+ buffers/cache:       889M       102M
Swap:         8.0G       480M       7.5G

             total       used       free     shared    buffers     cached
Mem:          992M       924M        67M        20K       576K        33M
-/+ buffers/cache:       890M       101M
Swap:         8.0G       480M       7.5G

             total       used       free     shared    buffers     cached
Mem:          992M       925M        66M        20K       576K        33M
-/+ buffers/cache:       892M       100M
Swap:         8.0G       479M       7.5G

             total       used       free     shared    buffers     cached
Mem:          992M       927M        64M        20K       576K        33M
-/+ buffers/cache:       893M        98M
Swap:         8.0G       478M       7.5G

             total       used       free     shared    buffers     cached
Mem:          992M       930M        61M        20K       576K        34M
-/+ buffers/cache:       895M        96M
Swap:         8.0G       477M       7.5G

             total       used       free     shared    buffers     cached
Mem:          992M       919M        72M        20K       576K        33M
-/+ buffers/cache:       885M       106M
Swap:         8.0G       485M       7.5G

             total       used       free     shared    buffers     cached
Mem:          992M       920M        71M        20K       576K        33M
-/+ buffers/cache:       886M       105M
Swap:         8.0G       484M       7.5G

             total       used       free     shared    buffers     cached
Mem:          992M       922M        70M        20K       584K        33M
-/+ buffers/cache:       887M       104M
Swap:         8.0G       484M       7.5G

             total       used       free     shared    buffers     cached
Mem:          992M       923M        68M        20K       584K        33M
-/+ buffers/cache:       889M       102M
Swap:         8.0G       483M       7.5G

             total       used       free     shared    buffers     cached
Mem:          992M       925M        66M        20K       584K        33M
-/+ buffers/cache:       890M       101M
Swap:         8.0G       482M       7.5G

             total       used       free     shared    buffers     cached
Mem:          992M       926M        65M        20K       584K        33M
-/+ buffers/cache:       892M        99M
Swap:         8.0G       481M       7.5G

             total       used       free     shared    buffers     cached
Mem:          992M       927M        64M        20K       584K        33M
-/+ buffers/cache:       893M        98M
Swap:         8.0G       481M       7.5G

             total       used       free     shared    buffers     cached
Mem:          992M       929M        62M        20K       592K        33M
-/+ buffers/cache:       894M        97M
Swap:         8.0G       480M       7.5G

             total       used       free     shared    buffers     cached
Mem:          992M       930M        61M        20K       592K        33M
-/+ buffers/cache:       896M        96M
Swap:         8.0G       479M       7.5G

             total       used       free     shared    buffers     cached
Mem:          992M       920M        71M        20K       592K        33M
-/+ buffers/cache:       886M       105M
Swap:         8.0G       489M       7.5G

             total       used       free     shared    buffers     cached
Mem:          992M       921M        70M        20K       592K        33M
-/+ buffers/cache:       887M       104M
Swap:         8.0G       488M       7.5G

             total       used       free     shared    buffers     cached
Mem:          992M       922M        69M        20K       592K        33M
-/+ buffers/cache:       888M       103M
Swap:         8.0G       487M       7.5G

             total       used       free     shared    buffers     cached
Mem:          992M       924M        67M        20K       592K        33M
-/+ buffers/cache:       890M       101M
Swap:         8.0G       487M       7.5G

             total       used       free     shared    buffers     cached
Mem:          992M       925M        66M        20K       600K        33M
-/+ buffers/cache:       891M       100M
Swap:         8.0G       486M       7.5G

             total       used       free     shared    buffers     cached
Mem:          992M       927M        65M        20K       600K        33M
-/+ buffers/cache:       892M        99M
Swap:         8.0G       486M       7.5G

             total       used       free     shared    buffers     cached
Mem:          992M       928M        63M        20K       600K        33M
-/+ buffers/cache:       894M        98M
Swap:         8.0G       485M       7.5G

             total       used       free     shared    buffers     cached
Mem:          992M       929M        62M        20K       600K        33M
-/+ buffers/cache:       895M        96M
Swap:         8.0G       484M       7.5G

             total       used       free     shared    buffers     cached
Mem:          992M       931M        61M        20K       600K        33M
-/+ buffers/cache:       896M        95M
Swap:         8.0G       484M       7.5G

             total       used       free     shared    buffers     cached
Mem:          992M       917M        74M        20K       608K        32M
-/+ buffers/cache:       884M       107M
Swap:         8.0G       493M       7.5G

             total       used       free     shared    buffers     cached
Mem:          992M       919M        73M        20K       608K        32M
-/+ buffers/cache:       885M       106M
Swap:         8.0G       492M       7.5G

             total       used       free     shared    buffers     cached
Mem:          992M       920M        71M        20K       608K        32M
-/+ buffers/cache:       887M       104M
Swap:         8.0G       491M       7.5G

             total       used       free     shared    buffers     cached
Mem:          992M       922M        70M        20K       608K        32M
-/+ buffers/cache:       888M       103M
Swap:         8.0G       491M       7.5G

             total       used       free     shared    buffers     cached
Mem:          992M       923M        68M        20K       608K        32M
-/+ buffers/cache:       890M       101M
Swap:         8.0G       490M       7.5G

             total       used       free     shared    buffers     cached
Mem:          992M       925M        67M        20K       608K        32M
-/+ buffers/cache:       891M       100M
Swap:         8.0G       489M       7.5G

             total       used       free     shared    buffers     cached
Mem:          992M       926M        65M        20K       616K        32M
-/+ buffers/cache:       893M        99M
Swap:         8.0G       489M       7.5G

             total       used       free     shared    buffers     cached
Mem:          992M       927M        64M        20K       616K        32M
-/+ buffers/cache:       894M        97M
Swap:         8.0G       488M       7.5G

             total       used       free     shared    buffers     cached
Mem:          992M       929M        62M        20K       616K        32M
-/+ buffers/cache:       895M        96M
Swap:         8.0G       487M       7.5G

             total       used       free     shared    buffers     cached
Mem:          992M       930M        61M        20K       616K        32M
-/+ buffers/cache:       897M        94M
Swap:         8.0G       486M       7.5G

             total       used       free     shared    buffers     cached
Mem:          992M       914M        78M        20K       616K        29M
-/+ buffers/cache:       883M       108M
Swap:         8.0G       503M       7.5G

             total       used       free     shared    buffers     cached
Mem:          992M       915M        76M        20K       624K        29M
-/+ buffers/cache:       884M       107M
Swap:         8.0G       503M       7.5G

             total       used       free     shared    buffers     cached
Mem:          992M       916M        75M        20K       624K        29M
-/+ buffers/cache:       886M       105M
Swap:         8.0G       502M       7.5G

             total       used       free     shared    buffers     cached
Mem:          992M       918M        74M        20K       624K        29M
-/+ buffers/cache:       887M       104M
Swap:         8.0G       501M       7.5G

             total       used       free     shared    buffers     cached
Mem:          992M       919M        72M        20K       624K        29M
-/+ buffers/cache:       888M       103M
Swap:         8.0G       501M       7.5G

             total       used       free     shared    buffers     cached
Mem:          992M       920M        71M        20K       624K        29M
-/+ buffers/cache:       890M       101M
Swap:         8.0G       500M       7.5G

             total       used       free     shared    buffers     cached
Mem:          992M       922M        69M        20K       624K        29M
-/+ buffers/cache:       891M       100M
Swap:         8.0G       499M       7.5G

             total       used       free     shared    buffers     cached
Mem:          992M       923M        68M        20K       632K        29M
-/+ buffers/cache:       893M        98M
Swap:         8.0G       498M       7.5G

             total       used       free     shared    buffers     cached
Mem:          992M       925M        66M        20K       632K        29M
-/+ buffers/cache:       894M        97M
Swap:         8.0G       498M       7.5G

             total       used       free     shared    buffers     cached
Mem:          992M       926M        65M        20K       632K        29M
-/+ buffers/cache:       896M        95M
Swap:         8.0G       497M       7.5G

             total       used       free     shared    buffers     cached
Mem:          992M       928M        63M        20K       632K        29M
-/+ buffers/cache:       897M        94M
Swap:         8.0G       496M       7.5G

             total       used       free     shared    buffers     cached
Mem:          992M       929M        62M        20K       632K        29M
-/+ buffers/cache:       899M        93M
Swap:         8.0G       495M       7.5G

             total       used       free     shared    buffers     cached
Mem:          992M       931M        61M        20K       640K        29M
-/+ buffers/cache:       900M        91M
Swap:         8.0G       494M       7.5G

             total       used       free     shared    buffers     cached
Mem:          992M       918M        73M        20K       640K        29M
-/+ buffers/cache:       888M       103M
Swap:         8.0G       497M       7.5G

             total       used       free     shared    buffers     cached
Mem:          992M       919M        72M        20K       640K        29M
-/+ buffers/cache:       890M       102M
Swap:         8.0G       496M       7.5G

             total       used       free     shared    buffers     cached
Mem:          992M       921M        70M        20K       640K        29M
-/+ buffers/cache:       891M       100M
Swap:         8.0G       495M       7.5G

             total       used       free     shared    buffers     cached
Mem:          992M       923M        69M        20K       640K        29M
-/+ buffers/cache:       893M        99M
Swap:         8.0G       495M       7.5G

             total       used       free     shared    buffers     cached
Mem:          992M       924M        67M        20K       640K        29M
-/+ buffers/cache:       894M        97M
Swap:         8.0G       494M       7.5G

             total       used       free     shared    buffers     cached
Mem:          992M       926M        66M        20K       648K        29M
-/+ buffers/cache:       896M        95M
Swap:         8.0G       493M       7.5G

             total       used       free     shared    buffers     cached
Mem:          992M       927M        64M        20K       648K        29M
-/+ buffers/cache:       897M        94M
Swap:         8.0G       492M       7.5G

             total       used       free     shared    buffers     cached
Mem:          992M       928M        63M        20K       648K        29M
-/+ buffers/cache:       898M        93M
Swap:         8.0G       492M       7.5G

             total       used       free     shared    buffers     cached
Mem:          992M       930M        61M        20K       648K        29M
-/+ buffers/cache:       900M        91M
Swap:         8.0G       491M       7.5G

             total       used       free     shared    buffers     cached
Mem:          992M       911M        80M        20K       648K        27M
-/+ buffers/cache:       884M       108M
Swap:         8.0G       503M       7.5G

             total       used       free     shared    buffers     cached
Mem:          992M       912M        79M        20K       656K        27M
-/+ buffers/cache:       884M       107M
Swap:         8.0G       502M       7.5G

             total       used       free     shared    buffers     cached
Mem:          992M       913M        78M        20K       656K        27M
-/+ buffers/cache:       886M       106M
Swap:         8.0G       502M       7.5G

             total       used       free     shared    buffers     cached
Mem:          992M       915M        76M        20K       656K        27M
-/+ buffers/cache:       887M       104M
Swap:         8.0G       501M       7.5G

             total       used       free     shared    buffers     cached
Mem:          992M       917M        75M        20K       656K        27M
-/+ buffers/cache:       889M       103M
Swap:         8.0G       500M       7.5G

             total       used       free     shared    buffers     cached
Mem:          992M       919M        72M        24K       792K        28M
-/+ buffers/cache:       890M       101M
Swap:         8.0G       499M       7.5G

             total       used       free     shared    buffers     cached
Mem:          992M       921M        70M        24K       792K        28M
-/+ buffers/cache:       892M       100M
Swap:         8.0G       498M       7.5G

             total       used       free     shared    buffers     cached
Mem:          992M       922M        69M        24K       800K        28M
-/+ buffers/cache:       893M        98M
Swap:         8.0G       498M       7.5G

             total       used       free     shared    buffers     cached
Mem:          992M       924M        67M        24K       800K        28M
-/+ buffers/cache:       895M        97M
Swap:         8.0G       497M       7.5G

             total       used       free     shared    buffers     cached
Mem:          992M       920M        71M        24K       248K        20M
-/+ buffers/cache:       899M        92M
Swap:         8.0G       498M       7.5G

             total       used       free     shared    buffers     cached
Mem:          992M       921M        70M        24K       404K        20M
-/+ buffers/cache:       900M        91M
Swap:         8.0G       498M       7.5G

             total       used       free     shared    buffers     cached
Mem:          992M       923M        68M        24K       404K        20M
-/+ buffers/cache:       902M        89M
Swap:         8.0G       497M       7.5G

             total       used       free     shared    buffers     cached
Mem:          992M       915M        77M        24K       412K        22M
-/+ buffers/cache:       892M        99M
Swap:         8.0G       507M       7.5G

             total       used       free     shared    buffers     cached
Mem:          992M       915M        76M        24K       416K        22M
-/+ buffers/cache:       892M        99M
Swap:         8.0G       506M       7.5G

             total       used       free     shared    buffers     cached
Mem:          992M       916M        76M        24K       416K        22M
-/+ buffers/cache:       893M        98M
Swap:         8.0G       506M       7.5G

             total       used       free     shared    buffers     cached
Mem:          992M       916M        75M        24K       416K        22M
-/+ buffers/cache:       894M        98M
Swap:         8.0G       506M       7.5G

             total       used       free     shared    buffers     cached
Mem:          992M       917M        74M        24K       416K        22M
-/+ buffers/cache:       894M        97M
Swap:         8.0G       505M       7.5G

             total       used       free     shared    buffers     cached
Mem:          992M       918M        73M        24K       416K        22M
-/+ buffers/cache:       895M        96M
Swap:         8.0G       505M       7.5G

             total       used       free     shared    buffers     cached
Mem:          992M       919M        72M        24K       424K        22M
-/+ buffers/cache:       896M        95M
Swap:         8.0G       504M       7.5G

             total       used       free     shared    buffers     cached
Mem:          992M       920M        71M        24K       424K        22M
-/+ buffers/cache:       897M        94M
Swap:         8.0G       504M       7.5G

             total       used       free     shared    buffers     cached
Mem:          992M       920M        71M        24K       424K        22M
-/+ buffers/cache:       897M        94M
Swap:         8.0G       504M       7.5G

             total       used       free     shared    buffers     cached
Mem:          992M       921M        70M        24K       424K        22M
-/+ buffers/cache:       898M        93M
Swap:         8.0G       503M       7.5G

             total       used       free     shared    buffers     cached
Mem:          992M       922M        69M        24K       424K        22M
-/+ buffers/cache:       899M        92M
Swap:         8.0G       503M       7.5G

             total       used       free     shared    buffers     cached
Mem:          992M       912M        79M       200K       968K        32M
-/+ buffers/cache:       878M       113M
Swap:         8.0G       527M       7.5G

             total       used       free     shared    buffers     cached
Mem:          992M       917M        74M       3.8M       4.6M        50M
-/+ buffers/cache:       862M       130M
Swap:         8.0G       565M       7.4G

             total       used       free     shared    buffers     cached
Mem:          992M       919M        73M       3.9M       5.3M        63M
-/+ buffers/cache:       850M       141M
Swap:         8.0G       572M       7.4G

             total       used       free     shared    buffers     cached
Mem:          992M       919M        72M       228K       5.1M        61M
-/+ buffers/cache:       853M       138M
Swap:         8.0G       570M       7.4G

             total       used       free     shared    buffers     cached
Mem:          992M       920M        72M       216K       5.1M        60M
-/+ buffers/cache:       854M       138M
Swap:         8.0G       569M       7.4G

             total       used       free     shared    buffers     cached
Mem:          992M       921M        70M       216K       5.1M        61M
-/+ buffers/cache:       855M       136M
Swap:         8.0G       568M       7.4G

             total       used       free     shared    buffers     cached
Mem:          992M       922M        69M       216K       5.1M        60M
-/+ buffers/cache:       856M       135M
Swap:         8.0G       568M       7.4G

             total       used       free     shared    buffers     cached
Mem:          992M       925M        66M       216K       5.2M        61M
-/+ buffers/cache:       858M       133M
Swap:         8.0G       567M       7.4G

             total       used       free     shared    buffers     cached
Mem:          992M       927M        65M       216K       5.2M        61M
-/+ buffers/cache:       859M       132M
Swap:         8.0G       566M       7.4G

             total       used       free     shared    buffers     cached
Mem:          992M       928M        63M       216K       5.2M        61M
-/+ buffers/cache:       861M       131M
Swap:         8.0G       566M       7.4G

             total       used       free     shared    buffers     cached
Mem:          992M       929M        62M       216K       5.2M        61M
-/+ buffers/cache:       862M       129M
Swap:         8.0G       565M       7.4G

             total       used       free     shared    buffers     cached
Mem:          992M       931M        60M       216K       5.2M        61M
-/+ buffers/cache:       864M       128M
Swap:         8.0G       564M       7.4G

             total       used       free     shared    buffers     cached
Mem:          992M       915M        76M       216K       4.2M        60M
-/+ buffers/cache:       850M       141M
Swap:         8.0G       585M       7.4G

             total       used       free     shared    buffers     cached
Mem:          992M       916M        75M       216K       4.2M        60M
-/+ buffers/cache:       851M       140M
Swap:         8.0G       585M       7.4G

             total       used       free     shared    buffers     cached
Mem:          992M       917M        74M       216K       4.2M        60M
-/+ buffers/cache:       852M       139M
Swap:         8.0G       584M       7.4G

             total       used       free     shared    buffers     cached
Mem:          992M       919M        72M       216K       4.2M        60M
-/+ buffers/cache:       854M       137M
Swap:         8.0G       583M       7.4G

             total       used       free     shared    buffers     cached
Mem:          992M       920M        71M       216K       4.2M        60M
-/+ buffers/cache:       855M       136M
Swap:         8.0G       583M       7.4G

             total       used       free     shared    buffers     cached
Mem:          992M       922M        69M       216K       4.2M        60M
-/+ buffers/cache:       857M       134M
Swap:         8.0G       582M       7.4G

             total       used       free     shared    buffers     cached
Mem:          992M       923M        68M       216K       4.2M        60M
-/+ buffers/cache:       858M       133M
Swap:         8.0G       581M       7.4G

             total       used       free     shared    buffers     cached
Mem:          992M       925M        67M       216K       4.2M        60M
-/+ buffers/cache:       860M       132M
Swap:         8.0G       580M       7.4G

             total       used       free     shared    buffers     cached
Mem:          992M       926M        65M       216K       4.2M        60M
-/+ buffers/cache:       861M       130M
Swap:         8.0G       580M       7.4G

             total       used       free     shared    buffers     cached
Mem:          992M       927M        64M       216K       4.2M        60M
-/+ buffers/cache:       862M       129M
Swap:         8.0G       579M       7.4G

             total       used       free     shared    buffers     cached
Mem:          992M       929M        62M       216K       4.2M        60M
-/+ buffers/cache:       864M       127M
Swap:         8.0G       578M       7.4G

             total       used       free     shared    buffers     cached
Mem:          992M       930M        61M       216K       4.2M        60M
-/+ buffers/cache:       865M       126M
Swap:         8.0G       578M       7.4G

             total       used       free     shared    buffers     cached
Mem:          992M       919M        72M       216K       4.2M        60M
-/+ buffers/cache:       854M       137M
Swap:         8.0G       578M       7.4G

             total       used       free     shared    buffers     cached
Mem:          992M       920M        71M       216K       4.2M        60M
-/+ buffers/cache:       856M       136M
Swap:         8.0G       578M       7.4G

             total       used       free     shared    buffers     cached
Mem:          992M       922M        70M       216K       4.2M        60M
-/+ buffers/cache:       857M       134M
Swap:         8.0G       577M       7.4G

             total       used       free     shared    buffers     cached
Mem:          992M       923M        68M       216K       4.2M        60M
-/+ buffers/cache:       858M       133M
Swap:         8.0G       577M       7.4G

             total       used       free     shared    buffers     cached
Mem:          992M       931M        60M       216K       5.3M        64M
-/+ buffers/cache:       861M       130M
Swap:         8.0G       576M       7.4G

             total       used       free     shared    buffers     cached
Mem:          992M       919M        72M       296K       8.5M        71M
-/+ buffers/cache:       839M       152M
Swap:         8.0G       606M       7.4G
