             total       used       free     shared    buffers     cached
Mem:          992M       659M       332M       3.2M        41M       287M
-/+ buffers/cache:       330M       661M
Swap:         8.0G         0B       8.0G

             total       used       free     shared    buffers     cached
Mem:          992M       658M       333M       3.2M        41M       287M
-/+ buffers/cache:       329M       662M
Swap:         8.0G         0B       8.0G

             total       used       free     shared    buffers     cached
Mem:          992M       658M       333M       3.2M        41M       287M
-/+ buffers/cache:       329M       662M
Swap:         8.0G         0B       8.0G

             total       used       free     shared    buffers     cached
Mem:          992M       658M       333M       3.2M        41M       287M
-/+ buffers/cache:       329M       662M
Swap:         8.0G         0B       8.0G

             total       used       free     shared    buffers     cached
Mem:          992M       658M       333M       3.2M        41M       287M
-/+ buffers/cache:       329M       662M
Swap:         8.0G         0B       8.0G

             total       used       free     shared    buffers     cached
Mem:          992M       658M       333M       3.2M        41M       287M
-/+ buffers/cache:       329M       662M
Swap:         8.0G         0B       8.0G

             total       used       free     shared    buffers     cached
Mem:          992M       658M       333M       3.2M        41M       287M
-/+ buffers/cache:       329M       662M
Swap:         8.0G         0B       8.0G

             total       used       free     shared    buffers     cached
Mem:          992M       658M       333M       3.2M        41M       287M
-/+ buffers/cache:       329M       662M
Swap:         8.0G         0B       8.0G

             total       used       free     shared    buffers     cached
Mem:          992M       658M       333M       3.2M        41M       287M
-/+ buffers/cache:       329M       662M
Swap:         8.0G         0B       8.0G

             total       used       free     shared    buffers     cached
Mem:          992M       658M       333M       3.2M        41M       287M
-/+ buffers/cache:       329M       662M
Swap:         8.0G         0B       8.0G

             total       used       free     shared    buffers     cached
Mem:          992M       658M       333M       3.2M        41M       287M
-/+ buffers/cache:       329M       662M
Swap:         8.0G         0B       8.0G

             total       used       free     shared    buffers     cached
Mem:          992M       662M       329M       3.2M        41M       287M
-/+ buffers/cache:       332M       659M
Swap:         8.0G         0B       8.0G

             total       used       free     shared    buffers     cached
Mem:          992M       667M       325M       3.2M        41M       288M
-/+ buffers/cache:       337M       654M
Swap:         8.0G         0B       8.0G

             total       used       free     shared    buffers     cached
Mem:          992M       690M       302M       3.2M        41M       288M
-/+ buffers/cache:       359M       632M
Swap:         8.0G         0B       8.0G

             total       used       free     shared    buffers     cached
Mem:          992M       696M       295M       3.2M        42M       291M
-/+ buffers/cache:       362M       629M
Swap:         8.0G         0B       8.0G

             total       used       free     shared    buffers     cached
Mem:          992M       743M       248M       3.2M        42M       291M
-/+ buffers/cache:       409M       582M
Swap:         8.0G         0B       8.0G

             total       used       free     shared    buffers     cached
Mem:          992M       739M       253M       3.2M        42M       292M
-/+ buffers/cache:       404M       587M
Swap:         8.0G         0B       8.0G

             total       used       free     shared    buffers     cached
Mem:          992M       740M       251M       3.2M        42M       292M
-/+ buffers/cache:       406M       585M
Swap:         8.0G         0B       8.0G

             total       used       free     shared    buffers     cached
Mem:          992M       725M       266M       3.3M        42M       296M
-/+ buffers/cache:       386M       605M
Swap:         8.0G         0B       8.0G

             total       used       free     shared    buffers     cached
Mem:          992M       726M       265M       3.3M        42M       296M
-/+ buffers/cache:       387M       605M
Swap:         8.0G         0B       8.0G

             total       used       free     shared    buffers     cached
Mem:          992M       726M       265M       3.3M        42M       296M
-/+ buffers/cache:       387M       605M
Swap:         8.0G         0B       8.0G

             total       used       free     shared    buffers     cached
Mem:          992M       726M       265M       3.3M        42M       296M
-/+ buffers/cache:       387M       604M
Swap:         8.0G         0B       8.0G

             total       used       free     shared    buffers     cached
Mem:          992M       726M       265M       3.3M        42M       296M
-/+ buffers/cache:       387M       604M
Swap:         8.0G         0B       8.0G

             total       used       free     shared    buffers     cached
Mem:          992M       726M       265M       3.3M        42M       296M
-/+ buffers/cache:       387M       604M
Swap:         8.0G         0B       8.0G

             total       used       free     shared    buffers     cached
Mem:          992M       726M       265M       3.3M        42M       296M
-/+ buffers/cache:       387M       604M
Swap:         8.0G         0B       8.0G

             total       used       free     shared    buffers     cached
Mem:          992M       726M       265M       3.3M        42M       296M
-/+ buffers/cache:       387M       604M
Swap:         8.0G         0B       8.0G

             total       used       free     shared    buffers     cached
Mem:          992M       726M       265M       3.3M        42M       296M
-/+ buffers/cache:       387M       604M
Swap:         8.0G         0B       8.0G

             total       used       free     shared    buffers     cached
Mem:          992M       726M       265M       3.3M        42M       296M
-/+ buffers/cache:       387M       604M
Swap:         8.0G         0B       8.0G

             total       used       free     shared    buffers     cached
Mem:          992M       726M       265M       3.3M        42M       296M
-/+ buffers/cache:       387M       604M
Swap:         8.0G         0B       8.0G

             total       used       free     shared    buffers     cached
Mem:          992M       726M       265M       3.3M        42M       296M
-/+ buffers/cache:       387M       604M
Swap:         8.0G         0B       8.0G

             total       used       free     shared    buffers     cached
Mem:          992M       726M       265M       3.3M        42M       296M
-/+ buffers/cache:       387M       604M
Swap:         8.0G         0B       8.0G

             total       used       free     shared    buffers     cached
Mem:          992M       726M       265M       3.3M        42M       296M
-/+ buffers/cache:       387M       604M
Swap:         8.0G         0B       8.0G

             total       used       free     shared    buffers     cached
Mem:          992M       726M       265M       3.3M        42M       296M
-/+ buffers/cache:       387M       604M
Swap:         8.0G         0B       8.0G

             total       used       free     shared    buffers     cached
Mem:          992M       729M       262M       3.3M        42M       296M
-/+ buffers/cache:       390M       601M
Swap:         8.0G         0B       8.0G

             total       used       free     shared    buffers     cached
Mem:          992M       743M       248M       3.3M        42M       296M
-/+ buffers/cache:       404M       587M
Swap:         8.0G         0B       8.0G

             total       used       free     shared    buffers     cached
Mem:          992M       757M       234M       3.3M        42M       296M
-/+ buffers/cache:       418M       573M
Swap:         8.0G         0B       8.0G

             total       used       free     shared    buffers     cached
Mem:          992M       771M       220M       3.3M        42M       296M
-/+ buffers/cache:       432M       559M
Swap:         8.0G         0B       8.0G

             total       used       free     shared    buffers     cached
Mem:          992M       786M       206M       3.3M        42M       296M
-/+ buffers/cache:       446M       545M
Swap:         8.0G         0B       8.0G

             total       used       free     shared    buffers     cached
Mem:          992M       799M       193M       3.3M        42M       296M
-/+ buffers/cache:       459M       532M
Swap:         8.0G         0B       8.0G

             total       used       free     shared    buffers     cached
Mem:          992M       813M       179M       3.3M        42M       296M
-/+ buffers/cache:       473M       518M
Swap:         8.0G         0B       8.0G

             total       used       free     shared    buffers     cached
Mem:          992M       825M       167M       3.3M        42M       296M
-/+ buffers/cache:       485M       506M
Swap:         8.0G         0B       8.0G

             total       used       free     shared    buffers     cached
Mem:          992M       838M       154M       3.3M        42M       296M
-/+ buffers/cache:       498M       493M
Swap:         8.0G         0B       8.0G

             total       used       free     shared    buffers     cached
Mem:          992M       850M       141M       3.3M        42M       296M
-/+ buffers/cache:       511M       480M
Swap:         8.0G         0B       8.0G

             total       used       free     shared    buffers     cached
Mem:          992M       866M       125M       3.3M        42M       296M
-/+ buffers/cache:       527M       465M
Swap:         8.0G         0B       8.0G

             total       used       free     shared    buffers     cached
Mem:          992M       879M       112M       3.3M        42M       296M
-/+ buffers/cache:       540M       452M
Swap:         8.0G         0B       8.0G

             total       used       free     shared    buffers     cached
Mem:          992M       891M       100M       3.3M        42M       296M
-/+ buffers/cache:       552M       440M
Swap:         8.0G         0B       8.0G

             total       used       free     shared    buffers     cached
Mem:          992M       904M        87M       3.3M        42M       296M
-/+ buffers/cache:       565M       426M
Swap:         8.0G         0B       8.0G

             total       used       free     shared    buffers     cached
Mem:          992M       916M        75M       3.3M        42M       296M
-/+ buffers/cache:       577M       414M
Swap:         8.0G         0B       8.0G

             total       used       free     shared    buffers     cached
Mem:          992M       929M        62M       3.3M        42M       296M
-/+ buffers/cache:       590M       401M
Swap:         8.0G         0B       8.0G

             total       used       free     shared    buffers     cached
Mem:          992M       931M        60M       3.3M        28M       295M
-/+ buffers/cache:       607M       384M
Swap:         8.0G         0B       8.0G

             total       used       free     shared    buffers     cached
Mem:          992M       923M        68M       3.3M        14M       289M
-/+ buffers/cache:       619M       372M
Swap:         8.0G         0B       8.0G

             total       used       free     shared    buffers     cached
Mem:          992M       919M        72M       3.2M        13M       272M
-/+ buffers/cache:       633M       358M
Swap:         8.0G        76K       8.0G

             total       used       free     shared    buffers     cached
Mem:          992M       914M        77M       3.1M        13M       252M
-/+ buffers/cache:       648M       344M
Swap:         8.0G       204K       8.0G

             total       used       free     shared    buffers     cached
Mem:          992M       926M        65M       3.1M        13M       252M
-/+ buffers/cache:       660M       331M
Swap:         8.0G       204K       8.0G

             total       used       free     shared    buffers     cached
Mem:          992M       927M        64M       3.1M        13M       239M
-/+ buffers/cache:       674M       318M
Swap:         8.0G       3.6M       8.0G

             total       used       free     shared    buffers     cached
Mem:          992M       911M        80M       2.9M        13M       217M
-/+ buffers/cache:       680M       311M
Swap:         8.0G        11M       8.0G

             total       used       free     shared    buffers     cached
Mem:          992M       923M        68M       2.9M        13M       217M
-/+ buffers/cache:       692M       300M
Swap:         8.0G        11M       8.0G

             total       used       free     shared    buffers     cached
Mem:          992M       909M        82M       2.9M       2.8M       203M
-/+ buffers/cache:       702M       289M
Swap:         8.0G        11M       8.0G

             total       used       free     shared    buffers     cached
Mem:          992M       921M        70M       2.9M       2.8M       203M
-/+ buffers/cache:       714M       277M
Swap:         8.0G        11M       8.0G

             total       used       free     shared    buffers     cached
Mem:          992M       910M        82M       2.9M       948K       181M
-/+ buffers/cache:       727M       264M
Swap:         8.0G        11M       8.0G

             total       used       free     shared    buffers     cached
Mem:          992M       922M        69M       2.9M       952K       181M
-/+ buffers/cache:       739M       252M
Swap:         8.0G        11M       8.0G

             total       used       free     shared    buffers     cached
Mem:          992M       912M        79M       2.9M       952K       159M
-/+ buffers/cache:       751M       240M
Swap:         8.0G        11M       8.0G

             total       used       free     shared    buffers     cached
Mem:          992M       924M        67M       2.9M       952K       159M
-/+ buffers/cache:       763M       228M
Swap:         8.0G        11M       8.0G

             total       used       free     shared    buffers     cached
Mem:          992M       917M        74M       2.9M       964K       141M
-/+ buffers/cache:       775M       216M
Swap:         8.0G        11M       8.0G

             total       used       free     shared    buffers     cached
Mem:          992M       912M        79M       2.9M        76K       125M
-/+ buffers/cache:       787M       205M
Swap:         8.0G        11M       8.0G

             total       used       free     shared    buffers     cached
Mem:          992M       925M        66M       2.9M        76K       125M
-/+ buffers/cache:       799M       192M
Swap:         8.0G        11M       8.0G

             total       used       free     shared    buffers     cached
Mem:          992M       923M        68M       2.9M        76K       110M
-/+ buffers/cache:       813M       178M
Swap:         8.0G        11M       8.0G

             total       used       free     shared    buffers     cached
Mem:          992M       921M        70M       2.9M        88K        97M
-/+ buffers/cache:       823M       168M
Swap:         8.0G        11M       8.0G

             total       used       free     shared    buffers     cached
Mem:          992M       927M        64M       2.9M        88K        97M
-/+ buffers/cache:       829M       162M
Swap:         8.0G        11M       8.0G

             total       used       free     shared    buffers     cached
Mem:          992M       927M        64M       2.9M        88K        85M
-/+ buffers/cache:       841M       151M
Swap:         8.0G        11M       8.0G

             total       used       free     shared    buffers     cached
Mem:          992M       923M        69M       2.9M       228K        69M
-/+ buffers/cache:       853M       138M
Swap:         8.0G        11M       8.0G

             total       used       free     shared    buffers     cached
Mem:          992M       921M        70M       2.9M       232K        55M
-/+ buffers/cache:       865M       126M
Swap:         8.0G        11M       8.0G

             total       used       free     shared    buffers     cached
Mem:          992M       918M        74M       2.9M       2.8M        41M
-/+ buffers/cache:       874M       117M
Swap:         8.0G        11M       8.0G

             total       used       free     shared    buffers     cached
Mem:          992M       920M        71M       2.9M       2.8M        32M
-/+ buffers/cache:       885M       106M
Swap:         8.0G        11M       8.0G

             total       used       free     shared    buffers     cached
Mem:          992M       914M        78M       2.6M       2.8M        19M
-/+ buffers/cache:       891M       100M
Swap:         8.0G        31M       8.0G

             total       used       free     shared    buffers     cached
Mem:          992M       927M        64M       2.6M       2.8M        19M
-/+ buffers/cache:       905M        87M
Swap:         8.0G        31M       8.0G

             total       used       free     shared    buffers     cached
Mem:          992M       925M        66M       2.6M       488K       9.2M
-/+ buffers/cache:       915M        76M
Swap:         8.0G        31M       8.0G

             total       used       free     shared    buffers     cached
Mem:          992M       918M        73M       2.6M       496K       6.5M
-/+ buffers/cache:       911M        80M
Swap:         8.0G        33M       8.0G

             total       used       free     shared    buffers     cached
Mem:          992M       918M        73M       2.6M       496K       4.2M
-/+ buffers/cache:       913M        78M
Swap:         8.0G        46M       8.0G

             total       used       free     shared    buffers     cached
Mem:          992M       905M        86M       2.6M       476K       4.1M
-/+ buffers/cache:       900M        91M
Swap:         8.0G        85M       7.9G

             total       used       free     shared    buffers     cached
Mem:          992M       916M        75M       2.5M       480K       4.1M
-/+ buffers/cache:       912M        80M
Swap:         8.0G        85M       7.9G

             total       used       free     shared    buffers     cached
Mem:          992M       928M        63M       2.5M       480K       4.1M
-/+ buffers/cache:       923M        68M
Swap:         8.0G        85M       7.9G

             total       used       free     shared    buffers     cached
Mem:          992M       926M        65M       2.5M       480K       4.4M
-/+ buffers/cache:       921M        70M
Swap:         8.0G        85M       7.9G

             total       used       free     shared    buffers     cached
Mem:          992M       924M        67M       2.5M       480K       4.3M
-/+ buffers/cache:       920M        72M
Swap:         8.0G        94M       7.9G

             total       used       free     shared    buffers     cached
Mem:          992M       918M        74M       2.5M       416K       4.3M
-/+ buffers/cache:       913M        78M
Swap:         8.0G       124M       7.9G

             total       used       free     shared    buffers     cached
Mem:          992M       919M        72M       2.5M       392K       4.3M
-/+ buffers/cache:       914M        77M
Swap:         8.0G       124M       7.9G

             total       used       free     shared    buffers     cached
Mem:          992M       912M        80M       2.5M       308K       4.2M
-/+ buffers/cache:       907M        84M
Swap:         8.0G       154M       7.8G

             total       used       free     shared    buffers     cached
Mem:          992M       900M        91M       2.4M       356K        17M
-/+ buffers/cache:       883M       108M
Swap:         8.0G       198M       7.8G

             total       used       free     shared    buffers     cached
Mem:          992M       913M        78M       2.4M       812K        18M
-/+ buffers/cache:       893M        98M
Swap:         8.0G       198M       7.8G

             total       used       free     shared    buffers     cached
Mem:          992M       926M        66M       2.4M       812K        19M
-/+ buffers/cache:       905M        86M
Swap:         8.0G       198M       7.8G

             total       used       free     shared    buffers     cached
Mem:          992M       924M        68M       2.4M       812K        19M
-/+ buffers/cache:       904M        88M
Swap:         8.0G       208M       7.8G

             total       used       free     shared    buffers     cached
Mem:          992M       922M        69M       2.4M       780K        17M
-/+ buffers/cache:       904M        87M
Swap:         8.0G       220M       7.8G

             total       used       free     shared    buffers     cached
Mem:          992M       919M        73M       2.4M       768K        16M
-/+ buffers/cache:       901M        90M
Swap:         8.0G       227M       7.8G

             total       used       free     shared    buffers     cached
Mem:          992M       914M        77M       2.4M       768K        15M
-/+ buffers/cache:       898M        94M
Swap:         8.0G       258M       7.7G

             total       used       free     shared    buffers     cached
Mem:          992M       926M        65M       2.4M       768K        15M
-/+ buffers/cache:       909M        82M
Swap:         8.0G       258M       7.7G

             total       used       free     shared    buffers     cached
Mem:          992M       922M        70M       2.4M       752K        15M
-/+ buffers/cache:       905M        86M
Swap:         8.0G       258M       7.7G

             total       used       free     shared    buffers     cached
Mem:          992M       917M        74M       2.4M       752K        14M
-/+ buffers/cache:       902M        89M
Swap:         8.0G       287M       7.7G

             total       used       free     shared    buffers     cached
Mem:          992M       913M        78M       2.4M       752K        13M
-/+ buffers/cache:       899M        92M
Swap:         8.0G       287M       7.7G

             total       used       free     shared    buffers     cached
Mem:          992M       924M        67M       2.4M       752K        13M
-/+ buffers/cache:       910M        81M
Swap:         8.0G       287M       7.7G

             total       used       free     shared    buffers     cached
Mem:          992M       921M        71M       2.4M       364K       4.2M
-/+ buffers/cache:       916M        75M
Swap:         8.0G       292M       7.7G

             total       used       free     shared    buffers     cached
Mem:          992M       918M        73M       2.4M       508K       4.2M
-/+ buffers/cache:       913M        78M
Swap:         8.0G       308M       7.7G

             total       used       free     shared    buffers     cached
Mem:          992M       925M        67M       2.4M       508K       4.2M
-/+ buffers/cache:       920M        71M
Swap:         8.0G       308M       7.7G

             total       used       free     shared    buffers     cached
Mem:          992M       919M        72M       2.4M       500K       3.9M
-/+ buffers/cache:       914M        77M
Swap:         8.0G       329M       7.7G

             total       used       free     shared    buffers     cached
Mem:          992M       923M        68M       2.4M       500K       3.9M
-/+ buffers/cache:       919M        72M
Swap:         8.0G       329M       7.7G

             total       used       free     shared    buffers     cached
Mem:          992M       917M        74M       2.4M       508K       3.9M
-/+ buffers/cache:       913M        78M
Swap:         8.0G       331M       7.7G

             total       used       free     shared    buffers     cached
Mem:          992M       923M        69M       2.4M       508K       3.9M
-/+ buffers/cache:       918M        73M
Swap:         8.0G       331M       7.7G

             total       used       free     shared    buffers     cached
Mem:          992M       927M        64M       2.4M       508K       3.9M
-/+ buffers/cache:       923M        68M
Swap:         8.0G       331M       7.7G

             total       used       free     shared    buffers     cached
Mem:          992M       918M        74M       1.7M       472K       3.2M
-/+ buffers/cache:       914M        77M
Swap:         8.0G       346M       7.7G

             total       used       free     shared    buffers     cached
Mem:          992M       923M        68M       1.7M       472K       3.4M
-/+ buffers/cache:       919M        72M
Swap:         8.0G       346M       7.7G

             total       used       free     shared    buffers     cached
Mem:          992M       928M        63M       1.7M       480K       3.4M
-/+ buffers/cache:       924M        67M
Swap:         8.0G       346M       7.7G

             total       used       free     shared    buffers     cached
Mem:          992M       916M        75M        12K       480K       1.6M
-/+ buffers/cache:       914M        77M
Swap:         8.0G       363M       7.6G

             total       used       free     shared    buffers     cached
Mem:          992M       921M        70M        12K       480K       1.6M
-/+ buffers/cache:       919M        72M
Swap:         8.0G       363M       7.6G

             total       used       free     shared    buffers     cached
Mem:          992M       925M        66M        12K       480K       1.6M
-/+ buffers/cache:       923M        68M
Swap:         8.0G       363M       7.6G

             total       used       free     shared    buffers     cached
Mem:          992M       915M        76M        12K       480K       1.6M
-/+ buffers/cache:       913M        78M
Swap:         8.0G       376M       7.6G

             total       used       free     shared    buffers     cached
Mem:          992M       919M        72M        12K       480K       1.6M
-/+ buffers/cache:       917M        74M
Swap:         8.0G       376M       7.6G

             total       used       free     shared    buffers     cached
Mem:          992M       922M        69M        12K       488K       1.6M
-/+ buffers/cache:       920M        71M
Swap:         8.0G       376M       7.6G

             total       used       free     shared    buffers     cached
Mem:          992M       926M        65M        12K       488K       1.6M
-/+ buffers/cache:       924M        67M
Swap:         8.0G       376M       7.6G

             total       used       free     shared    buffers     cached
Mem:          992M       925M        66M        12K       484K       1.7M
-/+ buffers/cache:       923M        68M
Swap:         8.0G       377M       7.6G

             total       used       free     shared    buffers     cached
Mem:          992M       920M        71M        12K       312K       1.7M
-/+ buffers/cache:       918M        73M
Swap:         8.0G       380M       7.6G

             total       used       free     shared    buffers     cached
Mem:          992M       913M        78M         8K       128K       1.6M
-/+ buffers/cache:       912M        80M
Swap:         8.0G       393M       7.6G

             total       used       free     shared    buffers     cached
Mem:          992M       918M        74M         8K        80K       1.7M
-/+ buffers/cache:       916M        75M
Swap:         8.0G       382M       7.6G

             total       used       free     shared    buffers     cached
Mem:          992M       925M        66M         8K        76K       1.6M
-/+ buffers/cache:       923M        68M
Swap:         8.0G       377M       7.6G

             total       used       free     shared    buffers     cached
Mem:          992M       918M        73M         8K        76K       1.5M
-/+ buffers/cache:       917M        74M
Swap:         8.0G       380M       7.6G

             total       used       free     shared    buffers     cached
Mem:          992M       919M        72M         4K        76K       1.4M
-/+ buffers/cache:       918M        73M
Swap:         8.0G       375M       7.6G

             total       used       free     shared    buffers     cached
Mem:          992M       919M        72M         4K        76K       1.4M
-/+ buffers/cache:       917M        74M
Swap:         8.0G       376M       7.6G

             total       used       free     shared    buffers     cached
Mem:          992M       918M        74M         4K        84K       1.4M
-/+ buffers/cache:       916M        75M
Swap:         8.0G       380M       7.6G

             total       used       free     shared    buffers     cached
Mem:          992M       920M        71M         4K        84K       1.4M
-/+ buffers/cache:       918M        73M
Swap:         8.0G       383M       7.6G

             total       used       free     shared    buffers     cached
Mem:          992M       916M        75M         4K        76K       1.4M
-/+ buffers/cache:       915M        76M
Swap:         8.0G       384M       7.6G

             total       used       free     shared    buffers     cached
Mem:          992M       922M        69M         4K        76K       1.3M
-/+ buffers/cache:       921M        70M
Swap:         8.0G       381M       7.6G

             total       used       free     shared    buffers     cached
Mem:          992M       925M        66M         4K        80K       1.2M
-/+ buffers/cache:       924M        67M
Swap:         8.0G       390M       7.6G

             total       used       free     shared    buffers     cached
Mem:          992M       912M        79M         4K       204K       2.1M
-/+ buffers/cache:       910M        81M
Swap:         8.0G       466M       7.5G

             total       used       free     shared    buffers     cached
Mem:          992M       919M        72M         4K       236K       2.2M
-/+ buffers/cache:       916M        75M
Swap:         8.0G       458M       7.5G

             total       used       free     shared    buffers     cached
Mem:          992M       923M        68M         4K       240K       2.5M
-/+ buffers/cache:       920M        71M
Swap:         8.0G       449M       7.6G

             total       used       free     shared    buffers     cached
Mem:          992M       928M        64M         4K       240K       2.7M
-/+ buffers/cache:       925M        67M
Swap:         8.0G       448M       7.6G

             total       used       free     shared    buffers     cached
Mem:          992M       918M        74M         4K       228K       2.6M
-/+ buffers/cache:       915M        76M
Swap:         8.0G       447M       7.6G

             total       used       free     shared    buffers     cached
Mem:          992M       923M        68M         4K       228K       2.6M
-/+ buffers/cache:       920M        71M
Swap:         8.0G       447M       7.6G

             total       used       free     shared    buffers     cached
Mem:          992M       912M        80M         4K       236K       2.7M
-/+ buffers/cache:       909M        82M
Swap:         8.0G       447M       7.6G

             total       used       free     shared    buffers     cached
Mem:          992M       918M        73M         4K       236K       2.6M
-/+ buffers/cache:       915M        76M
Swap:         8.0G       447M       7.6G

             total       used       free     shared    buffers     cached
Mem:          992M       924M        68M         4K       236K       2.6M
-/+ buffers/cache:       921M        70M
Swap:         8.0G       447M       7.6G

             total       used       free     shared    buffers     cached
Mem:          992M       910M        81M         4K       236K       2.6M
-/+ buffers/cache:       907M        84M
Swap:         8.0G       447M       7.6G

             total       used       free     shared    buffers     cached
Mem:          992M       913M        78M         4K       236K       2.6M
-/+ buffers/cache:       910M        81M
Swap:         8.0G       446M       7.6G

             total       used       free     shared    buffers     cached
Mem:          992M       915M        76M         4K       244K       2.6M
-/+ buffers/cache:       912M        79M
Swap:         8.0G       445M       7.6G

             total       used       free     shared    buffers     cached
Mem:          992M       917M        74M         4K       244K       2.6M
-/+ buffers/cache:       914M        77M
Swap:         8.0G       444M       7.6G

             total       used       free     shared    buffers     cached
Mem:          992M       919M        72M         4K       244K       2.7M
-/+ buffers/cache:       916M        75M
Swap:         8.0G       443M       7.6G

             total       used       free     shared    buffers     cached
Mem:          992M       921M        70M         4K       244K       2.8M
-/+ buffers/cache:       918M        73M
Swap:         8.0G       442M       7.6G

             total       used       free     shared    buffers     cached
Mem:          992M       923M        68M         4K       244K       2.7M
-/+ buffers/cache:       920M        71M
Swap:         8.0G       441M       7.6G

             total       used       free     shared    buffers     cached
Mem:          992M       926M        66M         4K       244K       2.8M
-/+ buffers/cache:       923M        69M
Swap:         8.0G       440M       7.6G

             total       used       free     shared    buffers     cached
Mem:          992M       905M        86M         0B       352K        19M
-/+ buffers/cache:       885M       106M
Swap:         8.0G       483M       7.5G

             total       used       free     shared    buffers     cached
Mem:          992M       908M        83M         0B       800K        20M
-/+ buffers/cache:       887M       104M
Swap:         8.0G       482M       7.5G

             total       used       free     shared    buffers     cached
Mem:          992M       910M        81M         0B       800K        20M
-/+ buffers/cache:       889M       102M
Swap:         8.0G       481M       7.5G

             total       used       free     shared    buffers     cached
Mem:          992M       912M        79M         0B       800K        20M
-/+ buffers/cache:       891M       100M
Swap:         8.0G       481M       7.5G

             total       used       free     shared    buffers     cached
Mem:          992M       914M        77M         0B       800K        19M
-/+ buffers/cache:       893M        98M
Swap:         8.0G       480M       7.5G

             total       used       free     shared    buffers     cached
Mem:          992M       915M        76M         0B       808K        20M
-/+ buffers/cache:       894M        97M
Swap:         8.0G       479M       7.5G

             total       used       free     shared    buffers     cached
Mem:          992M       917M        74M         0B       808K        20M
-/+ buffers/cache:       896M        95M
Swap:         8.0G       478M       7.5G

             total       used       free     shared    buffers     cached
Mem:          992M       919M        72M         0B       808K        20M
-/+ buffers/cache:       898M        93M
Swap:         8.0G       477M       7.5G

             total       used       free     shared    buffers     cached
Mem:          992M       921M        70M         0B       808K        20M
-/+ buffers/cache:       900M        91M
Swap:         8.0G       477M       7.5G

             total       used       free     shared    buffers     cached
Mem:          992M       923M        68M         0B       808K        20M
-/+ buffers/cache:       902M        89M
Swap:         8.0G       476M       7.5G

             total       used       free     shared    buffers     cached
Mem:          992M       925M        66M         0B       816K        20M
-/+ buffers/cache:       904M        87M
Swap:         8.0G       475M       7.5G

             total       used       free     shared    buffers     cached
Mem:          992M       927M        64M         0B       816K        20M
-/+ buffers/cache:       906M        85M
Swap:         8.0G       474M       7.5G

             total       used       free     shared    buffers     cached
Mem:          992M       915M        76M         0B       816K        19M
-/+ buffers/cache:       895M        97M
Swap:         8.0G       486M       7.5G

             total       used       free     shared    buffers     cached
Mem:          992M       917M        74M         0B       816K        19M
-/+ buffers/cache:       897M        95M
Swap:         8.0G       485M       7.5G

             total       used       free     shared    buffers     cached
Mem:          992M       919M        72M         0B       816K        19M
-/+ buffers/cache:       899M        93M
Swap:         8.0G       484M       7.5G

             total       used       free     shared    buffers     cached
Mem:          992M       921M        70M         0B       816K        19M
-/+ buffers/cache:       901M        91M
Swap:         8.0G       484M       7.5G

             total       used       free     shared    buffers     cached
Mem:          992M       923M        68M         0B       824K        19M
-/+ buffers/cache:       903M        88M
Swap:         8.0G       482M       7.5G

             total       used       free     shared    buffers     cached
Mem:          992M       926M        66M         0B       824K        19M
-/+ buffers/cache:       905M        86M
Swap:         8.0G       481M       7.5G

             total       used       free     shared    buffers     cached
Mem:          992M       928M        64M         0B       824K        19M
-/+ buffers/cache:       907M        84M
Swap:         8.0G       480M       7.5G

             total       used       free     shared    buffers     cached
Mem:          992M       913M        78M         0B       824K        19M
-/+ buffers/cache:       893M        99M
Swap:         8.0G       485M       7.5G

             total       used       free     shared    buffers     cached
Mem:          992M       915M        76M         0B       824K        19M
-/+ buffers/cache:       895M        97M
Swap:         8.0G       484M       7.5G

             total       used       free     shared    buffers     cached
Mem:          992M       917M        74M         0B       832K        19M
-/+ buffers/cache:       897M        94M
Swap:         8.0G       484M       7.5G

             total       used       free     shared    buffers     cached
Mem:          992M       919M        72M         0B       832K        19M
-/+ buffers/cache:       899M        92M
Swap:         8.0G       483M       7.5G

             total       used       free     shared    buffers     cached
Mem:          992M       921M        70M         0B       832K        19M
-/+ buffers/cache:       901M        90M
Swap:         8.0G       482M       7.5G

             total       used       free     shared    buffers     cached
Mem:          992M       923M        68M         0B       832K        19M
-/+ buffers/cache:       903M        88M
Swap:         8.0G       481M       7.5G

             total       used       free     shared    buffers     cached
Mem:          992M       925M        66M         0B       832K        19M
-/+ buffers/cache:       905M        86M
Swap:         8.0G       479M       7.5G

             total       used       free     shared    buffers     cached
Mem:          992M       927M        64M         0B       840K        19M
-/+ buffers/cache:       907M        84M
Swap:         8.0G       478M       7.5G

             total       used       free     shared    buffers     cached
Mem:          992M       912M        79M         0B       840K        18M
-/+ buffers/cache:       893M        98M
Swap:         8.0G       506M       7.5G

             total       used       free     shared    buffers     cached
Mem:          992M       914M        77M         0B       840K        18M
-/+ buffers/cache:       895M        96M
Swap:         8.0G       505M       7.5G

             total       used       free     shared    buffers     cached
Mem:          992M       916M        75M         0B       840K        18M
-/+ buffers/cache:       897M        94M
Swap:         8.0G       504M       7.5G

             total       used       free     shared    buffers     cached
Mem:          992M       918M        73M         0B       840K        18M
-/+ buffers/cache:       899M        92M
Swap:         8.0G       503M       7.5G

             total       used       free     shared    buffers     cached
Mem:          992M       920M        71M         0B       840K        18M
-/+ buffers/cache:       901M        90M
Swap:         8.0G       502M       7.5G

             total       used       free     shared    buffers     cached
Mem:          992M       921M        70M         0B       848K        18M
-/+ buffers/cache:       902M        89M
Swap:         8.0G       502M       7.5G

             total       used       free     shared    buffers     cached
Mem:          992M       918M        73M        20K       1.4M        30M
-/+ buffers/cache:       887M       104M
Swap:         8.0G       515M       7.5G

             total       used       free     shared    buffers     cached
Mem:          992M       918M        73M        20K       1.4M        30M
-/+ buffers/cache:       886M       105M
Swap:         8.0G       514M       7.5G

             total       used       free     shared    buffers     cached
Mem:          992M       921M        71M        20K       1.4M        31M
-/+ buffers/cache:       888M       104M
Swap:         8.0G       514M       7.5G

             total       used       free     shared    buffers     cached
Mem:          992M       922M        69M        20K       1.4M        31M
-/+ buffers/cache:       889M       102M
Swap:         8.0G       513M       7.5G

             total       used       free     shared    buffers     cached
Mem:          992M       923M        68M        20K       1.4M        31M
-/+ buffers/cache:       890M       101M
Swap:         8.0G       513M       7.5G

             total       used       free     shared    buffers     cached
Mem:          992M       924M        67M        20K       1.4M        31M
-/+ buffers/cache:       891M       100M
Swap:         8.0G       513M       7.5G

             total       used       free     shared    buffers     cached
Mem:          992M       925M        66M        20K       1.4M        31M
-/+ buffers/cache:       892M        99M
Swap:         8.0G       512M       7.5G

             total       used       free     shared    buffers     cached
Mem:          992M       926M        65M        20K       1.4M        31M
-/+ buffers/cache:       893M        98M
Swap:         8.0G       512M       7.5G

             total       used       free     shared    buffers     cached
Mem:          992M       928M        64M        20K       1.4M        31M
-/+ buffers/cache:       895M        96M
Swap:         8.0G       511M       7.5G

             total       used       free     shared    buffers     cached
Mem:          992M       929M        62M        20K       1.4M        31M
-/+ buffers/cache:       896M        95M
Swap:         8.0G       511M       7.5G

             total       used       free     shared    buffers     cached
Mem:          992M       906M        85M        20K       856K        30M
-/+ buffers/cache:       875M       116M
Swap:         8.0G       534M       7.5G

             total       used       free     shared    buffers     cached
Mem:          992M       908M        83M        20K       856K        30M
-/+ buffers/cache:       877M       115M
Swap:         8.0G       533M       7.5G

             total       used       free     shared    buffers     cached
Mem:          992M       910M        82M        20K       856K        30M
-/+ buffers/cache:       878M       114M
Swap:         8.0G       533M       7.5G

             total       used       free     shared    buffers     cached
Mem:          992M       911M        81M        20K       856K        30M
-/+ buffers/cache:       879M       112M
Swap:         8.0G       532M       7.5G

             total       used       free     shared    buffers     cached
Mem:          992M       912M        79M        20K       864K        31M
-/+ buffers/cache:       880M       111M
Swap:         8.0G       532M       7.5G

             total       used       free     shared    buffers     cached
Mem:          992M       913M        78M        20K       872K        31M
-/+ buffers/cache:       881M       110M
Swap:         8.0G       531M       7.5G

             total       used       free     shared    buffers     cached
Mem:          992M       914M        77M        20K       872K        31M
-/+ buffers/cache:       882M       109M
Swap:         8.0G       531M       7.5G

             total       used       free     shared    buffers     cached
Mem:          992M       915M        76M        20K       872K        31M
-/+ buffers/cache:       883M       108M
Swap:         8.0G       530M       7.5G

             total       used       free     shared    buffers     cached
Mem:          992M       917M        75M        20K       872K        31M
-/+ buffers/cache:       885M       106M
Swap:         8.0G       530M       7.5G

             total       used       free     shared    buffers     cached
Mem:          992M       918M        73M        20K       872K        31M
-/+ buffers/cache:       886M       105M
Swap:         8.0G       529M       7.5G

             total       used       free     shared    buffers     cached
Mem:          992M       919M        73M        20K       872K        31M
-/+ buffers/cache:       887M       104M
Swap:         8.0G       529M       7.5G

             total       used       free     shared    buffers     cached
Mem:          992M       920M        71M        20K       880K        31M
-/+ buffers/cache:       888M       103M
Swap:         8.0G       528M       7.5G

             total       used       free     shared    buffers     cached
Mem:          992M       921M        70M        20K       880K        31M
-/+ buffers/cache:       889M       102M
Swap:         8.0G       528M       7.5G

             total       used       free     shared    buffers     cached
Mem:          992M       922M        69M        20K       880K        31M
-/+ buffers/cache:       890M       101M
Swap:         8.0G       527M       7.5G

             total       used       free     shared    buffers     cached
Mem:          992M       923M        68M        20K       880K        31M
-/+ buffers/cache:       891M       100M
Swap:         8.0G       527M       7.5G

             total       used       free     shared    buffers     cached
Mem:          992M       925M        67M        20K       880K        31M
-/+ buffers/cache:       893M        99M
Swap:         8.0G       526M       7.5G

             total       used       free     shared    buffers     cached
Mem:          992M       926M        65M        20K       888K        31M
-/+ buffers/cache:       894M        97M
Swap:         8.0G       526M       7.5G

             total       used       free     shared    buffers     cached
Mem:          992M       913M        79M        20K       868K        33M
-/+ buffers/cache:       878M       113M
Swap:         8.0G       545M       7.5G

             total       used       free     shared    buffers     cached
Mem:          992M       918M        73M        24K       2.2M        36M
-/+ buffers/cache:       880M       111M
Swap:         8.0G       544M       7.5G

             total       used       free     shared    buffers     cached
Mem:          992M       919M        72M        24K       2.2M        36M
-/+ buffers/cache:       881M       110M
Swap:         8.0G       543M       7.5G

             total       used       free     shared    buffers     cached
Mem:          992M       921M        71M        24K       2.2M        36M
-/+ buffers/cache:       882M       109M
Swap:         8.0G       543M       7.5G

             total       used       free     shared    buffers     cached
Mem:          992M       922M        69M        24K       2.2M        36M
-/+ buffers/cache:       884M       108M
Swap:         8.0G       542M       7.5G

             total       used       free     shared    buffers     cached
Mem:          992M       923M        68M        24K       2.2M        36M
-/+ buffers/cache:       884M       107M
Swap:         8.0G       542M       7.5G

             total       used       free     shared    buffers     cached
Mem:          992M       924M        67M        24K       2.2M        36M
-/+ buffers/cache:       886M       105M
Swap:         8.0G       541M       7.5G

             total       used       free     shared    buffers     cached
Mem:          992M       925M        66M        24K       2.2M        36M
-/+ buffers/cache:       887M       104M
Swap:         8.0G       540M       7.5G

             total       used       free     shared    buffers     cached
Mem:          992M       926M        65M        24K       2.2M        36M
-/+ buffers/cache:       888M       103M
Swap:         8.0G       540M       7.5G

             total       used       free     shared    buffers     cached
Mem:          992M       928M        64M        24K       2.2M        36M
-/+ buffers/cache:       889M       102M
Swap:         8.0G       539M       7.5G

             total       used       free     shared    buffers     cached
Mem:          992M       929M        62M        24K       2.2M        36M
-/+ buffers/cache:       891M       101M
Swap:         8.0G       539M       7.5G

             total       used       free     shared    buffers     cached
Mem:          992M       917M        74M        24K       2.2M        34M
-/+ buffers/cache:       880M       111M
Swap:         8.0G       538M       7.5G

             total       used       free     shared    buffers     cached
Mem:          992M       918M        73M        24K       2.2M        34M
-/+ buffers/cache:       881M       110M
Swap:         8.0G       537M       7.5G

             total       used       free     shared    buffers     cached
Mem:          992M       920M        71M        24K       2.2M        34M
-/+ buffers/cache:       883M       109M
Swap:         8.0G       537M       7.5G

             total       used       free     shared    buffers     cached
Mem:          992M       921M        70M        24K       2.2M        34M
-/+ buffers/cache:       884M       107M
Swap:         8.0G       536M       7.5G

             total       used       free     shared    buffers     cached
Mem:          992M       922M        69M        24K       2.2M        34M
-/+ buffers/cache:       885M       106M
Swap:         8.0G       536M       7.5G

             total       used       free     shared    buffers     cached
Mem:          992M       923M        68M        24K       2.2M        34M
-/+ buffers/cache:       886M       105M
Swap:         8.0G       535M       7.5G

             total       used       free     shared    buffers     cached
Mem:          992M       925M        67M        24K       2.2M        34M
-/+ buffers/cache:       887M       104M
Swap:         8.0G       534M       7.5G

             total       used       free     shared    buffers     cached
Mem:          992M       926M        66M        24K       2.2M        34M
-/+ buffers/cache:       889M       103M
Swap:         8.0G       534M       7.5G

             total       used       free     shared    buffers     cached
Mem:          992M       927M        64M        24K       2.2M        34M
-/+ buffers/cache:       890M       101M
Swap:         8.0G       533M       7.5G

             total       used       free     shared    buffers     cached
Mem:          992M       928M        63M        24K       2.2M        34M
-/+ buffers/cache:       891M       100M
Swap:         8.0G       533M       7.5G

             total       used       free     shared    buffers     cached
Mem:          992M       913M        78M        24K       1.6M        31M
-/+ buffers/cache:       880M       111M
Swap:         8.0G       554M       7.5G

             total       used       free     shared    buffers     cached
Mem:          992M       914M        77M        24K       1.6M        31M
-/+ buffers/cache:       881M       110M
Swap:         8.0G       554M       7.5G

             total       used       free     shared    buffers     cached
Mem:          992M       916M        76M        24K       1.6M        31M
-/+ buffers/cache:       882M       109M
Swap:         8.0G       553M       7.5G

             total       used       free     shared    buffers     cached
Mem:          992M       917M        74M        24K       1.6M        31M
-/+ buffers/cache:       884M       108M
Swap:         8.0G       552M       7.5G

             total       used       free     shared    buffers     cached
Mem:          992M       918M        73M        24K       1.6M        31M
-/+ buffers/cache:       885M       106M
Swap:         8.0G       552M       7.5G

             total       used       free     shared    buffers     cached
Mem:          992M       920M        72M        24K       1.6M        31M
-/+ buffers/cache:       886M       105M
Swap:         8.0G       551M       7.5G

             total       used       free     shared    buffers     cached
Mem:          992M       921M        70M        24K       1.6M        31M
-/+ buffers/cache:       888M       104M
Swap:         8.0G       551M       7.5G

             total       used       free     shared    buffers     cached
Mem:          992M       922M        69M        24K       1.6M        31M
-/+ buffers/cache:       889M       102M
Swap:         8.0G       550M       7.5G

             total       used       free     shared    buffers     cached
Mem:          992M       923M        68M        24K       1.6M        31M
-/+ buffers/cache:       890M       101M
Swap:         8.0G       549M       7.5G

             total       used       free     shared    buffers     cached
Mem:          992M       925M        67M        24K       1.6M        31M
-/+ buffers/cache:       891M       100M
Swap:         8.0G       549M       7.5G

             total       used       free     shared    buffers     cached
Mem:          992M       926M        66M        24K       1.6M        31M
-/+ buffers/cache:       892M        99M
Swap:         8.0G       548M       7.5G

             total       used       free     shared    buffers     cached
Mem:          992M       927M        64M        24K       1.6M        31M
-/+ buffers/cache:       894M        98M
Swap:         8.0G       548M       7.5G

             total       used       free     shared    buffers     cached
Mem:          992M       928M        63M        24K       1.6M        31M
-/+ buffers/cache:       895M        96M
Swap:         8.0G       547M       7.5G

             total       used       free     shared    buffers     cached
Mem:          992M       918M        73M        24K       1.6M        30M
-/+ buffers/cache:       885M       106M
Swap:         8.0G       549M       7.5G

             total       used       free     shared    buffers     cached
Mem:          992M       919M        72M        24K       1.6M        30M
-/+ buffers/cache:       887M       105M
Swap:         8.0G       549M       7.5G

             total       used       free     shared    buffers     cached
Mem:          992M       920M        71M        24K       1.6M        30M
-/+ buffers/cache:       888M       103M
Swap:         8.0G       548M       7.5G

             total       used       free     shared    buffers     cached
Mem:          992M       922M        69M        24K       1.6M        30M
-/+ buffers/cache:       889M       102M
Swap:         8.0G       547M       7.5G

             total       used       free     shared    buffers     cached
Mem:          992M       923M        68M        24K       1.6M        30M
-/+ buffers/cache:       891M       101M
Swap:         8.0G       546M       7.5G

             total       used       free     shared    buffers     cached
Mem:          992M       925M        66M        24K       1.6M        31M
-/+ buffers/cache:       892M        99M
Swap:         8.0G       546M       7.5G

             total       used       free     shared    buffers     cached
Mem:          992M       926M        65M        24K       1.6M        31M
-/+ buffers/cache:       893M        98M
Swap:         8.0G       545M       7.5G

             total       used       free     shared    buffers     cached
Mem:          992M       920M        72M        24K       2.4M        39M
-/+ buffers/cache:       878M       113M
Swap:         8.0G       569M       7.4G

             total       used       free     shared    buffers     cached
Mem:          992M       906M        85M        28K       1.5M        50M
-/+ buffers/cache:       854M       137M
Swap:         8.0G       584M       7.4G

             total       used       free     shared    buffers     cached
Mem:          992M       901M        91M        28K       2.3M        51M
-/+ buffers/cache:       846M       145M
Swap:         8.0G       583M       7.4G

             total       used       free     shared    buffers     cached
Mem:          992M       910M        81M        28K       2.4M        55M
-/+ buffers/cache:       852M       139M
Swap:         8.0G       580M       7.4G

             total       used       free     shared    buffers     cached
Mem:          992M       912M        79M        28K       2.4M        56M
-/+ buffers/cache:       853M       138M
Swap:         8.0G       580M       7.4G

             total       used       free     shared    buffers     cached
Mem:          992M       910M        81M        28K       1.3M        59M
-/+ buffers/cache:       849M       143M
Swap:         8.0G       593M       7.4G

             total       used       free     shared    buffers     cached
Mem:          992M       910M        81M        28K       1.3M        59M
-/+ buffers/cache:       849M       142M
Swap:         8.0G       593M       7.4G

             total       used       free     shared    buffers     cached
Mem:          992M       911M        80M        28K       1.3M        59M
-/+ buffers/cache:       850M       142M
Swap:         8.0G       592M       7.4G

             total       used       free     shared    buffers     cached
Mem:          992M       912M        80M        28K       1.3M        59M
-/+ buffers/cache:       850M       141M
Swap:         8.0G       592M       7.4G

             total       used       free     shared    buffers     cached
Mem:          992M       913M        79M        28K       1.3M        59M
-/+ buffers/cache:       851M       140M
Swap:         8.0G       592M       7.4G

             total       used       free     shared    buffers     cached
Mem:          992M       913M        78M        28K       1.3M        59M
-/+ buffers/cache:       852M       139M
Swap:         8.0G       591M       7.4G

             total       used       free     shared    buffers     cached
Mem:          992M       914M        78M        28K       1.3M        59M
-/+ buffers/cache:       852M       139M
Swap:         8.0G       591M       7.4G

             total       used       free     shared    buffers     cached
Mem:          992M       914M        77M        28K       1.3M        59M
-/+ buffers/cache:       853M       138M
Swap:         8.0G       591M       7.4G

             total       used       free     shared    buffers     cached
Mem:          992M       915M        76M        28K       1.3M        59M
-/+ buffers/cache:       854M       138M
Swap:         8.0G       590M       7.4G

             total       used       free     shared    buffers     cached
Mem:          992M       916M        75M        28K       1.3M        59M
-/+ buffers/cache:       855M       137M
Swap:         8.0G       590M       7.4G

             total       used       free     shared    buffers     cached
Mem:          992M       918M        73M       184K       1.3M        61M
-/+ buffers/cache:       855M       136M
Swap:         8.0G       586M       7.4G

             total       used       free     shared    buffers     cached
Mem:          992M       919M        72M       3.9M       5.5M        57M
-/+ buffers/cache:       856M       135M
Swap:         8.0G       610M       7.4G

             total       used       free     shared    buffers     cached
Mem:          992M       917M        74M       3.9M       4.2M        60M
-/+ buffers/cache:       853M       139M
Swap:         8.0G       610M       7.4G

             total       used       free     shared    buffers     cached
Mem:          992M       911M        80M       228K       4.4M        62M
-/+ buffers/cache:       845M       147M
Swap:         8.0G       617M       7.4G

             total       used       free     shared    buffers     cached
Mem:          992M       915M        77M       252K       4.4M        62M
-/+ buffers/cache:       848M       144M
Swap:         8.0G       616M       7.4G

             total       used       free     shared    buffers     cached
Mem:          992M       916M        76M       252K       4.5M        62M
-/+ buffers/cache:       849M       143M
Swap:         8.0G       616M       7.4G

             total       used       free     shared    buffers     cached
Mem:          992M       917M        74M       252K       4.5M        62M
-/+ buffers/cache:       850M       142M
Swap:         8.0G       615M       7.4G

             total       used       free     shared    buffers     cached
Mem:          992M       918M        73M       252K       4.5M        62M
-/+ buffers/cache:       851M       141M
Swap:         8.0G       615M       7.4G

             total       used       free     shared    buffers     cached
Mem:          992M       920M        71M       252K       4.6M        63M
-/+ buffers/cache:       852M       139M
Swap:         8.0G       614M       7.4G

             total       used       free     shared    buffers     cached
Mem:          992M       921M        70M       252K       4.6M        63M
-/+ buffers/cache:       853M       138M
Swap:         8.0G       614M       7.4G

             total       used       free     shared    buffers     cached
Mem:          992M       922M        69M       252K       4.6M        63M
-/+ buffers/cache:       854M       137M
Swap:         8.0G       613M       7.4G

             total       used       free     shared    buffers     cached
Mem:          992M       924M        67M       252K       4.6M        63M
-/+ buffers/cache:       856M       136M
Swap:         8.0G       612M       7.4G

             total       used       free     shared    buffers     cached
Mem:          992M       925M        66M       252K       4.6M        63M
-/+ buffers/cache:       857M       134M
Swap:         8.0G       612M       7.4G

             total       used       free     shared    buffers     cached
Mem:          992M       926M        65M       252K       4.6M        63M
-/+ buffers/cache:       858M       133M
Swap:         8.0G       611M       7.4G

             total       used       free     shared    buffers     cached
Mem:          992M       928M        64M       252K       4.6M        63M
-/+ buffers/cache:       859M       132M
Swap:         8.0G       611M       7.4G

             total       used       free     shared    buffers     cached
Mem:          992M       929M        62M       252K       4.6M        63M
-/+ buffers/cache:       861M       131M
Swap:         8.0G       610M       7.4G

             total       used       free     shared    buffers     cached
Mem:          992M       917M        74M       252K       4.2M        62M
-/+ buffers/cache:       851M       140M
Swap:         8.0G       626M       7.4G

             total       used       free     shared    buffers     cached
Mem:          992M       918M        73M       252K       4.2M        62M
-/+ buffers/cache:       852M       139M
Swap:         8.0G       626M       7.4G

             total       used       free     shared    buffers     cached
Mem:          992M       920M        72M       252K       4.2M        62M
-/+ buffers/cache:       853M       138M
Swap:         8.0G       625M       7.4G

             total       used       free     shared    buffers     cached
Mem:          992M       921M        71M       252K       4.2M        62M
-/+ buffers/cache:       854M       137M
Swap:         8.0G       625M       7.4G

             total       used       free     shared    buffers     cached
Mem:          992M       922M        69M       252K       4.2M        62M
-/+ buffers/cache:       855M       136M
Swap:         8.0G       624M       7.4G

             total       used       free     shared    buffers     cached
Mem:          992M       923M        68M       252K       4.2M        62M
-/+ buffers/cache:       857M       134M
Swap:         8.0G       623M       7.4G

             total       used       free     shared    buffers     cached
Mem:          992M       924M        67M       252K       4.2M        62M
-/+ buffers/cache:       858M       133M
Swap:         8.0G       623M       7.4G

             total       used       free     shared    buffers     cached
Mem:          992M       926M        66M       252K       4.2M        62M
-/+ buffers/cache:       859M       132M
Swap:         8.0G       622M       7.4G

             total       used       free     shared    buffers     cached
Mem:          992M       927M        64M       252K       4.2M        62M
-/+ buffers/cache:       861M       131M
Swap:         8.0G       621M       7.4G

             total       used       free     shared    buffers     cached
Mem:          992M       928M        63M       252K       4.2M        62M
-/+ buffers/cache:       862M       129M
Swap:         8.0G       621M       7.4G

             total       used       free     shared    buffers     cached
Mem:          992M       911M        80M       252K       3.1M        60M
-/+ buffers/cache:       848M       143M
Swap:         8.0G       625M       7.4G

             total       used       free     shared    buffers     cached
Mem:          992M       913M        79M       248K       3.1M        60M
-/+ buffers/cache:       849M       142M
Swap:         8.0G       625M       7.4G

             total       used       free     shared    buffers     cached
Mem:          992M       914M        77M       248K       3.1M        60M
-/+ buffers/cache:       851M       140M
Swap:         8.0G       624M       7.4G

             total       used       free     shared    buffers     cached
Mem:          992M       915M        76M       248K       3.1M        60M
-/+ buffers/cache:       852M       139M
Swap:         8.0G       623M       7.4G

             total       used       free     shared    buffers     cached
Mem:          992M       916M        75M       248K       3.1M        60M
-/+ buffers/cache:       853M       138M
Swap:         8.0G       623M       7.4G

             total       used       free     shared    buffers     cached
Mem:          992M       918M        74M       248K       3.1M        60M
-/+ buffers/cache:       854M       137M
Swap:         8.0G       622M       7.4G

             total       used       free     shared    buffers     cached
Mem:          992M       919M        72M       248K       3.1M        60M
-/+ buffers/cache:       856M       136M
Swap:         8.0G       622M       7.4G

             total       used       free     shared    buffers     cached
Mem:          992M       920M        71M       248K       3.1M        60M
-/+ buffers/cache:       857M       134M
Swap:         8.0G       621M       7.4G

             total       used       free     shared    buffers     cached
Mem:          992M       921M        70M       248K       3.1M        60M
-/+ buffers/cache:       858M       133M
Swap:         8.0G       620M       7.4G

             total       used       free     shared    buffers     cached
Mem:          992M       915M        76M       300K       4.8M        65M
-/+ buffers/cache:       845M       147M
Swap:         8.0G       639M       7.4G

             total       used       free     shared    buffers     cached
Mem:          992M       914M        77M       296K       7.7M        72M
-/+ buffers/cache:       834M       157M
Swap:         8.0G       643M       7.4G
