             total       used       free     shared    buffers     cached
Mem:          992M       656M       335M       3.2M        38M       289M
-/+ buffers/cache:       328M       663M
Swap:         8.0G         0B       8.0G

             total       used       free     shared    buffers     cached
Mem:          992M       655M       336M       1.4M        38M       287M
-/+ buffers/cache:       329M       662M
Swap:         8.0G         0B       8.0G

             total       used       free     shared    buffers     cached
Mem:          992M       655M       336M       1.4M        38M       287M
-/+ buffers/cache:       329M       662M
Swap:         8.0G         0B       8.0G

             total       used       free     shared    buffers     cached
Mem:          992M       655M       336M       1.4M        38M       287M
-/+ buffers/cache:       329M       662M
Swap:         8.0G         0B       8.0G

             total       used       free     shared    buffers     cached
Mem:          992M       655M       336M       1.4M        38M       287M
-/+ buffers/cache:       329M       662M
Swap:         8.0G         0B       8.0G

             total       used       free     shared    buffers     cached
Mem:          992M       655M       336M       1.4M        38M       287M
-/+ buffers/cache:       329M       662M
Swap:         8.0G         0B       8.0G

             total       used       free     shared    buffers     cached
Mem:          992M       655M       336M       1.4M        38M       287M
-/+ buffers/cache:       328M       663M
Swap:         8.0G         0B       8.0G

             total       used       free     shared    buffers     cached
Mem:          992M       655M       337M       1.4M        38M       288M
-/+ buffers/cache:       328M       663M
Swap:         8.0G         0B       8.0G

             total       used       free     shared    buffers     cached
Mem:          992M       655M       337M       1.4M        38M       288M
-/+ buffers/cache:       328M       663M
Swap:         8.0G         0B       8.0G

             total       used       free     shared    buffers     cached
Mem:          992M       658M       333M       1.4M        38M       288M
-/+ buffers/cache:       331M       660M
Swap:         8.0G         0B       8.0G

             total       used       free     shared    buffers     cached
Mem:          992M       677M       314M       1.4M        38M       288M
-/+ buffers/cache:       350M       641M
Swap:         8.0G         0B       8.0G

             total       used       free     shared    buffers     cached
Mem:          992M       704M       287M       1.4M        38M       288M
-/+ buffers/cache:       376M       615M
Swap:         8.0G         0B       8.0G

             total       used       free     shared    buffers     cached
Mem:          992M       664M       327M       1.4M        38M       289M
-/+ buffers/cache:       336M       655M
Swap:         8.0G         0B       8.0G

             total       used       free     shared    buffers     cached
Mem:          992M       664M       327M       1.4M        38M       289M
-/+ buffers/cache:       336M       655M
Swap:         8.0G         0B       8.0G

             total       used       free     shared    buffers     cached
Mem:          992M       664M       327M       1.4M        38M       289M
-/+ buffers/cache:       336M       655M
Swap:         8.0G         0B       8.0G

             total       used       free     shared    buffers     cached
Mem:          992M       664M       327M       1.4M        38M       289M
-/+ buffers/cache:       336M       655M
Swap:         8.0G         0B       8.0G

             total       used       free     shared    buffers     cached
Mem:          992M       664M       327M       1.4M        38M       289M
-/+ buffers/cache:       336M       655M
Swap:         8.0G         0B       8.0G

             total       used       free     shared    buffers     cached
Mem:          992M       664M       327M       1.4M        38M       289M
-/+ buffers/cache:       336M       655M
Swap:         8.0G         0B       8.0G

             total       used       free     shared    buffers     cached
Mem:          992M       664M       327M       1.4M        38M       289M
-/+ buffers/cache:       336M       655M
Swap:         8.0G         0B       8.0G

             total       used       free     shared    buffers     cached
Mem:          992M       664M       327M       1.4M        38M       289M
-/+ buffers/cache:       336M       655M
Swap:         8.0G         0B       8.0G

             total       used       free     shared    buffers     cached
Mem:          992M       664M       327M       1.4M        38M       289M
-/+ buffers/cache:       336M       655M
Swap:         8.0G         0B       8.0G

             total       used       free     shared    buffers     cached
Mem:          992M       665M       327M       1.4M        38M       289M
-/+ buffers/cache:       336M       655M
Swap:         8.0G         0B       8.0G

             total       used       free     shared    buffers     cached
Mem:          992M       665M       327M       1.4M        38M       289M
-/+ buffers/cache:       336M       655M
Swap:         8.0G         0B       8.0G

             total       used       free     shared    buffers     cached
Mem:          992M       665M       327M       1.4M        38M       289M
-/+ buffers/cache:       336M       655M
Swap:         8.0G         0B       8.0G

             total       used       free     shared    buffers     cached
Mem:          992M       665M       327M       1.4M        38M       289M
-/+ buffers/cache:       336M       655M
Swap:         8.0G         0B       8.0G

             total       used       free     shared    buffers     cached
Mem:          992M       665M       327M       1.4M        38M       289M
-/+ buffers/cache:       336M       655M
Swap:         8.0G         0B       8.0G

             total       used       free     shared    buffers     cached
Mem:          992M       664M       327M       1.4M        38M       289M
-/+ buffers/cache:       336M       655M
Swap:         8.0G         0B       8.0G

             total       used       free     shared    buffers     cached
Mem:          992M       664M       327M       1.4M        38M       289M
-/+ buffers/cache:       336M       655M
Swap:         8.0G         0B       8.0G

             total       used       free     shared    buffers     cached
Mem:          992M       664M       327M       1.4M        38M       289M
-/+ buffers/cache:       336M       655M
Swap:         8.0G         0B       8.0G

             total       used       free     shared    buffers     cached
Mem:          992M       664M       327M       1.4M        38M       289M
-/+ buffers/cache:       336M       655M
Swap:         8.0G         0B       8.0G

             total       used       free     shared    buffers     cached
Mem:          992M       664M       327M       1.4M        38M       289M
-/+ buffers/cache:       336M       655M
Swap:         8.0G         0B       8.0G

             total       used       free     shared    buffers     cached
Mem:          992M       664M       327M       1.4M        38M       289M
-/+ buffers/cache:       336M       655M
Swap:         8.0G         0B       8.0G

             total       used       free     shared    buffers     cached
Mem:          992M       664M       327M       1.4M        38M       289M
-/+ buffers/cache:       336M       655M
Swap:         8.0G         0B       8.0G

             total       used       free     shared    buffers     cached
Mem:          992M       671M       321M       1.4M        38M       289M
-/+ buffers/cache:       342M       649M
Swap:         8.0G         0B       8.0G

             total       used       free     shared    buffers     cached
Mem:          992M       686M       305M       1.4M        38M       289M
-/+ buffers/cache:       357M       634M
Swap:         8.0G         0B       8.0G

             total       used       free     shared    buffers     cached
Mem:          992M       700M       291M       1.4M        38M       289M
-/+ buffers/cache:       371M       620M
Swap:         8.0G         0B       8.0G

             total       used       free     shared    buffers     cached
Mem:          992M       715M       276M       1.4M        38M       289M
-/+ buffers/cache:       386M       605M
Swap:         8.0G         0B       8.0G

             total       used       free     shared    buffers     cached
Mem:          992M       729M       262M       1.4M        38M       289M
-/+ buffers/cache:       400M       591M
Swap:         8.0G         0B       8.0G

             total       used       free     shared    buffers     cached
Mem:          992M       743M       248M       1.4M        38M       289M
-/+ buffers/cache:       415M       577M
Swap:         8.0G         0B       8.0G

             total       used       free     shared    buffers     cached
Mem:          992M       757M       234M       1.4M        38M       289M
-/+ buffers/cache:       428M       563M
Swap:         8.0G         0B       8.0G

             total       used       free     shared    buffers     cached
Mem:          992M       771M       220M       1.4M        38M       289M
-/+ buffers/cache:       442M       549M
Swap:         8.0G         0B       8.0G

             total       used       free     shared    buffers     cached
Mem:          992M       782M       209M       1.4M        38M       289M
-/+ buffers/cache:       454M       537M
Swap:         8.0G         0B       8.0G

             total       used       free     shared    buffers     cached
Mem:          992M       796M       195M       1.4M        38M       289M
-/+ buffers/cache:       468M       523M
Swap:         8.0G         0B       8.0G

             total       used       free     shared    buffers     cached
Mem:          992M       814M       178M       1.4M        38M       289M
-/+ buffers/cache:       485M       506M
Swap:         8.0G         0B       8.0G

             total       used       free     shared    buffers     cached
Mem:          992M       827M       164M       1.4M        38M       289M
-/+ buffers/cache:       499M       492M
Swap:         8.0G         0B       8.0G

             total       used       free     shared    buffers     cached
Mem:          992M       842M       149M       1.4M        38M       289M
-/+ buffers/cache:       513M       478M
Swap:         8.0G         0B       8.0G

             total       used       free     shared    buffers     cached
Mem:          992M       856M       136M       1.4M        38M       289M
-/+ buffers/cache:       527M       464M
Swap:         8.0G         0B       8.0G

             total       used       free     shared    buffers     cached
Mem:          992M       871M       121M       1.4M        38M       289M
-/+ buffers/cache:       542M       449M
Swap:         8.0G         0B       8.0G

             total       used       free     shared    buffers     cached
Mem:          992M       885M       106M       1.4M        38M       289M
-/+ buffers/cache:       556M       435M
Swap:         8.0G         0B       8.0G

             total       used       free     shared    buffers     cached
Mem:          992M       895M        97M       1.4M        38M       289M
-/+ buffers/cache:       566M       425M
Swap:         8.0G         0B       8.0G

             total       used       free     shared    buffers     cached
Mem:          992M       909M        82M       1.4M        38M       289M
-/+ buffers/cache:       580M       411M
Swap:         8.0G         0B       8.0G

             total       used       free     shared    buffers     cached
Mem:          992M       924M        67M       1.4M        38M       289M
-/+ buffers/cache:       595M       396M
Swap:         8.0G         0B       8.0G

             total       used       free     shared    buffers     cached
Mem:          992M       924M        67M       1.4M        25M       288M
-/+ buffers/cache:       610M       381M
Swap:         8.0G         0B       8.0G

             total       used       free     shared    buffers     cached
Mem:          992M       917M        74M       1.4M        10M       283M
-/+ buffers/cache:       623M       368M
Swap:         8.0G         8K       8.0G

             total       used       free     shared    buffers     cached
Mem:          992M       931M        60M       1.4M        10M       283M
-/+ buffers/cache:       637M       354M
Swap:         8.0G         8K       8.0G

             total       used       free     shared    buffers     cached
Mem:          992M       927M        65M       1.4M        10M       265M
-/+ buffers/cache:       650M       341M
Swap:         8.0G        80K       8.0G

             total       used       free     shared    buffers     cached
Mem:          992M       921M        71M       1.3M       9.8M       247M
-/+ buffers/cache:       663M       328M
Swap:         8.0G       224K       8.0G

             total       used       free     shared    buffers     cached
Mem:          992M       919M        72M       1.2M       9.8M       233M
-/+ buffers/cache:       676M       315M
Swap:         8.0G       3.9M       8.0G

             total       used       free     shared    buffers     cached
Mem:          992M       913M        78M       1.1M       9.7M       216M
-/+ buffers/cache:       687M       305M
Swap:         8.0G       7.7M       8.0G

             total       used       free     shared    buffers     cached
Mem:          992M       918M        73M       1.1M       9.7M       208M
-/+ buffers/cache:       700M       291M
Swap:         8.0G       7.7M       8.0G

             total       used       free     shared    buffers     cached
Mem:          992M       932M        59M       1.1M       9.7M       208M
-/+ buffers/cache:       714M       277M
Swap:         8.0G       7.7M       8.0G

             total       used       free     shared    buffers     cached
Mem:          992M       921M        70M       1.1M       1.8M       191M
-/+ buffers/cache:       728M       264M
Swap:         8.0G       7.7M       8.0G

             total       used       free     shared    buffers     cached
Mem:          992M       912M        79M       1.1M       356K       170M
-/+ buffers/cache:       742M       250M
Swap:         8.0G       7.7M       8.0G

             total       used       free     shared    buffers     cached
Mem:          992M       926M        65M       1.1M       356K       169M
-/+ buffers/cache:       755M       236M
Swap:         8.0G       7.7M       8.0G

             total       used       free     shared    buffers     cached
Mem:          992M       920M        71M       1.1M       356K       149M
-/+ buffers/cache:       770M       221M
Swap:         8.0G       7.7M       8.0G

             total       used       free     shared    buffers     cached
Mem:          992M       930M        61M       1.1M       356K       149M
-/+ buffers/cache:       780M       211M
Swap:         8.0G       7.7M       8.0G

             total       used       free     shared    buffers     cached
Mem:          992M       923M        68M       1.1M       360K       131M
-/+ buffers/cache:       791M       200M
Swap:         8.0G       7.7M       8.0G

             total       used       free     shared    buffers     cached
Mem:          992M       921M        70M       1.1M       216K       116M
-/+ buffers/cache:       805M       187M
Swap:         8.0G       7.7M       8.0G

             total       used       free     shared    buffers     cached
Mem:          992M       922M        70M       1.1M       352K       102M
-/+ buffers/cache:       818M       173M
Swap:         8.0G       7.7M       8.0G

             total       used       free     shared    buffers     cached
Mem:          992M       919M        72M       1.1M       1.8M        88M
-/+ buffers/cache:       829M       162M
Swap:         8.0G       9.2M       8.0G

             total       used       free     shared    buffers     cached
Mem:          992M       911M        80M       1.1M       1.8M        68M
-/+ buffers/cache:       841M       150M
Swap:         8.0G       9.2M       8.0G

             total       used       free     shared    buffers     cached
Mem:          992M       925M        66M       1.1M       1.8M        68M
-/+ buffers/cache:       855M       136M
Swap:         8.0G       9.2M       8.0G

             total       used       free     shared    buffers     cached
Mem:          992M       924M        68M       1.1M       1.8M        53M
-/+ buffers/cache:       868M       123M
Swap:         8.0G       9.1M       8.0G

             total       used       free     shared    buffers     cached
Mem:          992M       924M        67M       1.1M       1.8M        41M
-/+ buffers/cache:       881M       110M
Swap:         8.0G       9.1M       8.0G

             total       used       free     shared    buffers     cached
Mem:          992M       920M        71M       1.1M       1.8M        23M
-/+ buffers/cache:       895M        97M
Swap:         8.0G       9.1M       8.0G

             total       used       free     shared    buffers     cached
Mem:          992M       920M        72M       976K       2.1M        14M
-/+ buffers/cache:       903M        88M
Swap:         8.0G        19M       8.0G

             total       used       free     shared    buffers     cached
Mem:          992M       920M        71M       984K       496K       9.9M
-/+ buffers/cache:       910M        81M
Swap:         8.0G        22M       8.0G

             total       used       free     shared    buffers     cached
Mem:          992M       915M        76M       724K        88K       2.6M
-/+ buffers/cache:       912M        79M
Swap:         8.0G        42M       8.0G

             total       used       free     shared    buffers     cached
Mem:          992M       928M        63M       692K       224K       2.7M
-/+ buffers/cache:       925M        66M
Swap:         8.0G        42M       8.0G

             total       used       free     shared    buffers     cached
Mem:          992M       927M        64M       692K       472K       3.1M
-/+ buffers/cache:       923M        68M
Swap:         8.0G        48M       7.9G

             total       used       free     shared    buffers     cached
Mem:          992M       925M        66M       668K       476K       2.8M
-/+ buffers/cache:       922M        69M
Swap:         8.0G        83M       7.9G

             total       used       free     shared    buffers     cached
Mem:          992M       924M        67M       660K       464K       2.8M
-/+ buffers/cache:       921M        70M
Swap:         8.0G        83M       7.9G

             total       used       free     shared    buffers     cached
Mem:          992M       926M        66M       660K       464K       2.6M
-/+ buffers/cache:       922M        69M
Swap:         8.0G        94M       7.9G

             total       used       free     shared    buffers     cached
Mem:          992M       922M        70M       660K       472K       2.6M
-/+ buffers/cache:       919M        73M
Swap:         8.0G       113M       7.9G

             total       used       free     shared    buffers     cached
Mem:          992M       920M        71M       660K       472K       2.7M
-/+ buffers/cache:       917M        75M
Swap:         8.0G       122M       7.9G

             total       used       free     shared    buffers     cached
Mem:          992M       929M        62M       652K       472K       2.6M
-/+ buffers/cache:       926M        65M
Swap:         8.0G       126M       7.9G

             total       used       free     shared    buffers     cached
Mem:          992M       920M        71M       580K       472K       2.5M
-/+ buffers/cache:       917M        74M
Swap:         8.0G       155M       7.8G

             total       used       free     shared    buffers     cached
Mem:          992M       919M        72M       580K       472K       2.4M
-/+ buffers/cache:       917M        75M
Swap:         8.0G       163M       7.8G

             total       used       free     shared    buffers     cached
Mem:          992M       908M        83M       572K       480K       2.4M
-/+ buffers/cache:       905M        86M
Swap:         8.0G       219M       7.8G

             total       used       free     shared    buffers     cached
Mem:          992M       920M        71M       564K       480K       2.4M
-/+ buffers/cache:       917M        74M
Swap:         8.0G       219M       7.8G

             total       used       free     shared    buffers     cached
Mem:          992M       920M        71M       564K       480K       2.5M
-/+ buffers/cache:       917M        74M
Swap:         8.0G       219M       7.8G

             total       used       free     shared    buffers     cached
Mem:          992M       922M        69M       564K       480K       2.4M
-/+ buffers/cache:       919M        72M
Swap:         8.0G       219M       7.8G

             total       used       free     shared    buffers     cached
Mem:          992M       920M        71M       564K       480K       2.5M
-/+ buffers/cache:       917M        74M
Swap:         8.0G       234M       7.8G

             total       used       free     shared    buffers     cached
Mem:          992M       911M        80M       564K       476K       2.3M
-/+ buffers/cache:       909M        83M
Swap:         8.0G       253M       7.7G

             total       used       free     shared    buffers     cached
Mem:          992M       922M        69M       540K       476K       2.4M
-/+ buffers/cache:       919M        72M
Swap:         8.0G       253M       7.7G

             total       used       free     shared    buffers     cached
Mem:          992M       922M        69M       540K       428K       2.4M
-/+ buffers/cache:       919M        72M
Swap:         8.0G       269M       7.7G

             total       used       free     shared    buffers     cached
Mem:          992M       922M        69M       540K       428K       2.4M
-/+ buffers/cache:       919M        72M
Swap:         8.0G       269M       7.7G

             total       used       free     shared    buffers     cached
Mem:          992M       930M        62M       540K       428K       2.4M
-/+ buffers/cache:       927M        64M
Swap:         8.0G       269M       7.7G

             total       used       free     shared    buffers     cached
Mem:          992M       922M        69M       540K       392K       2.4M
-/+ buffers/cache:       920M        72M
Swap:         8.0G       287M       7.7G

             total       used       free     shared    buffers     cached
Mem:          992M       929M        62M       540K       400K       2.4M
-/+ buffers/cache:       927M        65M
Swap:         8.0G       287M       7.7G

             total       used       free     shared    buffers     cached
Mem:          992M       922M        70M       540K       400K       2.3M
-/+ buffers/cache:       919M        72M
Swap:         8.0G       297M       7.7G

             total       used       free     shared    buffers     cached
Mem:          992M       928M        64M       540K       400K       2.4M
-/+ buffers/cache:       925M        66M
Swap:         8.0G       297M       7.7G

             total       used       free     shared    buffers     cached
Mem:          992M       916M        75M       540K       340K       2.3M
-/+ buffers/cache:       914M        78M
Swap:         8.0G       326M       7.7G

             total       used       free     shared    buffers     cached
Mem:          992M       922M        70M       540K       340K       2.3M
-/+ buffers/cache:       919M        72M
Swap:         8.0G       326M       7.7G

             total       used       free     shared    buffers     cached
Mem:          992M       924M        67M       540K       348K       2.3M
-/+ buffers/cache:       922M        70M
Swap:         8.0G       326M       7.7G

             total       used       free     shared    buffers     cached
Mem:          992M       931M        60M       540K       348K       2.3M
-/+ buffers/cache:       928M        63M
Swap:         8.0G       326M       7.7G

             total       used       free     shared    buffers     cached
Mem:          992M       921M        70M        20K        96K       1.8M
-/+ buffers/cache:       919M        72M
Swap:         8.0G       321M       7.7G

             total       used       free     shared    buffers     cached
Mem:          992M       919M        72M         4K        84K       1.6M
-/+ buffers/cache:       917M        74M
Swap:         8.0G       322M       7.7G

             total       used       free     shared    buffers     cached
Mem:          992M       920M        71M         0B        76K       1.4M
-/+ buffers/cache:       919M        73M
Swap:         8.0G       320M       7.7G

             total       used       free     shared    buffers     cached
Mem:          992M       928M        64M         0B        80K       1.2M
-/+ buffers/cache:       926M        65M
Swap:         8.0G       436M       7.6G

             total       used       free     shared    buffers     cached
Mem:          992M       923M        68M         0B        76K       6.2M
-/+ buffers/cache:       917M        74M
Swap:         8.0G       430M       7.6G

             total       used       free     shared    buffers     cached
Mem:          992M       907M        84M         0B       800K        20M
-/+ buffers/cache:       886M       105M
Swap:         8.0G       381M       7.6G

             total       used       free     shared    buffers     cached
Mem:          992M       914M        77M         0B       800K        20M
-/+ buffers/cache:       893M        98M
Swap:         8.0G       373M       7.6G

             total       used       free     shared    buffers     cached
Mem:          992M       923M        68M         0B       800K        18M
-/+ buffers/cache:       904M        87M
Swap:         8.0G       343M       7.7G

             total       used       free     shared    buffers     cached
Mem:          992M       921M        70M         0B        76K       4.6M
-/+ buffers/cache:       917M        75M
Swap:         8.0G       332M       7.7G

             total       used       free     shared    buffers     cached
Mem:          992M       909M        82M         0B       460K       6.1M
-/+ buffers/cache:       902M        89M
Swap:         8.0G       350M       7.7G

             total       used       free     shared    buffers     cached
Mem:          992M       920M        71M         0B       460K       5.7M
-/+ buffers/cache:       914M        78M
Swap:         8.0G       339M       7.7G

             total       used       free     shared    buffers     cached
Mem:          992M       928M        63M         0B        76K       5.4M
-/+ buffers/cache:       923M        69M
Swap:         8.0G       334M       7.7G

             total       used       free     shared    buffers     cached
Mem:          992M       927M        64M         0B        76K       4.3M
-/+ buffers/cache:       923M        69M
Swap:         8.0G       345M       7.7G

             total       used       free     shared    buffers     cached
Mem:          992M       931M        60M         0B       364K       4.4M
-/+ buffers/cache:       926M        65M
Swap:         8.0G       343M       7.7G

             total       used       free     shared    buffers     cached
Mem:          992M       920M        71M         0B       372K       4.3M
-/+ buffers/cache:       915M        76M
Swap:         8.0G       344M       7.7G

             total       used       free     shared    buffers     cached
Mem:          992M       922M        69M         0B       372K       4.4M
-/+ buffers/cache:       918M        74M
Swap:         8.0G       343M       7.7G

             total       used       free     shared    buffers     cached
Mem:          992M       928M        63M         0B       372K       4.4M
-/+ buffers/cache:       923M        68M
Swap:         8.0G       343M       7.7G

             total       used       free     shared    buffers     cached
Mem:          992M       921M        71M         0B       372K       4.2M
-/+ buffers/cache:       916M        75M
Swap:         8.0G       356M       7.6G

             total       used       free     shared    buffers     cached
Mem:          992M       927M        64M         0B       372K       4.2M
-/+ buffers/cache:       923M        68M
Swap:         8.0G       356M       7.6G

             total       used       free     shared    buffers     cached
Mem:          992M       918M        73M         0B       380K       4.0M
-/+ buffers/cache:       914M        78M
Swap:         8.0G       371M       7.6G

             total       used       free     shared    buffers     cached
Mem:          992M       924M        68M         0B       384K       4.0M
-/+ buffers/cache:       919M        72M
Swap:         8.0G       371M       7.6G

             total       used       free     shared    buffers     cached
Mem:          992M       929M        62M         0B       384K       4.1M
-/+ buffers/cache:       925M        67M
Swap:         8.0G       371M       7.6G

             total       used       free     shared    buffers     cached
Mem:          992M       922M        69M         0B       472K       4.2M
-/+ buffers/cache:       917M        74M
Swap:         8.0G       388M       7.6G

             total       used       free     shared    buffers     cached
Mem:          992M       923M        68M         0B       472K       4.3M
-/+ buffers/cache:       919M        73M
Swap:         8.0G       387M       7.6G

             total       used       free     shared    buffers     cached
Mem:          992M       925M        66M         0B       472K       4.2M
-/+ buffers/cache:       921M        71M
Swap:         8.0G       387M       7.6G

             total       used       free     shared    buffers     cached
Mem:          992M       927M        64M         0B       480K       4.4M
-/+ buffers/cache:       922M        69M
Swap:         8.0G       386M       7.6G

             total       used       free     shared    buffers     cached
Mem:          992M       929M        62M         0B       480K       4.4M
-/+ buffers/cache:       924M        67M
Swap:         8.0G       386M       7.6G

             total       used       free     shared    buffers     cached
Mem:          992M       930M        61M         0B       480K       4.4M
-/+ buffers/cache:       926M        66M
Swap:         8.0G       385M       7.6G

             total       used       free     shared    buffers     cached
Mem:          992M       920M        72M         0B       480K       4.3M
-/+ buffers/cache:       915M        76M
Swap:         8.0G       393M       7.6G

             total       used       free     shared    buffers     cached
Mem:          992M       922M        70M         0B       480K       4.3M
-/+ buffers/cache:       917M        74M
Swap:         8.0G       393M       7.6G

             total       used       free     shared    buffers     cached
Mem:          992M       923M        68M         0B       488K       4.3M
-/+ buffers/cache:       919M        73M
Swap:         8.0G       392M       7.6G

             total       used       free     shared    buffers     cached
Mem:          992M       925M        66M         0B       488K       4.3M
-/+ buffers/cache:       921M        71M
Swap:         8.0G       392M       7.6G

             total       used       free     shared    buffers     cached
Mem:          992M       927M        64M         0B       488K       4.3M
-/+ buffers/cache:       922M        69M
Swap:         8.0G       391M       7.6G

             total       used       free     shared    buffers     cached
Mem:          992M       929M        63M         0B       488K       4.3M
-/+ buffers/cache:       924M        67M
Swap:         8.0G       391M       7.6G

             total       used       free     shared    buffers     cached
Mem:          992M       931M        60M         0B       488K       4.3M
-/+ buffers/cache:       926M        65M
Swap:         8.0G       390M       7.6G

             total       used       free     shared    buffers     cached
Mem:          992M       916M        76M         0B       496K       4.0M
-/+ buffers/cache:       911M        80M
Swap:         8.0G       415M       7.6G

             total       used       free     shared    buffers     cached
Mem:          992M       917M        74M         0B       496K       4.1M
-/+ buffers/cache:       913M        78M
Swap:         8.0G       414M       7.6G

             total       used       free     shared    buffers     cached
Mem:          992M       919M        72M         0B       496K       4.1M
-/+ buffers/cache:       915M        76M
Swap:         8.0G       413M       7.6G

             total       used       free     shared    buffers     cached
Mem:          992M       921M        70M         0B       496K       4.0M
-/+ buffers/cache:       917M        74M
Swap:         8.0G       412M       7.6G

             total       used       free     shared    buffers     cached
Mem:          992M       923M        68M         0B       496K       4.0M
-/+ buffers/cache:       919M        73M
Swap:         8.0G       411M       7.6G

             total       used       free     shared    buffers     cached
Mem:          992M       925M        66M         0B       504K       4.0M
-/+ buffers/cache:       920M        71M
Swap:         8.0G       410M       7.6G

             total       used       free     shared    buffers     cached
Mem:          992M       927M        64M         0B       504K       4.0M
-/+ buffers/cache:       923M        69M
Swap:         8.0G       409M       7.6G

             total       used       free     shared    buffers     cached
Mem:          992M       929M        62M         0B       504K       4.1M
-/+ buffers/cache:       924M        67M
Swap:         8.0G       408M       7.6G

             total       used       free     shared    buffers     cached
Mem:          992M       931M        60M         0B       504K       4.1M
-/+ buffers/cache:       926M        65M
Swap:         8.0G       407M       7.6G

             total       used       free     shared    buffers     cached
Mem:          992M       920M        72M         0B       504K       3.9M
-/+ buffers/cache:       915M        76M
Swap:         8.0G       416M       7.6G

             total       used       free     shared    buffers     cached
Mem:          992M       922M        69M         0B       504K       3.9M
-/+ buffers/cache:       917M        74M
Swap:         8.0G       415M       7.6G

             total       used       free     shared    buffers     cached
Mem:          992M       924M        67M         0B       512K       3.9M
-/+ buffers/cache:       920M        72M
Swap:         8.0G       414M       7.6G

             total       used       free     shared    buffers     cached
Mem:          992M       926M        65M         0B       512K       3.9M
-/+ buffers/cache:       922M        70M
Swap:         8.0G       413M       7.6G

             total       used       free     shared    buffers     cached
Mem:          992M       928M        63M         0B       512K       3.9M
-/+ buffers/cache:       923M        68M
Swap:         8.0G       413M       7.6G

             total       used       free     shared    buffers     cached
Mem:          992M       930M        61M         0B       512K       4.0M
-/+ buffers/cache:       925M        66M
Swap:         8.0G       412M       7.6G

             total       used       free     shared    buffers     cached
Mem:          992M       920M        71M         0B       512K       3.8M
-/+ buffers/cache:       916M        75M
Swap:         8.0G       415M       7.6G

             total       used       free     shared    buffers     cached
Mem:          992M       922M        69M         0B       520K       3.8M
-/+ buffers/cache:       918M        73M
Swap:         8.0G       414M       7.6G

             total       used       free     shared    buffers     cached
Mem:          992M       925M        66M         0B       520K       3.8M
-/+ buffers/cache:       920M        71M
Swap:         8.0G       413M       7.6G

             total       used       free     shared    buffers     cached
Mem:          992M       927M        64M         0B       520K       3.9M
-/+ buffers/cache:       923M        68M
Swap:         8.0G       412M       7.6G

             total       used       free     shared    buffers     cached
Mem:          992M       929M        62M         0B       520K       3.8M
-/+ buffers/cache:       925M        66M
Swap:         8.0G       411M       7.6G

             total       used       free     shared    buffers     cached
Mem:          992M       915M        76M         0B       520K       3.6M
-/+ buffers/cache:       911M        80M
Swap:         8.0G       437M       7.6G

             total       used       free     shared    buffers     cached
Mem:          992M       917M        74M         0B       528K       3.6M
-/+ buffers/cache:       913M        78M
Swap:         8.0G       437M       7.6G

             total       used       free     shared    buffers     cached
Mem:          992M       920M        72M         0B       528K       3.6M
-/+ buffers/cache:       915M        76M
Swap:         8.0G       436M       7.6G

             total       used       free     shared    buffers     cached
Mem:          992M       921M        70M         0B       528K       3.6M
-/+ buffers/cache:       917M        74M
Swap:         8.0G       435M       7.6G

             total       used       free     shared    buffers     cached
Mem:          992M       923M        68M         0B       528K       3.6M
-/+ buffers/cache:       919M        72M
Swap:         8.0G       434M       7.6G

             total       used       free     shared    buffers     cached
Mem:          992M       926M        65M         0B       528K       3.6M
-/+ buffers/cache:       922M        70M
Swap:         8.0G       433M       7.6G

             total       used       free     shared    buffers     cached
Mem:          992M       928M        64M         0B       528K       3.7M
-/+ buffers/cache:       923M        68M
Swap:         8.0G       432M       7.6G

             total       used       free     shared    buffers     cached
Mem:          992M       930M        61M         0B       536K       3.6M
-/+ buffers/cache:       926M        66M
Swap:         8.0G       431M       7.6G

             total       used       free     shared    buffers     cached
Mem:          992M       937M        55M         0B        88K        21M
-/+ buffers/cache:       915M        77M
Swap:         8.0G       437M       7.6G

             total       used       free     shared    buffers     cached
Mem:          992M       919M        73M         0B       220K        20M
-/+ buffers/cache:       898M        94M
Swap:         8.0G       450M       7.6G

             total       used       free     shared    buffers     cached
Mem:          992M       921M        70M         0B       560K        20M
-/+ buffers/cache:       900M        91M
Swap:         8.0G       449M       7.6G

             total       used       free     shared    buffers     cached
Mem:          992M       924M        68M         0B       560K        20M
-/+ buffers/cache:       902M        89M
Swap:         8.0G       448M       7.6G

             total       used       free     shared    buffers     cached
Mem:          992M       925M        66M         0B       568K        20M
-/+ buffers/cache:       904M        87M
Swap:         8.0G       447M       7.6G

             total       used       free     shared    buffers     cached
Mem:          992M       927M        64M         0B       568K        20M
-/+ buffers/cache:       906M        85M
Swap:         8.0G       446M       7.6G

             total       used       free     shared    buffers     cached
Mem:          992M       929M        62M         0B       568K        20M
-/+ buffers/cache:       908M        83M
Swap:         8.0G       445M       7.6G

             total       used       free     shared    buffers     cached
Mem:          992M       911M        80M         0B       544K        18M
-/+ buffers/cache:       892M        99M
Swap:         8.0G       474M       7.5G

             total       used       free     shared    buffers     cached
Mem:          992M       913M        78M         0B       544K        18M
-/+ buffers/cache:       894M        97M
Swap:         8.0G       473M       7.5G

             total       used       free     shared    buffers     cached
Mem:          992M       914M        77M         0B       556K        18M
-/+ buffers/cache:       895M        96M
Swap:         8.0G       473M       7.5G

             total       used       free     shared    buffers     cached
Mem:          992M       916M        75M         0B       556K        18M
-/+ buffers/cache:       897M        95M
Swap:         8.0G       472M       7.5G

             total       used       free     shared    buffers     cached
Mem:          992M       920M        71M         0B       844K        19M
-/+ buffers/cache:       900M        91M
Swap:         8.0G       471M       7.5G

             total       used       free     shared    buffers     cached
Mem:          992M       919M        72M         0B       992K        25M
-/+ buffers/cache:       893M        98M
Swap:         8.0G       468M       7.5G

             total       used       free     shared    buffers     cached
Mem:          992M       913M        78M        16K       992K        27M
-/+ buffers/cache:       885M       106M
Swap:         8.0G       482M       7.5G

             total       used       free     shared    buffers     cached
Mem:          992M       914M        77M        16K       992K        27M
-/+ buffers/cache:       886M       105M
Swap:         8.0G       482M       7.5G

             total       used       free     shared    buffers     cached
Mem:          992M       915M        76M        16K       1.0M        27M
-/+ buffers/cache:       887M       104M
Swap:         8.0G       481M       7.5G

             total       used       free     shared    buffers     cached
Mem:          992M       916M        75M        16K       1.0M        27M
-/+ buffers/cache:       888M       103M
Swap:         8.0G       481M       7.5G

             total       used       free     shared    buffers     cached
Mem:          992M       918M        74M        16K       1.0M        27M
-/+ buffers/cache:       889M       102M
Swap:         8.0G       480M       7.5G

             total       used       free     shared    buffers     cached
Mem:          992M       918M        73M        16K       1.0M        27M
-/+ buffers/cache:       890M       101M
Swap:         8.0G       480M       7.5G

             total       used       free     shared    buffers     cached
Mem:          992M       920M        72M        16K       1.0M        27M
-/+ buffers/cache:       891M       100M
Swap:         8.0G       479M       7.5G

             total       used       free     shared    buffers     cached
Mem:          992M       922M        69M        16K       1.0M        28M
-/+ buffers/cache:       893M        98M
Swap:         8.0G       478M       7.5G

             total       used       free     shared    buffers     cached
Mem:          992M       923M        68M        16K       1.0M        28M
-/+ buffers/cache:       894M        97M
Swap:         8.0G       478M       7.5G

             total       used       free     shared    buffers     cached
Mem:          992M       925M        67M        16K       1.0M        28M
-/+ buffers/cache:       895M        96M
Swap:         8.0G       477M       7.5G

             total       used       free     shared    buffers     cached
Mem:          992M       926M        65M        16K       1.0M        28M
-/+ buffers/cache:       897M        95M
Swap:         8.0G       476M       7.5G

             total       used       free     shared    buffers     cached
Mem:          992M       927M        64M        16K       1.0M        28M
-/+ buffers/cache:       898M        94M
Swap:         8.0G       476M       7.5G

             total       used       free     shared    buffers     cached
Mem:          992M       928M        63M        16K       1.0M        28M
-/+ buffers/cache:       899M        92M
Swap:         8.0G       475M       7.5G

             total       used       free     shared    buffers     cached
Mem:          992M       930M        62M        16K       1.0M        28M
-/+ buffers/cache:       900M        91M
Swap:         8.0G       475M       7.5G

             total       used       free     shared    buffers     cached
Mem:          992M       930M        61M        16K       1.0M        28M
-/+ buffers/cache:       901M        90M
Swap:         8.0G       474M       7.5G

             total       used       free     shared    buffers     cached
Mem:          992M       918M        73M        16K       1.0M        27M
-/+ buffers/cache:       890M       102M
Swap:         8.0G       478M       7.5G

             total       used       free     shared    buffers     cached
Mem:          992M       919M        72M        16K       1.0M        27M
-/+ buffers/cache:       891M       100M
Swap:         8.0G       477M       7.5G

             total       used       free     shared    buffers     cached
Mem:          992M       920M        71M        16K       1.0M        27M
-/+ buffers/cache:       892M       100M
Swap:         8.0G       477M       7.5G

             total       used       free     shared    buffers     cached
Mem:          992M       921M        70M        16K       1.0M        27M
-/+ buffers/cache:       893M        98M
Swap:         8.0G       476M       7.5G

             total       used       free     shared    buffers     cached
Mem:          992M       922M        69M        16K       1.0M        27M
-/+ buffers/cache:       894M        97M
Swap:         8.0G       476M       7.5G

             total       used       free     shared    buffers     cached
Mem:          992M       924M        68M        16K       1.0M        27M
-/+ buffers/cache:       895M        96M
Swap:         8.0G       475M       7.5G

             total       used       free     shared    buffers     cached
Mem:          992M       925M        66M        16K       1.0M        27M
-/+ buffers/cache:       896M        95M
Swap:         8.0G       474M       7.5G

             total       used       free     shared    buffers     cached
Mem:          992M       926M        66M        16K       1.0M        27M
-/+ buffers/cache:       897M        94M
Swap:         8.0G       474M       7.5G

             total       used       free     shared    buffers     cached
Mem:          992M       927M        64M        16K       1.0M        27M
-/+ buffers/cache:       899M        93M
Swap:         8.0G       473M       7.5G

             total       used       free     shared    buffers     cached
Mem:          992M       928M        63M        16K       1.0M        27M
-/+ buffers/cache:       899M        92M
Swap:         8.0G       473M       7.5G

             total       used       free     shared    buffers     cached
Mem:          992M       929M        62M        16K       1.0M        27M
-/+ buffers/cache:       901M        90M
Swap:         8.0G       472M       7.5G

             total       used       free     shared    buffers     cached
Mem:          992M       931M        61M        16K       1.0M        27M
-/+ buffers/cache:       902M        89M
Swap:         8.0G       471M       7.5G

             total       used       free     shared    buffers     cached
Mem:          992M       913M        78M        16K       1.0M        25M
-/+ buffers/cache:       887M       105M
Swap:         8.0G       489M       7.5G

             total       used       free     shared    buffers     cached
Mem:          992M       914M        77M        16K       1.0M        25M
-/+ buffers/cache:       888M       103M
Swap:         8.0G       489M       7.5G

             total       used       free     shared    buffers     cached
Mem:          992M       915M        76M        16K       1.0M        25M
-/+ buffers/cache:       889M       103M
Swap:         8.0G       488M       7.5G

             total       used       free     shared    buffers     cached
Mem:          992M       916M        75M        16K       1.0M        25M
-/+ buffers/cache:       890M       102M
Swap:         8.0G       488M       7.5G

             total       used       free     shared    buffers     cached
Mem:          992M       918M        74M        16K       1.0M        25M
-/+ buffers/cache:       891M       100M
Swap:         8.0G       487M       7.5G

             total       used       free     shared    buffers     cached
Mem:          992M       918M        73M        16K       1.0M        25M
-/+ buffers/cache:       892M        99M
Swap:         8.0G       487M       7.5G

             total       used       free     shared    buffers     cached
Mem:          992M       919M        72M        16K       1.0M        25M
-/+ buffers/cache:       893M        98M
Swap:         8.0G       486M       7.5G

             total       used       free     shared    buffers     cached
Mem:          992M       921M        71M        16K       1.0M        25M
-/+ buffers/cache:       894M        97M
Swap:         8.0G       485M       7.5G

             total       used       free     shared    buffers     cached
Mem:          992M       922M        69M        16K       1.0M        25M
-/+ buffers/cache:       895M        96M
Swap:         8.0G       485M       7.5G

             total       used       free     shared    buffers     cached
Mem:          992M       923M        68M        16K       1.0M        25M
-/+ buffers/cache:       896M        95M
Swap:         8.0G       484M       7.5G

             total       used       free     shared    buffers     cached
Mem:          992M       924M        67M        16K       1.0M        25M
-/+ buffers/cache:       898M        94M
Swap:         8.0G       484M       7.5G

             total       used       free     shared    buffers     cached
Mem:          992M       925M        66M        16K       1.0M        25M
-/+ buffers/cache:       899M        92M
Swap:         8.0G       483M       7.5G

             total       used       free     shared    buffers     cached
Mem:          992M       926M        65M        16K       1.0M        25M
-/+ buffers/cache:       900M        92M
Swap:         8.0G       482M       7.5G

             total       used       free     shared    buffers     cached
Mem:          992M       928M        63M        16K       1.0M        25M
-/+ buffers/cache:       901M        90M
Swap:         8.0G       482M       7.5G

             total       used       free     shared    buffers     cached
Mem:          992M       929M        62M        16K       1.0M        25M
-/+ buffers/cache:       902M        89M
Swap:         8.0G       481M       7.5G

             total       used       free     shared    buffers     cached
Mem:          992M       930M        61M        16K       1.0M        25M
-/+ buffers/cache:       903M        88M
Swap:         8.0G       480M       7.5G

             total       used       free     shared    buffers     cached
Mem:          992M       918M        73M        16K       572K        24M
-/+ buffers/cache:       893M        98M
Swap:         8.0G       485M       7.5G

             total       used       free     shared    buffers     cached
Mem:          992M       919M        73M        16K       572K        24M
-/+ buffers/cache:       894M        98M
Swap:         8.0G       485M       7.5G

             total       used       free     shared    buffers     cached
Mem:          992M       920M        71M        16K       572K        24M
-/+ buffers/cache:       895M        96M
Swap:         8.0G       484M       7.5G

             total       used       free     shared    buffers     cached
Mem:          992M       921M        70M        16K       580K        24M
-/+ buffers/cache:       896M        95M
Swap:         8.0G       484M       7.5G

             total       used       free     shared    buffers     cached
Mem:          992M       925M        66M        16K       580K        27M
-/+ buffers/cache:       897M        94M
Swap:         8.0G       483M       7.5G

             total       used       free     shared    buffers     cached
Mem:          992M       930M        61M        16K       580K        31M
-/+ buffers/cache:       898M        93M
Swap:         8.0G       482M       7.5G

             total       used       free     shared    buffers     cached
Mem:          992M       915M        76M        16K       692K        28M
-/+ buffers/cache:       886M       105M
Swap:         8.0G       495M       7.5G

             total       used       free     shared    buffers     cached
Mem:          992M       917M        75M        16K       692K        28M
-/+ buffers/cache:       887M       104M
Swap:         8.0G       494M       7.5G

             total       used       free     shared    buffers     cached
Mem:          992M       918M        74M        16K       700K        28M
-/+ buffers/cache:       888M       103M
Swap:         8.0G       493M       7.5G

             total       used       free     shared    buffers     cached
Mem:          992M       919M        72M        16K       700K        28M
-/+ buffers/cache:       890M       102M
Swap:         8.0G       493M       7.5G

             total       used       free     shared    buffers     cached
Mem:          992M       920M        71M        16K       700K        28M
-/+ buffers/cache:       891M       100M
Swap:         8.0G       492M       7.5G

             total       used       free     shared    buffers     cached
Mem:          992M       921M        70M        16K       700K        28M
-/+ buffers/cache:       892M        99M
Swap:         8.0G       491M       7.5G

             total       used       free     shared    buffers     cached
Mem:          992M       923M        69M        16K       700K        28M
-/+ buffers/cache:       893M        98M
Swap:         8.0G       491M       7.5G

             total       used       free     shared    buffers     cached
Mem:          992M       924M        67M        16K       700K        28M
-/+ buffers/cache:       894M        97M
Swap:         8.0G       490M       7.5G

             total       used       free     shared    buffers     cached
Mem:          992M       925M        66M        16K       708K        28M
-/+ buffers/cache:       895M        96M
Swap:         8.0G       489M       7.5G

             total       used       free     shared    buffers     cached
Mem:          992M       926M        65M        16K       708K        28M
-/+ buffers/cache:       897M        94M
Swap:         8.0G       489M       7.5G

             total       used       free     shared    buffers     cached
Mem:          992M       927M        64M        16K       708K        28M
-/+ buffers/cache:       898M        93M
Swap:         8.0G       488M       7.5G

             total       used       free     shared    buffers     cached
Mem:          992M       928M        63M        16K       708K        28M
-/+ buffers/cache:       899M        92M
Swap:         8.0G       488M       7.5G

             total       used       free     shared    buffers     cached
Mem:          992M       929M        62M        16K       708K        28M
-/+ buffers/cache:       900M        91M
Swap:         8.0G       487M       7.5G

             total       used       free     shared    buffers     cached
Mem:          992M       931M        60M        16K       716K        29M
-/+ buffers/cache:       901M        90M
Swap:         8.0G       486M       7.5G

             total       used       free     shared    buffers     cached
Mem:          992M       914M        77M        16K       556K        26M
-/+ buffers/cache:       888M       104M
Swap:         8.0G       508M       7.5G

             total       used       free     shared    buffers     cached
Mem:          992M       917M        74M        16K       692K        27M
-/+ buffers/cache:       889M       102M
Swap:         8.0G       507M       7.5G

             total       used       free     shared    buffers     cached
Mem:          992M       918M        73M        20K       692K        27M
-/+ buffers/cache:       890M       101M
Swap:         8.0G       506M       7.5G

             total       used       free     shared    buffers     cached
Mem:          992M       919M        72M        20K       692K        27M
-/+ buffers/cache:       891M       100M
Swap:         8.0G       505M       7.5G

             total       used       free     shared    buffers     cached
Mem:          992M       921M        71M        20K       692K        27M
-/+ buffers/cache:       893M        99M
Swap:         8.0G       505M       7.5G

             total       used       free     shared    buffers     cached
Mem:          992M       929M        63M        20K       700K        29M
-/+ buffers/cache:       899M        92M
Swap:         8.0G       502M       7.5G

             total       used       free     shared    buffers     cached
Mem:          992M       919M        72M        20K       700K        28M
-/+ buffers/cache:       889M       102M
Swap:         8.0G       503M       7.5G

             total       used       free     shared    buffers     cached
Mem:          992M       919M        72M        20K       700K        28M
-/+ buffers/cache:       889M       102M
Swap:         8.0G       503M       7.5G

             total       used       free     shared    buffers     cached
Mem:          992M       920M        71M        20K       700K        28M
-/+ buffers/cache:       890M       101M
Swap:         8.0G       502M       7.5G

             total       used       free     shared    buffers     cached
Mem:          992M       921M        71M        20K       700K        28M
-/+ buffers/cache:       891M       100M
Swap:         8.0G       502M       7.5G

             total       used       free     shared    buffers     cached
Mem:          992M       921M        70M        20K       708K        28M
-/+ buffers/cache:       891M       100M
Swap:         8.0G       502M       7.5G

             total       used       free     shared    buffers     cached
Mem:          992M       922M        69M        20K       708K        28M
-/+ buffers/cache:       892M        99M
Swap:         8.0G       501M       7.5G

             total       used       free     shared    buffers     cached
Mem:          992M       923M        69M        20K       708K        28M
-/+ buffers/cache:       893M        98M
Swap:         8.0G       501M       7.5G

             total       used       free     shared    buffers     cached
Mem:          992M       923M        68M        20K       708K        29M
-/+ buffers/cache:       894M        98M
Swap:         8.0G       501M       7.5G

             total       used       free     shared    buffers     cached
Mem:          992M       924M        67M        20K       708K        29M
-/+ buffers/cache:       895M        97M
Swap:         8.0G       500M       7.5G

             total       used       free     shared    buffers     cached
Mem:          992M       925M        66M        20K       708K        29M
-/+ buffers/cache:       895M        96M
Swap:         8.0G       500M       7.5G

             total       used       free     shared    buffers     cached
Mem:          992M       929M        62M       176K       716K        31M
-/+ buffers/cache:       897M        94M
Swap:         8.0G       499M       7.5G

             total       used       free     shared    buffers     cached
Mem:          992M       925M        66M       3.8M       3.4M        53M
-/+ buffers/cache:       868M       123M
Swap:         8.0G       555M       7.5G

             total       used       free     shared    buffers     cached
Mem:          992M       920M        72M       3.9M       4.8M        66M
-/+ buffers/cache:       848M       143M
Swap:         8.0G       567M       7.4G

             total       used       free     shared    buffers     cached
Mem:          992M       926M        65M       220K       5.0M        65M
-/+ buffers/cache:       855M       136M
Swap:         8.0G       563M       7.4G

             total       used       free     shared    buffers     cached
Mem:          992M       927M        64M       220K       5.0M        65M
-/+ buffers/cache:       856M       135M
Swap:         8.0G       562M       7.4G

             total       used       free     shared    buffers     cached
Mem:          992M       928M        63M       220K       5.1M        65M
-/+ buffers/cache:       857M       134M
Swap:         8.0G       562M       7.4G

             total       used       free     shared    buffers     cached
Mem:          992M       929M        62M       220K       5.1M        65M
-/+ buffers/cache:       858M       133M
Swap:         8.0G       562M       7.4G

             total       used       free     shared    buffers     cached
Mem:          992M       931M        61M       220K       5.1M        65M
-/+ buffers/cache:       860M       132M
Swap:         8.0G       561M       7.4G

             total       used       free     shared    buffers     cached
Mem:          992M       919M        72M       220K       4.6M        63M
-/+ buffers/cache:       851M       140M
Swap:         8.0G       577M       7.4G

             total       used       free     shared    buffers     cached
Mem:          992M       920M        71M       220K       4.6M        63M
-/+ buffers/cache:       852M       139M
Swap:         8.0G       576M       7.4G

             total       used       free     shared    buffers     cached
Mem:          992M       922M        70M       220K       4.6M        63M
-/+ buffers/cache:       854M       137M
Swap:         8.0G       576M       7.4G

             total       used       free     shared    buffers     cached
Mem:          992M       923M        68M       220K       4.6M        63M
-/+ buffers/cache:       855M       136M
Swap:         8.0G       575M       7.4G

             total       used       free     shared    buffers     cached
Mem:          992M       924M        67M       220K       4.6M        63M
-/+ buffers/cache:       856M       135M
Swap:         8.0G       574M       7.4G

             total       used       free     shared    buffers     cached
Mem:          992M       925M        66M       220K       4.6M        63M
-/+ buffers/cache:       857M       134M
Swap:         8.0G       574M       7.4G

             total       used       free     shared    buffers     cached
Mem:          992M       927M        64M       220K       4.6M        63M
-/+ buffers/cache:       859M       132M
Swap:         8.0G       573M       7.4G

             total       used       free     shared    buffers     cached
Mem:          992M       928M        63M       220K       4.6M        63M
-/+ buffers/cache:       860M       131M
Swap:         8.0G       573M       7.4G

             total       used       free     shared    buffers     cached
Mem:          992M       929M        62M       220K       4.6M        63M
-/+ buffers/cache:       862M       130M
Swap:         8.0G       572M       7.4G

             total       used       free     shared    buffers     cached
Mem:          992M       918M        73M       220K       3.9M        62M
-/+ buffers/cache:       852M       140M
Swap:         8.0G       574M       7.4G

             total       used       free     shared    buffers     cached
Mem:          992M       919M        72M       220K       3.9M        62M
-/+ buffers/cache:       852M       139M
Swap:         8.0G       574M       7.4G

             total       used       free     shared    buffers     cached
Mem:          992M       920M        71M       220K       3.9M        62M
-/+ buffers/cache:       853M       138M
Swap:         8.0G       573M       7.4G

             total       used       free     shared    buffers     cached
Mem:          992M       921M        70M       220K       3.9M        62M
-/+ buffers/cache:       855M       137M
Swap:         8.0G       573M       7.4G

             total       used       free     shared    buffers     cached
Mem:          992M       923M        68M       220K       3.9M        62M
-/+ buffers/cache:       856M       135M
Swap:         8.0G       572M       7.4G

             total       used       free     shared    buffers     cached
Mem:          992M       924M        67M       220K       3.9M        62M
-/+ buffers/cache:       857M       134M
Swap:         8.0G       571M       7.4G

             total       used       free     shared    buffers     cached
Mem:          992M       925M        66M       220K       3.9M        62M
-/+ buffers/cache:       859M       132M
Swap:         8.0G       571M       7.4G

             total       used       free     shared    buffers     cached
Mem:          992M       927M        65M       220K       3.9M        62M
-/+ buffers/cache:       860M       131M
Swap:         8.0G       570M       7.4G

             total       used       free     shared    buffers     cached
Mem:          992M       928M        63M       220K       3.9M        62M
-/+ buffers/cache:       861M       130M
Swap:         8.0G       569M       7.4G

             total       used       free     shared    buffers     cached
Mem:          992M       929M        62M       220K       3.9M        62M
-/+ buffers/cache:       862M       129M
Swap:         8.0G       569M       7.4G

             total       used       free     shared    buffers     cached
Mem:          992M       931M        60M       220K       3.9M        62M
-/+ buffers/cache:       864M       127M
Swap:         8.0G       568M       7.4G

             total       used       free     shared    buffers     cached
Mem:          992M       910M        82M       220K       3.9M        59M
-/+ buffers/cache:       846M       145M
Swap:         8.0G       588M       7.4G

             total       used       free     shared    buffers     cached
Mem:          992M       911M        80M       220K       3.9M        59M
-/+ buffers/cache:       847M       144M
Swap:         8.0G       588M       7.4G

             total       used       free     shared    buffers     cached
Mem:          992M       912M        79M       220K       4.0M        59M
-/+ buffers/cache:       848M       143M
Swap:         8.0G       587M       7.4G

             total       used       free     shared    buffers     cached
Mem:          992M       913M        78M       220K       4.0M        59M
-/+ buffers/cache:       850M       142M
Swap:         8.0G       587M       7.4G

             total       used       free     shared    buffers     cached
Mem:          992M       915M        76M       220K       4.0M        59M
-/+ buffers/cache:       851M       140M
Swap:         8.0G       586M       7.4G

             total       used       free     shared    buffers     cached
Mem:          992M       916M        75M       220K       4.0M        59M
-/+ buffers/cache:       852M       139M
Swap:         8.0G       585M       7.4G

             total       used       free     shared    buffers     cached
Mem:          992M       917M        74M       220K       4.0M        59M
-/+ buffers/cache:       854M       138M
Swap:         8.0G       585M       7.4G

             total       used       free     shared    buffers     cached
Mem:          992M       919M        72M       220K       4.0M        59M
-/+ buffers/cache:       855M       136M
Swap:         8.0G       584M       7.4G

             total       used       free     shared    buffers     cached
Mem:          992M       920M        71M       220K       4.0M        59M
-/+ buffers/cache:       856M       135M
Swap:         8.0G       584M       7.4G

             total       used       free     shared    buffers     cached
Mem:          992M       921M        70M       220K       4.0M        59M
-/+ buffers/cache:       857M       134M
Swap:         8.0G       583M       7.4G

             total       used       free     shared    buffers     cached
Mem:          992M       923M        69M       220K       4.0M        59M
-/+ buffers/cache:       859M       132M
Swap:         8.0G       583M       7.4G

             total       used       free     shared    buffers     cached
Mem:          992M       924M        67M       220K       4.0M        59M
-/+ buffers/cache:       860M       131M
Swap:         8.0G       582M       7.4G

             total       used       free     shared    buffers     cached
Mem:          992M       925M        66M       220K       4.0M        59M
-/+ buffers/cache:       861M       130M
Swap:         8.0G       581M       7.4G

             total       used       free     shared    buffers     cached
Mem:          992M       927M        65M       220K       4.0M        59M
-/+ buffers/cache:       863M       129M
Swap:         8.0G       581M       7.4G

             total       used       free     shared    buffers     cached
Mem:          992M       925M        66M       272K       6.5M        67M
-/+ buffers/cache:       851M       140M
Swap:         8.0G       604M       7.4G

             total       used       free     shared    buffers     cached
Mem:          992M       920M        71M       268K       9.4M        72M
-/+ buffers/cache:       838M       153M
Swap:         8.0G       603M       7.4G
