             total       used       free     shared    buffers     cached
Mem:          992M       659M       333M       3.2M        38M       289M
-/+ buffers/cache:       330M       661M
Swap:         8.0G         0B       8.0G

             total       used       free     shared    buffers     cached
Mem:          992M       658M       333M       3.2M        38M       289M
-/+ buffers/cache:       330M       662M
Swap:         8.0G         0B       8.0G

             total       used       free     shared    buffers     cached
Mem:          992M       658M       333M       3.2M        38M       289M
-/+ buffers/cache:       330M       662M
Swap:         8.0G         0B       8.0G

             total       used       free     shared    buffers     cached
Mem:          992M       658M       333M       3.2M        38M       289M
-/+ buffers/cache:       330M       662M
Swap:         8.0G         0B       8.0G

             total       used       free     shared    buffers     cached
Mem:          992M       658M       333M       3.2M        38M       289M
-/+ buffers/cache:       330M       662M
Swap:         8.0G         0B       8.0G

             total       used       free     shared    buffers     cached
Mem:          992M       658M       333M       3.2M        38M       289M
-/+ buffers/cache:       330M       662M
Swap:         8.0G         0B       8.0G

             total       used       free     shared    buffers     cached
Mem:          992M       658M       333M       3.2M        38M       289M
-/+ buffers/cache:       330M       662M
Swap:         8.0G         0B       8.0G

             total       used       free     shared    buffers     cached
Mem:          992M       658M       333M       3.2M        38M       289M
-/+ buffers/cache:       329M       662M
Swap:         8.0G         0B       8.0G

             total       used       free     shared    buffers     cached
Mem:          992M       658M       334M       3.2M        38M       289M
-/+ buffers/cache:       329M       662M
Swap:         8.0G         0B       8.0G

             total       used       free     shared    buffers     cached
Mem:          992M       658M       334M       3.2M        38M       289M
-/+ buffers/cache:       329M       662M
Swap:         8.0G         0B       8.0G

             total       used       free     shared    buffers     cached
Mem:          992M       659M       332M       3.2M        38M       289M
-/+ buffers/cache:       330M       661M
Swap:         8.0G         0B       8.0G

             total       used       free     shared    buffers     cached
Mem:          992M       668M       323M       3.2M        38M       290M
-/+ buffers/cache:       339M       652M
Swap:         8.0G         0B       8.0G

             total       used       free     shared    buffers     cached
Mem:          992M       694M       298M       3.2M        38M       290M
-/+ buffers/cache:       364M       627M
Swap:         8.0G         0B       8.0G

             total       used       free     shared    buffers     cached
Mem:          992M       667M       324M       3.2M        38M       291M
-/+ buffers/cache:       337M       654M
Swap:         8.0G         0B       8.0G

             total       used       free     shared    buffers     cached
Mem:          992M       670M       321M       3.2M        38M       291M
-/+ buffers/cache:       340M       651M
Swap:         8.0G         0B       8.0G

             total       used       free     shared    buffers     cached
Mem:          992M       667M       324M       3.2M        38M       291M
-/+ buffers/cache:       337M       654M
Swap:         8.0G         0B       8.0G

             total       used       free     shared    buffers     cached
Mem:          992M       667M       324M       3.2M        38M       291M
-/+ buffers/cache:       337M       654M
Swap:         8.0G         0B       8.0G

             total       used       free     shared    buffers     cached
Mem:          992M       667M       324M       3.2M        38M       291M
-/+ buffers/cache:       337M       654M
Swap:         8.0G         0B       8.0G

             total       used       free     shared    buffers     cached
Mem:          992M       667M       324M       3.2M        38M       291M
-/+ buffers/cache:       337M       654M
Swap:         8.0G         0B       8.0G

             total       used       free     shared    buffers     cached
Mem:          992M       667M       324M       3.2M        38M       291M
-/+ buffers/cache:       337M       654M
Swap:         8.0G         0B       8.0G

             total       used       free     shared    buffers     cached
Mem:          992M       667M       324M       3.2M        38M       291M
-/+ buffers/cache:       337M       654M
Swap:         8.0G         0B       8.0G

             total       used       free     shared    buffers     cached
Mem:          992M       668M       324M       3.2M        38M       291M
-/+ buffers/cache:       337M       654M
Swap:         8.0G         0B       8.0G

             total       used       free     shared    buffers     cached
Mem:          992M       668M       324M       3.2M        38M       291M
-/+ buffers/cache:       337M       654M
Swap:         8.0G         0B       8.0G

             total       used       free     shared    buffers     cached
Mem:          992M       668M       324M       3.2M        38M       291M
-/+ buffers/cache:       337M       654M
Swap:         8.0G         0B       8.0G

             total       used       free     shared    buffers     cached
Mem:          992M       668M       324M       3.2M        38M       291M
-/+ buffers/cache:       337M       654M
Swap:         8.0G         0B       8.0G

             total       used       free     shared    buffers     cached
Mem:          992M       668M       324M       3.2M        38M       291M
-/+ buffers/cache:       337M       654M
Swap:         8.0G         0B       8.0G

             total       used       free     shared    buffers     cached
Mem:          992M       668M       324M       3.2M        38M       291M
-/+ buffers/cache:       337M       654M
Swap:         8.0G         0B       8.0G

             total       used       free     shared    buffers     cached
Mem:          992M       668M       324M       3.2M        38M       291M
-/+ buffers/cache:       337M       654M
Swap:         8.0G         0B       8.0G

             total       used       free     shared    buffers     cached
Mem:          992M       668M       324M       3.2M        38M       291M
-/+ buffers/cache:       337M       654M
Swap:         8.0G         0B       8.0G

             total       used       free     shared    buffers     cached
Mem:          992M       668M       324M       3.2M        38M       291M
-/+ buffers/cache:       337M       654M
Swap:         8.0G         0B       8.0G

             total       used       free     shared    buffers     cached
Mem:          992M       668M       324M       3.2M        38M       291M
-/+ buffers/cache:       337M       654M
Swap:         8.0G         0B       8.0G

             total       used       free     shared    buffers     cached
Mem:          992M       668M       324M       3.2M        38M       291M
-/+ buffers/cache:       337M       654M
Swap:         8.0G         0B       8.0G

             total       used       free     shared    buffers     cached
Mem:          992M       668M       324M       3.2M        38M       291M
-/+ buffers/cache:       337M       654M
Swap:         8.0G         0B       8.0G

             total       used       free     shared    buffers     cached
Mem:          992M       673M       318M       3.2M        38M       291M
-/+ buffers/cache:       342M       649M
Swap:         8.0G         0B       8.0G

             total       used       free     shared    buffers     cached
Mem:          992M       690M       301M       3.2M        38M       291M
-/+ buffers/cache:       359M       632M
Swap:         8.0G         0B       8.0G

             total       used       free     shared    buffers     cached
Mem:          992M       709M       282M       3.2M        38M       291M
-/+ buffers/cache:       378M       613M
Swap:         8.0G         0B       8.0G

             total       used       free     shared    buffers     cached
Mem:          992M       725M       266M       3.2M        38M       291M
-/+ buffers/cache:       395M       597M
Swap:         8.0G         0B       8.0G

             total       used       free     shared    buffers     cached
Mem:          992M       744M       247M       3.2M        38M       291M
-/+ buffers/cache:       413M       578M
Swap:         8.0G         0B       8.0G

             total       used       free     shared    buffers     cached
Mem:          992M       761M       230M       3.2M        38M       291M
-/+ buffers/cache:       430M       561M
Swap:         8.0G         0B       8.0G

             total       used       free     shared    buffers     cached
Mem:          992M       779M       212M       3.2M        38M       291M
-/+ buffers/cache:       449M       543M
Swap:         8.0G         0B       8.0G

             total       used       free     shared    buffers     cached
Mem:          992M       794M       197M       3.2M        38M       291M
-/+ buffers/cache:       464M       527M
Swap:         8.0G         0B       8.0G

             total       used       free     shared    buffers     cached
Mem:          992M       811M       181M       3.2M        38M       291M
-/+ buffers/cache:       480M       511M
Swap:         8.0G         0B       8.0G

             total       used       free     shared    buffers     cached
Mem:          992M       827M       164M       3.2M        38M       291M
-/+ buffers/cache:       496M       495M
Swap:         8.0G         0B       8.0G

             total       used       free     shared    buffers     cached
Mem:          992M       844M       147M       3.2M        38M       291M
-/+ buffers/cache:       513M       478M
Swap:         8.0G         0B       8.0G

             total       used       free     shared    buffers     cached
Mem:          992M       860M       131M       3.2M        38M       291M
-/+ buffers/cache:       530M       461M
Swap:         8.0G         0B       8.0G

             total       used       free     shared    buffers     cached
Mem:          992M       879M       112M       3.2M        38M       291M
-/+ buffers/cache:       548M       443M
Swap:         8.0G         0B       8.0G

             total       used       free     shared    buffers     cached
Mem:          992M       893M        98M       3.2M        38M       291M
-/+ buffers/cache:       563M       428M
Swap:         8.0G         0B       8.0G

             total       used       free     shared    buffers     cached
Mem:          992M       913M        79M       3.2M        38M       291M
-/+ buffers/cache:       582M       409M
Swap:         8.0G         0B       8.0G

             total       used       free     shared    buffers     cached
Mem:          992M       932M        59M       3.2M        38M       291M
-/+ buffers/cache:       601M       390M
Swap:         8.0G         0B       8.0G

             total       used       free     shared    buffers     cached
Mem:          992M       929M        62M       3.2M        17M       290M
-/+ buffers/cache:       622M       369M
Swap:         8.0G         0B       8.0G

             total       used       free     shared    buffers     cached
Mem:          992M       930M        62M       3.2M        10M       280M
-/+ buffers/cache:       638M       353M
Swap:         8.0G         0B       8.0G

             total       used       free     shared    buffers     cached
Mem:          992M       930M        62M       3.2M       9.8M       264M
-/+ buffers/cache:       655M       336M
Swap:         8.0G       108K       8.0G

             total       used       free     shared    buffers     cached
Mem:          992M       926M        65M       3.1M       9.8M       246M
-/+ buffers/cache:       671M       321M
Swap:         8.0G       200K       8.0G

             total       used       free     shared    buffers     cached
Mem:          992M       929M        62M       3.0M       9.8M       234M
-/+ buffers/cache:       686M       306M
Swap:         8.0G       3.8M       8.0G

             total       used       free     shared    buffers     cached
Mem:          992M       914M        78M       2.9M       9.7M       207M
-/+ buffers/cache:       696M       295M
Swap:         8.0G       8.1M       8.0G

             total       used       free     shared    buffers     cached
Mem:          992M       931M        61M       2.9M       9.7M       207M
-/+ buffers/cache:       713M       278M
Swap:         8.0G       8.1M       8.0G

             total       used       free     shared    buffers     cached
Mem:          992M       922M        69M       2.9M       1.4M       190M
-/+ buffers/cache:       730M       261M
Swap:         8.0G       8.1M       8.0G

             total       used       free     shared    buffers     cached
Mem:          992M       932M        59M       2.9M       1.1M       186M
-/+ buffers/cache:       744M       247M
Swap:         8.0G       8.1M       8.0G

             total       used       free     shared    buffers     cached
Mem:          992M       926M        65M       2.9M       220K       165M
-/+ buffers/cache:       760M       231M
Swap:         8.0G       8.1M       8.0G

             total       used       free     shared    buffers     cached
Mem:          992M       920M        71M       2.9M       220K       145M
-/+ buffers/cache:       774M       217M
Swap:         8.0G       8.1M       8.0G

             total       used       free     shared    buffers     cached
Mem:          992M       928M        63M       2.9M       220K       145M
-/+ buffers/cache:       782M       209M
Swap:         8.0G       8.1M       8.0G

             total       used       free     shared    buffers     cached
Mem:          992M       925M        67M       2.9M        96K       128M
-/+ buffers/cache:       796M       196M
Swap:         8.0G       8.1M       8.0G

             total       used       free     shared    buffers     cached
Mem:          992M       925M        66M       2.9M        96K       113M
-/+ buffers/cache:       811M       180M
Swap:         8.0G       8.1M       8.0G

             total       used       free     shared    buffers     cached
Mem:          992M       928M        64M       2.9M        96K       100M
-/+ buffers/cache:       827M       164M
Swap:         8.0G       8.1M       8.0G

             total       used       free     shared    buffers     cached
Mem:          992M       930M        61M       2.9M        96K        86M
-/+ buffers/cache:       843M       148M
Swap:         8.0G       8.1M       8.0G

             total       used       free     shared    buffers     cached
Mem:          992M       928M        63M       2.9M        96K        67M
-/+ buffers/cache:       861M       130M
Swap:         8.0G       8.1M       8.0G

             total       used       free     shared    buffers     cached
Mem:          992M       930M        61M       2.9M       100K        52M
-/+ buffers/cache:       878M       113M
Swap:         8.0G       8.1M       8.0G

             total       used       free     shared    buffers     cached
Mem:          992M       927M        64M       2.9M       248K        31M
-/+ buffers/cache:       896M        96M
Swap:         8.0G       8.1M       8.0G

             total       used       free     shared    buffers     cached
Mem:          992M       927M        64M       2.9M       248K        16M
-/+ buffers/cache:       911M        80M
Swap:         8.0G       8.1M       8.0G

             total       used       free     shared    buffers     cached
Mem:          992M       929M        62M       2.8M       524K       9.0M
-/+ buffers/cache:       920M        71M
Swap:         8.0G        16M       8.0G

             total       used       free     shared    buffers     cached
Mem:          992M       929M        63M       2.5M       752K       9.3M
-/+ buffers/cache:       919M        73M
Swap:         8.0G        33M       8.0G

             total       used       free     shared    buffers     cached
Mem:          992M       926M        65M       2.5M       2.4M        14M
-/+ buffers/cache:       909M        82M
Swap:         8.0G        63M       7.9G

             total       used       free     shared    buffers     cached
Mem:          992M       912M        79M       2.5M       2.0M        13M
-/+ buffers/cache:       896M        95M
Swap:         8.0G        90M       7.9G

             total       used       free     shared    buffers     cached
Mem:          992M       926M        65M       2.5M       2.0M        13M
-/+ buffers/cache:       911M        81M
Swap:         8.0G        90M       7.9G

             total       used       free     shared    buffers     cached
Mem:          992M       926M        66M       2.4M       192K       6.7M
-/+ buffers/cache:       919M        73M
Swap:         8.0G        95M       7.9G

             total       used       free     shared    buffers     cached
Mem:          992M       925M        66M       2.4M       276K       5.1M
-/+ buffers/cache:       920M        71M
Swap:         8.0G       111M       7.9G

             total       used       free     shared    buffers     cached
Mem:          992M       927M        64M       2.4M       276K       5.1M
-/+ buffers/cache:       921M        70M
Swap:         8.0G       136M       7.9G

             total       used       free     shared    buffers     cached
Mem:          992M       918M        73M       2.4M       536K       4.8M
-/+ buffers/cache:       913M        79M
Swap:         8.0G       152M       7.8G

             total       used       free     shared    buffers     cached
Mem:          992M       916M        75M       2.4M       536K       4.7M
-/+ buffers/cache:       911M        81M
Swap:         8.0G       169M       7.8G

             total       used       free     shared    buffers     cached
Mem:          992M       928M        63M       2.4M       536K       4.7M
-/+ buffers/cache:       923M        69M
Swap:         8.0G       169M       7.8G

             total       used       free     shared    buffers     cached
Mem:          992M       917M        74M       2.4M       528K       4.7M
-/+ buffers/cache:       912M        79M
Swap:         8.0G       197M       7.8G

             total       used       free     shared    buffers     cached
Mem:          992M       927M        64M       2.4M       528K       4.7M
-/+ buffers/cache:       922M        70M
Swap:         8.0G       197M       7.8G

             total       used       free     shared    buffers     cached
Mem:          992M       925M        67M       2.4M       528K       4.7M
-/+ buffers/cache:       919M        72M
Swap:         8.0G       197M       7.8G

             total       used       free     shared    buffers     cached
Mem:          992M       911M        80M       2.4M       532K       4.6M
-/+ buffers/cache:       906M        85M
Swap:         8.0G       248M       7.8G

             total       used       free     shared    buffers     cached
Mem:          992M       926M        65M       2.3M       532K       4.6M
-/+ buffers/cache:       921M        70M
Swap:         8.0G       248M       7.8G

             total       used       free     shared    buffers     cached
Mem:          992M       924M        67M       2.3M       300K        17M
-/+ buffers/cache:       906M        85M
Swap:         8.0G       259M       7.7G

             total       used       free     shared    buffers     cached
Mem:          992M       919M        72M       2.3M       360K        23M
-/+ buffers/cache:       895M        96M
Swap:         8.0G       274M       7.7G

             total       used       free     shared    buffers     cached
Mem:          992M       930M        62M       2.3M       2.1M        26M
-/+ buffers/cache:       901M        90M
Swap:         8.0G       274M       7.7G

             total       used       free     shared    buffers     cached
Mem:          992M       910M        81M       2.3M       2.0M        20M
-/+ buffers/cache:       888M       103M
Swap:         8.0G       304M       7.7G

             total       used       free     shared    buffers     cached
Mem:          992M       913M        78M       2.3M       2.0M        20M
-/+ buffers/cache:       890M       101M
Swap:         8.0G       304M       7.7G

             total       used       free     shared    buffers     cached
Mem:          992M       917M        74M       2.3M       2.0M        20M
-/+ buffers/cache:       894M        97M
Swap:         8.0G       304M       7.7G

             total       used       free     shared    buffers     cached
Mem:          992M       921M        70M       2.3M       2.0M        20M
-/+ buffers/cache:       898M        93M
Swap:         8.0G       304M       7.7G

             total       used       free     shared    buffers     cached
Mem:          992M       926M        66M       2.3M       2.0M        20M
-/+ buffers/cache:       903M        88M
Swap:         8.0G       304M       7.7G

             total       used       free     shared    buffers     cached
Mem:          992M       930M        62M       2.3M       2.1M        20M
-/+ buffers/cache:       907M        84M
Swap:         8.0G       304M       7.7G

             total       used       free     shared    buffers     cached
Mem:          992M       921M        70M       2.3M       900K        11M
-/+ buffers/cache:       909M        82M
Swap:         8.0G       304M       7.7G

             total       used       free     shared    buffers     cached
Mem:          992M       925M        66M       2.3M       900K        11M
-/+ buffers/cache:       913M        78M
Swap:         8.0G       304M       7.7G

             total       used       free     shared    buffers     cached
Mem:          992M       929M        62M       2.3M       900K        11M
-/+ buffers/cache:       917M        74M
Swap:         8.0G       304M       7.7G

             total       used       free     shared    buffers     cached
Mem:          992M       921M        71M       2.3M       324K       5.2M
-/+ buffers/cache:       915M        76M
Swap:         8.0G       305M       7.7G

             total       used       free     shared    buffers     cached
Mem:          992M       924M        67M       2.3M       324K       5.2M
-/+ buffers/cache:       919M        72M
Swap:         8.0G       305M       7.7G

             total       used       free     shared    buffers     cached
Mem:          992M       928M        63M       2.3M       332K       5.2M
-/+ buffers/cache:       923M        68M
Swap:         8.0G       305M       7.7G

             total       used       free     shared    buffers     cached
Mem:          992M       920M        72M       2.3M       328K       5.1M
-/+ buffers/cache:       914M        77M
Swap:         8.0G       312M       7.7G

             total       used       free     shared    buffers     cached
Mem:          992M       922M        69M       2.3M       328K       5.1M
-/+ buffers/cache:       917M        74M
Swap:         8.0G       312M       7.7G

             total       used       free     shared    buffers     cached
Mem:          992M       926M        65M       2.3M       328K       5.1M
-/+ buffers/cache:       921M        71M
Swap:         8.0G       312M       7.7G

             total       used       free     shared    buffers     cached
Mem:          992M       930M        61M       2.3M       328K       5.1M
-/+ buffers/cache:       925M        67M
Swap:         8.0G       312M       7.7G

             total       used       free     shared    buffers     cached
Mem:          992M       917M        75M       2.3M       340K       5.0M
-/+ buffers/cache:       911M        80M
Swap:         8.0G       330M       7.7G

             total       used       free     shared    buffers     cached
Mem:          992M       918M        73M       2.3M       340K       5.0M
-/+ buffers/cache:       913M        78M
Swap:         8.0G       330M       7.7G

             total       used       free     shared    buffers     cached
Mem:          992M       922M        69M       2.3M       340K       5.0M
-/+ buffers/cache:       917M        74M
Swap:         8.0G       330M       7.7G

             total       used       free     shared    buffers     cached
Mem:          992M       925M        66M       2.3M       340K       5.0M
-/+ buffers/cache:       920M        71M
Swap:         8.0G       330M       7.7G

             total       used       free     shared    buffers     cached
Mem:          992M       928M        63M       2.3M       340K       5.0M
-/+ buffers/cache:       923M        68M
Swap:         8.0G       330M       7.7G

             total       used       free     shared    buffers     cached
Mem:          992M       912M        79M       2.2M       348K       4.7M
-/+ buffers/cache:       907M        84M
Swap:         8.0G       349M       7.7G

             total       used       free     shared    buffers     cached
Mem:          992M       916M        75M       2.2M       348K       4.7M
-/+ buffers/cache:       911M        80M
Swap:         8.0G       349M       7.7G

             total       used       free     shared    buffers     cached
Mem:          992M       926M        65M       2.2M       348K       4.8M
-/+ buffers/cache:       921M        70M
Swap:         8.0G       338M       7.7G

             total       used       free     shared    buffers     cached
Mem:          992M       920M        71M        12K       348K       2.5M
-/+ buffers/cache:       917M        74M
Swap:         8.0G       341M       7.7G

             total       used       free     shared    buffers     cached
Mem:          992M       921M        70M        12K       348K       2.1M
-/+ buffers/cache:       918M        73M
Swap:         8.0G       335M       7.7G

             total       used       free     shared    buffers     cached
Mem:          992M       921M        71M        12K       348K       1.6M
-/+ buffers/cache:       919M        73M
Swap:         8.0G       333M       7.7G

             total       used       free     shared    buffers     cached
Mem:          992M       881M       111M         4K        84K       1.3M
-/+ buffers/cache:       879M       112M
Swap:         8.0G       489M       7.5G

             total       used       free     shared    buffers     cached
Mem:          992M       881M       110M         4K        84K       1.4M
-/+ buffers/cache:       879M       112M
Swap:         8.0G       489M       7.5G

             total       used       free     shared    buffers     cached
Mem:          992M       906M        85M         4K        92K       1.4M
-/+ buffers/cache:       904M        87M
Swap:         8.0G       441M       7.6G

             total       used       free     shared    buffers     cached
Mem:          992M       920M        71M         4K        92K       1.4M
-/+ buffers/cache:       919M        73M
Swap:         8.0G       385M       7.6G

             total       used       free     shared    buffers     cached
Mem:          992M       924M        67M         0B        92K       1.4M
-/+ buffers/cache:       923M        68M
Swap:         8.0G       337M       7.7G

             total       used       free     shared    buffers     cached
Mem:          992M       919M        72M         0B       100K       1.4M
-/+ buffers/cache:       918M        74M
Swap:         8.0G       329M       7.7G

             total       used       free     shared    buffers     cached
Mem:          992M       921M        70M         0B        96K       1.4M
-/+ buffers/cache:       920M        71M
Swap:         8.0G       326M       7.7G

             total       used       free     shared    buffers     cached
Mem:          992M       898M        93M         0B        96K       1.4M
-/+ buffers/cache:       897M        95M
Swap:         8.0G       354M       7.7G

             total       used       free     shared    buffers     cached
Mem:          992M       922M        69M         0B        96K       1.4M
-/+ buffers/cache:       920M        71M
Swap:         8.0G       322M       7.7G

             total       used       free     shared    buffers     cached
Mem:          992M       920M        71M         0B        92K       1.5M
-/+ buffers/cache:       918M        73M
Swap:         8.0G       330M       7.7G

             total       used       free     shared    buffers     cached
Mem:          992M       921M        70M         0B       100K       1.4M
-/+ buffers/cache:       920M        72M
Swap:         8.0G       329M       7.7G

             total       used       free     shared    buffers     cached
Mem:          992M       921M        70M         0B       104K       1.4M
-/+ buffers/cache:       920M        72M
Swap:         8.0G       329M       7.7G

             total       used       free     shared    buffers     cached
Mem:          992M       928M        63M         0B       104K       1.4M
-/+ buffers/cache:       927M        64M
Swap:         8.0G       321M       7.7G

             total       used       free     shared    buffers     cached
Mem:          992M       916M        75M         0B       104K       1.9M
-/+ buffers/cache:       914M        77M
Swap:         8.0G       332M       7.7G

             total       used       free     shared    buffers     cached
Mem:          992M       923M        68M         0B       236K       2.7M
-/+ buffers/cache:       920M        71M
Swap:         8.0G       331M       7.7G

             total       used       free     shared    buffers     cached
Mem:          992M       928M        63M         0B       236K       2.6M
-/+ buffers/cache:       925M        66M
Swap:         8.0G       330M       7.7G

             total       used       free     shared    buffers     cached
Mem:          992M       918M        73M         0B       188K       2.6M
-/+ buffers/cache:       915M        76M
Swap:         8.0G       342M       7.7G

             total       used       free     shared    buffers     cached
Mem:          992M       923M        68M         0B       188K       2.9M
-/+ buffers/cache:       920M        71M
Swap:         8.0G       342M       7.7G

             total       used       free     shared    buffers     cached
Mem:          992M       928M        63M         0B       188K       2.9M
-/+ buffers/cache:       925M        66M
Swap:         8.0G       342M       7.7G

             total       used       free     shared    buffers     cached
Mem:          992M       918M        73M         0B       188K       2.9M
-/+ buffers/cache:       915M        76M
Swap:         8.0G       368M       7.6G

             total       used       free     shared    buffers     cached
Mem:          992M       923M        68M         0B       188K       2.9M
-/+ buffers/cache:       920M        71M
Swap:         8.0G       368M       7.6G

             total       used       free     shared    buffers     cached
Mem:          992M       926M        66M         0B       196K       2.9M
-/+ buffers/cache:       923M        69M
Swap:         8.0G       368M       7.6G

             total       used       free     shared    buffers     cached
Mem:          992M       930M        62M         0B       196K       2.8M
-/+ buffers/cache:       927M        65M
Swap:         8.0G       367M       7.6G

             total       used       free     shared    buffers     cached
Mem:          992M       931M        60M         0B       196K       2.8M
-/+ buffers/cache:       928M        63M
Swap:         8.0G       367M       7.6G

             total       used       free     shared    buffers     cached
Mem:          992M       920M        72M         0B       200K       2.8M
-/+ buffers/cache:       917M        75M
Swap:         8.0G       368M       7.6G

             total       used       free     shared    buffers     cached
Mem:          992M       921M        71M         0B       200K       2.8M
-/+ buffers/cache:       918M        74M
Swap:         8.0G       367M       7.6G

             total       used       free     shared    buffers     cached
Mem:          992M       922M        69M         0B       208K       2.9M
-/+ buffers/cache:       919M        72M
Swap:         8.0G       367M       7.6G

             total       used       free     shared    buffers     cached
Mem:          992M       924M        68M         0B       208K       2.9M
-/+ buffers/cache:       920M        71M
Swap:         8.0G       366M       7.6G

             total       used       free     shared    buffers     cached
Mem:          992M       925M        66M         0B       208K       2.9M
-/+ buffers/cache:       922M        69M
Swap:         8.0G       366M       7.6G

             total       used       free     shared    buffers     cached
Mem:          992M       926M        65M         0B       208K       2.9M
-/+ buffers/cache:       923M        68M
Swap:         8.0G       365M       7.6G

             total       used       free     shared    buffers     cached
Mem:          992M       924M        67M         0B       176K        17M
-/+ buffers/cache:       906M        85M
Swap:         8.0G       388M       7.6G

             total       used       free     shared    buffers     cached
Mem:          992M       920M        71M         0B       324K        21M
-/+ buffers/cache:       898M        93M
Swap:         8.0G       398M       7.6G

             total       used       free     shared    buffers     cached
Mem:          992M       921M        70M         0B       648K        21M
-/+ buffers/cache:       899M        92M
Swap:         8.0G       398M       7.6G

             total       used       free     shared    buffers     cached
Mem:          992M       923M        69M         0B       648K        21M
-/+ buffers/cache:       900M        91M
Swap:         8.0G       398M       7.6G

             total       used       free     shared    buffers     cached
Mem:          992M       924M        67M         0B       648K        21M
-/+ buffers/cache:       901M        90M
Swap:         8.0G       397M       7.6G

             total       used       free     shared    buffers     cached
Mem:          992M       925M        66M         0B       648K        21M
-/+ buffers/cache:       902M        89M
Swap:         8.0G       397M       7.6G

             total       used       free     shared    buffers     cached
Mem:          992M       926M        65M         0B       648K        21M
-/+ buffers/cache:       904M        88M
Swap:         8.0G       397M       7.6G

             total       used       free     shared    buffers     cached
Mem:          992M       928M        64M         0B       656K        22M
-/+ buffers/cache:       905M        86M
Swap:         8.0G       396M       7.6G

             total       used       free     shared    buffers     cached
Mem:          992M       929M        62M         0B       656K        22M
-/+ buffers/cache:       906M        85M
Swap:         8.0G       396M       7.6G

             total       used       free     shared    buffers     cached
Mem:          992M       930M        61M         0B       656K        22M
-/+ buffers/cache:       907M        84M
Swap:         8.0G       396M       7.6G

             total       used       free     shared    buffers     cached
Mem:          992M       914M        77M         0B       656K        21M
-/+ buffers/cache:       892M        99M
Swap:         8.0G       423M       7.6G

             total       used       free     shared    buffers     cached
Mem:          992M       916M        76M         0B       656K        20M
-/+ buffers/cache:       894M        97M
Swap:         8.0G       423M       7.6G

             total       used       free     shared    buffers     cached
Mem:          992M       917M        75M         0B       664K        21M
-/+ buffers/cache:       895M        96M
Swap:         8.0G       422M       7.6G

             total       used       free     shared    buffers     cached
Mem:          992M       918M        73M         0B       664K        21M
-/+ buffers/cache:       896M        95M
Swap:         8.0G       422M       7.6G

             total       used       free     shared    buffers     cached
Mem:          992M       919M        72M         0B       664K        21M
-/+ buffers/cache:       898M        94M
Swap:         8.0G       421M       7.6G

             total       used       free     shared    buffers     cached
Mem:          992M       921M        70M         0B       664K        21M
-/+ buffers/cache:       899M        92M
Swap:         8.0G       420M       7.6G

             total       used       free     shared    buffers     cached
Mem:          992M       922M        69M         0B       664K        21M
-/+ buffers/cache:       901M        90M
Swap:         8.0G       420M       7.6G

             total       used       free     shared    buffers     cached
Mem:          992M       924M        67M         0B       664K        21M
-/+ buffers/cache:       902M        89M
Swap:         8.0G       419M       7.6G

             total       used       free     shared    buffers     cached
Mem:          992M       926M        66M         0B       672K        21M
-/+ buffers/cache:       904M        87M
Swap:         8.0G       418M       7.6G

             total       used       free     shared    buffers     cached
Mem:          992M       927M        64M         0B       672K        21M
-/+ buffers/cache:       905M        86M
Swap:         8.0G       418M       7.6G

             total       used       free     shared    buffers     cached
Mem:          992M       929M        63M         0B       672K        21M
-/+ buffers/cache:       907M        84M
Swap:         8.0G       417M       7.6G

             total       used       free     shared    buffers     cached
Mem:          992M       930M        61M         0B       672K        21M
-/+ buffers/cache:       908M        83M
Swap:         8.0G       417M       7.6G

             total       used       free     shared    buffers     cached
Mem:          992M       919M        73M         0B       668K        20M
-/+ buffers/cache:       897M        94M
Swap:         8.0G       416M       7.6G

             total       used       free     shared    buffers     cached
Mem:          992M       920M        71M         0B       676K        20M
-/+ buffers/cache:       898M        93M
Swap:         8.0G       415M       7.6G

             total       used       free     shared    buffers     cached
Mem:          992M       921M        70M         0B       676K        20M
-/+ buffers/cache:       900M        91M
Swap:         8.0G       415M       7.6G

             total       used       free     shared    buffers     cached
Mem:          992M       923M        68M         0B       676K        20M
-/+ buffers/cache:       901M        90M
Swap:         8.0G       414M       7.6G

             total       used       free     shared    buffers     cached
Mem:          992M       924M        67M         0B       676K        20M
-/+ buffers/cache:       903M        89M
Swap:         8.0G       414M       7.6G

             total       used       free     shared    buffers     cached
Mem:          992M       926M        66M         0B       676K        20M
-/+ buffers/cache:       904M        87M
Swap:         8.0G       413M       7.6G

             total       used       free     shared    buffers     cached
Mem:          992M       927M        64M         0B       684K        20M
-/+ buffers/cache:       906M        85M
Swap:         8.0G       412M       7.6G

             total       used       free     shared    buffers     cached
Mem:          992M       928M        63M         0B       700K        20M
-/+ buffers/cache:       907M        84M
Swap:         8.0G       412M       7.6G

             total       used       free     shared    buffers     cached
Mem:          992M       930M        62M         0B       700K        20M
-/+ buffers/cache:       908M        83M
Swap:         8.0G       411M       7.6G

             total       used       free     shared    buffers     cached
Mem:          992M       931M        60M         0B       700K        20M
-/+ buffers/cache:       909M        82M
Swap:         8.0G       411M       7.6G

             total       used       free     shared    buffers     cached
Mem:          992M       912M        79M         0B       560K        18M
-/+ buffers/cache:       893M        98M
Swap:         8.0G       436M       7.6G

             total       used       free     shared    buffers     cached
Mem:          992M       914M        77M         0B       560K        18M
-/+ buffers/cache:       895M        96M
Swap:         8.0G       435M       7.6G

             total       used       free     shared    buffers     cached
Mem:          992M       915M        76M         0B       568K        18M
-/+ buffers/cache:       896M        95M
Swap:         8.0G       435M       7.6G

             total       used       free     shared    buffers     cached
Mem:          992M       918M        73M         0B       856K        19M
-/+ buffers/cache:       898M        93M
Swap:         8.0G       434M       7.6G

             total       used       free     shared    buffers     cached
Mem:          992M       915M        77M         0B       1.1M        28M
-/+ buffers/cache:       885M       106M
Swap:         8.0G       456M       7.6G

             total       used       free     shared    buffers     cached
Mem:          992M       916M        75M        16K       1.1M        28M
-/+ buffers/cache:       886M       105M
Swap:         8.0G       455M       7.6G

             total       used       free     shared    buffers     cached
Mem:          992M       917M        75M        16K       1.1M        28M
-/+ buffers/cache:       887M       105M
Swap:         8.0G       455M       7.6G

             total       used       free     shared    buffers     cached
Mem:          992M       919M        72M        16K       1.1M        30M
-/+ buffers/cache:       888M       103M
Swap:         8.0G       454M       7.6G

             total       used       free     shared    buffers     cached
Mem:          992M       920M        71M        16K       1.1M        30M
-/+ buffers/cache:       889M       102M
Swap:         8.0G       454M       7.6G

             total       used       free     shared    buffers     cached
Mem:          992M       921M        70M        16K       1.1M        30M
-/+ buffers/cache:       890M       101M
Swap:         8.0G       453M       7.6G

             total       used       free     shared    buffers     cached
Mem:          992M       922M        69M        16K       1.1M        30M
-/+ buffers/cache:       891M       101M
Swap:         8.0G       453M       7.6G

             total       used       free     shared    buffers     cached
Mem:          992M       923M        68M        16K       1.1M        30M
-/+ buffers/cache:       892M       100M
Swap:         8.0G       452M       7.6G

             total       used       free     shared    buffers     cached
Mem:          992M       924M        67M        16K       1.1M        30M
-/+ buffers/cache:       892M        99M
Swap:         8.0G       452M       7.6G

             total       used       free     shared    buffers     cached
Mem:          992M       925M        66M        16K       1.1M        30M
-/+ buffers/cache:       893M        98M
Swap:         8.0G       452M       7.6G

             total       used       free     shared    buffers     cached
Mem:          992M       927M        64M        16K       1.1M        30M
-/+ buffers/cache:       895M        96M
Swap:         8.0G       451M       7.6G

             total       used       free     shared    buffers     cached
Mem:          992M       928M        63M        16K       1.1M        31M
-/+ buffers/cache:       896M        95M
Swap:         8.0G       450M       7.6G

             total       used       free     shared    buffers     cached
Mem:          992M       929M        62M        16K       1.1M        31M
-/+ buffers/cache:       897M        94M
Swap:         8.0G       450M       7.6G

             total       used       free     shared    buffers     cached
Mem:          992M       930M        61M        16K       1.1M        31M
-/+ buffers/cache:       898M        94M
Swap:         8.0G       449M       7.6G

             total       used       free     shared    buffers     cached
Mem:          992M       931M        60M        16K       1.1M        31M
-/+ buffers/cache:       899M        92M
Swap:         8.0G       449M       7.6G

             total       used       free     shared    buffers     cached
Mem:          992M       919M        72M        16K       808K        30M
-/+ buffers/cache:       887M       104M
Swap:         8.0G       452M       7.6G

             total       used       free     shared    buffers     cached
Mem:          992M       920M        72M        16K       808K        30M
-/+ buffers/cache:       888M       103M
Swap:         8.0G       452M       7.6G

             total       used       free     shared    buffers     cached
Mem:          992M       921M        71M        16K       808K        30M
-/+ buffers/cache:       889M       102M
Swap:         8.0G       451M       7.6G

             total       used       free     shared    buffers     cached
Mem:          992M       921M        70M        16K       808K        30M
-/+ buffers/cache:       890M       101M
Swap:         8.0G       451M       7.6G

             total       used       free     shared    buffers     cached
Mem:          992M       922M        69M        16K       808K        30M
-/+ buffers/cache:       891M       100M
Swap:         8.0G       451M       7.6G

             total       used       free     shared    buffers     cached
Mem:          992M       923M        68M        16K       816K        30M
-/+ buffers/cache:       892M       100M
Swap:         8.0G       450M       7.6G

             total       used       free     shared    buffers     cached
Mem:          992M       924M        67M        16K       816K        30M
-/+ buffers/cache:       892M        99M
Swap:         8.0G       450M       7.6G

             total       used       free     shared    buffers     cached
Mem:          992M       925M        66M        16K       816K        30M
-/+ buffers/cache:       893M        98M
Swap:         8.0G       449M       7.6G

             total       used       free     shared    buffers     cached
Mem:          992M       926M        65M        16K       816K        30M
-/+ buffers/cache:       894M        97M
Swap:         8.0G       449M       7.6G

             total       used       free     shared    buffers     cached
Mem:          992M       919M        72M        16K       704K        33M
-/+ buffers/cache:       885M       107M
Swap:         8.0G       466M       7.5G

             total       used       free     shared    buffers     cached
Mem:          992M       919M        72M        16K       712K        33M
-/+ buffers/cache:       885M       107M
Swap:         8.0G       466M       7.5G

             total       used       free     shared    buffers     cached
Mem:          992M       925M        66M        20K       2.2M        36M
-/+ buffers/cache:       886M       105M
Swap:         8.0G       465M       7.5G

             total       used       free     shared    buffers     cached
Mem:          992M       926M        65M        20K       2.2M        36M
-/+ buffers/cache:       888M       104M
Swap:         8.0G       464M       7.5G

             total       used       free     shared    buffers     cached
Mem:          992M       927M        64M        20K       2.2M        36M
-/+ buffers/cache:       888M       103M
Swap:         8.0G       464M       7.5G

             total       used       free     shared    buffers     cached
Mem:          992M       928M        63M        20K       2.2M        36M
-/+ buffers/cache:       889M       102M
Swap:         8.0G       463M       7.5G

             total       used       free     shared    buffers     cached
Mem:          992M       929M        62M        20K       2.2M        36M
-/+ buffers/cache:       890M       101M
Swap:         8.0G       463M       7.5G

             total       used       free     shared    buffers     cached
Mem:          992M       930M        61M        20K       2.2M        36M
-/+ buffers/cache:       891M       100M
Swap:         8.0G       462M       7.5G

             total       used       free     shared    buffers     cached
Mem:          992M       931M        60M        20K       2.2M        36M
-/+ buffers/cache:       892M        99M
Swap:         8.0G       462M       7.5G

             total       used       free     shared    buffers     cached
Mem:          992M       915M        76M        20K       2.2M        34M
-/+ buffers/cache:       878M       113M
Swap:         8.0G       475M       7.5G

             total       used       free     shared    buffers     cached
Mem:          992M       916M        75M        20K       2.2M        34M
-/+ buffers/cache:       879M       112M
Swap:         8.0G       475M       7.5G

             total       used       free     shared    buffers     cached
Mem:          992M       917M        74M        20K       2.2M        34M
-/+ buffers/cache:       880M       111M
Swap:         8.0G       474M       7.5G

             total       used       free     shared    buffers     cached
Mem:          992M       918M        73M        20K       2.2M        34M
-/+ buffers/cache:       881M       110M
Swap:         8.0G       474M       7.5G

             total       used       free     shared    buffers     cached
Mem:          992M       919M        72M        20K       2.2M        34M
-/+ buffers/cache:       882M       109M
Swap:         8.0G       473M       7.5G

             total       used       free     shared    buffers     cached
Mem:          992M       920M        71M        20K       2.2M        34M
-/+ buffers/cache:       883M       108M
Swap:         8.0G       473M       7.5G

             total       used       free     shared    buffers     cached
Mem:          992M       921M        70M        20K       2.2M        34M
-/+ buffers/cache:       884M       107M
Swap:         8.0G       472M       7.5G

             total       used       free     shared    buffers     cached
Mem:          992M       922M        69M        20K       2.2M        34M
-/+ buffers/cache:       885M       106M
Swap:         8.0G       472M       7.5G

             total       used       free     shared    buffers     cached
Mem:          992M       923M        68M        20K       2.2M        34M
-/+ buffers/cache:       886M       105M
Swap:         8.0G       471M       7.5G

             total       used       free     shared    buffers     cached
Mem:          992M       924M        67M        20K       2.2M        34M
-/+ buffers/cache:       887M       104M
Swap:         8.0G       471M       7.5G

             total       used       free     shared    buffers     cached
Mem:          992M       925M        66M        20K       2.2M        34M
-/+ buffers/cache:       888M       103M
Swap:         8.0G       470M       7.5G

             total       used       free     shared    buffers     cached
Mem:          992M       926M        65M        20K       2.2M        34M
-/+ buffers/cache:       889M       102M
Swap:         8.0G       470M       7.5G

             total       used       free     shared    buffers     cached
Mem:          992M       927M        64M        20K       2.2M        34M
-/+ buffers/cache:       890M       101M
Swap:         8.0G       469M       7.5G

             total       used       free     shared    buffers     cached
Mem:          992M       928M        63M        20K       2.2M        34M
-/+ buffers/cache:       891M       100M
Swap:         8.0G       469M       7.5G

             total       used       free     shared    buffers     cached
Mem:          992M       929M        62M        20K       2.2M        34M
-/+ buffers/cache:       892M        99M
Swap:         8.0G       468M       7.5G

             total       used       free     shared    buffers     cached
Mem:          992M       930M        61M        20K       2.2M        34M
-/+ buffers/cache:       894M        98M
Swap:         8.0G       468M       7.5G

             total       used       free     shared    buffers     cached
Mem:          992M       918M        73M        20K       2.2M        33M
-/+ buffers/cache:       883M       109M
Swap:         8.0G       479M       7.5G

             total       used       free     shared    buffers     cached
Mem:          992M       919M        72M        20K       2.2M        33M
-/+ buffers/cache:       884M       108M
Swap:         8.0G       478M       7.5G

             total       used       free     shared    buffers     cached
Mem:          992M       920M        71M        20K       2.2M        33M
-/+ buffers/cache:       885M       106M
Swap:         8.0G       478M       7.5G

             total       used       free     shared    buffers     cached
Mem:          992M       922M        70M        20K       2.2M        33M
-/+ buffers/cache:       886M       105M
Swap:         8.0G       477M       7.5G

             total       used       free     shared    buffers     cached
Mem:          992M       923M        69M        20K       2.2M        33M
-/+ buffers/cache:       887M       104M
Swap:         8.0G       476M       7.5G

             total       used       free     shared    buffers     cached
Mem:          992M       924M        67M        20K       2.2M        33M
-/+ buffers/cache:       888M       103M
Swap:         8.0G       476M       7.5G

             total       used       free     shared    buffers     cached
Mem:          992M       925M        66M        20K       2.2M        33M
-/+ buffers/cache:       889M       102M
Swap:         8.0G       475M       7.5G

             total       used       free     shared    buffers     cached
Mem:          992M       926M        65M        20K       2.2M        33M
-/+ buffers/cache:       890M       101M
Swap:         8.0G       475M       7.5G

             total       used       free     shared    buffers     cached
Mem:          992M       927M        64M        20K       2.2M        33M
-/+ buffers/cache:       891M       100M
Swap:         8.0G       474M       7.5G

             total       used       free     shared    buffers     cached
Mem:          992M       928M        63M        20K       2.2M        33M
-/+ buffers/cache:       893M        99M
Swap:         8.0G       473M       7.5G

             total       used       free     shared    buffers     cached
Mem:          992M       929M        62M        20K       2.2M        33M
-/+ buffers/cache:       894M        97M
Swap:         8.0G       473M       7.5G

             total       used       free     shared    buffers     cached
Mem:          992M       931M        61M        20K       2.2M        33M
-/+ buffers/cache:       895M        96M
Swap:         8.0G       472M       7.5G

             total       used       free     shared    buffers     cached
Mem:          992M       919M        72M        20K       1.7M        32M
-/+ buffers/cache:       885M       106M
Swap:         8.0G       483M       7.5G

             total       used       free     shared    buffers     cached
Mem:          992M       920M        71M        20K       1.7M        32M
-/+ buffers/cache:       886M       105M
Swap:         8.0G       483M       7.5G

             total       used       free     shared    buffers     cached
Mem:          992M       921M        70M        20K       1.7M        32M
-/+ buffers/cache:       887M       104M
Swap:         8.0G       482M       7.5G

             total       used       free     shared    buffers     cached
Mem:          992M       922M        69M        20K       1.7M        32M
-/+ buffers/cache:       888M       103M
Swap:         8.0G       482M       7.5G

             total       used       free     shared    buffers     cached
Mem:          992M       925M        67M        24K       1.7M        33M
-/+ buffers/cache:       889M       102M
Swap:         8.0G       481M       7.5G

             total       used       free     shared    buffers     cached
Mem:          992M       926M        65M        24K       1.7M        33M
-/+ buffers/cache:       890M       101M
Swap:         8.0G       480M       7.5G

             total       used       free     shared    buffers     cached
Mem:          992M       927M        64M        24K       1.7M        33M
-/+ buffers/cache:       892M       100M
Swap:         8.0G       480M       7.5G

             total       used       free     shared    buffers     cached
Mem:          992M       928M        63M        24K       1.7M        33M
-/+ buffers/cache:       893M        98M
Swap:         8.0G       479M       7.5G

             total       used       free     shared    buffers     cached
Mem:          992M       931M        61M        24K       1.7M        33M
-/+ buffers/cache:       895M        96M
Swap:         8.0G       478M       7.5G

             total       used       free     shared    buffers     cached
Mem:          992M       917M        74M        24K       1.7M        32M
-/+ buffers/cache:       884M       108M
Swap:         8.0G       492M       7.5G

             total       used       free     shared    buffers     cached
Mem:          992M       919M        73M        24K       1.7M        32M
-/+ buffers/cache:       885M       106M
Swap:         8.0G       492M       7.5G

             total       used       free     shared    buffers     cached
Mem:          992M       921M        70M        24K       1.7M        32M
-/+ buffers/cache:       887M       105M
Swap:         8.0G       491M       7.5G

             total       used       free     shared    buffers     cached
Mem:          992M       927M        64M        24K       1.7M        34M
-/+ buffers/cache:       891M       100M
Swap:         8.0G       489M       7.5G

             total       used       free     shared    buffers     cached
Mem:          992M       928M        63M        24K       1.7M        34M
-/+ buffers/cache:       892M       100M
Swap:         8.0G       488M       7.5G

             total       used       free     shared    buffers     cached
Mem:          992M       928M        63M        24K       1.7M        34M
-/+ buffers/cache:       892M        99M
Swap:         8.0G       488M       7.5G

             total       used       free     shared    buffers     cached
Mem:          992M       929M        62M        24K       1.7M        34M
-/+ buffers/cache:       893M        98M
Swap:         8.0G       488M       7.5G

             total       used       free     shared    buffers     cached
Mem:          992M       930M        61M        24K       1.7M        34M
-/+ buffers/cache:       893M        98M
Swap:         8.0G       487M       7.5G

             total       used       free     shared    buffers     cached
Mem:          992M       930M        61M        24K       1.7M        34M
-/+ buffers/cache:       894M        97M
Swap:         8.0G       487M       7.5G

             total       used       free     shared    buffers     cached
Mem:          992M       916M        76M        24K       1.7M        32M
-/+ buffers/cache:       881M       110M
Swap:         8.0G       496M       7.5G

             total       used       free     shared    buffers     cached
Mem:          992M       916M        75M        24K       1.7M        32M
-/+ buffers/cache:       882M       110M
Swap:         8.0G       495M       7.5G

             total       used       free     shared    buffers     cached
Mem:          992M       916M        75M        24K       1.7M        32M
-/+ buffers/cache:       882M       109M
Swap:         8.0G       495M       7.5G

             total       used       free     shared    buffers     cached
Mem:          992M       917M        74M        24K       1.7M        32M
-/+ buffers/cache:       883M       108M
Swap:         8.0G       495M       7.5G

             total       used       free     shared    buffers     cached
Mem:          992M       915M        77M       192K       2.0M        36M
-/+ buffers/cache:       876M       115M
Swap:         8.0G       506M       7.5G

             total       used       free     shared    buffers     cached
Mem:          992M       919M        72M       3.9M       4.8M        55M
-/+ buffers/cache:       859M       132M
Swap:         8.0G       536M       7.5G

             total       used       free     shared    buffers     cached
Mem:          992M       913M        79M       3.9M       4.1M        63M
-/+ buffers/cache:       846M       146M
Swap:         8.0G       548M       7.5G

             total       used       free     shared    buffers     cached
Mem:          992M       921M        70M       196K       4.3M        64M
-/+ buffers/cache:       852M       139M
Swap:         8.0G       545M       7.5G

             total       used       free     shared    buffers     cached
Mem:          992M       924M        67M       216K       4.3M        65M
-/+ buffers/cache:       854M       137M
Swap:         8.0G       544M       7.5G

             total       used       free     shared    buffers     cached
Mem:          992M       925M        66M       216K       4.3M        65M
-/+ buffers/cache:       856M       136M
Swap:         8.0G       544M       7.5G

             total       used       free     shared    buffers     cached
Mem:          992M       927M        65M       216K       4.3M        65M
-/+ buffers/cache:       857M       134M
Swap:         8.0G       543M       7.5G

             total       used       free     shared    buffers     cached
Mem:          992M       929M        62M       216K       4.5M        66M
-/+ buffers/cache:       858M       133M
Swap:         8.0G       542M       7.5G

             total       used       free     shared    buffers     cached
Mem:          992M       930M        61M       216K       4.5M        66M
-/+ buffers/cache:       859M       132M
Swap:         8.0G       542M       7.5G

             total       used       free     shared    buffers     cached
Mem:          992M       918M        73M       216K       4.3M        63M
-/+ buffers/cache:       850M       141M
Swap:         8.0G       551M       7.5G

             total       used       free     shared    buffers     cached
Mem:          992M       918M        73M       216K       4.3M        63M
-/+ buffers/cache:       851M       140M
Swap:         8.0G       551M       7.5G

             total       used       free     shared    buffers     cached
Mem:          992M       920M        72M       216K       4.3M        63M
-/+ buffers/cache:       852M       139M
Swap:         8.0G       550M       7.5G

             total       used       free     shared    buffers     cached
Mem:          992M       921M        71M       216K       4.3M        63M
-/+ buffers/cache:       853M       138M
Swap:         8.0G       549M       7.5G

             total       used       free     shared    buffers     cached
Mem:          992M       922M        70M       216K       4.3M        62M
-/+ buffers/cache:       854M       137M
Swap:         8.0G       549M       7.5G

             total       used       free     shared    buffers     cached
Mem:          992M       923M        68M       216K       4.3M        63M
-/+ buffers/cache:       856M       135M
Swap:         8.0G       548M       7.5G

             total       used       free     shared    buffers     cached
Mem:          992M       924M        67M       216K       4.3M        63M
-/+ buffers/cache:       857M       135M
Swap:         8.0G       548M       7.5G

             total       used       free     shared    buffers     cached
Mem:          992M       926M        66M       216K       4.3M        63M
-/+ buffers/cache:       858M       133M
Swap:         8.0G       547M       7.5G

             total       used       free     shared    buffers     cached
Mem:          992M       927M        64M       216K       4.3M        63M
-/+ buffers/cache:       859M       132M
Swap:         8.0G       546M       7.5G

             total       used       free     shared    buffers     cached
Mem:          992M       928M        63M       216K       4.3M        63M
-/+ buffers/cache:       860M       131M
Swap:         8.0G       546M       7.5G

             total       used       free     shared    buffers     cached
Mem:          992M       929M        62M       216K       4.3M        63M
-/+ buffers/cache:       862M       130M
Swap:         8.0G       545M       7.5G

             total       used       free     shared    buffers     cached
Mem:          992M       930M        61M       216K       4.3M        63M
-/+ buffers/cache:       863M       129M
Swap:         8.0G       544M       7.5G

             total       used       free     shared    buffers     cached
Mem:          992M       909M        82M       216K       4.0M        57M
-/+ buffers/cache:       847M       144M
Swap:         8.0G       563M       7.4G

             total       used       free     shared    buffers     cached
Mem:          992M       910M        81M       212K       4.0M        57M
-/+ buffers/cache:       848M       143M
Swap:         8.0G       563M       7.4G

             total       used       free     shared    buffers     cached
Mem:          992M       911M        80M       212K       4.0M        57M
-/+ buffers/cache:       849M       142M
Swap:         8.0G       562M       7.4G

             total       used       free     shared    buffers     cached
Mem:          992M       912M        79M       212K       4.1M        57M
-/+ buffers/cache:       850M       141M
Swap:         8.0G       562M       7.4G

             total       used       free     shared    buffers     cached
Mem:          992M       914M        78M       212K       4.1M        57M
-/+ buffers/cache:       852M       140M
Swap:         8.0G       561M       7.4G

             total       used       free     shared    buffers     cached
Mem:          992M       915M        77M       212K       4.1M        57M
-/+ buffers/cache:       853M       139M
Swap:         8.0G       560M       7.4G

             total       used       free     shared    buffers     cached
Mem:          992M       916M        75M       212K       4.1M        57M
-/+ buffers/cache:       854M       137M
Swap:         8.0G       560M       7.4G

             total       used       free     shared    buffers     cached
Mem:          992M       917M        74M       212K       4.1M        57M
-/+ buffers/cache:       855M       136M
Swap:         8.0G       559M       7.5G

             total       used       free     shared    buffers     cached
Mem:          992M       918M        73M       212K       4.1M        57M
-/+ buffers/cache:       856M       135M
Swap:         8.0G       558M       7.5G

             total       used       free     shared    buffers     cached
Mem:          992M       919M        72M       212K       4.1M        57M
-/+ buffers/cache:       858M       134M
Swap:         8.0G       558M       7.5G

             total       used       free     shared    buffers     cached
Mem:          992M       921M        70M       212K       4.1M        57M
-/+ buffers/cache:       859M       132M
Swap:         8.0G       557M       7.5G

             total       used       free     shared    buffers     cached
Mem:          992M       922M        69M       212K       4.1M        57M
-/+ buffers/cache:       860M       131M
Swap:         8.0G       556M       7.5G

             total       used       free     shared    buffers     cached
Mem:          992M       926M        66M       212K       4.5M        59M
-/+ buffers/cache:       862M       130M
Swap:         8.0G       556M       7.5G

             total       used       free     shared    buffers     cached
Mem:          992M       916M        75M       256K       7.9M        70M
-/+ buffers/cache:       838M       154M
Swap:         8.0G       573M       7.4G
