             total       used       free     shared    buffers     cached
Mem:          2.0G       659M       1.3G       3.2M        38M       289M
-/+ buffers/cache:       331M       1.6G
Swap:         8.0G         0B       8.0G

             total       used       free     shared    buffers     cached
Mem:          2.0G       658M       1.3G       3.2M        38M       289M
-/+ buffers/cache:       330M       1.6G
Swap:         8.0G         0B       8.0G

             total       used       free     shared    buffers     cached
Mem:          2.0G       658M       1.3G       3.2M        38M       289M
-/+ buffers/cache:       330M       1.6G
Swap:         8.0G         0B       8.0G

             total       used       free     shared    buffers     cached
Mem:          2.0G       658M       1.3G       3.2M        38M       289M
-/+ buffers/cache:       330M       1.6G
Swap:         8.0G         0B       8.0G

             total       used       free     shared    buffers     cached
Mem:          2.0G       658M       1.3G       3.2M        38M       289M
-/+ buffers/cache:       330M       1.6G
Swap:         8.0G         0B       8.0G

             total       used       free     shared    buffers     cached
Mem:          2.0G       658M       1.3G       3.2M        38M       289M
-/+ buffers/cache:       330M       1.6G
Swap:         8.0G         0B       8.0G

             total       used       free     shared    buffers     cached
Mem:          2.0G       658M       1.3G       3.2M        38M       289M
-/+ buffers/cache:       330M       1.6G
Swap:         8.0G         0B       8.0G

             total       used       free     shared    buffers     cached
Mem:          2.0G       658M       1.3G       3.2M        38M       289M
-/+ buffers/cache:       330M       1.6G
Swap:         8.0G         0B       8.0G

             total       used       free     shared    buffers     cached
Mem:          2.0G       658M       1.3G       3.2M        38M       289M
-/+ buffers/cache:       329M       1.6G
Swap:         8.0G         0B       8.0G

             total       used       free     shared    buffers     cached
Mem:          2.0G       658M       1.3G       3.2M        38M       289M
-/+ buffers/cache:       329M       1.6G
Swap:         8.0G         0B       8.0G

             total       used       free     shared    buffers     cached
Mem:          2.0G       661M       1.3G       3.2M        38M       290M
-/+ buffers/cache:       333M       1.6G
Swap:         8.0G         0B       8.0G

             total       used       free     shared    buffers     cached
Mem:          2.0G       681M       1.3G       3.2M        38M       290M
-/+ buffers/cache:       351M       1.6G
Swap:         8.0G         0B       8.0G

             total       used       free     shared    buffers     cached
Mem:          2.0G       707M       1.3G       3.2M        38M       290M
-/+ buffers/cache:       377M       1.6G
Swap:         8.0G         0B       8.0G

             total       used       free     shared    buffers     cached
Mem:          2.0G       667M       1.3G       3.2M        38M       291M
-/+ buffers/cache:       337M       1.6G
Swap:         8.0G         0B       8.0G

             total       used       free     shared    buffers     cached
Mem:          2.0G       676M       1.3G       3.2M        38M       291M
-/+ buffers/cache:       346M       1.6G
Swap:         8.0G         0B       8.0G

             total       used       free     shared    buffers     cached
Mem:          2.0G       668M       1.3G       3.2M        38M       291M
-/+ buffers/cache:       337M       1.6G
Swap:         8.0G         0B       8.0G

             total       used       free     shared    buffers     cached
Mem:          2.0G       668M       1.3G       3.2M        38M       291M
-/+ buffers/cache:       337M       1.6G
Swap:         8.0G         0B       8.0G

             total       used       free     shared    buffers     cached
Mem:          2.0G       668M       1.3G       3.2M        38M       291M
-/+ buffers/cache:       337M       1.6G
Swap:         8.0G         0B       8.0G

             total       used       free     shared    buffers     cached
Mem:          2.0G       668M       1.3G       3.2M        38M       291M
-/+ buffers/cache:       337M       1.6G
Swap:         8.0G         0B       8.0G

             total       used       free     shared    buffers     cached
Mem:          2.0G       668M       1.3G       3.2M        38M       291M
-/+ buffers/cache:       337M       1.6G
Swap:         8.0G         0B       8.0G

             total       used       free     shared    buffers     cached
Mem:          2.0G       668M       1.3G       3.2M        38M       291M
-/+ buffers/cache:       337M       1.6G
Swap:         8.0G         0B       8.0G

             total       used       free     shared    buffers     cached
Mem:          2.0G       668M       1.3G       3.2M        38M       291M
-/+ buffers/cache:       338M       1.6G
Swap:         8.0G         0B       8.0G

             total       used       free     shared    buffers     cached
Mem:          2.0G       668M       1.3G       3.2M        38M       291M
-/+ buffers/cache:       338M       1.6G
Swap:         8.0G         0B       8.0G

             total       used       free     shared    buffers     cached
Mem:          2.0G       668M       1.3G       3.2M        38M       291M
-/+ buffers/cache:       338M       1.6G
Swap:         8.0G         0B       8.0G

             total       used       free     shared    buffers     cached
Mem:          2.0G       668M       1.3G       3.2M        38M       291M
-/+ buffers/cache:       338M       1.6G
Swap:         8.0G         0B       8.0G

             total       used       free     shared    buffers     cached
Mem:          2.0G       668M       1.3G       3.2M        38M       291M
-/+ buffers/cache:       338M       1.6G
Swap:         8.0G         0B       8.0G

             total       used       free     shared    buffers     cached
Mem:          2.0G       668M       1.3G       3.2M        38M       291M
-/+ buffers/cache:       338M       1.6G
Swap:         8.0G         0B       8.0G

             total       used       free     shared    buffers     cached
Mem:          2.0G       668M       1.3G       3.2M        38M       291M
-/+ buffers/cache:       338M       1.6G
Swap:         8.0G         0B       8.0G

             total       used       free     shared    buffers     cached
Mem:          2.0G       668M       1.3G       3.2M        38M       291M
-/+ buffers/cache:       338M       1.6G
Swap:         8.0G         0B       8.0G

             total       used       free     shared    buffers     cached
Mem:          2.0G       668M       1.3G       3.2M        38M       291M
-/+ buffers/cache:       338M       1.6G
Swap:         8.0G         0B       8.0G

             total       used       free     shared    buffers     cached
Mem:          2.0G       668M       1.3G       3.2M        38M       291M
-/+ buffers/cache:       338M       1.6G
Swap:         8.0G         0B       8.0G

             total       used       free     shared    buffers     cached
Mem:          2.0G       668M       1.3G       3.2M        38M       291M
-/+ buffers/cache:       338M       1.6G
Swap:         8.0G         0B       8.0G

             total       used       free     shared    buffers     cached
Mem:          2.0G       668M       1.3G       3.2M        38M       291M
-/+ buffers/cache:       338M       1.6G
Swap:         8.0G         0B       8.0G

             total       used       free     shared    buffers     cached
Mem:          2.0G       676M       1.3G       3.2M        38M       291M
-/+ buffers/cache:       346M       1.6G
Swap:         8.0G         0B       8.0G

             total       used       free     shared    buffers     cached
Mem:          2.0G       694M       1.3G       3.2M        38M       291M
-/+ buffers/cache:       364M       1.6G
Swap:         8.0G         0B       8.0G

             total       used       free     shared    buffers     cached
Mem:          2.0G       710M       1.3G       3.2M        38M       291M
-/+ buffers/cache:       380M       1.6G
Swap:         8.0G         0B       8.0G

             total       used       free     shared    buffers     cached
Mem:          2.0G       726M       1.2G       3.2M        38M       291M
-/+ buffers/cache:       396M       1.6G
Swap:         8.0G         0B       8.0G

             total       used       free     shared    buffers     cached
Mem:          2.0G       741M       1.2G       3.2M        38M       291M
-/+ buffers/cache:       411M       1.6G
Swap:         8.0G         0B       8.0G

             total       used       free     shared    buffers     cached
Mem:          2.0G       756M       1.2G       3.2M        38M       291M
-/+ buffers/cache:       426M       1.5G
Swap:         8.0G         0B       8.0G

             total       used       free     shared    buffers     cached
Mem:          2.0G       769M       1.2G       3.2M        38M       291M
-/+ buffers/cache:       438M       1.5G
Swap:         8.0G         0B       8.0G

             total       used       free     shared    buffers     cached
Mem:          2.0G       782M       1.2G       3.2M        38M       291M
-/+ buffers/cache:       452M       1.5G
Swap:         8.0G         0B       8.0G

             total       used       free     shared    buffers     cached
Mem:          2.0G       798M       1.2G       3.2M        38M       291M
-/+ buffers/cache:       468M       1.5G
Swap:         8.0G         0B       8.0G

             total       used       free     shared    buffers     cached
Mem:          2.0G       813M       1.2G       3.2M        38M       291M
-/+ buffers/cache:       483M       1.5G
Swap:         8.0G         0B       8.0G

             total       used       free     shared    buffers     cached
Mem:          2.0G       829M       1.1G       3.2M        38M       291M
-/+ buffers/cache:       499M       1.5G
Swap:         8.0G         0B       8.0G

             total       used       free     shared    buffers     cached
Mem:          2.0G       845M       1.1G       3.2M        38M       291M
-/+ buffers/cache:       515M       1.5G
Swap:         8.0G         0B       8.0G

             total       used       free     shared    buffers     cached
Mem:          2.0G       859M       1.1G       3.2M        38M       291M
-/+ buffers/cache:       529M       1.4G
Swap:         8.0G         0B       8.0G

             total       used       free     shared    buffers     cached
Mem:          2.0G       875M       1.1G       3.2M        38M       291M
-/+ buffers/cache:       545M       1.4G
Swap:         8.0G         0B       8.0G

             total       used       free     shared    buffers     cached
Mem:          2.0G       890M       1.1G       3.2M        38M       291M
-/+ buffers/cache:       560M       1.4G
Swap:         8.0G         0B       8.0G

             total       used       free     shared    buffers     cached
Mem:          2.0G       903M       1.1G       3.2M        38M       291M
-/+ buffers/cache:       572M       1.4G
Swap:         8.0G         0B       8.0G

             total       used       free     shared    buffers     cached
Mem:          2.0G       916M       1.1G       3.2M        38M       291M
-/+ buffers/cache:       586M       1.4G
Swap:         8.0G         0B       8.0G

             total       used       free     shared    buffers     cached
Mem:          2.0G       931M       1.0G       3.2M        38M       291M
-/+ buffers/cache:       601M       1.4G
Swap:         8.0G         0B       8.0G

             total       used       free     shared    buffers     cached
Mem:          2.0G       946M       1.0G       3.2M        38M       291M
-/+ buffers/cache:       616M       1.4G
Swap:         8.0G         0B       8.0G

             total       used       free     shared    buffers     cached
Mem:          2.0G       959M       1.0G       3.2M        38M       291M
-/+ buffers/cache:       629M       1.3G
Swap:         8.0G         0B       8.0G

             total       used       free     shared    buffers     cached
Mem:          2.0G       972M       1.0G       3.2M        38M       291M
-/+ buffers/cache:       642M       1.3G
Swap:         8.0G         0B       8.0G

             total       used       free     shared    buffers     cached
Mem:          2.0G       989M       1.0G       3.2M        38M       291M
-/+ buffers/cache:       659M       1.3G
Swap:         8.0G         0B       8.0G

             total       used       free     shared    buffers     cached
Mem:          2.0G       1.0G       995M       3.2M        38M       291M
-/+ buffers/cache:       674M       1.3G
Swap:         8.0G         0B       8.0G

             total       used       free     shared    buffers     cached
Mem:          2.0G       1.0G       979M       3.2M        38M       291M
-/+ buffers/cache:       690M       1.3G
Swap:         8.0G         0B       8.0G

             total       used       free     shared    buffers     cached
Mem:          2.0G       1.0G       963M       3.2M        38M       291M
-/+ buffers/cache:       706M       1.3G
Swap:         8.0G         0B       8.0G

             total       used       free     shared    buffers     cached
Mem:          2.0G       1.0G       948M       3.2M        38M       291M
-/+ buffers/cache:       721M       1.2G
Swap:         8.0G         0B       8.0G

             total       used       free     shared    buffers     cached
Mem:          2.0G       1.0G       932M       3.2M        38M       291M
-/+ buffers/cache:       737M       1.2G
Swap:         8.0G         0B       8.0G

             total       used       free     shared    buffers     cached
Mem:          2.0G       1.1G       916M       3.2M        38M       291M
-/+ buffers/cache:       753M       1.2G
Swap:         8.0G         0B       8.0G

             total       used       free     shared    buffers     cached
Mem:          2.0G       1.1G       901M       3.2M        38M       291M
-/+ buffers/cache:       768M       1.2G
Swap:         8.0G         0B       8.0G

             total       used       free     shared    buffers     cached
Mem:          2.0G       1.1G       887M       3.2M        38M       291M
-/+ buffers/cache:       782M       1.2G
Swap:         8.0G         0B       8.0G

             total       used       free     shared    buffers     cached
Mem:          2.0G       1.1G       878M       3.2M        38M       291M
-/+ buffers/cache:       791M       1.2G
Swap:         8.0G         0B       8.0G

             total       used       free     shared    buffers     cached
Mem:          2.0G       1.1G       864M       3.2M        38M       291M
-/+ buffers/cache:       805M       1.2G
Swap:         8.0G         0B       8.0G

             total       used       free     shared    buffers     cached
Mem:          2.0G       1.1G       851M       3.2M        38M       291M
-/+ buffers/cache:       818M       1.2G
Swap:         8.0G         0B       8.0G

             total       used       free     shared    buffers     cached
Mem:          2.0G       1.1G       837M       3.2M        38M       291M
-/+ buffers/cache:       832M       1.1G
Swap:         8.0G         0B       8.0G

             total       used       free     shared    buffers     cached
Mem:          2.0G       1.1G       823M       3.2M        38M       291M
-/+ buffers/cache:       846M       1.1G
Swap:         8.0G         0B       8.0G

             total       used       free     shared    buffers     cached
Mem:          2.0G       1.2G       809M       3.2M        38M       291M
-/+ buffers/cache:       860M       1.1G
Swap:         8.0G         0B       8.0G

             total       used       free     shared    buffers     cached
Mem:          2.0G       1.2G       794M       3.2M        38M       291M
-/+ buffers/cache:       875M       1.1G
Swap:         8.0G         0B       8.0G

             total       used       free     shared    buffers     cached
Mem:          2.0G       1.2G       777M       3.2M        38M       291M
-/+ buffers/cache:       891M       1.1G
Swap:         8.0G         0B       8.0G

             total       used       free     shared    buffers     cached
Mem:          2.0G       1.2G       762M       3.2M        38M       292M
-/+ buffers/cache:       906M       1.1G
Swap:         8.0G         0B       8.0G

             total       used       free     shared    buffers     cached
Mem:          2.0G       1.2G       747M       3.2M        38M       291M
-/+ buffers/cache:       921M       1.1G
Swap:         8.0G         0B       8.0G

             total       used       free     shared    buffers     cached
Mem:          2.0G       1.2G       733M       3.2M        38M       292M
-/+ buffers/cache:       935M       1.0G
Swap:         8.0G         0B       8.0G

             total       used       free     shared    buffers     cached
Mem:          2.0G       1.3G       718M       3.2M        38M       292M
-/+ buffers/cache:       951M       1.0G
Swap:         8.0G         0B       8.0G

             total       used       free     shared    buffers     cached
Mem:          2.0G       1.3G       703M       3.2M        38M       292M
-/+ buffers/cache:       966M       1.0G
Swap:         8.0G         0B       8.0G

             total       used       free     shared    buffers     cached
Mem:          2.0G       1.3G       689M       3.2M        38M       292M
-/+ buffers/cache:       980M       1.0G
Swap:         8.0G         0B       8.0G

             total       used       free     shared    buffers     cached
Mem:          2.0G       1.3G       673M       3.2M        38M       291M
-/+ buffers/cache:       995M       1.0G
Swap:         8.0G         0B       8.0G

             total       used       free     shared    buffers     cached
Mem:          2.0G       1.3G       657M       3.2M        38M       292M
-/+ buffers/cache:       1.0G       988M
Swap:         8.0G         0B       8.0G

             total       used       free     shared    buffers     cached
Mem:          2.0G       1.3G       641M       3.2M        38M       292M
-/+ buffers/cache:       1.0G       972M
Swap:         8.0G         0B       8.0G

             total       used       free     shared    buffers     cached
Mem:          2.0G       1.3G       628M       3.2M        38M       292M
-/+ buffers/cache:       1.0G       958M
Swap:         8.0G         0B       8.0G

             total       used       free     shared    buffers     cached
Mem:          2.0G       1.4G       613M       3.2M        38M       292M
-/+ buffers/cache:       1.0G       944M
Swap:         8.0G         0B       8.0G

             total       used       free     shared    buffers     cached
Mem:          2.0G       1.4G       598M       3.2M        38M       292M
-/+ buffers/cache:       1.0G       929M
Swap:         8.0G         0B       8.0G

             total       used       free     shared    buffers     cached
Mem:          2.0G       1.4G       585M       3.2M        38M       292M
-/+ buffers/cache:       1.1G       916M
Swap:         8.0G         0B       8.0G

             total       used       free     shared    buffers     cached
Mem:          2.0G       1.4G       570M       3.2M        38M       292M
-/+ buffers/cache:       1.1G       901M
Swap:         8.0G         0B       8.0G

             total       used       free     shared    buffers     cached
Mem:          2.0G       1.4G       555M       3.2M        38M       292M
-/+ buffers/cache:       1.1G       886M
Swap:         8.0G         0B       8.0G

             total       used       free     shared    buffers     cached
Mem:          2.0G       1.4G       540M       3.2M        38M       292M
-/+ buffers/cache:       1.1G       871M
Swap:         8.0G         0B       8.0G

             total       used       free     shared    buffers     cached
Mem:          2.0G       1.4G       525M       3.2M        38M       292M
-/+ buffers/cache:       1.1G       856M
Swap:         8.0G         0B       8.0G

             total       used       free     shared    buffers     cached
Mem:          2.0G       1.5G       510M       3.2M        38M       292M
-/+ buffers/cache:       1.1G       841M
Swap:         8.0G         0B       8.0G

             total       used       free     shared    buffers     cached
Mem:          2.0G       1.5G       495M       3.2M        38M       292M
-/+ buffers/cache:       1.1G       826M
Swap:         8.0G         0B       8.0G

             total       used       free     shared    buffers     cached
Mem:          2.0G       1.5G       479M       3.2M        38M       292M
-/+ buffers/cache:       1.2G       810M
Swap:         8.0G         0B       8.0G

             total       used       free     shared    buffers     cached
Mem:          2.0G       1.5G       464M       3.2M        38M       292M
-/+ buffers/cache:       1.2G       795M
Swap:         8.0G         0B       8.0G

             total       used       free     shared    buffers     cached
Mem:          2.0G       1.5G       449M       3.2M        38M       292M
-/+ buffers/cache:       1.2G       780M
Swap:         8.0G         0B       8.0G

             total       used       free     shared    buffers     cached
Mem:          2.0G       1.5G       434M       3.2M        38M       292M
-/+ buffers/cache:       1.2G       765M
Swap:         8.0G         0B       8.0G

             total       used       free     shared    buffers     cached
Mem:          2.0G       1.5G       430M       3.2M        38M       292M
-/+ buffers/cache:       1.2G       761M
Swap:         8.0G         0B       8.0G

             total       used       free     shared    buffers     cached
Mem:          2.0G       1.5G       414M       3.2M        38M       292M
-/+ buffers/cache:       1.2G       745M
Swap:         8.0G         0B       8.0G

             total       used       free     shared    buffers     cached
Mem:          2.0G       1.6G       398M       3.2M        38M       292M
-/+ buffers/cache:       1.2G       729M
Swap:         8.0G         0B       8.0G

             total       used       free     shared    buffers     cached
Mem:          2.0G       1.6G       384M       3.2M        38M       292M
-/+ buffers/cache:       1.3G       715M
Swap:         8.0G         0B       8.0G

             total       used       free     shared    buffers     cached
Mem:          2.0G       1.6G       369M       3.2M        38M       292M
-/+ buffers/cache:       1.3G       700M
Swap:         8.0G         0B       8.0G

             total       used       free     shared    buffers     cached
Mem:          2.0G       1.6G       353M       3.2M        38M       292M
-/+ buffers/cache:       1.3G       684M
Swap:         8.0G         0B       8.0G

             total       used       free     shared    buffers     cached
Mem:          2.0G       1.6G       338M       3.2M        38M       292M
-/+ buffers/cache:       1.3G       669M
Swap:         8.0G         0B       8.0G

             total       used       free     shared    buffers     cached
Mem:          2.0G       1.6G       324M       3.2M        38M       292M
-/+ buffers/cache:       1.3G       655M
Swap:         8.0G         0B       8.0G

             total       used       free     shared    buffers     cached
Mem:          2.0G       1.6G       310M       3.2M        38M       292M
-/+ buffers/cache:       1.3G       641M
Swap:         8.0G         0B       8.0G

             total       used       free     shared    buffers     cached
Mem:          2.0G       1.7G       296M       3.2M        38M       292M
-/+ buffers/cache:       1.3G       627M
Swap:         8.0G         0B       8.0G

             total       used       free     shared    buffers     cached
Mem:          2.0G       1.7G       280M       3.2M        38M       292M
-/+ buffers/cache:       1.4G       611M
Swap:         8.0G         0B       8.0G

             total       used       free     shared    buffers     cached
Mem:          2.0G       1.7G       265M       3.2M        38M       292M
-/+ buffers/cache:       1.4G       596M
Swap:         8.0G         0B       8.0G

             total       used       free     shared    buffers     cached
Mem:          2.0G       1.7G       250M       3.2M        38M       292M
-/+ buffers/cache:       1.4G       581M
Swap:         8.0G         0B       8.0G

             total       used       free     shared    buffers     cached
Mem:          2.0G       1.7G       234M       3.2M        38M       292M
-/+ buffers/cache:       1.4G       565M
Swap:         8.0G         0B       8.0G

             total       used       free     shared    buffers     cached
Mem:          2.0G       1.7G       220M       3.2M        38M       292M
-/+ buffers/cache:       1.4G       551M
Swap:         8.0G         0B       8.0G

             total       used       free     shared    buffers     cached
Mem:          2.0G       1.8G       205M       3.2M        38M       292M
-/+ buffers/cache:       1.4G       536M
Swap:         8.0G         0B       8.0G

             total       used       free     shared    buffers     cached
Mem:          2.0G       1.8G       190M       3.2M        38M       292M
-/+ buffers/cache:       1.4G       521M
Swap:         8.0G         0B       8.0G

             total       used       free     shared    buffers     cached
Mem:          2.0G       1.8G       175M       3.2M        38M       292M
-/+ buffers/cache:       1.5G       506M
Swap:         8.0G         0B       8.0G

             total       used       free     shared    buffers     cached
Mem:          2.0G       1.8G       161M       3.2M        38M       292M
-/+ buffers/cache:       1.5G       492M
Swap:         8.0G         0B       8.0G

             total       used       free     shared    buffers     cached
Mem:          2.0G       1.8G       147M       3.2M        38M       292M
-/+ buffers/cache:       1.5G       478M
Swap:         8.0G         0B       8.0G

             total       used       free     shared    buffers     cached
Mem:          2.0G       1.8G       133M       3.2M        38M       292M
-/+ buffers/cache:       1.5G       464M
Swap:         8.0G         0B       8.0G

             total       used       free     shared    buffers     cached
Mem:          2.0G       1.8G       119M       3.2M        38M       292M
-/+ buffers/cache:       1.5G       450M
Swap:         8.0G         0B       8.0G

             total       used       free     shared    buffers     cached
Mem:          2.0G       1.9G       104M       3.2M        38M       292M
-/+ buffers/cache:       1.5G       435M
Swap:         8.0G         0B       8.0G

             total       used       free     shared    buffers     cached
Mem:          2.0G       1.9G        88M       3.2M        38M       292M
-/+ buffers/cache:       1.5G       419M
Swap:         8.0G         0B       8.0G

             total       used       free     shared    buffers     cached
Mem:          2.0G       1.9G        73M       3.2M        38M       292M
-/+ buffers/cache:       1.6G       404M
Swap:         8.0G         0B       8.0G

             total       used       free     shared    buffers     cached
Mem:          2.0G       1.9G        80M       3.2M        17M       290M
-/+ buffers/cache:       1.6G       388M
Swap:         8.0G         0B       8.0G

             total       used       free     shared    buffers     cached
Mem:          2.0G       1.9G        65M       3.2M        17M       290M
-/+ buffers/cache:       1.6G       373M
Swap:         8.0G         0B       8.0G

             total       used       free     shared    buffers     cached
Mem:          2.0G       1.9G        67M       3.2M        10M       280M
-/+ buffers/cache:       1.6G       359M
Swap:         8.0G         0B       8.0G

             total       used       free     shared    buffers     cached
Mem:          2.0G       1.9G        72M       3.2M       9.9M       264M
-/+ buffers/cache:       1.6G       347M
Swap:         8.0G       104K       8.0G

             total       used       free     shared    buffers     cached
Mem:          2.0G       1.9G        76M       3.1M       9.9M       245M
-/+ buffers/cache:       1.6G       331M
Swap:         8.0G       200K       8.0G

             total       used       free     shared    buffers     cached
Mem:          2.0G       1.9G        76M       2.9M       9.9M       233M
-/+ buffers/cache:       1.6G       319M
Swap:         8.0G       5.5M       8.0G

             total       used       free     shared    buffers     cached
Mem:          2.0G       1.9G        94M       2.9M       9.5M       207M
-/+ buffers/cache:       1.6G       310M
Swap:         8.0G        10M       8.0G

             total       used       free     shared    buffers     cached
Mem:          2.0G       1.9G        80M       2.9M       9.5M       207M
-/+ buffers/cache:       1.7G       297M
Swap:         8.0G        10M       8.0G

             total       used       free     shared    buffers     cached
Mem:          2.0G       1.9G        67M       2.9M       9.5M       207M
-/+ buffers/cache:       1.7G       283M
Swap:         8.0G        10M       8.0G

             total       used       free     shared    buffers     cached
Mem:          2.0G       1.9G        65M       2.9M       2.9M       200M
-/+ buffers/cache:       1.7G       269M
Swap:         8.0G        10M       8.0G

             total       used       free     shared    buffers     cached
Mem:          2.0G       1.9G        66M       2.9M       1.2M       188M
-/+ buffers/cache:       1.7G       256M
Swap:         8.0G        10M       8.0G

             total       used       free     shared    buffers     cached
Mem:          2.0G       1.9G        74M       2.9M       344K       166M
-/+ buffers/cache:       1.7G       241M
Swap:         8.0G        10M       8.0G

             total       used       free     shared    buffers     cached
Mem:          2.0G       1.9G        79M       2.9M       340K       146M
-/+ buffers/cache:       1.7G       227M
Swap:         8.0G        10M       8.0G

             total       used       free     shared    buffers     cached
Mem:          2.0G       1.9G        65M       2.9M       340K       146M
-/+ buffers/cache:       1.7G       213M
Swap:         8.0G        10M       8.0G

             total       used       free     shared    buffers     cached
Mem:          2.0G       1.9G        69M       2.9M        76K       129M
-/+ buffers/cache:       1.8G       199M
Swap:         8.0G        10M       8.0G

             total       used       free     shared    buffers     cached
Mem:          2.0G       1.9G        71M       2.9M        80K       114M
-/+ buffers/cache:       1.8G       185M
Swap:         8.0G        10M       8.0G

             total       used       free     shared    buffers     cached
Mem:          2.0G       1.9G        72M       2.9M        92K       101M
-/+ buffers/cache:       1.8G       173M
Swap:         8.0G        10M       8.0G

             total       used       free     shared    buffers     cached
Mem:          2.0G       1.9G        68M       2.9M       100K        89M
-/+ buffers/cache:       1.8G       158M
Swap:         8.0G        10M       8.0G

             total       used       free     shared    buffers     cached
Mem:          2.0G       1.9G        74M       2.9M       100K        69M
-/+ buffers/cache:       1.8G       144M
Swap:         8.0G        10M       8.0G

             total       used       free     shared    buffers     cached
Mem:          2.0G       1.9G        67M       2.9M       100K        64M
-/+ buffers/cache:       1.8G       131M
Swap:         8.0G        10M       8.0G

             total       used       free     shared    buffers     cached
Mem:          2.0G       1.9G        65M       2.9M       556K        51M
-/+ buffers/cache:       1.8G       117M
Swap:         8.0G        10M       8.0G

             total       used       free     shared    buffers     cached
Mem:          2.0G       1.9G        68M       2.9M       552K        34M
-/+ buffers/cache:       1.9G       104M
Swap:         8.0G        10M       8.0G

             total       used       free     shared    buffers     cached
Mem:          2.0G       1.9G        67M       2.8M       832K        21M
-/+ buffers/cache:       1.9G        90M
Swap:         8.0G        17M       8.0G

             total       used       free     shared    buffers     cached
Mem:          2.0G       1.9G        78M       2.8M       332K       5.0M
-/+ buffers/cache:       1.9G        83M
Swap:         8.0G        18M       8.0G

             total       used       free     shared    buffers     cached
Mem:          2.0G       1.9G        84M       2.5M       336K       4.8M
-/+ buffers/cache:       1.9G        89M
Swap:         8.0G        51M       7.9G

             total       used       free     shared    buffers     cached
Mem:          2.0G       1.9G        69M       2.5M       336K       4.9M
-/+ buffers/cache:       1.9G        74M
Swap:         8.0G        51M       7.9G

             total       used       free     shared    buffers     cached
Mem:          2.0G       1.9G        76M       2.5M       336K       4.5M
-/+ buffers/cache:       1.9G        81M
Swap:         8.0G        69M       7.9G

             total       used       free     shared    buffers     cached
Mem:          2.0G       1.9G        73M       2.5M       336K       4.4M
-/+ buffers/cache:       1.9G        78M
Swap:         8.0G        75M       7.9G

             total       used       free     shared    buffers     cached
Mem:          2.0G       1.9G        76M       2.4M       336K       4.3M
-/+ buffers/cache:       1.9G        80M
Swap:         8.0G       109M       7.9G

             total       used       free     shared    buffers     cached
Mem:          2.0G       1.9G        78M       2.4M       304K       4.8M
-/+ buffers/cache:       1.9G        83M
Swap:         8.0G       109M       7.9G

             total       used       free     shared    buffers     cached
Mem:          2.0G       1.9G        78M       2.4M       236K       4.6M
-/+ buffers/cache:       1.9G        83M
Swap:         8.0G       123M       7.9G

             total       used       free     shared    buffers     cached
Mem:          2.0G       1.9G        65M       2.4M       236K       4.6M
-/+ buffers/cache:       1.9G        70M
Swap:         8.0G       123M       7.9G

             total       used       free     shared    buffers     cached
Mem:          2.0G       1.9G        75M       2.4M       156K       4.7M
-/+ buffers/cache:       1.9G        80M
Swap:         8.0G       145M       7.9G

             total       used       free     shared    buffers     cached
Mem:          2.0G       1.9G        70M       2.4M       136K       4.6M
-/+ buffers/cache:       1.9G        74M
Swap:         8.0G       151M       7.8G

             total       used       free     shared    buffers     cached
Mem:          2.0G       1.9G        75M       2.4M        88K       4.6M
-/+ buffers/cache:       1.9G        80M
Swap:         8.0G       182M       7.8G

             total       used       free     shared    buffers     cached
Mem:          2.0G       1.9G        75M       2.4M        88K       4.6M
-/+ buffers/cache:       1.9G        80M
Swap:         8.0G       182M       7.8G

             total       used       free     shared    buffers     cached
Mem:          2.0G       1.9G        79M       2.4M        88K       4.5M
-/+ buffers/cache:       1.9G        83M
Swap:         8.0G       202M       7.8G

             total       used       free     shared    buffers     cached
Mem:          2.0G       1.9G        70M       2.4M        88K       4.6M
-/+ buffers/cache:       1.9G        74M
Swap:         8.0G       202M       7.8G

             total       used       free     shared    buffers     cached
Mem:          2.0G       1.9G        65M       2.4M        96K       4.7M
-/+ buffers/cache:       1.9G        69M
Swap:         8.0G       202M       7.8G

             total       used       free     shared    buffers     cached
Mem:          2.0G       1.9G        78M       2.3M        96K       4.6M
-/+ buffers/cache:       1.9G        83M
Swap:         8.0G       239M       7.8G

             total       used       free     shared    buffers     cached
Mem:          2.0G       1.9G        78M       2.3M        96K       4.6M
-/+ buffers/cache:       1.9G        83M
Swap:         8.0G       239M       7.8G

             total       used       free     shared    buffers     cached
Mem:          2.0G       1.9G        65M       2.3M        96K       4.6M
-/+ buffers/cache:       1.9G        70M
Swap:         8.0G       239M       7.8G

             total       used       free     shared    buffers     cached
Mem:          2.0G       1.9G        65M       2.3M        96K       4.6M
-/+ buffers/cache:       1.9G        70M
Swap:         8.0G       239M       7.8G

             total       used       free     shared    buffers     cached
Mem:          2.0G       1.9G        78M       2.3M        96K       4.6M
-/+ buffers/cache:       1.9G        82M
Swap:         8.0G       299M       7.7G

             total       used       free     shared    buffers     cached
Mem:          2.0G       1.9G        67M       2.3M       104K       4.6M
-/+ buffers/cache:       1.9G        72M
Swap:         8.0G       299M       7.7G

             total       used       free     shared    buffers     cached
Mem:          2.0G       1.9G        71M       2.3M       112K       4.6M
-/+ buffers/cache:       1.9G        75M
Swap:         8.0G       299M       7.7G

             total       used       free     shared    buffers     cached
Mem:          2.0G       1.9G        65M       2.3M       112K       4.7M
-/+ buffers/cache:       1.9G        70M
Swap:         8.0G       299M       7.7G

             total       used       free     shared    buffers     cached
Mem:          2.0G       1.9G        65M       2.3M       112K       4.6M
-/+ buffers/cache:       1.9G        69M
Swap:         8.0G       298M       7.7G

             total       used       free     shared    buffers     cached
Mem:          2.0G       1.9G        64M       2.3M       112K       4.6M
-/+ buffers/cache:       1.9G        69M
Swap:         8.0G       298M       7.7G

             total       used       free     shared    buffers     cached
Mem:          2.0G       1.9G        76M       2.3M       120K       4.7M
-/+ buffers/cache:       1.9G        81M
Swap:         8.0G       297M       7.7G

             total       used       free     shared    buffers     cached
Mem:          2.0G       1.9G        76M       2.3M       120K       4.6M
-/+ buffers/cache:       1.9G        80M
Swap:         8.0G       297M       7.7G

             total       used       free     shared    buffers     cached
Mem:          2.0G       1.9G        75M       2.3M       120K       4.6M
-/+ buffers/cache:       1.9G        80M
Swap:         8.0G       297M       7.7G

             total       used       free     shared    buffers     cached
Mem:          2.0G       1.9G        74M       2.3M       120K       4.6M
-/+ buffers/cache:       1.9G        79M
Swap:         8.0G       296M       7.7G

             total       used       free     shared    buffers     cached
Mem:          2.0G       1.9G        74M       2.3M       120K       4.7M
-/+ buffers/cache:       1.9G        79M
Swap:         8.0G       296M       7.7G

             total       used       free     shared    buffers     cached
Mem:          2.0G       1.9G        73M       2.3M       128K       4.6M
-/+ buffers/cache:       1.9G        78M
Swap:         8.0G       295M       7.7G

             total       used       free     shared    buffers     cached
Mem:          2.0G       1.9G        73M       2.3M       128K       4.7M
-/+ buffers/cache:       1.9G        77M
Swap:         8.0G       295M       7.7G

             total       used       free     shared    buffers     cached
Mem:          2.0G       1.9G        72M       2.3M       128K       4.7M
-/+ buffers/cache:       1.9G        77M
Swap:         8.0G       294M       7.7G

             total       used       free     shared    buffers     cached
Mem:          2.0G       1.9G        72M       2.3M       128K       4.6M
-/+ buffers/cache:       1.9G        76M
Swap:         8.0G       294M       7.7G

             total       used       free     shared    buffers     cached
Mem:          2.0G       1.9G        71M       2.3M       128K       4.7M
-/+ buffers/cache:       1.9G        76M
Swap:         8.0G       294M       7.7G

             total       used       free     shared    buffers     cached
Mem:          2.0G       1.9G        71M       2.3M       128K       4.6M
-/+ buffers/cache:       1.9G        75M
Swap:         8.0G       293M       7.7G

             total       used       free     shared    buffers     cached
Mem:          2.0G       1.9G        70M       2.3M       136K       4.6M
-/+ buffers/cache:       1.9G        75M
Swap:         8.0G       293M       7.7G

             total       used       free     shared    buffers     cached
Mem:          2.0G       1.9G        67M       2.3M       428K       5.8M
-/+ buffers/cache:       1.9G        74M
Swap:         8.0G       293M       7.7G

             total       used       free     shared    buffers     cached
Mem:          2.0G       1.9G        70M       2.3M       480K        34M
-/+ buffers/cache:       1.9G       105M
Swap:         8.0G       334M       7.7G

             total       used       free     shared    buffers     cached
Mem:          2.0G       1.9G        86M       2.3M       604K        33M
-/+ buffers/cache:       1.8G       120M
Swap:         8.0G       338M       7.7G

             total       used       free     shared    buffers     cached
Mem:          2.0G       1.9G        85M       2.3M       608K        33M
-/+ buffers/cache:       1.8G       119M
Swap:         8.0G       338M       7.7G

             total       used       free     shared    buffers     cached
Mem:          2.0G       1.9G        84M       2.3M       608K        33M
-/+ buffers/cache:       1.8G       118M
Swap:         8.0G       337M       7.7G

             total       used       free     shared    buffers     cached
Mem:          2.0G       1.9G        83M       2.3M       608K        33M
-/+ buffers/cache:       1.8G       117M
Swap:         8.0G       337M       7.7G

             total       used       free     shared    buffers     cached
Mem:          2.0G       1.9G        83M       2.3M       608K        33M
-/+ buffers/cache:       1.8G       117M
Swap:         8.0G       336M       7.7G

             total       used       free     shared    buffers     cached
Mem:          2.0G       1.9G        83M       2.3M       616K        33M
-/+ buffers/cache:       1.8G       116M
Swap:         8.0G       336M       7.7G

             total       used       free     shared    buffers     cached
Mem:          2.0G       1.9G        82M       2.3M       616K        33M
-/+ buffers/cache:       1.8G       116M
Swap:         8.0G       336M       7.7G

             total       used       free     shared    buffers     cached
Mem:          2.0G       1.9G        81M       2.3M       616K        33M
-/+ buffers/cache:       1.8G       115M
Swap:         8.0G       335M       7.7G

             total       used       free     shared    buffers     cached
Mem:          2.0G       1.9G        78M       2.3M       616K        34M
-/+ buffers/cache:       1.8G       113M
Swap:         8.0G       334M       7.7G

             total       used       free     shared    buffers     cached
Mem:          2.0G       1.9G        78M       2.3M       616K        34M
-/+ buffers/cache:       1.8G       112M
Swap:         8.0G       334M       7.7G

             total       used       free     shared    buffers     cached
Mem:          2.0G       1.9G        77M       2.3M       624K        34M
-/+ buffers/cache:       1.8G       111M
Swap:         8.0G       334M       7.7G

             total       used       free     shared    buffers     cached
Mem:          2.0G       1.9G        76M       2.3M       624K        34M
-/+ buffers/cache:       1.8G       111M
Swap:         8.0G       333M       7.7G

             total       used       free     shared    buffers     cached
Mem:          2.0G       1.9G        74M       2.3M       624K        35M
-/+ buffers/cache:       1.8G       110M
Swap:         8.0G       333M       7.7G

             total       used       free     shared    buffers     cached
Mem:          2.0G       1.9G        73M       2.3M       624K        35M
-/+ buffers/cache:       1.8G       109M
Swap:         8.0G       332M       7.7G

             total       used       free     shared    buffers     cached
Mem:          2.0G       1.9G        73M       2.3M       624K        35M
-/+ buffers/cache:       1.8G       109M
Swap:         8.0G       332M       7.7G

             total       used       free     shared    buffers     cached
Mem:          2.0G       1.9G        72M       2.3M       624K        35M
-/+ buffers/cache:       1.8G       108M
Swap:         8.0G       332M       7.7G

             total       used       free     shared    buffers     cached
Mem:          2.0G       1.9G        66M       2.3M       632K        39M
-/+ buffers/cache:       1.8G       107M
Swap:         8.0G       331M       7.7G

             total       used       free     shared    buffers     cached
Mem:          2.0G       1.9G        65M       2.3M       948K        39M
-/+ buffers/cache:       1.8G       106M
Swap:         8.0G       330M       7.7G

             total       used       free     shared    buffers     cached
Mem:          2.0G       1.9G        65M       2.3M       948K        39M
-/+ buffers/cache:       1.8G       105M
Swap:         8.0G       330M       7.7G

             total       used       free     shared    buffers     cached
Mem:          2.0G       1.9G        81M       2.3M       936K        37M
-/+ buffers/cache:       1.8G       119M
Swap:         8.0G       347M       7.7G

             total       used       free     shared    buffers     cached
Mem:          2.0G       1.9G        81M       2.3M       936K        37M
-/+ buffers/cache:       1.8G       119M
Swap:         8.0G       356M       7.6G

             total       used       free     shared    buffers     cached
Mem:          2.0G       1.9G        80M       2.3M       944K        37M
-/+ buffers/cache:       1.8G       118M
Swap:         8.0G       356M       7.6G

             total       used       free     shared    buffers     cached
Mem:          2.0G       1.9G        79M       2.3M       944K        37M
-/+ buffers/cache:       1.8G       118M
Swap:         8.0G       355M       7.6G

             total       used       free     shared    buffers     cached
Mem:          2.0G       1.9G        79M       2.3M       944K        37M
-/+ buffers/cache:       1.8G       117M
Swap:         8.0G       355M       7.7G

             total       used       free     shared    buffers     cached
Mem:          2.0G       1.9G        78M       2.3M       944K        37M
-/+ buffers/cache:       1.8G       117M
Swap:         8.0G       354M       7.7G

             total       used       free     shared    buffers     cached
Mem:          2.0G       1.9G        78M       2.3M       944K        37M
-/+ buffers/cache:       1.8G       116M
Swap:         8.0G       354M       7.7G

             total       used       free     shared    buffers     cached
Mem:          2.0G       1.9G        77M       2.3M       944K        37M
-/+ buffers/cache:       1.8G       115M
Swap:         8.0G       354M       7.7G

             total       used       free     shared    buffers     cached
Mem:          2.0G       1.9G        76M       2.3M       952K        37M
-/+ buffers/cache:       1.8G       115M
Swap:         8.0G       353M       7.7G

             total       used       free     shared    buffers     cached
Mem:          2.0G       1.9G        76M       2.3M       952K        37M
-/+ buffers/cache:       1.8G       114M
Swap:         8.0G       353M       7.7G

             total       used       free     shared    buffers     cached
Mem:          2.0G       1.9G        75M       2.3M       952K        37M
-/+ buffers/cache:       1.8G       114M
Swap:         8.0G       352M       7.7G

             total       used       free     shared    buffers     cached
Mem:          2.0G       1.9G        75M       2.3M       952K        37M
-/+ buffers/cache:       1.8G       113M
Swap:         8.0G       352M       7.7G

             total       used       free     shared    buffers     cached
Mem:          2.0G       1.9G        74M       2.3M       952K        37M
-/+ buffers/cache:       1.8G       112M
Swap:         8.0G       352M       7.7G

             total       used       free     shared    buffers     cached
Mem:          2.0G       1.9G        73M       2.3M       960K        37M
-/+ buffers/cache:       1.8G       112M
Swap:         8.0G       351M       7.7G

             total       used       free     shared    buffers     cached
Mem:          2.0G       1.9G        73M       2.3M       960K        37M
-/+ buffers/cache:       1.8G       111M
Swap:         8.0G       351M       7.7G

             total       used       free     shared    buffers     cached
Mem:          2.0G       1.9G        72M       2.3M       960K        37M
-/+ buffers/cache:       1.8G       111M
Swap:         8.0G       350M       7.7G

             total       used       free     shared    buffers     cached
Mem:          2.0G       1.9G        72M       2.3M       960K        37M
-/+ buffers/cache:       1.8G       110M
Swap:         8.0G       350M       7.7G

             total       used       free     shared    buffers     cached
Mem:          2.0G       1.9G        71M       2.3M       960K        37M
-/+ buffers/cache:       1.8G       109M
Swap:         8.0G       350M       7.7G

             total       used       free     shared    buffers     cached
Mem:          2.0G       1.9G        71M       2.3M       960K        37M
-/+ buffers/cache:       1.8G       109M
Swap:         8.0G       349M       7.7G

             total       used       free     shared    buffers     cached
Mem:          2.0G       1.9G        70M       2.3M       968K        37M
-/+ buffers/cache:       1.8G       108M
Swap:         8.0G       349M       7.7G

             total       used       free     shared    buffers     cached
Mem:          2.0G       1.9G        69M       2.3M       968K        37M
-/+ buffers/cache:       1.8G       108M
Swap:         8.0G       348M       7.7G

             total       used       free     shared    buffers     cached
Mem:          2.0G       1.9G        69M       2.3M       968K        37M
-/+ buffers/cache:       1.8G       107M
Swap:         8.0G       348M       7.7G

             total       used       free     shared    buffers     cached
Mem:          2.0G       1.9G        68M       2.3M       968K        37M
-/+ buffers/cache:       1.8G       106M
Swap:         8.0G       347M       7.7G

             total       used       free     shared    buffers     cached
Mem:          2.0G       1.9G        67M       2.3M       968K        37M
-/+ buffers/cache:       1.8G       106M
Swap:         8.0G       347M       7.7G

             total       used       free     shared    buffers     cached
Mem:          2.0G       1.9G        67M       2.3M       976K        37M
-/+ buffers/cache:       1.9G       105M
Swap:         8.0G       347M       7.7G

             total       used       free     shared    buffers     cached
Mem:          2.0G       1.9G        66M       2.3M       976K        37M
-/+ buffers/cache:       1.9G       105M
Swap:         8.0G       346M       7.7G

             total       used       free     shared    buffers     cached
Mem:          2.0G       1.9G        66M       2.3M       976K        37M
-/+ buffers/cache:       1.9G       104M
Swap:         8.0G       346M       7.7G

             total       used       free     shared    buffers     cached
Mem:          2.0G       1.9G        65M       2.3M       976K        37M
-/+ buffers/cache:       1.9G       104M
Swap:         8.0G       346M       7.7G

             total       used       free     shared    buffers     cached
Mem:          2.0G       1.9G        65M       2.3M       976K        37M
-/+ buffers/cache:       1.9G       103M
Swap:         8.0G       345M       7.7G

             total       used       free     shared    buffers     cached
Mem:          2.0G       1.9G        78M       2.3M       976K        37M
-/+ buffers/cache:       1.8G       116M
Swap:         8.0G       346M       7.7G

             total       used       free     shared    buffers     cached
Mem:          2.0G       1.9G        77M       2.3M       984K        37M
-/+ buffers/cache:       1.8G       115M
Swap:         8.0G       346M       7.7G

             total       used       free     shared    buffers     cached
Mem:          2.0G       1.9G        76M       2.3M       984K        37M
-/+ buffers/cache:       1.8G       114M
Swap:         8.0G       345M       7.7G

             total       used       free     shared    buffers     cached
Mem:          2.0G       1.9G        76M       2.3M       984K        37M
-/+ buffers/cache:       1.8G       114M
Swap:         8.0G       345M       7.7G

             total       used       free     shared    buffers     cached
Mem:          2.0G       1.9G        75M       2.3M       984K        37M
-/+ buffers/cache:       1.8G       113M
Swap:         8.0G       345M       7.7G

             total       used       free     shared    buffers     cached
Mem:          2.0G       1.9G        74M       2.3M       984K        37M
-/+ buffers/cache:       1.8G       112M
Swap:         8.0G       344M       7.7G

             total       used       free     shared    buffers     cached
Mem:          2.0G       1.9G        74M       2.3M       992K        37M
-/+ buffers/cache:       1.8G       112M
Swap:         8.0G       344M       7.7G

             total       used       free     shared    buffers     cached
Mem:          2.0G       1.9G        73M       2.3M       992K        37M
-/+ buffers/cache:       1.8G       111M
Swap:         8.0G       344M       7.7G

             total       used       free     shared    buffers     cached
Mem:          2.0G       1.9G        72M       2.3M       992K        37M
-/+ buffers/cache:       1.8G       110M
Swap:         8.0G       343M       7.7G

             total       used       free     shared    buffers     cached
Mem:          2.0G       1.9G        72M       2.3M       992K        37M
-/+ buffers/cache:       1.8G       110M
Swap:         8.0G       343M       7.7G

             total       used       free     shared    buffers     cached
Mem:          2.0G       1.9G        71M       2.3M       992K        37M
-/+ buffers/cache:       1.8G       109M
Swap:         8.0G       342M       7.7G

             total       used       free     shared    buffers     cached
Mem:          2.0G       1.9G        70M       2.3M       992K        37M
-/+ buffers/cache:       1.8G       109M
Swap:         8.0G       342M       7.7G

             total       used       free     shared    buffers     cached
Mem:          2.0G       1.9G        70M       2.3M       1.0M        37M
-/+ buffers/cache:       1.8G       108M
Swap:         8.0G       342M       7.7G

             total       used       free     shared    buffers     cached
Mem:          2.0G       1.9G        69M       2.3M       1.0M        37M
-/+ buffers/cache:       1.8G       107M
Swap:         8.0G       341M       7.7G

             total       used       free     shared    buffers     cached
Mem:          2.0G       1.9G        69M       2.3M       1.0M        37M
-/+ buffers/cache:       1.8G       107M
Swap:         8.0G       341M       7.7G

             total       used       free     shared    buffers     cached
Mem:          2.0G       1.9G        68M       2.3M       1.0M        37M
-/+ buffers/cache:       1.8G       106M
Swap:         8.0G       341M       7.7G

             total       used       free     shared    buffers     cached
Mem:          2.0G       1.9G        66M       2.3M       1.1M        38M
-/+ buffers/cache:       1.9G       105M
Swap:         8.0G       340M       7.7G

             total       used       free     shared    buffers     cached
Mem:          2.0G       1.9G        65M       2.3M       1.1M        38M
-/+ buffers/cache:       1.9G       104M
Swap:         8.0G       340M       7.7G

             total       used       free     shared    buffers     cached
Mem:          2.0G       1.9G        64M       2.3M       1.1M        38M
-/+ buffers/cache:       1.9G       104M
Swap:         8.0G       339M       7.7G

             total       used       free     shared    buffers     cached
Mem:          2.0G       1.9G        80M       2.3M       788K        35M
-/+ buffers/cache:       1.8G       117M
Swap:         8.0G       363M       7.6G

             total       used       free     shared    buffers     cached
Mem:          2.0G       1.9G        74M       2.3M       788K        37M
-/+ buffers/cache:       1.8G       112M
Swap:         8.0G       360M       7.6G

             total       used       free     shared    buffers     cached
Mem:          2.0G       1.9G        73M       2.3M       788K        37M
-/+ buffers/cache:       1.8G       112M
Swap:         8.0G       360M       7.6G

             total       used       free     shared    buffers     cached
Mem:          2.0G       1.9G        73M       2.3M       788K        37M
-/+ buffers/cache:       1.8G       111M
Swap:         8.0G       359M       7.6G

             total       used       free     shared    buffers     cached
Mem:          2.0G       1.9G        66M       2.3M       796K        39M
-/+ buffers/cache:       1.8G       107M
Swap:         8.0G       357M       7.6G

             total       used       free     shared    buffers     cached
Mem:          2.0G       1.9G        66M       2.3M       796K        39M
-/+ buffers/cache:       1.8G       106M
Swap:         8.0G       357M       7.6G

             total       used       free     shared    buffers     cached
Mem:          2.0G       1.9G        65M       2.3M       796K        39M
-/+ buffers/cache:       1.8G       106M
Swap:         8.0G       357M       7.6G

             total       used       free     shared    buffers     cached
Mem:          2.0G       1.9G        65M       2.3M       796K        39M
-/+ buffers/cache:       1.8G       105M
Swap:         8.0G       356M       7.6G

             total       used       free     shared    buffers     cached
Mem:          2.0G       1.9G        64M       2.3M       796K        39M
-/+ buffers/cache:       1.9G       105M
Swap:         8.0G       356M       7.6G

             total       used       free     shared    buffers     cached
Mem:          2.0G       1.9G        75M       2.3M       1.1M        39M
-/+ buffers/cache:       1.8G       116M
Swap:         8.0G       357M       7.6G

             total       used       free     shared    buffers     cached
Mem:          2.0G       1.9G        74M       2.3M       1.5M        40M
-/+ buffers/cache:       1.8G       116M
Swap:         8.0G       357M       7.6G

             total       used       free     shared    buffers     cached
Mem:          2.0G       1.9G        71M       2.3M       2.3M        41M
-/+ buffers/cache:       1.8G       115M
Swap:         8.0G       356M       7.6G

             total       used       free     shared    buffers     cached
Mem:          2.0G       1.9G        70M       2.3M       2.3M        41M
-/+ buffers/cache:       1.8G       114M
Swap:         8.0G       356M       7.6G

             total       used       free     shared    buffers     cached
Mem:          2.0G       1.9G        70M       2.3M       2.3M        41M
-/+ buffers/cache:       1.8G       114M
Swap:         8.0G       356M       7.6G

             total       used       free     shared    buffers     cached
Mem:          2.0G       1.9G        68M       2.3M       2.3M        42M
-/+ buffers/cache:       1.8G       113M
Swap:         8.0G       355M       7.6G

             total       used       free     shared    buffers     cached
Mem:          2.0G       1.9G        70M       2.4M       3.0M        51M
-/+ buffers/cache:       1.8G       124M
Swap:         8.0G       379M       7.6G

             total       used       free     shared    buffers     cached
Mem:          2.0G       1.9G        65M       6.1M       5.9M        61M
-/+ buffers/cache:       1.8G       132M
Swap:         8.0G       397M       7.6G

             total       used       free     shared    buffers     cached
Mem:          2.0G       1.9G        75M       6.1M       4.9M        69M
-/+ buffers/cache:       1.8G       149M
Swap:         8.0G       415M       7.6G

             total       used       free     shared    buffers     cached
Mem:          2.0G       1.9G        66M       2.4M       5.3M        68M
-/+ buffers/cache:       1.8G       140M
Swap:         8.0G       412M       7.6G

             total       used       free     shared    buffers     cached
Mem:          2.0G       1.9G        65M       2.4M       5.3M        68M
-/+ buffers/cache:       1.8G       139M
Swap:         8.0G       411M       7.6G

             total       used       free     shared    buffers     cached
Mem:          2.0G       1.9G        78M       2.4M       4.0M        62M
-/+ buffers/cache:       1.8G       144M
Swap:         8.0G       427M       7.6G

             total       used       free     shared    buffers     cached
Mem:          2.0G       1.9G        76M       2.4M       4.1M        62M
-/+ buffers/cache:       1.8G       143M
Swap:         8.0G       426M       7.6G

             total       used       free     shared    buffers     cached
Mem:          2.0G       1.9G        76M       2.4M       4.1M        62M
-/+ buffers/cache:       1.8G       143M
Swap:         8.0G       426M       7.6G

             total       used       free     shared    buffers     cached
Mem:          2.0G       1.9G        75M       2.4M       4.1M        62M
-/+ buffers/cache:       1.8G       142M
Swap:         8.0G       425M       7.6G

             total       used       free     shared    buffers     cached
Mem:          2.0G       1.9G        74M       2.4M       4.1M        62M
-/+ buffers/cache:       1.8G       141M
Swap:         8.0G       425M       7.6G

             total       used       free     shared    buffers     cached
Mem:          2.0G       1.9G        73M       2.4M       4.1M        62M
-/+ buffers/cache:       1.8G       140M
Swap:         8.0G       424M       7.6G

             total       used       free     shared    buffers     cached
Mem:          2.0G       1.9G        71M       2.4M       4.1M        62M
-/+ buffers/cache:       1.8G       138M
Swap:         8.0G       423M       7.6G

             total       used       free     shared    buffers     cached
Mem:          2.0G       1.9G        71M       2.4M       4.1M        62M
-/+ buffers/cache:       1.8G       138M
Swap:         8.0G       423M       7.6G

             total       used       free     shared    buffers     cached
Mem:          2.0G       1.9G        70M       2.4M       4.1M        62M
-/+ buffers/cache:       1.8G       137M
Swap:         8.0G       422M       7.6G

             total       used       free     shared    buffers     cached
Mem:          2.0G       1.9G        69M       2.4M       4.1M        62M
-/+ buffers/cache:       1.8G       136M
Swap:         8.0G       422M       7.6G

             total       used       free     shared    buffers     cached
Mem:          2.0G       1.9G        68M       2.4M       4.1M        62M
-/+ buffers/cache:       1.8G       135M
Swap:         8.0G       421M       7.6G

             total       used       free     shared    buffers     cached
Mem:          2.0G       1.9G        67M       2.4M       4.1M        62M
-/+ buffers/cache:       1.8G       134M
Swap:         8.0G       421M       7.6G

             total       used       free     shared    buffers     cached
Mem:          2.0G       1.9G        66M       2.4M       4.1M        62M
-/+ buffers/cache:       1.8G       133M
Swap:         8.0G       420M       7.6G

             total       used       free     shared    buffers     cached
Mem:          2.0G       1.9G        65M       2.4M       4.1M        62M
-/+ buffers/cache:       1.8G       132M
Swap:         8.0G       420M       7.6G

             total       used       free     shared    buffers     cached
Mem:          2.0G       1.9G        77M       2.4M       3.5M        61M
-/+ buffers/cache:       1.8G       143M
Swap:         8.0G       428M       7.6G

             total       used       free     shared    buffers     cached
Mem:          2.0G       1.9G        76M       2.4M       3.5M        61M
-/+ buffers/cache:       1.8G       142M
Swap:         8.0G       428M       7.6G

             total       used       free     shared    buffers     cached
Mem:          2.0G       1.9G        75M       2.4M       3.5M        61M
-/+ buffers/cache:       1.8G       141M
Swap:         8.0G       427M       7.6G

             total       used       free     shared    buffers     cached
Mem:          2.0G       1.9G        74M       2.4M       3.5M        61M
-/+ buffers/cache:       1.8G       140M
Swap:         8.0G       427M       7.6G

             total       used       free     shared    buffers     cached
Mem:          2.0G       1.9G        73M       2.4M       3.5M        61M
-/+ buffers/cache:       1.8G       139M
Swap:         8.0G       426M       7.6G

             total       used       free     shared    buffers     cached
Mem:          2.0G       1.9G        73M       2.4M       3.5M        61M
-/+ buffers/cache:       1.8G       138M
Swap:         8.0G       426M       7.6G

             total       used       free     shared    buffers     cached
Mem:          2.0G       1.9G        71M       2.4M       3.5M        61M
-/+ buffers/cache:       1.8G       137M
Swap:         8.0G       425M       7.6G

             total       used       free     shared    buffers     cached
Mem:          2.0G       1.9G        70M       2.4M       3.5M        62M
-/+ buffers/cache:       1.8G       136M
Swap:         8.0G       425M       7.6G

             total       used       free     shared    buffers     cached
Mem:          2.0G       1.9G        69M       2.4M       3.5M        62M
-/+ buffers/cache:       1.8G       135M
Swap:         8.0G       424M       7.6G

             total       used       free     shared    buffers     cached
Mem:          2.0G       1.9G        68M       2.4M       3.6M        62M
-/+ buffers/cache:       1.8G       134M
Swap:         8.0G       424M       7.6G

             total       used       free     shared    buffers     cached
Mem:          2.0G       1.9G        67M       2.4M       3.6M        62M
-/+ buffers/cache:       1.8G       133M
Swap:         8.0G       423M       7.6G

             total       used       free     shared    buffers     cached
Mem:          2.0G       1.9G        66M       2.4M       3.6M        62M
-/+ buffers/cache:       1.8G       132M
Swap:         8.0G       423M       7.6G

             total       used       free     shared    buffers     cached
Mem:          2.0G       1.9G        65M       2.4M       3.6M        62M
-/+ buffers/cache:       1.8G       131M
Swap:         8.0G       422M       7.6G

             total       used       free     shared    buffers     cached
Mem:          2.0G       1.9G        64M       2.4M       3.6M        62M
-/+ buffers/cache:       1.8G       130M
Swap:         8.0G       422M       7.6G

             total       used       free     shared    buffers     cached
Mem:          2.0G       1.9G        75M       2.4M       3.6M        62M
-/+ buffers/cache:       1.8G       140M
Swap:         8.0G       430M       7.6G

             total       used       free     shared    buffers     cached
Mem:          2.0G       1.9G        75M       2.5M       8.7M        73M
-/+ buffers/cache:       1.8G       157M
Swap:         8.0G       452M       7.6G
