             total       used       free     shared    buffers     cached
Mem:          992M       664M       327M       3.2M        38M       289M
-/+ buffers/cache:       337M       655M
Swap:         8.0G         0B       8.0G

             total       used       free     shared    buffers     cached
Mem:          992M       665M       326M       3.2M        38M       289M
-/+ buffers/cache:       337M       654M
Swap:         8.0G         0B       8.0G

             total       used       free     shared    buffers     cached
Mem:          992M       665M       326M       3.2M        38M       289M
-/+ buffers/cache:       337M       655M
Swap:         8.0G         0B       8.0G

             total       used       free     shared    buffers     cached
Mem:          992M       665M       326M       3.2M        38M       289M
-/+ buffers/cache:       337M       655M
Swap:         8.0G         0B       8.0G

             total       used       free     shared    buffers     cached
Mem:          992M       665M       326M       3.2M        38M       289M
-/+ buffers/cache:       337M       655M
Swap:         8.0G         0B       8.0G

             total       used       free     shared    buffers     cached
Mem:          992M       665M       326M       3.2M        38M       289M
-/+ buffers/cache:       337M       655M
Swap:         8.0G         0B       8.0G

             total       used       free     shared    buffers     cached
Mem:          992M       665M       326M       3.2M        38M       289M
-/+ buffers/cache:       337M       655M
Swap:         8.0G         0B       8.0G

             total       used       free     shared    buffers     cached
Mem:          992M       664M       327M       3.2M        38M       289M
-/+ buffers/cache:       336M       655M
Swap:         8.0G         0B       8.0G

             total       used       free     shared    buffers     cached
Mem:          992M       664M       327M       3.2M        38M       289M
-/+ buffers/cache:       336M       655M
Swap:         8.0G         0B       8.0G

             total       used       free     shared    buffers     cached
Mem:          992M       668M       323M       3.2M        38M       289M
-/+ buffers/cache:       339M       652M
Swap:         8.0G         0B       8.0G

             total       used       free     shared    buffers     cached
Mem:          992M       693M       298M       3.2M        38M       290M
-/+ buffers/cache:       365M       627M
Swap:         8.0G         0B       8.0G

             total       used       free     shared    buffers     cached
Mem:          992M       674M       318M       3.2M        38M       291M
-/+ buffers/cache:       344M       647M
Swap:         8.0G         0B       8.0G

             total       used       free     shared    buffers     cached
Mem:          992M       674M       318M       3.2M        38M       291M
-/+ buffers/cache:       344M       647M
Swap:         8.0G         0B       8.0G

             total       used       free     shared    buffers     cached
Mem:          992M       674M       317M       3.2M        38M       291M
-/+ buffers/cache:       344M       647M
Swap:         8.0G         0B       8.0G

             total       used       free     shared    buffers     cached
Mem:          992M       674M       317M       3.2M        38M       291M
-/+ buffers/cache:       344M       647M
Swap:         8.0G         0B       8.0G

             total       used       free     shared    buffers     cached
Mem:          992M       674M       317M       3.2M        38M       291M
-/+ buffers/cache:       344M       647M
Swap:         8.0G         0B       8.0G

             total       used       free     shared    buffers     cached
Mem:          992M       674M       317M       3.2M        38M       291M
-/+ buffers/cache:       344M       647M
Swap:         8.0G         0B       8.0G

             total       used       free     shared    buffers     cached
Mem:          992M       674M       317M       3.2M        38M       291M
-/+ buffers/cache:       344M       647M
Swap:         8.0G         0B       8.0G

             total       used       free     shared    buffers     cached
Mem:          992M       674M       317M       3.2M        38M       291M
-/+ buffers/cache:       344M       647M
Swap:         8.0G         0B       8.0G

             total       used       free     shared    buffers     cached
Mem:          992M       674M       317M       3.2M        38M       291M
-/+ buffers/cache:       344M       647M
Swap:         8.0G         0B       8.0G

             total       used       free     shared    buffers     cached
Mem:          992M       674M       317M       3.2M        38M       291M
-/+ buffers/cache:       344M       647M
Swap:         8.0G         0B       8.0G

             total       used       free     shared    buffers     cached
Mem:          992M       674M       317M       3.2M        38M       291M
-/+ buffers/cache:       344M       647M
Swap:         8.0G         0B       8.0G

             total       used       free     shared    buffers     cached
Mem:          992M       674M       317M       3.2M        38M       291M
-/+ buffers/cache:       344M       647M
Swap:         8.0G         0B       8.0G

             total       used       free     shared    buffers     cached
Mem:          992M       674M       317M       3.2M        38M       291M
-/+ buffers/cache:       344M       647M
Swap:         8.0G         0B       8.0G

             total       used       free     shared    buffers     cached
Mem:          992M       674M       317M       3.2M        38M       291M
-/+ buffers/cache:       344M       647M
Swap:         8.0G         0B       8.0G

             total       used       free     shared    buffers     cached
Mem:          992M       674M       317M       3.2M        38M       291M
-/+ buffers/cache:       344M       647M
Swap:         8.0G         0B       8.0G

             total       used       free     shared    buffers     cached
Mem:          992M       674M       317M       3.2M        38M       291M
-/+ buffers/cache:       344M       647M
Swap:         8.0G         0B       8.0G

             total       used       free     shared    buffers     cached
Mem:          992M       674M       317M       3.2M        38M       291M
-/+ buffers/cache:       344M       647M
Swap:         8.0G         0B       8.0G

             total       used       free     shared    buffers     cached
Mem:          992M       674M       317M       3.2M        38M       291M
-/+ buffers/cache:       344M       647M
Swap:         8.0G         0B       8.0G

             total       used       free     shared    buffers     cached
Mem:          992M       674M       317M       3.2M        38M       291M
-/+ buffers/cache:       344M       647M
Swap:         8.0G         0B       8.0G

             total       used       free     shared    buffers     cached
Mem:          992M       674M       317M       3.2M        38M       291M
-/+ buffers/cache:       344M       647M
Swap:         8.0G         0B       8.0G

             total       used       free     shared    buffers     cached
Mem:          992M       674M       317M       3.2M        38M       291M
-/+ buffers/cache:       344M       647M
Swap:         8.0G         0B       8.0G

             total       used       free     shared    buffers     cached
Mem:          992M       674M       317M       3.2M        38M       291M
-/+ buffers/cache:       344M       647M
Swap:         8.0G         0B       8.0G

             total       used       free     shared    buffers     cached
Mem:          992M       682M       310M       3.2M        38M       291M
-/+ buffers/cache:       352M       640M
Swap:         8.0G         0B       8.0G

             total       used       free     shared    buffers     cached
Mem:          992M       698M       294M       3.2M        38M       291M
-/+ buffers/cache:       367M       624M
Swap:         8.0G         0B       8.0G

             total       used       free     shared    buffers     cached
Mem:          992M       715M       277M       3.2M        38M       291M
-/+ buffers/cache:       384M       607M
Swap:         8.0G         0B       8.0G

             total       used       free     shared    buffers     cached
Mem:          992M       731M       261M       3.2M        38M       291M
-/+ buffers/cache:       400M       591M
Swap:         8.0G         0B       8.0G

             total       used       free     shared    buffers     cached
Mem:          992M       747M       244M       3.2M        38M       291M
-/+ buffers/cache:       417M       574M
Swap:         8.0G         0B       8.0G

             total       used       free     shared    buffers     cached
Mem:          992M       763M       229M       3.2M        38M       291M
-/+ buffers/cache:       432M       559M
Swap:         8.0G         0B       8.0G

             total       used       free     shared    buffers     cached
Mem:          992M       779M       213M       3.2M        38M       291M
-/+ buffers/cache:       449M       543M
Swap:         8.0G         0B       8.0G

             total       used       free     shared    buffers     cached
Mem:          992M       792M       199M       3.2M        38M       291M
-/+ buffers/cache:       462M       529M
Swap:         8.0G         0B       8.0G

             total       used       free     shared    buffers     cached
Mem:          992M       808M       183M       3.2M        38M       291M
-/+ buffers/cache:       478M       513M
Swap:         8.0G         0B       8.0G

             total       used       free     shared    buffers     cached
Mem:          992M       823M       168M       3.2M        38M       291M
-/+ buffers/cache:       493M       498M
Swap:         8.0G         0B       8.0G

             total       used       free     shared    buffers     cached
Mem:          992M       844M       147M       3.2M        38M       291M
-/+ buffers/cache:       514M       477M
Swap:         8.0G         0B       8.0G

             total       used       free     shared    buffers     cached
Mem:          992M       860M       132M       3.2M        38M       291M
-/+ buffers/cache:       529M       462M
Swap:         8.0G         0B       8.0G

             total       used       free     shared    buffers     cached
Mem:          992M       875M       116M       3.2M        38M       291M
-/+ buffers/cache:       545M       446M
Swap:         8.0G         0B       8.0G

             total       used       free     shared    buffers     cached
Mem:          992M       891M       100M       3.2M        38M       291M
-/+ buffers/cache:       561M       430M
Swap:         8.0G         0B       8.0G

             total       used       free     shared    buffers     cached
Mem:          992M       904M        88M       3.2M        38M       291M
-/+ buffers/cache:       573M       418M
Swap:         8.0G         0B       8.0G

             total       used       free     shared    buffers     cached
Mem:          992M       919M        73M       3.2M        38M       291M
-/+ buffers/cache:       588M       403M
Swap:         8.0G         0B       8.0G

             total       used       free     shared    buffers     cached
Mem:          992M       911M        80M       3.2M        17M       290M
-/+ buffers/cache:       604M       387M
Swap:         8.0G         0B       8.0G

             total       used       free     shared    buffers     cached
Mem:          992M       926M        65M       3.2M        17M       290M
-/+ buffers/cache:       619M       372M
Swap:         8.0G         0B       8.0G

             total       used       free     shared    buffers     cached
Mem:          992M       925M        66M       3.2M        10M       280M
-/+ buffers/cache:       634M       357M
Swap:         8.0G         0B       8.0G

             total       used       free     shared    buffers     cached
Mem:          992M       921M        70M       3.2M       9.6M       264M
-/+ buffers/cache:       647M       344M
Swap:         8.0G        76K       8.0G

             total       used       free     shared    buffers     cached
Mem:          992M       918M        73M       3.1M       9.6M       245M
-/+ buffers/cache:       662M       329M
Swap:         8.0G       216K       8.0G

             total       used       free     shared    buffers     cached
Mem:          992M       892M        99M       2.9M       9.6M       207M
-/+ buffers/cache:       675M       316M
Swap:         8.0G       9.8M       8.0G

             total       used       free     shared    buffers     cached
Mem:          992M       907M        84M       2.9M       9.6M       207M
-/+ buffers/cache:       690M       301M
Swap:         8.0G       9.8M       8.0G

             total       used       free     shared    buffers     cached
Mem:          992M       921M        70M       2.9M       9.6M       207M
-/+ buffers/cache:       704M       287M
Swap:         8.0G       9.8M       8.0G

             total       used       free     shared    buffers     cached
Mem:          992M       924M        67M       2.9M       2.8M       201M
-/+ buffers/cache:       720M       272M
Swap:         8.0G       9.8M       8.0G

             total       used       free     shared    buffers     cached
Mem:          992M       927M        64M       2.9M       1.7M       190M
-/+ buffers/cache:       735M       257M
Swap:         8.0G       9.8M       8.0G

             total       used       free     shared    buffers     cached
Mem:          992M       928M        64M       2.9M       312K       176M
-/+ buffers/cache:       751M       241M
Swap:         8.0G       9.8M       8.0G

             total       used       free     shared    buffers     cached
Mem:          992M       921M        70M       2.9M       256K       156M
-/+ buffers/cache:       765M       226M
Swap:         8.0G       9.8M       8.0G

             total       used       free     shared    buffers     cached
Mem:          992M       917M        74M       2.9M       360K       137M
-/+ buffers/cache:       779M       212M
Swap:         8.0G       9.8M       8.0G

             total       used       free     shared    buffers     cached
Mem:          992M       928M        63M       2.9M       372K       137M
-/+ buffers/cache:       790M       201M
Swap:         8.0G       9.8M       8.0G

             total       used       free     shared    buffers     cached
Mem:          992M       922M        70M       2.9M       212K       121M
-/+ buffers/cache:       800M       192M
Swap:         8.0G       9.8M       8.0G

             total       used       free     shared    buffers     cached
Mem:          992M       922M        69M       2.9M       212K       107M
-/+ buffers/cache:       814M       177M
Swap:         8.0G       9.8M       8.0G

             total       used       free     shared    buffers     cached
Mem:          992M       924M        67M       2.9M       212K        95M
-/+ buffers/cache:       828M       163M
Swap:         8.0G       9.8M       8.0G

             total       used       free     shared    buffers     cached
Mem:          992M       916M        75M       2.9M       216K        74M
-/+ buffers/cache:       842M       149M
Swap:         8.0G       9.8M       8.0G

             total       used       free     shared    buffers     cached
Mem:          992M       915M        76M       2.9M       224K        57M
-/+ buffers/cache:       857M       134M
Swap:         8.0G       9.8M       8.0G

             total       used       free     shared    buffers     cached
Mem:          992M       929M        62M       2.9M       224K        57M
-/+ buffers/cache:       871M       120M
Swap:         8.0G       9.8M       8.0G

             total       used       free     shared    buffers     cached
Mem:          992M       927M        64M       2.9M       2.9M        37M
-/+ buffers/cache:       886M       105M
Swap:         8.0G       9.8M       8.0G

             total       used       free     shared    buffers     cached
Mem:          992M       923M        69M       2.9M       2.9M        22M
-/+ buffers/cache:       897M        94M
Swap:         8.0G       9.8M       8.0G

             total       used       free     shared    buffers     cached
Mem:          992M       920M        71M       2.9M        84K       9.5M
-/+ buffers/cache:       911M        81M
Swap:         8.0G        12M       8.0G

             total       used       free     shared    buffers     cached
Mem:          992M       917M        74M       2.8M        84K       6.9M
-/+ buffers/cache:       910M        81M
Swap:         8.0G        30M       8.0G

             total       used       free     shared    buffers     cached
Mem:          992M       920M        71M       2.5M        80K       5.3M
-/+ buffers/cache:       915M        76M
Swap:         8.0G        48M       7.9G

             total       used       free     shared    buffers     cached
Mem:          992M       922M        69M       2.5M       344K       5.2M
-/+ buffers/cache:       916M        75M
Swap:         8.0G        60M       7.9G

             total       used       free     shared    buffers     cached
Mem:          992M       919M        72M       2.5M       352K       5.3M
-/+ buffers/cache:       914M        77M
Swap:         8.0G        73M       7.9G

             total       used       free     shared    buffers     cached
Mem:          992M       921M        70M       2.5M       352K       5.1M
-/+ buffers/cache:       916M        76M
Swap:         8.0G       105M       7.9G

             total       used       free     shared    buffers     cached
Mem:          992M       923M        68M       2.4M       352K       5.1M
-/+ buffers/cache:       918M        73M
Swap:         8.0G       105M       7.9G

             total       used       free     shared    buffers     cached
Mem:          992M       927M        64M       2.4M       352K       5.1M
-/+ buffers/cache:       922M        69M
Swap:         8.0G       118M       7.9G

             total       used       free     shared    buffers     cached
Mem:          992M       928M        63M       2.4M       352K       4.8M
-/+ buffers/cache:       923M        69M
Swap:         8.0G       184M       7.8G

             total       used       free     shared    buffers     cached
Mem:          992M       929M        62M       2.4M       356K       4.8M
-/+ buffers/cache:       924M        67M
Swap:         8.0G       184M       7.8G

             total       used       free     shared    buffers     cached
Mem:          992M       930M        62M       2.4M       356K       4.8M
-/+ buffers/cache:       924M        67M
Swap:         8.0G       184M       7.8G

             total       used       free     shared    buffers     cached
Mem:          992M       920M        72M       2.4M       356K       4.8M
-/+ buffers/cache:       914M        77M
Swap:         8.0G       184M       7.8G

             total       used       free     shared    buffers     cached
Mem:          992M       921M        70M       2.4M       356K       4.8M
-/+ buffers/cache:       916M        75M
Swap:         8.0G       194M       7.8G

             total       used       free     shared    buffers     cached
Mem:          992M       920M        72M       2.4M       348K       4.9M
-/+ buffers/cache:       914M        77M
Swap:         8.0G       224M       7.8G

             total       used       free     shared    buffers     cached
Mem:          992M       922M        70M       2.4M       348K       4.9M
-/+ buffers/cache:       916M        75M
Swap:         8.0G       224M       7.8G

             total       used       free     shared    buffers     cached
Mem:          992M       920M        71M       2.4M       352K       4.8M
-/+ buffers/cache:       915M        76M
Swap:         8.0G       249M       7.8G

             total       used       free     shared    buffers     cached
Mem:          992M       923M        68M       2.3M       352K       4.8M
-/+ buffers/cache:       918M        73M
Swap:         8.0G       250M       7.8G

             total       used       free     shared    buffers     cached
Mem:          992M       916M        75M       2.3M       344K       4.7M
-/+ buffers/cache:       911M        80M
Swap:         8.0G       277M       7.7G

             total       used       free     shared    buffers     cached
Mem:          992M       925M        66M       2.3M       344K       4.6M
-/+ buffers/cache:       920M        71M
Swap:         8.0G       277M       7.7G

             total       used       free     shared    buffers     cached
Mem:          992M       920M        72M       2.3M       336K       4.5M
-/+ buffers/cache:       915M        77M
Swap:         8.0G       288M       7.7G

             total       used       free     shared    buffers     cached
Mem:          992M       924M        67M       2.3M       344K       4.5M
-/+ buffers/cache:       919M        72M
Swap:         8.0G       288M       7.7G

             total       used       free     shared    buffers     cached
Mem:          992M       916M        75M       2.3M       304K       4.5M
-/+ buffers/cache:       911M        80M
Swap:         8.0G       300M       7.7G

             total       used       free     shared    buffers     cached
Mem:          992M       922M        69M       2.3M       304K       4.5M
-/+ buffers/cache:       917M        74M
Swap:         8.0G       300M       7.7G

             total       used       free     shared    buffers     cached
Mem:          992M       928M        63M       2.3M       304K       4.5M
-/+ buffers/cache:       923M        68M
Swap:         8.0G       300M       7.7G

             total       used       free     shared    buffers     cached
Mem:          992M       922M        70M       2.3M       236K       4.5M
-/+ buffers/cache:       917M        74M
Swap:         8.0G       316M       7.7G

             total       used       free     shared    buffers     cached
Mem:          992M       928M        63M       2.3M       244K       4.5M
-/+ buffers/cache:       923M        68M
Swap:         8.0G       316M       7.7G

             total       used       free     shared    buffers     cached
Mem:          992M       913M        78M         0B       124K       2.2M
-/+ buffers/cache:       911M        80M
Swap:         8.0G       344M       7.7G

             total       used       free     shared    buffers     cached
Mem:          992M       918M        73M         4K       124K       2.2M
-/+ buffers/cache:       916M        75M
Swap:         8.0G       344M       7.7G

             total       used       free     shared    buffers     cached
Mem:          992M       929M        62M         4K       124K       2.2M
-/+ buffers/cache:       927M        64M
Swap:         8.0G       335M       7.7G

             total       used       free     shared    buffers     cached
Mem:          992M       924M        67M         4K        88K       2.0M
-/+ buffers/cache:       922M        69M
Swap:         8.0G       332M       7.7G

             total       used       free     shared    buffers     cached
Mem:          992M       919M        72M         0B       216K        18M
-/+ buffers/cache:       901M        91M
Swap:         8.0G       355M       7.6G

             total       used       free     shared    buffers     cached
Mem:          992M       920M        71M         0B       224K        18M
-/+ buffers/cache:       901M        90M
Swap:         8.0G       353M       7.7G

             total       used       free     shared    buffers     cached
Mem:          992M       926M        65M         0B       512K        12M
-/+ buffers/cache:       914M        77M
Swap:         8.0G       345M       7.7G

             total       used       free     shared    buffers     cached
Mem:          992M       921M        70M         0B       224K       3.4M
-/+ buffers/cache:       918M        73M
Swap:         8.0G       339M       7.7G

             total       used       free     shared    buffers     cached
Mem:          992M       920M        71M         0B        80K       2.9M
-/+ buffers/cache:       917M        74M
Swap:         8.0G       341M       7.7G

             total       used       free     shared    buffers     cached
Mem:          992M       916M        75M         0B       320K       2.1M
-/+ buffers/cache:       914M        77M
Swap:         8.0G       356M       7.6G

             total       used       free     shared    buffers     cached
Mem:          992M       921M        70M         0B       328K       1.7M
-/+ buffers/cache:       919M        72M
Swap:         8.0G       345M       7.7G

             total       used       free     shared    buffers     cached
Mem:          992M       917M        74M         0B       328K       1.7M
-/+ buffers/cache:       915M        76M
Swap:         8.0G       365M       7.6G

             total       used       free     shared    buffers     cached
Mem:          992M       919M        72M         0B       328K       1.6M
-/+ buffers/cache:       917M        74M
Swap:         8.0G       352M       7.7G

             total       used       free     shared    buffers     cached
Mem:          992M       930M        61M         0B       328K       1.6M
-/+ buffers/cache:       928M        63M
Swap:         8.0G       347M       7.7G

             total       used       free     shared    buffers     cached
Mem:          992M       924M        67M         0B       220K       1.6M
-/+ buffers/cache:       923M        69M
Swap:         8.0G       357M       7.6G

             total       used       free     shared    buffers     cached
Mem:          992M       911M        80M         0B        88K       2.1M
-/+ buffers/cache:       909M        82M
Swap:         8.0G       372M       7.6G

             total       used       free     shared    buffers     cached
Mem:          992M       912M        79M         0B        88K       2.1M
-/+ buffers/cache:       910M        82M
Swap:         8.0G       371M       7.6G

             total       used       free     shared    buffers     cached
Mem:          992M       917M        74M         0B        88K       2.1M
-/+ buffers/cache:       915M        77M
Swap:         8.0G       369M       7.6G

             total       used       free     shared    buffers     cached
Mem:          992M       924M        67M         0B        88K       2.1M
-/+ buffers/cache:       922M        70M
Swap:         8.0G       368M       7.6G

             total       used       free     shared    buffers     cached
Mem:          992M       912M        80M         0B        88K       2.0M
-/+ buffers/cache:       910M        82M
Swap:         8.0G       384M       7.6G

             total       used       free     shared    buffers     cached
Mem:          992M       918M        73M         0B        88K       2.0M
-/+ buffers/cache:       916M        75M
Swap:         8.0G       384M       7.6G

             total       used       free     shared    buffers     cached
Mem:          992M       924M        67M         0B        96K       2.0M
-/+ buffers/cache:       922M        70M
Swap:         8.0G       384M       7.6G

             total       used       free     shared    buffers     cached
Mem:          992M       930M        62M         0B        96K       2.0M
-/+ buffers/cache:       928M        64M
Swap:         8.0G       384M       7.6G

             total       used       free     shared    buffers     cached
Mem:          992M       925M        66M         0B        96K       2.0M
-/+ buffers/cache:       923M        68M
Swap:         8.0G       397M       7.6G

             total       used       free     shared    buffers     cached
Mem:          992M       930M        61M         0B        96K       2.0M
-/+ buffers/cache:       928M        63M
Swap:         8.0G       397M       7.6G

             total       used       free     shared    buffers     cached
Mem:          992M       921M        71M         0B        96K       1.9M
-/+ buffers/cache:       919M        73M
Swap:         8.0G       403M       7.6G

             total       used       free     shared    buffers     cached
Mem:          992M       923M        68M         0B       104K       2.0M
-/+ buffers/cache:       921M        70M
Swap:         8.0G       402M       7.6G

             total       used       free     shared    buffers     cached
Mem:          992M       926M        65M         0B       104K       1.9M
-/+ buffers/cache:       924M        67M
Swap:         8.0G       400M       7.6G

             total       used       free     shared    buffers     cached
Mem:          992M       929M        62M         0B       104K       2.0M
-/+ buffers/cache:       927M        64M
Swap:         8.0G       399M       7.6G

             total       used       free     shared    buffers     cached
Mem:          992M       911M        80M         0B       104K       1.9M
-/+ buffers/cache:       909M        82M
Swap:         8.0G       418M       7.6G

             total       used       free     shared    buffers     cached
Mem:          992M       914M        77M         0B       104K       1.9M
-/+ buffers/cache:       912M        79M
Swap:         8.0G       416M       7.6G

             total       used       free     shared    buffers     cached
Mem:          992M       917M        74M         0B       112K       1.9M
-/+ buffers/cache:       915M        76M
Swap:         8.0G       415M       7.6G

             total       used       free     shared    buffers     cached
Mem:          992M       920M        71M         0B       252K       2.7M
-/+ buffers/cache:       917M        74M
Swap:         8.0G       414M       7.6G

             total       used       free     shared    buffers     cached
Mem:          992M       923M        68M         0B       252K       2.9M
-/+ buffers/cache:       920M        71M
Swap:         8.0G       413M       7.6G

             total       used       free     shared    buffers     cached
Mem:          992M       926M        66M         0B       252K       2.8M
-/+ buffers/cache:       922M        69M
Swap:         8.0G       412M       7.6G

             total       used       free     shared    buffers     cached
Mem:          992M       929M        63M         0B       252K       2.8M
-/+ buffers/cache:       925M        66M
Swap:         8.0G       410M       7.6G

             total       used       free     shared    buffers     cached
Mem:          992M       912M        80M         0B       244K       2.6M
-/+ buffers/cache:       909M        82M
Swap:         8.0G       431M       7.6G

             total       used       free     shared    buffers     cached
Mem:          992M       914M        77M         0B       252K       2.6M
-/+ buffers/cache:       911M        80M
Swap:         8.0G       430M       7.6G

             total       used       free     shared    buffers     cached
Mem:          992M       916M        75M         0B       252K       2.6M
-/+ buffers/cache:       913M        78M
Swap:         8.0G       429M       7.6G

             total       used       free     shared    buffers     cached
Mem:          992M       919M        72M         0B       252K       2.6M
-/+ buffers/cache:       916M        75M
Swap:         8.0G       428M       7.6G

             total       used       free     shared    buffers     cached
Mem:          992M       922M        69M         0B       252K       2.6M
-/+ buffers/cache:       919M        72M
Swap:         8.0G       426M       7.6G

             total       used       free     shared    buffers     cached
Mem:          992M       924M        67M         0B       252K       2.6M
-/+ buffers/cache:       921M        70M
Swap:         8.0G       425M       7.6G

             total       used       free     shared    buffers     cached
Mem:          992M       927M        64M         0B       260K       2.6M
-/+ buffers/cache:       924M        67M
Swap:         8.0G       424M       7.6G

             total       used       free     shared    buffers     cached
Mem:          992M       930M        61M         0B       260K       2.8M
-/+ buffers/cache:       927M        65M
Swap:         8.0G       423M       7.6G

             total       used       free     shared    buffers     cached
Mem:          992M       915M        76M         0B       260K       2.7M
-/+ buffers/cache:       912M        79M
Swap:         8.0G       432M       7.6G

             total       used       free     shared    buffers     cached
Mem:          992M       917M        74M         0B       260K       2.7M
-/+ buffers/cache:       915M        77M
Swap:         8.0G       431M       7.6G

             total       used       free     shared    buffers     cached
Mem:          992M       920M        71M         0B       260K       2.7M
-/+ buffers/cache:       917M        74M
Swap:         8.0G       430M       7.6G

             total       used       free     shared    buffers     cached
Mem:          992M       923M        69M         0B       268K       2.7M
-/+ buffers/cache:       920M        72M
Swap:         8.0G       429M       7.6G

             total       used       free     shared    buffers     cached
Mem:          992M       925M        66M         0B       268K       2.7M
-/+ buffers/cache:       922M        69M
Swap:         8.0G       428M       7.6G

             total       used       free     shared    buffers     cached
Mem:          992M       928M        63M         0B       268K       2.7M
-/+ buffers/cache:       925M        66M
Swap:         8.0G       427M       7.6G

             total       used       free     shared    buffers     cached
Mem:          992M       931M        61M         0B       268K       2.7M
-/+ buffers/cache:       928M        64M
Swap:         8.0G       425M       7.6G

             total       used       free     shared    buffers     cached
Mem:          992M       918M        73M         0B       268K       2.6M
-/+ buffers/cache:       915M        76M
Swap:         8.0G       435M       7.6G

             total       used       free     shared    buffers     cached
Mem:          992M       921M        70M         0B       268K       2.6M
-/+ buffers/cache:       918M        73M
Swap:         8.0G       434M       7.6G

             total       used       free     shared    buffers     cached
Mem:          992M       923M        68M         0B       276K       2.6M
-/+ buffers/cache:       920M        71M
Swap:         8.0G       433M       7.6G

             total       used       free     shared    buffers     cached
Mem:          992M       926M        65M         0B       276K       2.6M
-/+ buffers/cache:       923M        68M
Swap:         8.0G       432M       7.6G

             total       used       free     shared    buffers     cached
Mem:          992M       929M        62M         0B       276K       2.6M
-/+ buffers/cache:       926M        65M
Swap:         8.0G       430M       7.6G

             total       used       free     shared    buffers     cached
Mem:          992M       915M        76M         0B       276K       2.6M
-/+ buffers/cache:       913M        79M
Swap:         8.0G       446M       7.6G

             total       used       free     shared    buffers     cached
Mem:          992M       918M        74M         0B       276K       2.6M
-/+ buffers/cache:       915M        76M
Swap:         8.0G       445M       7.6G

             total       used       free     shared    buffers     cached
Mem:          992M       920M        71M         0B       284K       2.6M
-/+ buffers/cache:       917M        74M
Swap:         8.0G       444M       7.6G

             total       used       free     shared    buffers     cached
Mem:          992M       923M        69M         0B       284K       2.6M
-/+ buffers/cache:       920M        71M
Swap:         8.0G       443M       7.6G

             total       used       free     shared    buffers     cached
Mem:          992M       925M        66M         0B       284K       2.6M
-/+ buffers/cache:       922M        69M
Swap:         8.0G       442M       7.6G

             total       used       free     shared    buffers     cached
Mem:          992M       927M        64M         0B       284K       2.6M
-/+ buffers/cache:       925M        67M
Swap:         8.0G       440M       7.6G

             total       used       free     shared    buffers     cached
Mem:          992M       930M        61M         0B       284K       2.6M
-/+ buffers/cache:       927M        64M
Swap:         8.0G       439M       7.6G

             total       used       free     shared    buffers     cached
Mem:          992M       921M        71M         0B       292K       2.6M
-/+ buffers/cache:       918M        73M
Swap:         8.0G       446M       7.6G

             total       used       free     shared    buffers     cached
Mem:          992M       900M        92M         0B        84K        18M
-/+ buffers/cache:       881M       110M
Swap:         8.0G       493M       7.5G

             total       used       free     shared    buffers     cached
Mem:          992M       903M        88M         0B       560K        18M
-/+ buffers/cache:       884M       108M
Swap:         8.0G       492M       7.5G

             total       used       free     shared    buffers     cached
Mem:          992M       906M        85M         0B       560K        18M
-/+ buffers/cache:       886M       105M
Swap:         8.0G       491M       7.5G

             total       used       free     shared    buffers     cached
Mem:          992M       908M        83M         0B       560K        18M
-/+ buffers/cache:       889M       103M
Swap:         8.0G       490M       7.5G

             total       used       free     shared    buffers     cached
Mem:          992M       910M        81M         0B       560K        18M
-/+ buffers/cache:       891M       100M
Swap:         8.0G       489M       7.5G

             total       used       free     shared    buffers     cached
Mem:          992M       913M        79M         0B       568K        18M
-/+ buffers/cache:       893M        98M
Swap:         8.0G       488M       7.5G

             total       used       free     shared    buffers     cached
Mem:          992M       915M        76M         0B       568K        18M
-/+ buffers/cache:       895M        96M
Swap:         8.0G       487M       7.5G

             total       used       free     shared    buffers     cached
Mem:          992M       918M        73M         0B       568K        18M
-/+ buffers/cache:       898M        93M
Swap:         8.0G       486M       7.5G

             total       used       free     shared    buffers     cached
Mem:          992M       920M        71M         0B       568K        18M
-/+ buffers/cache:       901M        90M
Swap:         8.0G       485M       7.5G

             total       used       free     shared    buffers     cached
Mem:          992M       923M        69M         0B       568K        18M
-/+ buffers/cache:       903M        88M
Swap:         8.0G       484M       7.5G

             total       used       free     shared    buffers     cached
Mem:          992M       926M        66M         0B       576K        18M
-/+ buffers/cache:       906M        85M
Swap:         8.0G       482M       7.5G

             total       used       free     shared    buffers     cached
Mem:          992M       928M        63M         0B       576K        18M
-/+ buffers/cache:       908M        83M
Swap:         8.0G       481M       7.5G

             total       used       free     shared    buffers     cached
Mem:          992M       930M        61M         0B       576K        18M
-/+ buffers/cache:       911M        81M
Swap:         8.0G       480M       7.5G

             total       used       free     shared    buffers     cached
Mem:          992M       920M        71M         0B       576K        18M
-/+ buffers/cache:       901M        90M
Swap:         8.0G       481M       7.5G

             total       used       free     shared    buffers     cached
Mem:          992M       923M        68M         0B       576K        18M
-/+ buffers/cache:       903M        88M
Swap:         8.0G       480M       7.5G

             total       used       free     shared    buffers     cached
Mem:          992M       925M        66M         0B       584K        18M
-/+ buffers/cache:       906M        86M
Swap:         8.0G       479M       7.5G

             total       used       free     shared    buffers     cached
Mem:          992M       927M        64M         0B       584K        18M
-/+ buffers/cache:       908M        83M
Swap:         8.0G       478M       7.5G

             total       used       free     shared    buffers     cached
Mem:          992M       930M        61M         0B       584K        20M
-/+ buffers/cache:       910M        82M
Swap:         8.0G       477M       7.5G

             total       used       free     shared    buffers     cached
Mem:          992M       920M        71M         0B       584K        17M
-/+ buffers/cache:       902M        89M
Swap:         8.0G       490M       7.5G

             total       used       free     shared    buffers     cached
Mem:          992M       924M        67M         0B       872K        18M
-/+ buffers/cache:       905M        86M
Swap:         8.0G       489M       7.5G

             total       used       free     shared    buffers     cached
Mem:          992M       927M        65M         0B       1.0M        23M
-/+ buffers/cache:       902M        90M
Swap:         8.0G       492M       7.5G

             total       used       free     shared    buffers     cached
Mem:          992M       924M        67M        16K       996K        26M
-/+ buffers/cache:       896M        95M
Swap:         8.0G       504M       7.5G

             total       used       free     shared    buffers     cached
Mem:          992M       926M        65M        16K       996K        26M
-/+ buffers/cache:       898M        93M
Swap:         8.0G       503M       7.5G

             total       used       free     shared    buffers     cached
Mem:          992M       928M        64M        16K       1.0M        26M
-/+ buffers/cache:       900M        91M
Swap:         8.0G       503M       7.5G

             total       used       free     shared    buffers     cached
Mem:          992M       929M        62M        16K       1.0M        26M
-/+ buffers/cache:       901M        90M
Swap:         8.0G       502M       7.5G

             total       used       free     shared    buffers     cached
Mem:          992M       930M        61M        16K       1.0M        26M
-/+ buffers/cache:       902M        89M
Swap:         8.0G       501M       7.5G

             total       used       free     shared    buffers     cached
Mem:          992M       918M        74M        16K       1.0M        25M
-/+ buffers/cache:       891M       100M
Swap:         8.0G       502M       7.5G

             total       used       free     shared    buffers     cached
Mem:          992M       919M        72M        16K       1.0M        25M
-/+ buffers/cache:       892M        99M
Swap:         8.0G       501M       7.5G

             total       used       free     shared    buffers     cached
Mem:          992M       923M        69M        16K       1.0M        26M
-/+ buffers/cache:       895M        96M
Swap:         8.0G       500M       7.5G

             total       used       free     shared    buffers     cached
Mem:          992M       924M        67M        16K       1.0M        26M
-/+ buffers/cache:       896M        95M
Swap:         8.0G       499M       7.5G

             total       used       free     shared    buffers     cached
Mem:          992M       925M        66M        16K       1.0M        26M
-/+ buffers/cache:       897M        94M
Swap:         8.0G       499M       7.5G

             total       used       free     shared    buffers     cached
Mem:          992M       927M        65M        16K       1.0M        26M
-/+ buffers/cache:       899M        93M
Swap:         8.0G       498M       7.5G

             total       used       free     shared    buffers     cached
Mem:          992M       928M        63M        16K       1.0M        26M
-/+ buffers/cache:       900M        91M
Swap:         8.0G       497M       7.5G

             total       used       free     shared    buffers     cached
Mem:          992M       929M        62M        16K       1.0M        26M
-/+ buffers/cache:       901M        90M
Swap:         8.0G       497M       7.5G

             total       used       free     shared    buffers     cached
Mem:          992M       931M        61M        16K       1.0M        26M
-/+ buffers/cache:       903M        89M
Swap:         8.0G       496M       7.5G

             total       used       free     shared    buffers     cached
Mem:          992M       915M        76M        16K       980K        24M
-/+ buffers/cache:       889M       102M
Swap:         8.0G       519M       7.5G

             total       used       free     shared    buffers     cached
Mem:          992M       916M        75M        16K       980K        24M
-/+ buffers/cache:       890M       101M
Swap:         8.0G       518M       7.5G

             total       used       free     shared    buffers     cached
Mem:          992M       917M        74M        16K       988K        24M
-/+ buffers/cache:       891M       100M
Swap:         8.0G       518M       7.5G

             total       used       free     shared    buffers     cached
Mem:          992M       918M        73M        16K       988K        24M
-/+ buffers/cache:       893M        99M
Swap:         8.0G       517M       7.5G

             total       used       free     shared    buffers     cached
Mem:          992M       920M        71M        16K       988K        24M
-/+ buffers/cache:       894M        97M
Swap:         8.0G       516M       7.5G

             total       used       free     shared    buffers     cached
Mem:          992M       921M        70M        16K       988K        24M
-/+ buffers/cache:       896M        96M
Swap:         8.0G       516M       7.5G

             total       used       free     shared    buffers     cached
Mem:          992M       922M        69M        16K       988K        24M
-/+ buffers/cache:       897M        95M
Swap:         8.0G       515M       7.5G

             total       used       free     shared    buffers     cached
Mem:          992M       924M        67M        16K       988K        24M
-/+ buffers/cache:       898M        93M
Swap:         8.0G       514M       7.5G

             total       used       free     shared    buffers     cached
Mem:          992M       925M        66M        16K       996K        24M
-/+ buffers/cache:       900M        92M
Swap:         8.0G       514M       7.5G

             total       used       free     shared    buffers     cached
Mem:          992M       927M        64M        16K       996K        24M
-/+ buffers/cache:       901M        90M
Swap:         8.0G       513M       7.5G

             total       used       free     shared    buffers     cached
Mem:          992M       928M        63M        16K       996K        24M
-/+ buffers/cache:       902M        89M
Swap:         8.0G       512M       7.5G

             total       used       free     shared    buffers     cached
Mem:          992M       929M        62M        16K       996K        24M
-/+ buffers/cache:       904M        88M
Swap:         8.0G       512M       7.5G

             total       used       free     shared    buffers     cached
Mem:          992M       931M        61M        16K       996K        24M
-/+ buffers/cache:       905M        87M
Swap:         8.0G       511M       7.5G

             total       used       free     shared    buffers     cached
Mem:          992M       918M        73M        16K       560K        24M
-/+ buffers/cache:       893M        98M
Swap:         8.0G       511M       7.5G

             total       used       free     shared    buffers     cached
Mem:          992M       920M        72M        16K       560K        24M
-/+ buffers/cache:       895M        97M
Swap:         8.0G       510M       7.5G

             total       used       free     shared    buffers     cached
Mem:          992M       921M        70M        16K       560K        24M
-/+ buffers/cache:       896M        95M
Swap:         8.0G       510M       7.5G

             total       used       free     shared    buffers     cached
Mem:          992M       922M        69M        16K       560K        24M
-/+ buffers/cache:       897M        94M
Swap:         8.0G       509M       7.5G

             total       used       free     shared    buffers     cached
Mem:          992M       924M        67M        16K       560K        24M
-/+ buffers/cache:       899M        93M
Swap:         8.0G       508M       7.5G

             total       used       free     shared    buffers     cached
Mem:          992M       925M        66M        16K       560K        24M
-/+ buffers/cache:       900M        91M
Swap:         8.0G       507M       7.5G

             total       used       free     shared    buffers     cached
Mem:          992M       927M        64M        16K       568K        24M
-/+ buffers/cache:       902M        89M
Swap:         8.0G       507M       7.5G

             total       used       free     shared    buffers     cached
Mem:          992M       928M        63M        16K       568K        24M
-/+ buffers/cache:       903M        88M
Swap:         8.0G       506M       7.5G

             total       used       free     shared    buffers     cached
Mem:          992M       930M        61M        16K       568K        24M
-/+ buffers/cache:       905M        87M
Swap:         8.0G       505M       7.5G

             total       used       free     shared    buffers     cached
Mem:          992M       931M        60M        16K       568K        24M
-/+ buffers/cache:       906M        85M
Swap:         8.0G       505M       7.5G

             total       used       free     shared    buffers     cached
Mem:          992M       919M        73M        16K       124K        22M
-/+ buffers/cache:       896M        95M
Swap:         8.0G       519M       7.5G

             total       used       free     shared    buffers     cached
Mem:          992M       920M        71M        16K       132K        23M
-/+ buffers/cache:       897M        94M
Swap:         8.0G       518M       7.5G

             total       used       free     shared    buffers     cached
Mem:          992M       929M        62M        16K       132K        30M
-/+ buffers/cache:       898M        93M
Swap:         8.0G       517M       7.5G

             total       used       free     shared    buffers     cached
Mem:          992M       920M        71M        20K       1.5M        31M
-/+ buffers/cache:       887M       104M
Swap:         8.0G       520M       7.5G

             total       used       free     shared    buffers     cached
Mem:          992M       921M        70M        20K       1.5M        31M
-/+ buffers/cache:       888M       103M
Swap:         8.0G       520M       7.5G

             total       used       free     shared    buffers     cached
Mem:          992M       922M        69M        20K       1.5M        31M
-/+ buffers/cache:       890M       102M
Swap:         8.0G       519M       7.5G

             total       used       free     shared    buffers     cached
Mem:          992M       924M        68M        20K       1.5M        31M
-/+ buffers/cache:       891M       100M
Swap:         8.0G       518M       7.5G

             total       used       free     shared    buffers     cached
Mem:          992M       925M        67M        20K       1.5M        31M
-/+ buffers/cache:       892M        99M
Swap:         8.0G       518M       7.5G

             total       used       free     shared    buffers     cached
Mem:          992M       926M        65M        20K       1.5M        31M
-/+ buffers/cache:       893M        98M
Swap:         8.0G       517M       7.5G

             total       used       free     shared    buffers     cached
Mem:          992M       927M        64M        20K       1.5M        31M
-/+ buffers/cache:       895M        97M
Swap:         8.0G       517M       7.5G

             total       used       free     shared    buffers     cached
Mem:          992M       929M        63M        20K       1.5M        31M
-/+ buffers/cache:       896M        95M
Swap:         8.0G       516M       7.5G

             total       used       free     shared    buffers     cached
Mem:          992M       930M        61M        20K       1.5M        31M
-/+ buffers/cache:       897M        94M
Swap:         8.0G       515M       7.5G

             total       used       free     shared    buffers     cached
Mem:          992M       910M        81M        20K       1.5M        27M
-/+ buffers/cache:       881M       110M
Swap:         8.0G       541M       7.5G

             total       used       free     shared    buffers     cached
Mem:          992M       911M        80M        20K       1.5M        27M
-/+ buffers/cache:       882M       109M
Swap:         8.0G       540M       7.5G

             total       used       free     shared    buffers     cached
Mem:          992M       913M        78M        20K       1.5M        27M
-/+ buffers/cache:       884M       108M
Swap:         8.0G       539M       7.5G

             total       used       free     shared    buffers     cached
Mem:          992M       914M        77M        20K       1.5M        27M
-/+ buffers/cache:       885M       106M
Swap:         8.0G       539M       7.5G

             total       used       free     shared    buffers     cached
Mem:          992M       915M        76M        20K       1.5M        27M
-/+ buffers/cache:       886M       105M
Swap:         8.0G       538M       7.5G

             total       used       free     shared    buffers     cached
Mem:          992M       917M        75M        20K       1.5M        27M
-/+ buffers/cache:       887M       104M
Swap:         8.0G       538M       7.5G

             total       used       free     shared    buffers     cached
Mem:          992M       918M        74M        20K       1.5M        27M
-/+ buffers/cache:       888M       103M
Swap:         8.0G       537M       7.5G

             total       used       free     shared    buffers     cached
Mem:          992M       919M        72M        20K       1.5M        27M
-/+ buffers/cache:       890M       101M
Swap:         8.0G       537M       7.5G

             total       used       free     shared    buffers     cached
Mem:          992M       920M        71M        20K       1.5M        27M
-/+ buffers/cache:       891M       100M
Swap:         8.0G       536M       7.5G

             total       used       free     shared    buffers     cached
Mem:          992M       922M        69M        20K       1.5M        27M
-/+ buffers/cache:       893M        99M
Swap:         8.0G       535M       7.5G

             total       used       free     shared    buffers     cached
Mem:          992M       923M        68M        20K       1.5M        27M
-/+ buffers/cache:       894M        97M
Swap:         8.0G       535M       7.5G

             total       used       free     shared    buffers     cached
Mem:          992M       924M        67M        20K       1.5M        27M
-/+ buffers/cache:       895M        96M
Swap:         8.0G       534M       7.5G

             total       used       free     shared    buffers     cached
Mem:          992M       926M        65M        20K       1.5M        27M
-/+ buffers/cache:       896M        95M
Swap:         8.0G       534M       7.5G

             total       used       free     shared    buffers     cached
Mem:          992M       927M        64M        20K       1.5M        27M
-/+ buffers/cache:       898M        94M
Swap:         8.0G       533M       7.5G

             total       used       free     shared    buffers     cached
Mem:          992M       929M        62M        20K       1.5M        28M
-/+ buffers/cache:       899M        92M
Swap:         8.0G       533M       7.5G

             total       used       free     shared    buffers     cached
Mem:          992M       931M        61M        20K       1.5M        28M
-/+ buffers/cache:       901M        91M
Swap:         8.0G       532M       7.5G

             total       used       free     shared    buffers     cached
Mem:          992M       916M        75M        24K       1.5M        27M
-/+ buffers/cache:       887M       104M
Swap:         8.0G       537M       7.5G

             total       used       free     shared    buffers     cached
Mem:          992M       918M        74M        24K       1.5M        27M
-/+ buffers/cache:       889M       103M
Swap:         8.0G       536M       7.5G

             total       used       free     shared    buffers     cached
Mem:          992M       926M        66M        24K       1.5M        29M
-/+ buffers/cache:       895M        97M
Swap:         8.0G       534M       7.5G

             total       used       free     shared    buffers     cached
Mem:          992M       927M        64M        24K       1.5M        29M
-/+ buffers/cache:       896M        95M
Swap:         8.0G       533M       7.5G

             total       used       free     shared    buffers     cached
Mem:          992M       930M        62M        24K       1.5M        29M
-/+ buffers/cache:       898M        93M
Swap:         8.0G       532M       7.5G

             total       used       free     shared    buffers     cached
Mem:          992M       919M        72M        24K       1.5M        31M
-/+ buffers/cache:       887M       105M
Swap:         8.0G       555M       7.5G

             total       used       free     shared    buffers     cached
Mem:          992M       919M        72M        24K       1.5M        31M
-/+ buffers/cache:       887M       104M
Swap:         8.0G       555M       7.5G

             total       used       free     shared    buffers     cached
Mem:          992M       921M        70M        24K       1.5M        31M
-/+ buffers/cache:       888M       103M
Swap:         8.0G       554M       7.5G

             total       used       free     shared    buffers     cached
Mem:          992M       921M        70M        24K       1.5M        31M
-/+ buffers/cache:       889M       102M
Swap:         8.0G       554M       7.5G

             total       used       free     shared    buffers     cached
Mem:          992M       922M        69M        24K       1.5M        31M
-/+ buffers/cache:       890M       102M
Swap:         8.0G       554M       7.5G

             total       used       free     shared    buffers     cached
Mem:          992M       923M        68M        24K       1.5M        31M
-/+ buffers/cache:       890M       101M
Swap:         8.0G       553M       7.5G

             total       used       free     shared    buffers     cached
Mem:          992M       924M        67M        24K       1.5M        31M
-/+ buffers/cache:       891M       100M
Swap:         8.0G       553M       7.5G

             total       used       free     shared    buffers     cached
Mem:          992M       925M        66M        24K       1.5M        31M
-/+ buffers/cache:       892M        99M
Swap:         8.0G       553M       7.5G

             total       used       free     shared    buffers     cached
Mem:          992M       925M        66M        24K       1.5M        31M
-/+ buffers/cache:       893M        98M
Swap:         8.0G       552M       7.5G

             total       used       free     shared    buffers     cached
Mem:          992M       926M        65M        24K       1.5M        31M
-/+ buffers/cache:       894M        98M
Swap:         8.0G       552M       7.5G

             total       used       free     shared    buffers     cached
Mem:          992M       925M        66M       208K       3.4M        49M
-/+ buffers/cache:       872M       119M
Swap:         8.0G       566M       7.4G

             total       used       free     shared    buffers     cached
Mem:          992M       917M        74M       3.9M       4.8M        65M
-/+ buffers/cache:       847M       144M
Swap:         8.0G       598M       7.4G

             total       used       free     shared    buffers     cached
Mem:          992M       925M        66M       232K       5.0M        65M
-/+ buffers/cache:       855M       137M
Swap:         8.0G       594M       7.4G

             total       used       free     shared    buffers     cached
Mem:          992M       930M        61M       256K       5.0M        66M
-/+ buffers/cache:       858M       133M
Swap:         8.0G       591M       7.4G

             total       used       free     shared    buffers     cached
Mem:          992M       919M        72M       256K       4.3M        62M
-/+ buffers/cache:       853M       139M
Swap:         8.0G       591M       7.4G

             total       used       free     shared    buffers     cached
Mem:          992M       921M        70M       256K       4.3M        62M
-/+ buffers/cache:       854M       137M
Swap:         8.0G       590M       7.4G

             total       used       free     shared    buffers     cached
Mem:          992M       922M        70M       256K       4.3M        62M
-/+ buffers/cache:       855M       136M
Swap:         8.0G       590M       7.4G

             total       used       free     shared    buffers     cached
Mem:          992M       924M        67M       256K       4.4M        63M
-/+ buffers/cache:       857M       134M
Swap:         8.0G       589M       7.4G

             total       used       free     shared    buffers     cached
Mem:          992M       926M        66M       256K       4.4M        63M
-/+ buffers/cache:       858M       133M
Swap:         8.0G       589M       7.4G

             total       used       free     shared    buffers     cached
Mem:          992M       927M        64M       256K       4.4M        63M
-/+ buffers/cache:       859M       132M
Swap:         8.0G       588M       7.4G

             total       used       free     shared    buffers     cached
Mem:          992M       928M        63M       256K       4.4M        63M
-/+ buffers/cache:       861M       130M
Swap:         8.0G       587M       7.4G

             total       used       free     shared    buffers     cached
Mem:          992M       930M        62M       256K       4.4M        63M
-/+ buffers/cache:       862M       129M
Swap:         8.0G       587M       7.4G

             total       used       free     shared    buffers     cached
Mem:          992M       925M        66M       256K       4.4M        61M
-/+ buffers/cache:       859M       132M
Swap:         8.0G       589M       7.4G

             total       used       free     shared    buffers     cached
Mem:          992M       916M        75M       256K       4.4M        61M
-/+ buffers/cache:       850M       141M
Swap:         8.0G       609M       7.4G

             total       used       free     shared    buffers     cached
Mem:          992M       917M        74M       256K       4.4M        61M
-/+ buffers/cache:       851M       140M
Swap:         8.0G       609M       7.4G

             total       used       free     shared    buffers     cached
Mem:          992M       919M        73M       256K       4.4M        61M
-/+ buffers/cache:       853M       138M
Swap:         8.0G       608M       7.4G

             total       used       free     shared    buffers     cached
Mem:          992M       920M        71M       256K       4.4M        61M
-/+ buffers/cache:       854M       137M
Swap:         8.0G       608M       7.4G

             total       used       free     shared    buffers     cached
Mem:          992M       921M        70M       256K       4.4M        61M
-/+ buffers/cache:       855M       136M
Swap:         8.0G       607M       7.4G

             total       used       free     shared    buffers     cached
Mem:          992M       923M        68M       256K       4.4M        61M
-/+ buffers/cache:       857M       134M
Swap:         8.0G       606M       7.4G

             total       used       free     shared    buffers     cached
Mem:          992M       925M        67M       256K       4.4M        61M
-/+ buffers/cache:       858M       133M
Swap:         8.0G       606M       7.4G

             total       used       free     shared    buffers     cached
Mem:          992M       926M        65M       256K       4.4M        61M
-/+ buffers/cache:       860M       132M
Swap:         8.0G       605M       7.4G

             total       used       free     shared    buffers     cached
Mem:          992M       927M        64M       256K       4.4M        61M
-/+ buffers/cache:       861M       130M
Swap:         8.0G       605M       7.4G

             total       used       free     shared    buffers     cached
Mem:          992M       929M        62M       256K       4.4M        61M
-/+ buffers/cache:       863M       129M
Swap:         8.0G       604M       7.4G

             total       used       free     shared    buffers     cached
Mem:          992M       930M        61M       256K       4.4M        61M
-/+ buffers/cache:       864M       127M
Swap:         8.0G       603M       7.4G

             total       used       free     shared    buffers     cached
Mem:          992M       918M        74M       256K       4.4M        61M
-/+ buffers/cache:       852M       139M
Swap:         8.0G       607M       7.4G

             total       used       free     shared    buffers     cached
Mem:          992M       919M        73M       256K       4.4M        61M
-/+ buffers/cache:       853M       138M
Swap:         8.0G       606M       7.4G

             total       used       free     shared    buffers     cached
Mem:          992M       920M        71M       256K       4.4M        61M
-/+ buffers/cache:       854M       137M
Swap:         8.0G       605M       7.4G

             total       used       free     shared    buffers     cached
Mem:          992M       921M        70M       256K       4.4M        61M
-/+ buffers/cache:       856M       136M
Swap:         8.0G       605M       7.4G

             total       used       free     shared    buffers     cached
Mem:          992M       923M        68M       256K       4.5M        61M
-/+ buffers/cache:       857M       134M
Swap:         8.0G       604M       7.4G

             total       used       free     shared    buffers     cached
Mem:          992M       925M        67M       256K       4.5M        61M
-/+ buffers/cache:       859M       132M
Swap:         8.0G       604M       7.4G

             total       used       free     shared    buffers     cached
Mem:          992M       926M        65M       256K       4.5M        61M
-/+ buffers/cache:       860M       131M
Swap:         8.0G       603M       7.4G

             total       used       free     shared    buffers     cached
Mem:          992M       927M        64M       256K       4.5M        61M
-/+ buffers/cache:       861M       130M
Swap:         8.0G       602M       7.4G

             total       used       free     shared    buffers     cached
Mem:          992M       929M        63M       256K       4.5M        61M
-/+ buffers/cache:       863M       128M
Swap:         8.0G       602M       7.4G

             total       used       free     shared    buffers     cached
Mem:          992M       930M        61M       256K       4.5M        61M
-/+ buffers/cache:       864M       127M
Swap:         8.0G       601M       7.4G

             total       used       free     shared    buffers     cached
Mem:          992M       901M        91M       252K       3.6M        58M
-/+ buffers/cache:       838M       153M
Swap:         8.0G       621M       7.4G

             total       used       free     shared    buffers     cached
Mem:          992M       902M        90M       252K       3.6M        58M
-/+ buffers/cache:       839M       152M
Swap:         8.0G       621M       7.4G

             total       used       free     shared    buffers     cached
Mem:          992M       915M        76M       320K       7.8M        74M
-/+ buffers/cache:       832M       159M
Swap:         8.0G       625M       7.4G
