             total       used       free     shared    buffers     cached
Mem:          992M       655M       336M       3.2M        38M       286M
-/+ buffers/cache:       330M       661M
Swap:         8.0G         0B       8.0G

             total       used       free     shared    buffers     cached
Mem:          992M       654M       337M       1.4M        38M       285M
-/+ buffers/cache:       330M       662M
Swap:         8.0G         0B       8.0G

             total       used       free     shared    buffers     cached
Mem:          992M       654M       337M       1.4M        38M       285M
-/+ buffers/cache:       330M       662M
Swap:         8.0G         0B       8.0G

             total       used       free     shared    buffers     cached
Mem:          992M       654M       337M       1.4M        38M       285M
-/+ buffers/cache:       330M       662M
Swap:         8.0G         0B       8.0G

             total       used       free     shared    buffers     cached
Mem:          992M       654M       337M       1.4M        38M       285M
-/+ buffers/cache:       330M       662M
Swap:         8.0G         0B       8.0G

             total       used       free     shared    buffers     cached
Mem:          992M       654M       337M       1.4M        38M       285M
-/+ buffers/cache:       330M       662M
Swap:         8.0G         0B       8.0G

             total       used       free     shared    buffers     cached
Mem:          992M       654M       337M       1.4M        38M       285M
-/+ buffers/cache:       330M       662M
Swap:         8.0G         0B       8.0G

             total       used       free     shared    buffers     cached
Mem:          992M       654M       338M       1.4M        38M       285M
-/+ buffers/cache:       329M       662M
Swap:         8.0G         0B       8.0G

             total       used       free     shared    buffers     cached
Mem:          992M       654M       337M       1.4M        38M       285M
-/+ buffers/cache:       329M       662M
Swap:         8.0G         0B       8.0G

             total       used       free     shared    buffers     cached
Mem:          992M       657M       334M       1.4M        38M       285M
-/+ buffers/cache:       332M       659M
Swap:         8.0G         0B       8.0G

             total       used       free     shared    buffers     cached
Mem:          992M       676M       315M       1.4M        38M       285M
-/+ buffers/cache:       351M       640M
Swap:         8.0G         0B       8.0G

             total       used       free     shared    buffers     cached
Mem:          992M       683M       308M       1.4M        38M       288M
-/+ buffers/cache:       356M       635M
Swap:         8.0G         0B       8.0G

             total       used       free     shared    buffers     cached
Mem:          992M       698M       293M       1.4M        38M       289M
-/+ buffers/cache:       369M       622M
Swap:         8.0G         0B       8.0G

             total       used       free     shared    buffers     cached
Mem:          992M       731M       260M       1.5M        38M       290M
-/+ buffers/cache:       402M       589M
Swap:         8.0G         0B       8.0G

             total       used       free     shared    buffers     cached
Mem:          992M       734M       257M       1.5M        38M       290M
-/+ buffers/cache:       405M       586M
Swap:         8.0G         0B       8.0G

             total       used       free     shared    buffers     cached
Mem:          992M       722M       269M       1.5M        39M       291M
-/+ buffers/cache:       391M       600M
Swap:         8.0G         0B       8.0G

             total       used       free     shared    buffers     cached
Mem:          992M       721M       270M       1.5M        39M       294M
-/+ buffers/cache:       387M       604M
Swap:         8.0G         0B       8.0G

             total       used       free     shared    buffers     cached
Mem:          992M       721M       270M       1.5M        39M       294M
-/+ buffers/cache:       387M       604M
Swap:         8.0G         0B       8.0G

             total       used       free     shared    buffers     cached
Mem:          992M       721M       270M       1.5M        39M       294M
-/+ buffers/cache:       387M       604M
Swap:         8.0G         0B       8.0G

             total       used       free     shared    buffers     cached
Mem:          992M       721M       270M       1.5M        39M       294M
-/+ buffers/cache:       387M       604M
Swap:         8.0G         0B       8.0G

             total       used       free     shared    buffers     cached
Mem:          992M       721M       270M       1.5M        39M       294M
-/+ buffers/cache:       387M       604M
Swap:         8.0G         0B       8.0G

             total       used       free     shared    buffers     cached
Mem:          992M       722M       269M       1.5M        39M       295M
-/+ buffers/cache:       387M       604M
Swap:         8.0G         0B       8.0G

             total       used       free     shared    buffers     cached
Mem:          992M       722M       269M       1.5M        39M       295M
-/+ buffers/cache:       387M       604M
Swap:         8.0G         0B       8.0G

             total       used       free     shared    buffers     cached
Mem:          992M       722M       269M       1.5M        39M       295M
-/+ buffers/cache:       387M       604M
Swap:         8.0G         0B       8.0G

             total       used       free     shared    buffers     cached
Mem:          992M       722M       269M       1.5M        39M       295M
-/+ buffers/cache:       387M       604M
Swap:         8.0G         0B       8.0G

             total       used       free     shared    buffers     cached
Mem:          992M       722M       270M       1.5M        39M       295M
-/+ buffers/cache:       387M       604M
Swap:         8.0G         0B       8.0G

             total       used       free     shared    buffers     cached
Mem:          992M       722M       270M       1.5M        39M       295M
-/+ buffers/cache:       387M       604M
Swap:         8.0G         0B       8.0G

             total       used       free     shared    buffers     cached
Mem:          992M       722M       270M       1.5M        39M       295M
-/+ buffers/cache:       387M       604M
Swap:         8.0G         0B       8.0G

             total       used       free     shared    buffers     cached
Mem:          992M       722M       270M       1.5M        39M       295M
-/+ buffers/cache:       387M       604M
Swap:         8.0G         0B       8.0G

             total       used       free     shared    buffers     cached
Mem:          992M       722M       270M       1.5M        39M       295M
-/+ buffers/cache:       387M       604M
Swap:         8.0G         0B       8.0G

             total       used       free     shared    buffers     cached
Mem:          992M       722M       270M       1.5M        39M       295M
-/+ buffers/cache:       387M       604M
Swap:         8.0G         0B       8.0G

             total       used       free     shared    buffers     cached
Mem:          992M       722M       270M       1.5M        39M       295M
-/+ buffers/cache:       387M       604M
Swap:         8.0G         0B       8.0G

             total       used       free     shared    buffers     cached
Mem:          992M       722M       270M       1.5M        39M       295M
-/+ buffers/cache:       387M       604M
Swap:         8.0G         0B       8.0G

             total       used       free     shared    buffers     cached
Mem:          992M       727M       264M       1.5M        39M       295M
-/+ buffers/cache:       392M       599M
Swap:         8.0G         0B       8.0G

             total       used       free     shared    buffers     cached
Mem:          992M       744M       247M       1.5M        39M       295M
-/+ buffers/cache:       410M       582M
Swap:         8.0G         0B       8.0G

             total       used       free     shared    buffers     cached
Mem:          992M       764M       227M       1.5M        39M       295M
-/+ buffers/cache:       429M       562M
Swap:         8.0G         0B       8.0G

             total       used       free     shared    buffers     cached
Mem:          992M       781M       210M       1.5M        39M       295M
-/+ buffers/cache:       447M       545M
Swap:         8.0G         0B       8.0G

             total       used       free     shared    buffers     cached
Mem:          992M       796M       195M       1.5M        39M       295M
-/+ buffers/cache:       462M       530M
Swap:         8.0G         0B       8.0G

             total       used       free     shared    buffers     cached
Mem:          992M       811M       180M       1.5M        39M       295M
-/+ buffers/cache:       476M       515M
Swap:         8.0G         0B       8.0G

             total       used       free     shared    buffers     cached
Mem:          992M       824M       167M       1.5M        39M       295M
-/+ buffers/cache:       490M       502M
Swap:         8.0G         0B       8.0G

             total       used       free     shared    buffers     cached
Mem:          992M       835M       156M       1.5M        39M       295M
-/+ buffers/cache:       501M       490M
Swap:         8.0G         0B       8.0G

             total       used       free     shared    buffers     cached
Mem:          992M       848M       143M       1.5M        39M       295M
-/+ buffers/cache:       514M       477M
Swap:         8.0G         0B       8.0G

             total       used       free     shared    buffers     cached
Mem:          992M       863M       129M       1.5M        39M       295M
-/+ buffers/cache:       528M       463M
Swap:         8.0G         0B       8.0G

             total       used       free     shared    buffers     cached
Mem:          992M       882M       110M       1.5M        39M       295M
-/+ buffers/cache:       547M       444M
Swap:         8.0G         0B       8.0G

             total       used       free     shared    buffers     cached
Mem:          992M       902M        90M       1.5M        39M       295M
-/+ buffers/cache:       567M       424M
Swap:         8.0G         0B       8.0G

             total       used       free     shared    buffers     cached
Mem:          992M       918M        74M       1.5M        39M       295M
-/+ buffers/cache:       583M       408M
Swap:         8.0G         0B       8.0G

             total       used       free     shared    buffers     cached
Mem:          992M       932M        59M       1.5M        39M       295M
-/+ buffers/cache:       597M       394M
Swap:         8.0G         0B       8.0G

             total       used       free     shared    buffers     cached
Mem:          992M       922M        69M       1.5M        15M       293M
-/+ buffers/cache:       614M       378M
Swap:         8.0G         0B       8.0G

             total       used       free     shared    buffers     cached
Mem:          992M       922M        70M       1.5M        11M       282M
-/+ buffers/cache:       628M       363M
Swap:         8.0G         0B       8.0G

             total       used       free     shared    buffers     cached
Mem:          992M       921M        70M       1.4M        10M       266M
-/+ buffers/cache:       644M       348M
Swap:         8.0G       148K       8.0G

             total       used       free     shared    buffers     cached
Mem:          992M       914M        77M       1.3M        10M       247M
-/+ buffers/cache:       657M       335M
Swap:         8.0G       836K       8.0G

             total       used       free     shared    buffers     cached
Mem:          992M       930M        61M       1.3M        10M       247M
-/+ buffers/cache:       672M       319M
Swap:         8.0G       836K       8.0G

             total       used       free     shared    buffers     cached
Mem:          992M       922M        69M       1.2M        10M       229M
-/+ buffers/cache:       682M       309M
Swap:         8.0G       8.8M       8.0G

             total       used       free     shared    buffers     cached
Mem:          992M       927M        64M       1.1M        10M       220M
-/+ buffers/cache:       696M       295M
Swap:         8.0G        10M       8.0G

             total       used       free     shared    buffers     cached
Mem:          992M       926M        65M       1.0M       2.1M       194M
-/+ buffers/cache:       730M       261M
Swap:         8.0G        12M       8.0G

             total       used       free     shared    buffers     cached
Mem:          992M       922M        69M       1.1M       1.0M       176M
-/+ buffers/cache:       744M       247M
Swap:         8.0G        12M       8.0G

             total       used       free     shared    buffers     cached
Mem:          992M       930M        62M       1.1M       972K       167M
-/+ buffers/cache:       761M       230M
Swap:         8.0G        12M       8.0G

             total       used       free     shared    buffers     cached
Mem:          992M       926M        65M       1.1M       964K       147M
-/+ buffers/cache:       778M       214M
Swap:         8.0G        12M       8.0G

             total       used       free     shared    buffers     cached
Mem:          992M       923M        68M       1.1M        80K       130M
-/+ buffers/cache:       792M       199M
Swap:         8.0G        12M       8.0G

             total       used       free     shared    buffers     cached
Mem:          992M       921M        70M       1.1M        80K       115M
-/+ buffers/cache:       805M       186M
Swap:         8.0G        12M       8.0G

             total       used       free     shared    buffers     cached
Mem:          992M       921M        70M       1.1M       356K        99M
-/+ buffers/cache:       822M       170M
Swap:         8.0G        12M       8.0G

             total       used       free     shared    buffers     cached
Mem:          992M       918M        73M       1.1M       368K        87M
-/+ buffers/cache:       829M       162M
Swap:         8.0G        12M       8.0G

             total       used       free     shared    buffers     cached
Mem:          992M       912M        79M       1.1M       368K        67M
-/+ buffers/cache:       844M       147M
Swap:         8.0G        12M       8.0G

             total       used       free     shared    buffers     cached
Mem:          992M       919M        72M       1.1M       508K        57M
-/+ buffers/cache:       861M       130M
Swap:         8.0G        12M       8.0G

             total       used       free     shared    buffers     cached
Mem:          992M       929M        63M       1.1M       508K        52M
-/+ buffers/cache:       876M       115M
Swap:         8.0G        12M       8.0G

             total       used       free     shared    buffers     cached
Mem:          992M       914M        78M       1.1M       780K        21M
-/+ buffers/cache:       891M       100M
Swap:         8.0G        12M       8.0G

             total       used       free     shared    buffers     cached
Mem:          992M       916M        75M       1.1M       784K         9M
-/+ buffers/cache:       905M        86M
Swap:         8.0G        13M       8.0G

             total       used       free     shared    buffers     cached
Mem:          992M       918M        73M       824K       100K       3.2M
-/+ buffers/cache:       915M        76M
Swap:         8.0G        26M       8.0G

             total       used       free     shared    buffers     cached
Mem:          992M       936M        55M       716K       364K       8.6M
-/+ buffers/cache:       927M        64M
Swap:         8.0G       132M       7.9G

             total       used       free     shared    buffers     cached
Mem:          992M       932M        59M       604K       644K       9.2M
-/+ buffers/cache:       923M        69M
Swap:         8.0G       290M       7.7G

             total       used       free     shared    buffers     cached
Mem:          992M       937M        54M       604K       800K       9.6M
-/+ buffers/cache:       927M        64M
Swap:         8.0G       290M       7.7G

             total       used       free     shared    buffers     cached
Mem:          992M       932M        59M       604K       944K       8.0M
-/+ buffers/cache:       923M        68M
Swap:         8.0G       290M       7.7G

             total       used       free     shared    buffers     cached
Mem:          992M       942M        49M       604K       944K       8.1M
-/+ buffers/cache:       933M        58M
Swap:         8.0G       290M       7.7G

             total       used       free     shared    buffers     cached
Mem:          992M       942M        49M       604K       960K        12M
-/+ buffers/cache:       929M        62M
Swap:         8.0G       290M       7.7G

             total       used       free     shared    buffers     cached
Mem:          992M       921M        70M       608K       1.5M        33M
-/+ buffers/cache:       886M       105M
Swap:         8.0G       287M       7.7G

             total       used       free     shared    buffers     cached
Mem:          992M       918M        73M       608K       1.5M        33M
-/+ buffers/cache:       883M       108M
Swap:         8.0G       287M       7.7G

             total       used       free     shared    buffers     cached
Mem:          992M       927M        65M       608K       1.5M        33M
-/+ buffers/cache:       891M       100M
Swap:         8.0G       287M       7.7G

             total       used       free     shared    buffers     cached
Mem:          992M       922M        70M       608K       1.5M        33M
-/+ buffers/cache:       887M       104M
Swap:         8.0G       287M       7.7G

             total       used       free     shared    buffers     cached
Mem:          992M       915M        76M       608K       1.5M        32M
-/+ buffers/cache:       881M       110M
Swap:         8.0G       287M       7.7G

             total       used       free     shared    buffers     cached
Mem:          992M       924M        67M       608K       1.5M        32M
-/+ buffers/cache:       890M       101M
Swap:         8.0G       287M       7.7G

             total       used       free     shared    buffers     cached
Mem:          992M       921M        71M       608K       1.5M        32M
-/+ buffers/cache:       887M       105M
Swap:         8.0G       287M       7.7G

             total       used       free     shared    buffers     cached
Mem:          992M       917M        74M       608K       1.5M        31M
-/+ buffers/cache:       884M       107M
Swap:         8.0G       287M       7.7G

             total       used       free     shared    buffers     cached
Mem:          992M       927M        64M       608K       1.5M        31M
-/+ buffers/cache:       893M        98M
Swap:         8.0G       287M       7.7G

             total       used       free     shared    buffers     cached
Mem:          992M       921M        70M       608K       1.5M        31M
-/+ buffers/cache:       888M       103M
Swap:         8.0G       287M       7.7G

             total       used       free     shared    buffers     cached
Mem:          992M       917M        74M       608K       1.5M        31M
-/+ buffers/cache:       884M       107M
Swap:         8.0G       287M       7.7G

             total       used       free     shared    buffers     cached
Mem:          992M       917M        74M       608K       1.5M        30M
-/+ buffers/cache:       885M       106M
Swap:         8.0G       287M       7.7G

             total       used       free     shared    buffers     cached
Mem:          992M       928M        63M       608K       1.5M        30M
-/+ buffers/cache:       896M        95M
Swap:         8.0G       287M       7.7G

             total       used       free     shared    buffers     cached
Mem:          992M       915M        76M       608K       1.5M        30M
-/+ buffers/cache:       884M       107M
Swap:         8.0G       288M       7.7G

             total       used       free     shared    buffers     cached
Mem:          992M       928M        64M       608K       1.5M        30M
-/+ buffers/cache:       896M        95M
Swap:         8.0G       288M       7.7G

             total       used       free     shared    buffers     cached
Mem:          992M       920M        71M       608K       1.5M        28M
-/+ buffers/cache:       890M       101M
Swap:         8.0G       288M       7.7G

             total       used       free     shared    buffers     cached
Mem:          992M       919M        72M       608K       964K        27M
-/+ buffers/cache:       891M       100M
Swap:         8.0G       290M       7.7G

             total       used       free     shared    buffers     cached
Mem:          992M       914M        77M       608K       112K        12M
-/+ buffers/cache:       902M        90M
Swap:         8.0G       291M       7.7G

             total       used       free     shared    buffers     cached
Mem:          992M       925M        66M       608K       244K        12M
-/+ buffers/cache:       912M        79M
Swap:         8.0G       291M       7.7G

             total       used       free     shared    buffers     cached
Mem:          992M       922M        69M       608K       244K       2.3M
-/+ buffers/cache:       920M        72M
Swap:         8.0G       294M       7.7G

             total       used       free     shared    buffers     cached
Mem:          992M       933M        58M        36K       244K       1.8M
-/+ buffers/cache:       931M        60M
Swap:         8.0G       385M       7.6G

             total       used       free     shared    buffers     cached
Mem:          992M       923M        69M        16K       244K       1.8M
-/+ buffers/cache:       921M        71M
Swap:         8.0G       409M       7.6G

             total       used       free     shared    buffers     cached
Mem:          992M       913M        78M        16K       212K       1.5M
-/+ buffers/cache:       911M        80M
Swap:         8.0G       409M       7.6G

             total       used       free     shared    buffers     cached
Mem:          992M       914M        78M        16K       476K       1.5M
-/+ buffers/cache:       912M        80M
Swap:         8.0G       409M       7.6G

             total       used       free     shared    buffers     cached
Mem:          992M       916M        75M        16K       484K       1.5M
-/+ buffers/cache:       914M        77M
Swap:         8.0G       409M       7.6G

             total       used       free     shared    buffers     cached
Mem:          992M       922M        69M        16K       484K       1.6M
-/+ buffers/cache:       920M        72M
Swap:         8.0G       409M       7.6G

             total       used       free     shared    buffers     cached
Mem:          992M       928M        63M        16K       484K       1.6M
-/+ buffers/cache:       926M        65M
Swap:         8.0G       409M       7.6G

             total       used       free     shared    buffers     cached
Mem:          992M       923M        68M        16K       484K       1.5M
-/+ buffers/cache:       921M        70M
Swap:         8.0G       409M       7.6G

             total       used       free     shared    buffers     cached
Mem:          992M       929M        62M        16K       484K       1.5M
-/+ buffers/cache:       927M        64M
Swap:         8.0G       409M       7.6G

             total       used       free     shared    buffers     cached
Mem:          992M       921M        70M        16K       488K       1.5M
-/+ buffers/cache:       919M        72M
Swap:         8.0G       409M       7.6G

             total       used       free     shared    buffers     cached
Mem:          992M       927M        64M        16K       488K       1.5M
-/+ buffers/cache:       925M        66M
Swap:         8.0G       409M       7.6G

             total       used       free     shared    buffers     cached
Mem:          992M       918M        73M        16K       488K       1.4M
-/+ buffers/cache:       916M        75M
Swap:         8.0G       409M       7.6G

             total       used       free     shared    buffers     cached
Mem:          992M       922M        69M        16K       488K       1.4M
-/+ buffers/cache:       920M        71M
Swap:         8.0G       409M       7.6G

             total       used       free     shared    buffers     cached
Mem:          992M       928M        64M        16K       488K       1.5M
-/+ buffers/cache:       926M        66M
Swap:         8.0G       409M       7.6G

             total       used       free     shared    buffers     cached
Mem:          992M       924M        67M        16K       488K       4.2M
-/+ buffers/cache:       919M        72M
Swap:         8.0G       408M       7.6G

             total       used       free     shared    buffers     cached
Mem:          992M       920M        71M        16K        88K        21M
-/+ buffers/cache:       899M        92M
Swap:         8.0G       410M       7.6G

             total       used       free     shared    buffers     cached
Mem:          992M       929M        62M        16K       1.3M        20M
-/+ buffers/cache:       907M        84M
Swap:         8.0G       515M       7.5G

             total       used       free     shared    buffers     cached
Mem:          992M       929M        62M        16K       1.3M        20M
-/+ buffers/cache:       907M        84M
Swap:         8.0G       515M       7.5G

             total       used       free     shared    buffers     cached
Mem:          992M       871M       120M        12K       1.3M        17M
-/+ buffers/cache:       852M       140M
Swap:         8.0G       518M       7.5G

             total       used       free     shared    buffers     cached
Mem:          992M       875M       116M        12K       2.1M        19M
-/+ buffers/cache:       853M       138M
Swap:         8.0G       518M       7.5G

             total       used       free     shared    buffers     cached
Mem:          992M       877M       114M        16K       2.1M        19M
-/+ buffers/cache:       855M       136M
Swap:         8.0G       518M       7.5G

             total       used       free     shared    buffers     cached
Mem:          992M       881M       111M        16K       2.1M        19M
-/+ buffers/cache:       859M       132M
Swap:         8.0G       518M       7.5G

             total       used       free     shared    buffers     cached
Mem:          992M       884M       107M        16K       2.1M        19M
-/+ buffers/cache:       862M       129M
Swap:         8.0G       518M       7.5G

             total       used       free     shared    buffers     cached
Mem:          992M       887M       104M        16K       2.1M        19M
-/+ buffers/cache:       865M       126M
Swap:         8.0G       518M       7.5G

             total       used       free     shared    buffers     cached
Mem:          992M       891M       100M        16K       2.1M        19M
-/+ buffers/cache:       869M       122M
Swap:         8.0G       518M       7.5G

             total       used       free     shared    buffers     cached
Mem:          992M       894M        97M        16K       2.1M        19M
-/+ buffers/cache:       873M       119M
Swap:         8.0G       518M       7.5G

             total       used       free     shared    buffers     cached
Mem:          992M       897M        94M        16K       2.1M        19M
-/+ buffers/cache:       875M       116M
Swap:         8.0G       518M       7.5G

             total       used       free     shared    buffers     cached
Mem:          992M       900M        91M        16K       2.1M        19M
-/+ buffers/cache:       879M       113M
Swap:         8.0G       518M       7.5G

             total       used       free     shared    buffers     cached
Mem:          992M       904M        87M        16K       2.1M        19M
-/+ buffers/cache:       882M       109M
Swap:         8.0G       518M       7.5G

             total       used       free     shared    buffers     cached
Mem:          992M       907M        84M        16K       2.1M        19M
-/+ buffers/cache:       886M       106M
Swap:         8.0G       518M       7.5G

             total       used       free     shared    buffers     cached
Mem:          992M       918M        74M        16K       920K        14M
-/+ buffers/cache:       902M        89M
Swap:         8.0G       474M       7.5G

             total       used       free     shared    buffers     cached
Mem:          992M       912M        79M        16K       952K       5.6M
-/+ buffers/cache:       906M        86M
Swap:         8.0G       460M       7.5G

             total       used       free     shared    buffers     cached
Mem:          992M       925M        66M         4K       952K       5.6M
-/+ buffers/cache:       918M        73M
Swap:         8.0G       439M       7.6G

             total       used       free     shared    buffers     cached
Mem:          992M       916M        76M         4K       504K       2.6M
-/+ buffers/cache:       912M        79M
Swap:         8.0G       407M       7.6G

             total       used       free     shared    buffers     cached
Mem:          992M       916M        76M         4K       504K       2.6M
-/+ buffers/cache:       912M        79M
Swap:         8.0G       496M       7.5G

             total       used       free     shared    buffers     cached
Mem:          992M       915M        76M         0B       768K       2.7M
-/+ buffers/cache:       912M        80M
Swap:         8.0G       496M       7.5G

             total       used       free     shared    buffers     cached
Mem:          992M       911M        80M         0B       776K       2.9M
-/+ buffers/cache:       907M        84M
Swap:         8.0G       496M       7.5G

             total       used       free     shared    buffers     cached
Mem:          992M       909M        82M         0B       368K       2.3M
-/+ buffers/cache:       906M        85M
Swap:         8.0G       445M       7.6G

             total       used       free     shared    buffers     cached
Mem:          992M       928M        63M         0B       368K       2.2M
-/+ buffers/cache:       925M        66M
Swap:         8.0G       384M       7.6G

             total       used       free     shared    buffers     cached
Mem:          992M       915M        76M         0B        84K       1.6M
-/+ buffers/cache:       913M        78M
Swap:         8.0G       492M       7.5G

             total       used       free     shared    buffers     cached
Mem:          992M       914M        77M         0B        84K       1.6M
-/+ buffers/cache:       912M        79M
Swap:         8.0G       492M       7.5G

             total       used       free     shared    buffers     cached
Mem:          992M       911M        80M         0B        92K       1.6M
-/+ buffers/cache:       910M        82M
Swap:         8.0G       489M       7.5G

             total       used       free     shared    buffers     cached
Mem:          992M       918M        73M         0B        92K       1.6M
-/+ buffers/cache:       916M        75M
Swap:         8.0G       423M       7.6G

             total       used       free     shared    buffers     cached
Mem:          992M       921M        70M         0B        76K       1.4M
-/+ buffers/cache:       919M        72M
Swap:         8.0G       444M       7.6G

             total       used       free     shared    buffers     cached
Mem:          992M       908M        84M         0B        76K       1.4M
-/+ buffers/cache:       906M        85M
Swap:         8.0G       491M       7.5G

             total       used       free     shared    buffers     cached
Mem:          992M       906M        85M         0B        80K       1.4M
-/+ buffers/cache:       905M        86M
Swap:         8.0G       491M       7.5G

             total       used       free     shared    buffers     cached
Mem:          992M       902M        89M         0B        80K       1.6M
-/+ buffers/cache:       901M        91M
Swap:         8.0G       491M       7.5G

             total       used       free     shared    buffers     cached
Mem:          992M       915M        76M         0B       220K       1.7M
-/+ buffers/cache:       913M        78M
Swap:         8.0G       470M       7.5G

             total       used       free     shared    buffers     cached
Mem:          992M       921M        70M        16K       208K        24M
-/+ buffers/cache:       897M        94M
Swap:         8.0G       405M       7.6G

             total       used       free     shared    buffers     cached
Mem:          992M       921M        70M        16K       208K        20M
-/+ buffers/cache:       901M        90M
Swap:         8.0G       434M       7.6G

             total       used       free     shared    buffers     cached
Mem:          992M       914M        77M        16K        84K       2.0M
-/+ buffers/cache:       912M        79M
Swap:         8.0G       400M       7.6G

             total       used       free     shared    buffers     cached
Mem:          992M       928M        63M        16K       384K       2.4M
-/+ buffers/cache:       926M        66M
Swap:         8.0G       381M       7.6G

             total       used       free     shared    buffers     cached
Mem:          992M       922M        69M        16K       384K       2.0M
-/+ buffers/cache:       919M        72M
Swap:         8.0G       384M       7.6G

             total       used       free     shared    buffers     cached
Mem:          992M       917M        74M        16K       200K       1.9M
-/+ buffers/cache:       915M        76M
Swap:         8.0G       390M       7.6G

             total       used       free     shared    buffers     cached
Mem:          992M       919M        72M        16K        92K       2.1M
-/+ buffers/cache:       917M        75M
Swap:         8.0G       385M       7.6G

             total       used       free     shared    buffers     cached
Mem:          992M       923M        68M        16K        92K       2.1M
-/+ buffers/cache:       921M        70M
Swap:         8.0G       384M       7.6G

             total       used       free     shared    buffers     cached
Mem:          992M       903M        88M        16K        88K       2.1M
-/+ buffers/cache:       901M        90M
Swap:         8.0G       414M       7.6G

             total       used       free     shared    buffers     cached
Mem:          992M       903M        88M        16K        96K       2.0M
-/+ buffers/cache:       901M        90M
Swap:         8.0G       414M       7.6G

             total       used       free     shared    buffers     cached
Mem:          992M       908M        83M        16K        96K       2.0M
-/+ buffers/cache:       906M        85M
Swap:         8.0G       414M       7.6G

             total       used       free     shared    buffers     cached
Mem:          992M       914M        77M        16K        96K       2.0M
-/+ buffers/cache:       912M        80M
Swap:         8.0G       414M       7.6G

             total       used       free     shared    buffers     cached
Mem:          992M       918M        73M        16K        96K       2.0M
-/+ buffers/cache:       916M        75M
Swap:         8.0G       414M       7.6G

             total       used       free     shared    buffers     cached
Mem:          992M       924M        67M        16K        96K       2.0M
-/+ buffers/cache:       922M        70M
Swap:         8.0G       414M       7.6G

             total       used       free     shared    buffers     cached
Mem:          992M       913M        78M        16K       104K       1.9M
-/+ buffers/cache:       911M        80M
Swap:         8.0G       432M       7.6G

             total       used       free     shared    buffers     cached
Mem:          992M       918M        74M        16K       104K       2.2M
-/+ buffers/cache:       915M        76M
Swap:         8.0G       432M       7.6G

             total       used       free     shared    buffers     cached
Mem:          992M       922M        69M        16K       104K       2.1M
-/+ buffers/cache:       920M        71M
Swap:         8.0G       432M       7.6G

             total       used       free     shared    buffers     cached
Mem:          992M       924M        67M        16K       104K       2.1M
-/+ buffers/cache:       922M        70M
Swap:         8.0G       431M       7.6G

             total       used       free     shared    buffers     cached
Mem:          992M       925M        66M        16K       104K       2.1M
-/+ buffers/cache:       923M        68M
Swap:         8.0G       430M       7.6G

             total       used       free     shared    buffers     cached
Mem:          992M       927M        64M        16K       112K       2.2M
-/+ buffers/cache:       925M        66M
Swap:         8.0G       429M       7.6G

             total       used       free     shared    buffers     cached
Mem:          992M       929M        62M        16K       112K       2.2M
-/+ buffers/cache:       927M        65M
Swap:         8.0G       429M       7.6G

             total       used       free     shared    buffers     cached
Mem:          992M       915M        76M        16K       112K       2.1M
-/+ buffers/cache:       913M        78M
Swap:         8.0G       439M       7.6G

             total       used       free     shared    buffers     cached
Mem:          992M       917M        74M        16K       112K       2.1M
-/+ buffers/cache:       915M        77M
Swap:         8.0G       439M       7.6G

             total       used       free     shared    buffers     cached
Mem:          992M       918M        73M        16K       112K       2.1M
-/+ buffers/cache:       916M        75M
Swap:         8.0G       438M       7.6G

             total       used       free     shared    buffers     cached
Mem:          992M       920M        71M        16K       112K       2.1M
-/+ buffers/cache:       918M        73M
Swap:         8.0G       437M       7.6G

             total       used       free     shared    buffers     cached
Mem:          992M       922M        70M        16K       120K       2.1M
-/+ buffers/cache:       919M        72M
Swap:         8.0G       436M       7.6G

             total       used       free     shared    buffers     cached
Mem:          992M       925M        67M        16K       120K       6.3M
-/+ buffers/cache:       918M        73M
Swap:         8.0G       442M       7.6G

             total       used       free     shared    buffers     cached
Mem:          992M       917M        75M        16K        84K        22M
-/+ buffers/cache:       894M        97M
Swap:         8.0G       471M       7.5G

             total       used       free     shared    buffers     cached
Mem:          992M       919M        72M        16K       536K        22M
-/+ buffers/cache:       896M        95M
Swap:         8.0G       470M       7.5G

             total       used       free     shared    buffers     cached
Mem:          992M       921M        71M        16K       536K        22M
-/+ buffers/cache:       898M        94M
Swap:         8.0G       469M       7.5G

             total       used       free     shared    buffers     cached
Mem:          992M       922M        69M        16K       544K        22M
-/+ buffers/cache:       899M        92M
Swap:         8.0G       469M       7.5G

             total       used       free     shared    buffers     cached
Mem:          992M       924M        68M        16K       544K        22M
-/+ buffers/cache:       901M        91M
Swap:         8.0G       468M       7.5G

             total       used       free     shared    buffers     cached
Mem:          992M       925M        66M        16K       544K        22M
-/+ buffers/cache:       902M        89M
Swap:         8.0G       467M       7.5G

             total       used       free     shared    buffers     cached
Mem:          992M       927M        65M        16K       544K        22M
-/+ buffers/cache:       904M        88M
Swap:         8.0G       467M       7.5G

             total       used       free     shared    buffers     cached
Mem:          992M       928M        63M        16K       544K        22M
-/+ buffers/cache:       905M        86M
Swap:         8.0G       466M       7.5G

             total       used       free     shared    buffers     cached
Mem:          992M       915M        76M        16K       552K        23M
-/+ buffers/cache:       891M       100M
Swap:         8.0G       479M       7.5G

             total       used       free     shared    buffers     cached
Mem:          992M       916M        75M        16K       552K        23M
-/+ buffers/cache:       892M        99M
Swap:         8.0G       479M       7.5G

             total       used       free     shared    buffers     cached
Mem:          992M       916M        75M        16K       552K        23M
-/+ buffers/cache:       892M        99M
Swap:         8.0G       478M       7.5G

             total       used       free     shared    buffers     cached
Mem:          992M       917M        74M        16K       552K        23M
-/+ buffers/cache:       893M        98M
Swap:         8.0G       478M       7.5G

             total       used       free     shared    buffers     cached
Mem:          992M       918M        73M        16K       552K        23M
-/+ buffers/cache:       894M        97M
Swap:         8.0G       478M       7.5G

             total       used       free     shared    buffers     cached
Mem:          992M       920M        71M        16K       844K        23M
-/+ buffers/cache:       895M        96M
Swap:         8.0G       477M       7.5G

             total       used       free     shared    buffers     cached
Mem:          992M       922M        69M        16K       852K        24M
-/+ buffers/cache:       897M        94M
Swap:         8.0G       477M       7.5G

             total       used       free     shared    buffers     cached
Mem:          992M       908M        83M        16K       1.0M        32M
-/+ buffers/cache:       875M       116M
Swap:         8.0G       500M       7.5G

             total       used       free     shared    buffers     cached
Mem:          992M       910M        81M        16K       1.0M        32M
-/+ buffers/cache:       877M       115M
Swap:         8.0G       499M       7.5G

             total       used       free     shared    buffers     cached
Mem:          992M       911M        80M        16K       1.0M        32M
-/+ buffers/cache:       878M       113M
Swap:         8.0G       499M       7.5G

             total       used       free     shared    buffers     cached
Mem:          992M       912M        79M        16K       1.0M        32M
-/+ buffers/cache:       879M       113M
Swap:         8.0G       498M       7.5G

             total       used       free     shared    buffers     cached
Mem:          992M       913M        78M        16K       1.0M        32M
-/+ buffers/cache:       880M       111M
Swap:         8.0G       498M       7.5G

             total       used       free     shared    buffers     cached
Mem:          992M       915M        77M        16K       1.0M        32M
-/+ buffers/cache:       881M       110M
Swap:         8.0G       497M       7.5G

             total       used       free     shared    buffers     cached
Mem:          992M       916M        76M        16K       1.0M        32M
-/+ buffers/cache:       882M       109M
Swap:         8.0G       497M       7.5G

             total       used       free     shared    buffers     cached
Mem:          992M       917M        74M        16K       1.0M        32M
-/+ buffers/cache:       883M       108M
Swap:         8.0G       496M       7.5G

             total       used       free     shared    buffers     cached
Mem:          992M       918M        73M        16K       1.0M        32M
-/+ buffers/cache:       884M       107M
Swap:         8.0G       496M       7.5G

             total       used       free     shared    buffers     cached
Mem:          992M       919M        72M        16K       1.0M        32M
-/+ buffers/cache:       885M       106M
Swap:         8.0G       496M       7.5G

             total       used       free     shared    buffers     cached
Mem:          992M       921M        70M        16K       2.9M        43M
-/+ buffers/cache:       875M       117M
Swap:         8.0G       499M       7.5G

             total       used       free     shared    buffers     cached
Mem:          992M       922M        69M        28K       5.7M        48M
-/+ buffers/cache:       868M       124M
Swap:         8.0G       519M       7.5G

             total       used       free     shared    buffers     cached
Mem:          992M       917M        74M       564K       6.1M        53M
-/+ buffers/cache:       858M       134M
Swap:         8.0G       524M       7.5G

             total       used       free     shared    buffers     cached
Mem:          992M       918M        73M       564K       6.1M        53M
-/+ buffers/cache:       858M       133M
Swap:         8.0G       524M       7.5G

             total       used       free     shared    buffers     cached
Mem:          992M       919M        72M       564K       6.1M        53M
-/+ buffers/cache:       860M       132M
Swap:         8.0G       523M       7.5G

             total       used       free     shared    buffers     cached
Mem:          992M       920M        71M       564K       6.1M        53M
-/+ buffers/cache:       860M       131M
Swap:         8.0G       523M       7.5G

             total       used       free     shared    buffers     cached
Mem:          992M       921M        70M       564K       6.1M        53M
-/+ buffers/cache:       862M       130M
Swap:         8.0G       522M       7.5G

             total       used       free     shared    buffers     cached
Mem:          992M       922M        69M       564K       6.1M        53M
-/+ buffers/cache:       863M       129M
Swap:         8.0G       522M       7.5G

             total       used       free     shared    buffers     cached
Mem:          992M       923M        68M       564K       6.1M        53M
-/+ buffers/cache:       864M       127M
Swap:         8.0G       522M       7.5G

             total       used       free     shared    buffers     cached
Mem:          992M       924M        67M       564K       6.1M        53M
-/+ buffers/cache:       865M       127M
Swap:         8.0G       521M       7.5G

             total       used       free     shared    buffers     cached
Mem:          992M       925M        66M       564K       6.1M        53M
-/+ buffers/cache:       866M       125M
Swap:         8.0G       521M       7.5G

             total       used       free     shared    buffers     cached
Mem:          992M       926M        65M       564K       6.1M        53M
-/+ buffers/cache:       867M       124M
Swap:         8.0G       520M       7.5G

             total       used       free     shared    buffers     cached
Mem:          992M       927M        64M       564K       6.1M        53M
-/+ buffers/cache:       868M       123M
Swap:         8.0G       520M       7.5G

             total       used       free     shared    buffers     cached
Mem:          992M       928M        63M       564K       6.1M        53M
-/+ buffers/cache:       869M       122M
Swap:         8.0G       519M       7.5G

             total       used       free     shared    buffers     cached
Mem:          992M       907M        84M       564K       6.0M        50M
-/+ buffers/cache:       851M       140M
Swap:         8.0G       553M       7.5G

             total       used       free     shared    buffers     cached
Mem:          992M       908M        83M       564K       6.0M        50M
-/+ buffers/cache:       852M       139M
Swap:         8.0G       552M       7.5G

             total       used       free     shared    buffers     cached
Mem:          992M       909M        82M       564K       6.0M        50M
-/+ buffers/cache:       853M       138M
Swap:         8.0G       552M       7.5G

             total       used       free     shared    buffers     cached
Mem:          992M       910M        81M       564K       6.0M        50M
-/+ buffers/cache:       854M       137M
Swap:         8.0G       551M       7.5G

             total       used       free     shared    buffers     cached
Mem:          992M       911M        80M       564K       6.0M        50M
-/+ buffers/cache:       855M       136M
Swap:         8.0G       551M       7.5G

             total       used       free     shared    buffers     cached
Mem:          992M       912M        79M       564K       6.0M        50M
-/+ buffers/cache:       856M       135M
Swap:         8.0G       550M       7.5G

             total       used       free     shared    buffers     cached
Mem:          992M       913M        78M       564K       6.0M        50M
-/+ buffers/cache:       857M       134M
Swap:         8.0G       550M       7.5G

             total       used       free     shared    buffers     cached
Mem:          992M       914M        77M       564K       6.0M        50M
-/+ buffers/cache:       858M       133M
Swap:         8.0G       550M       7.5G

             total       used       free     shared    buffers     cached
Mem:          992M       915M        76M       564K       6.0M        50M
-/+ buffers/cache:       859M       132M
Swap:         8.0G       549M       7.5G

             total       used       free     shared    buffers     cached
Mem:          992M       916M        75M       564K       6.0M        50M
-/+ buffers/cache:       860M       131M
Swap:         8.0G       549M       7.5G

             total       used       free     shared    buffers     cached
Mem:          992M       917M        74M       564K       6.0M        50M
-/+ buffers/cache:       861M       130M
Swap:         8.0G       548M       7.5G

             total       used       free     shared    buffers     cached
Mem:          992M       918M        73M       564K       6.0M        50M
-/+ buffers/cache:       862M       129M
Swap:         8.0G       548M       7.5G

             total       used       free     shared    buffers     cached
Mem:          992M       919M        72M       564K       6.0M        50M
-/+ buffers/cache:       863M       128M
Swap:         8.0G       548M       7.5G

             total       used       free     shared    buffers     cached
Mem:          992M       920M        71M       564K       6.0M        50M
-/+ buffers/cache:       864M       127M
Swap:         8.0G       547M       7.5G

             total       used       free     shared    buffers     cached
Mem:          992M       921M        70M       564K       6.0M        50M
-/+ buffers/cache:       865M       126M
Swap:         8.0G       547M       7.5G

             total       used       free     shared    buffers     cached
Mem:          992M       922M        69M       564K       6.0M        50M
-/+ buffers/cache:       866M       125M
Swap:         8.0G       546M       7.5G

             total       used       free     shared    buffers     cached
Mem:          992M       923M        68M       564K       6.0M        50M
-/+ buffers/cache:       867M       124M
Swap:         8.0G       546M       7.5G

             total       used       free     shared    buffers     cached
Mem:          992M       924M        67M       564K       6.0M        50M
-/+ buffers/cache:       868M       123M
Swap:         8.0G       546M       7.5G

             total       used       free     shared    buffers     cached
Mem:          992M       925M        66M       564K       6.0M        50M
-/+ buffers/cache:       869M       122M
Swap:         8.0G       545M       7.5G

             total       used       free     shared    buffers     cached
Mem:          992M       926M        65M       564K       6.0M        50M
-/+ buffers/cache:       870M       121M
Swap:         8.0G       545M       7.5G

             total       used       free     shared    buffers     cached
Mem:          992M       928M        63M       564K       6.0M        50M
-/+ buffers/cache:       871M       120M
Swap:         8.0G       544M       7.5G

             total       used       free     shared    buffers     cached
Mem:          992M       915M        76M       564K       6.0M        50M
-/+ buffers/cache:       859M       132M
Swap:         8.0G       547M       7.5G

             total       used       free     shared    buffers     cached
Mem:          992M       916M        75M       564K       6.0M        50M
-/+ buffers/cache:       860M       131M
Swap:         8.0G       547M       7.5G

             total       used       free     shared    buffers     cached
Mem:          992M       917M        74M       564K       6.0M        50M
-/+ buffers/cache:       861M       130M
Swap:         8.0G       546M       7.5G

             total       used       free     shared    buffers     cached
Mem:          992M       918M        73M       564K       6.0M        50M
-/+ buffers/cache:       862M       129M
Swap:         8.0G       546M       7.5G

             total       used       free     shared    buffers     cached
Mem:          992M       919M        72M       564K       6.0M        50M
-/+ buffers/cache:       863M       128M
Swap:         8.0G       545M       7.5G

             total       used       free     shared    buffers     cached
Mem:          992M       920M        71M       564K       6.0M        50M
-/+ buffers/cache:       864M       127M
Swap:         8.0G       545M       7.5G

             total       used       free     shared    buffers     cached
Mem:          992M       921M        70M       564K       6.0M        50M
-/+ buffers/cache:       865M       126M
Swap:         8.0G       545M       7.5G

             total       used       free     shared    buffers     cached
Mem:          992M       922M        69M       564K       6.0M        50M
-/+ buffers/cache:       866M       125M
Swap:         8.0G       544M       7.5G

             total       used       free     shared    buffers     cached
Mem:          992M       923M        68M       564K       6.0M        50M
-/+ buffers/cache:       867M       124M
Swap:         8.0G       544M       7.5G

             total       used       free     shared    buffers     cached
Mem:          992M       924M        67M       564K       6.0M        50M
-/+ buffers/cache:       868M       123M
Swap:         8.0G       543M       7.5G

             total       used       free     shared    buffers     cached
Mem:          992M       926M        65M       564K       6.0M        50M
-/+ buffers/cache:       869M       122M
Swap:         8.0G       543M       7.5G

             total       used       free     shared    buffers     cached
Mem:          992M       927M        64M       564K       6.0M        50M
-/+ buffers/cache:       871M       121M
Swap:         8.0G       542M       7.5G

             total       used       free     shared    buffers     cached
Mem:          992M       928M        63M       564K       6.0M        50M
-/+ buffers/cache:       872M       119M
Swap:         8.0G       542M       7.5G

             total       used       free     shared    buffers     cached
Mem:          992M       917M        74M       564K       6.0M        48M
-/+ buffers/cache:       862M       129M
Swap:         8.0G       556M       7.5G

             total       used       free     shared    buffers     cached
Mem:          992M       918M        73M       564K       6.0M        49M
-/+ buffers/cache:       863M       128M
Swap:         8.0G       555M       7.5G

             total       used       free     shared    buffers     cached
Mem:          992M       919M        72M       564K       6.0M        49M
-/+ buffers/cache:       864M       127M
Swap:         8.0G       555M       7.5G

             total       used       free     shared    buffers     cached
Mem:          992M       918M        73M       564K       7.0M        50M
-/+ buffers/cache:       860M       131M
Swap:         8.0G       598M       7.4G

             total       used       free     shared    buffers     cached
Mem:          992M       918M        73M       564K       6.2M        58M
-/+ buffers/cache:       853M       138M
Swap:         8.0G       597M       7.4G

             total       used       free     shared    buffers     cached
Mem:          992M       912M        79M       568K       2.1M        69M
-/+ buffers/cache:       840M       151M
Swap:         8.0G       597M       7.4G

             total       used       free     shared    buffers     cached
Mem:          992M       913M        78M       568K       3.0M        72M
-/+ buffers/cache:       837M       154M
Swap:         8.0G       594M       7.4G

             total       used       free     shared    buffers     cached
Mem:          992M       918M        73M       568K       3.0M        75M
-/+ buffers/cache:       840M       151M
Swap:         8.0G       593M       7.4G

             total       used       free     shared    buffers     cached
Mem:          992M       921M        71M       568K       3.0M        75M
-/+ buffers/cache:       842M       149M
Swap:         8.0G       592M       7.4G

             total       used       free     shared    buffers     cached
Mem:          992M       921M        70M       568K       3.0M        75M
-/+ buffers/cache:       842M       149M
Swap:         8.0G       592M       7.4G

             total       used       free     shared    buffers     cached
Mem:          992M       922M        69M       568K       3.0M        75M
-/+ buffers/cache:       843M       148M
Swap:         8.0G       591M       7.4G

             total       used       free     shared    buffers     cached
Mem:          992M       923M        69M       568K       3.0M        75M
-/+ buffers/cache:       844M       148M
Swap:         8.0G       591M       7.4G

             total       used       free     shared    buffers     cached
Mem:          992M       923M        68M       568K       3.0M        75M
-/+ buffers/cache:       844M       147M
Swap:         8.0G       591M       7.4G

             total       used       free     shared    buffers     cached
Mem:          992M       924M        68M       568K       3.0M        75M
-/+ buffers/cache:       845M       146M
Swap:         8.0G       590M       7.4G

             total       used       free     shared    buffers     cached
Mem:          992M       924M        67M       568K       3.0M        75M
-/+ buffers/cache:       845M       146M
Swap:         8.0G       590M       7.4G

             total       used       free     shared    buffers     cached
Mem:          992M       925M        67M       568K       3.0M        75M
-/+ buffers/cache:       846M       145M
Swap:         8.0G       590M       7.4G

             total       used       free     shared    buffers     cached
Mem:          992M       925M        66M       568K       3.0M        75M
-/+ buffers/cache:       847M       145M
Swap:         8.0G       590M       7.4G

             total       used       free     shared    buffers     cached
Mem:          992M       926M        65M       568K       3.0M        75M
-/+ buffers/cache:       847M       144M
Swap:         8.0G       589M       7.4G

             total       used       free     shared    buffers     cached
Mem:          992M       915M        77M       752K       2.7M        80M
-/+ buffers/cache:       831M       160M
Swap:         8.0G       620M       7.4G

             total       used       free     shared    buffers     cached
Mem:          992M       921M        70M       4.4M       5.5M        75M
-/+ buffers/cache:       840M       151M
Swap:         8.0G       617M       7.4G

             total       used       free     shared    buffers     cached
Mem:          992M       901M        90M       4.4M       5.4M        68M
-/+ buffers/cache:       828M       163M
Swap:         8.0G       615M       7.4G

             total       used       free     shared    buffers     cached
Mem:          992M       917M        74M       756K       5.6M        75M
-/+ buffers/cache:       837M       154M
Swap:         8.0G       611M       7.4G

             total       used       free     shared    buffers     cached
Mem:          992M       919M        72M       772K       5.6M        75M
-/+ buffers/cache:       838M       153M
Swap:         8.0G       610M       7.4G

             total       used       free     shared    buffers     cached
Mem:          992M       920M        71M       772K       5.6M        75M
-/+ buffers/cache:       839M       152M
Swap:         8.0G       610M       7.4G

             total       used       free     shared    buffers     cached
Mem:          992M       921M        70M       772K       5.6M        75M
-/+ buffers/cache:       840M       151M
Swap:         8.0G       609M       7.4G

             total       used       free     shared    buffers     cached
Mem:          992M       922M        69M       772K       5.6M        75M
-/+ buffers/cache:       842M       150M
Swap:         8.0G       609M       7.4G

             total       used       free     shared    buffers     cached
Mem:          992M       924M        68M       772K       5.6M        75M
-/+ buffers/cache:       843M       148M
Swap:         8.0G       608M       7.4G

             total       used       free     shared    buffers     cached
Mem:          992M       925M        66M       772K       5.6M        75M
-/+ buffers/cache:       844M       147M
Swap:         8.0G       608M       7.4G

             total       used       free     shared    buffers     cached
Mem:          992M       926M        65M       772K       5.6M        75M
-/+ buffers/cache:       845M       146M
Swap:         8.0G       607M       7.4G

             total       used       free     shared    buffers     cached
Mem:          992M       927M        64M       772K       5.6M        75M
-/+ buffers/cache:       846M       145M
Swap:         8.0G       606M       7.4G

             total       used       free     shared    buffers     cached
Mem:          992M       914M        78M       772K       4.9M        62M
-/+ buffers/cache:       846M       145M
Swap:         8.0G       611M       7.4G

             total       used       free     shared    buffers     cached
Mem:          992M       914M        77M       772K       4.9M        62M
-/+ buffers/cache:       847M       144M
Swap:         8.0G       611M       7.4G

             total       used       free     shared    buffers     cached
Mem:          992M       915M        76M       772K       4.9M        62M
-/+ buffers/cache:       848M       143M
Swap:         8.0G       610M       7.4G

             total       used       free     shared    buffers     cached
Mem:          992M       917M        74M       772K       4.9M        62M
-/+ buffers/cache:       849M       142M
Swap:         8.0G       610M       7.4G

             total       used       free     shared    buffers     cached
Mem:          992M       918M        73M       772K       4.9M        62M
-/+ buffers/cache:       850M       141M
Swap:         8.0G       609M       7.4G

             total       used       free     shared    buffers     cached
Mem:          992M       919M        72M       772K       4.9M        62M
-/+ buffers/cache:       851M       140M
Swap:         8.0G       609M       7.4G

             total       used       free     shared    buffers     cached
Mem:          992M       920M        71M       772K       5.0M        62M
-/+ buffers/cache:       852M       139M
Swap:         8.0G       608M       7.4G

             total       used       free     shared    buffers     cached
Mem:          992M       921M        70M       772K       5.0M        62M
-/+ buffers/cache:       854M       138M
Swap:         8.0G       608M       7.4G

             total       used       free     shared    buffers     cached
Mem:          992M       923M        69M       772K       5.0M        62M
-/+ buffers/cache:       855M       136M
Swap:         8.0G       607M       7.4G

             total       used       free     shared    buffers     cached
Mem:          992M       924M        68M       772K       5.0M        62M
-/+ buffers/cache:       856M       135M
Swap:         8.0G       606M       7.4G

             total       used       free     shared    buffers     cached
Mem:          992M       925M        66M       772K       5.0M        62M
-/+ buffers/cache:       857M       134M
Swap:         8.0G       606M       7.4G

             total       used       free     shared    buffers     cached
Mem:          992M       926M        65M       772K       5.0M        62M
-/+ buffers/cache:       858M       133M
Swap:         8.0G       605M       7.4G

             total       used       free     shared    buffers     cached
Mem:          992M       927M        64M       772K       5.0M        62M
-/+ buffers/cache:       860M       132M
Swap:         8.0G       605M       7.4G

             total       used       free     shared    buffers     cached
Mem:          992M       928M        63M       772K       5.0M        62M
-/+ buffers/cache:       861M       131M
Swap:         8.0G       604M       7.4G

             total       used       free     shared    buffers     cached
Mem:          992M       912M        79M       772K       4.8M        60M
-/+ buffers/cache:       846M       145M
Swap:         8.0G       625M       7.4G

             total       used       free     shared    buffers     cached
Mem:          992M       913M        79M       772K       4.8M        60M
-/+ buffers/cache:       847M       144M
Swap:         8.0G       624M       7.4G

             total       used       free     shared    buffers     cached
Mem:          992M       914M        77M       772K       4.8M        61M
-/+ buffers/cache:       848M       143M
Swap:         8.0G       624M       7.4G

             total       used       free     shared    buffers     cached
Mem:          992M       916M        76M       772K       4.8M        61M
-/+ buffers/cache:       849M       142M
Swap:         8.0G       623M       7.4G

             total       used       free     shared    buffers     cached
Mem:          992M       917M        74M       772K       5.0M        61M
-/+ buffers/cache:       850M       141M
Swap:         8.0G       622M       7.4G

             total       used       free     shared    buffers     cached
Mem:          992M       918M        73M       772K       5.0M        61M
-/+ buffers/cache:       852M       140M
Swap:         8.0G       622M       7.4G

             total       used       free     shared    buffers     cached
Mem:          992M       919M        72M       772K       5.0M        61M
-/+ buffers/cache:       853M       138M
Swap:         8.0G       621M       7.4G

             total       used       free     shared    buffers     cached
Mem:          992M       921M        70M       772K       5.0M        61M
-/+ buffers/cache:       854M       137M
Swap:         8.0G       620M       7.4G

             total       used       free     shared    buffers     cached
Mem:          992M       922M        69M       772K       5.0M        61M
-/+ buffers/cache:       855M       136M
Swap:         8.0G       620M       7.4G

             total       used       free     shared    buffers     cached
Mem:          992M       923M        68M       772K       5.0M        61M
-/+ buffers/cache:       857M       134M
Swap:         8.0G       619M       7.4G

             total       used       free     shared    buffers     cached
Mem:          992M       918M        73M       772K       4.9M        64M
-/+ buffers/cache:       848M       143M
Swap:         8.0G       620M       7.4G

             total       used       free     shared    buffers     cached
Mem:          992M       917M        75M       804K       6.7M        67M
-/+ buffers/cache:       842M       149M
Swap:         8.0G       643M       7.4G

             total       used       free     shared    buffers     cached
Mem:          992M       921M        70M       804K       7.9M        70M
-/+ buffers/cache:       842M       149M
Swap:         8.0G       642M       7.4G
