             total       used       free     shared    buffers     cached
Mem:          992M       661M       331M       3.2M        38M       289M
-/+ buffers/cache:       333M       659M
Swap:         8.0G         0B       8.0G

             total       used       free     shared    buffers     cached
Mem:          992M       659M       332M       1.4M        38M       287M
-/+ buffers/cache:       333M       659M
Swap:         8.0G         0B       8.0G

             total       used       free     shared    buffers     cached
Mem:          992M       659M       332M       1.4M        38M       287M
-/+ buffers/cache:       333M       659M
Swap:         8.0G         0B       8.0G

             total       used       free     shared    buffers     cached
Mem:          992M       659M       332M       1.4M        38M       287M
-/+ buffers/cache:       333M       659M
Swap:         8.0G         0B       8.0G

             total       used       free     shared    buffers     cached
Mem:          992M       659M       332M       1.4M        38M       287M
-/+ buffers/cache:       333M       659M
Swap:         8.0G         0B       8.0G

             total       used       free     shared    buffers     cached
Mem:          992M       659M       332M       1.4M        38M       287M
-/+ buffers/cache:       333M       659M
Swap:         8.0G         0B       8.0G

             total       used       free     shared    buffers     cached
Mem:          992M       659M       332M       1.4M        38M       287M
-/+ buffers/cache:       333M       659M
Swap:         8.0G         0B       8.0G

             total       used       free     shared    buffers     cached
Mem:          992M       659M       332M       1.4M        38M       287M
-/+ buffers/cache:       332M       659M
Swap:         8.0G         0B       8.0G

             total       used       free     shared    buffers     cached
Mem:          992M       659M       333M       1.4M        38M       288M
-/+ buffers/cache:       332M       659M
Swap:         8.0G         0B       8.0G

             total       used       free     shared    buffers     cached
Mem:          992M       660M       331M       1.4M        38M       288M
-/+ buffers/cache:       334M       658M
Swap:         8.0G         0B       8.0G

             total       used       free     shared    buffers     cached
Mem:          992M       667M       324M       1.4M        38M       288M
-/+ buffers/cache:       340M       651M
Swap:         8.0G         0B       8.0G

             total       used       free     shared    buffers     cached
Mem:          992M       684M       307M       1.4M        38M       288M
-/+ buffers/cache:       357M       635M
Swap:         8.0G         0B       8.0G

             total       used       free     shared    buffers     cached
Mem:          992M       668M       323M       1.4M        38M       289M
-/+ buffers/cache:       340M       651M
Swap:         8.0G         0B       8.0G

             total       used       free     shared    buffers     cached
Mem:          992M       673M       318M       1.4M        38M       289M
-/+ buffers/cache:       345M       646M
Swap:         8.0G         0B       8.0G

             total       used       free     shared    buffers     cached
Mem:          992M       668M       323M       1.4M        38M       289M
-/+ buffers/cache:       340M       651M
Swap:         8.0G         0B       8.0G

             total       used       free     shared    buffers     cached
Mem:          992M       668M       323M       1.4M        38M       289M
-/+ buffers/cache:       340M       651M
Swap:         8.0G         0B       8.0G

             total       used       free     shared    buffers     cached
Mem:          992M       668M       323M       1.4M        38M       289M
-/+ buffers/cache:       340M       651M
Swap:         8.0G         0B       8.0G

             total       used       free     shared    buffers     cached
Mem:          992M       668M       323M       1.4M        38M       289M
-/+ buffers/cache:       340M       651M
Swap:         8.0G         0B       8.0G

             total       used       free     shared    buffers     cached
Mem:          992M       668M       323M       1.4M        38M       289M
-/+ buffers/cache:       340M       651M
Swap:         8.0G         0B       8.0G

             total       used       free     shared    buffers     cached
Mem:          992M       668M       323M       1.4M        38M       289M
-/+ buffers/cache:       340M       651M
Swap:         8.0G         0B       8.0G

             total       used       free     shared    buffers     cached
Mem:          992M       668M       323M       1.4M        38M       289M
-/+ buffers/cache:       340M       651M
Swap:         8.0G         0B       8.0G

             total       used       free     shared    buffers     cached
Mem:          992M       669M       323M       1.4M        38M       289M
-/+ buffers/cache:       340M       651M
Swap:         8.0G         0B       8.0G

             total       used       free     shared    buffers     cached
Mem:          992M       669M       323M       1.4M        38M       289M
-/+ buffers/cache:       340M       651M
Swap:         8.0G         0B       8.0G

             total       used       free     shared    buffers     cached
Mem:          992M       669M       323M       1.4M        38M       289M
-/+ buffers/cache:       340M       651M
Swap:         8.0G         0B       8.0G

             total       used       free     shared    buffers     cached
Mem:          992M       668M       323M       1.4M        38M       289M
-/+ buffers/cache:       340M       651M
Swap:         8.0G         0B       8.0G

             total       used       free     shared    buffers     cached
Mem:          992M       668M       323M       1.4M        38M       289M
-/+ buffers/cache:       340M       651M
Swap:         8.0G         0B       8.0G

             total       used       free     shared    buffers     cached
Mem:          992M       668M       323M       1.4M        38M       289M
-/+ buffers/cache:       340M       651M
Swap:         8.0G         0B       8.0G

             total       used       free     shared    buffers     cached
Mem:          992M       668M       323M       1.4M        38M       289M
-/+ buffers/cache:       340M       651M
Swap:         8.0G         0B       8.0G

             total       used       free     shared    buffers     cached
Mem:          992M       668M       323M       1.4M        38M       289M
-/+ buffers/cache:       340M       651M
Swap:         8.0G         0B       8.0G

             total       used       free     shared    buffers     cached
Mem:          992M       668M       323M       1.4M        38M       289M
-/+ buffers/cache:       340M       651M
Swap:         8.0G         0B       8.0G

             total       used       free     shared    buffers     cached
Mem:          992M       668M       323M       1.4M        38M       289M
-/+ buffers/cache:       340M       651M
Swap:         8.0G         0B       8.0G

             total       used       free     shared    buffers     cached
Mem:          992M       668M       323M       1.4M        38M       289M
-/+ buffers/cache:       340M       651M
Swap:         8.0G         0B       8.0G

             total       used       free     shared    buffers     cached
Mem:          992M       668M       323M       1.4M        38M       289M
-/+ buffers/cache:       340M       651M
Swap:         8.0G         0B       8.0G

             total       used       free     shared    buffers     cached
Mem:          992M       674M       318M       1.4M        38M       289M
-/+ buffers/cache:       345M       646M
Swap:         8.0G         0B       8.0G

             total       used       free     shared    buffers     cached
Mem:          992M       694M       297M       1.4M        38M       289M
-/+ buffers/cache:       365M       626M
Swap:         8.0G         0B       8.0G

             total       used       free     shared    buffers     cached
Mem:          992M       713M       279M       1.4M        38M       289M
-/+ buffers/cache:       384M       607M
Swap:         8.0G         0B       8.0G

             total       used       free     shared    buffers     cached
Mem:          992M       732M       260M       1.4M        38M       289M
-/+ buffers/cache:       403M       588M
Swap:         8.0G         0B       8.0G

             total       used       free     shared    buffers     cached
Mem:          992M       750M       241M       1.4M        38M       289M
-/+ buffers/cache:       421M       570M
Swap:         8.0G         0B       8.0G

             total       used       free     shared    buffers     cached
Mem:          992M       770M       221M       1.4M        38M       289M
-/+ buffers/cache:       441M       550M
Swap:         8.0G         0B       8.0G

             total       used       free     shared    buffers     cached
Mem:          992M       787M       204M       1.4M        38M       289M
-/+ buffers/cache:       459M       532M
Swap:         8.0G         0B       8.0G

             total       used       free     shared    buffers     cached
Mem:          992M       806M       185M       1.4M        38M       289M
-/+ buffers/cache:       478M       513M
Swap:         8.0G         0B       8.0G

             total       used       free     shared    buffers     cached
Mem:          992M       825M       166M       1.4M        38M       289M
-/+ buffers/cache:       497M       494M
Swap:         8.0G         0B       8.0G

             total       used       free     shared    buffers     cached
Mem:          992M       844M       148M       1.4M        38M       289M
-/+ buffers/cache:       515M       476M
Swap:         8.0G         0B       8.0G

             total       used       free     shared    buffers     cached
Mem:          992M       864M       127M       1.4M        38M       289M
-/+ buffers/cache:       535M       456M
Swap:         8.0G         0B       8.0G

             total       used       free     shared    buffers     cached
Mem:          992M       884M       108M       1.4M        38M       289M
-/+ buffers/cache:       555M       436M
Swap:         8.0G         0B       8.0G

             total       used       free     shared    buffers     cached
Mem:          992M       900M        91M       1.4M        38M       289M
-/+ buffers/cache:       571M       420M
Swap:         8.0G         0B       8.0G

             total       used       free     shared    buffers     cached
Mem:          992M       920M        72M       1.4M        38M       289M
-/+ buffers/cache:       591M       400M
Swap:         8.0G         0B       8.0G

             total       used       free     shared    buffers     cached
Mem:          992M       915M        76M       1.4M        17M       288M
-/+ buffers/cache:       610M       381M
Swap:         8.0G         0B       8.0G

             total       used       free     shared    buffers     cached
Mem:          992M       917M        75M       1.4M        10M       278M
-/+ buffers/cache:       627M       364M
Swap:         8.0G         0B       8.0G

             total       used       free     shared    buffers     cached
Mem:          992M       919M        73M       1.4M       9.6M       262M
-/+ buffers/cache:       646M       345M
Swap:         8.0G        76K       8.0G

             total       used       free     shared    buffers     cached
Mem:          992M       918M        73M       1.3M       9.7M       243M
-/+ buffers/cache:       664M       327M
Swap:         8.0G       424K       8.0G

             total       used       free     shared    buffers     cached
Mem:          992M       923M        68M       1.2M       9.7M       231M
-/+ buffers/cache:       681M       310M
Swap:         8.0G       4.6M       8.0G

             total       used       free     shared    buffers     cached
Mem:          992M       913M        78M       1.2M       9.6M       205M
-/+ buffers/cache:       698M       293M
Swap:         8.0G       9.8M       8.0G

             total       used       free     shared    buffers     cached
Mem:          992M       930M        61M       1.1M       9.6M       205M
-/+ buffers/cache:       715M       277M
Swap:         8.0G       9.8M       8.0G

             total       used       free     shared    buffers     cached
Mem:          992M       924M        67M       1.1M       1.3M       188M
-/+ buffers/cache:       735M       257M
Swap:         8.0G       9.8M       8.0G

             total       used       free     shared    buffers     cached
Mem:          992M       922M        70M       1.1M       196K       166M
-/+ buffers/cache:       755M       237M
Swap:         8.0G       9.8M       8.0G

             total       used       free     shared    buffers     cached
Mem:          992M       919M        72M       1.1M       196K       147M
-/+ buffers/cache:       772M       219M
Swap:         8.0G       9.8M       8.0G

             total       used       free     shared    buffers     cached
Mem:          992M       915M        77M       1.1M       196K       129M
-/+ buffers/cache:       785M       206M
Swap:         8.0G       9.8M       8.0G

             total       used       free     shared    buffers     cached
Mem:          992M       930M        62M       1.1M       208K       129M
-/+ buffers/cache:       800M       191M
Swap:         8.0G       9.8M       8.0G

             total       used       free     shared    buffers     cached
Mem:          992M       929M        62M       1.1M        84K       114M
-/+ buffers/cache:       815M       176M
Swap:         8.0G       9.8M       8.0G

             total       used       free     shared    buffers     cached
Mem:          992M       908M        84M       1.1M        84K        77M
-/+ buffers/cache:       830M       161M
Swap:         8.0G       9.8M       8.0G

             total       used       free     shared    buffers     cached
Mem:          992M       926M        66M       1.1M       240K        79M
-/+ buffers/cache:       846M       145M
Swap:         8.0G       9.8M       8.0G

             total       used       free     shared    buffers     cached
Mem:          992M       924M        68M       1.1M       252K        61M
-/+ buffers/cache:       862M       129M
Swap:         8.0G       9.8M       8.0G

             total       used       free     shared    buffers     cached
Mem:          992M       926M        65M       1.1M       664K        47M
-/+ buffers/cache:       878M       113M
Swap:         8.0G       9.8M       8.0G

             total       used       free     shared    buffers     cached
Mem:          992M       922M        69M       1.1M       664K        27M
-/+ buffers/cache:       894M        97M
Swap:         8.0G       9.8M       8.0G

             total       used       free     shared    buffers     cached
Mem:          992M       920M        71M       1.1M       664K       7.3M
-/+ buffers/cache:       912M        79M
Swap:         8.0G       9.8M       8.0G

             total       used       free     shared    buffers     cached
Mem:          992M       920M        71M       756K       664K       3.4M
-/+ buffers/cache:       916M        75M
Swap:         8.0G        32M       8.0G

             total       used       free     shared    buffers     cached
Mem:          992M       923M        68M       724K       620K       3.2M
-/+ buffers/cache:       919M        72M
Swap:         8.0G        33M       8.0G

             total       used       free     shared    buffers     cached
Mem:          992M       921M        70M       708K       620K       5.3M
-/+ buffers/cache:       915M        76M
Swap:         8.0G        67M       7.9G

             total       used       free     shared    buffers     cached
Mem:          992M       926M        65M       696K       1.3M       8.4M
-/+ buffers/cache:       916M        75M
Swap:         8.0G        80M       7.9G

             total       used       free     shared    buffers     cached
Mem:          992M       903M        88M       672K       2.2M        12M
-/+ buffers/cache:       888M       103M
Swap:         8.0G       146M       7.9G

             total       used       free     shared    buffers     cached
Mem:          992M       921M        71M       660K       2.2M        13M
-/+ buffers/cache:       905M        86M
Swap:         8.0G       146M       7.9G

             total       used       free     shared    buffers     cached
Mem:          992M       919M        73M       660K       2.2M        14M
-/+ buffers/cache:       902M        89M
Swap:         8.0G       145M       7.9G

             total       used       free     shared    buffers     cached
Mem:          992M       942M        49M       660K       240K        26M
-/+ buffers/cache:       915M        76M
Swap:         8.0G       142M       7.9G

             total       used       free     shared    buffers     cached
Mem:          992M       916M        75M       556K       392K        23M
-/+ buffers/cache:       892M        99M
Swap:         8.0G       208M       7.8G

             total       used       free     shared    buffers     cached
Mem:          992M       930M        61M       572K       392K        23M
-/+ buffers/cache:       906M        85M
Swap:         8.0G       208M       7.8G

             total       used       free     shared    buffers     cached
Mem:          992M       928M        63M       572K       392K        23M
-/+ buffers/cache:       905M        86M
Swap:         8.0G       208M       7.8G

             total       used       free     shared    buffers     cached
Mem:          992M       925M        66M       572K       400K        22M
-/+ buffers/cache:       902M        90M
Swap:         8.0G       208M       7.8G

             total       used       free     shared    buffers     cached
Mem:          992M       925M        66M       572K       192K        18M
-/+ buffers/cache:       907M        85M
Swap:         8.0G       218M       7.8G

             total       used       free     shared    buffers     cached
Mem:          992M       920M        72M       572K       356K       6.0M
-/+ buffers/cache:       913M        78M
Swap:         8.0G       222M       7.8G

             total       used       free     shared    buffers     cached
Mem:          992M       919M        72M       572K       348K       3.1M
-/+ buffers/cache:       916M        75M
Swap:         8.0G       236M       7.8G

             total       used       free     shared    buffers     cached
Mem:          992M       916M        75M       544K       348K       2.6M
-/+ buffers/cache:       913M        78M
Swap:         8.0G       259M       7.7G

             total       used       free     shared    buffers     cached
Mem:          992M       924M        67M       544K       352K       2.6M
-/+ buffers/cache:       921M        70M
Swap:         8.0G       259M       7.7G

             total       used       free     shared    buffers     cached
Mem:          992M       929M        62M       544K       360K       2.6M
-/+ buffers/cache:       926M        65M
Swap:         8.0G       259M       7.7G

             total       used       free     shared    buffers     cached
Mem:          992M       922M        69M       544K       352K       2.2M
-/+ buffers/cache:       920M        72M
Swap:         8.0G       267M       7.7G

             total       used       free     shared    buffers     cached
Mem:          992M       929M        62M       544K       352K       2.6M
-/+ buffers/cache:       926M        65M
Swap:         8.0G       267M       7.7G

             total       used       free     shared    buffers     cached
Mem:          992M       911M        80M       544K       128K       2.4M
-/+ buffers/cache:       908M        83M
Swap:         8.0G       299M       7.7G

             total       used       free     shared    buffers     cached
Mem:          992M       916M        76M       540K       128K       2.4M
-/+ buffers/cache:       913M        78M
Swap:         8.0G       299M       7.7G

             total       used       free     shared    buffers     cached
Mem:          992M       921M        70M       540K       136K       2.4M
-/+ buffers/cache:       918M        73M
Swap:         8.0G       299M       7.7G

             total       used       free     shared    buffers     cached
Mem:          992M       926M        65M       540K       140K       2.4M
-/+ buffers/cache:       923M        68M
Swap:         8.0G       299M       7.7G

             total       used       free     shared    buffers     cached
Mem:          992M       931M        61M       540K       140K       2.4M
-/+ buffers/cache:       928M        63M
Swap:         8.0G       299M       7.7G

             total       used       free     shared    buffers     cached
Mem:          992M       923M        68M       540K       116K       2.4M
-/+ buffers/cache:       921M        70M
Swap:         8.0G       302M       7.7G

             total       used       free     shared    buffers     cached
Mem:          992M       929M        63M       540K       116K       2.4M
-/+ buffers/cache:       926M        65M
Swap:         8.0G       302M       7.7G

             total       used       free     shared    buffers     cached
Mem:          992M       914M        77M       540K        76K       2.4M
-/+ buffers/cache:       912M        79M
Swap:         8.0G       327M       7.7G

             total       used       free     shared    buffers     cached
Mem:          992M       918M        73M       540K        76K       2.4M
-/+ buffers/cache:       916M        75M
Swap:         8.0G       327M       7.7G

             total       used       free     shared    buffers     cached
Mem:          992M       922M        69M       540K        76K       2.4M
-/+ buffers/cache:       920M        71M
Swap:         8.0G       327M       7.7G

             total       used       free     shared    buffers     cached
Mem:          992M       927M        65M       540K        76K       2.4M
-/+ buffers/cache:       924M        67M
Swap:         8.0G       327M       7.7G

             total       used       free     shared    buffers     cached
Mem:          992M       931M        61M       540K        76K       2.4M
-/+ buffers/cache:       928M        63M
Swap:         8.0G       327M       7.7G

             total       used       free     shared    buffers     cached
Mem:          992M       921M        70M       540K        76K       2.3M
-/+ buffers/cache:       919M        73M
Swap:         8.0G       336M       7.7G

             total       used       free     shared    buffers     cached
Mem:          992M       924M        67M         4K        84K       1.8M
-/+ buffers/cache:       922M        69M
Swap:         8.0G       334M       7.7G

             total       used       free     shared    buffers     cached
Mem:          992M       922M        69M        20K        84K       1.8M
-/+ buffers/cache:       921M        71M
Swap:         8.0G       326M       7.7G

             total       used       free     shared    buffers     cached
Mem:          992M       921M        70M         4K        84K       1.7M
-/+ buffers/cache:       919M        72M
Swap:         8.0G       325M       7.7G

             total       used       free     shared    buffers     cached
Mem:          992M       917M        74M         4K        84K       1.6M
-/+ buffers/cache:       915M        76M
Swap:         8.0G       328M       7.7G

             total       used       free     shared    buffers     cached
Mem:          992M       917M        74M         0B        76K       1.4M
-/+ buffers/cache:       916M        75M
Swap:         8.0G       336M       7.7G

             total       used       free     shared    buffers     cached
Mem:          992M       926M        65M         0B        84K       1.2M
-/+ buffers/cache:       925M        66M
Swap:         8.0G       446M       7.6G

             total       used       free     shared    buffers     cached
Mem:          992M       919M        72M         0B        84K       1.4M
-/+ buffers/cache:       917M        74M
Swap:         8.0G       445M       7.6G

             total       used       free     shared    buffers     cached
Mem:          992M       918M        73M         0B        84K       1.4M
-/+ buffers/cache:       917M        74M
Swap:         8.0G       365M       7.6G

             total       used       free     shared    buffers     cached
Mem:          992M       918M        73M         0B        84K       1.4M
-/+ buffers/cache:       917M        74M
Swap:         8.0G       336M       7.7G

             total       used       free     shared    buffers     cached
Mem:          992M       921M        70M         0B        84K       1.4M
-/+ buffers/cache:       920M        71M
Swap:         8.0G       333M       7.7G

             total       used       free     shared    buffers     cached
Mem:          992M       922M        69M         0B        84K       1.4M
-/+ buffers/cache:       921M        70M
Swap:         8.0G       326M       7.7G

             total       used       free     shared    buffers     cached
Mem:          992M       918M        73M         0B        84K       1.4M
-/+ buffers/cache:       917M        75M
Swap:         8.0G       330M       7.7G

             total       used       free     shared    buffers     cached
Mem:          992M       918M        73M         0B        84K       1.8M
-/+ buffers/cache:       916M        75M
Swap:         8.0G       328M       7.7G

             total       used       free     shared    buffers     cached
Mem:          992M       922M        69M         0B        84K       1.8M
-/+ buffers/cache:       920M        71M
Swap:         8.0G       327M       7.7G

             total       used       free     shared    buffers     cached
Mem:          992M       928M        63M         0B        84K       1.8M
-/+ buffers/cache:       926M        65M
Swap:         8.0G       325M       7.7G

             total       used       free     shared    buffers     cached
Mem:          992M       915M        76M         0B       100K       1.8M
-/+ buffers/cache:       913M        78M
Swap:         8.0G       350M       7.7G

             total       used       free     shared    buffers     cached
Mem:          992M       920M        71M         0B       108K       1.8M
-/+ buffers/cache:       918M        73M
Swap:         8.0G       350M       7.7G

             total       used       free     shared    buffers     cached
Mem:          992M       925M        66M         0B       108K       1.8M
-/+ buffers/cache:       923M        68M
Swap:         8.0G       350M       7.7G

             total       used       free     shared    buffers     cached
Mem:          992M       919M        72M         0B       108K       1.8M
-/+ buffers/cache:       917M        74M
Swap:         8.0G       356M       7.6G

             total       used       free     shared    buffers     cached
Mem:          992M       924M        67M         0B       108K       1.8M
-/+ buffers/cache:       922M        69M
Swap:         8.0G       356M       7.6G

             total       used       free     shared    buffers     cached
Mem:          992M       929M        62M         0B       108K       1.8M
-/+ buffers/cache:       927M        64M
Swap:         8.0G       356M       7.6G

             total       used       free     shared    buffers     cached
Mem:          992M       913M        78M         0B       116K       1.8M
-/+ buffers/cache:       911M        80M
Swap:         8.0G       385M       7.6G

             total       used       free     shared    buffers     cached
Mem:          992M       915M        76M         0B       116K       1.8M
-/+ buffers/cache:       913M        78M
Swap:         8.0G       384M       7.6G

             total       used       free     shared    buffers     cached
Mem:          992M       916M        75M         0B       116K       1.8M
-/+ buffers/cache:       914M        77M
Swap:         8.0G       384M       7.6G

             total       used       free     shared    buffers     cached
Mem:          992M       919M        73M         0B       116K       1.8M
-/+ buffers/cache:       917M        75M
Swap:         8.0G       383M       7.6G

             total       used       free     shared    buffers     cached
Mem:          992M       920M        71M         0B       116K       1.8M
-/+ buffers/cache:       918M        73M
Swap:         8.0G       382M       7.6G

             total       used       free     shared    buffers     cached
Mem:          992M       921M        70M         0B       124K       1.8M
-/+ buffers/cache:       919M        72M
Swap:         8.0G       380M       7.6G

             total       used       free     shared    buffers     cached
Mem:          992M       923M        69M         0B       124K       1.8M
-/+ buffers/cache:       921M        70M
Swap:         8.0G       379M       7.6G

             total       used       free     shared    buffers     cached
Mem:          992M       924M        67M         0B       124K       1.8M
-/+ buffers/cache:       922M        69M
Swap:         8.0G       378M       7.6G

             total       used       free     shared    buffers     cached
Mem:          992M       925M        66M         0B       124K       1.8M
-/+ buffers/cache:       923M        68M
Swap:         8.0G       377M       7.6G

             total       used       free     shared    buffers     cached
Mem:          992M       928M        63M         0B       264K       2.6M
-/+ buffers/cache:       925M        66M
Swap:         8.0G       376M       7.6G

             total       used       free     shared    buffers     cached
Mem:          992M       930M        62M         0B       264K       2.7M
-/+ buffers/cache:       927M        65M
Swap:         8.0G       375M       7.6G

             total       used       free     shared    buffers     cached
Mem:          992M       913M        78M         0B       256K       2.7M
-/+ buffers/cache:       910M        81M
Swap:         8.0G       390M       7.6G

             total       used       free     shared    buffers     cached
Mem:          992M       920M        71M         0B        80K        17M
-/+ buffers/cache:       903M        88M
Swap:         8.0G       413M       7.6G

             total       used       free     shared    buffers     cached
Mem:          992M       924M        67M         0B       488K        18M
-/+ buffers/cache:       905M        86M
Swap:         8.0G       412M       7.6G

             total       used       free     shared    buffers     cached
Mem:          992M       926M        65M         0B       516K        18M
-/+ buffers/cache:       907M        84M
Swap:         8.0G       411M       7.6G

             total       used       free     shared    buffers     cached
Mem:          992M       928M        63M         0B       516K        18M
-/+ buffers/cache:       909M        82M
Swap:         8.0G       410M       7.6G

             total       used       free     shared    buffers     cached
Mem:          992M       931M        61M         0B       524K        18M
-/+ buffers/cache:       912M        80M
Swap:         8.0G       409M       7.6G

             total       used       free     shared    buffers     cached
Mem:          992M       918M        73M         0B       524K        17M
-/+ buffers/cache:       900M        91M
Swap:         8.0G       409M       7.6G

             total       used       free     shared    buffers     cached
Mem:          992M       921M        71M         0B       524K        17M
-/+ buffers/cache:       902M        89M
Swap:         8.0G       408M       7.6G

             total       used       free     shared    buffers     cached
Mem:          992M       923M        69M         0B       524K        17M
-/+ buffers/cache:       904M        87M
Swap:         8.0G       407M       7.6G

             total       used       free     shared    buffers     cached
Mem:          992M       925M        66M         0B       524K        17M
-/+ buffers/cache:       906M        85M
Swap:         8.0G       406M       7.6G

             total       used       free     shared    buffers     cached
Mem:          992M       927M        64M         0B       532K        17M
-/+ buffers/cache:       909M        83M
Swap:         8.0G       405M       7.6G

             total       used       free     shared    buffers     cached
Mem:          992M       929M        62M         0B       532K        17M
-/+ buffers/cache:       911M        80M
Swap:         8.0G       404M       7.6G

             total       used       free     shared    buffers     cached
Mem:          992M       904M        87M         0B       532K        14M
-/+ buffers/cache:       889M       102M
Swap:         8.0G       435M       7.6G

             total       used       free     shared    buffers     cached
Mem:          992M       906M        85M         0B       532K        14M
-/+ buffers/cache:       890M       101M
Swap:         8.0G       434M       7.6G

             total       used       free     shared    buffers     cached
Mem:          992M       908M        83M         0B       532K        14M
-/+ buffers/cache:       892M        99M
Swap:         8.0G       434M       7.6G

             total       used       free     shared    buffers     cached
Mem:          992M       910M        81M         0B       532K        14M
-/+ buffers/cache:       895M        96M
Swap:         8.0G       433M       7.6G

             total       used       free     shared    buffers     cached
Mem:          992M       912M        79M         0B       540K        14M
-/+ buffers/cache:       896M        95M
Swap:         8.0G       432M       7.6G

             total       used       free     shared    buffers     cached
Mem:          992M       914M        77M         0B       540K        14M
-/+ buffers/cache:       899M        93M
Swap:         8.0G       431M       7.6G

             total       used       free     shared    buffers     cached
Mem:          992M       915M        76M         0B       540K        14M
-/+ buffers/cache:       900M        91M
Swap:         8.0G       430M       7.6G

             total       used       free     shared    buffers     cached
Mem:          992M       917M        74M         0B       540K        14M
-/+ buffers/cache:       902M        90M
Swap:         8.0G       429M       7.6G

             total       used       free     shared    buffers     cached
Mem:          992M       919M        72M         0B       540K        14M
-/+ buffers/cache:       904M        88M
Swap:         8.0G       429M       7.6G

             total       used       free     shared    buffers     cached
Mem:          992M       921M        70M         0B       548K        14M
-/+ buffers/cache:       905M        86M
Swap:         8.0G       428M       7.6G

             total       used       free     shared    buffers     cached
Mem:          992M       923M        68M         0B       548K        14M
-/+ buffers/cache:       907M        84M
Swap:         8.0G       427M       7.6G

             total       used       free     shared    buffers     cached
Mem:          992M       925M        66M         0B       548K        14M
-/+ buffers/cache:       909M        82M
Swap:         8.0G       426M       7.6G

             total       used       free     shared    buffers     cached
Mem:          992M       927M        64M         0B       548K        14M
-/+ buffers/cache:       911M        80M
Swap:         8.0G       425M       7.6G

             total       used       free     shared    buffers     cached
Mem:          992M       929M        62M         0B       548K        14M
-/+ buffers/cache:       914M        78M
Swap:         8.0G       424M       7.6G

             total       used       free     shared    buffers     cached
Mem:          992M       918M        73M         0B       556K        14M
-/+ buffers/cache:       903M        88M
Swap:         8.0G       428M       7.6G

             total       used       free     shared    buffers     cached
Mem:          992M       920M        72M         0B       556K        14M
-/+ buffers/cache:       905M        86M
Swap:         8.0G       427M       7.6G

             total       used       free     shared    buffers     cached
Mem:          992M       921M        70M         0B       556K        14M
-/+ buffers/cache:       907M        85M
Swap:         8.0G       426M       7.6G

             total       used       free     shared    buffers     cached
Mem:          992M       923M        68M         0B       556K        14M
-/+ buffers/cache:       908M        83M
Swap:         8.0G       426M       7.6G

             total       used       free     shared    buffers     cached
Mem:          992M       925M        66M         0B       556K        14M
-/+ buffers/cache:       910M        81M
Swap:         8.0G       425M       7.6G

             total       used       free     shared    buffers     cached
Mem:          992M       927M        64M         0B       556K        14M
-/+ buffers/cache:       912M        79M
Swap:         8.0G       424M       7.6G

             total       used       free     shared    buffers     cached
Mem:          992M       929M        62M         0B       564K        14M
-/+ buffers/cache:       914M        77M
Swap:         8.0G       423M       7.6G

             total       used       free     shared    buffers     cached
Mem:          992M       915M        76M         0B       564K        13M
-/+ buffers/cache:       901M        90M
Swap:         8.0G       446M       7.6G

             total       used       free     shared    buffers     cached
Mem:          992M       917M        74M         0B       564K        13M
-/+ buffers/cache:       903M        88M
Swap:         8.0G       445M       7.6G

             total       used       free     shared    buffers     cached
Mem:          992M       919M        72M         0B       564K        13M
-/+ buffers/cache:       905M        86M
Swap:         8.0G       444M       7.6G

             total       used       free     shared    buffers     cached
Mem:          992M       921M        70M         0B       564K        13M
-/+ buffers/cache:       907M        84M
Swap:         8.0G       444M       7.6G

             total       used       free     shared    buffers     cached
Mem:          992M       923M        68M         0B       572K        13M
-/+ buffers/cache:       909M        82M
Swap:         8.0G       443M       7.6G

             total       used       free     shared    buffers     cached
Mem:          992M       924M        67M         0B       572K        13M
-/+ buffers/cache:       910M        81M
Swap:         8.0G       442M       7.6G

             total       used       free     shared    buffers     cached
Mem:          992M       926M        66M         0B       572K        13M
-/+ buffers/cache:       912M        80M
Swap:         8.0G       441M       7.6G

             total       used       free     shared    buffers     cached
Mem:          992M       927M        64M         0B       572K        13M
-/+ buffers/cache:       913M        78M
Swap:         8.0G       441M       7.6G

             total       used       free     shared    buffers     cached
Mem:          992M       928M        63M         0B       572K        13M
-/+ buffers/cache:       914M        77M
Swap:         8.0G       440M       7.6G

             total       used       free     shared    buffers     cached
Mem:          992M       929M        62M         0B       580K        13M
-/+ buffers/cache:       915M        76M
Swap:         8.0G       439M       7.6G

             total       used       free     shared    buffers     cached
Mem:          992M       931M        61M         0B       580K        13M
-/+ buffers/cache:       917M        75M
Swap:         8.0G       438M       7.6G

             total       used       free     shared    buffers     cached
Mem:          992M       920M        72M         0B       580K        12M
-/+ buffers/cache:       906M        85M
Swap:         8.0G       440M       7.6G

             total       used       free     shared    buffers     cached
Mem:          992M       921M        70M         0B       580K        13M
-/+ buffers/cache:       907M        84M
Swap:         8.0G       439M       7.6G

             total       used       free     shared    buffers     cached
Mem:          992M       922M        69M         0B       580K        13M
-/+ buffers/cache:       909M        82M
Swap:         8.0G       439M       7.6G

             total       used       free     shared    buffers     cached
Mem:          992M       925M        66M         0B       580K        14M
-/+ buffers/cache:       910M        81M
Swap:         8.0G       438M       7.6G

             total       used       free     shared    buffers     cached
Mem:          992M       926M        65M         0B       588K        14M
-/+ buffers/cache:       911M        80M
Swap:         8.0G       437M       7.6G

             total       used       free     shared    buffers     cached
Mem:          992M       929M        62M         0B       884K        15M
-/+ buffers/cache:       913M        78M
Swap:         8.0G       436M       7.6G

             total       used       free     shared    buffers     cached
Mem:          992M       921M        70M         0B       544K        14M
-/+ buffers/cache:       906M        85M
Swap:         8.0G       454M       7.6G

             total       used       free     shared    buffers     cached
Mem:          992M       912M        79M        16K       376K        28M
-/+ buffers/cache:       884M       108M
Swap:         8.0G       483M       7.5G

             total       used       free     shared    buffers     cached
Mem:          992M       914M        77M        16K       376K        28M
-/+ buffers/cache:       885M       106M
Swap:         8.0G       482M       7.5G

             total       used       free     shared    buffers     cached
Mem:          992M       915M        76M        16K       376K        28M
-/+ buffers/cache:       887M       105M
Swap:         8.0G       481M       7.5G

             total       used       free     shared    buffers     cached
Mem:          992M       916M        75M        16K       376K        28M
-/+ buffers/cache:       888M       103M
Swap:         8.0G       481M       7.5G

             total       used       free     shared    buffers     cached
Mem:          992M       918M        74M        16K       376K        28M
-/+ buffers/cache:       889M       102M
Swap:         8.0G       480M       7.5G

             total       used       free     shared    buffers     cached
Mem:          992M       918M        73M        16K       384K        28M
-/+ buffers/cache:       890M       101M
Swap:         8.0G       480M       7.5G

             total       used       free     shared    buffers     cached
Mem:          992M       920M        71M        16K       384K        28M
-/+ buffers/cache:       891M       100M
Swap:         8.0G       479M       7.5G

             total       used       free     shared    buffers     cached
Mem:          992M       922M        70M        16K       384K        28M
-/+ buffers/cache:       893M        99M
Swap:         8.0G       478M       7.5G

             total       used       free     shared    buffers     cached
Mem:          992M       925M        67M        16K       384K        29M
-/+ buffers/cache:       895M        96M
Swap:         8.0G       477M       7.5G

             total       used       free     shared    buffers     cached
Mem:          992M       926M        65M        16K       384K        29M
-/+ buffers/cache:       896M        95M
Swap:         8.0G       476M       7.5G

             total       used       free     shared    buffers     cached
Mem:          992M       920M        71M        16K       788K        34M
-/+ buffers/cache:       885M       107M
Swap:         8.0G       477M       7.5G

             total       used       free     shared    buffers     cached
Mem:          992M       926M        65M        16K       2.2M        36M
-/+ buffers/cache:       887M       104M
Swap:         8.0G       476M       7.5G

             total       used       free     shared    buffers     cached
Mem:          992M       928M        63M        20K       2.2M        36M
-/+ buffers/cache:       889M       103M
Swap:         8.0G       475M       7.5G

             total       used       free     shared    buffers     cached
Mem:          992M       929M        62M        20K       2.2M        36M
-/+ buffers/cache:       890M       101M
Swap:         8.0G       474M       7.5G

             total       used       free     shared    buffers     cached
Mem:          992M       930M        61M        20K       2.2M        36M
-/+ buffers/cache:       891M       100M
Swap:         8.0G       473M       7.5G

             total       used       free     shared    buffers     cached
Mem:          992M       915M        77M        20K       2.2M        35M
-/+ buffers/cache:       877M       114M
Swap:         8.0G       500M       7.5G

             total       used       free     shared    buffers     cached
Mem:          992M       916M        76M        20K       2.3M        35M
-/+ buffers/cache:       878M       113M
Swap:         8.0G       499M       7.5G

             total       used       free     shared    buffers     cached
Mem:          992M       917M        75M        20K       2.3M        35M
-/+ buffers/cache:       879M       112M
Swap:         8.0G       498M       7.5G

             total       used       free     shared    buffers     cached
Mem:          992M       918M        73M        20K       2.3M        35M
-/+ buffers/cache:       881M       110M
Swap:         8.0G       498M       7.5G

             total       used       free     shared    buffers     cached
Mem:          992M       920M        71M        20K       2.3M        35M
-/+ buffers/cache:       883M       109M
Swap:         8.0G       497M       7.5G

             total       used       free     shared    buffers     cached
Mem:          992M       922M        70M        20K       2.3M        35M
-/+ buffers/cache:       884M       107M
Swap:         8.0G       496M       7.5G

             total       used       free     shared    buffers     cached
Mem:          992M       923M        68M        20K       2.3M        35M
-/+ buffers/cache:       885M       106M
Swap:         8.0G       495M       7.5G

             total       used       free     shared    buffers     cached
Mem:          992M       924M        67M        20K       2.3M        35M
-/+ buffers/cache:       887M       104M
Swap:         8.0G       495M       7.5G

             total       used       free     shared    buffers     cached
Mem:          992M       926M        66M        20K       2.3M        35M
-/+ buffers/cache:       888M       103M
Swap:         8.0G       494M       7.5G

             total       used       free     shared    buffers     cached
Mem:          992M       927M        64M        20K       2.3M        35M
-/+ buffers/cache:       889M       102M
Swap:         8.0G       493M       7.5G

             total       used       free     shared    buffers     cached
Mem:          992M       929M        63M        20K       2.3M        35M
-/+ buffers/cache:       891M       100M
Swap:         8.0G       493M       7.5G

             total       used       free     shared    buffers     cached
Mem:          992M       930M        61M        20K       2.3M        35M
-/+ buffers/cache:       892M        99M
Swap:         8.0G       492M       7.5G

             total       used       free     shared    buffers     cached
Mem:          992M       917M        75M        20K       2.3M        34M
-/+ buffers/cache:       880M       112M
Swap:         8.0G       494M       7.5G

             total       used       free     shared    buffers     cached
Mem:          992M       918M        74M        20K       2.3M        34M
-/+ buffers/cache:       881M       111M
Swap:         8.0G       493M       7.5G

             total       used       free     shared    buffers     cached
Mem:          992M       919M        72M        20K       2.3M        34M
-/+ buffers/cache:       882M       109M
Swap:         8.0G       493M       7.5G

             total       used       free     shared    buffers     cached
Mem:          992M       920M        71M        20K       2.3M        34M
-/+ buffers/cache:       883M       108M
Swap:         8.0G       492M       7.5G

             total       used       free     shared    buffers     cached
Mem:          992M       922M        69M        20K       2.3M        34M
-/+ buffers/cache:       885M       106M
Swap:         8.0G       491M       7.5G

             total       used       free     shared    buffers     cached
Mem:          992M       923M        68M        20K       2.3M        34M
-/+ buffers/cache:       886M       105M
Swap:         8.0G       491M       7.5G

             total       used       free     shared    buffers     cached
Mem:          992M       924M        67M        20K       2.3M        34M
-/+ buffers/cache:       887M       104M
Swap:         8.0G       490M       7.5G

             total       used       free     shared    buffers     cached
Mem:          992M       926M        65M        20K       2.3M        34M
-/+ buffers/cache:       889M       102M
Swap:         8.0G       489M       7.5G

             total       used       free     shared    buffers     cached
Mem:          992M       928M        64M        20K       2.3M        34M
-/+ buffers/cache:       891M       101M
Swap:         8.0G       488M       7.5G

             total       used       free     shared    buffers     cached
Mem:          992M       929M        62M        20K       2.3M        34M
-/+ buffers/cache:       892M        99M
Swap:         8.0G       488M       7.5G

             total       used       free     shared    buffers     cached
Mem:          992M       931M        61M        20K       2.3M        34M
-/+ buffers/cache:       893M        98M
Swap:         8.0G       487M       7.5G

             total       used       free     shared    buffers     cached
Mem:          992M       909M        82M        20K       2.1M        32M
-/+ buffers/cache:       875M       116M
Swap:         8.0G       506M       7.5G

             total       used       free     shared    buffers     cached
Mem:          992M       911M        80M        20K       2.1M        32M
-/+ buffers/cache:       876M       115M
Swap:         8.0G       505M       7.5G

             total       used       free     shared    buffers     cached
Mem:          992M       912M        79M        20K       2.1M        32M
-/+ buffers/cache:       878M       113M
Swap:         8.0G       505M       7.5G

             total       used       free     shared    buffers     cached
Mem:          992M       914M        77M        20K       2.1M        32M
-/+ buffers/cache:       879M       112M
Swap:         8.0G       504M       7.5G

             total       used       free     shared    buffers     cached
Mem:          992M       915M        76M        20K       2.1M        32M
-/+ buffers/cache:       881M       111M
Swap:         8.0G       503M       7.5G

             total       used       free     shared    buffers     cached
Mem:          992M       916M        75M        20K       2.1M        32M
-/+ buffers/cache:       882M       109M
Swap:         8.0G       503M       7.5G

             total       used       free     shared    buffers     cached
Mem:          992M       918M        73M        20K       2.1M        32M
-/+ buffers/cache:       883M       108M
Swap:         8.0G       502M       7.5G

             total       used       free     shared    buffers     cached
Mem:          992M       919M        72M        20K       2.1M        32M
-/+ buffers/cache:       885M       106M
Swap:         8.0G       501M       7.5G

             total       used       free     shared    buffers     cached
Mem:          992M       921M        70M        20K       2.1M        32M
-/+ buffers/cache:       886M       105M
Swap:         8.0G       500M       7.5G

             total       used       free     shared    buffers     cached
Mem:          992M       922M        69M        20K       2.1M        32M
-/+ buffers/cache:       888M       103M
Swap:         8.0G       500M       7.5G

             total       used       free     shared    buffers     cached
Mem:          992M       923M        68M        20K       2.1M        32M
-/+ buffers/cache:       889M       102M
Swap:         8.0G       499M       7.5G

             total       used       free     shared    buffers     cached
Mem:          992M       925M        66M        20K       2.1M        32M
-/+ buffers/cache:       890M       101M
Swap:         8.0G       498M       7.5G

             total       used       free     shared    buffers     cached
Mem:          992M       926M        65M        20K       2.1M        32M
-/+ buffers/cache:       892M        99M
Swap:         8.0G       497M       7.5G

             total       used       free     shared    buffers     cached
Mem:          992M       928M        63M        20K       2.1M        32M
-/+ buffers/cache:       893M        98M
Swap:         8.0G       497M       7.5G

             total       used       free     shared    buffers     cached
Mem:          992M       929M        62M        20K       2.1M        32M
-/+ buffers/cache:       895M        96M
Swap:         8.0G       496M       7.5G

             total       used       free     shared    buffers     cached
Mem:          992M       931M        60M        20K       2.1M        32M
-/+ buffers/cache:       896M        95M
Swap:         8.0G       495M       7.5G

             total       used       free     shared    buffers     cached
Mem:          992M       912M        79M        20K       2.1M        31M
-/+ buffers/cache:       878M       113M
Swap:         8.0G       511M       7.5G

             total       used       free     shared    buffers     cached
Mem:          992M       913M        78M        20K       2.1M        31M
-/+ buffers/cache:       880M       111M
Swap:         8.0G       510M       7.5G

             total       used       free     shared    buffers     cached
Mem:          992M       914M        77M        20K       2.1M        31M
-/+ buffers/cache:       881M       110M
Swap:         8.0G       509M       7.5G

             total       used       free     shared    buffers     cached
Mem:          992M       916M        75M        20K       2.1M        31M
-/+ buffers/cache:       882M       109M
Swap:         8.0G       508M       7.5G

             total       used       free     shared    buffers     cached
Mem:          992M       917M        74M        20K       2.1M        31M
-/+ buffers/cache:       884M       107M
Swap:         8.0G       508M       7.5G

             total       used       free     shared    buffers     cached
Mem:          992M       919M        72M        20K       2.1M        31M
-/+ buffers/cache:       885M       106M
Swap:         8.0G       507M       7.5G

             total       used       free     shared    buffers     cached
Mem:          992M       920M        71M        20K       2.1M        31M
-/+ buffers/cache:       887M       104M
Swap:         8.0G       506M       7.5G

             total       used       free     shared    buffers     cached
Mem:          992M       922M        69M        20K       2.1M        31M
-/+ buffers/cache:       889M       103M
Swap:         8.0G       505M       7.5G

             total       used       free     shared    buffers     cached
Mem:          992M       924M        67M        20K       2.1M        31M
-/+ buffers/cache:       890M       101M
Swap:         8.0G       504M       7.5G

             total       used       free     shared    buffers     cached
Mem:          992M       925M        66M        20K       2.1M        31M
-/+ buffers/cache:       891M       100M
Swap:         8.0G       504M       7.5G

             total       used       free     shared    buffers     cached
Mem:          992M       927M        64M        20K       2.1M        32M
-/+ buffers/cache:       893M        98M
Swap:         8.0G       503M       7.5G

             total       used       free     shared    buffers     cached
Mem:          992M       930M        62M        20K       2.1M        32M
-/+ buffers/cache:       895M        96M
Swap:         8.0G       502M       7.5G

             total       used       free     shared    buffers     cached
Mem:          992M       916M        75M        24K       2.1M        29M
-/+ buffers/cache:       884M       107M
Swap:         8.0G       512M       7.5G

             total       used       free     shared    buffers     cached
Mem:          992M       919M        73M        24K       2.1M        29M
-/+ buffers/cache:       887M       105M
Swap:         8.0G       511M       7.5G

             total       used       free     shared    buffers     cached
Mem:          992M       926M        65M        24K       2.1M        31M
-/+ buffers/cache:       892M        99M
Swap:         8.0G       508M       7.5G

             total       used       free     shared    buffers     cached
Mem:          992M       928M        63M        24K       2.1M        31M
-/+ buffers/cache:       894M        97M
Swap:         8.0G       507M       7.5G

             total       used       free     shared    buffers     cached
Mem:          992M       920M        71M        24K       116K        27M
-/+ buffers/cache:       892M        99M
Swap:         8.0G       517M       7.5G

             total       used       free     shared    buffers     cached
Mem:          992M       921M        71M        24K       136K        27M
-/+ buffers/cache:       893M        98M
Swap:         8.0G       517M       7.5G

             total       used       free     shared    buffers     cached
Mem:          992M       922M        69M        24K       164K        27M
-/+ buffers/cache:       894M        97M
Swap:         8.0G       517M       7.5G

             total       used       free     shared    buffers     cached
Mem:          992M       923M        68M        24K       164K        27M
-/+ buffers/cache:       895M        96M
Swap:         8.0G       516M       7.5G

             total       used       free     shared    buffers     cached
Mem:          992M       923M        68M        24K       164K        27M
-/+ buffers/cache:       895M        96M
Swap:         8.0G       516M       7.5G

             total       used       free     shared    buffers     cached
Mem:          992M       924M        67M        24K       164K        27M
-/+ buffers/cache:       896M        95M
Swap:         8.0G       515M       7.5G

             total       used       free     shared    buffers     cached
Mem:          992M       925M        66M        24K       164K        27M
-/+ buffers/cache:       897M        94M
Swap:         8.0G       515M       7.5G

             total       used       free     shared    buffers     cached
Mem:          992M       926M        65M        24K       172K        27M
-/+ buffers/cache:       898M        93M
Swap:         8.0G       515M       7.5G

             total       used       free     shared    buffers     cached
Mem:          992M       927M        65M        24K       172K        27M
-/+ buffers/cache:       899M        92M
Swap:         8.0G       514M       7.5G

             total       used       free     shared    buffers     cached
Mem:          992M       927M        64M        24K       172K        27M
-/+ buffers/cache:       899M        92M
Swap:         8.0G       514M       7.5G

             total       used       free     shared    buffers     cached
Mem:          992M       922M        69M       196K       592K        38M
-/+ buffers/cache:       883M       109M
Swap:         8.0G       520M       7.5G

             total       used       free     shared    buffers     cached
Mem:          992M       923M        69M       3.9M       5.1M        62M
-/+ buffers/cache:       855M       136M
Swap:         8.0G       563M       7.4G

             total       used       free     shared    buffers     cached
Mem:          992M       919M        72M       244K       5.1M        63M
-/+ buffers/cache:       850M       141M
Swap:         8.0G       581M       7.4G

             total       used       free     shared    buffers     cached
Mem:          992M       924M        67M       236K       5.1M        64M
-/+ buffers/cache:       854M       137M
Swap:         8.0G       579M       7.4G

             total       used       free     shared    buffers     cached
Mem:          992M       925M        66M       236K       5.1M        64M
-/+ buffers/cache:       855M       136M
Swap:         8.0G       578M       7.4G

             total       used       free     shared    buffers     cached
Mem:          992M       927M        64M       236K       5.1M        64M
-/+ buffers/cache:       857M       134M
Swap:         8.0G       577M       7.4G

             total       used       free     shared    buffers     cached
Mem:          992M       929M        62M       236K       5.1M        64M
-/+ buffers/cache:       859M       132M
Swap:         8.0G       577M       7.4G

             total       used       free     shared    buffers     cached
Mem:          992M       931M        61M       236K       5.1M        64M
-/+ buffers/cache:       861M       131M
Swap:         8.0G       576M       7.4G

             total       used       free     shared    buffers     cached
Mem:          992M       919M        72M       236K       4.6M        62M
-/+ buffers/cache:       852M       140M
Swap:         8.0G       581M       7.4G

             total       used       free     shared    buffers     cached
Mem:          992M       920M        71M       236K       4.6M        62M
-/+ buffers/cache:       853M       138M
Swap:         8.0G       581M       7.4G

             total       used       free     shared    buffers     cached
Mem:          992M       922M        69M       236K       4.6M        62M
-/+ buffers/cache:       855M       136M
Swap:         8.0G       580M       7.4G

             total       used       free     shared    buffers     cached
Mem:          992M       924M        68M       236K       4.6M        62M
-/+ buffers/cache:       857M       135M
Swap:         8.0G       579M       7.4G

             total       used       free     shared    buffers     cached
Mem:          992M       925M        66M       236K       4.6M        62M
-/+ buffers/cache:       858M       133M
Swap:         8.0G       579M       7.4G

             total       used       free     shared    buffers     cached
Mem:          992M       927M        65M       236K       4.6M        62M
-/+ buffers/cache:       860M       132M
Swap:         8.0G       578M       7.4G

             total       used       free     shared    buffers     cached
Mem:          992M       928M        63M       236K       4.6M        62M
-/+ buffers/cache:       861M       130M
Swap:         8.0G       577M       7.4G

             total       used       free     shared    buffers     cached
Mem:          992M       930M        61M       236K       4.6M        62M
-/+ buffers/cache:       863M       129M
Swap:         8.0G       577M       7.4G

             total       used       free     shared    buffers     cached
Mem:          992M       919M        72M       236K       4.6M        62M
-/+ buffers/cache:       853M       138M
Swap:         8.0G       579M       7.4G

             total       used       free     shared    buffers     cached
Mem:          992M       921M        70M       236K       4.6M        62M
-/+ buffers/cache:       854M       137M
Swap:         8.0G       579M       7.4G

             total       used       free     shared    buffers     cached
Mem:          992M       922M        69M       236K       4.6M        62M
-/+ buffers/cache:       856M       136M
Swap:         8.0G       578M       7.4G

             total       used       free     shared    buffers     cached
Mem:          992M       924M        67M       236K       4.6M        62M
-/+ buffers/cache:       857M       134M
Swap:         8.0G       578M       7.4G

             total       used       free     shared    buffers     cached
Mem:          992M       925M        66M       236K       4.6M        62M
-/+ buffers/cache:       859M       133M
Swap:         8.0G       577M       7.4G

             total       used       free     shared    buffers     cached
Mem:          992M       927M        64M       236K       4.6M        62M
-/+ buffers/cache:       860M       131M
Swap:         8.0G       576M       7.4G

             total       used       free     shared    buffers     cached
Mem:          992M       928M        63M       236K       4.6M        62M
-/+ buffers/cache:       861M       130M
Swap:         8.0G       576M       7.4G

             total       used       free     shared    buffers     cached
Mem:          992M       930M        62M       236K       4.6M        62M
-/+ buffers/cache:       863M       128M
Swap:         8.0G       575M       7.4G

             total       used       free     shared    buffers     cached
Mem:          992M       931M        60M       236K       4.6M        62M
-/+ buffers/cache:       864M       127M
Swap:         8.0G       575M       7.4G

             total       used       free     shared    buffers     cached
Mem:          992M       915M        77M       236K       4.6M        60M
-/+ buffers/cache:       850M       141M
Swap:         8.0G       601M       7.4G

             total       used       free     shared    buffers     cached
Mem:          992M       916M        75M       236K       4.6M        60M
-/+ buffers/cache:       852M       140M
Swap:         8.0G       600M       7.4G

             total       used       free     shared    buffers     cached
Mem:          992M       918M        74M       236K       4.6M        60M
-/+ buffers/cache:       853M       138M
Swap:         8.0G       600M       7.4G

             total       used       free     shared    buffers     cached
Mem:          992M       919M        72M       236K       4.6M        60M
-/+ buffers/cache:       854M       137M
Swap:         8.0G       599M       7.4G

             total       used       free     shared    buffers     cached
Mem:          992M       921M        71M       236K       4.6M        60M
-/+ buffers/cache:       856M       135M
Swap:         8.0G       599M       7.4G

             total       used       free     shared    buffers     cached
Mem:          992M       922M        69M       236K       4.6M        60M
-/+ buffers/cache:       857M       134M
Swap:         8.0G       598M       7.4G

             total       used       free     shared    buffers     cached
Mem:          992M       923M        68M       236K       4.6M        60M
-/+ buffers/cache:       858M       133M
Swap:         8.0G       597M       7.4G

             total       used       free     shared    buffers     cached
Mem:          992M       925M        66M       236K       4.6M        60M
-/+ buffers/cache:       860M       131M
Swap:         8.0G       597M       7.4G

             total       used       free     shared    buffers     cached
Mem:          992M       926M        65M       236K       4.6M        60M
-/+ buffers/cache:       862M       130M
Swap:         8.0G       596M       7.4G

             total       used       free     shared    buffers     cached
Mem:          992M       928M        63M       236K       4.6M        60M
-/+ buffers/cache:       863M       128M
Swap:         8.0G       595M       7.4G

             total       used       free     shared    buffers     cached
Mem:          992M       930M        62M       236K       4.6M        60M
-/+ buffers/cache:       865M       126M
Swap:         8.0G       594M       7.4G

             total       used       free     shared    buffers     cached
Mem:          992M       917M        74M       292K       8.0M        72M
-/+ buffers/cache:       837M       155M
Swap:         8.0G       615M       7.4G

             total       used       free     shared    buffers     cached
Mem:          992M       913M        79M       312K       7.7M        73M
-/+ buffers/cache:       832M       159M
Swap:         8.0G       613M       7.4G
