             total       used       free     shared    buffers     cached
Mem:          992M       653M       338M       3.2M        38M       286M
-/+ buffers/cache:       327M       664M
Swap:         8.0G         0B       8.0G

             total       used       free     shared    buffers     cached
Mem:          992M       652M       339M       1.4M        38M       285M
-/+ buffers/cache:       328M       663M
Swap:         8.0G         0B       8.0G

             total       used       free     shared    buffers     cached
Mem:          992M       652M       340M       1.4M        38M       285M
-/+ buffers/cache:       328M       664M
Swap:         8.0G         0B       8.0G

             total       used       free     shared    buffers     cached
Mem:          992M       652M       340M       1.4M        38M       285M
-/+ buffers/cache:       328M       664M
Swap:         8.0G         0B       8.0G

             total       used       free     shared    buffers     cached
Mem:          992M       652M       340M       1.4M        38M       285M
-/+ buffers/cache:       328M       664M
Swap:         8.0G         0B       8.0G

             total       used       free     shared    buffers     cached
Mem:          992M       652M       340M       1.4M        38M       285M
-/+ buffers/cache:       328M       664M
Swap:         8.0G         0B       8.0G

             total       used       free     shared    buffers     cached
Mem:          992M       651M       340M       1.4M        38M       285M
-/+ buffers/cache:       327M       664M
Swap:         8.0G         0B       8.0G

             total       used       free     shared    buffers     cached
Mem:          992M       651M       340M       1.4M        38M       285M
-/+ buffers/cache:       327M       664M
Swap:         8.0G         0B       8.0G

             total       used       free     shared    buffers     cached
Mem:          992M       655M       336M       1.4M        38M       285M
-/+ buffers/cache:       331M       660M
Swap:         8.0G         0B       8.0G

             total       used       free     shared    buffers     cached
Mem:          992M       672M       320M       1.4M        38M       285M
-/+ buffers/cache:       347M       644M
Swap:         8.0G         0B       8.0G

             total       used       free     shared    buffers     cached
Mem:          992M       696M       296M       1.4M        38M       285M
-/+ buffers/cache:       371M       620M
Swap:         8.0G         0B       8.0G

             total       used       free     shared    buffers     cached
Mem:          992M       676M       315M       1.4M        38M       289M
-/+ buffers/cache:       348M       643M
Swap:         8.0G         0B       8.0G

             total       used       free     shared    buffers     cached
Mem:          992M       719M       272M       1.4M        38M       290M
-/+ buffers/cache:       390M       601M
Swap:         8.0G         0B       8.0G

             total       used       free     shared    buffers     cached
Mem:          992M       731M       260M       1.4M        38M       290M
-/+ buffers/cache:       402M       589M
Swap:         8.0G         0B       8.0G

             total       used       free     shared    buffers     cached
Mem:          992M       733M       258M       1.4M        38M       290M
-/+ buffers/cache:       404M       587M
Swap:         8.0G         0B       8.0G

             total       used       free     shared    buffers     cached
Mem:          992M       718M       273M       1.4M        39M       294M
-/+ buffers/cache:       384M       607M
Swap:         8.0G         0B       8.0G

             total       used       free     shared    buffers     cached
Mem:          992M       719M       272M       1.5M        39M       294M
-/+ buffers/cache:       385M       606M
Swap:         8.0G         0B       8.0G

             total       used       free     shared    buffers     cached
Mem:          992M       719M       272M       1.5M        39M       294M
-/+ buffers/cache:       385M       606M
Swap:         8.0G         0B       8.0G

             total       used       free     shared    buffers     cached
Mem:          992M       719M       272M       1.5M        39M       294M
-/+ buffers/cache:       385M       606M
Swap:         8.0G         0B       8.0G

             total       used       free     shared    buffers     cached
Mem:          992M       719M       272M       1.5M        39M       294M
-/+ buffers/cache:       385M       606M
Swap:         8.0G         0B       8.0G

             total       used       free     shared    buffers     cached
Mem:          992M       719M       272M       1.5M        39M       294M
-/+ buffers/cache:       385M       606M
Swap:         8.0G         0B       8.0G

             total       used       free     shared    buffers     cached
Mem:          992M       719M       272M       1.5M        39M       294M
-/+ buffers/cache:       385M       606M
Swap:         8.0G         0B       8.0G

             total       used       free     shared    buffers     cached
Mem:          992M       719M       272M       1.5M        39M       294M
-/+ buffers/cache:       385M       606M
Swap:         8.0G         0B       8.0G

             total       used       free     shared    buffers     cached
Mem:          992M       719M       272M       1.5M        39M       294M
-/+ buffers/cache:       385M       606M
Swap:         8.0G         0B       8.0G

             total       used       free     shared    buffers     cached
Mem:          992M       719M       272M       1.5M        39M       294M
-/+ buffers/cache:       385M       606M
Swap:         8.0G         0B       8.0G

             total       used       free     shared    buffers     cached
Mem:          992M       719M       272M       1.5M        39M       294M
-/+ buffers/cache:       385M       606M
Swap:         8.0G         0B       8.0G

             total       used       free     shared    buffers     cached
Mem:          992M       719M       272M       1.5M        39M       294M
-/+ buffers/cache:       385M       606M
Swap:         8.0G         0B       8.0G

             total       used       free     shared    buffers     cached
Mem:          992M       719M       272M       1.5M        39M       294M
-/+ buffers/cache:       385M       606M
Swap:         8.0G         0B       8.0G

             total       used       free     shared    buffers     cached
Mem:          992M       719M       272M       1.5M        39M       294M
-/+ buffers/cache:       385M       606M
Swap:         8.0G         0B       8.0G

             total       used       free     shared    buffers     cached
Mem:          992M       719M       272M       1.5M        39M       294M
-/+ buffers/cache:       385M       606M
Swap:         8.0G         0B       8.0G

             total       used       free     shared    buffers     cached
Mem:          992M       719M       272M       1.5M        39M       294M
-/+ buffers/cache:       385M       606M
Swap:         8.0G         0B       8.0G

             total       used       free     shared    buffers     cached
Mem:          992M       719M       272M       1.5M        39M       294M
-/+ buffers/cache:       385M       606M
Swap:         8.0G         0B       8.0G

             total       used       free     shared    buffers     cached
Mem:          992M       719M       272M       1.5M        39M       294M
-/+ buffers/cache:       385M       606M
Swap:         8.0G         0B       8.0G

             total       used       free     shared    buffers     cached
Mem:          992M       724M       267M       1.5M        39M       294M
-/+ buffers/cache:       390M       601M
Swap:         8.0G         0B       8.0G

             total       used       free     shared    buffers     cached
Mem:          992M       741M       250M       1.5M        39M       294M
-/+ buffers/cache:       407M       584M
Swap:         8.0G         0B       8.0G

             total       used       free     shared    buffers     cached
Mem:          992M       758M       234M       1.5M        39M       294M
-/+ buffers/cache:       423M       568M
Swap:         8.0G         0B       8.0G

             total       used       free     shared    buffers     cached
Mem:          992M       773M       218M       1.5M        39M       294M
-/+ buffers/cache:       439M       552M
Swap:         8.0G         0B       8.0G

             total       used       free     shared    buffers     cached
Mem:          992M       791M       201M       1.5M        39M       294M
-/+ buffers/cache:       456M       535M
Swap:         8.0G         0B       8.0G

             total       used       free     shared    buffers     cached
Mem:          992M       807M       185M       1.5M        39M       294M
-/+ buffers/cache:       472M       519M
Swap:         8.0G         0B       8.0G

             total       used       free     shared    buffers     cached
Mem:          992M       820M       172M       1.5M        39M       294M
-/+ buffers/cache:       485M       506M
Swap:         8.0G         0B       8.0G

             total       used       free     shared    buffers     cached
Mem:          992M       833M       158M       1.5M        39M       294M
-/+ buffers/cache:       499M       492M
Swap:         8.0G         0B       8.0G

             total       used       free     shared    buffers     cached
Mem:          992M       846M       145M       1.5M        39M       294M
-/+ buffers/cache:       512M       479M
Swap:         8.0G         0B       8.0G

             total       used       free     shared    buffers     cached
Mem:          992M       860M       131M       1.5M        39M       294M
-/+ buffers/cache:       526M       465M
Swap:         8.0G         0B       8.0G

             total       used       free     shared    buffers     cached
Mem:          992M       880M       111M       1.5M        39M       294M
-/+ buffers/cache:       546M       445M
Swap:         8.0G         0B       8.0G

             total       used       free     shared    buffers     cached
Mem:          992M       895M        96M       1.5M        39M       294M
-/+ buffers/cache:       561M       430M
Swap:         8.0G         0B       8.0G

             total       used       free     shared    buffers     cached
Mem:          992M       909M        82M       1.5M        39M       294M
-/+ buffers/cache:       575M       416M
Swap:         8.0G         0B       8.0G

             total       used       free     shared    buffers     cached
Mem:          992M       923M        68M       1.5M        39M       294M
-/+ buffers/cache:       589M       402M
Swap:         8.0G         0B       8.0G

             total       used       free     shared    buffers     cached
Mem:          992M       922M        69M       1.5M        24M       293M
-/+ buffers/cache:       604M       387M
Swap:         8.0G         0B       8.0G

             total       used       free     shared    buffers     cached
Mem:          992M       924M        67M       1.5M        17M       293M
-/+ buffers/cache:       613M       378M
Swap:         8.0G         0B       8.0G

             total       used       free     shared    buffers     cached
Mem:          992M       920M        71M       1.5M        11M       282M
-/+ buffers/cache:       626M       365M
Swap:         8.0G         4K       8.0G

             total       used       free     shared    buffers     cached
Mem:          992M       918M        73M       1.4M        10M       267M
-/+ buffers/cache:       640M       351M
Swap:         8.0G       104K       8.0G

             total       used       free     shared    buffers     cached
Mem:          992M       931M        60M       1.4M        10M       267M
-/+ buffers/cache:       653M       338M
Swap:         8.0G       104K       8.0G

             total       used       free     shared    buffers     cached
Mem:          992M       926M        65M       1.3M        10M       247M
-/+ buffers/cache:       668M       323M
Swap:         8.0G       912K       8.0G

             total       used       free     shared    buffers     cached
Mem:          992M       906M        85M       1.0M        10M       213M
-/+ buffers/cache:       682M       310M
Swap:         8.0G        20M       8.0G

             total       used       free     shared    buffers     cached
Mem:          992M       919M        72M       1.0M        10M       213M
-/+ buffers/cache:       695M       296M
Swap:         8.0G        20M       8.0G

             total       used       free     shared    buffers     cached
Mem:          992M       933M        59M       1.0M        10M       213M
-/+ buffers/cache:       708M       283M
Swap:         8.0G        20M       8.0G

             total       used       free     shared    buffers     cached
Mem:          992M       920M        71M       1.0M       2.4M       195M
-/+ buffers/cache:       722M       269M
Swap:         8.0G        20M       8.0G

             total       used       free     shared    buffers     cached
Mem:          992M       914M        77M       1.0M       940K       173M
-/+ buffers/cache:       739M       252M
Swap:         8.0G        20M       8.0G

             total       used       free     shared    buffers     cached
Mem:          992M       928M        63M       1.0M       952K       173M
-/+ buffers/cache:       754M       238M
Swap:         8.0G        20M       8.0G

             total       used       free     shared    buffers     cached
Mem:          992M       920M        71M       1.0M       952K       152M
-/+ buffers/cache:       766M       225M
Swap:         8.0G        20M       8.0G

             total       used       free     shared    buffers     cached
Mem:          992M       932M        59M       1.0M       964K       152M
-/+ buffers/cache:       778M       213M
Swap:         8.0G        20M       8.0G

             total       used       free     shared    buffers     cached
Mem:          992M       926M        65M       1.0M       504K       135M
-/+ buffers/cache:       790M       201M
Swap:         8.0G        20M       8.0G

             total       used       free     shared    buffers     cached
Mem:          992M       924M        68M       1.0M       364K       119M
-/+ buffers/cache:       804M       187M
Swap:         8.0G        20M       8.0G

             total       used       free     shared    buffers     cached
Mem:          992M       920M        71M       1.0M       352K       104M
-/+ buffers/cache:       815M       176M
Swap:         8.0G        20M       8.0G

             total       used       free     shared    buffers     cached
Mem:          992M       920M        71M       1.0M       356K        92M
-/+ buffers/cache:       827M       164M
Swap:         8.0G        20M       8.0G

             total       used       free     shared    buffers     cached
Mem:          992M       925M        66M       1.0M       356K        92M
-/+ buffers/cache:       832M       159M
Swap:         8.0G        20M       8.0G

             total       used       free     shared    buffers     cached
Mem:          992M       921M        70M       1.0M       348K        71M
-/+ buffers/cache:       849M       142M
Swap:         8.0G        20M       8.0G

             total       used       free     shared    buffers     cached
Mem:          992M       918M        73M       1.0M       356K        55M
-/+ buffers/cache:       863M       128M
Swap:         8.0G        20M       8.0G

             total       used       free     shared    buffers     cached
Mem:          992M       920M        71M       1.0M       3.3M        39M
-/+ buffers/cache:       877M       114M
Swap:         8.0G        20M       8.0G

             total       used       free     shared    buffers     cached
Mem:          992M       920M        72M       1.0M       3.3M        34M
-/+ buffers/cache:       882M       109M
Swap:         8.0G        20M       8.0G

             total       used       free     shared    buffers     cached
Mem:          992M       917M        74M       1.0M       3.0M        20M
-/+ buffers/cache:       893M        98M
Swap:         8.0G        20M       8.0G

             total       used       free     shared    buffers     cached
Mem:          992M       922M        69M       1.0M       668K        14M
-/+ buffers/cache:       908M        84M
Swap:         8.0G        22M       8.0G

             total       used       free     shared    buffers     cached
Mem:          992M       931M        60M       664K       108K       2.7M
-/+ buffers/cache:       928M        63M
Swap:         8.0G       125M       7.9G

             total       used       free     shared    buffers     cached
Mem:          992M       942M        49M       668K       384K       3.1M
-/+ buffers/cache:       939M        53M
Swap:         8.0G       125M       7.9G

             total       used       free     shared    buffers     cached
Mem:          992M       942M        50M       668K       388K       3.1M
-/+ buffers/cache:       938M        53M
Swap:         8.0G       125M       7.9G

             total       used       free     shared    buffers     cached
Mem:          992M       921M        70M       668K       388K       3.0M
-/+ buffers/cache:       918M        73M
Swap:         8.0G       154M       7.8G

             total       used       free     shared    buffers     cached
Mem:          992M       918M        73M       636K       388K       3.1M
-/+ buffers/cache:       915M        76M
Swap:         8.0G       154M       7.8G

             total       used       free     shared    buffers     cached
Mem:          992M       927M        64M       636K       396K       3.2M
-/+ buffers/cache:       923M        68M
Swap:         8.0G       154M       7.8G

             total       used       free     shared    buffers     cached
Mem:          992M       923M        68M       636K       368K       3.1M
-/+ buffers/cache:       919M        72M
Swap:         8.0G       154M       7.8G

             total       used       free     shared    buffers     cached
Mem:          992M       921M        70M       636K       368K       3.2M
-/+ buffers/cache:       917M        74M
Swap:         8.0G       154M       7.8G

             total       used       free     shared    buffers     cached
Mem:          992M       924M        67M       636K       368K       3.3M
-/+ buffers/cache:       921M        71M
Swap:         8.0G       154M       7.8G

             total       used       free     shared    buffers     cached
Mem:          992M       928M        63M       636K       368K       3.3M
-/+ buffers/cache:       925M        67M
Swap:         8.0G       154M       7.8G

             total       used       free     shared    buffers     cached
Mem:          992M       919M        73M       636K       376K       3.3M
-/+ buffers/cache:       915M        76M
Swap:         8.0G       154M       7.8G

             total       used       free     shared    buffers     cached
Mem:          992M       918M        73M       636K       376K       3.2M
-/+ buffers/cache:       914M        77M
Swap:         8.0G       154M       7.8G

             total       used       free     shared    buffers     cached
Mem:          992M       929M        63M       636K       364K       3.2M
-/+ buffers/cache:       925M        66M
Swap:         8.0G       277M       7.7G

             total       used       free     shared    buffers     cached
Mem:          992M       901M        90M       612K       364K       3.1M
-/+ buffers/cache:       898M        93M
Swap:         8.0G       307M       7.7G

             total       used       free     shared    buffers     cached
Mem:          992M       912M        80M       600K       364K       3.2M
-/+ buffers/cache:       908M        83M
Swap:         8.0G       307M       7.7G

             total       used       free     shared    buffers     cached
Mem:          992M       920M        71M       600K       372K       3.2M
-/+ buffers/cache:       917M        74M
Swap:         8.0G       307M       7.7G

             total       used       free     shared    buffers     cached
Mem:          992M       921M        70M       600K       372K       3.2M
-/+ buffers/cache:       918M        74M
Swap:         8.0G       307M       7.7G

             total       used       free     shared    buffers     cached
Mem:          992M       920M        72M       600K       372K       3.2M
-/+ buffers/cache:       916M        75M
Swap:         8.0G       307M       7.7G

             total       used       free     shared    buffers     cached
Mem:          992M       929M        63M       600K       372K       3.2M
-/+ buffers/cache:       925M        66M
Swap:         8.0G       307M       7.7G

             total       used       free     shared    buffers     cached
Mem:          992M       923M        68M       600K       372K       3.1M
-/+ buffers/cache:       919M        72M
Swap:         8.0G       307M       7.7G

             total       used       free     shared    buffers     cached
Mem:          992M       917M        74M       600K       380K       3.1M
-/+ buffers/cache:       913M        78M
Swap:         8.0G       308M       7.7G

             total       used       free     shared    buffers     cached
Mem:          992M       924M        67M       600K       380K       3.2M
-/+ buffers/cache:       921M        71M
Swap:         8.0G       308M       7.7G

             total       used       free     shared    buffers     cached
Mem:          992M       919M        72M       600K       380K       3.2M
-/+ buffers/cache:       915M        76M
Swap:         8.0G       308M       7.7G

             total       used       free     shared    buffers     cached
Mem:          992M       928M        64M       600K       380K       3.1M
-/+ buffers/cache:       924M        67M
Swap:         8.0G       308M       7.7G

             total       used       free     shared    buffers     cached
Mem:          992M       923M        68M       600K       380K       3.2M
-/+ buffers/cache:       920M        71M
Swap:         8.0G       308M       7.7G

             total       used       free     shared    buffers     cached
Mem:          992M       931M        60M       600K       380K       3.2M
-/+ buffers/cache:       927M        64M
Swap:         8.0G       308M       7.7G

             total       used       free     shared    buffers     cached
Mem:          992M       928M        64M       600K       388K       3.1M
-/+ buffers/cache:       924M        67M
Swap:         8.0G       308M       7.7G

             total       used       free     shared    buffers     cached
Mem:          992M       932M        59M        28K       288K       2.1M
-/+ buffers/cache:       930M        61M
Swap:         8.0G       503M       7.5G

             total       used       free     shared    buffers     cached
Mem:          992M       931M        61M        20K       288K       2.1M
-/+ buffers/cache:       928M        63M
Swap:         8.0G       503M       7.5G

             total       used       free     shared    buffers     cached
Mem:          992M       929M        62M        20K       288K       2.2M
-/+ buffers/cache:       926M        65M
Swap:         8.0G       503M       7.5G

             total       used       free     shared    buffers     cached
Mem:          992M       928M        63M        20K       288K       2.2M
-/+ buffers/cache:       926M        66M
Swap:         8.0G       503M       7.5G

             total       used       free     shared    buffers     cached
Mem:          992M       857M       135M        20K       292K       2.2M
-/+ buffers/cache:       854M       137M
Swap:         8.0G       503M       7.5G

             total       used       free     shared    buffers     cached
Mem:          992M       865M       126M        20K       600K       8.9M
-/+ buffers/cache:       855M       136M
Swap:         8.0G       503M       7.5G

             total       used       free     shared    buffers     cached
Mem:          992M       908M        83M        36K       612K        32M
-/+ buffers/cache:       875M       116M
Swap:         8.0G       494M       7.5G

             total       used       free     shared    buffers     cached
Mem:          992M       912M        79M        36K       612K        32M
-/+ buffers/cache:       879M       112M
Swap:         8.0G       494M       7.5G

             total       used       free     shared    buffers     cached
Mem:          992M       917M        74M        36K       612K        32M
-/+ buffers/cache:       884M       107M
Swap:         8.0G       494M       7.5G

             total       used       free     shared    buffers     cached
Mem:          992M       921M        70M        36K       612K        32M
-/+ buffers/cache:       888M       103M
Swap:         8.0G       494M       7.5G

             total       used       free     shared    buffers     cached
Mem:          992M       925M        66M        36K       620K        32M
-/+ buffers/cache:       892M        99M
Swap:         8.0G       494M       7.5G

             total       used       free     shared    buffers     cached
Mem:          992M       929M        62M        36K       620K        32M
-/+ buffers/cache:       896M        95M
Swap:         8.0G       494M       7.5G

             total       used       free     shared    buffers     cached
Mem:          992M       917M        74M        36K       496K        26M
-/+ buffers/cache:       890M       101M
Swap:         8.0G       494M       7.5G

             total       used       free     shared    buffers     cached
Mem:          992M       922M        69M        36K       500K        26M
-/+ buffers/cache:       894M        97M
Swap:         8.0G       494M       7.5G

             total       used       free     shared    buffers     cached
Mem:          992M       926M        65M        36K       500K        26M
-/+ buffers/cache:       899M        92M
Swap:         8.0G       494M       7.5G

             total       used       free     shared    buffers     cached
Mem:          992M       930M        61M        36K       508K        26M
-/+ buffers/cache:       903M        88M
Swap:         8.0G       494M       7.5G

             total       used       free     shared    buffers     cached
Mem:          992M       918M        73M        36K       508K        26M
-/+ buffers/cache:       892M       100M
Swap:         8.0G       494M       7.5G

             total       used       free     shared    buffers     cached
Mem:          992M       922M        69M        36K       508K        26M
-/+ buffers/cache:       896M        95M
Swap:         8.0G       494M       7.5G

             total       used       free     shared    buffers     cached
Mem:          992M       927M        64M        36K       508K        26M
-/+ buffers/cache:       900M        91M
Swap:         8.0G       494M       7.5G

             total       used       free     shared    buffers     cached
Mem:          992M       930M        61M        36K       508K        26M
-/+ buffers/cache:       904M        88M
Swap:         8.0G       494M       7.5G

             total       used       free     shared    buffers     cached
Mem:          992M       918M        73M        36K       508K        25M
-/+ buffers/cache:       893M        98M
Swap:         8.0G       494M       7.5G

             total       used       free     shared    buffers     cached
Mem:          992M       922M        69M        36K       516K        24M
-/+ buffers/cache:       896M        95M
Swap:         8.0G       494M       7.5G

             total       used       free     shared    buffers     cached
Mem:          992M       925M        66M        36K       516K        24M
-/+ buffers/cache:       900M        91M
Swap:         8.0G       494M       7.5G

             total       used       free     shared    buffers     cached
Mem:          992M       930M        62M        36K       516K        25M
-/+ buffers/cache:       904M        87M
Swap:         8.0G       494M       7.5G

             total       used       free     shared    buffers     cached
Mem:          992M       918M        73M        36K       516K        24M
-/+ buffers/cache:       894M        98M
Swap:         8.0G       494M       7.5G

             total       used       free     shared    buffers     cached
Mem:          992M       922M        69M        32K       516K        24M
-/+ buffers/cache:       897M        94M
Swap:         8.0G       494M       7.5G

             total       used       free     shared    buffers     cached
Mem:          992M       926M        65M        32K       524K        24M
-/+ buffers/cache:       902M        90M
Swap:         8.0G       494M       7.5G

             total       used       free     shared    buffers     cached
Mem:          992M       930M        62M        32K       524K        24M
-/+ buffers/cache:       905M        86M
Swap:         8.0G       494M       7.5G

             total       used       free     shared    buffers     cached
Mem:          992M       923M        68M        32K        76K       4.3M
-/+ buffers/cache:       919M        73M
Swap:         8.0G       463M       7.5G

             total       used       free     shared    buffers     cached
Mem:          992M       921M        70M        24K       212K       4.7M
-/+ buffers/cache:       916M        75M
Swap:         8.0G       487M       7.5G

             total       used       free     shared    buffers     cached
Mem:          992M       921M        70M        24K       796K        20M
-/+ buffers/cache:       900M        91M
Swap:         8.0G       476M       7.5G

             total       used       free     shared    buffers     cached
Mem:          992M       920M        72M        24K        84K        18M
-/+ buffers/cache:       901M        90M
Swap:         8.0G       427M       7.6G

             total       used       free     shared    buffers     cached
Mem:          992M       918M        73M        12K        88K        13M
-/+ buffers/cache:       904M        87M
Swap:         8.0G       451M       7.6G

             total       used       free     shared    buffers     cached
Mem:          992M       922M        69M        12K        88K       8.3M
-/+ buffers/cache:       914M        77M
Swap:         8.0G       415M       7.6G

             total       used       free     shared    buffers     cached
Mem:          992M       932M        59M        12K       480K       2.0M
-/+ buffers/cache:       930M        61M
Swap:         8.0G       497M       7.5G

             total       used       free     shared    buffers     cached
Mem:          992M       907M        85M        12K       480K       2.0M
-/+ buffers/cache:       904M        87M
Swap:         8.0G       497M       7.5G

             total       used       free     shared    buffers     cached
Mem:          992M       896M        95M        12K       488K       2.0M
-/+ buffers/cache:       893M        98M
Swap:         8.0G       502M       7.5G

             total       used       free     shared    buffers     cached
Mem:          992M       895M        96M        12K       488K       2.1M
-/+ buffers/cache:       893M        99M
Swap:         8.0G       497M       7.5G

             total       used       free     shared    buffers     cached
Mem:          992M       919M        72M        12K       488K       1.9M
-/+ buffers/cache:       917M        74M
Swap:         8.0G       429M       7.6G

             total       used       free     shared    buffers     cached
Mem:          992M       922M        69M        12K       452K       1.9M
-/+ buffers/cache:       920M        71M
Swap:         8.0G       391M       7.6G

             total       used       free     shared    buffers     cached
Mem:          992M       918M        74M         0B       452K       1.6M
-/+ buffers/cache:       916M        76M
Swap:         8.0G       533M       7.5G

             total       used       free     shared    buffers     cached
Mem:          992M       916M        75M         0B       452K       1.7M
-/+ buffers/cache:       914M        77M
Swap:         8.0G       533M       7.5G

             total       used       free     shared    buffers     cached
Mem:          992M       916M        75M         0B       460K       1.7M
-/+ buffers/cache:       914M        77M
Swap:         8.0G       533M       7.5G

             total       used       free     shared    buffers     cached
Mem:          992M       913M        78M         0B       468K       1.8M
-/+ buffers/cache:       911M        81M
Swap:         8.0G       527M       7.5G

             total       used       free     shared    buffers     cached
Mem:          992M       922M        70M         0B       472K       1.8M
-/+ buffers/cache:       919M        72M
Swap:         8.0G       452M       7.6G

             total       used       free     shared    buffers     cached
Mem:          992M       921M        71M         0B       464K       1.8M
-/+ buffers/cache:       918M        73M
Swap:         8.0G       394M       7.6G

             total       used       free     shared    buffers     cached
Mem:          992M       923M        68M         0B       124K       1.8M
-/+ buffers/cache:       921M        70M
Swap:         8.0G       467M       7.5G

             total       used       free     shared    buffers     cached
Mem:          992M       901M        90M         0B        88K       1.7M
-/+ buffers/cache:       899M        92M
Swap:         8.0G       487M       7.5G

             total       used       free     shared    buffers     cached
Mem:          992M       900M        92M         0B        96K       1.7M
-/+ buffers/cache:       898M        93M
Swap:         8.0G       487M       7.5G

             total       used       free     shared    buffers     cached
Mem:          992M       897M        94M         0B        96K       1.7M
-/+ buffers/cache:       896M        96M
Swap:         8.0G       487M       7.5G

             total       used       free     shared    buffers     cached
Mem:          992M       931M        61M         0B        96K       1.7M
-/+ buffers/cache:       929M        62M
Swap:         8.0G       432M       7.6G

             total       used       free     shared    buffers     cached
Mem:          992M       921M        70M         0B        96K       1.7M
-/+ buffers/cache:       919M        72M
Swap:         8.0G       381M       7.6G

             total       used       free     shared    buffers     cached
Mem:          992M       919M        73M         0B        84K       1.4M
-/+ buffers/cache:       917M        74M
Swap:         8.0G       458M       7.5G

             total       used       free     shared    buffers     cached
Mem:          992M       892M        99M         0B       488K       2.6M
-/+ buffers/cache:       889M       102M
Swap:         8.0G       410M       7.6G

             total       used       free     shared    buffers     cached
Mem:          992M       903M        88M         0B       488K       2.8M
-/+ buffers/cache:       900M        92M
Swap:         8.0G       396M       7.6G

             total       used       free     shared    buffers     cached
Mem:          992M       906M        85M         0B       488K       2.8M
-/+ buffers/cache:       902M        89M
Swap:         8.0G       395M       7.6G

             total       used       free     shared    buffers     cached
Mem:          992M       911M        80M         0B       488K       2.9M
-/+ buffers/cache:       907M        84M
Swap:         8.0G       394M       7.6G

             total       used       free     shared    buffers     cached
Mem:          992M       916M        75M         0B       496K       2.9M
-/+ buffers/cache:       913M        78M
Swap:         8.0G       393M       7.6G

             total       used       free     shared    buffers     cached
Mem:          992M       922M        69M         0B       496K       2.9M
-/+ buffers/cache:       919M        72M
Swap:         8.0G       393M       7.6G

             total       used       free     shared    buffers     cached
Mem:          992M       928M        63M         0B       496K       2.9M
-/+ buffers/cache:       925M        66M
Swap:         8.0G       393M       7.6G

             total       used       free     shared    buffers     cached
Mem:          992M       920M        71M         0B       496K       2.9M
-/+ buffers/cache:       916M        75M
Swap:         8.0G       399M       7.6G

             total       used       free     shared    buffers     cached
Mem:          992M       925M        66M         0B       496K       2.9M
-/+ buffers/cache:       922M        70M
Swap:         8.0G       399M       7.6G

             total       used       free     shared    buffers     cached
Mem:          992M       930M        61M         0B       496K       2.9M
-/+ buffers/cache:       927M        65M
Swap:         8.0G       399M       7.6G

             total       used       free     shared    buffers     cached
Mem:          992M       911M        80M         0B       504K       2.9M
-/+ buffers/cache:       908M        83M
Swap:         8.0G       438M       7.6G

             total       used       free     shared    buffers     cached
Mem:          992M       913M        79M         0B       504K       2.9M
-/+ buffers/cache:       909M        82M
Swap:         8.0G       438M       7.6G

             total       used       free     shared    buffers     cached
Mem:          992M       914M        77M         0B       504K       2.9M
-/+ buffers/cache:       911M        81M
Swap:         8.0G       437M       7.6G

             total       used       free     shared    buffers     cached
Mem:          992M       915M        76M         0B       504K       2.9M
-/+ buffers/cache:       912M        79M
Swap:         8.0G       436M       7.6G

             total       used       free     shared    buffers     cached
Mem:          992M       917M        74M         0B       504K       2.9M
-/+ buffers/cache:       913M        78M
Swap:         8.0G       435M       7.6G

             total       used       free     shared    buffers     cached
Mem:          992M       918M        73M         0B       512K       2.9M
-/+ buffers/cache:       915M        76M
Swap:         8.0G       434M       7.6G

             total       used       free     shared    buffers     cached
Mem:          992M       920M        71M         0B       512K       2.9M
-/+ buffers/cache:       916M        75M
Swap:         8.0G       433M       7.6G

             total       used       free     shared    buffers     cached
Mem:          992M       921M        70M         0B       512K       2.9M
-/+ buffers/cache:       918M        73M
Swap:         8.0G       433M       7.6G

             total       used       free     shared    buffers     cached
Mem:          992M       922M        69M         0B       512K       2.9M
-/+ buffers/cache:       919M        72M
Swap:         8.0G       432M       7.6G

             total       used       free     shared    buffers     cached
Mem:          992M       924M        67M         0B       512K       2.9M
-/+ buffers/cache:       920M        71M
Swap:         8.0G       431M       7.6G

             total       used       free     shared    buffers     cached
Mem:          992M       925M        66M         0B       516K       2.9M
-/+ buffers/cache:       922M        69M
Swap:         8.0G       430M       7.6G

             total       used       free     shared    buffers     cached
Mem:          992M       926M        65M         0B       520K       2.9M
-/+ buffers/cache:       923M        68M
Swap:         8.0G       430M       7.6G

             total       used       free     shared    buffers     cached
Mem:          992M       927M        64M         0B       520K       2.9M
-/+ buffers/cache:       924M        67M
Swap:         8.0G       429M       7.6G

             total       used       free     shared    buffers     cached
Mem:          992M       928M        63M         0B       520K       2.9M
-/+ buffers/cache:       925M        67M
Swap:         8.0G       429M       7.6G

             total       used       free     shared    buffers     cached
Mem:          992M       929M        63M         0B       520K       2.9M
-/+ buffers/cache:       925M        66M
Swap:         8.0G       428M       7.6G

             total       used       free     shared    buffers     cached
Mem:          992M       929M        62M         0B       520K       2.9M
-/+ buffers/cache:       926M        65M
Swap:         8.0G       428M       7.6G

             total       used       free     shared    buffers     cached
Mem:          992M       919M        72M         0B       528K       4.7M
-/+ buffers/cache:       914M        77M
Swap:         8.0G       427M       7.6G

             total       used       free     shared    buffers     cached
Mem:          992M       920M        71M         0B       528K       4.7M
-/+ buffers/cache:       915M        77M
Swap:         8.0G       427M       7.6G

             total       used       free     shared    buffers     cached
Mem:          992M       921M        71M         0B       528K       4.8M
-/+ buffers/cache:       915M        76M
Swap:         8.0G       426M       7.6G

             total       used       free     shared    buffers     cached
Mem:          992M       930M        62M         0B       944K        26M
-/+ buffers/cache:       902M        89M
Swap:         8.0G       464M       7.5G

             total       used       free     shared    buffers     cached
Mem:          992M       919M        72M        16K       108K        25M
-/+ buffers/cache:       894M        97M
Swap:         8.0G       459M       7.5G

             total       used       free     shared    buffers     cached
Mem:          992M       920M        71M        16K       116K        25M
-/+ buffers/cache:       895M        97M
Swap:         8.0G       458M       7.5G

             total       used       free     shared    buffers     cached
Mem:          992M       921M        70M        16K       120K        25M
-/+ buffers/cache:       896M        96M
Swap:         8.0G       458M       7.5G

             total       used       free     shared    buffers     cached
Mem:          992M       922M        69M        16K       120K        25M
-/+ buffers/cache:       896M        95M
Swap:         8.0G       458M       7.5G

             total       used       free     shared    buffers     cached
Mem:          992M       928M        64M        16K       120K        26M
-/+ buffers/cache:       901M        90M
Swap:         8.0G       456M       7.6G

             total       used       free     shared    buffers     cached
Mem:          992M       920M        71M        16K       3.7M        43M
-/+ buffers/cache:       873M       118M
Swap:         8.0G       489M       7.5G

             total       used       free     shared    buffers     cached
Mem:          992M       917M        74M       552K       5.5M        46M
-/+ buffers/cache:       865M       126M
Swap:         8.0G       500M       7.5G

             total       used       free     shared    buffers     cached
Mem:          992M       926M        65M       564K       5.6M        49M
-/+ buffers/cache:       871M       120M
Swap:         8.0G       497M       7.5G

             total       used       free     shared    buffers     cached
Mem:          992M       927M        64M       564K       5.6M        49M
-/+ buffers/cache:       872M       119M
Swap:         8.0G       497M       7.5G

             total       used       free     shared    buffers     cached
Mem:          992M       928M        63M       564K       5.6M        49M
-/+ buffers/cache:       873M       118M
Swap:         8.0G       496M       7.5G

             total       used       free     shared    buffers     cached
Mem:          992M       929M        62M       564K       5.6M        49M
-/+ buffers/cache:       874M       117M
Swap:         8.0G       496M       7.5G

             total       used       free     shared    buffers     cached
Mem:          992M       930M        61M       564K       5.6M        49M
-/+ buffers/cache:       875M       116M
Swap:         8.0G       496M       7.5G

             total       used       free     shared    buffers     cached
Mem:          992M       931M        60M       564K       5.6M        49M
-/+ buffers/cache:       876M       115M
Swap:         8.0G       495M       7.5G

             total       used       free     shared    buffers     cached
Mem:          992M       912M        79M       564K       5.6M        45M
-/+ buffers/cache:       861M       130M
Swap:         8.0G       521M       7.5G

             total       used       free     shared    buffers     cached
Mem:          992M       913M        78M       564K       5.6M        45M
-/+ buffers/cache:       862M       130M
Swap:         8.0G       520M       7.5G

             total       used       free     shared    buffers     cached
Mem:          992M       914M        77M       564K       5.6M        45M
-/+ buffers/cache:       863M       128M
Swap:         8.0G       520M       7.5G

             total       used       free     shared    buffers     cached
Mem:          992M       916M        76M       564K       5.6M        45M
-/+ buffers/cache:       864M       127M
Swap:         8.0G       519M       7.5G

             total       used       free     shared    buffers     cached
Mem:          992M       917M        74M       564K       5.6M        46M
-/+ buffers/cache:       865M       126M
Swap:         8.0G       519M       7.5G

             total       used       free     shared    buffers     cached
Mem:          992M       918M        73M       564K       5.6M        46M
-/+ buffers/cache:       866M       125M
Swap:         8.0G       518M       7.5G

             total       used       free     shared    buffers     cached
Mem:          992M       919M        72M       564K       5.6M        46M
-/+ buffers/cache:       867M       124M
Swap:         8.0G       518M       7.5G

             total       used       free     shared    buffers     cached
Mem:          992M       920M        71M       564K       5.6M        46M
-/+ buffers/cache:       868M       123M
Swap:         8.0G       517M       7.5G

             total       used       free     shared    buffers     cached
Mem:          992M       921M        70M       564K       5.6M        46M
-/+ buffers/cache:       869M       122M
Swap:         8.0G       517M       7.5G

             total       used       free     shared    buffers     cached
Mem:          992M       922M        69M       564K       5.6M        46M
-/+ buffers/cache:       870M       121M
Swap:         8.0G       516M       7.5G

             total       used       free     shared    buffers     cached
Mem:          992M       923M        68M       564K       5.6M        46M
-/+ buffers/cache:       871M       120M
Swap:         8.0G       515M       7.5G

             total       used       free     shared    buffers     cached
Mem:          992M       924M        67M       564K       5.6M        46M
-/+ buffers/cache:       872M       119M
Swap:         8.0G       515M       7.5G

             total       used       free     shared    buffers     cached
Mem:          992M       925M        66M       564K       5.6M        46M
-/+ buffers/cache:       873M       118M
Swap:         8.0G       514M       7.5G

             total       used       free     shared    buffers     cached
Mem:          992M       926M        65M       564K       5.6M        46M
-/+ buffers/cache:       874M       117M
Swap:         8.0G       514M       7.5G

             total       used       free     shared    buffers     cached
Mem:          992M       927M        64M       564K       5.6M        46M
-/+ buffers/cache:       875M       116M
Swap:         8.0G       514M       7.5G

             total       used       free     shared    buffers     cached
Mem:          992M       928M        63M       564K       5.7M        46M
-/+ buffers/cache:       876M       115M
Swap:         8.0G       513M       7.5G

             total       used       free     shared    buffers     cached
Mem:          992M       930M        62M       564K       5.7M        46M
-/+ buffers/cache:       878M       114M
Swap:         8.0G       512M       7.5G

             total       used       free     shared    buffers     cached
Mem:          992M       931M        61M       564K       5.7M        46M
-/+ buffers/cache:       879M       113M
Swap:         8.0G       512M       7.5G

             total       used       free     shared    buffers     cached
Mem:          992M       914M        77M       564K       5.6M        44M
-/+ buffers/cache:       864M       128M
Swap:         8.0G       528M       7.5G

             total       used       free     shared    buffers     cached
Mem:          992M       915M        76M       564K       5.6M        44M
-/+ buffers/cache:       865M       127M
Swap:         8.0G       527M       7.5G

             total       used       free     shared    buffers     cached
Mem:          992M       916M        75M       564K       5.6M        44M
-/+ buffers/cache:       866M       126M
Swap:         8.0G       527M       7.5G

             total       used       free     shared    buffers     cached
Mem:          992M       917M        74M       564K       5.6M        44M
-/+ buffers/cache:       867M       124M
Swap:         8.0G       526M       7.5G

             total       used       free     shared    buffers     cached
Mem:          992M       918M        73M       564K       5.6M        44M
-/+ buffers/cache:       868M       124M
Swap:         8.0G       526M       7.5G

             total       used       free     shared    buffers     cached
Mem:          992M       919M        72M       564K       5.6M        44M
-/+ buffers/cache:       869M       122M
Swap:         8.0G       525M       7.5G

             total       used       free     shared    buffers     cached
Mem:          992M       920M        71M       564K       5.6M        44M
-/+ buffers/cache:       870M       122M
Swap:         8.0G       525M       7.5G

             total       used       free     shared    buffers     cached
Mem:          992M       921M        70M       564K       5.6M        44M
-/+ buffers/cache:       871M       120M
Swap:         8.0G       524M       7.5G

             total       used       free     shared    buffers     cached
Mem:          992M       922M        69M       564K       5.6M        44M
-/+ buffers/cache:       871M       120M
Swap:         8.0G       524M       7.5G

             total       used       free     shared    buffers     cached
Mem:          992M       923M        68M       564K       5.6M        44M
-/+ buffers/cache:       873M       119M
Swap:         8.0G       524M       7.5G

             total       used       free     shared    buffers     cached
Mem:          992M       924M        67M       564K       5.6M        44M
-/+ buffers/cache:       873M       118M
Swap:         8.0G       523M       7.5G

             total       used       free     shared    buffers     cached
Mem:          992M       925M        66M       564K       5.6M        44M
-/+ buffers/cache:       874M       117M
Swap:         8.0G       523M       7.5G

             total       used       free     shared    buffers     cached
Mem:          992M       926M        65M       564K       5.6M        44M
-/+ buffers/cache:       876M       115M
Swap:         8.0G       522M       7.5G

             total       used       free     shared    buffers     cached
Mem:          992M       927M        64M       564K       5.6M        44M
-/+ buffers/cache:       877M       115M
Swap:         8.0G       522M       7.5G

             total       used       free     shared    buffers     cached
Mem:          992M       928M        63M       564K       5.7M        44M
-/+ buffers/cache:       878M       114M
Swap:         8.0G       521M       7.5G

             total       used       free     shared    buffers     cached
Mem:          992M       929M        62M       564K       5.7M        44M
-/+ buffers/cache:       879M       113M
Swap:         8.0G       521M       7.5G

             total       used       free     shared    buffers     cached
Mem:          992M       930M        61M       564K       5.7M        44M
-/+ buffers/cache:       880M       111M
Swap:         8.0G       521M       7.5G

             total       used       free     shared    buffers     cached
Mem:          992M       913M        79M       564K       5.7M        43M
-/+ buffers/cache:       863M       128M
Swap:         8.0G       535M       7.5G

             total       used       free     shared    buffers     cached
Mem:          992M       913M        78M       564K       5.7M        43M
-/+ buffers/cache:       864M       127M
Swap:         8.0G       535M       7.5G

             total       used       free     shared    buffers     cached
Mem:          992M       914M        77M       564K       5.7M        43M
-/+ buffers/cache:       865M       126M
Swap:         8.0G       534M       7.5G

             total       used       free     shared    buffers     cached
Mem:          992M       915M        76M       564K       5.7M        43M
-/+ buffers/cache:       866M       125M
Swap:         8.0G       534M       7.5G

             total       used       free     shared    buffers     cached
Mem:          992M       917M        75M       564K       5.7M        43M
-/+ buffers/cache:       867M       124M
Swap:         8.0G       533M       7.5G

             total       used       free     shared    buffers     cached
Mem:          992M       918M        74M       564K       5.7M        43M
-/+ buffers/cache:       868M       123M
Swap:         8.0G       533M       7.5G

             total       used       free     shared    buffers     cached
Mem:          992M       919M        72M       564K       5.7M        43M
-/+ buffers/cache:       869M       122M
Swap:         8.0G       533M       7.5G

             total       used       free     shared    buffers     cached
Mem:          992M       920M        71M       564K       5.7M        43M
-/+ buffers/cache:       871M       121M
Swap:         8.0G       532M       7.5G

             total       used       free     shared    buffers     cached
Mem:          992M       921M        70M       564K       5.7M        43M
-/+ buffers/cache:       872M       120M
Swap:         8.0G       531M       7.5G

             total       used       free     shared    buffers     cached
Mem:          992M       922M        69M       564K       5.7M        43M
-/+ buffers/cache:       873M       119M
Swap:         8.0G       531M       7.5G

             total       used       free     shared    buffers     cached
Mem:          992M       923M        68M       564K       5.7M        43M
-/+ buffers/cache:       874M       118M
Swap:         8.0G       530M       7.5G

             total       used       free     shared    buffers     cached
Mem:          992M       924M        67M       564K       5.7M        43M
-/+ buffers/cache:       875M       117M
Swap:         8.0G       530M       7.5G

             total       used       free     shared    buffers     cached
Mem:          992M       926M        66M       564K       5.7M        43M
-/+ buffers/cache:       876M       115M
Swap:         8.0G       529M       7.5G

             total       used       free     shared    buffers     cached
Mem:          992M       926M        65M       564K       5.7M        43M
-/+ buffers/cache:       877M       114M
Swap:         8.0G       529M       7.5G

             total       used       free     shared    buffers     cached
Mem:          992M       923M        68M       564K       6.9M        58M
-/+ buffers/cache:       857M       134M
Swap:         8.0G       553M       7.5G

             total       used       free     shared    buffers     cached
Mem:          992M       927M        64M       568K       2.2M        68M
-/+ buffers/cache:       857M       134M
Swap:         8.0G       554M       7.5G

             total       used       free     shared    buffers     cached
Mem:          992M       911M        81M       568K       2.6M        73M
-/+ buffers/cache:       835M       157M
Swap:         8.0G       576M       7.4G

             total       used       free     shared    buffers     cached
Mem:          992M       918M        73M       568K       2.7M        75M
-/+ buffers/cache:       840M       152M
Swap:         8.0G       574M       7.4G

             total       used       free     shared    buffers     cached
Mem:          992M       924M        67M       568K       2.7M        77M
-/+ buffers/cache:       844M       148M
Swap:         8.0G       572M       7.4G

             total       used       free     shared    buffers     cached
Mem:          992M       925M        66M       568K       2.7M        77M
-/+ buffers/cache:       844M       147M
Swap:         8.0G       572M       7.4G

             total       used       free     shared    buffers     cached
Mem:          992M       925M        66M       568K       2.7M        77M
-/+ buffers/cache:       845M       147M
Swap:         8.0G       571M       7.4G

             total       used       free     shared    buffers     cached
Mem:          992M       926M        65M       568K       2.7M        77M
-/+ buffers/cache:       845M       146M
Swap:         8.0G       571M       7.4G

             total       used       free     shared    buffers     cached
Mem:          992M       927M        65M       568K       2.7M        78M
-/+ buffers/cache:       846M       145M
Swap:         8.0G       571M       7.4G

             total       used       free     shared    buffers     cached
Mem:          992M       927M        64M       568K       2.7M        78M
-/+ buffers/cache:       846M       145M
Swap:         8.0G       571M       7.4G

             total       used       free     shared    buffers     cached
Mem:          992M       928M        64M       568K       2.7M        78M
-/+ buffers/cache:       847M       144M
Swap:         8.0G       570M       7.4G

             total       used       free     shared    buffers     cached
Mem:          992M       928M        63M       568K       2.7M        77M
-/+ buffers/cache:       847M       144M
Swap:         8.0G       570M       7.4G

             total       used       free     shared    buffers     cached
Mem:          992M       929M        63M       568K       2.7M        78M
-/+ buffers/cache:       848M       143M
Swap:         8.0G       570M       7.4G

             total       used       free     shared    buffers     cached
Mem:          992M       929M        62M       568K       2.7M        78M
-/+ buffers/cache:       848M       143M
Swap:         8.0G       570M       7.4G

             total       used       free     shared    buffers     cached
Mem:          992M       931M        60M       568K       2.7M        79M
-/+ buffers/cache:       849M       142M
Swap:         8.0G       569M       7.4G

             total       used       free     shared    buffers     cached
Mem:          992M       915M        77M       4.4M       5.7M        71M
-/+ buffers/cache:       838M       153M
Swap:         8.0G       604M       7.4G

             total       used       free     shared    buffers     cached
Mem:          992M       930M        61M       4.4M       5.7M        84M
-/+ buffers/cache:       840M       151M
Swap:         8.0G       602M       7.4G

             total       used       free     shared    buffers     cached
Mem:          992M       917M        74M       780K       5.6M        77M
-/+ buffers/cache:       834M       157M
Swap:         8.0G       598M       7.4G

             total       used       free     shared    buffers     cached
Mem:          992M       921M        70M       812K       5.6M        77M
-/+ buffers/cache:       838M       153M
Swap:         8.0G       596M       7.4G

             total       used       free     shared    buffers     cached
Mem:          992M       922M        69M       812K       5.6M        77M
-/+ buffers/cache:       839M       152M
Swap:         8.0G       595M       7.4G

             total       used       free     shared    buffers     cached
Mem:          992M       923M        68M       812K       5.6M        77M
-/+ buffers/cache:       840M       151M
Swap:         8.0G       595M       7.4G

             total       used       free     shared    buffers     cached
Mem:          992M       924M        67M       812K       5.6M        77M
-/+ buffers/cache:       841M       150M
Swap:         8.0G       595M       7.4G

             total       used       free     shared    buffers     cached
Mem:          992M       926M        65M       812K       5.6M        78M
-/+ buffers/cache:       843M       149M
Swap:         8.0G       594M       7.4G

             total       used       free     shared    buffers     cached
Mem:          992M       928M        64M       812K       5.7M        78M
-/+ buffers/cache:       844M       148M
Swap:         8.0G       594M       7.4G

             total       used       free     shared    buffers     cached
Mem:          992M       929M        62M       812K       5.7M        78M
-/+ buffers/cache:       845M       146M
Swap:         8.0G       593M       7.4G

             total       used       free     shared    buffers     cached
Mem:          992M       930M        61M       812K       5.7M        78M
-/+ buffers/cache:       846M       146M
Swap:         8.0G       593M       7.4G

             total       used       free     shared    buffers     cached
Mem:          992M       931M        60M       812K       5.7M        78M
-/+ buffers/cache:       847M       144M
Swap:         8.0G       592M       7.4G

             total       used       free     shared    buffers     cached
Mem:          992M       914M        77M       812K       4.6M        67M
-/+ buffers/cache:       842M       149M
Swap:         8.0G       608M       7.4G

             total       used       free     shared    buffers     cached
Mem:          992M       915M        76M       812K       4.6M        67M
-/+ buffers/cache:       843M       148M
Swap:         8.0G       608M       7.4G

             total       used       free     shared    buffers     cached
Mem:          992M       916M        75M       812K       4.6M        67M
-/+ buffers/cache:       844M       147M
Swap:         8.0G       607M       7.4G

             total       used       free     shared    buffers     cached
Mem:          992M       917M        74M       812K       4.6M        67M
-/+ buffers/cache:       846M       146M
Swap:         8.0G       606M       7.4G

             total       used       free     shared    buffers     cached
Mem:          992M       919M        72M       812K       4.6M        67M
-/+ buffers/cache:       847M       144M
Swap:         8.0G       606M       7.4G

             total       used       free     shared    buffers     cached
Mem:          992M       920M        71M       812K       4.6M        67M
-/+ buffers/cache:       848M       143M
Swap:         8.0G       605M       7.4G

             total       used       free     shared    buffers     cached
Mem:          992M       921M        70M       812K       4.6M        67M
-/+ buffers/cache:       849M       142M
Swap:         8.0G       605M       7.4G

             total       used       free     shared    buffers     cached
Mem:          992M       923M        68M       812K       4.8M        67M
-/+ buffers/cache:       851M       141M
Swap:         8.0G       604M       7.4G

             total       used       free     shared    buffers     cached
Mem:          992M       924M        67M       812K       4.8M        67M
-/+ buffers/cache:       852M       139M
Swap:         8.0G       603M       7.4G

             total       used       free     shared    buffers     cached
Mem:          992M       925M        66M       812K       4.8M        67M
-/+ buffers/cache:       853M       138M
Swap:         8.0G       603M       7.4G

             total       used       free     shared    buffers     cached
Mem:          992M       926M        65M       812K       4.8M        67M
-/+ buffers/cache:       854M       137M
Swap:         8.0G       602M       7.4G

             total       used       free     shared    buffers     cached
Mem:          992M       928M        64M       812K       4.8M        67M
-/+ buffers/cache:       855M       136M
Swap:         8.0G       602M       7.4G

             total       used       free     shared    buffers     cached
Mem:          992M       929M        62M       812K       4.9M        67M
-/+ buffers/cache:       857M       134M
Swap:         8.0G       601M       7.4G

             total       used       free     shared    buffers     cached
Mem:          992M       930M        61M       812K       4.9M        67M
-/+ buffers/cache:       858M       133M
Swap:         8.0G       600M       7.4G

             total       used       free     shared    buffers     cached
Mem:          992M       920M        71M       812K       4.9M        66M
-/+ buffers/cache:       848M       143M
Swap:         8.0G       602M       7.4G

             total       used       free     shared    buffers     cached
Mem:          992M       921M        70M       812K       4.9M        66M
-/+ buffers/cache:       850M       142M
Swap:         8.0G       601M       7.4G

             total       used       free     shared    buffers     cached
Mem:          992M       922M        69M       812K       4.9M        66M
-/+ buffers/cache:       851M       141M
Swap:         8.0G       600M       7.4G

             total       used       free     shared    buffers     cached
Mem:          992M       924M        68M       812K       4.9M        66M
-/+ buffers/cache:       852M       139M
Swap:         8.0G       600M       7.4G

             total       used       free     shared    buffers     cached
Mem:          992M       925M        67M       812K       4.9M        66M
-/+ buffers/cache:       853M       138M
Swap:         8.0G       599M       7.4G

             total       used       free     shared    buffers     cached
Mem:          992M       926M        66M       812K       4.9M        66M
-/+ buffers/cache:       854M       137M
Swap:         8.0G       599M       7.4G

             total       used       free     shared    buffers     cached
Mem:          992M       927M        64M       812K       4.9M        66M
-/+ buffers/cache:       855M       136M
Swap:         8.0G       598M       7.4G

             total       used       free     shared    buffers     cached
Mem:          992M       929M        63M       812K       4.9M        66M
-/+ buffers/cache:       857M       134M
Swap:         8.0G       597M       7.4G

             total       used       free     shared    buffers     cached
Mem:          992M       930M        61M       812K       4.9M        66M
-/+ buffers/cache:       858M       133M
Swap:         8.0G       597M       7.4G

             total       used       free     shared    buffers     cached
Mem:          992M       916M        75M       812K       4.9M        65M
-/+ buffers/cache:       845M       146M
Swap:         8.0G       628M       7.4G

             total       used       free     shared    buffers     cached
Mem:          992M       915M        76M       808K       4.9M        65M
-/+ buffers/cache:       844M       147M
Swap:         8.0G       628M       7.4G

             total       used       free     shared    buffers     cached
Mem:          992M       916M        75M       808K       4.9M        65M
-/+ buffers/cache:       846M       146M
Swap:         8.0G       627M       7.4G

             total       used       free     shared    buffers     cached
Mem:          992M       917M        74M       808K       4.9M        65M
-/+ buffers/cache:       847M       144M
Swap:         8.0G       626M       7.4G

             total       used       free     shared    buffers     cached
Mem:          992M       918M        73M       808K       4.9M        65M
-/+ buffers/cache:       848M       143M
Swap:         8.0G       626M       7.4G

             total       used       free     shared    buffers     cached
Mem:          992M       920M        71M       808K       4.9M        65M
-/+ buffers/cache:       849M       142M
Swap:         8.0G       625M       7.4G

             total       used       free     shared    buffers     cached
Mem:          992M       921M        70M       808K       4.9M        65M
-/+ buffers/cache:       851M       141M
Swap:         8.0G       624M       7.4G

             total       used       free     shared    buffers     cached
Mem:          992M       922M        69M       808K       4.9M        65M
-/+ buffers/cache:       852M       139M
Swap:         8.0G       623M       7.4G

             total       used       free     shared    buffers     cached
Mem:          992M       928M        63M       856K       8.5M        80M
-/+ buffers/cache:       839M       152M
Swap:         8.0G       621M       7.4G

             total       used       free     shared    buffers     cached
Mem:          992M       912M        79M       860K       7.4M        71M
-/+ buffers/cache:       833M       158M
Swap:         8.0G       640M       7.4G
