             total       used       free     shared    buffers     cached
Mem:          992M       660M       331M       3.3M        39M       290M
-/+ buffers/cache:       331M       661M
Swap:         8.0G         0B       8.0G

             total       used       free     shared    buffers     cached
Mem:          992M       659M       333M       1.4M        39M       288M
-/+ buffers/cache:       331M       661M
Swap:         8.0G         0B       8.0G

             total       used       free     shared    buffers     cached
Mem:          992M       658M       333M       1.5M        39M       288M
-/+ buffers/cache:       331M       661M
Swap:         8.0G         0B       8.0G

             total       used       free     shared    buffers     cached
Mem:          992M       658M       333M       1.5M        39M       288M
-/+ buffers/cache:       331M       661M
Swap:         8.0G         0B       8.0G

             total       used       free     shared    buffers     cached
Mem:          992M       658M       333M       1.5M        39M       288M
-/+ buffers/cache:       331M       661M
Swap:         8.0G         0B       8.0G

             total       used       free     shared    buffers     cached
Mem:          992M       658M       333M       1.5M        39M       288M
-/+ buffers/cache:       331M       661M
Swap:         8.0G         0B       8.0G

             total       used       free     shared    buffers     cached
Mem:          992M       658M       333M       1.5M        39M       288M
-/+ buffers/cache:       330M       661M
Swap:         8.0G         0B       8.0G

             total       used       free     shared    buffers     cached
Mem:          992M       658M       333M       1.5M        39M       288M
-/+ buffers/cache:       330M       661M
Swap:         8.0G         0B       8.0G

             total       used       free     shared    buffers     cached
Mem:          992M       658M       334M       1.5M        39M       288M
-/+ buffers/cache:       330M       662M
Swap:         8.0G         0B       8.0G

             total       used       free     shared    buffers     cached
Mem:          992M       658M       334M       1.5M        39M       288M
-/+ buffers/cache:       330M       662M
Swap:         8.0G         0B       8.0G

             total       used       free     shared    buffers     cached
Mem:          992M       661M       330M       1.5M        39M       288M
-/+ buffers/cache:       333M       658M
Swap:         8.0G         0B       8.0G

             total       used       free     shared    buffers     cached
Mem:          992M       680M       311M       1.5M        39M       289M
-/+ buffers/cache:       352M       639M
Swap:         8.0G         0B       8.0G

             total       used       free     shared    buffers     cached
Mem:          992M       667M       324M       1.5M        39M       290M
-/+ buffers/cache:       338M       653M
Swap:         8.0G         0B       8.0G

             total       used       free     shared    buffers     cached
Mem:          992M       667M       324M       1.5M        39M       290M
-/+ buffers/cache:       338M       653M
Swap:         8.0G         0B       8.0G

             total       used       free     shared    buffers     cached
Mem:          992M       667M       324M       1.5M        39M       290M
-/+ buffers/cache:       338M       653M
Swap:         8.0G         0B       8.0G

             total       used       free     shared    buffers     cached
Mem:          992M       667M       324M       1.5M        39M       290M
-/+ buffers/cache:       338M       653M
Swap:         8.0G         0B       8.0G

             total       used       free     shared    buffers     cached
Mem:          992M       667M       324M       1.5M        39M       290M
-/+ buffers/cache:       338M       653M
Swap:         8.0G         0B       8.0G

             total       used       free     shared    buffers     cached
Mem:          992M       667M       324M       1.5M        39M       290M
-/+ buffers/cache:       338M       653M
Swap:         8.0G         0B       8.0G

             total       used       free     shared    buffers     cached
Mem:          992M       667M       324M       1.5M        39M       290M
-/+ buffers/cache:       338M       653M
Swap:         8.0G         0B       8.0G

             total       used       free     shared    buffers     cached
Mem:          992M       667M       324M       1.5M        39M       290M
-/+ buffers/cache:       338M       653M
Swap:         8.0G         0B       8.0G

             total       used       free     shared    buffers     cached
Mem:          992M       667M       324M       1.5M        39M       290M
-/+ buffers/cache:       338M       653M
Swap:         8.0G         0B       8.0G

             total       used       free     shared    buffers     cached
Mem:          992M       667M       324M       1.5M        39M       290M
-/+ buffers/cache:       338M       653M
Swap:         8.0G         0B       8.0G

             total       used       free     shared    buffers     cached
Mem:          992M       667M       324M       1.5M        39M       290M
-/+ buffers/cache:       338M       653M
Swap:         8.0G         0B       8.0G

             total       used       free     shared    buffers     cached
Mem:          992M       667M       324M       1.5M        39M       290M
-/+ buffers/cache:       338M       653M
Swap:         8.0G         0B       8.0G

             total       used       free     shared    buffers     cached
Mem:          992M       667M       324M       1.5M        39M       290M
-/+ buffers/cache:       338M       653M
Swap:         8.0G         0B       8.0G

             total       used       free     shared    buffers     cached
Mem:          992M       667M       324M       1.5M        39M       290M
-/+ buffers/cache:       338M       653M
Swap:         8.0G         0B       8.0G

             total       used       free     shared    buffers     cached
Mem:          992M       667M       324M       1.5M        39M       290M
-/+ buffers/cache:       338M       653M
Swap:         8.0G         0B       8.0G

             total       used       free     shared    buffers     cached
Mem:          992M       667M       324M       1.5M        39M       290M
-/+ buffers/cache:       338M       653M
Swap:         8.0G         0B       8.0G

             total       used       free     shared    buffers     cached
Mem:          992M       667M       324M       1.5M        39M       290M
-/+ buffers/cache:       338M       653M
Swap:         8.0G         0B       8.0G

             total       used       free     shared    buffers     cached
Mem:          992M       667M       324M       1.5M        39M       290M
-/+ buffers/cache:       338M       653M
Swap:         8.0G         0B       8.0G

             total       used       free     shared    buffers     cached
Mem:          992M       667M       324M       1.5M        39M       290M
-/+ buffers/cache:       338M       653M
Swap:         8.0G         0B       8.0G

             total       used       free     shared    buffers     cached
Mem:          992M       667M       324M       1.5M        39M       290M
-/+ buffers/cache:       338M       653M
Swap:         8.0G         0B       8.0G

             total       used       free     shared    buffers     cached
Mem:          992M       667M       324M       1.5M        39M       290M
-/+ buffers/cache:       338M       653M
Swap:         8.0G         0B       8.0G

             total       used       free     shared    buffers     cached
Mem:          992M       673M       318M       1.5M        39M       290M
-/+ buffers/cache:       344M       647M
Swap:         8.0G         0B       8.0G

             total       used       free     shared    buffers     cached
Mem:          992M       689M       302M       1.5M        39M       290M
-/+ buffers/cache:       360M       631M
Swap:         8.0G         0B       8.0G

             total       used       free     shared    buffers     cached
Mem:          992M       704M       287M       1.5M        39M       290M
-/+ buffers/cache:       375M       616M
Swap:         8.0G         0B       8.0G

             total       used       free     shared    buffers     cached
Mem:          992M       719M       272M       1.5M        39M       290M
-/+ buffers/cache:       390M       601M
Swap:         8.0G         0B       8.0G

             total       used       free     shared    buffers     cached
Mem:          992M       735M       257M       1.5M        39M       290M
-/+ buffers/cache:       405M       586M
Swap:         8.0G         0B       8.0G

             total       used       free     shared    buffers     cached
Mem:          992M       750M       241M       1.5M        39M       290M
-/+ buffers/cache:       420M       571M
Swap:         8.0G         0B       8.0G

             total       used       free     shared    buffers     cached
Mem:          992M       765M       227M       1.5M        39M       290M
-/+ buffers/cache:       435M       556M
Swap:         8.0G         0B       8.0G

             total       used       free     shared    buffers     cached
Mem:          992M       780M       211M       1.5M        39M       290M
-/+ buffers/cache:       450M       541M
Swap:         8.0G         0B       8.0G

             total       used       free     shared    buffers     cached
Mem:          992M       792M       199M       1.5M        39M       290M
-/+ buffers/cache:       463M       528M
Swap:         8.0G         0B       8.0G

             total       used       free     shared    buffers     cached
Mem:          992M       806M       185M       1.5M        39M       290M
-/+ buffers/cache:       477M       514M
Swap:         8.0G         0B       8.0G

             total       used       free     shared    buffers     cached
Mem:          992M       824M       167M       1.5M        39M       290M
-/+ buffers/cache:       495M       496M
Swap:         8.0G         0B       8.0G

             total       used       free     shared    buffers     cached
Mem:          992M       838M       153M       1.5M        39M       290M
-/+ buffers/cache:       509M       482M
Swap:         8.0G         0B       8.0G

             total       used       free     shared    buffers     cached
Mem:          992M       852M       139M       1.5M        39M       290M
-/+ buffers/cache:       523M       468M
Swap:         8.0G         0B       8.0G

             total       used       free     shared    buffers     cached
Mem:          992M       866M       125M       1.5M        39M       290M
-/+ buffers/cache:       537M       454M
Swap:         8.0G         0B       8.0G

             total       used       free     shared    buffers     cached
Mem:          992M       881M       110M       1.5M        39M       290M
-/+ buffers/cache:       552M       439M
Swap:         8.0G         0B       8.0G

             total       used       free     shared    buffers     cached
Mem:          992M       893M        98M       1.5M        39M       290M
-/+ buffers/cache:       564M       427M
Swap:         8.0G         0B       8.0G

             total       used       free     shared    buffers     cached
Mem:          992M       907M        85M       1.5M        39M       290M
-/+ buffers/cache:       577M       414M
Swap:         8.0G         0B       8.0G

             total       used       free     shared    buffers     cached
Mem:          992M       921M        71M       1.5M        39M       290M
-/+ buffers/cache:       591M       400M
Swap:         8.0G         0B       8.0G

             total       used       free     shared    buffers     cached
Mem:          992M       913M        78M       1.5M        18M       288M
-/+ buffers/cache:       607M       385M
Swap:         8.0G         4K       8.0G

             total       used       free     shared    buffers     cached
Mem:          992M       927M        64M       1.5M        18M       288M
-/+ buffers/cache:       621M       371M
Swap:         8.0G         4K       8.0G

             total       used       free     shared    buffers     cached
Mem:          992M       925M        67M       1.5M        10M       279M
-/+ buffers/cache:       634M       357M
Swap:         8.0G         4K       8.0G

             total       used       free     shared    buffers     cached
Mem:          992M       921M        70M       1.4M        10M       262M
-/+ buffers/cache:       648M       343M
Swap:         8.0G        80K       8.0G

             total       used       free     shared    buffers     cached
Mem:          992M       917M        74M       1.3M        10M       244M
-/+ buffers/cache:       662M       329M
Swap:         8.0G       472K       8.0G

             total       used       free     shared    buffers     cached
Mem:          992M       931M        60M       1.3M        10M       244M
-/+ buffers/cache:       676M       315M
Swap:         8.0G       472K       8.0G

             total       used       free     shared    buffers     cached
Mem:          992M       927M        64M       1.2M        10M       228M
-/+ buffers/cache:       688M       303M
Swap:         8.0G       5.8M       8.0G

             total       used       free     shared    buffers     cached
Mem:          992M       906M        85M       1.2M       3.5M       204M
-/+ buffers/cache:       698M       293M
Swap:         8.0G        10M       8.0G

             total       used       free     shared    buffers     cached
Mem:          992M       921M        70M       1.2M       3.5M       204M
-/+ buffers/cache:       713M       278M
Swap:         8.0G        10M       8.0G

             total       used       free     shared    buffers     cached
Mem:          992M       923M        68M       1.2M       2.4M       193M
-/+ buffers/cache:       727M       264M
Swap:         8.0G        10M       8.0G

             total       used       free     shared    buffers     cached
Mem:          992M       919M        72M       1.2M       592K       177M
-/+ buffers/cache:       740M       251M
Swap:         8.0G        10M       8.0G

             total       used       free     shared    buffers     cached
Mem:          992M       912M        79M       1.2M       360K       156M
-/+ buffers/cache:       754M       237M
Swap:         8.0G        10M       8.0G

             total       used       free     shared    buffers     cached
Mem:          992M       927M        64M       1.2M       360K       156M
-/+ buffers/cache:       769M       222M
Swap:         8.0G        10M       8.0G

             total       used       free     shared    buffers     cached
Mem:          992M       919M        72M       1.2M       368K       138M
-/+ buffers/cache:       781M       210M
Swap:         8.0G        10M       8.0G

             total       used       free     shared    buffers     cached
Mem:          992M       915M        76M       1.2M       276K       121M
-/+ buffers/cache:       793M       198M
Swap:         8.0G        10M       8.0G

             total       used       free     shared    buffers     cached
Mem:          992M       930M        61M       1.2M       284K       121M
-/+ buffers/cache:       808M       183M
Swap:         8.0G        10M       8.0G

             total       used       free     shared    buffers     cached
Mem:          992M       930M        61M       1.2M       292K       107M
-/+ buffers/cache:       822M       169M
Swap:         8.0G        10M       8.0G

             total       used       free     shared    buffers     cached
Mem:          992M       931M        60M       1.2M       284K        94M
-/+ buffers/cache:       836M       156M
Swap:         8.0G        10M       8.0G

             total       used       free     shared    buffers     cached
Mem:          992M       927M        65M       1.2M       432K        76M
-/+ buffers/cache:       850M       142M
Swap:         8.0G        10M       8.0G

             total       used       free     shared    buffers     cached
Mem:          992M       919M        72M       1.2M       2.4M        53M
-/+ buffers/cache:       864M       127M
Swap:         8.0G        10M       8.0G

             total       used       free     shared    buffers     cached
Mem:          992M       916M        75M       1.2M       2.4M        35M
-/+ buffers/cache:       879M       113M
Swap:         8.0G        10M       8.0G

             total       used       free     shared    buffers     cached
Mem:          992M       916M        76M       1.2M       2.4M        19M
-/+ buffers/cache:       893M        98M
Swap:         8.0G        10M       8.0G

             total       used       free     shared    buffers     cached
Mem:          992M       930M        62M       1.2M       2.4M        19M
-/+ buffers/cache:       907M        84M
Swap:         8.0G        10M       8.0G

             total       used       free     shared    buffers     cached
Mem:          992M       920M        71M       1.0M       376K       9.2M
-/+ buffers/cache:       911M        80M
Swap:         8.0G        19M       8.0G

             total       used       free     shared    buffers     cached
Mem:          992M       920M        71M       1.0M       360K       3.2M
-/+ buffers/cache:       916M        75M
Swap:         8.0G        26M       8.0G

             total       used       free     shared    buffers     cached
Mem:          992M       914M        77M       752K       368K       2.6M
-/+ buffers/cache:       912M        80M
Swap:         8.0G        52M       7.9G

             total       used       free     shared    buffers     cached
Mem:          992M       928M        63M       740K       376K       2.6M
-/+ buffers/cache:       925M        66M
Swap:         8.0G        52M       7.9G

             total       used       free     shared    buffers     cached
Mem:          992M       931M        61M       724K       376K       2.5M
-/+ buffers/cache:       928M        64M
Swap:         8.0G        71M       7.9G

             total       used       free     shared    buffers     cached
Mem:          992M       919M        72M       724K       376K       2.6M
-/+ buffers/cache:       917M        75M
Swap:         8.0G        95M       7.9G

             total       used       free     shared    buffers     cached
Mem:          992M       918M        73M       704K       376K       2.5M
-/+ buffers/cache:       915M        76M
Swap:         8.0G       101M       7.9G

             total       used       free     shared    buffers     cached
Mem:          992M       909M        82M       652K       376K       2.5M
-/+ buffers/cache:       906M        85M
Swap:         8.0G       159M       7.8G

             total       used       free     shared    buffers     cached
Mem:          992M       922M        69M       644K       384K       2.5M
-/+ buffers/cache:       919M        72M
Swap:         8.0G       159M       7.8G

             total       used       free     shared    buffers     cached
Mem:          992M       923M        68M       644K       384K       2.5M
-/+ buffers/cache:       920M        71M
Swap:         8.0G       159M       7.8G

             total       used       free     shared    buffers     cached
Mem:          992M       924M        67M       644K       384K       2.5M
-/+ buffers/cache:       921M        70M
Swap:         8.0G       159M       7.8G

             total       used       free     shared    buffers     cached
Mem:          992M       926M        65M       592K       372K       2.8M
-/+ buffers/cache:       923M        68M
Swap:         8.0G       169M       7.8G

             total       used       free     shared    buffers     cached
Mem:          992M       927M        64M       592K       372K       2.7M
-/+ buffers/cache:       924M        67M
Swap:         8.0G       206M       7.8G

             total       used       free     shared    buffers     cached
Mem:          992M       929M        62M       584K       380K       2.7M
-/+ buffers/cache:       926M        65M
Swap:         8.0G       206M       7.8G

             total       used       free     shared    buffers     cached
Mem:          992M       927M        64M       584K       372K       2.7M
-/+ buffers/cache:       924M        67M
Swap:         8.0G       206M       7.8G

             total       used       free     shared    buffers     cached
Mem:          992M       924M        67M       568K       372K       2.6M
-/+ buffers/cache:       921M        70M
Swap:         8.0G       237M       7.8G

             total       used       free     shared    buffers     cached
Mem:          992M       926M        65M       568K       368K       2.6M
-/+ buffers/cache:       923M        68M
Swap:         8.0G       237M       7.8G

             total       used       free     shared    buffers     cached
Mem:          992M       927M        64M       548K       324K       2.6M
-/+ buffers/cache:       924M        67M
Swap:         8.0G       246M       7.8G

             total       used       free     shared    buffers     cached
Mem:          992M       916M        75M       548K        76K        13M
-/+ buffers/cache:       903M        88M
Swap:         8.0G       285M       7.7G

             total       used       free     shared    buffers     cached
Mem:          992M       920M        71M       548K        84K        15M
-/+ buffers/cache:       904M        87M
Swap:         8.0G       285M       7.7G

             total       used       free     shared    buffers     cached
Mem:          992M       927M        64M       548K       804K        17M
-/+ buffers/cache:       909M        82M
Swap:         8.0G       285M       7.7G

             total       used       free     shared    buffers     cached
Mem:          992M       919M        72M       548K       768K        14M
-/+ buffers/cache:       904M        87M
Swap:         8.0G       299M       7.7G

             total       used       free     shared    buffers     cached
Mem:          992M       925M        66M       548K       768K        14M
-/+ buffers/cache:       910M        81M
Swap:         8.0G       299M       7.7G

             total       used       free     shared    buffers     cached
Mem:          992M       911M        80M       132K       768K        12M
-/+ buffers/cache:       898M        93M
Swap:         8.0G       331M       7.7G

             total       used       free     shared    buffers     cached
Mem:          992M       914M        77M       144K       776K        12M
-/+ buffers/cache:       901M        90M
Swap:         8.0G       331M       7.7G

             total       used       free     shared    buffers     cached
Mem:          992M       914M        77M       144K       776K        12M
-/+ buffers/cache:       901M        90M
Swap:         8.0G       331M       7.7G

             total       used       free     shared    buffers     cached
Mem:          992M       917M        74M       144K       776K        12M
-/+ buffers/cache:       904M        87M
Swap:         8.0G       331M       7.7G

             total       used       free     shared    buffers     cached
Mem:          992M       923M        68M       144K       776K        12M
-/+ buffers/cache:       909M        82M
Swap:         8.0G       331M       7.7G

             total       used       free     shared    buffers     cached
Mem:          992M       927M        64M       144K       776K        12M
-/+ buffers/cache:       914M        78M
Swap:         8.0G       331M       7.7G

             total       used       free     shared    buffers     cached
Mem:          992M       908M        83M       144K       232K       3.0M
-/+ buffers/cache:       905M        86M
Swap:         8.0G       331M       7.7G

             total       used       free     shared    buffers     cached
Mem:          992M       913M        78M       144K       516K       3.0M
-/+ buffers/cache:       910M        81M
Swap:         8.0G       331M       7.7G

             total       used       free     shared    buffers     cached
Mem:          992M       919M        73M       144K       516K       3.1M
-/+ buffers/cache:       915M        76M
Swap:         8.0G       331M       7.7G

             total       used       free     shared    buffers     cached
Mem:          992M       923M        68M       144K       520K       3.1M
-/+ buffers/cache:       920M        72M
Swap:         8.0G       331M       7.7G

             total       used       free     shared    buffers     cached
Mem:          992M       928M        63M       144K       520K       3.1M
-/+ buffers/cache:       925M        66M
Swap:         8.0G       331M       7.7G

             total       used       free     shared    buffers     cached
Mem:          992M       918M        73M        12K       472K       2.9M
-/+ buffers/cache:       915M        76M
Swap:         8.0G       348M       7.7G

             total       used       free     shared    buffers     cached
Mem:          992M       918M        73M        12K       480K       2.6M
-/+ buffers/cache:       915M        76M
Swap:         8.0G       343M       7.7G

             total       used       free     shared    buffers     cached
Mem:          992M       926M        66M        12K        84K       2.1M
-/+ buffers/cache:       923M        68M
Swap:         8.0G       340M       7.7G

             total       used       free     shared    buffers     cached
Mem:          992M       921M        70M         0B        84K       1.5M
-/+ buffers/cache:       919M        72M
Swap:         8.0G       329M       7.7G

             total       used       free     shared    buffers     cached
Mem:          992M       928M        63M         0B        84K       1.3M
-/+ buffers/cache:       927M        65M
Swap:         8.0G       323M       7.7G

             total       used       free     shared    buffers     cached
Mem:          992M       917M        74M         0B        84K       1.3M
-/+ buffers/cache:       915M        76M
Swap:         8.0G       339M       7.7G

             total       used       free     shared    buffers     cached
Mem:          992M       918M        73M         0B        92K       1.3M
-/+ buffers/cache:       917M        75M
Swap:         8.0G       335M       7.7G

             total       used       free     shared    buffers     cached
Mem:          992M       918M        73M         0B        92K       1.4M
-/+ buffers/cache:       916M        75M
Swap:         8.0G       335M       7.7G

             total       used       free     shared    buffers     cached
Mem:          992M       922M        69M         0B        92K       1.5M
-/+ buffers/cache:       920M        71M
Swap:         8.0G       332M       7.7G

             total       used       free     shared    buffers     cached
Mem:          992M       918M        73M         0B        92K       1.5M
-/+ buffers/cache:       917M        75M
Swap:         8.0G       340M       7.7G

             total       used       free     shared    buffers     cached
Mem:          992M       918M        73M         0B        92K       1.5M
-/+ buffers/cache:       916M        75M
Swap:         8.0G       347M       7.7G

             total       used       free     shared    buffers     cached
Mem:          992M       918M        74M         0B       100K       1.5M
-/+ buffers/cache:       916M        75M
Swap:         8.0G       342M       7.7G

             total       used       free     shared    buffers     cached
Mem:          992M       919M        72M         0B        96K       1.4M
-/+ buffers/cache:       917M        74M
Swap:         8.0G       344M       7.7G

             total       used       free     shared    buffers     cached
Mem:          992M       919M        72M         0B        96K       1.4M
-/+ buffers/cache:       918M        73M
Swap:         8.0G       348M       7.7G

             total       used       free     shared    buffers     cached
Mem:          992M       921M        70M         0B        76K       1.8M
-/+ buffers/cache:       919M        72M
Swap:         8.0G       348M       7.7G

             total       used       free     shared    buffers     cached
Mem:          992M       928M        63M         0B        76K       1.8M
-/+ buffers/cache:       926M        65M
Swap:         8.0G       346M       7.7G

             total       used       free     shared    buffers     cached
Mem:          992M       917M        74M         0B        84K       1.8M
-/+ buffers/cache:       915M        76M
Swap:         8.0G       358M       7.6G

             total       used       free     shared    buffers     cached
Mem:          992M       919M        72M         0B        84K       1.8M
-/+ buffers/cache:       917M        74M
Swap:         8.0G       358M       7.6G

             total       used       free     shared    buffers     cached
Mem:          992M       926M        66M         0B        84K       1.8M
-/+ buffers/cache:       924M        67M
Swap:         8.0G       358M       7.6G

             total       used       free     shared    buffers     cached
Mem:          992M       913M        78M         0B        84K       1.7M
-/+ buffers/cache:       911M        80M
Swap:         8.0G       383M       7.6G

             total       used       free     shared    buffers     cached
Mem:          992M       919M        73M         0B        84K       1.7M
-/+ buffers/cache:       917M        74M
Swap:         8.0G       383M       7.6G

             total       used       free     shared    buffers     cached
Mem:          992M       927M        64M         0B       224K       2.4M
-/+ buffers/cache:       924M        67M
Swap:         8.0G       382M       7.6G

             total       used       free     shared    buffers     cached
Mem:          992M       920M        71M         0B       224K       2.4M
-/+ buffers/cache:       918M        73M
Swap:         8.0G       390M       7.6G

             total       used       free     shared    buffers     cached
Mem:          992M       923M        68M         0B       224K       2.5M
-/+ buffers/cache:       920M        71M
Swap:         8.0G       389M       7.6G

             total       used       free     shared    buffers     cached
Mem:          992M       926M        65M         0B       224K       2.5M
-/+ buffers/cache:       923M        68M
Swap:         8.0G       388M       7.6G

             total       used       free     shared    buffers     cached
Mem:          992M       928M        63M         0B       224K       2.5M
-/+ buffers/cache:       926M        66M
Swap:         8.0G       387M       7.6G

             total       used       free     shared    buffers     cached
Mem:          992M       913M        78M         0B       224K       2.4M
-/+ buffers/cache:       911M        81M
Swap:         8.0G       406M       7.6G

             total       used       free     shared    buffers     cached
Mem:          992M       915M        76M         0B       232K       2.4M
-/+ buffers/cache:       913M        78M
Swap:         8.0G       405M       7.6G

             total       used       free     shared    buffers     cached
Mem:          992M       918M        73M         0B       232K       2.4M
-/+ buffers/cache:       916M        76M
Swap:         8.0G       404M       7.6G

             total       used       free     shared    buffers     cached
Mem:          992M       921M        70M         0B       232K       2.4M
-/+ buffers/cache:       918M        73M
Swap:         8.0G       403M       7.6G

             total       used       free     shared    buffers     cached
Mem:          992M       923M        68M         0B       232K       2.4M
-/+ buffers/cache:       921M        71M
Swap:         8.0G       402M       7.6G

             total       used       free     shared    buffers     cached
Mem:          992M       926M        66M         0B       232K       2.5M
-/+ buffers/cache:       923M        68M
Swap:         8.0G       401M       7.6G

             total       used       free     shared    buffers     cached
Mem:          992M       929M        62M         0B       240K       2.6M
-/+ buffers/cache:       926M        65M
Swap:         8.0G       399M       7.6G

             total       used       free     shared    buffers     cached
Mem:          992M       920M        71M         0B       240K       2.6M
-/+ buffers/cache:       917M        74M
Swap:         8.0G       404M       7.6G

             total       used       free     shared    buffers     cached
Mem:          992M       922M        69M         0B       240K       2.5M
-/+ buffers/cache:       919M        72M
Swap:         8.0G       403M       7.6G

             total       used       free     shared    buffers     cached
Mem:          992M       925M        66M         0B       240K       2.5M
-/+ buffers/cache:       922M        69M
Swap:         8.0G       402M       7.6G

             total       used       free     shared    buffers     cached
Mem:          992M       927M        64M         0B       240K       2.6M
-/+ buffers/cache:       925M        67M
Swap:         8.0G       401M       7.6G

             total       used       free     shared    buffers     cached
Mem:          992M       915M        76M         0B       240K       2.5M
-/+ buffers/cache:       912M        79M
Swap:         8.0G       412M       7.6G

             total       used       free     shared    buffers     cached
Mem:          992M       917M        74M         0B       248K       2.5M
-/+ buffers/cache:       914M        77M
Swap:         8.0G       411M       7.6G

             total       used       free     shared    buffers     cached
Mem:          992M       920M        71M         0B       248K       2.5M
-/+ buffers/cache:       917M        74M
Swap:         8.0G       410M       7.6G

             total       used       free     shared    buffers     cached
Mem:          992M       923M        68M         0B       248K       2.5M
-/+ buffers/cache:       920M        71M
Swap:         8.0G       409M       7.6G

             total       used       free     shared    buffers     cached
Mem:          992M       926M        66M         0B       248K       2.5M
-/+ buffers/cache:       923M        68M
Swap:         8.0G       407M       7.6G

             total       used       free     shared    buffers     cached
Mem:          992M       928M        63M         0B       248K       2.5M
-/+ buffers/cache:       925M        66M
Swap:         8.0G       406M       7.6G

             total       used       free     shared    buffers     cached
Mem:          992M       912M        79M         0B       256K       2.5M
-/+ buffers/cache:       909M        82M
Swap:         8.0G       419M       7.6G

             total       used       free     shared    buffers     cached
Mem:          992M       916M        75M         0B        76K        15M
-/+ buffers/cache:       900M        91M
Swap:         8.0G       432M       7.6G

             total       used       free     shared    buffers     cached
Mem:          992M       920M        72M         0B       200K        18M
-/+ buffers/cache:       901M        91M
Swap:         8.0G       434M       7.6G

             total       used       free     shared    buffers     cached
Mem:          992M       924M        67M         0B       808K        19M
-/+ buffers/cache:       903M        88M
Swap:         8.0G       433M       7.6G

             total       used       free     shared    buffers     cached
Mem:          992M       926M        65M         0B       808K        19M
-/+ buffers/cache:       905M        86M
Swap:         8.0G       432M       7.6G

             total       used       free     shared    buffers     cached
Mem:          992M       911M        80M         0B       816K        18M
-/+ buffers/cache:       892M       100M
Swap:         8.0G       457M       7.6G

             total       used       free     shared    buffers     cached
Mem:          992M       914M        77M         0B       816K        18M
-/+ buffers/cache:       894M        97M
Swap:         8.0G       456M       7.6G

             total       used       free     shared    buffers     cached
Mem:          992M       916M        75M         0B       816K        18M
-/+ buffers/cache:       896M        95M
Swap:         8.0G       455M       7.6G

             total       used       free     shared    buffers     cached
Mem:          992M       918M        73M         0B       816K        18M
-/+ buffers/cache:       899M        92M
Swap:         8.0G       454M       7.6G

             total       used       free     shared    buffers     cached
Mem:          992M       921M        70M         0B       816K        18M
-/+ buffers/cache:       901M        90M
Swap:         8.0G       453M       7.6G

             total       used       free     shared    buffers     cached
Mem:          992M       924M        68M         0B       816K        18M
-/+ buffers/cache:       904M        87M
Swap:         8.0G       452M       7.6G

             total       used       free     shared    buffers     cached
Mem:          992M       926M        65M         0B       824K        18M
-/+ buffers/cache:       907M        84M
Swap:         8.0G       451M       7.6G

             total       used       free     shared    buffers     cached
Mem:          992M       913M        78M         0B       824K        18M
-/+ buffers/cache:       894M        97M
Swap:         8.0G       450M       7.6G

             total       used       free     shared    buffers     cached
Mem:          992M       916M        75M         0B       824K        18M
-/+ buffers/cache:       897M        94M
Swap:         8.0G       449M       7.6G

             total       used       free     shared    buffers     cached
Mem:          992M       918M        73M         0B       824K        18M
-/+ buffers/cache:       899M        92M
Swap:         8.0G       448M       7.6G

             total       used       free     shared    buffers     cached
Mem:          992M       921M        70M         0B       824K        18M
-/+ buffers/cache:       902M        89M
Swap:         8.0G       447M       7.6G

             total       used       free     shared    buffers     cached
Mem:          992M       924M        68M         0B       832K        18M
-/+ buffers/cache:       905M        86M
Swap:         8.0G       446M       7.6G

             total       used       free     shared    buffers     cached
Mem:          992M       926M        65M         0B       832K        18M
-/+ buffers/cache:       907M        84M
Swap:         8.0G       445M       7.6G

             total       used       free     shared    buffers     cached
Mem:          992M       909M        82M         0B       808K        16M
-/+ buffers/cache:       892M       100M
Swap:         8.0G       470M       7.5G

             total       used       free     shared    buffers     cached
Mem:          992M       911M        80M         0B       816K        16M
-/+ buffers/cache:       894M        97M
Swap:         8.0G       470M       7.5G

             total       used       free     shared    buffers     cached
Mem:          992M       914M        77M         0B       816K        16M
-/+ buffers/cache:       897M        95M
Swap:         8.0G       469M       7.5G

             total       used       free     shared    buffers     cached
Mem:          992M       916M        75M         0B       824K        16M
-/+ buffers/cache:       899M        92M
Swap:         8.0G       467M       7.5G

             total       used       free     shared    buffers     cached
Mem:          992M       918M        73M         0B       824K        16M
-/+ buffers/cache:       901M        90M
Swap:         8.0G       467M       7.5G

             total       used       free     shared    buffers     cached
Mem:          992M       912M        79M        52K       1.0M        27M
-/+ buffers/cache:       883M       108M
Swap:         8.0G       481M       7.5G

             total       used       free     shared    buffers     cached
Mem:          992M       912M        80M        40K       1.0M        27M
-/+ buffers/cache:       883M       108M
Swap:         8.0G       481M       7.5G

             total       used       free     shared    buffers     cached
Mem:          992M       913M        78M        40K       1.0M        27M
-/+ buffers/cache:       884M       107M
Swap:         8.0G       480M       7.5G

             total       used       free     shared    buffers     cached
Mem:          992M       914M        77M        40K       1.0M        27M
-/+ buffers/cache:       886M       106M
Swap:         8.0G       479M       7.5G

             total       used       free     shared    buffers     cached
Mem:          992M       916M        75M        40K       1.0M        27M
-/+ buffers/cache:       887M       104M
Swap:         8.0G       479M       7.5G

             total       used       free     shared    buffers     cached
Mem:          992M       917M        74M        40K       1.0M        27M
-/+ buffers/cache:       888M       103M
Swap:         8.0G       478M       7.5G

             total       used       free     shared    buffers     cached
Mem:          992M       920M        71M        40K       1.3M        28M
-/+ buffers/cache:       891M       101M
Swap:         8.0G       478M       7.5G

             total       used       free     shared    buffers     cached
Mem:          992M       924M        68M        40K       1.3M        29M
-/+ buffers/cache:       893M        98M
Swap:         8.0G       476M       7.5G

             total       used       free     shared    buffers     cached
Mem:          992M       925M        66M        40K       1.3M        29M
-/+ buffers/cache:       895M        97M
Swap:         8.0G       476M       7.5G

             total       used       free     shared    buffers     cached
Mem:          992M       926M        65M        40K       1.3M        29M
-/+ buffers/cache:       896M        95M
Swap:         8.0G       475M       7.5G

             total       used       free     shared    buffers     cached
Mem:          992M       907M        84M        40K       1.0M        27M
-/+ buffers/cache:       878M       113M
Swap:         8.0G       502M       7.5G

             total       used       free     shared    buffers     cached
Mem:          992M       908M        83M        40K       1.0M        27M
-/+ buffers/cache:       880M       112M
Swap:         8.0G       501M       7.5G

             total       used       free     shared    buffers     cached
Mem:          992M       910M        82M        40K       1.0M        27M
-/+ buffers/cache:       881M       110M
Swap:         8.0G       501M       7.5G

             total       used       free     shared    buffers     cached
Mem:          992M       911M        80M        40K       1.0M        27M
-/+ buffers/cache:       882M       109M
Swap:         8.0G       500M       7.5G

             total       used       free     shared    buffers     cached
Mem:          992M       912M        79M        40K       1.0M        27M
-/+ buffers/cache:       883M       108M
Swap:         8.0G       500M       7.5G

             total       used       free     shared    buffers     cached
Mem:          992M       914M        77M        40K       1.0M        27M
-/+ buffers/cache:       885M       106M
Swap:         8.0G       499M       7.5G

             total       used       free     shared    buffers     cached
Mem:          992M       915M        77M        40K       1.0M        27M
-/+ buffers/cache:       886M       105M
Swap:         8.0G       499M       7.5G

             total       used       free     shared    buffers     cached
Mem:          992M       916M        75M        40K       1.0M        27M
-/+ buffers/cache:       887M       104M
Swap:         8.0G       498M       7.5G

             total       used       free     shared    buffers     cached
Mem:          992M       917M        74M        40K       1.0M        27M
-/+ buffers/cache:       889M       103M
Swap:         8.0G       497M       7.5G

             total       used       free     shared    buffers     cached
Mem:          992M       919M        72M        40K       1.0M        27M
-/+ buffers/cache:       890M       101M
Swap:         8.0G       497M       7.5G

             total       used       free     shared    buffers     cached
Mem:          992M       920M        71M        40K       1.0M        27M
-/+ buffers/cache:       891M       100M
Swap:         8.0G       496M       7.5G

             total       used       free     shared    buffers     cached
Mem:          992M       922M        70M        40K       1.0M        27M
-/+ buffers/cache:       893M        99M
Swap:         8.0G       495M       7.5G

             total       used       free     shared    buffers     cached
Mem:          992M       923M        68M        40K       1.0M        27M
-/+ buffers/cache:       894M        97M
Swap:         8.0G       495M       7.5G

             total       used       free     shared    buffers     cached
Mem:          992M       925M        67M        40K       1.0M        27M
-/+ buffers/cache:       896M        95M
Swap:         8.0G       494M       7.5G

             total       used       free     shared    buffers     cached
Mem:          992M       926M        65M        40K       1.0M        27M
-/+ buffers/cache:       897M        94M
Swap:         8.0G       494M       7.5G

             total       used       free     shared    buffers     cached
Mem:          992M       914M        77M        40K       640K        27M
-/+ buffers/cache:       886M       105M
Swap:         8.0G       497M       7.5G

             total       used       free     shared    buffers     cached
Mem:          992M       915M        76M        40K       640K        27M
-/+ buffers/cache:       887M       104M
Swap:         8.0G       496M       7.5G

             total       used       free     shared    buffers     cached
Mem:          992M       916M        75M        40K       648K        27M
-/+ buffers/cache:       888M       103M
Swap:         8.0G       496M       7.5G

             total       used       free     shared    buffers     cached
Mem:          992M       918M        73M        40K       648K        27M
-/+ buffers/cache:       890M       102M
Swap:         8.0G       495M       7.5G

             total       used       free     shared    buffers     cached
Mem:          992M       920M        71M        40K       648K        28M
-/+ buffers/cache:       891M       100M
Swap:         8.0G       494M       7.5G

             total       used       free     shared    buffers     cached
Mem:          992M       925M        67M        40K       648K        31M
-/+ buffers/cache:       892M        99M
Swap:         8.0G       494M       7.5G

             total       used       free     shared    buffers     cached
Mem:          992M       926M        65M        40K       648K        31M
-/+ buffers/cache:       894M        97M
Swap:         8.0G       493M       7.5G

             total       used       free     shared    buffers     cached
Mem:          992M       913M        79M        40K       656K        31M
-/+ buffers/cache:       881M       110M
Swap:         8.0G       502M       7.5G

             total       used       free     shared    buffers     cached
Mem:          992M       914M        77M        40K       656K        31M
-/+ buffers/cache:       882M       109M
Swap:         8.0G       501M       7.5G

             total       used       free     shared    buffers     cached
Mem:          992M       915M        76M        40K       656K        31M
-/+ buffers/cache:       883M       108M
Swap:         8.0G       500M       7.5G

             total       used       free     shared    buffers     cached
Mem:          992M       917M        75M        40K       656K        31M
-/+ buffers/cache:       885M       107M
Swap:         8.0G       500M       7.5G

             total       used       free     shared    buffers     cached
Mem:          992M       918M        73M        40K       656K        31M
-/+ buffers/cache:       886M       105M
Swap:         8.0G       499M       7.5G

             total       used       free     shared    buffers     cached
Mem:          992M       919M        72M        40K       656K        31M
-/+ buffers/cache:       888M       104M
Swap:         8.0G       499M       7.5G

             total       used       free     shared    buffers     cached
Mem:          992M       921M        70M        40K       664K        31M
-/+ buffers/cache:       889M       102M
Swap:         8.0G       498M       7.5G

             total       used       free     shared    buffers     cached
Mem:          992M       922M        69M        40K       664K        31M
-/+ buffers/cache:       890M       101M
Swap:         8.0G       497M       7.5G

             total       used       free     shared    buffers     cached
Mem:          992M       924M        67M        40K       664K        31M
-/+ buffers/cache:       892M        99M
Swap:         8.0G       497M       7.5G

             total       used       free     shared    buffers     cached
Mem:          992M       925M        66M        40K       664K        31M
-/+ buffers/cache:       893M        98M
Swap:         8.0G       496M       7.5G

             total       used       free     shared    buffers     cached
Mem:          992M       926M        65M        40K       664K        31M
-/+ buffers/cache:       895M        97M
Swap:         8.0G       495M       7.5G

             total       used       free     shared    buffers     cached
Mem:          992M       908M        84M        40K       672K        29M
-/+ buffers/cache:       877M       114M
Swap:         8.0G       521M       7.5G

             total       used       free     shared    buffers     cached
Mem:          992M       909M        82M        40K       672K        29M
-/+ buffers/cache:       878M       113M
Swap:         8.0G       520M       7.5G

             total       used       free     shared    buffers     cached
Mem:          992M       910M        81M        40K       672K        29M
-/+ buffers/cache:       880M       112M
Swap:         8.0G       520M       7.5G

             total       used       free     shared    buffers     cached
Mem:          992M       912M        79M        40K       672K        29M
-/+ buffers/cache:       881M       110M
Swap:         8.0G       519M       7.5G

             total       used       free     shared    buffers     cached
Mem:          992M       913M        78M        40K       672K        29M
-/+ buffers/cache:       882M       109M
Swap:         8.0G       518M       7.5G

             total       used       free     shared    buffers     cached
Mem:          992M       914M        77M        40K       672K        29M
-/+ buffers/cache:       884M       108M
Swap:         8.0G       518M       7.5G

             total       used       free     shared    buffers     cached
Mem:          992M       915M        76M        40K       680K        29M
-/+ buffers/cache:       885M       106M
Swap:         8.0G       517M       7.5G

             total       used       free     shared    buffers     cached
Mem:          992M       917M        74M        40K       680K        29M
-/+ buffers/cache:       887M       105M
Swap:         8.0G       516M       7.5G

             total       used       free     shared    buffers     cached
Mem:          992M       918M        73M        40K       680K        29M
-/+ buffers/cache:       888M       104M
Swap:         8.0G       516M       7.5G

             total       used       free     shared    buffers     cached
Mem:          992M       920M        72M        40K       680K        29M
-/+ buffers/cache:       889M       102M
Swap:         8.0G       515M       7.5G

             total       used       free     shared    buffers     cached
Mem:          992M       921M        70M        40K       680K        29M
-/+ buffers/cache:       891M       101M
Swap:         8.0G       514M       7.5G

             total       used       free     shared    buffers     cached
Mem:          992M       922M        69M        40K       688K        29M
-/+ buffers/cache:       892M        99M
Swap:         8.0G       514M       7.5G

             total       used       free     shared    buffers     cached
Mem:          992M       924M        67M        40K       688K        29M
-/+ buffers/cache:       893M        98M
Swap:         8.0G       513M       7.5G

             total       used       free     shared    buffers     cached
Mem:          992M       925M        66M        40K       688K        29M
-/+ buffers/cache:       895M        97M
Swap:         8.0G       512M       7.5G

             total       used       free     shared    buffers     cached
Mem:          992M       927M        65M        40K       688K        29M
-/+ buffers/cache:       896M        95M
Swap:         8.0G       512M       7.5G

             total       used       free     shared    buffers     cached
Mem:          992M       913M        78M        40K       688K        29M
-/+ buffers/cache:       883M       108M
Swap:         8.0G       511M       7.5G

             total       used       free     shared    buffers     cached
Mem:          992M       914M        77M        40K       688K        29M
-/+ buffers/cache:       884M       107M
Swap:         8.0G       510M       7.5G

             total       used       free     shared    buffers     cached
Mem:          992M       916M        75M        40K       696K        29M
-/+ buffers/cache:       886M       105M
Swap:         8.0G       510M       7.5G

             total       used       free     shared    buffers     cached
Mem:          992M       918M        74M        40K       696K        29M
-/+ buffers/cache:       888M       104M
Swap:         8.0G       509M       7.5G

             total       used       free     shared    buffers     cached
Mem:          992M       919M        72M        40K       696K        29M
-/+ buffers/cache:       889M       102M
Swap:         8.0G       508M       7.5G

             total       used       free     shared    buffers     cached
Mem:          992M       922M        69M        40K       832K        30M
-/+ buffers/cache:       891M       100M
Swap:         8.0G       507M       7.5G

             total       used       free     shared    buffers     cached
Mem:          992M       924M        67M        44K       832K        30M
-/+ buffers/cache:       892M        99M
Swap:         8.0G       507M       7.5G

             total       used       free     shared    buffers     cached
Mem:          992M       925M        66M        44K       840K        30M
-/+ buffers/cache:       894M        98M
Swap:         8.0G       506M       7.5G

             total       used       free     shared    buffers     cached
Mem:          992M       926M        65M        44K       840K        30M
-/+ buffers/cache:       895M        96M
Swap:         8.0G       505M       7.5G

             total       used       free     shared    buffers     cached
Mem:          992M       918M        73M        44K       824K        30M
-/+ buffers/cache:       887M       104M
Swap:         8.0G       525M       7.5G

             total       used       free     shared    buffers     cached
Mem:          992M       919M        72M        44K       824K        30M
-/+ buffers/cache:       888M       103M
Swap:         8.0G       525M       7.5G

             total       used       free     shared    buffers     cached
Mem:          992M       914M        77M        44K       816K        31M
-/+ buffers/cache:       882M       109M
Swap:         8.0G       522M       7.5G

             total       used       free     shared    buffers     cached
Mem:          992M       915M        76M        44K       816K        31M
-/+ buffers/cache:       882M       109M
Swap:         8.0G       522M       7.5G

             total       used       free     shared    buffers     cached
Mem:          992M       916M        75M        44K       824K        31M
-/+ buffers/cache:       883M       108M
Swap:         8.0G       521M       7.5G

             total       used       free     shared    buffers     cached
Mem:          992M       917M        74M        44K       824K        31M
-/+ buffers/cache:       884M       107M
Swap:         8.0G       521M       7.5G

             total       used       free     shared    buffers     cached
Mem:          992M       917M        74M        44K       824K        31M
-/+ buffers/cache:       885M       106M
Swap:         8.0G       521M       7.5G

             total       used       free     shared    buffers     cached
Mem:          992M       918M        73M        44K       824K        31M
-/+ buffers/cache:       886M       106M
Swap:         8.0G       520M       7.5G

             total       used       free     shared    buffers     cached
Mem:          992M       919M        72M        44K       824K        31M
-/+ buffers/cache:       887M       105M
Swap:         8.0G       520M       7.5G

             total       used       free     shared    buffers     cached
Mem:          992M       920M        71M        44K       832K        31M
-/+ buffers/cache:       887M       104M
Swap:         8.0G       520M       7.5G

             total       used       free     shared    buffers     cached
Mem:          992M       921M        70M        44K       832K        31M
-/+ buffers/cache:       888M       103M
Swap:         8.0G       519M       7.5G

             total       used       free     shared    buffers     cached
Mem:          992M       922M        70M        44K       832K        31M
-/+ buffers/cache:       889M       102M
Swap:         8.0G       519M       7.5G

             total       used       free     shared    buffers     cached
Mem:          992M       912M        80M       200K       576K        31M
-/+ buffers/cache:       879M       112M
Swap:         8.0G       534M       7.5G

             total       used       free     shared    buffers     cached
Mem:          992M       907M        85M       220K       1.8M        45M
-/+ buffers/cache:       860M       131M
Swap:         8.0G       557M       7.5G

             total       used       free     shared    buffers     cached
Mem:          992M       915M        77M       3.9M       5.0M        63M
-/+ buffers/cache:       847M       145M
Swap:         8.0G       574M       7.4G

             total       used       free     shared    buffers     cached
Mem:          992M       922M        69M       268K       5.0M        65M
-/+ buffers/cache:       852M       139M
Swap:         8.0G       573M       7.4G

             total       used       free     shared    buffers     cached
Mem:          992M       914M        77M       240K       4.4M        61M
-/+ buffers/cache:       848M       143M
Swap:         8.0G       571M       7.4G

             total       used       free     shared    buffers     cached
Mem:          992M       915M        76M       240K       4.4M        61M
-/+ buffers/cache:       849M       142M
Swap:         8.0G       570M       7.4G

             total       used       free     shared    buffers     cached
Mem:          992M       916M        75M       240K       4.4M        61M
-/+ buffers/cache:       851M       141M
Swap:         8.0G       569M       7.4G

             total       used       free     shared    buffers     cached
Mem:          992M       918M        73M       240K       4.4M        61M
-/+ buffers/cache:       852M       139M
Swap:         8.0G       569M       7.4G

             total       used       free     shared    buffers     cached
Mem:          992M       919M        72M       240K       4.4M        61M
-/+ buffers/cache:       853M       138M
Swap:         8.0G       568M       7.4G

             total       used       free     shared    buffers     cached
Mem:          992M       922M        70M       240K       4.5M        62M
-/+ buffers/cache:       855M       137M
Swap:         8.0G       567M       7.4G

             total       used       free     shared    buffers     cached
Mem:          992M       924M        67M       240K       4.5M        62M
-/+ buffers/cache:       856M       135M
Swap:         8.0G       566M       7.4G

             total       used       free     shared    buffers     cached
Mem:          992M       925M        66M       240K       4.5M        62M
-/+ buffers/cache:       858M       134M
Swap:         8.0G       566M       7.4G

             total       used       free     shared    buffers     cached
Mem:          992M       926M        65M       240K       4.5M        62M
-/+ buffers/cache:       859M       132M
Swap:         8.0G       565M       7.4G

             total       used       free     shared    buffers     cached
Mem:          992M       906M        85M       240K       4.3M        61M
-/+ buffers/cache:       840M       151M
Swap:         8.0G       586M       7.4G

             total       used       free     shared    buffers     cached
Mem:          992M       907M        84M       240K       4.3M        61M
-/+ buffers/cache:       842M       150M
Swap:         8.0G       585M       7.4G

             total       used       free     shared    buffers     cached
Mem:          992M       908M        83M       240K       4.3M        61M
-/+ buffers/cache:       843M       148M
Swap:         8.0G       584M       7.4G

             total       used       free     shared    buffers     cached
Mem:          992M       910M        82M       240K       4.3M        61M
-/+ buffers/cache:       844M       147M
Swap:         8.0G       584M       7.4G

             total       used       free     shared    buffers     cached
Mem:          992M       911M        80M       240K       4.3M        61M
-/+ buffers/cache:       846M       145M
Swap:         8.0G       583M       7.4G

             total       used       free     shared    buffers     cached
Mem:          992M       913M        79M       240K       4.3M        61M
-/+ buffers/cache:       847M       144M
Swap:         8.0G       582M       7.4G

             total       used       free     shared    buffers     cached
Mem:          992M       914M        77M       240K       4.3M        61M
-/+ buffers/cache:       849M       143M
Swap:         8.0G       581M       7.4G

             total       used       free     shared    buffers     cached
Mem:          992M       915M        76M       240K       4.3M        61M
-/+ buffers/cache:       850M       142M
Swap:         8.0G       581M       7.4G

             total       used       free     shared    buffers     cached
Mem:          992M       917M        74M       240K       4.3M        61M
-/+ buffers/cache:       851M       140M
Swap:         8.0G       580M       7.4G

             total       used       free     shared    buffers     cached
Mem:          992M       918M        73M       240K       4.3M        61M
-/+ buffers/cache:       853M       139M
Swap:         8.0G       579M       7.4G

             total       used       free     shared    buffers     cached
Mem:          992M       919M        72M       240K       4.3M        61M
-/+ buffers/cache:       854M       137M
Swap:         8.0G       578M       7.4G

             total       used       free     shared    buffers     cached
Mem:          992M       921M        70M       240K       4.3M        61M
-/+ buffers/cache:       855M       136M
Swap:         8.0G       578M       7.4G

             total       used       free     shared    buffers     cached
Mem:          992M       923M        69M       240K       4.3M        61M
-/+ buffers/cache:       857M       134M
Swap:         8.0G       577M       7.4G

             total       used       free     shared    buffers     cached
Mem:          992M       924M        68M       240K       4.3M        61M
-/+ buffers/cache:       858M       133M
Swap:         8.0G       576M       7.4G

             total       used       free     shared    buffers     cached
Mem:          992M       925M        66M       240K       4.3M        61M
-/+ buffers/cache:       859M       132M
Swap:         8.0G       575M       7.4G

             total       used       free     shared    buffers     cached
Mem:          992M       926M        65M       240K       4.3M        61M
-/+ buffers/cache:       861M       131M
Swap:         8.0G       575M       7.4G

             total       used       free     shared    buffers     cached
Mem:          992M       912M        79M       240K       4.1M        59M
-/+ buffers/cache:       848M       143M
Swap:         8.0G       591M       7.4G

             total       used       free     shared    buffers     cached
Mem:          992M       913M        78M       240K       4.1M        59M
-/+ buffers/cache:       849M       142M
Swap:         8.0G       590M       7.4G

             total       used       free     shared    buffers     cached
Mem:          992M       915M        77M       240K       4.1M        59M
-/+ buffers/cache:       851M       140M
Swap:         8.0G       590M       7.4G

             total       used       free     shared    buffers     cached
Mem:          992M       916M        75M       240K       4.1M        59M
-/+ buffers/cache:       852M       139M
Swap:         8.0G       589M       7.4G

             total       used       free     shared    buffers     cached
Mem:          992M       917M        74M       240K       4.1M        59M
-/+ buffers/cache:       854M       138M
Swap:         8.0G       588M       7.4G

             total       used       free     shared    buffers     cached
Mem:          992M       919M        73M       240K       4.1M        59M
-/+ buffers/cache:       855M       136M
Swap:         8.0G       588M       7.4G

             total       used       free     shared    buffers     cached
Mem:          992M       920M        71M       240K       4.1M        59M
-/+ buffers/cache:       856M       135M
Swap:         8.0G       587M       7.4G

             total       used       free     shared    buffers     cached
Mem:          992M       921M        70M       240K       4.1M        59M
-/+ buffers/cache:       858M       133M
Swap:         8.0G       587M       7.4G

             total       used       free     shared    buffers     cached
Mem:          992M       923M        68M       240K       4.1M        59M
-/+ buffers/cache:       859M       132M
Swap:         8.0G       586M       7.4G

             total       used       free     shared    buffers     cached
Mem:          992M       924M        67M       240K       4.1M        59M
-/+ buffers/cache:       860M       131M
Swap:         8.0G       585M       7.4G

             total       used       free     shared    buffers     cached
Mem:          992M       926M        66M       240K       4.1M        59M
-/+ buffers/cache:       862M       129M
Swap:         8.0G       585M       7.4G

             total       used       free     shared    buffers     cached
Mem:          992M       916M        75M       240K       4.1M        58M
-/+ buffers/cache:       854M       137M
Swap:         8.0G       588M       7.4G

             total       used       free     shared    buffers     cached
Mem:          992M       915M        76M       312K       8.2M        70M
-/+ buffers/cache:       837M       154M
Swap:         8.0G       612M       7.4G

             total       used       free     shared    buffers     cached
Mem:          992M       914M        77M       308K       8.5M        72M
-/+ buffers/cache:       833M       158M
Swap:         8.0G       611M       7.4G
