             total       used       free     shared    buffers     cached
Mem:          992M       661M       330M       3.2M        38M       289M
-/+ buffers/cache:       333M       658M
Swap:         8.0G         0B       8.0G

             total       used       free     shared    buffers     cached
Mem:          992M       662M       329M       3.2M        38M       289M
-/+ buffers/cache:       334M       658M
Swap:         8.0G         0B       8.0G

             total       used       free     shared    buffers     cached
Mem:          992M       662M       330M       3.2M        38M       289M
-/+ buffers/cache:       333M       658M
Swap:         8.0G         0B       8.0G

             total       used       free     shared    buffers     cached
Mem:          992M       662M       330M       3.2M        38M       289M
-/+ buffers/cache:       333M       658M
Swap:         8.0G         0B       8.0G

             total       used       free     shared    buffers     cached
Mem:          992M       662M       330M       3.2M        38M       289M
-/+ buffers/cache:       333M       658M
Swap:         8.0G         0B       8.0G

             total       used       free     shared    buffers     cached
Mem:          992M       662M       330M       3.2M        38M       289M
-/+ buffers/cache:       333M       658M
Swap:         8.0G         0B       8.0G

             total       used       free     shared    buffers     cached
Mem:          992M       661M       330M       3.2M        38M       289M
-/+ buffers/cache:       333M       658M
Swap:         8.0G         0B       8.0G

             total       used       free     shared    buffers     cached
Mem:          992M       661M       330M       3.2M        38M       289M
-/+ buffers/cache:       333M       658M
Swap:         8.0G         0B       8.0G

             total       used       free     shared    buffers     cached
Mem:          992M       665M       327M       3.2M        38M       289M
-/+ buffers/cache:       336M       655M
Swap:         8.0G         0B       8.0G

             total       used       free     shared    buffers     cached
Mem:          992M       673M       318M       3.2M        38M       289M
-/+ buffers/cache:       345M       647M
Swap:         8.0G         0B       8.0G

             total       used       free     shared    buffers     cached
Mem:          992M       690M       301M       3.2M        38M       290M
-/+ buffers/cache:       361M       630M
Swap:         8.0G         0B       8.0G

             total       used       free     shared    buffers     cached
Mem:          992M       670M       321M       3.2M        38M       291M
-/+ buffers/cache:       340M       651M
Swap:         8.0G         0B       8.0G

             total       used       free     shared    buffers     cached
Mem:          992M       678M       313M       3.2M        38M       291M
-/+ buffers/cache:       348M       643M
Swap:         8.0G         0B       8.0G

             total       used       free     shared    buffers     cached
Mem:          992M       671M       320M       3.2M        38M       291M
-/+ buffers/cache:       341M       650M
Swap:         8.0G         0B       8.0G

             total       used       free     shared    buffers     cached
Mem:          992M       671M       320M       3.2M        38M       291M
-/+ buffers/cache:       341M       650M
Swap:         8.0G         0B       8.0G

             total       used       free     shared    buffers     cached
Mem:          992M       671M       320M       3.2M        38M       291M
-/+ buffers/cache:       341M       650M
Swap:         8.0G         0B       8.0G

             total       used       free     shared    buffers     cached
Mem:          992M       671M       320M       3.2M        38M       291M
-/+ buffers/cache:       341M       650M
Swap:         8.0G         0B       8.0G

             total       used       free     shared    buffers     cached
Mem:          992M       671M       320M       3.2M        38M       291M
-/+ buffers/cache:       341M       650M
Swap:         8.0G         0B       8.0G

             total       used       free     shared    buffers     cached
Mem:          992M       671M       320M       3.2M        38M       291M
-/+ buffers/cache:       341M       650M
Swap:         8.0G         0B       8.0G

             total       used       free     shared    buffers     cached
Mem:          992M       671M       320M       3.2M        38M       291M
-/+ buffers/cache:       341M       650M
Swap:         8.0G         0B       8.0G

             total       used       free     shared    buffers     cached
Mem:          992M       671M       320M       3.2M        38M       291M
-/+ buffers/cache:       341M       650M
Swap:         8.0G         0B       8.0G

             total       used       free     shared    buffers     cached
Mem:          992M       671M       320M       3.2M        38M       291M
-/+ buffers/cache:       341M       650M
Swap:         8.0G         0B       8.0G

             total       used       free     shared    buffers     cached
Mem:          992M       671M       320M       3.2M        38M       291M
-/+ buffers/cache:       341M       650M
Swap:         8.0G         0B       8.0G

             total       used       free     shared    buffers     cached
Mem:          992M       671M       320M       3.2M        38M       291M
-/+ buffers/cache:       341M       650M
Swap:         8.0G         0B       8.0G

             total       used       free     shared    buffers     cached
Mem:          992M       671M       320M       3.2M        38M       291M
-/+ buffers/cache:       341M       650M
Swap:         8.0G         0B       8.0G

             total       used       free     shared    buffers     cached
Mem:          992M       671M       320M       3.2M        38M       291M
-/+ buffers/cache:       341M       650M
Swap:         8.0G         0B       8.0G

             total       used       free     shared    buffers     cached
Mem:          992M       671M       320M       3.2M        38M       291M
-/+ buffers/cache:       341M       650M
Swap:         8.0G         0B       8.0G

             total       used       free     shared    buffers     cached
Mem:          992M       671M       320M       3.2M        38M       291M
-/+ buffers/cache:       341M       650M
Swap:         8.0G         0B       8.0G

             total       used       free     shared    buffers     cached
Mem:          992M       671M       320M       3.2M        38M       291M
-/+ buffers/cache:       341M       650M
Swap:         8.0G         0B       8.0G

             total       used       free     shared    buffers     cached
Mem:          992M       671M       320M       3.2M        38M       291M
-/+ buffers/cache:       341M       650M
Swap:         8.0G         0B       8.0G

             total       used       free     shared    buffers     cached
Mem:          992M       671M       320M       3.2M        38M       291M
-/+ buffers/cache:       341M       650M
Swap:         8.0G         0B       8.0G

             total       used       free     shared    buffers     cached
Mem:          992M       671M       320M       3.2M        38M       291M
-/+ buffers/cache:       341M       650M
Swap:         8.0G         0B       8.0G

             total       used       free     shared    buffers     cached
Mem:          992M       671M       320M       3.2M        38M       291M
-/+ buffers/cache:       341M       650M
Swap:         8.0G         0B       8.0G

             total       used       free     shared    buffers     cached
Mem:          992M       676M       315M       3.2M        38M       291M
-/+ buffers/cache:       346M       645M
Swap:         8.0G         0B       8.0G

             total       used       free     shared    buffers     cached
Mem:          992M       693M       298M       3.2M        38M       291M
-/+ buffers/cache:       363M       628M
Swap:         8.0G         0B       8.0G

             total       used       free     shared    buffers     cached
Mem:          992M       709M       282M       3.2M        38M       291M
-/+ buffers/cache:       379M       612M
Swap:         8.0G         0B       8.0G

             total       used       free     shared    buffers     cached
Mem:          992M       724M       267M       3.2M        38M       291M
-/+ buffers/cache:       394M       597M
Swap:         8.0G         0B       8.0G

             total       used       free     shared    buffers     cached
Mem:          992M       739M       252M       3.2M        38M       291M
-/+ buffers/cache:       409M       582M
Swap:         8.0G         0B       8.0G

             total       used       free     shared    buffers     cached
Mem:          992M       754M       237M       3.2M        38M       291M
-/+ buffers/cache:       424M       567M
Swap:         8.0G         0B       8.0G

             total       used       free     shared    buffers     cached
Mem:          992M       771M       221M       3.2M        38M       291M
-/+ buffers/cache:       441M       551M
Swap:         8.0G         0B       8.0G

             total       used       free     shared    buffers     cached
Mem:          992M       786M       205M       3.2M        38M       291M
-/+ buffers/cache:       456M       535M
Swap:         8.0G         0B       8.0G

             total       used       free     shared    buffers     cached
Mem:          992M       803M       188M       3.2M        38M       291M
-/+ buffers/cache:       473M       518M
Swap:         8.0G         0B       8.0G

             total       used       free     shared    buffers     cached
Mem:          992M       819M       172M       3.2M        38M       291M
-/+ buffers/cache:       489M       502M
Swap:         8.0G         0B       8.0G

             total       used       free     shared    buffers     cached
Mem:          992M       838M       153M       3.2M        38M       291M
-/+ buffers/cache:       508M       483M
Swap:         8.0G         0B       8.0G

             total       used       free     shared    buffers     cached
Mem:          992M       855M       136M       3.2M        38M       291M
-/+ buffers/cache:       525M       466M
Swap:         8.0G         0B       8.0G

             total       used       free     shared    buffers     cached
Mem:          992M       870M       121M       3.2M        38M       291M
-/+ buffers/cache:       540M       451M
Swap:         8.0G         0B       8.0G

             total       used       free     shared    buffers     cached
Mem:          992M       885M       106M       3.2M        38M       291M
-/+ buffers/cache:       555M       436M
Swap:         8.0G         0B       8.0G

             total       used       free     shared    buffers     cached
Mem:          992M       897M        94M       3.2M        38M       291M
-/+ buffers/cache:       567M       424M
Swap:         8.0G         0B       8.0G

             total       used       free     shared    buffers     cached
Mem:          992M       911M        80M       3.2M        38M       291M
-/+ buffers/cache:       581M       410M
Swap:         8.0G         0B       8.0G

             total       used       free     shared    buffers     cached
Mem:          992M       925M        66M       3.2M        38M       291M
-/+ buffers/cache:       595M       396M
Swap:         8.0G         0B       8.0G

             total       used       free     shared    buffers     cached
Mem:          992M       923M        68M       3.2M        22M       290M
-/+ buffers/cache:       611M       381M
Swap:         8.0G         0B       8.0G

             total       used       free     shared    buffers     cached
Mem:          992M       922M        70M       3.2M        10M       286M
-/+ buffers/cache:       625M       367M
Swap:         8.0G         0B       8.0G

             total       used       free     shared    buffers     cached
Mem:          992M       917M        74M       3.2M        10M       269M
-/+ buffers/cache:       638M       353M
Swap:         8.0G        76K       8.0G

             total       used       free     shared    buffers     cached
Mem:          992M       932M        59M       3.2M        10M       269M
-/+ buffers/cache:       653M       338M
Swap:         8.0G        76K       8.0G

             total       used       free     shared    buffers     cached
Mem:          992M       928M        63M       3.1M       9.6M       249M
-/+ buffers/cache:       669M       322M
Swap:         8.0G       208K       8.0G

             total       used       free     shared    buffers     cached
Mem:          992M       926M        65M       3.0M       9.6M       235M
-/+ buffers/cache:       681M       310M
Swap:         8.0G       3.9M       8.0G

             total       used       free     shared    buffers     cached
Mem:          992M       906M        85M       2.9M       8.4M       207M
-/+ buffers/cache:       690M       301M
Swap:         8.0G       8.7M       8.0G

             total       used       free     shared    buffers     cached
Mem:          992M       922M        69M       2.9M       8.4M       207M
-/+ buffers/cache:       706M       285M
Swap:         8.0G       8.7M       8.0G

             total       used       free     shared    buffers     cached
Mem:          992M       924M        68M       2.9M       2.5M       200M
-/+ buffers/cache:       721M       271M
Swap:         8.0G       8.7M       8.0G

             total       used       free     shared    buffers     cached
Mem:          992M       920M        71M       2.9M       584K       182M
-/+ buffers/cache:       737M       254M
Swap:         8.0G       8.7M       8.0G

             total       used       free     shared    buffers     cached
Mem:          992M       920M        71M       2.9M       224K       166M
-/+ buffers/cache:       754M       237M
Swap:         8.0G       8.7M       8.0G

             total       used       free     shared    buffers     cached
Mem:          992M       931M        61M       2.9M       384K       159M
-/+ buffers/cache:       770M       221M
Swap:         8.0G       8.7M       8.0G

             total       used       free     shared    buffers     cached
Mem:          992M       925M        67M       2.9M       388K       141M
-/+ buffers/cache:       783M       208M
Swap:         8.0G       8.7M       8.0G

             total       used       free     shared    buffers     cached
Mem:          992M       918M        73M       2.9M       228K       124M
-/+ buffers/cache:       793M       198M
Swap:         8.0G       8.7M       8.0G

             total       used       free     shared    buffers     cached
Mem:          992M       920M        72M       2.9M       228K       110M
-/+ buffers/cache:       809M       182M
Swap:         8.0G       8.7M       8.0G

             total       used       free     shared    buffers     cached
Mem:          992M       921M        71M       2.9M       232K        98M
-/+ buffers/cache:       822M       169M
Swap:         8.0G       8.7M       8.0G

             total       used       free     shared    buffers     cached
Mem:          992M       913M        78M       2.9M       232K        76M
-/+ buffers/cache:       836M       155M
Swap:         8.0G       8.7M       8.0G

             total       used       free     shared    buffers     cached
Mem:          992M       927M        64M       2.9M       240K        76M
-/+ buffers/cache:       850M       141M
Swap:         8.0G       8.7M       8.0G

             total       used       free     shared    buffers     cached
Mem:          992M       921M        70M       2.9M       2.4M        55M
-/+ buffers/cache:       864M       128M
Swap:         8.0G       8.7M       8.0G

             total       used       free     shared    buffers     cached
Mem:          992M       923M        68M       2.9M       2.8M        42M
-/+ buffers/cache:       877M       114M
Swap:         8.0G       8.7M       8.0G

             total       used       free     shared    buffers     cached
Mem:          992M       923M        68M       2.9M       2.8M        29M
-/+ buffers/cache:       890M       101M
Swap:         8.0G       9.1M       8.0G

             total       used       free     shared    buffers     cached
Mem:          992M       924M        67M       2.8M       2.8M        17M
-/+ buffers/cache:       904M        87M
Swap:         8.0G        11M       8.0G

             total       used       free     shared    buffers     cached
Mem:          992M       927M        64M       2.8M        96K       8.7M
-/+ buffers/cache:       918M        73M
Swap:         8.0G        11M       8.0G

             total       used       free     shared    buffers     cached
Mem:          992M       928M        63M       2.8M       360K       6.5M
-/+ buffers/cache:       921M        70M
Swap:         8.0G        27M       8.0G

             total       used       free     shared    buffers     cached
Mem:          992M       929M        62M       2.5M       360K       4.8M
-/+ buffers/cache:       924M        67M
Swap:         8.0G        36M       8.0G

             total       used       free     shared    buffers     cached
Mem:          992M       919M        72M       2.4M       360K       4.8M
-/+ buffers/cache:       914M        77M
Swap:         8.0G        74M       7.9G

             total       used       free     shared    buffers     cached
Mem:          992M       920M        71M       2.4M       360K       4.7M
-/+ buffers/cache:       915M        76M
Swap:         8.0G        74M       7.9G

             total       used       free     shared    buffers     cached
Mem:          992M       916M        75M       2.4M       360K       4.7M
-/+ buffers/cache:       911M        81M
Swap:         8.0G       106M       7.9G

             total       used       free     shared    buffers     cached
Mem:          992M       931M        61M       2.4M       360K       4.7M
-/+ buffers/cache:       926M        66M
Swap:         8.0G       106M       7.9G

             total       used       free     shared    buffers     cached
Mem:          992M       924M        67M       2.4M       368K       4.6M
-/+ buffers/cache:       919M        72M
Swap:         8.0G       114M       7.9G

             total       used       free     shared    buffers     cached
Mem:          992M       923M        68M       2.4M       368K       4.6M
-/+ buffers/cache:       918M        73M
Swap:         8.0G       142M       7.9G

             total       used       free     shared    buffers     cached
Mem:          992M       925M        67M       2.4M       368K       4.6M
-/+ buffers/cache:       920M        72M
Swap:         8.0G       142M       7.9G

             total       used       free     shared    buffers     cached
Mem:          992M       924M        67M       2.4M       368K       4.6M
-/+ buffers/cache:       920M        72M
Swap:         8.0G       154M       7.8G

             total       used       free     shared    buffers     cached
Mem:          992M       921M        71M       2.4M       360K       4.5M
-/+ buffers/cache:       916M        76M
Swap:         8.0G       177M       7.8G

             total       used       free     shared    buffers     cached
Mem:          992M       922M        69M       2.4M       368K       4.6M
-/+ buffers/cache:       917M        75M
Swap:         8.0G       181M       7.8G

             total       used       free     shared    buffers     cached
Mem:          992M       911M        80M       2.4M       356K       4.4M
-/+ buffers/cache:       906M        85M
Swap:         8.0G       236M       7.8G

             total       used       free     shared    buffers     cached
Mem:          992M       925M        66M       2.4M       356K       4.4M
-/+ buffers/cache:       920M        71M
Swap:         8.0G       236M       7.8G

             total       used       free     shared    buffers     cached
Mem:          992M       927M        64M       2.4M       356K       4.5M
-/+ buffers/cache:       922M        69M
Swap:         8.0G       236M       7.8G

             total       used       free     shared    buffers     cached
Mem:          992M       928M        63M       2.4M       356K       4.5M
-/+ buffers/cache:       923M        68M
Swap:         8.0G       236M       7.8G

             total       used       free     shared    buffers     cached
Mem:          992M       922M        69M       2.3M       352K       4.4M
-/+ buffers/cache:       917M        74M
Swap:         8.0G       250M       7.8G

             total       used       free     shared    buffers     cached
Mem:          992M       918M        73M       2.3M       360K       4.4M
-/+ buffers/cache:       913M        78M
Swap:         8.0G       277M       7.7G

             total       used       free     shared    buffers     cached
Mem:          992M       925M        66M       2.3M       360K       4.4M
-/+ buffers/cache:       920M        71M
Swap:         8.0G       277M       7.7G

             total       used       free     shared    buffers     cached
Mem:          992M       920M        72M       2.3M       360K       4.4M
-/+ buffers/cache:       915M        76M
Swap:         8.0G       277M       7.7G

             total       used       free     shared    buffers     cached
Mem:          992M       927M        64M       2.3M       360K       4.4M
-/+ buffers/cache:       922M        69M
Swap:         8.0G       277M       7.7G

             total       used       free     shared    buffers     cached
Mem:          992M       913M        78M       2.3M       312K       4.4M
-/+ buffers/cache:       908M        83M
Swap:         8.0G       301M       7.7G

             total       used       free     shared    buffers     cached
Mem:          992M       919M        72M       2.3M       320K       4.4M
-/+ buffers/cache:       915M        77M
Swap:         8.0G       301M       7.7G

             total       used       free     shared    buffers     cached
Mem:          992M       924M        67M       2.3M       320K       4.4M
-/+ buffers/cache:       920M        72M
Swap:         8.0G       301M       7.7G

             total       used       free     shared    buffers     cached
Mem:          992M       930M        61M       2.3M       320K       4.4M
-/+ buffers/cache:       926M        65M
Swap:         8.0G       301M       7.7G

             total       used       free     shared    buffers     cached
Mem:          992M       912M        79M       2.3M       136K       4.3M
-/+ buffers/cache:       908M        83M
Swap:         8.0G       325M       7.7G

             total       used       free     shared    buffers     cached
Mem:          992M       916M        75M       2.3M       136K       4.4M
-/+ buffers/cache:       912M        79M
Swap:         8.0G       325M       7.7G

             total       used       free     shared    buffers     cached
Mem:          992M       921M        71M       2.3M       144K       4.4M
-/+ buffers/cache:       916M        75M
Swap:         8.0G       325M       7.7G

             total       used       free     shared    buffers     cached
Mem:          992M       925M        66M       2.3M       144K       4.4M
-/+ buffers/cache:       920M        71M
Swap:         8.0G       325M       7.7G

             total       used       free     shared    buffers     cached
Mem:          992M       930M        61M       2.3M       144K       4.4M
-/+ buffers/cache:       926M        65M
Swap:         8.0G       325M       7.7G

             total       used       free     shared    buffers     cached
Mem:          992M       930M        61M       1.6M        84K       3.6M
-/+ buffers/cache:       927M        65M
Swap:         8.0G       320M       7.7G

             total       used       free     shared    buffers     cached
Mem:          992M       921M        70M         8K        84K       1.9M
-/+ buffers/cache:       919M        72M
Swap:         8.0G       325M       7.7G

             total       used       free     shared    buffers     cached
Mem:          992M       923M        68M         0B        76K       1.7M
-/+ buffers/cache:       921M        70M
Swap:         8.0G       323M       7.7G

             total       used       free     shared    buffers     cached
Mem:          992M       918M        73M         0B        84K       1.6M
-/+ buffers/cache:       916M        75M
Swap:         8.0G       329M       7.7G

             total       used       free     shared    buffers     cached
Mem:          992M       928M        64M         0B        84K       1.5M
-/+ buffers/cache:       926M        65M
Swap:         8.0G       321M       7.7G

             total       used       free     shared    buffers     cached
Mem:          992M       920M        71M         0B        80K       1.4M
-/+ buffers/cache:       918M        73M
Swap:         8.0G       331M       7.7G

             total       used       free     shared    buffers     cached
Mem:          992M       920M        71M         0B        80K       1.3M
-/+ buffers/cache:       919M        72M
Swap:         8.0G       332M       7.7G

             total       used       free     shared    buffers     cached
Mem:          992M       923M        69M         0B        80K       1.3M
-/+ buffers/cache:       921M        70M
Swap:         8.0G       327M       7.7G

             total       used       free     shared    buffers     cached
Mem:          992M       920M        71M         0B        88K       1.2M
-/+ buffers/cache:       919M        73M
Swap:         8.0G       333M       7.7G

             total       used       free     shared    buffers     cached
Mem:          992M       920M        71M         0B        88K       1.2M
-/+ buffers/cache:       918M        73M
Swap:         8.0G       333M       7.7G

             total       used       free     shared    buffers     cached
Mem:          992M       930M        61M         0B        88K       1.2M
-/+ buffers/cache:       929M        63M
Swap:         8.0G       422M       7.6G

             total       used       free     shared    buffers     cached
Mem:          992M       904M        87M         0B        88K       1.4M
-/+ buffers/cache:       903M        89M
Swap:         8.0G       386M       7.6G

             total       used       free     shared    buffers     cached
Mem:          992M       920M        71M         0B        88K       1.6M
-/+ buffers/cache:       919M        72M
Swap:         8.0G       338M       7.7G

             total       used       free     shared    buffers     cached
Mem:          992M       923M        68M         0B        96K       1.6M
-/+ buffers/cache:       922M        70M
Swap:         8.0G       337M       7.7G

             total       used       free     shared    buffers     cached
Mem:          992M       930M        62M         0B        96K       1.6M
-/+ buffers/cache:       928M        63M
Swap:         8.0G       335M       7.7G

             total       used       free     shared    buffers     cached
Mem:          992M       918M        73M         0B       116K       1.6M
-/+ buffers/cache:       917M        75M
Swap:         8.0G       364M       7.6G

             total       used       free     shared    buffers     cached
Mem:          992M       929M        63M         0B        80K        15M
-/+ buffers/cache:       913M        78M
Swap:         8.0G       379M       7.6G

             total       used       free     shared    buffers     cached
Mem:          992M       921M        70M         0B       220K        14M
-/+ buffers/cache:       906M        85M
Swap:         8.0G       389M       7.6G

             total       used       free     shared    buffers     cached
Mem:          992M       928M        63M         0B       672K        14M
-/+ buffers/cache:       912M        79M
Swap:         8.0G       389M       7.6G

             total       used       free     shared    buffers     cached
Mem:          992M       919M        72M         0B       652K        12M
-/+ buffers/cache:       906M        85M
Swap:         8.0G       403M       7.6G

             total       used       free     shared    buffers     cached
Mem:          992M       924M        67M         0B       652K        12M
-/+ buffers/cache:       912M        80M
Swap:         8.0G       403M       7.6G

             total       used       free     shared    buffers     cached
Mem:          992M       927M        65M         0B       652K        12M
-/+ buffers/cache:       914M        78M
Swap:         8.0G       402M       7.6G

             total       used       free     shared    buffers     cached
Mem:          992M       929M        62M         0B       652K        12M
-/+ buffers/cache:       916M        76M
Swap:         8.0G       402M       7.6G

             total       used       free     shared    buffers     cached
Mem:          992M       931M        60M         0B       652K        12M
-/+ buffers/cache:       918M        73M
Swap:         8.0G       401M       7.6G

             total       used       free     shared    buffers     cached
Mem:          992M       921M        70M         0B       648K        12M
-/+ buffers/cache:       908M        83M
Swap:         8.0G       407M       7.6G

             total       used       free     shared    buffers     cached
Mem:          992M       923M        68M         0B       648K        12M
-/+ buffers/cache:       910M        81M
Swap:         8.0G       406M       7.6G

             total       used       free     shared    buffers     cached
Mem:          992M       925M        66M         0B       652K        12M
-/+ buffers/cache:       912M        79M
Swap:         8.0G       406M       7.6G

             total       used       free     shared    buffers     cached
Mem:          992M       927M        64M         0B       652K        12M
-/+ buffers/cache:       914M        77M
Swap:         8.0G       405M       7.6G

             total       used       free     shared    buffers     cached
Mem:          992M       929M        62M         0B       652K        12M
-/+ buffers/cache:       916M        75M
Swap:         8.0G       404M       7.6G

             total       used       free     shared    buffers     cached
Mem:          992M       919M        73M         0B       660K        11M
-/+ buffers/cache:       906M        85M
Swap:         8.0G       425M       7.6G

             total       used       free     shared    buffers     cached
Mem:          992M       920M        71M         0B       660K        11M
-/+ buffers/cache:       908M        83M
Swap:         8.0G       424M       7.6G

             total       used       free     shared    buffers     cached
Mem:          992M       922M        69M         0B       660K        11M
-/+ buffers/cache:       910M        81M
Swap:         8.0G       422M       7.6G

             total       used       free     shared    buffers     cached
Mem:          992M       924M        67M         0B       660K        11M
-/+ buffers/cache:       912M        79M
Swap:         8.0G       421M       7.6G

             total       used       free     shared    buffers     cached
Mem:          992M       926M        65M         0B       660K        11M
-/+ buffers/cache:       914M        77M
Swap:         8.0G       420M       7.6G

             total       used       free     shared    buffers     cached
Mem:          992M       928M        63M         0B       660K        11M
-/+ buffers/cache:       916M        75M
Swap:         8.0G       418M       7.6G

             total       used       free     shared    buffers     cached
Mem:          992M       930M        61M         0B       668K        11M
-/+ buffers/cache:       918M        74M
Swap:         8.0G       417M       7.6G

             total       used       free     shared    buffers     cached
Mem:          992M       915M        76M         0B       668K        10M
-/+ buffers/cache:       903M        88M
Swap:         8.0G       434M       7.6G

             total       used       free     shared    buffers     cached
Mem:          992M       918M        73M         0B       668K        11M
-/+ buffers/cache:       906M        85M
Swap:         8.0G       433M       7.6G

             total       used       free     shared    buffers     cached
Mem:          992M       920M        71M         0B       668K        11M
-/+ buffers/cache:       908M        83M
Swap:         8.0G       432M       7.6G

             total       used       free     shared    buffers     cached
Mem:          992M       923M        69M         0B       668K        11M
-/+ buffers/cache:       910M        81M
Swap:         8.0G       431M       7.6G

             total       used       free     shared    buffers     cached
Mem:          992M       924M        67M         0B       676K        11M
-/+ buffers/cache:       912M        79M
Swap:         8.0G       430M       7.6G

             total       used       free     shared    buffers     cached
Mem:          992M       926M        65M         0B       676K        11M
-/+ buffers/cache:       914M        77M
Swap:         8.0G       429M       7.6G

             total       used       free     shared    buffers     cached
Mem:          992M       929M        62M         0B       676K        11M
-/+ buffers/cache:       917M        75M
Swap:         8.0G       428M       7.6G

             total       used       free     shared    buffers     cached
Mem:          992M       931M        60M         0B       676K        11M
-/+ buffers/cache:       919M        73M
Swap:         8.0G       427M       7.6G

             total       used       free     shared    buffers     cached
Mem:          992M       920M        71M         0B       676K        10M
-/+ buffers/cache:       909M        82M
Swap:         8.0G       430M       7.6G

             total       used       free     shared    buffers     cached
Mem:          992M       923M        69M         0B       684K        10M
-/+ buffers/cache:       911M        80M
Swap:         8.0G       429M       7.6G

             total       used       free     shared    buffers     cached
Mem:          992M       925M        66M         0B       684K        10M
-/+ buffers/cache:       913M        78M
Swap:         8.0G       428M       7.6G

             total       used       free     shared    buffers     cached
Mem:          992M       927M        64M         0B       684K        10M
-/+ buffers/cache:       916M        75M
Swap:         8.0G       427M       7.6G

             total       used       free     shared    buffers     cached
Mem:          992M       929M        62M         0B       684K        10M
-/+ buffers/cache:       918M        73M
Swap:         8.0G       426M       7.6G

             total       used       free     shared    buffers     cached
Mem:          992M       919M        72M         0B        76K       4.6M
-/+ buffers/cache:       915M        77M
Swap:         8.0G       425M       7.6G

             total       used       free     shared    buffers     cached
Mem:          992M       922M        69M         0B       228K       4.8M
-/+ buffers/cache:       917M        74M
Swap:         8.0G       424M       7.6G

             total       used       free     shared    buffers     cached
Mem:          992M       924M        67M         0B       240K       4.8M
-/+ buffers/cache:       919M        72M
Swap:         8.0G       423M       7.6G

             total       used       free     shared    buffers     cached
Mem:          992M       926M        65M         0B       240K       4.8M
-/+ buffers/cache:       921M        70M
Swap:         8.0G       423M       7.6G

             total       used       free     shared    buffers     cached
Mem:          992M       928M        63M         0B       240K       4.8M
-/+ buffers/cache:       923M        68M
Swap:         8.0G       422M       7.6G

             total       used       free     shared    buffers     cached
Mem:          992M       930M        61M         0B       240K       4.8M
-/+ buffers/cache:       925M        66M
Swap:         8.0G       421M       7.6G

             total       used       free     shared    buffers     cached
Mem:          992M       918M        73M         0B       232K       3.5M
-/+ buffers/cache:       915M        76M
Swap:         8.0G       432M       7.6G

             total       used       free     shared    buffers     cached
Mem:          992M       921M        71M         0B       240K       3.5M
-/+ buffers/cache:       917M        74M
Swap:         8.0G       431M       7.6G

             total       used       free     shared    buffers     cached
Mem:          992M       922M        69M         0B       240K       3.5M
-/+ buffers/cache:       919M        73M
Swap:         8.0G       430M       7.6G

             total       used       free     shared    buffers     cached
Mem:          992M       925M        67M         0B       240K       3.5M
-/+ buffers/cache:       921M        70M
Swap:         8.0G       429M       7.6G

             total       used       free     shared    buffers     cached
Mem:          992M       926M        65M         0B       240K       3.5M
-/+ buffers/cache:       923M        68M
Swap:         8.0G       429M       7.6G

             total       used       free     shared    buffers     cached
Mem:          992M       928M        63M         0B       240K       3.5M
-/+ buffers/cache:       925M        66M
Swap:         8.0G       428M       7.6G

             total       used       free     shared    buffers     cached
Mem:          992M       931M        61M         0B       248K       3.5M
-/+ buffers/cache:       927M        64M
Swap:         8.0G       426M       7.6G

             total       used       free     shared    buffers     cached
Mem:          992M       919M        72M         0B       248K       3.4M
-/+ buffers/cache:       915M        76M
Swap:         8.0G       437M       7.6G

             total       used       free     shared    buffers     cached
Mem:          992M       921M        70M         0B       248K       3.4M
-/+ buffers/cache:       918M        74M
Swap:         8.0G       435M       7.6G

             total       used       free     shared    buffers     cached
Mem:          992M       924M        68M         0B       248K       3.4M
-/+ buffers/cache:       920M        71M
Swap:         8.0G       434M       7.6G

             total       used       free     shared    buffers     cached
Mem:          992M       925M        66M         0B       248K       3.4M
-/+ buffers/cache:       922M        70M
Swap:         8.0G       433M       7.6G

             total       used       free     shared    buffers     cached
Mem:          992M       926M        66M         0B       248K       3.6M
-/+ buffers/cache:       922M        69M
Swap:         8.0G       433M       7.6G

             total       used       free     shared    buffers     cached
Mem:          992M       930M        61M        52K       352K        29M
-/+ buffers/cache:       900M        91M
Swap:         8.0G       475M       7.5G

             total       used       free     shared    buffers     cached
Mem:          992M       908M        83M        40K       212K        26M
-/+ buffers/cache:       881M       110M
Swap:         8.0G       488M       7.5G

             total       used       free     shared    buffers     cached
Mem:          992M       914M        77M        40K       212K        31M
-/+ buffers/cache:       882M       109M
Swap:         8.0G       487M       7.5G

             total       used       free     shared    buffers     cached
Mem:          992M       916M        75M        40K       532K        31M
-/+ buffers/cache:       884M       107M
Swap:         8.0G       486M       7.5G

             total       used       free     shared    buffers     cached
Mem:          992M       917M        74M        40K       536K        31M
-/+ buffers/cache:       885M       106M
Swap:         8.0G       486M       7.5G

             total       used       free     shared    buffers     cached
Mem:          992M       918M        73M        40K       544K        31M
-/+ buffers/cache:       886M       105M
Swap:         8.0G       485M       7.5G

             total       used       free     shared    buffers     cached
Mem:          992M       919M        72M        40K       544K        31M
-/+ buffers/cache:       887M       104M
Swap:         8.0G       485M       7.5G

             total       used       free     shared    buffers     cached
Mem:          992M       921M        70M        40K       544K        31M
-/+ buffers/cache:       888M       103M
Swap:         8.0G       484M       7.5G

             total       used       free     shared    buffers     cached
Mem:          992M       922M        69M        40K       544K        31M
-/+ buffers/cache:       890M       102M
Swap:         8.0G       483M       7.5G

             total       used       free     shared    buffers     cached
Mem:          992M       923M        68M        40K       544K        31M
-/+ buffers/cache:       891M       100M
Swap:         8.0G       483M       7.5G

             total       used       free     shared    buffers     cached
Mem:          992M       925M        67M        40K       688K        31M
-/+ buffers/cache:       892M        99M
Swap:         8.0G       482M       7.5G

             total       used       free     shared    buffers     cached
Mem:          992M       930M        62M        40K       840K        33M
-/+ buffers/cache:       896M        96M
Swap:         8.0G       481M       7.5G

             total       used       free     shared    buffers     cached
Mem:          992M       919M        72M        40K       852K        33M
-/+ buffers/cache:       885M       106M
Swap:         8.0G       480M       7.5G

             total       used       free     shared    buffers     cached
Mem:          992M       921M        70M        40K       852K        33M
-/+ buffers/cache:       887M       104M
Swap:         8.0G       479M       7.5G

             total       used       free     shared    buffers     cached
Mem:          992M       922M        69M        40K       852K        33M
-/+ buffers/cache:       888M       103M
Swap:         8.0G       478M       7.5G

             total       used       free     shared    buffers     cached
Mem:          992M       924M        67M        40K       860K        33M
-/+ buffers/cache:       890M       101M
Swap:         8.0G       478M       7.5G

             total       used       free     shared    buffers     cached
Mem:          992M       925M        66M        40K       868K        33M
-/+ buffers/cache:       891M       100M
Swap:         8.0G       477M       7.5G

             total       used       free     shared    buffers     cached
Mem:          992M       927M        65M        40K       868K        33M
-/+ buffers/cache:       892M        99M
Swap:         8.0G       477M       7.5G

             total       used       free     shared    buffers     cached
Mem:          992M       928M        63M        40K       868K        33M
-/+ buffers/cache:       894M        98M
Swap:         8.0G       476M       7.5G

             total       used       free     shared    buffers     cached
Mem:          992M       929M        62M        40K       868K        33M
-/+ buffers/cache:       895M        96M
Swap:         8.0G       475M       7.5G

             total       used       free     shared    buffers     cached
Mem:          992M       931M        61M        40K       872K        33M
-/+ buffers/cache:       896M        95M
Swap:         8.0G       475M       7.5G

             total       used       free     shared    buffers     cached
Mem:          992M       916M        75M        40K       880K        31M
-/+ buffers/cache:       883M       108M
Swap:         8.0G       496M       7.5G

             total       used       free     shared    buffers     cached
Mem:          992M       917M        74M        40K       880K        32M
-/+ buffers/cache:       884M       107M
Swap:         8.0G       496M       7.5G

             total       used       free     shared    buffers     cached
Mem:          992M       918M        73M        40K       880K        32M
-/+ buffers/cache:       885M       106M
Swap:         8.0G       495M       7.5G

             total       used       free     shared    buffers     cached
Mem:          992M       920M        71M        40K       880K        32M
-/+ buffers/cache:       887M       104M
Swap:         8.0G       494M       7.5G

             total       used       free     shared    buffers     cached
Mem:          992M       921M        70M        40K       880K        32M
-/+ buffers/cache:       888M       103M
Swap:         8.0G       494M       7.5G

             total       used       free     shared    buffers     cached
Mem:          992M       923M        69M        40K       880K        32M
-/+ buffers/cache:       890M       102M
Swap:         8.0G       493M       7.5G

             total       used       free     shared    buffers     cached
Mem:          992M       924M        67M        40K       888K        32M
-/+ buffers/cache:       891M       100M
Swap:         8.0G       492M       7.5G

             total       used       free     shared    buffers     cached
Mem:          992M       925M        66M        40K       888K        32M
-/+ buffers/cache:       892M        99M
Swap:         8.0G       492M       7.5G

             total       used       free     shared    buffers     cached
Mem:          992M       927M        65M        40K       888K        32M
-/+ buffers/cache:       894M        98M
Swap:         8.0G       491M       7.5G

             total       used       free     shared    buffers     cached
Mem:          992M       928M        63M        40K       888K        32M
-/+ buffers/cache:       895M        96M
Swap:         8.0G       490M       7.5G

             total       used       free     shared    buffers     cached
Mem:          992M       929M        62M        40K       888K        32M
-/+ buffers/cache:       896M        95M
Swap:         8.0G       490M       7.5G

             total       used       free     shared    buffers     cached
Mem:          992M       931M        61M        40K       896K        32M
-/+ buffers/cache:       898M        94M
Swap:         8.0G       489M       7.5G

             total       used       free     shared    buffers     cached
Mem:          992M       916M        75M        40K       872K        30M
-/+ buffers/cache:       885M       107M
Swap:         8.0G       500M       7.5G

             total       used       free     shared    buffers     cached
Mem:          992M       918M        74M        40K       872K        30M
-/+ buffers/cache:       886M       105M
Swap:         8.0G       499M       7.5G

             total       used       free     shared    buffers     cached
Mem:          992M       919M        72M        40K       872K        30M
-/+ buffers/cache:       887M       104M
Swap:         8.0G       499M       7.5G

             total       used       free     shared    buffers     cached
Mem:          992M       920M        71M        40K       872K        30M
-/+ buffers/cache:       889M       103M
Swap:         8.0G       498M       7.5G

             total       used       free     shared    buffers     cached
Mem:          992M       922M        70M        40K       872K        30M
-/+ buffers/cache:       890M       101M
Swap:         8.0G       497M       7.5G

             total       used       free     shared    buffers     cached
Mem:          992M       923M        68M        40K       880K        30M
-/+ buffers/cache:       891M       100M
Swap:         8.0G       497M       7.5G

             total       used       free     shared    buffers     cached
Mem:          992M       924M        67M        40K       880K        30M
-/+ buffers/cache:       892M        99M
Swap:         8.0G       496M       7.5G

             total       used       free     shared    buffers     cached
Mem:          992M       925M        67M        40K       880K        30M
-/+ buffers/cache:       893M        98M
Swap:         8.0G       496M       7.5G

             total       used       free     shared    buffers     cached
Mem:          992M       925M        66M        40K       880K        30M
-/+ buffers/cache:       893M        98M
Swap:         8.0G       496M       7.5G

             total       used       free     shared    buffers     cached
Mem:          992M       926M        66M        40K       880K        30M
-/+ buffers/cache:       894M        97M
Swap:         8.0G       495M       7.5G

             total       used       free     shared    buffers     cached
Mem:          992M       927M        64M        40K       888K        30M
-/+ buffers/cache:       895M        96M
Swap:         8.0G       495M       7.5G

             total       used       free     shared    buffers     cached
Mem:          992M       928M        63M        40K       888K        30M
-/+ buffers/cache:       897M        95M
Swap:         8.0G       494M       7.5G

             total       used       free     shared    buffers     cached
Mem:          992M       930M        61M        40K       888K        30M
-/+ buffers/cache:       898M        93M
Swap:         8.0G       493M       7.5G

             total       used       free     shared    buffers     cached
Mem:          992M       909M        83M        40K       888K        29M
-/+ buffers/cache:       879M       113M
Swap:         8.0G       510M       7.5G

             total       used       free     shared    buffers     cached
Mem:          992M       909M        82M        40K       888K        29M
-/+ buffers/cache:       878M       113M
Swap:         8.0G       510M       7.5G

             total       used       free     shared    buffers     cached
Mem:          992M       909M        82M        40K       888K        29M
-/+ buffers/cache:       879M       113M
Swap:         8.0G       510M       7.5G

             total       used       free     shared    buffers     cached
Mem:          992M       909M        82M        40K       896K        29M
-/+ buffers/cache:       879M       112M
Swap:         8.0G       510M       7.5G

             total       used       free     shared    buffers     cached
Mem:          992M       911M        81M        40K       896K        29M
-/+ buffers/cache:       880M       111M
Swap:         8.0G       509M       7.5G

             total       used       free     shared    buffers     cached
Mem:          992M       911M        80M        40K       896K        29M
-/+ buffers/cache:       881M       110M
Swap:         8.0G       509M       7.5G

             total       used       free     shared    buffers     cached
Mem:          992M       913M        79M        40K       896K        29M
-/+ buffers/cache:       882M       109M
Swap:         8.0G       508M       7.5G

             total       used       free     shared    buffers     cached
Mem:          992M       914M        77M        40K       896K        29M
-/+ buffers/cache:       883M       108M
Swap:         8.0G       508M       7.5G

             total       used       free     shared    buffers     cached
Mem:          992M       916M        76M        40K       904K        29M
-/+ buffers/cache:       885M       106M
Swap:         8.0G       507M       7.5G

             total       used       free     shared    buffers     cached
Mem:          992M       917M        74M        40K       904K        29M
-/+ buffers/cache:       886M       105M
Swap:         8.0G       506M       7.5G

             total       used       free     shared    buffers     cached
Mem:          992M       918M        73M        40K       904K        29M
-/+ buffers/cache:       888M       103M
Swap:         8.0G       506M       7.5G

             total       used       free     shared    buffers     cached
Mem:          992M       920M        71M        40K       904K        29M
-/+ buffers/cache:       890M       102M
Swap:         8.0G       505M       7.5G

             total       used       free     shared    buffers     cached
Mem:          992M       921M        70M        40K       904K        29M
-/+ buffers/cache:       891M       100M
Swap:         8.0G       504M       7.5G

             total       used       free     shared    buffers     cached
Mem:          992M       923M        68M        40K       904K        29M
-/+ buffers/cache:       893M        99M
Swap:         8.0G       503M       7.5G

             total       used       free     shared    buffers     cached
Mem:          992M       925M        67M        40K       912K        29M
-/+ buffers/cache:       894M        97M
Swap:         8.0G       502M       7.5G

             total       used       free     shared    buffers     cached
Mem:          992M       926M        65M        40K       912K        29M
-/+ buffers/cache:       896M        96M
Swap:         8.0G       502M       7.5G

             total       used       free     shared    buffers     cached
Mem:          992M       928M        64M        40K       912K        29M
-/+ buffers/cache:       897M        94M
Swap:         8.0G       501M       7.5G

             total       used       free     shared    buffers     cached
Mem:          992M       929M        62M        40K       912K        29M
-/+ buffers/cache:       899M        93M
Swap:         8.0G       500M       7.5G

             total       used       free     shared    buffers     cached
Mem:          992M       916M        75M        40K       1.3M        29M
-/+ buffers/cache:       885M       106M
Swap:         8.0G       506M       7.5G

             total       used       free     shared    buffers     cached
Mem:          992M       918M        73M        40K       1.3M        29M
-/+ buffers/cache:       887M       105M
Swap:         8.0G       505M       7.5G

             total       used       free     shared    buffers     cached
Mem:          992M       919M        72M        40K       1.3M        30M
-/+ buffers/cache:       888M       103M
Swap:         8.0G       504M       7.5G

             total       used       free     shared    buffers     cached
Mem:          992M       921M        70M        40K       1.3M        30M
-/+ buffers/cache:       890M       102M
Swap:         8.0G       503M       7.5G

             total       used       free     shared    buffers     cached
Mem:          992M       924M        67M        40K       1.4M        31M
-/+ buffers/cache:       891M       100M
Swap:         8.0G       502M       7.5G

             total       used       free     shared    buffers     cached
Mem:          992M       925M        66M        44K       1.4M        31M
-/+ buffers/cache:       893M        98M
Swap:         8.0G       502M       7.5G

             total       used       free     shared    buffers     cached
Mem:          992M       926M        65M        44K       1.4M        31M
-/+ buffers/cache:       893M        98M
Swap:         8.0G       501M       7.5G

             total       used       free     shared    buffers     cached
Mem:          992M       926M        65M        44K       1.4M        31M
-/+ buffers/cache:       894M        97M
Swap:         8.0G       501M       7.5G

             total       used       free     shared    buffers     cached
Mem:          992M       912M        80M        44K       1.4M        30M
-/+ buffers/cache:       880M       112M
Swap:         8.0G       526M       7.5G

             total       used       free     shared    buffers     cached
Mem:          992M       919M        72M        44K       1.4M        33M
-/+ buffers/cache:       885M       107M
Swap:         8.0G       523M       7.5G

             total       used       free     shared    buffers     cached
Mem:          992M       920M        71M        44K       1.4M        32M
-/+ buffers/cache:       886M       106M
Swap:         8.0G       522M       7.5G

             total       used       free     shared    buffers     cached
Mem:          992M       921M        70M        44K       1.4M        33M
-/+ buffers/cache:       886M       105M
Swap:         8.0G       521M       7.5G

             total       used       free     shared    buffers     cached
Mem:          992M       922M        69M        44K       1.4M        33M
-/+ buffers/cache:       887M       104M
Swap:         8.0G       521M       7.5G

             total       used       free     shared    buffers     cached
Mem:          992M       923M        69M        44K       1.4M        33M
-/+ buffers/cache:       888M       103M
Swap:         8.0G       521M       7.5G

             total       used       free     shared    buffers     cached
Mem:          992M       923M        68M        44K       1.4M        32M
-/+ buffers/cache:       889M       102M
Swap:         8.0G       520M       7.5G

             total       used       free     shared    buffers     cached
Mem:          992M       924M        67M        44K       1.4M        33M
-/+ buffers/cache:       890M       101M
Swap:         8.0G       520M       7.5G

             total       used       free     shared    buffers     cached
Mem:          992M       925M        66M        44K       1.4M        32M
-/+ buffers/cache:       891M       101M
Swap:         8.0G       519M       7.5G

             total       used       free     shared    buffers     cached
Mem:          992M       926M        65M        44K       1.4M        33M
-/+ buffers/cache:       892M       100M
Swap:         8.0G       519M       7.5G

             total       used       free     shared    buffers     cached
Mem:          992M       927M        64M        44K       1.4M        32M
-/+ buffers/cache:       892M        99M
Swap:         8.0G       519M       7.5G

             total       used       free     shared    buffers     cached
Mem:          992M       928M        64M        44K       1.4M        33M
-/+ buffers/cache:       893M        98M
Swap:         8.0G       518M       7.5G

             total       used       free     shared    buffers     cached
Mem:          992M       923M        68M       200K       1.6M        38M
-/+ buffers/cache:       884M       107M
Swap:         8.0G       525M       7.5G

             total       used       free     shared    buffers     cached
Mem:          992M       922M        70M       3.9M       3.8M        51M
-/+ buffers/cache:       866M       125M
Swap:         8.0G       554M       7.5G

             total       used       free     shared    buffers     cached
Mem:          992M       913M        78M       252K       4.7M        64M
-/+ buffers/cache:       844M       147M
Swap:         8.0G       582M       7.4G

             total       used       free     shared    buffers     cached
Mem:          992M       919M        72M       256K       5.0M        65M
-/+ buffers/cache:       848M       143M
Swap:         8.0G       580M       7.4G

             total       used       free     shared    buffers     cached
Mem:          992M       921M        70M       256K       5.0M        66M
-/+ buffers/cache:       850M       142M
Swap:         8.0G       579M       7.4G

             total       used       free     shared    buffers     cached
Mem:          992M       922M        69M       256K       5.0M        66M
-/+ buffers/cache:       851M       140M
Swap:         8.0G       578M       7.4G

             total       used       free     shared    buffers     cached
Mem:          992M       923M        68M       256K       5.0M        66M
-/+ buffers/cache:       852M       139M
Swap:         8.0G       578M       7.4G

             total       used       free     shared    buffers     cached
Mem:          992M       926M        65M       256K       5.2M        66M
-/+ buffers/cache:       854M       137M
Swap:         8.0G       577M       7.4G

             total       used       free     shared    buffers     cached
Mem:          992M       928M        63M       256K       5.2M        66M
-/+ buffers/cache:       856M       136M
Swap:         8.0G       576M       7.4G

             total       used       free     shared    buffers     cached
Mem:          992M       929M        62M       256K       5.2M        66M
-/+ buffers/cache:       857M       134M
Swap:         8.0G       575M       7.4G

             total       used       free     shared    buffers     cached
Mem:          992M       916M        75M       256K       3.9M        61M
-/+ buffers/cache:       851M       140M
Swap:         8.0G       590M       7.4G

             total       used       free     shared    buffers     cached
Mem:          992M       918M        73M       256K       3.9M        61M
-/+ buffers/cache:       852M       139M
Swap:         8.0G       590M       7.4G

             total       used       free     shared    buffers     cached
Mem:          992M       919M        72M       256K       3.9M        61M
-/+ buffers/cache:       854M       137M
Swap:         8.0G       589M       7.4G

             total       used       free     shared    buffers     cached
Mem:          992M       921M        70M       256K       3.9M        61M
-/+ buffers/cache:       855M       136M
Swap:         8.0G       588M       7.4G

             total       used       free     shared    buffers     cached
Mem:          992M       922M        69M       256K       3.9M        61M
-/+ buffers/cache:       857M       135M
Swap:         8.0G       587M       7.4G

             total       used       free     shared    buffers     cached
Mem:          992M       923M        68M       256K       3.9M        61M
-/+ buffers/cache:       858M       133M
Swap:         8.0G       587M       7.4G

             total       used       free     shared    buffers     cached
Mem:          992M       925M        66M       256K       3.9M        61M
-/+ buffers/cache:       859M       132M
Swap:         8.0G       586M       7.4G

             total       used       free     shared    buffers     cached
Mem:          992M       927M        65M       256K       3.9M        61M
-/+ buffers/cache:       861M       130M
Swap:         8.0G       585M       7.4G

             total       used       free     shared    buffers     cached
Mem:          992M       928M        63M       256K       3.9M        61M
-/+ buffers/cache:       863M       129M
Swap:         8.0G       584M       7.4G

             total       used       free     shared    buffers     cached
Mem:          992M       929M        62M       256K       3.9M        61M
-/+ buffers/cache:       864M       127M
Swap:         8.0G       583M       7.4G

             total       used       free     shared    buffers     cached
Mem:          992M       919M        72M       256K       3.9M        61M
-/+ buffers/cache:       854M       137M
Swap:         8.0G       585M       7.4G

             total       used       free     shared    buffers     cached
Mem:          992M       920M        71M       256K       3.9M        61M
-/+ buffers/cache:       855M       136M
Swap:         8.0G       584M       7.4G

             total       used       free     shared    buffers     cached
Mem:          992M       922M        69M       256K       3.9M        61M
-/+ buffers/cache:       857M       134M
Swap:         8.0G       583M       7.4G

             total       used       free     shared    buffers     cached
Mem:          992M       923M        68M       256K       3.9M        61M
-/+ buffers/cache:       858M       133M
Swap:         8.0G       582M       7.4G

             total       used       free     shared    buffers     cached
Mem:          992M       925M        66M       256K       3.9M        60M
-/+ buffers/cache:       860M       131M
Swap:         8.0G       582M       7.4G

             total       used       free     shared    buffers     cached
Mem:          992M       925M        66M       256K       3.9M        61M
-/+ buffers/cache:       860M       131M
Swap:         8.0G       582M       7.4G

             total       used       free     shared    buffers     cached
Mem:          992M       927M        65M       256K       3.9M        61M
-/+ buffers/cache:       862M       130M
Swap:         8.0G       581M       7.4G

             total       used       free     shared    buffers     cached
Mem:          992M       928M        63M       256K       3.9M        61M
-/+ buffers/cache:       863M       128M
Swap:         8.0G       580M       7.4G

             total       used       free     shared    buffers     cached
Mem:          992M       930M        61M       256K       3.9M        61M
-/+ buffers/cache:       865M       126M
Swap:         8.0G       580M       7.4G

             total       used       free     shared    buffers     cached
Mem:          992M       918M        73M       256K       3.9M        60M
-/+ buffers/cache:       854M       137M
Swap:         8.0G       588M       7.4G

             total       used       free     shared    buffers     cached
Mem:          992M       919M        72M       256K       3.9M        60M
-/+ buffers/cache:       855M       136M
Swap:         8.0G       587M       7.4G

             total       used       free     shared    buffers     cached
Mem:          992M       921M        70M       256K       3.9M        60M
-/+ buffers/cache:       857M       134M
Swap:         8.0G       586M       7.4G

             total       used       free     shared    buffers     cached
Mem:          992M       922M        69M       256K       3.9M        60M
-/+ buffers/cache:       858M       133M
Swap:         8.0G       586M       7.4G

             total       used       free     shared    buffers     cached
Mem:          992M       924M        67M       256K       3.9M        60M
-/+ buffers/cache:       860M       132M
Swap:         8.0G       585M       7.4G

             total       used       free     shared    buffers     cached
Mem:          992M       926M        66M       256K       3.9M        60M
-/+ buffers/cache:       862M       130M
Swap:         8.0G       584M       7.4G

             total       used       free     shared    buffers     cached
Mem:          992M       927M        64M       256K       3.9M        60M
-/+ buffers/cache:       863M       128M
Swap:         8.0G       584M       7.4G

             total       used       free     shared    buffers     cached
Mem:          992M       915M        76M       332K       8.2M        72M
-/+ buffers/cache:       834M       158M
Swap:         8.0G       612M       7.4G

             total       used       free     shared    buffers     cached
Mem:          992M       921M        70M       336K       8.3M        73M
-/+ buffers/cache:       839M       152M
Swap:         8.0G       612M       7.4G
