             total       used       free     shared    buffers     cached
Mem:          992M       658M       334M       3.2M        39M       289M
-/+ buffers/cache:       329M       662M
Swap:         8.0G         0B       8.0G

             total       used       free     shared    buffers     cached
Mem:          992M       657M       334M       3.2M        39M       289M
-/+ buffers/cache:       328M       663M
Swap:         8.0G         0B       8.0G

             total       used       free     shared    buffers     cached
Mem:          992M       657M       334M       3.2M        39M       289M
-/+ buffers/cache:       328M       663M
Swap:         8.0G         0B       8.0G

             total       used       free     shared    buffers     cached
Mem:          992M       657M       334M       3.2M        39M       289M
-/+ buffers/cache:       328M       663M
Swap:         8.0G         0B       8.0G

             total       used       free     shared    buffers     cached
Mem:          992M       657M       334M       3.2M        39M       289M
-/+ buffers/cache:       328M       663M
Swap:         8.0G         0B       8.0G

             total       used       free     shared    buffers     cached
Mem:          992M       657M       334M       3.2M        39M       289M
-/+ buffers/cache:       328M       663M
Swap:         8.0G         0B       8.0G

             total       used       free     shared    buffers     cached
Mem:          992M       657M       334M       3.2M        39M       289M
-/+ buffers/cache:       328M       663M
Swap:         8.0G         0B       8.0G

             total       used       free     shared    buffers     cached
Mem:          992M       657M       334M       3.2M        39M       289M
-/+ buffers/cache:       328M       663M
Swap:         8.0G         0B       8.0G

             total       used       free     shared    buffers     cached
Mem:          992M       657M       334M       3.2M        39M       289M
-/+ buffers/cache:       328M       663M
Swap:         8.0G         0B       8.0G

             total       used       free     shared    buffers     cached
Mem:          992M       656M       335M       3.2M        39M       289M
-/+ buffers/cache:       327M       664M
Swap:         8.0G         0B       8.0G

             total       used       free     shared    buffers     cached
Mem:          992M       656M       335M       3.2M        39M       289M
-/+ buffers/cache:       327M       664M
Swap:         8.0G         0B       8.0G

             total       used       free     shared    buffers     cached
Mem:          992M       662M       329M       3.2M        39M       290M
-/+ buffers/cache:       333M       658M
Swap:         8.0G         0B       8.0G

             total       used       free     shared    buffers     cached
Mem:          992M       688M       304M       3.2M        39M       290M
-/+ buffers/cache:       358M       633M
Swap:         8.0G         0B       8.0G

             total       used       free     shared    buffers     cached
Mem:          992M       666M       325M       3.2M        39M       291M
-/+ buffers/cache:       335M       656M
Swap:         8.0G         0B       8.0G

             total       used       free     shared    buffers     cached
Mem:          992M       666M       326M       3.2M        39M       291M
-/+ buffers/cache:       335M       656M
Swap:         8.0G         0B       8.0G

             total       used       free     shared    buffers     cached
Mem:          992M       666M       325M       3.2M        39M       291M
-/+ buffers/cache:       336M       656M
Swap:         8.0G         0B       8.0G

             total       used       free     shared    buffers     cached
Mem:          992M       666M       325M       3.2M        39M       291M
-/+ buffers/cache:       336M       656M
Swap:         8.0G         0B       8.0G

             total       used       free     shared    buffers     cached
Mem:          992M       666M       325M       3.2M        39M       291M
-/+ buffers/cache:       336M       656M
Swap:         8.0G         0B       8.0G

             total       used       free     shared    buffers     cached
Mem:          992M       666M       325M       3.2M        39M       291M
-/+ buffers/cache:       336M       656M
Swap:         8.0G         0B       8.0G

             total       used       free     shared    buffers     cached
Mem:          992M       666M       325M       3.2M        39M       291M
-/+ buffers/cache:       336M       656M
Swap:         8.0G         0B       8.0G

             total       used       free     shared    buffers     cached
Mem:          992M       666M       325M       3.2M        39M       291M
-/+ buffers/cache:       336M       656M
Swap:         8.0G         0B       8.0G

             total       used       free     shared    buffers     cached
Mem:          992M       667M       325M       3.2M        39M       291M
-/+ buffers/cache:       336M       655M
Swap:         8.0G         0B       8.0G

             total       used       free     shared    buffers     cached
Mem:          992M       666M       325M       3.2M        39M       291M
-/+ buffers/cache:       336M       656M
Swap:         8.0G         0B       8.0G

             total       used       free     shared    buffers     cached
Mem:          992M       666M       325M       3.2M        39M       291M
-/+ buffers/cache:       336M       656M
Swap:         8.0G         0B       8.0G

             total       used       free     shared    buffers     cached
Mem:          992M       666M       325M       3.2M        39M       291M
-/+ buffers/cache:       336M       656M
Swap:         8.0G         0B       8.0G

             total       used       free     shared    buffers     cached
Mem:          992M       666M       325M       3.2M        39M       291M
-/+ buffers/cache:       336M       656M
Swap:         8.0G         0B       8.0G

             total       used       free     shared    buffers     cached
Mem:          992M       666M       325M       3.2M        39M       291M
-/+ buffers/cache:       336M       656M
Swap:         8.0G         0B       8.0G

             total       used       free     shared    buffers     cached
Mem:          992M       666M       325M       3.2M        39M       291M
-/+ buffers/cache:       336M       656M
Swap:         8.0G         0B       8.0G

             total       used       free     shared    buffers     cached
Mem:          992M       666M       325M       3.2M        39M       291M
-/+ buffers/cache:       336M       656M
Swap:         8.0G         0B       8.0G

             total       used       free     shared    buffers     cached
Mem:          992M       666M       325M       3.2M        39M       291M
-/+ buffers/cache:       336M       656M
Swap:         8.0G         0B       8.0G

             total       used       free     shared    buffers     cached
Mem:          992M       666M       325M       3.2M        39M       291M
-/+ buffers/cache:       336M       656M
Swap:         8.0G         0B       8.0G

             total       used       free     shared    buffers     cached
Mem:          992M       666M       325M       3.2M        39M       291M
-/+ buffers/cache:       336M       656M
Swap:         8.0G         0B       8.0G

             total       used       free     shared    buffers     cached
Mem:          992M       678M       314M       3.2M        39M       291M
-/+ buffers/cache:       347M       644M
Swap:         8.0G         0B       8.0G

             total       used       free     shared    buffers     cached
Mem:          992M       696M       295M       3.2M        39M       291M
-/+ buffers/cache:       365M       626M
Swap:         8.0G         0B       8.0G

             total       used       free     shared    buffers     cached
Mem:          992M       715M       276M       3.2M        39M       291M
-/+ buffers/cache:       384M       607M
Swap:         8.0G         0B       8.0G

             total       used       free     shared    buffers     cached
Mem:          992M       733M       258M       3.2M        39M       291M
-/+ buffers/cache:       402M       589M
Swap:         8.0G         0B       8.0G

             total       used       free     shared    buffers     cached
Mem:          992M       751M       240M       3.2M        39M       291M
-/+ buffers/cache:       420M       571M
Swap:         8.0G         0B       8.0G

             total       used       free     shared    buffers     cached
Mem:          992M       768M       223M       3.2M        39M       291M
-/+ buffers/cache:       437M       554M
Swap:         8.0G         0B       8.0G

             total       used       free     shared    buffers     cached
Mem:          992M       784M       207M       3.2M        39M       291M
-/+ buffers/cache:       454M       538M
Swap:         8.0G         0B       8.0G

             total       used       free     shared    buffers     cached
Mem:          992M       801M       190M       3.2M        39M       291M
-/+ buffers/cache:       470M       521M
Swap:         8.0G         0B       8.0G

             total       used       free     shared    buffers     cached
Mem:          992M       818M       174M       3.2M        39M       291M
-/+ buffers/cache:       487M       504M
Swap:         8.0G         0B       8.0G

             total       used       free     shared    buffers     cached
Mem:          992M       836M       156M       3.2M        39M       291M
-/+ buffers/cache:       505M       486M
Swap:         8.0G         0B       8.0G

             total       used       free     shared    buffers     cached
Mem:          992M       852M       139M       3.2M        39M       291M
-/+ buffers/cache:       521M       470M
Swap:         8.0G         0B       8.0G

             total       used       free     shared    buffers     cached
Mem:          992M       870M       121M       3.2M        39M       291M
-/+ buffers/cache:       539M       452M
Swap:         8.0G         0B       8.0G

             total       used       free     shared    buffers     cached
Mem:          992M       886M       106M       3.2M        39M       291M
-/+ buffers/cache:       555M       436M
Swap:         8.0G         0B       8.0G

             total       used       free     shared    buffers     cached
Mem:          992M       898M        94M       3.2M        39M       291M
-/+ buffers/cache:       567M       424M
Swap:         8.0G         0B       8.0G

             total       used       free     shared    buffers     cached
Mem:          992M       915M        76M       3.2M        39M       291M
-/+ buffers/cache:       584M       407M
Swap:         8.0G         0B       8.0G

             total       used       free     shared    buffers     cached
Mem:          992M       929M        63M       3.2M        39M       291M
-/+ buffers/cache:       598M       394M
Swap:         8.0G         0B       8.0G

             total       used       free     shared    buffers     cached
Mem:          992M       929M        62M       3.2M        26M       290M
-/+ buffers/cache:       612M       379M
Swap:         8.0G         0B       8.0G

             total       used       free     shared    buffers     cached
Mem:          992M       921M        70M       3.2M        10M       285M
-/+ buffers/cache:       625M       366M
Swap:         8.0G         0B       8.0G

             total       used       free     shared    buffers     cached
Mem:          992M       917M        74M       3.2M        10M       267M
-/+ buffers/cache:       639M       352M
Swap:         8.0G        80K       8.0G

             total       used       free     shared    buffers     cached
Mem:          992M       932M        59M       3.2M        10M       267M
-/+ buffers/cache:       653M       338M
Swap:         8.0G        80K       8.0G

             total       used       free     shared    buffers     cached
Mem:          992M       929M        62M       3.1M        10M       248M
-/+ buffers/cache:       670M       321M
Swap:         8.0G       212K       8.0G

             total       used       free     shared    buffers     cached
Mem:          992M       932M        59M       3.1M        10M       235M
-/+ buffers/cache:       687M       304M
Swap:         8.0G       2.9M       8.0G

             total       used       free     shared    buffers     cached
Mem:          992M       919M        72M       3.0M        10M       209M
-/+ buffers/cache:       699M       292M
Swap:         8.0G       6.8M       8.0G

             total       used       free     shared    buffers     cached
Mem:          992M       921M        70M       3.0M       3.4M       203M
-/+ buffers/cache:       714M       277M
Swap:         8.0G       6.8M       8.0G

             total       used       free     shared    buffers     cached
Mem:          992M       926M        65M       3.0M       2.2M       192M
-/+ buffers/cache:       731M       260M
Swap:         8.0G       6.8M       8.0G

             total       used       free     shared    buffers     cached
Mem:          992M       927M        64M       3.0M       452K       179M
-/+ buffers/cache:       747M       244M
Swap:         8.0G       6.8M       8.0G

             total       used       free     shared    buffers     cached
Mem:          992M       922M        69M       3.0M       256K       158M
-/+ buffers/cache:       763M       228M
Swap:         8.0G       6.8M       8.0G

             total       used       free     shared    buffers     cached
Mem:          992M       919M        72M       3.0M       256K       140M
-/+ buffers/cache:       779M       212M
Swap:         8.0G       6.8M       8.0G

             total       used       free     shared    buffers     cached
Mem:          992M       928M        63M       3.0M       256K       140M
-/+ buffers/cache:       788M       203M
Swap:         8.0G       6.8M       8.0G

             total       used       free     shared    buffers     cached
Mem:          992M       928M        63M       3.0M        76K       123M
-/+ buffers/cache:       804M       187M
Swap:         8.0G       6.8M       8.0G

             total       used       free     shared    buffers     cached
Mem:          992M       929M        62M       3.0M        96K       109M
-/+ buffers/cache:       820M       171M
Swap:         8.0G       6.8M       8.0G

             total       used       free     shared    buffers     cached
Mem:          992M       930M        61M       3.0M        96K        96M
-/+ buffers/cache:       833M       158M
Swap:         8.0G       6.8M       8.0G

             total       used       free     shared    buffers     cached
Mem:          992M       931M        61M       3.0M        96K        81M
-/+ buffers/cache:       849M       143M
Swap:         8.0G       6.8M       8.0G

             total       used       free     shared    buffers     cached
Mem:          992M       927M        64M       3.0M        96K        63M
-/+ buffers/cache:       863M       128M
Swap:         8.0G       6.8M       8.0G

             total       used       free     shared    buffers     cached
Mem:          992M       924M        67M       3.0M       236K        47M
-/+ buffers/cache:       876M       115M
Swap:         8.0G       6.8M       8.0G

             total       used       free     shared    buffers     cached
Mem:          992M       920M        71M       3.0M       520K        28M
-/+ buffers/cache:       891M       100M
Swap:         8.0G       6.8M       8.0G

             total       used       free     shared    buffers     cached
Mem:          992M       920M        71M       3.0M       520K        15M
-/+ buffers/cache:       904M        87M
Swap:         8.0G       6.8M       8.0G

             total       used       free     shared    buffers     cached
Mem:          992M       923M        69M       2.8M       520K       5.8M
-/+ buffers/cache:       916M        75M
Swap:         8.0G        12M       8.0G

             total       used       free     shared    buffers     cached
Mem:          992M       921M        70M       2.5M       448K       7.0M
-/+ buffers/cache:       913M        78M
Swap:         8.0G        32M       8.0G

             total       used       free     shared    buffers     cached
Mem:          992M       923M        68M       2.5M       1.8M        14M
-/+ buffers/cache:       907M        85M
Swap:         8.0G        57M       7.9G

             total       used       free     shared    buffers     cached
Mem:          992M       924M        68M       2.5M       1.8M        14M
-/+ buffers/cache:       908M        83M
Swap:         8.0G        69M       7.9G

             total       used       free     shared    buffers     cached
Mem:          992M       915M        76M       2.4M       108K        12M
-/+ buffers/cache:       902M        89M
Swap:         8.0G        97M       7.9G

             total       used       free     shared    buffers     cached
Mem:          992M       929M        62M       2.4M       120K        12M
-/+ buffers/cache:       916M        75M
Swap:         8.0G        97M       7.9G

             total       used       free     shared    buffers     cached
Mem:          992M       919M        73M       2.4M       528K       5.4M
-/+ buffers/cache:       913M        78M
Swap:         8.0G       102M       7.9G

             total       used       free     shared    buffers     cached
Mem:          992M       917M        74M       2.4M       528K       4.8M
-/+ buffers/cache:       912M        80M
Swap:         8.0G       122M       7.9G

             total       used       free     shared    buffers     cached
Mem:          992M       916M        75M       2.4M       528K       4.7M
-/+ buffers/cache:       911M        80M
Swap:         8.0G       141M       7.9G

             total       used       free     shared    buffers     cached
Mem:          992M       930M        62M       2.4M       540K       4.8M
-/+ buffers/cache:       924M        67M
Swap:         8.0G       141M       7.9G

             total       used       free     shared    buffers     cached
Mem:          992M       927M        64M       2.4M       540K       4.6M
-/+ buffers/cache:       922M        69M
Swap:         8.0G       156M       7.8G

             total       used       free     shared    buffers     cached
Mem:          992M       926M        65M       2.4M       532K       4.6M
-/+ buffers/cache:       921M        70M
Swap:         8.0G       181M       7.8G

             total       used       free     shared    buffers     cached
Mem:          992M       930M        61M       2.4M       532K       4.6M
-/+ buffers/cache:       925M        67M
Swap:         8.0G       181M       7.8G

             total       used       free     shared    buffers     cached
Mem:          992M       926M        65M       2.4M       532K       4.5M
-/+ buffers/cache:       921M        70M
Swap:         8.0G       203M       7.8G

             total       used       free     shared    buffers     cached
Mem:          992M       920M        72M       2.4M       540K       4.5M
-/+ buffers/cache:       915M        77M
Swap:         8.0G       234M       7.8G

             total       used       free     shared    buffers     cached
Mem:          992M       921M        70M       2.4M       540K       4.5M
-/+ buffers/cache:       916M        76M
Swap:         8.0G       234M       7.8G

             total       used       free     shared    buffers     cached
Mem:          992M       916M        75M       2.3M       488K       4.2M
-/+ buffers/cache:       912M        80M
Swap:         8.0G       253M       7.7G

             total       used       free     shared    buffers     cached
Mem:          992M       926M        65M       2.3M       488K       4.6M
-/+ buffers/cache:       921M        70M
Swap:         8.0G       253M       7.7G

             total       used       free     shared    buffers     cached
Mem:          992M       919M        72M       2.3M       488K       4.5M
-/+ buffers/cache:       914M        77M
Swap:         8.0G       267M       7.7G

             total       used       free     shared    buffers     cached
Mem:          992M       924M        67M       2.3M       496K       4.5M
-/+ buffers/cache:       919M        72M
Swap:         8.0G       267M       7.7G

             total       used       free     shared    buffers     cached
Mem:          992M       928M        64M       2.3M       496K       4.5M
-/+ buffers/cache:       923M        69M
Swap:         8.0G       274M       7.7G

             total       used       free     shared    buffers     cached
Mem:          992M       918M        73M       2.3M       384K       4.5M
-/+ buffers/cache:       913M        78M
Swap:         8.0G       290M       7.7G

             total       used       free     shared    buffers     cached
Mem:          992M       924M        67M       2.3M       384K       4.5M
-/+ buffers/cache:       919M        72M
Swap:         8.0G       290M       7.7G

             total       used       free     shared    buffers     cached
Mem:          992M       929M        63M       2.3M       384K       4.5M
-/+ buffers/cache:       924M        67M
Swap:         8.0G       290M       7.7G

             total       used       free     shared    buffers     cached
Mem:          992M       922M        70M       2.3M       384K       4.4M
-/+ buffers/cache:       917M        74M
Swap:         8.0G       297M       7.7G

             total       used       free     shared    buffers     cached
Mem:          992M       926M        66M       2.3M       392K       4.4M
-/+ buffers/cache:       921M        70M
Swap:         8.0G       297M       7.7G

             total       used       free     shared    buffers     cached
Mem:          992M       931M        61M       2.3M       392K       4.4M
-/+ buffers/cache:       926M        65M
Swap:         8.0G       297M       7.7G

             total       used       free     shared    buffers     cached
Mem:          992M       912M        79M       2.3M       300K       4.4M
-/+ buffers/cache:       908M        84M
Swap:         8.0G       325M       7.7G

             total       used       free     shared    buffers     cached
Mem:          992M       916M        75M       2.3M       300K       4.4M
-/+ buffers/cache:       912M        79M
Swap:         8.0G       325M       7.7G

             total       used       free     shared    buffers     cached
Mem:          992M       921M        70M       1.9M        84K        20M
-/+ buffers/cache:       901M        90M
Swap:         8.0G       347M       7.7G

             total       used       free     shared    buffers     cached
Mem:          992M       927M        64M       1.9M       680K        21M
-/+ buffers/cache:       905M        86M
Swap:         8.0G       347M       7.7G

             total       used       free     shared    buffers     cached
Mem:          992M       920M        72M         4K       672K        14M
-/+ buffers/cache:       904M        87M
Swap:         8.0G       361M       7.6G

             total       used       free     shared    buffers     cached
Mem:          992M       929M        62M         4K       664K        14M
-/+ buffers/cache:       914M        78M
Swap:         8.0G       336M       7.7G

             total       used       free     shared    buffers     cached
Mem:          992M       920M        71M         4K        92K       8.1M
-/+ buffers/cache:       912M        80M
Swap:         8.0G       334M       7.7G

             total       used       free     shared    buffers     cached
Mem:          992M       921M        70M         4K       252K       2.5M
-/+ buffers/cache:       919M        72M
Swap:         8.0G       328M       7.7G

             total       used       free     shared    buffers     cached
Mem:          992M       919M        72M         0B       260K       1.9M
-/+ buffers/cache:       917M        74M
Swap:         8.0G       333M       7.7G

             total       used       free     shared    buffers     cached
Mem:          992M       920M        71M         0B       260K       1.8M
-/+ buffers/cache:       918M        73M
Swap:         8.0G       329M       7.7G

             total       used       free     shared    buffers     cached
Mem:          992M       921M        70M         0B       128K       1.9M
-/+ buffers/cache:       919M        72M
Swap:         8.0G       332M       7.7G

             total       used       free     shared    buffers     cached
Mem:          992M       924M        68M         0B        80K       1.9M
-/+ buffers/cache:       922M        70M
Swap:         8.0G       330M       7.7G

             total       used       free     shared    buffers     cached
Mem:          992M       920M        71M         0B        80K       1.8M
-/+ buffers/cache:       918M        73M
Swap:         8.0G       334M       7.7G

             total       used       free     shared    buffers     cached
Mem:          992M       920M        71M         0B        80K       1.8M
-/+ buffers/cache:       918M        73M
Swap:         8.0G       343M       7.7G

             total       used       free     shared    buffers     cached
Mem:          992M       919M        73M         0B        88K       1.8M
-/+ buffers/cache:       917M        75M
Swap:         8.0G       340M       7.7G

             total       used       free     shared    buffers     cached
Mem:          992M       921M        70M         0B        88K       1.8M
-/+ buffers/cache:       919M        72M
Swap:         8.0G       342M       7.7G

             total       used       free     shared    buffers     cached
Mem:          992M       920M        72M         0B        88K       1.7M
-/+ buffers/cache:       918M        73M
Swap:         8.0G       346M       7.7G

             total       used       free     shared    buffers     cached
Mem:          992M       918M        73M         0B        80K       1.6M
-/+ buffers/cache:       917M        74M
Swap:         8.0G       387M       7.6G

             total       used       free     shared    buffers     cached
Mem:          992M       919M        72M         0B        88K       1.6M
-/+ buffers/cache:       918M        73M
Swap:         8.0G       344M       7.7G

             total       used       free     shared    buffers     cached
Mem:          992M       920M        71M         0B        96K       1.6M
-/+ buffers/cache:       918M        73M
Swap:         8.0G       348M       7.7G

             total       used       free     shared    buffers     cached
Mem:          992M       929M        63M         0B        96K       1.9M
-/+ buffers/cache:       927M        65M
Swap:         8.0G       337M       7.7G

             total       used       free     shared    buffers     cached
Mem:          992M       919M        72M         0B        96K       2.0M
-/+ buffers/cache:       917M        74M
Swap:         8.0G       352M       7.7G

             total       used       free     shared    buffers     cached
Mem:          992M       925M        66M         0B        96K       1.9M
-/+ buffers/cache:       923M        68M
Swap:         8.0G       352M       7.7G

             total       used       free     shared    buffers     cached
Mem:          992M       915M        76M         0B        96K       1.9M
-/+ buffers/cache:       913M        78M
Swap:         8.0G       365M       7.6G

             total       used       free     shared    buffers     cached
Mem:          992M       920M        71M         0B       104K       1.9M
-/+ buffers/cache:       918M        73M
Swap:         8.0G       365M       7.6G

             total       used       free     shared    buffers     cached
Mem:          992M       927M        64M         0B       104K       1.9M
-/+ buffers/cache:       925M        66M
Swap:         8.0G       365M       7.6G

             total       used       free     shared    buffers     cached
Mem:          992M       916M        76M         0B       104K       1.9M
-/+ buffers/cache:       914M        78M
Swap:         8.0G       384M       7.6G

             total       used       free     shared    buffers     cached
Mem:          992M       921M        70M         0B       104K       1.9M
-/+ buffers/cache:       919M        72M
Swap:         8.0G       384M       7.6G

             total       used       free     shared    buffers     cached
Mem:          992M       926M        65M         0B       104K       1.9M
-/+ buffers/cache:       924M        67M
Swap:         8.0G       384M       7.6G

             total       used       free     shared    buffers     cached
Mem:          992M       928M        64M         0B       104K       1.9M
-/+ buffers/cache:       926M        66M
Swap:         8.0G       383M       7.6G

             total       used       free     shared    buffers     cached
Mem:          992M       929M        62M         0B       112K       1.9M
-/+ buffers/cache:       927M        64M
Swap:         8.0G       382M       7.6G

             total       used       free     shared    buffers     cached
Mem:          992M       931M        60M         0B       112K       1.9M
-/+ buffers/cache:       929M        62M
Swap:         8.0G       382M       7.6G

             total       used       free     shared    buffers     cached
Mem:          992M       913M        78M         0B       112K       1.9M
-/+ buffers/cache:       911M        80M
Swap:         8.0G       398M       7.6G

             total       used       free     shared    buffers     cached
Mem:          992M       916M        76M         0B       112K       1.9M
-/+ buffers/cache:       914M        78M
Swap:         8.0G       397M       7.6G

             total       used       free     shared    buffers     cached
Mem:          992M       919M        72M         0B       232K       2.6M
-/+ buffers/cache:       916M        75M
Swap:         8.0G       396M       7.6G

             total       used       free     shared    buffers     cached
Mem:          992M       921M        70M         0B       240K       2.6M
-/+ buffers/cache:       918M        73M
Swap:         8.0G       395M       7.6G

             total       used       free     shared    buffers     cached
Mem:          992M       923M        68M         0B       240K       2.8M
-/+ buffers/cache:       920M        71M
Swap:         8.0G       394M       7.6G

             total       used       free     shared    buffers     cached
Mem:          992M       926M        65M         0B       240K       2.8M
-/+ buffers/cache:       923M        68M
Swap:         8.0G       393M       7.6G

             total       used       free     shared    buffers     cached
Mem:          992M       928M        63M         0B       240K       2.8M
-/+ buffers/cache:       925M        66M
Swap:         8.0G       392M       7.6G

             total       used       free     shared    buffers     cached
Mem:          992M       931M        60M         0B       240K       2.8M
-/+ buffers/cache:       928M        63M
Swap:         8.0G       391M       7.6G

             total       used       free     shared    buffers     cached
Mem:          992M       920M        71M         0B       232K       2.8M
-/+ buffers/cache:       917M        74M
Swap:         8.0G       406M       7.6G

             total       used       free     shared    buffers     cached
Mem:          992M       922M        69M         0B       232K       2.8M
-/+ buffers/cache:       919M        72M
Swap:         8.0G       405M       7.6G

             total       used       free     shared    buffers     cached
Mem:          992M       925M        67M         0B       232K       2.7M
-/+ buffers/cache:       922M        70M
Swap:         8.0G       404M       7.6G

             total       used       free     shared    buffers     cached
Mem:          992M       927M        64M         0B       232K       2.7M
-/+ buffers/cache:       924M        67M
Swap:         8.0G       403M       7.6G

             total       used       free     shared    buffers     cached
Mem:          992M       929M        62M         0B       232K       2.8M
-/+ buffers/cache:       926M        65M
Swap:         8.0G       402M       7.6G

             total       used       free     shared    buffers     cached
Mem:          992M       919M        72M         0B       232K       2.9M
-/+ buffers/cache:       916M        75M
Swap:         8.0G       411M       7.6G

             total       used       free     shared    buffers     cached
Mem:          992M       922M        69M         0B       240K       2.9M
-/+ buffers/cache:       919M        73M
Swap:         8.0G       410M       7.6G

             total       used       free     shared    buffers     cached
Mem:          992M       924M        67M         0B       240K       2.8M
-/+ buffers/cache:       921M        70M
Swap:         8.0G       409M       7.6G

             total       used       free     shared    buffers     cached
Mem:          992M       927M        64M         0B       240K       2.9M
-/+ buffers/cache:       924M        68M
Swap:         8.0G       408M       7.6G

             total       used       free     shared    buffers     cached
Mem:          992M       929M        62M         0B       240K       2.9M
-/+ buffers/cache:       926M        65M
Swap:         8.0G       407M       7.6G

             total       used       free     shared    buffers     cached
Mem:          992M       919M        72M         0B       240K       2.8M
-/+ buffers/cache:       916M        75M
Swap:         8.0G       414M       7.6G

             total       used       free     shared    buffers     cached
Mem:          992M       921M        70M         0B       248K       2.8M
-/+ buffers/cache:       918M        74M
Swap:         8.0G       413M       7.6G

             total       used       free     shared    buffers     cached
Mem:          992M       923M        68M         0B       248K       2.8M
-/+ buffers/cache:       920M        71M
Swap:         8.0G       412M       7.6G

             total       used       free     shared    buffers     cached
Mem:          992M       925M        66M         0B       248K       2.8M
-/+ buffers/cache:       922M        69M
Swap:         8.0G       411M       7.6G

             total       used       free     shared    buffers     cached
Mem:          992M       928M        63M         0B       248K       2.8M
-/+ buffers/cache:       925M        66M
Swap:         8.0G       410M       7.6G

             total       used       free     shared    buffers     cached
Mem:          992M       930M        61M         0B       248K       2.8M
-/+ buffers/cache:       927M        65M
Swap:         8.0G       409M       7.6G

             total       used       free     shared    buffers     cached
Mem:          992M       919M        73M         0B       256K       2.8M
-/+ buffers/cache:       916M        76M
Swap:         8.0G       418M       7.6G

             total       used       free     shared    buffers     cached
Mem:          992M       921M        71M         0B       256K       2.8M
-/+ buffers/cache:       918M        74M
Swap:         8.0G       417M       7.6G

             total       used       free     shared    buffers     cached
Mem:          992M       923M        68M         0B       256K       2.8M
-/+ buffers/cache:       920M        71M
Swap:         8.0G       416M       7.6G

             total       used       free     shared    buffers     cached
Mem:          992M       925M        66M         0B       256K       2.8M
-/+ buffers/cache:       922M        69M
Swap:         8.0G       415M       7.6G

             total       used       free     shared    buffers     cached
Mem:          992M       927M        64M         0B       256K       2.8M
-/+ buffers/cache:       924M        67M
Swap:         8.0G       414M       7.6G

             total       used       free     shared    buffers     cached
Mem:          992M       929M        62M         0B       256K       2.8M
-/+ buffers/cache:       926M        65M
Swap:         8.0G       413M       7.6G

             total       used       free     shared    buffers     cached
Mem:          992M       914M        77M         0B        88K        21M
-/+ buffers/cache:       893M        98M
Swap:         8.0G       459M       7.5G

             total       used       free     shared    buffers     cached
Mem:          992M       917M        74M         0B       820K        21M
-/+ buffers/cache:       895M        96M
Swap:         8.0G       458M       7.5G

             total       used       free     shared    buffers     cached
Mem:          992M       919M        72M         0B       820K        21M
-/+ buffers/cache:       897M        94M
Swap:         8.0G       457M       7.6G

             total       used       free     shared    buffers     cached
Mem:          992M       921M        70M         0B       820K        21M
-/+ buffers/cache:       899M        92M
Swap:         8.0G       456M       7.6G

             total       used       free     shared    buffers     cached
Mem:          992M       923M        69M         0B       820K        21M
-/+ buffers/cache:       901M        91M
Swap:         8.0G       455M       7.6G

             total       used       free     shared    buffers     cached
Mem:          992M       924M        67M         0B       828K        21M
-/+ buffers/cache:       902M        89M
Swap:         8.0G       455M       7.6G

             total       used       free     shared    buffers     cached
Mem:          992M       925M        67M         0B       828K        21M
-/+ buffers/cache:       903M        89M
Swap:         8.0G       455M       7.6G

             total       used       free     shared    buffers     cached
Mem:          992M       926M        65M         0B       828K        21M
-/+ buffers/cache:       904M        87M
Swap:         8.0G       454M       7.6G

             total       used       free     shared    buffers     cached
Mem:          992M       928M        63M         0B       828K        21M
-/+ buffers/cache:       906M        85M
Swap:         8.0G       453M       7.6G

             total       used       free     shared    buffers     cached
Mem:          992M       930M        62M         0B       828K        21M
-/+ buffers/cache:       908M        84M
Swap:         8.0G       453M       7.6G

             total       used       free     shared    buffers     cached
Mem:          992M       919M        72M         0B       832K        20M
-/+ buffers/cache:       897M        94M
Swap:         8.0G       455M       7.6G

             total       used       free     shared    buffers     cached
Mem:          992M       920M        71M         0B       832K        20M
-/+ buffers/cache:       899M        93M
Swap:         8.0G       454M       7.6G

             total       used       free     shared    buffers     cached
Mem:          992M       922M        69M         0B       832K        21M
-/+ buffers/cache:       900M        91M
Swap:         8.0G       453M       7.6G

             total       used       free     shared    buffers     cached
Mem:          992M       923M        68M         0B       832K        20M
-/+ buffers/cache:       902M        90M
Swap:         8.0G       453M       7.6G

             total       used       free     shared    buffers     cached
Mem:          992M       925M        66M         0B       832K        20M
-/+ buffers/cache:       903M        88M
Swap:         8.0G       452M       7.6G

             total       used       free     shared    buffers     cached
Mem:          992M       928M        63M         0B       832K        21M
-/+ buffers/cache:       905M        86M
Swap:         8.0G       451M       7.6G

             total       used       free     shared    buffers     cached
Mem:          992M       929M        62M         0B       840K        21M
-/+ buffers/cache:       906M        85M
Swap:         8.0G       451M       7.6G

             total       used       free     shared    buffers     cached
Mem:          992M       930M        61M         0B       840K        22M
-/+ buffers/cache:       907M        84M
Swap:         8.0G       450M       7.6G

             total       used       free     shared    buffers     cached
Mem:          992M       914M        78M         0B       840K        20M
-/+ buffers/cache:       892M        99M
Swap:         8.0G       474M       7.5G

             total       used       free     shared    buffers     cached
Mem:          992M       915M        76M         0B       840K        20M
-/+ buffers/cache:       893M        98M
Swap:         8.0G       473M       7.5G

             total       used       free     shared    buffers     cached
Mem:          992M       916M        75M         0B       840K        20M
-/+ buffers/cache:       895M        96M
Swap:         8.0G       473M       7.5G

             total       used       free     shared    buffers     cached
Mem:          992M       917M        74M         0B       848K        20M
-/+ buffers/cache:       896M        96M
Swap:         8.0G       472M       7.5G

             total       used       free     shared    buffers     cached
Mem:          992M       918M        73M         0B       1.4M        25M
-/+ buffers/cache:       891M       100M
Swap:         8.0G       474M       7.5G

             total       used       free     shared    buffers     cached
Mem:          992M       914M        77M        16K       1.4M        32M
-/+ buffers/cache:       880M       111M
Swap:         8.0G       497M       7.5G

             total       used       free     shared    buffers     cached
Mem:          992M       916M        76M        16K       1.4M        32M
-/+ buffers/cache:       881M       110M
Swap:         8.0G       497M       7.5G

             total       used       free     shared    buffers     cached
Mem:          992M       917M        75M        16K       1.4M        32M
-/+ buffers/cache:       882M       109M
Swap:         8.0G       496M       7.5G

             total       used       free     shared    buffers     cached
Mem:          992M       918M        73M        16K       1.4M        32M
-/+ buffers/cache:       883M       108M
Swap:         8.0G       495M       7.5G

             total       used       free     shared    buffers     cached
Mem:          992M       919M        72M        16K       1.4M        32M
-/+ buffers/cache:       885M       106M
Swap:         8.0G       495M       7.5G

             total       used       free     shared    buffers     cached
Mem:          992M       920M        71M        16K       1.4M        32M
-/+ buffers/cache:       886M       105M
Swap:         8.0G       494M       7.5G

             total       used       free     shared    buffers     cached
Mem:          992M       922M        69M        16K       1.4M        32M
-/+ buffers/cache:       887M       104M
Swap:         8.0G       494M       7.5G

             total       used       free     shared    buffers     cached
Mem:          992M       923M        68M        16K       1.4M        32M
-/+ buffers/cache:       889M       102M
Swap:         8.0G       493M       7.5G

             total       used       free     shared    buffers     cached
Mem:          992M       925M        66M        16K       1.4M        32M
-/+ buffers/cache:       890M       101M
Swap:         8.0G       492M       7.5G

             total       used       free     shared    buffers     cached
Mem:          992M       926M        65M        16K       1.4M        33M
-/+ buffers/cache:       892M        99M
Swap:         8.0G       492M       7.5G

             total       used       free     shared    buffers     cached
Mem:          992M       929M        62M        16K       1.4M        33M
-/+ buffers/cache:       894M        97M
Swap:         8.0G       490M       7.5G

             total       used       free     shared    buffers     cached
Mem:          992M       931M        61M        16K       1.4M        33M
-/+ buffers/cache:       895M        96M
Swap:         8.0G       490M       7.5G

             total       used       free     shared    buffers     cached
Mem:          992M       916M        75M        16K       1.4M        32M
-/+ buffers/cache:       882M       109M
Swap:         8.0G       491M       7.5G

             total       used       free     shared    buffers     cached
Mem:          992M       918M        73M        16K       1.4M        32M
-/+ buffers/cache:       884M       108M
Swap:         8.0G       491M       7.5G

             total       used       free     shared    buffers     cached
Mem:          992M       919M        72M        16K       1.4M        32M
-/+ buffers/cache:       885M       106M
Swap:         8.0G       490M       7.5G

             total       used       free     shared    buffers     cached
Mem:          992M       921M        70M        16K       1.4M        32M
-/+ buffers/cache:       887M       105M
Swap:         8.0G       489M       7.5G

             total       used       free     shared    buffers     cached
Mem:          992M       922M        69M        16K       1.4M        32M
-/+ buffers/cache:       888M       103M
Swap:         8.0G       489M       7.5G

             total       used       free     shared    buffers     cached
Mem:          992M       924M        67M        16K       1.4M        32M
-/+ buffers/cache:       890M       102M
Swap:         8.0G       488M       7.5G

             total       used       free     shared    buffers     cached
Mem:          992M       925M        66M        16K       1.4M        32M
-/+ buffers/cache:       891M       100M
Swap:         8.0G       487M       7.5G

             total       used       free     shared    buffers     cached
Mem:          992M       927M        64M        16K       1.4M        32M
-/+ buffers/cache:       893M        99M
Swap:         8.0G       487M       7.5G

             total       used       free     shared    buffers     cached
Mem:          992M       928M        63M        16K       1.4M        32M
-/+ buffers/cache:       894M        98M
Swap:         8.0G       486M       7.5G

             total       used       free     shared    buffers     cached
Mem:          992M       929M        62M        16K       1.4M        32M
-/+ buffers/cache:       895M        96M
Swap:         8.0G       485M       7.5G

             total       used       free     shared    buffers     cached
Mem:          992M       931M        61M        16K       1.4M        32M
-/+ buffers/cache:       896M        95M
Swap:         8.0G       485M       7.5G

             total       used       free     shared    buffers     cached
Mem:          992M       918M        74M        16K       1.4M        31M
-/+ buffers/cache:       885M       106M
Swap:         8.0G       498M       7.5G

             total       used       free     shared    buffers     cached
Mem:          992M       919M        72M        16K       1.4M        31M
-/+ buffers/cache:       886M       105M
Swap:         8.0G       498M       7.5G

             total       used       free     shared    buffers     cached
Mem:          992M       920M        71M        16K       1.4M        31M
-/+ buffers/cache:       888M       103M
Swap:         8.0G       497M       7.5G

             total       used       free     shared    buffers     cached
Mem:          992M       921M        70M        16K       1.4M        31M
-/+ buffers/cache:       889M       102M
Swap:         8.0G       496M       7.5G

             total       used       free     shared    buffers     cached
Mem:          992M       923M        69M        16K       1.4M        31M
-/+ buffers/cache:       890M       101M
Swap:         8.0G       496M       7.5G

             total       used       free     shared    buffers     cached
Mem:          992M       924M        67M        16K       1.4M        31M
-/+ buffers/cache:       892M       100M
Swap:         8.0G       495M       7.5G

             total       used       free     shared    buffers     cached
Mem:          992M       925M        66M        16K       1.4M        31M
-/+ buffers/cache:       893M        98M
Swap:         8.0G       495M       7.5G

             total       used       free     shared    buffers     cached
Mem:          992M       927M        64M        16K       1.4M        31M
-/+ buffers/cache:       894M        97M
Swap:         8.0G       494M       7.5G

             total       used       free     shared    buffers     cached
Mem:          992M       929M        63M        16K       1.4M        31M
-/+ buffers/cache:       896M        95M
Swap:         8.0G       493M       7.5G

             total       used       free     shared    buffers     cached
Mem:          992M       930M        61M        16K       1.4M        31M
-/+ buffers/cache:       898M        94M
Swap:         8.0G       493M       7.5G

             total       used       free     shared    buffers     cached
Mem:          992M       913M        78M        16K       1.2M        29M
-/+ buffers/cache:       882M       109M
Swap:         8.0G       500M       7.5G

             total       used       free     shared    buffers     cached
Mem:          992M       914M        77M        16K       1.2M        29M
-/+ buffers/cache:       883M       108M
Swap:         8.0G       500M       7.5G

             total       used       free     shared    buffers     cached
Mem:          992M       915M        76M        16K       1.2M        29M
-/+ buffers/cache:       884M       107M
Swap:         8.0G       499M       7.5G

             total       used       free     shared    buffers     cached
Mem:          992M       916M        75M        16K       1.2M        29M
-/+ buffers/cache:       885M       106M
Swap:         8.0G       498M       7.5G

             total       used       free     shared    buffers     cached
Mem:          992M       923M        68M        16K       1.2M        35M
-/+ buffers/cache:       887M       104M
Swap:         8.0G       498M       7.5G

             total       used       free     shared    buffers     cached
Mem:          992M       924M        67M        16K       1.2M        35M
-/+ buffers/cache:       888M       103M
Swap:         8.0G       497M       7.5G

             total       used       free     shared    buffers     cached
Mem:          992M       925M        66M        16K       1.2M        35M
-/+ buffers/cache:       889M       102M
Swap:         8.0G       496M       7.5G

             total       used       free     shared    buffers     cached
Mem:          992M       927M        64M        16K       1.2M        35M
-/+ buffers/cache:       891M       100M
Swap:         8.0G       496M       7.5G

             total       used       free     shared    buffers     cached
Mem:          992M       928M        63M        16K       1.2M        35M
-/+ buffers/cache:       892M        99M
Swap:         8.0G       495M       7.5G

             total       used       free     shared    buffers     cached
Mem:          992M       930M        61M        16K       1.2M        35M
-/+ buffers/cache:       894M        97M
Swap:         8.0G       494M       7.5G

             total       used       free     shared    buffers     cached
Mem:          992M       918M        73M        16K       820K        34M
-/+ buffers/cache:       883M       108M
Swap:         8.0G       512M       7.5G

             total       used       free     shared    buffers     cached
Mem:          992M       920M        71M        16K       820K        34M
-/+ buffers/cache:       885M       106M
Swap:         8.0G       511M       7.5G

             total       used       free     shared    buffers     cached
Mem:          992M       921M        70M        16K       820K        34M
-/+ buffers/cache:       886M       105M
Swap:         8.0G       510M       7.5G

             total       used       free     shared    buffers     cached
Mem:          992M       923M        68M        16K       820K        34M
-/+ buffers/cache:       888M       103M
Swap:         8.0G       510M       7.5G

             total       used       free     shared    buffers     cached
Mem:          992M       924M        67M        16K       828K        34M
-/+ buffers/cache:       889M       102M
Swap:         8.0G       509M       7.5G

             total       used       free     shared    buffers     cached
Mem:          992M       925M        66M        16K       828K        34M
-/+ buffers/cache:       890M       101M
Swap:         8.0G       508M       7.5G

             total       used       free     shared    buffers     cached
Mem:          992M       927M        64M        16K       828K        34M
-/+ buffers/cache:       892M        99M
Swap:         8.0G       508M       7.5G

             total       used       free     shared    buffers     cached
Mem:          992M       929M        63M        16K       828K        34M
-/+ buffers/cache:       893M        98M
Swap:         8.0G       507M       7.5G

             total       used       free     shared    buffers     cached
Mem:          992M       930M        61M        16K       828K        34M
-/+ buffers/cache:       894M        97M
Swap:         8.0G       506M       7.5G

             total       used       free     shared    buffers     cached
Mem:          992M       914M        77M        16K       712K        33M
-/+ buffers/cache:       880M       111M
Swap:         8.0G       513M       7.5G

             total       used       free     shared    buffers     cached
Mem:          992M       915M        76M        16K       720K        33M
-/+ buffers/cache:       881M       110M
Swap:         8.0G       513M       7.5G

             total       used       free     shared    buffers     cached
Mem:          992M       916M        75M        16K       720K        33M
-/+ buffers/cache:       882M       109M
Swap:         8.0G       512M       7.5G

             total       used       free     shared    buffers     cached
Mem:          992M       918M        73M        16K       720K        33M
-/+ buffers/cache:       884M       107M
Swap:         8.0G       511M       7.5G

             total       used       free     shared    buffers     cached
Mem:          992M       920M        72M        16K       720K        33M
-/+ buffers/cache:       886M       106M
Swap:         8.0G       510M       7.5G

             total       used       free     shared    buffers     cached
Mem:          992M       921M        70M        16K       720K        33M
-/+ buffers/cache:       887M       104M
Swap:         8.0G       510M       7.5G

             total       used       free     shared    buffers     cached
Mem:          992M       922M        69M        16K       728K        33M
-/+ buffers/cache:       888M       103M
Swap:         8.0G       509M       7.5G

             total       used       free     shared    buffers     cached
Mem:          992M       924M        67M        16K       728K        33M
-/+ buffers/cache:       890M       101M
Swap:         8.0G       508M       7.5G

             total       used       free     shared    buffers     cached
Mem:          992M       925M        66M        16K       728K        33M
-/+ buffers/cache:       891M       100M
Swap:         8.0G       508M       7.5G

             total       used       free     shared    buffers     cached
Mem:          992M       927M        65M        16K       728K        33M
-/+ buffers/cache:       893M        99M
Swap:         8.0G       507M       7.5G

             total       used       free     shared    buffers     cached
Mem:          992M       928M        63M        16K       728K        33M
-/+ buffers/cache:       894M        97M
Swap:         8.0G       506M       7.5G

             total       used       free     shared    buffers     cached
Mem:          992M       929M        62M        16K       728K        33M
-/+ buffers/cache:       895M        96M
Swap:         8.0G       506M       7.5G

             total       used       free     shared    buffers     cached
Mem:          992M       931M        60M        16K       736K        33M
-/+ buffers/cache:       897M        95M
Swap:         8.0G       505M       7.5G

             total       used       free     shared    buffers     cached
Mem:          992M       920M        72M        16K       520K        32M
-/+ buffers/cache:       887M       104M
Swap:         8.0G       512M       7.5G

             total       used       free     shared    buffers     cached
Mem:          992M       922M        69M        20K       656K        32M
-/+ buffers/cache:       889M       102M
Swap:         8.0G       511M       7.5G

             total       used       free     shared    buffers     cached
Mem:          992M       924M        68M        20K       656K        32M
-/+ buffers/cache:       890M       101M
Swap:         8.0G       510M       7.5G

             total       used       free     shared    buffers     cached
Mem:          992M       925M        66M        20K       656K        32M
-/+ buffers/cache:       892M       100M
Swap:         8.0G       509M       7.5G

             total       used       free     shared    buffers     cached
Mem:          992M       926M        65M        20K       664K        32M
-/+ buffers/cache:       893M        98M
Swap:         8.0G       509M       7.5G

             total       used       free     shared    buffers     cached
Mem:          992M       917M        74M        20K       276K        30M
-/+ buffers/cache:       887M       105M
Swap:         8.0G       527M       7.5G

             total       used       free     shared    buffers     cached
Mem:          992M       919M        72M        20K       276K        30M
-/+ buffers/cache:       888M       103M
Swap:         8.0G       527M       7.5G

             total       used       free     shared    buffers     cached
Mem:          992M       920M        71M        20K       276K        30M
-/+ buffers/cache:       890M       102M
Swap:         8.0G       526M       7.5G

             total       used       free     shared    buffers     cached
Mem:          992M       928M        64M        20K       276K        32M
-/+ buffers/cache:       895M        97M
Swap:         8.0G       523M       7.5G

             total       used       free     shared    buffers     cached
Mem:          992M       928M        63M        20K       276K        32M
-/+ buffers/cache:       896M        96M
Swap:         8.0G       523M       7.5G

             total       used       free     shared    buffers     cached
Mem:          992M       929M        62M        20K       284K        32M
-/+ buffers/cache:       896M        95M
Swap:         8.0G       523M       7.5G

             total       used       free     shared    buffers     cached
Mem:          992M       930M        61M        20K       284K        32M
-/+ buffers/cache:       897M        94M
Swap:         8.0G       522M       7.5G

             total       used       free     shared    buffers     cached
Mem:          992M       931M        60M        20K       284K        32M
-/+ buffers/cache:       898M        93M
Swap:         8.0G       522M       7.5G

             total       used       free     shared    buffers     cached
Mem:          992M       917M        74M        20K       284K        29M
-/+ buffers/cache:       887M       104M
Swap:         8.0G       522M       7.5G

             total       used       free     shared    buffers     cached
Mem:          992M       918M        73M        20K       284K        29M
-/+ buffers/cache:       888M       103M
Swap:         8.0G       521M       7.5G

             total       used       free     shared    buffers     cached
Mem:          992M       919M        73M        20K       292K        29M
-/+ buffers/cache:       889M       102M
Swap:         8.0G       521M       7.5G

             total       used       free     shared    buffers     cached
Mem:          992M       919M        72M        20K       292K        29M
-/+ buffers/cache:       889M       102M
Swap:         8.0G       520M       7.5G

             total       used       free     shared    buffers     cached
Mem:          992M       920M        71M        20K       292K        29M
-/+ buffers/cache:       890M       101M
Swap:         8.0G       520M       7.5G

             total       used       free     shared    buffers     cached
Mem:          992M       919M        72M       192K       532K        34M
-/+ buffers/cache:       884M       107M
Swap:         8.0G       537M       7.5G

             total       used       free     shared    buffers     cached
Mem:          992M       922M        70M       3.9M       5.0M        54M
-/+ buffers/cache:       862M       130M
Swap:         8.0G       570M       7.4G

             total       used       free     shared    buffers     cached
Mem:          992M       922M        69M       3.9M       4.9M        66M
-/+ buffers/cache:       851M       140M
Swap:         8.0G       570M       7.4G

             total       used       free     shared    buffers     cached
Mem:          992M       927M        64M       216K       5.2M        64M
-/+ buffers/cache:       858M       133M
Swap:         8.0G       567M       7.4G

             total       used       free     shared    buffers     cached
Mem:          992M       930M        61M       216K       5.2M        65M
-/+ buffers/cache:       860M       132M
Swap:         8.0G       567M       7.4G

             total       used       free     shared    buffers     cached
Mem:          992M       915M        76M       216K       4.0M        60M
-/+ buffers/cache:       851M       140M
Swap:         8.0G       584M       7.4G

             total       used       free     shared    buffers     cached
Mem:          992M       917M        74M       216K       4.0M        60M
-/+ buffers/cache:       853M       139M
Swap:         8.0G       584M       7.4G

             total       used       free     shared    buffers     cached
Mem:          992M       920M        72M       216K       4.1M        61M
-/+ buffers/cache:       854M       137M
Swap:         8.0G       583M       7.4G

             total       used       free     shared    buffers     cached
Mem:          992M       921M        70M       216K       4.1M        61M
-/+ buffers/cache:       856M       136M
Swap:         8.0G       582M       7.4G

             total       used       free     shared    buffers     cached
Mem:          992M       923M        68M       216K       4.1M        61M
-/+ buffers/cache:       857M       134M
Swap:         8.0G       581M       7.4G

             total       used       free     shared    buffers     cached
Mem:          992M       924M        67M       216K       4.1M        61M
-/+ buffers/cache:       859M       133M
Swap:         8.0G       581M       7.4G

             total       used       free     shared    buffers     cached
Mem:          992M       925M        66M       216K       4.1M        61M
-/+ buffers/cache:       860M       131M
Swap:         8.0G       580M       7.4G

             total       used       free     shared    buffers     cached
Mem:          992M       927M        64M       216K       4.1M        61M
-/+ buffers/cache:       861M       130M
Swap:         8.0G       579M       7.4G

             total       used       free     shared    buffers     cached
Mem:          992M       928M        63M       216K       4.2M        61M
-/+ buffers/cache:       863M       128M
Swap:         8.0G       578M       7.4G

             total       used       free     shared    buffers     cached
Mem:          992M       930M        61M       216K       4.2M        61M
-/+ buffers/cache:       864M       127M
Swap:         8.0G       578M       7.4G

             total       used       free     shared    buffers     cached
Mem:          992M       920M        72M       216K       4.2M        61M
-/+ buffers/cache:       854M       137M
Swap:         8.0G       578M       7.4G

             total       used       free     shared    buffers     cached
Mem:          992M       921M        71M       216K       4.2M        61M
-/+ buffers/cache:       855M       136M
Swap:         8.0G       577M       7.4G

             total       used       free     shared    buffers     cached
Mem:          992M       922M        69M       216K       4.2M        61M
-/+ buffers/cache:       856M       135M
Swap:         8.0G       577M       7.4G

             total       used       free     shared    buffers     cached
Mem:          992M       923M        68M       216K       4.2M        61M
-/+ buffers/cache:       857M       134M
Swap:         8.0G       576M       7.4G

             total       used       free     shared    buffers     cached
Mem:          992M       925M        67M       216K       4.2M        61M
-/+ buffers/cache:       859M       132M
Swap:         8.0G       576M       7.4G

             total       used       free     shared    buffers     cached
Mem:          992M       926M        65M       216K       4.2M        61M
-/+ buffers/cache:       860M       131M
Swap:         8.0G       575M       7.4G

             total       used       free     shared    buffers     cached
Mem:          992M       927M        64M       216K       4.2M        61M
-/+ buffers/cache:       861M       130M
Swap:         8.0G       574M       7.4G

             total       used       free     shared    buffers     cached
Mem:          992M       929M        63M       216K       4.2M        61M
-/+ buffers/cache:       863M       129M
Swap:         8.0G       574M       7.4G

             total       used       free     shared    buffers     cached
Mem:          992M       921M        71M       268K       5.3M        66M
-/+ buffers/cache:       849M       142M
Swap:         8.0G       589M       7.4G

             total       used       free     shared    buffers     cached
Mem:          992M       908M        83M       264K       8.9M        72M
-/+ buffers/cache:       827M       164M
Swap:         8.0G       602M       7.4G
