             total       used       free     shared    buffers     cached
Mem:          992M       658M       333M       3.2M        38M       289M
-/+ buffers/cache:       330M       661M
Swap:         8.0G         0B       8.0G

             total       used       free     shared    buffers     cached
Mem:          992M       657M       334M       1.4M        38M       287M
-/+ buffers/cache:       330M       661M
Swap:         8.0G         0B       8.0G

             total       used       free     shared    buffers     cached
Mem:          992M       657M       334M       1.4M        38M       287M
-/+ buffers/cache:       330M       661M
Swap:         8.0G         0B       8.0G

             total       used       free     shared    buffers     cached
Mem:          992M       657M       334M       1.4M        38M       287M
-/+ buffers/cache:       330M       661M
Swap:         8.0G         0B       8.0G

             total       used       free     shared    buffers     cached
Mem:          992M       657M       334M       1.4M        38M       287M
-/+ buffers/cache:       330M       661M
Swap:         8.0G         0B       8.0G

             total       used       free     shared    buffers     cached
Mem:          992M       657M       334M       1.4M        38M       287M
-/+ buffers/cache:       330M       661M
Swap:         8.0G         0B       8.0G

             total       used       free     shared    buffers     cached
Mem:          992M       656M       335M       1.4M        38M       287M
-/+ buffers/cache:       330M       661M
Swap:         8.0G         0B       8.0G

             total       used       free     shared    buffers     cached
Mem:          992M       656M       335M       1.4M        38M       288M
-/+ buffers/cache:       329M       662M
Swap:         8.0G         0B       8.0G

             total       used       free     shared    buffers     cached
Mem:          992M       660M       332M       1.4M        38M       288M
-/+ buffers/cache:       333M       658M
Swap:         8.0G         0B       8.0G

             total       used       free     shared    buffers     cached
Mem:          992M       676M       315M       1.4M        38M       288M
-/+ buffers/cache:       349M       642M
Swap:         8.0G         0B       8.0G

             total       used       free     shared    buffers     cached
Mem:          992M       703M       289M       1.4M        38M       288M
-/+ buffers/cache:       376M       615M
Swap:         8.0G         0B       8.0G

             total       used       free     shared    buffers     cached
Mem:          992M       665M       326M       1.4M        38M       289M
-/+ buffers/cache:       337M       654M
Swap:         8.0G         0B       8.0G

             total       used       free     shared    buffers     cached
Mem:          992M       674M       318M       1.4M        38M       289M
-/+ buffers/cache:       345M       646M
Swap:         8.0G         0B       8.0G

             total       used       free     shared    buffers     cached
Mem:          992M       666M       325M       1.4M        38M       289M
-/+ buffers/cache:       338M       654M
Swap:         8.0G         0B       8.0G

             total       used       free     shared    buffers     cached
Mem:          992M       666M       325M       1.4M        38M       289M
-/+ buffers/cache:       338M       654M
Swap:         8.0G         0B       8.0G

             total       used       free     shared    buffers     cached
Mem:          992M       666M       325M       1.4M        38M       289M
-/+ buffers/cache:       338M       654M
Swap:         8.0G         0B       8.0G

             total       used       free     shared    buffers     cached
Mem:          992M       666M       325M       1.4M        38M       289M
-/+ buffers/cache:       338M       654M
Swap:         8.0G         0B       8.0G

             total       used       free     shared    buffers     cached
Mem:          992M       666M       325M       1.4M        38M       289M
-/+ buffers/cache:       338M       654M
Swap:         8.0G         0B       8.0G

             total       used       free     shared    buffers     cached
Mem:          992M       666M       325M       1.4M        38M       289M
-/+ buffers/cache:       337M       654M
Swap:         8.0G         0B       8.0G

             total       used       free     shared    buffers     cached
Mem:          992M       666M       325M       1.4M        38M       289M
-/+ buffers/cache:       337M       654M
Swap:         8.0G         0B       8.0G

             total       used       free     shared    buffers     cached
Mem:          992M       666M       325M       1.4M        38M       289M
-/+ buffers/cache:       337M       654M
Swap:         8.0G         0B       8.0G

             total       used       free     shared    buffers     cached
Mem:          992M       666M       325M       1.4M        38M       289M
-/+ buffers/cache:       338M       654M
Swap:         8.0G         0B       8.0G

             total       used       free     shared    buffers     cached
Mem:          992M       666M       325M       1.4M        38M       289M
-/+ buffers/cache:       338M       654M
Swap:         8.0G         0B       8.0G

             total       used       free     shared    buffers     cached
Mem:          992M       666M       325M       1.4M        38M       289M
-/+ buffers/cache:       338M       654M
Swap:         8.0G         0B       8.0G

             total       used       free     shared    buffers     cached
Mem:          992M       666M       325M       1.4M        38M       289M
-/+ buffers/cache:       338M       654M
Swap:         8.0G         0B       8.0G

             total       used       free     shared    buffers     cached
Mem:          992M       666M       325M       1.4M        38M       289M
-/+ buffers/cache:       338M       654M
Swap:         8.0G         0B       8.0G

             total       used       free     shared    buffers     cached
Mem:          992M       666M       325M       1.4M        38M       289M
-/+ buffers/cache:       338M       654M
Swap:         8.0G         0B       8.0G

             total       used       free     shared    buffers     cached
Mem:          992M       666M       325M       1.4M        38M       289M
-/+ buffers/cache:       338M       654M
Swap:         8.0G         0B       8.0G

             total       used       free     shared    buffers     cached
Mem:          992M       666M       325M       1.4M        38M       289M
-/+ buffers/cache:       338M       654M
Swap:         8.0G         0B       8.0G

             total       used       free     shared    buffers     cached
Mem:          992M       666M       325M       1.4M        38M       289M
-/+ buffers/cache:       338M       654M
Swap:         8.0G         0B       8.0G

             total       used       free     shared    buffers     cached
Mem:          992M       666M       325M       1.4M        38M       289M
-/+ buffers/cache:       338M       654M
Swap:         8.0G         0B       8.0G

             total       used       free     shared    buffers     cached
Mem:          992M       666M       325M       1.4M        38M       289M
-/+ buffers/cache:       338M       654M
Swap:         8.0G         0B       8.0G

             total       used       free     shared    buffers     cached
Mem:          992M       666M       325M       1.4M        38M       289M
-/+ buffers/cache:       338M       654M
Swap:         8.0G         0B       8.0G

             total       used       free     shared    buffers     cached
Mem:          992M       673M       318M       1.4M        38M       289M
-/+ buffers/cache:       345M       646M
Swap:         8.0G         0B       8.0G

             total       used       free     shared    buffers     cached
Mem:          992M       689M       302M       1.4M        38M       289M
-/+ buffers/cache:       361M       630M
Swap:         8.0G         0B       8.0G

             total       used       free     shared    buffers     cached
Mem:          992M       706M       285M       1.4M        38M       289M
-/+ buffers/cache:       378M       613M
Swap:         8.0G         0B       8.0G

             total       used       free     shared    buffers     cached
Mem:          992M       721M       270M       1.4M        38M       289M
-/+ buffers/cache:       393M       598M
Swap:         8.0G         0B       8.0G

             total       used       free     shared    buffers     cached
Mem:          992M       737M       254M       1.4M        38M       289M
-/+ buffers/cache:       409M       582M
Swap:         8.0G         0B       8.0G

             total       used       free     shared    buffers     cached
Mem:          992M       754M       237M       1.4M        38M       289M
-/+ buffers/cache:       426M       565M
Swap:         8.0G         0B       8.0G

             total       used       free     shared    buffers     cached
Mem:          992M       770M       221M       1.4M        38M       289M
-/+ buffers/cache:       442M       549M
Swap:         8.0G         0B       8.0G

             total       used       free     shared    buffers     cached
Mem:          992M       786M       205M       1.4M        38M       289M
-/+ buffers/cache:       457M       534M
Swap:         8.0G         0B       8.0G

             total       used       free     shared    buffers     cached
Mem:          992M       802M       189M       1.4M        38M       289M
-/+ buffers/cache:       474M       518M
Swap:         8.0G         0B       8.0G

             total       used       free     shared    buffers     cached
Mem:          992M       818M       173M       1.4M        38M       289M
-/+ buffers/cache:       490M       502M
Swap:         8.0G         0B       8.0G

             total       used       free     shared    buffers     cached
Mem:          992M       835M       156M       1.4M        38M       289M
-/+ buffers/cache:       507M       485M
Swap:         8.0G         0B       8.0G

             total       used       free     shared    buffers     cached
Mem:          992M       851M       140M       1.4M        38M       289M
-/+ buffers/cache:       523M       469M
Swap:         8.0G         0B       8.0G

             total       used       free     shared    buffers     cached
Mem:          992M       868M       123M       1.4M        38M       289M
-/+ buffers/cache:       539M       452M
Swap:         8.0G         0B       8.0G

             total       used       free     shared    buffers     cached
Mem:          992M       883M       108M       1.4M        38M       289M
-/+ buffers/cache:       555M       437M
Swap:         8.0G         0B       8.0G

             total       used       free     shared    buffers     cached
Mem:          992M       896M        95M       1.4M        38M       289M
-/+ buffers/cache:       568M       424M
Swap:         8.0G         0B       8.0G

             total       used       free     shared    buffers     cached
Mem:          992M       912M        79M       1.4M        38M       289M
-/+ buffers/cache:       583M       408M
Swap:         8.0G         0B       8.0G

             total       used       free     shared    buffers     cached
Mem:          992M       928M        63M       1.4M        38M       289M
-/+ buffers/cache:       600M       391M
Swap:         8.0G         0B       8.0G

             total       used       free     shared    buffers     cached
Mem:          992M       925M        66M       1.4M        19M       288M
-/+ buffers/cache:       617M       374M
Swap:         8.0G         0B       8.0G

             total       used       free     shared    buffers     cached
Mem:          992M       922M        69M       1.4M        10M       280M
-/+ buffers/cache:       632M       359M
Swap:         8.0G         0B       8.0G

             total       used       free     shared    buffers     cached
Mem:          992M       921M        70M       1.4M       9.6M       263M
-/+ buffers/cache:       648M       343M
Swap:         8.0G        76K       8.0G

             total       used       free     shared    buffers     cached
Mem:          992M       918M        73M       1.3M       9.6M       244M
-/+ buffers/cache:       664M       327M
Swap:         8.0G       304K       8.0G

             total       used       free     shared    buffers     cached
Mem:          992M       919M        72M       1.2M       9.7M       232M
-/+ buffers/cache:       678M       314M
Swap:         8.0G       4.2M       8.0G

             total       used       free     shared    buffers     cached
Mem:          992M       903M        88M       1.1M       8.6M       206M
-/+ buffers/cache:       688M       303M
Swap:         8.0G       8.2M       8.0G

             total       used       free     shared    buffers     cached
Mem:          992M       919M        72M       1.1M       8.6M       206M
-/+ buffers/cache:       704M       287M
Swap:         8.0G       8.2M       8.0G

             total       used       free     shared    buffers     cached
Mem:          992M       922M        69M       1.1M       2.6M       199M
-/+ buffers/cache:       720M       271M
Swap:         8.0G       8.2M       8.0G

             total       used       free     shared    buffers     cached
Mem:          992M       915M        76M       1.1M       416K       177M
-/+ buffers/cache:       737M       254M
Swap:         8.0G       8.2M       8.0G

             total       used       free     shared    buffers     cached
Mem:          992M       908M        83M       1.1M       204K       156M
-/+ buffers/cache:       751M       240M
Swap:         8.0G       8.2M       8.0G

             total       used       free     shared    buffers     cached
Mem:          992M       924M        67M       1.1M       204K       156M
-/+ buffers/cache:       768M       224M
Swap:         8.0G       8.2M       8.0G

             total       used       free     shared    buffers     cached
Mem:          992M       918M        73M       1.1M       208K       137M
-/+ buffers/cache:       780M       211M
Swap:         8.0G       8.2M       8.0G

             total       used       free     shared    buffers     cached
Mem:          992M       928M        63M       1.1M       372K       137M
-/+ buffers/cache:       790M       201M
Swap:         8.0G       8.2M       8.0G

             total       used       free     shared    buffers     cached
Mem:          992M       926M        65M       1.1M       236K       121M
-/+ buffers/cache:       804M       187M
Swap:         8.0G       8.2M       8.0G

             total       used       free     shared    buffers     cached
Mem:          992M       927M        64M       1.1M       236K       107M
-/+ buffers/cache:       819M       172M
Swap:         8.0G       8.2M       8.0G

             total       used       free     shared    buffers     cached
Mem:          992M       928M        63M       1.1M       212K        94M
-/+ buffers/cache:       833M       158M
Swap:         8.0G       8.2M       8.0G

             total       used       free     shared    buffers     cached
Mem:          992M       920M        71M       1.1M       216K        73M
-/+ buffers/cache:       847M       145M
Swap:         8.0G       8.2M       8.0G

             total       used       free     shared    buffers     cached
Mem:          992M       918M        74M       1.1M       224K        56M
-/+ buffers/cache:       861M       130M
Swap:         8.0G       8.2M       8.0G

             total       used       free     shared    buffers     cached
Mem:          992M       916M        75M       1.1M       2.9M        36M
-/+ buffers/cache:       876M       115M
Swap:         8.0G       8.2M       8.0G

             total       used       free     shared    buffers     cached
Mem:          992M       918M        73M       1.1M       2.9M        24M
-/+ buffers/cache:       891M       101M
Swap:         8.0G       8.2M       8.0G

             total       used       free     shared    buffers     cached
Mem:          992M       918M        74M       1.0M       2.7M        12M
-/+ buffers/cache:       902M        89M
Swap:         8.0G        13M       8.0G

             total       used       free     shared    buffers     cached
Mem:          992M       918M        74M       996K        96K       9.4M
-/+ buffers/cache:       908M        83M
Swap:         8.0G        24M       8.0G

             total       used       free     shared    buffers     cached
Mem:          992M       918M        73M       720K        96K       3.4M
-/+ buffers/cache:       915M        77M
Swap:         8.0G        32M       8.0G

             total       used       free     shared    buffers     cached
Mem:          992M       910M        81M       692K        96K       3.1M
-/+ buffers/cache:       907M        84M
Swap:         8.0G        61M       7.9G

             total       used       free     shared    buffers     cached
Mem:          992M       926M        65M       684K       360K       3.2M
-/+ buffers/cache:       922M        69M
Swap:         8.0G        61M       7.9G

             total       used       free     shared    buffers     cached
Mem:          992M       928M        63M       684K       368K       3.3M
-/+ buffers/cache:       925M        67M
Swap:         8.0G        61M       7.9G

             total       used       free     shared    buffers     cached
Mem:          992M       918M        73M       660K       368K       3.2M
-/+ buffers/cache:       914M        77M
Swap:         8.0G        85M       7.9G

             total       used       free     shared    buffers     cached
Mem:          992M       918M        73M       660K       368K       3.1M
-/+ buffers/cache:       914M        77M
Swap:         8.0G       105M       7.9G

             total       used       free     shared    buffers     cached
Mem:          992M       919M        72M       656K       368K       2.9M
-/+ buffers/cache:       916M        75M
Swap:         8.0G       122M       7.9G

             total       used       free     shared    buffers     cached
Mem:          992M       921M        71M       652K       352K       3.1M
-/+ buffers/cache:       917M        74M
Swap:         8.0G       130M       7.9G

             total       used       free     shared    buffers     cached
Mem:          992M       916M        75M       600K       352K       3.0M
-/+ buffers/cache:       913M        78M
Swap:         8.0G       154M       7.8G

             total       used       free     shared    buffers     cached
Mem:          992M       917M        74M       596K       352K       2.9M
-/+ buffers/cache:       914M        77M
Swap:         8.0G       163M       7.8G

             total       used       free     shared    buffers     cached
Mem:          992M       915M        76M       592K       344K       2.8M
-/+ buffers/cache:       912M        79M
Swap:         8.0G       188M       7.8G

             total       used       free     shared    buffers     cached
Mem:          992M       919M        72M       572K       344K       2.8M
-/+ buffers/cache:       916M        75M
Swap:         8.0G       188M       7.8G

             total       used       free     shared    buffers     cached
Mem:          992M       906M        85M       572K       344K       3.0M
-/+ buffers/cache:       903M        88M
Swap:         8.0G       235M       7.8G

             total       used       free     shared    buffers     cached
Mem:          992M       921M        71M       572K       352K       2.9M
-/+ buffers/cache:       917M        74M
Swap:         8.0G       235M       7.8G

             total       used       free     shared    buffers     cached
Mem:          992M       920M        71M       572K       344K       2.9M
-/+ buffers/cache:       917M        74M
Swap:         8.0G       235M       7.8G

             total       used       free     shared    buffers     cached
Mem:          992M       919M        72M       572K       344K       2.8M
-/+ buffers/cache:       916M        75M
Swap:         8.0G       249M       7.8G

             total       used       free     shared    buffers     cached
Mem:          992M       919M        72M       548K       308K       2.7M
-/+ buffers/cache:       916M        75M
Swap:         8.0G       264M       7.7G

             total       used       free     shared    buffers     cached
Mem:          992M       928M        63M       548K       316K       2.7M
-/+ buffers/cache:       925M        66M
Swap:         8.0G       264M       7.7G

             total       used       free     shared    buffers     cached
Mem:          992M       917M        74M       548K        76K       2.5M
-/+ buffers/cache:       915M        77M
Swap:         8.0G       285M       7.7G

             total       used       free     shared    buffers     cached
Mem:          992M       921M        71M       548K        84K       2.5M
-/+ buffers/cache:       918M        73M
Swap:         8.0G       285M       7.7G

             total       used       free     shared    buffers     cached
Mem:          992M       927M        65M       548K        84K       2.5M
-/+ buffers/cache:       924M        67M
Swap:         8.0G       285M       7.7G

             total       used       free     shared    buffers     cached
Mem:          992M       921M        71M       548K        84K       2.4M
-/+ buffers/cache:       918M        73M
Swap:         8.0G       294M       7.7G

             total       used       free     shared    buffers     cached
Mem:          992M       926M        65M       548K        84K       2.4M
-/+ buffers/cache:       924M        67M
Swap:         8.0G       294M       7.7G

             total       used       free     shared    buffers     cached
Mem:          992M       917M        74M       548K        84K       2.3M
-/+ buffers/cache:       915M        76M
Swap:         8.0G       309M       7.7G

             total       used       free     shared    buffers     cached
Mem:          992M       922M        69M       548K        92K       2.3M
-/+ buffers/cache:       920M        71M
Swap:         8.0G       309M       7.7G

             total       used       free     shared    buffers     cached
Mem:          992M       927M        64M       548K        92K       2.3M
-/+ buffers/cache:       925M        66M
Swap:         8.0G       309M       7.7G

             total       used       free     shared    buffers     cached
Mem:          992M       920M        71M       444K        92K       2.0M
-/+ buffers/cache:       918M        73M
Swap:         8.0G       325M       7.7G

             total       used       free     shared    buffers     cached
Mem:          992M       925M        66M       436K        92K       2.0M
-/+ buffers/cache:       923M        68M
Swap:         8.0G       325M       7.7G

             total       used       free     shared    buffers     cached
Mem:          992M       921M        71M        20K        76K       1.5M
-/+ buffers/cache:       919M        72M
Swap:         8.0G       324M       7.7G

             total       used       free     shared    buffers     cached
Mem:          992M       923M        69M        12K        84K       1.5M
-/+ buffers/cache:       921M        70M
Swap:         8.0G       329M       7.7G

             total       used       free     shared    buffers     cached
Mem:          992M       921M        70M        12K        84K       1.5M
-/+ buffers/cache:       920M        71M
Swap:         8.0G       316M       7.7G

             total       used       free     shared    buffers     cached
Mem:          992M       918M        73M         8K        84K       1.4M
-/+ buffers/cache:       917M        74M
Swap:         8.0G       319M       7.7G

             total       used       free     shared    buffers     cached
Mem:          992M       920M        71M         8K        76K       1.3M
-/+ buffers/cache:       919M        72M
Swap:         8.0G       320M       7.7G

             total       used       free     shared    buffers     cached
Mem:          992M       917M        75M         0B        76K       1.3M
-/+ buffers/cache:       915M        76M
Swap:         8.0G       325M       7.7G

             total       used       free     shared    buffers     cached
Mem:          992M       923M        68M         0B        76K       5.4M
-/+ buffers/cache:       917M        74M
Swap:         8.0G       412M       7.6G

             total       used       free     shared    buffers     cached
Mem:          992M       923M        68M         0B        84K       5.5M
-/+ buffers/cache:       917M        74M
Swap:         8.0G       412M       7.6G

             total       used       free     shared    buffers     cached
Mem:          992M       880M       112M         0B       684K        14M
-/+ buffers/cache:       864M       127M
Swap:         8.0G       402M       7.6G

             total       used       free     shared    buffers     cached
Mem:          992M       920M        71M        40K       684K        29M
-/+ buffers/cache:       890M       101M
Swap:         8.0G       376M       7.6G

             total       used       free     shared    buffers     cached
Mem:          992M       927M        65M        40K        84K        26M
-/+ buffers/cache:       901M        91M
Swap:         8.0G       371M       7.6G

             total       used       free     shared    buffers     cached
Mem:          992M       915M        76M        40K       216K       1.1M
-/+ buffers/cache:       914M        77M
Swap:         8.0G       361M       7.6G

             total       used       free     shared    buffers     cached
Mem:          992M       914M        77M        40K       176K       4.3M
-/+ buffers/cache:       910M        82M
Swap:         8.0G       353M       7.7G

             total       used       free     shared    buffers     cached
Mem:          992M       917M        74M        40K       464K       4.4M
-/+ buffers/cache:       912M        79M
Swap:         8.0G       352M       7.7G

             total       used       free     shared    buffers     cached
Mem:          992M       922M        70M        40K       468K       4.6M
-/+ buffers/cache:       917M        75M
Swap:         8.0G       350M       7.7G

             total       used       free     shared    buffers     cached
Mem:          992M       928M        63M        40K       468K       4.7M
-/+ buffers/cache:       923M        68M
Swap:         8.0G       350M       7.7G

             total       used       free     shared    buffers     cached
Mem:          992M       919M        73M        40K       468K       4.5M
-/+ buffers/cache:       914M        78M
Swap:         8.0G       376M       7.6G

             total       used       free     shared    buffers     cached
Mem:          992M       924M        67M        40K       476K       4.5M
-/+ buffers/cache:       920M        72M
Swap:         8.0G       376M       7.6G

             total       used       free     shared    buffers     cached
Mem:          992M       918M        73M        40K       476K       4.4M
-/+ buffers/cache:       913M        78M
Swap:         8.0G       376M       7.6G

             total       used       free     shared    buffers     cached
Mem:          992M       922M        69M        40K       476K       4.5M
-/+ buffers/cache:       917M        74M
Swap:         8.0G       380M       7.6G

             total       used       free     shared    buffers     cached
Mem:          992M       927M        64M        40K       476K       4.4M
-/+ buffers/cache:       922M        69M
Swap:         8.0G       380M       7.6G

             total       used       free     shared    buffers     cached
Mem:          992M       918M        73M        40K       476K       4.2M
-/+ buffers/cache:       913M        78M
Swap:         8.0G       400M       7.6G

             total       used       free     shared    buffers     cached
Mem:          992M       922M        70M        40K       484K       4.2M
-/+ buffers/cache:       917M        74M
Swap:         8.0G       400M       7.6G

             total       used       free     shared    buffers     cached
Mem:          992M       923M        68M        40K       484K       4.2M
-/+ buffers/cache:       919M        72M
Swap:         8.0G       399M       7.6G

             total       used       free     shared    buffers     cached
Mem:          992M       926M        65M        40K       484K       4.2M
-/+ buffers/cache:       921M        70M
Swap:         8.0G       398M       7.6G

             total       used       free     shared    buffers     cached
Mem:          992M       928M        63M        40K       484K       4.2M
-/+ buffers/cache:       923M        68M
Swap:         8.0G       397M       7.6G

             total       used       free     shared    buffers     cached
Mem:          992M       917M        74M        40K       484K       3.9M
-/+ buffers/cache:       913M        79M
Swap:         8.0G       401M       7.6G

             total       used       free     shared    buffers     cached
Mem:          992M       919M        72M        40K       492K       4.0M
-/+ buffers/cache:       915M        77M
Swap:         8.0G       400M       7.6G

             total       used       free     shared    buffers     cached
Mem:          992M       922M        69M        40K       500K       4.3M
-/+ buffers/cache:       917M        74M
Swap:         8.0G       399M       7.6G

             total       used       free     shared    buffers     cached
Mem:          992M       924M        67M        40K       500K       4.5M
-/+ buffers/cache:       919M        72M
Swap:         8.0G       398M       7.6G

             total       used       free     shared    buffers     cached
Mem:          992M       927M        65M        40K       500K       4.5M
-/+ buffers/cache:       922M        70M
Swap:         8.0G       397M       7.6G

             total       used       free     shared    buffers     cached
Mem:          992M       929M        62M        40K       500K       4.5M
-/+ buffers/cache:       924M        67M
Swap:         8.0G       396M       7.6G

             total       used       free     shared    buffers     cached
Mem:          992M       911M        80M        40K       284K       4.0M
-/+ buffers/cache:       907M        84M
Swap:         8.0G       426M       7.6G

             total       used       free     shared    buffers     cached
Mem:          992M       913M        79M        40K       284K       4.0M
-/+ buffers/cache:       908M        83M
Swap:         8.0G       425M       7.6G

             total       used       free     shared    buffers     cached
Mem:          992M       915M        76M        40K       284K       4.0M
-/+ buffers/cache:       911M        81M
Swap:         8.0G       424M       7.6G

             total       used       free     shared    buffers     cached
Mem:          992M       917M        74M        40K       284K       4.0M
-/+ buffers/cache:       913M        78M
Swap:         8.0G       423M       7.6G

             total       used       free     shared    buffers     cached
Mem:          992M       919M        72M        40K       284K       4.0M
-/+ buffers/cache:       915M        76M
Swap:         8.0G       422M       7.6G

             total       used       free     shared    buffers     cached
Mem:          992M       921M        70M        40K       284K       4.0M
-/+ buffers/cache:       917M        74M
Swap:         8.0G       422M       7.6G

             total       used       free     shared    buffers     cached
Mem:          992M       924M        68M        40K       292K       4.0M
-/+ buffers/cache:       919M        72M
Swap:         8.0G       420M       7.6G

             total       used       free     shared    buffers     cached
Mem:          992M       926M        65M        40K       292K       4.1M
-/+ buffers/cache:       922M        70M
Swap:         8.0G       419M       7.6G

             total       used       free     shared    buffers     cached
Mem:          992M       928M        63M        40K       292K       4.1M
-/+ buffers/cache:       924M        68M
Swap:         8.0G       418M       7.6G

             total       used       free     shared    buffers     cached
Mem:          992M       914M        77M        40K       168K       4.1M
-/+ buffers/cache:       910M        81M
Swap:         8.0G       417M       7.6G

             total       used       free     shared    buffers     cached
Mem:          992M       916M        75M        40K       168K       4.1M
-/+ buffers/cache:       912M        79M
Swap:         8.0G       417M       7.6G

             total       used       free     shared    buffers     cached
Mem:          992M       918M        73M        40K       176K       4.1M
-/+ buffers/cache:       914M        77M
Swap:         8.0G       416M       7.6G

             total       used       free     shared    buffers     cached
Mem:          992M       920M        71M        40K       176K       4.1M
-/+ buffers/cache:       916M        75M
Swap:         8.0G       415M       7.6G

             total       used       free     shared    buffers     cached
Mem:          992M       923M        69M        40K       176K       4.1M
-/+ buffers/cache:       918M        73M
Swap:         8.0G       414M       7.6G

             total       used       free     shared    buffers     cached
Mem:          992M       924M        67M        40K       176K       4.1M
-/+ buffers/cache:       920M        71M
Swap:         8.0G       413M       7.6G

             total       used       free     shared    buffers     cached
Mem:          992M       927M        65M        40K       176K       4.1M
-/+ buffers/cache:       922M        69M
Swap:         8.0G       412M       7.6G

             total       used       free     shared    buffers     cached
Mem:          992M       929M        62M        40K       184K       4.1M
-/+ buffers/cache:       925M        67M
Swap:         8.0G       411M       7.6G

             total       used       free     shared    buffers     cached
Mem:          992M       903M        89M        40K        92K       3.4M
-/+ buffers/cache:       899M        92M
Swap:         8.0G       434M       7.6G

             total       used       free     shared    buffers     cached
Mem:          992M       905M        86M        40K        92K       3.4M
-/+ buffers/cache:       901M        90M
Swap:         8.0G       433M       7.6G

             total       used       free     shared    buffers     cached
Mem:          992M       907M        85M        40K        92K       3.4M
-/+ buffers/cache:       903M        88M
Swap:         8.0G       433M       7.6G

             total       used       free     shared    buffers     cached
Mem:          992M       908M        83M        40K        92K       3.5M
-/+ buffers/cache:       905M        86M
Swap:         8.0G       432M       7.6G

             total       used       free     shared    buffers     cached
Mem:          992M       910M        81M        40K        92K       3.4M
-/+ buffers/cache:       907M        85M
Swap:         8.0G       431M       7.6G

             total       used       free     shared    buffers     cached
Mem:          992M       912M        79M        40K       100K       3.4M
-/+ buffers/cache:       909M        82M
Swap:         8.0G       430M       7.6G

             total       used       free     shared    buffers     cached
Mem:          992M       914M        77M        40K       100K       3.4M
-/+ buffers/cache:       911M        81M
Swap:         8.0G       429M       7.6G

             total       used       free     shared    buffers     cached
Mem:          992M       916M        75M        40K       100K       3.5M
-/+ buffers/cache:       913M        78M
Swap:         8.0G       428M       7.6G

             total       used       free     shared    buffers     cached
Mem:          992M       918M        73M        40K       100K       3.5M
-/+ buffers/cache:       915M        76M
Swap:         8.0G       427M       7.6G

             total       used       free     shared    buffers     cached
Mem:          992M       920M        71M        40K       100K       3.4M
-/+ buffers/cache:       917M        74M
Swap:         8.0G       426M       7.6G

             total       used       free     shared    buffers     cached
Mem:          992M       923M        68M        40K       108K       3.5M
-/+ buffers/cache:       919M        72M
Swap:         8.0G       425M       7.6G

             total       used       free     shared    buffers     cached
Mem:          992M       925M        66M        40K       108K       3.4M
-/+ buffers/cache:       921M        70M
Swap:         8.0G       424M       7.6G

             total       used       free     shared    buffers     cached
Mem:          992M       927M        64M        40K       108K       3.5M
-/+ buffers/cache:       923M        68M
Swap:         8.0G       424M       7.6G

             total       used       free     shared    buffers     cached
Mem:          992M       929M        62M        40K       108K       3.4M
-/+ buffers/cache:       925M        66M
Swap:         8.0G       423M       7.6G

             total       used       free     shared    buffers     cached
Mem:          992M       916M        75M        40K       100K       3.0M
-/+ buffers/cache:       913M        78M
Swap:         8.0G       441M       7.6G

             total       used       free     shared    buffers     cached
Mem:          992M       919M        73M        40K       108K       3.0M
-/+ buffers/cache:       915M        76M
Swap:         8.0G       440M       7.6G

             total       used       free     shared    buffers     cached
Mem:          992M       925M        66M        40K       108K       7.7M
-/+ buffers/cache:       917M        74M
Swap:         8.0G       439M       7.6G

             total       used       free     shared    buffers     cached
Mem:          992M       912M        79M        40K       532K        17M
-/+ buffers/cache:       894M        97M
Swap:         8.0G       457M       7.6G

             total       used       free     shared    buffers     cached
Mem:          992M       915M        77M        40K       532K        17M
-/+ buffers/cache:       896M        95M
Swap:         8.0G       456M       7.6G

             total       used       free     shared    buffers     cached
Mem:          992M       917M        74M        40K       536K        17M
-/+ buffers/cache:       899M        93M
Swap:         8.0G       455M       7.6G

             total       used       free     shared    buffers     cached
Mem:          992M       919M        72M        40K       824K        17M
-/+ buffers/cache:       901M        90M
Swap:         8.0G       454M       7.6G

             total       used       free     shared    buffers     cached
Mem:          992M       921M        70M        40K       832K        17M
-/+ buffers/cache:       902M        89M
Swap:         8.0G       454M       7.6G

             total       used       free     shared    buffers     cached
Mem:          992M       923M        68M        40K       832K        17M
-/+ buffers/cache:       904M        87M
Swap:         8.0G       453M       7.6G

             total       used       free     shared    buffers     cached
Mem:          992M       925M        66M        40K       832K        17M
-/+ buffers/cache:       906M        85M
Swap:         8.0G       452M       7.6G

             total       used       free     shared    buffers     cached
Mem:          992M       927M        64M        40K       832K        18M
-/+ buffers/cache:       908M        83M
Swap:         8.0G       450M       7.6G

             total       used       free     shared    buffers     cached
Mem:          992M       917M        74M        40K       784K        12M
-/+ buffers/cache:       905M        87M
Swap:         8.0G       462M       7.5G

             total       used       free     shared    buffers     cached
Mem:          992M       919M        72M        40K       792K        12M
-/+ buffers/cache:       906M        85M
Swap:         8.0G       461M       7.5G

             total       used       free     shared    buffers     cached
Mem:          992M       921M        70M        40K       792K        12M
-/+ buffers/cache:       908M        83M
Swap:         8.0G       460M       7.5G

             total       used       free     shared    buffers     cached
Mem:          992M       925M        66M        40K       792K        13M
-/+ buffers/cache:       911M        81M
Swap:         8.0G       459M       7.5G

             total       used       free     shared    buffers     cached
Mem:          992M       926M        65M        40K       796K        13M
-/+ buffers/cache:       912M        80M
Swap:         8.0G       458M       7.5G

             total       used       free     shared    buffers     cached
Mem:          992M       927M        64M        40K       796K        13M
-/+ buffers/cache:       912M        79M
Swap:         8.0G       458M       7.5G

             total       used       free     shared    buffers     cached
Mem:          992M       929M        63M        40K       952K        13M
-/+ buffers/cache:       914M        77M
Swap:         8.0G       457M       7.6G

             total       used       free     shared    buffers     cached
Mem:          992M       918M        73M        40K       520K        23M
-/+ buffers/cache:       894M        97M
Swap:         8.0G       484M       7.5G

             total       used       free     shared    buffers     cached
Mem:          992M       919M        72M        40K       528K        23M
-/+ buffers/cache:       895M        96M
Swap:         8.0G       484M       7.5G

             total       used       free     shared    buffers     cached
Mem:          992M       920M        71M        40K       528K        23M
-/+ buffers/cache:       896M        95M
Swap:         8.0G       483M       7.5G

             total       used       free     shared    buffers     cached
Mem:          992M       921M        70M        40K       532K        23M
-/+ buffers/cache:       897M        94M
Swap:         8.0G       483M       7.5G

             total       used       free     shared    buffers     cached
Mem:          992M       922M        69M        40K       532K        23M
-/+ buffers/cache:       898M        93M
Swap:         8.0G       482M       7.5G

             total       used       free     shared    buffers     cached
Mem:          992M       923M        68M        40K       540K        23M
-/+ buffers/cache:       899M        92M
Swap:         8.0G       482M       7.5G

             total       used       free     shared    buffers     cached
Mem:          992M       924M        67M        40K       540K        23M
-/+ buffers/cache:       900M        91M
Swap:         8.0G       481M       7.5G

             total       used       free     shared    buffers     cached
Mem:          992M       928M        64M        40K       672K        24M
-/+ buffers/cache:       903M        89M
Swap:         8.0G       480M       7.5G

             total       used       free     shared    buffers     cached
Mem:          992M       929M        62M        40K       672K        24M
-/+ buffers/cache:       904M        88M
Swap:         8.0G       479M       7.5G

             total       used       free     shared    buffers     cached
Mem:          992M       913M        78M        40K       672K        24M
-/+ buffers/cache:       888M       103M
Swap:         8.0G       479M       7.5G

             total       used       free     shared    buffers     cached
Mem:          992M       914M        77M        40K       680K        24M
-/+ buffers/cache:       889M       102M
Swap:         8.0G       478M       7.5G

             total       used       free     shared    buffers     cached
Mem:          992M       916M        76M        40K       680K        24M
-/+ buffers/cache:       891M       100M
Swap:         8.0G       477M       7.5G

             total       used       free     shared    buffers     cached
Mem:          992M       917M        74M        40K       680K        24M
-/+ buffers/cache:       892M        99M
Swap:         8.0G       477M       7.5G

             total       used       free     shared    buffers     cached
Mem:          992M       918M        73M        40K       680K        24M
-/+ buffers/cache:       893M        98M
Swap:         8.0G       476M       7.5G

             total       used       free     shared    buffers     cached
Mem:          992M       919M        72M        40K       680K        24M
-/+ buffers/cache:       894M        97M
Swap:         8.0G       475M       7.5G

             total       used       free     shared    buffers     cached
Mem:          992M       920M        71M        40K       680K        24M
-/+ buffers/cache:       896M        96M
Swap:         8.0G       475M       7.5G

             total       used       free     shared    buffers     cached
Mem:          992M       921M        70M        40K       688K        24M
-/+ buffers/cache:       897M        95M
Swap:         8.0G       474M       7.5G

             total       used       free     shared    buffers     cached
Mem:          992M       923M        68M        40K       688K        24M
-/+ buffers/cache:       898M        93M
Swap:         8.0G       473M       7.5G

             total       used       free     shared    buffers     cached
Mem:          992M       924M        67M        40K       688K        24M
-/+ buffers/cache:       899M        92M
Swap:         8.0G       473M       7.5G

             total       used       free     shared    buffers     cached
Mem:          992M       925M        66M        40K       688K        24M
-/+ buffers/cache:       900M        91M
Swap:         8.0G       472M       7.5G

             total       used       free     shared    buffers     cached
Mem:          992M       927M        65M        40K       688K        24M
-/+ buffers/cache:       902M        89M
Swap:         8.0G       472M       7.5G

             total       used       free     shared    buffers     cached
Mem:          992M       928M        63M        40K       696K        24M
-/+ buffers/cache:       903M        88M
Swap:         8.0G       471M       7.5G

             total       used       free     shared    buffers     cached
Mem:          992M       912M        79M        40K       436K        22M
-/+ buffers/cache:       889M       102M
Swap:         8.0G       491M       7.5G

             total       used       free     shared    buffers     cached
Mem:          992M       912M        79M        40K       436K        22M
-/+ buffers/cache:       889M       102M
Swap:         8.0G       490M       7.5G

             total       used       free     shared    buffers     cached
Mem:          992M       913M        78M        40K       436K        22M
-/+ buffers/cache:       890M       101M
Swap:         8.0G       490M       7.5G

             total       used       free     shared    buffers     cached
Mem:          992M       915M        77M        40K       436K        22M
-/+ buffers/cache:       892M       100M
Swap:         8.0G       489M       7.5G

             total       used       free     shared    buffers     cached
Mem:          992M       916M        75M        40K       436K        22M
-/+ buffers/cache:       893M        99M
Swap:         8.0G       489M       7.5G

             total       used       free     shared    buffers     cached
Mem:          992M       917M        74M        40K       444K        22M
-/+ buffers/cache:       894M        97M
Swap:         8.0G       488M       7.5G

             total       used       free     shared    buffers     cached
Mem:          992M       918M        73M        40K       444K        22M
-/+ buffers/cache:       895M        96M
Swap:         8.0G       487M       7.5G

             total       used       free     shared    buffers     cached
Mem:          992M       920M        72M        40K       444K        22M
-/+ buffers/cache:       896M        95M
Swap:         8.0G       486M       7.5G

             total       used       free     shared    buffers     cached
Mem:          992M       921M        70M        40K       444K        22M
-/+ buffers/cache:       898M        94M
Swap:         8.0G       486M       7.5G

             total       used       free     shared    buffers     cached
Mem:          992M       922M        69M        40K       444K        22M
-/+ buffers/cache:       899M        92M
Swap:         8.0G       485M       7.5G

             total       used       free     shared    buffers     cached
Mem:          992M       923M        68M        40K       452K        22M
-/+ buffers/cache:       900M        91M
Swap:         8.0G       484M       7.5G

             total       used       free     shared    buffers     cached
Mem:          992M       925M        66M        40K       452K        22M
-/+ buffers/cache:       902M        90M
Swap:         8.0G       484M       7.5G

             total       used       free     shared    buffers     cached
Mem:          992M       926M        65M        40K       456K        22M
-/+ buffers/cache:       903M        88M
Swap:         8.0G       483M       7.5G

             total       used       free     shared    buffers     cached
Mem:          992M       927M        64M        40K       456K        22M
-/+ buffers/cache:       904M        87M
Swap:         8.0G       482M       7.5G

             total       used       free     shared    buffers     cached
Mem:          992M       928M        63M        40K       456K        22M
-/+ buffers/cache:       905M        86M
Swap:         8.0G       482M       7.5G

             total       used       free     shared    buffers     cached
Mem:          992M       917M        74M        40K       444K        21M
-/+ buffers/cache:       895M        97M
Swap:         8.0G       492M       7.5G

             total       used       free     shared    buffers     cached
Mem:          992M       918M        73M        40K       452K        21M
-/+ buffers/cache:       896M        95M
Swap:         8.0G       492M       7.5G

             total       used       free     shared    buffers     cached
Mem:          992M       919M        72M        40K       452K        21M
-/+ buffers/cache:       897M        94M
Swap:         8.0G       491M       7.5G

             total       used       free     shared    buffers     cached
Mem:          992M       921M        71M        40K       452K        21M
-/+ buffers/cache:       898M        93M
Swap:         8.0G       490M       7.5G

             total       used       free     shared    buffers     cached
Mem:          992M       922M        69M        40K       452K        21M
-/+ buffers/cache:       899M        92M
Swap:         8.0G       489M       7.5G

             total       used       free     shared    buffers     cached
Mem:          992M       923M        68M        40K       452K        21M
-/+ buffers/cache:       901M        90M
Swap:         8.0G       489M       7.5G

             total       used       free     shared    buffers     cached
Mem:          992M       925M        67M        40K       460K        21M
-/+ buffers/cache:       902M        89M
Swap:         8.0G       488M       7.5G

             total       used       free     shared    buffers     cached
Mem:          992M       926M        65M        40K       460K        22M
-/+ buffers/cache:       903M        88M
Swap:         8.0G       487M       7.5G

             total       used       free     shared    buffers     cached
Mem:          992M       917M        74M        40K       264K        28M
-/+ buffers/cache:       889M       102M
Swap:         8.0G       497M       7.5G

             total       used       free     shared    buffers     cached
Mem:          992M       919M        73M        40K       264K        28M
-/+ buffers/cache:       890M       101M
Swap:         8.0G       496M       7.5G

             total       used       free     shared    buffers     cached
Mem:          992M       920M        71M        40K       264K        28M
-/+ buffers/cache:       891M       100M
Swap:         8.0G       495M       7.5G

             total       used       free     shared    buffers     cached
Mem:          992M       921M        70M        40K       264K        28M
-/+ buffers/cache:       893M        98M
Swap:         8.0G       495M       7.5G

             total       used       free     shared    buffers     cached
Mem:          992M       923M        68M        40K       272K        27M
-/+ buffers/cache:       895M        97M
Swap:         8.0G       494M       7.5G

             total       used       free     shared    buffers     cached
Mem:          992M       924M        67M        40K       272K        28M
-/+ buffers/cache:       896M        95M
Swap:         8.0G       493M       7.5G

             total       used       free     shared    buffers     cached
Mem:          992M       926M        66M        40K       272K        27M
-/+ buffers/cache:       897M        94M
Swap:         8.0G       492M       7.5G

             total       used       free     shared    buffers     cached
Mem:          992M       927M        64M        40K       272K        28M
-/+ buffers/cache:       899M        93M
Swap:         8.0G       491M       7.5G

             total       used       free     shared    buffers     cached
Mem:          992M       928M        63M        40K       272K        28M
-/+ buffers/cache:       900M        91M
Swap:         8.0G       491M       7.5G

             total       used       free     shared    buffers     cached
Mem:          992M       912M        80M        40K       280K        25M
-/+ buffers/cache:       886M       105M
Swap:         8.0G       502M       7.5G

             total       used       free     shared    buffers     cached
Mem:          992M       913M        78M        40K       280K        25M
-/+ buffers/cache:       887M       104M
Swap:         8.0G       501M       7.5G

             total       used       free     shared    buffers     cached
Mem:          992M       914M        77M        40K       280K        25M
-/+ buffers/cache:       889M       103M
Swap:         8.0G       501M       7.5G

             total       used       free     shared    buffers     cached
Mem:          992M       916M        75M        40K       280K        25M
-/+ buffers/cache:       890M       101M
Swap:         8.0G       500M       7.5G

             total       used       free     shared    buffers     cached
Mem:          992M       917M        74M        40K       280K        25M
-/+ buffers/cache:       892M       100M
Swap:         8.0G       499M       7.5G

             total       used       free     shared    buffers     cached
Mem:          992M       919M        72M        40K       280K        25M
-/+ buffers/cache:       893M        98M
Swap:         8.0G       498M       7.5G

             total       used       free     shared    buffers     cached
Mem:          992M       920M        71M        40K       288K        25M
-/+ buffers/cache:       894M        97M
Swap:         8.0G       498M       7.5G

             total       used       free     shared    buffers     cached
Mem:          992M       922M        70M        40K       288K        25M
-/+ buffers/cache:       896M        95M
Swap:         8.0G       497M       7.5G

             total       used       free     shared    buffers     cached
Mem:          992M       923M        68M        40K       288K        25M
-/+ buffers/cache:       897M        94M
Swap:         8.0G       496M       7.5G

             total       used       free     shared    buffers     cached
Mem:          992M       925M        66M        40K       288K        26M
-/+ buffers/cache:       899M        92M
Swap:         8.0G       495M       7.5G

             total       used       free     shared    buffers     cached
Mem:          992M       928M        64M        40K       424K        27M
-/+ buffers/cache:       900M        91M
Swap:         8.0G       494M       7.5G

             total       used       free     shared    buffers     cached
Mem:          992M       914M        78M        44K       432K        24M
-/+ buffers/cache:       889M       102M
Swap:         8.0G       516M       7.5G

             total       used       free     shared    buffers     cached
Mem:          992M       915M        76M        44K       432K        24M
-/+ buffers/cache:       890M       101M
Swap:         8.0G       516M       7.5G

             total       used       free     shared    buffers     cached
Mem:          992M       923M        68M        44K       432K        27M
-/+ buffers/cache:       896M        95M
Swap:         8.0G       512M       7.5G

             total       used       free     shared    buffers     cached
Mem:          992M       925M        66M        44K       432K        27M
-/+ buffers/cache:       897M        94M
Swap:         8.0G       512M       7.5G

             total       used       free     shared    buffers     cached
Mem:          992M       917M        74M        44K       432K        28M
-/+ buffers/cache:       888M       103M
Swap:         8.0G       516M       7.5G

             total       used       free     shared    buffers     cached
Mem:          992M       917M        74M        44K       432K        28M
-/+ buffers/cache:       888M       103M
Swap:         8.0G       515M       7.5G

             total       used       free     shared    buffers     cached
Mem:          992M       918M        73M        44K       440K        28M
-/+ buffers/cache:       889M       102M
Swap:         8.0G       515M       7.5G

             total       used       free     shared    buffers     cached
Mem:          992M       919M        72M        44K       440K        28M
-/+ buffers/cache:       890M       102M
Swap:         8.0G       515M       7.5G

             total       used       free     shared    buffers     cached
Mem:          992M       919M        72M        44K       440K        28M
-/+ buffers/cache:       890M       101M
Swap:         8.0G       514M       7.5G

             total       used       free     shared    buffers     cached
Mem:          992M       920M        71M        44K       440K        28M
-/+ buffers/cache:       891M       100M
Swap:         8.0G       514M       7.5G

             total       used       free     shared    buffers     cached
Mem:          992M       921M        70M        44K       440K        28M
-/+ buffers/cache:       892M        99M
Swap:         8.0G       513M       7.5G

             total       used       free     shared    buffers     cached
Mem:          992M       922M        69M        44K       448K        28M
-/+ buffers/cache:       893M        98M
Swap:         8.0G       513M       7.5G

             total       used       free     shared    buffers     cached
Mem:          992M       923M        69M        44K       448K        28M
-/+ buffers/cache:       893M        98M
Swap:         8.0G       513M       7.5G

             total       used       free     shared    buffers     cached
Mem:          992M       924M        68M        44K       448K        28M
-/+ buffers/cache:       894M        97M
Swap:         8.0G       512M       7.5G

             total       used       free     shared    buffers     cached
Mem:          992M       918M        73M       200K       280K        31M
-/+ buffers/cache:       886M       105M
Swap:         8.0G       520M       7.5G

             total       used       free     shared    buffers     cached
Mem:          992M       918M        73M       3.9M       5.0M        53M
-/+ buffers/cache:       859M       132M
Swap:         8.0G       556M       7.5G

             total       used       free     shared    buffers     cached
Mem:          992M       908M        83M       240K       3.9M        59M
-/+ buffers/cache:       844M       147M
Swap:         8.0G       584M       7.4G

             total       used       free     shared    buffers     cached
Mem:          992M       914M        77M       232K       4.1M        61M
-/+ buffers/cache:       848M       143M
Swap:         8.0G       582M       7.4G

             total       used       free     shared    buffers     cached
Mem:          992M       921M        70M       244K       4.1M        63M
-/+ buffers/cache:       854M       137M
Swap:         8.0G       579M       7.4G

             total       used       free     shared    buffers     cached
Mem:          992M       922M        69M       244K       4.1M        63M
-/+ buffers/cache:       855M       136M
Swap:         8.0G       578M       7.4G

             total       used       free     shared    buffers     cached
Mem:          992M       923M        68M       244K       4.1M        63M
-/+ buffers/cache:       856M       135M
Swap:         8.0G       578M       7.4G

             total       used       free     shared    buffers     cached
Mem:          992M       925M        67M       244K       4.1M        63M
-/+ buffers/cache:       857M       134M
Swap:         8.0G       577M       7.4G

             total       used       free     shared    buffers     cached
Mem:          992M       927M        64M       244K       4.2M        63M
-/+ buffers/cache:       859M       132M
Swap:         8.0G       576M       7.4G

             total       used       free     shared    buffers     cached
Mem:          992M       928M        63M       244K       4.2M        63M
-/+ buffers/cache:       860M       131M
Swap:         8.0G       576M       7.4G

             total       used       free     shared    buffers     cached
Mem:          992M       911M        80M       244K       4.2M        62M
-/+ buffers/cache:       844M       147M
Swap:         8.0G       577M       7.4G

             total       used       free     shared    buffers     cached
Mem:          992M       912M        79M       244K       4.2M        62M
-/+ buffers/cache:       845M       146M
Swap:         8.0G       576M       7.4G

             total       used       free     shared    buffers     cached
Mem:          992M       914M        78M       244K       4.2M        62M
-/+ buffers/cache:       847M       144M
Swap:         8.0G       576M       7.4G

             total       used       free     shared    buffers     cached
Mem:          992M       915M        76M       244K       4.2M        62M
-/+ buffers/cache:       848M       143M
Swap:         8.0G       575M       7.4G

             total       used       free     shared    buffers     cached
Mem:          992M       916M        75M       244K       4.2M        62M
-/+ buffers/cache:       849M       142M
Swap:         8.0G       574M       7.4G

             total       used       free     shared    buffers     cached
Mem:          992M       918M        73M       244K       4.2M        63M
-/+ buffers/cache:       851M       140M
Swap:         8.0G       574M       7.4G

             total       used       free     shared    buffers     cached
Mem:          992M       919M        72M       244K       4.2M        62M
-/+ buffers/cache:       852M       139M
Swap:         8.0G       573M       7.4G

             total       used       free     shared    buffers     cached
Mem:          992M       921M        70M       244K       4.2M        62M
-/+ buffers/cache:       853M       138M
Swap:         8.0G       573M       7.4G

             total       used       free     shared    buffers     cached
Mem:          992M       922M        69M       244K       4.2M        62M
-/+ buffers/cache:       855M       136M
Swap:         8.0G       572M       7.4G

             total       used       free     shared    buffers     cached
Mem:          992M       923M        68M       244K       4.3M        63M
-/+ buffers/cache:       856M       135M
Swap:         8.0G       572M       7.4G

             total       used       free     shared    buffers     cached
Mem:          992M       925M        66M       244K       4.3M        62M
-/+ buffers/cache:       858M       134M
Swap:         8.0G       571M       7.4G

             total       used       free     shared    buffers     cached
Mem:          992M       926M        65M       244K       4.3M        62M
-/+ buffers/cache:       859M       132M
Swap:         8.0G       570M       7.4G

             total       used       free     shared    buffers     cached
Mem:          992M       928M        64M       244K       4.3M        63M
-/+ buffers/cache:       860M       131M
Swap:         8.0G       570M       7.4G

             total       used       free     shared    buffers     cached
Mem:          992M       918M        73M       244K       4.3M        61M
-/+ buffers/cache:       852M       139M
Swap:         8.0G       578M       7.4G

             total       used       free     shared    buffers     cached
Mem:          992M       919M        73M       244K       4.3M        61M
-/+ buffers/cache:       853M       139M
Swap:         8.0G       578M       7.4G

             total       used       free     shared    buffers     cached
Mem:          992M       920M        71M       244K       4.3M        62M
-/+ buffers/cache:       854M       138M
Swap:         8.0G       577M       7.4G

             total       used       free     shared    buffers     cached
Mem:          992M       921M        70M       244K       4.3M        62M
-/+ buffers/cache:       855M       136M
Swap:         8.0G       577M       7.4G

             total       used       free     shared    buffers     cached
Mem:          992M       923M        68M       244K       4.3M        62M
-/+ buffers/cache:       856M       135M
Swap:         8.0G       576M       7.4G

             total       used       free     shared    buffers     cached
Mem:          992M       924M        67M       244K       4.3M        62M
-/+ buffers/cache:       857M       134M
Swap:         8.0G       576M       7.4G

             total       used       free     shared    buffers     cached
Mem:          992M       925M        66M       244K       4.3M        62M
-/+ buffers/cache:       859M       132M
Swap:         8.0G       575M       7.4G

             total       used       free     shared    buffers     cached
Mem:          992M       927M        65M       244K       4.3M        62M
-/+ buffers/cache:       860M       131M
Swap:         8.0G       574M       7.4G

             total       used       free     shared    buffers     cached
Mem:          992M       928M        63M       244K       4.3M        62M
-/+ buffers/cache:       862M       130M
Swap:         8.0G       574M       7.4G

             total       used       free     shared    buffers     cached
Mem:          992M       916M        75M       244K       3.5M        60M
-/+ buffers/cache:       852M       139M
Swap:         8.0G       588M       7.4G

             total       used       free     shared    buffers     cached
Mem:          992M       917M        74M       244K       3.5M        60M
-/+ buffers/cache:       853M       138M
Swap:         8.0G       587M       7.4G

             total       used       free     shared    buffers     cached
Mem:          992M       918M        73M       244K       3.5M        60M
-/+ buffers/cache:       855M       137M
Swap:         8.0G       586M       7.4G

             total       used       free     shared    buffers     cached
Mem:          992M       919M        72M       244K       3.5M        60M
-/+ buffers/cache:       856M       136M
Swap:         8.0G       586M       7.4G

             total       used       free     shared    buffers     cached
Mem:          992M       921M        70M       244K       3.5M        60M
-/+ buffers/cache:       857M       134M
Swap:         8.0G       585M       7.4G

             total       used       free     shared    buffers     cached
Mem:          992M       919M        72M       288K       7.9M        74M
-/+ buffers/cache:       837M       154M
Swap:         8.0G       601M       7.4G

             total       used       free     shared    buffers     cached
Mem:          992M       924M        68M       292K       7.9M        74M
-/+ buffers/cache:       842M       150M
Swap:         8.0G       600M       7.4G
