             total       used       free     shared    buffers     cached
Mem:          992M       663M       328M       3.2M        39M       289M
-/+ buffers/cache:       335M       657M
Swap:         8.0G         0B       8.0G

             total       used       free     shared    buffers     cached
Mem:          992M       662M       329M       1.4M        39M       288M
-/+ buffers/cache:       335M       656M
Swap:         8.0G         0B       8.0G

             total       used       free     shared    buffers     cached
Mem:          992M       662M       329M       1.4M        39M       288M
-/+ buffers/cache:       335M       656M
Swap:         8.0G         0B       8.0G

             total       used       free     shared    buffers     cached
Mem:          992M       662M       329M       1.4M        39M       288M
-/+ buffers/cache:       335M       656M
Swap:         8.0G         0B       8.0G

             total       used       free     shared    buffers     cached
Mem:          992M       662M       329M       1.4M        39M       288M
-/+ buffers/cache:       335M       656M
Swap:         8.0G         0B       8.0G

             total       used       free     shared    buffers     cached
Mem:          992M       662M       329M       1.4M        39M       288M
-/+ buffers/cache:       335M       656M
Swap:         8.0G         0B       8.0G

             total       used       free     shared    buffers     cached
Mem:          992M       662M       329M       1.4M        39M       288M
-/+ buffers/cache:       335M       656M
Swap:         8.0G         0B       8.0G

             total       used       free     shared    buffers     cached
Mem:          992M       662M       330M       1.4M        39M       288M
-/+ buffers/cache:       334M       657M
Swap:         8.0G         0B       8.0G

             total       used       free     shared    buffers     cached
Mem:          992M       661M       330M       1.4M        39M       288M
-/+ buffers/cache:       334M       657M
Swap:         8.0G         0B       8.0G

             total       used       free     shared    buffers     cached
Mem:          992M       665M       326M       1.4M        39M       288M
-/+ buffers/cache:       338M       654M
Swap:         8.0G         0B       8.0G

             total       used       free     shared    buffers     cached
Mem:          992M       682M       310M       1.4M        39M       288M
-/+ buffers/cache:       354M       637M
Swap:         8.0G         0B       8.0G

             total       used       free     shared    buffers     cached
Mem:          992M       688M       303M       1.4M        39M       288M
-/+ buffers/cache:       361M       631M
Swap:         8.0G         0B       8.0G

             total       used       free     shared    buffers     cached
Mem:          992M       671M       321M       1.5M        39M       289M
-/+ buffers/cache:       342M       649M
Swap:         8.0G         0B       8.0G

             total       used       free     shared    buffers     cached
Mem:          992M       671M       321M       1.5M        39M       289M
-/+ buffers/cache:       342M       649M
Swap:         8.0G         0B       8.0G

             total       used       free     shared    buffers     cached
Mem:          992M       671M       320M       1.5M        39M       289M
-/+ buffers/cache:       342M       649M
Swap:         8.0G         0B       8.0G

             total       used       free     shared    buffers     cached
Mem:          992M       671M       320M       1.5M        39M       289M
-/+ buffers/cache:       342M       649M
Swap:         8.0G         0B       8.0G

             total       used       free     shared    buffers     cached
Mem:          992M       671M       320M       1.5M        39M       289M
-/+ buffers/cache:       342M       649M
Swap:         8.0G         0B       8.0G

             total       used       free     shared    buffers     cached
Mem:          992M       671M       320M       1.5M        39M       289M
-/+ buffers/cache:       342M       649M
Swap:         8.0G         0B       8.0G

             total       used       free     shared    buffers     cached
Mem:          992M       671M       320M       1.5M        39M       289M
-/+ buffers/cache:       342M       649M
Swap:         8.0G         0B       8.0G

             total       used       free     shared    buffers     cached
Mem:          992M       671M       320M       1.5M        39M       289M
-/+ buffers/cache:       342M       649M
Swap:         8.0G         0B       8.0G

             total       used       free     shared    buffers     cached
Mem:          992M       671M       320M       1.5M        39M       289M
-/+ buffers/cache:       342M       649M
Swap:         8.0G         0B       8.0G

             total       used       free     shared    buffers     cached
Mem:          992M       671M       320M       1.5M        39M       289M
-/+ buffers/cache:       342M       649M
Swap:         8.0G         0B       8.0G

             total       used       free     shared    buffers     cached
Mem:          992M       671M       320M       1.5M        39M       289M
-/+ buffers/cache:       342M       649M
Swap:         8.0G         0B       8.0G

             total       used       free     shared    buffers     cached
Mem:          992M       671M       320M       1.5M        39M       289M
-/+ buffers/cache:       342M       649M
Swap:         8.0G         0B       8.0G

             total       used       free     shared    buffers     cached
Mem:          992M       671M       320M       1.5M        39M       289M
-/+ buffers/cache:       342M       649M
Swap:         8.0G         0B       8.0G

             total       used       free     shared    buffers     cached
Mem:          992M       671M       320M       1.5M        39M       289M
-/+ buffers/cache:       342M       649M
Swap:         8.0G         0B       8.0G

             total       used       free     shared    buffers     cached
Mem:          992M       671M       320M       1.5M        39M       289M
-/+ buffers/cache:       342M       649M
Swap:         8.0G         0B       8.0G

             total       used       free     shared    buffers     cached
Mem:          992M       671M       320M       1.5M        39M       289M
-/+ buffers/cache:       342M       649M
Swap:         8.0G         0B       8.0G

             total       used       free     shared    buffers     cached
Mem:          992M       671M       320M       1.5M        39M       289M
-/+ buffers/cache:       342M       649M
Swap:         8.0G         0B       8.0G

             total       used       free     shared    buffers     cached
Mem:          992M       671M       320M       1.5M        39M       289M
-/+ buffers/cache:       342M       649M
Swap:         8.0G         0B       8.0G

             total       used       free     shared    buffers     cached
Mem:          992M       671M       320M       1.5M        39M       289M
-/+ buffers/cache:       342M       649M
Swap:         8.0G         0B       8.0G

             total       used       free     shared    buffers     cached
Mem:          992M       671M       320M       1.5M        39M       289M
-/+ buffers/cache:       342M       649M
Swap:         8.0G         0B       8.0G

             total       used       free     shared    buffers     cached
Mem:          992M       671M       320M       1.5M        39M       289M
-/+ buffers/cache:       342M       649M
Swap:         8.0G         0B       8.0G

             total       used       free     shared    buffers     cached
Mem:          992M       679M       313M       1.5M        39M       289M
-/+ buffers/cache:       350M       642M
Swap:         8.0G         0B       8.0G

             total       used       free     shared    buffers     cached
Mem:          992M       695M       296M       1.5M        39M       289M
-/+ buffers/cache:       366M       625M
Swap:         8.0G         0B       8.0G

             total       used       free     shared    buffers     cached
Mem:          992M       712M       280M       1.5M        39M       289M
-/+ buffers/cache:       383M       609M
Swap:         8.0G         0B       8.0G

             total       used       free     shared    buffers     cached
Mem:          992M       728M       264M       1.5M        39M       289M
-/+ buffers/cache:       399M       593M
Swap:         8.0G         0B       8.0G

             total       used       free     shared    buffers     cached
Mem:          992M       744M       247M       1.5M        39M       289M
-/+ buffers/cache:       415M       576M
Swap:         8.0G         0B       8.0G

             total       used       free     shared    buffers     cached
Mem:          992M       759M       233M       1.5M        39M       289M
-/+ buffers/cache:       430M       562M
Swap:         8.0G         0B       8.0G

             total       used       free     shared    buffers     cached
Mem:          992M       774M       218M       1.5M        39M       289M
-/+ buffers/cache:       445M       546M
Swap:         8.0G         0B       8.0G

             total       used       free     shared    buffers     cached
Mem:          992M       787M       204M       1.5M        39M       289M
-/+ buffers/cache:       458M       533M
Swap:         8.0G         0B       8.0G

             total       used       free     shared    buffers     cached
Mem:          992M       803M       188M       1.5M        39M       289M
-/+ buffers/cache:       474M       517M
Swap:         8.0G         0B       8.0G

             total       used       free     shared    buffers     cached
Mem:          992M       818M       173M       1.5M        39M       289M
-/+ buffers/cache:       489M       502M
Swap:         8.0G         0B       8.0G

             total       used       free     shared    buffers     cached
Mem:          992M       835M       156M       1.5M        39M       289M
-/+ buffers/cache:       506M       485M
Swap:         8.0G         0B       8.0G

             total       used       free     shared    buffers     cached
Mem:          992M       851M       140M       1.5M        39M       289M
-/+ buffers/cache:       522M       469M
Swap:         8.0G         0B       8.0G

             total       used       free     shared    buffers     cached
Mem:          992M       867M       125M       1.5M        39M       289M
-/+ buffers/cache:       538M       454M
Swap:         8.0G         0B       8.0G

             total       used       free     shared    buffers     cached
Mem:          992M       882M       109M       1.5M        39M       289M
-/+ buffers/cache:       553M       438M
Swap:         8.0G         0B       8.0G

             total       used       free     shared    buffers     cached
Mem:          992M       896M        95M       1.5M        39M       289M
-/+ buffers/cache:       567M       424M
Swap:         8.0G         0B       8.0G

             total       used       free     shared    buffers     cached
Mem:          992M       909M        82M       1.5M        39M       289M
-/+ buffers/cache:       580M       411M
Swap:         8.0G         0B       8.0G

             total       used       free     shared    buffers     cached
Mem:          992M       923M        68M       1.5M        39M       289M
-/+ buffers/cache:       594M       397M
Swap:         8.0G         0B       8.0G

             total       used       free     shared    buffers     cached
Mem:          992M       923M        68M       1.5M        24M       288M
-/+ buffers/cache:       610M       381M
Swap:         8.0G         0B       8.0G

             total       used       free     shared    buffers     cached
Mem:          992M       924M        67M       1.5M        10M       288M
-/+ buffers/cache:       625M       366M
Swap:         8.0G         0B       8.0G

             total       used       free     shared    buffers     cached
Mem:          992M       922M        69M       1.4M        10M       272M
-/+ buffers/cache:       640M       352M
Swap:         8.0G        76K       8.0G

             total       used       free     shared    buffers     cached
Mem:          992M       931M        60M       1.4M        10M       266M
-/+ buffers/cache:       655M       337M
Swap:         8.0G       100K       8.0G

             total       used       free     shared    buffers     cached
Mem:          992M       927M        64M       1.3M        10M       246M
-/+ buffers/cache:       670M       322M
Swap:         8.0G       924K       8.0G

             total       used       free     shared    buffers     cached
Mem:          992M       926M        66M       1.2M        10M       233M
-/+ buffers/cache:       682M       310M
Swap:         8.0G       5.3M       8.0G

             total       used       free     shared    buffers     cached
Mem:          992M       910M        82M       1.1M        10M       207M
-/+ buffers/cache:       692M       299M
Swap:         8.0G         9M       8.0G

             total       used       free     shared    buffers     cached
Mem:          992M       923M        68M       1.1M        10M       207M
-/+ buffers/cache:       705M       286M
Swap:         8.0G         9M       8.0G

             total       used       free     shared    buffers     cached
Mem:          992M       923M        68M       1.1M       3.4M       200M
-/+ buffers/cache:       719M       272M
Swap:         8.0G         9M       8.0G

             total       used       free     shared    buffers     cached
Mem:          992M       925M        66M       1.1M       2.1M       189M
-/+ buffers/cache:       733M       258M
Swap:         8.0G         9M       8.0G

             total       used       free     shared    buffers     cached
Mem:          992M       925M        66M       1.1M       372K       177M
-/+ buffers/cache:       748M       243M
Swap:         8.0G         9M       8.0G

             total       used       free     shared    buffers     cached
Mem:          992M       918M        73M       1.1M       228K       156M
-/+ buffers/cache:       761M       230M
Swap:         8.0G         9M       8.0G

             total       used       free     shared    buffers     cached
Mem:          992M       932M        59M       1.1M       452K       156M
-/+ buffers/cache:       775M       216M
Swap:         8.0G         9M       8.0G

             total       used       free     shared    buffers     cached
Mem:          992M       923M        69M       1.1M       428K       137M
-/+ buffers/cache:       785M       207M
Swap:         8.0G         9M       8.0G

             total       used       free     shared    buffers     cached
Mem:          992M       932M        59M       1.1M       436K       137M
-/+ buffers/cache:       794M       197M
Swap:         8.0G         9M       8.0G

             total       used       free     shared    buffers     cached
Mem:          992M       929M        63M       1.1M       284K       121M
-/+ buffers/cache:       807M       184M
Swap:         8.0G         9M       8.0G

             total       used       free     shared    buffers     cached
Mem:          992M       927M        64M       1.1M       288K       107M
-/+ buffers/cache:       820M       171M
Swap:         8.0G         9M       8.0G

             total       used       free     shared    buffers     cached
Mem:          992M       926M        65M       1.1M       288K        94M
-/+ buffers/cache:       831M       160M
Swap:         8.0G         9M       8.0G

             total       used       free     shared    buffers     cached
Mem:          992M       922M        69M       1.1M       288K        77M
-/+ buffers/cache:       844M       147M
Swap:         8.0G         9M       8.0G

             total       used       free     shared    buffers     cached
Mem:          992M       918M        73M       1.1M       2.8M        57M
-/+ buffers/cache:       858M       133M
Swap:         8.0G         9M       8.0G

             total       used       free     shared    buffers     cached
Mem:          992M       925M        66M       1.1M       2.8M        50M
-/+ buffers/cache:       873M       119M
Swap:         8.0G         9M       8.0G

             total       used       free     shared    buffers     cached
Mem:          992M       929M        62M       1.1M       2.8M        38M
-/+ buffers/cache:       887M       104M
Swap:         8.0G         9M       8.0G

             total       used       free     shared    buffers     cached
Mem:          992M       925M        66M       1.1M       2.8M        22M
-/+ buffers/cache:       899M        92M
Swap:         8.0G         9M       8.0G

             total       used       free     shared    buffers     cached
Mem:          992M       924M        67M       1.1M       100K       9.6M
-/+ buffers/cache:       914M        77M
Swap:         8.0G         9M       8.0G

             total       used       free     shared    buffers     cached
Mem:          992M       920M        71M       1.0M       216K       3.1M
-/+ buffers/cache:       917M        75M
Swap:         8.0G        21M       8.0G

             total       used       free     shared    buffers     cached
Mem:          992M       929M        63M       1.0M       212K       3.0M
-/+ buffers/cache:       925M        66M
Swap:         8.0G        29M       8.0G

             total       used       free     shared    buffers     cached
Mem:          992M       905M        86M       676K       184K       2.4M
-/+ buffers/cache:       902M        89M
Swap:         8.0G        92M       7.9G

             total       used       free     shared    buffers     cached
Mem:          992M       919M        72M       676K       184K       2.6M
-/+ buffers/cache:       916M        75M
Swap:         8.0G        92M       7.9G

             total       used       free     shared    buffers     cached
Mem:          992M       920M        71M       676K       184K       2.7M
-/+ buffers/cache:       917M        74M
Swap:         8.0G        92M       7.9G

             total       used       free     shared    buffers     cached
Mem:          992M       922M        69M       676K       184K       3.0M
-/+ buffers/cache:       919M        72M
Swap:         8.0G        92M       7.9G

             total       used       free     shared    buffers     cached
Mem:          992M       919M        72M       624K       176K       2.9M
-/+ buffers/cache:       916M        75M
Swap:         8.0G       138M       7.9G

             total       used       free     shared    buffers     cached
Mem:          992M       919M        73M       608K       224K        18M
-/+ buffers/cache:       900M        92M
Swap:         8.0G       147M       7.9G

             total       used       free     shared    buffers     cached
Mem:          992M       920M        72M       608K       536K        18M
-/+ buffers/cache:       900M        91M
Swap:         8.0G       150M       7.8G

             total       used       free     shared    buffers     cached
Mem:          992M       923M        69M       596K       488K        16M
-/+ buffers/cache:       906M        85M
Swap:         8.0G       162M       7.8G

             total       used       free     shared    buffers     cached
Mem:          992M       921M        71M       584K       488K        14M
-/+ buffers/cache:       905M        86M
Swap:         8.0G       188M       7.8G

             total       used       free     shared    buffers     cached
Mem:          992M       918M        73M       576K       488K        14M
-/+ buffers/cache:       903M        88M
Swap:         8.0G       188M       7.8G

             total       used       free     shared    buffers     cached
Mem:          992M       914M        77M       576K       496K        12M
-/+ buffers/cache:       901M        91M
Swap:         8.0G       216M       7.8G

             total       used       free     shared    buffers     cached
Mem:          992M       926M        65M       576K       496K        12M
-/+ buffers/cache:       913M        78M
Swap:         8.0G       216M       7.8G

             total       used       free     shared    buffers     cached
Mem:          992M       924M        68M       552K       104K       8.3M
-/+ buffers/cache:       915M        76M
Swap:         8.0G       235M       7.8G

             total       used       free     shared    buffers     cached
Mem:          992M       914M        78M       552K       104K       3.4M
-/+ buffers/cache:       910M        81M
Swap:         8.0G       239M       7.8G

             total       used       free     shared    buffers     cached
Mem:          992M       928M        64M       540K       112K       3.4M
-/+ buffers/cache:       924M        67M
Swap:         8.0G       239M       7.8G

             total       used       free     shared    buffers     cached
Mem:          992M       922M        70M       540K       120K       3.3M
-/+ buffers/cache:       918M        73M
Swap:         8.0G       251M       7.8G

             total       used       free     shared    buffers     cached
Mem:          992M       930M        61M       540K       120K       3.3M
-/+ buffers/cache:       927M        65M
Swap:         8.0G       251M       7.8G

             total       used       free     shared    buffers     cached
Mem:          992M       924M        67M       540K       120K       3.4M
-/+ buffers/cache:       920M        71M
Swap:         8.0G       276M       7.7G

             total       used       free     shared    buffers     cached
Mem:          992M       930M        61M       540K       120K       3.4M
-/+ buffers/cache:       926M        65M
Swap:         8.0G       276M       7.7G

             total       used       free     shared    buffers     cached
Mem:          992M       923M        68M       540K       120K       3.4M
-/+ buffers/cache:       920M        71M
Swap:         8.0G       276M       7.7G

             total       used       free     shared    buffers     cached
Mem:          992M       929M        62M       540K       120K       3.4M
-/+ buffers/cache:       926M        65M
Swap:         8.0G       276M       7.7G

             total       used       free     shared    buffers     cached
Mem:          992M       921M        70M       540K        92K       2.5M
-/+ buffers/cache:       919M        73M
Swap:         8.0G       295M       7.7G

             total       used       free     shared    buffers     cached
Mem:          992M       926M        65M       540K        92K       2.5M
-/+ buffers/cache:       924M        68M
Swap:         8.0G       295M       7.7G

             total       used       free     shared    buffers     cached
Mem:          992M       920M        72M       540K        92K       2.5M
-/+ buffers/cache:       917M        74M
Swap:         8.0G       307M       7.7G

             total       used       free     shared    buffers     cached
Mem:          992M       924M        67M       540K        92K       2.5M
-/+ buffers/cache:       922M        70M
Swap:         8.0G       307M       7.7G

             total       used       free     shared    buffers     cached
Mem:          992M       930M        62M       540K        92K       2.5M
-/+ buffers/cache:       927M        64M
Swap:         8.0G       307M       7.7G

             total       used       free     shared    buffers     cached
Mem:          992M       917M        74M       320K        84K       2.2M
-/+ buffers/cache:       915M        76M
Swap:         8.0G       322M       7.7G

             total       used       free     shared    buffers     cached
Mem:          992M       921M        70M       320K        84K       2.2M
-/+ buffers/cache:       919M        72M
Swap:         8.0G       322M       7.7G

             total       used       free     shared    buffers     cached
Mem:          992M       926M        66M       320K        88K       2.2M
-/+ buffers/cache:       923M        68M
Swap:         8.0G       322M       7.7G

             total       used       free     shared    buffers     cached
Mem:          992M       931M        60M       320K        88K       2.2M
-/+ buffers/cache:       929M        63M
Swap:         8.0G       322M       7.7G

             total       used       free     shared    buffers     cached
Mem:          992M       922M        69M        64K        88K       1.9M
-/+ buffers/cache:       920M        71M
Swap:         8.0G       338M       7.7G

             total       used       free     shared    buffers     cached
Mem:          992M       918M        73M        64K        96K       2.0M
-/+ buffers/cache:       916M        75M
Swap:         8.0G       344M       7.7G

             total       used       free     shared    buffers     cached
Mem:          992M       923M        68M        64K        96K       2.0M
-/+ buffers/cache:       921M        70M
Swap:         8.0G       334M       7.7G

             total       used       free     shared    buffers     cached
Mem:          992M       921M        70M        64K        96K       1.9M
-/+ buffers/cache:       919M        72M
Swap:         8.0G       327M       7.7G

             total       used       free     shared    buffers     cached
Mem:          992M       919M        72M        60K        84K       1.8M
-/+ buffers/cache:       917M        74M
Swap:         8.0G       330M       7.7G

             total       used       free     shared    buffers     cached
Mem:          992M       923M        68M        44K        76K       1.5M
-/+ buffers/cache:       921M        70M
Swap:         8.0G       334M       7.7G

             total       used       free     shared    buffers     cached
Mem:          992M       922M        69M         8K        88K       1.4M
-/+ buffers/cache:       921M        71M
Swap:         8.0G       329M       7.7G

             total       used       free     shared    buffers     cached
Mem:          992M       920M        71M         0B        96K       1.4M
-/+ buffers/cache:       918M        73M
Swap:         8.0G       330M       7.7G

             total       used       free     shared    buffers     cached
Mem:          992M       923M        68M         0B        96K       1.4M
-/+ buffers/cache:       922M        70M
Swap:         8.0G       327M       7.7G

             total       used       free     shared    buffers     cached
Mem:          992M       920M        71M         0B        96K       1.4M
-/+ buffers/cache:       919M        73M
Swap:         8.0G       338M       7.7G

             total       used       free     shared    buffers     cached
Mem:          992M       923M        68M         0B        96K       1.3M
-/+ buffers/cache:       921M        70M
Swap:         8.0G       337M       7.7G

             total       used       free     shared    buffers     cached
Mem:          992M       920M        71M         0B        96K       1.3M
-/+ buffers/cache:       919M        73M
Swap:         8.0G       341M       7.7G

             total       used       free     shared    buffers     cached
Mem:          992M       919M        72M         0B       104K       1.3M
-/+ buffers/cache:       918M        73M
Swap:         8.0G       350M       7.7G

             total       used       free     shared    buffers     cached
Mem:          992M       919M        72M         0B       104K       1.3M
-/+ buffers/cache:       918M        73M
Swap:         8.0G       360M       7.6G

             total       used       free     shared    buffers     cached
Mem:          992M       919M        72M         0B       104K       1.7M
-/+ buffers/cache:       918M        73M
Swap:         8.0G       348M       7.7G

             total       used       free     shared    buffers     cached
Mem:          992M       924M        67M         0B       104K       1.7M
-/+ buffers/cache:       922M        69M
Swap:         8.0G       346M       7.7G

             total       used       free     shared    buffers     cached
Mem:          992M       931M        60M         0B       104K       1.7M
-/+ buffers/cache:       929M        62M
Swap:         8.0G       345M       7.7G

             total       used       free     shared    buffers     cached
Mem:          992M       920M        71M         0B       112K       1.6M
-/+ buffers/cache:       919M        73M
Swap:         8.0G       363M       7.6G

             total       used       free     shared    buffers     cached
Mem:          992M       926M        65M         0B       112K       1.7M
-/+ buffers/cache:       924M        67M
Swap:         8.0G       363M       7.6G

             total       used       free     shared    buffers     cached
Mem:          992M       919M        72M         0B       112K       1.6M
-/+ buffers/cache:       917M        74M
Swap:         8.0G       377M       7.6G

             total       used       free     shared    buffers     cached
Mem:          992M       925M        66M         0B       112K       1.7M
-/+ buffers/cache:       923M        68M
Swap:         8.0G       377M       7.6G

             total       used       free     shared    buffers     cached
Mem:          992M       930M        61M         0B       112K       1.6M
-/+ buffers/cache:       929M        63M
Swap:         8.0G       377M       7.6G

             total       used       free     shared    buffers     cached
Mem:          992M       921M        70M         0B       112K       1.7M
-/+ buffers/cache:       920M        72M
Swap:         8.0G       388M       7.6G

             total       used       free     shared    buffers     cached
Mem:          992M       927M        64M         0B       252K       2.5M
-/+ buffers/cache:       925M        67M
Swap:         8.0G       387M       7.6G

             total       used       free     shared    buffers     cached
Mem:          992M       930M        61M         0B       252K       2.4M
-/+ buffers/cache:       927M        64M
Swap:         8.0G       386M       7.6G

             total       used       free     shared    buffers     cached
Mem:          992M       918M        74M         0B       192K       2.6M
-/+ buffers/cache:       915M        76M
Swap:         8.0G       406M       7.6G

             total       used       free     shared    buffers     cached
Mem:          992M       920M        71M         0B       192K       2.6M
-/+ buffers/cache:       918M        74M
Swap:         8.0G       405M       7.6G

             total       used       free     shared    buffers     cached
Mem:          992M       923M        68M         0B       192K       2.6M
-/+ buffers/cache:       920M        71M
Swap:         8.0G       404M       7.6G

             total       used       free     shared    buffers     cached
Mem:          992M       925M        66M         0B       200K       2.6M
-/+ buffers/cache:       922M        69M
Swap:         8.0G       403M       7.6G

             total       used       free     shared    buffers     cached
Mem:          992M       928M        64M         0B       200K       2.6M
-/+ buffers/cache:       925M        66M
Swap:         8.0G       402M       7.6G

             total       used       free     shared    buffers     cached
Mem:          992M       931M        61M         0B       200K       2.6M
-/+ buffers/cache:       928M        63M
Swap:         8.0G       400M       7.6G

             total       used       free     shared    buffers     cached
Mem:          992M       921M        70M         0B       200K       2.6M
-/+ buffers/cache:       918M        73M
Swap:         8.0G       402M       7.6G

             total       used       free     shared    buffers     cached
Mem:          992M       923M        68M         0B       200K       2.6M
-/+ buffers/cache:       921M        71M
Swap:         8.0G       401M       7.6G

             total       used       free     shared    buffers     cached
Mem:          992M       926M        65M         0B       208K       2.6M
-/+ buffers/cache:       923M        68M
Swap:         8.0G       400M       7.6G

             total       used       free     shared    buffers     cached
Mem:          992M       929M        63M         0B       208K       2.7M
-/+ buffers/cache:       926M        65M
Swap:         8.0G       398M       7.6G

             total       used       free     shared    buffers     cached
Mem:          992M       911M        80M         0B       176K        20M
-/+ buffers/cache:       891M       100M
Swap:         8.0G       438M       7.6G

             total       used       free     shared    buffers     cached
Mem:          992M       915M        76M         0B       520K        20M
-/+ buffers/cache:       894M        97M
Swap:         8.0G       437M       7.6G

             total       used       free     shared    buffers     cached
Mem:          992M       917M        74M         0B       520K        20M
-/+ buffers/cache:       896M        96M
Swap:         8.0G       436M       7.6G

             total       used       free     shared    buffers     cached
Mem:          992M       919M        72M         0B       528K        20M
-/+ buffers/cache:       898M        93M
Swap:         8.0G       435M       7.6G

             total       used       free     shared    buffers     cached
Mem:          992M       922M        70M         0B       528K        20M
-/+ buffers/cache:       900M        91M
Swap:         8.0G       435M       7.6G

             total       used       free     shared    buffers     cached
Mem:          992M       924M        67M         0B       528K        20M
-/+ buffers/cache:       903M        89M
Swap:         8.0G       434M       7.6G

             total       used       free     shared    buffers     cached
Mem:          992M       926M        65M         0B       528K        20M
-/+ buffers/cache:       905M        86M
Swap:         8.0G       433M       7.6G

             total       used       free     shared    buffers     cached
Mem:          992M       929M        62M         0B       528K        20M
-/+ buffers/cache:       907M        84M
Swap:         8.0G       432M       7.6G

             total       used       free     shared    buffers     cached
Mem:          992M       910M        81M         0B       512K        19M
-/+ buffers/cache:       890M       101M
Swap:         8.0G       453M       7.6G

             total       used       free     shared    buffers     cached
Mem:          992M       911M        80M         0B       520K        18M
-/+ buffers/cache:       892M        99M
Swap:         8.0G       452M       7.6G

             total       used       free     shared    buffers     cached
Mem:          992M       914M        77M         0B       520K        19M
-/+ buffers/cache:       895M        97M
Swap:         8.0G       451M       7.6G

             total       used       free     shared    buffers     cached
Mem:          992M       916M        75M         0B       520K        18M
-/+ buffers/cache:       897M        94M
Swap:         8.0G       450M       7.6G

             total       used       free     shared    buffers     cached
Mem:          992M       919M        72M         0B       520K        19M
-/+ buffers/cache:       899M        92M
Swap:         8.0G       449M       7.6G

             total       used       free     shared    buffers     cached
Mem:          992M       921M        70M         0B       520K        19M
-/+ buffers/cache:       902M        89M
Swap:         8.0G       448M       7.6G

             total       used       free     shared    buffers     cached
Mem:          992M       924M        68M         0B       528K        19M
-/+ buffers/cache:       904M        87M
Swap:         8.0G       447M       7.6G

             total       used       free     shared    buffers     cached
Mem:          992M       926M        65M         0B       528K        19M
-/+ buffers/cache:       907M        84M
Swap:         8.0G       446M       7.6G

             total       used       free     shared    buffers     cached
Mem:          992M       929M        62M         0B       528K        19M
-/+ buffers/cache:       909M        82M
Swap:         8.0G       445M       7.6G

             total       used       free     shared    buffers     cached
Mem:          992M       916M        75M         0B       488K        17M
-/+ buffers/cache:       898M        94M
Swap:         8.0G       450M       7.6G

             total       used       free     shared    buffers     cached
Mem:          992M       918M        73M         0B       488K        17M
-/+ buffers/cache:       900M        91M
Swap:         8.0G       449M       7.6G

             total       used       free     shared    buffers     cached
Mem:          992M       920M        71M         0B       496K        17M
-/+ buffers/cache:       902M        89M
Swap:         8.0G       448M       7.6G

             total       used       free     shared    buffers     cached
Mem:          992M       923M        69M         0B       496K        17M
-/+ buffers/cache:       904M        87M
Swap:         8.0G       447M       7.6G

             total       used       free     shared    buffers     cached
Mem:          992M       925M        66M         0B       496K        17M
-/+ buffers/cache:       907M        84M
Swap:         8.0G       446M       7.6G

             total       used       free     shared    buffers     cached
Mem:          992M       927M        64M         0B       496K        17M
-/+ buffers/cache:       909M        82M
Swap:         8.0G       445M       7.6G

             total       used       free     shared    buffers     cached
Mem:          992M       930M        61M         0B       496K        17M
-/+ buffers/cache:       912M        79M
Swap:         8.0G       444M       7.6G

             total       used       free     shared    buffers     cached
Mem:          992M       915M        76M         0B       496K        16M
-/+ buffers/cache:       899M        93M
Swap:         8.0G       468M       7.5G

             total       used       free     shared    buffers     cached
Mem:          992M       917M        74M         0B       504K        16M
-/+ buffers/cache:       901M        90M
Swap:         8.0G       467M       7.5G

             total       used       free     shared    buffers     cached
Mem:          992M       919M        72M         0B       504K        16M
-/+ buffers/cache:       903M        88M
Swap:         8.0G       466M       7.5G

             total       used       free     shared    buffers     cached
Mem:          992M       922M        70M         0B       504K        16M
-/+ buffers/cache:       905M        86M
Swap:         8.0G       465M       7.5G

             total       used       free     shared    buffers     cached
Mem:          992M       924M        67M         0B       504K        16M
-/+ buffers/cache:       908M        84M
Swap:         8.0G       464M       7.5G

             total       used       free     shared    buffers     cached
Mem:          992M       927M        65M         0B       504K        16M
-/+ buffers/cache:       910M        81M
Swap:         8.0G       463M       7.5G

             total       used       free     shared    buffers     cached
Mem:          992M       929M        62M         0B       512K        16M
-/+ buffers/cache:       912M        79M
Swap:         8.0G       462M       7.5G

             total       used       free     shared    buffers     cached
Mem:          992M       917M        74M         0B       512K        15M
-/+ buffers/cache:       901M        90M
Swap:         8.0G       461M       7.5G

             total       used       free     shared    buffers     cached
Mem:          992M       919M        72M         0B       512K        15M
-/+ buffers/cache:       903M        88M
Swap:         8.0G       460M       7.5G

             total       used       free     shared    buffers     cached
Mem:          992M       921M        70M         0B       524K        15M
-/+ buffers/cache:       905M        86M
Swap:         8.0G       459M       7.5G

             total       used       free     shared    buffers     cached
Mem:          992M       923M        68M         0B       524K        15M
-/+ buffers/cache:       907M        84M
Swap:         8.0G       459M       7.5G

             total       used       free     shared    buffers     cached
Mem:          992M       925M        66M         0B       532K        15M
-/+ buffers/cache:       909M        82M
Swap:         8.0G       457M       7.5G

             total       used       free     shared    buffers     cached
Mem:          992M       928M        64M         0B       532K        15M
-/+ buffers/cache:       912M        80M
Swap:         8.0G       456M       7.6G

             total       used       free     shared    buffers     cached
Mem:          992M       930M        61M         0B       532K        15M
-/+ buffers/cache:       914M        78M
Swap:         8.0G       455M       7.6G

             total       used       free     shared    buffers     cached
Mem:          992M       915M        77M         0B       480K       9.3M
-/+ buffers/cache:       905M        86M
Swap:         8.0G       466M       7.5G

             total       used       free     shared    buffers     cached
Mem:          992M       917M        75M         0B       708K       9.9M
-/+ buffers/cache:       906M        85M
Swap:         8.0G       465M       7.5G

             total       used       free     shared    buffers     cached
Mem:          992M       921M        70M         0B       860K        11M
-/+ buffers/cache:       909M        83M
Swap:         8.0G       464M       7.5G

             total       used       free     shared    buffers     cached
Mem:          992M       919M        72M         4K       244K        29M
-/+ buffers/cache:       890M       102M
Swap:         8.0G       485M       7.5G

             total       used       free     shared    buffers     cached
Mem:          992M       920M        71M        16K       244K        29M
-/+ buffers/cache:       891M       100M
Swap:         8.0G       484M       7.5G

             total       used       free     shared    buffers     cached
Mem:          992M       922M        69M        16K       244K        29M
-/+ buffers/cache:       892M        99M
Swap:         8.0G       484M       7.5G

             total       used       free     shared    buffers     cached
Mem:          992M       923M        68M        16K       244K        29M
-/+ buffers/cache:       894M        97M
Swap:         8.0G       483M       7.5G

             total       used       free     shared    buffers     cached
Mem:          992M       925M        66M        16K       244K        29M
-/+ buffers/cache:       896M        96M
Swap:         8.0G       482M       7.5G

             total       used       free     shared    buffers     cached
Mem:          992M       926M        65M        16K       252K        29M
-/+ buffers/cache:       896M        95M
Swap:         8.0G       482M       7.5G

             total       used       free     shared    buffers     cached
Mem:          992M       927M        64M        16K       252K        29M
-/+ buffers/cache:       898M        93M
Swap:         8.0G       481M       7.5G

             total       used       free     shared    buffers     cached
Mem:          992M       931M        61M        16K       380K        30M
-/+ buffers/cache:       900M        91M
Swap:         8.0G       480M       7.5G

             total       used       free     shared    buffers     cached
Mem:          992M       915M        76M        16K       208K        28M
-/+ buffers/cache:       886M       105M
Swap:         8.0G       502M       7.5G

             total       used       free     shared    buffers     cached
Mem:          992M       917M        75M        16K       208K        28M
-/+ buffers/cache:       888M       103M
Swap:         8.0G       501M       7.5G

             total       used       free     shared    buffers     cached
Mem:          992M       918M        73M        16K       216K        28M
-/+ buffers/cache:       889M       102M
Swap:         8.0G       500M       7.5G

             total       used       free     shared    buffers     cached
Mem:          992M       919M        72M        16K       216K        28M
-/+ buffers/cache:       891M       101M
Swap:         8.0G       500M       7.5G

             total       used       free     shared    buffers     cached
Mem:          992M       921M        71M        16K       216K        28M
-/+ buffers/cache:       892M        99M
Swap:         8.0G       499M       7.5G

             total       used       free     shared    buffers     cached
Mem:          992M       922M        69M        16K       216K        28M
-/+ buffers/cache:       894M        98M
Swap:         8.0G       499M       7.5G

             total       used       free     shared    buffers     cached
Mem:          992M       924M        68M        16K       216K        28M
-/+ buffers/cache:       895M        96M
Swap:         8.0G       498M       7.5G

             total       used       free     shared    buffers     cached
Mem:          992M       925M        66M        16K       216K        28M
-/+ buffers/cache:       896M        95M
Swap:         8.0G       497M       7.5G

             total       used       free     shared    buffers     cached
Mem:          992M       926M        65M        16K       224K        28M
-/+ buffers/cache:       898M        94M
Swap:         8.0G       496M       7.5G

             total       used       free     shared    buffers     cached
Mem:          992M       928M        63M        16K       224K        28M
-/+ buffers/cache:       899M        92M
Swap:         8.0G       496M       7.5G

             total       used       free     shared    buffers     cached
Mem:          992M       930M        62M        16K       224K        28M
-/+ buffers/cache:       901M        90M
Swap:         8.0G       495M       7.5G

             total       used       free     shared    buffers     cached
Mem:          992M       921M        70M        16K       224K        31M
-/+ buffers/cache:       889M       102M
Swap:         8.0G       503M       7.5G

             total       used       free     shared    buffers     cached
Mem:          992M       923M        68M        16K       368K        31M
-/+ buffers/cache:       891M       100M
Swap:         8.0G       503M       7.5G

             total       used       free     shared    buffers     cached
Mem:          992M       924M        67M        16K       376K        31M
-/+ buffers/cache:       892M        99M
Swap:         8.0G       502M       7.5G

             total       used       free     shared    buffers     cached
Mem:          992M       925M        66M        16K       376K        31M
-/+ buffers/cache:       893M        98M
Swap:         8.0G       502M       7.5G

             total       used       free     shared    buffers     cached
Mem:          992M       927M        65M        16K       376K        31M
-/+ buffers/cache:       895M        97M
Swap:         8.0G       501M       7.5G

             total       used       free     shared    buffers     cached
Mem:          992M       928M        63M        16K       376K        31M
-/+ buffers/cache:       896M        95M
Swap:         8.0G       500M       7.5G

             total       used       free     shared    buffers     cached
Mem:          992M       929M        62M        16K       376K        31M
-/+ buffers/cache:       897M        94M
Swap:         8.0G       499M       7.5G

             total       used       free     shared    buffers     cached
Mem:          992M       918M        74M        16K       376K        30M
-/+ buffers/cache:       886M       105M
Swap:         8.0G       511M       7.5G

             total       used       free     shared    buffers     cached
Mem:          992M       918M        73M        16K       384K        30M
-/+ buffers/cache:       887M       104M
Swap:         8.0G       510M       7.5G

             total       used       free     shared    buffers     cached
Mem:          992M       920M        71M        16K       384K        30M
-/+ buffers/cache:       889M       103M
Swap:         8.0G       510M       7.5G

             total       used       free     shared    buffers     cached
Mem:          992M       921M        70M        16K       384K        30M
-/+ buffers/cache:       890M       101M
Swap:         8.0G       509M       7.5G

             total       used       free     shared    buffers     cached
Mem:          992M       923M        69M        16K       384K        30M
-/+ buffers/cache:       891M       100M
Swap:         8.0G       509M       7.5G

             total       used       free     shared    buffers     cached
Mem:          992M       924M        67M        16K       384K        30M
-/+ buffers/cache:       893M        98M
Swap:         8.0G       508M       7.5G

             total       used       free     shared    buffers     cached
Mem:          992M       926M        66M        16K       392K        30M
-/+ buffers/cache:       894M        97M
Swap:         8.0G       507M       7.5G

             total       used       free     shared    buffers     cached
Mem:          992M       927M        64M        16K       392K        30M
-/+ buffers/cache:       896M        95M
Swap:         8.0G       506M       7.5G

             total       used       free     shared    buffers     cached
Mem:          992M       929M        63M        16K       392K        30M
-/+ buffers/cache:       897M        94M
Swap:         8.0G       506M       7.5G

             total       used       free     shared    buffers     cached
Mem:          992M       930M        61M        16K       392K        30M
-/+ buffers/cache:       899M        92M
Swap:         8.0G       505M       7.5G

             total       used       free     shared    buffers     cached
Mem:          992M       917M        74M        16K       380K        30M
-/+ buffers/cache:       887M       104M
Swap:         8.0G       517M       7.5G

             total       used       free     shared    buffers     cached
Mem:          992M       919M        72M        16K       380K        30M
-/+ buffers/cache:       888M       103M
Swap:         8.0G       516M       7.5G

             total       used       free     shared    buffers     cached
Mem:          992M       920M        71M        16K       388K        30M
-/+ buffers/cache:       890M       102M
Swap:         8.0G       516M       7.5G

             total       used       free     shared    buffers     cached
Mem:          992M       922M        69M        16K       388K        30M
-/+ buffers/cache:       891M       100M
Swap:         8.0G       515M       7.5G

             total       used       free     shared    buffers     cached
Mem:          992M       923M        68M        16K       388K        30M
-/+ buffers/cache:       893M        99M
Swap:         8.0G       514M       7.5G

             total       used       free     shared    buffers     cached
Mem:          992M       925M        66M        16K       388K        30M
-/+ buffers/cache:       894M        97M
Swap:         8.0G       513M       7.5G

             total       used       free     shared    buffers     cached
Mem:          992M       926M        65M        16K       388K        30M
-/+ buffers/cache:       896M        96M
Swap:         8.0G       513M       7.5G

             total       used       free     shared    buffers     cached
Mem:          992M       928M        63M        16K       396K        30M
-/+ buffers/cache:       897M        94M
Swap:         8.0G       512M       7.5G

             total       used       free     shared    buffers     cached
Mem:          992M       929M        62M        16K       396K        30M
-/+ buffers/cache:       899M        93M
Swap:         8.0G       511M       7.5G

             total       used       free     shared    buffers     cached
Mem:          992M       922M        69M        16K       396K        29M
-/+ buffers/cache:       892M        99M
Swap:         8.0G       512M       7.5G

             total       used       free     shared    buffers     cached
Mem:          992M       909M        82M        16K       396K        28M
-/+ buffers/cache:       880M       111M
Swap:         8.0G       528M       7.5G

             total       used       free     shared    buffers     cached
Mem:          992M       911M        80M        16K       396K        28M
-/+ buffers/cache:       882M       109M
Swap:         8.0G       527M       7.5G

             total       used       free     shared    buffers     cached
Mem:          992M       912M        79M        16K       396K        28M
-/+ buffers/cache:       883M       108M
Swap:         8.0G       527M       7.5G

             total       used       free     shared    buffers     cached
Mem:          992M       913M        78M        16K       404K        28M
-/+ buffers/cache:       885M       107M
Swap:         8.0G       526M       7.5G

             total       used       free     shared    buffers     cached
Mem:          992M       915M        76M        16K       404K        28M
-/+ buffers/cache:       886M       105M
Swap:         8.0G       525M       7.5G

             total       used       free     shared    buffers     cached
Mem:          992M       916M        75M        16K       404K        28M
-/+ buffers/cache:       887M       104M
Swap:         8.0G       525M       7.5G

             total       used       free     shared    buffers     cached
Mem:          992M       918M        73M        16K       404K        28M
-/+ buffers/cache:       889M       102M
Swap:         8.0G       524M       7.5G

             total       used       free     shared    buffers     cached
Mem:          992M       919M        72M        16K       404K        28M
-/+ buffers/cache:       891M       101M
Swap:         8.0G       523M       7.5G

             total       used       free     shared    buffers     cached
Mem:          992M       921M        70M        16K       412K        28M
-/+ buffers/cache:       892M        99M
Swap:         8.0G       522M       7.5G

             total       used       free     shared    buffers     cached
Mem:          992M       923M        69M        16K       412K        28M
-/+ buffers/cache:       894M        97M
Swap:         8.0G       521M       7.5G

             total       used       free     shared    buffers     cached
Mem:          992M       924M        67M        16K       412K        28M
-/+ buffers/cache:       895M        96M
Swap:         8.0G       520M       7.5G

             total       used       free     shared    buffers     cached
Mem:          992M       926M        65M        16K       412K        28M
-/+ buffers/cache:       897M        94M
Swap:         8.0G       520M       7.5G

             total       used       free     shared    buffers     cached
Mem:          992M       927M        64M        16K       412K        28M
-/+ buffers/cache:       898M        93M
Swap:         8.0G       519M       7.5G

             total       used       free     shared    buffers     cached
Mem:          992M       929M        62M        16K       412K        28M
-/+ buffers/cache:       900M        91M
Swap:         8.0G       518M       7.5G

             total       used       free     shared    buffers     cached
Mem:          992M       931M        61M        16K       420K        28M
-/+ buffers/cache:       902M        89M
Swap:         8.0G       517M       7.5G

             total       used       free     shared    buffers     cached
Mem:          992M       918M        74M        16K       420K        27M
-/+ buffers/cache:       890M       101M
Swap:         8.0G       525M       7.5G

             total       used       free     shared    buffers     cached
Mem:          992M       920M        71M        16K       420K        27M
-/+ buffers/cache:       892M        99M
Swap:         8.0G       524M       7.5G

             total       used       free     shared    buffers     cached
Mem:          992M       921M        70M        16K       420K        27M
-/+ buffers/cache:       893M        98M
Swap:         8.0G       524M       7.5G

             total       used       free     shared    buffers     cached
Mem:          992M       924M        67M        16K       556K        28M
-/+ buffers/cache:       895M        96M
Swap:         8.0G       523M       7.5G

             total       used       free     shared    buffers     cached
Mem:          992M       926M        65M        20K       564K        28M
-/+ buffers/cache:       897M        94M
Swap:         8.0G       522M       7.5G

             total       used       free     shared    buffers     cached
Mem:          992M       928M        63M        20K       564K        28M
-/+ buffers/cache:       899M        92M
Swap:         8.0G       521M       7.5G

             total       used       free     shared    buffers     cached
Mem:          992M       930M        61M        20K       564K        28M
-/+ buffers/cache:       901M        91M
Swap:         8.0G       520M       7.5G

             total       used       free     shared    buffers     cached
Mem:          992M       917M        74M        20K       536K        26M
-/+ buffers/cache:       890M       101M
Swap:         8.0G       534M       7.5G

             total       used       free     shared    buffers     cached
Mem:          992M       926M        65M        20K       536K        29M
-/+ buffers/cache:       896M        95M
Swap:         8.0G       530M       7.5G

             total       used       free     shared    buffers     cached
Mem:          992M       920M        71M        20K       536K        30M
-/+ buffers/cache:       890M       102M
Swap:         8.0G       534M       7.5G

             total       used       free     shared    buffers     cached
Mem:          992M       921M        70M        20K       544K        30M
-/+ buffers/cache:       890M       101M
Swap:         8.0G       534M       7.5G

             total       used       free     shared    buffers     cached
Mem:          992M       922M        69M        20K       544K        30M
-/+ buffers/cache:       891M       100M
Swap:         8.0G       533M       7.5G

             total       used       free     shared    buffers     cached
Mem:          992M       923M        68M        20K       544K        30M
-/+ buffers/cache:       892M        99M
Swap:         8.0G       533M       7.5G

             total       used       free     shared    buffers     cached
Mem:          992M       924M        68M        20K       544K        30M
-/+ buffers/cache:       893M        98M
Swap:         8.0G       532M       7.5G

             total       used       free     shared    buffers     cached
Mem:          992M       924M        67M        20K       544K        30M
-/+ buffers/cache:       893M        98M
Swap:         8.0G       532M       7.5G

             total       used       free     shared    buffers     cached
Mem:          992M       925M        66M        20K       552K        30M
-/+ buffers/cache:       894M        97M
Swap:         8.0G       531M       7.5G

             total       used       free     shared    buffers     cached
Mem:          992M       926M        65M        20K       552K        30M
-/+ buffers/cache:       895M        96M
Swap:         8.0G       531M       7.5G

             total       used       free     shared    buffers     cached
Mem:          992M       927M        65M        20K       552K        30M
-/+ buffers/cache:       896M        95M
Swap:         8.0G       530M       7.5G

             total       used       free     shared    buffers     cached
Mem:          992M       928M        64M        20K       552K        30M
-/+ buffers/cache:       897M        95M
Swap:         8.0G       530M       7.5G

             total       used       free     shared    buffers     cached
Mem:          992M       930M        61M        20K       552K        31M
-/+ buffers/cache:       898M        93M
Swap:         8.0G       529M       7.5G

             total       used       free     shared    buffers     cached
Mem:          992M       925M        66M       208K       3.0M        46M
-/+ buffers/cache:       876M       116M
Swap:         8.0G       555M       7.5G

             total       used       free     shared    buffers     cached
Mem:          992M       931M        61M       3.9M       5.5M        54M
-/+ buffers/cache:       871M       121M
Swap:         8.0G       568M       7.4G

             total       used       free     shared    buffers     cached
Mem:          992M       924M        67M       236K       5.6M        64M
-/+ buffers/cache:       854M       138M
Swap:         8.0G       580M       7.4G

             total       used       free     shared    buffers     cached
Mem:          992M       927M        64M       228K       5.6M        65M
-/+ buffers/cache:       857M       135M
Swap:         8.0G       579M       7.4G

             total       used       free     shared    buffers     cached
Mem:          992M       929M        62M       228K       5.6M        65M
-/+ buffers/cache:       858M       133M
Swap:         8.0G       578M       7.4G

             total       used       free     shared    buffers     cached
Mem:          992M       930M        61M       228K       5.6M        65M
-/+ buffers/cache:       859M       132M
Swap:         8.0G       578M       7.4G

             total       used       free     shared    buffers     cached
Mem:          992M       911M        80M       228K       4.6M        60M
-/+ buffers/cache:       846M       146M
Swap:         8.0G       592M       7.4G

             total       used       free     shared    buffers     cached
Mem:          992M       913M        79M       228K       4.6M        60M
-/+ buffers/cache:       847M       144M
Swap:         8.0G       592M       7.4G

             total       used       free     shared    buffers     cached
Mem:          992M       914M        77M       228K       4.6M        60M
-/+ buffers/cache:       848M       143M
Swap:         8.0G       591M       7.4G

             total       used       free     shared    buffers     cached
Mem:          992M       915M        76M       228K       4.6M        60M
-/+ buffers/cache:       850M       141M
Swap:         8.0G       590M       7.4G

             total       used       free     shared    buffers     cached
Mem:          992M       917M        74M       228K       4.6M        60M
-/+ buffers/cache:       851M       140M
Swap:         8.0G       590M       7.4G

             total       used       free     shared    buffers     cached
Mem:          992M       918M        73M       228K       4.6M        60M
-/+ buffers/cache:       853M       138M
Swap:         8.0G       589M       7.4G

             total       used       free     shared    buffers     cached
Mem:          992M       920M        71M       228K       4.6M        61M
-/+ buffers/cache:       854M       137M
Swap:         8.0G       588M       7.4G

             total       used       free     shared    buffers     cached
Mem:          992M       921M        70M       228K       4.6M        61M
-/+ buffers/cache:       856M       136M
Swap:         8.0G       588M       7.4G

             total       used       free     shared    buffers     cached
Mem:          992M       923M        68M       228K       4.6M        61M
-/+ buffers/cache:       857M       134M
Swap:         8.0G       587M       7.4G

             total       used       free     shared    buffers     cached
Mem:          992M       924M        67M       228K       4.6M        61M
-/+ buffers/cache:       858M       133M
Swap:         8.0G       586M       7.4G

             total       used       free     shared    buffers     cached
Mem:          992M       925M        66M       228K       4.6M        61M
-/+ buffers/cache:       860M       132M
Swap:         8.0G       586M       7.4G

             total       used       free     shared    buffers     cached
Mem:          992M       927M        65M       228K       4.7M        61M
-/+ buffers/cache:       861M       130M
Swap:         8.0G       585M       7.4G

             total       used       free     shared    buffers     cached
Mem:          992M       928M        63M       228K       4.7M        61M
-/+ buffers/cache:       862M       129M
Swap:         8.0G       585M       7.4G

             total       used       free     shared    buffers     cached
Mem:          992M       929M        62M       228K       4.7M        61M
-/+ buffers/cache:       863M       128M
Swap:         8.0G       584M       7.4G

             total       used       free     shared    buffers     cached
Mem:          992M       931M        61M       228K       4.7M        61M
-/+ buffers/cache:       865M       126M
Swap:         8.0G       583M       7.4G

             total       used       free     shared    buffers     cached
Mem:          992M       919M        72M       228K       4.7M        60M
-/+ buffers/cache:       855M       136M
Swap:         8.0G       594M       7.4G

             total       used       free     shared    buffers     cached
Mem:          992M       921M        70M       228K       4.7M        60M
-/+ buffers/cache:       856M       135M
Swap:         8.0G       593M       7.4G

             total       used       free     shared    buffers     cached
Mem:          992M       922M        69M       228K       4.7M        60M
-/+ buffers/cache:       857M       134M
Swap:         8.0G       593M       7.4G

             total       used       free     shared    buffers     cached
Mem:          992M       923M        68M       228K       4.7M        60M
-/+ buffers/cache:       859M       133M
Swap:         8.0G       592M       7.4G

             total       used       free     shared    buffers     cached
Mem:          992M       925M        66M       228K       4.7M        60M
-/+ buffers/cache:       860M       131M
Swap:         8.0G       591M       7.4G

             total       used       free     shared    buffers     cached
Mem:          992M       927M        65M       228K       4.7M        60M
-/+ buffers/cache:       862M       129M
Swap:         8.0G       591M       7.4G

             total       used       free     shared    buffers     cached
Mem:          992M       928M        63M       228K       4.7M        60M
-/+ buffers/cache:       863M       128M
Swap:         8.0G       590M       7.4G

             total       used       free     shared    buffers     cached
Mem:          992M       930M        62M       228K       4.7M        60M
-/+ buffers/cache:       865M       126M
Swap:         8.0G       589M       7.4G

             total       used       free     shared    buffers     cached
Mem:          992M       916M        76M       228K       4.7M        59M
-/+ buffers/cache:       852M       139M
Swap:         8.0G       604M       7.4G

             total       used       free     shared    buffers     cached
Mem:          992M       917M        74M       228K       4.7M        59M
-/+ buffers/cache:       853M       138M
Swap:         8.0G       604M       7.4G

             total       used       free     shared    buffers     cached
Mem:          992M       918M        73M       228K       4.7M        59M
-/+ buffers/cache:       855M       137M
Swap:         8.0G       603M       7.4G

             total       used       free     shared    buffers     cached
Mem:          992M       920M        71M       228K       4.7M        59M
-/+ buffers/cache:       856M       135M
Swap:         8.0G       602M       7.4G

             total       used       free     shared    buffers     cached
Mem:          992M       921M        70M       228K       4.7M        59M
-/+ buffers/cache:       857M       134M
Swap:         8.0G       601M       7.4G

             total       used       free     shared    buffers     cached
Mem:          992M       923M        69M       228K       4.7M        59M
-/+ buffers/cache:       859M       133M
Swap:         8.0G       601M       7.4G

             total       used       free     shared    buffers     cached
Mem:          992M       924M        67M       228K       4.7M        59M
-/+ buffers/cache:       860M       131M
Swap:         8.0G       600M       7.4G

             total       used       free     shared    buffers     cached
Mem:          992M       926M        65M       228K       4.7M        59M
-/+ buffers/cache:       862M       129M
Swap:         8.0G       599M       7.4G

             total       used       free     shared    buffers     cached
Mem:          992M       927M        64M       228K       4.7M        59M
-/+ buffers/cache:       863M       128M
Swap:         8.0G       599M       7.4G

             total       used       free     shared    buffers     cached
Mem:          992M       929M        63M       228K       4.7M        59M
-/+ buffers/cache:       865M       127M
Swap:         8.0G       598M       7.4G

             total       used       free     shared    buffers     cached
Mem:          992M       930M        61M       228K       4.7M        59M
-/+ buffers/cache:       866M       125M
Swap:         8.0G       597M       7.4G

             total       used       free     shared    buffers     cached
Mem:          992M       926M        65M       228K       5.8M        63M
-/+ buffers/cache:       857M       134M
Swap:         8.0G       599M       7.4G

             total       used       free     shared    buffers     cached
Mem:          992M       929M        62M       272K       8.6M        73M
-/+ buffers/cache:       847M       144M
Swap:         8.0G       616M       7.4G
