             total       used       free     shared    buffers     cached
Mem:          992M       657M       334M       3.2M        38M       289M
-/+ buffers/cache:       329M       662M
Swap:         8.0G         0B       8.0G

             total       used       free     shared    buffers     cached
Mem:          992M       657M       334M       1.4M        38M       288M
-/+ buffers/cache:       330M       661M
Swap:         8.0G         0B       8.0G

             total       used       free     shared    buffers     cached
Mem:          992M       657M       334M       1.4M        38M       288M
-/+ buffers/cache:       330M       661M
Swap:         8.0G         0B       8.0G

             total       used       free     shared    buffers     cached
Mem:          992M       657M       334M       1.4M        38M       288M
-/+ buffers/cache:       330M       661M
Swap:         8.0G         0B       8.0G

             total       used       free     shared    buffers     cached
Mem:          992M       657M       334M       1.4M        38M       288M
-/+ buffers/cache:       330M       661M
Swap:         8.0G         0B       8.0G

             total       used       free     shared    buffers     cached
Mem:          992M       657M       334M       1.4M        38M       287M
-/+ buffers/cache:       330M       661M
Swap:         8.0G         0B       8.0G

             total       used       free     shared    buffers     cached
Mem:          992M       657M       334M       1.4M        38M       288M
-/+ buffers/cache:       330M       661M
Swap:         8.0G         0B       8.0G

             total       used       free     shared    buffers     cached
Mem:          992M       656M       335M       1.4M        38M       288M
-/+ buffers/cache:       330M       662M
Swap:         8.0G         0B       8.0G

             total       used       free     shared    buffers     cached
Mem:          992M       656M       335M       1.4M        38M       288M
-/+ buffers/cache:       330M       662M
Swap:         8.0G         0B       8.0G

             total       used       free     shared    buffers     cached
Mem:          992M       660M       332M       1.4M        38M       288M
-/+ buffers/cache:       333M       658M
Swap:         8.0G         0B       8.0G

             total       used       free     shared    buffers     cached
Mem:          992M       671M       320M       1.4M        38M       288M
-/+ buffers/cache:       344M       647M
Swap:         8.0G         0B       8.0G

             total       used       free     shared    buffers     cached
Mem:          992M       687M       304M       1.4M        38M       288M
-/+ buffers/cache:       360M       631M
Swap:         8.0G         0B       8.0G

             total       used       free     shared    buffers     cached
Mem:          992M       665M       326M       1.4M        38M       289M
-/+ buffers/cache:       337M       654M
Swap:         8.0G         0B       8.0G

             total       used       free     shared    buffers     cached
Mem:          992M       673M       318M       1.4M        38M       289M
-/+ buffers/cache:       345M       646M
Swap:         8.0G         0B       8.0G

             total       used       free     shared    buffers     cached
Mem:          992M       666M       325M       1.4M        38M       289M
-/+ buffers/cache:       338M       654M
Swap:         8.0G         0B       8.0G

             total       used       free     shared    buffers     cached
Mem:          992M       666M       325M       1.4M        38M       289M
-/+ buffers/cache:       338M       654M
Swap:         8.0G         0B       8.0G

             total       used       free     shared    buffers     cached
Mem:          992M       666M       325M       1.4M        38M       289M
-/+ buffers/cache:       338M       654M
Swap:         8.0G         0B       8.0G

             total       used       free     shared    buffers     cached
Mem:          992M       666M       325M       1.4M        38M       289M
-/+ buffers/cache:       338M       654M
Swap:         8.0G         0B       8.0G

             total       used       free     shared    buffers     cached
Mem:          992M       666M       325M       1.4M        38M       289M
-/+ buffers/cache:       338M       654M
Swap:         8.0G         0B       8.0G

             total       used       free     shared    buffers     cached
Mem:          992M       666M       325M       1.4M        38M       289M
-/+ buffers/cache:       338M       654M
Swap:         8.0G         0B       8.0G

             total       used       free     shared    buffers     cached
Mem:          992M       666M       325M       1.4M        38M       289M
-/+ buffers/cache:       338M       654M
Swap:         8.0G         0B       8.0G

             total       used       free     shared    buffers     cached
Mem:          992M       666M       325M       1.4M        38M       289M
-/+ buffers/cache:       338M       653M
Swap:         8.0G         0B       8.0G

             total       used       free     shared    buffers     cached
Mem:          992M       666M       325M       1.4M        38M       289M
-/+ buffers/cache:       338M       653M
Swap:         8.0G         0B       8.0G

             total       used       free     shared    buffers     cached
Mem:          992M       666M       325M       1.4M        38M       289M
-/+ buffers/cache:       338M       653M
Swap:         8.0G         0B       8.0G

             total       used       free     shared    buffers     cached
Mem:          992M       666M       325M       1.4M        38M       289M
-/+ buffers/cache:       338M       653M
Swap:         8.0G         0B       8.0G

             total       used       free     shared    buffers     cached
Mem:          992M       666M       325M       1.4M        38M       289M
-/+ buffers/cache:       338M       653M
Swap:         8.0G         0B       8.0G

             total       used       free     shared    buffers     cached
Mem:          992M       666M       325M       1.4M        38M       289M
-/+ buffers/cache:       338M       654M
Swap:         8.0G         0B       8.0G

             total       used       free     shared    buffers     cached
Mem:          992M       666M       325M       1.4M        38M       289M
-/+ buffers/cache:       338M       654M
Swap:         8.0G         0B       8.0G

             total       used       free     shared    buffers     cached
Mem:          992M       666M       325M       1.4M        38M       289M
-/+ buffers/cache:       338M       654M
Swap:         8.0G         0B       8.0G

             total       used       free     shared    buffers     cached
Mem:          992M       666M       325M       1.4M        38M       289M
-/+ buffers/cache:       338M       654M
Swap:         8.0G         0B       8.0G

             total       used       free     shared    buffers     cached
Mem:          992M       666M       325M       1.4M        38M       289M
-/+ buffers/cache:       338M       654M
Swap:         8.0G         0B       8.0G

             total       used       free     shared    buffers     cached
Mem:          992M       666M       325M       1.4M        38M       289M
-/+ buffers/cache:       338M       654M
Swap:         8.0G         0B       8.0G

             total       used       free     shared    buffers     cached
Mem:          992M       666M       325M       1.4M        38M       289M
-/+ buffers/cache:       338M       654M
Swap:         8.0G         0B       8.0G

             total       used       free     shared    buffers     cached
Mem:          992M       672M       319M       1.4M        38M       289M
-/+ buffers/cache:       344M       647M
Swap:         8.0G         0B       8.0G

             total       used       free     shared    buffers     cached
Mem:          992M       688M       303M       1.4M        38M       289M
-/+ buffers/cache:       360M       631M
Swap:         8.0G         0B       8.0G

             total       used       free     shared    buffers     cached
Mem:          992M       705M       287M       1.4M        38M       289M
-/+ buffers/cache:       376M       615M
Swap:         8.0G         0B       8.0G

             total       used       free     shared    buffers     cached
Mem:          992M       720M       271M       1.4M        38M       289M
-/+ buffers/cache:       392M       599M
Swap:         8.0G         0B       8.0G

             total       used       free     shared    buffers     cached
Mem:          992M       735M       256M       1.4M        38M       289M
-/+ buffers/cache:       407M       584M
Swap:         8.0G         0B       8.0G

             total       used       free     shared    buffers     cached
Mem:          992M       751M       240M       1.4M        38M       289M
-/+ buffers/cache:       423M       568M
Swap:         8.0G         0B       8.0G

             total       used       free     shared    buffers     cached
Mem:          992M       767M       224M       1.4M        38M       289M
-/+ buffers/cache:       439M       552M
Swap:         8.0G         0B       8.0G

             total       used       free     shared    buffers     cached
Mem:          992M       781M       210M       1.4M        38M       289M
-/+ buffers/cache:       453M       539M
Swap:         8.0G         0B       8.0G

             total       used       free     shared    buffers     cached
Mem:          992M       798M       193M       1.4M        38M       289M
-/+ buffers/cache:       470M       522M
Swap:         8.0G         0B       8.0G

             total       used       free     shared    buffers     cached
Mem:          992M       815M       176M       1.4M        38M       289M
-/+ buffers/cache:       486M       505M
Swap:         8.0G         0B       8.0G

             total       used       free     shared    buffers     cached
Mem:          992M       834M       157M       1.4M        38M       289M
-/+ buffers/cache:       506M       486M
Swap:         8.0G         0B       8.0G

             total       used       free     shared    buffers     cached
Mem:          992M       849M       142M       1.4M        38M       289M
-/+ buffers/cache:       521M       470M
Swap:         8.0G         0B       8.0G

             total       used       free     shared    buffers     cached
Mem:          992M       866M       126M       1.4M        38M       289M
-/+ buffers/cache:       537M       454M
Swap:         8.0G         0B       8.0G

             total       used       free     shared    buffers     cached
Mem:          992M       881M       110M       1.4M        38M       289M
-/+ buffers/cache:       553M       439M
Swap:         8.0G         0B       8.0G

             total       used       free     shared    buffers     cached
Mem:          992M       894M        97M       1.4M        38M       289M
-/+ buffers/cache:       566M       425M
Swap:         8.0G         0B       8.0G

             total       used       free     shared    buffers     cached
Mem:          992M       909M        82M       1.4M        38M       289M
-/+ buffers/cache:       581M       411M
Swap:         8.0G         0B       8.0G

             total       used       free     shared    buffers     cached
Mem:          992M       925M        66M       1.4M        38M       289M
-/+ buffers/cache:       597M       394M
Swap:         8.0G         0B       8.0G

             total       used       free     shared    buffers     cached
Mem:          992M       922M        69M       1.4M        21M       288M
-/+ buffers/cache:       612M       379M
Swap:         8.0G         0B       8.0G

             total       used       free     shared    buffers     cached
Mem:          992M       926M        66M       1.4M        10M       287M
-/+ buffers/cache:       628M       363M
Swap:         8.0G         0B       8.0G

             total       used       free     shared    buffers     cached
Mem:          992M       921M        70M       1.4M        10M       267M
-/+ buffers/cache:       643M       348M
Swap:         8.0G         0B       8.0G

             total       used       free     shared    buffers     cached
Mem:          992M       917M        74M       1.3M       9.7M       248M
-/+ buffers/cache:       659M       332M
Swap:         8.0G       180K       8.0G

             total       used       free     shared    buffers     cached
Mem:          992M       929M        62M       1.3M       9.7M       243M
-/+ buffers/cache:       675M       316M
Swap:         8.0G       192K       8.0G

             total       used       free     shared    buffers     cached
Mem:          992M       931M        60M       1.2M       9.7M       233M
-/+ buffers/cache:       688M       303M
Swap:         8.0G       3.7M       8.0G

             total       used       free     shared    buffers     cached
Mem:          992M       917M        74M       1.1M       9.6M       209M
-/+ buffers/cache:       698M       293M
Swap:         8.0G       7.5M       8.0G

             total       used       free     shared    buffers     cached
Mem:          992M       918M        73M       1.1M       2.9M       201M
-/+ buffers/cache:       714M       277M
Swap:         8.0G       7.5M       8.0G

             total       used       free     shared    buffers     cached
Mem:          992M       919M        72M       1.1M       1.6M       188M
-/+ buffers/cache:       729M       262M
Swap:         8.0G       7.5M       8.0G

             total       used       free     shared    buffers     cached
Mem:          992M       930M        61M       1.1M       912K       184M
-/+ buffers/cache:       745M       247M
Swap:         8.0G       7.5M       8.0G

             total       used       free     shared    buffers     cached
Mem:          992M       923M        69M       1.1M       188K       163M
-/+ buffers/cache:       759M       232M
Swap:         8.0G       7.5M       8.0G

             total       used       free     shared    buffers     cached
Mem:          992M       918M        73M       1.1M       416K       144M
-/+ buffers/cache:       774M       217M
Swap:         8.0G       7.5M       8.0G

             total       used       free     shared    buffers     cached
Mem:          992M       927M        64M       1.1M       428K       144M
-/+ buffers/cache:       783M       209M
Swap:         8.0G       7.5M       8.0G

             total       used       free     shared    buffers     cached
Mem:          992M       924M        67M       1.1M       272K       127M
-/+ buffers/cache:       797M       194M
Swap:         8.0G       7.5M       8.0G

             total       used       free     shared    buffers     cached
Mem:          992M       925M        66M       1.1M       272K       112M
-/+ buffers/cache:       812M       179M
Swap:         8.0G       7.5M       8.0G

             total       used       free     shared    buffers     cached
Mem:          992M       925M        66M       1.1M       272K        98M
-/+ buffers/cache:       826M       165M
Swap:         8.0G       7.5M       8.0G

             total       used       free     shared    buffers     cached
Mem:          992M       926M        65M       1.1M       272K        87M
-/+ buffers/cache:       839M       152M
Swap:         8.0G       7.5M       8.0G

             total       used       free     shared    buffers     cached
Mem:          992M       922M        69M       1.1M       280K        67M
-/+ buffers/cache:       854M       137M
Swap:         8.0G       7.5M       8.0G

             total       used       free     shared    buffers     cached
Mem:          992M       924M        67M       1.1M       428K        55M
-/+ buffers/cache:       868M       123M
Swap:         8.0G       7.5M       8.0G

             total       used       free     shared    buffers     cached
Mem:          992M       921M        70M       1.1M       1.8M        37M
-/+ buffers/cache:       881M       110M
Swap:         8.0G       7.5M       8.0G

             total       used       free     shared    buffers     cached
Mem:          992M       930M        61M       1.1M       3.2M        29M
-/+ buffers/cache:       897M        94M
Swap:         8.0G       7.5M       8.0G

             total       used       free     shared    buffers     cached
Mem:          992M       919M        72M       1.0M       1.4M        10M
-/+ buffers/cache:       907M        84M
Swap:         8.0G        10M       8.0G

             total       used       free     shared    buffers     cached
Mem:          992M       917M        74M       692K        92K        20M
-/+ buffers/cache:       897M        94M
Swap:         8.0G        41M       8.0G

             total       used       free     shared    buffers     cached
Mem:          992M       918M        73M       688K       472K        13M
-/+ buffers/cache:       904M        87M
Swap:         8.0G        48M       7.9G

             total       used       free     shared    buffers     cached
Mem:          992M       920M        71M       688K       768K       6.4M
-/+ buffers/cache:       913M        79M
Swap:         8.0G        48M       7.9G

             total       used       free     shared    buffers     cached
Mem:          992M       923M        68M       688K       768K       5.2M
-/+ buffers/cache:       917M        74M
Swap:         8.0G        70M       7.9G

             total       used       free     shared    buffers     cached
Mem:          992M       924M        67M       672K       528K       3.5M
-/+ buffers/cache:       920M        71M
Swap:         8.0G        84M       7.9G

             total       used       free     shared    buffers     cached
Mem:          992M       925M        67M       660K       444K       3.6M
-/+ buffers/cache:       921M        71M
Swap:         8.0G        84M       7.9G

             total       used       free     shared    buffers     cached
Mem:          992M       923M        68M       608K       452K       3.5M
-/+ buffers/cache:       919M        72M
Swap:         8.0G       148M       7.9G

             total       used       free     shared    buffers     cached
Mem:          992M       923M        68M       596K       360K       3.5M
-/+ buffers/cache:       919M        72M
Swap:         8.0G       148M       7.9G

             total       used       free     shared    buffers     cached
Mem:          992M       866M       125M       544K       332K       3.0M
-/+ buffers/cache:       863M       128M
Swap:         8.0G       247M       7.8G

             total       used       free     shared    buffers     cached
Mem:          992M       881M       110M       544K       332K       3.0M
-/+ buffers/cache:       878M       113M
Swap:         8.0G       247M       7.8G

             total       used       free     shared    buffers     cached
Mem:          992M       895M        96M       544K       332K       3.0M
-/+ buffers/cache:       892M        99M
Swap:         8.0G       247M       7.8G

             total       used       free     shared    buffers     cached
Mem:          992M       909M        82M       544K       340K       3.0M
-/+ buffers/cache:       906M        85M
Swap:         8.0G       247M       7.8G

             total       used       free     shared    buffers     cached
Mem:          992M       922M        69M       544K       340K       3.0M
-/+ buffers/cache:       919M        72M
Swap:         8.0G       247M       7.8G

             total       used       free     shared    buffers     cached
Mem:          992M       921M        70M       544K       340K       3.2M
-/+ buffers/cache:       917M        74M
Swap:         8.0G       247M       7.8G

             total       used       free     shared    buffers     cached
Mem:          992M       919M        72M       544K       340K       3.2M
-/+ buffers/cache:       916M        75M
Swap:         8.0G       247M       7.8G

             total       used       free     shared    buffers     cached
Mem:          992M       929M        63M       544K       340K       3.2M
-/+ buffers/cache:       925M        66M
Swap:         8.0G       247M       7.8G

             total       used       free     shared    buffers     cached
Mem:          992M       923M        68M       544K       348K       3.1M
-/+ buffers/cache:       919M        72M
Swap:         8.0G       247M       7.8G

             total       used       free     shared    buffers     cached
Mem:          992M       920M        71M       544K       348K       3.1M
-/+ buffers/cache:       917M        75M
Swap:         8.0G       247M       7.8G

             total       used       free     shared    buffers     cached
Mem:          992M       930M        61M       544K       348K       3.2M
-/+ buffers/cache:       927M        64M
Swap:         8.0G       247M       7.8G

             total       used       free     shared    buffers     cached
Mem:          992M       927M        65M       544K       348K       2.9M
-/+ buffers/cache:       923M        68M
Swap:         8.0G       254M       7.7G

             total       used       free     shared    buffers     cached
Mem:          992M       922M        70M       544K       348K       2.9M
-/+ buffers/cache:       918M        73M
Swap:         8.0G       282M       7.7G

             total       used       free     shared    buffers     cached
Mem:          992M       927M        64M       544K       348K       2.9M
-/+ buffers/cache:       924M        67M
Swap:         8.0G       282M       7.7G

             total       used       free     shared    buffers     cached
Mem:          992M       921M        70M       544K       356K       2.9M
-/+ buffers/cache:       917M        74M
Swap:         8.0G       282M       7.7G

             total       used       free     shared    buffers     cached
Mem:          992M       927M        64M       544K       356K       3.0M
-/+ buffers/cache:       923M        68M
Swap:         8.0G       282M       7.7G

             total       used       free     shared    buffers     cached
Mem:          992M       906M        85M       544K       208K       2.6M
-/+ buffers/cache:       904M        88M
Swap:         8.0G       316M       7.7G

             total       used       free     shared    buffers     cached
Mem:          992M       913M        79M       544K       208K       2.6M
-/+ buffers/cache:       910M        81M
Swap:         8.0G       316M       7.7G

             total       used       free     shared    buffers     cached
Mem:          992M       917M        74M       544K       208K       2.6M
-/+ buffers/cache:       914M        77M
Swap:         8.0G       316M       7.7G

             total       used       free     shared    buffers     cached
Mem:          992M       921M        70M       544K       216K       2.6M
-/+ buffers/cache:       918M        73M
Swap:         8.0G       316M       7.7G

             total       used       free     shared    buffers     cached
Mem:          992M       926M        65M       544K       216K       2.6M
-/+ buffers/cache:       923M        68M
Swap:         8.0G       316M       7.7G

             total       used       free     shared    buffers     cached
Mem:          992M       919M        73M       544K       116K       2.6M
-/+ buffers/cache:       916M        75M
Swap:         8.0G       323M       7.7G

             total       used       free     shared    buffers     cached
Mem:          992M       923M        68M       544K       116K       2.6M
-/+ buffers/cache:       921M        70M
Swap:         8.0G       323M       7.7G

             total       used       free     shared    buffers     cached
Mem:          992M       929M        63M       544K       116K       2.6M
-/+ buffers/cache:       926M        65M
Swap:         8.0G       323M       7.7G

             total       used       free     shared    buffers     cached
Mem:          992M       911M        80M        24K       100K       2.0M
-/+ buffers/cache:       909M        82M
Swap:         8.0G       348M       7.7G

             total       used       free     shared    buffers     cached
Mem:          992M       927M        64M        20K       100K       2.0M
-/+ buffers/cache:       925M        66M
Swap:         8.0G       323M       7.7G

             total       used       free     shared    buffers     cached
Mem:          992M       919M        72M         8K       100K       1.8M
-/+ buffers/cache:       917M        74M
Swap:         8.0G       328M       7.7G

             total       used       free     shared    buffers     cached
Mem:          992M       921M        70M         8K        80K       1.6M
-/+ buffers/cache:       919M        72M
Swap:         8.0G       322M       7.7G

             total       used       free     shared    buffers     cached
Mem:          992M       922M        69M         4K        76K       1.4M
-/+ buffers/cache:       920M        71M
Swap:         8.0G       323M       7.7G

             total       used       free     shared    buffers     cached
Mem:          992M       929M        62M         0B        76K       1.3M
-/+ buffers/cache:       928M        63M
Swap:         8.0G       315M       7.7G

             total       used       free     shared    buffers     cached
Mem:          992M       917M        74M         0B        92K       1.4M
-/+ buffers/cache:       916M        75M
Swap:         8.0G       338M       7.7G

             total       used       free     shared    buffers     cached
Mem:          992M       923M        68M         0B       500K       1.5M
-/+ buffers/cache:       921M        70M
Swap:         8.0G       332M       7.7G

             total       used       free     shared    buffers     cached
Mem:          992M       920M        71M         0B       500K       1.4M
-/+ buffers/cache:       919M        73M
Swap:         8.0G       327M       7.7G

             total       used       free     shared    buffers     cached
Mem:          992M       867M       124M         0B       476K       1.5M
-/+ buffers/cache:       865M       126M
Swap:         8.0G       426M       7.6G

             total       used       free     shared    buffers     cached
Mem:          992M       900M        92M         0B       476K       1.5M
-/+ buffers/cache:       898M        94M
Swap:         8.0G       388M       7.6G

             total       used       free     shared    buffers     cached
Mem:          992M       922M        70M         0B       476K       1.5M
-/+ buffers/cache:       920M        72M
Swap:         8.0G       330M       7.7G

             total       used       free     shared    buffers     cached
Mem:          992M       874M       118M         0B       176K       1.4M
-/+ buffers/cache:       872M       119M
Swap:         8.0G       428M       7.6G

             total       used       free     shared    buffers     cached
Mem:          992M       874M       117M         0B       176K       1.4M
-/+ buffers/cache:       873M       119M
Swap:         8.0G       427M       7.6G

             total       used       free     shared    buffers     cached
Mem:          992M       915M        76M         0B       176K       1.9M
-/+ buffers/cache:       913M        78M
Swap:         8.0G       374M       7.6G

             total       used       free     shared    buffers     cached
Mem:          992M       920M        72M         0B       176K       1.8M
-/+ buffers/cache:       917M        74M
Swap:         8.0G       372M       7.6G

             total       used       free     shared    buffers     cached
Mem:          992M       925M        66M         0B       176K       1.9M
-/+ buffers/cache:       923M        68M
Swap:         8.0G       371M       7.6G

             total       used       free     shared    buffers     cached
Mem:          992M       920M        71M         0B       172K       1.9M
-/+ buffers/cache:       918M        74M
Swap:         8.0G       371M       7.6G

             total       used       free     shared    buffers     cached
Mem:          992M       926M        65M         0B       172K       1.9M
-/+ buffers/cache:       924M        67M
Swap:         8.0G       370M       7.6G

             total       used       free     shared    buffers     cached
Mem:          992M       921M        70M         0B       160K       1.9M
-/+ buffers/cache:       919M        72M
Swap:         8.0G       370M       7.6G

             total       used       free     shared    buffers     cached
Mem:          992M       927M        64M         0B       160K       1.9M
-/+ buffers/cache:       925M        66M
Swap:         8.0G       370M       7.6G

             total       used       free     shared    buffers     cached
Mem:          992M       922M        69M         0B       120K       1.9M
-/+ buffers/cache:       920M        71M
Swap:         8.0G       372M       7.6G

             total       used       free     shared    buffers     cached
Mem:          992M       926M        66M         0B       128K       1.8M
-/+ buffers/cache:       924M        68M
Swap:         8.0G       372M       7.6G

             total       used       free     shared    buffers     cached
Mem:          992M       928M        64M         0B       128K       1.9M
-/+ buffers/cache:       926M        66M
Swap:         8.0G       371M       7.6G

             total       used       free     shared    buffers     cached
Mem:          992M       931M        61M         0B       268K       2.6M
-/+ buffers/cache:       928M        63M
Swap:         8.0G       370M       7.6G

             total       used       free     shared    buffers     cached
Mem:          992M       916M        75M         0B       176K       2.4M
-/+ buffers/cache:       913M        78M
Swap:         8.0G       382M       7.6G

             total       used       free     shared    buffers     cached
Mem:          992M       918M        73M         0B       176K       2.6M
-/+ buffers/cache:       915M        76M
Swap:         8.0G       382M       7.6G

             total       used       free     shared    buffers     cached
Mem:          992M       920M        71M         0B       176K       2.7M
-/+ buffers/cache:       917M        74M
Swap:         8.0G       381M       7.6G

             total       used       free     shared    buffers     cached
Mem:          992M       917M        74M         0B        88K        19M
-/+ buffers/cache:       897M        94M
Swap:         8.0G       412M       7.6G

             total       used       free     shared    buffers     cached
Mem:          992M       920M        71M         0B       484K        20M
-/+ buffers/cache:       899M        92M
Swap:         8.0G       411M       7.6G

             total       used       free     shared    buffers     cached
Mem:          992M       923M        69M         0B       776K        20M
-/+ buffers/cache:       901M        90M
Swap:         8.0G       410M       7.6G

             total       used       free     shared    buffers     cached
Mem:          992M       925M        66M         0B       776K        20M
-/+ buffers/cache:       903M        88M
Swap:         8.0G       409M       7.6G

             total       used       free     shared    buffers     cached
Mem:          992M       927M        64M         0B       776K        20M
-/+ buffers/cache:       906M        85M
Swap:         8.0G       408M       7.6G

             total       used       free     shared    buffers     cached
Mem:          992M       929M        62M         0B       784K        20M
-/+ buffers/cache:       908M        83M
Swap:         8.0G       407M       7.6G

             total       used       free     shared    buffers     cached
Mem:          992M       917M        74M         0B       780K        18M
-/+ buffers/cache:       898M        93M
Swap:         8.0G       422M       7.6G

             total       used       free     shared    buffers     cached
Mem:          992M       920M        72M         0B       780K        18M
-/+ buffers/cache:       900M        91M
Swap:         8.0G       421M       7.6G

             total       used       free     shared    buffers     cached
Mem:          992M       922M        69M         0B       780K        18M
-/+ buffers/cache:       902M        89M
Swap:         8.0G       420M       7.6G

             total       used       free     shared    buffers     cached
Mem:          992M       924M        67M         0B       780K        18M
-/+ buffers/cache:       904M        87M
Swap:         8.0G       419M       7.6G

             total       used       free     shared    buffers     cached
Mem:          992M       926M        65M         0B       792K        18M
-/+ buffers/cache:       906M        85M
Swap:         8.0G       418M       7.6G

             total       used       free     shared    buffers     cached
Mem:          992M       928M        63M         0B       792K        18M
-/+ buffers/cache:       909M        83M
Swap:         8.0G       417M       7.6G

             total       used       free     shared    buffers     cached
Mem:          992M       931M        61M         0B       792K        18M
-/+ buffers/cache:       911M        80M
Swap:         8.0G       416M       7.6G

             total       used       free     shared    buffers     cached
Mem:          992M       919M        72M         0B       748K        17M
-/+ buffers/cache:       901M        90M
Swap:         8.0G       425M       7.6G

             total       used       free     shared    buffers     cached
Mem:          992M       922M        70M         0B       748K        17M
-/+ buffers/cache:       903M        88M
Swap:         8.0G       424M       7.6G

             total       used       free     shared    buffers     cached
Mem:          992M       924M        67M         0B       748K        17M
-/+ buffers/cache:       906M        86M
Swap:         8.0G       423M       7.6G

             total       used       free     shared    buffers     cached
Mem:          992M       926M        65M         0B       756K        17M
-/+ buffers/cache:       907M        84M
Swap:         8.0G       422M       7.6G

             total       used       free     shared    buffers     cached
Mem:          992M       928M        63M         0B       756K        17M
-/+ buffers/cache:       910M        81M
Swap:         8.0G       421M       7.6G

             total       used       free     shared    buffers     cached
Mem:          992M       930M        61M         0B       756K        17M
-/+ buffers/cache:       912M        79M
Swap:         8.0G       420M       7.6G

             total       used       free     shared    buffers     cached
Mem:          992M       914M        77M         0B       748K        15M
-/+ buffers/cache:       898M        93M
Swap:         8.0G       440M       7.6G

             total       used       free     shared    buffers     cached
Mem:          992M       917M        74M         0B       748K        15M
-/+ buffers/cache:       900M        91M
Swap:         8.0G       439M       7.6G

             total       used       free     shared    buffers     cached
Mem:          992M       919M        72M         0B       756K        15M
-/+ buffers/cache:       903M        89M
Swap:         8.0G       437M       7.6G

             total       used       free     shared    buffers     cached
Mem:          992M       921M        70M         0B       756K        15M
-/+ buffers/cache:       905M        87M
Swap:         8.0G       437M       7.6G

             total       used       free     shared    buffers     cached
Mem:          992M       923M        68M         0B       756K        15M
-/+ buffers/cache:       907M        84M
Swap:         8.0G       436M       7.6G

             total       used       free     shared    buffers     cached
Mem:          992M       925M        66M         0B       756K        15M
-/+ buffers/cache:       909M        82M
Swap:         8.0G       435M       7.6G

             total       used       free     shared    buffers     cached
Mem:          992M       927M        64M         0B       756K        15M
-/+ buffers/cache:       911M        80M
Swap:         8.0G       434M       7.6G

             total       used       free     shared    buffers     cached
Mem:          992M       930M        61M         0B       764K        15M
-/+ buffers/cache:       914M        78M
Swap:         8.0G       432M       7.6G

             total       used       free     shared    buffers     cached
Mem:          992M       918M        73M         0B       764K        15M
-/+ buffers/cache:       902M        89M
Swap:         8.0G       442M       7.6G

             total       used       free     shared    buffers     cached
Mem:          992M       920M        71M         0B       764K        15M
-/+ buffers/cache:       904M        87M
Swap:         8.0G       441M       7.6G

             total       used       free     shared    buffers     cached
Mem:          992M       923M        69M         0B       764K        15M
-/+ buffers/cache:       907M        84M
Swap:         8.0G       440M       7.6G

             total       used       free     shared    buffers     cached
Mem:          992M       925M        66M         0B       764K        15M
-/+ buffers/cache:       909M        82M
Swap:         8.0G       439M       7.6G

             total       used       free     shared    buffers     cached
Mem:          992M       927M        64M         0B       764K        15M
-/+ buffers/cache:       911M        80M
Swap:         8.0G       438M       7.6G

             total       used       free     shared    buffers     cached
Mem:          992M       929M        62M         0B       772K        15M
-/+ buffers/cache:       913M        78M
Swap:         8.0G       437M       7.6G

             total       used       free     shared    buffers     cached
Mem:          992M       918M        73M         0B       772K        14M
-/+ buffers/cache:       903M        88M
Swap:         8.0G       440M       7.6G

             total       used       free     shared    buffers     cached
Mem:          992M       920M        72M         0B       772K        14M
-/+ buffers/cache:       904M        87M
Swap:         8.0G       439M       7.6G

             total       used       free     shared    buffers     cached
Mem:          992M       922M        69M         0B       772K        14M
-/+ buffers/cache:       907M        84M
Swap:         8.0G       438M       7.6G

             total       used       free     shared    buffers     cached
Mem:          992M       924M        67M         0B       772K        14M
-/+ buffers/cache:       909M        82M
Swap:         8.0G       437M       7.6G

             total       used       free     shared    buffers     cached
Mem:          992M       926M        65M         0B       780K        14M
-/+ buffers/cache:       911M        80M
Swap:         8.0G       436M       7.6G

             total       used       free     shared    buffers     cached
Mem:          992M       929M        63M         0B       780K        14M
-/+ buffers/cache:       913M        78M
Swap:         8.0G       435M       7.6G

             total       used       free     shared    buffers     cached
Mem:          992M       930M        61M         0B       780K        14M
-/+ buffers/cache:       915M        76M
Swap:         8.0G       434M       7.6G

             total       used       free     shared    buffers     cached
Mem:          992M       920M        71M         0B       216K       5.2M
-/+ buffers/cache:       914M        77M
Swap:         8.0G       434M       7.6G

             total       used       free     shared    buffers     cached
Mem:          992M       922M        69M         0B       224K       5.1M
-/+ buffers/cache:       917M        75M
Swap:         8.0G       433M       7.6G

             total       used       free     shared    buffers     cached
Mem:          992M       924M        67M         0B       260K       5.2M
-/+ buffers/cache:       919M        72M
Swap:         8.0G       432M       7.6G

             total       used       free     shared    buffers     cached
Mem:          992M       927M        65M         0B       260K       5.2M
-/+ buffers/cache:       921M        70M
Swap:         8.0G       430M       7.6G

             total       used       free     shared    buffers     cached
Mem:          992M       929M        62M         0B       260K       5.1M
-/+ buffers/cache:       923M        68M
Swap:         8.0G       429M       7.6G

             total       used       free     shared    buffers     cached
Mem:          992M       910M        81M         0B       260K       5.1M
-/+ buffers/cache:       904M        87M
Swap:         8.0G       456M       7.6G

             total       used       free     shared    buffers     cached
Mem:          992M       911M        80M         0B       264K       5.2M
-/+ buffers/cache:       906M        85M
Swap:         8.0G       455M       7.6G

             total       used       free     shared    buffers     cached
Mem:          992M       914M        78M         0B       264K       5.2M
-/+ buffers/cache:       908M        83M
Swap:         8.0G       454M       7.6G

             total       used       free     shared    buffers     cached
Mem:          992M       915M        76M         0B       272K       5.2M
-/+ buffers/cache:       909M        82M
Swap:         8.0G       453M       7.6G

             total       used       free     shared    buffers     cached
Mem:          992M       927M        64M         0B       776K        12M
-/+ buffers/cache:       914M        77M
Swap:         8.0G       451M       7.6G

             total       used       free     shared    buffers     cached
Mem:          992M       908M        83M        16K       236K        26M
-/+ buffers/cache:       882M       109M
Swap:         8.0G       493M       7.5G

             total       used       free     shared    buffers     cached
Mem:          992M       911M        80M        16K       236K        26M
-/+ buffers/cache:       884M       107M
Swap:         8.0G       492M       7.5G

             total       used       free     shared    buffers     cached
Mem:          992M       914M        77M        16K       236K        27M
-/+ buffers/cache:       886M       105M
Swap:         8.0G       491M       7.5G

             total       used       free     shared    buffers     cached
Mem:          992M       915M        76M        16K       236K        27M
-/+ buffers/cache:       887M       104M
Swap:         8.0G       491M       7.5G

             total       used       free     shared    buffers     cached
Mem:          992M       916M        75M        16K       236K        27M
-/+ buffers/cache:       888M       103M
Swap:         8.0G       490M       7.5G

             total       used       free     shared    buffers     cached
Mem:          992M       918M        74M        16K       244K        27M
-/+ buffers/cache:       890M       102M
Swap:         8.0G       490M       7.5G

             total       used       free     shared    buffers     cached
Mem:          992M       919M        72M        16K       244K        27M
-/+ buffers/cache:       891M       100M
Swap:         8.0G       489M       7.5G

             total       used       free     shared    buffers     cached
Mem:          992M       922M        69M        16K       244K        28M
-/+ buffers/cache:       893M        99M
Swap:         8.0G       488M       7.5G

             total       used       free     shared    buffers     cached
Mem:          992M       923M        68M        16K       244K        28M
-/+ buffers/cache:       894M        97M
Swap:         8.0G       487M       7.5G

             total       used       free     shared    buffers     cached
Mem:          992M       928M        63M        16K       244K        33M
-/+ buffers/cache:       895M        96M
Swap:         8.0G       487M       7.5G

             total       used       free     shared    buffers     cached
Mem:          992M       930M        61M        16K       560K        33M
-/+ buffers/cache:       896M        95M
Swap:         8.0G       486M       7.5G

             total       used       free     shared    buffers     cached
Mem:          992M       916M        75M        16K       552K        32M
-/+ buffers/cache:       883M       108M
Swap:         8.0G       485M       7.5G

             total       used       free     shared    buffers     cached
Mem:          992M       917M        74M        16K       552K        32M
-/+ buffers/cache:       884M       108M
Swap:         8.0G       485M       7.5G

             total       used       free     shared    buffers     cached
Mem:          992M       918M        73M        16K       552K        32M
-/+ buffers/cache:       885M       106M
Swap:         8.0G       484M       7.5G

             total       used       free     shared    buffers     cached
Mem:          992M       920M        72M        16K       556K        32M
-/+ buffers/cache:       886M       105M
Swap:         8.0G       484M       7.5G

             total       used       free     shared    buffers     cached
Mem:          992M       921M        70M        16K       556K        32M
-/+ buffers/cache:       887M       104M
Swap:         8.0G       483M       7.5G

             total       used       free     shared    buffers     cached
Mem:          992M       922M        69M        16K       564K        32M
-/+ buffers/cache:       889M       103M
Swap:         8.0G       483M       7.5G

             total       used       free     shared    buffers     cached
Mem:          992M       923M        68M        16K       564K        32M
-/+ buffers/cache:       890M       101M
Swap:         8.0G       482M       7.5G

             total       used       free     shared    buffers     cached
Mem:          992M       924M        67M        16K       564K        32M
-/+ buffers/cache:       891M       100M
Swap:         8.0G       481M       7.5G

             total       used       free     shared    buffers     cached
Mem:          992M       925M        66M        16K       564K        32M
-/+ buffers/cache:       892M        99M
Swap:         8.0G       481M       7.5G

             total       used       free     shared    buffers     cached
Mem:          992M       927M        65M        16K       564K        32M
-/+ buffers/cache:       893M        98M
Swap:         8.0G       480M       7.5G

             total       used       free     shared    buffers     cached
Mem:          992M       928M        64M        16K       564K        32M
-/+ buffers/cache:       894M        97M
Swap:         8.0G       480M       7.5G

             total       used       free     shared    buffers     cached
Mem:          992M       929M        63M        16K       572K        32M
-/+ buffers/cache:       895M        96M
Swap:         8.0G       479M       7.5G

             total       used       free     shared    buffers     cached
Mem:          992M       930M        61M        16K       572K        32M
-/+ buffers/cache:       897M        95M
Swap:         8.0G       479M       7.5G

             total       used       free     shared    buffers     cached
Mem:          992M       931M        60M        16K       572K        32M
-/+ buffers/cache:       898M        94M
Swap:         8.0G       478M       7.5G

             total       used       free     shared    buffers     cached
Mem:          992M       920M        71M        16K       572K        31M
-/+ buffers/cache:       888M       104M
Swap:         8.0G       492M       7.5G

             total       used       free     shared    buffers     cached
Mem:          992M       921M        70M        16K       572K        31M
-/+ buffers/cache:       889M       102M
Swap:         8.0G       492M       7.5G

             total       used       free     shared    buffers     cached
Mem:          992M       922M        69M        16K       580K        31M
-/+ buffers/cache:       890M       101M
Swap:         8.0G       491M       7.5G

             total       used       free     shared    buffers     cached
Mem:          992M       923M        68M        16K       580K        31M
-/+ buffers/cache:       891M       100M
Swap:         8.0G       491M       7.5G

             total       used       free     shared    buffers     cached
Mem:          992M       925M        66M        16K       580K        31M
-/+ buffers/cache:       892M        99M
Swap:         8.0G       490M       7.5G

             total       used       free     shared    buffers     cached
Mem:          992M       926M        65M        16K       580K        31M
-/+ buffers/cache:       894M        98M
Swap:         8.0G       489M       7.5G

             total       used       free     shared    buffers     cached
Mem:          992M       927M        64M        16K       580K        31M
-/+ buffers/cache:       895M        96M
Swap:         8.0G       489M       7.5G

             total       used       free     shared    buffers     cached
Mem:          992M       928M        63M        16K       580K        31M
-/+ buffers/cache:       896M        95M
Swap:         8.0G       488M       7.5G

             total       used       free     shared    buffers     cached
Mem:          992M       929M        62M        16K       588K        31M
-/+ buffers/cache:       897M        94M
Swap:         8.0G       488M       7.5G

             total       used       free     shared    buffers     cached
Mem:          992M       930M        61M        16K       588K        31M
-/+ buffers/cache:       898M        93M
Swap:         8.0G       487M       7.5G

             total       used       free     shared    buffers     cached
Mem:          992M       911M        80M        16K       588K        28M
-/+ buffers/cache:       882M       110M
Swap:         8.0G       500M       7.5G

             total       used       free     shared    buffers     cached
Mem:          992M       912M        79M        16K       588K        28M
-/+ buffers/cache:       883M       108M
Swap:         8.0G       499M       7.5G

             total       used       free     shared    buffers     cached
Mem:          992M       914M        78M        16K       588K        28M
-/+ buffers/cache:       884M       107M
Swap:         8.0G       498M       7.5G

             total       used       free     shared    buffers     cached
Mem:          992M       915M        77M        16K       596K        28M
-/+ buffers/cache:       885M       106M
Swap:         8.0G       498M       7.5G

             total       used       free     shared    buffers     cached
Mem:          992M       916M        75M        16K       596K        28M
-/+ buffers/cache:       886M       105M
Swap:         8.0G       497M       7.5G

             total       used       free     shared    buffers     cached
Mem:          992M       917M        74M        16K       600K        28M
-/+ buffers/cache:       887M       104M
Swap:         8.0G       497M       7.5G

             total       used       free     shared    buffers     cached
Mem:          992M       918M        73M        16K       600K        28M
-/+ buffers/cache:       889M       103M
Swap:         8.0G       496M       7.5G

             total       used       free     shared    buffers     cached
Mem:          992M       919M        72M        16K       600K        28M
-/+ buffers/cache:       890M       102M
Swap:         8.0G       496M       7.5G

             total       used       free     shared    buffers     cached
Mem:          992M       920M        71M        16K       600K        28M
-/+ buffers/cache:       891M       100M
Swap:         8.0G       495M       7.5G

             total       used       free     shared    buffers     cached
Mem:          992M       922M        70M        16K       608K        28M
-/+ buffers/cache:       892M        99M
Swap:         8.0G       494M       7.5G

             total       used       free     shared    buffers     cached
Mem:          992M       923M        68M        16K       608K        28M
-/+ buffers/cache:       893M        98M
Swap:         8.0G       494M       7.5G

             total       used       free     shared    buffers     cached
Mem:          992M       924M        67M        16K       608K        28M
-/+ buffers/cache:       895M        96M
Swap:         8.0G       493M       7.5G

             total       used       free     shared    buffers     cached
Mem:          992M       925M        66M        16K       608K        28M
-/+ buffers/cache:       896M        96M
Swap:         8.0G       492M       7.5G

             total       used       free     shared    buffers     cached
Mem:          992M       926M        65M        16K       608K        28M
-/+ buffers/cache:       897M        94M
Swap:         8.0G       492M       7.5G

             total       used       free     shared    buffers     cached
Mem:          992M       928M        63M        16K       616K        28M
-/+ buffers/cache:       898M        93M
Swap:         8.0G       491M       7.5G

             total       used       free     shared    buffers     cached
Mem:          992M       929M        62M        16K       616K        28M
-/+ buffers/cache:       899M        92M
Swap:         8.0G       491M       7.5G

             total       used       free     shared    buffers     cached
Mem:          992M       930M        61M        16K       616K        28M
-/+ buffers/cache:       900M        91M
Swap:         8.0G       490M       7.5G

             total       used       free     shared    buffers     cached
Mem:          992M       913M        78M        16K       608K        27M
-/+ buffers/cache:       885M       106M
Swap:         8.0G       503M       7.5G

             total       used       free     shared    buffers     cached
Mem:          992M       914M        77M        16K       608K        27M
-/+ buffers/cache:       886M       105M
Swap:         8.0G       503M       7.5G

             total       used       free     shared    buffers     cached
Mem:          992M       915M        76M        16K       608K        27M
-/+ buffers/cache:       887M       104M
Swap:         8.0G       502M       7.5G

             total       used       free     shared    buffers     cached
Mem:          992M       916M        75M        16K       616K        27M
-/+ buffers/cache:       888M       103M
Swap:         8.0G       501M       7.5G

             total       used       free     shared    buffers     cached
Mem:          992M       917M        74M        16K       616K        27M
-/+ buffers/cache:       889M       102M
Swap:         8.0G       501M       7.5G

             total       used       free     shared    buffers     cached
Mem:          992M       919M        73M        16K       616K        27M
-/+ buffers/cache:       891M       100M
Swap:         8.0G       500M       7.5G

             total       used       free     shared    buffers     cached
Mem:          992M       920M        71M        16K       616K        27M
-/+ buffers/cache:       892M        99M
Swap:         8.0G       500M       7.5G

             total       used       free     shared    buffers     cached
Mem:          992M       921M        70M        16K       616K        27M
-/+ buffers/cache:       893M        98M
Swap:         8.0G       499M       7.5G

             total       used       free     shared    buffers     cached
Mem:          992M       922M        69M        16K       624K        27M
-/+ buffers/cache:       894M        97M
Swap:         8.0G       498M       7.5G

             total       used       free     shared    buffers     cached
Mem:          992M       923M        68M        16K       624K        27M
-/+ buffers/cache:       895M        96M
Swap:         8.0G       498M       7.5G

             total       used       free     shared    buffers     cached
Mem:          992M       925M        67M        16K       624K        27M
-/+ buffers/cache:       897M        95M
Swap:         8.0G       497M       7.5G

             total       used       free     shared    buffers     cached
Mem:          992M       926M        65M        16K       624K        27M
-/+ buffers/cache:       898M        93M
Swap:         8.0G       496M       7.5G

             total       used       free     shared    buffers     cached
Mem:          992M       928M        63M        16K       760K        28M
-/+ buffers/cache:       899M        92M
Swap:         8.0G       496M       7.5G

             total       used       free     shared    buffers     cached
Mem:          992M       929M        62M        20K       760K        28M
-/+ buffers/cache:       900M        91M
Swap:         8.0G       495M       7.5G

             total       used       free     shared    buffers     cached
Mem:          992M       922M        70M        20K       768K        30M
-/+ buffers/cache:       891M       100M
Swap:         8.0G       502M       7.5G

             total       used       free     shared    buffers     cached
Mem:          992M       919M        72M        20K       768K        29M
-/+ buffers/cache:       889M       103M
Swap:         8.0G       502M       7.5G

             total       used       free     shared    buffers     cached
Mem:          992M       925M        67M        20K       768K        31M
-/+ buffers/cache:       892M        99M
Swap:         8.0G       500M       7.5G

             total       used       free     shared    buffers     cached
Mem:          992M       929M        62M        20K       768K        32M
-/+ buffers/cache:       895M        96M
Swap:         8.0G       499M       7.5G

             total       used       free     shared    buffers     cached
Mem:          992M       929M        62M        20K       768K        32M
-/+ buffers/cache:       896M        96M
Swap:         8.0G       498M       7.5G

             total       used       free     shared    buffers     cached
Mem:          992M       930M        61M        20K       776K        32M
-/+ buffers/cache:       896M        95M
Swap:         8.0G       498M       7.5G

             total       used       free     shared    buffers     cached
Mem:          992M       931M        60M        20K       776K        32M
-/+ buffers/cache:       897M        94M
Swap:         8.0G       497M       7.5G

             total       used       free     shared    buffers     cached
Mem:          992M       911M        80M        20K       248K        23M
-/+ buffers/cache:       887M       104M
Swap:         8.0G       518M       7.5G

             total       used       free     shared    buffers     cached
Mem:          992M       912M        79M        20K       248K        23M
-/+ buffers/cache:       888M       103M
Swap:         8.0G       518M       7.5G

             total       used       free     shared    buffers     cached
Mem:          992M       912M        79M        20K       264K        23M
-/+ buffers/cache:       889M       103M
Swap:         8.0G       518M       7.5G

             total       used       free     shared    buffers     cached
Mem:          992M       913M        78M        20K       264K        23M
-/+ buffers/cache:       889M       102M
Swap:         8.0G       517M       7.5G

             total       used       free     shared    buffers     cached
Mem:          992M       914M        78M        20K       272K        23M
-/+ buffers/cache:       890M       101M
Swap:         8.0G       517M       7.5G

             total       used       free     shared    buffers     cached
Mem:          992M       914M        77M        20K       272K        23M
-/+ buffers/cache:       890M       101M
Swap:         8.0G       517M       7.5G

             total       used       free     shared    buffers     cached
Mem:          992M       919M        72M       196K       588K        35M
-/+ buffers/cache:       883M       109M
Swap:         8.0G       515M       7.5G

             total       used       free     shared    buffers     cached
Mem:          992M       928M        63M       3.8M       5.3M        54M
-/+ buffers/cache:       868M       123M
Swap:         8.0G       544M       7.5G

             total       used       free     shared    buffers     cached
Mem:          992M       920M        71M       228K       5.5M        65M
-/+ buffers/cache:       849M       142M
Swap:         8.0G       570M       7.4G

             total       used       free     shared    buffers     cached
Mem:          992M       924M        68M       220K       5.5M        66M
-/+ buffers/cache:       852M       139M
Swap:         8.0G       569M       7.4G

             total       used       free     shared    buffers     cached
Mem:          992M       925M        66M       220K       5.5M        66M
-/+ buffers/cache:       853M       138M
Swap:         8.0G       568M       7.4G

             total       used       free     shared    buffers     cached
Mem:          992M       926M        65M       220K       5.5M        66M
-/+ buffers/cache:       855M       137M
Swap:         8.0G       568M       7.4G

             total       used       free     shared    buffers     cached
Mem:          992M       928M        63M       220K       5.5M        66M
-/+ buffers/cache:       856M       135M
Swap:         8.0G       567M       7.4G

             total       used       free     shared    buffers     cached
Mem:          992M       930M        61M       220K       5.5M        67M
-/+ buffers/cache:       858M       133M
Swap:         8.0G       566M       7.4G

             total       used       free     shared    buffers     cached
Mem:          992M       918M        73M       220K       5.4M        64M
-/+ buffers/cache:       849M       143M
Swap:         8.0G       572M       7.4G

             total       used       free     shared    buffers     cached
Mem:          992M       920M        72M       220K       5.4M        64M
-/+ buffers/cache:       850M       141M
Swap:         8.0G       572M       7.4G

             total       used       free     shared    buffers     cached
Mem:          992M       921M        70M       220K       5.4M        64M
-/+ buffers/cache:       851M       140M
Swap:         8.0G       571M       7.4G

             total       used       free     shared    buffers     cached
Mem:          992M       922M        69M       220K       5.4M        64M
-/+ buffers/cache:       853M       139M
Swap:         8.0G       570M       7.4G

             total       used       free     shared    buffers     cached
Mem:          992M       924M        67M       220K       5.4M        64M
-/+ buffers/cache:       854M       137M
Swap:         8.0G       570M       7.4G

             total       used       free     shared    buffers     cached
Mem:          992M       925M        66M       220K       5.4M        64M
-/+ buffers/cache:       855M       136M
Swap:         8.0G       569M       7.4G

             total       used       free     shared    buffers     cached
Mem:          992M       926M        65M       220K       5.4M        64M
-/+ buffers/cache:       856M       135M
Swap:         8.0G       569M       7.4G

             total       used       free     shared    buffers     cached
Mem:          992M       928M        63M       220K       5.4M        64M
-/+ buffers/cache:       858M       133M
Swap:         8.0G       568M       7.4G

             total       used       free     shared    buffers     cached
Mem:          992M       929M        62M       220K       5.4M        64M
-/+ buffers/cache:       859M       132M
Swap:         8.0G       568M       7.4G

             total       used       free     shared    buffers     cached
Mem:          992M       930M        61M       220K       5.4M        64M
-/+ buffers/cache:       861M       131M
Swap:         8.0G       567M       7.4G

             total       used       free     shared    buffers     cached
Mem:          992M       912M        79M       220K       4.4M        60M
-/+ buffers/cache:       847M       144M
Swap:         8.0G       582M       7.4G

             total       used       free     shared    buffers     cached
Mem:          992M       913M        78M       220K       4.4M        60M
-/+ buffers/cache:       848M       143M
Swap:         8.0G       581M       7.4G

             total       used       free     shared    buffers     cached
Mem:          992M       915M        76M       220K       4.4M        60M
-/+ buffers/cache:       849M       142M
Swap:         8.0G       581M       7.4G

             total       used       free     shared    buffers     cached
Mem:          992M       916M        75M       220K       4.4M        60M
-/+ buffers/cache:       851M       140M
Swap:         8.0G       580M       7.4G

             total       used       free     shared    buffers     cached
Mem:          992M       917M        74M       220K       4.4M        61M
-/+ buffers/cache:       852M       139M
Swap:         8.0G       580M       7.4G

             total       used       free     shared    buffers     cached
Mem:          992M       919M        73M       220K       4.4M        60M
-/+ buffers/cache:       853M       138M
Swap:         8.0G       579M       7.4G

             total       used       free     shared    buffers     cached
Mem:          992M       920M        71M       220K       4.4M        61M
-/+ buffers/cache:       854M       137M
Swap:         8.0G       579M       7.4G

             total       used       free     shared    buffers     cached
Mem:          992M       921M        70M       220K       4.4M        60M
-/+ buffers/cache:       856M       136M
Swap:         8.0G       578M       7.4G

             total       used       free     shared    buffers     cached
Mem:          992M       922M        69M       220K       4.4M        60M
-/+ buffers/cache:       857M       134M
Swap:         8.0G       577M       7.4G

             total       used       free     shared    buffers     cached
Mem:          992M       923M        68M       220K       4.4M        61M
-/+ buffers/cache:       858M       133M
Swap:         8.0G       577M       7.4G

             total       used       free     shared    buffers     cached
Mem:          992M       925M        66M       220K       4.4M        60M
-/+ buffers/cache:       859M       132M
Swap:         8.0G       576M       7.4G

             total       used       free     shared    buffers     cached
Mem:          992M       926M        65M       220K       4.4M        60M
-/+ buffers/cache:       861M       130M
Swap:         8.0G       576M       7.4G

             total       used       free     shared    buffers     cached
Mem:          992M       927M        64M       220K       4.4M        60M
-/+ buffers/cache:       862M       129M
Swap:         8.0G       575M       7.4G

             total       used       free     shared    buffers     cached
Mem:          992M       929M        63M       220K       4.4M        61M
-/+ buffers/cache:       863M       128M
Swap:         8.0G       574M       7.4G

             total       used       free     shared    buffers     cached
Mem:          992M       930M        61M       220K       4.4M        60M
-/+ buffers/cache:       865M       127M
Swap:         8.0G       574M       7.4G

             total       used       free     shared    buffers     cached
Mem:          992M       918M        73M       220K       4.4M        60M
-/+ buffers/cache:       854M       137M
Swap:         8.0G       586M       7.4G

             total       used       free     shared    buffers     cached
Mem:          992M       919M        72M       220K       4.4M        60M
-/+ buffers/cache:       855M       136M
Swap:         8.0G       585M       7.4G

             total       used       free     shared    buffers     cached
Mem:          992M       920M        71M       220K       4.4M        60M
-/+ buffers/cache:       856M       135M
Swap:         8.0G       584M       7.4G

             total       used       free     shared    buffers     cached
Mem:          992M       922M        69M       220K       4.4M        60M
-/+ buffers/cache:       857M       134M
Swap:         8.0G       584M       7.4G

             total       used       free     shared    buffers     cached
Mem:          992M       923M        68M       220K       4.4M        60M
-/+ buffers/cache:       859M       132M
Swap:         8.0G       583M       7.4G

             total       used       free     shared    buffers     cached
Mem:          992M       925M        66M       220K       4.4M        60M
-/+ buffers/cache:       860M       131M
Swap:         8.0G       583M       7.4G

             total       used       free     shared    buffers     cached
Mem:          992M       926M        65M       220K       4.4M        60M
-/+ buffers/cache:       861M       130M
Swap:         8.0G       582M       7.4G

             total       used       free     shared    buffers     cached
Mem:          992M       927M        64M       220K       4.4M        60M
-/+ buffers/cache:       863M       129M
Swap:         8.0G       581M       7.4G

             total       used       free     shared    buffers     cached
Mem:          992M       915M        77M       276K       9.1M        73M
-/+ buffers/cache:       832M       159M
Swap:         8.0G       610M       7.4G

             total       used       free     shared    buffers     cached
Mem:          992M       920M        71M       304K       9.1M        73M
-/+ buffers/cache:       837M       154M
Swap:         8.0G       610M       7.4G
