             total       used       free     shared    buffers     cached
Mem:          992M       652M       340M       3.2M        38M       286M
-/+ buffers/cache:       326M       665M
Swap:         8.0G         0B       8.0G

             total       used       free     shared    buffers     cached
Mem:          992M       652M       339M       1.4M        38M       285M
-/+ buffers/cache:       328M       663M
Swap:         8.0G         0B       8.0G

             total       used       free     shared    buffers     cached
Mem:          992M       652M       339M       1.4M        38M       285M
-/+ buffers/cache:       328M       663M
Swap:         8.0G         0B       8.0G

             total       used       free     shared    buffers     cached
Mem:          992M       652M       339M       1.4M        38M       285M
-/+ buffers/cache:       328M       663M
Swap:         8.0G         0B       8.0G

             total       used       free     shared    buffers     cached
Mem:          992M       652M       339M       1.4M        38M       285M
-/+ buffers/cache:       328M       663M
Swap:         8.0G         0B       8.0G

             total       used       free     shared    buffers     cached
Mem:          992M       652M       339M       1.4M        38M       285M
-/+ buffers/cache:       328M       663M
Swap:         8.0G         0B       8.0G

             total       used       free     shared    buffers     cached
Mem:          992M       652M       339M       1.4M        38M       285M
-/+ buffers/cache:       328M       663M
Swap:         8.0G         0B       8.0G

             total       used       free     shared    buffers     cached
Mem:          992M       651M       340M       1.4M        38M       285M
-/+ buffers/cache:       327M       664M
Swap:         8.0G         0B       8.0G

             total       used       free     shared    buffers     cached
Mem:          992M       652M       339M       1.4M        38M       285M
-/+ buffers/cache:       328M       664M
Swap:         8.0G         0B       8.0G

             total       used       free     shared    buffers     cached
Mem:          992M       652M       340M       1.4M        38M       285M
-/+ buffers/cache:       327M       664M
Swap:         8.0G         0B       8.0G

             total       used       free     shared    buffers     cached
Mem:          992M       655M       336M       1.4M        38M       285M
-/+ buffers/cache:       331M       661M
Swap:         8.0G         0B       8.0G

             total       used       free     shared    buffers     cached
Mem:          992M       677M       314M       1.4M        38M       286M
-/+ buffers/cache:       352M       639M
Swap:         8.0G         0B       8.0G

             total       used       free     shared    buffers     cached
Mem:          992M       673M       318M       1.4M        38M       289M
-/+ buffers/cache:       345M       646M
Swap:         8.0G         0B       8.0G

             total       used       free     shared    buffers     cached
Mem:          992M       727M       265M       1.4M        38M       289M
-/+ buffers/cache:       398M       593M
Swap:         8.0G         0B       8.0G

             total       used       free     shared    buffers     cached
Mem:          992M       731M       260M       1.4M        38M       290M
-/+ buffers/cache:       402M       589M
Swap:         8.0G         0B       8.0G

             total       used       free     shared    buffers     cached
Mem:          992M       715M       276M       1.4M        39M       291M
-/+ buffers/cache:       385M       607M
Swap:         8.0G         0B       8.0G

             total       used       free     shared    buffers     cached
Mem:          992M       719M       272M       1.5M        39M       294M
-/+ buffers/cache:       385M       606M
Swap:         8.0G         0B       8.0G

             total       used       free     shared    buffers     cached
Mem:          992M       720M       271M       1.5M        39M       294M
-/+ buffers/cache:       386M       606M
Swap:         8.0G         0B       8.0G

             total       used       free     shared    buffers     cached
Mem:          992M       720M       271M       1.5M        39M       294M
-/+ buffers/cache:       386M       606M
Swap:         8.0G         0B       8.0G

             total       used       free     shared    buffers     cached
Mem:          992M       720M       271M       1.5M        39M       294M
-/+ buffers/cache:       386M       606M
Swap:         8.0G         0B       8.0G

             total       used       free     shared    buffers     cached
Mem:          992M       720M       271M       1.5M        39M       294M
-/+ buffers/cache:       386M       606M
Swap:         8.0G         0B       8.0G

             total       used       free     shared    buffers     cached
Mem:          992M       720M       271M       1.5M        39M       294M
-/+ buffers/cache:       386M       605M
Swap:         8.0G         0B       8.0G

             total       used       free     shared    buffers     cached
Mem:          992M       720M       271M       1.5M        39M       294M
-/+ buffers/cache:       386M       605M
Swap:         8.0G         0B       8.0G

             total       used       free     shared    buffers     cached
Mem:          992M       720M       271M       1.5M        39M       294M
-/+ buffers/cache:       386M       605M
Swap:         8.0G         0B       8.0G

             total       used       free     shared    buffers     cached
Mem:          992M       720M       271M       1.5M        39M       294M
-/+ buffers/cache:       386M       605M
Swap:         8.0G         0B       8.0G

             total       used       free     shared    buffers     cached
Mem:          992M       720M       271M       1.5M        39M       294M
-/+ buffers/cache:       386M       605M
Swap:         8.0G         0B       8.0G

             total       used       free     shared    buffers     cached
Mem:          992M       720M       271M       1.5M        39M       294M
-/+ buffers/cache:       386M       605M
Swap:         8.0G         0B       8.0G

             total       used       free     shared    buffers     cached
Mem:          992M       720M       271M       1.5M        39M       294M
-/+ buffers/cache:       386M       605M
Swap:         8.0G         0B       8.0G

             total       used       free     shared    buffers     cached
Mem:          992M       720M       271M       1.5M        39M       294M
-/+ buffers/cache:       386M       605M
Swap:         8.0G         0B       8.0G

             total       used       free     shared    buffers     cached
Mem:          992M       720M       271M       1.5M        39M       294M
-/+ buffers/cache:       386M       605M
Swap:         8.0G         0B       8.0G

             total       used       free     shared    buffers     cached
Mem:          992M       720M       271M       1.5M        39M       294M
-/+ buffers/cache:       386M       605M
Swap:         8.0G         0B       8.0G

             total       used       free     shared    buffers     cached
Mem:          992M       720M       271M       1.5M        39M       294M
-/+ buffers/cache:       386M       605M
Swap:         8.0G         0B       8.0G

             total       used       free     shared    buffers     cached
Mem:          992M       720M       271M       1.5M        39M       294M
-/+ buffers/cache:       386M       606M
Swap:         8.0G         0B       8.0G

             total       used       free     shared    buffers     cached
Mem:          992M       723M       268M       1.5M        39M       294M
-/+ buffers/cache:       389M       602M
Swap:         8.0G         0B       8.0G

             total       used       free     shared    buffers     cached
Mem:          992M       744M       247M       1.5M        39M       294M
-/+ buffers/cache:       410M       581M
Swap:         8.0G         0B       8.0G

             total       used       free     shared    buffers     cached
Mem:          992M       760M       231M       1.5M        39M       294M
-/+ buffers/cache:       426M       565M
Swap:         8.0G         0B       8.0G

             total       used       free     shared    buffers     cached
Mem:          992M       776M       216M       1.5M        39M       294M
-/+ buffers/cache:       441M       550M
Swap:         8.0G         0B       8.0G

             total       used       free     shared    buffers     cached
Mem:          992M       794M       198M       1.5M        39M       294M
-/+ buffers/cache:       459M       532M
Swap:         8.0G         0B       8.0G

             total       used       free     shared    buffers     cached
Mem:          992M       811M       180M       1.5M        39M       294M
-/+ buffers/cache:       477M       514M
Swap:         8.0G         0B       8.0G

             total       used       free     shared    buffers     cached
Mem:          992M       828M       164M       1.5M        39M       294M
-/+ buffers/cache:       493M       498M
Swap:         8.0G         0B       8.0G

             total       used       free     shared    buffers     cached
Mem:          992M       842M       149M       1.5M        39M       294M
-/+ buffers/cache:       508M       484M
Swap:         8.0G         0B       8.0G

             total       used       free     shared    buffers     cached
Mem:          992M       858M       133M       1.5M        39M       294M
-/+ buffers/cache:       524M       468M
Swap:         8.0G         0B       8.0G

             total       used       free     shared    buffers     cached
Mem:          992M       875M       116M       1.5M        39M       294M
-/+ buffers/cache:       541M       451M
Swap:         8.0G         0B       8.0G

             total       used       free     shared    buffers     cached
Mem:          992M       893M        98M       1.5M        39M       294M
-/+ buffers/cache:       559M       433M
Swap:         8.0G         0B       8.0G

             total       used       free     shared    buffers     cached
Mem:          992M       911M        80M       1.5M        39M       294M
-/+ buffers/cache:       577M       415M
Swap:         8.0G         0B       8.0G

             total       used       free     shared    buffers     cached
Mem:          992M       928M        63M       1.5M        39M       294M
-/+ buffers/cache:       594M       398M
Swap:         8.0G         0B       8.0G

             total       used       free     shared    buffers     cached
Mem:          992M       922M        69M       1.5M        17M       293M
-/+ buffers/cache:       611M       381M
Swap:         8.0G         0B       8.0G

             total       used       free     shared    buffers     cached
Mem:          992M       918M        73M       1.5M        11M       282M
-/+ buffers/cache:       625M       366M
Swap:         8.0G         0B       8.0G

             total       used       free     shared    buffers     cached
Mem:          992M       919M        73M       1.4M        10M       267M
-/+ buffers/cache:       641M       350M
Swap:         8.0G       104K       8.0G

             total       used       free     shared    buffers     cached
Mem:          992M       914M        77M       1.3M        10M       247M
-/+ buffers/cache:       656M       335M
Swap:         8.0G       548K       8.0G

             total       used       free     shared    buffers     cached
Mem:          992M       931M        60M       1.3M        10M       247M
-/+ buffers/cache:       673M       318M
Swap:         8.0G       548K       8.0G

             total       used       free     shared    buffers     cached
Mem:          992M       932M        59M       1.2M        10M       236M
-/+ buffers/cache:       685M       306M
Swap:         8.0G       6.0M       8.0G

             total       used       free     shared    buffers     cached
Mem:          992M       921M        70M       1.0M        10M       214M
-/+ buffers/cache:       696M       295M
Swap:         8.0G        15M       8.0G

             total       used       free     shared    buffers     cached
Mem:          992M       924M        68M       1.0M       3.9M       208M
-/+ buffers/cache:       711M       280M
Swap:         8.0G        15M       8.0G

             total       used       free     shared    buffers     cached
Mem:          992M       927M        65M       1.0M       2.5M       197M
-/+ buffers/cache:       727M       264M
Swap:         8.0G        15M       8.0G

             total       used       free     shared    buffers     cached
Mem:          992M       922M        69M       1.0M       996K       177M
-/+ buffers/cache:       744M       247M
Swap:         8.0G        15M       8.0G

             total       used       free     shared    buffers     cached
Mem:          992M       915M        76M       1.0M       952K       155M
-/+ buffers/cache:       759M       232M
Swap:         8.0G        15M       8.0G

             total       used       free     shared    buffers     cached
Mem:          992M       912M        79M       1.0M       436K       136M
-/+ buffers/cache:       775M       216M
Swap:         8.0G        15M       8.0G

             total       used       free     shared    buffers     cached
Mem:          992M       928M        63M       1.0M       440K       136M
-/+ buffers/cache:       791M       200M
Swap:         8.0G        15M       8.0G

             total       used       free     shared    buffers     cached
Mem:          992M       927M        64M       1.0M        96K       121M
-/+ buffers/cache:       806M       185M
Swap:         8.0G        15M       8.0G

             total       used       free     shared    buffers     cached
Mem:          992M       916M        75M       1.0M        96K        93M
-/+ buffers/cache:       822M       169M
Swap:         8.0G        15M       8.0G

             total       used       free     shared    buffers     cached
Mem:          992M       923M        68M       1.0M       384K        95M
-/+ buffers/cache:       828M       163M
Swap:         8.0G        15M       8.0G

             total       used       free     shared    buffers     cached
Mem:          992M       917M        74M       1.0M       384K        73M
-/+ buffers/cache:       843M       148M
Swap:         8.0G        15M       8.0G

             total       used       free     shared    buffers     cached
Mem:          992M       913M        78M       1.0M       388K        56M
-/+ buffers/cache:       856M       135M
Swap:         8.0G        15M       8.0G

             total       used       free     shared    buffers     cached
Mem:          992M       928M        63M       1.0M       528K        56M
-/+ buffers/cache:       871M       120M
Swap:         8.0G        15M       8.0G

             total       used       free     shared    buffers     cached
Mem:          992M       913M        78M       1.0M       528K        25M
-/+ buffers/cache:       887M       104M
Swap:         8.0G        15M       8.0G

             total       used       free     shared    buffers     cached
Mem:          992M       928M        63M       1.0M       528K        25M
-/+ buffers/cache:       902M        89M
Swap:         8.0G        15M       8.0G

             total       used       free     shared    buffers     cached
Mem:          992M       926M        65M       1.0M       808K       8.0M
-/+ buffers/cache:       918M        74M
Swap:         8.0G        15M       8.0G

             total       used       free     shared    buffers     cached
Mem:          992M       925M        66M       708K       232K       4.5M
-/+ buffers/cache:       920M        71M
Swap:         8.0G       102M       7.9G

             total       used       free     shared    buffers     cached
Mem:          992M       921M        71M       620K       228K       5.1M
-/+ buffers/cache:       915M        76M
Swap:         8.0G       195M       7.8G

             total       used       free     shared    buffers     cached
Mem:          992M       934M        57M       596K       472K       6.8M
-/+ buffers/cache:       927M        64M
Swap:         8.0G       195M       7.8G

             total       used       free     shared    buffers     cached
Mem:          992M       888M       104M       596K       476K       7.8M
-/+ buffers/cache:       879M       112M
Swap:         8.0G       235M       7.8G

             total       used       free     shared    buffers     cached
Mem:          992M       902M        89M       592K       484K       7.9M
-/+ buffers/cache:       894M        98M
Swap:         8.0G       235M       7.8G

             total       used       free     shared    buffers     cached
Mem:          992M       916M        76M       592K       484K       7.9M
-/+ buffers/cache:       907M        84M
Swap:         8.0G       235M       7.8G

             total       used       free     shared    buffers     cached
Mem:          992M       875M       116M       592K       344K       7.0M
-/+ buffers/cache:       868M       123M
Swap:         8.0G       235M       7.8G

             total       used       free     shared    buffers     cached
Mem:          992M       882M       109M       592K       344K       7.0M
-/+ buffers/cache:       875M       116M
Swap:         8.0G       235M       7.8G

             total       used       free     shared    buffers     cached
Mem:          992M       882M       109M       592K       344K       7.0M
-/+ buffers/cache:       875M       116M
Swap:         8.0G       235M       7.8G

             total       used       free     shared    buffers     cached
Mem:          992M       883M       108M       592K       348K       7.1M
-/+ buffers/cache:       875M       116M
Swap:         8.0G       235M       7.8G

             total       used       free     shared    buffers     cached
Mem:          992M       920M        71M       592K       3.0M        33M
-/+ buffers/cache:       884M       108M
Swap:         8.0G       217M       7.8G

             total       used       free     shared    buffers     cached
Mem:          992M       918M        73M       604K       3.0M        32M
-/+ buffers/cache:       883M       108M
Swap:         8.0G       217M       7.8G

             total       used       free     shared    buffers     cached
Mem:          992M       916M        75M       604K       3.0M        31M
-/+ buffers/cache:       882M       109M
Swap:         8.0G       217M       7.8G

             total       used       free     shared    buffers     cached
Mem:          992M       918M        73M       604K       112K        28M
-/+ buffers/cache:       889M       102M
Swap:         8.0G       239M       7.8G

             total       used       free     shared    buffers     cached
Mem:          992M       922M        69M       588K       112K        27M
-/+ buffers/cache:       895M        97M
Swap:         8.0G       243M       7.8G

             total       used       free     shared    buffers     cached
Mem:          992M       920M        72M       588K       120K        16M
-/+ buffers/cache:       903M        88M
Swap:         8.0G       243M       7.8G

             total       used       free     shared    buffers     cached
Mem:          992M       901M        91M       588K       224K       3.3M
-/+ buffers/cache:       897M        94M
Swap:         8.0G       243M       7.8G

             total       used       free     shared    buffers     cached
Mem:          992M       914M        78M       588K       224K       3.5M
-/+ buffers/cache:       910M        81M
Swap:         8.0G       243M       7.8G

             total       used       free     shared    buffers     cached
Mem:          992M       930M        61M       588K       516K       3.4M
-/+ buffers/cache:       926M        65M
Swap:         8.0G       277M       7.7G

             total       used       free     shared    buffers     cached
Mem:          992M       898M        93M       576K       516K       3.4M
-/+ buffers/cache:       894M        97M
Swap:         8.0G       338M       7.7G

             total       used       free     shared    buffers     cached
Mem:          992M       899M        92M       576K       516K       3.4M
-/+ buffers/cache:       895M        96M
Swap:         8.0G       338M       7.7G

             total       used       free     shared    buffers     cached
Mem:          992M       903M        88M       576K       524K       3.4M
-/+ buffers/cache:       899M        92M
Swap:         8.0G       338M       7.7G

             total       used       free     shared    buffers     cached
Mem:          992M       915M        76M       576K       524K       3.5M
-/+ buffers/cache:       911M        80M
Swap:         8.0G       338M       7.7G

             total       used       free     shared    buffers     cached
Mem:          992M       912M        79M       576K       488K       2.8M
-/+ buffers/cache:       909M        82M
Swap:         8.0G       338M       7.7G

             total       used       free     shared    buffers     cached
Mem:          992M       920M        71M       576K       488K       2.8M
-/+ buffers/cache:       916M        75M
Swap:         8.0G       338M       7.7G

             total       used       free     shared    buffers     cached
Mem:          992M       928M        63M       576K       488K       3.0M
-/+ buffers/cache:       924M        67M
Swap:         8.0G       338M       7.7G

             total       used       free     shared    buffers     cached
Mem:          992M       924M        68M       576K       496K       3.0M
-/+ buffers/cache:       920M        71M
Swap:         8.0G       338M       7.7G

             total       used       free     shared    buffers     cached
Mem:          992M       914M        77M       576K       496K       2.8M
-/+ buffers/cache:       911M        80M
Swap:         8.0G       338M       7.7G

             total       used       free     shared    buffers     cached
Mem:          992M       921M        71M       576K       560K       2.9M
-/+ buffers/cache:       917M        74M
Swap:         8.0G       338M       7.7G

             total       used       free     shared    buffers     cached
Mem:          992M       927M        65M       576K       560K       2.9M
-/+ buffers/cache:       923M        68M
Swap:         8.0G       338M       7.7G

             total       used       free     shared    buffers     cached
Mem:          992M       932M        59M         4K       560K       2.3M
-/+ buffers/cache:       929M        62M
Swap:         8.0G       449M       7.6G

             total       used       free     shared    buffers     cached
Mem:          992M       897M        95M         8K       564K       2.3M
-/+ buffers/cache:       894M        98M
Swap:         8.0G       459M       7.5G

             total       used       free     shared    buffers     cached
Mem:          992M       892M        99M         8K       568K       2.3M
-/+ buffers/cache:       889M       102M
Swap:         8.0G       459M       7.5G

             total       used       free     shared    buffers     cached
Mem:          992M       895M        96M         8K       572K       2.3M
-/+ buffers/cache:       892M        99M
Swap:         8.0G       459M       7.5G

             total       used       free     shared    buffers     cached
Mem:          992M       927M        64M         8K       572K        23M
-/+ buffers/cache:       903M        88M
Swap:         8.0G       455M       7.6G

             total       used       free     shared    buffers     cached
Mem:          992M       918M        73M         8K       856K        20M
-/+ buffers/cache:       897M        94M
Swap:         8.0G       455M       7.6G

             total       used       free     shared    buffers     cached
Mem:          992M       923M        68M         8K       856K        20M
-/+ buffers/cache:       902M        89M
Swap:         8.0G       455M       7.6G

             total       used       free     shared    buffers     cached
Mem:          992M       927M        64M         8K       864K        20M
-/+ buffers/cache:       906M        85M
Swap:         8.0G       455M       7.6G

             total       used       free     shared    buffers     cached
Mem:          992M       913M        78M         8K       864K        19M
-/+ buffers/cache:       893M        98M
Swap:         8.0G       455M       7.6G

             total       used       free     shared    buffers     cached
Mem:          992M       917M        75M         8K       864K        19M
-/+ buffers/cache:       896M        95M
Swap:         8.0G       455M       7.6G

             total       used       free     shared    buffers     cached
Mem:          992M       921M        70M         8K       864K        19M
-/+ buffers/cache:       901M        91M
Swap:         8.0G       455M       7.6G

             total       used       free     shared    buffers     cached
Mem:          992M       926M        66M         8K       864K        19M
-/+ buffers/cache:       905M        86M
Swap:         8.0G       455M       7.6G

             total       used       free     shared    buffers     cached
Mem:          992M       929M        62M         8K       872K        19M
-/+ buffers/cache:       908M        83M
Swap:         8.0G       455M       7.6G

             total       used       free     shared    buffers     cached
Mem:          992M       916M        75M         8K       872K        19M
-/+ buffers/cache:       896M        96M
Swap:         8.0G       455M       7.6G

             total       used       free     shared    buffers     cached
Mem:          992M       919M        72M         8K       872K        19M
-/+ buffers/cache:       899M        92M
Swap:         8.0G       455M       7.6G

             total       used       free     shared    buffers     cached
Mem:          992M       922M        69M         8K       872K        19M
-/+ buffers/cache:       902M        89M
Swap:         8.0G       455M       7.6G

             total       used       free     shared    buffers     cached
Mem:          992M       927M        64M         8K       872K        19M
-/+ buffers/cache:       907M        84M
Swap:         8.0G       455M       7.6G

             total       used       free     shared    buffers     cached
Mem:          992M       914M        77M         8K       880K        18M
-/+ buffers/cache:       895M        96M
Swap:         8.0G       455M       7.6G

             total       used       free     shared    buffers     cached
Mem:          992M       917M        74M         8K       880K        18M
-/+ buffers/cache:       898M        93M
Swap:         8.0G       455M       7.6G

             total       used       free     shared    buffers     cached
Mem:          992M       921M        71M         8K       880K        18M
-/+ buffers/cache:       901M        90M
Swap:         8.0G       455M       7.6G

             total       used       free     shared    buffers     cached
Mem:          992M       925M        66M         8K       504K        17M
-/+ buffers/cache:       907M        84M
Swap:         8.0G       431M       7.6G

             total       used       free     shared    buffers     cached
Mem:          992M       916M        76M         8K        88K       3.2M
-/+ buffers/cache:       912M        79M
Swap:         8.0G       419M       7.6G

             total       used       free     shared    buffers     cached
Mem:          992M       933M        58M         8K       224K       3.4M
-/+ buffers/cache:       930M        61M
Swap:         8.0G       489M       7.5G

             total       used       free     shared    buffers     cached
Mem:          992M       915M        76M         0B       232K       3.6M
-/+ buffers/cache:       911M        80M
Swap:         8.0G       506M       7.5G

             total       used       free     shared    buffers     cached
Mem:          992M       915M        77M         0B       240K       3.8M
-/+ buffers/cache:       911M        81M
Swap:         8.0G       506M       7.5G

             total       used       free     shared    buffers     cached
Mem:          992M       925M        66M         0B       524K       4.1M
-/+ buffers/cache:       921M        71M
Swap:         8.0G       478M       7.5G

             total       used       free     shared    buffers     cached
Mem:          992M       917M        74M         0B       516K       2.9M
-/+ buffers/cache:       914M        78M
Swap:         8.0G       417M       7.6G

             total       used       free     shared    buffers     cached
Mem:          992M       919M        73M         0B       368K       1.8M
-/+ buffers/cache:       916M        75M
Swap:         8.0G       431M       7.6G

             total       used       free     shared    buffers     cached
Mem:          992M       917M        74M         0B        80K       2.0M
-/+ buffers/cache:       915M        76M
Swap:         8.0G       455M       7.6G

             total       used       free     shared    buffers     cached
Mem:          992M       915M        76M         0B        92K       2.5M
-/+ buffers/cache:       912M        79M
Swap:         8.0G       455M       7.6G

             total       used       free     shared    buffers     cached
Mem:          992M       924M        67M         0B       332K        26M
-/+ buffers/cache:       897M        94M
Swap:         8.0G       423M       7.6G

             total       used       free     shared    buffers     cached
Mem:          992M       916M        75M        28K       160K        19M
-/+ buffers/cache:       896M        95M
Swap:         8.0G       412M       7.6G

             total       used       free     shared    buffers     cached
Mem:          992M       918M        74M        28K       216K        11M
-/+ buffers/cache:       906M        85M
Swap:         8.0G       425M       7.6G

             total       used       free     shared    buffers     cached
Mem:          992M       918M        73M        28K       260K       2.0M
-/+ buffers/cache:       916M        75M
Swap:         8.0G       392M       7.6G

             total       used       free     shared    buffers     cached
Mem:          992M       921M        70M        28K        76K       1.5M
-/+ buffers/cache:       919M        72M
Swap:         8.0G       485M       7.5G

             total       used       free     shared    buffers     cached
Mem:          992M       899M        92M        28K        76K       1.5M
-/+ buffers/cache:       898M        93M
Swap:         8.0G       492M       7.5G

             total       used       free     shared    buffers     cached
Mem:          992M       896M        95M        28K       352K       1.7M
-/+ buffers/cache:       894M        97M
Swap:         8.0G       492M       7.5G

             total       used       free     shared    buffers     cached
Mem:          992M       902M        89M        28K       368K       1.8M
-/+ buffers/cache:       900M        91M
Swap:         8.0G       482M       7.5G

             total       used       free     shared    buffers     cached
Mem:          992M       918M        73M        28K       372K       1.8M
-/+ buffers/cache:       916M        76M
Swap:         8.0G       416M       7.6G

             total       used       free     shared    buffers     cached
Mem:          992M       922M        69M        28K       380K       1.8M
-/+ buffers/cache:       920M        72M
Swap:         8.0G       403M       7.6G

             total       used       free     shared    buffers     cached
Mem:          992M       907M        84M        28K       344K       1.6M
-/+ buffers/cache:       905M        86M
Swap:         8.0G       485M       7.5G

             total       used       free     shared    buffers     cached
Mem:          992M       905M        86M        28K       344K       1.6M
-/+ buffers/cache:       903M        88M
Swap:         8.0G       485M       7.5G

             total       used       free     shared    buffers     cached
Mem:          992M       909M        82M        28K       344K       1.6M
-/+ buffers/cache:       908M        84M
Swap:         8.0G       474M       7.5G

             total       used       free     shared    buffers     cached
Mem:          992M       920M        71M        28K       320K       1.8M
-/+ buffers/cache:       918M        74M
Swap:         8.0G       411M       7.6G

             total       used       free     shared    buffers     cached
Mem:          992M       925M        66M        28K       296K       1.8M
-/+ buffers/cache:       923M        68M
Swap:         8.0G       388M       7.6G

             total       used       free     shared    buffers     cached
Mem:          992M       918M        73M        28K        76K       2.1M
-/+ buffers/cache:       916M        75M
Swap:         8.0G       385M       7.6G

             total       used       free     shared    buffers     cached
Mem:          992M       916M        75M        28K        76K       1.9M
-/+ buffers/cache:       914M        77M
Swap:         8.0G       389M       7.6G

             total       used       free     shared    buffers     cached
Mem:          992M       917M        74M        28K        76K       1.6M
-/+ buffers/cache:       916M        75M
Swap:         8.0G       388M       7.6G

             total       used       free     shared    buffers     cached
Mem:          992M       918M        73M        28K        84K       1.9M
-/+ buffers/cache:       916M        75M
Swap:         8.0G       383M       7.6G

             total       used       free     shared    buffers     cached
Mem:          992M       922M        69M        28K        92K       1.9M
-/+ buffers/cache:       920M        71M
Swap:         8.0G       382M       7.6G

             total       used       free     shared    buffers     cached
Mem:          992M       927M        65M        28K        92K       1.9M
-/+ buffers/cache:       925M        67M
Swap:         8.0G       381M       7.6G

             total       used       free     shared    buffers     cached
Mem:          992M       914M        77M        28K        76K       1.8M
-/+ buffers/cache:       912M        79M
Swap:         8.0G       406M       7.6G

             total       used       free     shared    buffers     cached
Mem:          992M       920M        72M        28K        76K       1.8M
-/+ buffers/cache:       918M        74M
Swap:         8.0G       406M       7.6G

             total       used       free     shared    buffers     cached
Mem:          992M       925M        66M        28K        76K       1.8M
-/+ buffers/cache:       923M        68M
Swap:         8.0G       406M       7.6G

             total       used       free     shared    buffers     cached
Mem:          992M       918M        73M        28K        76K       1.8M
-/+ buffers/cache:       916M        75M
Swap:         8.0G       407M       7.6G

             total       used       free     shared    buffers     cached
Mem:          992M       924M        67M        28K        84K       1.8M
-/+ buffers/cache:       922M        69M
Swap:         8.0G       407M       7.6G

             total       used       free     shared    buffers     cached
Mem:          992M       917M        74M        28K        84K       1.8M
-/+ buffers/cache:       915M        76M
Swap:         8.0G       420M       7.6G

             total       used       free     shared    buffers     cached
Mem:          992M       920M        71M        28K        84K       1.8M
-/+ buffers/cache:       918M        73M
Swap:         8.0G       420M       7.6G

             total       used       free     shared    buffers     cached
Mem:          992M       922M        69M        28K        84K       1.8M
-/+ buffers/cache:       920M        71M
Swap:         8.0G       419M       7.6G

             total       used       free     shared    buffers     cached
Mem:          992M       924M        67M        28K        84K       1.8M
-/+ buffers/cache:       922M        69M
Swap:         8.0G       418M       7.6G

             total       used       free     shared    buffers     cached
Mem:          992M       926M        66M        28K        92K       1.8M
-/+ buffers/cache:       924M        68M
Swap:         8.0G       418M       7.6G

             total       used       free     shared    buffers     cached
Mem:          992M       928M        64M        28K        92K       1.8M
-/+ buffers/cache:       926M        66M
Swap:         8.0G       417M       7.6G

             total       used       free     shared    buffers     cached
Mem:          992M       916M        75M        28K        92K       1.8M
-/+ buffers/cache:       915M        77M
Swap:         8.0G       440M       7.6G

             total       used       free     shared    buffers     cached
Mem:          992M       918M        73M         8K        92K       1.8M
-/+ buffers/cache:       916M        75M
Swap:         8.0G       439M       7.6G

             total       used       free     shared    buffers     cached
Mem:          992M       896M        95M         8K        84K        19M
-/+ buffers/cache:       877M       114M
Swap:         8.0G       475M       7.5G

             total       used       free     shared    buffers     cached
Mem:          992M       899M        92M         8K       540K        19M
-/+ buffers/cache:       879M       112M
Swap:         8.0G       474M       7.5G

             total       used       free     shared    buffers     cached
Mem:          992M       900M        92M         8K       540K        19M
-/+ buffers/cache:       880M       112M
Swap:         8.0G       473M       7.5G

             total       used       free     shared    buffers     cached
Mem:          992M       901M        90M         8K       540K        19M
-/+ buffers/cache:       881M       110M
Swap:         8.0G       473M       7.5G

             total       used       free     shared    buffers     cached
Mem:          992M       903M        88M         8K       564K        19M
-/+ buffers/cache:       883M       108M
Swap:         8.0G       472M       7.5G

             total       used       free     shared    buffers     cached
Mem:          992M       905M        86M         8K       564K        19M
-/+ buffers/cache:       885M       106M
Swap:         8.0G       471M       7.5G

             total       used       free     shared    buffers     cached
Mem:          992M       906M        85M         8K       564K        19M
-/+ buffers/cache:       886M       105M
Swap:         8.0G       471M       7.5G

             total       used       free     shared    buffers     cached
Mem:          992M       906M        85M         8K       572K        19M
-/+ buffers/cache:       886M       105M
Swap:         8.0G       471M       7.5G

             total       used       free     shared    buffers     cached
Mem:          992M       906M        85M         8K       572K        19M
-/+ buffers/cache:       886M       105M
Swap:         8.0G       471M       7.5G

             total       used       free     shared    buffers     cached
Mem:          992M       906M        85M         8K       572K        19M
-/+ buffers/cache:       886M       105M
Swap:         8.0G       471M       7.5G

             total       used       free     shared    buffers     cached
Mem:          992M       906M        85M         8K       572K        19M
-/+ buffers/cache:       886M       105M
Swap:         8.0G       471M       7.5G

             total       used       free     shared    buffers     cached
Mem:          992M       907M        84M         8K       572K        19M
-/+ buffers/cache:       887M       104M
Swap:         8.0G       470M       7.5G

             total       used       free     shared    buffers     cached
Mem:          992M       910M        82M         8K       580K        19M
-/+ buffers/cache:       890M       102M
Swap:         8.0G       469M       7.5G

             total       used       free     shared    buffers     cached
Mem:          992M       912M        79M         8K       580K        19M
-/+ buffers/cache:       892M        99M
Swap:         8.0G       468M       7.5G

             total       used       free     shared    buffers     cached
Mem:          992M       914M        77M         8K       580K        19M
-/+ buffers/cache:       894M        97M
Swap:         8.0G       467M       7.5G

             total       used       free     shared    buffers     cached
Mem:          992M       917M        74M         8K       580K        20M
-/+ buffers/cache:       896M        95M
Swap:         8.0G       466M       7.5G

             total       used       free     shared    buffers     cached
Mem:          992M       918M        73M         8K       580K        20M
-/+ buffers/cache:       897M        95M
Swap:         8.0G       466M       7.5G

             total       used       free     shared    buffers     cached
Mem:          992M       919M        72M         8K       588K        20M
-/+ buffers/cache:       897M        94M
Swap:         8.0G       465M       7.5G

             total       used       free     shared    buffers     cached
Mem:          992M       920M        72M         8K       588K        20M
-/+ buffers/cache:       898M        93M
Swap:         8.0G       465M       7.5G

             total       used       free     shared    buffers     cached
Mem:          992M       920M        71M         8K       588K        20M
-/+ buffers/cache:       899M        92M
Swap:         8.0G       464M       7.5G

             total       used       free     shared    buffers     cached
Mem:          992M       921M        70M         8K       588K        20M
-/+ buffers/cache:       900M        91M
Swap:         8.0G       464M       7.5G

             total       used       free     shared    buffers     cached
Mem:          992M       923M        68M         8K       876K        21M
-/+ buffers/cache:       901M        91M
Swap:         8.0G       464M       7.5G

             total       used       free     shared    buffers     cached
Mem:          992M       925M        66M         8K       876K        21M
-/+ buffers/cache:       902M        89M
Swap:         8.0G       463M       7.5G

             total       used       free     shared    buffers     cached
Mem:          992M       923M        69M         8K       1.0M        29M
-/+ buffers/cache:       892M        99M
Swap:         8.0G       487M       7.5G

             total       used       free     shared    buffers     cached
Mem:          992M       924M        67M        16K       1.0M        29M
-/+ buffers/cache:       894M        97M
Swap:         8.0G       486M       7.5G

             total       used       free     shared    buffers     cached
Mem:          992M       925M        66M        16K       1.0M        29M
-/+ buffers/cache:       894M        97M
Swap:         8.0G       486M       7.5G

             total       used       free     shared    buffers     cached
Mem:          992M       926M        66M        16K       1.0M        29M
-/+ buffers/cache:       895M        96M
Swap:         8.0G       486M       7.5G

             total       used       free     shared    buffers     cached
Mem:          992M       927M        65M        16K       1.0M        29M
-/+ buffers/cache:       896M        95M
Swap:         8.0G       485M       7.5G

             total       used       free     shared    buffers     cached
Mem:          992M       927M        64M        16K       1.0M        29M
-/+ buffers/cache:       897M        94M
Swap:         8.0G       485M       7.5G

             total       used       free     shared    buffers     cached
Mem:          992M       929M        63M        16K       1.0M        29M
-/+ buffers/cache:       898M        93M
Swap:         8.0G       484M       7.5G

             total       used       free     shared    buffers     cached
Mem:          992M       915M        76M        16K       1.0M        28M
-/+ buffers/cache:       886M       106M
Swap:         8.0G       491M       7.5G

             total       used       free     shared    buffers     cached
Mem:          992M       916M        75M        16K       1.0M        28M
-/+ buffers/cache:       886M       105M
Swap:         8.0G       491M       7.5G

             total       used       free     shared    buffers     cached
Mem:          992M       917M        74M        16K       1.0M        28M
-/+ buffers/cache:       887M       104M
Swap:         8.0G       491M       7.5G

             total       used       free     shared    buffers     cached
Mem:          992M       918M        74M        16K       1.0M        28M
-/+ buffers/cache:       888M       103M
Swap:         8.0G       490M       7.5G

             total       used       free     shared    buffers     cached
Mem:          992M       919M        73M        16K       1.0M        28M
-/+ buffers/cache:       889M       102M
Swap:         8.0G       490M       7.5G

             total       used       free     shared    buffers     cached
Mem:          992M       920M        72M        16K       1.0M        28M
-/+ buffers/cache:       890M       101M
Swap:         8.0G       489M       7.5G

             total       used       free     shared    buffers     cached
Mem:          992M       928M        63M        16K       2.2M        32M
-/+ buffers/cache:       893M        98M
Swap:         8.0G       488M       7.5G

             total       used       free     shared    buffers     cached
Mem:          992M       917M        74M        16K       3.9M        41M
-/+ buffers/cache:       872M       119M
Swap:         8.0G       512M       7.5G

             total       used       free     shared    buffers     cached
Mem:          992M       918M        74M       552K       5.0M        47M
-/+ buffers/cache:       866M       126M
Swap:         8.0G       525M       7.5G

             total       used       free     shared    buffers     cached
Mem:          992M       911M        80M       564K       5.1M        49M
-/+ buffers/cache:       856M       135M
Swap:         8.0G       534M       7.5G

             total       used       free     shared    buffers     cached
Mem:          992M       912M        79M       564K       5.1M        49M
-/+ buffers/cache:       857M       134M
Swap:         8.0G       533M       7.5G

             total       used       free     shared    buffers     cached
Mem:          992M       913M        78M       564K       5.1M        49M
-/+ buffers/cache:       858M       133M
Swap:         8.0G       533M       7.5G

             total       used       free     shared    buffers     cached
Mem:          992M       914M        77M       564K       5.1M        49M
-/+ buffers/cache:       859M       132M
Swap:         8.0G       533M       7.5G

             total       used       free     shared    buffers     cached
Mem:          992M       915M        76M       564K       5.1M        49M
-/+ buffers/cache:       860M       132M
Swap:         8.0G       532M       7.5G

             total       used       free     shared    buffers     cached
Mem:          992M       916M        76M       564K       5.1M        49M
-/+ buffers/cache:       861M       131M
Swap:         8.0G       532M       7.5G

             total       used       free     shared    buffers     cached
Mem:          992M       917M        75M       564K       5.1M        49M
-/+ buffers/cache:       862M       130M
Swap:         8.0G       531M       7.5G

             total       used       free     shared    buffers     cached
Mem:          992M       918M        73M       564K       5.1M        49M
-/+ buffers/cache:       863M       128M
Swap:         8.0G       531M       7.5G

             total       used       free     shared    buffers     cached
Mem:          992M       919M        72M       564K       5.1M        49M
-/+ buffers/cache:       864M       127M
Swap:         8.0G       531M       7.5G

             total       used       free     shared    buffers     cached
Mem:          992M       920M        71M       564K       5.1M        49M
-/+ buffers/cache:       865M       126M
Swap:         8.0G       530M       7.5G

             total       used       free     shared    buffers     cached
Mem:          992M       921M        70M       564K       5.1M        49M
-/+ buffers/cache:       866M       125M
Swap:         8.0G       530M       7.5G

             total       used       free     shared    buffers     cached
Mem:          992M       922M        69M       564K       5.1M        49M
-/+ buffers/cache:       867M       124M
Swap:         8.0G       529M       7.5G

             total       used       free     shared    buffers     cached
Mem:          992M       923M        68M       564K       5.1M        49M
-/+ buffers/cache:       868M       123M
Swap:         8.0G       529M       7.5G

             total       used       free     shared    buffers     cached
Mem:          992M       924M        67M       564K       5.1M        49M
-/+ buffers/cache:       869M       122M
Swap:         8.0G       528M       7.5G

             total       used       free     shared    buffers     cached
Mem:          992M       925M        66M       564K       5.1M        49M
-/+ buffers/cache:       870M       121M
Swap:         8.0G       528M       7.5G

             total       used       free     shared    buffers     cached
Mem:          992M       926M        65M       564K       5.1M        49M
-/+ buffers/cache:       871M       120M
Swap:         8.0G       528M       7.5G

             total       used       free     shared    buffers     cached
Mem:          992M       927M        64M       564K       5.1M        49M
-/+ buffers/cache:       872M       119M
Swap:         8.0G       527M       7.5G

             total       used       free     shared    buffers     cached
Mem:          992M       928M        63M       564K       5.1M        49M
-/+ buffers/cache:       873M       118M
Swap:         8.0G       527M       7.5G

             total       used       free     shared    buffers     cached
Mem:          992M       915M        76M       564K       5.1M        48M
-/+ buffers/cache:       861M       130M
Swap:         8.0G       545M       7.5G

             total       used       free     shared    buffers     cached
Mem:          992M       916M        75M       564K       5.1M        48M
-/+ buffers/cache:       862M       129M
Swap:         8.0G       544M       7.5G

             total       used       free     shared    buffers     cached
Mem:          992M       918M        74M       564K       5.1M        48M
-/+ buffers/cache:       864M       128M
Swap:         8.0G       544M       7.5G

             total       used       free     shared    buffers     cached
Mem:          992M       920M        72M       564K       5.1M        50M
-/+ buffers/cache:       864M       127M
Swap:         8.0G       544M       7.5G

             total       used       free     shared    buffers     cached
Mem:          992M       925M        66M       564K       6.0M        52M
-/+ buffers/cache:       867M       125M
Swap:         8.0G       543M       7.5G

             total       used       free     shared    buffers     cached
Mem:          992M       926M        65M       568K       6.0M        52M
-/+ buffers/cache:       868M       123M
Swap:         8.0G       542M       7.5G

             total       used       free     shared    buffers     cached
Mem:          992M       927M        64M       568K       6.0M        52M
-/+ buffers/cache:       869M       122M
Swap:         8.0G       542M       7.5G

             total       used       free     shared    buffers     cached
Mem:          992M       928M        63M       568K       6.0M        52M
-/+ buffers/cache:       870M       121M
Swap:         8.0G       542M       7.5G

             total       used       free     shared    buffers     cached
Mem:          992M       916M        75M       568K       6.0M        51M
-/+ buffers/cache:       858M       133M
Swap:         8.0G       544M       7.5G

             total       used       free     shared    buffers     cached
Mem:          992M       917M        74M       568K       6.0M        51M
-/+ buffers/cache:       859M       132M
Swap:         8.0G       543M       7.5G

             total       used       free     shared    buffers     cached
Mem:          992M       918M        73M       568K       6.0M        51M
-/+ buffers/cache:       861M       131M
Swap:         8.0G       543M       7.5G

             total       used       free     shared    buffers     cached
Mem:          992M       919M        72M       568K       6.0M        51M
-/+ buffers/cache:       862M       129M
Swap:         8.0G       543M       7.5G

             total       used       free     shared    buffers     cached
Mem:          992M       921M        71M       568K       6.0M        51M
-/+ buffers/cache:       863M       128M
Swap:         8.0G       542M       7.5G

             total       used       free     shared    buffers     cached
Mem:          992M       922M        70M       568K       6.1M        51M
-/+ buffers/cache:       864M       127M
Swap:         8.0G       542M       7.5G

             total       used       free     shared    buffers     cached
Mem:          992M       923M        69M       568K       6.1M        51M
-/+ buffers/cache:       865M       126M
Swap:         8.0G       541M       7.5G

             total       used       free     shared    buffers     cached
Mem:          992M       924M        67M       568K       6.1M        51M
-/+ buffers/cache:       866M       125M
Swap:         8.0G       541M       7.5G

             total       used       free     shared    buffers     cached
Mem:          992M       925M        66M       568K       6.1M        51M
-/+ buffers/cache:       867M       124M
Swap:         8.0G       540M       7.5G

             total       used       free     shared    buffers     cached
Mem:          992M       926M        65M       568K       6.1M        51M
-/+ buffers/cache:       868M       123M
Swap:         8.0G       540M       7.5G

             total       used       free     shared    buffers     cached
Mem:          992M       927M        64M       568K       6.1M        51M
-/+ buffers/cache:       869M       122M
Swap:         8.0G       539M       7.5G

             total       used       free     shared    buffers     cached
Mem:          992M       928M        63M       568K       6.1M        51M
-/+ buffers/cache:       870M       121M
Swap:         8.0G       539M       7.5G

             total       used       free     shared    buffers     cached
Mem:          992M       925M        67M       568K       6.1M        49M
-/+ buffers/cache:       869M       122M
Swap:         8.0G       567M       7.4G

             total       used       free     shared    buffers     cached
Mem:          992M       913M        78M       568K       4.7M        44M
-/+ buffers/cache:       864M       127M
Swap:         8.0G       624M       7.4G

             total       used       free     shared    buffers     cached
Mem:          992M       909M        82M       568K       4.7M        44M
-/+ buffers/cache:       860M       131M
Swap:         8.0G       624M       7.4G

             total       used       free     shared    buffers     cached
Mem:          992M       910M        81M       568K       4.7M        44M
-/+ buffers/cache:       861M       130M
Swap:         8.0G       624M       7.4G

             total       used       free     shared    buffers     cached
Mem:          992M       911M        80M       568K       4.7M        44M
-/+ buffers/cache:       862M       129M
Swap:         8.0G       623M       7.4G

             total       used       free     shared    buffers     cached
Mem:          992M       912M        80M       568K       4.7M        44M
-/+ buffers/cache:       862M       129M
Swap:         8.0G       623M       7.4G

             total       used       free     shared    buffers     cached
Mem:          992M       914M        77M       568K       4.7M        45M
-/+ buffers/cache:       864M       127M
Swap:         8.0G       622M       7.4G

             total       used       free     shared    buffers     cached
Mem:          992M       920M        71M       572K       6.0M        48M
-/+ buffers/cache:       866M       126M
Swap:         8.0G       621M       7.4G

             total       used       free     shared    buffers     cached
Mem:          992M       881M       111M       572K       2.4M        70M
-/+ buffers/cache:       807M       184M
Swap:         8.0G       621M       7.4G

             total       used       free     shared    buffers     cached
Mem:          992M       876M       116M       572K       3.0M        71M
-/+ buffers/cache:       801M       190M
Swap:         8.0G       620M       7.4G

             total       used       free     shared    buffers     cached
Mem:          992M       883M       109M       572K       3.0M        73M
-/+ buffers/cache:       806M       185M
Swap:         8.0G       617M       7.4G

             total       used       free     shared    buffers     cached
Mem:          992M       884M       107M       572K       3.0M        73M
-/+ buffers/cache:       807M       184M
Swap:         8.0G       617M       7.4G

             total       used       free     shared    buffers     cached
Mem:          992M       890M       101M       572K       3.0M        76M
-/+ buffers/cache:       811M       180M
Swap:         8.0G       615M       7.4G

             total       used       free     shared    buffers     cached
Mem:          992M       891M       100M       572K       3.0M        76M
-/+ buffers/cache:       812M       180M
Swap:         8.0G       615M       7.4G

             total       used       free     shared    buffers     cached
Mem:          992M       891M       100M       572K       3.0M        76M
-/+ buffers/cache:       812M       179M
Swap:         8.0G       615M       7.4G

             total       used       free     shared    buffers     cached
Mem:          992M       892M        99M       572K       3.0M        76M
-/+ buffers/cache:       813M       179M
Swap:         8.0G       614M       7.4G

             total       used       free     shared    buffers     cached
Mem:          992M       892M        99M       572K       3.0M        76M
-/+ buffers/cache:       813M       178M
Swap:         8.0G       614M       7.4G

             total       used       free     shared    buffers     cached
Mem:          992M       893M        98M       572K       3.0M        76M
-/+ buffers/cache:       814M       177M
Swap:         8.0G       614M       7.4G

             total       used       free     shared    buffers     cached
Mem:          992M       894M        97M       572K       3.0M        76M
-/+ buffers/cache:       815M       177M
Swap:         8.0G       613M       7.4G

             total       used       free     shared    buffers     cached
Mem:          992M       894M        97M       572K       3.0M        76M
-/+ buffers/cache:       815M       176M
Swap:         8.0G       613M       7.4G

             total       used       free     shared    buffers     cached
Mem:          992M       895M        96M       572K       3.0M        76M
-/+ buffers/cache:       816M       176M
Swap:         8.0G       613M       7.4G

             total       used       free     shared    buffers     cached
Mem:          992M       895M        96M       572K       3.0M        76M
-/+ buffers/cache:       816M       175M
Swap:         8.0G       613M       7.4G

             total       used       free     shared    buffers     cached
Mem:          992M       920M        71M       728K       5.2M        95M
-/+ buffers/cache:       819M       172M
Swap:         8.0G       610M       7.4G

             total       used       free     shared    buffers     cached
Mem:          992M       912M        79M       4.4M       4.8M        85M
-/+ buffers/cache:       822M       169M
Swap:         8.0G       643M       7.4G

             total       used       free     shared    buffers     cached
Mem:          992M       917M        74M       4.4M       5.6M        94M
-/+ buffers/cache:       817M       174M
Swap:         8.0G       640M       7.4G

             total       used       free     shared    buffers     cached
Mem:          992M       921M        70M       772K       5.7M        87M
-/+ buffers/cache:       828M       163M
Swap:         8.0G       636M       7.4G

             total       used       free     shared    buffers     cached
Mem:          992M       922M        69M       768K       5.7M        87M
-/+ buffers/cache:       829M       162M
Swap:         8.0G       635M       7.4G

             total       used       free     shared    buffers     cached
Mem:          992M       924M        68M       768K       5.7M        87M
-/+ buffers/cache:       830M       161M
Swap:         8.0G       634M       7.4G

             total       used       free     shared    buffers     cached
Mem:          992M       925M        66M       768K       5.7M        87M
-/+ buffers/cache:       831M       160M
Swap:         8.0G       634M       7.4G

             total       used       free     shared    buffers     cached
Mem:          992M       926M        65M       768K       5.7M        87M
-/+ buffers/cache:       832M       159M
Swap:         8.0G       633M       7.4G

             total       used       free     shared    buffers     cached
Mem:          992M       927M        64M       768K       5.7M        87M
-/+ buffers/cache:       834M       158M
Swap:         8.0G       632M       7.4G

             total       used       free     shared    buffers     cached
Mem:          992M       918M        73M       768K       5.9M        77M
-/+ buffers/cache:       835M       156M
Swap:         8.0G       631M       7.4G

             total       used       free     shared    buffers     cached
Mem:          992M       919M        72M       768K       5.9M        77M
-/+ buffers/cache:       836M       155M
Swap:         8.0G       631M       7.4G

             total       used       free     shared    buffers     cached
Mem:          992M       920M        71M       768K       5.9M        77M
-/+ buffers/cache:       837M       154M
Swap:         8.0G       630M       7.4G

             total       used       free     shared    buffers     cached
Mem:          992M       921M        70M       768K       5.9M        77M
-/+ buffers/cache:       838M       153M
Swap:         8.0G       629M       7.4G

             total       used       free     shared    buffers     cached
Mem:          992M       923M        68M       768K       5.9M        77M
-/+ buffers/cache:       840M       151M
Swap:         8.0G       628M       7.4G

             total       used       free     shared    buffers     cached
Mem:          992M       924M        67M       768K       5.9M        77M
-/+ buffers/cache:       841M       150M
Swap:         8.0G       628M       7.4G

             total       used       free     shared    buffers     cached
Mem:          992M       925M        66M       768K       5.9M        77M
-/+ buffers/cache:       842M       149M
Swap:         8.0G       627M       7.4G

             total       used       free     shared    buffers     cached
Mem:          992M       927M        64M       768K       5.9M        77M
-/+ buffers/cache:       843M       148M
Swap:         8.0G       626M       7.4G

             total       used       free     shared    buffers     cached
Mem:          992M       928M        63M       768K       5.9M        77M
-/+ buffers/cache:       845M       146M
Swap:         8.0G       625M       7.4G

             total       used       free     shared    buffers     cached
Mem:          992M       917M        74M       768K       5.9M        73M
-/+ buffers/cache:       838M       153M
Swap:         8.0G       624M       7.4G

             total       used       free     shared    buffers     cached
Mem:          992M       919M        73M       768K       5.9M        73M
-/+ buffers/cache:       839M       152M
Swap:         8.0G       624M       7.4G

             total       used       free     shared    buffers     cached
Mem:          992M       920M        71M       768K       5.9M        73M
-/+ buffers/cache:       841M       151M
Swap:         8.0G       623M       7.4G

             total       used       free     shared    buffers     cached
Mem:          992M       922M        70M       768K       5.9M        73M
-/+ buffers/cache:       842M       149M
Swap:         8.0G       622M       7.4G

             total       used       free     shared    buffers     cached
Mem:          992M       923M        68M       768K       5.9M        74M
-/+ buffers/cache:       843M       148M
Swap:         8.0G       622M       7.4G

             total       used       free     shared    buffers     cached
Mem:          992M       924M        67M       768K       5.9M        74M
-/+ buffers/cache:       844M       147M
Swap:         8.0G       621M       7.4G

             total       used       free     shared    buffers     cached
Mem:          992M       926M        66M       768K       5.9M        74M
-/+ buffers/cache:       846M       145M
Swap:         8.0G       620M       7.4G

             total       used       free     shared    buffers     cached
Mem:          992M       927M        64M       768K       5.9M        73M
-/+ buffers/cache:       847M       144M
Swap:         8.0G       620M       7.4G

             total       used       free     shared    buffers     cached
Mem:          992M       928M        63M       768K       5.9M        74M
-/+ buffers/cache:       848M       143M
Swap:         8.0G       619M       7.4G

             total       used       free     shared    buffers     cached
Mem:          992M       917M        74M       768K       5.9M        70M
-/+ buffers/cache:       840M       151M
Swap:         8.0G       618M       7.4G

             total       used       free     shared    buffers     cached
Mem:          992M       918M        73M       768K       5.9M        70M
-/+ buffers/cache:       841M       150M
Swap:         8.0G       617M       7.4G

             total       used       free     shared    buffers     cached
Mem:          992M       920M        71M       768K       5.9M        70M
-/+ buffers/cache:       843M       148M
Swap:         8.0G       617M       7.4G

             total       used       free     shared    buffers     cached
Mem:          992M       921M        70M       768K       5.9M        70M
-/+ buffers/cache:       844M       147M
Swap:         8.0G       616M       7.4G

             total       used       free     shared    buffers     cached
Mem:          992M       922M        69M       768K       5.9M        70M
-/+ buffers/cache:       845M       146M
Swap:         8.0G       615M       7.4G

             total       used       free     shared    buffers     cached
Mem:          992M       924M        68M       768K       5.9M        70M
-/+ buffers/cache:       847M       145M
Swap:         8.0G       615M       7.4G

             total       used       free     shared    buffers     cached
Mem:          992M       925M        66M       768K       5.9M        70M
-/+ buffers/cache:       848M       143M
Swap:         8.0G       614M       7.4G

             total       used       free     shared    buffers     cached
Mem:          992M       926M        65M       768K       5.9M        70M
-/+ buffers/cache:       849M       142M
Swap:         8.0G       613M       7.4G

             total       used       free     shared    buffers     cached
Mem:          992M       927M        64M       768K       5.9M        70M
-/+ buffers/cache:       850M       141M
Swap:         8.0G       613M       7.4G

             total       used       free     shared    buffers     cached
Mem:          992M       912M        79M       768K       5.8M        67M
-/+ buffers/cache:       839M       153M
Swap:         8.0G       642M       7.4G

             total       used       free     shared    buffers     cached
Mem:          992M       915M        76M       816K       8.4M        77M
-/+ buffers/cache:       830M       162M
Swap:         8.0G       640M       7.4G

             total       used       free     shared    buffers     cached
Mem:          992M       915M        76M       808K       8.9M        79M
-/+ buffers/cache:       826M       165M
Swap:         8.0G       639M       7.4G
