             total       used       free     shared    buffers     cached
Mem:          992M       658M       333M       3.2M        38M       289M
-/+ buffers/cache:       330M       661M
Swap:         8.0G         0B       8.0G

             total       used       free     shared    buffers     cached
Mem:          992M       657M       334M       1.4M        38M       287M
-/+ buffers/cache:       331M       661M
Swap:         8.0G         0B       8.0G

             total       used       free     shared    buffers     cached
Mem:          992M       657M       334M       1.4M        38M       287M
-/+ buffers/cache:       330M       661M
Swap:         8.0G         0B       8.0G

             total       used       free     shared    buffers     cached
Mem:          992M       657M       334M       1.4M        38M       287M
-/+ buffers/cache:       330M       661M
Swap:         8.0G         0B       8.0G

             total       used       free     shared    buffers     cached
Mem:          992M       657M       334M       1.4M        38M       287M
-/+ buffers/cache:       330M       661M
Swap:         8.0G         0B       8.0G

             total       used       free     shared    buffers     cached
Mem:          992M       657M       334M       1.4M        38M       287M
-/+ buffers/cache:       330M       661M
Swap:         8.0G         0B       8.0G

             total       used       free     shared    buffers     cached
Mem:          992M       657M       334M       1.4M        38M       287M
-/+ buffers/cache:       330M       661M
Swap:         8.0G         0B       8.0G

             total       used       free     shared    buffers     cached
Mem:          992M       656M       335M       1.4M        38M       288M
-/+ buffers/cache:       330M       661M
Swap:         8.0G         0B       8.0G

             total       used       free     shared    buffers     cached
Mem:          992M       657M       334M       1.4M        38M       288M
-/+ buffers/cache:       330M       661M
Swap:         8.0G         0B       8.0G

             total       used       free     shared    buffers     cached
Mem:          992M       660M       331M       1.4M        38M       288M
-/+ buffers/cache:       333M       658M
Swap:         8.0G         0B       8.0G

             total       used       free     shared    buffers     cached
Mem:          992M       677M       315M       1.4M        38M       288M
-/+ buffers/cache:       350M       641M
Swap:         8.0G         0B       8.0G

             total       used       free     shared    buffers     cached
Mem:          992M       688M       304M       1.4M        38M       288M
-/+ buffers/cache:       360M       631M
Swap:         8.0G         0B       8.0G

             total       used       free     shared    buffers     cached
Mem:          992M       666M       325M       1.4M        38M       289M
-/+ buffers/cache:       338M       653M
Swap:         8.0G         0B       8.0G

             total       used       free     shared    buffers     cached
Mem:          992M       667M       324M       1.4M        38M       289M
-/+ buffers/cache:       338M       653M
Swap:         8.0G         0B       8.0G

             total       used       free     shared    buffers     cached
Mem:          992M       666M       325M       1.4M        38M       289M
-/+ buffers/cache:       338M       653M
Swap:         8.0G         0B       8.0G

             total       used       free     shared    buffers     cached
Mem:          992M       666M       325M       1.4M        38M       289M
-/+ buffers/cache:       338M       653M
Swap:         8.0G         0B       8.0G

             total       used       free     shared    buffers     cached
Mem:          992M       666M       325M       1.4M        38M       289M
-/+ buffers/cache:       338M       653M
Swap:         8.0G         0B       8.0G

             total       used       free     shared    buffers     cached
Mem:          992M       666M       325M       1.4M        38M       289M
-/+ buffers/cache:       338M       653M
Swap:         8.0G         0B       8.0G

             total       used       free     shared    buffers     cached
Mem:          992M       666M       325M       1.4M        38M       289M
-/+ buffers/cache:       338M       653M
Swap:         8.0G         0B       8.0G

             total       used       free     shared    buffers     cached
Mem:          992M       666M       325M       1.4M        38M       289M
-/+ buffers/cache:       338M       653M
Swap:         8.0G         0B       8.0G

             total       used       free     shared    buffers     cached
Mem:          992M       666M       325M       1.4M        38M       289M
-/+ buffers/cache:       338M       653M
Swap:         8.0G         0B       8.0G

             total       used       free     shared    buffers     cached
Mem:          992M       666M       325M       1.4M        38M       289M
-/+ buffers/cache:       338M       653M
Swap:         8.0G         0B       8.0G

             total       used       free     shared    buffers     cached
Mem:          992M       666M       325M       1.4M        38M       289M
-/+ buffers/cache:       338M       653M
Swap:         8.0G         0B       8.0G

             total       used       free     shared    buffers     cached
Mem:          992M       666M       325M       1.4M        38M       289M
-/+ buffers/cache:       338M       653M
Swap:         8.0G         0B       8.0G

             total       used       free     shared    buffers     cached
Mem:          992M       666M       325M       1.4M        38M       289M
-/+ buffers/cache:       338M       653M
Swap:         8.0G         0B       8.0G

             total       used       free     shared    buffers     cached
Mem:          992M       666M       325M       1.4M        38M       289M
-/+ buffers/cache:       338M       653M
Swap:         8.0G         0B       8.0G

             total       used       free     shared    buffers     cached
Mem:          992M       666M       325M       1.4M        38M       289M
-/+ buffers/cache:       338M       653M
Swap:         8.0G         0B       8.0G

             total       used       free     shared    buffers     cached
Mem:          992M       666M       325M       1.4M        38M       289M
-/+ buffers/cache:       338M       653M
Swap:         8.0G         0B       8.0G

             total       used       free     shared    buffers     cached
Mem:          992M       666M       325M       1.4M        38M       289M
-/+ buffers/cache:       338M       653M
Swap:         8.0G         0B       8.0G

             total       used       free     shared    buffers     cached
Mem:          992M       666M       325M       1.4M        38M       289M
-/+ buffers/cache:       338M       653M
Swap:         8.0G         0B       8.0G

             total       used       free     shared    buffers     cached
Mem:          992M       666M       325M       1.4M        38M       289M
-/+ buffers/cache:       338M       653M
Swap:         8.0G         0B       8.0G

             total       used       free     shared    buffers     cached
Mem:          992M       666M       325M       1.4M        38M       289M
-/+ buffers/cache:       338M       653M
Swap:         8.0G         0B       8.0G

             total       used       free     shared    buffers     cached
Mem:          992M       666M       325M       1.4M        38M       289M
-/+ buffers/cache:       338M       653M
Swap:         8.0G         0B       8.0G

             total       used       free     shared    buffers     cached
Mem:          992M       673M       319M       1.4M        38M       289M
-/+ buffers/cache:       344M       647M
Swap:         8.0G         0B       8.0G

             total       used       free     shared    buffers     cached
Mem:          992M       694M       297M       1.4M        38M       289M
-/+ buffers/cache:       365M       626M
Swap:         8.0G         0B       8.0G

             total       used       free     shared    buffers     cached
Mem:          992M       715M       276M       1.4M        38M       289M
-/+ buffers/cache:       386M       605M
Swap:         8.0G         0B       8.0G

             total       used       free     shared    buffers     cached
Mem:          992M       737M       254M       1.4M        38M       289M
-/+ buffers/cache:       408M       583M
Swap:         8.0G         0B       8.0G

             total       used       free     shared    buffers     cached
Mem:          992M       756M       235M       1.4M        38M       289M
-/+ buffers/cache:       427M       564M
Swap:         8.0G         0B       8.0G

             total       used       free     shared    buffers     cached
Mem:          992M       776M       215M       1.4M        38M       289M
-/+ buffers/cache:       447M       544M
Swap:         8.0G         0B       8.0G

             total       used       free     shared    buffers     cached
Mem:          992M       794M       197M       1.4M        38M       289M
-/+ buffers/cache:       466M       525M
Swap:         8.0G         0B       8.0G

             total       used       free     shared    buffers     cached
Mem:          992M       816M       176M       1.4M        38M       289M
-/+ buffers/cache:       487M       504M
Swap:         8.0G         0B       8.0G

             total       used       free     shared    buffers     cached
Mem:          992M       835M       156M       1.4M        38M       289M
-/+ buffers/cache:       507M       484M
Swap:         8.0G         0B       8.0G

             total       used       free     shared    buffers     cached
Mem:          992M       858M       134M       1.4M        38M       289M
-/+ buffers/cache:       529M       462M
Swap:         8.0G         0B       8.0G

             total       used       free     shared    buffers     cached
Mem:          992M       879M       113M       1.4M        38M       289M
-/+ buffers/cache:       550M       441M
Swap:         8.0G         0B       8.0G

             total       used       free     shared    buffers     cached
Mem:          992M       893M        98M       1.4M        38M       289M
-/+ buffers/cache:       565M       426M
Swap:         8.0G         0B       8.0G

             total       used       free     shared    buffers     cached
Mem:          992M       912M        79M       1.4M        38M       289M
-/+ buffers/cache:       584M       408M
Swap:         8.0G         0B       8.0G

             total       used       free     shared    buffers     cached
Mem:          992M       930M        61M       1.4M        38M       289M
-/+ buffers/cache:       601M       390M
Swap:         8.0G         0B       8.0G

             total       used       free     shared    buffers     cached
Mem:          992M       923M        68M       1.4M        13M       288M
-/+ buffers/cache:       622M       370M
Swap:         8.0G         0B       8.0G

             total       used       free     shared    buffers     cached
Mem:          992M       924M        67M       1.4M        10M       271M
-/+ buffers/cache:       642M       349M
Swap:         8.0G        76K       8.0G

             total       used       free     shared    buffers     cached
Mem:          992M       927M        64M       1.3M       9.8M       253M
-/+ buffers/cache:       664M       327M
Swap:         8.0G       648K       8.0G

             total       used       free     shared    buffers     cached
Mem:          992M       928M        63M       1.2M       9.8M       235M
-/+ buffers/cache:       682M       309M
Swap:         8.0G       5.3M       8.0G

             total       used       free     shared    buffers     cached
Mem:          992M       927M        64M       1.2M       9.8M       221M
-/+ buffers/cache:       696M       295M
Swap:         8.0G       7.7M       8.0G

             total       used       free     shared    buffers     cached
Mem:          992M       932M        59M       1.2M       9.8M       209M
-/+ buffers/cache:       713M       278M
Swap:         8.0G       7.7M       8.0G

             total       used       free     shared    buffers     cached
Mem:          992M       923M        68M       1.2M       1.9M       190M
-/+ buffers/cache:       730M       261M
Swap:         8.0G       7.7M       8.0G

             total       used       free     shared    buffers     cached
Mem:          992M       931M        61M       1.2M       1.0M       182M
-/+ buffers/cache:       747M       244M
Swap:         8.0G       7.7M       8.0G

             total       used       free     shared    buffers     cached
Mem:          992M       926M        65M       1.2M       344K       161M
-/+ buffers/cache:       764M       227M
Swap:         8.0G       7.7M       8.0G

             total       used       free     shared    buffers     cached
Mem:          992M       922M        70M       1.2M       212K       142M
-/+ buffers/cache:       779M       212M
Swap:         8.0G       7.7M       8.0G

             total       used       free     shared    buffers     cached
Mem:          992M       917M        74M       1.2M        84K       125M
-/+ buffers/cache:       791M       200M
Swap:         8.0G       7.7M       8.0G

             total       used       free     shared    buffers     cached
Mem:          992M       921M        70M       1.2M        96K       111M
-/+ buffers/cache:       810M       181M
Swap:         8.0G       7.7M       8.0G

             total       used       free     shared    buffers     cached
Mem:          992M       925M        67M       1.2M        96K        98M
-/+ buffers/cache:       826M       165M
Swap:         8.0G       7.7M       8.0G

             total       used       free     shared    buffers     cached
Mem:          992M       921M        70M       1.2M        96K        76M
-/+ buffers/cache:       844M       147M
Swap:         8.0G       7.7M       8.0G

             total       used       free     shared    buffers     cached
Mem:          992M       918M        73M       1.2M       252K        57M
-/+ buffers/cache:       860M       131M
Swap:         8.0G       7.7M       8.0G

             total       used       free     shared    buffers     cached
Mem:          992M       922M        69M       1.2M       256K        43M
-/+ buffers/cache:       878M       113M
Swap:         8.0G       7.7M       8.0G

             total       used       free     shared    buffers     cached
Mem:          992M       923M        69M       1.2M       264K        26M
-/+ buffers/cache:       896M        95M
Swap:         8.0G       7.7M       8.0G

             total       used       free     shared    buffers     cached
Mem:          992M       922M        69M       1.2M       380K       8.2M
-/+ buffers/cache:       914M        78M
Swap:         8.0G       9.2M       8.0G

             total       used       free     shared    buffers     cached
Mem:          992M       922M        69M       1.0M       184K       4.3M
-/+ buffers/cache:       918M        74M
Swap:         8.0G        26M       8.0G

             total       used       free     shared    buffers     cached
Mem:          992M       929M        63M       728K       472K       3.5M
-/+ buffers/cache:       925M        67M
Swap:         8.0G        47M       8.0G

             total       used       free     shared    buffers     cached
Mem:          992M       901M        90M       672K       480K       3.0M
-/+ buffers/cache:       897M        94M
Swap:         8.0G       111M       7.9G

             total       used       free     shared    buffers     cached
Mem:          992M       921M        70M       680K       480K       5.2M
-/+ buffers/cache:       916M        76M
Swap:         8.0G       111M       7.9G

             total       used       free     shared    buffers     cached
Mem:          992M       927M        64M       628K       2.7M        16M
-/+ buffers/cache:       908M        83M
Swap:         8.0G       145M       7.9G

             total       used       free     shared    buffers     cached
Mem:          992M       923M        68M       640K       2.3M        14M
-/+ buffers/cache:       906M        85M
Swap:         8.0G       145M       7.9G

             total       used       free     shared    buffers     cached
Mem:          992M       921M        70M       588K       2.3M        14M
-/+ buffers/cache:       905M        87M
Swap:         8.0G       161M       7.8G

             total       used       free     shared    buffers     cached
Mem:          992M       924M        68M       580K       2.3M        13M
-/+ buffers/cache:       907M        84M
Swap:         8.0G       166M       7.8G

             total       used       free     shared    buffers     cached
Mem:          992M       923M        68M       580K       2.3M        13M
-/+ buffers/cache:       908M        84M
Swap:         8.0G       208M       7.8G

             total       used       free     shared    buffers     cached
Mem:          992M       911M        80M       580K       2.3M        12M
-/+ buffers/cache:       896M        95M
Swap:         8.0G       208M       7.8G

             total       used       free     shared    buffers     cached
Mem:          992M       929M        62M       580K       2.3M        12M
-/+ buffers/cache:       914M        77M
Swap:         8.0G       208M       7.8G

             total       used       free     shared    buffers     cached
Mem:          992M       921M        70M       572K       236K        10M
-/+ buffers/cache:       910M        81M
Swap:         8.0G       225M       7.8G

             total       used       free     shared    buffers     cached
Mem:          992M       923M        68M       572K       232K       2.7M
-/+ buffers/cache:       921M        71M
Swap:         8.0G       242M       7.8G

             total       used       free     shared    buffers     cached
Mem:          992M       925M        67M       548K       524K       2.6M
-/+ buffers/cache:       921M        70M
Swap:         8.0G       242M       7.8G

             total       used       free     shared    buffers     cached
Mem:          992M       921M        70M       548K       524K       2.6M
-/+ buffers/cache:       918M        73M
Swap:         8.0G       264M       7.7G

             total       used       free     shared    buffers     cached
Mem:          992M       929M        62M       548K       524K       2.6M
-/+ buffers/cache:       926M        65M
Swap:         8.0G       264M       7.7G

             total       used       free     shared    buffers     cached
Mem:          992M       921M        70M       548K       340K       2.2M
-/+ buffers/cache:       918M        73M
Swap:         8.0G       281M       7.7G

             total       used       free     shared    buffers     cached
Mem:          992M       928M        63M       548K       340K       2.2M
-/+ buffers/cache:       925M        66M
Swap:         8.0G       281M       7.7G

             total       used       free     shared    buffers     cached
Mem:          992M       920M        71M       548K       348K       2.2M
-/+ buffers/cache:       918M        73M
Swap:         8.0G       287M       7.7G

             total       used       free     shared    buffers     cached
Mem:          992M       927M        65M       548K       352K       2.2M
-/+ buffers/cache:       924M        67M
Swap:         8.0G       287M       7.7G

             total       used       free     shared    buffers     cached
Mem:          992M       917M        74M       548K       348K       2.4M
-/+ buffers/cache:       915M        77M
Swap:         8.0G       309M       7.7G

             total       used       free     shared    buffers     cached
Mem:          992M       922M        69M       544K       348K       2.4M
-/+ buffers/cache:       919M        72M
Swap:         8.0G       309M       7.7G

             total       used       free     shared    buffers     cached
Mem:          992M       927M        64M       544K       348K       2.4M
-/+ buffers/cache:       924M        67M
Swap:         8.0G       309M       7.7G

             total       used       free     shared    buffers     cached
Mem:          992M       930M        61M       544K       356K       2.4M
-/+ buffers/cache:       927M        64M
Swap:         8.0G       309M       7.7G

             total       used       free     shared    buffers     cached
Mem:          992M       920M        71M         4K       304K       1.9M
-/+ buffers/cache:       918M        73M
Swap:         8.0G       318M       7.7G

             total       used       free     shared    buffers     cached
Mem:          992M       926M        66M         4K       304K       1.9M
-/+ buffers/cache:       923M        68M
Swap:         8.0G       318M       7.7G

             total       used       free     shared    buffers     cached
Mem:          992M       930M        61M         4K       304K       1.8M
-/+ buffers/cache:       928M        64M
Swap:         8.0G       318M       7.7G

             total       used       free     shared    buffers     cached
Mem:          992M       922M        69M         4K       252K       1.8M
-/+ buffers/cache:       920M        72M
Swap:         8.0G       337M       7.7G

             total       used       free     shared    buffers     cached
Mem:          992M       920M        71M         4K       184K       1.8M
-/+ buffers/cache:       918M        73M
Swap:         8.0G       333M       7.7G

             total       used       free     shared    buffers     cached
Mem:          992M       924M        67M         4K       124K       1.8M
-/+ buffers/cache:       922M        69M
Swap:         8.0G       321M       7.7G

             total       used       free     shared    buffers     cached
Mem:          992M       922M        69M         4K        76K       1.8M
-/+ buffers/cache:       920M        71M
Swap:         8.0G       318M       7.7G

             total       used       free     shared    buffers     cached
Mem:          992M       926M        66M         0B        76K       1.7M
-/+ buffers/cache:       924M        67M
Swap:         8.0G       320M       7.7G

             total       used       free     shared    buffers     cached
Mem:          992M       919M        73M         0B        76K       1.5M
-/+ buffers/cache:       917M        74M
Swap:         8.0G       330M       7.7G

             total       used       free     shared    buffers     cached
Mem:          992M       923M        68M         0B        76K       1.7M
-/+ buffers/cache:       921M        70M
Swap:         8.0G       322M       7.7G

             total       used       free     shared    buffers     cached
Mem:          992M       919M        73M         0B        84K       1.8M
-/+ buffers/cache:       917M        74M
Swap:         8.0G       329M       7.7G

             total       used       free     shared    buffers     cached
Mem:          992M       919M        73M         0B        84K       1.7M
-/+ buffers/cache:       917M        74M
Swap:         8.0G       329M       7.7G

             total       used       free     shared    buffers     cached
Mem:          992M       914M        77M         0B        84K       1.6M
-/+ buffers/cache:       912M        79M
Swap:         8.0G       340M       7.7G

             total       used       free     shared    buffers     cached
Mem:          992M       920M        71M         0B        84K       1.6M
-/+ buffers/cache:       919M        73M
Swap:         8.0G       331M       7.7G

             total       used       free     shared    buffers     cached
Mem:          992M       923M        68M         0B        84K       1.7M
-/+ buffers/cache:       921M        70M
Swap:         8.0G       328M       7.7G

             total       used       free     shared    buffers     cached
Mem:          992M       929M        62M         0B        92K       2.0M
-/+ buffers/cache:       927M        64M
Swap:         8.0G       331M       7.7G

             total       used       free     shared    buffers     cached
Mem:          992M       913M        78M         0B        76K       1.9M
-/+ buffers/cache:       911M        80M
Swap:         8.0G       348M       7.7G

             total       used       free     shared    buffers     cached
Mem:          992M       918M        73M         0B        76K       1.9M
-/+ buffers/cache:       916M        75M
Swap:         8.0G       346M       7.7G

             total       used       free     shared    buffers     cached
Mem:          992M       925M        66M         0B        76K       1.9M
-/+ buffers/cache:       923M        68M
Swap:         8.0G       345M       7.7G

             total       used       free     shared    buffers     cached
Mem:          992M       919M        72M         0B        76K       1.9M
-/+ buffers/cache:       917M        74M
Swap:         8.0G       351M       7.7G

             total       used       free     shared    buffers     cached
Mem:          992M       926M        65M         0B        84K       1.9M
-/+ buffers/cache:       924M        67M
Swap:         8.0G       351M       7.7G

             total       used       free     shared    buffers     cached
Mem:          992M       916M        76M         0B        84K       1.9M
-/+ buffers/cache:       914M        77M
Swap:         8.0G       367M       7.6G

             total       used       free     shared    buffers     cached
Mem:          992M       921M        70M         0B        84K       1.9M
-/+ buffers/cache:       919M        72M
Swap:         8.0G       367M       7.6G

             total       used       free     shared    buffers     cached
Mem:          992M       928M        63M         0B        84K       1.9M
-/+ buffers/cache:       926M        65M
Swap:         8.0G       367M       7.6G

             total       used       free     shared    buffers     cached
Mem:          992M       901M        90M         0B        84K        20M
-/+ buffers/cache:       880M       111M
Swap:         8.0G       431M       7.6G

             total       used       free     shared    buffers     cached
Mem:          992M       904M        87M         0B       560K        20M
-/+ buffers/cache:       883M       108M
Swap:         8.0G       430M       7.6G

             total       used       free     shared    buffers     cached
Mem:          992M       904M        87M         0B       568K        20M
-/+ buffers/cache:       883M       108M
Swap:         8.0G       429M       7.6G

             total       used       free     shared    buffers     cached
Mem:          992M       907M        85M         0B       568K        20M
-/+ buffers/cache:       886M       106M
Swap:         8.0G       428M       7.6G

             total       used       free     shared    buffers     cached
Mem:          992M       909M        83M         0B       568K        20M
-/+ buffers/cache:       887M       104M
Swap:         8.0G       427M       7.6G

             total       used       free     shared    buffers     cached
Mem:          992M       911M        81M         0B       568K        20M
-/+ buffers/cache:       889M       102M
Swap:         8.0G       427M       7.6G

             total       used       free     shared    buffers     cached
Mem:          992M       912M        79M         0B       568K        20M
-/+ buffers/cache:       891M       100M
Swap:         8.0G       426M       7.6G

             total       used       free     shared    buffers     cached
Mem:          992M       914M        77M         0B       576K        20M
-/+ buffers/cache:       893M        98M
Swap:         8.0G       425M       7.6G

             total       used       free     shared    buffers     cached
Mem:          992M       916M        75M         0B       576K        20M
-/+ buffers/cache:       895M        96M
Swap:         8.0G       424M       7.6G

             total       used       free     shared    buffers     cached
Mem:          992M       918M        74M         0B       576K        20M
-/+ buffers/cache:       896M        95M
Swap:         8.0G       423M       7.6G

             total       used       free     shared    buffers     cached
Mem:          992M       919M        72M         0B       576K        20M
-/+ buffers/cache:       898M        93M
Swap:         8.0G       422M       7.6G

             total       used       free     shared    buffers     cached
Mem:          992M       922M        70M         0B       576K        20M
-/+ buffers/cache:       901M        91M
Swap:         8.0G       421M       7.6G

             total       used       free     shared    buffers     cached
Mem:          992M       924M        68M         0B       584K        20M
-/+ buffers/cache:       902M        89M
Swap:         8.0G       420M       7.6G

             total       used       free     shared    buffers     cached
Mem:          992M       926M        65M         0B       584K        20M
-/+ buffers/cache:       905M        87M
Swap:         8.0G       419M       7.6G

             total       used       free     shared    buffers     cached
Mem:          992M       928M        63M         0B       584K        20M
-/+ buffers/cache:       907M        84M
Swap:         8.0G       418M       7.6G

             total       used       free     shared    buffers     cached
Mem:          992M       930M        61M         0B       584K        20M
-/+ buffers/cache:       909M        82M
Swap:         8.0G       417M       7.6G

             total       used       free     shared    buffers     cached
Mem:          992M       921M        70M         0B       584K        20M
-/+ buffers/cache:       900M        91M
Swap:         8.0G       419M       7.6G

             total       used       free     shared    buffers     cached
Mem:          992M       923M        68M         0B       584K        20M
-/+ buffers/cache:       902M        90M
Swap:         8.0G       418M       7.6G

             total       used       free     shared    buffers     cached
Mem:          992M       925M        66M         0B       592K        20M
-/+ buffers/cache:       904M        87M
Swap:         8.0G       417M       7.6G

             total       used       free     shared    buffers     cached
Mem:          992M       927M        64M         0B       592K        20M
-/+ buffers/cache:       906M        85M
Swap:         8.0G       416M       7.6G

             total       used       free     shared    buffers     cached
Mem:          992M       929M        62M         0B       592K        20M
-/+ buffers/cache:       908M        83M
Swap:         8.0G       415M       7.6G

             total       used       free     shared    buffers     cached
Mem:          992M       919M        73M         0B       592K        20M
-/+ buffers/cache:       898M        94M
Swap:         8.0G       426M       7.6G

             total       used       free     shared    buffers     cached
Mem:          992M       921M        71M         0B       592K        20M
-/+ buffers/cache:       900M        92M
Swap:         8.0G       425M       7.6G

             total       used       free     shared    buffers     cached
Mem:          992M       922M        69M         0B       600K        20M
-/+ buffers/cache:       901M        90M
Swap:         8.0G       424M       7.6G

             total       used       free     shared    buffers     cached
Mem:          992M       924M        67M         0B       600K        20M
-/+ buffers/cache:       903M        88M
Swap:         8.0G       423M       7.6G

             total       used       free     shared    buffers     cached
Mem:          992M       927M        65M         0B       600K        20M
-/+ buffers/cache:       906M        86M
Swap:         8.0G       422M       7.6G

             total       used       free     shared    buffers     cached
Mem:          992M       929M        62M         0B       600K        20M
-/+ buffers/cache:       908M        83M
Swap:         8.0G       421M       7.6G

             total       used       free     shared    buffers     cached
Mem:          992M       931M        60M         0B       600K        20M
-/+ buffers/cache:       910M        81M
Swap:         8.0G       420M       7.6G

             total       used       free     shared    buffers     cached
Mem:          992M       920M        71M         0B       608K        19M
-/+ buffers/cache:       900M        92M
Swap:         8.0G       434M       7.6G

             total       used       free     shared    buffers     cached
Mem:          992M       922M        69M         0B       608K        19M
-/+ buffers/cache:       902M        90M
Swap:         8.0G       433M       7.6G

             total       used       free     shared    buffers     cached
Mem:          992M       924M        67M         0B       608K        19M
-/+ buffers/cache:       904M        88M
Swap:         8.0G       432M       7.6G

             total       used       free     shared    buffers     cached
Mem:          992M       926M        65M         0B       608K        19M
-/+ buffers/cache:       906M        85M
Swap:         8.0G       431M       7.6G

             total       used       free     shared    buffers     cached
Mem:          992M       928M        63M         0B       608K        19M
-/+ buffers/cache:       908M        83M
Swap:         8.0G       430M       7.6G

             total       used       free     shared    buffers     cached
Mem:          992M       930M        61M         0B       608K        19M
-/+ buffers/cache:       910M        81M
Swap:         8.0G       429M       7.6G

             total       used       free     shared    buffers     cached
Mem:          992M       919M        73M         0B       576K        18M
-/+ buffers/cache:       899M        92M
Swap:         8.0G       442M       7.6G

             total       used       free     shared    buffers     cached
Mem:          992M       921M        71M         0B       576K        18M
-/+ buffers/cache:       901M        90M
Swap:         8.0G       442M       7.6G

             total       used       free     shared    buffers     cached
Mem:          992M       923M        68M         0B       576K        18M
-/+ buffers/cache:       904M        88M
Swap:         8.0G       440M       7.6G

             total       used       free     shared    buffers     cached
Mem:          992M       925M        66M         0B       576K        18M
-/+ buffers/cache:       906M        85M
Swap:         8.0G       439M       7.6G

             total       used       free     shared    buffers     cached
Mem:          992M       927M        64M         0B       576K        18M
-/+ buffers/cache:       908M        83M
Swap:         8.0G       438M       7.6G

             total       used       free     shared    buffers     cached
Mem:          992M       929M        62M         0B       584K        18M
-/+ buffers/cache:       910M        81M
Swap:         8.0G       438M       7.6G

             total       used       free     shared    buffers     cached
Mem:          992M       916M        76M         0B       576K        17M
-/+ buffers/cache:       897M        94M
Swap:         8.0G       448M       7.6G

             total       used       free     shared    buffers     cached
Mem:          992M       917M        74M         0B       576K        17M
-/+ buffers/cache:       899M        92M
Swap:         8.0G       447M       7.6G

             total       used       free     shared    buffers     cached
Mem:          992M       919M        72M         0B       576K        17M
-/+ buffers/cache:       901M        90M
Swap:         8.0G       446M       7.6G

             total       used       free     shared    buffers     cached
Mem:          992M       922M        70M         0B       576K        17M
-/+ buffers/cache:       903M        88M
Swap:         8.0G       445M       7.6G

             total       used       free     shared    buffers     cached
Mem:          992M       924M        68M         0B       584K        17M
-/+ buffers/cache:       905M        86M
Swap:         8.0G       444M       7.6G

             total       used       free     shared    buffers     cached
Mem:          992M       926M        65M         0B       584K        17M
-/+ buffers/cache:       907M        84M
Swap:         8.0G       443M       7.6G

             total       used       free     shared    buffers     cached
Mem:          992M       928M        63M         0B       584K        17M
-/+ buffers/cache:       909M        82M
Swap:         8.0G       442M       7.6G

             total       used       free     shared    buffers     cached
Mem:          992M       930M        61M         0B       584K        17M
-/+ buffers/cache:       912M        80M
Swap:         8.0G       441M       7.6G

             total       used       free     shared    buffers     cached
Mem:          992M       913M        78M         0B       584K        15M
-/+ buffers/cache:       897M        94M
Swap:         8.0G       461M       7.5G

             total       used       free     shared    buffers     cached
Mem:          992M       916M        75M         0B       584K        15M
-/+ buffers/cache:       900M        91M
Swap:         8.0G       460M       7.5G

             total       used       free     shared    buffers     cached
Mem:          992M       917M        74M         0B       592K        15M
-/+ buffers/cache:       901M        90M
Swap:         8.0G       459M       7.5G

             total       used       free     shared    buffers     cached
Mem:          992M       920M        71M         0B       592K        15M
-/+ buffers/cache:       904M        87M
Swap:         8.0G       458M       7.5G

             total       used       free     shared    buffers     cached
Mem:          992M       922M        69M         0B       600K        15M
-/+ buffers/cache:       906M        85M
Swap:         8.0G       457M       7.6G

             total       used       free     shared    buffers     cached
Mem:          992M       924M        67M         0B       600K        15M
-/+ buffers/cache:       908M        83M
Swap:         8.0G       456M       7.6G

             total       used       free     shared    buffers     cached
Mem:          992M       927M        65M         0B       600K        15M
-/+ buffers/cache:       911M        81M
Swap:         8.0G       454M       7.6G

             total       used       free     shared    buffers     cached
Mem:          992M       929M        63M         0B       608K        15M
-/+ buffers/cache:       913M        79M
Swap:         8.0G       453M       7.6G

             total       used       free     shared    buffers     cached
Mem:          992M       930M        61M         0B       608K        15M
-/+ buffers/cache:       914M        77M
Swap:         8.0G       452M       7.6G

             total       used       free     shared    buffers     cached
Mem:          992M       917M        74M         0B       608K        14M
-/+ buffers/cache:       902M        89M
Swap:         8.0G       457M       7.6G

             total       used       free     shared    buffers     cached
Mem:          992M       919M        72M         0B       608K        14M
-/+ buffers/cache:       904M        87M
Swap:         8.0G       455M       7.6G

             total       used       free     shared    buffers     cached
Mem:          992M       922M        69M         0B       608K        14M
-/+ buffers/cache:       907M        84M
Swap:         8.0G       454M       7.6G

             total       used       free     shared    buffers     cached
Mem:          992M       930M        62M         0B       616K        19M
-/+ buffers/cache:       909M        82M
Swap:         8.0G       453M       7.6G

             total       used       free     shared    buffers     cached
Mem:          992M       913M        78M         0B       616K        17M
-/+ buffers/cache:       895M        96M
Swap:         8.0G       479M       7.5G

             total       used       free     shared    buffers     cached
Mem:          992M       915M        76M         0B       616K        17M
-/+ buffers/cache:       897M        94M
Swap:         8.0G       478M       7.5G

             total       used       free     shared    buffers     cached
Mem:          992M       917M        74M         0B       616K        17M
-/+ buffers/cache:       899M        92M
Swap:         8.0G       477M       7.5G

             total       used       free     shared    buffers     cached
Mem:          992M       920M        71M         0B       616K        17M
-/+ buffers/cache:       901M        90M
Swap:         8.0G       476M       7.5G

             total       used       free     shared    buffers     cached
Mem:          992M       922M        69M         0B       616K        17M
-/+ buffers/cache:       904M        87M
Swap:         8.0G       475M       7.5G

             total       used       free     shared    buffers     cached
Mem:          992M       925M        67M         0B       624K        18M
-/+ buffers/cache:       905M        86M
Swap:         8.0G       474M       7.5G

             total       used       free     shared    buffers     cached
Mem:          992M       928M        63M         0B       912K        19M
-/+ buffers/cache:       907M        84M
Swap:         8.0G       473M       7.5G

             total       used       free     shared    buffers     cached
Mem:          992M       920M        71M        16K       564K        28M
-/+ buffers/cache:       891M       100M
Swap:         8.0G       486M       7.5G

             total       used       free     shared    buffers     cached
Mem:          992M       921M        70M        16K       564K        28M
-/+ buffers/cache:       892M        99M
Swap:         8.0G       485M       7.5G

             total       used       free     shared    buffers     cached
Mem:          992M       922M        69M        16K       564K        28M
-/+ buffers/cache:       893M        98M
Swap:         8.0G       484M       7.5G

             total       used       free     shared    buffers     cached
Mem:          992M       923M        68M        16K       572K        28M
-/+ buffers/cache:       894M        97M
Swap:         8.0G       484M       7.5G

             total       used       free     shared    buffers     cached
Mem:          992M       925M        67M        16K       572K        28M
-/+ buffers/cache:       896M        96M
Swap:         8.0G       483M       7.5G

             total       used       free     shared    buffers     cached
Mem:          992M       926M        65M        16K       572K        28M
-/+ buffers/cache:       897M        94M
Swap:         8.0G       483M       7.5G

             total       used       free     shared    buffers     cached
Mem:          992M       927M        64M        16K       572K        28M
-/+ buffers/cache:       898M        93M
Swap:         8.0G       482M       7.5G

             total       used       free     shared    buffers     cached
Mem:          992M       929M        63M        16K       572K        28M
-/+ buffers/cache:       900M        92M
Swap:         8.0G       482M       7.5G

             total       used       free     shared    buffers     cached
Mem:          992M       910M        81M        16K       572K        27M
-/+ buffers/cache:       882M       109M
Swap:         8.0G       504M       7.5G

             total       used       free     shared    buffers     cached
Mem:          992M       912M        80M        16K       572K        27M
-/+ buffers/cache:       883M       108M
Swap:         8.0G       503M       7.5G

             total       used       free     shared    buffers     cached
Mem:          992M       913M        78M        16K       572K        27M
-/+ buffers/cache:       885M       106M
Swap:         8.0G       502M       7.5G

             total       used       free     shared    buffers     cached
Mem:          992M       915M        76M        16K       572K        27M
-/+ buffers/cache:       886M       105M
Swap:         8.0G       502M       7.5G

             total       used       free     shared    buffers     cached
Mem:          992M       916M        75M        16K       572K        27M
-/+ buffers/cache:       888M       103M
Swap:         8.0G       501M       7.5G

             total       used       free     shared    buffers     cached
Mem:          992M       917M        74M        16K       572K        27M
-/+ buffers/cache:       889M       102M
Swap:         8.0G       500M       7.5G

             total       used       free     shared    buffers     cached
Mem:          992M       918M        73M        16K       584K        27M
-/+ buffers/cache:       890M       101M
Swap:         8.0G       500M       7.5G

             total       used       free     shared    buffers     cached
Mem:          992M       920M        71M        16K       584K        27M
-/+ buffers/cache:       892M       100M
Swap:         8.0G       499M       7.5G

             total       used       free     shared    buffers     cached
Mem:          992M       921M        70M        16K       584K        27M
-/+ buffers/cache:       893M        98M
Swap:         8.0G       499M       7.5G

             total       used       free     shared    buffers     cached
Mem:          992M       922M        69M        16K       584K        27M
-/+ buffers/cache:       894M        97M
Swap:         8.0G       498M       7.5G

             total       used       free     shared    buffers     cached
Mem:          992M       924M        67M        16K       584K        27M
-/+ buffers/cache:       896M        96M
Swap:         8.0G       497M       7.5G

             total       used       free     shared    buffers     cached
Mem:          992M       926M        66M        16K       592K        27M
-/+ buffers/cache:       897M        94M
Swap:         8.0G       496M       7.5G

             total       used       free     shared    buffers     cached
Mem:          992M       927M        64M        16K       592K        27M
-/+ buffers/cache:       899M        92M
Swap:         8.0G       496M       7.5G

             total       used       free     shared    buffers     cached
Mem:          992M       929M        63M        16K       592K        27M
-/+ buffers/cache:       900M        91M
Swap:         8.0G       495M       7.5G

             total       used       free     shared    buffers     cached
Mem:          992M       930M        61M        16K       592K        27M
-/+ buffers/cache:       902M        90M
Swap:         8.0G       494M       7.5G

             total       used       free     shared    buffers     cached
Mem:          992M       916M        75M        16K       584K        26M
-/+ buffers/cache:       889M       103M
Swap:         8.0G       507M       7.5G

             total       used       free     shared    buffers     cached
Mem:          992M       917M        74M        16K       584K        26M
-/+ buffers/cache:       890M       101M
Swap:         8.0G       507M       7.5G

             total       used       free     shared    buffers     cached
Mem:          992M       918M        73M        16K       592K        26M
-/+ buffers/cache:       891M       100M
Swap:         8.0G       506M       7.5G

             total       used       free     shared    buffers     cached
Mem:          992M       920M        71M        16K       592K        26M
-/+ buffers/cache:       893M        99M
Swap:         8.0G       505M       7.5G

             total       used       free     shared    buffers     cached
Mem:          992M       922M        70M        16K       592K        26M
-/+ buffers/cache:       894M        97M
Swap:         8.0G       505M       7.5G

             total       used       free     shared    buffers     cached
Mem:          992M       923M        68M        16K       592K        26M
-/+ buffers/cache:       896M        96M
Swap:         8.0G       504M       7.5G

             total       used       free     shared    buffers     cached
Mem:          992M       925M        67M        16K       592K        26M
-/+ buffers/cache:       897M        94M
Swap:         8.0G       503M       7.5G

             total       used       free     shared    buffers     cached
Mem:          992M       926M        65M        16K       600K        26M
-/+ buffers/cache:       899M        93M
Swap:         8.0G       502M       7.5G

             total       used       free     shared    buffers     cached
Mem:          992M       927M        64M        16K       600K        27M
-/+ buffers/cache:       900M        91M
Swap:         8.0G       502M       7.5G

             total       used       free     shared    buffers     cached
Mem:          992M       929M        62M        16K       600K        26M
-/+ buffers/cache:       901M        90M
Swap:         8.0G       501M       7.5G

             total       used       free     shared    buffers     cached
Mem:          992M       931M        61M        16K       600K        26M
-/+ buffers/cache:       903M        88M
Swap:         8.0G       500M       7.5G

             total       used       free     shared    buffers     cached
Mem:          992M       914M        77M        16K       600K        26M
-/+ buffers/cache:       887M       104M
Swap:         8.0G       509M       7.5G

             total       used       free     shared    buffers     cached
Mem:          992M       916M        75M        16K       600K        26M
-/+ buffers/cache:       889M       102M
Swap:         8.0G       508M       7.5G

             total       used       free     shared    buffers     cached
Mem:          992M       917M        74M        16K       608K        26M
-/+ buffers/cache:       890M       101M
Swap:         8.0G       508M       7.5G

             total       used       free     shared    buffers     cached
Mem:          992M       919M        72M        16K       608K        26M
-/+ buffers/cache:       892M        99M
Swap:         8.0G       507M       7.5G

             total       used       free     shared    buffers     cached
Mem:          992M       920M        71M        16K       608K        26M
-/+ buffers/cache:       893M        98M
Swap:         8.0G       506M       7.5G

             total       used       free     shared    buffers     cached
Mem:          992M       922M        70M        16K       608K        26M
-/+ buffers/cache:       895M        96M
Swap:         8.0G       506M       7.5G

             total       used       free     shared    buffers     cached
Mem:          992M       923M        68M        16K       608K        26M
-/+ buffers/cache:       896M        95M
Swap:         8.0G       505M       7.5G

             total       used       free     shared    buffers     cached
Mem:          992M       925M        66M        16K       616K        26M
-/+ buffers/cache:       898M        93M
Swap:         8.0G       504M       7.5G

             total       used       free     shared    buffers     cached
Mem:          992M       927M        65M        16K       616K        26M
-/+ buffers/cache:       900M        92M
Swap:         8.0G       503M       7.5G

             total       used       free     shared    buffers     cached
Mem:          992M       928M        63M        16K       616K        26M
-/+ buffers/cache:       901M        90M
Swap:         8.0G       502M       7.5G

             total       used       free     shared    buffers     cached
Mem:          992M       930M        61M        16K       616K        26M
-/+ buffers/cache:       903M        88M
Swap:         8.0G       501M       7.5G

             total       used       free     shared    buffers     cached
Mem:          992M       918M        74M        16K       600K        25M
-/+ buffers/cache:       892M        99M
Swap:         8.0G       513M       7.5G

             total       used       free     shared    buffers     cached
Mem:          992M       919M        72M        16K       600K        25M
-/+ buffers/cache:       893M        98M
Swap:         8.0G       512M       7.5G

             total       used       free     shared    buffers     cached
Mem:          992M       921M        71M        16K       608K        25M
-/+ buffers/cache:       895M        96M
Swap:         8.0G       511M       7.5G

             total       used       free     shared    buffers     cached
Mem:          992M       922M        69M        16K       608K        25M
-/+ buffers/cache:       896M        95M
Swap:         8.0G       510M       7.5G

             total       used       free     shared    buffers     cached
Mem:          992M       924M        68M        16K       608K        25M
-/+ buffers/cache:       898M        93M
Swap:         8.0G       510M       7.5G

             total       used       free     shared    buffers     cached
Mem:          992M       925M        66M        16K       608K        25M
-/+ buffers/cache:       900M        92M
Swap:         8.0G       509M       7.5G

             total       used       free     shared    buffers     cached
Mem:          992M       927M        64M        16K       608K        25M
-/+ buffers/cache:       901M        90M
Swap:         8.0G       508M       7.5G

             total       used       free     shared    buffers     cached
Mem:          992M       929M        62M        16K       616K        25M
-/+ buffers/cache:       903M        88M
Swap:         8.0G       507M       7.5G

             total       used       free     shared    buffers     cached
Mem:          992M       931M        61M        16K       616K        25M
-/+ buffers/cache:       905M        86M
Swap:         8.0G       506M       7.5G

             total       used       free     shared    buffers     cached
Mem:          992M       914M        77M        16K       616K        23M
-/+ buffers/cache:       890M       101M
Swap:         8.0G       517M       7.5G

             total       used       free     shared    buffers     cached
Mem:          992M       915M        76M        16K       616K        23M
-/+ buffers/cache:       892M       100M
Swap:         8.0G       516M       7.5G

             total       used       free     shared    buffers     cached
Mem:          992M       917M        74M        16K       616K        23M
-/+ buffers/cache:       893M        98M
Swap:         8.0G       515M       7.5G

             total       used       free     shared    buffers     cached
Mem:          992M       919M        73M        16K       616K        23M
-/+ buffers/cache:       895M        97M
Swap:         8.0G       514M       7.5G

             total       used       free     shared    buffers     cached
Mem:          992M       920M        71M        16K       624K        23M
-/+ buffers/cache:       896M        95M
Swap:         8.0G       514M       7.5G

             total       used       free     shared    buffers     cached
Mem:          992M       921M        70M        16K       624K        23M
-/+ buffers/cache:       897M        94M
Swap:         8.0G       513M       7.5G

             total       used       free     shared    buffers     cached
Mem:          992M       923M        68M        16K       624K        23M
-/+ buffers/cache:       899M        92M
Swap:         8.0G       512M       7.5G

             total       used       free     shared    buffers     cached
Mem:          992M       924M        67M        16K       624K        23M
-/+ buffers/cache:       900M        91M
Swap:         8.0G       511M       7.5G

             total       used       free     shared    buffers     cached
Mem:          992M       926M        66M        16K       624K        23M
-/+ buffers/cache:       902M        89M
Swap:         8.0G       510M       7.5G

             total       used       free     shared    buffers     cached
Mem:          992M       928M        63M        16K       632K        23M
-/+ buffers/cache:       904M        88M
Swap:         8.0G       509M       7.5G

             total       used       free     shared    buffers     cached
Mem:          992M       929M        62M        16K       632K        23M
-/+ buffers/cache:       905M        86M
Swap:         8.0G       509M       7.5G

             total       used       free     shared    buffers     cached
Mem:          992M       916M        76M        20K       276K        22M
-/+ buffers/cache:       893M        98M
Swap:         8.0G       523M       7.5G

             total       used       free     shared    buffers     cached
Mem:          992M       917M        74M        20K       276K        22M
-/+ buffers/cache:       895M        96M
Swap:         8.0G       522M       7.5G

             total       used       free     shared    buffers     cached
Mem:          992M       919M        73M        20K       276K        22M
-/+ buffers/cache:       896M        95M
Swap:         8.0G       521M       7.5G

             total       used       free     shared    buffers     cached
Mem:          992M       927M        64M        20K       276K        24M
-/+ buffers/cache:       903M        89M
Swap:         8.0G       518M       7.5G

             total       used       free     shared    buffers     cached
Mem:          992M       928M        63M        20K       284K        24M
-/+ buffers/cache:       904M        87M
Swap:         8.0G       517M       7.5G

             total       used       free     shared    buffers     cached
Mem:          992M       920M        71M        20K       264K        22M
-/+ buffers/cache:       897M        94M
Swap:         8.0G       514M       7.5G

             total       used       free     shared    buffers     cached
Mem:          992M       921M        70M        20K       272K        22M
-/+ buffers/cache:       898M        93M
Swap:         8.0G       514M       7.5G

             total       used       free     shared    buffers     cached
Mem:          992M       922M        69M        20K       272K        22M
-/+ buffers/cache:       899M        92M
Swap:         8.0G       513M       7.5G

             total       used       free     shared    buffers     cached
Mem:          992M       922M        69M        20K       300K        22M
-/+ buffers/cache:       899M        92M
Swap:         8.0G       513M       7.5G

             total       used       free     shared    buffers     cached
Mem:          992M       923M        68M        20K       308K        22M
-/+ buffers/cache:       900M        91M
Swap:         8.0G       513M       7.5G

             total       used       free     shared    buffers     cached
Mem:          992M       924M        67M        20K       308K        22M
-/+ buffers/cache:       901M        90M
Swap:         8.0G       512M       7.5G

             total       used       free     shared    buffers     cached
Mem:          992M       925M        67M        20K       308K        22M
-/+ buffers/cache:       902M        89M
Swap:         8.0G       512M       7.5G

             total       used       free     shared    buffers     cached
Mem:          992M       926M        66M        20K       308K        22M
-/+ buffers/cache:       903M        89M
Swap:         8.0G       511M       7.5G

             total       used       free     shared    buffers     cached
Mem:          992M       926M        65M        20K       308K        22M
-/+ buffers/cache:       903M        88M
Swap:         8.0G       511M       7.5G

             total       used       free     shared    buffers     cached
Mem:          992M       927M        64M        20K       308K        22M
-/+ buffers/cache:       904M        87M
Swap:         8.0G       511M       7.5G

             total       used       free     shared    buffers     cached
Mem:          992M       917M        74M       200K       252K        25M
-/+ buffers/cache:       891M       100M
Swap:         8.0G       531M       7.5G

             total       used       free     shared    buffers     cached
Mem:          992M       903M        89M       3.9M       3.5M        47M
-/+ buffers/cache:       852M       140M
Swap:         8.0G       570M       7.4G

             total       used       free     shared    buffers     cached
Mem:          992M       922M        70M       3.9M       4.7M        63M
-/+ buffers/cache:       853M       138M
Swap:         8.0G       571M       7.4G

             total       used       free     shared    buffers     cached
Mem:          992M       929M        62M       224K       4.9M        62M
-/+ buffers/cache:       862M       130M
Swap:         8.0G       568M       7.4G

             total       used       free     shared    buffers     cached
Mem:          992M       920M        72M       224K       4.1M        60M
-/+ buffers/cache:       855M       136M
Swap:         8.0G       577M       7.4G

             total       used       free     shared    buffers     cached
Mem:          992M       920M        71M       224K       4.1M        60M
-/+ buffers/cache:       855M       136M
Swap:         8.0G       577M       7.4G

             total       used       free     shared    buffers     cached
Mem:          992M       921M        70M       224K       4.1M        60M
-/+ buffers/cache:       857M       134M
Swap:         8.0G       576M       7.4G

             total       used       free     shared    buffers     cached
Mem:          992M       923M        69M       224K       4.1M        60M
-/+ buffers/cache:       858M       133M
Swap:         8.0G       575M       7.4G

             total       used       free     shared    buffers     cached
Mem:          992M       925M        66M       224K       4.2M        61M
-/+ buffers/cache:       860M       131M
Swap:         8.0G       575M       7.4G

             total       used       free     shared    buffers     cached
Mem:          992M       927M        65M       224K       4.2M        61M
-/+ buffers/cache:       861M       130M
Swap:         8.0G       574M       7.4G

             total       used       free     shared    buffers     cached
Mem:          992M       928M        63M       224K       4.2M        61M
-/+ buffers/cache:       863M       129M
Swap:         8.0G       574M       7.4G

             total       used       free     shared    buffers     cached
Mem:          992M       929M        62M       224K       4.2M        61M
-/+ buffers/cache:       864M       127M
Swap:         8.0G       573M       7.4G

             total       used       free     shared    buffers     cached
Mem:          992M       923M        68M       224K       4.2M        60M
-/+ buffers/cache:       859M       133M
Swap:         8.0G       576M       7.4G

             total       used       free     shared    buffers     cached
Mem:          992M       918M        73M       224K       4.2M        59M
-/+ buffers/cache:       854M       138M
Swap:         8.0G       576M       7.4G

             total       used       free     shared    buffers     cached
Mem:          992M       919M        72M       224K       4.2M        60M
-/+ buffers/cache:       855M       136M
Swap:         8.0G       575M       7.4G

             total       used       free     shared    buffers     cached
Mem:          992M       921M        70M       224K       4.2M        60M
-/+ buffers/cache:       856M       135M
Swap:         8.0G       574M       7.4G

             total       used       free     shared    buffers     cached
Mem:          992M       922M        69M       224K       4.2M        60M
-/+ buffers/cache:       858M       134M
Swap:         8.0G       574M       7.4G

             total       used       free     shared    buffers     cached
Mem:          992M       923M        68M       224K       4.2M        60M
-/+ buffers/cache:       859M       132M
Swap:         8.0G       573M       7.4G

             total       used       free     shared    buffers     cached
Mem:          992M       925M        66M       224K       4.2M        60M
-/+ buffers/cache:       860M       131M
Swap:         8.0G       573M       7.4G

             total       used       free     shared    buffers     cached
Mem:          992M       926M        65M       224K       4.3M        60M
-/+ buffers/cache:       861M       130M
Swap:         8.0G       572M       7.4G

             total       used       free     shared    buffers     cached
Mem:          992M       927M        64M       224K       4.3M        60M
-/+ buffers/cache:       863M       128M
Swap:         8.0G       572M       7.4G

             total       used       free     shared    buffers     cached
Mem:          992M       929M        62M       224K       4.3M        60M
-/+ buffers/cache:       864M       127M
Swap:         8.0G       571M       7.4G

             total       used       free     shared    buffers     cached
Mem:          992M       930M        61M       224K       4.3M        60M
-/+ buffers/cache:       866M       125M
Swap:         8.0G       570M       7.4G

             total       used       free     shared    buffers     cached
Mem:          992M       912M        80M       224K       4.3M        58M
-/+ buffers/cache:       848M       143M
Swap:         8.0G       601M       7.4G

             total       used       free     shared    buffers     cached
Mem:          992M       913M        78M       224K       4.3M        58M
-/+ buffers/cache:       849M       142M
Swap:         8.0G       600M       7.4G

             total       used       free     shared    buffers     cached
Mem:          992M       914M        77M       224K       4.3M        58M
-/+ buffers/cache:       851M       140M
Swap:         8.0G       600M       7.4G

             total       used       free     shared    buffers     cached
Mem:          992M       916M        76M       224K       4.3M        58M
-/+ buffers/cache:       852M       139M
Swap:         8.0G       599M       7.4G

             total       used       free     shared    buffers     cached
Mem:          992M       917M        74M       224K       4.3M        58M
-/+ buffers/cache:       854M       138M
Swap:         8.0G       598M       7.4G

             total       used       free     shared    buffers     cached
Mem:          992M       918M        73M       224K       4.3M        58M
-/+ buffers/cache:       855M       136M
Swap:         8.0G       598M       7.4G

             total       used       free     shared    buffers     cached
Mem:          992M       920M        71M       224K       4.3M        58M
-/+ buffers/cache:       857M       134M
Swap:         8.0G       597M       7.4G

             total       used       free     shared    buffers     cached
Mem:          992M       921M        70M       224K       4.3M        58M
-/+ buffers/cache:       858M       133M
Swap:         8.0G       596M       7.4G

             total       used       free     shared    buffers     cached
Mem:          992M       923M        68M       224K       4.3M        59M
-/+ buffers/cache:       860M       132M
Swap:         8.0G       596M       7.4G

             total       used       free     shared    buffers     cached
Mem:          992M       925M        67M       224K       4.3M        59M
-/+ buffers/cache:       861M       130M
Swap:         8.0G       595M       7.4G

             total       used       free     shared    buffers     cached
Mem:          992M       926M        65M       224K       4.4M        59M
-/+ buffers/cache:       862M       129M
Swap:         8.0G       594M       7.4G

             total       used       free     shared    buffers     cached
Mem:          992M       927M        64M       224K       4.4M        59M
-/+ buffers/cache:       863M       128M
Swap:         8.0G       594M       7.4G

             total       used       free     shared    buffers     cached
Mem:          992M       929M        62M       224K       4.5M        59M
-/+ buffers/cache:       865M       126M
Swap:         8.0G       593M       7.4G

             total       used       free     shared    buffers     cached
Mem:          992M       920M        71M       272K       8.1M        71M
-/+ buffers/cache:       840M       151M
Swap:         8.0G       609M       7.4G

             total       used       free     shared    buffers     cached
Mem:          992M       924M        67M       280K       8.5M        74M
-/+ buffers/cache:       841M       150M
Swap:         8.0G       608M       7.4G
