             total       used       free     shared    buffers     cached
Mem:          992M       669M       322M       3.2M        40M       291M
-/+ buffers/cache:       337M       654M
Swap:         8.0G         0B       8.0G

             total       used       free     shared    buffers     cached
Mem:          992M       669M       322M       3.2M        40M       291M
-/+ buffers/cache:       337M       654M
Swap:         8.0G         0B       8.0G

             total       used       free     shared    buffers     cached
Mem:          992M       669M       322M       3.2M        40M       291M
-/+ buffers/cache:       337M       654M
Swap:         8.0G         0B       8.0G

             total       used       free     shared    buffers     cached
Mem:          992M       669M       322M       3.2M        40M       291M
-/+ buffers/cache:       337M       654M
Swap:         8.0G         0B       8.0G

             total       used       free     shared    buffers     cached
Mem:          992M       665M       326M       3.2M        40M       294M
-/+ buffers/cache:       330M       661M
Swap:         8.0G         0B       8.0G

             total       used       free     shared    buffers     cached
Mem:          992M       665M       326M       3.2M        40M       294M
-/+ buffers/cache:       330M       661M
Swap:         8.0G         0B       8.0G

             total       used       free     shared    buffers     cached
Mem:          992M       665M       326M       3.2M        40M       294M
-/+ buffers/cache:       330M       661M
Swap:         8.0G         0B       8.0G

             total       used       free     shared    buffers     cached
Mem:          992M       665M       326M       3.2M        40M       294M
-/+ buffers/cache:       330M       661M
Swap:         8.0G         0B       8.0G

             total       used       free     shared    buffers     cached
Mem:          992M       665M       326M       3.2M        40M       294M
-/+ buffers/cache:       330M       661M
Swap:         8.0G         0B       8.0G

             total       used       free     shared    buffers     cached
Mem:          992M       665M       326M       3.2M        40M       294M
-/+ buffers/cache:       330M       661M
Swap:         8.0G         0B       8.0G

             total       used       free     shared    buffers     cached
Mem:          992M       665M       326M       3.2M        40M       294M
-/+ buffers/cache:       330M       661M
Swap:         8.0G         0B       8.0G

             total       used       free     shared    buffers     cached
Mem:          992M       667M       324M       3.2M        40M       294M
-/+ buffers/cache:       332M       659M
Swap:         8.0G         0B       8.0G

             total       used       free     shared    buffers     cached
Mem:          992M       922M        70M       2.9M       2.7M       163M
-/+ buffers/cache:       755M       236M
Swap:         8.0G       4.6M       8.0G

             total       used       free     shared    buffers     cached
Mem:          992M       944M        47M       2.6M       1.4M        23M
-/+ buffers/cache:       919M        72M
Swap:         8.0G        69M       7.9G

             total       used       free     shared    buffers     cached
Mem:          992M       944M        47M       2.4M       1.4M        20M
-/+ buffers/cache:       922M        69M
Swap:         8.0G       329M       7.7G

             total       used       free     shared    buffers     cached
Mem:          992M       944M        47M       2.4M       1.4M        20M
-/+ buffers/cache:       922M        69M
Swap:         8.0G       329M       7.7G

             total       used       free     shared    buffers     cached
Mem:          992M       944M        47M       2.4M       1.7M        21M
-/+ buffers/cache:       921M        70M
Swap:         8.0G       330M       7.7G

             total       used       free     shared    buffers     cached
Mem:          992M       944M        47M       2.3M       1.7M        22M
-/+ buffers/cache:       920M        71M
Swap:         8.0G       332M       7.7G

             total       used       free     shared    buffers     cached
Mem:          992M       944M        47M       2.4M       1.7M        22M
-/+ buffers/cache:       920M        71M
Swap:         8.0G       333M       7.7G

             total       used       free     shared    buffers     cached
Mem:          992M       927M        64M       2.1M       2.1M        16M
-/+ buffers/cache:       909M        82M
Swap:         8.0G       432M       7.6G

             total       used       free     shared    buffers     cached
Mem:          992M       916M        76M       2.1M       3.3M        32M
-/+ buffers/cache:       880M       111M
Swap:         8.0G       400M       7.6G

             total       used       free     shared    buffers     cached
Mem:          992M       942M        49M       2.1M       1.1M        22M
-/+ buffers/cache:       918M        73M
Swap:         8.0G       359M       7.6G

             total       used       free     shared    buffers     cached
Mem:          992M       942M        49M        56K       3.9M        16M
-/+ buffers/cache:       922M        69M
Swap:         8.0G       381M       7.6G

             total       used       free     shared    buffers     cached
Mem:          992M       942M        49M        56K       4.6M        24M
-/+ buffers/cache:       913M        78M
Swap:         8.0G       373M       7.6G

             total       used       free     shared    buffers     cached
Mem:          992M       918M        73M        56K       5.9M        26M
-/+ buffers/cache:       886M       105M
Swap:         8.0G       396M       7.6G

             total       used       free     shared    buffers     cached
Mem:          992M       929M        62M        48K       6.0M        26M
-/+ buffers/cache:       896M        95M
Swap:         8.0G       462M       7.5G

             total       used       free     shared    buffers     cached
Mem:          992M       920M        71M        52K       6.8M        36M
-/+ buffers/cache:       877M       114M
Swap:         8.0G       447M       7.6G

             total       used       free     shared    buffers     cached
Mem:          992M       936M        55M        52K       1.7M        63M
-/+ buffers/cache:       872M       120M
Swap:         8.0G       420M       7.6G

             total       used       free     shared    buffers     cached
Mem:          992M       883M       108M        52K       2.4M        62M
-/+ buffers/cache:       819M       173M
Swap:         8.0G       508M       7.5G

             total       used       free     shared    buffers     cached
Mem:          992M       888M       103M        64K       1.1M        69M
-/+ buffers/cache:       818M       174M
Swap:         8.0G       473M       7.5G

             total       used       free     shared    buffers     cached
Mem:          992M       942M        49M        56K       2.7M        62M
-/+ buffers/cache:       876M       115M
Swap:         8.0G       423M       7.6G

             total       used       free     shared    buffers     cached
Mem:          992M       909M        83M        56K       3.1M        59M
-/+ buffers/cache:       846M       145M
Swap:         8.0G       463M       7.5G

             total       used       free     shared    buffers     cached
Mem:          992M       929M        62M        52K       2.6M        41M
-/+ buffers/cache:       885M       106M
Swap:         8.0G       436M       7.6G

             total       used       free     shared    buffers     cached
Mem:          992M       907M        85M        52K       3.7M        40M
-/+ buffers/cache:       863M       129M
Swap:         8.0G       442M       7.6G

             total       used       free     shared    buffers     cached
Mem:          992M       917M        75M        32K       4.6M        36M
-/+ buffers/cache:       875M       116M
Swap:         8.0G       404M       7.6G

             total       used       free     shared    buffers     cached
Mem:          992M       919M        73M       204K       1.7M        12M
-/+ buffers/cache:       904M        87M
Swap:         8.0G       384M       7.6G

             total       used       free     shared    buffers     cached
Mem:          992M       923M        68M       200K       160K       6.5M
-/+ buffers/cache:       917M        74M
Swap:         8.0G       391M       7.6G

             total       used       free     shared    buffers     cached
Mem:          992M       942M        49M       188K       1.9M        11M
-/+ buffers/cache:       928M        63M
Swap:         8.0G       394M       7.6G

             total       used       free     shared    buffers     cached
Mem:          992M       904M        87M       188K       2.9M        12M
-/+ buffers/cache:       888M       103M
Swap:         8.0G       399M       7.6G

             total       used       free     shared    buffers     cached
Mem:          992M       915M        76M       188K       3.5M        25M
-/+ buffers/cache:       886M       106M
Swap:         8.0G       405M       7.6G

             total       used       free     shared    buffers     cached
Mem:          992M       922M        70M       188K       3.8M        30M
-/+ buffers/cache:       888M       104M
Swap:         8.0G       393M       7.6G

             total       used       free     shared    buffers     cached
Mem:          992M       923M        68M       188K       2.7M        31M
-/+ buffers/cache:       889M       102M
Swap:         8.0G       399M       7.6G

             total       used       free     shared    buffers     cached
Mem:          992M       927M        64M       188K       2.3M        31M
-/+ buffers/cache:       894M        98M
Swap:         8.0G       381M       7.6G

             total       used       free     shared    buffers     cached
Mem:          992M       915M        76M       176K       464K       8.4M
-/+ buffers/cache:       907M        85M
Swap:         8.0G       385M       7.6G

             total       used       free     shared    buffers     cached
Mem:          992M       936M        56M       168K       1.1M        10M
-/+ buffers/cache:       924M        67M
Swap:         8.0G       351M       7.7G

             total       used       free     shared    buffers     cached
Mem:          992M       922M        70M       184K       216K        15M
-/+ buffers/cache:       906M        85M
Swap:         8.0G       380M       7.6G

             total       used       free     shared    buffers     cached
Mem:          992M       932M        60M       184K       228K        10M
-/+ buffers/cache:       921M        70M
Swap:         8.0G       365M       7.6G

             total       used       free     shared    buffers     cached
Mem:          992M       942M        49M       184K       228K        10M
-/+ buffers/cache:       932M        60M
Swap:         8.0G       344M       7.7G

             total       used       free     shared    buffers     cached
Mem:          992M       940M        52M       184K       512K        10M
-/+ buffers/cache:       929M        62M
Swap:         8.0G       346M       7.7G

             total       used       free     shared    buffers     cached
Mem:          992M       929M        63M       184K       404K       4.8M
-/+ buffers/cache:       923M        68M
Swap:         8.0G       350M       7.7G

             total       used       free     shared    buffers     cached
Mem:          992M       912M        79M        16K       316K       3.1M
-/+ buffers/cache:       909M        82M
Swap:         8.0G       373M       7.6G

             total       used       free     shared    buffers     cached
Mem:          992M       916M        75M        16K       308K       2.9M
-/+ buffers/cache:       913M        78M
Swap:         8.0G       371M       7.6G

             total       used       free     shared    buffers     cached
Mem:          992M       915M        77M        16K       280K       2.9M
-/+ buffers/cache:       911M        80M
Swap:         8.0G       357M       7.6G

             total       used       free     shared    buffers     cached
Mem:          992M       920M        71M        16K       280K       2.9M
-/+ buffers/cache:       917M        74M
Swap:         8.0G       351M       7.7G

             total       used       free     shared    buffers     cached
Mem:          992M       912M        79M        16K       280K       2.8M
-/+ buffers/cache:       909M        82M
Swap:         8.0G       398M       7.6G

             total       used       free     shared    buffers     cached
Mem:          992M       924M        67M        16K       188K       2.8M
-/+ buffers/cache:       921M        70M
Swap:         8.0G       353M       7.7G

             total       used       free     shared    buffers     cached
Mem:          992M       918M        74M        16K       188K       2.6M
-/+ buffers/cache:       915M        76M
Swap:         8.0G       362M       7.6G

             total       used       free     shared    buffers     cached
Mem:          992M       927M        64M        12K       188K       2.0M
-/+ buffers/cache:       925M        67M
Swap:         8.0G       337M       7.7G

             total       used       free     shared    buffers     cached
Mem:          992M       929M        62M         0B       196K       2.0M
-/+ buffers/cache:       927M        64M
Swap:         8.0G       415M       7.6G

             total       used       free     shared    buffers     cached
Mem:          992M       906M        85M         0B       196K       2.4M
-/+ buffers/cache:       904M        88M
Swap:         8.0G       486M       7.5G

             total       used       free     shared    buffers     cached
Mem:          992M       906M        85M         0B       196K       2.4M
-/+ buffers/cache:       904M        88M
Swap:         8.0G       486M       7.5G

             total       used       free     shared    buffers     cached
Mem:          992M       941M        51M         0B        84K        18M
-/+ buffers/cache:       922M        69M
Swap:         8.0G       459M       7.5G

             total       used       free     shared    buffers     cached
Mem:          992M       920M        71M        16K        84K        24M
-/+ buffers/cache:       895M        96M
Swap:         8.0G       396M       7.6G

             total       used       free     shared    buffers     cached
Mem:          992M       927M        64M        16K        84K        23M
-/+ buffers/cache:       904M        88M
Swap:         8.0G       372M       7.6G

             total       used       free     shared    buffers     cached
Mem:          992M       930M        62M        16K        92K        22M
-/+ buffers/cache:       907M        84M
Swap:         8.0G       448M       7.6G

             total       used       free     shared    buffers     cached
Mem:          992M       915M        76M        16K       108K        22M
-/+ buffers/cache:       893M        99M
Swap:         8.0G       434M       7.6G

             total       used       free     shared    buffers     cached
Mem:          992M       920M        71M        16K       108K        19M
-/+ buffers/cache:       900M        91M
Swap:         8.0G       387M       7.6G

             total       used       free     shared    buffers     cached
Mem:          992M       922M        69M        16K       112K        21M
-/+ buffers/cache:       901M        90M
Swap:         8.0G       385M       7.6G

             total       used       free     shared    buffers     cached
Mem:          992M       927M        64M        16K       108K        21M
-/+ buffers/cache:       906M        86M
Swap:         8.0G       364M       7.6G

             total       used       free     shared    buffers     cached
Mem:          992M       924M        67M        16K       344K       6.2M
-/+ buffers/cache:       918M        73M
Swap:         8.0G       368M       7.6G

             total       used       free     shared    buffers     cached
Mem:          992M       909M        83M        16K       352K       3.5M
-/+ buffers/cache:       905M        86M
Swap:         8.0G       378M       7.6G

             total       used       free     shared    buffers     cached
Mem:          992M       865M       127M        16K       352K       3.2M
-/+ buffers/cache:       861M       130M
Swap:         8.0G       432M       7.6G

             total       used       free     shared    buffers     cached
Mem:          992M       885M       106M        16K       352K       3.4M
-/+ buffers/cache:       882M       110M
Swap:         8.0G       412M       7.6G

             total       used       free     shared    buffers     cached
Mem:          992M       928M        63M        16K       352K       3.0M
-/+ buffers/cache:       924M        67M
Swap:         8.0G       356M       7.6G

             total       used       free     shared    buffers     cached
Mem:          992M       924M        67M        16K       352K       2.8M
-/+ buffers/cache:       921M        70M
Swap:         8.0G       350M       7.7G

             total       used       free     shared    buffers     cached
Mem:          992M       924M        67M        16K       144K       4.6M
-/+ buffers/cache:       919M        72M
Swap:         8.0G       347M       7.7G

             total       used       free     shared    buffers     cached
Mem:          992M       869M       122M         0B        76K       3.3M
-/+ buffers/cache:       866M       125M
Swap:         8.0G       462M       7.5G

             total       used       free     shared    buffers     cached
Mem:          992M       881M       110M         0B       220K       5.5M
-/+ buffers/cache:       875M       116M
Swap:         8.0G       452M       7.6G

             total       used       free     shared    buffers     cached
Mem:          992M       871M       120M         4K       440K       7.7M
-/+ buffers/cache:       863M       128M
Swap:         8.0G       403M       7.6G

             total       used       free     shared    buffers     cached
Mem:          992M       924M        68M         8K       2.7M        15M
-/+ buffers/cache:       906M        85M
Swap:         8.0G       377M       7.6G

             total       used       free     shared    buffers     cached
Mem:          992M       924M        68M         8K       2.7M        14M
-/+ buffers/cache:       907M        85M
Swap:         8.0G       373M       7.6G

             total       used       free     shared    buffers     cached
Mem:          992M       931M        60M         8K       104K       7.9M
-/+ buffers/cache:       923M        68M
Swap:         8.0G       354M       7.7G

             total       used       free     shared    buffers     cached
Mem:          992M       931M        60M         8K       104K       7.9M
-/+ buffers/cache:       923M        68M
Swap:         8.0G       354M       7.7G

             total       used       free     shared    buffers     cached
Mem:          992M       942M        49M         8K       104K       7.9M
-/+ buffers/cache:       934M        57M
Swap:         8.0G       344M       7.7G

             total       used       free     shared    buffers     cached
Mem:          992M       922M        70M         4K       104K       2.8M
-/+ buffers/cache:       919M        72M
Swap:         8.0G       349M       7.7G

             total       used       free     shared    buffers     cached
Mem:          992M       914M        77M         4K       376K       2.4M
-/+ buffers/cache:       911M        80M
Swap:         8.0G       362M       7.6G

             total       used       free     shared    buffers     cached
Mem:          992M       930M        61M         4K       376K       2.3M
-/+ buffers/cache:       928M        64M
Swap:         8.0G       385M       7.6G

             total       used       free     shared    buffers     cached
Mem:          992M       892M       100M         4K       384K       2.4M
-/+ buffers/cache:       889M       102M
Swap:         8.0G       390M       7.6G

             total       used       free     shared    buffers     cached
Mem:          992M       893M        99M         4K       384K       3.2M
-/+ buffers/cache:       889M       102M
Swap:         8.0G       390M       7.6G

             total       used       free     shared    buffers     cached
Mem:          992M       894M        97M         4K       384K       3.9M
-/+ buffers/cache:       889M       102M
Swap:         8.0G       390M       7.6G

             total       used       free     shared    buffers     cached
Mem:          992M       894M        97M         4K       384K       4.1M
-/+ buffers/cache:       889M       102M
Swap:         8.0G       389M       7.6G

             total       used       free     shared    buffers     cached
Mem:          992M       894M        97M         4K       384K       4.1M
-/+ buffers/cache:       890M       102M
Swap:         8.0G       389M       7.6G

             total       used       free     shared    buffers     cached
Mem:          992M       894M        97M         4K       384K       4.1M
-/+ buffers/cache:       890M       101M
Swap:         8.0G       389M       7.6G

             total       used       free     shared    buffers     cached
Mem:          992M       894M        97M         4K       392K       4.1M
-/+ buffers/cache:       890M       101M
Swap:         8.0G       389M       7.6G

             total       used       free     shared    buffers     cached
Mem:          992M       895M        97M         4K       392K       4.1M
-/+ buffers/cache:       890M       101M
Swap:         8.0G       389M       7.6G

             total       used       free     shared    buffers     cached
Mem:          992M       895M        97M         4K       392K       4.1M
-/+ buffers/cache:       890M       101M
Swap:         8.0G       389M       7.6G

             total       used       free     shared    buffers     cached
Mem:          992M       916M        75M       160K       3.4M        24M
-/+ buffers/cache:       888M       103M
Swap:         8.0G       393M       7.6G

             total       used       free     shared    buffers     cached
Mem:          992M       917M        74M       204K       3.2M        24M
-/+ buffers/cache:       890M       102M
Swap:         8.0G       372M       7.6G

             total       used       free     shared    buffers     cached
Mem:          992M       934M        57M       224K       480K        20M
-/+ buffers/cache:       913M        79M
Swap:         8.0G       355M       7.6G

             total       used       free     shared    buffers     cached
Mem:          992M       942M        49M       224K       488K        21M
-/+ buffers/cache:       920M        71M
Swap:         8.0G       348M       7.7G

             total       used       free     shared    buffers     cached
Mem:          992M       927M        64M       220K       124K        13M
-/+ buffers/cache:       913M        78M
Swap:         8.0G       372M       7.6G

             total       used       free     shared    buffers     cached
Mem:          992M       929M        62M       220K       320K        30M
-/+ buffers/cache:       898M        94M
Swap:         8.0G       384M       7.6G

             total       used       free     shared    buffers     cached
Mem:          992M       924M        67M       220K       320K        29M
-/+ buffers/cache:       895M        96M
Swap:         8.0G       373M       7.6G

             total       used       free     shared    buffers     cached
Mem:          992M       921M        70M       220K       560K        25M
-/+ buffers/cache:       895M        96M
Swap:         8.0G       368M       7.6G

             total       used       free     shared    buffers     cached
Mem:          992M       919M        72M       220K       336K        20M
-/+ buffers/cache:       898M        94M
Swap:         8.0G       365M       7.6G

             total       used       free     shared    buffers     cached
Mem:          992M       928M        63M       220K       336K        20M
-/+ buffers/cache:       907M        85M
Swap:         8.0G       355M       7.6G

             total       used       free     shared    buffers     cached
Mem:          992M       920M        72M       220K       336K       9.4M
-/+ buffers/cache:       910M        81M
Swap:         8.0G       353M       7.7G

             total       used       free     shared    buffers     cached
Mem:          992M       929M        63M       220K        96K       2.1M
-/+ buffers/cache:       926M        65M
Swap:         8.0G       343M       7.7G

             total       used       free     shared    buffers     cached
Mem:          992M       928M        64M       220K        96K       2.3M
-/+ buffers/cache:       925M        66M
Swap:         8.0G       347M       7.7G

             total       used       free     shared    buffers     cached
Mem:          992M       927M        64M       220K       104K       2.1M
-/+ buffers/cache:       925M        66M
Swap:         8.0G       456M       7.6G

             total       used       free     shared    buffers     cached
Mem:          992M       927M        64M       220K       104K       2.1M
-/+ buffers/cache:       925M        66M
Swap:         8.0G       456M       7.6G

             total       used       free     shared    buffers     cached
Mem:          992M       905M        86M       220K       104K       2.1M
-/+ buffers/cache:       903M        88M
Swap:         8.0G       406M       7.6G

             total       used       free     shared    buffers     cached
Mem:          992M       917M        74M        72K       104K       2.0M
-/+ buffers/cache:       915M        76M
Swap:         8.0G       347M       7.7G

             total       used       free     shared    buffers     cached
Mem:          992M       925M        66M         0B       104K       1.9M
-/+ buffers/cache:       923M        68M
Swap:         8.0G       356M       7.6G

             total       used       free     shared    buffers     cached
Mem:          992M       916M        75M         0B       104K       1.9M
-/+ buffers/cache:       914M        77M
Swap:         8.0G       351M       7.7G

             total       used       free     shared    buffers     cached
Mem:          992M       919M        72M         0B       112K       1.9M
-/+ buffers/cache:       917M        74M
Swap:         8.0G       350M       7.7G

             total       used       free     shared    buffers     cached
Mem:          992M       919M        72M         0B       112K       1.9M
-/+ buffers/cache:       917M        74M
Swap:         8.0G       350M       7.7G

             total       used       free     shared    buffers     cached
Mem:          992M       920M        71M         0B       112K       1.8M
-/+ buffers/cache:       918M        73M
Swap:         8.0G       349M       7.7G

             total       used       free     shared    buffers     cached
Mem:          992M       919M        72M         0B        96K       1.6M
-/+ buffers/cache:       918M        74M
Swap:         8.0G       350M       7.7G

             total       used       free     shared    buffers     cached
Mem:          992M       917M        74M         0B        96K       1.6M
-/+ buffers/cache:       916M        75M
Swap:         8.0G       350M       7.7G

             total       used       free     shared    buffers     cached
Mem:          992M       928M        63M         0B        96K       1.6M
-/+ buffers/cache:       926M        65M
Swap:         8.0G       332M       7.7G

             total       used       free     shared    buffers     cached
Mem:          992M       930M        62M         0B       104K       1.6M
-/+ buffers/cache:       928M        63M
Swap:         8.0G       422M       7.6G

             total       used       free     shared    buffers     cached
Mem:          992M       930M        61M         0B       104K       1.6M
-/+ buffers/cache:       929M        62M
Swap:         8.0G       402M       7.6G

             total       used       free     shared    buffers     cached
Mem:          992M       920M        71M         0B       104K       1.6M
-/+ buffers/cache:       918M        73M
Swap:         8.0G       332M       7.7G

             total       used       free     shared    buffers     cached
Mem:          992M       917M        74M         0B       104K       1.5M
-/+ buffers/cache:       915M        76M
Swap:         8.0G       358M       7.6G

             total       used       free     shared    buffers     cached
Mem:          992M       913M        78M         0B       104K       1.5M
-/+ buffers/cache:       912M        79M
Swap:         8.0G       341M       7.7G

             total       used       free     shared    buffers     cached
Mem:          992M       918M        73M         0B       104K       1.5M
-/+ buffers/cache:       917M        74M
Swap:         8.0G       348M       7.7G

             total       used       free     shared    buffers     cached
Mem:          992M       925M        67M         0B       112K       1.5M
-/+ buffers/cache:       923M        68M
Swap:         8.0G       332M       7.7G

             total       used       free     shared    buffers     cached
Mem:          992M       914M        77M         0B       112K       1.5M
-/+ buffers/cache:       913M        78M
Swap:         8.0G       341M       7.7G

             total       used       free     shared    buffers     cached
Mem:          992M       925M        66M         0B       112K       1.5M
-/+ buffers/cache:       924M        68M
Swap:         8.0G       325M       7.7G

             total       used       free     shared    buffers     cached
Mem:          992M       920M        71M         0B       112K       1.5M
-/+ buffers/cache:       919M        72M
Swap:         8.0G       329M       7.7G

             total       used       free     shared    buffers     cached
Mem:          992M       933M        58M         0B       112K       1.4M
-/+ buffers/cache:       931M        60M
Swap:         8.0G       412M       7.6G

             total       used       free     shared    buffers     cached
Mem:          992M       912M        80M         0B       112K       1.4M
-/+ buffers/cache:       910M        81M
Swap:         8.0G       363M       7.6G

             total       used       free     shared    buffers     cached
Mem:          992M       921M        70M         0B       120K       1.5M
-/+ buffers/cache:       919M        72M
Swap:         8.0G       335M       7.7G

             total       used       free     shared    buffers     cached
Mem:          992M       923M        69M         0B       120K       1.4M
-/+ buffers/cache:       921M        70M
Swap:         8.0G       331M       7.7G

             total       used       free     shared    buffers     cached
Mem:          992M       927M        64M         0B       260K       2.5M
-/+ buffers/cache:       924M        67M
Swap:         8.0G       329M       7.7G

             total       used       free     shared    buffers     cached
Mem:          992M       924M        67M         0B       260K       2.4M
-/+ buffers/cache:       921M        70M
Swap:         8.0G       328M       7.7G

             total       used       free     shared    buffers     cached
Mem:          992M       923M        68M         0B       236K       2.1M
-/+ buffers/cache:       921M        70M
Swap:         8.0G       350M       7.7G

             total       used       free     shared    buffers     cached
Mem:          992M       917M        74M         0B       236K       2.9M
-/+ buffers/cache:       914M        77M
Swap:         8.0G       344M       7.7G

             total       used       free     shared    buffers     cached
Mem:          992M       923M        68M         0B       228K       2.8M
-/+ buffers/cache:       920M        71M
Swap:         8.0G       439M       7.6G

             total       used       free     shared    buffers     cached
Mem:          992M       926M        65M         0B       120K       3.0M
-/+ buffers/cache:       923M        68M
Swap:         8.0G       365M       7.6G

             total       used       free     shared    buffers     cached
Mem:          992M       920M        71M         0B       120K       3.0M
-/+ buffers/cache:       917M        74M
Swap:         8.0G       342M       7.7G

             total       used       free     shared    buffers     cached
Mem:          992M       921M        70M         0B       108K       3.0M
-/+ buffers/cache:       918M        73M
Swap:         8.0G       341M       7.7G

             total       used       free     shared    buffers     cached
Mem:          992M       898M        93M         0B        76K       2.9M
-/+ buffers/cache:       895M        96M
Swap:         8.0G       366M       7.6G

             total       used       free     shared    buffers     cached
Mem:          992M       918M        73M         0B        76K       2.6M
-/+ buffers/cache:       915M        76M
Swap:         8.0G       349M       7.7G

             total       used       free     shared    buffers     cached
Mem:          992M       918M        73M         0B        84K       2.7M
-/+ buffers/cache:       915M        76M
Swap:         8.0G       337M       7.7G

             total       used       free     shared    buffers     cached
Mem:          992M       933M        58M         0B        84K       2.7M
-/+ buffers/cache:       930M        61M
Swap:         8.0G       446M       7.6G

             total       used       free     shared    buffers     cached
Mem:          992M       886M       105M         0B        84K       2.7M
-/+ buffers/cache:       883M       108M
Swap:         8.0G       434M       7.6G

             total       used       free     shared    buffers     cached
Mem:          992M       922M        70M         0B        84K       2.6M
-/+ buffers/cache:       919M        72M
Swap:         8.0G       349M       7.7G

             total       used       free     shared    buffers     cached
Mem:          992M       922M        69M         0B        84K       2.6M
-/+ buffers/cache:       919M        72M
Swap:         8.0G       338M       7.7G

             total       used       free     shared    buffers     cached
Mem:          992M       922M        70M         0B        84K       2.5M
-/+ buffers/cache:       919M        72M
Swap:         8.0G       342M       7.7G

             total       used       free     shared    buffers     cached
Mem:          992M       919M        72M         0B        92K       2.5M
-/+ buffers/cache:       916M        75M
Swap:         8.0G       334M       7.7G

             total       used       free     shared    buffers     cached
Mem:          992M       911M        80M         0B        96K       2.4M
-/+ buffers/cache:       909M        82M
Swap:         8.0G       350M       7.7G

             total       used       free     shared    buffers     cached
Mem:          992M       924M        67M         0B        96K       2.4M
-/+ buffers/cache:       922M        70M
Swap:         8.0G       340M       7.7G

             total       used       free     shared    buffers     cached
Mem:          992M       927M        64M         0B        96K       2.5M
-/+ buffers/cache:       925M        66M
Swap:         8.0G       326M       7.7G

             total       used       free     shared    buffers     cached
Mem:          992M       898M        94M         0B        96K       2.4M
-/+ buffers/cache:       895M        96M
Swap:         8.0G       361M       7.6G

             total       used       free     shared    buffers     cached
Mem:          992M       935M        56M         0B        96K       2.3M
-/+ buffers/cache:       933M        58M
Swap:         8.0G       404M       7.6G

             total       used       free     shared    buffers     cached
Mem:          992M       935M        56M         0B       100K       2.3M
-/+ buffers/cache:       933M        58M
Swap:         8.0G       404M       7.6G

             total       used       free     shared    buffers     cached
Mem:          992M       939M        52M         0B       484K        17M
-/+ buffers/cache:       922M        70M
Swap:         8.0G       362M       7.6G

             total       used       free     shared    buffers     cached
Mem:          992M       907M        84M         0B       136K       4.6M
-/+ buffers/cache:       903M        89M
Swap:         8.0G       372M       7.6G

             total       used       free     shared    buffers     cached
Mem:          992M       929M        62M         0B       136K       5.2M
-/+ buffers/cache:       924M        68M
Swap:         8.0G       336M       7.7G

             total       used       free     shared    buffers     cached
Mem:          992M       922M        69M         0B       136K       5.1M
-/+ buffers/cache:       917M        75M
Swap:         8.0G       346M       7.7G

             total       used       free     shared    buffers     cached
Mem:          992M       933M        58M         0B       236K       4.9M
-/+ buffers/cache:       928M        63M
Swap:         8.0G       334M       7.7G

             total       used       free     shared    buffers     cached
Mem:          992M       942M        49M         0B       240K       5.0M
-/+ buffers/cache:       937M        54M
Swap:         8.0G       443M       7.6G

             total       used       free     shared    buffers     cached
Mem:          992M       887M       104M         0B       240K       5.1M
-/+ buffers/cache:       882M       110M
Swap:         8.0G       438M       7.6G

             total       used       free     shared    buffers     cached
Mem:          992M       923M        68M         0B       240K       4.5M
-/+ buffers/cache:       918M        73M
Swap:         8.0G       342M       7.7G

             total       used       free     shared    buffers     cached
Mem:          992M       924M        67M         0B       216K       4.3M
-/+ buffers/cache:       920M        71M
Swap:         8.0G       443M       7.6G

             total       used       free     shared    buffers     cached
Mem:          992M       923M        68M         0B       216K       4.2M
-/+ buffers/cache:       919M        72M
Swap:         8.0G       411M       7.6G

             total       used       free     shared    buffers     cached
Mem:          992M       918M        73M         0B       224K       4.1M
-/+ buffers/cache:       914M        78M
Swap:         8.0G       404M       7.6G

             total       used       free     shared    buffers     cached
Mem:          992M       922M        69M         0B       192K       3.9M
-/+ buffers/cache:       918M        73M
Swap:         8.0G       339M       7.7G

             total       used       free     shared    buffers     cached
Mem:          992M       921M        71M         0B       192K       3.8M
-/+ buffers/cache:       917M        75M
Swap:         8.0G       339M       7.7G

             total       used       free     shared    buffers     cached
Mem:          992M       920M        71M         0B       176K       2.6M
-/+ buffers/cache:       918M        74M
Swap:         8.0G       338M       7.7G

             total       used       free     shared    buffers     cached
Mem:          992M       922M        69M         0B       108K       2.4M
-/+ buffers/cache:       919M        72M
Swap:         8.0G       335M       7.7G

             total       used       free     shared    buffers     cached
Mem:          992M       923M        68M         0B        88K       2.4M
-/+ buffers/cache:       920M        71M
Swap:         8.0G       352M       7.7G

             total       used       free     shared    buffers     cached
Mem:          992M       919M        72M         0B        96K       2.4M
-/+ buffers/cache:       916M        75M
Swap:         8.0G       342M       7.7G

             total       used       free     shared    buffers     cached
Mem:          992M       938M        53M         0B        96K       2.4M
-/+ buffers/cache:       935M        56M
Swap:         8.0G       440M       7.6G

             total       used       free     shared    buffers     cached
Mem:          992M       881M       111M         0B        96K       2.4M
-/+ buffers/cache:       878M       113M
Swap:         8.0G       438M       7.6G

             total       used       free     shared    buffers     cached
Mem:          992M       913M        78M         0B        96K       2.4M
-/+ buffers/cache:       911M        80M
Swap:         8.0G       348M       7.7G

             total       used       free     shared    buffers     cached
Mem:          992M       925M        67M         0B        92K       2.3M
-/+ buffers/cache:       922M        69M
Swap:         8.0G       328M       7.7G

             total       used       free     shared    buffers     cached
Mem:          992M       918M        73M         0B        92K       2.2M
-/+ buffers/cache:       916M        76M
Swap:         8.0G       334M       7.7G

             total       used       free     shared    buffers     cached
Mem:          992M       930M        61M         0B       100K       2.2M
-/+ buffers/cache:       928M        63M
Swap:         8.0G       331M       7.7G

             total       used       free     shared    buffers     cached
Mem:          992M       927M        64M         0B       100K       2.0M
-/+ buffers/cache:       925M        67M
Swap:         8.0G       427M       7.6G

             total       used       free     shared    buffers     cached
Mem:          992M       888M       104M         0B       100K       1.9M
-/+ buffers/cache:       886M       106M
Swap:         8.0G       394M       7.6G

             total       used       free     shared    buffers     cached
Mem:          992M       919M        72M         0B       100K       2.0M
-/+ buffers/cache:       917M        74M
Swap:         8.0G       338M       7.7G

             total       used       free     shared    buffers     cached
Mem:          992M       893M        98M         0B       100K       1.7M
-/+ buffers/cache:       891M       100M
Swap:         8.0G       364M       7.6G

             total       used       free     shared    buffers     cached
Mem:          992M       928M        63M         0B        76K       1.6M
-/+ buffers/cache:       927M        65M
Swap:         8.0G       336M       7.7G

             total       used       free     shared    buffers     cached
Mem:          992M       920M        71M         0B        84K       1.5M
-/+ buffers/cache:       918M        73M
Swap:         8.0G       344M       7.7G

             total       used       free     shared    buffers     cached
Mem:          992M       910M        82M         0B        84K       1.5M
-/+ buffers/cache:       908M        83M
Swap:         8.0G       351M       7.7G

             total       used       free     shared    buffers     cached
Mem:          992M       914M        77M         0B        84K       1.5M
-/+ buffers/cache:       912M        79M
Swap:         8.0G       346M       7.7G

             total       used       free     shared    buffers     cached
Mem:          992M       927M        64M         0B        84K       1.4M
-/+ buffers/cache:       926M        65M
Swap:         8.0G       436M       7.6G

             total       used       free     shared    buffers     cached
Mem:          992M       929M        62M         0B        84K       1.4M
-/+ buffers/cache:       928M        63M
Swap:         8.0G       323M       7.7G

             total       used       free     shared    buffers     cached
Mem:          992M       929M        62M         0B        84K       1.5M
-/+ buffers/cache:       927M        64M
Swap:         8.0G       408M       7.6G

             total       used       free     shared    buffers     cached
Mem:          992M       924M        67M         0B        88K       1.5M
-/+ buffers/cache:       923M        68M
Swap:         8.0G       447M       7.6G

             total       used       free     shared    buffers     cached
Mem:          992M       888M       103M         0B       200K       4.8M
-/+ buffers/cache:       883M       108M
Swap:         8.0G       404M       7.6G

             total       used       free     shared    buffers     cached
Mem:          992M       929M        62M         0B       200K       4.8M
-/+ buffers/cache:       924M        67M
Swap:         8.0G       347M       7.7G

             total       used       free     shared    buffers     cached
Mem:          992M       912M        80M         4K       176K       6.5M
-/+ buffers/cache:       905M        86M
Swap:         8.0G       353M       7.7G

             total       used       free     shared    buffers     cached
Mem:          992M       928M        63M         4K        76K       6.5M
-/+ buffers/cache:       922M        69M
Swap:         8.0G       426M       7.6G

             total       used       free     shared    buffers     cached
Mem:          992M       904M        88M         4K       104K       6.5M
-/+ buffers/cache:       897M        94M
Swap:         8.0G       412M       7.6G

             total       used       free     shared    buffers     cached
Mem:          992M       934M        58M         4K       108K       6.4M
-/+ buffers/cache:       927M        64M
Swap:         8.0G       377M       7.6G

             total       used       free     shared    buffers     cached
Mem:          992M       916M        75M         4K       108K       6.6M
-/+ buffers/cache:       910M        82M
Swap:         8.0G       346M       7.7G

             total       used       free     shared    buffers     cached
Mem:          992M       921M        70M         4K       108K       6.3M
-/+ buffers/cache:       915M        76M
Swap:         8.0G       346M       7.7G

             total       used       free     shared    buffers     cached
Mem:          992M       900M        91M         4K        76K       3.1M
-/+ buffers/cache:       897M        94M
Swap:         8.0G       369M       7.6G

             total       used       free     shared    buffers     cached
Mem:          992M       922M        69M         4K        76K       2.2M
-/+ buffers/cache:       920M        72M
Swap:         8.0G       334M       7.7G

             total       used       free     shared    buffers     cached
Mem:          992M       923M        68M         4K        84K       2.0M
-/+ buffers/cache:       921M        70M
Swap:         8.0G       411M       7.6G

             total       used       free     shared    buffers     cached
Mem:          992M       910M        81M         4K        84K       2.0M
-/+ buffers/cache:       908M        83M
Swap:         8.0G       416M       7.6G

             total       used       free     shared    buffers     cached
Mem:          992M       920M        71M         4K        84K       2.0M
-/+ buffers/cache:       918M        73M
Swap:         8.0G       376M       7.6G

             total       used       free     shared    buffers     cached
Mem:          992M       918M        74M        52K       3.2M        18M
-/+ buffers/cache:       896M        96M
Swap:         8.0G       367M       7.6G

             total       used       free     shared    buffers     cached
Mem:          992M       919M        73M        52K       5.1M        22M
-/+ buffers/cache:       891M       100M
Swap:         8.0G       375M       7.6G

             total       used       free     shared    buffers     cached
Mem:          992M       922M        70M        56K       5.8M        24M
-/+ buffers/cache:       891M       100M
Swap:         8.0G       371M       7.6G

             total       used       free     shared    buffers     cached
Mem:          992M       916M        75M        56K       5.0M        22M
-/+ buffers/cache:       889M       103M
Swap:         8.0G       420M       7.6G

             total       used       free     shared    buffers     cached
Mem:          992M       916M        75M        56K       5.0M        22M
-/+ buffers/cache:       889M       103M
Swap:         8.0G       420M       7.6G
