             total       used       free     shared    buffers     cached
Mem:          2.0G       660M       1.3G       3.2M        38M       291M
-/+ buffers/cache:       331M       1.6G
Swap:         8.0G         0B       8.0G

             total       used       free     shared    buffers     cached
Mem:          2.0G       660M       1.3G       1.4M        38M       289M
-/+ buffers/cache:       332M       1.6G
Swap:         8.0G         0B       8.0G

             total       used       free     shared    buffers     cached
Mem:          2.0G       660M       1.3G       1.4M        38M       289M
-/+ buffers/cache:       331M       1.6G
Swap:         8.0G         0B       8.0G

             total       used       free     shared    buffers     cached
Mem:          2.0G       660M       1.3G       1.4M        38M       289M
-/+ buffers/cache:       331M       1.6G
Swap:         8.0G         0B       8.0G

             total       used       free     shared    buffers     cached
Mem:          2.0G       660M       1.3G       1.4M        38M       289M
-/+ buffers/cache:       331M       1.6G
Swap:         8.0G         0B       8.0G

             total       used       free     shared    buffers     cached
Mem:          2.0G       660M       1.3G       1.4M        38M       289M
-/+ buffers/cache:       331M       1.6G
Swap:         8.0G         0B       8.0G

             total       used       free     shared    buffers     cached
Mem:          2.0G       659M       1.3G       1.4M        38M       289M
-/+ buffers/cache:       331M       1.6G
Swap:         8.0G         0B       8.0G

             total       used       free     shared    buffers     cached
Mem:          2.0G       659M       1.3G       1.4M        38M       289M
-/+ buffers/cache:       331M       1.6G
Swap:         8.0G         0B       8.0G

             total       used       free     shared    buffers     cached
Mem:          2.0G       659M       1.3G       1.4M        38M       289M
-/+ buffers/cache:       331M       1.6G
Swap:         8.0G         0B       8.0G

             total       used       free     shared    buffers     cached
Mem:          2.0G       663M       1.3G       1.4M        38M       289M
-/+ buffers/cache:       334M       1.6G
Swap:         8.0G         0B       8.0G

             total       used       free     shared    buffers     cached
Mem:          2.0G       725M       1.2G       1.4M        38M       290M
-/+ buffers/cache:       396M       1.6G
Swap:         8.0G         0B       8.0G

             total       used       free     shared    buffers     cached
Mem:          2.0G       668M       1.3G       1.4M        38M       291M
-/+ buffers/cache:       338M       1.6G
Swap:         8.0G         0B       8.0G

             total       used       free     shared    buffers     cached
Mem:          2.0G       668M       1.3G       1.4M        38M       291M
-/+ buffers/cache:       339M       1.6G
Swap:         8.0G         0B       8.0G

             total       used       free     shared    buffers     cached
Mem:          2.0G       669M       1.3G       1.4M        38M       291M
-/+ buffers/cache:       339M       1.6G
Swap:         8.0G         0B       8.0G

             total       used       free     shared    buffers     cached
Mem:          2.0G       669M       1.3G       1.4M        38M       291M
-/+ buffers/cache:       339M       1.6G
Swap:         8.0G         0B       8.0G

             total       used       free     shared    buffers     cached
Mem:          2.0G       669M       1.3G       1.4M        38M       291M
-/+ buffers/cache:       339M       1.6G
Swap:         8.0G         0B       8.0G

             total       used       free     shared    buffers     cached
Mem:          2.0G       669M       1.3G       1.4M        38M       291M
-/+ buffers/cache:       339M       1.6G
Swap:         8.0G         0B       8.0G

             total       used       free     shared    buffers     cached
Mem:          2.0G       669M       1.3G       1.4M        38M       291M
-/+ buffers/cache:       339M       1.6G
Swap:         8.0G         0B       8.0G

             total       used       free     shared    buffers     cached
Mem:          2.0G       669M       1.3G       1.4M        38M       291M
-/+ buffers/cache:       339M       1.6G
Swap:         8.0G         0B       8.0G

             total       used       free     shared    buffers     cached
Mem:          2.0G       669M       1.3G       1.4M        38M       291M
-/+ buffers/cache:       339M       1.6G
Swap:         8.0G         0B       8.0G

             total       used       free     shared    buffers     cached
Mem:          2.0G       669M       1.3G       1.4M        38M       291M
-/+ buffers/cache:       339M       1.6G
Swap:         8.0G         0B       8.0G

             total       used       free     shared    buffers     cached
Mem:          2.0G       669M       1.3G       1.4M        38M       291M
-/+ buffers/cache:       339M       1.6G
Swap:         8.0G         0B       8.0G

             total       used       free     shared    buffers     cached
Mem:          2.0G       669M       1.3G       1.4M        38M       291M
-/+ buffers/cache:       339M       1.6G
Swap:         8.0G         0B       8.0G

             total       used       free     shared    buffers     cached
Mem:          2.0G       669M       1.3G       1.4M        38M       291M
-/+ buffers/cache:       339M       1.6G
Swap:         8.0G         0B       8.0G

             total       used       free     shared    buffers     cached
Mem:          2.0G       669M       1.3G       1.4M        38M       291M
-/+ buffers/cache:       339M       1.6G
Swap:         8.0G         0B       8.0G

             total       used       free     shared    buffers     cached
Mem:          2.0G       669M       1.3G       1.4M        38M       291M
-/+ buffers/cache:       339M       1.6G
Swap:         8.0G         0B       8.0G

             total       used       free     shared    buffers     cached
Mem:          2.0G       669M       1.3G       1.4M        38M       291M
-/+ buffers/cache:       339M       1.6G
Swap:         8.0G         0B       8.0G

             total       used       free     shared    buffers     cached
Mem:          2.0G       669M       1.3G       1.4M        38M       291M
-/+ buffers/cache:       339M       1.6G
Swap:         8.0G         0B       8.0G

             total       used       free     shared    buffers     cached
Mem:          2.0G       669M       1.3G       1.4M        38M       291M
-/+ buffers/cache:       339M       1.6G
Swap:         8.0G         0B       8.0G

             total       used       free     shared    buffers     cached
Mem:          2.0G       669M       1.3G       1.4M        38M       291M
-/+ buffers/cache:       339M       1.6G
Swap:         8.0G         0B       8.0G

             total       used       free     shared    buffers     cached
Mem:          2.0G       669M       1.3G       1.4M        38M       291M
-/+ buffers/cache:       339M       1.6G
Swap:         8.0G         0B       8.0G

             total       used       free     shared    buffers     cached
Mem:          2.0G       669M       1.3G       1.4M        38M       291M
-/+ buffers/cache:       339M       1.6G
Swap:         8.0G         0B       8.0G

             total       used       free     shared    buffers     cached
Mem:          2.0G       669M       1.3G       1.4M        38M       291M
-/+ buffers/cache:       339M       1.6G
Swap:         8.0G         0B       8.0G

             total       used       free     shared    buffers     cached
Mem:          2.0G       674M       1.3G       1.4M        38M       291M
-/+ buffers/cache:       344M       1.6G
Swap:         8.0G         0B       8.0G

             total       used       free     shared    buffers     cached
Mem:          2.0G       690M       1.3G       1.4M        38M       291M
-/+ buffers/cache:       360M       1.6G
Swap:         8.0G         0B       8.0G

             total       used       free     shared    buffers     cached
Mem:          2.0G       706M       1.3G       1.4M        38M       291M
-/+ buffers/cache:       376M       1.6G
Swap:         8.0G         0B       8.0G

             total       used       free     shared    buffers     cached
Mem:          2.0G       723M       1.2G       1.4M        38M       291M
-/+ buffers/cache:       393M       1.6G
Swap:         8.0G         0B       8.0G

             total       used       free     shared    buffers     cached
Mem:          2.0G       739M       1.2G       1.4M        38M       291M
-/+ buffers/cache:       409M       1.6G
Swap:         8.0G         0B       8.0G

             total       used       free     shared    buffers     cached
Mem:          2.0G       756M       1.2G       1.4M        38M       291M
-/+ buffers/cache:       426M       1.5G
Swap:         8.0G         0B       8.0G

             total       used       free     shared    buffers     cached
Mem:          2.0G       775M       1.2G       1.4M        38M       291M
-/+ buffers/cache:       445M       1.5G
Swap:         8.0G         0B       8.0G

             total       used       free     shared    buffers     cached
Mem:          2.0G       790M       1.2G       1.4M        38M       291M
-/+ buffers/cache:       460M       1.5G
Swap:         8.0G         0B       8.0G

             total       used       free     shared    buffers     cached
Mem:          2.0G       806M       1.2G       1.4M        38M       291M
-/+ buffers/cache:       476M       1.5G
Swap:         8.0G         0B       8.0G

             total       used       free     shared    buffers     cached
Mem:          2.0G       821M       1.2G       1.4M        38M       291M
-/+ buffers/cache:       491M       1.5G
Swap:         8.0G         0B       8.0G

             total       used       free     shared    buffers     cached
Mem:          2.0G       840M       1.1G       1.4M        38M       291M
-/+ buffers/cache:       510M       1.5G
Swap:         8.0G         0B       8.0G

             total       used       free     shared    buffers     cached
Mem:          2.0G       856M       1.1G       1.4M        38M       291M
-/+ buffers/cache:       526M       1.4G
Swap:         8.0G         0B       8.0G

             total       used       free     shared    buffers     cached
Mem:          2.0G       871M       1.1G       1.4M        38M       291M
-/+ buffers/cache:       541M       1.4G
Swap:         8.0G         0B       8.0G

             total       used       free     shared    buffers     cached
Mem:          2.0G       886M       1.1G       1.4M        38M       291M
-/+ buffers/cache:       556M       1.4G
Swap:         8.0G         0B       8.0G

             total       used       free     shared    buffers     cached
Mem:          2.0G       899M       1.1G       1.4M        38M       291M
-/+ buffers/cache:       569M       1.4G
Swap:         8.0G         0B       8.0G

             total       used       free     shared    buffers     cached
Mem:          2.0G       915M       1.1G       1.4M        38M       291M
-/+ buffers/cache:       585M       1.4G
Swap:         8.0G         0B       8.0G

             total       used       free     shared    buffers     cached
Mem:          2.0G       931M       1.0G       1.4M        38M       291M
-/+ buffers/cache:       601M       1.4G
Swap:         8.0G         0B       8.0G

             total       used       free     shared    buffers     cached
Mem:          2.0G       947M       1.0G       1.4M        38M       291M
-/+ buffers/cache:       617M       1.4G
Swap:         8.0G         0B       8.0G

             total       used       free     shared    buffers     cached
Mem:          2.0G       963M       1.0G       1.4M        38M       291M
-/+ buffers/cache:       633M       1.3G
Swap:         8.0G         0B       8.0G

             total       used       free     shared    buffers     cached
Mem:          2.0G       980M       1.0G       1.4M        38M       291M
-/+ buffers/cache:       650M       1.3G
Swap:         8.0G         0B       8.0G

             total       used       free     shared    buffers     cached
Mem:          2.0G       995M       1.0G       1.4M        38M       291M
-/+ buffers/cache:       665M       1.3G
Swap:         8.0G         0B       8.0G

             total       used       free     shared    buffers     cached
Mem:          2.0G       1.0G       987M       1.4M        38M       291M
-/+ buffers/cache:       682M       1.3G
Swap:         8.0G         0B       8.0G

             total       used       free     shared    buffers     cached
Mem:          2.0G       1.0G       971M       1.4M        38M       291M
-/+ buffers/cache:       698M       1.3G
Swap:         8.0G         0B       8.0G

             total       used       free     shared    buffers     cached
Mem:          2.0G       1.0G       957M       1.4M        38M       291M
-/+ buffers/cache:       712M       1.3G
Swap:         8.0G         0B       8.0G

             total       used       free     shared    buffers     cached
Mem:          2.0G       1.0G       940M       1.4M        38M       291M
-/+ buffers/cache:       729M       1.2G
Swap:         8.0G         0B       8.0G

             total       used       free     shared    buffers     cached
Mem:          2.0G       1.1G       924M       1.4M        38M       291M
-/+ buffers/cache:       745M       1.2G
Swap:         8.0G         0B       8.0G

             total       used       free     shared    buffers     cached
Mem:          2.0G       1.1G       909M       1.4M        38M       291M
-/+ buffers/cache:       760M       1.2G
Swap:         8.0G         0B       8.0G

             total       used       free     shared    buffers     cached
Mem:          2.0G       1.1G       892M       1.4M        38M       291M
-/+ buffers/cache:       777M       1.2G
Swap:         8.0G         0B       8.0G

             total       used       free     shared    buffers     cached
Mem:          2.0G       1.1G       880M       1.4M        38M       291M
-/+ buffers/cache:       789M       1.2G
Swap:         8.0G         0B       8.0G

             total       used       free     shared    buffers     cached
Mem:          2.0G       1.1G       866M       1.4M        38M       291M
-/+ buffers/cache:       802M       1.2G
Swap:         8.0G         0B       8.0G

             total       used       free     shared    buffers     cached
Mem:          2.0G       1.1G       851M       1.4M        38M       291M
-/+ buffers/cache:       818M       1.2G
Swap:         8.0G         0B       8.0G

             total       used       free     shared    buffers     cached
Mem:          2.0G       1.1G       834M       1.4M        38M       291M
-/+ buffers/cache:       835M       1.1G
Swap:         8.0G         0B       8.0G

             total       used       free     shared    buffers     cached
Mem:          2.0G       1.2G       818M       1.4M        38M       291M
-/+ buffers/cache:       851M       1.1G
Swap:         8.0G         0B       8.0G

             total       used       free     shared    buffers     cached
Mem:          2.0G       1.2G       801M       1.4M        38M       291M
-/+ buffers/cache:       868M       1.1G
Swap:         8.0G         0B       8.0G

             total       used       free     shared    buffers     cached
Mem:          2.0G       1.2G       784M       1.4M        38M       291M
-/+ buffers/cache:       884M       1.1G
Swap:         8.0G         0B       8.0G

             total       used       free     shared    buffers     cached
Mem:          2.0G       1.2G       769M       1.4M        38M       291M
-/+ buffers/cache:       900M       1.1G
Swap:         8.0G         0B       8.0G

             total       used       free     shared    buffers     cached
Mem:          2.0G       1.2G       751M       1.4M        38M       291M
-/+ buffers/cache:       917M       1.1G
Swap:         8.0G         0B       8.0G

             total       used       free     shared    buffers     cached
Mem:          2.0G       1.2G       736M       1.4M        38M       291M
-/+ buffers/cache:       932M       1.0G
Swap:         8.0G         0B       8.0G

             total       used       free     shared    buffers     cached
Mem:          2.0G       1.2G       721M       1.4M        38M       291M
-/+ buffers/cache:       947M       1.0G
Swap:         8.0G         0B       8.0G

             total       used       free     shared    buffers     cached
Mem:          2.0G       1.3G       703M       1.4M        38M       291M
-/+ buffers/cache:       965M       1.0G
Swap:         8.0G         0B       8.0G

             total       used       free     shared    buffers     cached
Mem:          2.0G       1.3G       687M       1.4M        38M       291M
-/+ buffers/cache:       981M       1.0G
Swap:         8.0G         0B       8.0G

             total       used       free     shared    buffers     cached
Mem:          2.0G       1.3G       673M       1.4M        38M       291M
-/+ buffers/cache:       996M       1.0G
Swap:         8.0G         0B       8.0G

             total       used       free     shared    buffers     cached
Mem:          2.0G       1.3G       656M       1.4M        38M       291M
-/+ buffers/cache:       1.0G       987M
Swap:         8.0G         0B       8.0G

             total       used       free     shared    buffers     cached
Mem:          2.0G       1.3G       641M       1.4M        38M       291M
-/+ buffers/cache:       1.0G       972M
Swap:         8.0G         0B       8.0G

             total       used       free     shared    buffers     cached
Mem:          2.0G       1.3G       625M       1.4M        38M       291M
-/+ buffers/cache:       1.0G       956M
Swap:         8.0G         0B       8.0G

             total       used       free     shared    buffers     cached
Mem:          2.0G       1.4G       609M       1.4M        38M       291M
-/+ buffers/cache:       1.0G       940M
Swap:         8.0G         0B       8.0G

             total       used       free     shared    buffers     cached
Mem:          2.0G       1.4G       594M       1.4M        38M       291M
-/+ buffers/cache:       1.0G       925M
Swap:         8.0G         0B       8.0G

             total       used       free     shared    buffers     cached
Mem:          2.0G       1.4G       579M       1.4M        38M       291M
-/+ buffers/cache:       1.1G       910M
Swap:         8.0G         0B       8.0G

             total       used       free     shared    buffers     cached
Mem:          2.0G       1.4G       564M       1.4M        38M       291M
-/+ buffers/cache:       1.1G       895M
Swap:         8.0G         0B       8.0G

             total       used       free     shared    buffers     cached
Mem:          2.0G       1.4G       549M       1.4M        38M       291M
-/+ buffers/cache:       1.1G       880M
Swap:         8.0G         0B       8.0G

             total       used       free     shared    buffers     cached
Mem:          2.0G       1.4G       534M       1.4M        38M       291M
-/+ buffers/cache:       1.1G       865M
Swap:         8.0G         0B       8.0G

             total       used       free     shared    buffers     cached
Mem:          2.0G       1.4G       520M       1.4M        38M       291M
-/+ buffers/cache:       1.1G       851M
Swap:         8.0G         0B       8.0G

             total       used       free     shared    buffers     cached
Mem:          2.0G       1.5G       504M       1.4M        38M       291M
-/+ buffers/cache:       1.1G       835M
Swap:         8.0G         0B       8.0G

             total       used       free     shared    buffers     cached
Mem:          2.0G       1.5G       488M       1.4M        38M       291M
-/+ buffers/cache:       1.2G       819M
Swap:         8.0G         0B       8.0G

             total       used       free     shared    buffers     cached
Mem:          2.0G       1.5G       473M       1.4M        38M       291M
-/+ buffers/cache:       1.2G       804M
Swap:         8.0G         0B       8.0G

             total       used       free     shared    buffers     cached
Mem:          2.0G       1.5G       457M       1.4M        38M       291M
-/+ buffers/cache:       1.2G       788M
Swap:         8.0G         0B       8.0G

             total       used       free     shared    buffers     cached
Mem:          2.0G       1.5G       442M       1.4M        38M       291M
-/+ buffers/cache:       1.2G       773M
Swap:         8.0G         0B       8.0G

             total       used       free     shared    buffers     cached
Mem:          2.0G       1.5G       431M       1.4M        38M       291M
-/+ buffers/cache:       1.2G       762M
Swap:         8.0G         0B       8.0G

             total       used       free     shared    buffers     cached
Mem:          2.0G       1.5G       424M       1.4M        38M       291M
-/+ buffers/cache:       1.2G       755M
Swap:         8.0G         0B       8.0G

             total       used       free     shared    buffers     cached
Mem:          2.0G       1.6G       408M       1.4M        38M       291M
-/+ buffers/cache:       1.2G       739M
Swap:         8.0G         0B       8.0G

             total       used       free     shared    buffers     cached
Mem:          2.0G       1.6G       394M       1.4M        38M       291M
-/+ buffers/cache:       1.2G       725M
Swap:         8.0G         0B       8.0G

             total       used       free     shared    buffers     cached
Mem:          2.0G       1.6G       377M       1.4M        38M       291M
-/+ buffers/cache:       1.3G       708M
Swap:         8.0G         0B       8.0G

             total       used       free     shared    buffers     cached
Mem:          2.0G       1.6G       362M       1.4M        38M       291M
-/+ buffers/cache:       1.3G       693M
Swap:         8.0G         0B       8.0G

             total       used       free     shared    buffers     cached
Mem:          2.0G       1.6G       347M       1.4M        38M       291M
-/+ buffers/cache:       1.3G       677M
Swap:         8.0G         0B       8.0G

             total       used       free     shared    buffers     cached
Mem:          2.0G       1.6G       331M       1.4M        38M       291M
-/+ buffers/cache:       1.3G       662M
Swap:         8.0G         0B       8.0G

             total       used       free     shared    buffers     cached
Mem:          2.0G       1.6G       315M       1.4M        38M       291M
-/+ buffers/cache:       1.3G       646M
Swap:         8.0G         0B       8.0G

             total       used       free     shared    buffers     cached
Mem:          2.0G       1.7G       300M       1.4M        38M       291M
-/+ buffers/cache:       1.3G       631M
Swap:         8.0G         0B       8.0G

             total       used       free     shared    buffers     cached
Mem:          2.0G       1.7G       284M       1.4M        38M       291M
-/+ buffers/cache:       1.4G       615M
Swap:         8.0G         0B       8.0G

             total       used       free     shared    buffers     cached
Mem:          2.0G       1.7G       268M       1.4M        38M       291M
-/+ buffers/cache:       1.4G       599M
Swap:         8.0G         0B       8.0G

             total       used       free     shared    buffers     cached
Mem:          2.0G       1.7G       252M       1.4M        38M       291M
-/+ buffers/cache:       1.4G       583M
Swap:         8.0G         0B       8.0G

             total       used       free     shared    buffers     cached
Mem:          2.0G       1.7G       237M       1.4M        38M       291M
-/+ buffers/cache:       1.4G       568M
Swap:         8.0G         0B       8.0G

             total       used       free     shared    buffers     cached
Mem:          2.0G       1.7G       221M       1.4M        38M       291M
-/+ buffers/cache:       1.4G       552M
Swap:         8.0G         0B       8.0G

             total       used       free     shared    buffers     cached
Mem:          2.0G       1.8G       206M       1.4M        38M       291M
-/+ buffers/cache:       1.4G       537M
Swap:         8.0G         0B       8.0G

             total       used       free     shared    buffers     cached
Mem:          2.0G       1.8G       191M       1.4M        38M       291M
-/+ buffers/cache:       1.4G       522M
Swap:         8.0G         0B       8.0G

             total       used       free     shared    buffers     cached
Mem:          2.0G       1.8G       176M       1.4M        38M       291M
-/+ buffers/cache:       1.5G       507M
Swap:         8.0G         0B       8.0G

             total       used       free     shared    buffers     cached
Mem:          2.0G       1.8G       161M       1.4M        38M       291M
-/+ buffers/cache:       1.5G       492M
Swap:         8.0G         0B       8.0G

             total       used       free     shared    buffers     cached
Mem:          2.0G       1.8G       145M       1.4M        38M       291M
-/+ buffers/cache:       1.5G       476M
Swap:         8.0G         0B       8.0G

             total       used       free     shared    buffers     cached
Mem:          2.0G       1.8G       129M       1.4M        38M       291M
-/+ buffers/cache:       1.5G       460M
Swap:         8.0G         0B       8.0G

             total       used       free     shared    buffers     cached
Mem:          2.0G       1.8G       113M       1.4M        38M       291M
-/+ buffers/cache:       1.5G       443M
Swap:         8.0G         0B       8.0G

             total       used       free     shared    buffers     cached
Mem:          2.0G       1.9G        97M       1.4M        38M       291M
-/+ buffers/cache:       1.5G       427M
Swap:         8.0G         0B       8.0G

             total       used       free     shared    buffers     cached
Mem:          2.0G       1.9G        81M       1.4M        38M       291M
-/+ buffers/cache:       1.6G       412M
Swap:         8.0G         0B       8.0G

             total       used       free     shared    buffers     cached
Mem:          2.0G       1.9G        65M       1.4M        38M       291M
-/+ buffers/cache:       1.6G       395M
Swap:         8.0G         0B       8.0G

             total       used       free     shared    buffers     cached
Mem:          2.0G       1.9G        70M       1.4M        17M       290M
-/+ buffers/cache:       1.6G       378M
Swap:         8.0G         0B       8.0G

             total       used       free     shared    buffers     cached
Mem:          2.0G       1.9G        71M       1.4M        10M       281M
-/+ buffers/cache:       1.6G       362M
Swap:         8.0G         0B       8.0G

             total       used       free     shared    buffers     cached
Mem:          2.0G       1.9G        72M       1.4M       9.8M       264M
-/+ buffers/cache:       1.6G       346M
Swap:         8.0G        76K       8.0G

             total       used       free     shared    buffers     cached
Mem:          2.0G       1.9G        73M       1.2M       9.8M       246M
-/+ buffers/cache:       1.6G       329M
Swap:         8.0G       892K       8.0G

             total       used       free     shared    buffers     cached
Mem:          2.0G       1.9G        73M       1.2M       9.8M       233M
-/+ buffers/cache:       1.6G       316M
Swap:         8.0G       6.4M       8.0G

             total       used       free     shared    buffers     cached
Mem:          2.0G       1.9G        91M       1.0M       7.8M       207M
-/+ buffers/cache:       1.7G       307M
Swap:         8.0G        11M       8.0G

             total       used       free     shared    buffers     cached
Mem:          2.0G       1.9G        75M       1.0M       7.8M       207M
-/+ buffers/cache:       1.7G       291M
Swap:         8.0G        11M       8.0G

             total       used       free     shared    buffers     cached
Mem:          2.0G       1.9G        72M       1.0M       2.4M       200M
-/+ buffers/cache:       1.7G       275M
Swap:         8.0G        11M       8.0G

             total       used       free     shared    buffers     cached
Mem:          2.0G       1.9G        72M       1.0M       1.0M       187M
-/+ buffers/cache:       1.7G       261M
Swap:         8.0G        11M       8.0G

             total       used       free     shared    buffers     cached
Mem:          2.0G       1.9G        79M       1.0M       372K       165M
-/+ buffers/cache:       1.7G       245M
Swap:         8.0G        11M       8.0G

             total       used       free     shared    buffers     cached
Mem:          2.0G       1.9G        75M       1.0M       380K       154M
-/+ buffers/cache:       1.7G       230M
Swap:         8.0G        11M       8.0G

             total       used       free     shared    buffers     cached
Mem:          2.0G       1.9G        67M       1.0M       384K       146M
-/+ buffers/cache:       1.7G       214M
Swap:         8.0G        11M       8.0G

             total       used       free     shared    buffers     cached
Mem:          2.0G       1.9G        71M       1.0M       256K       128M
-/+ buffers/cache:       1.8G       200M
Swap:         8.0G        11M       8.0G

             total       used       free     shared    buffers     cached
Mem:          2.0G       1.9G        70M       1.0M        84K       113M
-/+ buffers/cache:       1.8G       184M
Swap:         8.0G        11M       8.0G

             total       used       free     shared    buffers     cached
Mem:          2.0G       1.9G        68M       1.0M        92K       100M
-/+ buffers/cache:       1.8G       169M
Swap:         8.0G        11M       8.0G

             total       used       free     shared    buffers     cached
Mem:          2.0G       1.9G        77M       1.0M        88K        77M
-/+ buffers/cache:       1.8G       155M
Swap:         8.0G        11M       8.0G

             total       used       free     shared    buffers     cached
Mem:          2.0G       1.9G        80M       1.0M       108K        59M
-/+ buffers/cache:       1.8G       139M
Swap:         8.0G        11M       8.0G

             total       used       free     shared    buffers     cached
Mem:          2.0G       1.9G        78M       1.0M       108K        45M
-/+ buffers/cache:       1.8G       124M
Swap:         8.0G        11M       8.0G

             total       used       free     shared    buffers     cached
Mem:          2.0G       1.9G        80M       1.0M       108K        26M
-/+ buffers/cache:       1.8G       107M
Swap:         8.0G        11M       8.0G

             total       used       free     shared    buffers     cached
Mem:          2.0G       1.9G        75M       1.0M        76K        15M
-/+ buffers/cache:       1.9G        90M
Swap:         8.0G        11M       8.0G

             total       used       free     shared    buffers     cached
Mem:          2.0G       1.9G        74M       1.0M       352K       4.0M
-/+ buffers/cache:       1.9G        79M
Swap:         8.0G        12M       8.0G

             total       used       free     shared    buffers     cached
Mem:          2.0G       1.9G        82M       700K       460K       2.9M
-/+ buffers/cache:       1.9G        85M
Swap:         8.0G        46M       8.0G

             total       used       free     shared    buffers     cached
Mem:          2.0G       1.9G        66M       716K       460K       3.2M
-/+ buffers/cache:       1.9G        69M
Swap:         8.0G        46M       8.0G

             total       used       free     shared    buffers     cached
Mem:          2.0G       1.9G        72M       708K       464K       3.2M
-/+ buffers/cache:       1.9G        75M
Swap:         8.0G        58M       7.9G

             total       used       free     shared    buffers     cached
Mem:          2.0G       1.9G        69M       708K       464K       3.3M
-/+ buffers/cache:       1.9G        73M
Swap:         8.0G        83M       7.9G

             total       used       free     shared    buffers     cached
Mem:          2.0G       1.9G        73M       680K       464K       3.4M
-/+ buffers/cache:       1.9G        77M
Swap:         8.0G        90M       7.9G

             total       used       free     shared    buffers     cached
Mem:          2.0G       1.9G        71M       680K       472K       3.5M
-/+ buffers/cache:       1.9G        75M
Swap:         8.0G       121M       7.9G

             total       used       free     shared    buffers     cached
Mem:          2.0G       1.9G        68M       672K       472K       3.5M
-/+ buffers/cache:       1.9G        72M
Swap:         8.0G       121M       7.9G

             total       used       free     shared    buffers     cached
Mem:          2.0G       1.9G        70M       656K       472K       3.4M
-/+ buffers/cache:       1.9G        74M
Swap:         8.0G       145M       7.9G

             total       used       free     shared    buffers     cached
Mem:          2.0G       1.9G        69M       656K       456K       3.3M
-/+ buffers/cache:       1.9G        73M
Swap:         8.0G       151M       7.8G

             total       used       free     shared    buffers     cached
Mem:          2.0G       1.9G        66M       580K       432K       3.3M
-/+ buffers/cache:       1.9G        70M
Swap:         8.0G       173M       7.8G

             total       used       free     shared    buffers     cached
Mem:          2.0G       1.9G        69M       580K       340K       3.3M
-/+ buffers/cache:       1.9G        72M
Swap:         8.0G       190M       7.8G

             total       used       free     shared    buffers     cached
Mem:          2.0G       1.9G        67M       572K       272K       3.3M
-/+ buffers/cache:       1.9G        70M
Swap:         8.0G       198M       7.8G

             total       used       free     shared    buffers     cached
Mem:          2.0G       1.9G        73M       572K       188K       3.4M
-/+ buffers/cache:       1.9G        76M
Swap:         8.0G       206M       7.8G

             total       used       free     shared    buffers     cached
Mem:          2.0G       1.9G        67M       572K       188K       3.4M
-/+ buffers/cache:       1.9G        71M
Swap:         8.0G       206M       7.8G

             total       used       free     shared    buffers     cached
Mem:          2.0G       1.9G        87M       556K       188K       3.4M
-/+ buffers/cache:       1.9G        90M
Swap:         8.0G       244M       7.8G

             total       used       free     shared    buffers     cached
Mem:          2.0G       1.9G        70M       556K       188K       3.4M
-/+ buffers/cache:       1.9G        74M
Swap:         8.0G       244M       7.8G

             total       used       free     shared    buffers     cached
Mem:          2.0G       1.9G        75M       556K       196K       3.3M
-/+ buffers/cache:       1.9G        78M
Swap:         8.0G       244M       7.8G

             total       used       free     shared    buffers     cached
Mem:          2.0G       1.8G       108M       556K       196K       3.3M
-/+ buffers/cache:       1.8G       111M
Swap:         8.0G       348M       7.7G

             total       used       free     shared    buffers     cached
Mem:          2.0G       1.9G        98M       544K       196K       3.3M
-/+ buffers/cache:       1.9G       102M
Swap:         8.0G       348M       7.7G

             total       used       free     shared    buffers     cached
Mem:          2.0G       1.9G        89M       544K       196K       3.3M
-/+ buffers/cache:       1.9G        92M
Swap:         8.0G       348M       7.7G

             total       used       free     shared    buffers     cached
Mem:          2.0G       1.9G        86M       544K       196K       3.3M
-/+ buffers/cache:       1.9G        90M
Swap:         8.0G       348M       7.7G

             total       used       free     shared    buffers     cached
Mem:          2.0G       1.9G        86M       544K       204K       3.3M
-/+ buffers/cache:       1.9G        89M
Swap:         8.0G       347M       7.7G

             total       used       free     shared    buffers     cached
Mem:          2.0G       1.9G        85M       544K       204K       3.3M
-/+ buffers/cache:       1.9G        88M
Swap:         8.0G       346M       7.7G

             total       used       free     shared    buffers     cached
Mem:          2.0G       1.9G        84M       544K       204K       3.3M
-/+ buffers/cache:       1.9G        87M
Swap:         8.0G       345M       7.7G

             total       used       free     shared    buffers     cached
Mem:          2.0G       1.9G        83M       544K       204K       3.3M
-/+ buffers/cache:       1.9G        87M
Swap:         8.0G       344M       7.7G

             total       used       free     shared    buffers     cached
Mem:          2.0G       1.9G        83M       544K       204K       3.4M
-/+ buffers/cache:       1.9G        86M
Swap:         8.0G       344M       7.7G

             total       used       free     shared    buffers     cached
Mem:          2.0G       1.9G        82M       544K       204K       3.3M
-/+ buffers/cache:       1.9G        86M
Swap:         8.0G       343M       7.7G

             total       used       free     shared    buffers     cached
Mem:          2.0G       1.9G        82M       544K       212K       3.3M
-/+ buffers/cache:       1.9G        85M
Swap:         8.0G       342M       7.7G

             total       used       free     shared    buffers     cached
Mem:          2.0G       1.9G        81M       544K       212K       3.3M
-/+ buffers/cache:       1.9G        84M
Swap:         8.0G       341M       7.7G

             total       used       free     shared    buffers     cached
Mem:          2.0G       1.9G        80M       544K       212K       3.3M
-/+ buffers/cache:       1.9G        84M
Swap:         8.0G       340M       7.7G

             total       used       free     shared    buffers     cached
Mem:          2.0G       1.9G        80M       544K       212K       3.4M
-/+ buffers/cache:       1.9G        83M
Swap:         8.0G       339M       7.7G

             total       used       free     shared    buffers     cached
Mem:          2.0G       1.9G        79M       544K       212K       3.3M
-/+ buffers/cache:       1.9G        82M
Swap:         8.0G       339M       7.7G

             total       used       free     shared    buffers     cached
Mem:          2.0G       1.9G        78M       544K       220K       3.4M
-/+ buffers/cache:       1.9G        82M
Swap:         8.0G       338M       7.7G

             total       used       free     shared    buffers     cached
Mem:          2.0G       1.9G        78M       544K       220K       3.3M
-/+ buffers/cache:       1.9G        81M
Swap:         8.0G       337M       7.7G

             total       used       free     shared    buffers     cached
Mem:          2.0G       1.9G        77M       544K       220K       3.3M
-/+ buffers/cache:       1.9G        81M
Swap:         8.0G       336M       7.7G

             total       used       free     shared    buffers     cached
Mem:          2.0G       1.9G        77M       544K       220K       3.3M
-/+ buffers/cache:       1.9G        80M
Swap:         8.0G       336M       7.7G

             total       used       free     shared    buffers     cached
Mem:          2.0G       1.9G        76M       544K       220K       3.4M
-/+ buffers/cache:       1.9G        80M
Swap:         8.0G       335M       7.7G

             total       used       free     shared    buffers     cached
Mem:          2.0G       1.9G        76M       544K       228K       3.4M
-/+ buffers/cache:       1.9G        79M
Swap:         8.0G       334M       7.7G

             total       used       free     shared    buffers     cached
Mem:          2.0G       1.9G        75M       544K       228K       3.3M
-/+ buffers/cache:       1.9G        79M
Swap:         8.0G       333M       7.7G

             total       used       free     shared    buffers     cached
Mem:          2.0G       1.9G        75M       544K       228K       3.4M
-/+ buffers/cache:       1.9G        78M
Swap:         8.0G       332M       7.7G

             total       used       free     shared    buffers     cached
Mem:          2.0G       1.9G        74M       544K       228K       3.3M
-/+ buffers/cache:       1.9G        78M
Swap:         8.0G       332M       7.7G

             total       used       free     shared    buffers     cached
Mem:          2.0G       1.9G        74M       544K       228K       3.3M
-/+ buffers/cache:       1.9G        77M
Swap:         8.0G       331M       7.7G

             total       used       free     shared    buffers     cached
Mem:          2.0G       1.9G        73M       544K       228K       3.3M
-/+ buffers/cache:       1.9G        77M
Swap:         8.0G       330M       7.7G

             total       used       free     shared    buffers     cached
Mem:          2.0G       1.9G        71M       544K       188K        21M
-/+ buffers/cache:       1.9G        93M
Swap:         8.0G       322M       7.7G

             total       used       free     shared    buffers     cached
Mem:          2.0G       1.9G        68M       544K       924K        22M
-/+ buffers/cache:       1.9G        91M
Swap:         8.0G       322M       7.7G

             total       used       free     shared    buffers     cached
Mem:          2.0G       1.9G        87M       544K       120K        25M
-/+ buffers/cache:       1.8G       113M
Swap:         8.0G       359M       7.6G

             total       used       free     shared    buffers     cached
Mem:          2.0G       1.9G        86M       548K       124K        26M
-/+ buffers/cache:       1.8G       112M
Swap:         8.0G       358M       7.6G

             total       used       free     shared    buffers     cached
Mem:          2.0G       1.9G        84M       548K       124K        26M
-/+ buffers/cache:       1.8G       110M
Swap:         8.0G       357M       7.6G

             total       used       free     shared    buffers     cached
Mem:          2.0G       1.9G        83M       548K       132K        26M
-/+ buffers/cache:       1.8G       110M
Swap:         8.0G       357M       7.6G

             total       used       free     shared    buffers     cached
Mem:          2.0G       1.9G        83M       548K       132K        26M
-/+ buffers/cache:       1.8G       109M
Swap:         8.0G       356M       7.6G

             total       used       free     shared    buffers     cached
Mem:          2.0G       1.9G        82M       548K       132K        26M
-/+ buffers/cache:       1.8G       108M
Swap:         8.0G       355M       7.6G

             total       used       free     shared    buffers     cached
Mem:          2.0G       1.9G        81M       548K       132K        26M
-/+ buffers/cache:       1.8G       107M
Swap:         8.0G       355M       7.7G

             total       used       free     shared    buffers     cached
Mem:          2.0G       1.9G        80M       548K       132K        26M
-/+ buffers/cache:       1.8G       106M
Swap:         8.0G       354M       7.7G

             total       used       free     shared    buffers     cached
Mem:          2.0G       1.9G        77M       548K       272K        27M
-/+ buffers/cache:       1.9G       104M
Swap:         8.0G       353M       7.7G

             total       used       free     shared    buffers     cached
Mem:          2.0G       1.9G        76M       548K       280K        27M
-/+ buffers/cache:       1.9G       103M
Swap:         8.0G       352M       7.7G

             total       used       free     shared    buffers     cached
Mem:          2.0G       1.9G        73M       548K       280K        28M
-/+ buffers/cache:       1.9G       102M
Swap:         8.0G       352M       7.7G

             total       used       free     shared    buffers     cached
Mem:          2.0G       1.9G        73M       548K       280K        28M
-/+ buffers/cache:       1.9G       102M
Swap:         8.0G       351M       7.7G

             total       used       free     shared    buffers     cached
Mem:          2.0G       1.9G        72M       548K       280K        28M
-/+ buffers/cache:       1.9G       101M
Swap:         8.0G       351M       7.7G

             total       used       free     shared    buffers     cached
Mem:          2.0G       1.9G        72M       548K       280K        28M
-/+ buffers/cache:       1.9G       101M
Swap:         8.0G       350M       7.7G

             total       used       free     shared    buffers     cached
Mem:          2.0G       1.9G        71M       548K       296K        28M
-/+ buffers/cache:       1.9G       100M
Swap:         8.0G       350M       7.7G

             total       used       free     shared    buffers     cached
Mem:          2.0G       1.9G        71M       548K       296K        28M
-/+ buffers/cache:       1.9G       100M
Swap:         8.0G       350M       7.7G

             total       used       free     shared    buffers     cached
Mem:          2.0G       1.9G        70M       548K       296K        28M
-/+ buffers/cache:       1.9G        99M
Swap:         8.0G       349M       7.7G

             total       used       free     shared    buffers     cached
Mem:          2.0G       1.9G        69M       548K       296K        28M
-/+ buffers/cache:       1.9G        98M
Swap:         8.0G       349M       7.7G

             total       used       free     shared    buffers     cached
Mem:          2.0G       1.9G        69M       548K       296K        28M
-/+ buffers/cache:       1.9G        98M
Swap:         8.0G       349M       7.7G

             total       used       free     shared    buffers     cached
Mem:          2.0G       1.9G        68M       548K       300K        28M
-/+ buffers/cache:       1.9G        97M
Swap:         8.0G       348M       7.7G

             total       used       free     shared    buffers     cached
Mem:          2.0G       1.9G        68M       548K       308K        28M
-/+ buffers/cache:       1.9G        97M
Swap:         8.0G       348M       7.7G

             total       used       free     shared    buffers     cached
Mem:          2.0G       1.9G        67M       548K       308K        28M
-/+ buffers/cache:       1.9G        96M
Swap:         8.0G       347M       7.7G

             total       used       free     shared    buffers     cached
Mem:          2.0G       1.9G        67M       548K       308K        28M
-/+ buffers/cache:       1.9G        96M
Swap:         8.0G       347M       7.7G

             total       used       free     shared    buffers     cached
Mem:          2.0G       1.9G        66M       548K       308K        28M
-/+ buffers/cache:       1.9G        95M
Swap:         8.0G       347M       7.7G

             total       used       free     shared    buffers     cached
Mem:          2.0G       1.9G        66M       548K       308K        28M
-/+ buffers/cache:       1.9G        95M
Swap:         8.0G       346M       7.7G

             total       used       free     shared    buffers     cached
Mem:          2.0G       1.9G        65M       548K       316K        28M
-/+ buffers/cache:       1.9G        94M
Swap:         8.0G       346M       7.7G

             total       used       free     shared    buffers     cached
Mem:          2.0G       1.9G        65M       548K       316K        28M
-/+ buffers/cache:       1.9G        94M
Swap:         8.0G       346M       7.7G

             total       used       free     shared    buffers     cached
Mem:          2.0G       1.9G        76M       548K       316K        28M
-/+ buffers/cache:       1.9G       104M
Swap:         8.0G       347M       7.7G

             total       used       free     shared    buffers     cached
Mem:          2.0G       1.9G        75M       548K       316K        28M
-/+ buffers/cache:       1.9G       104M
Swap:         8.0G       347M       7.7G

             total       used       free     shared    buffers     cached
Mem:          2.0G       1.9G        75M       548K       316K        28M
-/+ buffers/cache:       1.9G       103M
Swap:         8.0G       346M       7.7G

             total       used       free     shared    buffers     cached
Mem:          2.0G       1.9G        74M       548K       316K        28M
-/+ buffers/cache:       1.9G       103M
Swap:         8.0G       346M       7.7G

             total       used       free     shared    buffers     cached
Mem:          2.0G       1.9G        74M       548K       324K        28M
-/+ buffers/cache:       1.9G       102M
Swap:         8.0G       346M       7.7G

             total       used       free     shared    buffers     cached
Mem:          2.0G       1.9G        73M       548K       324K        28M
-/+ buffers/cache:       1.9G       102M
Swap:         8.0G       345M       7.7G

             total       used       free     shared    buffers     cached
Mem:          2.0G       1.9G        73M       548K       324K        28M
-/+ buffers/cache:       1.9G       101M
Swap:         8.0G       345M       7.7G

             total       used       free     shared    buffers     cached
Mem:          2.0G       1.9G        72M       548K       324K        28M
-/+ buffers/cache:       1.9G       101M
Swap:         8.0G       345M       7.7G

             total       used       free     shared    buffers     cached
Mem:          2.0G       1.9G        72M       548K       324K        28M
-/+ buffers/cache:       1.9G       100M
Swap:         8.0G       344M       7.7G

             total       used       free     shared    buffers     cached
Mem:          2.0G       1.9G        71M       548K       332K        28M
-/+ buffers/cache:       1.9G        99M
Swap:         8.0G       344M       7.7G

             total       used       free     shared    buffers     cached
Mem:          2.0G       1.9G        71M       548K       332K        28M
-/+ buffers/cache:       1.9G        99M
Swap:         8.0G       344M       7.7G

             total       used       free     shared    buffers     cached
Mem:          2.0G       1.9G        70M       548K       332K        28M
-/+ buffers/cache:       1.9G        98M
Swap:         8.0G       343M       7.7G

             total       used       free     shared    buffers     cached
Mem:          2.0G       1.9G        69M       548K       332K        28M
-/+ buffers/cache:       1.9G        98M
Swap:         8.0G       343M       7.7G

             total       used       free     shared    buffers     cached
Mem:          2.0G       1.9G        69M       548K       332K        28M
-/+ buffers/cache:       1.9G        97M
Swap:         8.0G       342M       7.7G

             total       used       free     shared    buffers     cached
Mem:          2.0G       1.9G        68M       548K       332K        28M
-/+ buffers/cache:       1.9G        97M
Swap:         8.0G       342M       7.7G

             total       used       free     shared    buffers     cached
Mem:          2.0G       1.9G        68M       548K       340K        28M
-/+ buffers/cache:       1.9G        96M
Swap:         8.0G       342M       7.7G

             total       used       free     shared    buffers     cached
Mem:          2.0G       1.9G        67M       548K       340K        28M
-/+ buffers/cache:       1.9G        96M
Swap:         8.0G       341M       7.7G

             total       used       free     shared    buffers     cached
Mem:          2.0G       1.9G        66M       548K       340K        28M
-/+ buffers/cache:       1.9G        95M
Swap:         8.0G       341M       7.7G

             total       used       free     shared    buffers     cached
Mem:          2.0G       1.9G        66M       548K       340K        28M
-/+ buffers/cache:       1.9G        94M
Swap:         8.0G       341M       7.7G

             total       used       free     shared    buffers     cached
Mem:          2.0G       1.9G        65M       548K       340K        28M
-/+ buffers/cache:       1.9G        94M
Swap:         8.0G       340M       7.7G

             total       used       free     shared    buffers     cached
Mem:          2.0G       1.9G        65M       548K       348K        28M
-/+ buffers/cache:       1.9G        93M
Swap:         8.0G       340M       7.7G

             total       used       free     shared    buffers     cached
Mem:          2.0G       1.9G        78M       548K       292K        25M
-/+ buffers/cache:       1.9G       103M
Swap:         8.0G       358M       7.6G

             total       used       free     shared    buffers     cached
Mem:          2.0G       1.9G        78M       548K       292K        25M
-/+ buffers/cache:       1.9G       103M
Swap:         8.0G       357M       7.6G

             total       used       free     shared    buffers     cached
Mem:          2.0G       1.9G        77M       548K       292K        25M
-/+ buffers/cache:       1.9G       103M
Swap:         8.0G       357M       7.6G

             total       used       free     shared    buffers     cached
Mem:          2.0G       1.9G        77M       548K       292K        25M
-/+ buffers/cache:       1.9G       102M
Swap:         8.0G       357M       7.6G

             total       used       free     shared    buffers     cached
Mem:          2.0G       1.9G        76M       548K       292K        25M
-/+ buffers/cache:       1.9G       101M
Swap:         8.0G       356M       7.6G

             total       used       free     shared    buffers     cached
Mem:          2.0G       1.9G        75M       548K       300K        25M
-/+ buffers/cache:       1.9G       101M
Swap:         8.0G       356M       7.6G

             total       used       free     shared    buffers     cached
Mem:          2.0G       1.9G        75M       548K       300K        25M
-/+ buffers/cache:       1.9G       100M
Swap:         8.0G       355M       7.6G

             total       used       free     shared    buffers     cached
Mem:          2.0G       1.9G        74M       548K       300K        25M
-/+ buffers/cache:       1.9G       100M
Swap:         8.0G       355M       7.7G

             total       used       free     shared    buffers     cached
Mem:          2.0G       1.9G        73M       548K       300K        25M
-/+ buffers/cache:       1.9G        99M
Swap:         8.0G       354M       7.7G

             total       used       free     shared    buffers     cached
Mem:          2.0G       1.9G        73M       548K       300K        25M
-/+ buffers/cache:       1.9G        98M
Swap:         8.0G       354M       7.7G

             total       used       free     shared    buffers     cached
Mem:          2.0G       1.9G        66M       548K       308K        31M
-/+ buffers/cache:       1.9G        97M
Swap:         8.0G       353M       7.7G

             total       used       free     shared    buffers     cached
Mem:          2.0G       1.9G        66M       548K       308K        31M
-/+ buffers/cache:       1.9G        97M
Swap:         8.0G       353M       7.7G

             total       used       free     shared    buffers     cached
Mem:          2.0G       1.9G        65M       548K       308K        31M
-/+ buffers/cache:       1.9G        96M
Swap:         8.0G       353M       7.7G

             total       used       free     shared    buffers     cached
Mem:          2.0G       1.9G        64M       548K       308K        31M
-/+ buffers/cache:       1.9G        96M
Swap:         8.0G       352M       7.7G

             total       used       free     shared    buffers     cached
Mem:          2.0G       1.9G        81M       548K       308K        27M
-/+ buffers/cache:       1.8G       109M
Swap:         8.0G       366M       7.6G

             total       used       free     shared    buffers     cached
Mem:          2.0G       1.9G        80M       548K       308K        28M
-/+ buffers/cache:       1.8G       108M
Swap:         8.0G       365M       7.6G

             total       used       free     shared    buffers     cached
Mem:          2.0G       1.9G        79M       548K       316K        28M
-/+ buffers/cache:       1.8G       108M
Swap:         8.0G       365M       7.6G

             total       used       free     shared    buffers     cached
Mem:          2.0G       1.9G        77M       552K       452K        28M
-/+ buffers/cache:       1.8G       107M
Swap:         8.0G       364M       7.6G

             total       used       free     shared    buffers     cached
Mem:          2.0G       1.9G        77M       552K       452K        28M
-/+ buffers/cache:       1.8G       106M
Swap:         8.0G       364M       7.6G

             total       used       free     shared    buffers     cached
Mem:          2.0G       1.9G        76M       552K       452K        28M
-/+ buffers/cache:       1.8G       105M
Swap:         8.0G       363M       7.6G

             total       used       free     shared    buffers     cached
Mem:          2.0G       1.9G        70M       552K       452K        30M
-/+ buffers/cache:       1.9G       101M
Swap:         8.0G       361M       7.6G

             total       used       free     shared    buffers     cached
Mem:          2.0G       1.9G        69M       552K       460K        30M
-/+ buffers/cache:       1.9G       100M
Swap:         8.0G       360M       7.6G

             total       used       free     shared    buffers     cached
Mem:          2.0G       1.9G        65M       552K       460K        32M
-/+ buffers/cache:       1.9G        98M
Swap:         8.0G       359M       7.6G

             total       used       free     shared    buffers     cached
Mem:          2.0G       1.9G        76M       552K       432K        30M
-/+ buffers/cache:       1.8G       106M
Swap:         8.0G       367M       7.6G

             total       used       free     shared    buffers     cached
Mem:          2.0G       1.9G        75M       552K       432K        30M
-/+ buffers/cache:       1.8G       106M
Swap:         8.0G       366M       7.6G

             total       used       free     shared    buffers     cached
Mem:          2.0G       1.9G        75M       552K       432K        30M
-/+ buffers/cache:       1.8G       105M
Swap:         8.0G       366M       7.6G

             total       used       free     shared    buffers     cached
Mem:          2.0G       1.9G        74M       552K       432K        30M
-/+ buffers/cache:       1.9G       105M
Swap:         8.0G       365M       7.6G

             total       used       free     shared    buffers     cached
Mem:          2.0G       1.9G        74M       552K       440K        30M
-/+ buffers/cache:       1.9G       104M
Swap:         8.0G       365M       7.6G

             total       used       free     shared    buffers     cached
Mem:          2.0G       1.9G        73M       552K       440K        30M
-/+ buffers/cache:       1.9G       104M
Swap:         8.0G       364M       7.6G

             total       used       free     shared    buffers     cached
Mem:          2.0G       1.9G        73M       552K       440K        30M
-/+ buffers/cache:       1.9G       104M
Swap:         8.0G       364M       7.6G

             total       used       free     shared    buffers     cached
Mem:          2.0G       1.9G        73M       552K       440K        30M
-/+ buffers/cache:       1.9G       103M
Swap:         8.0G       363M       7.6G

             total       used       free     shared    buffers     cached
Mem:          2.0G       1.9G        72M       552K       440K        30M
-/+ buffers/cache:       1.9G       103M
Swap:         8.0G       363M       7.6G

             total       used       free     shared    buffers     cached
Mem:          2.0G       1.9G        72M       552K       448K        30M
-/+ buffers/cache:       1.9G       102M
Swap:         8.0G       362M       7.6G

             total       used       free     shared    buffers     cached
Mem:          2.0G       1.9G        80M       2.4M       2.8M        46M
-/+ buffers/cache:       1.8G       130M
Swap:         8.0G       400M       7.6G

             total       used       free     shared    buffers     cached
Mem:          2.0G       1.9G        78M       4.3M       4.3M        62M
-/+ buffers/cache:       1.8G       144M
Swap:         8.0G       433M       7.6G

             total       used       free     shared    buffers     cached
Mem:          2.0G       1.9G        88M       644K       2.8M        55M
-/+ buffers/cache:       1.8G       146M
Swap:         8.0G       443M       7.6G

             total       used       free     shared    buffers     cached
Mem:          2.0G       1.9G        87M       656K       2.8M        55M
-/+ buffers/cache:       1.8G       145M
Swap:         8.0G       442M       7.6G

             total       used       free     shared    buffers     cached
Mem:          2.0G       1.9G        85M       656K       2.8M        55M
-/+ buffers/cache:       1.8G       144M
Swap:         8.0G       441M       7.6G

             total       used       free     shared    buffers     cached
Mem:          2.0G       1.9G        85M       656K       2.8M        55M
-/+ buffers/cache:       1.8G       144M
Swap:         8.0G       441M       7.6G

             total       used       free     shared    buffers     cached
Mem:          2.0G       1.9G        84M       656K       2.8M        55M
-/+ buffers/cache:       1.8G       142M
Swap:         8.0G       440M       7.6G

             total       used       free     shared    buffers     cached
Mem:          2.0G       1.9G        82M       656K       3.0M        56M
-/+ buffers/cache:       1.8G       141M
Swap:         8.0G       438M       7.6G

             total       used       free     shared    buffers     cached
Mem:          2.0G       1.9G        81M       656K       3.0M        56M
-/+ buffers/cache:       1.8G       140M
Swap:         8.0G       437M       7.6G

             total       used       free     shared    buffers     cached
Mem:          2.0G       1.9G        80M       656K       3.0M        56M
-/+ buffers/cache:       1.8G       139M
Swap:         8.0G       436M       7.6G

             total       used       free     shared    buffers     cached
Mem:          2.0G       1.9G        79M       656K       3.0M        56M
-/+ buffers/cache:       1.8G       138M
Swap:         8.0G       435M       7.6G

             total       used       free     shared    buffers     cached
Mem:          2.0G       1.9G        78M       656K       3.0M        56M
-/+ buffers/cache:       1.8G       138M
Swap:         8.0G       434M       7.6G

             total       used       free     shared    buffers     cached
Mem:          2.0G       1.9G        77M       656K       3.0M        56M
-/+ buffers/cache:       1.8G       136M
Swap:         8.0G       432M       7.6G

             total       used       free     shared    buffers     cached
Mem:          2.0G       1.9G        76M       656K       3.0M        56M
-/+ buffers/cache:       1.8G       136M
Swap:         8.0G       431M       7.6G

             total       used       free     shared    buffers     cached
Mem:          2.0G       1.9G        75M       656K       3.0M        56M
-/+ buffers/cache:       1.8G       135M
Swap:         8.0G       430M       7.6G

             total       used       free     shared    buffers     cached
Mem:          2.0G       1.9G        75M       656K       3.0M        56M
-/+ buffers/cache:       1.8G       134M
Swap:         8.0G       429M       7.6G

             total       used       free     shared    buffers     cached
Mem:          2.0G       1.9G        74M       656K       3.0M        56M
-/+ buffers/cache:       1.8G       133M
Swap:         8.0G       428M       7.6G

             total       used       free     shared    buffers     cached
Mem:          2.0G       1.9G        73M       656K       3.0M        56M
-/+ buffers/cache:       1.8G       132M
Swap:         8.0G       427M       7.6G

             total       used       free     shared    buffers     cached
Mem:          2.0G       1.9G        72M       656K       3.0M        56M
-/+ buffers/cache:       1.8G       131M
Swap:         8.0G       426M       7.6G

             total       used       free     shared    buffers     cached
Mem:          2.0G       1.9G        71M       656K       3.0M        56M
-/+ buffers/cache:       1.8G       130M
Swap:         8.0G       425M       7.6G

             total       used       free     shared    buffers     cached
Mem:          2.0G       1.9G        70M       656K       3.0M        56M
-/+ buffers/cache:       1.8G       129M
Swap:         8.0G       424M       7.6G

             total       used       free     shared    buffers     cached
Mem:          2.0G       1.9G        69M       656K       3.0M        56M
-/+ buffers/cache:       1.8G       128M
Swap:         8.0G       423M       7.6G

             total       used       free     shared    buffers     cached
Mem:          2.0G       1.9G        68M       656K       3.0M        56M
-/+ buffers/cache:       1.8G       127M
Swap:         8.0G       422M       7.6G

             total       used       free     shared    buffers     cached
Mem:          2.0G       1.9G        67M       656K       3.0M        56M
-/+ buffers/cache:       1.8G       126M
Swap:         8.0G       421M       7.6G

             total       used       free     shared    buffers     cached
Mem:          2.0G       1.9G        67M       656K       3.0M        56M
-/+ buffers/cache:       1.8G       126M
Swap:         8.0G       420M       7.6G

             total       used       free     shared    buffers     cached
Mem:          2.0G       1.9G        65M       656K       3.0M        56M
-/+ buffers/cache:       1.8G       125M
Swap:         8.0G       419M       7.6G

             total       used       free     shared    buffers     cached
Mem:          2.0G       1.9G        80M       656K       3.0M        56M
-/+ buffers/cache:       1.8G       139M
Swap:         8.0G       418M       7.6G

             total       used       free     shared    buffers     cached
Mem:          2.0G       1.9G        79M       656K       3.0M        56M
-/+ buffers/cache:       1.8G       138M
Swap:         8.0G       417M       7.6G

             total       used       free     shared    buffers     cached
Mem:          2.0G       1.9G        79M       656K       3.0M        56M
-/+ buffers/cache:       1.8G       138M
Swap:         8.0G       417M       7.6G

             total       used       free     shared    buffers     cached
Mem:          2.0G       1.9G        78M       656K       3.0M        56M
-/+ buffers/cache:       1.8G       137M
Swap:         8.0G       416M       7.6G

             total       used       free     shared    buffers     cached
Mem:          2.0G       1.9G        77M       656K       3.0M        56M
-/+ buffers/cache:       1.8G       136M
Swap:         8.0G       415M       7.6G

             total       used       free     shared    buffers     cached
Mem:          2.0G       1.9G        76M       656K       3.0M        56M
-/+ buffers/cache:       1.8G       135M
Swap:         8.0G       414M       7.6G

             total       used       free     shared    buffers     cached
Mem:          2.0G       1.9G        75M       656K       3.0M        56M
-/+ buffers/cache:       1.8G       134M
Swap:         8.0G       413M       7.6G

             total       used       free     shared    buffers     cached
Mem:          2.0G       1.9G        74M       656K       3.0M        56M
-/+ buffers/cache:       1.8G       133M
Swap:         8.0G       412M       7.6G

             total       used       free     shared    buffers     cached
Mem:          2.0G       1.9G        73M       656K       3.0M        56M
-/+ buffers/cache:       1.8G       132M
Swap:         8.0G       411M       7.6G

             total       used       free     shared    buffers     cached
Mem:          2.0G       1.9G        65M       656K       4.1M        60M
-/+ buffers/cache:       1.8G       130M
Swap:         8.0G       410M       7.6G

             total       used       free     shared    buffers     cached
Mem:          2.0G       1.9G        75M       708K       6.2M        69M
-/+ buffers/cache:       1.8G       151M
Swap:         8.0G       433M       7.6G
