             total       used       free     shared    buffers     cached
Mem:          992M       662M       330M       3.2M        38M       289M
-/+ buffers/cache:       334M       658M
Swap:         8.0G         0B       8.0G

             total       used       free     shared    buffers     cached
Mem:          992M       660M       331M       1.4M        38M       287M
-/+ buffers/cache:       334M       657M
Swap:         8.0G         0B       8.0G

             total       used       free     shared    buffers     cached
Mem:          992M       660M       331M       1.4M        38M       287M
-/+ buffers/cache:       334M       657M
Swap:         8.0G         0B       8.0G

             total       used       free     shared    buffers     cached
Mem:          992M       660M       331M       1.4M        38M       288M
-/+ buffers/cache:       334M       657M
Swap:         8.0G         0B       8.0G

             total       used       free     shared    buffers     cached
Mem:          992M       660M       331M       1.4M        38M       288M
-/+ buffers/cache:       334M       657M
Swap:         8.0G         0B       8.0G

             total       used       free     shared    buffers     cached
Mem:          992M       660M       331M       1.4M        38M       287M
-/+ buffers/cache:       334M       657M
Swap:         8.0G         0B       8.0G

             total       used       free     shared    buffers     cached
Mem:          992M       660M       331M       1.4M        38M       288M
-/+ buffers/cache:       333M       658M
Swap:         8.0G         0B       8.0G

             total       used       free     shared    buffers     cached
Mem:          992M       660M       332M       1.4M        38M       288M
-/+ buffers/cache:       333M       658M
Swap:         8.0G         0B       8.0G

             total       used       free     shared    buffers     cached
Mem:          992M       660M       332M       1.4M        38M       288M
-/+ buffers/cache:       333M       658M
Swap:         8.0G         0B       8.0G

             total       used       free     shared    buffers     cached
Mem:          992M       663M       328M       1.4M        38M       288M
-/+ buffers/cache:       336M       655M
Swap:         8.0G         0B       8.0G

             total       used       free     shared    buffers     cached
Mem:          992M       680M       311M       1.4M        38M       288M
-/+ buffers/cache:       353M       638M
Swap:         8.0G         0B       8.0G

             total       used       free     shared    buffers     cached
Mem:          992M       691M       301M       1.4M        38M       288M
-/+ buffers/cache:       363M       628M
Swap:         8.0G         0B       8.0G

             total       used       free     shared    buffers     cached
Mem:          992M       669M       322M       1.4M        38M       289M
-/+ buffers/cache:       341M       650M
Swap:         8.0G         0B       8.0G

             total       used       free     shared    buffers     cached
Mem:          992M       680M       312M       1.4M        38M       289M
-/+ buffers/cache:       351M       640M
Swap:         8.0G         0B       8.0G

             total       used       free     shared    buffers     cached
Mem:          992M       669M       322M       1.4M        38M       289M
-/+ buffers/cache:       341M       650M
Swap:         8.0G         0B       8.0G

             total       used       free     shared    buffers     cached
Mem:          992M       669M       322M       1.4M        38M       289M
-/+ buffers/cache:       341M       650M
Swap:         8.0G         0B       8.0G

             total       used       free     shared    buffers     cached
Mem:          992M       669M       322M       1.4M        38M       289M
-/+ buffers/cache:       341M       650M
Swap:         8.0G         0B       8.0G

             total       used       free     shared    buffers     cached
Mem:          992M       669M       322M       1.4M        38M       289M
-/+ buffers/cache:       341M       650M
Swap:         8.0G         0B       8.0G

             total       used       free     shared    buffers     cached
Mem:          992M       669M       322M       1.4M        38M       289M
-/+ buffers/cache:       341M       650M
Swap:         8.0G         0B       8.0G

             total       used       free     shared    buffers     cached
Mem:          992M       669M       322M       1.4M        38M       289M
-/+ buffers/cache:       341M       650M
Swap:         8.0G         0B       8.0G

             total       used       free     shared    buffers     cached
Mem:          992M       669M       322M       1.4M        38M       289M
-/+ buffers/cache:       341M       650M
Swap:         8.0G         0B       8.0G

             total       used       free     shared    buffers     cached
Mem:          992M       670M       322M       1.4M        38M       289M
-/+ buffers/cache:       341M       650M
Swap:         8.0G         0B       8.0G

             total       used       free     shared    buffers     cached
Mem:          992M       670M       322M       1.4M        38M       289M
-/+ buffers/cache:       341M       650M
Swap:         8.0G         0B       8.0G

             total       used       free     shared    buffers     cached
Mem:          992M       670M       322M       1.4M        38M       289M
-/+ buffers/cache:       341M       650M
Swap:         8.0G         0B       8.0G

             total       used       free     shared    buffers     cached
Mem:          992M       670M       322M       1.4M        38M       289M
-/+ buffers/cache:       341M       650M
Swap:         8.0G         0B       8.0G

             total       used       free     shared    buffers     cached
Mem:          992M       670M       322M       1.4M        38M       289M
-/+ buffers/cache:       341M       650M
Swap:         8.0G         0B       8.0G

             total       used       free     shared    buffers     cached
Mem:          992M       670M       322M       1.4M        38M       289M
-/+ buffers/cache:       341M       650M
Swap:         8.0G         0B       8.0G

             total       used       free     shared    buffers     cached
Mem:          992M       670M       322M       1.4M        38M       289M
-/+ buffers/cache:       341M       650M
Swap:         8.0G         0B       8.0G

             total       used       free     shared    buffers     cached
Mem:          992M       670M       322M       1.4M        38M       289M
-/+ buffers/cache:       341M       650M
Swap:         8.0G         0B       8.0G

             total       used       free     shared    buffers     cached
Mem:          992M       670M       322M       1.4M        38M       289M
-/+ buffers/cache:       341M       650M
Swap:         8.0G         0B       8.0G

             total       used       free     shared    buffers     cached
Mem:          992M       670M       322M       1.4M        38M       289M
-/+ buffers/cache:       341M       650M
Swap:         8.0G         0B       8.0G

             total       used       free     shared    buffers     cached
Mem:          992M       670M       322M       1.4M        38M       289M
-/+ buffers/cache:       341M       650M
Swap:         8.0G         0B       8.0G

             total       used       free     shared    buffers     cached
Mem:          992M       670M       322M       1.4M        38M       289M
-/+ buffers/cache:       341M       650M
Swap:         8.0G         0B       8.0G

             total       used       free     shared    buffers     cached
Mem:          992M       677M       315M       1.4M        38M       289M
-/+ buffers/cache:       348M       643M
Swap:         8.0G         0B       8.0G

             total       used       free     shared    buffers     cached
Mem:          992M       697M       294M       1.4M        38M       289M
-/+ buffers/cache:       368M       623M
Swap:         8.0G         0B       8.0G

             total       used       free     shared    buffers     cached
Mem:          992M       715M       276M       1.4M        38M       289M
-/+ buffers/cache:       386M       605M
Swap:         8.0G         0B       8.0G

             total       used       free     shared    buffers     cached
Mem:          992M       733M       258M       1.4M        38M       289M
-/+ buffers/cache:       404M       587M
Swap:         8.0G         0B       8.0G

             total       used       free     shared    buffers     cached
Mem:          992M       752M       239M       1.4M        38M       289M
-/+ buffers/cache:       424M       568M
Swap:         8.0G         0B       8.0G

             total       used       free     shared    buffers     cached
Mem:          992M       771M       220M       1.4M        38M       289M
-/+ buffers/cache:       442M       549M
Swap:         8.0G         0B       8.0G

             total       used       free     shared    buffers     cached
Mem:          992M       788M       203M       1.4M        38M       289M
-/+ buffers/cache:       460M       531M
Swap:         8.0G         0B       8.0G

             total       used       free     shared    buffers     cached
Mem:          992M       807M       185M       1.4M        38M       289M
-/+ buffers/cache:       478M       513M
Swap:         8.0G         0B       8.0G

             total       used       free     shared    buffers     cached
Mem:          992M       826M       165M       1.4M        38M       289M
-/+ buffers/cache:       497M       494M
Swap:         8.0G         0B       8.0G

             total       used       free     shared    buffers     cached
Mem:          992M       846M       146M       1.4M        38M       289M
-/+ buffers/cache:       517M       474M
Swap:         8.0G         0B       8.0G

             total       used       free     shared    buffers     cached
Mem:          992M       867M       125M       1.4M        38M       289M
-/+ buffers/cache:       538M       453M
Swap:         8.0G         0B       8.0G

             total       used       free     shared    buffers     cached
Mem:          992M       885M       106M       1.4M        38M       289M
-/+ buffers/cache:       556M       435M
Swap:         8.0G         0B       8.0G

             total       used       free     shared    buffers     cached
Mem:          992M       900M        91M       1.4M        38M       289M
-/+ buffers/cache:       571M       420M
Swap:         8.0G         0B       8.0G

             total       used       free     shared    buffers     cached
Mem:          992M       919M        73M       1.4M        38M       289M
-/+ buffers/cache:       590M       401M
Swap:         8.0G         0B       8.0G

             total       used       free     shared    buffers     cached
Mem:          992M       922M        69M       1.4M        25M       288M
-/+ buffers/cache:       608M       383M
Swap:         8.0G         0B       8.0G

             total       used       free     shared    buffers     cached
Mem:          992M       929M        62M       1.4M        14M       288M
-/+ buffers/cache:       626M       365M
Swap:         8.0G         0B       8.0G

             total       used       free     shared    buffers     cached
Mem:          992M       932M        59M       1.4M        10M       277M
-/+ buffers/cache:       644M       347M
Swap:         8.0G         0B       8.0G

             total       used       free     shared    buffers     cached
Mem:          992M       916M        75M       1.3M       9.6M       243M
-/+ buffers/cache:       663M       328M
Swap:         8.0G       748K       8.0G

             total       used       free     shared    buffers     cached
Mem:          992M       920M        71M       1.2M       9.6M       231M
-/+ buffers/cache:       679M       313M
Swap:         8.0G       5.0M       8.0G

             total       used       free     shared    buffers     cached
Mem:          992M       906M        85M       1.1M       8.1M       205M
-/+ buffers/cache:       693M       299M
Swap:         8.0G       9.9M       8.0G

             total       used       free     shared    buffers     cached
Mem:          992M       923M        69M       1.2M       8.1M       205M
-/+ buffers/cache:       710M       282M
Swap:         8.0G       9.9M       8.0G

             total       used       free     shared    buffers     cached
Mem:          992M       927M        65M       1.2M       2.4M       197M
-/+ buffers/cache:       726M       265M
Swap:         8.0G       9.9M       8.0G

             total       used       free     shared    buffers     cached
Mem:          992M       928M        63M       1.2M       808K       183M
-/+ buffers/cache:       744M       247M
Swap:         8.0G       9.9M       8.0G

             total       used       free     shared    buffers     cached
Mem:          992M       923M        68M       1.2M       212K       161M
-/+ buffers/cache:       761M       230M
Swap:         8.0G       9.9M       8.0G

             total       used       free     shared    buffers     cached
Mem:          992M       922M        69M       1.2M       204K       142M
-/+ buffers/cache:       780M       212M
Swap:         8.0G       9.9M       8.0G

             total       used       free     shared    buffers     cached
Mem:          992M       932M        59M       1.2M       208K       142M
-/+ buffers/cache:       790M       202M
Swap:         8.0G       9.9M       8.0G

             total       used       free     shared    buffers     cached
Mem:          992M       918M        74M       1.2M       104K       110M
-/+ buffers/cache:       807M       185M
Swap:         8.0G       9.9M       8.0G

             total       used       free     shared    buffers     cached
Mem:          992M       920M        71M       1.2M       100K        97M
-/+ buffers/cache:       822M       169M
Swap:         8.0G       9.9M       8.0G

             total       used       free     shared    buffers     cached
Mem:          992M       918M        73M       1.2M       248K        78M
-/+ buffers/cache:       839M       152M
Swap:         8.0G       9.9M       8.0G

             total       used       free     shared    buffers     cached
Mem:          992M       916M        75M       1.2M       260K        61M
-/+ buffers/cache:       855M       137M
Swap:         8.0G       9.9M       8.0G

             total       used       free     shared    buffers     cached
Mem:          992M       921M        71M       1.2M       260K        46M
-/+ buffers/cache:       873M       118M
Swap:         8.0G       9.9M       8.0G

             total       used       free     shared    buffers     cached
Mem:          992M       917M        74M       1.2M       260K        27M
-/+ buffers/cache:       890M       102M
Swap:         8.0G       9.9M       8.0G

             total       used       free     shared    buffers     cached
Mem:          992M       920M        71M       1.2M       400K        10M
-/+ buffers/cache:       908M        83M
Swap:         8.0G       9.9M       8.0G

             total       used       free     shared    buffers     cached
Mem:          992M       920M        71M       1.0M       672K       4.9M
-/+ buffers/cache:       914M        77M
Swap:         8.0G        23M       8.0G

             total       used       free     shared    buffers     cached
Mem:          992M       921M        71M       704K       680K       4.6M
-/+ buffers/cache:       915M        76M
Swap:         8.0G        62M       7.9G

             total       used       free     shared    buffers     cached
Mem:          992M       920M        72M       712K       356K       5.8M
-/+ buffers/cache:       913M        78M
Swap:         8.0G        62M       7.9G

             total       used       free     shared    buffers     cached
Mem:          992M       931M        60M       712K       2.3M        13M
-/+ buffers/cache:       916M        76M
Swap:         8.0G        82M       7.9G

             total       used       free     shared    buffers     cached
Mem:          992M       896M        96M       576K       2.7M        16M
-/+ buffers/cache:       876M       115M
Swap:         8.0G       168M       7.8G

             total       used       free     shared    buffers     cached
Mem:          992M       913M        79M       592K       2.7M        16M
-/+ buffers/cache:       893M        98M
Swap:         8.0G       168M       7.8G

             total       used       free     shared    buffers     cached
Mem:          992M       915M        76M       592K       2.7M        15M
-/+ buffers/cache:       896M        95M
Swap:         8.0G       169M       7.8G

             total       used       free     shared    buffers     cached
Mem:          992M       914M        78M       592K       2.7M        15M
-/+ buffers/cache:       895M        96M
Swap:         8.0G       169M       7.8G

             total       used       free     shared    buffers     cached
Mem:          992M       915M        76M       592K       2.7M        15M
-/+ buffers/cache:       897M        94M
Swap:         8.0G       177M       7.8G

             total       used       free     shared    buffers     cached
Mem:          992M       916M        75M       584K       2.7M        13M
-/+ buffers/cache:       900M        91M
Swap:         8.0G       189M       7.8G

             total       used       free     shared    buffers     cached
Mem:          992M       921M        70M       584K       888K        19M
-/+ buffers/cache:       901M        90M
Swap:         8.0G       201M       7.8G

             total       used       free     shared    buffers     cached
Mem:          992M       922M        69M       564K       276K        20M
-/+ buffers/cache:       901M        90M
Swap:         8.0G       239M       7.8G

             total       used       free     shared    buffers     cached
Mem:          992M       921M        70M       564K       856K        18M
-/+ buffers/cache:       901M        90M
Swap:         8.0G       239M       7.8G

             total       used       free     shared    buffers     cached
Mem:          992M       920M        71M       556K       796K        14M
-/+ buffers/cache:       905M        86M
Swap:         8.0G       258M       7.7G

             total       used       free     shared    buffers     cached
Mem:          992M       914M        77M       556K       804K        13M
-/+ buffers/cache:       900M        91M
Swap:         8.0G       261M       7.7G

             total       used       free     shared    buffers     cached
Mem:          992M       921M        71M       556K       804K        13M
-/+ buffers/cache:       906M        85M
Swap:         8.0G       261M       7.7G

             total       used       free     shared    buffers     cached
Mem:          992M       916M        76M       556K       656K       8.4M
-/+ buffers/cache:       907M        85M
Swap:         8.0G       268M       7.7G

             total       used       free     shared    buffers     cached
Mem:          992M       922M        69M       556K       656K       8.4M
-/+ buffers/cache:       913M        78M
Swap:         8.0G       268M       7.7G

             total       used       free     shared    buffers     cached
Mem:          992M       915M        76M       556K       216K       2.9M
-/+ buffers/cache:       912M        79M
Swap:         8.0G       277M       7.7G

             total       used       free     shared    buffers     cached
Mem:          992M       921M        70M       556K       224K       3.2M
-/+ buffers/cache:       918M        73M
Swap:         8.0G       277M       7.7G

             total       used       free     shared    buffers     cached
Mem:          992M       914M        77M       556K       224K       2.8M
-/+ buffers/cache:       911M        80M
Swap:         8.0G       287M       7.7G

             total       used       free     shared    buffers     cached
Mem:          992M       919M        72M       552K       224K       2.8M
-/+ buffers/cache:       916M        75M
Swap:         8.0G       287M       7.7G

             total       used       free     shared    buffers     cached
Mem:          992M       924M        67M       552K       224K       2.8M
-/+ buffers/cache:       921M        70M
Swap:         8.0G       287M       7.7G

             total       used       free     shared    buffers     cached
Mem:          992M       914M        77M       552K       216K       2.3M
-/+ buffers/cache:       912M        79M
Swap:         8.0G       313M       7.7G

             total       used       free     shared    buffers     cached
Mem:          992M       920M        72M       552K       216K       2.3M
-/+ buffers/cache:       917M        74M
Swap:         8.0G       313M       7.7G

             total       used       free     shared    buffers     cached
Mem:          992M       925M        66M       552K       224K       2.3M
-/+ buffers/cache:       922M        69M
Swap:         8.0G       313M       7.7G

             total       used       free     shared    buffers     cached
Mem:          992M       915M        76M       552K       224K       2.3M
-/+ buffers/cache:       912M        79M
Swap:         8.0G       313M       7.7G

             total       used       free     shared    buffers     cached
Mem:          992M       920M        71M       552K       224K       2.3M
-/+ buffers/cache:       918M        73M
Swap:         8.0G       313M       7.7G

             total       used       free     shared    buffers     cached
Mem:          992M       924M        67M       552K       224K       2.3M
-/+ buffers/cache:       922M        69M
Swap:         8.0G       313M       7.7G

             total       used       free     shared    buffers     cached
Mem:          992M       910M        81M       324K       224K       2.0M
-/+ buffers/cache:       908M        83M
Swap:         8.0G       347M       7.7G

             total       used       free     shared    buffers     cached
Mem:          992M       914M        77M       324K       232K       1.9M
-/+ buffers/cache:       912M        79M
Swap:         8.0G       347M       7.7G

             total       used       free     shared    buffers     cached
Mem:          992M       919M        73M       324K       232K       2.0M
-/+ buffers/cache:       916M        75M
Swap:         8.0G       347M       7.7G

             total       used       free     shared    buffers     cached
Mem:          992M       923M        68M       324K       232K       2.0M
-/+ buffers/cache:       921M        71M
Swap:         8.0G       347M       7.7G

             total       used       free     shared    buffers     cached
Mem:          992M       912M        79M       324K       232K       2.0M
-/+ buffers/cache:       910M        81M
Swap:         8.0G       348M       7.7G

             total       used       free     shared    buffers     cached
Mem:          992M       915M        76M       324K       232K       1.9M
-/+ buffers/cache:       913M        78M
Swap:         8.0G       348M       7.7G

             total       used       free     shared    buffers     cached
Mem:          992M       919M        72M       324K       240K       1.9M
-/+ buffers/cache:       917M        74M
Swap:         8.0G       348M       7.7G

             total       used       free     shared    buffers     cached
Mem:          992M       916M        75M        12K       200K       1.5M
-/+ buffers/cache:       914M        77M
Swap:         8.0G       355M       7.7G

             total       used       free     shared    buffers     cached
Mem:          992M       914M        77M         4K        84K       1.6M
-/+ buffers/cache:       913M        79M
Swap:         8.0G       344M       7.7G

             total       used       free     shared    buffers     cached
Mem:          992M       917M        74M         4K        84K       1.4M
-/+ buffers/cache:       915M        76M
Swap:         8.0G       335M       7.7G

             total       used       free     shared    buffers     cached
Mem:          992M       914M        78M         0B        84K       1.3M
-/+ buffers/cache:       912M        79M
Swap:         8.0G       338M       7.7G

             total       used       free     shared    buffers     cached
Mem:          992M       921M        70M         0B        84K       1.3M
-/+ buffers/cache:       920M        71M
Swap:         8.0G       333M       7.7G

             total       used       free     shared    buffers     cached
Mem:          992M       924M        67M         0B        92K       1.3M
-/+ buffers/cache:       922M        69M
Swap:         8.0G       330M       7.7G

             total       used       free     shared    buffers     cached
Mem:          992M       911M        80M         0B        92K       1.3M
-/+ buffers/cache:       910M        82M
Swap:         8.0G       344M       7.7G

             total       used       free     shared    buffers     cached
Mem:          992M       916M        75M         0B        92K       1.3M
-/+ buffers/cache:       915M        76M
Swap:         8.0G       336M       7.7G

             total       used       free     shared    buffers     cached
Mem:          992M       916M        75M         0B       104K       1.3M
-/+ buffers/cache:       915M        76M
Swap:         8.0G       334M       7.7G

             total       used       free     shared    buffers     cached
Mem:          992M       915M        76M         0B        96K       1.2M
-/+ buffers/cache:       914M        77M
Swap:         8.0G       336M       7.7G

             total       used       free     shared    buffers     cached
Mem:          992M       919M        72M         0B       104K       1.2M
-/+ buffers/cache:       918M        73M
Swap:         8.0G       336M       7.7G

             total       used       free     shared    buffers     cached
Mem:          992M       916M        76M         0B       104K       1.2M
-/+ buffers/cache:       914M        77M
Swap:         8.0G       337M       7.7G

             total       used       free     shared    buffers     cached
Mem:          992M       916M        75M         0B        96K       1.2M
-/+ buffers/cache:       915M        76M
Swap:         8.0G       341M       7.7G

             total       used       free     shared    buffers     cached
Mem:          992M       912M        79M         0B        80K       1.6M
-/+ buffers/cache:       911M        80M
Swap:         8.0G       351M       7.7G

             total       used       free     shared    buffers     cached
Mem:          992M       917M        74M         0B        80K       1.6M
-/+ buffers/cache:       915M        76M
Swap:         8.0G       349M       7.7G

             total       used       free     shared    buffers     cached
Mem:          992M       923M        68M         0B        88K       1.6M
-/+ buffers/cache:       921M        70M
Swap:         8.0G       348M       7.7G

             total       used       free     shared    buffers     cached
Mem:          992M       910M        82M         0B        80K       1.6M
-/+ buffers/cache:       908M        83M
Swap:         8.0G       365M       7.6G

             total       used       free     shared    buffers     cached
Mem:          992M       915M        76M         0B        80K       1.6M
-/+ buffers/cache:       913M        78M
Swap:         8.0G       365M       7.6G

             total       used       free     shared    buffers     cached
Mem:          992M       920M        71M         0B        80K       1.6M
-/+ buffers/cache:       919M        72M
Swap:         8.0G       365M       7.6G

             total       used       free     shared    buffers     cached
Mem:          992M       913M        78M         0B        80K       1.6M
-/+ buffers/cache:       912M        80M
Swap:         8.0G       375M       7.6G

             total       used       free     shared    buffers     cached
Mem:          992M       919M        73M         0B        80K       1.6M
-/+ buffers/cache:       917M        74M
Swap:         8.0G       375M       7.6G

             total       used       free     shared    buffers     cached
Mem:          992M       924M        67M         0B        88K       1.6M
-/+ buffers/cache:       922M        69M
Swap:         8.0G       375M       7.6G

             total       used       free     shared    buffers     cached
Mem:          992M       906M        86M         0B        88K       1.6M
-/+ buffers/cache:       904M        87M
Swap:         8.0G       405M       7.6G

             total       used       free     shared    buffers     cached
Mem:          992M       908M        83M         0B        88K       1.6M
-/+ buffers/cache:       906M        85M
Swap:         8.0G       404M       7.6G

             total       used       free     shared    buffers     cached
Mem:          992M       910M        82M         0B        88K       1.6M
-/+ buffers/cache:       908M        83M
Swap:         8.0G       403M       7.6G

             total       used       free     shared    buffers     cached
Mem:          992M       912M        79M         0B        88K       1.6M
-/+ buffers/cache:       910M        81M
Swap:         8.0G       403M       7.6G

             total       used       free     shared    buffers     cached
Mem:          992M       915M        77M         0B       228K       2.5M
-/+ buffers/cache:       912M        79M
Swap:         8.0G       402M       7.6G

             total       used       free     shared    buffers     cached
Mem:          992M       916M        75M         0B       228K       2.5M
-/+ buffers/cache:       914M        78M
Swap:         8.0G       401M       7.6G

             total       used       free     shared    buffers     cached
Mem:          992M       919M        73M         0B       228K       2.6M
-/+ buffers/cache:       916M        75M
Swap:         8.0G       400M       7.6G

             total       used       free     shared    buffers     cached
Mem:          992M       921M        71M         0B       228K       2.6M
-/+ buffers/cache:       918M        73M
Swap:         8.0G       399M       7.6G

             total       used       free     shared    buffers     cached
Mem:          992M       923M        69M         0B       228K       2.6M
-/+ buffers/cache:       920M        71M
Swap:         8.0G       398M       7.6G

             total       used       free     shared    buffers     cached
Mem:          992M       925M        66M         0B       236K       2.7M
-/+ buffers/cache:       922M        69M
Swap:         8.0G       397M       7.6G

             total       used       free     shared    buffers     cached
Mem:          992M       915M        76M         0B       236K       2.6M
-/+ buffers/cache:       912M        79M
Swap:         8.0G       397M       7.6G

             total       used       free     shared    buffers     cached
Mem:          992M       916M        75M         0B       236K       2.6M
-/+ buffers/cache:       914M        78M
Swap:         8.0G       396M       7.6G

             total       used       free     shared    buffers     cached
Mem:          992M       911M        80M         0B        80K        20M
-/+ buffers/cache:       890M       101M
Swap:         8.0G       431M       7.6G

             total       used       free     shared    buffers     cached
Mem:          992M       913M        79M         0B        88K        20M
-/+ buffers/cache:       892M        99M
Swap:         8.0G       431M       7.6G

             total       used       free     shared    buffers     cached
Mem:          992M       916M        75M         0B       784K        21M
-/+ buffers/cache:       894M        97M
Swap:         8.0G       430M       7.6G

             total       used       free     shared    buffers     cached
Mem:          992M       917M        74M         0B       792K        21M
-/+ buffers/cache:       895M        96M
Swap:         8.0G       429M       7.6G

             total       used       free     shared    buffers     cached
Mem:          992M       919M        72M         0B       792K        21M
-/+ buffers/cache:       897M        94M
Swap:         8.0G       429M       7.6G

             total       used       free     shared    buffers     cached
Mem:          992M       921M        71M         0B       792K        21M
-/+ buffers/cache:       899M        92M
Swap:         8.0G       428M       7.6G

             total       used       free     shared    buffers     cached
Mem:          992M       923M        68M         0B       792K        21M
-/+ buffers/cache:       901M        90M
Swap:         8.0G       427M       7.6G

             total       used       free     shared    buffers     cached
Mem:          992M       924M        67M         0B       792K        21M
-/+ buffers/cache:       902M        89M
Swap:         8.0G       426M       7.6G

             total       used       free     shared    buffers     cached
Mem:          992M       914M        77M         0B       800K        20M
-/+ buffers/cache:       892M        99M
Swap:         8.0G       436M       7.6G

             total       used       free     shared    buffers     cached
Mem:          992M       916M        75M         0B       800K        20M
-/+ buffers/cache:       894M        97M
Swap:         8.0G       435M       7.6G

             total       used       free     shared    buffers     cached
Mem:          992M       918M        73M         0B       800K        20M
-/+ buffers/cache:       896M        95M
Swap:         8.0G       434M       7.6G

             total       used       free     shared    buffers     cached
Mem:          992M       920M        72M         0B       800K        20M
-/+ buffers/cache:       898M        93M
Swap:         8.0G       434M       7.6G

             total       used       free     shared    buffers     cached
Mem:          992M       922M        70M         0B       800K        20M
-/+ buffers/cache:       900M        91M
Swap:         8.0G       433M       7.6G

             total       used       free     shared    buffers     cached
Mem:          992M       923M        68M         0B       808K        20M
-/+ buffers/cache:       902M        89M
Swap:         8.0G       432M       7.6G

             total       used       free     shared    buffers     cached
Mem:          992M       906M        85M         0B       808K        19M
-/+ buffers/cache:       885M       106M
Swap:         8.0G       451M       7.6G

             total       used       free     shared    buffers     cached
Mem:          992M       907M        84M         0B       808K        19M
-/+ buffers/cache:       887M       104M
Swap:         8.0G       450M       7.6G

             total       used       free     shared    buffers     cached
Mem:          992M       909M        82M         0B       808K        19M
-/+ buffers/cache:       889M       102M
Swap:         8.0G       449M       7.6G

             total       used       free     shared    buffers     cached
Mem:          992M       912M        79M         0B       808K        19M
-/+ buffers/cache:       891M       100M
Swap:         8.0G       448M       7.6G

             total       used       free     shared    buffers     cached
Mem:          992M       914M        78M         0B       808K        19M
-/+ buffers/cache:       893M        98M
Swap:         8.0G       448M       7.6G

             total       used       free     shared    buffers     cached
Mem:          992M       915M        76M         0B       816K        19M
-/+ buffers/cache:       895M        96M
Swap:         8.0G       447M       7.6G

             total       used       free     shared    buffers     cached
Mem:          992M       917M        74M         0B       816K        19M
-/+ buffers/cache:       897M        95M
Swap:         8.0G       446M       7.6G

             total       used       free     shared    buffers     cached
Mem:          992M       919M        72M         0B       816K        19M
-/+ buffers/cache:       898M        93M
Swap:         8.0G       445M       7.6G

             total       used       free     shared    buffers     cached
Mem:          992M       921M        70M         0B       816K        19M
-/+ buffers/cache:       900M        91M
Swap:         8.0G       444M       7.6G

             total       used       free     shared    buffers     cached
Mem:          992M       923M        68M         0B       816K        19M
-/+ buffers/cache:       902M        89M
Swap:         8.0G       443M       7.6G

             total       used       free     shared    buffers     cached
Mem:          992M       908M        83M         0B       824K        19M
-/+ buffers/cache:       888M       103M
Swap:         8.0G       452M       7.6G

             total       used       free     shared    buffers     cached
Mem:          992M       910M        81M         0B       824K        19M
-/+ buffers/cache:       890M       101M
Swap:         8.0G       451M       7.6G

             total       used       free     shared    buffers     cached
Mem:          992M       912M        79M         0B       824K        19M
-/+ buffers/cache:       892M       100M
Swap:         8.0G       450M       7.6G

             total       used       free     shared    buffers     cached
Mem:          992M       914M        78M         0B       824K        19M
-/+ buffers/cache:       893M        98M
Swap:         8.0G       450M       7.6G

             total       used       free     shared    buffers     cached
Mem:          992M       915M        76M         0B       824K        19M
-/+ buffers/cache:       895M        96M
Swap:         8.0G       449M       7.6G

             total       used       free     shared    buffers     cached
Mem:          992M       917M        74M         0B       832K        19M
-/+ buffers/cache:       897M        94M
Swap:         8.0G       448M       7.6G

             total       used       free     shared    buffers     cached
Mem:          992M       919M        72M         0B       832K        19M
-/+ buffers/cache:       899M        92M
Swap:         8.0G       447M       7.6G

             total       used       free     shared    buffers     cached
Mem:          992M       921M        70M         0B       832K        19M
-/+ buffers/cache:       901M        90M
Swap:         8.0G       446M       7.6G

             total       used       free     shared    buffers     cached
Mem:          992M       923M        68M         0B       832K        19M
-/+ buffers/cache:       903M        89M
Swap:         8.0G       445M       7.6G

             total       used       free     shared    buffers     cached
Mem:          992M       925M        67M         0B       832K        19M
-/+ buffers/cache:       904M        87M
Swap:         8.0G       445M       7.6G

             total       used       free     shared    buffers     cached
Mem:          992M       914M        77M         0B       832K        18M
-/+ buffers/cache:       894M        97M
Swap:         8.0G       458M       7.5G

             total       used       free     shared    buffers     cached
Mem:          992M       916M        76M         0B       840K        18M
-/+ buffers/cache:       896M        95M
Swap:         8.0G       457M       7.6G

             total       used       free     shared    buffers     cached
Mem:          992M       917M        74M         0B       840K        18M
-/+ buffers/cache:       898M        93M
Swap:         8.0G       456M       7.6G

             total       used       free     shared    buffers     cached
Mem:          992M       919M        72M         0B       840K        18M
-/+ buffers/cache:       900M        92M
Swap:         8.0G       456M       7.6G

             total       used       free     shared    buffers     cached
Mem:          992M       920M        71M         0B       840K        18M
-/+ buffers/cache:       901M        91M
Swap:         8.0G       455M       7.6G

             total       used       free     shared    buffers     cached
Mem:          992M       920M        71M         0B       840K        18M
-/+ buffers/cache:       901M        91M
Swap:         8.0G       455M       7.6G

             total       used       free     shared    buffers     cached
Mem:          992M       921M        70M        40K       984K        29M
-/+ buffers/cache:       891M       100M
Swap:         8.0G       466M       7.5G

             total       used       free     shared    buffers     cached
Mem:          992M       922M        69M        40K       984K        29M
-/+ buffers/cache:       891M       100M
Swap:         8.0G       465M       7.5G

             total       used       free     shared    buffers     cached
Mem:          992M       923M        68M        40K       984K        29M
-/+ buffers/cache:       893M        99M
Swap:         8.0G       465M       7.5G

             total       used       free     shared    buffers     cached
Mem:          992M       924M        67M        40K       984K        29M
-/+ buffers/cache:       894M        97M
Swap:         8.0G       465M       7.5G

             total       used       free     shared    buffers     cached
Mem:          992M       913M        78M        40K       292K        26M
-/+ buffers/cache:       886M       106M
Swap:         8.0G       482M       7.5G

             total       used       free     shared    buffers     cached
Mem:          992M       915M        76M        40K       588K        27M
-/+ buffers/cache:       887M       104M
Swap:         8.0G       481M       7.5G

             total       used       free     shared    buffers     cached
Mem:          992M       917M        75M        40K       588K        27M
-/+ buffers/cache:       889M       103M
Swap:         8.0G       480M       7.5G

             total       used       free     shared    buffers     cached
Mem:          992M       918M        73M        40K       588K        27M
-/+ buffers/cache:       890M       101M
Swap:         8.0G       480M       7.5G

             total       used       free     shared    buffers     cached
Mem:          992M       920M        72M        40K       716K        27M
-/+ buffers/cache:       891M       100M
Swap:         8.0G       479M       7.5G

             total       used       free     shared    buffers     cached
Mem:          992M       921M        70M        40K       716K        27M
-/+ buffers/cache:       893M        98M
Swap:         8.0G       478M       7.5G

             total       used       free     shared    buffers     cached
Mem:          992M       924M        67M        40K       724K        28M
-/+ buffers/cache:       895M        96M
Swap:         8.0G       477M       7.5G

             total       used       free     shared    buffers     cached
Mem:          992M       925M        66M        40K       724K        28M
-/+ buffers/cache:       896M        96M
Swap:         8.0G       477M       7.5G

             total       used       free     shared    buffers     cached
Mem:          992M       914M        78M        40K       724K        27M
-/+ buffers/cache:       885M       106M
Swap:         8.0G       478M       7.5G

             total       used       free     shared    buffers     cached
Mem:          992M       915M        76M        40K       724K        27M
-/+ buffers/cache:       887M       105M
Swap:         8.0G       477M       7.5G

             total       used       free     shared    buffers     cached
Mem:          992M       917M        75M        40K       724K        27M
-/+ buffers/cache:       888M       103M
Swap:         8.0G       477M       7.5G

             total       used       free     shared    buffers     cached
Mem:          992M       918M        73M        40K       724K        27M
-/+ buffers/cache:       889M       102M
Swap:         8.0G       476M       7.5G

             total       used       free     shared    buffers     cached
Mem:          992M       905M        87M        40K       732K        32M
-/+ buffers/cache:       871M       120M
Swap:         8.0G       503M       7.5G

             total       used       free     shared    buffers     cached
Mem:          992M       906M        85M        40K       1.0M        32M
-/+ buffers/cache:       872M       119M
Swap:         8.0G       503M       7.5G

             total       used       free     shared    buffers     cached
Mem:          992M       907M        84M        40K       1.0M        32M
-/+ buffers/cache:       874M       117M
Swap:         8.0G       502M       7.5G

             total       used       free     shared    buffers     cached
Mem:          992M       909M        83M        40K       1.0M        32M
-/+ buffers/cache:       875M       116M
Swap:         8.0G       502M       7.5G

             total       used       free     shared    buffers     cached
Mem:          992M       910M        81M        40K       1.0M        32M
-/+ buffers/cache:       876M       115M
Swap:         8.0G       501M       7.5G

             total       used       free     shared    buffers     cached
Mem:          992M       911M        81M        40K       1.0M        32M
-/+ buffers/cache:       877M       114M
Swap:         8.0G       501M       7.5G

             total       used       free     shared    buffers     cached
Mem:          992M       912M        79M        40K       1.0M        32M
-/+ buffers/cache:       878M       113M
Swap:         8.0G       500M       7.5G

             total       used       free     shared    buffers     cached
Mem:          992M       913M        78M        40K       1.0M        32M
-/+ buffers/cache:       880M       112M
Swap:         8.0G       500M       7.5G

             total       used       free     shared    buffers     cached
Mem:          992M       914M        77M        40K       1.0M        32M
-/+ buffers/cache:       881M       110M
Swap:         8.0G       499M       7.5G

             total       used       free     shared    buffers     cached
Mem:          992M       916M        76M        40K       1.0M        32M
-/+ buffers/cache:       882M       109M
Swap:         8.0G       498M       7.5G

             total       used       free     shared    buffers     cached
Mem:          992M       917M        74M        40K       1.0M        32M
-/+ buffers/cache:       883M       108M
Swap:         8.0G       498M       7.5G

             total       used       free     shared    buffers     cached
Mem:          992M       918M        73M        40K       1.0M        32M
-/+ buffers/cache:       884M       107M
Swap:         8.0G       497M       7.5G

             total       used       free     shared    buffers     cached
Mem:          992M       919M        72M        40K       1.0M        32M
-/+ buffers/cache:       885M       106M
Swap:         8.0G       497M       7.5G

             total       used       free     shared    buffers     cached
Mem:          992M       921M        71M        40K       1.0M        32M
-/+ buffers/cache:       887M       104M
Swap:         8.0G       496M       7.5G

             total       used       free     shared    buffers     cached
Mem:          992M       922M        70M        40K       1.0M        32M
-/+ buffers/cache:       888M       103M
Swap:         8.0G       495M       7.5G

             total       used       free     shared    buffers     cached
Mem:          992M       923M        68M        40K       1.0M        32M
-/+ buffers/cache:       889M       102M
Swap:         8.0G       495M       7.5G

             total       used       free     shared    buffers     cached
Mem:          992M       924M        67M        40K       1.0M        32M
-/+ buffers/cache:       890M       101M
Swap:         8.0G       494M       7.5G

             total       used       free     shared    buffers     cached
Mem:          992M       912M        79M        40K       1.0M        32M
-/+ buffers/cache:       879M       113M
Swap:         8.0G       494M       7.5G

             total       used       free     shared    buffers     cached
Mem:          992M       913M        78M        40K       1.0M        32M
-/+ buffers/cache:       880M       111M
Swap:         8.0G       494M       7.5G

             total       used       free     shared    buffers     cached
Mem:          992M       914M        77M        40K       1.0M        32M
-/+ buffers/cache:       881M       110M
Swap:         8.0G       493M       7.5G

             total       used       free     shared    buffers     cached
Mem:          992M       916M        76M        40K       1.0M        32M
-/+ buffers/cache:       882M       109M
Swap:         8.0G       492M       7.5G

             total       used       free     shared    buffers     cached
Mem:          992M       917M        74M        40K       1.0M        32M
-/+ buffers/cache:       884M       107M
Swap:         8.0G       492M       7.5G

             total       used       free     shared    buffers     cached
Mem:          992M       918M        73M        40K       1.1M        32M
-/+ buffers/cache:       885M       106M
Swap:         8.0G       491M       7.5G

             total       used       free     shared    buffers     cached
Mem:          992M       920M        71M        40K       1.1M        32M
-/+ buffers/cache:       887M       105M
Swap:         8.0G       491M       7.5G

             total       used       free     shared    buffers     cached
Mem:          992M       921M        70M        40K       1.1M        32M
-/+ buffers/cache:       888M       103M
Swap:         8.0G       490M       7.5G

             total       used       free     shared    buffers     cached
Mem:          992M       923M        69M        40K       1.1M        32M
-/+ buffers/cache:       889M       102M
Swap:         8.0G       489M       7.5G

             total       used       free     shared    buffers     cached
Mem:          992M       924M        67M        40K       1.1M        32M
-/+ buffers/cache:       891M       100M
Swap:         8.0G       489M       7.5G

             total       used       free     shared    buffers     cached
Mem:          992M       900M        91M        40K       1.1M        30M
-/+ buffers/cache:       868M       123M
Swap:         8.0G       522M       7.5G

             total       used       free     shared    buffers     cached
Mem:          992M       901M        90M        40K       1.1M        30M
-/+ buffers/cache:       870M       121M
Swap:         8.0G       521M       7.5G

             total       used       free     shared    buffers     cached
Mem:          992M       903M        88M        40K       1.1M        30M
-/+ buffers/cache:       871M       120M
Swap:         8.0G       521M       7.5G

             total       used       free     shared    buffers     cached
Mem:          992M       904M        87M        40K       1.1M        30M
-/+ buffers/cache:       873M       119M
Swap:         8.0G       520M       7.5G

             total       used       free     shared    buffers     cached
Mem:          992M       906M        86M        40K       1.1M        30M
-/+ buffers/cache:       874M       117M
Swap:         8.0G       519M       7.5G

             total       used       free     shared    buffers     cached
Mem:          992M       907M        84M        40K       1.1M        30M
-/+ buffers/cache:       875M       116M
Swap:         8.0G       519M       7.5G

             total       used       free     shared    buffers     cached
Mem:          992M       908M        83M        40K       1.1M        30M
-/+ buffers/cache:       876M       115M
Swap:         8.0G       518M       7.5G

             total       used       free     shared    buffers     cached
Mem:          992M       909M        82M        40K       1.1M        30M
-/+ buffers/cache:       877M       114M
Swap:         8.0G       518M       7.5G

             total       used       free     shared    buffers     cached
Mem:          992M       910M        81M        40K       1.1M        30M
-/+ buffers/cache:       879M       113M
Swap:         8.0G       517M       7.5G

             total       used       free     shared    buffers     cached
Mem:          992M       912M        80M        40K       1.1M        30M
-/+ buffers/cache:       880M       111M
Swap:         8.0G       516M       7.5G

             total       used       free     shared    buffers     cached
Mem:          992M       913M        78M        40K       1.1M        30M
-/+ buffers/cache:       882M       110M
Swap:         8.0G       516M       7.5G

             total       used       free     shared    buffers     cached
Mem:          992M       914M        77M        40K       1.1M        30M
-/+ buffers/cache:       883M       108M
Swap:         8.0G       515M       7.5G

             total       used       free     shared    buffers     cached
Mem:          992M       916M        75M        40K       1.1M        30M
-/+ buffers/cache:       884M       107M
Swap:         8.0G       514M       7.5G

             total       used       free     shared    buffers     cached
Mem:          992M       917M        74M        40K       1.1M        30M
-/+ buffers/cache:       885M       106M
Swap:         8.0G       514M       7.5G

             total       used       free     shared    buffers     cached
Mem:          992M       918M        73M        40K       1.1M        30M
-/+ buffers/cache:       887M       104M
Swap:         8.0G       513M       7.5G

             total       used       free     shared    buffers     cached
Mem:          992M       920M        71M        40K       1.1M        30M
-/+ buffers/cache:       888M       103M
Swap:         8.0G       512M       7.5G

             total       used       free     shared    buffers     cached
Mem:          992M       921M        70M        40K       1.1M        30M
-/+ buffers/cache:       889M       102M
Swap:         8.0G       512M       7.5G

             total       used       free     shared    buffers     cached
Mem:          992M       922M        69M        40K       1.1M        30M
-/+ buffers/cache:       891M       100M
Swap:         8.0G       511M       7.5G

             total       used       free     shared    buffers     cached
Mem:          992M       924M        67M        40K       1.1M        30M
-/+ buffers/cache:       892M        99M
Swap:         8.0G       510M       7.5G

             total       used       free     shared    buffers     cached
Mem:          992M       913M        78M        40K       1.1M        29M
-/+ buffers/cache:       882M       109M
Swap:         8.0G       514M       7.5G

             total       used       free     shared    buffers     cached
Mem:          992M       914M        77M        40K       1.1M        29M
-/+ buffers/cache:       883M       108M
Swap:         8.0G       513M       7.5G

             total       used       free     shared    buffers     cached
Mem:          992M       916M        75M        40K       1.1M        30M
-/+ buffers/cache:       885M       106M
Swap:         8.0G       513M       7.5G

             total       used       free     shared    buffers     cached
Mem:          992M       917M        74M        40K       1.1M        30M
-/+ buffers/cache:       886M       105M
Swap:         8.0G       512M       7.5G

             total       used       free     shared    buffers     cached
Mem:          992M       919M        72M        40K       1.1M        30M
-/+ buffers/cache:       888M       104M
Swap:         8.0G       511M       7.5G

             total       used       free     shared    buffers     cached
Mem:          992M       921M        70M        44K       1.2M        31M
-/+ buffers/cache:       889M       102M
Swap:         8.0G       510M       7.5G

             total       used       free     shared    buffers     cached
Mem:          992M       923M        68M        44K       1.2M        31M
-/+ buffers/cache:       891M       101M
Swap:         8.0G       510M       7.5G

             total       used       free     shared    buffers     cached
Mem:          992M       912M        80M        44K       1.2M        29M
-/+ buffers/cache:       881M       111M
Swap:         8.0G       519M       7.5G

             total       used       free     shared    buffers     cached
Mem:          992M       913M        78M        44K       1.2M        29M
-/+ buffers/cache:       882M       109M
Swap:         8.0G       518M       7.5G

             total       used       free     shared    buffers     cached
Mem:          992M       920M        71M        44K       1.2M        31M
-/+ buffers/cache:       887M       104M
Swap:         8.0G       515M       7.5G

             total       used       free     shared    buffers     cached
Mem:          992M       921M        70M        44K       1.2M        31M
-/+ buffers/cache:       888M       103M
Swap:         8.0G       515M       7.5G

             total       used       free     shared    buffers     cached
Mem:          992M       922M        69M        44K       1.2M        31M
-/+ buffers/cache:       889M       102M
Swap:         8.0G       514M       7.5G

             total       used       free     shared    buffers     cached
Mem:          992M       923M        69M        44K       1.2M        31M
-/+ buffers/cache:       889M       102M
Swap:         8.0G       514M       7.5G

             total       used       free     shared    buffers     cached
Mem:          992M       924M        68M        44K       1.2M        31M
-/+ buffers/cache:       890M       101M
Swap:         8.0G       514M       7.5G

             total       used       free     shared    buffers     cached
Mem:          992M       924M        67M        44K       1.2M        31M
-/+ buffers/cache:       891M       100M
Swap:         8.0G       513M       7.5G

             total       used       free     shared    buffers     cached
Mem:          992M       905M        86M        44K       1.0M        28M
-/+ buffers/cache:       876M       115M
Swap:         8.0G       532M       7.5G

             total       used       free     shared    buffers     cached
Mem:          992M       905M        86M        44K       1.0M        28M
-/+ buffers/cache:       876M       115M
Swap:         8.0G       531M       7.5G

             total       used       free     shared    buffers     cached
Mem:          992M       906M        85M        44K       1.0M        28M
-/+ buffers/cache:       877M       114M
Swap:         8.0G       531M       7.5G

             total       used       free     shared    buffers     cached
Mem:          992M       907M        84M        44K       1.0M        28M
-/+ buffers/cache:       878M       114M
Swap:         8.0G       531M       7.5G

             total       used       free     shared    buffers     cached
Mem:          992M       917M        74M       220K       1.0M        33M
-/+ buffers/cache:       883M       108M
Swap:         8.0G       527M       7.5G

             total       used       free     shared    buffers     cached
Mem:          992M       912M        79M       3.9M       3.2M        50M
-/+ buffers/cache:       859M       133M
Swap:         8.0G       565M       7.4G

             total       used       free     shared    buffers     cached
Mem:          992M       910M        81M       3.9M       4.4M        63M
-/+ buffers/cache:       842M       149M
Swap:         8.0G       573M       7.4G

             total       used       free     shared    buffers     cached
Mem:          992M       919M        72M       244K       4.6M        63M
-/+ buffers/cache:       851M       140M
Swap:         8.0G       570M       7.4G

             total       used       free     shared    buffers     cached
Mem:          992M       921M        71M       244K       4.6M        63M
-/+ buffers/cache:       852M       139M
Swap:         8.0G       569M       7.4G

             total       used       free     shared    buffers     cached
Mem:          992M       922M        69M       244K       4.6M        63M
-/+ buffers/cache:       854M       137M
Swap:         8.0G       568M       7.4G

             total       used       free     shared    buffers     cached
Mem:          992M       923M        69M       244K       4.6M        63M
-/+ buffers/cache:       854M       137M
Swap:         8.0G       568M       7.4G

             total       used       free     shared    buffers     cached
Mem:          992M       924M        67M       244K       4.6M        63M
-/+ buffers/cache:       856M       135M
Swap:         8.0G       567M       7.4G

             total       used       free     shared    buffers     cached
Mem:          992M       906M        86M       244K       4.0M        61M
-/+ buffers/cache:       840M       151M
Swap:         8.0G       585M       7.4G

             total       used       free     shared    buffers     cached
Mem:          992M       907M        84M       244K       4.0M        61M
-/+ buffers/cache:       842M       149M
Swap:         8.0G       584M       7.4G

             total       used       free     shared    buffers     cached
Mem:          992M       908M        83M       244K       4.0M        61M
-/+ buffers/cache:       843M       148M
Swap:         8.0G       583M       7.4G

             total       used       free     shared    buffers     cached
Mem:          992M       910M        81M       244K       4.0M        61M
-/+ buffers/cache:       844M       147M
Swap:         8.0G       583M       7.4G

             total       used       free     shared    buffers     cached
Mem:          992M       911M        80M       244K       4.0M        61M
-/+ buffers/cache:       846M       145M
Swap:         8.0G       582M       7.4G

             total       used       free     shared    buffers     cached
Mem:          992M       913M        79M       244K       4.0M        61M
-/+ buffers/cache:       847M       144M
Swap:         8.0G       581M       7.4G

             total       used       free     shared    buffers     cached
Mem:          992M       914M        77M       244K       4.0M        61M
-/+ buffers/cache:       849M       143M
Swap:         8.0G       580M       7.4G

             total       used       free     shared    buffers     cached
Mem:          992M       915M        76M       244K       4.0M        61M
-/+ buffers/cache:       850M       141M
Swap:         8.0G       580M       7.4G

             total       used       free     shared    buffers     cached
Mem:          992M       917M        74M       244K       4.0M        61M
-/+ buffers/cache:       851M       140M
Swap:         8.0G       579M       7.4G

             total       used       free     shared    buffers     cached
Mem:          992M       918M        73M       244K       4.0M        61M
-/+ buffers/cache:       853M       139M
Swap:         8.0G       578M       7.4G

             total       used       free     shared    buffers     cached
Mem:          992M       920M        71M       244K       4.0M        61M
-/+ buffers/cache:       854M       137M
Swap:         8.0G       578M       7.4G

             total       used       free     shared    buffers     cached
Mem:          992M       921M        70M       244K       4.1M        61M
-/+ buffers/cache:       855M       136M
Swap:         8.0G       577M       7.4G

             total       used       free     shared    buffers     cached
Mem:          992M       922M        69M       244K       4.1M        61M
-/+ buffers/cache:       857M       135M
Swap:         8.0G       576M       7.4G

             total       used       free     shared    buffers     cached
Mem:          992M       924M        68M       244K       4.1M        61M
-/+ buffers/cache:       858M       133M
Swap:         8.0G       575M       7.4G

             total       used       free     shared    buffers     cached
Mem:          992M       910M        81M       244K       4.0M        60M
-/+ buffers/cache:       846M       145M
Swap:         8.0G       578M       7.4G

             total       used       free     shared    buffers     cached
Mem:          992M       912M        80M       244K       4.0M        60M
-/+ buffers/cache:       847M       144M
Swap:         8.0G       578M       7.4G

             total       used       free     shared    buffers     cached
Mem:          992M       913M        78M       244K       4.0M        60M
-/+ buffers/cache:       849M       143M
Swap:         8.0G       577M       7.4G

             total       used       free     shared    buffers     cached
Mem:          992M       914M        77M       244K       4.0M        60M
-/+ buffers/cache:       850M       141M
Swap:         8.0G       576M       7.4G

             total       used       free     shared    buffers     cached
Mem:          992M       915M        76M       244K       4.0M        60M
-/+ buffers/cache:       851M       140M
Swap:         8.0G       576M       7.4G

             total       used       free     shared    buffers     cached
Mem:          992M       916M        75M       244K       4.0M        60M
-/+ buffers/cache:       852M       139M
Swap:         8.0G       575M       7.4G

             total       used       free     shared    buffers     cached
Mem:          992M       918M        74M       244K       4.0M        60M
-/+ buffers/cache:       853M       138M
Swap:         8.0G       574M       7.4G

             total       used       free     shared    buffers     cached
Mem:          992M       919M        72M       244K       4.0M        60M
-/+ buffers/cache:       855M       136M
Swap:         8.0G       573M       7.4G

             total       used       free     shared    buffers     cached
Mem:          992M       920M        71M       244K       4.0M        60M
-/+ buffers/cache:       856M       135M
Swap:         8.0G       573M       7.4G

             total       used       free     shared    buffers     cached
Mem:          992M       922M        70M       244K       4.0M        60M
-/+ buffers/cache:       858M       134M
Swap:         8.0G       572M       7.4G

             total       used       free     shared    buffers     cached
Mem:          992M       923M        68M       244K       4.0M        60M
-/+ buffers/cache:       859M       132M
Swap:         8.0G       571M       7.4G

             total       used       free     shared    buffers     cached
Mem:          992M       924M        67M       244K       4.0M        60M
-/+ buffers/cache:       860M       131M
Swap:         8.0G       571M       7.4G

             total       used       free     shared    buffers     cached
Mem:          992M       901M        90M       244K       3.9M        57M
-/+ buffers/cache:       840M       151M
Swap:         8.0G       591M       7.4G

             total       used       free     shared    buffers     cached
Mem:          992M       902M        89M       244K       3.9M        57M
-/+ buffers/cache:       841M       150M
Swap:         8.0G       591M       7.4G

             total       used       free     shared    buffers     cached
Mem:          992M       903M        88M       244K       3.9M        57M
-/+ buffers/cache:       842M       149M
Swap:         8.0G       590M       7.4G

             total       used       free     shared    buffers     cached
Mem:          992M       905M        87M       244K       3.9M        57M
-/+ buffers/cache:       843M       148M
Swap:         8.0G       589M       7.4G

             total       used       free     shared    buffers     cached
Mem:          992M       906M        85M       244K       3.9M        57M
-/+ buffers/cache:       845M       146M
Swap:         8.0G       589M       7.4G

             total       used       free     shared    buffers     cached
Mem:          992M       907M        84M       244K       3.9M        57M
-/+ buffers/cache:       846M       145M
Swap:         8.0G       588M       7.4G

             total       used       free     shared    buffers     cached
Mem:          992M       909M        82M       244K       3.9M        57M
-/+ buffers/cache:       848M       144M
Swap:         8.0G       588M       7.4G

             total       used       free     shared    buffers     cached
Mem:          992M       910M        81M       244K       3.9M        57M
-/+ buffers/cache:       849M       142M
Swap:         8.0G       587M       7.4G

             total       used       free     shared    buffers     cached
Mem:          992M       915M        76M       324K       7.5M        67M
-/+ buffers/cache:       839M       152M
Swap:         8.0G       608M       7.4G

             total       used       free     shared    buffers     cached
Mem:          992M       916M        75M       328K       8.2M        71M
-/+ buffers/cache:       837M       154M
Swap:         8.0G       608M       7.4G
