             total       used       free     shared    buffers     cached
Mem:          992M       670M       321M       3.3M        39M       288M
-/+ buffers/cache:       343M       648M
Swap:         8.0G         0B       8.0G

             total       used       free     shared    buffers     cached
Mem:          992M       671M       321M       3.4M        39M       288M
-/+ buffers/cache:       343M       648M
Swap:         8.0G         0B       8.0G

             total       used       free     shared    buffers     cached
Mem:          992M       671M       321M       3.3M        39M       288M
-/+ buffers/cache:       343M       648M
Swap:         8.0G         0B       8.0G

             total       used       free     shared    buffers     cached
Mem:          992M       671M       320M       3.3M        39M       288M
-/+ buffers/cache:       343M       648M
Swap:         8.0G         0B       8.0G

             total       used       free     shared    buffers     cached
Mem:          992M       667M       325M       3.3M        39M       291M
-/+ buffers/cache:       336M       655M
Swap:         8.0G         0B       8.0G

             total       used       free     shared    buffers     cached
Mem:          992M       667M       325M       3.3M        39M       291M
-/+ buffers/cache:       336M       655M
Swap:         8.0G         0B       8.0G

             total       used       free     shared    buffers     cached
Mem:          992M       667M       325M       3.3M        39M       291M
-/+ buffers/cache:       336M       655M
Swap:         8.0G         0B       8.0G

             total       used       free     shared    buffers     cached
Mem:          992M       667M       325M       3.3M        39M       291M
-/+ buffers/cache:       336M       655M
Swap:         8.0G         0B       8.0G

             total       used       free     shared    buffers     cached
Mem:          992M       667M       325M       3.3M        39M       291M
-/+ buffers/cache:       336M       655M
Swap:         8.0G         0B       8.0G

             total       used       free     shared    buffers     cached
Mem:          992M       667M       325M       3.3M        39M       291M
-/+ buffers/cache:       336M       655M
Swap:         8.0G         0B       8.0G

             total       used       free     shared    buffers     cached
Mem:          992M       667M       325M       3.3M        39M       291M
-/+ buffers/cache:       336M       655M
Swap:         8.0G         0B       8.0G

             total       used       free     shared    buffers     cached
Mem:          992M       668M       323M       3.3M        39M       291M
-/+ buffers/cache:       338M       653M
Swap:         8.0G         0B       8.0G

             total       used       free     shared    buffers     cached
Mem:          992M       669M       323M       3.4M        39M       291M
-/+ buffers/cache:       338M       654M
Swap:         8.0G         0B       8.0G

             total       used       free     shared    buffers     cached
Mem:          992M       668M       323M       3.4M        39M       291M
-/+ buffers/cache:       337M       654M
Swap:         8.0G         0B       8.0G

             total       used       free     shared    buffers     cached
Mem:          992M       668M       323M       3.4M        39M       291M
-/+ buffers/cache:       337M       654M
Swap:         8.0G         0B       8.0G

             total       used       free     shared    buffers     cached
Mem:          992M       668M       323M       3.4M        39M       291M
-/+ buffers/cache:       337M       654M
Swap:         8.0G         0B       8.0G

             total       used       free     shared    buffers     cached
Mem:          992M       668M       323M       3.4M        39M       291M
-/+ buffers/cache:       337M       654M
Swap:         8.0G         0B       8.0G

             total       used       free     shared    buffers     cached
Mem:          992M       668M       323M       3.4M        39M       291M
-/+ buffers/cache:       337M       654M
Swap:         8.0G         0B       8.0G

             total       used       free     shared    buffers     cached
Mem:          992M       672M       319M       3.4M        39M       291M
-/+ buffers/cache:       341M       650M
Swap:         8.0G         0B       8.0G

             total       used       free     shared    buffers     cached
Mem:          992M       689M       303M       3.4M        39M       291M
-/+ buffers/cache:       358M       634M
Swap:         8.0G         0B       8.0G

             total       used       free     shared    buffers     cached
Mem:          992M       691M       300M       3.4M        39M       292M
-/+ buffers/cache:       360M       631M
Swap:         8.0G         0B       8.0G

             total       used       free     shared    buffers     cached
Mem:          992M       710M       281M       3.4M        39M       292M
-/+ buffers/cache:       379M       612M
Swap:         8.0G         0B       8.0G

             total       used       free     shared    buffers     cached
Mem:          992M       674M       318M       3.4M        39M       292M
-/+ buffers/cache:       342M       649M
Swap:         8.0G         0B       8.0G

             total       used       free     shared    buffers     cached
Mem:          992M       675M       316M       3.4M        39M       292M
-/+ buffers/cache:       344M       648M
Swap:         8.0G         0B       8.0G

             total       used       free     shared    buffers     cached
Mem:          992M       678M       313M       3.4M        39M       292M
-/+ buffers/cache:       346M       645M
Swap:         8.0G         0B       8.0G

             total       used       free     shared    buffers     cached
Mem:          992M       677M       315M       3.4M        39M       292M
-/+ buffers/cache:       345M       647M
Swap:         8.0G         0B       8.0G

             total       used       free     shared    buffers     cached
Mem:          992M       677M       315M       3.4M        39M       292M
-/+ buffers/cache:       345M       647M
Swap:         8.0G         0B       8.0G

             total       used       free     shared    buffers     cached
Mem:          992M       677M       315M       3.4M        39M       292M
-/+ buffers/cache:       345M       647M
Swap:         8.0G         0B       8.0G

             total       used       free     shared    buffers     cached
Mem:          992M       677M       315M       3.4M        39M       292M
-/+ buffers/cache:       345M       647M
Swap:         8.0G         0B       8.0G

             total       used       free     shared    buffers     cached
Mem:          992M       677M       315M       3.4M        39M       292M
-/+ buffers/cache:       345M       647M
Swap:         8.0G         0B       8.0G

             total       used       free     shared    buffers     cached
Mem:          992M       677M       315M       3.4M        39M       292M
-/+ buffers/cache:       345M       647M
Swap:         8.0G         0B       8.0G

             total       used       free     shared    buffers     cached
Mem:          992M       677M       315M       3.4M        39M       292M
-/+ buffers/cache:       345M       647M
Swap:         8.0G         0B       8.0G

             total       used       free     shared    buffers     cached
Mem:          992M       677M       315M       3.4M        39M       292M
-/+ buffers/cache:       345M       647M
Swap:         8.0G         0B       8.0G

             total       used       free     shared    buffers     cached
Mem:          992M       677M       315M       3.4M        39M       292M
-/+ buffers/cache:       345M       647M
Swap:         8.0G         0B       8.0G

             total       used       free     shared    buffers     cached
Mem:          992M       686M       305M       3.4M        39M       292M
-/+ buffers/cache:       354M       637M
Swap:         8.0G         0B       8.0G

             total       used       free     shared    buffers     cached
Mem:          992M       699M       292M       3.4M        39M       292M
-/+ buffers/cache:       367M       624M
Swap:         8.0G         0B       8.0G

             total       used       free     shared    buffers     cached
Mem:          992M       712M       279M       3.4M        39M       292M
-/+ buffers/cache:       380M       611M
Swap:         8.0G         0B       8.0G

             total       used       free     shared    buffers     cached
Mem:          992M       722M       269M       3.4M        39M       292M
-/+ buffers/cache:       390M       601M
Swap:         8.0G         0B       8.0G

             total       used       free     shared    buffers     cached
Mem:          992M       735M       256M       3.4M        39M       292M
-/+ buffers/cache:       403M       588M
Swap:         8.0G         0B       8.0G

             total       used       free     shared    buffers     cached
Mem:          992M       749M       243M       3.4M        39M       292M
-/+ buffers/cache:       416M       575M
Swap:         8.0G         0B       8.0G

             total       used       free     shared    buffers     cached
Mem:          992M       760M       231M       3.4M        39M       292M
-/+ buffers/cache:       428M       563M
Swap:         8.0G         0B       8.0G

             total       used       free     shared    buffers     cached
Mem:          992M       772M       219M       3.4M        39M       292M
-/+ buffers/cache:       440M       551M
Swap:         8.0G         0B       8.0G

             total       used       free     shared    buffers     cached
Mem:          992M       784M       207M       3.4M        39M       292M
-/+ buffers/cache:       452M       539M
Swap:         8.0G         0B       8.0G

             total       used       free     shared    buffers     cached
Mem:          992M       795M       196M       3.4M        39M       292M
-/+ buffers/cache:       463M       528M
Swap:         8.0G         0B       8.0G

             total       used       free     shared    buffers     cached
Mem:          992M       806M       185M       3.4M        39M       292M
-/+ buffers/cache:       474M       517M
Swap:         8.0G         0B       8.0G

             total       used       free     shared    buffers     cached
Mem:          992M       817M       175M       3.4M        39M       292M
-/+ buffers/cache:       485M       507M
Swap:         8.0G         0B       8.0G

             total       used       free     shared    buffers     cached
Mem:          992M       829M       162M       3.4M        39M       292M
-/+ buffers/cache:       497M       494M
Swap:         8.0G         0B       8.0G

             total       used       free     shared    buffers     cached
Mem:          992M       841M       150M       3.4M        39M       292M
-/+ buffers/cache:       509M       482M
Swap:         8.0G         0B       8.0G

             total       used       free     shared    buffers     cached
Mem:          992M       854M       137M       3.4M        39M       292M
-/+ buffers/cache:       522M       469M
Swap:         8.0G         0B       8.0G

             total       used       free     shared    buffers     cached
Mem:          992M       867M       124M       3.4M        39M       292M
-/+ buffers/cache:       535M       456M
Swap:         8.0G         0B       8.0G

             total       used       free     shared    buffers     cached
Mem:          992M       880M       111M       3.4M        39M       292M
-/+ buffers/cache:       548M       443M
Swap:         8.0G         0B       8.0G

             total       used       free     shared    buffers     cached
Mem:          992M       892M        99M       3.4M        39M       292M
-/+ buffers/cache:       560M       431M
Swap:         8.0G         0B       8.0G

             total       used       free     shared    buffers     cached
Mem:          992M       903M        88M       3.4M        39M       292M
-/+ buffers/cache:       571M       421M
Swap:         8.0G         0B       8.0G

             total       used       free     shared    buffers     cached
Mem:          992M       912M        79M       3.4M        39M       292M
-/+ buffers/cache:       580M       411M
Swap:         8.0G         0B       8.0G

             total       used       free     shared    buffers     cached
Mem:          992M       918M        73M       3.4M        39M       292M
-/+ buffers/cache:       586M       405M
Swap:         8.0G         0B       8.0G

             total       used       free     shared    buffers     cached
Mem:          992M       930M        61M       3.4M        39M       292M
-/+ buffers/cache:       598M       393M
Swap:         8.0G         0B       8.0G

             total       used       free     shared    buffers     cached
Mem:          992M       918M        73M       3.4M        17M       291M
-/+ buffers/cache:       609M       383M
Swap:         8.0G         0B       8.0G

             total       used       free     shared    buffers     cached
Mem:          992M       930M        61M       3.4M        17M       291M
-/+ buffers/cache:       621M       371M
Swap:         8.0G         0B       8.0G

             total       used       free     shared    buffers     cached
Mem:          992M       926M        65M       3.4M        10M       282M
-/+ buffers/cache:       633M       358M
Swap:         8.0G         0B       8.0G

             total       used       free     shared    buffers     cached
Mem:          992M       921M        71M       3.4M       9.9M       266M
-/+ buffers/cache:       644M       347M
Swap:         8.0G        72K       8.0G

             total       used       free     shared    buffers     cached
Mem:          992M       926M        65M       3.3M       9.9M       260M
-/+ buffers/cache:       656M       335M
Swap:         8.0G       160K       8.0G

             total       used       free     shared    buffers     cached
Mem:          992M       924M        67M       3.3M       9.9M       248M
-/+ buffers/cache:       666M       325M
Swap:         8.0G       164K       8.0G

             total       used       free     shared    buffers     cached
Mem:          992M       918M        73M       3.2M       9.9M       235M
-/+ buffers/cache:       673M       318M
Swap:         8.0G       3.6M       8.0G

             total       used       free     shared    buffers     cached
Mem:          992M       927M        65M       3.2M       9.9M       235M
-/+ buffers/cache:       681M       310M
Swap:         8.0G       3.6M       8.0G

             total       used       free     shared    buffers     cached
Mem:          992M       906M        85M       3.1M       7.8M       209M
-/+ buffers/cache:       689M       303M
Swap:         8.0G       7.9M       8.0G

             total       used       free     shared    buffers     cached
Mem:          992M       918M        73M       3.1M       7.8M       209M
-/+ buffers/cache:       701M       291M
Swap:         8.0G       7.9M       8.0G

             total       used       free     shared    buffers     cached
Mem:          992M       929M        62M       3.1M       7.8M       209M
-/+ buffers/cache:       712M       280M
Swap:         8.0G       7.9M       8.0G

             total       used       free     shared    buffers     cached
Mem:          992M       924M        67M       3.1M       2.4M       202M
-/+ buffers/cache:       720M       272M
Swap:         8.0G       7.9M       8.0G

             total       used       free     shared    buffers     cached
Mem:          992M       927M        64M       3.1M       2.4M       202M
-/+ buffers/cache:       723M       269M
Swap:         8.0G       7.9M       8.0G

             total       used       free     shared    buffers     cached
Mem:          992M       921M        71M       3.1M       1.4M       190M
-/+ buffers/cache:       728M       263M
Swap:         8.0G       7.9M       8.0G

             total       used       free     shared    buffers     cached
Mem:          992M       931M        60M       3.1M       1.4M       190M
-/+ buffers/cache:       738M       253M
Swap:         8.0G       7.9M       8.0G

             total       used       free     shared    buffers     cached
Mem:          992M       926M        65M       3.1M       400K       179M
-/+ buffers/cache:       746M       245M
Swap:         8.0G       7.9M       8.0G

             total       used       free     shared    buffers     cached
Mem:          992M       930M        61M       3.1M       404K       179M
-/+ buffers/cache:       750M       241M
Swap:         8.0G       7.9M       8.0G

             total       used       free     shared    buffers     cached
Mem:          992M       911M        80M       3.1M       140K       158M
-/+ buffers/cache:       752M       239M
Swap:         8.0G       7.9M       8.0G

             total       used       free     shared    buffers     cached
Mem:          992M       916M        75M       3.1M       148K       158M
-/+ buffers/cache:       758M       233M
Swap:         8.0G       7.9M       8.0G

             total       used       free     shared    buffers     cached
Mem:          992M       925M        66M       3.1M       148K       158M
-/+ buffers/cache:       767M       224M
Swap:         8.0G       7.9M       8.0G

             total       used       free     shared    buffers     cached
Mem:          992M       918M        73M       3.1M       160K       139M
-/+ buffers/cache:       778M       213M
Swap:         8.0G       7.9M       8.0G

             total       used       free     shared    buffers     cached
Mem:          992M       927M        64M       3.1M       160K       139M
-/+ buffers/cache:       787M       204M
Swap:         8.0G       7.9M       8.0G

             total       used       free     shared    buffers     cached
Mem:          992M       916M        75M       3.1M       500K       125M
-/+ buffers/cache:       790M       201M
Swap:         8.0G       7.9M       8.0G

             total       used       free     shared    buffers     cached
Mem:          992M       923M        68M       3.1M       508K       125M
-/+ buffers/cache:       797M       194M
Swap:         8.0G       7.9M       8.0G

             total       used       free     shared    buffers     cached
Mem:          992M       919M        73M       3.1M       508K       112M
-/+ buffers/cache:       805M       186M
Swap:         8.0G       7.9M       8.0G

             total       used       free     shared    buffers     cached
Mem:          992M       927M        65M       3.1M       508K       112M
-/+ buffers/cache:       813M       178M
Swap:         8.0G       7.9M       8.0G

             total       used       free     shared    buffers     cached
Mem:          992M       912M        79M       3.1M       508K        89M
-/+ buffers/cache:       821M       170M
Swap:         8.0G       7.9M       8.0G

             total       used       free     shared    buffers     cached
Mem:          992M       924M        67M       3.1M       508K        90M
-/+ buffers/cache:       833M       158M
Swap:         8.0G       7.9M       8.0G

             total       used       free     shared    buffers     cached
Mem:          992M       917M        74M       3.1M       508K        75M
-/+ buffers/cache:       842M       149M
Swap:         8.0G       7.9M       8.0G

             total       used       free     shared    buffers     cached
Mem:          992M       930M        61M       3.1M       960K        75M
-/+ buffers/cache:       854M       137M
Swap:         8.0G       7.9M       8.0G

             total       used       free     shared    buffers     cached
Mem:          992M       924M        67M       3.1M       956K        58M
-/+ buffers/cache:       864M       127M
Swap:         8.0G       7.9M       8.0G

             total       used       free     shared    buffers     cached
Mem:          992M       920M        72M       3.1M       956K        46M
-/+ buffers/cache:       873M       119M
Swap:         8.0G       7.9M       8.0G

             total       used       free     shared    buffers     cached
Mem:          992M       930M        61M       3.1M       956K        45M
-/+ buffers/cache:       884M       108M
Swap:         8.0G       7.9M       8.0G

             total       used       free     shared    buffers     cached
Mem:          992M       922M        69M       3.0M       948K        27M
-/+ buffers/cache:       893M        98M
Swap:         8.0G       8.8M       8.0G

             total       used       free     shared    buffers     cached
Mem:          992M       919M        73M       3.0M       764K        18M
-/+ buffers/cache:       899M        92M
Swap:         8.0G        22M       8.0G

             total       used       free     shared    buffers     cached
Mem:          992M       929M        63M       3.0M       768K        18M
-/+ buffers/cache:       909M        82M
Swap:         8.0G        22M       8.0G

             total       used       free     shared    buffers     cached
Mem:          992M       922M        69M       3.0M       316K        11M
-/+ buffers/cache:       910M        81M
Swap:         8.0G        22M       8.0G

             total       used       free     shared    buffers     cached
Mem:          992M       920M        71M       2.7M       316K        10M
-/+ buffers/cache:       910M        81M
Swap:         8.0G        47M       8.0G

             total       used       free     shared    buffers     cached
Mem:          992M       931M        61M       2.7M       316K        10M
-/+ buffers/cache:       920M        71M
Swap:         8.0G        47M       8.0G

             total       used       free     shared    buffers     cached
Mem:          992M       887M       105M       2.6M       324K       8.3M
-/+ buffers/cache:       878M       113M
Swap:         8.0G       112M       7.9G

             total       used       free     shared    buffers     cached
Mem:          992M       892M       100M       2.6M       328K       8.3M
-/+ buffers/cache:       883M       108M
Swap:         8.0G       112M       7.9G

             total       used       free     shared    buffers     cached
Mem:          992M       902M        90M       2.6M       328K       8.3M
-/+ buffers/cache:       893M        98M
Swap:         8.0G       112M       7.9G

             total       used       free     shared    buffers     cached
Mem:          992M       913M        79M       2.6M       328K       8.3M
-/+ buffers/cache:       904M        87M
Swap:         8.0G       112M       7.9G

             total       used       free     shared    buffers     cached
Mem:          992M       923M        69M       2.6M       328K       8.3M
-/+ buffers/cache:       914M        77M
Swap:         8.0G       112M       7.9G

             total       used       free     shared    buffers     cached
Mem:          992M       917M        75M       2.6M        76K       4.6M
-/+ buffers/cache:       912M        79M
Swap:         8.0G       113M       7.9G

             total       used       free     shared    buffers     cached
Mem:          992M       928M        63M       2.6M        92K       4.6M
-/+ buffers/cache:       923M        68M
Swap:         8.0G       113M       7.9G

             total       used       free     shared    buffers     cached
Mem:          992M       923M        68M       2.6M        92K       4.6M
-/+ buffers/cache:       919M        73M
Swap:         8.0G       113M       7.9G

             total       used       free     shared    buffers     cached
Mem:          992M       918M        73M       2.6M        92K       4.5M
-/+ buffers/cache:       914M        78M
Swap:         8.0G       126M       7.9G

             total       used       free     shared    buffers     cached
Mem:          992M       920M        71M       2.6M        92K       4.5M
-/+ buffers/cache:       916M        76M
Swap:         8.0G       126M       7.9G

             total       used       free     shared    buffers     cached
Mem:          992M       921M        70M       2.6M        92K       4.9M
-/+ buffers/cache:       916M        75M
Swap:         8.0G       126M       7.9G

             total       used       free     shared    buffers     cached
Mem:          992M       922M        69M       2.6M       360K       5.7M
-/+ buffers/cache:       916M        75M
Swap:         8.0G       126M       7.9G

             total       used       free     shared    buffers     cached
Mem:          992M       923M        68M       2.6M       644K       6.7M
-/+ buffers/cache:       916M        75M
Swap:         8.0G       126M       7.9G

             total       used       free     shared    buffers     cached
Mem:          992M       919M        72M       2.6M       3.3M        27M
-/+ buffers/cache:       888M       104M
Swap:         8.0G       179M       7.8G

             total       used       free     shared    buffers     cached
Mem:          992M       927M        64M       2.6M       4.8M        35M
-/+ buffers/cache:       886M       105M
Swap:         8.0G       188M       7.8G

             total       used       free     shared    buffers     cached
Mem:          992M       928M        63M       2.6M       4.8M        35M
-/+ buffers/cache:       888M       103M
Swap:         8.0G       188M       7.8G

             total       used       free     shared    buffers     cached
Mem:          992M       916M        75M       2.6M       4.2M        29M
-/+ buffers/cache:       883M       108M
Swap:         8.0G       224M       7.8G

             total       used       free     shared    buffers     cached
Mem:          992M       914M        77M       2.6M       4.2M        36M
-/+ buffers/cache:       874M       118M
Swap:         8.0G       220M       7.8G

             total       used       free     shared    buffers     cached
Mem:          992M       925M        66M       2.5M       764K        42M
-/+ buffers/cache:       882M       109M
Swap:         8.0G       261M       7.7G

             total       used       free     shared    buffers     cached
Mem:          992M       937M        54M       2.5M       1.0M        48M
-/+ buffers/cache:       887M       104M
Swap:         8.0G       263M       7.7G

             total       used       free     shared    buffers     cached
Mem:          992M       942M        49M       2.5M       1.0M        50M
-/+ buffers/cache:       891M       101M
Swap:         8.0G       262M       7.7G

             total       used       free     shared    buffers     cached
Mem:          992M       923M        68M       2.5M       3.8M        55M
-/+ buffers/cache:       864M       128M
Swap:         8.0G       267M       7.7G

             total       used       free     shared    buffers     cached
Mem:          992M       904M        87M       2.5M       5.2M        56M
-/+ buffers/cache:       843M       148M
Swap:         8.0G       275M       7.7G

             total       used       free     shared    buffers     cached
Mem:          992M       907M        84M       2.5M       5.2M        56M
-/+ buffers/cache:       845M       146M
Swap:         8.0G       275M       7.7G

             total       used       free     shared    buffers     cached
Mem:          992M       911M        81M       2.5M       5.2M        56M
-/+ buffers/cache:       849M       142M
Swap:         8.0G       275M       7.7G

             total       used       free     shared    buffers     cached
Mem:          992M       915M        77M       2.5M       5.2M        56M
-/+ buffers/cache:       853M       139M
Swap:         8.0G       275M       7.7G

             total       used       free     shared    buffers     cached
Mem:          992M       921M        70M       6.2M       5.2M        60M
-/+ buffers/cache:       855M       136M
Swap:         8.0G       275M       7.7G

             total       used       free     shared    buffers     cached
Mem:          992M       918M        73M        16M       5.0M        66M
-/+ buffers/cache:       846M       145M
Swap:         8.0G       299M       7.7G

             total       used       free     shared    buffers     cached
Mem:          992M       921M        70M        16M       5.0M        68M
-/+ buffers/cache:       848M       143M
Swap:         8.0G       299M       7.7G

             total       used       free     shared    buffers     cached
Mem:          992M       928M        64M        16M       5.0M        71M
-/+ buffers/cache:       851M       140M
Swap:         8.0G       299M       7.7G

             total       used       free     shared    buffers     cached
Mem:          992M       929M        62M        16M       5.0M        71M
-/+ buffers/cache:       853M       138M
Swap:         8.0G       299M       7.7G

             total       used       free     shared    buffers     cached
Mem:          992M       919M        72M        16M       5.0M        69M
-/+ buffers/cache:       845M       146M
Swap:         8.0G       299M       7.7G

             total       used       free     shared    buffers     cached
Mem:          992M       922M        70M        16M       5.0M        70M
-/+ buffers/cache:       847M       145M
Swap:         8.0G       299M       7.7G

             total       used       free     shared    buffers     cached
Mem:          992M       899M        92M        16M       5.0M        65M
-/+ buffers/cache:       829M       163M
Swap:         8.0G       309M       7.7G

             total       used       free     shared    buffers     cached
Mem:          992M       919M        72M       660K       5.3M        57M
-/+ buffers/cache:       856M       135M
Swap:         8.0G       299M       7.7G

             total       used       free     shared    buffers     cached
Mem:          992M       926M        65M       760K       8.2M        62M
-/+ buffers/cache:       855M       136M
Swap:         8.0G       307M       7.7G

             total       used       free     shared    buffers     cached
Mem:          992M       902M        89M       752K       7.6M        61M
-/+ buffers/cache:       833M       158M
Swap:         8.0G       317M       7.7G

             total       used       free     shared    buffers     cached
Mem:          992M       903M        88M       740K       7.6M        61M
-/+ buffers/cache:       834M       157M
Swap:         8.0G       317M       7.7G

             total       used       free     shared    buffers     cached
Mem:          992M       906M        85M       740K       7.6M        61M
-/+ buffers/cache:       837M       154M
Swap:         8.0G       317M       7.7G

             total       used       free     shared    buffers     cached
Mem:          992M       908M        83M       740K       7.6M        61M
-/+ buffers/cache:       839M       152M
Swap:         8.0G       317M       7.7G

             total       used       free     shared    buffers     cached
Mem:          992M       910M        81M       740K       7.6M        61M
-/+ buffers/cache:       841M       151M
Swap:         8.0G       317M       7.7G

             total       used       free     shared    buffers     cached
Mem:          992M       913M        78M       740K       7.6M        61M
-/+ buffers/cache:       844M       148M
Swap:         8.0G       317M       7.7G

             total       used       free     shared    buffers     cached
Mem:          992M       915M        77M       740K       7.6M        61M
-/+ buffers/cache:       845M       146M
Swap:         8.0G       317M       7.7G

             total       used       free     shared    buffers     cached
Mem:          992M       918M        73M       740K       7.6M        62M
-/+ buffers/cache:       848M       143M
Swap:         8.0G       316M       7.7G

             total       used       free     shared    buffers     cached
Mem:          992M       922M        69M       740K       8.3M        63M
-/+ buffers/cache:       850M       141M
Swap:         8.0G       316M       7.7G

             total       used       free     shared    buffers     cached
Mem:          992M       924M        67M       740K       8.3M        63M
-/+ buffers/cache:       852M       139M
Swap:         8.0G       316M       7.7G

             total       used       free     shared    buffers     cached
Mem:          992M       927M        64M       740K       8.3M        63M
-/+ buffers/cache:       855M       136M
Swap:         8.0G       316M       7.7G

             total       used       free     shared    buffers     cached
Mem:          992M       930M        62M       740K       8.3M        63M
-/+ buffers/cache:       858M       134M
Swap:         8.0G       316M       7.7G

             total       used       free     shared    buffers     cached
Mem:          992M       918M        73M       740K       6.5M        61M
-/+ buffers/cache:       850M       141M
Swap:         8.0G       327M       7.7G

             total       used       free     shared    buffers     cached
Mem:          992M       920M        71M       740K       6.5M        61M
-/+ buffers/cache:       851M       140M
Swap:         8.0G       327M       7.7G

             total       used       free     shared    buffers     cached
Mem:          992M       923M        68M       740K       6.5M        61M
-/+ buffers/cache:       854M       137M
Swap:         8.0G       327M       7.7G

             total       used       free     shared    buffers     cached
Mem:          992M       925M        67M       740K       6.5M        61M
-/+ buffers/cache:       856M       135M
Swap:         8.0G       327M       7.7G

             total       used       free     shared    buffers     cached
Mem:          992M       926M        65M       740K       6.5M        61M
-/+ buffers/cache:       858M       134M
Swap:         8.0G       327M       7.7G

             total       used       free     shared    buffers     cached
Mem:          992M       929M        62M       740K       6.5M        61M
-/+ buffers/cache:       861M       131M
Swap:         8.0G       327M       7.7G

             total       used       free     shared    buffers     cached
Mem:          992M       931M        61M       740K       6.5M        61M
-/+ buffers/cache:       862M       129M
Swap:         8.0G       327M       7.7G

             total       used       free     shared    buffers     cached
Mem:          992M       913M        79M       740K       5.6M        58M
-/+ buffers/cache:       849M       143M
Swap:         8.0G       350M       7.7G

             total       used       free     shared    buffers     cached
Mem:          992M       914M        77M       740K       5.6M        58M
-/+ buffers/cache:       850M       141M
Swap:         8.0G       350M       7.7G

             total       used       free     shared    buffers     cached
Mem:          992M       917M        74M       740K       5.6M        58M
-/+ buffers/cache:       853M       138M
Swap:         8.0G       350M       7.7G

             total       used       free     shared    buffers     cached
Mem:          992M       919M        72M       740K       5.6M        58M
-/+ buffers/cache:       855M       136M
Swap:         8.0G       350M       7.7G

             total       used       free     shared    buffers     cached
Mem:          992M       922M        69M       740K       5.6M        58M
-/+ buffers/cache:       858M       133M
Swap:         8.0G       350M       7.7G

             total       used       free     shared    buffers     cached
Mem:          992M       924M        67M       740K       5.6M        58M
-/+ buffers/cache:       860M       131M
Swap:         8.0G       350M       7.7G

             total       used       free     shared    buffers     cached
Mem:          992M       925M        66M       740K       5.6M        58M
-/+ buffers/cache:       861M       130M
Swap:         8.0G       350M       7.7G

             total       used       free     shared    buffers     cached
Mem:          992M       927M        64M       740K       5.6M        58M
-/+ buffers/cache:       863M       128M
Swap:         8.0G       350M       7.7G

             total       used       free     shared    buffers     cached
Mem:          992M       930M        61M       740K       5.6M        58M
-/+ buffers/cache:       866M       125M
Swap:         8.0G       350M       7.7G

             total       used       free     shared    buffers     cached
Mem:          992M       918M        73M       740K       4.4M        57M
-/+ buffers/cache:       856M       135M
Swap:         8.0G       350M       7.7G

             total       used       free     shared    buffers     cached
Mem:          992M       920M        71M       740K       4.4M        57M
-/+ buffers/cache:       858M       134M
Swap:         8.0G       350M       7.7G

             total       used       free     shared    buffers     cached
Mem:          992M       923M        68M       740K       4.4M        57M
-/+ buffers/cache:       861M       130M
Swap:         8.0G       350M       7.7G

             total       used       free     shared    buffers     cached
Mem:          992M       925M        67M       740K       4.4M        57M
-/+ buffers/cache:       863M       129M
Swap:         8.0G       350M       7.7G

             total       used       free     shared    buffers     cached
Mem:          992M       926M        65M       740K       4.4M        57M
-/+ buffers/cache:       864M       127M
Swap:         8.0G       350M       7.7G

             total       used       free     shared    buffers     cached
Mem:          992M       928M        63M       740K       4.4M        57M
-/+ buffers/cache:       866M       125M
Swap:         8.0G       350M       7.7G

             total       used       free     shared    buffers     cached
Mem:          992M       925M        66M       740K       4.4M        56M
-/+ buffers/cache:       864M       127M
Swap:         8.0G       359M       7.6G

             total       used       free     shared    buffers     cached
Mem:          992M       918M        73M       676K       4.4M        53M
-/+ buffers/cache:       861M       131M
Swap:         8.0G       369M       7.6G

             total       used       free     shared    buffers     cached
Mem:          992M       920M        71M       676K       4.4M        53M
-/+ buffers/cache:       862M       129M
Swap:         8.0G       369M       7.6G

             total       used       free     shared    buffers     cached
Mem:          992M       922M        69M       676K       4.4M        53M
-/+ buffers/cache:       865M       127M
Swap:         8.0G       369M       7.6G

             total       used       free     shared    buffers     cached
Mem:          992M       925M        67M       676K       4.4M        53M
-/+ buffers/cache:       867M       124M
Swap:         8.0G       369M       7.6G

             total       used       free     shared    buffers     cached
Mem:          992M       927M        65M       676K       4.4M        53M
-/+ buffers/cache:       869M       122M
Swap:         8.0G       369M       7.6G

             total       used       free     shared    buffers     cached
Mem:          992M       928M        63M       676K       4.4M        53M
-/+ buffers/cache:       871M       120M
Swap:         8.0G       369M       7.6G

             total       used       free     shared    buffers     cached
Mem:          992M       930M        61M       676K       4.4M        53M
-/+ buffers/cache:       873M       118M
Swap:         8.0G       369M       7.6G

             total       used       free     shared    buffers     cached
Mem:          992M       919M        72M       676K       4.3M        49M
-/+ buffers/cache:       865M       126M
Swap:         8.0G       376M       7.6G

             total       used       free     shared    buffers     cached
Mem:          992M       921M        71M       676K       4.3M        49M
-/+ buffers/cache:       867M       124M
Swap:         8.0G       376M       7.6G

             total       used       free     shared    buffers     cached
Mem:          992M       923M        69M       676K       4.3M        49M
-/+ buffers/cache:       869M       123M
Swap:         8.0G       376M       7.6G

             total       used       free     shared    buffers     cached
Mem:          992M       925M        67M       676K       4.3M        49M
-/+ buffers/cache:       871M       121M
Swap:         8.0G       376M       7.6G

             total       used       free     shared    buffers     cached
Mem:          992M       926M        65M       676K       4.3M        49M
-/+ buffers/cache:       872M       119M
Swap:         8.0G       376M       7.6G

             total       used       free     shared    buffers     cached
Mem:          992M       928M        63M       676K       4.3M        49M
-/+ buffers/cache:       874M       117M
Swap:         8.0G       376M       7.6G

             total       used       free     shared    buffers     cached
Mem:          992M       930M        61M       676K       4.4M        49M
-/+ buffers/cache:       876M       115M
Swap:         8.0G       376M       7.6G

             total       used       free     shared    buffers     cached
Mem:          992M       921M        70M       424K       4.3M        45M
-/+ buffers/cache:       871M       120M
Swap:         8.0G       382M       7.6G

             total       used       free     shared    buffers     cached
Mem:          992M       923M        68M       424K       4.3M        45M
-/+ buffers/cache:       873M       118M
Swap:         8.0G       382M       7.6G

             total       used       free     shared    buffers     cached
Mem:          992M       925M        67M       424K       4.3M        45M
-/+ buffers/cache:       875M       116M
Swap:         8.0G       382M       7.6G

             total       used       free     shared    buffers     cached
Mem:          992M       926M        65M       424K       4.3M        45M
-/+ buffers/cache:       877M       114M
Swap:         8.0G       382M       7.6G

             total       used       free     shared    buffers     cached
Mem:          992M       929M        62M       424K       4.3M        45M
-/+ buffers/cache:       880M       112M
Swap:         8.0G       382M       7.6G

             total       used       free     shared    buffers     cached
Mem:          992M       916M        76M       388K       2.0M        37M
-/+ buffers/cache:       876M       115M
Swap:         8.0G       386M       7.6G

             total       used       free     shared    buffers     cached
Mem:          992M       917M        74M       388K       2.0M        37M
-/+ buffers/cache:       878M       114M
Swap:         8.0G       386M       7.6G

             total       used       free     shared    buffers     cached
Mem:          992M       919M        72M       388K       2.0M        37M
-/+ buffers/cache:       880M       111M
Swap:         8.0G       386M       7.6G

             total       used       free     shared    buffers     cached
Mem:          992M       921M        70M       388K       2.1M        37M
-/+ buffers/cache:       881M       110M
Swap:         8.0G       386M       7.6G

             total       used       free     shared    buffers     cached
Mem:          992M       924M        67M       388K       2.1M        37M
-/+ buffers/cache:       884M       107M
Swap:         8.0G       386M       7.6G

             total       used       free     shared    buffers     cached
Mem:          992M       926M        65M       388K       2.1M        37M
-/+ buffers/cache:       886M       105M
Swap:         8.0G       386M       7.6G

             total       used       free     shared    buffers     cached
Mem:          992M       928M        64M       388K       2.1M        37M
-/+ buffers/cache:       888M       103M
Swap:         8.0G       386M       7.6G

             total       used       free     shared    buffers     cached
Mem:          992M       930M        61M       388K       2.1M        37M
-/+ buffers/cache:       890M       101M
Swap:         8.0G       386M       7.6G

             total       used       free     shared    buffers     cached
Mem:          992M       917M        74M       388K       552K        24M
-/+ buffers/cache:       893M        99M
Swap:         8.0G       386M       7.6G

             total       used       free     shared    buffers     cached
Mem:          992M       919M        72M       388K       552K        24M
-/+ buffers/cache:       895M        97M
Swap:         8.0G       386M       7.6G

             total       used       free     shared    buffers     cached
Mem:          992M       921M        70M       388K       552K        24M
-/+ buffers/cache:       896M        95M
Swap:         8.0G       386M       7.6G

             total       used       free     shared    buffers     cached
Mem:          992M       923M        68M       388K       552K        24M
-/+ buffers/cache:       898M        93M
Swap:         8.0G       386M       7.6G

             total       used       free     shared    buffers     cached
Mem:          992M       925M        67M       388K       552K        24M
-/+ buffers/cache:       900M        91M
Swap:         8.0G       386M       7.6G

             total       used       free     shared    buffers     cached
Mem:          992M       919M        73M       388K       536K        19M
-/+ buffers/cache:       898M        93M
Swap:         8.0G       392M       7.6G

             total       used       free     shared    buffers     cached
Mem:          992M       921M        70M       388K       860K        19M
-/+ buffers/cache:       900M        91M
Swap:         8.0G       392M       7.6G

             total       used       free     shared    buffers     cached
Mem:          992M       923M        68M       388K       860K        19M
-/+ buffers/cache:       902M        89M
Swap:         8.0G       392M       7.6G

             total       used       free     shared    buffers     cached
Mem:          992M       926M        65M       388K       860K        19M
-/+ buffers/cache:       905M        86M
Swap:         8.0G       392M       7.6G

             total       used       free     shared    buffers     cached
Mem:          992M       928M        63M       388K       860K        19M
-/+ buffers/cache:       907M        84M
Swap:         8.0G       392M       7.6G

             total       used       free     shared    buffers     cached
Mem:          992M       930M        62M       388K       860K        19M
-/+ buffers/cache:       909M        82M
Swap:         8.0G       392M       7.6G

             total       used       free     shared    buffers     cached
Mem:          992M       908M        83M       388K       852K        14M
-/+ buffers/cache:       893M        98M
Swap:         8.0G       417M       7.6G

             total       used       free     shared    buffers     cached
Mem:          992M       910M        81M       388K       852K        14M
-/+ buffers/cache:       895M        97M
Swap:         8.0G       417M       7.6G

             total       used       free     shared    buffers     cached
Mem:          992M       912M        79M       388K       852K        14M
-/+ buffers/cache:       897M        95M
Swap:         8.0G       417M       7.6G

             total       used       free     shared    buffers     cached
Mem:          992M       924M        68M       388K       1.1M        24M
-/+ buffers/cache:       898M        93M
Swap:         8.0G       417M       7.6G

             total       used       free     shared    buffers     cached
Mem:          992M       906M        86M       336K       1.0M        36M
-/+ buffers/cache:       868M       123M
Swap:         8.0G       425M       7.6G

             total       used       free     shared    buffers     cached
Mem:          992M       909M        82M       336K       1.1M        39M
-/+ buffers/cache:       869M       123M
Swap:         8.0G       425M       7.6G

             total       used       free     shared    buffers     cached
Mem:          992M       909M        83M       336K       2.8M        54M
-/+ buffers/cache:       851M       140M
Swap:         8.0G       446M       7.6G

             total       used       free     shared    buffers     cached
Mem:          992M       910M        82M       336K       2.8M        55M
-/+ buffers/cache:       851M       140M
Swap:         8.0G       448M       7.6G

             total       used       free     shared    buffers     cached
Mem:          992M       912M        80M       336K       2.8M        55M
-/+ buffers/cache:       853M       138M
Swap:         8.0G       448M       7.6G

             total       used       free     shared    buffers     cached
Mem:          992M       913M        78M       336K       2.8M        55M
-/+ buffers/cache:       855M       136M
Swap:         8.0G       448M       7.6G

             total       used       free     shared    buffers     cached
Mem:          992M       915M        76M       336K       2.8M        55M
-/+ buffers/cache:       857M       135M
Swap:         8.0G       448M       7.6G

             total       used       free     shared    buffers     cached
Mem:          992M       917M        74M       336K       2.8M        55M
-/+ buffers/cache:       858M       133M
Swap:         8.0G       448M       7.6G

             total       used       free     shared    buffers     cached
Mem:          992M       919M        72M       336K       2.8M        55M
-/+ buffers/cache:       861M       131M
Swap:         8.0G       448M       7.6G

             total       used       free     shared    buffers     cached
Mem:          992M       921M        70M       336K       2.8M        55M
-/+ buffers/cache:       862M       129M
Swap:         8.0G       448M       7.6G

             total       used       free     shared    buffers     cached
Mem:          992M       923M        68M       336K       2.8M        55M
-/+ buffers/cache:       864M       127M
Swap:         8.0G       448M       7.6G

             total       used       free     shared    buffers     cached
Mem:          992M       925M        66M       336K       2.8M        55M
-/+ buffers/cache:       866M       125M
Swap:         8.0G       448M       7.6G

             total       used       free     shared    buffers     cached
Mem:          992M       927M        64M       336K       2.8M        55M
-/+ buffers/cache:       868M       123M
Swap:         8.0G       448M       7.6G

             total       used       free     shared    buffers     cached
Mem:          992M       928M        63M       336K       2.8M        55M
-/+ buffers/cache:       870M       122M
Swap:         8.0G       448M       7.6G

             total       used       free     shared    buffers     cached
Mem:          992M       914M        78M       336K       2.9M        54M
-/+ buffers/cache:       857M       135M
Swap:         8.0G       459M       7.5G

             total       used       free     shared    buffers     cached
Mem:          992M       915M        76M       424K       5.6M        60M
-/+ buffers/cache:       848M       143M
Swap:         8.0G       471M       7.5G

             total       used       free     shared    buffers     cached
Mem:          992M       920M        71M       420K       7.6M        73M
-/+ buffers/cache:       839M       152M
Swap:         8.0G       479M       7.5G

             total       used       free     shared    buffers     cached
Mem:          992M       903M        88M       436K       7.7M        64M
-/+ buffers/cache:       831M       160M
Swap:         8.0G       499M       7.5G
