             total       used       free     shared    buffers     cached
Mem:          2.0G       661M       1.3G       3.2M        38M       289M
-/+ buffers/cache:       333M       1.6G
Swap:         8.0G         0B       8.0G

             total       used       free     shared    buffers     cached
Mem:          2.0G       661M       1.3G       3.2M        38M       289M
-/+ buffers/cache:       332M       1.6G
Swap:         8.0G         0B       8.0G

             total       used       free     shared    buffers     cached
Mem:          2.0G       661M       1.3G       3.2M        38M       289M
-/+ buffers/cache:       332M       1.6G
Swap:         8.0G         0B       8.0G

             total       used       free     shared    buffers     cached
Mem:          2.0G       661M       1.3G       3.2M        38M       289M
-/+ buffers/cache:       332M       1.6G
Swap:         8.0G         0B       8.0G

             total       used       free     shared    buffers     cached
Mem:          2.0G       661M       1.3G       3.2M        38M       289M
-/+ buffers/cache:       332M       1.6G
Swap:         8.0G         0B       8.0G

             total       used       free     shared    buffers     cached
Mem:          2.0G       661M       1.3G       3.2M        38M       289M
-/+ buffers/cache:       332M       1.6G
Swap:         8.0G         0B       8.0G

             total       used       free     shared    buffers     cached
Mem:          2.0G       661M       1.3G       3.2M        38M       289M
-/+ buffers/cache:       332M       1.6G
Swap:         8.0G         0B       8.0G

             total       used       free     shared    buffers     cached
Mem:          2.0G       661M       1.3G       3.2M        38M       289M
-/+ buffers/cache:       332M       1.6G
Swap:         8.0G         0B       8.0G

             total       used       free     shared    buffers     cached
Mem:          2.0G       660M       1.3G       3.2M        38M       289M
-/+ buffers/cache:       332M       1.6G
Swap:         8.0G         0B       8.0G

             total       used       free     shared    buffers     cached
Mem:          2.0G       660M       1.3G       3.2M        38M       289M
-/+ buffers/cache:       332M       1.6G
Swap:         8.0G         0B       8.0G

             total       used       free     shared    buffers     cached
Mem:          2.0G       664M       1.3G       3.2M        38M       290M
-/+ buffers/cache:       335M       1.6G
Swap:         8.0G         0B       8.0G

             total       used       free     shared    buffers     cached
Mem:          2.0G       688M       1.3G       3.2M        38M       290M
-/+ buffers/cache:       359M       1.6G
Swap:         8.0G         0B       8.0G

             total       used       free     shared    buffers     cached
Mem:          2.0G       709M       1.3G       3.2M        38M       290M
-/+ buffers/cache:       379M       1.6G
Swap:         8.0G         0B       8.0G

             total       used       free     shared    buffers     cached
Mem:          2.0G       670M       1.3G       3.2M        38M       291M
-/+ buffers/cache:       340M       1.6G
Swap:         8.0G         0B       8.0G

             total       used       free     shared    buffers     cached
Mem:          2.0G       670M       1.3G       3.2M        38M       291M
-/+ buffers/cache:       340M       1.6G
Swap:         8.0G         0B       8.0G

             total       used       free     shared    buffers     cached
Mem:          2.0G       670M       1.3G       3.2M        38M       291M
-/+ buffers/cache:       340M       1.6G
Swap:         8.0G         0B       8.0G

             total       used       free     shared    buffers     cached
Mem:          2.0G       670M       1.3G       3.2M        38M       291M
-/+ buffers/cache:       340M       1.6G
Swap:         8.0G         0B       8.0G

             total       used       free     shared    buffers     cached
Mem:          2.0G       670M       1.3G       3.2M        38M       291M
-/+ buffers/cache:       340M       1.6G
Swap:         8.0G         0B       8.0G

             total       used       free     shared    buffers     cached
Mem:          2.0G       670M       1.3G       3.2M        38M       291M
-/+ buffers/cache:       340M       1.6G
Swap:         8.0G         0B       8.0G

             total       used       free     shared    buffers     cached
Mem:          2.0G       670M       1.3G       3.2M        38M       291M
-/+ buffers/cache:       340M       1.6G
Swap:         8.0G         0B       8.0G

             total       used       free     shared    buffers     cached
Mem:          2.0G       670M       1.3G       3.2M        38M       291M
-/+ buffers/cache:       340M       1.6G
Swap:         8.0G         0B       8.0G

             total       used       free     shared    buffers     cached
Mem:          2.0G       671M       1.3G       3.2M        38M       291M
-/+ buffers/cache:       341M       1.6G
Swap:         8.0G         0B       8.0G

             total       used       free     shared    buffers     cached
Mem:          2.0G       671M       1.3G       3.2M        38M       291M
-/+ buffers/cache:       341M       1.6G
Swap:         8.0G         0B       8.0G

             total       used       free     shared    buffers     cached
Mem:          2.0G       671M       1.3G       3.2M        38M       291M
-/+ buffers/cache:       341M       1.6G
Swap:         8.0G         0B       8.0G

             total       used       free     shared    buffers     cached
Mem:          2.0G       671M       1.3G       3.2M        38M       291M
-/+ buffers/cache:       341M       1.6G
Swap:         8.0G         0B       8.0G

             total       used       free     shared    buffers     cached
Mem:          2.0G       671M       1.3G       3.2M        38M       291M
-/+ buffers/cache:       341M       1.6G
Swap:         8.0G         0B       8.0G

             total       used       free     shared    buffers     cached
Mem:          2.0G       671M       1.3G       3.2M        38M       291M
-/+ buffers/cache:       341M       1.6G
Swap:         8.0G         0B       8.0G

             total       used       free     shared    buffers     cached
Mem:          2.0G       671M       1.3G       3.2M        38M       291M
-/+ buffers/cache:       340M       1.6G
Swap:         8.0G         0B       8.0G

             total       used       free     shared    buffers     cached
Mem:          2.0G       671M       1.3G       3.2M        38M       291M
-/+ buffers/cache:       340M       1.6G
Swap:         8.0G         0B       8.0G

             total       used       free     shared    buffers     cached
Mem:          2.0G       671M       1.3G       3.2M        38M       291M
-/+ buffers/cache:       340M       1.6G
Swap:         8.0G         0B       8.0G

             total       used       free     shared    buffers     cached
Mem:          2.0G       671M       1.3G       3.2M        38M       291M
-/+ buffers/cache:       340M       1.6G
Swap:         8.0G         0B       8.0G

             total       used       free     shared    buffers     cached
Mem:          2.0G       671M       1.3G       3.2M        38M       291M
-/+ buffers/cache:       340M       1.6G
Swap:         8.0G         0B       8.0G

             total       used       free     shared    buffers     cached
Mem:          2.0G       671M       1.3G       3.2M        38M       291M
-/+ buffers/cache:       340M       1.6G
Swap:         8.0G         0B       8.0G

             total       used       free     shared    buffers     cached
Mem:          2.0G       671M       1.3G       3.2M        38M       291M
-/+ buffers/cache:       340M       1.6G
Swap:         8.0G         0B       8.0G

             total       used       free     shared    buffers     cached
Mem:          2.0G       671M       1.3G       3.2M        38M       291M
-/+ buffers/cache:       340M       1.6G
Swap:         8.0G         0B       8.0G

             total       used       free     shared    buffers     cached
Mem:          2.0G       671M       1.3G       3.2M        38M       291M
-/+ buffers/cache:       340M       1.6G
Swap:         8.0G         0B       8.0G

             total       used       free     shared    buffers     cached
Mem:          2.0G       671M       1.3G       3.2M        38M       291M
-/+ buffers/cache:       340M       1.6G
Swap:         8.0G         0B       8.0G

             total       used       free     shared    buffers     cached
Mem:          2.0G       671M       1.3G       3.2M        38M       291M
-/+ buffers/cache:       340M       1.6G
Swap:         8.0G         0B       8.0G

             total       used       free     shared    buffers     cached
Mem:          2.0G       671M       1.3G       3.2M        38M       291M
-/+ buffers/cache:       340M       1.6G
Swap:         8.0G         0B       8.0G

             total       used       free     shared    buffers     cached
Mem:          2.0G       671M       1.3G       3.2M        38M       291M
-/+ buffers/cache:       340M       1.6G
Swap:         8.0G         0B       8.0G

             total       used       free     shared    buffers     cached
Mem:          2.0G       671M       1.3G       3.2M        38M       291M
-/+ buffers/cache:       340M       1.6G
Swap:         8.0G         0B       8.0G

             total       used       free     shared    buffers     cached
Mem:          2.0G       670M       1.3G       3.2M        38M       291M
-/+ buffers/cache:       340M       1.6G
Swap:         8.0G         0B       8.0G

             total       used       free     shared    buffers     cached
Mem:          2.0G       670M       1.3G       3.2M        38M       291M
-/+ buffers/cache:       340M       1.6G
Swap:         8.0G         0B       8.0G

             total       used       free     shared    buffers     cached
Mem:          2.0G       670M       1.3G       3.2M        38M       291M
-/+ buffers/cache:       340M       1.6G
Swap:         8.0G         0B       8.0G

             total       used       free     shared    buffers     cached
Mem:          2.0G       670M       1.3G       3.2M        38M       291M
-/+ buffers/cache:       340M       1.6G
Swap:         8.0G         0B       8.0G

             total       used       free     shared    buffers     cached
Mem:          2.0G       670M       1.3G       3.2M        38M       291M
-/+ buffers/cache:       340M       1.6G
Swap:         8.0G         0B       8.0G

             total       used       free     shared    buffers     cached
Mem:          2.0G       670M       1.3G       3.2M        38M       291M
-/+ buffers/cache:       340M       1.6G
Swap:         8.0G         0B       8.0G

             total       used       free     shared    buffers     cached
Mem:          2.0G       670M       1.3G       3.2M        38M       291M
-/+ buffers/cache:       340M       1.6G
Swap:         8.0G         0B       8.0G

             total       used       free     shared    buffers     cached
Mem:          2.0G       670M       1.3G       3.2M        38M       291M
-/+ buffers/cache:       340M       1.6G
Swap:         8.0G         0B       8.0G

             total       used       free     shared    buffers     cached
Mem:          2.0G       670M       1.3G       3.2M        38M       291M
-/+ buffers/cache:       340M       1.6G
Swap:         8.0G         0B       8.0G

             total       used       free     shared    buffers     cached
Mem:          2.0G       670M       1.3G       3.2M        38M       291M
-/+ buffers/cache:       340M       1.6G
Swap:         8.0G         0B       8.0G

             total       used       free     shared    buffers     cached
Mem:          2.0G       670M       1.3G       3.2M        38M       291M
-/+ buffers/cache:       340M       1.6G
Swap:         8.0G         0B       8.0G

             total       used       free     shared    buffers     cached
Mem:          2.0G       670M       1.3G       3.2M        38M       291M
-/+ buffers/cache:       340M       1.6G
Swap:         8.0G         0B       8.0G

             total       used       free     shared    buffers     cached
Mem:          2.0G       676M       1.3G       3.2M        38M       291M
-/+ buffers/cache:       345M       1.6G
Swap:         8.0G         0B       8.0G

             total       used       free     shared    buffers     cached
Mem:          2.0G       692M       1.3G       3.2M        38M       291M
-/+ buffers/cache:       361M       1.6G
Swap:         8.0G         0B       8.0G

             total       used       free     shared    buffers     cached
Mem:          2.0G       708M       1.3G       3.2M        38M       291M
-/+ buffers/cache:       377M       1.6G
Swap:         8.0G         0B       8.0G

             total       used       free     shared    buffers     cached
Mem:          2.0G       724M       1.2G       3.2M        38M       291M
-/+ buffers/cache:       393M       1.6G
Swap:         8.0G         0B       8.0G

             total       used       free     shared    buffers     cached
Mem:          2.0G       739M       1.2G       3.2M        38M       291M
-/+ buffers/cache:       408M       1.6G
Swap:         8.0G         0B       8.0G

             total       used       free     shared    buffers     cached
Mem:          2.0G       754M       1.2G       3.2M        38M       291M
-/+ buffers/cache:       423M       1.5G
Swap:         8.0G         0B       8.0G

             total       used       free     shared    buffers     cached
Mem:          2.0G       770M       1.2G       3.2M        38M       291M
-/+ buffers/cache:       439M       1.5G
Swap:         8.0G         0B       8.0G

             total       used       free     shared    buffers     cached
Mem:          2.0G       784M       1.2G       3.2M        38M       291M
-/+ buffers/cache:       454M       1.5G
Swap:         8.0G         0B       8.0G

             total       used       free     shared    buffers     cached
Mem:          2.0G       800M       1.2G       3.2M        38M       291M
-/+ buffers/cache:       469M       1.5G
Swap:         8.0G         0B       8.0G

             total       used       free     shared    buffers     cached
Mem:          2.0G       814M       1.2G       3.2M        38M       291M
-/+ buffers/cache:       483M       1.5G
Swap:         8.0G         0B       8.0G

             total       used       free     shared    buffers     cached
Mem:          2.0G       830M       1.1G       3.2M        38M       291M
-/+ buffers/cache:       499M       1.5G
Swap:         8.0G         0B       8.0G

             total       used       free     shared    buffers     cached
Mem:          2.0G       845M       1.1G       3.2M        38M       291M
-/+ buffers/cache:       514M       1.5G
Swap:         8.0G         0B       8.0G

             total       used       free     shared    buffers     cached
Mem:          2.0G       861M       1.1G       3.2M        38M       291M
-/+ buffers/cache:       530M       1.4G
Swap:         8.0G         0B       8.0G

             total       used       free     shared    buffers     cached
Mem:          2.0G       875M       1.1G       3.2M        38M       291M
-/+ buffers/cache:       544M       1.4G
Swap:         8.0G         0B       8.0G

             total       used       free     shared    buffers     cached
Mem:          2.0G       890M       1.1G       3.2M        38M       291M
-/+ buffers/cache:       559M       1.4G
Swap:         8.0G         0B       8.0G

             total       used       free     shared    buffers     cached
Mem:          2.0G       902M       1.1G       3.2M        38M       291M
-/+ buffers/cache:       571M       1.4G
Swap:         8.0G         0B       8.0G

             total       used       free     shared    buffers     cached
Mem:          2.0G       917M       1.1G       3.2M        38M       291M
-/+ buffers/cache:       586M       1.4G
Swap:         8.0G         0B       8.0G

             total       used       free     shared    buffers     cached
Mem:          2.0G       934M       1.0G       3.2M        38M       291M
-/+ buffers/cache:       603M       1.4G
Swap:         8.0G         0B       8.0G

             total       used       free     shared    buffers     cached
Mem:          2.0G       949M       1.0G       3.2M        38M       292M
-/+ buffers/cache:       618M       1.3G
Swap:         8.0G         0B       8.0G

             total       used       free     shared    buffers     cached
Mem:          2.0G       964M       1.0G       3.2M        38M       292M
-/+ buffers/cache:       633M       1.3G
Swap:         8.0G         0B       8.0G

             total       used       free     shared    buffers     cached
Mem:          2.0G       981M       1.0G       3.2M        38M       292M
-/+ buffers/cache:       650M       1.3G
Swap:         8.0G         0B       8.0G

             total       used       free     shared    buffers     cached
Mem:          2.0G       996M       1.0G       3.2M        38M       292M
-/+ buffers/cache:       665M       1.3G
Swap:         8.0G         0B       8.0G

             total       used       free     shared    buffers     cached
Mem:          2.0G       1.0G       988M       3.2M        38M       292M
-/+ buffers/cache:       680M       1.3G
Swap:         8.0G         0B       8.0G

             total       used       free     shared    buffers     cached
Mem:          2.0G       1.0G       972M       3.2M        38M       292M
-/+ buffers/cache:       696M       1.3G
Swap:         8.0G         0B       8.0G

             total       used       free     shared    buffers     cached
Mem:          2.0G       1.0G       956M       3.2M        38M       292M
-/+ buffers/cache:       712M       1.3G
Swap:         8.0G         0B       8.0G

             total       used       free     shared    buffers     cached
Mem:          2.0G       1.0G       941M       3.2M        38M       292M
-/+ buffers/cache:       728M       1.2G
Swap:         8.0G         0B       8.0G

             total       used       free     shared    buffers     cached
Mem:          2.0G       1.0G       925M       3.2M        38M       292M
-/+ buffers/cache:       743M       1.2G
Swap:         8.0G         0B       8.0G

             total       used       free     shared    buffers     cached
Mem:          2.0G       1.1G       909M       3.2M        38M       292M
-/+ buffers/cache:       759M       1.2G
Swap:         8.0G         0B       8.0G

             total       used       free     shared    buffers     cached
Mem:          2.0G       1.1G       894M       3.2M        38M       292M
-/+ buffers/cache:       774M       1.2G
Swap:         8.0G         0B       8.0G

             total       used       free     shared    buffers     cached
Mem:          2.0G       1.1G       880M       3.2M        38M       292M
-/+ buffers/cache:       788M       1.2G
Swap:         8.0G         0B       8.0G

             total       used       free     shared    buffers     cached
Mem:          2.0G       1.1G       871M       3.2M        38M       292M
-/+ buffers/cache:       797M       1.2G
Swap:         8.0G         0B       8.0G

             total       used       free     shared    buffers     cached
Mem:          2.0G       1.1G       857M       3.2M        38M       292M
-/+ buffers/cache:       811M       1.2G
Swap:         8.0G         0B       8.0G

             total       used       free     shared    buffers     cached
Mem:          2.0G       1.1G       844M       3.2M        38M       292M
-/+ buffers/cache:       825M       1.1G
Swap:         8.0G         0B       8.0G

             total       used       free     shared    buffers     cached
Mem:          2.0G       1.1G       830M       3.2M        38M       292M
-/+ buffers/cache:       838M       1.1G
Swap:         8.0G         0B       8.0G

             total       used       free     shared    buffers     cached
Mem:          2.0G       1.2G       816M       3.2M        38M       292M
-/+ buffers/cache:       853M       1.1G
Swap:         8.0G         0B       8.0G

             total       used       free     shared    buffers     cached
Mem:          2.0G       1.2G       801M       3.2M        38M       292M
-/+ buffers/cache:       867M       1.1G
Swap:         8.0G         0B       8.0G

             total       used       free     shared    buffers     cached
Mem:          2.0G       1.2G       787M       3.2M        38M       292M
-/+ buffers/cache:       881M       1.1G
Swap:         8.0G         0B       8.0G

             total       used       free     shared    buffers     cached
Mem:          2.0G       1.2G       772M       3.2M        38M       292M
-/+ buffers/cache:       896M       1.1G
Swap:         8.0G         0B       8.0G

             total       used       free     shared    buffers     cached
Mem:          2.0G       1.2G       757M       3.2M        38M       292M
-/+ buffers/cache:       911M       1.1G
Swap:         8.0G         0B       8.0G

             total       used       free     shared    buffers     cached
Mem:          2.0G       1.2G       743M       3.2M        38M       292M
-/+ buffers/cache:       925M       1.0G
Swap:         8.0G         0B       8.0G

             total       used       free     shared    buffers     cached
Mem:          2.0G       1.2G       727M       3.2M        38M       292M
-/+ buffers/cache:       941M       1.0G
Swap:         8.0G         0B       8.0G

             total       used       free     shared    buffers     cached
Mem:          2.0G       1.3G       711M       3.2M        38M       292M
-/+ buffers/cache:       957M       1.0G
Swap:         8.0G         0B       8.0G

             total       used       free     shared    buffers     cached
Mem:          2.0G       1.3G       695M       3.2M        38M       292M
-/+ buffers/cache:       973M       1.0G
Swap:         8.0G         0B       8.0G

             total       used       free     shared    buffers     cached
Mem:          2.0G       1.3G       679M       3.2M        38M       292M
-/+ buffers/cache:       989M       1.0G
Swap:         8.0G         0B       8.0G

             total       used       free     shared    buffers     cached
Mem:          2.0G       1.3G       664M       3.2M        38M       292M
-/+ buffers/cache:       1.0G       995M
Swap:         8.0G         0B       8.0G

             total       used       free     shared    buffers     cached
Mem:          2.0G       1.3G       650M       3.2M        38M       292M
-/+ buffers/cache:       1.0G       981M
Swap:         8.0G         0B       8.0G

             total       used       free     shared    buffers     cached
Mem:          2.0G       1.3G       635M       3.2M        38M       292M
-/+ buffers/cache:       1.0G       966M
Swap:         8.0G         0B       8.0G

             total       used       free     shared    buffers     cached
Mem:          2.0G       1.3G       620M       3.2M        38M       292M
-/+ buffers/cache:       1.0G       951M
Swap:         8.0G         0B       8.0G

             total       used       free     shared    buffers     cached
Mem:          2.0G       1.4G       605M       3.2M        38M       292M
-/+ buffers/cache:       1.0G       936M
Swap:         8.0G         0B       8.0G

             total       used       free     shared    buffers     cached
Mem:          2.0G       1.4G       591M       3.2M        38M       292M
-/+ buffers/cache:       1.1G       922M
Swap:         8.0G         0B       8.0G

             total       used       free     shared    buffers     cached
Mem:          2.0G       1.4G       576M       3.2M        38M       292M
-/+ buffers/cache:       1.1G       907M
Swap:         8.0G         0B       8.0G

             total       used       free     shared    buffers     cached
Mem:          2.0G       1.4G       561M       3.2M        38M       292M
-/+ buffers/cache:       1.1G       892M
Swap:         8.0G         0B       8.0G

             total       used       free     shared    buffers     cached
Mem:          2.0G       1.4G       546M       3.2M        38M       292M
-/+ buffers/cache:       1.1G       877M
Swap:         8.0G         0B       8.0G

             total       used       free     shared    buffers     cached
Mem:          2.0G       1.4G       531M       3.2M        38M       292M
-/+ buffers/cache:       1.1G       862M
Swap:         8.0G         0B       8.0G

             total       used       free     shared    buffers     cached
Mem:          2.0G       1.4G       516M       3.2M        38M       292M
-/+ buffers/cache:       1.1G       847M
Swap:         8.0G         0B       8.0G

             total       used       free     shared    buffers     cached
Mem:          2.0G       1.5G       501M       3.2M        38M       292M
-/+ buffers/cache:       1.1G       832M
Swap:         8.0G         0B       8.0G

             total       used       free     shared    buffers     cached
Mem:          2.0G       1.5G       486M       3.2M        38M       292M
-/+ buffers/cache:       1.2G       817M
Swap:         8.0G         0B       8.0G

             total       used       free     shared    buffers     cached
Mem:          2.0G       1.5G       470M       3.2M        38M       292M
-/+ buffers/cache:       1.2G       801M
Swap:         8.0G         0B       8.0G

             total       used       free     shared    buffers     cached
Mem:          2.0G       1.5G       456M       3.2M        38M       292M
-/+ buffers/cache:       1.2G       787M
Swap:         8.0G         0B       8.0G

             total       used       free     shared    buffers     cached
Mem:          2.0G       1.5G       441M       3.2M        38M       292M
-/+ buffers/cache:       1.2G       772M
Swap:         8.0G         0B       8.0G

             total       used       free     shared    buffers     cached
Mem:          2.0G       1.5G       429M       3.2M        38M       292M
-/+ buffers/cache:       1.2G       760M
Swap:         8.0G         0B       8.0G

             total       used       free     shared    buffers     cached
Mem:          2.0G       1.5G       421M       3.2M        38M       292M
-/+ buffers/cache:       1.2G       752M
Swap:         8.0G         0B       8.0G

             total       used       free     shared    buffers     cached
Mem:          2.0G       1.6G       405M       3.2M        38M       292M
-/+ buffers/cache:       1.2G       736M
Swap:         8.0G         0B       8.0G

             total       used       free     shared    buffers     cached
Mem:          2.0G       1.6G       389M       3.2M        38M       292M
-/+ buffers/cache:       1.2G       720M
Swap:         8.0G         0B       8.0G

             total       used       free     shared    buffers     cached
Mem:          2.0G       1.6G       373M       3.2M        38M       292M
-/+ buffers/cache:       1.3G       704M
Swap:         8.0G         0B       8.0G

             total       used       free     shared    buffers     cached
Mem:          2.0G       1.6G       359M       3.2M        38M       292M
-/+ buffers/cache:       1.3G       690M
Swap:         8.0G         0B       8.0G

             total       used       free     shared    buffers     cached
Mem:          2.0G       1.6G       344M       3.2M        38M       292M
-/+ buffers/cache:       1.3G       675M
Swap:         8.0G         0B       8.0G

             total       used       free     shared    buffers     cached
Mem:          2.0G       1.6G       328M       3.2M        39M       292M
-/+ buffers/cache:       1.3G       659M
Swap:         8.0G         0B       8.0G

             total       used       free     shared    buffers     cached
Mem:          2.0G       1.6G       313M       3.2M        39M       292M
-/+ buffers/cache:       1.3G       644M
Swap:         8.0G         0B       8.0G

             total       used       free     shared    buffers     cached
Mem:          2.0G       1.7G       298M       3.2M        39M       292M
-/+ buffers/cache:       1.3G       629M
Swap:         8.0G         0B       8.0G

             total       used       free     shared    buffers     cached
Mem:          2.0G       1.7G       283M       3.2M        39M       292M
-/+ buffers/cache:       1.4G       614M
Swap:         8.0G         0B       8.0G

             total       used       free     shared    buffers     cached
Mem:          2.0G       1.7G       267M       3.2M        39M       292M
-/+ buffers/cache:       1.4G       598M
Swap:         8.0G         0B       8.0G

             total       used       free     shared    buffers     cached
Mem:          2.0G       1.7G       253M       3.2M        39M       292M
-/+ buffers/cache:       1.4G       584M
Swap:         8.0G         0B       8.0G

             total       used       free     shared    buffers     cached
Mem:          2.0G       1.7G       238M       3.2M        39M       292M
-/+ buffers/cache:       1.4G       569M
Swap:         8.0G         0B       8.0G

             total       used       free     shared    buffers     cached
Mem:          2.0G       1.7G       224M       3.2M        39M       292M
-/+ buffers/cache:       1.4G       555M
Swap:         8.0G         0B       8.0G

             total       used       free     shared    buffers     cached
Mem:          2.0G       1.8G       207M       3.2M        39M       292M
-/+ buffers/cache:       1.4G       538M
Swap:         8.0G         0B       8.0G

             total       used       free     shared    buffers     cached
Mem:          2.0G       1.8G       192M       3.2M        39M       292M
-/+ buffers/cache:       1.4G       523M
Swap:         8.0G         0B       8.0G

             total       used       free     shared    buffers     cached
Mem:          2.0G       1.8G       177M       3.2M        39M       292M
-/+ buffers/cache:       1.5G       509M
Swap:         8.0G         0B       8.0G

             total       used       free     shared    buffers     cached
Mem:          2.0G       1.8G       163M       3.2M        39M       292M
-/+ buffers/cache:       1.5G       494M
Swap:         8.0G         0B       8.0G

             total       used       free     shared    buffers     cached
Mem:          2.0G       1.8G       146M       3.2M        39M       292M
-/+ buffers/cache:       1.5G       477M
Swap:         8.0G         0B       8.0G

             total       used       free     shared    buffers     cached
Mem:          2.0G       1.8G       131M       3.2M        39M       292M
-/+ buffers/cache:       1.5G       462M
Swap:         8.0G         0B       8.0G

             total       used       free     shared    buffers     cached
Mem:          2.0G       1.8G       115M       3.2M        39M       292M
-/+ buffers/cache:       1.5G       446M
Swap:         8.0G         0B       8.0G

             total       used       free     shared    buffers     cached
Mem:          2.0G       1.9G        98M       3.2M        39M       292M
-/+ buffers/cache:       1.5G       429M
Swap:         8.0G         0B       8.0G

             total       used       free     shared    buffers     cached
Mem:          2.0G       1.9G        82M       3.2M        39M       292M
-/+ buffers/cache:       1.5G       413M
Swap:         8.0G         0B       8.0G

             total       used       free     shared    buffers     cached
Mem:          2.0G       1.9G        66M       3.2M        39M       292M
-/+ buffers/cache:       1.6G       397M
Swap:         8.0G         0B       8.0G

             total       used       free     shared    buffers     cached
Mem:          2.0G       1.9G        73M       3.2M        16M       290M
-/+ buffers/cache:       1.6G       381M
Swap:         8.0G         0B       8.0G

             total       used       free     shared    buffers     cached
Mem:          2.0G       1.9G        74M       3.2M        10M       280M
-/+ buffers/cache:       1.6G       365M
Swap:         8.0G         0B       8.0G

             total       used       free     shared    buffers     cached
Mem:          2.0G       1.9G        76M       3.1M       9.9M       264M
-/+ buffers/cache:       1.6G       350M
Swap:         8.0G       200K       8.0G

             total       used       free     shared    buffers     cached
Mem:          2.0G       1.9G        80M       3.1M       9.9M       246M
-/+ buffers/cache:       1.6G       336M
Swap:         8.0G       244K       8.0G

             total       used       free     shared    buffers     cached
Mem:          2.0G       1.9G        66M       3.1M       9.9M       246M
-/+ buffers/cache:       1.6G       322M
Swap:         8.0G       244K       8.0G

             total       used       free     shared    buffers     cached
Mem:          2.0G       1.9G        67M       3.0M       9.9M       233M
-/+ buffers/cache:       1.6G       311M
Swap:         8.0G       6.6M       8.0G

             total       used       free     shared    buffers     cached
Mem:          2.0G       1.9G        85M       2.9M       9.1M       207M
-/+ buffers/cache:       1.7G       302M
Swap:         8.0G        12M       8.0G

             total       used       free     shared    buffers     cached
Mem:          2.0G       1.9G        71M       2.9M       9.1M       207M
-/+ buffers/cache:       1.7G       288M
Swap:         8.0G        12M       8.0G

             total       used       free     shared    buffers     cached
Mem:          2.0G       1.9G        70M       2.9M       2.9M       200M
-/+ buffers/cache:       1.7G       274M
Swap:         8.0G        12M       8.0G

             total       used       free     shared    buffers     cached
Mem:          2.0G       1.9G        70M       2.9M       1.3M       188M
-/+ buffers/cache:       1.7G       260M
Swap:         8.0G        12M       8.0G

             total       used       free     shared    buffers     cached
Mem:          2.0G       1.9G        78M       2.9M       380K       167M
-/+ buffers/cache:       1.7G       245M
Swap:         8.0G        12M       8.0G

             total       used       free     shared    buffers     cached
Mem:          2.0G       1.9G        83M       2.9M       364K       147M
-/+ buffers/cache:       1.7G       231M
Swap:         8.0G        12M       8.0G

             total       used       free     shared    buffers     cached
Mem:          2.0G       1.9G        68M       2.9M       368K       147M
-/+ buffers/cache:       1.7G       216M
Swap:         8.0G        12M       8.0G

             total       used       free     shared    buffers     cached
Mem:          2.0G       1.9G        72M       2.9M        76K       130M
-/+ buffers/cache:       1.8G       203M
Swap:         8.0G        12M       8.0G

             total       used       free     shared    buffers     cached
Mem:          2.0G       1.9G        74M       2.9M        84K       115M
-/+ buffers/cache:       1.8G       189M
Swap:         8.0G        12M       8.0G

             total       used       free     shared    buffers     cached
Mem:          2.0G       1.9G        73M       2.9M        96K       102M
-/+ buffers/cache:       1.8G       175M
Swap:         8.0G        12M       8.0G

             total       used       free     shared    buffers     cached
Mem:          2.0G       1.9G        81M       2.9M        96K        80M
-/+ buffers/cache:       1.8G       162M
Swap:         8.0G        12M       8.0G

             total       used       free     shared    buffers     cached
Mem:          2.0G       1.9G        67M       2.9M        96K        80M
-/+ buffers/cache:       1.8G       147M
Swap:         8.0G        12M       8.0G

             total       used       free     shared    buffers     cached
Mem:          2.0G       1.9G        72M       2.9M        96K        62M
-/+ buffers/cache:       1.8G       135M
Swap:         8.0G        12M       8.0G

             total       used       free     shared    buffers     cached
Mem:          2.0G       1.9G        72M       2.9M       516K        48M
-/+ buffers/cache:       1.8G       121M
Swap:         8.0G        12M       8.0G

             total       used       free     shared    buffers     cached
Mem:          2.0G       1.9G        78M       2.9M       520K        28M
-/+ buffers/cache:       1.8G       107M
Swap:         8.0G        12M       8.0G

             total       used       free     shared    buffers     cached
Mem:          2.0G       1.9G        75M       2.9M       520K        17M
-/+ buffers/cache:       1.9G        93M
Swap:         8.0G        12M       8.0G

             total       used       free     shared    buffers     cached
Mem:          2.0G       1.9G        75M       2.9M       464K       4.9M
-/+ buffers/cache:       1.9G        81M
Swap:         8.0G        12M       8.0G

             total       used       free     shared    buffers     cached
Mem:          2.0G       1.9G        76M       2.8M       436K       4.6M
-/+ buffers/cache:       1.9G        81M
Swap:         8.0G        25M       8.0G

             total       used       free     shared    buffers     cached
Mem:          2.0G       1.9G        66M       2.5M       436K       4.4M
-/+ buffers/cache:       1.9G        71M
Swap:         8.0G        29M       8.0G

             total       used       free     shared    buffers     cached
Mem:          2.0G       1.9G        78M       2.5M       196K       4.3M
-/+ buffers/cache:       1.9G        82M
Swap:         8.0G        77M       7.9G

             total       used       free     shared    buffers     cached
Mem:          2.0G       1.9G        78M       2.5M       204K       4.4M
-/+ buffers/cache:       1.9G        83M
Swap:         8.0G        77M       7.9G

             total       used       free     shared    buffers     cached
Mem:          2.0G       1.9G        65M       2.5M       204K       4.3M
-/+ buffers/cache:       1.9G        69M
Swap:         8.0G        77M       7.9G

             total       used       free     shared    buffers     cached
Mem:          2.0G       1.9G        65M       2.5M       204K       4.3M
-/+ buffers/cache:       1.9G        69M
Swap:         8.0G        80M       7.9G

             total       used       free     shared    buffers     cached
Mem:          2.0G       1.9G        68M       2.4M       172K       4.3M
-/+ buffers/cache:       1.9G        72M
Swap:         8.0G       113M       7.9G

             total       used       free     shared    buffers     cached
Mem:          2.0G       1.9G        70M       2.4M       180K       4.3M
-/+ buffers/cache:       1.9G        75M
Swap:         8.0G       113M       7.9G

             total       used       free     shared    buffers     cached
Mem:          2.0G       1.9G        71M       2.4M       180K       4.2M
-/+ buffers/cache:       1.9G        76M
Swap:         8.0G       132M       7.9G

             total       used       free     shared    buffers     cached
Mem:          2.0G       1.9G        75M       2.4M       180K       4.2M
-/+ buffers/cache:       1.9G        79M
Swap:         8.0G       156M       7.8G

             total       used       free     shared    buffers     cached
Mem:          2.0G       1.9G        65M       2.4M       180K       4.2M
-/+ buffers/cache:       1.9G        69M
Swap:         8.0G       156M       7.8G

             total       used       free     shared    buffers     cached
Mem:          2.0G       1.9G        84M       2.4M       180K       4.1M
-/+ buffers/cache:       1.9G        88M
Swap:         8.0G       199M       7.8G

             total       used       free     shared    buffers     cached
Mem:          2.0G       1.9G        71M       2.4M       188K       4.1M
-/+ buffers/cache:       1.9G        75M
Swap:         8.0G       199M       7.8G

             total       used       free     shared    buffers     cached
Mem:          2.0G       1.9G        73M       2.4M       188K       4.1M
-/+ buffers/cache:       1.9G        77M
Swap:         8.0G       199M       7.8G

             total       used       free     shared    buffers     cached
Mem:          2.0G       1.9G        86M       2.4M       188K       4.1M
-/+ buffers/cache:       1.9G        90M
Swap:         8.0G       228M       7.8G

             total       used       free     shared    buffers     cached
Mem:          2.0G       1.9G        80M       2.4M       188K       4.2M
-/+ buffers/cache:       1.9G        85M
Swap:         8.0G       228M       7.8G

             total       used       free     shared    buffers     cached
Mem:          2.0G       1.9G        72M       2.4M       188K       4.2M
-/+ buffers/cache:       1.9G        76M
Swap:         8.0G       228M       7.8G

             total       used       free     shared    buffers     cached
Mem:          2.0G       1.9G        65M       2.4M       188K       4.2M
-/+ buffers/cache:       1.9G        70M
Swap:         8.0G       228M       7.8G

             total       used       free     shared    buffers     cached
Mem:          2.0G       1.9G        68M       2.3M       196K       4.1M
-/+ buffers/cache:       1.9G        73M
Swap:         8.0G       239M       7.8G

             total       used       free     shared    buffers     cached
Mem:          2.0G       1.9G        76M       2.3M       508K       9.3M
-/+ buffers/cache:       1.9G        85M
Swap:         8.0G       281M       7.7G

             total       used       free     shared    buffers     cached
Mem:          2.0G       1.9G        77M       2.3M       236K        33M
-/+ buffers/cache:       1.8G       111M
Swap:         8.0G       318M       7.7G

             total       used       free     shared    buffers     cached
Mem:          2.0G       1.9G        69M       2.3M       248K        33M
-/+ buffers/cache:       1.9G       103M
Swap:         8.0G       318M       7.7G

             total       used       free     shared    buffers     cached
Mem:          2.0G       1.9G        80M       2.3M       112K        31M
-/+ buffers/cache:       1.8G       112M
Swap:         8.0G       319M       7.7G

             total       used       free     shared    buffers     cached
Mem:          2.0G       1.9G        77M       2.3M       120K        31M
-/+ buffers/cache:       1.8G       109M
Swap:         8.0G       319M       7.7G

             total       used       free     shared    buffers     cached
Mem:          2.0G       1.9G        76M       2.3M       120K        31M
-/+ buffers/cache:       1.8G       108M
Swap:         8.0G       319M       7.7G

             total       used       free     shared    buffers     cached
Mem:          2.0G       1.9G        75M       2.3M       120K        31M
-/+ buffers/cache:       1.8G       107M
Swap:         8.0G       318M       7.7G

             total       used       free     shared    buffers     cached
Mem:          2.0G       1.9G        74M       2.3M       120K        31M
-/+ buffers/cache:       1.8G       106M
Swap:         8.0G       318M       7.7G

             total       used       free     shared    buffers     cached
Mem:          2.0G       1.9G        73M       2.3M       120K        31M
-/+ buffers/cache:       1.9G       105M
Swap:         8.0G       318M       7.7G

             total       used       free     shared    buffers     cached
Mem:          2.0G       1.9G        72M       2.3M       120K        32M
-/+ buffers/cache:       1.9G       104M
Swap:         8.0G       317M       7.7G

             total       used       free     shared    buffers     cached
Mem:          2.0G       1.9G        69M       2.3M       260K        32M
-/+ buffers/cache:       1.9G       102M
Swap:         8.0G       316M       7.7G

             total       used       free     shared    buffers     cached
Mem:          2.0G       1.9G        68M       2.3M       260K        32M
-/+ buffers/cache:       1.9G       101M
Swap:         8.0G       315M       7.7G

             total       used       free     shared    buffers     cached
Mem:          2.0G       1.9G        67M       2.3M       260K        33M
-/+ buffers/cache:       1.9G       100M
Swap:         8.0G       315M       7.7G

             total       used       free     shared    buffers     cached
Mem:          2.0G       1.9G        66M       2.3M       260K        33M
-/+ buffers/cache:       1.9G        99M
Swap:         8.0G       314M       7.7G

             total       used       free     shared    buffers     cached
Mem:          2.0G       1.9G        65M       2.3M       260K        33M
-/+ buffers/cache:       1.9G        98M
Swap:         8.0G       314M       7.7G

             total       used       free     shared    buffers     cached
Mem:          2.0G       1.9G        82M       2.3M       264K        30M
-/+ buffers/cache:       1.8G       113M
Swap:         8.0G       343M       7.7G

             total       used       free     shared    buffers     cached
Mem:          2.0G       1.9G        81M       2.3M       264K        30M
-/+ buffers/cache:       1.8G       112M
Swap:         8.0G       343M       7.7G

             total       used       free     shared    buffers     cached
Mem:          2.0G       1.9G        80M       2.3M       264K        30M
-/+ buffers/cache:       1.8G       111M
Swap:         8.0G       342M       7.7G

             total       used       free     shared    buffers     cached
Mem:          2.0G       1.9G        79M       2.3M       264K        30M
-/+ buffers/cache:       1.8G       110M
Swap:         8.0G       342M       7.7G

             total       used       free     shared    buffers     cached
Mem:          2.0G       1.9G        78M       2.3M       264K        30M
-/+ buffers/cache:       1.8G       109M
Swap:         8.0G       341M       7.7G

             total       used       free     shared    buffers     cached
Mem:          2.0G       1.9G        77M       2.3M       264K        30M
-/+ buffers/cache:       1.8G       108M
Swap:         8.0G       341M       7.7G

             total       used       free     shared    buffers     cached
Mem:          2.0G       1.9G        76M       2.3M       272K        30M
-/+ buffers/cache:       1.8G       107M
Swap:         8.0G       340M       7.7G

             total       used       free     shared    buffers     cached
Mem:          2.0G       1.9G        75M       2.3M       272K        30M
-/+ buffers/cache:       1.8G       106M
Swap:         8.0G       340M       7.7G

             total       used       free     shared    buffers     cached
Mem:          2.0G       1.9G        74M       2.3M       272K        30M
-/+ buffers/cache:       1.9G       105M
Swap:         8.0G       339M       7.7G

             total       used       free     shared    buffers     cached
Mem:          2.0G       1.9G        73M       2.3M       272K        30M
-/+ buffers/cache:       1.9G       104M
Swap:         8.0G       339M       7.7G

             total       used       free     shared    buffers     cached
Mem:          2.0G       1.9G        72M       2.3M       272K        30M
-/+ buffers/cache:       1.9G       103M
Swap:         8.0G       338M       7.7G

             total       used       free     shared    buffers     cached
Mem:          2.0G       1.9G        71M       2.3M       280K        30M
-/+ buffers/cache:       1.9G       102M
Swap:         8.0G       337M       7.7G

             total       used       free     shared    buffers     cached
Mem:          2.0G       1.9G        71M       2.3M       280K        30M
-/+ buffers/cache:       1.9G       102M
Swap:         8.0G       337M       7.7G

             total       used       free     shared    buffers     cached
Mem:          2.0G       1.9G        65M       2.3M       280K        34M
-/+ buffers/cache:       1.9G       100M
Swap:         8.0G       336M       7.7G

             total       used       free     shared    buffers     cached
Mem:          2.0G       1.9G        77M       2.3M       244K        33M
-/+ buffers/cache:       1.8G       111M
Swap:         8.0G       341M       7.7G

             total       used       free     shared    buffers     cached
Mem:          2.0G       1.9G        74M       2.3M       964K        34M
-/+ buffers/cache:       1.8G       110M
Swap:         8.0G       341M       7.7G

             total       used       free     shared    buffers     cached
Mem:          2.0G       1.9G        74M       2.3M       964K        34M
-/+ buffers/cache:       1.8G       109M
Swap:         8.0G       340M       7.7G

             total       used       free     shared    buffers     cached
Mem:          2.0G       1.9G        73M       2.3M       972K        34M
-/+ buffers/cache:       1.8G       108M
Swap:         8.0G       340M       7.7G

             total       used       free     shared    buffers     cached
Mem:          2.0G       1.9G        72M       2.3M       972K        34M
-/+ buffers/cache:       1.8G       108M
Swap:         8.0G       340M       7.7G

             total       used       free     shared    buffers     cached
Mem:          2.0G       1.9G        72M       2.3M       972K        34M
-/+ buffers/cache:       1.8G       107M
Swap:         8.0G       340M       7.7G

             total       used       free     shared    buffers     cached
Mem:          2.0G       1.9G        71M       2.3M       972K        34M
-/+ buffers/cache:       1.8G       107M
Swap:         8.0G       339M       7.7G

             total       used       free     shared    buffers     cached
Mem:          2.0G       1.9G        71M       2.3M       972K        34M
-/+ buffers/cache:       1.8G       106M
Swap:         8.0G       339M       7.7G

             total       used       free     shared    buffers     cached
Mem:          2.0G       1.9G        70M       2.3M       980K        34M
-/+ buffers/cache:       1.8G       106M
Swap:         8.0G       339M       7.7G

             total       used       free     shared    buffers     cached
Mem:          2.0G       1.9G        70M       2.3M       980K        34M
-/+ buffers/cache:       1.8G       105M
Swap:         8.0G       338M       7.7G

             total       used       free     shared    buffers     cached
Mem:          2.0G       1.9G        69M       2.3M       980K        34M
-/+ buffers/cache:       1.9G       105M
Swap:         8.0G       338M       7.7G

             total       used       free     shared    buffers     cached
Mem:          2.0G       1.9G        69M       2.3M       980K        34M
-/+ buffers/cache:       1.9G       104M
Swap:         8.0G       338M       7.7G

             total       used       free     shared    buffers     cached
Mem:          2.0G       1.9G        68M       2.3M       980K        34M
-/+ buffers/cache:       1.9G       103M
Swap:         8.0G       337M       7.7G

             total       used       free     shared    buffers     cached
Mem:          2.0G       1.9G        67M       2.3M       988K        34M
-/+ buffers/cache:       1.9G       103M
Swap:         8.0G       337M       7.7G

             total       used       free     shared    buffers     cached
Mem:          2.0G       1.9G        67M       2.3M       988K        34M
-/+ buffers/cache:       1.9G       102M
Swap:         8.0G       336M       7.7G

             total       used       free     shared    buffers     cached
Mem:          2.0G       1.9G        66M       2.3M       988K        34M
-/+ buffers/cache:       1.9G       102M
Swap:         8.0G       336M       7.7G

             total       used       free     shared    buffers     cached
Mem:          2.0G       1.9G        66M       2.3M       988K        34M
-/+ buffers/cache:       1.9G       101M
Swap:         8.0G       336M       7.7G

             total       used       free     shared    buffers     cached
Mem:          2.0G       1.9G        65M       2.3M       988K        34M
-/+ buffers/cache:       1.9G       101M
Swap:         8.0G       335M       7.7G

             total       used       free     shared    buffers     cached
Mem:          2.0G       1.9G        64M       2.3M       988K        34M
-/+ buffers/cache:       1.9G       100M
Swap:         8.0G       335M       7.7G

             total       used       free     shared    buffers     cached
Mem:          2.0G       1.9G        83M       2.3M       988K        32M
-/+ buffers/cache:       1.8G       117M
Swap:         8.0G       362M       7.6G

             total       used       free     shared    buffers     cached
Mem:          2.0G       1.9G        83M       2.3M       988K        32M
-/+ buffers/cache:       1.8G       116M
Swap:         8.0G       361M       7.6G

             total       used       free     shared    buffers     cached
Mem:          2.0G       1.9G        82M       2.3M       988K        32M
-/+ buffers/cache:       1.8G       116M
Swap:         8.0G       361M       7.6G

             total       used       free     shared    buffers     cached
Mem:          2.0G       1.9G        82M       2.3M       988K        32M
-/+ buffers/cache:       1.8G       115M
Swap:         8.0G       361M       7.6G

             total       used       free     shared    buffers     cached
Mem:          2.0G       1.9G        81M       2.3M       988K        32M
-/+ buffers/cache:       1.8G       115M
Swap:         8.0G       360M       7.6G

             total       used       free     shared    buffers     cached
Mem:          2.0G       1.9G        80M       2.3M       996K        32M
-/+ buffers/cache:       1.8G       114M
Swap:         8.0G       360M       7.6G

             total       used       free     shared    buffers     cached
Mem:          2.0G       1.9G        79M       2.3M       996K        32M
-/+ buffers/cache:       1.8G       113M
Swap:         8.0G       359M       7.6G

             total       used       free     shared    buffers     cached
Mem:          2.0G       1.9G        79M       2.3M       996K        32M
-/+ buffers/cache:       1.8G       112M
Swap:         8.0G       359M       7.6G

             total       used       free     shared    buffers     cached
Mem:          2.0G       1.9G        78M       2.3M       996K        32M
-/+ buffers/cache:       1.8G       112M
Swap:         8.0G       359M       7.6G

             total       used       free     shared    buffers     cached
Mem:          2.0G       1.9G        78M       2.3M       996K        32M
-/+ buffers/cache:       1.8G       111M
Swap:         8.0G       358M       7.6G

             total       used       free     shared    buffers     cached
Mem:          2.0G       1.9G        77M       2.3M       996K        32M
-/+ buffers/cache:       1.8G       111M
Swap:         8.0G       358M       7.6G

             total       used       free     shared    buffers     cached
Mem:          2.0G       1.9G        76M       2.3M       1.0M        32M
-/+ buffers/cache:       1.8G       110M
Swap:         8.0G       357M       7.6G

             total       used       free     shared    buffers     cached
Mem:          2.0G       1.9G        76M       2.3M       1.0M        32M
-/+ buffers/cache:       1.8G       109M
Swap:         8.0G       357M       7.6G

             total       used       free     shared    buffers     cached
Mem:          2.0G       1.9G        75M       2.3M       1.0M        32M
-/+ buffers/cache:       1.8G       109M
Swap:         8.0G       357M       7.6G

             total       used       free     shared    buffers     cached
Mem:          2.0G       1.9G        74M       2.3M       1.0M        32M
-/+ buffers/cache:       1.8G       108M
Swap:         8.0G       356M       7.6G

             total       used       free     shared    buffers     cached
Mem:          2.0G       1.9G        74M       2.3M       1.0M        32M
-/+ buffers/cache:       1.8G       107M
Swap:         8.0G       356M       7.6G

             total       used       free     shared    buffers     cached
Mem:          2.0G       1.9G        73M       2.3M       1.0M        32M
-/+ buffers/cache:       1.8G       107M
Swap:         8.0G       355M       7.6G

             total       used       free     shared    buffers     cached
Mem:          2.0G       1.9G        72M       2.3M       1.0M        32M
-/+ buffers/cache:       1.8G       106M
Swap:         8.0G       355M       7.7G

             total       used       free     shared    buffers     cached
Mem:          2.0G       1.9G        70M       2.3M       1.1M        33M
-/+ buffers/cache:       1.9G       105M
Swap:         8.0G       354M       7.7G

             total       used       free     shared    buffers     cached
Mem:          2.0G       1.9G        70M       2.3M       1.1M        33M
-/+ buffers/cache:       1.9G       105M
Swap:         8.0G       354M       7.7G

             total       used       free     shared    buffers     cached
Mem:          2.0G       1.9G        69M       2.3M       1.1M        33M
-/+ buffers/cache:       1.9G       104M
Swap:         8.0G       353M       7.7G

             total       used       free     shared    buffers     cached
Mem:          2.0G       1.9G        69M       2.3M       1.1M        33M
-/+ buffers/cache:       1.9G       104M
Swap:         8.0G       353M       7.7G

             total       used       free     shared    buffers     cached
Mem:          2.0G       1.9G        65M       2.3M       1.1M        34M
-/+ buffers/cache:       1.9G       101M
Swap:         8.0G       352M       7.7G

             total       used       free     shared    buffers     cached
Mem:          2.0G       1.9G        75M       2.3M       1.1M        34M
-/+ buffers/cache:       1.8G       111M
Swap:         8.0G       351M       7.7G

             total       used       free     shared    buffers     cached
Mem:          2.0G       1.9G        75M       2.3M       1.1M        34M
-/+ buffers/cache:       1.8G       111M
Swap:         8.0G       350M       7.7G

             total       used       free     shared    buffers     cached
Mem:          2.0G       1.9G        70M       2.3M       1.1M        36M
-/+ buffers/cache:       1.8G       108M
Swap:         8.0G       349M       7.7G

             total       used       free     shared    buffers     cached
Mem:          2.0G       1.9G        67M       2.3M       1.1M        37M
-/+ buffers/cache:       1.8G       106M
Swap:         8.0G       348M       7.7G

             total       used       free     shared    buffers     cached
Mem:          2.0G       1.9G        67M       2.3M       1.1M        37M
-/+ buffers/cache:       1.8G       105M
Swap:         8.0G       348M       7.7G

             total       used       free     shared    buffers     cached
Mem:          2.0G       1.9G        67M       2.3M       1.1M        37M
-/+ buffers/cache:       1.9G       105M
Swap:         8.0G       348M       7.7G

             total       used       free     shared    buffers     cached
Mem:          2.0G       1.9G        66M       2.3M       1.1M        37M
-/+ buffers/cache:       1.9G       105M
Swap:         8.0G       347M       7.7G

             total       used       free     shared    buffers     cached
Mem:          2.0G       1.9G        66M       2.3M       1.1M        37M
-/+ buffers/cache:       1.9G       104M
Swap:         8.0G       347M       7.7G

             total       used       free     shared    buffers     cached
Mem:          2.0G       1.9G        65M       2.3M       1.1M        37M
-/+ buffers/cache:       1.9G       104M
Swap:         8.0G       347M       7.7G

             total       used       free     shared    buffers     cached
Mem:          2.0G       1.9G        65M       2.3M       1.1M        37M
-/+ buffers/cache:       1.9G       103M
Swap:         8.0G       346M       7.7G

             total       used       free     shared    buffers     cached
Mem:          2.0G       1.9G        64M       2.3M       1.1M        37M
-/+ buffers/cache:       1.9G       103M
Swap:         8.0G       346M       7.7G

             total       used       free     shared    buffers     cached
Mem:          2.0G       1.9G        88M       2.3M       1.1M        31M
-/+ buffers/cache:       1.8G       121M
Swap:         8.0G       374M       7.6G

             total       used       free     shared    buffers     cached
Mem:          2.0G       1.9G        88M       2.3M       1.1M        31M
-/+ buffers/cache:       1.8G       121M
Swap:         8.0G       373M       7.6G

             total       used       free     shared    buffers     cached
Mem:          2.0G       1.9G        76M       2.4M       2.6M        50M
-/+ buffers/cache:       1.8G       130M
Swap:         8.0G       384M       7.6G

             total       used       free     shared    buffers     cached
Mem:          2.0G       1.9G        74M       6.1M       4.5M        56M
-/+ buffers/cache:       1.8G       136M
Swap:         8.0G       412M       7.6G

             total       used       free     shared    buffers     cached
Mem:          2.0G       1.9G        81M       6.1M       4.7M        68M
-/+ buffers/cache:       1.8G       154M
Swap:         8.0G       420M       7.6G

             total       used       free     shared    buffers     cached
Mem:          2.0G       1.9G        69M       2.5M       5.0M        69M
-/+ buffers/cache:       1.8G       143M
Swap:         8.0G       416M       7.6G

             total       used       free     shared    buffers     cached
Mem:          2.0G       1.9G        79M       2.4M       4.5M        65M
-/+ buffers/cache:       1.8G       149M
Swap:         8.0G       435M       7.6G

             total       used       free     shared    buffers     cached
Mem:          2.0G       1.9G        78M       2.4M       4.5M        65M
-/+ buffers/cache:       1.8G       148M
Swap:         8.0G       435M       7.6G

             total       used       free     shared    buffers     cached
Mem:          2.0G       1.9G        76M       2.4M       4.7M        66M
-/+ buffers/cache:       1.8G       147M
Swap:         8.0G       434M       7.6G

             total       used       free     shared    buffers     cached
Mem:          2.0G       1.9G        75M       2.4M       4.7M        66M
-/+ buffers/cache:       1.8G       146M
Swap:         8.0G       434M       7.6G

             total       used       free     shared    buffers     cached
Mem:          2.0G       1.9G        74M       2.4M       4.7M        66M
-/+ buffers/cache:       1.8G       145M
Swap:         8.0G       433M       7.6G

             total       used       free     shared    buffers     cached
Mem:          2.0G       1.9G        73M       2.4M       4.7M        66M
-/+ buffers/cache:       1.8G       144M
Swap:         8.0G       433M       7.6G

             total       used       free     shared    buffers     cached
Mem:          2.0G       1.9G        72M       2.4M       4.7M        66M
-/+ buffers/cache:       1.8G       143M
Swap:         8.0G       432M       7.6G

             total       used       free     shared    buffers     cached
Mem:          2.0G       1.9G        71M       2.4M       4.7M        66M
-/+ buffers/cache:       1.8G       142M
Swap:         8.0G       432M       7.6G

             total       used       free     shared    buffers     cached
Mem:          2.0G       1.9G        70M       2.4M       4.7M        66M
-/+ buffers/cache:       1.8G       141M
Swap:         8.0G       431M       7.6G

             total       used       free     shared    buffers     cached
Mem:          2.0G       1.9G        69M       2.4M       4.7M        66M
-/+ buffers/cache:       1.8G       140M
Swap:         8.0G       431M       7.6G

             total       used       free     shared    buffers     cached
Mem:          2.0G       1.9G        68M       2.4M       4.7M        66M
-/+ buffers/cache:       1.8G       139M
Swap:         8.0G       430M       7.6G

             total       used       free     shared    buffers     cached
Mem:          2.0G       1.9G        67M       2.4M       4.7M        66M
-/+ buffers/cache:       1.8G       138M
Swap:         8.0G       430M       7.6G

             total       used       free     shared    buffers     cached
Mem:          2.0G       1.9G        66M       2.4M       4.7M        66M
-/+ buffers/cache:       1.8G       137M
Swap:         8.0G       429M       7.6G

             total       used       free     shared    buffers     cached
Mem:          2.0G       1.9G        65M       2.4M       4.7M        66M
-/+ buffers/cache:       1.8G       136M
Swap:         8.0G       428M       7.6G

             total       used       free     shared    buffers     cached
Mem:          2.0G       1.9G        78M       2.4M       4.1M        65M
-/+ buffers/cache:       1.8G       148M
Swap:         8.0G       437M       7.6G

             total       used       free     shared    buffers     cached
Mem:          2.0G       1.9G        78M       2.4M       4.1M        65M
-/+ buffers/cache:       1.8G       147M
Swap:         8.0G       436M       7.6G

             total       used       free     shared    buffers     cached
Mem:          2.0G       1.9G        76M       2.4M       4.1M        65M
-/+ buffers/cache:       1.8G       146M
Swap:         8.0G       435M       7.6G

             total       used       free     shared    buffers     cached
Mem:          2.0G       1.9G        75M       2.4M       4.1M        65M
-/+ buffers/cache:       1.8G       145M
Swap:         8.0G       435M       7.6G

             total       used       free     shared    buffers     cached
Mem:          2.0G       1.9G        74M       2.4M       4.1M        65M
-/+ buffers/cache:       1.8G       144M
Swap:         8.0G       434M       7.6G

             total       used       free     shared    buffers     cached
Mem:          2.0G       1.9G        73M       2.4M       4.1M        65M
-/+ buffers/cache:       1.8G       143M
Swap:         8.0G       434M       7.6G

             total       used       free     shared    buffers     cached
Mem:          2.0G       1.9G        72M       2.4M       4.1M        65M
-/+ buffers/cache:       1.8G       142M
Swap:         8.0G       433M       7.6G

             total       used       free     shared    buffers     cached
Mem:          2.0G       1.9G        71M       2.4M       4.1M        65M
-/+ buffers/cache:       1.8G       141M
Swap:         8.0G       432M       7.6G

             total       used       free     shared    buffers     cached
Mem:          2.0G       1.9G        70M       2.4M       4.1M        65M
-/+ buffers/cache:       1.8G       140M
Swap:         8.0G       432M       7.6G

             total       used       free     shared    buffers     cached
Mem:          2.0G       1.9G        69M       2.4M       4.1M        65M
-/+ buffers/cache:       1.8G       138M
Swap:         8.0G       431M       7.6G

             total       used       free     shared    buffers     cached
Mem:          2.0G       1.9G        68M       2.4M       4.1M        65M
-/+ buffers/cache:       1.8G       138M
Swap:         8.0G       431M       7.6G

             total       used       free     shared    buffers     cached
Mem:          2.0G       1.9G        67M       2.4M       4.1M        65M
-/+ buffers/cache:       1.8G       137M
Swap:         8.0G       430M       7.6G

             total       used       free     shared    buffers     cached
Mem:          2.0G       1.9G        66M       2.4M       4.1M        65M
-/+ buffers/cache:       1.8G       135M
Swap:         8.0G       430M       7.6G

             total       used       free     shared    buffers     cached
Mem:          2.0G       1.9G        65M       2.4M       4.1M        65M
-/+ buffers/cache:       1.8G       134M
Swap:         8.0G       429M       7.6G

             total       used       free     shared    buffers     cached
Mem:          2.0G       1.9G        83M       2.4M       4.1M        61M
-/+ buffers/cache:       1.8G       149M
Swap:         8.0G       454M       7.6G

             total       used       free     shared    buffers     cached
Mem:          2.0G       1.9G        82M       2.4M       4.1M        61M
-/+ buffers/cache:       1.8G       148M
Swap:         8.0G       453M       7.6G

             total       used       free     shared    buffers     cached
Mem:          2.0G       1.9G        81M       2.4M       4.1M        61M
-/+ buffers/cache:       1.8G       147M
Swap:         8.0G       453M       7.6G

             total       used       free     shared    buffers     cached
Mem:          2.0G       1.9G        80M       2.4M       4.1M        61M
-/+ buffers/cache:       1.8G       145M
Swap:         8.0G       452M       7.6G

             total       used       free     shared    buffers     cached
Mem:          2.0G       1.9G        79M       2.4M       4.1M        61M
-/+ buffers/cache:       1.8G       145M
Swap:         8.0G       452M       7.6G

             total       used       free     shared    buffers     cached
Mem:          2.0G       1.9G        77M       2.4M       4.1M        61M
-/+ buffers/cache:       1.8G       143M
Swap:         8.0G       451M       7.6G

             total       used       free     shared    buffers     cached
Mem:          2.0G       1.9G        76M       2.4M       4.1M        61M
-/+ buffers/cache:       1.8G       142M
Swap:         8.0G       450M       7.6G

             total       used       free     shared    buffers     cached
Mem:          2.0G       1.9G        75M       2.4M       4.1M        61M
-/+ buffers/cache:       1.8G       141M
Swap:         8.0G       450M       7.6G

             total       used       free     shared    buffers     cached
Mem:          2.0G       1.9G        74M       2.4M       4.1M        61M
-/+ buffers/cache:       1.8G       140M
Swap:         8.0G       449M       7.6G

             total       used       free     shared    buffers     cached
Mem:          2.0G       1.9G        73M       2.4M       4.1M        62M
-/+ buffers/cache:       1.8G       139M
Swap:         8.0G       449M       7.6G

             total       used       free     shared    buffers     cached
Mem:          2.0G       1.9G        72M       2.4M       4.1M        62M
-/+ buffers/cache:       1.8G       138M
Swap:         8.0G       448M       7.6G

             total       used       free     shared    buffers     cached
Mem:          2.0G       1.9G        70M       2.4M       4.1M        62M
-/+ buffers/cache:       1.8G       137M
Swap:         8.0G       447M       7.6G

             total       used       free     shared    buffers     cached
Mem:          2.0G       1.9G        69M       2.4M       4.1M        62M
-/+ buffers/cache:       1.8G       136M
Swap:         8.0G       447M       7.6G

             total       used       free     shared    buffers     cached
Mem:          2.0G       1.9G        69M       2.4M       4.1M        62M
-/+ buffers/cache:       1.8G       135M
Swap:         8.0G       446M       7.6G

             total       used       free     shared    buffers     cached
Mem:          2.0G       1.9G        67M       2.4M       4.1M        62M
-/+ buffers/cache:       1.8G       133M
Swap:         8.0G       446M       7.6G

             total       used       free     shared    buffers     cached
Mem:          2.0G       1.9G        66M       2.4M       4.1M        62M
-/+ buffers/cache:       1.8G       132M
Swap:         8.0G       445M       7.6G

             total       used       free     shared    buffers     cached
Mem:          2.0G       1.9G        65M       2.4M       4.1M        62M
-/+ buffers/cache:       1.8G       131M
Swap:         8.0G       444M       7.6G

             total       used       free     shared    buffers     cached
Mem:          2.0G       1.9G        80M       2.4M       3.6M        61M
-/+ buffers/cache:       1.8G       146M
Swap:         8.0G       445M       7.6G

             total       used       free     shared    buffers     cached
Mem:          2.0G       1.9G        79M       2.4M       3.6M        61M
-/+ buffers/cache:       1.8G       145M
Swap:         8.0G       444M       7.6G

             total       used       free     shared    buffers     cached
Mem:          2.0G       1.9G        78M       2.4M       3.6M        61M
-/+ buffers/cache:       1.8G       144M
Swap:         8.0G       444M       7.6G

             total       used       free     shared    buffers     cached
Mem:          2.0G       1.9G        77M       2.4M       3.6M        61M
-/+ buffers/cache:       1.8G       142M
Swap:         8.0G       443M       7.6G

             total       used       free     shared    buffers     cached
Mem:          2.0G       1.9G        76M       2.4M       3.6M        61M
-/+ buffers/cache:       1.8G       141M
Swap:         8.0G       442M       7.6G

             total       used       free     shared    buffers     cached
Mem:          2.0G       1.9G        68M       2.4M       4.7M        65M
-/+ buffers/cache:       1.8G       139M
Swap:         8.0G       442M       7.6G

             total       used       free     shared    buffers     cached
Mem:          2.0G       1.9G        75M       2.5M       7.5M        70M
-/+ buffers/cache:       1.8G       153M
Swap:         8.0G       465M       7.5G
