             total       used       free     shared    buffers     cached
Mem:          992M       657M       334M       3.2M        38M       289M
-/+ buffers/cache:       330M       662M
Swap:         8.0G         0B       8.0G

             total       used       free     shared    buffers     cached
Mem:          992M       656M       335M       1.4M        38M       287M
-/+ buffers/cache:       330M       662M
Swap:         8.0G         0B       8.0G

             total       used       free     shared    buffers     cached
Mem:          992M       656M       335M       1.4M        38M       287M
-/+ buffers/cache:       330M       662M
Swap:         8.0G         0B       8.0G

             total       used       free     shared    buffers     cached
Mem:          992M       656M       335M       1.4M        38M       287M
-/+ buffers/cache:       330M       662M
Swap:         8.0G         0B       8.0G

             total       used       free     shared    buffers     cached
Mem:          992M       656M       335M       1.4M        38M       287M
-/+ buffers/cache:       330M       662M
Swap:         8.0G         0B       8.0G

             total       used       free     shared    buffers     cached
Mem:          992M       656M       335M       1.4M        38M       287M
-/+ buffers/cache:       330M       662M
Swap:         8.0G         0B       8.0G

             total       used       free     shared    buffers     cached
Mem:          992M       656M       336M       1.4M        38M       287M
-/+ buffers/cache:       329M       662M
Swap:         8.0G         0B       8.0G

             total       used       free     shared    buffers     cached
Mem:          992M       655M       336M       1.4M        38M       288M
-/+ buffers/cache:       329M       662M
Swap:         8.0G         0B       8.0G

             total       used       free     shared    buffers     cached
Mem:          992M       655M       336M       1.4M        38M       288M
-/+ buffers/cache:       329M       662M
Swap:         8.0G         0B       8.0G

             total       used       free     shared    buffers     cached
Mem:          992M       659M       332M       1.4M        38M       288M
-/+ buffers/cache:       332M       659M
Swap:         8.0G         0B       8.0G

             total       used       free     shared    buffers     cached
Mem:          992M       676M       316M       1.4M        38M       288M
-/+ buffers/cache:       349M       642M
Swap:         8.0G         0B       8.0G

             total       used       free     shared    buffers     cached
Mem:          992M       682M       309M       1.4M        38M       288M
-/+ buffers/cache:       355M       636M
Swap:         8.0G         0B       8.0G

             total       used       free     shared    buffers     cached
Mem:          992M       665M       327M       1.4M        38M       289M
-/+ buffers/cache:       337M       654M
Swap:         8.0G         0B       8.0G

             total       used       free     shared    buffers     cached
Mem:          992M       665M       327M       1.4M        38M       289M
-/+ buffers/cache:       337M       654M
Swap:         8.0G         0B       8.0G

             total       used       free     shared    buffers     cached
Mem:          992M       673M       318M       1.4M        38M       289M
-/+ buffers/cache:       344M       647M
Swap:         8.0G         0B       8.0G

             total       used       free     shared    buffers     cached
Mem:          992M       665M       326M       1.4M        38M       289M
-/+ buffers/cache:       337M       654M
Swap:         8.0G         0B       8.0G

             total       used       free     shared    buffers     cached
Mem:          992M       665M       326M       1.4M        38M       289M
-/+ buffers/cache:       337M       654M
Swap:         8.0G         0B       8.0G

             total       used       free     shared    buffers     cached
Mem:          992M       665M       326M       1.4M        38M       289M
-/+ buffers/cache:       337M       654M
Swap:         8.0G         0B       8.0G

             total       used       free     shared    buffers     cached
Mem:          992M       665M       326M       1.4M        38M       289M
-/+ buffers/cache:       337M       654M
Swap:         8.0G         0B       8.0G

             total       used       free     shared    buffers     cached
Mem:          992M       665M       326M       1.4M        38M       289M
-/+ buffers/cache:       337M       654M
Swap:         8.0G         0B       8.0G

             total       used       free     shared    buffers     cached
Mem:          992M       665M       326M       1.4M        38M       289M
-/+ buffers/cache:       337M       654M
Swap:         8.0G         0B       8.0G

             total       used       free     shared    buffers     cached
Mem:          992M       665M       326M       1.4M        38M       289M
-/+ buffers/cache:       337M       654M
Swap:         8.0G         0B       8.0G

             total       used       free     shared    buffers     cached
Mem:          992M       665M       326M       1.4M        38M       289M
-/+ buffers/cache:       337M       654M
Swap:         8.0G         0B       8.0G

             total       used       free     shared    buffers     cached
Mem:          992M       665M       326M       1.4M        38M       289M
-/+ buffers/cache:       337M       654M
Swap:         8.0G         0B       8.0G

             total       used       free     shared    buffers     cached
Mem:          992M       665M       326M       1.4M        38M       289M
-/+ buffers/cache:       337M       654M
Swap:         8.0G         0B       8.0G

             total       used       free     shared    buffers     cached
Mem:          992M       665M       326M       1.4M        38M       289M
-/+ buffers/cache:       337M       654M
Swap:         8.0G         0B       8.0G

             total       used       free     shared    buffers     cached
Mem:          992M       665M       326M       1.4M        38M       289M
-/+ buffers/cache:       337M       654M
Swap:         8.0G         0B       8.0G

             total       used       free     shared    buffers     cached
Mem:          992M       665M       326M       1.4M        38M       289M
-/+ buffers/cache:       337M       654M
Swap:         8.0G         0B       8.0G

             total       used       free     shared    buffers     cached
Mem:          992M       665M       326M       1.4M        38M       289M
-/+ buffers/cache:       337M       654M
Swap:         8.0G         0B       8.0G

             total       used       free     shared    buffers     cached
Mem:          992M       665M       326M       1.4M        38M       289M
-/+ buffers/cache:       337M       654M
Swap:         8.0G         0B       8.0G

             total       used       free     shared    buffers     cached
Mem:          992M       665M       326M       1.4M        38M       289M
-/+ buffers/cache:       337M       654M
Swap:         8.0G         0B       8.0G

             total       used       free     shared    buffers     cached
Mem:          992M       665M       326M       1.4M        38M       289M
-/+ buffers/cache:       337M       654M
Swap:         8.0G         0B       8.0G

             total       used       free     shared    buffers     cached
Mem:          992M       665M       326M       1.4M        38M       289M
-/+ buffers/cache:       337M       654M
Swap:         8.0G         0B       8.0G

             total       used       free     shared    buffers     cached
Mem:          992M       671M       321M       1.4M        38M       289M
-/+ buffers/cache:       342M       649M
Swap:         8.0G         0B       8.0G

             total       used       free     shared    buffers     cached
Mem:          992M       685M       306M       1.4M        38M       289M
-/+ buffers/cache:       357M       634M
Swap:         8.0G         0B       8.0G

             total       used       free     shared    buffers     cached
Mem:          992M       700M       292M       1.4M        38M       289M
-/+ buffers/cache:       371M       620M
Swap:         8.0G         0B       8.0G

             total       used       free     shared    buffers     cached
Mem:          992M       712M       279M       1.4M        38M       289M
-/+ buffers/cache:       384M       607M
Swap:         8.0G         0B       8.0G

             total       used       free     shared    buffers     cached
Mem:          992M       727M       265M       1.4M        38M       289M
-/+ buffers/cache:       398M       593M
Swap:         8.0G         0B       8.0G

             total       used       free     shared    buffers     cached
Mem:          992M       741M       251M       1.4M        38M       289M
-/+ buffers/cache:       412M       579M
Swap:         8.0G         0B       8.0G

             total       used       free     shared    buffers     cached
Mem:          992M       755M       237M       1.4M        38M       289M
-/+ buffers/cache:       426M       565M
Swap:         8.0G         0B       8.0G

             total       used       free     shared    buffers     cached
Mem:          992M       768M       224M       1.4M        38M       289M
-/+ buffers/cache:       439M       552M
Swap:         8.0G         0B       8.0G

             total       used       free     shared    buffers     cached
Mem:          992M       780M       211M       1.4M        38M       289M
-/+ buffers/cache:       452M       539M
Swap:         8.0G         0B       8.0G

             total       used       free     shared    buffers     cached
Mem:          992M       795M       196M       1.4M        38M       289M
-/+ buffers/cache:       467M       524M
Swap:         8.0G         0B       8.0G

             total       used       free     shared    buffers     cached
Mem:          992M       813M       178M       1.4M        38M       289M
-/+ buffers/cache:       485M       506M
Swap:         8.0G         0B       8.0G

             total       used       free     shared    buffers     cached
Mem:          992M       831M       160M       1.4M        38M       289M
-/+ buffers/cache:       503M       488M
Swap:         8.0G         0B       8.0G

             total       used       free     shared    buffers     cached
Mem:          992M       848M       143M       1.4M        38M       289M
-/+ buffers/cache:       520M       471M
Swap:         8.0G         0B       8.0G

             total       used       free     shared    buffers     cached
Mem:          992M       866M       125M       1.4M        38M       289M
-/+ buffers/cache:       538M       453M
Swap:         8.0G         0B       8.0G

             total       used       free     shared    buffers     cached
Mem:          992M       885M       106M       1.4M        38M       289M
-/+ buffers/cache:       557M       434M
Swap:         8.0G         0B       8.0G

             total       used       free     shared    buffers     cached
Mem:          992M       899M        92M       1.4M        38M       289M
-/+ buffers/cache:       571M       420M
Swap:         8.0G         0B       8.0G

             total       used       free     shared    buffers     cached
Mem:          992M       919M        72M       1.4M        38M       289M
-/+ buffers/cache:       591M       400M
Swap:         8.0G         0B       8.0G

             total       used       free     shared    buffers     cached
Mem:          992M       915M        76M       1.4M        17M       288M
-/+ buffers/cache:       610M       382M
Swap:         8.0G         0B       8.0G

             total       used       free     shared    buffers     cached
Mem:          992M       917M        74M       1.4M        10M       278M
-/+ buffers/cache:       628M       363M
Swap:         8.0G         0B       8.0G

             total       used       free     shared    buffers     cached
Mem:          992M       918M        73M       1.4M       9.6M       262M
-/+ buffers/cache:       646M       345M
Swap:         8.0G        72K       8.0G

             total       used       free     shared    buffers     cached
Mem:          992M       919M        72M       1.3M       9.6M       244M
-/+ buffers/cache:       665M       326M
Swap:         8.0G       404K       8.0G

             total       used       free     shared    buffers     cached
Mem:          992M       921M        70M       1.2M       9.6M       232M
-/+ buffers/cache:       679M       312M
Swap:         8.0G       4.6M       8.0G

             total       used       free     shared    buffers     cached
Mem:          992M       904M        87M       1.2M       9.6M       206M
-/+ buffers/cache:       688M       303M
Swap:         8.0G       9.0M       8.0G

             total       used       free     shared    buffers     cached
Mem:          992M       918M        73M       1.1M       9.6M       206M
-/+ buffers/cache:       702M       289M
Swap:         8.0G       9.0M       8.0G

             total       used       free     shared    buffers     cached
Mem:          992M       931M        60M       1.1M       9.6M       206M
-/+ buffers/cache:       715M       276M
Swap:         8.0G       9.0M       8.0G

             total       used       free     shared    buffers     cached
Mem:          992M       931M        60M       1.1M       2.8M       199M
-/+ buffers/cache:       729M       263M
Swap:         8.0G       9.0M       8.0G

             total       used       free     shared    buffers     cached
Mem:          992M       921M        71M       1.1M       320K       178M
-/+ buffers/cache:       742M       249M
Swap:         8.0G       9.0M       8.0G

             total       used       free     shared    buffers     cached
Mem:          992M       911M        80M       1.1M       192K       157M
-/+ buffers/cache:       754M       238M
Swap:         8.0G       9.0M       8.0G

             total       used       free     shared    buffers     cached
Mem:          992M       926M        65M       1.1M       192K       157M
-/+ buffers/cache:       769M       223M
Swap:         8.0G       9.0M       8.0G

             total       used       free     shared    buffers     cached
Mem:          992M       919M        72M       1.1M       408K       138M
-/+ buffers/cache:       780M       211M
Swap:         8.0G       9.0M       8.0G

             total       used       free     shared    buffers     cached
Mem:          992M       917M        74M       1.1M       256K       122M
-/+ buffers/cache:       795M       197M
Swap:         8.0G       9.0M       8.0G

             total       used       free     shared    buffers     cached
Mem:          992M       917M        74M       1.1M       256K       105M
-/+ buffers/cache:       811M       180M
Swap:         8.0G       9.0M       8.0G

             total       used       free     shared    buffers     cached
Mem:          992M       917M        74M       1.1M       256K        91M
-/+ buffers/cache:       826M       165M
Swap:         8.0G       9.0M       8.0G

             total       used       free     shared    buffers     cached
Mem:          992M       910M        81M       1.1M       268K        70M
-/+ buffers/cache:       839M       152M
Swap:         8.0G       9.0M       8.0G

             total       used       free     shared    buffers     cached
Mem:          992M       923M        68M       1.1M       276K        70M
-/+ buffers/cache:       852M       139M
Swap:         8.0G       9.0M       8.0G

             total       used       free     shared    buffers     cached
Mem:          992M       923M        68M       1.1M       424K        57M
-/+ buffers/cache:       865M       126M
Swap:         8.0G       9.0M       8.0G

             total       used       free     shared    buffers     cached
Mem:          992M       915M        76M       1.1M       3.2M        34M
-/+ buffers/cache:       878M       114M
Swap:         8.0G       9.0M       8.0G

             total       used       free     shared    buffers     cached
Mem:          992M       915M        76M       1.1M       3.2M        21M
-/+ buffers/cache:       891M       100M
Swap:         8.0G       9.1M       8.0G

             total       used       free     shared    buffers     cached
Mem:          992M       926M        66M       1.1M       3.2M        18M
-/+ buffers/cache:       904M        87M
Swap:         8.0G       9.2M       8.0G

             total       used       free     shared    buffers     cached
Mem:          992M       924M        68M       1.0M        84K       9.1M
-/+ buffers/cache:       914M        77M
Swap:         8.0G        12M       8.0G

             total       used       free     shared    buffers     cached
Mem:          992M       920M        71M       716K        84K       2.8M
-/+ buffers/cache:       917M        74M
Swap:         8.0G        36M       8.0G

             total       used       free     shared    buffers     cached
Mem:          992M       916M        75M       712K       356K       2.8M
-/+ buffers/cache:       913M        78M
Swap:         8.0G        45M       8.0G

             total       used       free     shared    buffers     cached
Mem:          992M       917M        75M       712K       332K       2.6M
-/+ buffers/cache:       914M        78M
Swap:         8.0G        66M       7.9G

             total       used       free     shared    buffers     cached
Mem:          992M       916M        76M       708K       332K       2.8M
-/+ buffers/cache:       912M        79M
Swap:         8.0G        70M       7.9G

             total       used       free     shared    buffers     cached
Mem:          992M       909M        82M       656K       340K       2.7M
-/+ buffers/cache:       906M        85M
Swap:         8.0G       103M       7.9G

             total       used       free     shared    buffers     cached
Mem:          992M       922M        69M       660K       340K       2.7M
-/+ buffers/cache:       919M        72M
Swap:         8.0G       103M       7.9G

             total       used       free     shared    buffers     cached
Mem:          992M       922M        69M       660K       332K       2.9M
-/+ buffers/cache:       919M        72M
Swap:         8.0G       103M       7.9G

             total       used       free     shared    buffers     cached
Mem:          992M       917M        74M       660K       332K       2.8M
-/+ buffers/cache:       914M        77M
Swap:         8.0G       137M       7.9G

             total       used       free     shared    buffers     cached
Mem:          992M       913M        78M       656K       332K       2.8M
-/+ buffers/cache:       910M        81M
Swap:         8.0G       137M       7.9G

             total       used       free     shared    buffers     cached
Mem:          992M       912M        79M       656K       340K       2.7M
-/+ buffers/cache:       909M        82M
Swap:         8.0G       160M       7.8G

             total       used       free     shared    buffers     cached
Mem:          992M       913M        78M       604K       320K       2.6M
-/+ buffers/cache:       910M        81M
Swap:         8.0G       179M       7.8G

             total       used       free     shared    buffers     cached
Mem:          992M       918M        74M       576K       280K       2.6M
-/+ buffers/cache:       915M        77M
Swap:         8.0G       184M       7.8G

             total       used       free     shared    buffers     cached
Mem:          992M       911M        80M       572K        84K       2.7M
-/+ buffers/cache:       908M        83M
Swap:         8.0G       214M       7.8G

             total       used       free     shared    buffers     cached
Mem:          992M       925M        66M       572K        84K       2.8M
-/+ buffers/cache:       922M        69M
Swap:         8.0G       214M       7.8G

             total       used       free     shared    buffers     cached
Mem:          992M       925M        66M       572K        92K       2.7M
-/+ buffers/cache:       922M        69M
Swap:         8.0G       219M       7.8G

             total       used       free     shared    buffers     cached
Mem:          992M       924M        67M       556K        92K       2.7M
-/+ buffers/cache:       921M        70M
Swap:         8.0G       241M       7.8G

             total       used       free     shared    buffers     cached
Mem:          992M       919M        73M       544K        92K       2.6M
-/+ buffers/cache:       916M        75M
Swap:         8.0G       252M       7.8G

             total       used       free     shared    buffers     cached
Mem:          992M       909M        82M       544K        92K       2.5M
-/+ buffers/cache:       906M        85M
Swap:         8.0G       278M       7.7G

             total       used       free     shared    buffers     cached
Mem:          992M       916M        76M       544K        92K       2.5M
-/+ buffers/cache:       913M        78M
Swap:         8.0G       278M       7.7G

             total       used       free     shared    buffers     cached
Mem:          992M       923M        68M       544K        92K       2.5M
-/+ buffers/cache:       921M        70M
Swap:         8.0G       278M       7.7G

             total       used       free     shared    buffers     cached
Mem:          992M       913M        79M       544K       100K       2.3M
-/+ buffers/cache:       910M        81M
Swap:         8.0G       294M       7.7G

             total       used       free     shared    buffers     cached
Mem:          992M       919M        73M       544K       100K       2.4M
-/+ buffers/cache:       916M        75M
Swap:         8.0G       294M       7.7G

             total       used       free     shared    buffers     cached
Mem:          992M       924M        67M       544K       100K       2.4M
-/+ buffers/cache:       922M        69M
Swap:         8.0G       294M       7.7G

             total       used       free     shared    buffers     cached
Mem:          992M       915M        76M       544K       100K       2.3M
-/+ buffers/cache:       913M        78M
Swap:         8.0G       309M       7.7G

             total       used       free     shared    buffers     cached
Mem:          992M       920M        71M       544K       100K       2.3M
-/+ buffers/cache:       918M        73M
Swap:         8.0G       309M       7.7G

             total       used       free     shared    buffers     cached
Mem:          992M       912M        80M       544K        84K       2.2M
-/+ buffers/cache:       909M        82M
Swap:         8.0G       322M       7.7G

             total       used       free     shared    buffers     cached
Mem:          992M       915M        76M       544K        88K       2.2M
-/+ buffers/cache:       913M        78M
Swap:         8.0G       322M       7.7G

             total       used       free     shared    buffers     cached
Mem:          992M       921M        70M       544K        88K       2.2M
-/+ buffers/cache:       918M        73M
Swap:         8.0G       322M       7.7G

             total       used       free     shared    buffers     cached
Mem:          992M       911M        80M       544K        88K       2.1M
-/+ buffers/cache:       909M        82M
Swap:         8.0G       339M       7.7G

             total       used       free     shared    buffers     cached
Mem:          992M       924M        67M       540K        88K       2.1M
-/+ buffers/cache:       922M        69M
Swap:         8.0G       325M       7.7G

             total       used       free     shared    buffers     cached
Mem:          992M       918M        73M         4K        92K       1.5M
-/+ buffers/cache:       917M        74M
Swap:         8.0G       332M       7.7G

             total       used       free     shared    buffers     cached
Mem:          992M       923M        68M         4K        92K       1.4M
-/+ buffers/cache:       922M        69M
Swap:         8.0G       335M       7.7G

             total       used       free     shared    buffers     cached
Mem:          992M       912M        79M         4K        80K       1.3M
-/+ buffers/cache:       911M        81M
Swap:         8.0G       326M       7.7G

             total       used       free     shared    buffers     cached
Mem:          992M       918M        74M         0B        80K       1.3M
-/+ buffers/cache:       916M        75M
Swap:         8.0G       323M       7.7G

             total       used       free     shared    buffers     cached
Mem:          992M       916M        75M         0B        76K        11M
-/+ buffers/cache:       904M        87M
Swap:         8.0G       342M       7.7G

             total       used       free     shared    buffers     cached
Mem:          992M       919M        73M         0B       104K       4.8M
-/+ buffers/cache:       914M        78M
Swap:         8.0G       349M       7.7G

             total       used       free     shared    buffers     cached
Mem:          992M       919M        72M         0B       108K       5.1M
-/+ buffers/cache:       914M        78M
Swap:         8.0G       349M       7.7G

             total       used       free     shared    buffers     cached
Mem:          992M       913M        78M         0B       856K       8.4M
-/+ buffers/cache:       904M        87M
Swap:         8.0G       356M       7.6G

             total       used       free     shared    buffers     cached
Mem:          992M       915M        76M        40K       216K        23M
-/+ buffers/cache:       891M       100M
Swap:         8.0G       373M       7.6G

             total       used       free     shared    buffers     cached
Mem:          992M       912M        79M        40K        96K       1.6M
-/+ buffers/cache:       911M        81M
Swap:         8.0G       364M       7.6G

             total       used       free     shared    buffers     cached
Mem:          992M       918M        74M        40K       104K       5.4M
-/+ buffers/cache:       912M        79M
Swap:         8.0G       366M       7.6G

             total       used       free     shared    buffers     cached
Mem:          992M       916M        75M        40K       472K        25M
-/+ buffers/cache:       891M       101M
Swap:         8.0G       382M       7.6G

             total       used       free     shared    buffers     cached
Mem:          992M       916M        75M        40K        88K        20M
-/+ buffers/cache:       895M        96M
Swap:         8.0G       371M       7.6G

             total       used       free     shared    buffers     cached
Mem:          992M       919M        72M        40K        88K        21M
-/+ buffers/cache:       898M        93M
Swap:         8.0G       369M       7.6G

             total       used       free     shared    buffers     cached
Mem:          992M       924M        67M        40K        88K        21M
-/+ buffers/cache:       903M        88M
Swap:         8.0G       368M       7.6G

             total       used       free     shared    buffers     cached
Mem:          992M       915M        76M        40K        76K        12M
-/+ buffers/cache:       902M        89M
Swap:         8.0G       376M       7.6G

             total       used       free     shared    buffers     cached
Mem:          992M       920M        71M        40K        84K        13M
-/+ buffers/cache:       907M        84M
Swap:         8.0G       376M       7.6G

             total       used       free     shared    buffers     cached
Mem:          992M       926M        65M        40K        88K        13M
-/+ buffers/cache:       913M        78M
Swap:         8.0G       376M       7.6G

             total       used       free     shared    buffers     cached
Mem:          992M       918M        74M        40K        76K       4.2M
-/+ buffers/cache:       913M        78M
Swap:         8.0G       377M       7.6G

             total       used       free     shared    buffers     cached
Mem:          992M       924M        68M        40K       340K       4.3M
-/+ buffers/cache:       919M        72M
Swap:         8.0G       377M       7.6G

             total       used       free     shared    buffers     cached
Mem:          992M       914M        77M        40K       340K       3.2M
-/+ buffers/cache:       911M        81M
Swap:         8.0G       396M       7.6G

             total       used       free     shared    buffers     cached
Mem:          992M       919M        72M        40K       348K       3.2M
-/+ buffers/cache:       915M        76M
Swap:         8.0G       396M       7.6G

             total       used       free     shared    buffers     cached
Mem:          992M       925M        67M        40K       348K       3.2M
-/+ buffers/cache:       921M        70M
Swap:         8.0G       396M       7.6G

             total       used       free     shared    buffers     cached
Mem:          992M       911M        80M        40K       348K       2.7M
-/+ buffers/cache:       908M        83M
Swap:         8.0G       402M       7.6G

             total       used       free     shared    buffers     cached
Mem:          992M       915M        77M        40K       348K       3.5M
-/+ buffers/cache:       911M        80M
Swap:         8.0G       401M       7.6G

             total       used       free     shared    buffers     cached
Mem:          992M       917M        74M        40K       348K       3.5M
-/+ buffers/cache:       913M        78M
Swap:         8.0G       400M       7.6G

             total       used       free     shared    buffers     cached
Mem:          992M       919M        72M        40K       356K       3.8M
-/+ buffers/cache:       915M        76M
Swap:         8.0G       399M       7.6G

             total       used       free     shared    buffers     cached
Mem:          992M       922M        70M        40K       356K       3.8M
-/+ buffers/cache:       917M        74M
Swap:         8.0G       398M       7.6G

             total       used       free     shared    buffers     cached
Mem:          992M       924M        67M        40K       356K       3.8M
-/+ buffers/cache:       920M        72M
Swap:         8.0G       397M       7.6G

             total       used       free     shared    buffers     cached
Mem:          992M       926M        65M        40K       356K       3.9M
-/+ buffers/cache:       922M        69M
Swap:         8.0G       396M       7.6G

             total       used       free     shared    buffers     cached
Mem:          992M       897M        94M        40K       272K       2.6M
-/+ buffers/cache:       894M        97M
Swap:         8.0G       436M       7.6G

             total       used       free     shared    buffers     cached
Mem:          992M       899M        92M        40K       272K       2.5M
-/+ buffers/cache:       896M        95M
Swap:         8.0G       435M       7.6G

             total       used       free     shared    buffers     cached
Mem:          992M       901M        90M        40K       280K       2.6M
-/+ buffers/cache:       898M        93M
Swap:         8.0G       435M       7.6G

             total       used       free     shared    buffers     cached
Mem:          992M       903M        88M        40K       280K       2.5M
-/+ buffers/cache:       900M        91M
Swap:         8.0G       434M       7.6G

             total       used       free     shared    buffers     cached
Mem:          992M       905M        86M        40K       280K       2.6M
-/+ buffers/cache:       902M        89M
Swap:         8.0G       433M       7.6G

             total       used       free     shared    buffers     cached
Mem:          992M       907M        84M        40K       280K       2.7M
-/+ buffers/cache:       904M        87M
Swap:         8.0G       432M       7.6G

             total       used       free     shared    buffers     cached
Mem:          992M       910M        82M        40K       280K       2.7M
-/+ buffers/cache:       907M        85M
Swap:         8.0G       431M       7.6G

             total       used       free     shared    buffers     cached
Mem:          992M       912M        80M        40K       288K       2.7M
-/+ buffers/cache:       909M        83M
Swap:         8.0G       430M       7.6G

             total       used       free     shared    buffers     cached
Mem:          992M       914M        77M        40K       288K       2.7M
-/+ buffers/cache:       911M        80M
Swap:         8.0G       429M       7.6G

             total       used       free     shared    buffers     cached
Mem:          992M       916M        76M        40K       288K       2.7M
-/+ buffers/cache:       913M        79M
Swap:         8.0G       428M       7.6G

             total       used       free     shared    buffers     cached
Mem:          992M       918M        73M        40K       288K       2.7M
-/+ buffers/cache:       915M        76M
Swap:         8.0G       427M       7.6G

             total       used       free     shared    buffers     cached
Mem:          992M       920M        71M        40K       288K       2.7M
-/+ buffers/cache:       917M        74M
Swap:         8.0G       426M       7.6G

             total       used       free     shared    buffers     cached
Mem:          992M       922M        69M        40K       296K       2.7M
-/+ buffers/cache:       919M        72M
Swap:         8.0G       425M       7.6G

             total       used       free     shared    buffers     cached
Mem:          992M       924M        67M        40K       296K       2.7M
-/+ buffers/cache:       921M        70M
Swap:         8.0G       424M       7.6G

             total       used       free     shared    buffers     cached
Mem:          992M       926M        65M        40K       300K       2.7M
-/+ buffers/cache:       923M        68M
Swap:         8.0G       423M       7.6G

             total       used       free     shared    buffers     cached
Mem:          992M       915M        77M        40K       196K       2.7M
-/+ buffers/cache:       912M        79M
Swap:         8.0G       422M       7.6G

             total       used       free     shared    buffers     cached
Mem:          992M       917M        74M        40K       196K       2.7M
-/+ buffers/cache:       914M        77M
Swap:         8.0G       421M       7.6G

             total       used       free     shared    buffers     cached
Mem:          992M       919M        72M        40K       196K       2.7M
-/+ buffers/cache:       916M        75M
Swap:         8.0G       420M       7.6G

             total       used       free     shared    buffers     cached
Mem:          992M       921M        70M        40K       204K       2.7M
-/+ buffers/cache:       918M        73M
Swap:         8.0G       419M       7.6G

             total       used       free     shared    buffers     cached
Mem:          992M       923M        68M        40K       204K       2.6M
-/+ buffers/cache:       920M        71M
Swap:         8.0G       418M       7.6G

             total       used       free     shared    buffers     cached
Mem:          992M       925M        66M        40K       204K       2.7M
-/+ buffers/cache:       923M        69M
Swap:         8.0G       418M       7.6G

             total       used       free     shared    buffers     cached
Mem:          992M       911M        80M        40K        96K       2.4M
-/+ buffers/cache:       908M        83M
Swap:         8.0G       441M       7.6G

             total       used       free     shared    buffers     cached
Mem:          992M       913M        78M        40K        96K       2.4M
-/+ buffers/cache:       910M        81M
Swap:         8.0G       440M       7.6G

             total       used       free     shared    buffers     cached
Mem:          992M       915M        76M        40K       104K       2.4M
-/+ buffers/cache:       912M        79M
Swap:         8.0G       439M       7.6G

             total       used       free     shared    buffers     cached
Mem:          992M       917M        74M        40K       104K       2.4M
-/+ buffers/cache:       914M        77M
Swap:         8.0G       438M       7.6G

             total       used       free     shared    buffers     cached
Mem:          992M       919M        72M        40K       104K       2.4M
-/+ buffers/cache:       916M        75M
Swap:         8.0G       437M       7.6G

             total       used       free     shared    buffers     cached
Mem:          992M       921M        70M        40K       104K       2.4M
-/+ buffers/cache:       919M        72M
Swap:         8.0G       436M       7.6G

             total       used       free     shared    buffers     cached
Mem:          992M       923M        68M        40K       104K       2.4M
-/+ buffers/cache:       921M        70M
Swap:         8.0G       436M       7.6G

             total       used       free     shared    buffers     cached
Mem:          992M       926M        66M        40K       112K       2.5M
-/+ buffers/cache:       923M        68M
Swap:         8.0G       435M       7.6G

             total       used       free     shared    buffers     cached
Mem:          992M       916M        75M        40K       100K       2.4M
-/+ buffers/cache:       913M        78M
Swap:         8.0G       441M       7.6G

             total       used       free     shared    buffers     cached
Mem:          992M       918M        73M        40K       100K       2.4M
-/+ buffers/cache:       915M        76M
Swap:         8.0G       440M       7.6G

             total       used       free     shared    buffers     cached
Mem:          992M       920M        71M        40K       100K       2.4M
-/+ buffers/cache:       917M        74M
Swap:         8.0G       439M       7.6G

             total       used       free     shared    buffers     cached
Mem:          992M       922M        69M        40K       100K       2.3M
-/+ buffers/cache:       919M        72M
Swap:         8.0G       438M       7.6G

             total       used       free     shared    buffers     cached
Mem:          992M       915M        77M        40K        76K        21M
-/+ buffers/cache:       893M        98M
Swap:         8.0G       458M       7.5G

             total       used       free     shared    buffers     cached
Mem:          992M       922M        69M        44K       1.7M        24M
-/+ buffers/cache:       896M        95M
Swap:         8.0G       457M       7.6G

             total       used       free     shared    buffers     cached
Mem:          992M       924M        68M        44K       1.7M        24M
-/+ buffers/cache:       898M        94M
Swap:         8.0G       456M       7.6G

             total       used       free     shared    buffers     cached
Mem:          992M       926M        65M        44K       1.7M        24M
-/+ buffers/cache:       900M        91M
Swap:         8.0G       455M       7.6G

             total       used       free     shared    buffers     cached
Mem:          992M       898M        93M        44K       1.7M        22M
-/+ buffers/cache:       874M       117M
Swap:         8.0G       481M       7.5G

             total       used       free     shared    buffers     cached
Mem:          992M       900M        91M        44K       1.7M        22M
-/+ buffers/cache:       876M       116M
Swap:         8.0G       480M       7.5G

             total       used       free     shared    buffers     cached
Mem:          992M       901M        90M        44K       1.7M        22M
-/+ buffers/cache:       877M       115M
Swap:         8.0G       480M       7.5G

             total       used       free     shared    buffers     cached
Mem:          992M       904M        88M        44K       1.7M        22M
-/+ buffers/cache:       879M       112M
Swap:         8.0G       479M       7.5G

             total       used       free     shared    buffers     cached
Mem:          992M       907M        85M        44K       1.7M        24M
-/+ buffers/cache:       881M       110M
Swap:         8.0G       478M       7.5G

             total       used       free     shared    buffers     cached
Mem:          992M       908M        84M        44K       1.7M        24M
-/+ buffers/cache:       882M       110M
Swap:         8.0G       478M       7.5G

             total       used       free     shared    buffers     cached
Mem:          992M       909M        82M        44K       1.7M        24M
-/+ buffers/cache:       883M       108M
Swap:         8.0G       477M       7.5G

             total       used       free     shared    buffers     cached
Mem:          992M       910M        81M        44K       1.7M        24M
-/+ buffers/cache:       884M       107M
Swap:         8.0G       477M       7.5G

             total       used       free     shared    buffers     cached
Mem:          992M       911M        80M        44K       1.7M        24M
-/+ buffers/cache:       885M       106M
Swap:         8.0G       476M       7.5G

             total       used       free     shared    buffers     cached
Mem:          992M       912M        79M        44K       1.7M        24M
-/+ buffers/cache:       886M       105M
Swap:         8.0G       476M       7.5G

             total       used       free     shared    buffers     cached
Mem:          992M       915M        76M        44K       2.0M        24M
-/+ buffers/cache:       888M       103M
Swap:         8.0G       475M       7.5G

             total       used       free     shared    buffers     cached
Mem:          992M       898M        93M        44K       2.1M        29M
-/+ buffers/cache:       866M       125M
Swap:         8.0G       506M       7.5G

             total       used       free     shared    buffers     cached
Mem:          992M       899M        92M        44K       2.1M        29M
-/+ buffers/cache:       867M       125M
Swap:         8.0G       505M       7.5G

             total       used       free     shared    buffers     cached
Mem:          992M       900M        91M        44K       2.1M        29M
-/+ buffers/cache:       868M       123M
Swap:         8.0G       505M       7.5G

             total       used       free     shared    buffers     cached
Mem:          992M       901M        90M        44K       2.1M        29M
-/+ buffers/cache:       869M       122M
Swap:         8.0G       504M       7.5G

             total       used       free     shared    buffers     cached
Mem:          992M       902M        89M        44K       2.1M        29M
-/+ buffers/cache:       870M       121M
Swap:         8.0G       504M       7.5G

             total       used       free     shared    buffers     cached
Mem:          992M       903M        88M        44K       2.1M        29M
-/+ buffers/cache:       871M       120M
Swap:         8.0G       503M       7.5G

             total       used       free     shared    buffers     cached
Mem:          992M       905M        86M        44K       2.1M        30M
-/+ buffers/cache:       873M       119M
Swap:         8.0G       503M       7.5G

             total       used       free     shared    buffers     cached
Mem:          992M       908M        83M        44K       2.1M        31M
-/+ buffers/cache:       875M       117M
Swap:         8.0G       502M       7.5G

             total       used       free     shared    buffers     cached
Mem:          992M       909M        82M        44K       2.1M        31M
-/+ buffers/cache:       876M       115M
Swap:         8.0G       501M       7.5G

             total       used       free     shared    buffers     cached
Mem:          992M       910M        81M        44K       2.1M        31M
-/+ buffers/cache:       877M       114M
Swap:         8.0G       501M       7.5G

             total       used       free     shared    buffers     cached
Mem:          992M       912M        80M        44K       2.1M        31M
-/+ buffers/cache:       878M       113M
Swap:         8.0G       500M       7.5G

             total       used       free     shared    buffers     cached
Mem:          992M       913M        79M        44K       2.1M        31M
-/+ buffers/cache:       879M       112M
Swap:         8.0G       500M       7.5G

             total       used       free     shared    buffers     cached
Mem:          992M       914M        77M        44K       2.1M        31M
-/+ buffers/cache:       880M       111M
Swap:         8.0G       499M       7.5G

             total       used       free     shared    buffers     cached
Mem:          992M       915M        76M        44K       2.2M        31M
-/+ buffers/cache:       882M       110M
Swap:         8.0G       498M       7.5G

             total       used       free     shared    buffers     cached
Mem:          992M       916M        75M        44K       2.2M        31M
-/+ buffers/cache:       883M       109M
Swap:         8.0G       498M       7.5G

             total       used       free     shared    buffers     cached
Mem:          992M       917M        74M        44K       2.2M        31M
-/+ buffers/cache:       884M       107M
Swap:         8.0G       497M       7.5G

             total       used       free     shared    buffers     cached
Mem:          992M       919M        72M        44K       2.2M        31M
-/+ buffers/cache:       885M       106M
Swap:         8.0G       497M       7.5G

             total       used       free     shared    buffers     cached
Mem:          992M       920M        71M        44K       2.2M        31M
-/+ buffers/cache:       887M       105M
Swap:         8.0G       496M       7.5G

             total       used       free     shared    buffers     cached
Mem:          992M       921M        70M        44K       2.2M        31M
-/+ buffers/cache:       888M       104M
Swap:         8.0G       496M       7.5G

             total       used       free     shared    buffers     cached
Mem:          992M       922M        69M        44K       2.2M        31M
-/+ buffers/cache:       889M       102M
Swap:         8.0G       495M       7.5G

             total       used       free     shared    buffers     cached
Mem:          992M       923M        68M        44K       2.2M        31M
-/+ buffers/cache:       890M       101M
Swap:         8.0G       494M       7.5G

             total       used       free     shared    buffers     cached
Mem:          992M       925M        67M        44K       2.2M        31M
-/+ buffers/cache:       891M       100M
Swap:         8.0G       494M       7.5G

             total       used       free     shared    buffers     cached
Mem:          992M       926M        65M        44K       2.2M        31M
-/+ buffers/cache:       892M        99M
Swap:         8.0G       493M       7.5G

             total       used       free     shared    buffers     cached
Mem:          992M       927M        64M        44K       2.2M        31M
-/+ buffers/cache:       893M        98M
Swap:         8.0G       493M       7.5G

             total       used       free     shared    buffers     cached
Mem:          992M       915M        76M        44K       2.2M        30M
-/+ buffers/cache:       882M       109M
Swap:         8.0G       496M       7.5G

             total       used       free     shared    buffers     cached
Mem:          992M       916M        75M        44K       2.2M        30M
-/+ buffers/cache:       883M       108M
Swap:         8.0G       495M       7.5G

             total       used       free     shared    buffers     cached
Mem:          992M       917M        74M        44K       2.2M        30M
-/+ buffers/cache:       884M       107M
Swap:         8.0G       495M       7.5G

             total       used       free     shared    buffers     cached
Mem:          992M       919M        72M        44K       2.2M        30M
-/+ buffers/cache:       886M       105M
Swap:         8.0G       494M       7.5G

             total       used       free     shared    buffers     cached
Mem:          992M       920M        71M        44K       2.2M        30M
-/+ buffers/cache:       887M       104M
Swap:         8.0G       493M       7.5G

             total       used       free     shared    buffers     cached
Mem:          992M       921M        70M        44K       2.2M        30M
-/+ buffers/cache:       888M       103M
Swap:         8.0G       493M       7.5G

             total       used       free     shared    buffers     cached
Mem:          992M       923M        69M        44K       2.2M        30M
-/+ buffers/cache:       890M       102M
Swap:         8.0G       492M       7.5G

             total       used       free     shared    buffers     cached
Mem:          992M       924M        67M        44K       2.2M        30M
-/+ buffers/cache:       891M       100M
Swap:         8.0G       492M       7.5G

             total       used       free     shared    buffers     cached
Mem:          992M       925M        66M        44K       2.2M        30M
-/+ buffers/cache:       892M        99M
Swap:         8.0G       491M       7.5G

             total       used       free     shared    buffers     cached
Mem:          992M       926M        65M        44K       2.2M        30M
-/+ buffers/cache:       893M        98M
Swap:         8.0G       490M       7.5G

             total       used       free     shared    buffers     cached
Mem:          992M       916M        75M        44K       2.2M        30M
-/+ buffers/cache:       883M       108M
Swap:         8.0G       497M       7.5G

             total       used       free     shared    buffers     cached
Mem:          992M       917M        74M        44K       2.2M        30M
-/+ buffers/cache:       885M       107M
Swap:         8.0G       496M       7.5G

             total       used       free     shared    buffers     cached
Mem:          992M       918M        73M        44K       2.2M        30M
-/+ buffers/cache:       886M       105M
Swap:         8.0G       496M       7.5G

             total       used       free     shared    buffers     cached
Mem:          992M       920M        72M        44K       2.2M        30M
-/+ buffers/cache:       887M       104M
Swap:         8.0G       495M       7.5G

             total       used       free     shared    buffers     cached
Mem:          992M       921M        70M        44K       2.2M        30M
-/+ buffers/cache:       888M       103M
Swap:         8.0G       494M       7.5G

             total       used       free     shared    buffers     cached
Mem:          992M       922M        69M        44K       2.2M        30M
-/+ buffers/cache:       889M       102M
Swap:         8.0G       494M       7.5G

             total       used       free     shared    buffers     cached
Mem:          992M       923M        68M        44K       2.2M        30M
-/+ buffers/cache:       891M       100M
Swap:         8.0G       493M       7.5G

             total       used       free     shared    buffers     cached
Mem:          992M       925M        67M        44K       2.2M        30M
-/+ buffers/cache:       892M        99M
Swap:         8.0G       492M       7.5G

             total       used       free     shared    buffers     cached
Mem:          992M       926M        65M        44K       2.2M        30M
-/+ buffers/cache:       893M        98M
Swap:         8.0G       492M       7.5G

             total       used       free     shared    buffers     cached
Mem:          992M       913M        78M        44K       2.2M        28M
-/+ buffers/cache:       882M       109M
Swap:         8.0G       514M       7.5G

             total       used       free     shared    buffers     cached
Mem:          992M       914M        77M        44K       2.2M        28M
-/+ buffers/cache:       884M       108M
Swap:         8.0G       513M       7.5G

             total       used       free     shared    buffers     cached
Mem:          992M       917M        74M        44K       2.2M        30M
-/+ buffers/cache:       885M       106M
Swap:         8.0G       513M       7.5G

             total       used       free     shared    buffers     cached
Mem:          992M       919M        72M        44K       2.2M        30M
-/+ buffers/cache:       886M       105M
Swap:         8.0G       512M       7.5G

             total       used       free     shared    buffers     cached
Mem:          992M       920M        71M        44K       2.2M        30M
-/+ buffers/cache:       887M       104M
Swap:         8.0G       511M       7.5G

             total       used       free     shared    buffers     cached
Mem:          992M       921M        70M        44K       2.2M        30M
-/+ buffers/cache:       889M       103M
Swap:         8.0G       511M       7.5G

             total       used       free     shared    buffers     cached
Mem:          992M       923M        69M        44K       2.2M        30M
-/+ buffers/cache:       890M       101M
Swap:         8.0G       510M       7.5G

             total       used       free     shared    buffers     cached
Mem:          992M       924M        67M        44K       2.2M        30M
-/+ buffers/cache:       891M       100M
Swap:         8.0G       509M       7.5G

             total       used       free     shared    buffers     cached
Mem:          992M       925M        66M        44K       2.2M        30M
-/+ buffers/cache:       893M        99M
Swap:         8.0G       508M       7.5G

             total       used       free     shared    buffers     cached
Mem:          992M       927M        65M        44K       2.2M        30M
-/+ buffers/cache:       894M        97M
Swap:         8.0G       508M       7.5G

             total       used       free     shared    buffers     cached
Mem:          992M       912M        79M        44K       1.7M        29M
-/+ buffers/cache:       881M       110M
Swap:         8.0G       507M       7.5G

             total       used       free     shared    buffers     cached
Mem:          992M       914M        78M        44K       1.7M        29M
-/+ buffers/cache:       883M       108M
Swap:         8.0G       506M       7.5G

             total       used       free     shared    buffers     cached
Mem:          992M       915M        76M        44K       1.7M        29M
-/+ buffers/cache:       884M       107M
Swap:         8.0G       506M       7.5G

             total       used       free     shared    buffers     cached
Mem:          992M       917M        75M        44K       1.7M        29M
-/+ buffers/cache:       886M       106M
Swap:         8.0G       505M       7.5G

             total       used       free     shared    buffers     cached
Mem:          992M       918M        74M        44K       1.7M        29M
-/+ buffers/cache:       887M       104M
Swap:         8.0G       504M       7.5G

             total       used       free     shared    buffers     cached
Mem:          992M       919M        72M        44K       1.7M        29M
-/+ buffers/cache:       888M       103M
Swap:         8.0G       503M       7.5G

             total       used       free     shared    buffers     cached
Mem:          992M       920M        71M        44K       1.7M        29M
-/+ buffers/cache:       889M       102M
Swap:         8.0G       503M       7.5G

             total       used       free     shared    buffers     cached
Mem:          992M       922M        70M        44K       1.7M        29M
-/+ buffers/cache:       891M       101M
Swap:         8.0G       502M       7.5G

             total       used       free     shared    buffers     cached
Mem:          992M       923M        68M        44K       1.7M        29M
-/+ buffers/cache:       892M        99M
Swap:         8.0G       501M       7.5G

             total       used       free     shared    buffers     cached
Mem:          992M       925M        67M        44K       1.7M        29M
-/+ buffers/cache:       893M        98M
Swap:         8.0G       501M       7.5G

             total       used       free     shared    buffers     cached
Mem:          992M       899M        92M        44K       140K        23M
-/+ buffers/cache:       876M       115M
Swap:         8.0G       523M       7.5G

             total       used       free     shared    buffers     cached
Mem:          992M       902M        90M        44K       172K        23M
-/+ buffers/cache:       878M       113M
Swap:         8.0G       522M       7.5G

             total       used       free     shared    buffers     cached
Mem:          992M       903M        88M        48K       172K        23M
-/+ buffers/cache:       879M       112M
Swap:         8.0G       522M       7.5G

             total       used       free     shared    buffers     cached
Mem:          992M       905M        86M        48K       172K        23M
-/+ buffers/cache:       881M       110M
Swap:         8.0G       521M       7.5G

             total       used       free     shared    buffers     cached
Mem:          992M       912M        80M        48K       172K        25M
-/+ buffers/cache:       886M       105M
Swap:         8.0G       518M       7.5G

             total       used       free     shared    buffers     cached
Mem:          992M       913M        79M        48K       180K        25M
-/+ buffers/cache:       887M       104M
Swap:         8.0G       518M       7.5G

             total       used       free     shared    buffers     cached
Mem:          992M       921M        70M        48K       180K        29M
-/+ buffers/cache:       891M       100M
Swap:         8.0G       515M       7.5G

             total       used       free     shared    buffers     cached
Mem:          992M       922M        69M        48K       180K        29M
-/+ buffers/cache:       892M        99M
Swap:         8.0G       515M       7.5G

             total       used       free     shared    buffers     cached
Mem:          992M       922M        69M        48K       180K        29M
-/+ buffers/cache:       893M        98M
Swap:         8.0G       514M       7.5G

             total       used       free     shared    buffers     cached
Mem:          992M       923M        68M        48K       180K        29M
-/+ buffers/cache:       893M        98M
Swap:         8.0G       514M       7.5G

             total       used       free     shared    buffers     cached
Mem:          992M       924M        68M        48K       188K        29M
-/+ buffers/cache:       894M        97M
Swap:         8.0G       514M       7.5G

             total       used       free     shared    buffers     cached
Mem:          992M       924M        67M        48K       188K        29M
-/+ buffers/cache:       895M        96M
Swap:         8.0G       513M       7.5G

             total       used       free     shared    buffers     cached
Mem:          992M       904M        88M        48K       108K        19M
-/+ buffers/cache:       884M       107M
Swap:         8.0G       525M       7.5G

             total       used       free     shared    buffers     cached
Mem:          992M       904M        87M        48K       108K        19M
-/+ buffers/cache:       884M       107M
Swap:         8.0G       525M       7.5G

             total       used       free     shared    buffers     cached
Mem:          992M       905M        87M        48K       108K        19M
-/+ buffers/cache:       885M       106M
Swap:         8.0G       525M       7.5G

             total       used       free     shared    buffers     cached
Mem:          992M       905M        86M        48K       108K        19M
-/+ buffers/cache:       886M       106M
Swap:         8.0G       524M       7.5G

             total       used       free     shared    buffers     cached
Mem:          992M       914M        77M       216K       396K        32M
-/+ buffers/cache:       881M       110M
Swap:         8.0G       522M       7.5G

             total       used       free     shared    buffers     cached
Mem:          992M       920M        71M       3.9M       4.3M        53M
-/+ buffers/cache:       862M       129M
Swap:         8.0G       555M       7.5G

             total       used       free     shared    buffers     cached
Mem:          992M       903M        88M       220K       4.0M        60M
-/+ buffers/cache:       839M       153M
Swap:         8.0G       578M       7.4G

             total       used       free     shared    buffers     cached
Mem:          992M       909M        82M       212K       4.2M        61M
-/+ buffers/cache:       843M       148M
Swap:         8.0G       576M       7.4G

             total       used       free     shared    buffers     cached
Mem:          992M       911M        80M       212K       4.2M        61M
-/+ buffers/cache:       845M       146M
Swap:         8.0G       575M       7.4G

             total       used       free     shared    buffers     cached
Mem:          992M       911M        80M       212K       4.2M        61M
-/+ buffers/cache:       845M       146M
Swap:         8.0G       575M       7.4G

             total       used       free     shared    buffers     cached
Mem:          992M       912M        79M       212K       4.2M        61M
-/+ buffers/cache:       846M       145M
Swap:         8.0G       575M       7.4G

             total       used       free     shared    buffers     cached
Mem:          992M       913M        78M       212K       4.2M        61M
-/+ buffers/cache:       847M       144M
Swap:         8.0G       574M       7.4G

             total       used       free     shared    buffers     cached
Mem:          992M       916M        75M       212K       4.3M        62M
-/+ buffers/cache:       849M       142M
Swap:         8.0G       573M       7.4G

             total       used       free     shared    buffers     cached
Mem:          992M       918M        74M       212K       4.3M        62M
-/+ buffers/cache:       851M       141M
Swap:         8.0G       572M       7.4G

             total       used       free     shared    buffers     cached
Mem:          992M       919M        73M       212K       4.3M        62M
-/+ buffers/cache:       852M       140M
Swap:         8.0G       572M       7.4G

             total       used       free     shared    buffers     cached
Mem:          992M       920M        71M       212K       4.3M        62M
-/+ buffers/cache:       853M       138M
Swap:         8.0G       571M       7.4G

             total       used       free     shared    buffers     cached
Mem:          992M       922M        69M       212K       4.3M        63M
-/+ buffers/cache:       854M       137M
Swap:         8.0G       570M       7.4G

             total       used       free     shared    buffers     cached
Mem:          992M       923M        68M       212K       4.3M        63M
-/+ buffers/cache:       856M       136M
Swap:         8.0G       570M       7.4G

             total       used       free     shared    buffers     cached
Mem:          992M       924M        67M       212K       4.3M        63M
-/+ buffers/cache:       857M       134M
Swap:         8.0G       569M       7.4G

             total       used       free     shared    buffers     cached
Mem:          992M       905M        86M       212K       4.3M        59M
-/+ buffers/cache:       841M       151M
Swap:         8.0G       583M       7.4G

             total       used       free     shared    buffers     cached
Mem:          992M       906M        85M       212K       4.3M        59M
-/+ buffers/cache:       842M       149M
Swap:         8.0G       583M       7.4G

             total       used       free     shared    buffers     cached
Mem:          992M       908M        84M       212K       4.3M        59M
-/+ buffers/cache:       843M       148M
Swap:         8.0G       582M       7.4G

             total       used       free     shared    buffers     cached
Mem:          992M       909M        82M       212K       4.3M        59M
-/+ buffers/cache:       845M       147M
Swap:         8.0G       581M       7.4G

             total       used       free     shared    buffers     cached
Mem:          992M       910M        81M       212K       4.3M        59M
-/+ buffers/cache:       846M       146M
Swap:         8.0G       581M       7.4G

             total       used       free     shared    buffers     cached
Mem:          992M       911M        80M       212K       4.3M        59M
-/+ buffers/cache:       847M       144M
Swap:         8.0G       580M       7.4G

             total       used       free     shared    buffers     cached
Mem:          992M       912M        79M       212K       4.3M        59M
-/+ buffers/cache:       848M       143M
Swap:         8.0G       579M       7.4G

             total       used       free     shared    buffers     cached
Mem:          992M       914M        78M       212K       4.3M        59M
-/+ buffers/cache:       849M       142M
Swap:         8.0G       579M       7.4G

             total       used       free     shared    buffers     cached
Mem:          992M       915M        76M       212K       4.3M        59M
-/+ buffers/cache:       851M       141M
Swap:         8.0G       578M       7.4G

             total       used       free     shared    buffers     cached
Mem:          992M       916M        75M       212K       4.3M        59M
-/+ buffers/cache:       852M       139M
Swap:         8.0G       577M       7.4G

             total       used       free     shared    buffers     cached
Mem:          992M       918M        73M       212K       4.4M        60M
-/+ buffers/cache:       853M       138M
Swap:         8.0G       577M       7.4G

             total       used       free     shared    buffers     cached
Mem:          992M       919M        72M       212K       4.4M        60M
-/+ buffers/cache:       854M       137M
Swap:         8.0G       576M       7.4G

             total       used       free     shared    buffers     cached
Mem:          992M       920M        71M       212K       4.4M        60M
-/+ buffers/cache:       856M       136M
Swap:         8.0G       575M       7.4G

             total       used       free     shared    buffers     cached
Mem:          992M       922M        69M       212K       4.4M        60M
-/+ buffers/cache:       857M       134M
Swap:         8.0G       575M       7.4G

             total       used       free     shared    buffers     cached
Mem:          992M       923M        68M       212K       4.4M        60M
-/+ buffers/cache:       858M       133M
Swap:         8.0G       574M       7.4G

             total       used       free     shared    buffers     cached
Mem:          992M       924M        67M       212K       4.4M        60M
-/+ buffers/cache:       859M       132M
Swap:         8.0G       573M       7.4G

             total       used       free     shared    buffers     cached
Mem:          992M       910M        81M       212K       4.4M        58M
-/+ buffers/cache:       847M       144M
Swap:         8.0G       589M       7.4G

             total       used       free     shared    buffers     cached
Mem:          992M       911M        80M       212K       4.4M        58M
-/+ buffers/cache:       848M       143M
Swap:         8.0G       588M       7.4G

             total       used       free     shared    buffers     cached
Mem:          992M       912M        79M       212K       4.4M        58M
-/+ buffers/cache:       849M       142M
Swap:         8.0G       587M       7.4G

             total       used       free     shared    buffers     cached
Mem:          992M       914M        77M       212K       4.4M        58M
-/+ buffers/cache:       851M       141M
Swap:         8.0G       586M       7.4G

             total       used       free     shared    buffers     cached
Mem:          992M       915M        76M       212K       4.4M        58M
-/+ buffers/cache:       852M       139M
Swap:         8.0G       586M       7.4G

             total       used       free     shared    buffers     cached
Mem:          992M       916M        75M       212K       4.4M        58M
-/+ buffers/cache:       853M       138M
Swap:         8.0G       585M       7.4G

             total       used       free     shared    buffers     cached
Mem:          992M       908M        83M       280K       7.4M        72M
-/+ buffers/cache:       829M       163M
Swap:         8.0G       599M       7.4G

             total       used       free     shared    buffers     cached
Mem:          992M       910M        81M       288K       7.5M        72M
-/+ buffers/cache:       831M       160M
Swap:         8.0G       598M       7.4G
