             total       used       free     shared    buffers     cached
Mem:          2.0G       663M       1.3G       3.2M        38M       289M
-/+ buffers/cache:       334M       1.6G
Swap:         8.0G         0B       8.0G

             total       used       free     shared    buffers     cached
Mem:          2.0G       662M       1.3G       3.2M        38M       289M
-/+ buffers/cache:       333M       1.6G
Swap:         8.0G         0B       8.0G

             total       used       free     shared    buffers     cached
Mem:          2.0G       662M       1.3G       3.2M        38M       289M
-/+ buffers/cache:       333M       1.6G
Swap:         8.0G         0B       8.0G

             total       used       free     shared    buffers     cached
Mem:          2.0G       662M       1.3G       3.2M        38M       289M
-/+ buffers/cache:       333M       1.6G
Swap:         8.0G         0B       8.0G

             total       used       free     shared    buffers     cached
Mem:          2.0G       662M       1.3G       3.2M        38M       289M
-/+ buffers/cache:       333M       1.6G
Swap:         8.0G         0B       8.0G

             total       used       free     shared    buffers     cached
Mem:          2.0G       662M       1.3G       3.2M        38M       289M
-/+ buffers/cache:       333M       1.6G
Swap:         8.0G         0B       8.0G

             total       used       free     shared    buffers     cached
Mem:          2.0G       662M       1.3G       3.2M        38M       289M
-/+ buffers/cache:       333M       1.6G
Swap:         8.0G         0B       8.0G

             total       used       free     shared    buffers     cached
Mem:          2.0G       662M       1.3G       3.2M        38M       289M
-/+ buffers/cache:       333M       1.6G
Swap:         8.0G         0B       8.0G

             total       used       free     shared    buffers     cached
Mem:          2.0G       662M       1.3G       3.2M        38M       290M
-/+ buffers/cache:       333M       1.6G
Swap:         8.0G         0B       8.0G

             total       used       free     shared    buffers     cached
Mem:          2.0G       662M       1.3G       3.2M        38M       290M
-/+ buffers/cache:       333M       1.6G
Swap:         8.0G         0B       8.0G

             total       used       free     shared    buffers     cached
Mem:          2.0G       665M       1.3G       3.2M        38M       290M
-/+ buffers/cache:       336M       1.6G
Swap:         8.0G         0B       8.0G

             total       used       free     shared    buffers     cached
Mem:          2.0G       684M       1.3G       3.2M        38M       290M
-/+ buffers/cache:       355M       1.6G
Swap:         8.0G         0B       8.0G

             total       used       free     shared    buffers     cached
Mem:          2.0G       711M       1.3G       3.2M        38M       291M
-/+ buffers/cache:       381M       1.6G
Swap:         8.0G         0B       8.0G

             total       used       free     shared    buffers     cached
Mem:          2.0G       671M       1.3G       3.2M        38M       291M
-/+ buffers/cache:       341M       1.6G
Swap:         8.0G         0B       8.0G

             total       used       free     shared    buffers     cached
Mem:          2.0G       681M       1.3G       3.2M        38M       291M
-/+ buffers/cache:       350M       1.6G
Swap:         8.0G         0B       8.0G

             total       used       free     shared    buffers     cached
Mem:          2.0G       671M       1.3G       3.2M        38M       291M
-/+ buffers/cache:       341M       1.6G
Swap:         8.0G         0B       8.0G

             total       used       free     shared    buffers     cached
Mem:          2.0G       671M       1.3G       3.2M        38M       291M
-/+ buffers/cache:       341M       1.6G
Swap:         8.0G         0B       8.0G

             total       used       free     shared    buffers     cached
Mem:          2.0G       671M       1.3G       3.2M        38M       291M
-/+ buffers/cache:       341M       1.6G
Swap:         8.0G         0B       8.0G

             total       used       free     shared    buffers     cached
Mem:          2.0G       671M       1.3G       3.2M        38M       291M
-/+ buffers/cache:       341M       1.6G
Swap:         8.0G         0B       8.0G

             total       used       free     shared    buffers     cached
Mem:          2.0G       671M       1.3G       3.2M        38M       291M
-/+ buffers/cache:       341M       1.6G
Swap:         8.0G         0B       8.0G

             total       used       free     shared    buffers     cached
Mem:          2.0G       671M       1.3G       3.2M        38M       291M
-/+ buffers/cache:       341M       1.6G
Swap:         8.0G         0B       8.0G

             total       used       free     shared    buffers     cached
Mem:          2.0G       672M       1.3G       3.2M        38M       291M
-/+ buffers/cache:       341M       1.6G
Swap:         8.0G         0B       8.0G

             total       used       free     shared    buffers     cached
Mem:          2.0G       672M       1.3G       3.2M        38M       291M
-/+ buffers/cache:       341M       1.6G
Swap:         8.0G         0B       8.0G

             total       used       free     shared    buffers     cached
Mem:          2.0G       672M       1.3G       3.2M        38M       291M
-/+ buffers/cache:       341M       1.6G
Swap:         8.0G         0B       8.0G

             total       used       free     shared    buffers     cached
Mem:          2.0G       672M       1.3G       3.2M        38M       291M
-/+ buffers/cache:       341M       1.6G
Swap:         8.0G         0B       8.0G

             total       used       free     shared    buffers     cached
Mem:          2.0G       672M       1.3G       3.2M        38M       291M
-/+ buffers/cache:       341M       1.6G
Swap:         8.0G         0B       8.0G

             total       used       free     shared    buffers     cached
Mem:          2.0G       671M       1.3G       3.2M        38M       291M
-/+ buffers/cache:       341M       1.6G
Swap:         8.0G         0B       8.0G

             total       used       free     shared    buffers     cached
Mem:          2.0G       671M       1.3G       3.2M        38M       291M
-/+ buffers/cache:       341M       1.6G
Swap:         8.0G         0B       8.0G

             total       used       free     shared    buffers     cached
Mem:          2.0G       671M       1.3G       3.2M        38M       291M
-/+ buffers/cache:       341M       1.6G
Swap:         8.0G         0B       8.0G

             total       used       free     shared    buffers     cached
Mem:          2.0G       671M       1.3G       3.2M        38M       291M
-/+ buffers/cache:       341M       1.6G
Swap:         8.0G         0B       8.0G

             total       used       free     shared    buffers     cached
Mem:          2.0G       671M       1.3G       3.2M        38M       291M
-/+ buffers/cache:       341M       1.6G
Swap:         8.0G         0B       8.0G

             total       used       free     shared    buffers     cached
Mem:          2.0G       671M       1.3G       3.2M        38M       291M
-/+ buffers/cache:       341M       1.6G
Swap:         8.0G         0B       8.0G

             total       used       free     shared    buffers     cached
Mem:          2.0G       671M       1.3G       3.2M        38M       291M
-/+ buffers/cache:       341M       1.6G
Swap:         8.0G         0B       8.0G

             total       used       free     shared    buffers     cached
Mem:          2.0G       677M       1.3G       3.2M        38M       291M
-/+ buffers/cache:       346M       1.6G
Swap:         8.0G         0B       8.0G

             total       used       free     shared    buffers     cached
Mem:          2.0G       691M       1.3G       3.2M        38M       291M
-/+ buffers/cache:       361M       1.6G
Swap:         8.0G         0B       8.0G

             total       used       free     shared    buffers     cached
Mem:          2.0G       707M       1.3G       3.2M        38M       291M
-/+ buffers/cache:       376M       1.6G
Swap:         8.0G         0B       8.0G

             total       used       free     shared    buffers     cached
Mem:          2.0G       721M       1.2G       3.2M        38M       291M
-/+ buffers/cache:       390M       1.6G
Swap:         8.0G         0B       8.0G

             total       used       free     shared    buffers     cached
Mem:          2.0G       736M       1.2G       3.2M        38M       291M
-/+ buffers/cache:       405M       1.6G
Swap:         8.0G         0B       8.0G

             total       used       free     shared    buffers     cached
Mem:          2.0G       750M       1.2G       3.2M        38M       291M
-/+ buffers/cache:       419M       1.5G
Swap:         8.0G         0B       8.0G

             total       used       free     shared    buffers     cached
Mem:          2.0G       764M       1.2G       3.2M        38M       291M
-/+ buffers/cache:       433M       1.5G
Swap:         8.0G         0B       8.0G

             total       used       free     shared    buffers     cached
Mem:          2.0G       778M       1.2G       3.2M        38M       291M
-/+ buffers/cache:       447M       1.5G
Swap:         8.0G         0B       8.0G

             total       used       free     shared    buffers     cached
Mem:          2.0G       791M       1.2G       3.2M        38M       291M
-/+ buffers/cache:       461M       1.5G
Swap:         8.0G         0B       8.0G

             total       used       free     shared    buffers     cached
Mem:          2.0G       806M       1.2G       3.2M        38M       291M
-/+ buffers/cache:       475M       1.5G
Swap:         8.0G         0B       8.0G

             total       used       free     shared    buffers     cached
Mem:          2.0G       823M       1.1G       3.2M        38M       291M
-/+ buffers/cache:       493M       1.5G
Swap:         8.0G         0B       8.0G

             total       used       free     shared    buffers     cached
Mem:          2.0G       837M       1.1G       3.2M        38M       291M
-/+ buffers/cache:       507M       1.5G
Swap:         8.0G         0B       8.0G

             total       used       free     shared    buffers     cached
Mem:          2.0G       852M       1.1G       3.2M        38M       291M
-/+ buffers/cache:       521M       1.4G
Swap:         8.0G         0B       8.0G

             total       used       free     shared    buffers     cached
Mem:          2.0G       867M       1.1G       3.2M        38M       291M
-/+ buffers/cache:       536M       1.4G
Swap:         8.0G         0B       8.0G

             total       used       free     shared    buffers     cached
Mem:          2.0G       881M       1.1G       3.2M        38M       291M
-/+ buffers/cache:       550M       1.4G
Swap:         8.0G         0B       8.0G

             total       used       free     shared    buffers     cached
Mem:          2.0G       896M       1.1G       3.2M        38M       291M
-/+ buffers/cache:       565M       1.4G
Swap:         8.0G         0B       8.0G

             total       used       free     shared    buffers     cached
Mem:          2.0G       908M       1.1G       3.2M        38M       291M
-/+ buffers/cache:       577M       1.4G
Swap:         8.0G         0B       8.0G

             total       used       free     shared    buffers     cached
Mem:          2.0G       923M       1.1G       3.2M        38M       291M
-/+ buffers/cache:       592M       1.4G
Swap:         8.0G         0B       8.0G

             total       used       free     shared    buffers     cached
Mem:          2.0G       938M       1.0G       3.2M        38M       291M
-/+ buffers/cache:       607M       1.4G
Swap:         8.0G         0B       8.0G

             total       used       free     shared    buffers     cached
Mem:          2.0G       952M       1.0G       3.2M        38M       291M
-/+ buffers/cache:       621M       1.3G
Swap:         8.0G         0B       8.0G

             total       used       free     shared    buffers     cached
Mem:          2.0G       966M       1.0G       3.2M        38M       291M
-/+ buffers/cache:       635M       1.3G
Swap:         8.0G         0B       8.0G

             total       used       free     shared    buffers     cached
Mem:          2.0G       978M       1.0G       3.2M        38M       291M
-/+ buffers/cache:       647M       1.3G
Swap:         8.0G         0B       8.0G

             total       used       free     shared    buffers     cached
Mem:          2.0G       992M       1.0G       3.2M        38M       291M
-/+ buffers/cache:       661M       1.3G
Swap:         8.0G         0B       8.0G

             total       used       free     shared    buffers     cached
Mem:          2.0G       1.0G       993M       3.2M        38M       291M
-/+ buffers/cache:       675M       1.3G
Swap:         8.0G         0B       8.0G

             total       used       free     shared    buffers     cached
Mem:          2.0G       1.0G       979M       3.2M        38M       291M
-/+ buffers/cache:       689M       1.3G
Swap:         8.0G         0B       8.0G

             total       used       free     shared    buffers     cached
Mem:          2.0G       1.0G       965M       3.2M        38M       291M
-/+ buffers/cache:       703M       1.3G
Swap:         8.0G         0B       8.0G

             total       used       free     shared    buffers     cached
Mem:          2.0G       1.0G       951M       3.2M        38M       291M
-/+ buffers/cache:       717M       1.3G
Swap:         8.0G         0B       8.0G

             total       used       free     shared    buffers     cached
Mem:          2.0G       1.0G       937M       3.2M        38M       291M
-/+ buffers/cache:       731M       1.2G
Swap:         8.0G         0B       8.0G

             total       used       free     shared    buffers     cached
Mem:          2.0G       1.1G       924M       3.2M        38M       291M
-/+ buffers/cache:       744M       1.2G
Swap:         8.0G         0B       8.0G

             total       used       free     shared    buffers     cached
Mem:          2.0G       1.1G       910M       3.2M        38M       291M
-/+ buffers/cache:       758M       1.2G
Swap:         8.0G         0B       8.0G

             total       used       free     shared    buffers     cached
Mem:          2.0G       1.1G       897M       3.2M        38M       291M
-/+ buffers/cache:       771M       1.2G
Swap:         8.0G         0B       8.0G

             total       used       free     shared    buffers     cached
Mem:          2.0G       1.1G       884M       3.2M        38M       291M
-/+ buffers/cache:       784M       1.2G
Swap:         8.0G         0B       8.0G

             total       used       free     shared    buffers     cached
Mem:          2.0G       1.1G       875M       3.2M        38M       291M
-/+ buffers/cache:       793M       1.2G
Swap:         8.0G         0B       8.0G

             total       used       free     shared    buffers     cached
Mem:          2.0G       1.1G       861M       3.2M        38M       291M
-/+ buffers/cache:       807M       1.2G
Swap:         8.0G         0B       8.0G

             total       used       free     shared    buffers     cached
Mem:          2.0G       1.1G       847M       3.2M        38M       291M
-/+ buffers/cache:       821M       1.2G
Swap:         8.0G         0B       8.0G

             total       used       free     shared    buffers     cached
Mem:          2.0G       1.1G       833M       3.2M        38M       291M
-/+ buffers/cache:       835M       1.1G
Swap:         8.0G         0B       8.0G

             total       used       free     shared    buffers     cached
Mem:          2.0G       1.2G       819M       3.2M        38M       291M
-/+ buffers/cache:       849M       1.1G
Swap:         8.0G         0B       8.0G

             total       used       free     shared    buffers     cached
Mem:          2.0G       1.2G       804M       3.2M        38M       292M
-/+ buffers/cache:       864M       1.1G
Swap:         8.0G         0B       8.0G

             total       used       free     shared    buffers     cached
Mem:          2.0G       1.2G       789M       3.2M        38M       292M
-/+ buffers/cache:       879M       1.1G
Swap:         8.0G         0B       8.0G

             total       used       free     shared    buffers     cached
Mem:          2.0G       1.2G       774M       3.2M        38M       292M
-/+ buffers/cache:       894M       1.1G
Swap:         8.0G         0B       8.0G

             total       used       free     shared    buffers     cached
Mem:          2.0G       1.2G       760M       3.2M        38M       292M
-/+ buffers/cache:       908M       1.1G
Swap:         8.0G         0B       8.0G

             total       used       free     shared    buffers     cached
Mem:          2.0G       1.2G       746M       3.2M        38M       292M
-/+ buffers/cache:       922M       1.1G
Swap:         8.0G         0B       8.0G

             total       used       free     shared    buffers     cached
Mem:          2.0G       1.2G       732M       3.2M        38M       292M
-/+ buffers/cache:       936M       1.0G
Swap:         8.0G         0B       8.0G

             total       used       free     shared    buffers     cached
Mem:          2.0G       1.3G       719M       3.2M        38M       292M
-/+ buffers/cache:       949M       1.0G
Swap:         8.0G         0B       8.0G

             total       used       free     shared    buffers     cached
Mem:          2.0G       1.3G       705M       3.2M        38M       292M
-/+ buffers/cache:       963M       1.0G
Swap:         8.0G         0B       8.0G

             total       used       free     shared    buffers     cached
Mem:          2.0G       1.3G       691M       3.2M        38M       292M
-/+ buffers/cache:       977M       1.0G
Swap:         8.0G         0B       8.0G

             total       used       free     shared    buffers     cached
Mem:          2.0G       1.3G       677M       3.2M        38M       292M
-/+ buffers/cache:       991M       1.0G
Swap:         8.0G         0B       8.0G

             total       used       free     shared    buffers     cached
Mem:          2.0G       1.3G       662M       3.2M        38M       292M
-/+ buffers/cache:       1.0G       993M
Swap:         8.0G         0B       8.0G

             total       used       free     shared    buffers     cached
Mem:          2.0G       1.3G       648M       3.2M        38M       292M
-/+ buffers/cache:       1.0G       979M
Swap:         8.0G         0B       8.0G

             total       used       free     shared    buffers     cached
Mem:          2.0G       1.3G       634M       3.2M        38M       292M
-/+ buffers/cache:       1.0G       965M
Swap:         8.0G         0B       8.0G

             total       used       free     shared    buffers     cached
Mem:          2.0G       1.3G       620M       3.2M        38M       292M
-/+ buffers/cache:       1.0G       951M
Swap:         8.0G         0B       8.0G

             total       used       free     shared    buffers     cached
Mem:          2.0G       1.4G       607M       3.2M        38M       292M
-/+ buffers/cache:       1.0G       938M
Swap:         8.0G         0B       8.0G

             total       used       free     shared    buffers     cached
Mem:          2.0G       1.4G       594M       3.2M        38M       292M
-/+ buffers/cache:       1.0G       925M
Swap:         8.0G         0B       8.0G

             total       used       free     shared    buffers     cached
Mem:          2.0G       1.4G       580M       3.2M        38M       292M
-/+ buffers/cache:       1.1G       911M
Swap:         8.0G         0B       8.0G

             total       used       free     shared    buffers     cached
Mem:          2.0G       1.4G       567M       3.2M        38M       292M
-/+ buffers/cache:       1.1G       898M
Swap:         8.0G         0B       8.0G

             total       used       free     shared    buffers     cached
Mem:          2.0G       1.4G       552M       3.2M        38M       292M
-/+ buffers/cache:       1.1G       883M
Swap:         8.0G         0B       8.0G

             total       used       free     shared    buffers     cached
Mem:          2.0G       1.4G       537M       3.2M        38M       292M
-/+ buffers/cache:       1.1G       868M
Swap:         8.0G         0B       8.0G

             total       used       free     shared    buffers     cached
Mem:          2.0G       1.4G       524M       3.2M        38M       292M
-/+ buffers/cache:       1.1G       855M
Swap:         8.0G         0B       8.0G

             total       used       free     shared    buffers     cached
Mem:          2.0G       1.5G       510M       3.2M        38M       292M
-/+ buffers/cache:       1.1G       841M
Swap:         8.0G         0B       8.0G

             total       used       free     shared    buffers     cached
Mem:          2.0G       1.5G       496M       3.2M        38M       292M
-/+ buffers/cache:       1.1G       827M
Swap:         8.0G         0B       8.0G

             total       used       free     shared    buffers     cached
Mem:          2.0G       1.5G       483M       3.2M        38M       292M
-/+ buffers/cache:       1.2G       814M
Swap:         8.0G         0B       8.0G

             total       used       free     shared    buffers     cached
Mem:          2.0G       1.5G       469M       3.2M        38M       292M
-/+ buffers/cache:       1.2G       800M
Swap:         8.0G         0B       8.0G

             total       used       free     shared    buffers     cached
Mem:          2.0G       1.5G       455M       3.2M        38M       292M
-/+ buffers/cache:       1.2G       786M
Swap:         8.0G         0B       8.0G

             total       used       free     shared    buffers     cached
Mem:          2.0G       1.5G       441M       3.2M        38M       292M
-/+ buffers/cache:       1.2G       772M
Swap:         8.0G         0B       8.0G

             total       used       free     shared    buffers     cached
Mem:          2.0G       1.5G       430M       3.2M        38M       292M
-/+ buffers/cache:       1.2G       761M
Swap:         8.0G         0B       8.0G

             total       used       free     shared    buffers     cached
Mem:          2.0G       1.5G       424M       3.2M        38M       292M
-/+ buffers/cache:       1.2G       755M
Swap:         8.0G         0B       8.0G

             total       used       free     shared    buffers     cached
Mem:          2.0G       1.6G       410M       3.2M        38M       292M
-/+ buffers/cache:       1.2G       741M
Swap:         8.0G         0B       8.0G

             total       used       free     shared    buffers     cached
Mem:          2.0G       1.6G       396M       3.2M        38M       292M
-/+ buffers/cache:       1.2G       727M
Swap:         8.0G         0B       8.0G

             total       used       free     shared    buffers     cached
Mem:          2.0G       1.6G       382M       3.2M        38M       292M
-/+ buffers/cache:       1.3G       713M
Swap:         8.0G         0B       8.0G

             total       used       free     shared    buffers     cached
Mem:          2.0G       1.6G       367M       3.2M        38M       292M
-/+ buffers/cache:       1.3G       698M
Swap:         8.0G         0B       8.0G

             total       used       free     shared    buffers     cached
Mem:          2.0G       1.6G       353M       3.2M        38M       292M
-/+ buffers/cache:       1.3G       684M
Swap:         8.0G         0B       8.0G

             total       used       free     shared    buffers     cached
Mem:          2.0G       1.6G       339M       3.2M        38M       292M
-/+ buffers/cache:       1.3G       670M
Swap:         8.0G         0B       8.0G

             total       used       free     shared    buffers     cached
Mem:          2.0G       1.6G       326M       3.2M        38M       292M
-/+ buffers/cache:       1.3G       657M
Swap:         8.0G         0B       8.0G

             total       used       free     shared    buffers     cached
Mem:          2.0G       1.6G       312M       3.2M        38M       292M
-/+ buffers/cache:       1.3G       644M
Swap:         8.0G         0B       8.0G

             total       used       free     shared    buffers     cached
Mem:          2.0G       1.7G       298M       3.2M        38M       292M
-/+ buffers/cache:       1.3G       629M
Swap:         8.0G         0B       8.0G

             total       used       free     shared    buffers     cached
Mem:          2.0G       1.7G       284M       3.2M        38M       292M
-/+ buffers/cache:       1.4G       615M
Swap:         8.0G         0B       8.0G

             total       used       free     shared    buffers     cached
Mem:          2.0G       1.7G       271M       3.2M        38M       292M
-/+ buffers/cache:       1.4G       602M
Swap:         8.0G         0B       8.0G

             total       used       free     shared    buffers     cached
Mem:          2.0G       1.7G       258M       3.2M        38M       292M
-/+ buffers/cache:       1.4G       589M
Swap:         8.0G         0B       8.0G

             total       used       free     shared    buffers     cached
Mem:          2.0G       1.7G       244M       3.2M        38M       292M
-/+ buffers/cache:       1.4G       575M
Swap:         8.0G         0B       8.0G

             total       used       free     shared    buffers     cached
Mem:          2.0G       1.7G       230M       3.2M        38M       292M
-/+ buffers/cache:       1.4G       562M
Swap:         8.0G         0B       8.0G

             total       used       free     shared    buffers     cached
Mem:          2.0G       1.7G       216M       3.2M        38M       292M
-/+ buffers/cache:       1.4G       548M
Swap:         8.0G         0B       8.0G

             total       used       free     shared    buffers     cached
Mem:          2.0G       1.8G       201M       3.2M        38M       292M
-/+ buffers/cache:       1.4G       533M
Swap:         8.0G         0B       8.0G

             total       used       free     shared    buffers     cached
Mem:          2.0G       1.8G       187M       3.2M        38M       292M
-/+ buffers/cache:       1.4G       519M
Swap:         8.0G         0B       8.0G

             total       used       free     shared    buffers     cached
Mem:          2.0G       1.8G       175M       3.2M        38M       292M
-/+ buffers/cache:       1.5G       506M
Swap:         8.0G         0B       8.0G

             total       used       free     shared    buffers     cached
Mem:          2.0G       1.8G       160M       3.2M        38M       292M
-/+ buffers/cache:       1.5G       492M
Swap:         8.0G         0B       8.0G

             total       used       free     shared    buffers     cached
Mem:          2.0G       1.8G       146M       3.2M        38M       292M
-/+ buffers/cache:       1.5G       478M
Swap:         8.0G         0B       8.0G

             total       used       free     shared    buffers     cached
Mem:          2.0G       1.8G       131M       3.2M        39M       292M
-/+ buffers/cache:       1.5G       463M
Swap:         8.0G         0B       8.0G

             total       used       free     shared    buffers     cached
Mem:          2.0G       1.8G       118M       3.2M        39M       292M
-/+ buffers/cache:       1.5G       450M
Swap:         8.0G         0B       8.0G

             total       used       free     shared    buffers     cached
Mem:          2.0G       1.9G       104M       3.2M        39M       292M
-/+ buffers/cache:       1.5G       436M
Swap:         8.0G         0B       8.0G

             total       used       free     shared    buffers     cached
Mem:          2.0G       1.9G        89M       3.2M        39M       292M
-/+ buffers/cache:       1.5G       421M
Swap:         8.0G         0B       8.0G

             total       used       free     shared    buffers     cached
Mem:          2.0G       1.9G        75M       3.2M        39M       292M
-/+ buffers/cache:       1.6G       407M
Swap:         8.0G         0B       8.0G

             total       used       free     shared    buffers     cached
Mem:          2.0G       1.9G        72M       3.2M        28M       290M
-/+ buffers/cache:       1.6G       392M
Swap:         8.0G         0B       8.0G

             total       used       free     shared    buffers     cached
Mem:          2.0G       1.9G        72M       3.2M        14M       290M
-/+ buffers/cache:       1.6G       378M
Swap:         8.0G         0B       8.0G

             total       used       free     shared    buffers     cached
Mem:          2.0G       1.9G        63M       3.2M        10M       290M
-/+ buffers/cache:       1.6G       364M
Swap:         8.0G         0B       8.0G

             total       used       free     shared    buffers     cached
Mem:          2.0G       1.9G        69M       3.2M        10M       270M
-/+ buffers/cache:       1.6G       350M
Swap:         8.0G        24K       8.0G

             total       used       free     shared    buffers     cached
Mem:          2.0G       1.9G        76M       3.1M       9.9M       250M
-/+ buffers/cache:       1.6G       336M
Swap:         8.0G       232K       8.0G

             total       used       free     shared    buffers     cached
Mem:          2.0G       1.9G        78M       3.0M       9.9M       236M
-/+ buffers/cache:       1.6G       324M
Swap:         8.0G       4.2M       8.0G

             total       used       free     shared    buffers     cached
Mem:          2.0G       1.9G        65M       3.0M       9.9M       236M
-/+ buffers/cache:       1.6G       311M
Swap:         8.0G       4.2M       8.0G

             total       used       free     shared    buffers     cached
Mem:          2.0G       1.9G        80M       2.9M       9.9M       211M
-/+ buffers/cache:       1.7G       301M
Swap:         8.0G       9.1M       8.0G

             total       used       free     shared    buffers     cached
Mem:          2.0G       1.9G        66M       2.9M       9.9M       211M
-/+ buffers/cache:       1.7G       288M
Swap:         8.0G       9.1M       8.0G

             total       used       free     shared    buffers     cached
Mem:          2.0G       1.9G        65M       2.9M       3.2M       206M
-/+ buffers/cache:       1.7G       274M
Swap:         8.0G       9.1M       8.0G

             total       used       free     shared    buffers     cached
Mem:          2.0G       1.9G        67M       2.9M       1.9M       193M
-/+ buffers/cache:       1.7G       263M
Swap:         8.0G       9.1M       8.0G

             total       used       free     shared    buffers     cached
Mem:          2.0G       1.9G        69M       2.9M       484K       180M
-/+ buffers/cache:       1.7G       250M
Swap:         8.0G       9.1M       8.0G

             total       used       free     shared    buffers     cached
Mem:          2.0G       1.9G        78M       2.9M       372K       159M
-/+ buffers/cache:       1.7G       237M
Swap:         8.0G       9.1M       8.0G

             total       used       free     shared    buffers     cached
Mem:          2.0G       1.9G        83M       2.9M       340K       140M
-/+ buffers/cache:       1.7G       223M
Swap:         8.0G       9.1M       8.0G

             total       used       free     shared    buffers     cached
Mem:          2.0G       1.9G        70M       2.9M       344K       140M
-/+ buffers/cache:       1.7G       210M
Swap:         8.0G       9.1M       8.0G

             total       used       free     shared    buffers     cached
Mem:          2.0G       1.9G        73M       2.9M        88K       124M
-/+ buffers/cache:       1.8G       197M
Swap:         8.0G       9.1M       8.0G

             total       used       free     shared    buffers     cached
Mem:          2.0G       1.9G        74M       2.9M        88K       109M
-/+ buffers/cache:       1.8G       184M
Swap:         8.0G       9.1M       8.0G

             total       used       free     shared    buffers     cached
Mem:          2.0G       1.9G        74M       2.9M        96K        96M
-/+ buffers/cache:       1.8G       171M
Swap:         8.0G       9.1M       8.0G

             total       used       free     shared    buffers     cached
Mem:          2.0G       1.9G        73M       2.9M        96K        85M
-/+ buffers/cache:       1.8G       159M
Swap:         8.0G       9.1M       8.0G

             total       used       free     shared    buffers     cached
Mem:          2.0G       1.9G        80M       2.9M       100K        66M
-/+ buffers/cache:       1.8G       147M
Swap:         8.0G       9.1M       8.0G

             total       used       free     shared    buffers     cached
Mem:          2.0G       1.9G        67M       2.9M       100K        66M
-/+ buffers/cache:       1.8G       134M
Swap:         8.0G       9.1M       8.0G

             total       used       free     shared    buffers     cached
Mem:          2.0G       1.9G        70M       2.9M       108K        51M
-/+ buffers/cache:       1.8G       122M
Swap:         8.0G       9.1M       8.0G

             total       used       free     shared    buffers     cached
Mem:          2.0G       1.9G        78M       2.9M       248K        31M
-/+ buffers/cache:       1.8G       110M
Swap:         8.0G       9.1M       8.0G

             total       used       free     shared    buffers     cached
Mem:          2.0G       1.9G        65M       2.9M       520K        31M
-/+ buffers/cache:       1.9G        96M
Swap:         8.0G       9.1M       8.0G

             total       used       free     shared    buffers     cached
Mem:          2.0G       1.9G        72M       2.9M       512K        10M
-/+ buffers/cache:       1.9G        84M
Swap:         8.0G       9.1M       8.0G

             total       used       free     shared    buffers     cached
Mem:          2.0G       1.9G        74M       2.8M       512K       5.3M
-/+ buffers/cache:       1.9G        80M
Swap:         8.0G        25M       8.0G

             total       used       free     shared    buffers     cached
Mem:          2.0G       1.9G        76M       2.8M       512K       5.1M
-/+ buffers/cache:       1.9G        81M
Swap:         8.0G        28M       8.0G

             total       used       free     shared    buffers     cached
Mem:          2.0G       1.9G        82M       2.4M       520K       4.5M
-/+ buffers/cache:       1.9G        87M
Swap:         8.0G        63M       7.9G

             total       used       free     shared    buffers     cached
Mem:          2.0G       1.9G        69M       2.5M       520K       4.5M
-/+ buffers/cache:       1.9G        74M
Swap:         8.0G        63M       7.9G

             total       used       free     shared    buffers     cached
Mem:          2.0G       1.9G        71M       2.5M       520K       4.4M
-/+ buffers/cache:       1.9G        76M
Swap:         8.0G        63M       7.9G

             total       used       free     shared    buffers     cached
Mem:          2.0G       1.9G        71M       2.5M       520K       4.4M
-/+ buffers/cache:       1.9G        75M
Swap:         8.0G        86M       7.9G

             total       used       free     shared    buffers     cached
Mem:          2.0G       1.9G        68M       2.4M       512K       9.5M
-/+ buffers/cache:       1.9G        78M
Swap:         8.0G        90M       7.9G

             total       used       free     shared    buffers     cached
Mem:          2.0G       1.9G        91M       2.4M       188K        11M
-/+ buffers/cache:       1.9G       103M
Swap:         8.0G       135M       7.9G

             total       used       free     shared    buffers     cached
Mem:          2.0G       1.9G        78M       2.4M       512K        13M
-/+ buffers/cache:       1.9G        92M
Swap:         8.0G       135M       7.9G

             total       used       free     shared    buffers     cached
Mem:          2.0G       1.9G        78M       2.4M       512K        11M
-/+ buffers/cache:       1.9G        90M
Swap:         8.0G       151M       7.8G

             total       used       free     shared    buffers     cached
Mem:          2.0G       1.9G        66M       2.4M       516K        11M
-/+ buffers/cache:       1.9G        78M
Swap:         8.0G       151M       7.8G

             total       used       free     shared    buffers     cached
Mem:          2.0G       1.9G        87M       2.3M       516K        10M
-/+ buffers/cache:       1.9G        97M
Swap:         8.0G       220M       7.8G

             total       used       free     shared    buffers     cached
Mem:          2.0G       1.9G        72M       2.3M       516K        10M
-/+ buffers/cache:       1.9G        82M
Swap:         8.0G       220M       7.8G

             total       used       free     shared    buffers     cached
Mem:          2.0G       1.9G        76M       2.3M       392K       9.9M
-/+ buffers/cache:       1.9G        86M
Swap:         8.0G       220M       7.8G

             total       used       free     shared    buffers     cached
Mem:          2.0G       1.9G        64M       2.3M       392K       9.9M
-/+ buffers/cache:       1.9G        74M
Swap:         8.0G       220M       7.8G

             total       used       free     shared    buffers     cached
Mem:          2.0G       1.9G        67M       2.3M       392K       9.7M
-/+ buffers/cache:       1.9G        77M
Swap:         8.0G       220M       7.8G

             total       used       free     shared    buffers     cached
Mem:          2.0G       1.9G        80M       2.3M       392K       9.7M
-/+ buffers/cache:       1.9G        90M
Swap:         8.0G       221M       7.8G

             total       used       free     shared    buffers     cached
Mem:          2.0G       1.9G        74M       2.3M       392K       9.7M
-/+ buffers/cache:       1.9G        85M
Swap:         8.0G       221M       7.8G

             total       used       free     shared    buffers     cached
Mem:          2.0G       1.9G        67M       2.3M       400K       9.7M
-/+ buffers/cache:       1.9G        77M
Swap:         8.0G       221M       7.8G

             total       used       free     shared    buffers     cached
Mem:          2.0G       1.9G        79M       2.3M       400K       9.4M
-/+ buffers/cache:       1.9G        89M
Swap:         8.0G       240M       7.8G

             total       used       free     shared    buffers     cached
Mem:          2.0G       1.9G        76M       2.3M       400K       9.5M
-/+ buffers/cache:       1.9G        86M
Swap:         8.0G       240M       7.8G

             total       used       free     shared    buffers     cached
Mem:          2.0G       1.9G        74M       2.3M       412K       9.4M
-/+ buffers/cache:       1.9G        84M
Swap:         8.0G       240M       7.8G

             total       used       free     shared    buffers     cached
Mem:          2.0G       1.9G        71M       2.3M       412K       9.5M
-/+ buffers/cache:       1.9G        81M
Swap:         8.0G       240M       7.8G

             total       used       free     shared    buffers     cached
Mem:          2.0G       1.9G        68M       2.3M       412K       9.5M
-/+ buffers/cache:       1.9G        78M
Swap:         8.0G       240M       7.8G

             total       used       free     shared    buffers     cached
Mem:          2.0G       1.9G        65M       2.3M       420K       9.5M
-/+ buffers/cache:       1.9G        75M
Swap:         8.0G       240M       7.8G

             total       used       free     shared    buffers     cached
Mem:          2.0G       1.9G        76M       2.3M        76K       6.0M
-/+ buffers/cache:       1.9G        82M
Swap:         8.0G       254M       7.7G

             total       used       free     shared    buffers     cached
Mem:          2.0G       1.9G        69M       2.3M       380K       9.3M
-/+ buffers/cache:       1.9G        79M
Swap:         8.0G       254M       7.7G

             total       used       free     shared    buffers     cached
Mem:          2.0G       1.9G        66M       2.3M       380K       9.4M
-/+ buffers/cache:       1.9G        76M
Swap:         8.0G       254M       7.7G

             total       used       free     shared    buffers     cached
Mem:          2.0G       1.9G        75M       2.3M       324K       8.1M
-/+ buffers/cache:       1.9G        84M
Swap:         8.0G       262M       7.7G

             total       used       free     shared    buffers     cached
Mem:          2.0G       1.9G        74M       2.3M       336K       8.4M
-/+ buffers/cache:       1.9G        83M
Swap:         8.0G       262M       7.7G

             total       used       free     shared    buffers     cached
Mem:          2.0G       1.9G        71M       2.3M       336K       8.4M
-/+ buffers/cache:       1.9G        80M
Swap:         8.0G       262M       7.7G

             total       used       free     shared    buffers     cached
Mem:          2.0G       1.9G        66M       2.3M       756K       9.0M
-/+ buffers/cache:       1.9G        76M
Swap:         8.0G       262M       7.7G

             total       used       free     shared    buffers     cached
Mem:          2.0G       1.9G        93M       2.3M       328K        30M
-/+ buffers/cache:       1.8G       123M
Swap:         8.0G       335M       7.7G

             total       used       free     shared    buffers     cached
Mem:          2.0G       1.9G        89M       2.3M       340K        30M
-/+ buffers/cache:       1.8G       120M
Swap:         8.0G       335M       7.7G

             total       used       free     shared    buffers     cached
Mem:          2.0G       1.9G        87M       2.3M       356K        30M
-/+ buffers/cache:       1.8G       118M
Swap:         8.0G       334M       7.7G

             total       used       free     shared    buffers     cached
Mem:          2.0G       1.9G        85M       2.3M       356K        30M
-/+ buffers/cache:       1.8G       117M
Swap:         8.0G       334M       7.7G

             total       used       free     shared    buffers     cached
Mem:          2.0G       1.9G        82M       2.3M       356K        30M
-/+ buffers/cache:       1.8G       113M
Swap:         8.0G       334M       7.7G

             total       used       free     shared    buffers     cached
Mem:          2.0G       1.9G        80M       2.3M       356K        30M
-/+ buffers/cache:       1.8G       111M
Swap:         8.0G       334M       7.7G

             total       used       free     shared    buffers     cached
Mem:          2.0G       1.9G        76M       2.3M       356K        30M
-/+ buffers/cache:       1.8G       108M
Swap:         8.0G       334M       7.7G

             total       used       free     shared    buffers     cached
Mem:          2.0G       1.9G        74M       2.3M       356K        30M
-/+ buffers/cache:       1.8G       105M
Swap:         8.0G       334M       7.7G

             total       used       free     shared    buffers     cached
Mem:          2.0G       1.9G        69M       2.3M       496K        31M
-/+ buffers/cache:       1.9G       102M
Swap:         8.0G       334M       7.7G

             total       used       free     shared    buffers     cached
Mem:          2.0G       1.9G        66M       2.3M       496K        32M
-/+ buffers/cache:       1.9G        99M
Swap:         8.0G       333M       7.7G

             total       used       free     shared    buffers     cached
Mem:          2.0G       1.9G        65M       2.3M       496K        32M
-/+ buffers/cache:       1.9G        98M
Swap:         8.0G       333M       7.7G

             total       used       free     shared    buffers     cached
Mem:          2.0G       1.9G        64M       2.3M       496K        32M
-/+ buffers/cache:       1.9G        98M
Swap:         8.0G       333M       7.7G

             total       used       free     shared    buffers     cached
Mem:          2.0G       1.9G        90M       2.3M       220K        28M
-/+ buffers/cache:       1.8G       118M
Swap:         8.0G       332M       7.7G

             total       used       free     shared    buffers     cached
Mem:          2.0G       1.9G        90M       2.3M       228K        28M
-/+ buffers/cache:       1.8G       118M
Swap:         8.0G       332M       7.7G

             total       used       free     shared    buffers     cached
Mem:          2.0G       1.9G        89M       2.3M       228K        28M
-/+ buffers/cache:       1.8G       118M
Swap:         8.0G       332M       7.7G

             total       used       free     shared    buffers     cached
Mem:          2.0G       1.9G        89M       2.3M       232K        28M
-/+ buffers/cache:       1.8G       117M
Swap:         8.0G       332M       7.7G

             total       used       free     shared    buffers     cached
Mem:          2.0G       1.9G        88M       2.3M       232K        28M
-/+ buffers/cache:       1.8G       117M
Swap:         8.0G       332M       7.7G

             total       used       free     shared    buffers     cached
Mem:          2.0G       1.9G        88M       2.3M       232K        28M
-/+ buffers/cache:       1.8G       117M
Swap:         8.0G       331M       7.7G

             total       used       free     shared    buffers     cached
Mem:          2.0G       1.9G        88M       2.3M       232K        28M
-/+ buffers/cache:       1.8G       116M
Swap:         8.0G       331M       7.7G

             total       used       free     shared    buffers     cached
Mem:          2.0G       1.9G        87M       2.3M       240K        28M
-/+ buffers/cache:       1.8G       116M
Swap:         8.0G       331M       7.7G

             total       used       free     shared    buffers     cached
Mem:          2.0G       1.9G        87M       2.3M       240K        28M
-/+ buffers/cache:       1.8G       116M
Swap:         8.0G       331M       7.7G

             total       used       free     shared    buffers     cached
Mem:          2.0G       1.9G        87M       2.3M       240K        28M
-/+ buffers/cache:       1.8G       115M
Swap:         8.0G       331M       7.7G

             total       used       free     shared    buffers     cached
Mem:          2.0G       1.9G        86M       2.3M       240K        28M
-/+ buffers/cache:       1.8G       115M
Swap:         8.0G       331M       7.7G

             total       used       free     shared    buffers     cached
Mem:          2.0G       1.9G        86M       2.3M       240K        28M
-/+ buffers/cache:       1.8G       115M
Swap:         8.0G       330M       7.7G

             total       used       free     shared    buffers     cached
Mem:          2.0G       1.9G        86M       2.3M       248K        28M
-/+ buffers/cache:       1.8G       114M
Swap:         8.0G       330M       7.7G

             total       used       free     shared    buffers     cached
Mem:          2.0G       1.9G        85M       2.3M       248K        28M
-/+ buffers/cache:       1.8G       114M
Swap:         8.0G       330M       7.7G

             total       used       free     shared    buffers     cached
Mem:          2.0G       1.9G        84M       2.3M       248K        28M
-/+ buffers/cache:       1.8G       113M
Swap:         8.0G       330M       7.7G

             total       used       free     shared    buffers     cached
Mem:          2.0G       1.9G        84M       2.3M       248K        28M
-/+ buffers/cache:       1.8G       113M
Swap:         8.0G       330M       7.7G

             total       used       free     shared    buffers     cached
Mem:          2.0G       1.9G        84M       2.3M       248K        28M
-/+ buffers/cache:       1.8G       112M
Swap:         8.0G       330M       7.7G

             total       used       free     shared    buffers     cached
Mem:          2.0G       1.9G        83M       2.3M       256K        28M
-/+ buffers/cache:       1.8G       112M
Swap:         8.0G       329M       7.7G

             total       used       free     shared    buffers     cached
Mem:          2.0G       1.9G        83M       2.3M       256K        28M
-/+ buffers/cache:       1.8G       111M
Swap:         8.0G       329M       7.7G

             total       used       free     shared    buffers     cached
Mem:          2.0G       1.9G        82M       2.3M       256K        28M
-/+ buffers/cache:       1.8G       111M
Swap:         8.0G       329M       7.7G

             total       used       free     shared    buffers     cached
Mem:          2.0G       1.9G        82M       2.3M       256K        28M
-/+ buffers/cache:       1.8G       110M
Swap:         8.0G       328M       7.7G

             total       used       free     shared    buffers     cached
Mem:          2.0G       1.9G        81M       2.3M       256K        28M
-/+ buffers/cache:       1.8G       110M
Swap:         8.0G       328M       7.7G

             total       used       free     shared    buffers     cached
Mem:          2.0G       1.9G        79M       2.3M       256K        29M
-/+ buffers/cache:       1.8G       109M
Swap:         8.0G       328M       7.7G

             total       used       free     shared    buffers     cached
Mem:          2.0G       1.9G        75M       2.3M       264K        33M
-/+ buffers/cache:       1.8G       108M
Swap:         8.0G       328M       7.7G

             total       used       free     shared    buffers     cached
Mem:          2.0G       1.9G        74M       2.3M       580K        33M
-/+ buffers/cache:       1.8G       108M
Swap:         8.0G       327M       7.7G

             total       used       free     shared    buffers     cached
Mem:          2.0G       1.9G        73M       2.3M       580K        33M
-/+ buffers/cache:       1.8G       107M
Swap:         8.0G       327M       7.7G

             total       used       free     shared    buffers     cached
Mem:          2.0G       1.9G        73M       2.3M       580K        33M
-/+ buffers/cache:       1.8G       107M
Swap:         8.0G       327M       7.7G

             total       used       free     shared    buffers     cached
Mem:          2.0G       1.9G        72M       2.3M       580K        33M
-/+ buffers/cache:       1.8G       106M
Swap:         8.0G       326M       7.7G

             total       used       free     shared    buffers     cached
Mem:          2.0G       1.9G        72M       2.3M       588K        33M
-/+ buffers/cache:       1.8G       106M
Swap:         8.0G       326M       7.7G

             total       used       free     shared    buffers     cached
Mem:          2.0G       1.9G        71M       2.3M       588K        33M
-/+ buffers/cache:       1.9G       105M
Swap:         8.0G       326M       7.7G

             total       used       free     shared    buffers     cached
Mem:          2.0G       1.9G        70M       2.3M       588K        33M
-/+ buffers/cache:       1.9G       104M
Swap:         8.0G       326M       7.7G

             total       used       free     shared    buffers     cached
Mem:          2.0G       1.9G        70M       2.3M       588K        33M
-/+ buffers/cache:       1.9G       104M
Swap:         8.0G       325M       7.7G

             total       used       free     shared    buffers     cached
Mem:          2.0G       1.9G        69M       2.3M       588K        33M
-/+ buffers/cache:       1.9G       103M
Swap:         8.0G       325M       7.7G

             total       used       free     shared    buffers     cached
Mem:          2.0G       1.9G        69M       2.3M       588K        33M
-/+ buffers/cache:       1.9G       103M
Swap:         8.0G       325M       7.7G

             total       used       free     shared    buffers     cached
Mem:          2.0G       1.9G        68M       2.3M       596K        33M
-/+ buffers/cache:       1.9G       102M
Swap:         8.0G       324M       7.7G

             total       used       free     shared    buffers     cached
Mem:          2.0G       1.9G        68M       2.3M       596K        33M
-/+ buffers/cache:       1.9G       102M
Swap:         8.0G       324M       7.7G

             total       used       free     shared    buffers     cached
Mem:          2.0G       1.9G        67M       2.3M       596K        33M
-/+ buffers/cache:       1.9G       101M
Swap:         8.0G       324M       7.7G

             total       used       free     shared    buffers     cached
Mem:          2.0G       1.9G        67M       2.3M       596K        33M
-/+ buffers/cache:       1.9G       101M
Swap:         8.0G       324M       7.7G

             total       used       free     shared    buffers     cached
Mem:          2.0G       1.9G        66M       2.3M       596K        33M
-/+ buffers/cache:       1.9G       100M
Swap:         8.0G       323M       7.7G

             total       used       free     shared    buffers     cached
Mem:          2.0G       1.9G        65M       2.3M       604K        33M
-/+ buffers/cache:       1.9G       100M
Swap:         8.0G       323M       7.7G

             total       used       free     shared    buffers     cached
Mem:          2.0G       1.9G        65M       2.3M       604K        33M
-/+ buffers/cache:       1.9G        99M
Swap:         8.0G       323M       7.7G

             total       used       free     shared    buffers     cached
Mem:          2.0G       1.9G        64M       2.3M       604K        33M
-/+ buffers/cache:       1.9G        98M
Swap:         8.0G       323M       7.7G

             total       used       free     shared    buffers     cached
Mem:          2.0G       1.9G        76M       2.3M       588K        30M
-/+ buffers/cache:       1.8G       107M
Swap:         8.0G       342M       7.7G

             total       used       free     shared    buffers     cached
Mem:          2.0G       1.9G        75M       2.3M       588K        30M
-/+ buffers/cache:       1.8G       106M
Swap:         8.0G       342M       7.7G

             total       used       free     shared    buffers     cached
Mem:          2.0G       1.9G        75M       2.3M       588K        30M
-/+ buffers/cache:       1.8G       106M
Swap:         8.0G       342M       7.7G

             total       used       free     shared    buffers     cached
Mem:          2.0G       1.9G        74M       2.3M       596K        30M
-/+ buffers/cache:       1.9G       105M
Swap:         8.0G       341M       7.7G

             total       used       free     shared    buffers     cached
Mem:          2.0G       1.9G        74M       2.3M       596K        30M
-/+ buffers/cache:       1.9G       104M
Swap:         8.0G       341M       7.7G

             total       used       free     shared    buffers     cached
Mem:          2.0G       1.9G        73M       2.3M       596K        30M
-/+ buffers/cache:       1.9G       104M
Swap:         8.0G       341M       7.7G

             total       used       free     shared    buffers     cached
Mem:          2.0G       1.9G        73M       2.3M       596K        30M
-/+ buffers/cache:       1.9G       103M
Swap:         8.0G       340M       7.7G

             total       used       free     shared    buffers     cached
Mem:          2.0G       1.9G        72M       2.3M       596K        30M
-/+ buffers/cache:       1.9G       103M
Swap:         8.0G       340M       7.7G

             total       used       free     shared    buffers     cached
Mem:          2.0G       1.9G        71M       2.3M       604K        30M
-/+ buffers/cache:       1.9G       102M
Swap:         8.0G       340M       7.7G

             total       used       free     shared    buffers     cached
Mem:          2.0G       1.9G        71M       2.3M       604K        30M
-/+ buffers/cache:       1.9G       102M
Swap:         8.0G       339M       7.7G

             total       used       free     shared    buffers     cached
Mem:          2.0G       1.9G        70M       2.3M       604K        30M
-/+ buffers/cache:       1.9G       101M
Swap:         8.0G       339M       7.7G

             total       used       free     shared    buffers     cached
Mem:          2.0G       1.9G        68M       2.3M       740K        31M
-/+ buffers/cache:       1.9G       100M
Swap:         8.0G       339M       7.7G

             total       used       free     shared    buffers     cached
Mem:          2.0G       1.9G        68M       2.3M       740K        31M
-/+ buffers/cache:       1.9G       100M
Swap:         8.0G       338M       7.7G

             total       used       free     shared    buffers     cached
Mem:          2.0G       1.9G        67M       2.3M       740K        31M
-/+ buffers/cache:       1.9G        99M
Swap:         8.0G       338M       7.7G

             total       used       free     shared    buffers     cached
Mem:          2.0G       1.9G        67M       2.3M       748K        31M
-/+ buffers/cache:       1.9G        99M
Swap:         8.0G       337M       7.7G

             total       used       free     shared    buffers     cached
Mem:          2.0G       1.9G        73M       2.3M       748K        32M
-/+ buffers/cache:       1.8G       105M
Swap:         8.0G       343M       7.7G

             total       used       free     shared    buffers     cached
Mem:          2.0G       1.9G        72M       2.3M       748K        32M
-/+ buffers/cache:       1.9G       105M
Swap:         8.0G       342M       7.7G

             total       used       free     shared    buffers     cached
Mem:          2.0G       1.9G        71M       2.3M       748K        32M
-/+ buffers/cache:       1.9G       104M
Swap:         8.0G       342M       7.7G

             total       used       free     shared    buffers     cached
Mem:          2.0G       1.9G        64M       2.3M       748K        35M
-/+ buffers/cache:       1.9G       100M
Swap:         8.0G       340M       7.7G

             total       used       free     shared    buffers     cached
Mem:          2.0G       1.9G        76M       2.3M       756K        32M
-/+ buffers/cache:       1.8G       110M
Swap:         8.0G       349M       7.7G

             total       used       free     shared    buffers     cached
Mem:          2.0G       1.9G        76M       2.3M       756K        32M
-/+ buffers/cache:       1.8G       109M
Swap:         8.0G       349M       7.7G

             total       used       free     shared    buffers     cached
Mem:          2.0G       1.9G        76M       2.3M       756K        32M
-/+ buffers/cache:       1.8G       109M
Swap:         8.0G       349M       7.7G

             total       used       free     shared    buffers     cached
Mem:          2.0G       1.9G        75M       2.3M       756K        32M
-/+ buffers/cache:       1.8G       109M
Swap:         8.0G       348M       7.7G

             total       used       free     shared    buffers     cached
Mem:          2.0G       1.9G        75M       2.3M       756K        32M
-/+ buffers/cache:       1.8G       108M
Swap:         8.0G       348M       7.7G

             total       used       free     shared    buffers     cached
Mem:          2.0G       1.9G        74M       2.3M       756K        32M
-/+ buffers/cache:       1.8G       108M
Swap:         8.0G       348M       7.7G

             total       used       free     shared    buffers     cached
Mem:          2.0G       1.9G        74M       2.3M       764K        32M
-/+ buffers/cache:       1.8G       107M
Swap:         8.0G       348M       7.7G

             total       used       free     shared    buffers     cached
Mem:          2.0G       1.9G        73M       2.3M       764K        32M
-/+ buffers/cache:       1.8G       107M
Swap:         8.0G       347M       7.7G

             total       used       free     shared    buffers     cached
Mem:          2.0G       1.9G        73M       2.3M       764K        32M
-/+ buffers/cache:       1.8G       107M
Swap:         8.0G       347M       7.7G

             total       used       free     shared    buffers     cached
Mem:          2.0G       1.9G        76M       2.4M       1.9M        46M
-/+ buffers/cache:       1.8G       124M
Swap:         8.0G       362M       7.6G

             total       used       free     shared    buffers     cached
Mem:          2.0G       1.9G        65M       6.1M       4.8M        60M
-/+ buffers/cache:       1.8G       130M
Swap:         8.0G       402M       7.6G

             total       used       free     shared    buffers     cached
Mem:          2.0G       1.9G        76M       6.1M       4.6M        68M
-/+ buffers/cache:       1.8G       150M
Swap:         8.0G       420M       7.6G

             total       used       free     shared    buffers     cached
Mem:          2.0G       1.9G        70M       2.4M       4.9M        67M
-/+ buffers/cache:       1.8G       143M
Swap:         8.0G       417M       7.6G

             total       used       free     shared    buffers     cached
Mem:          2.0G       1.9G        69M       2.4M       4.9M        67M
-/+ buffers/cache:       1.8G       142M
Swap:         8.0G       416M       7.6G

             total       used       free     shared    buffers     cached
Mem:          2.0G       1.9G        69M       2.4M       4.9M        67M
-/+ buffers/cache:       1.8G       141M
Swap:         8.0G       416M       7.6G

             total       used       free     shared    buffers     cached
Mem:          2.0G       1.9G        68M       2.4M       4.9M        67M
-/+ buffers/cache:       1.8G       140M
Swap:         8.0G       415M       7.6G

             total       used       free     shared    buffers     cached
Mem:          2.0G       1.9G        65M       2.4M       5.1M        68M
-/+ buffers/cache:       1.8G       139M
Swap:         8.0G       415M       7.6G

             total       used       free     shared    buffers     cached
Mem:          2.0G       1.9G        65M       2.4M       5.1M        68M
-/+ buffers/cache:       1.8G       138M
Swap:         8.0G       414M       7.6G

             total       used       free     shared    buffers     cached
Mem:          2.0G       1.9G        77M       2.4M       5.1M        66M
-/+ buffers/cache:       1.8G       149M
Swap:         8.0G       415M       7.6G

             total       used       free     shared    buffers     cached
Mem:          2.0G       1.9G        76M       2.4M       5.1M        66M
-/+ buffers/cache:       1.8G       148M
Swap:         8.0G       415M       7.6G

             total       used       free     shared    buffers     cached
Mem:          2.0G       1.9G        75M       2.4M       5.1M        66M
-/+ buffers/cache:       1.8G       147M
Swap:         8.0G       414M       7.6G

             total       used       free     shared    buffers     cached
Mem:          2.0G       1.9G        73M       2.4M       5.1M        67M
-/+ buffers/cache:       1.8G       146M
Swap:         8.0G       414M       7.6G

             total       used       free     shared    buffers     cached
Mem:          2.0G       1.9G        72M       2.4M       5.1M        67M
-/+ buffers/cache:       1.8G       145M
Swap:         8.0G       413M       7.6G

             total       used       free     shared    buffers     cached
Mem:          2.0G       1.9G        72M       2.4M       5.1M        67M
-/+ buffers/cache:       1.8G       144M
Swap:         8.0G       413M       7.6G

             total       used       free     shared    buffers     cached
Mem:          2.0G       1.9G        71M       2.4M       5.1M        67M
-/+ buffers/cache:       1.8G       143M
Swap:         8.0G       412M       7.6G

             total       used       free     shared    buffers     cached
Mem:          2.0G       1.9G        70M       2.4M       5.1M        67M
-/+ buffers/cache:       1.8G       142M
Swap:         8.0G       412M       7.6G

             total       used       free     shared    buffers     cached
Mem:          2.0G       1.9G        69M       2.4M       5.1M        67M
-/+ buffers/cache:       1.8G       141M
Swap:         8.0G       411M       7.6G

             total       used       free     shared    buffers     cached
Mem:          2.0G       1.9G        68M       2.4M       5.1M        67M
-/+ buffers/cache:       1.8G       140M
Swap:         8.0G       411M       7.6G

             total       used       free     shared    buffers     cached
Mem:          2.0G       1.9G        66M       2.4M       5.1M        67M
-/+ buffers/cache:       1.8G       139M
Swap:         8.0G       410M       7.6G

             total       used       free     shared    buffers     cached
Mem:          2.0G       1.9G        66M       2.4M       5.1M        67M
-/+ buffers/cache:       1.8G       138M
Swap:         8.0G       409M       7.6G

             total       used       free     shared    buffers     cached
Mem:          2.0G       1.9G        65M       2.4M       5.1M        67M
-/+ buffers/cache:       1.8G       137M
Swap:         8.0G       409M       7.6G

             total       used       free     shared    buffers     cached
Mem:          2.0G       1.9G        81M       2.4M       4.7M        64M
-/+ buffers/cache:       1.8G       150M
Swap:         8.0G       436M       7.6G

             total       used       free     shared    buffers     cached
Mem:          2.0G       1.9G        81M       2.4M       4.7M        64M
-/+ buffers/cache:       1.8G       149M
Swap:         8.0G       435M       7.6G

             total       used       free     shared    buffers     cached
Mem:          2.0G       1.9G        80M       2.4M       4.7M        64M
-/+ buffers/cache:       1.8G       148M
Swap:         8.0G       435M       7.6G

             total       used       free     shared    buffers     cached
Mem:          2.0G       1.9G        78M       2.4M       4.7M        64M
-/+ buffers/cache:       1.8G       147M
Swap:         8.0G       434M       7.6G

             total       used       free     shared    buffers     cached
Mem:          2.0G       1.9G        78M       2.4M       4.7M        64M
-/+ buffers/cache:       1.8G       146M
Swap:         8.0G       433M       7.6G

             total       used       free     shared    buffers     cached
Mem:          2.0G       1.9G        77M       2.4M       4.7M        64M
-/+ buffers/cache:       1.8G       145M
Swap:         8.0G       433M       7.6G

             total       used       free     shared    buffers     cached
Mem:          2.0G       1.9G        76M       2.4M       4.7M        64M
-/+ buffers/cache:       1.8G       145M
Swap:         8.0G       432M       7.6G

             total       used       free     shared    buffers     cached
Mem:          2.0G       1.9G        69M       2.4M       5.3M        68M
-/+ buffers/cache:       1.8G       142M
Swap:         8.0G       432M       7.6G

             total       used       free     shared    buffers     cached
Mem:          2.0G       1.9G        74M       2.5M       9.5M        77M
-/+ buffers/cache:       1.8G       161M
Swap:         8.0G       443M       7.6G
