             total       used       free     shared    buffers     cached
Mem:          2.0G       658M       1.3G       3.2M        38M       289M
-/+ buffers/cache:       331M       1.6G
Swap:         8.0G         0B       8.0G

             total       used       free     shared    buffers     cached
Mem:          2.0G       657M       1.3G       1.4M        38M       287M
-/+ buffers/cache:       331M       1.6G
Swap:         8.0G         0B       8.0G

             total       used       free     shared    buffers     cached
Mem:          2.0G       657M       1.3G       1.4M        38M       287M
-/+ buffers/cache:       331M       1.6G
Swap:         8.0G         0B       8.0G

             total       used       free     shared    buffers     cached
Mem:          2.0G       657M       1.3G       1.4M        38M       287M
-/+ buffers/cache:       331M       1.6G
Swap:         8.0G         0B       8.0G

             total       used       free     shared    buffers     cached
Mem:          2.0G       657M       1.3G       1.4M        38M       287M
-/+ buffers/cache:       331M       1.6G
Swap:         8.0G         0B       8.0G

             total       used       free     shared    buffers     cached
Mem:          2.0G       657M       1.3G       1.4M        38M       287M
-/+ buffers/cache:       331M       1.6G
Swap:         8.0G         0B       8.0G

             total       used       free     shared    buffers     cached
Mem:          2.0G       657M       1.3G       1.4M        38M       287M
-/+ buffers/cache:       330M       1.6G
Swap:         8.0G         0B       8.0G

             total       used       free     shared    buffers     cached
Mem:          2.0G       656M       1.3G       1.4M        38M       288M
-/+ buffers/cache:       330M       1.6G
Swap:         8.0G         0B       8.0G

             total       used       free     shared    buffers     cached
Mem:          2.0G       658M       1.3G       1.4M        38M       288M
-/+ buffers/cache:       331M       1.6G
Swap:         8.0G         0B       8.0G

             total       used       free     shared    buffers     cached
Mem:          2.0G       664M       1.3G       1.4M        38M       288M
-/+ buffers/cache:       337M       1.6G
Swap:         8.0G         0B       8.0G

             total       used       free     shared    buffers     cached
Mem:          2.0G       685M       1.3G       1.4M        38M       288M
-/+ buffers/cache:       358M       1.6G
Swap:         8.0G         0B       8.0G

             total       used       free     shared    buffers     cached
Mem:          2.0G       665M       1.3G       1.4M        38M       289M
-/+ buffers/cache:       337M       1.6G
Swap:         8.0G         0B       8.0G

             total       used       free     shared    buffers     cached
Mem:          2.0G       669M       1.3G       1.4M        38M       289M
-/+ buffers/cache:       342M       1.6G
Swap:         8.0G         0B       8.0G

             total       used       free     shared    buffers     cached
Mem:          2.0G       666M       1.3G       1.4M        38M       289M
-/+ buffers/cache:       338M       1.6G
Swap:         8.0G         0B       8.0G

             total       used       free     shared    buffers     cached
Mem:          2.0G       666M       1.3G       1.4M        38M       289M
-/+ buffers/cache:       338M       1.6G
Swap:         8.0G         0B       8.0G

             total       used       free     shared    buffers     cached
Mem:          2.0G       666M       1.3G       1.4M        38M       289M
-/+ buffers/cache:       338M       1.6G
Swap:         8.0G         0B       8.0G

             total       used       free     shared    buffers     cached
Mem:          2.0G       666M       1.3G       1.4M        38M       289M
-/+ buffers/cache:       338M       1.6G
Swap:         8.0G         0B       8.0G

             total       used       free     shared    buffers     cached
Mem:          2.0G       666M       1.3G       1.4M        38M       289M
-/+ buffers/cache:       338M       1.6G
Swap:         8.0G         0B       8.0G

             total       used       free     shared    buffers     cached
Mem:          2.0G       666M       1.3G       1.4M        38M       289M
-/+ buffers/cache:       338M       1.6G
Swap:         8.0G         0B       8.0G

             total       used       free     shared    buffers     cached
Mem:          2.0G       666M       1.3G       1.4M        38M       289M
-/+ buffers/cache:       338M       1.6G
Swap:         8.0G         0B       8.0G

             total       used       free     shared    buffers     cached
Mem:          2.0G       666M       1.3G       1.4M        38M       289M
-/+ buffers/cache:       338M       1.6G
Swap:         8.0G         0B       8.0G

             total       used       free     shared    buffers     cached
Mem:          2.0G       666M       1.3G       1.4M        38M       289M
-/+ buffers/cache:       338M       1.6G
Swap:         8.0G         0B       8.0G

             total       used       free     shared    buffers     cached
Mem:          2.0G       666M       1.3G       1.4M        38M       289M
-/+ buffers/cache:       338M       1.6G
Swap:         8.0G         0B       8.0G

             total       used       free     shared    buffers     cached
Mem:          2.0G       666M       1.3G       1.4M        38M       289M
-/+ buffers/cache:       338M       1.6G
Swap:         8.0G         0B       8.0G

             total       used       free     shared    buffers     cached
Mem:          2.0G       666M       1.3G       1.4M        38M       289M
-/+ buffers/cache:       338M       1.6G
Swap:         8.0G         0B       8.0G

             total       used       free     shared    buffers     cached
Mem:          2.0G       666M       1.3G       1.4M        38M       289M
-/+ buffers/cache:       338M       1.6G
Swap:         8.0G         0B       8.0G

             total       used       free     shared    buffers     cached
Mem:          2.0G       666M       1.3G       1.4M        38M       289M
-/+ buffers/cache:       338M       1.6G
Swap:         8.0G         0B       8.0G

             total       used       free     shared    buffers     cached
Mem:          2.0G       666M       1.3G       1.4M        38M       289M
-/+ buffers/cache:       338M       1.6G
Swap:         8.0G         0B       8.0G

             total       used       free     shared    buffers     cached
Mem:          2.0G       666M       1.3G       1.4M        38M       289M
-/+ buffers/cache:       338M       1.6G
Swap:         8.0G         0B       8.0G

             total       used       free     shared    buffers     cached
Mem:          2.0G       666M       1.3G       1.4M        38M       289M
-/+ buffers/cache:       338M       1.6G
Swap:         8.0G         0B       8.0G

             total       used       free     shared    buffers     cached
Mem:          2.0G       666M       1.3G       1.4M        38M       289M
-/+ buffers/cache:       338M       1.6G
Swap:         8.0G         0B       8.0G

             total       used       free     shared    buffers     cached
Mem:          2.0G       666M       1.3G       1.4M        38M       289M
-/+ buffers/cache:       338M       1.6G
Swap:         8.0G         0B       8.0G

             total       used       free     shared    buffers     cached
Mem:          2.0G       666M       1.3G       1.4M        38M       289M
-/+ buffers/cache:       338M       1.6G
Swap:         8.0G         0B       8.0G

             total       used       free     shared    buffers     cached
Mem:          2.0G       671M       1.3G       1.4M        38M       289M
-/+ buffers/cache:       343M       1.6G
Swap:         8.0G         0B       8.0G

             total       used       free     shared    buffers     cached
Mem:          2.0G       689M       1.3G       1.4M        38M       289M
-/+ buffers/cache:       360M       1.6G
Swap:         8.0G         0B       8.0G

             total       used       free     shared    buffers     cached
Mem:          2.0G       704M       1.3G       1.4M        38M       289M
-/+ buffers/cache:       375M       1.6G
Swap:         8.0G         0B       8.0G

             total       used       free     shared    buffers     cached
Mem:          2.0G       718M       1.3G       1.4M        38M       289M
-/+ buffers/cache:       389M       1.6G
Swap:         8.0G         0B       8.0G

             total       used       free     shared    buffers     cached
Mem:          2.0G       732M       1.2G       1.4M        38M       289M
-/+ buffers/cache:       403M       1.6G
Swap:         8.0G         0B       8.0G

             total       used       free     shared    buffers     cached
Mem:          2.0G       747M       1.2G       1.4M        38M       289M
-/+ buffers/cache:       418M       1.5G
Swap:         8.0G         0B       8.0G

             total       used       free     shared    buffers     cached
Mem:          2.0G       762M       1.2G       1.4M        38M       289M
-/+ buffers/cache:       433M       1.5G
Swap:         8.0G         0B       8.0G

             total       used       free     shared    buffers     cached
Mem:          2.0G       777M       1.2G       1.4M        38M       289M
-/+ buffers/cache:       448M       1.5G
Swap:         8.0G         0B       8.0G

             total       used       free     shared    buffers     cached
Mem:          2.0G       789M       1.2G       1.4M        38M       289M
-/+ buffers/cache:       461M       1.5G
Swap:         8.0G         0B       8.0G

             total       used       free     shared    buffers     cached
Mem:          2.0G       805M       1.2G       1.4M        38M       289M
-/+ buffers/cache:       477M       1.5G
Swap:         8.0G         0B       8.0G

             total       used       free     shared    buffers     cached
Mem:          2.0G       822M       1.1G       1.4M        38M       289M
-/+ buffers/cache:       494M       1.5G
Swap:         8.0G         0B       8.0G

             total       used       free     shared    buffers     cached
Mem:          2.0G       838M       1.1G       1.4M        38M       289M
-/+ buffers/cache:       510M       1.5G
Swap:         8.0G         0B       8.0G

             total       used       free     shared    buffers     cached
Mem:          2.0G       855M       1.1G       1.4M        38M       289M
-/+ buffers/cache:       527M       1.4G
Swap:         8.0G         0B       8.0G

             total       used       free     shared    buffers     cached
Mem:          2.0G       870M       1.1G       1.4M        38M       289M
-/+ buffers/cache:       542M       1.4G
Swap:         8.0G         0B       8.0G

             total       used       free     shared    buffers     cached
Mem:          2.0G       886M       1.1G       1.4M        38M       289M
-/+ buffers/cache:       558M       1.4G
Swap:         8.0G         0B       8.0G

             total       used       free     shared    buffers     cached
Mem:          2.0G       898M       1.1G       1.4M        38M       289M
-/+ buffers/cache:       570M       1.4G
Swap:         8.0G         0B       8.0G

             total       used       free     shared    buffers     cached
Mem:          2.0G       913M       1.1G       1.4M        38M       289M
-/+ buffers/cache:       585M       1.4G
Swap:         8.0G         0B       8.0G

             total       used       free     shared    buffers     cached
Mem:          2.0G       928M       1.0G       1.4M        38M       289M
-/+ buffers/cache:       600M       1.4G
Swap:         8.0G         0B       8.0G

             total       used       free     shared    buffers     cached
Mem:          2.0G       945M       1.0G       1.4M        38M       289M
-/+ buffers/cache:       616M       1.4G
Swap:         8.0G         0B       8.0G

             total       used       free     shared    buffers     cached
Mem:          2.0G       961M       1.0G       1.4M        38M       289M
-/+ buffers/cache:       632M       1.3G
Swap:         8.0G         0B       8.0G

             total       used       free     shared    buffers     cached
Mem:          2.0G       975M       1.0G       1.4M        38M       289M
-/+ buffers/cache:       647M       1.3G
Swap:         8.0G         0B       8.0G

             total       used       free     shared    buffers     cached
Mem:          2.0G       990M       1.0G       1.4M        38M       289M
-/+ buffers/cache:       661M       1.3G
Swap:         8.0G         0B       8.0G

             total       used       free     shared    buffers     cached
Mem:          2.0G       1.0G       995M       1.4M        38M       289M
-/+ buffers/cache:       676M       1.3G
Swap:         8.0G         0B       8.0G

             total       used       free     shared    buffers     cached
Mem:          2.0G       1.0G       980M       1.4M        38M       289M
-/+ buffers/cache:       691M       1.3G
Swap:         8.0G         0B       8.0G

             total       used       free     shared    buffers     cached
Mem:          2.0G       1.0G       966M       1.4M        38M       289M
-/+ buffers/cache:       705M       1.3G
Swap:         8.0G         0B       8.0G

             total       used       free     shared    buffers     cached
Mem:          2.0G       1.0G       952M       1.4M        38M       289M
-/+ buffers/cache:       719M       1.3G
Swap:         8.0G         0B       8.0G

             total       used       free     shared    buffers     cached
Mem:          2.0G       1.0G       937M       1.4M        38M       289M
-/+ buffers/cache:       734M       1.2G
Swap:         8.0G         0B       8.0G

             total       used       free     shared    buffers     cached
Mem:          2.0G       1.1G       921M       1.4M        38M       289M
-/+ buffers/cache:       749M       1.2G
Swap:         8.0G         0B       8.0G

             total       used       free     shared    buffers     cached
Mem:          2.0G       1.1G       907M       1.4M        38M       289M
-/+ buffers/cache:       764M       1.2G
Swap:         8.0G         0B       8.0G

             total       used       free     shared    buffers     cached
Mem:          2.0G       1.1G       891M       1.4M        38M       289M
-/+ buffers/cache:       780M       1.2G
Swap:         8.0G         0B       8.0G

             total       used       free     shared    buffers     cached
Mem:          2.0G       1.1G       881M       1.4M        38M       289M
-/+ buffers/cache:       790M       1.2G
Swap:         8.0G         0B       8.0G

             total       used       free     shared    buffers     cached
Mem:          2.0G       1.1G       868M       1.4M        38M       289M
-/+ buffers/cache:       802M       1.2G
Swap:         8.0G         0B       8.0G

             total       used       free     shared    buffers     cached
Mem:          2.0G       1.1G       852M       1.4M        38M       289M
-/+ buffers/cache:       818M       1.2G
Swap:         8.0G         0B       8.0G

             total       used       free     shared    buffers     cached
Mem:          2.0G       1.1G       837M       1.4M        38M       289M
-/+ buffers/cache:       834M       1.1G
Swap:         8.0G         0B       8.0G

             total       used       free     shared    buffers     cached
Mem:          2.0G       1.2G       821M       1.4M        38M       289M
-/+ buffers/cache:       849M       1.1G
Swap:         8.0G         0B       8.0G

             total       used       free     shared    buffers     cached
Mem:          2.0G       1.2G       805M       1.4M        38M       290M
-/+ buffers/cache:       866M       1.1G
Swap:         8.0G         0B       8.0G

             total       used       free     shared    buffers     cached
Mem:          2.0G       1.2G       787M       1.4M        38M       290M
-/+ buffers/cache:       883M       1.1G
Swap:         8.0G         0B       8.0G

             total       used       free     shared    buffers     cached
Mem:          2.0G       1.2G       770M       1.4M        38M       290M
-/+ buffers/cache:       900M       1.1G
Swap:         8.0G         0B       8.0G

             total       used       free     shared    buffers     cached
Mem:          2.0G       1.2G       754M       1.4M        38M       290M
-/+ buffers/cache:       916M       1.1G
Swap:         8.0G         0B       8.0G

             total       used       free     shared    buffers     cached
Mem:          2.0G       1.2G       737M       1.4M        38M       290M
-/+ buffers/cache:       933M       1.0G
Swap:         8.0G         0B       8.0G

             total       used       free     shared    buffers     cached
Mem:          2.0G       1.2G       721M       1.4M        38M       290M
-/+ buffers/cache:       949M       1.0G
Swap:         8.0G         0B       8.0G

             total       used       free     shared    buffers     cached
Mem:          2.0G       1.3G       705M       1.4M        38M       290M
-/+ buffers/cache:       965M       1.0G
Swap:         8.0G         0B       8.0G

             total       used       free     shared    buffers     cached
Mem:          2.0G       1.3G       689M       1.4M        38M       290M
-/+ buffers/cache:       981M       1.0G
Swap:         8.0G         0B       8.0G

             total       used       free     shared    buffers     cached
Mem:          2.0G       1.3G       672M       1.4M        38M       290M
-/+ buffers/cache:       998M       1.0G
Swap:         8.0G         0B       8.0G

             total       used       free     shared    buffers     cached
Mem:          2.0G       1.3G       656M       1.4M        38M       290M
-/+ buffers/cache:       1.0G       985M
Swap:         8.0G         0B       8.0G

             total       used       free     shared    buffers     cached
Mem:          2.0G       1.3G       641M       1.4M        38M       290M
-/+ buffers/cache:       1.0G       970M
Swap:         8.0G         0B       8.0G

             total       used       free     shared    buffers     cached
Mem:          2.0G       1.3G       625M       1.4M        38M       290M
-/+ buffers/cache:       1.0G       954M
Swap:         8.0G         0B       8.0G

             total       used       free     shared    buffers     cached
Mem:          2.0G       1.4G       610M       1.4M        38M       290M
-/+ buffers/cache:       1.0G       939M
Swap:         8.0G         0B       8.0G

             total       used       free     shared    buffers     cached
Mem:          2.0G       1.4G       595M       1.4M        38M       290M
-/+ buffers/cache:       1.1G       924M
Swap:         8.0G         0B       8.0G

             total       used       free     shared    buffers     cached
Mem:          2.0G       1.4G       580M       1.4M        38M       290M
-/+ buffers/cache:       1.1G       909M
Swap:         8.0G         0B       8.0G

             total       used       free     shared    buffers     cached
Mem:          2.0G       1.4G       564M       1.4M        38M       290M
-/+ buffers/cache:       1.1G       893M
Swap:         8.0G         0B       8.0G

             total       used       free     shared    buffers     cached
Mem:          2.0G       1.4G       549M       1.4M        38M       290M
-/+ buffers/cache:       1.1G       878M
Swap:         8.0G         0B       8.0G

             total       used       free     shared    buffers     cached
Mem:          2.0G       1.4G       533M       1.4M        38M       290M
-/+ buffers/cache:       1.1G       862M
Swap:         8.0G         0B       8.0G

             total       used       free     shared    buffers     cached
Mem:          2.0G       1.4G       517M       1.4M        38M       290M
-/+ buffers/cache:       1.1G       846M
Swap:         8.0G         0B       8.0G

             total       used       free     shared    buffers     cached
Mem:          2.0G       1.5G       502M       1.4M        38M       290M
-/+ buffers/cache:       1.1G       831M
Swap:         8.0G         0B       8.0G

             total       used       free     shared    buffers     cached
Mem:          2.0G       1.5G       486M       1.4M        38M       290M
-/+ buffers/cache:       1.2G       815M
Swap:         8.0G         0B       8.0G

             total       used       free     shared    buffers     cached
Mem:          2.0G       1.5G       471M       1.4M        38M       290M
-/+ buffers/cache:       1.2G       800M
Swap:         8.0G         0B       8.0G

             total       used       free     shared    buffers     cached
Mem:          2.0G       1.5G       454M       1.4M        38M       290M
-/+ buffers/cache:       1.2G       783M
Swap:         8.0G         0B       8.0G

             total       used       free     shared    buffers     cached
Mem:          2.0G       1.5G       439M       1.4M        38M       290M
-/+ buffers/cache:       1.2G       768M
Swap:         8.0G         0B       8.0G

             total       used       free     shared    buffers     cached
Mem:          2.0G       1.5G       431M       1.4M        38M       290M
-/+ buffers/cache:       1.2G       760M
Swap:         8.0G         0B       8.0G

             total       used       free     shared    buffers     cached
Mem:          2.0G       1.5G       421M       1.4M        38M       290M
-/+ buffers/cache:       1.2G       750M
Swap:         8.0G         0B       8.0G

             total       used       free     shared    buffers     cached
Mem:          2.0G       1.6G       404M       1.4M        38M       290M
-/+ buffers/cache:       1.2G       733M
Swap:         8.0G         0B       8.0G

             total       used       free     shared    buffers     cached
Mem:          2.0G       1.6G       389M       1.4M        38M       290M
-/+ buffers/cache:       1.3G       718M
Swap:         8.0G         0B       8.0G

             total       used       free     shared    buffers     cached
Mem:          2.0G       1.6G       374M       1.4M        38M       290M
-/+ buffers/cache:       1.3G       703M
Swap:         8.0G         0B       8.0G

             total       used       free     shared    buffers     cached
Mem:          2.0G       1.6G       359M       1.4M        38M       290M
-/+ buffers/cache:       1.3G       688M
Swap:         8.0G         0B       8.0G

             total       used       free     shared    buffers     cached
Mem:          2.0G       1.6G       343M       1.4M        38M       290M
-/+ buffers/cache:       1.3G       672M
Swap:         8.0G         0B       8.0G

             total       used       free     shared    buffers     cached
Mem:          2.0G       1.6G       327M       1.4M        38M       290M
-/+ buffers/cache:       1.3G       656M
Swap:         8.0G         0B       8.0G

             total       used       free     shared    buffers     cached
Mem:          2.0G       1.6G       311M       1.4M        38M       290M
-/+ buffers/cache:       1.3G       640M
Swap:         8.0G         0B       8.0G

             total       used       free     shared    buffers     cached
Mem:          2.0G       1.7G       296M       1.4M        38M       290M
-/+ buffers/cache:       1.3G       625M
Swap:         8.0G         0B       8.0G

             total       used       free     shared    buffers     cached
Mem:          2.0G       1.7G       281M       1.4M        38M       290M
-/+ buffers/cache:       1.4G       610M
Swap:         8.0G         0B       8.0G

             total       used       free     shared    buffers     cached
Mem:          2.0G       1.7G       266M       1.4M        38M       290M
-/+ buffers/cache:       1.4G       595M
Swap:         8.0G         0B       8.0G

             total       used       free     shared    buffers     cached
Mem:          2.0G       1.7G       251M       1.4M        38M       290M
-/+ buffers/cache:       1.4G       580M
Swap:         8.0G         0B       8.0G

             total       used       free     shared    buffers     cached
Mem:          2.0G       1.7G       237M       1.4M        38M       290M
-/+ buffers/cache:       1.4G       566M
Swap:         8.0G         0B       8.0G

             total       used       free     shared    buffers     cached
Mem:          2.0G       1.7G       222M       1.4M        38M       290M
-/+ buffers/cache:       1.4G       550M
Swap:         8.0G         0B       8.0G

             total       used       free     shared    buffers     cached
Mem:          2.0G       1.8G       207M       1.4M        38M       290M
-/+ buffers/cache:       1.4G       536M
Swap:         8.0G         0B       8.0G

             total       used       free     shared    buffers     cached
Mem:          2.0G       1.8G       192M       1.4M        38M       290M
-/+ buffers/cache:       1.4G       521M
Swap:         8.0G         0B       8.0G

             total       used       free     shared    buffers     cached
Mem:          2.0G       1.8G       176M       1.4M        38M       290M
-/+ buffers/cache:       1.5G       505M
Swap:         8.0G         0B       8.0G

             total       used       free     shared    buffers     cached
Mem:          2.0G       1.8G       161M       1.4M        38M       290M
-/+ buffers/cache:       1.5G       489M
Swap:         8.0G         0B       8.0G

             total       used       free     shared    buffers     cached
Mem:          2.0G       1.8G       146M       1.4M        38M       290M
-/+ buffers/cache:       1.5G       475M
Swap:         8.0G         0B       8.0G

             total       used       free     shared    buffers     cached
Mem:          2.0G       1.8G       130M       1.4M        38M       290M
-/+ buffers/cache:       1.5G       458M
Swap:         8.0G         0B       8.0G

             total       used       free     shared    buffers     cached
Mem:          2.0G       1.8G       113M       1.4M        38M       290M
-/+ buffers/cache:       1.5G       442M
Swap:         8.0G         0B       8.0G

             total       used       free     shared    buffers     cached
Mem:          2.0G       1.9G        97M       1.4M        38M       290M
-/+ buffers/cache:       1.5G       426M
Swap:         8.0G         0B       8.0G

             total       used       free     shared    buffers     cached
Mem:          2.0G       1.9G        82M       1.4M        38M       290M
-/+ buffers/cache:       1.6G       411M
Swap:         8.0G         0B       8.0G

             total       used       free     shared    buffers     cached
Mem:          2.0G       1.9G        67M       1.4M        38M       290M
-/+ buffers/cache:       1.6G       396M
Swap:         8.0G         0B       8.0G

             total       used       free     shared    buffers     cached
Mem:          2.0G       1.9G        75M       1.4M        17M       288M
-/+ buffers/cache:       1.6G       381M
Swap:         8.0G         0B       8.0G

             total       used       free     shared    buffers     cached
Mem:          2.0G       1.9G        76M       1.4M        10M       279M
-/+ buffers/cache:       1.6G       365M
Swap:         8.0G         0B       8.0G

             total       used       free     shared    buffers     cached
Mem:          2.0G       1.9G        78M       1.4M       9.8M       262M
-/+ buffers/cache:       1.6G       350M
Swap:         8.0G        76K       8.0G

             total       used       free     shared    buffers     cached
Mem:          2.0G       1.9G        68M       1.3M       9.8M       255M
-/+ buffers/cache:       1.6G       334M
Swap:         8.0G       196K       8.0G

             total       used       free     shared    buffers     cached
Mem:          2.0G       1.9G        65M       1.3M       9.8M       244M
-/+ buffers/cache:       1.6G       319M
Swap:         8.0G       876K       8.0G

             total       used       free     shared    buffers     cached
Mem:          2.0G       1.9G        65M       1.2M       9.8M       232M
-/+ buffers/cache:       1.7G       307M
Swap:         8.0G       6.5M       8.0G

             total       used       free     shared    buffers     cached
Mem:          2.0G       1.9G        82M       1.1M       9.0M       206M
-/+ buffers/cache:       1.7G       297M
Swap:         8.0G        11M       8.0G

             total       used       free     shared    buffers     cached
Mem:          2.0G       1.9G        67M       1.1M       9.0M       206M
-/+ buffers/cache:       1.7G       282M
Swap:         8.0G        11M       8.0G

             total       used       free     shared    buffers     cached
Mem:          2.0G       1.9G        65M       1.1M       2.8M       199M
-/+ buffers/cache:       1.7G       267M
Swap:         8.0G        11M       8.0G

             total       used       free     shared    buffers     cached
Mem:          2.0G       1.9G        65M       1.1M       1.1M       185M
-/+ buffers/cache:       1.7G       251M
Swap:         8.0G        11M       8.0G

             total       used       free     shared    buffers     cached
Mem:          2.0G       1.9G        73M       1.1M       336K       163M
-/+ buffers/cache:       1.7G       237M
Swap:         8.0G        11M       8.0G

             total       used       free     shared    buffers     cached
Mem:          2.0G       1.9G        77M       1.1M       328K       144M
-/+ buffers/cache:       1.7G       222M
Swap:         8.0G        11M       8.0G

             total       used       free     shared    buffers     cached
Mem:          2.0G       1.9G        63M       1.1M       328K       144M
-/+ buffers/cache:       1.7G       208M
Swap:         8.0G        11M       8.0G

             total       used       free     shared    buffers     cached
Mem:          2.0G       1.9G        65M       1.1M        80K       127M
-/+ buffers/cache:       1.8G       193M
Swap:         8.0G        11M       8.0G

             total       used       free     shared    buffers     cached
Mem:          2.0G       1.9G        66M       1.1M        88K       110M
-/+ buffers/cache:       1.8G       177M
Swap:         8.0G        11M       8.0G

             total       used       free     shared    buffers     cached
Mem:          2.0G       1.9G        72M       1.1M        88K        90M
-/+ buffers/cache:       1.8G       162M
Swap:         8.0G        11M       8.0G

             total       used       free     shared    buffers     cached
Mem:          2.0G       1.9G        78M       1.1M       104K        70M
-/+ buffers/cache:       1.8G       149M
Swap:         8.0G        11M       8.0G

             total       used       free     shared    buffers     cached
Mem:          2.0G       1.9G        80M       1.1M       104K        54M
-/+ buffers/cache:       1.8G       134M
Swap:         8.0G        11M       8.0G

             total       used       free     shared    buffers     cached
Mem:          2.0G       1.9G        65M       1.1M       104K        54M
-/+ buffers/cache:       1.8G       120M
Swap:         8.0G        11M       8.0G

             total       used       free     shared    buffers     cached
Mem:          2.0G       1.9G        81M       1.1M       244K        24M
-/+ buffers/cache:       1.8G       106M
Swap:         8.0G        11M       8.0G

             total       used       free     shared    buffers     cached
Mem:          2.0G       1.9G        66M       1.1M       516K        24M
-/+ buffers/cache:       1.9G        91M
Swap:         8.0G        11M       8.0G

             total       used       free     shared    buffers     cached
Mem:          2.0G       1.9G        75M       1.0M       448K       2.8M
-/+ buffers/cache:       1.9G        78M
Swap:         8.0G        12M       8.0G

             total       used       free     shared    buffers     cached
Mem:          2.0G       1.9G        74M       704K       332K       2.3M
-/+ buffers/cache:       1.9G        76M
Swap:         8.0G        42M       8.0G

             total       used       free     shared    buffers     cached
Mem:          2.0G       1.9G        71M       680K       332K       2.4M
-/+ buffers/cache:       1.9G        73M
Swap:         8.0G        42M       8.0G

             total       used       free     shared    buffers     cached
Mem:          2.0G       1.9G        71M       680K       332K       2.3M
-/+ buffers/cache:       1.9G        73M
Swap:         8.0G        53M       7.9G

             total       used       free     shared    buffers     cached
Mem:          2.0G       1.9G        71M       676K       340K       2.3M
-/+ buffers/cache:       1.9G        74M
Swap:         8.0G        75M       7.9G

             total       used       free     shared    buffers     cached
Mem:          2.0G       1.9G        70M       660K       340K       2.2M
-/+ buffers/cache:       1.9G        73M
Swap:         8.0G        84M       7.9G

             total       used       free     shared    buffers     cached
Mem:          2.0G       1.9G        74M       648K       292K       2.1M
-/+ buffers/cache:       1.9G        76M
Swap:         8.0G       114M       7.9G

             total       used       free     shared    buffers     cached
Mem:          2.0G       1.9G        74M       644K       280K       2.2M
-/+ buffers/cache:       1.9G        76M
Swap:         8.0G       114M       7.9G

             total       used       free     shared    buffers     cached
Mem:          2.0G       1.9G        74M       644K       280K       2.2M
-/+ buffers/cache:       1.9G        76M
Swap:         8.0G       142M       7.9G

             total       used       free     shared    buffers     cached
Mem:          2.0G       1.9G        73M       636K       288K       2.2M
-/+ buffers/cache:       1.9G        76M
Swap:         8.0G       142M       7.9G

             total       used       free     shared    buffers     cached
Mem:          2.0G       1.9G        76M       572K       236K       2.1M
-/+ buffers/cache:       1.9G        78M
Swap:         8.0G       186M       7.8G

             total       used       free     shared    buffers     cached
Mem:          2.0G       1.9G        74M       560K       236K       2.1M
-/+ buffers/cache:       1.9G        77M
Swap:         8.0G       186M       7.8G

             total       used       free     shared    buffers     cached
Mem:          2.0G       1.9G        72M       560K       236K       2.1M
-/+ buffers/cache:       1.9G        74M
Swap:         8.0G       186M       7.8G

             total       used       free     shared    buffers     cached
Mem:          2.0G       1.9G        86M       560K       212K       2.2M
-/+ buffers/cache:       1.9G        88M
Swap:         8.0G       246M       7.8G

             total       used       free     shared    buffers     cached
Mem:          2.0G       1.9G        80M       532K       220K       2.2M
-/+ buffers/cache:       1.9G        82M
Swap:         8.0G       243M       7.8G

             total       used       free     shared    buffers     cached
Mem:          2.0G       1.9G        73M       532K       220K       2.1M
-/+ buffers/cache:       1.9G        75M
Swap:         8.0G       242M       7.8G

             total       used       free     shared    buffers     cached
Mem:          2.0G       1.9G        68M       532K       220K       2.1M
-/+ buffers/cache:       1.9G        70M
Swap:         8.0G       242M       7.8G

             total       used       free     shared    buffers     cached
Mem:          2.0G       1.9G        66M       532K       208K       2.1M
-/+ buffers/cache:       1.9G        68M
Swap:         8.0G       242M       7.8G

             total       used       free     shared    buffers     cached
Mem:          2.0G       1.9G        66M       532K       208K       2.1M
-/+ buffers/cache:       1.9G        68M
Swap:         8.0G       242M       7.8G

             total       used       free     shared    buffers     cached
Mem:          2.0G       1.9G        71M       532K        92K       2.1M
-/+ buffers/cache:       1.9G        73M
Swap:         8.0G       287M       7.7G

             total       used       free     shared    buffers     cached
Mem:          2.0G       1.9G        75M       532K       100K       2.1M
-/+ buffers/cache:       1.9G        77M
Swap:         8.0G       287M       7.7G

             total       used       free     shared    buffers     cached
Mem:          2.0G       1.9G        71M       532K       100K       2.1M
-/+ buffers/cache:       1.9G        73M
Swap:         8.0G       287M       7.7G

             total       used       free     shared    buffers     cached
Mem:          2.0G       1.9G        71M       532K       100K       2.2M
-/+ buffers/cache:       1.9G        73M
Swap:         8.0G       287M       7.7G

             total       used       free     shared    buffers     cached
Mem:          2.0G       1.9G        70M       532K       100K       2.1M
-/+ buffers/cache:       1.9G        72M
Swap:         8.0G       286M       7.7G

             total       used       free     shared    buffers     cached
Mem:          2.0G       1.9G        69M       532K       100K       2.1M
-/+ buffers/cache:       1.9G        72M
Swap:         8.0G       286M       7.7G

             total       used       free     shared    buffers     cached
Mem:          2.0G       1.9G        69M       532K       108K       2.2M
-/+ buffers/cache:       1.9G        71M
Swap:         8.0G       285M       7.7G

             total       used       free     shared    buffers     cached
Mem:          2.0G       1.9G        68M       532K       108K       2.2M
-/+ buffers/cache:       1.9G        71M
Swap:         8.0G       285M       7.7G

             total       used       free     shared    buffers     cached
Mem:          2.0G       1.9G        68M       532K       108K       2.1M
-/+ buffers/cache:       1.9G        70M
Swap:         8.0G       285M       7.7G

             total       used       free     shared    buffers     cached
Mem:          2.0G       1.9G        67M       532K       108K       2.1M
-/+ buffers/cache:       1.9G        70M
Swap:         8.0G       284M       7.7G

             total       used       free     shared    buffers     cached
Mem:          2.0G       1.9G        67M       532K       108K       2.1M
-/+ buffers/cache:       1.9G        69M
Swap:         8.0G       284M       7.7G

             total       used       free     shared    buffers     cached
Mem:          2.0G       1.9G        66M       532K       116K       2.2M
-/+ buffers/cache:       1.9G        68M
Swap:         8.0G       284M       7.7G

             total       used       free     shared    buffers     cached
Mem:          2.0G       1.9G        66M       532K       120K       2.2M
-/+ buffers/cache:       1.9G        68M
Swap:         8.0G       283M       7.7G

             total       used       free     shared    buffers     cached
Mem:          2.0G       1.9G        65M       532K       120K       2.2M
-/+ buffers/cache:       1.9G        67M
Swap:         8.0G       283M       7.7G

             total       used       free     shared    buffers     cached
Mem:          2.0G       1.9G        65M       532K       120K       2.1M
-/+ buffers/cache:       1.9G        67M
Swap:         8.0G       282M       7.7G

             total       used       free     shared    buffers     cached
Mem:          2.0G       1.9G        64M       532K       120K       2.1M
-/+ buffers/cache:       1.9G        67M
Swap:         8.0G       282M       7.7G

             total       used       free     shared    buffers     cached
Mem:          2.0G       1.9G        76M       532K       120K       2.2M
-/+ buffers/cache:       1.9G        78M
Swap:         8.0G       287M       7.7G

             total       used       free     shared    buffers     cached
Mem:          2.0G       1.9G        75M       532K       128K       2.2M
-/+ buffers/cache:       1.9G        77M
Swap:         8.0G       286M       7.7G

             total       used       free     shared    buffers     cached
Mem:          2.0G       1.9G        75M       532K       128K       2.2M
-/+ buffers/cache:       1.9G        77M
Swap:         8.0G       286M       7.7G

             total       used       free     shared    buffers     cached
Mem:          2.0G       1.9G        81M       532K       108K        12M
-/+ buffers/cache:       1.9G        94M
Swap:         8.0G       320M       7.7G

             total       used       free     shared    buffers     cached
Mem:          2.0G       1.9G        64M       532K       556K        24M
-/+ buffers/cache:       1.9G        90M
Swap:         8.0G       318M       7.7G

             total       used       free     shared    buffers     cached
Mem:          2.0G       1.9G        85M       536K       556K        20M
-/+ buffers/cache:       1.8G       107M
Swap:         8.0G       330M       7.7G

             total       used       free     shared    buffers     cached
Mem:          2.0G       1.9G        85M       536K       556K        20M
-/+ buffers/cache:       1.8G       106M
Swap:         8.0G       330M       7.7G

             total       used       free     shared    buffers     cached
Mem:          2.0G       1.9G        84M       536K       856K        20M
-/+ buffers/cache:       1.8G       105M
Swap:         8.0G       329M       7.7G

             total       used       free     shared    buffers     cached
Mem:          2.0G       1.9G        81M       536K       1.1M        21M
-/+ buffers/cache:       1.9G       104M
Swap:         8.0G       329M       7.7G

             total       used       free     shared    buffers     cached
Mem:          2.0G       1.9G        70M       536K       1.3M        31M
-/+ buffers/cache:       1.9G       103M
Swap:         8.0G       326M       7.7G

             total       used       free     shared    buffers     cached
Mem:          2.0G       1.9G        69M       536K       1.3M        32M
-/+ buffers/cache:       1.9G       102M
Swap:         8.0G       326M       7.7G

             total       used       free     shared    buffers     cached
Mem:          2.0G       1.9G        68M       536K       1.3M        32M
-/+ buffers/cache:       1.9G       101M
Swap:         8.0G       326M       7.7G

             total       used       free     shared    buffers     cached
Mem:          2.0G       1.9G        67M       536K       1.3M        32M
-/+ buffers/cache:       1.9G       101M
Swap:         8.0G       325M       7.7G

             total       used       free     shared    buffers     cached
Mem:          2.0G       1.9G        66M       536K       1.3M        32M
-/+ buffers/cache:       1.9G       100M
Swap:         8.0G       325M       7.7G

             total       used       free     shared    buffers     cached
Mem:          2.0G       1.9G        66M       536K       1.3M        32M
-/+ buffers/cache:       1.9G        99M
Swap:         8.0G       324M       7.7G

             total       used       free     shared    buffers     cached
Mem:          2.0G       1.9G        65M       536K       1.3M        32M
-/+ buffers/cache:       1.9G        98M
Swap:         8.0G       324M       7.7G

             total       used       free     shared    buffers     cached
Mem:          2.0G       1.9G        75M       536K       1.3M        30M
-/+ buffers/cache:       1.8G       107M
Swap:         8.0G       331M       7.7G

             total       used       free     shared    buffers     cached
Mem:          2.0G       1.9G        75M       536K       1.3M        30M
-/+ buffers/cache:       1.8G       107M
Swap:         8.0G       331M       7.7G

             total       used       free     shared    buffers     cached
Mem:          2.0G       1.9G        74M       536K       1.3M        30M
-/+ buffers/cache:       1.8G       106M
Swap:         8.0G       331M       7.7G

             total       used       free     shared    buffers     cached
Mem:          2.0G       1.9G        73M       536K       1.3M        30M
-/+ buffers/cache:       1.8G       105M
Swap:         8.0G       330M       7.7G

             total       used       free     shared    buffers     cached
Mem:          2.0G       1.9G        73M       536K       1.3M        30M
-/+ buffers/cache:       1.9G       105M
Swap:         8.0G       330M       7.7G

             total       used       free     shared    buffers     cached
Mem:          2.0G       1.9G        72M       536K       1.3M        30M
-/+ buffers/cache:       1.9G       104M
Swap:         8.0G       329M       7.7G

             total       used       free     shared    buffers     cached
Mem:          2.0G       1.9G        71M       536K       1.3M        30M
-/+ buffers/cache:       1.9G       103M
Swap:         8.0G       329M       7.7G

             total       used       free     shared    buffers     cached
Mem:          2.0G       1.9G        70M       536K       1.3M        30M
-/+ buffers/cache:       1.9G       102M
Swap:         8.0G       328M       7.7G

             total       used       free     shared    buffers     cached
Mem:          2.0G       1.9G        69M       536K       1.3M        30M
-/+ buffers/cache:       1.9G       101M
Swap:         8.0G       328M       7.7G

             total       used       free     shared    buffers     cached
Mem:          2.0G       1.9G        68M       536K       1.3M        30M
-/+ buffers/cache:       1.9G       100M
Swap:         8.0G       327M       7.7G

             total       used       free     shared    buffers     cached
Mem:          2.0G       1.9G        68M       536K       1.3M        30M
-/+ buffers/cache:       1.9G       100M
Swap:         8.0G       327M       7.7G

             total       used       free     shared    buffers     cached
Mem:          2.0G       1.9G        67M       536K       1.3M        30M
-/+ buffers/cache:       1.9G        99M
Swap:         8.0G       327M       7.7G

             total       used       free     shared    buffers     cached
Mem:          2.0G       1.9G        66M       536K       1.3M        30M
-/+ buffers/cache:       1.9G        98M
Swap:         8.0G       326M       7.7G

             total       used       free     shared    buffers     cached
Mem:          2.0G       1.9G        65M       536K       1.3M        30M
-/+ buffers/cache:       1.9G        97M
Swap:         8.0G       326M       7.7G

             total       used       free     shared    buffers     cached
Mem:          2.0G       1.9G        65M       536K       1.3M        30M
-/+ buffers/cache:       1.9G        97M
Swap:         8.0G       325M       7.7G

             total       used       free     shared    buffers     cached
Mem:          2.0G       1.9G        80M       536K       1.3M        29M
-/+ buffers/cache:       1.8G       110M
Swap:         8.0G       348M       7.7G

             total       used       free     shared    buffers     cached
Mem:          2.0G       1.9G        79M       536K       1.3M        28M
-/+ buffers/cache:       1.8G       109M
Swap:         8.0G       347M       7.7G

             total       used       free     shared    buffers     cached
Mem:          2.0G       1.9G        78M       536K       1.3M        28M
-/+ buffers/cache:       1.8G       108M
Swap:         8.0G       346M       7.7G

             total       used       free     shared    buffers     cached
Mem:          2.0G       1.9G        77M       536K       1.3M        29M
-/+ buffers/cache:       1.8G       107M
Swap:         8.0G       346M       7.7G

             total       used       free     shared    buffers     cached
Mem:          2.0G       1.9G        76M       536K       1.3M        28M
-/+ buffers/cache:       1.8G       106M
Swap:         8.0G       345M       7.7G

             total       used       free     shared    buffers     cached
Mem:          2.0G       1.9G        75M       536K       1.3M        28M
-/+ buffers/cache:       1.8G       106M
Swap:         8.0G       345M       7.7G

             total       used       free     shared    buffers     cached
Mem:          2.0G       1.9G        74M       536K       1.3M        29M
-/+ buffers/cache:       1.9G       105M
Swap:         8.0G       344M       7.7G

             total       used       free     shared    buffers     cached
Mem:          2.0G       1.9G        74M       536K       1.3M        29M
-/+ buffers/cache:       1.9G       104M
Swap:         8.0G       344M       7.7G

             total       used       free     shared    buffers     cached
Mem:          2.0G       1.9G        73M       536K       1.3M        29M
-/+ buffers/cache:       1.9G       103M
Swap:         8.0G       343M       7.7G

             total       used       free     shared    buffers     cached
Mem:          2.0G       1.9G        72M       536K       1.3M        28M
-/+ buffers/cache:       1.9G       102M
Swap:         8.0G       343M       7.7G

             total       used       free     shared    buffers     cached
Mem:          2.0G       1.9G        71M       536K       1.3M        29M
-/+ buffers/cache:       1.9G       102M
Swap:         8.0G       342M       7.7G

             total       used       free     shared    buffers     cached
Mem:          2.0G       1.9G        70M       536K       1.3M        28M
-/+ buffers/cache:       1.9G       101M
Swap:         8.0G       342M       7.7G

             total       used       free     shared    buffers     cached
Mem:          2.0G       1.9G        69M       536K       1.3M        29M
-/+ buffers/cache:       1.9G       100M
Swap:         8.0G       341M       7.7G

             total       used       free     shared    buffers     cached
Mem:          2.0G       1.9G        69M       536K       1.3M        29M
-/+ buffers/cache:       1.9G        99M
Swap:         8.0G       341M       7.7G

             total       used       free     shared    buffers     cached
Mem:          2.0G       1.9G        68M       536K       1.3M        29M
-/+ buffers/cache:       1.9G        98M
Swap:         8.0G       340M       7.7G

             total       used       free     shared    buffers     cached
Mem:          2.0G       1.9G        67M       536K       1.3M        28M
-/+ buffers/cache:       1.9G        97M
Swap:         8.0G       339M       7.7G

             total       used       free     shared    buffers     cached
Mem:          2.0G       1.9G        66M       536K       1.3M        28M
-/+ buffers/cache:       1.9G        96M
Swap:         8.0G       339M       7.7G

             total       used       free     shared    buffers     cached
Mem:          2.0G       1.9G        65M       536K       1.3M        28M
-/+ buffers/cache:       1.9G        96M
Swap:         8.0G       338M       7.7G

             total       used       free     shared    buffers     cached
Mem:          2.0G       1.9G        64M       536K       1.3M        29M
-/+ buffers/cache:       1.9G        95M
Swap:         8.0G       338M       7.7G

             total       used       free     shared    buffers     cached
Mem:          2.0G       1.9G        76M       536K       1.3M        28M
-/+ buffers/cache:       1.8G       105M
Swap:         8.0G       344M       7.7G

             total       used       free     shared    buffers     cached
Mem:          2.0G       1.9G        75M       536K       1.3M        28M
-/+ buffers/cache:       1.9G       105M
Swap:         8.0G       344M       7.7G

             total       used       free     shared    buffers     cached
Mem:          2.0G       1.9G        74M       536K       1.3M        28M
-/+ buffers/cache:       1.9G       104M
Swap:         8.0G       343M       7.7G

             total       used       free     shared    buffers     cached
Mem:          2.0G       1.9G        73M       536K       1.3M        28M
-/+ buffers/cache:       1.9G       103M
Swap:         8.0G       343M       7.7G

             total       used       free     shared    buffers     cached
Mem:          2.0G       1.9G        72M       536K       1.3M        28M
-/+ buffers/cache:       1.9G       102M
Swap:         8.0G       342M       7.7G

             total       used       free     shared    buffers     cached
Mem:          2.0G       1.9G        71M       536K       1.3M        28M
-/+ buffers/cache:       1.9G       101M
Swap:         8.0G       342M       7.7G

             total       used       free     shared    buffers     cached
Mem:          2.0G       1.9G        70M       536K       1.3M        28M
-/+ buffers/cache:       1.9G       100M
Swap:         8.0G       341M       7.7G

             total       used       free     shared    buffers     cached
Mem:          2.0G       1.9G        70M       536K       1.3M        28M
-/+ buffers/cache:       1.9G        99M
Swap:         8.0G       341M       7.7G

             total       used       free     shared    buffers     cached
Mem:          2.0G       1.9G        69M       536K       1.3M        28M
-/+ buffers/cache:       1.9G        99M
Swap:         8.0G       340M       7.7G

             total       used       free     shared    buffers     cached
Mem:          2.0G       1.9G        68M       536K       1.3M        28M
-/+ buffers/cache:       1.9G        98M
Swap:         8.0G       339M       7.7G

             total       used       free     shared    buffers     cached
Mem:          2.0G       1.9G        67M       536K       1.3M        28M
-/+ buffers/cache:       1.9G        97M
Swap:         8.0G       339M       7.7G

             total       used       free     shared    buffers     cached
Mem:          2.0G       1.9G        66M       536K       1.3M        28M
-/+ buffers/cache:       1.9G        96M
Swap:         8.0G       338M       7.7G

             total       used       free     shared    buffers     cached
Mem:          2.0G       1.9G        65M       536K       1.3M        29M
-/+ buffers/cache:       1.9G        95M
Swap:         8.0G       338M       7.7G

             total       used       free     shared    buffers     cached
Mem:          2.0G       1.9G        72M       536K       1.1M        31M
-/+ buffers/cache:       1.8G       105M
Swap:         8.0G       351M       7.7G

             total       used       free     shared    buffers     cached
Mem:          2.0G       1.9G        67M       540K       1.6M        33M
-/+ buffers/cache:       1.9G       102M
Swap:         8.0G       349M       7.7G

             total       used       free     shared    buffers     cached
Mem:          2.0G       1.9G        80M       540K       1.5M        30M
-/+ buffers/cache:       1.8G       113M
Swap:         8.0G       361M       7.6G

             total       used       free     shared    buffers     cached
Mem:          2.0G       1.9G        76M       544K       1.5M        33M
-/+ buffers/cache:       1.8G       111M
Swap:         8.0G       359M       7.6G

             total       used       free     shared    buffers     cached
Mem:          2.0G       1.9G        72M       544K       1.5M        33M
-/+ buffers/cache:       1.8G       108M
Swap:         8.0G       358M       7.6G

             total       used       free     shared    buffers     cached
Mem:          2.0G       1.9G        72M       544K       1.5M        33M
-/+ buffers/cache:       1.8G       107M
Swap:         8.0G       357M       7.6G

             total       used       free     shared    buffers     cached
Mem:          2.0G       1.9G        71M       544K       1.5M        33M
-/+ buffers/cache:       1.8G       107M
Swap:         8.0G       357M       7.6G

             total       used       free     shared    buffers     cached
Mem:          2.0G       1.9G        71M       544K       1.5M        33M
-/+ buffers/cache:       1.8G       106M
Swap:         8.0G       357M       7.6G

             total       used       free     shared    buffers     cached
Mem:          2.0G       1.9G        70M       544K       1.5M        33M
-/+ buffers/cache:       1.8G       105M
Swap:         8.0G       356M       7.6G

             total       used       free     shared    buffers     cached
Mem:          2.0G       1.9G        70M       544K       1.5M        33M
-/+ buffers/cache:       1.9G       105M
Swap:         8.0G       356M       7.6G

             total       used       free     shared    buffers     cached
Mem:          2.0G       1.9G        69M       544K       1.5M        33M
-/+ buffers/cache:       1.9G       104M
Swap:         8.0G       356M       7.6G

             total       used       free     shared    buffers     cached
Mem:          2.0G       1.9G        68M       544K       1.5M        33M
-/+ buffers/cache:       1.9G       104M
Swap:         8.0G       355M       7.6G

             total       used       free     shared    buffers     cached
Mem:          2.0G       1.9G        68M       544K       1.5M        33M
-/+ buffers/cache:       1.9G       103M
Swap:         8.0G       355M       7.6G

             total       used       free     shared    buffers     cached
Mem:          2.0G       1.9G        67M       544K       1.5M        33M
-/+ buffers/cache:       1.9G       103M
Swap:         8.0G       355M       7.7G

             total       used       free     shared    buffers     cached
Mem:          2.0G       1.9G        73M       608K       3.2M        44M
-/+ buffers/cache:       1.8G       121M
Swap:         8.0G       391M       7.6G

             total       used       free     shared    buffers     cached
Mem:          2.0G       1.9G        71M       4.3M       4.7M        52M
-/+ buffers/cache:       1.8G       128M
Swap:         8.0G       396M       7.6G

             total       used       free     shared    buffers     cached
Mem:          2.0G       1.9G        67M       668K       4.4M        61M
-/+ buffers/cache:       1.8G       134M
Swap:         8.0G       411M       7.6G

             total       used       free     shared    buffers     cached
Mem:          2.0G       1.9G        66M       640K       4.4M        61M
-/+ buffers/cache:       1.8G       132M
Swap:         8.0G       410M       7.6G

             total       used       free     shared    buffers     cached
Mem:          2.0G       1.9G        65M       640K       4.4M        61M
-/+ buffers/cache:       1.8G       131M
Swap:         8.0G       410M       7.6G

             total       used       free     shared    buffers     cached
Mem:          2.0G       1.9G        79M       640K       4.4M        57M
-/+ buffers/cache:       1.8G       141M
Swap:         8.0G       429M       7.6G

             total       used       free     shared    buffers     cached
Mem:          2.0G       1.9G        78M       640K       4.4M        57M
-/+ buffers/cache:       1.8G       140M
Swap:         8.0G       429M       7.6G

             total       used       free     shared    buffers     cached
Mem:          2.0G       1.9G        76M       640K       4.5M        58M
-/+ buffers/cache:       1.8G       139M
Swap:         8.0G       428M       7.6G

             total       used       free     shared    buffers     cached
Mem:          2.0G       1.9G        74M       640K       4.5M        58M
-/+ buffers/cache:       1.8G       138M
Swap:         8.0G       428M       7.6G

             total       used       free     shared    buffers     cached
Mem:          2.0G       1.9G        73M       640K       4.5M        58M
-/+ buffers/cache:       1.8G       137M
Swap:         8.0G       427M       7.6G

             total       used       free     shared    buffers     cached
Mem:          2.0G       1.9G        72M       640K       4.5M        58M
-/+ buffers/cache:       1.8G       135M
Swap:         8.0G       426M       7.6G

             total       used       free     shared    buffers     cached
Mem:          2.0G       1.9G        71M       640K       4.5M        58M
-/+ buffers/cache:       1.8G       134M
Swap:         8.0G       425M       7.6G

             total       used       free     shared    buffers     cached
Mem:          2.0G       1.9G        70M       640K       4.5M        58M
-/+ buffers/cache:       1.8G       134M
Swap:         8.0G       424M       7.6G

             total       used       free     shared    buffers     cached
Mem:          2.0G       1.9G        69M       640K       4.5M        58M
-/+ buffers/cache:       1.8G       132M
Swap:         8.0G       422M       7.6G

             total       used       free     shared    buffers     cached
Mem:          2.0G       1.9G        68M       640K       4.5M        58M
-/+ buffers/cache:       1.8G       131M
Swap:         8.0G       421M       7.6G

             total       used       free     shared    buffers     cached
Mem:          2.0G       1.9G        67M       640K       4.5M        58M
-/+ buffers/cache:       1.8G       130M
Swap:         8.0G       420M       7.6G

             total       used       free     shared    buffers     cached
Mem:          2.0G       1.9G        66M       640K       4.5M        58M
-/+ buffers/cache:       1.8G       129M
Swap:         8.0G       418M       7.6G

             total       used       free     shared    buffers     cached
Mem:          2.0G       1.9G        64M       640K       4.5M        58M
-/+ buffers/cache:       1.8G       128M
Swap:         8.0G       417M       7.6G

             total       used       free     shared    buffers     cached
Mem:          2.0G       1.9G        77M       640K       4.5M        57M
-/+ buffers/cache:       1.8G       139M
Swap:         8.0G       418M       7.6G

             total       used       free     shared    buffers     cached
Mem:          2.0G       1.9G        76M       640K       4.5M        57M
-/+ buffers/cache:       1.8G       138M
Swap:         8.0G       416M       7.6G

             total       used       free     shared    buffers     cached
Mem:          2.0G       1.9G        75M       640K       4.5M        57M
-/+ buffers/cache:       1.8G       137M
Swap:         8.0G       415M       7.6G

             total       used       free     shared    buffers     cached
Mem:          2.0G       1.9G        73M       640K       4.5M        57M
-/+ buffers/cache:       1.8G       136M
Swap:         8.0G       414M       7.6G

             total       used       free     shared    buffers     cached
Mem:          2.0G       1.9G        72M       640K       4.5M        58M
-/+ buffers/cache:       1.8G       135M
Swap:         8.0G       413M       7.6G

             total       used       free     shared    buffers     cached
Mem:          2.0G       1.9G        71M       640K       4.5M        58M
-/+ buffers/cache:       1.8G       134M
Swap:         8.0G       412M       7.6G

             total       used       free     shared    buffers     cached
Mem:          2.0G       1.9G        70M       640K       4.6M        58M
-/+ buffers/cache:       1.8G       133M
Swap:         8.0G       411M       7.6G

             total       used       free     shared    buffers     cached
Mem:          2.0G       1.9G        69M       640K       4.6M        58M
-/+ buffers/cache:       1.8G       132M
Swap:         8.0G       410M       7.6G

             total       used       free     shared    buffers     cached
Mem:          2.0G       1.9G        68M       640K       4.6M        58M
-/+ buffers/cache:       1.8G       131M
Swap:         8.0G       408M       7.6G

             total       used       free     shared    buffers     cached
Mem:          2.0G       1.9G        67M       640K       4.6M        58M
-/+ buffers/cache:       1.8G       130M
Swap:         8.0G       407M       7.6G

             total       used       free     shared    buffers     cached
Mem:          2.0G       1.9G        66M       640K       4.6M        58M
-/+ buffers/cache:       1.8G       129M
Swap:         8.0G       406M       7.6G

             total       used       free     shared    buffers     cached
Mem:          2.0G       1.9G        65M       640K       4.6M        58M
-/+ buffers/cache:       1.8G       128M
Swap:         8.0G       405M       7.6G

             total       used       free     shared    buffers     cached
Mem:          2.0G       1.9G        80M       640K       4.5M        55M
-/+ buffers/cache:       1.8G       141M
Swap:         8.0G       423M       7.6G

             total       used       free     shared    buffers     cached
Mem:          2.0G       1.9G        79M       640K       4.5M        55M
-/+ buffers/cache:       1.8G       140M
Swap:         8.0G       422M       7.6G

             total       used       free     shared    buffers     cached
Mem:          2.0G       1.9G        78M       640K       4.5M        55M
-/+ buffers/cache:       1.8G       139M
Swap:         8.0G       420M       7.6G

             total       used       free     shared    buffers     cached
Mem:          2.0G       1.9G        78M       640K       4.5M        55M
-/+ buffers/cache:       1.8G       138M
Swap:         8.0G       419M       7.6G

             total       used       free     shared    buffers     cached
Mem:          2.0G       1.9G        77M       640K       4.5M        55M
-/+ buffers/cache:       1.8G       137M
Swap:         8.0G       418M       7.6G

             total       used       free     shared    buffers     cached
Mem:          2.0G       1.9G        75M       640K       4.6M        55M
-/+ buffers/cache:       1.8G       136M
Swap:         8.0G       417M       7.6G

             total       used       free     shared    buffers     cached
Mem:          2.0G       1.9G        75M       640K       4.6M        55M
-/+ buffers/cache:       1.8G       135M
Swap:         8.0G       416M       7.6G

             total       used       free     shared    buffers     cached
Mem:          2.0G       1.9G        73M       640K       4.6M        55M
-/+ buffers/cache:       1.8G       134M
Swap:         8.0G       415M       7.6G

             total       used       free     shared    buffers     cached
Mem:          2.0G       1.9G        72M       640K       4.6M        55M
-/+ buffers/cache:       1.8G       133M
Swap:         8.0G       414M       7.6G

             total       used       free     shared    buffers     cached
Mem:          2.0G       1.9G        72M       640K       4.6M        55M
-/+ buffers/cache:       1.8G       132M
Swap:         8.0G       413M       7.6G

             total       used       free     shared    buffers     cached
Mem:          2.0G       1.9G        71M       640K       4.6M        55M
-/+ buffers/cache:       1.8G       131M
Swap:         8.0G       412M       7.6G

             total       used       free     shared    buffers     cached
Mem:          2.0G       1.9G        70M       640K       4.6M        55M
-/+ buffers/cache:       1.8G       130M
Swap:         8.0G       411M       7.6G

             total       used       free     shared    buffers     cached
Mem:          2.0G       1.9G        85M       640K       4.2M        55M
-/+ buffers/cache:       1.8G       146M
Swap:         8.0G       428M       7.6G

             total       used       free     shared    buffers     cached
Mem:          2.0G       1.9G        74M       708K       6.0M        66M
-/+ buffers/cache:       1.8G       147M
Swap:         8.0G       430M       7.6G
