             total       used       free     shared    buffers     cached
Mem:          992M       655M       336M       3.2M        38M       289M
-/+ buffers/cache:       327M       664M
Swap:         8.0G         0B       8.0G

             total       used       free     shared    buffers     cached
Mem:          992M       654M       337M       1.4M        38M       287M
-/+ buffers/cache:       328M       664M
Swap:         8.0G         0B       8.0G

             total       used       free     shared    buffers     cached
Mem:          992M       654M       337M       1.4M        38M       287M
-/+ buffers/cache:       327M       664M
Swap:         8.0G         0B       8.0G

             total       used       free     shared    buffers     cached
Mem:          992M       654M       337M       1.4M        38M       287M
-/+ buffers/cache:       327M       664M
Swap:         8.0G         0B       8.0G

             total       used       free     shared    buffers     cached
Mem:          992M       654M       337M       1.4M        38M       287M
-/+ buffers/cache:       327M       664M
Swap:         8.0G         0B       8.0G

             total       used       free     shared    buffers     cached
Mem:          992M       654M       337M       1.4M        38M       287M
-/+ buffers/cache:       327M       664M
Swap:         8.0G         0B       8.0G

             total       used       free     shared    buffers     cached
Mem:          992M       653M       338M       1.4M        38M       287M
-/+ buffers/cache:       327M       664M
Swap:         8.0G         0B       8.0G

             total       used       free     shared    buffers     cached
Mem:          992M       653M       338M       1.4M        38M       288M
-/+ buffers/cache:       327M       665M
Swap:         8.0G         0B       8.0G

             total       used       free     shared    buffers     cached
Mem:          992M       653M       338M       1.4M        38M       288M
-/+ buffers/cache:       327M       665M
Swap:         8.0G         0B       8.0G

             total       used       free     shared    buffers     cached
Mem:          992M       656M       335M       1.4M        38M       288M
-/+ buffers/cache:       330M       661M
Swap:         8.0G         0B       8.0G

             total       used       free     shared    buffers     cached
Mem:          992M       665M       327M       1.4M        38M       288M
-/+ buffers/cache:       338M       653M
Swap:         8.0G         0B       8.0G

             total       used       free     shared    buffers     cached
Mem:          992M       678M       313M       1.4M        38M       288M
-/+ buffers/cache:       351M       640M
Swap:         8.0G         0B       8.0G

             total       used       free     shared    buffers     cached
Mem:          992M       662M       329M       1.4M        38M       289M
-/+ buffers/cache:       334M       657M
Swap:         8.0G         0B       8.0G

             total       used       free     shared    buffers     cached
Mem:          992M       672M       319M       1.4M        38M       289M
-/+ buffers/cache:       344M       647M
Swap:         8.0G         0B       8.0G

             total       used       free     shared    buffers     cached
Mem:          992M       663M       328M       1.4M        38M       289M
-/+ buffers/cache:       335M       657M
Swap:         8.0G         0B       8.0G

             total       used       free     shared    buffers     cached
Mem:          992M       663M       328M       1.4M        38M       289M
-/+ buffers/cache:       335M       657M
Swap:         8.0G         0B       8.0G

             total       used       free     shared    buffers     cached
Mem:          992M       663M       328M       1.4M        38M       289M
-/+ buffers/cache:       335M       657M
Swap:         8.0G         0B       8.0G

             total       used       free     shared    buffers     cached
Mem:          992M       663M       328M       1.4M        38M       289M
-/+ buffers/cache:       335M       657M
Swap:         8.0G         0B       8.0G

             total       used       free     shared    buffers     cached
Mem:          992M       663M       328M       1.4M        38M       289M
-/+ buffers/cache:       335M       657M
Swap:         8.0G         0B       8.0G

             total       used       free     shared    buffers     cached
Mem:          992M       663M       328M       1.4M        38M       289M
-/+ buffers/cache:       335M       657M
Swap:         8.0G         0B       8.0G

             total       used       free     shared    buffers     cached
Mem:          992M       663M       328M       1.4M        38M       289M
-/+ buffers/cache:       335M       657M
Swap:         8.0G         0B       8.0G

             total       used       free     shared    buffers     cached
Mem:          992M       663M       328M       1.4M        38M       289M
-/+ buffers/cache:       335M       656M
Swap:         8.0G         0B       8.0G

             total       used       free     shared    buffers     cached
Mem:          992M       663M       328M       1.4M        38M       289M
-/+ buffers/cache:       335M       656M
Swap:         8.0G         0B       8.0G

             total       used       free     shared    buffers     cached
Mem:          992M       663M       328M       1.4M        38M       289M
-/+ buffers/cache:       335M       656M
Swap:         8.0G         0B       8.0G

             total       used       free     shared    buffers     cached
Mem:          992M       663M       328M       1.4M        38M       289M
-/+ buffers/cache:       335M       656M
Swap:         8.0G         0B       8.0G

             total       used       free     shared    buffers     cached
Mem:          992M       663M       328M       1.4M        38M       289M
-/+ buffers/cache:       335M       656M
Swap:         8.0G         0B       8.0G

             total       used       free     shared    buffers     cached
Mem:          992M       663M       328M       1.4M        38M       289M
-/+ buffers/cache:       335M       656M
Swap:         8.0G         0B       8.0G

             total       used       free     shared    buffers     cached
Mem:          992M       663M       328M       1.4M        38M       289M
-/+ buffers/cache:       335M       656M
Swap:         8.0G         0B       8.0G

             total       used       free     shared    buffers     cached
Mem:          992M       663M       328M       1.4M        38M       289M
-/+ buffers/cache:       335M       656M
Swap:         8.0G         0B       8.0G

             total       used       free     shared    buffers     cached
Mem:          992M       663M       328M       1.4M        38M       289M
-/+ buffers/cache:       335M       656M
Swap:         8.0G         0B       8.0G

             total       used       free     shared    buffers     cached
Mem:          992M       663M       328M       1.4M        38M       289M
-/+ buffers/cache:       335M       656M
Swap:         8.0G         0B       8.0G

             total       used       free     shared    buffers     cached
Mem:          992M       663M       328M       1.4M        38M       289M
-/+ buffers/cache:       335M       656M
Swap:         8.0G         0B       8.0G

             total       used       free     shared    buffers     cached
Mem:          992M       663M       328M       1.4M        38M       289M
-/+ buffers/cache:       335M       656M
Swap:         8.0G         0B       8.0G

             total       used       free     shared    buffers     cached
Mem:          992M       668M       323M       1.4M        38M       289M
-/+ buffers/cache:       340M       651M
Swap:         8.0G         0B       8.0G

             total       used       free     shared    buffers     cached
Mem:          992M       683M       308M       1.4M        38M       289M
-/+ buffers/cache:       355M       636M
Swap:         8.0G         0B       8.0G

             total       used       free     shared    buffers     cached
Mem:          992M       701M       290M       1.4M        38M       289M
-/+ buffers/cache:       373M       618M
Swap:         8.0G         0B       8.0G

             total       used       free     shared    buffers     cached
Mem:          992M       717M       274M       1.4M        38M       289M
-/+ buffers/cache:       389M       602M
Swap:         8.0G         0B       8.0G

             total       used       free     shared    buffers     cached
Mem:          992M       731M       260M       1.4M        38M       289M
-/+ buffers/cache:       403M       589M
Swap:         8.0G         0B       8.0G

             total       used       free     shared    buffers     cached
Mem:          992M       745M       246M       1.4M        38M       289M
-/+ buffers/cache:       417M       574M
Swap:         8.0G         0B       8.0G

             total       used       free     shared    buffers     cached
Mem:          992M       760M       231M       1.4M        38M       289M
-/+ buffers/cache:       432M       559M
Swap:         8.0G         0B       8.0G

             total       used       free     shared    buffers     cached
Mem:          992M       776M       216M       1.4M        38M       289M
-/+ buffers/cache:       447M       544M
Swap:         8.0G         0B       8.0G

             total       used       free     shared    buffers     cached
Mem:          992M       789M       202M       1.4M        38M       289M
-/+ buffers/cache:       461M       531M
Swap:         8.0G         0B       8.0G

             total       used       free     shared    buffers     cached
Mem:          992M       807M       184M       1.4M        38M       289M
-/+ buffers/cache:       478M       513M
Swap:         8.0G         0B       8.0G

             total       used       free     shared    buffers     cached
Mem:          992M       826M       165M       1.4M        38M       289M
-/+ buffers/cache:       498M       494M
Swap:         8.0G         0B       8.0G

             total       used       free     shared    buffers     cached
Mem:          992M       841M       150M       1.4M        38M       289M
-/+ buffers/cache:       513M       478M
Swap:         8.0G         0B       8.0G

             total       used       free     shared    buffers     cached
Mem:          992M       857M       134M       1.4M        38M       289M
-/+ buffers/cache:       529M       463M
Swap:         8.0G         0B       8.0G

             total       used       free     shared    buffers     cached
Mem:          992M       872M       119M       1.4M        38M       289M
-/+ buffers/cache:       544M       448M
Swap:         8.0G         0B       8.0G

             total       used       free     shared    buffers     cached
Mem:          992M       887M       104M       1.4M        38M       289M
-/+ buffers/cache:       559M       432M
Swap:         8.0G         0B       8.0G

             total       used       free     shared    buffers     cached
Mem:          992M       899M        92M       1.4M        38M       289M
-/+ buffers/cache:       571M       420M
Swap:         8.0G         0B       8.0G

             total       used       free     shared    buffers     cached
Mem:          992M       915M        76M       1.4M        38M       289M
-/+ buffers/cache:       587M       404M
Swap:         8.0G         0B       8.0G

             total       used       free     shared    buffers     cached
Mem:          992M       932M        59M       1.4M        38M       289M
-/+ buffers/cache:       604M       387M
Swap:         8.0G         0B       8.0G

             total       used       free     shared    buffers     cached
Mem:          992M       923M        68M       1.4M        15M       288M
-/+ buffers/cache:       619M       372M
Swap:         8.0G         0B       8.0G

             total       used       free     shared    buffers     cached
Mem:          992M       921M        70M       1.4M        10M       275M
-/+ buffers/cache:       635M       356M
Swap:         8.0G         0B       8.0G

             total       used       free     shared    buffers     cached
Mem:          992M       921M        70M       1.3M       9.7M       258M
-/+ buffers/cache:       653M       338M
Swap:         8.0G       816K       8.0G

             total       used       free     shared    buffers     cached
Mem:          992M       922M        69M       1.3M       9.7M       242M
-/+ buffers/cache:       670M       322M
Swap:         8.0G       2.1M       8.0G

             total       used       free     shared    buffers     cached
Mem:          992M       920M        71M       1.1M       9.7M       229M
-/+ buffers/cache:       681M       310M
Swap:         8.0G       9.3M       8.0G

             total       used       free     shared    buffers     cached
Mem:          992M       922M        70M       1.0M       9.7M       219M
-/+ buffers/cache:       692M       299M
Swap:         8.0G        10M       8.0G

             total       used       free     shared    buffers     cached
Mem:          992M       925M        66M       1.0M       9.7M       208M
-/+ buffers/cache:       707M       284M
Swap:         8.0G        10M       8.0G

             total       used       free     shared    buffers     cached
Mem:          992M       927M        64M       1.0M       3.1M       202M
-/+ buffers/cache:       722M       269M
Swap:         8.0G        10M       8.0G

             total       used       free     shared    buffers     cached
Mem:          992M       932M        59M       1.0M       1.8M       191M
-/+ buffers/cache:       739M       252M
Swap:         8.0G        10M       8.0G

             total       used       free     shared    buffers     cached
Mem:          992M       925M        67M       1.0M       200K       169M
-/+ buffers/cache:       755M       237M
Swap:         8.0G        10M       8.0G

             total       used       free     shared    buffers     cached
Mem:          992M       920M        71M       1.0M       200K       149M
-/+ buffers/cache:       770M       221M
Swap:         8.0G        10M       8.0G

             total       used       free     shared    buffers     cached
Mem:          992M       929M        62M       1.0M       428K       149M
-/+ buffers/cache:       779M       212M
Swap:         8.0G        10M       8.0G

             total       used       free     shared    buffers     cached
Mem:          992M       926M        65M       1.0M       428K       131M
-/+ buffers/cache:       794M       197M
Swap:         8.0G        10M       8.0G

             total       used       free     shared    buffers     cached
Mem:          992M       924M        68M       1.0M       296K       116M
-/+ buffers/cache:       807M       184M
Swap:         8.0G        10M       8.0G

             total       used       free     shared    buffers     cached
Mem:          992M       922M        69M       1.0M       276K       102M
-/+ buffers/cache:       819M       172M
Swap:         8.0G        10M       8.0G

             total       used       free     shared    buffers     cached
Mem:          992M       924M        68M       1.0M       280K        90M
-/+ buffers/cache:       833M       158M
Swap:         8.0G        10M       8.0G

             total       used       free     shared    buffers     cached
Mem:          992M       916M        76M       1.0M       288K        69M
-/+ buffers/cache:       845M       146M
Swap:         8.0G        10M       8.0G

             total       used       free     shared    buffers     cached
Mem:          992M       916M        75M       1.0M       428K        56M
-/+ buffers/cache:       859M       133M
Swap:         8.0G        10M       8.0G

             total       used       free     shared    buffers     cached
Mem:          992M       921M        70M       1.0M       2.9M        43M
-/+ buffers/cache:       875M       116M
Swap:         8.0G        10M       8.0G

             total       used       free     shared    buffers     cached
Mem:          992M       919M        72M       1.0M       3.2M        26M
-/+ buffers/cache:       890M       101M
Swap:         8.0G        13M       8.0G

             total       used       free     shared    buffers     cached
Mem:          992M       927M        65M       1.0M       3.2M        24M
-/+ buffers/cache:       899M        93M
Swap:         8.0G        18M       8.0G

             total       used       free     shared    buffers     cached
Mem:          992M       923M        68M       680K       3.2M        13M
-/+ buffers/cache:       906M        85M
Swap:         8.0G        35M       8.0G

             total       used       free     shared    buffers     cached
Mem:          992M       920M        72M       692K       124K       4.4M
-/+ buffers/cache:       915M        76M
Swap:         8.0G        35M       8.0G

             total       used       free     shared    buffers     cached
Mem:          992M       920M        72M       692K       404K       3.6M
-/+ buffers/cache:       916M        76M
Swap:         8.0G        42M       8.0G

             total       used       free     shared    buffers     cached
Mem:          992M       923M        68M       692K       396K       3.4M
-/+ buffers/cache:       919M        72M
Swap:         8.0G        87M       7.9G

             total       used       free     shared    buffers     cached
Mem:          992M       920M        71M       660K       380K       3.2M
-/+ buffers/cache:       917M        75M
Swap:         8.0G       101M       7.9G

             total       used       free     shared    buffers     cached
Mem:          992M       919M        72M       660K       380K       3.2M
-/+ buffers/cache:       915M        76M
Swap:         8.0G       101M       7.9G

             total       used       free     shared    buffers     cached
Mem:          992M       921M        70M       660K       388K       3.2M
-/+ buffers/cache:       918M        74M
Swap:         8.0G       101M       7.9G

             total       used       free     shared    buffers     cached
Mem:          992M       919M        73M       660K       364K       3.3M
-/+ buffers/cache:       915M        76M
Swap:         8.0G       128M       7.9G

             total       used       free     shared    buffers     cached
Mem:          992M       921M        71M       652K       364K       3.3M
-/+ buffers/cache:       917M        74M
Swap:         8.0G       129M       7.9G

             total       used       free     shared    buffers     cached
Mem:          992M       920M        71M       652K       364K       3.1M
-/+ buffers/cache:       917M        75M
Swap:         8.0G       150M       7.9G

             total       used       free     shared    buffers     cached
Mem:          992M       917M        74M       596K       364K       3.0M
-/+ buffers/cache:       914M        77M
Swap:         8.0G       175M       7.8G

             total       used       free     shared    buffers     cached
Mem:          992M       930M        61M       576K       372K       3.0M
-/+ buffers/cache:       927M        64M
Swap:         8.0G       175M       7.8G

             total       used       free     shared    buffers     cached
Mem:          992M       923M        68M       572K       372K       2.9M
-/+ buffers/cache:       919M        72M
Swap:         8.0G       191M       7.8G

             total       used       free     shared    buffers     cached
Mem:          992M       925M        66M       572K       356K       3.0M
-/+ buffers/cache:       922M        70M
Swap:         8.0G       209M       7.8G

             total       used       free     shared    buffers     cached
Mem:          992M       924M        67M       572K       352K       3.0M
-/+ buffers/cache:       921M        71M
Swap:         8.0G       218M       7.8G

             total       used       free     shared    buffers     cached
Mem:          992M       925M        66M       572K       352K       2.9M
-/+ buffers/cache:       922M        70M
Swap:         8.0G       232M       7.8G

             total       used       free     shared    buffers     cached
Mem:          992M       924M        67M       568K       356K       2.9M
-/+ buffers/cache:       921M        70M
Swap:         8.0G       242M       7.8G

             total       used       free     shared    buffers     cached
Mem:          992M       921M        70M       560K       348K       2.9M
-/+ buffers/cache:       918M        73M
Swap:         8.0G       253M       7.7G

             total       used       free     shared    buffers     cached
Mem:          992M       931M        61M       548K       348K       2.9M
-/+ buffers/cache:       927M        64M
Swap:         8.0G       253M       7.7G

             total       used       free     shared    buffers     cached
Mem:          992M       923M        68M       548K       332K       2.8M
-/+ buffers/cache:       920M        71M
Swap:         8.0G       272M       7.7G

             total       used       free     shared    buffers     cached
Mem:          992M       930M        61M       548K       332K       2.8M
-/+ buffers/cache:       927M        65M
Swap:         8.0G       272M       7.7G

             total       used       free     shared    buffers     cached
Mem:          992M       921M        70M       548K       332K       2.7M
-/+ buffers/cache:       918M        73M
Swap:         8.0G       283M       7.7G

             total       used       free     shared    buffers     cached
Mem:          992M       927M        64M       548K       340K       2.8M
-/+ buffers/cache:       924M        67M
Swap:         8.0G       283M       7.7G

             total       used       free     shared    buffers     cached
Mem:          992M       915M        76M       548K       340K       2.6M
-/+ buffers/cache:       912M        79M
Swap:         8.0G       306M       7.7G

             total       used       free     shared    buffers     cached
Mem:          992M       919M        72M       548K       340K       2.6M
-/+ buffers/cache:       916M        75M
Swap:         8.0G       306M       7.7G

             total       used       free     shared    buffers     cached
Mem:          992M       924M        68M       548K       340K       2.6M
-/+ buffers/cache:       921M        71M
Swap:         8.0G       306M       7.7G

             total       used       free     shared    buffers     cached
Mem:          992M       928M        63M       548K       340K       2.6M
-/+ buffers/cache:       925M        66M
Swap:         8.0G       306M       7.7G

             total       used       free     shared    buffers     cached
Mem:          992M       919M        72M       548K       348K       2.5M
-/+ buffers/cache:       916M        75M
Swap:         8.0G       316M       7.7G

             total       used       free     shared    buffers     cached
Mem:          992M       923M        68M       548K       348K       2.5M
-/+ buffers/cache:       920M        71M
Swap:         8.0G       316M       7.7G

             total       used       free     shared    buffers     cached
Mem:          992M       927M        64M       548K       348K       2.5M
-/+ buffers/cache:       924M        67M
Swap:         8.0G       316M       7.7G

             total       used       free     shared    buffers     cached
Mem:          992M       920M        72M        28K       152K       2.0M
-/+ buffers/cache:       917M        74M
Swap:         8.0G       324M       7.7G

             total       used       free     shared    buffers     cached
Mem:          992M       923M        69M        12K        92K       2.0M
-/+ buffers/cache:       920M        71M
Swap:         8.0G       318M       7.7G

             total       used       free     shared    buffers     cached
Mem:          992M       916M        75M         4K        80K       1.8M
-/+ buffers/cache:       915M        77M
Swap:         8.0G       327M       7.7G

             total       used       free     shared    buffers     cached
Mem:          992M       920M        72M         4K        76K       1.7M
-/+ buffers/cache:       918M        73M
Swap:         8.0G       322M       7.7G

             total       used       free     shared    buffers     cached
Mem:          992M       924M        67M         4K        76K       1.6M
-/+ buffers/cache:       922M        69M
Swap:         8.0G       316M       7.7G

             total       used       free     shared    buffers     cached
Mem:          992M       921M        70M         4K        76K       1.5M
-/+ buffers/cache:       920M        72M
Swap:         8.0G       321M       7.7G

             total       used       free     shared    buffers     cached
Mem:          992M       917M        74M         4K        76K       1.4M
-/+ buffers/cache:       916M        76M
Swap:         8.0G       327M       7.7G

             total       used       free     shared    buffers     cached
Mem:          992M       920M        71M         0B        84K       1.4M
-/+ buffers/cache:       918M        73M
Swap:         8.0G       328M       7.7G

             total       used       free     shared    buffers     cached
Mem:          992M       924M        67M         0B        84K       1.4M
-/+ buffers/cache:       923M        68M
Swap:         8.0G       324M       7.7G

             total       used       free     shared    buffers     cached
Mem:          992M       920M        72M         0B        76K       8.4M
-/+ buffers/cache:       911M        80M
Swap:         8.0G       349M       7.7G

             total       used       free     shared    buffers     cached
Mem:          992M       918M        73M         0B        84K       8.5M
-/+ buffers/cache:       909M        82M
Swap:         8.0G       380M       7.6G

             total       used       free     shared    buffers     cached
Mem:          992M       916M        75M         0B       480K        14M
-/+ buffers/cache:       902M        90M
Swap:         8.0G       374M       7.6G

             total       used       free     shared    buffers     cached
Mem:          992M       919M        72M         0B       500K       2.4M
-/+ buffers/cache:       916M        75M
Swap:         8.0G       356M       7.6G

             total       used       free     shared    buffers     cached
Mem:          992M       918M        74M         0B       456K       3.7M
-/+ buffers/cache:       913M        78M
Swap:         8.0G       365M       7.6G

             total       used       free     shared    buffers     cached
Mem:          992M       922M        70M         0B       456K       3.9M
-/+ buffers/cache:       917M        74M
Swap:         8.0G       364M       7.6G

             total       used       free     shared    buffers     cached
Mem:          992M       916M        76M        16K       312K        25M
-/+ buffers/cache:       890M       101M
Swap:         8.0G       394M       7.6G

             total       used       free     shared    buffers     cached
Mem:          992M       922M        69M        16K       328K        25M
-/+ buffers/cache:       897M        95M
Swap:         8.0G       394M       7.6G

             total       used       free     shared    buffers     cached
Mem:          992M       927M        64M        16K       328K        25M
-/+ buffers/cache:       901M        90M
Swap:         8.0G       394M       7.6G

             total       used       free     shared    buffers     cached
Mem:          992M       930M        61M        16K       336K        25M
-/+ buffers/cache:       905M        87M
Swap:         8.0G       394M       7.6G

             total       used       free     shared    buffers     cached
Mem:          992M       922M        70M        16K       336K        25M
-/+ buffers/cache:       896M        95M
Swap:         8.0G       405M       7.6G

             total       used       free     shared    buffers     cached
Mem:          992M       926M        65M        16K       336K        25M
-/+ buffers/cache:       901M        90M
Swap:         8.0G       405M       7.6G

             total       used       free     shared    buffers     cached
Mem:          992M       913M        78M        16K       336K        22M
-/+ buffers/cache:       890M       101M
Swap:         8.0G       425M       7.6G

             total       used       free     shared    buffers     cached
Mem:          992M       917M        74M        16K       336K        22M
-/+ buffers/cache:       894M        97M
Swap:         8.0G       425M       7.6G

             total       used       free     shared    buffers     cached
Mem:          992M       922M        69M        16K       336K        22M
-/+ buffers/cache:       899M        92M
Swap:         8.0G       425M       7.6G

             total       used       free     shared    buffers     cached
Mem:          992M       927M        64M        16K       344K        22M
-/+ buffers/cache:       904M        87M
Swap:         8.0G       425M       7.6G

             total       used       free     shared    buffers     cached
Mem:          992M       930M        61M        16K       344K        22M
-/+ buffers/cache:       907M        84M
Swap:         8.0G       425M       7.6G

             total       used       free     shared    buffers     cached
Mem:          992M       921M        70M        16K       344K        21M
-/+ buffers/cache:       899M        92M
Swap:         8.0G       424M       7.6G

             total       used       free     shared    buffers     cached
Mem:          992M       924M        68M        16K       344K        21M
-/+ buffers/cache:       901M        90M
Swap:         8.0G       423M       7.6G

             total       used       free     shared    buffers     cached
Mem:          992M       926M        65M        16K       344K        22M
-/+ buffers/cache:       904M        87M
Swap:         8.0G       422M       7.6G

             total       used       free     shared    buffers     cached
Mem:          992M       929M        62M        16K       352K        22M
-/+ buffers/cache:       906M        85M
Swap:         8.0G       420M       7.6G

             total       used       free     shared    buffers     cached
Mem:          992M       931M        60M        16K       352K        22M
-/+ buffers/cache:       908M        83M
Swap:         8.0G       420M       7.6G

             total       used       free     shared    buffers     cached
Mem:          992M       919M        72M        16K       224K        14M
-/+ buffers/cache:       905M        86M
Swap:         8.0G       428M       7.6G

             total       used       free     shared    buffers     cached
Mem:          992M       922M        70M        16K       224K        14M
-/+ buffers/cache:       907M        84M
Swap:         8.0G       427M       7.6G

             total       used       free     shared    buffers     cached
Mem:          992M       924M        67M        16K       224K        14M
-/+ buffers/cache:       910M        81M
Swap:         8.0G       426M       7.6G

             total       used       free     shared    buffers     cached
Mem:          992M       927M        65M        16K       232K        14M
-/+ buffers/cache:       912M        79M
Swap:         8.0G       425M       7.6G

             total       used       free     shared    buffers     cached
Mem:          992M       929M        63M        16K       232K        14M
-/+ buffers/cache:       914M        77M
Swap:         8.0G       424M       7.6G

             total       used       free     shared    buffers     cached
Mem:          992M       918M        73M        16K        96K       7.7M
-/+ buffers/cache:       911M        81M
Swap:         8.0G       425M       7.6G

             total       used       free     shared    buffers     cached
Mem:          992M       921M        71M        16K       104K       7.7M
-/+ buffers/cache:       913M        78M
Swap:         8.0G       424M       7.6G

             total       used       free     shared    buffers     cached
Mem:          992M       923M        68M        16K       104K       7.8M
-/+ buffers/cache:       915M        76M
Swap:         8.0G       423M       7.6G

             total       used       free     shared    buffers     cached
Mem:          992M       926M        65M        16K       104K       7.8M
-/+ buffers/cache:       918M        73M
Swap:         8.0G       422M       7.6G

             total       used       free     shared    buffers     cached
Mem:          992M       928M        63M        16K       112K       7.8M
-/+ buffers/cache:       921M        71M
Swap:         8.0G       420M       7.6G

             total       used       free     shared    buffers     cached
Mem:          992M       931M        60M        16K       112K       7.8M
-/+ buffers/cache:       923M        68M
Swap:         8.0G       419M       7.6G

             total       used       free     shared    buffers     cached
Mem:          992M       919M        72M        16K       112K       6.4M
-/+ buffers/cache:       913M        79M
Swap:         8.0G       434M       7.6G

             total       used       free     shared    buffers     cached
Mem:          992M       921M        70M        16K       112K       6.4M
-/+ buffers/cache:       915M        76M
Swap:         8.0G       433M       7.6G

             total       used       free     shared    buffers     cached
Mem:          992M       923M        68M        16K       112K       6.4M
-/+ buffers/cache:       917M        74M
Swap:         8.0G       432M       7.6G

             total       used       free     shared    buffers     cached
Mem:          992M       926M        65M        16K       120K       6.4M
-/+ buffers/cache:       919M        72M
Swap:         8.0G       431M       7.6G

             total       used       free     shared    buffers     cached
Mem:          992M       928M        63M        16K       120K       6.4M
-/+ buffers/cache:       922M        69M
Swap:         8.0G       430M       7.6G

             total       used       free     shared    buffers     cached
Mem:          992M       930M        61M        16K       120K       6.4M
-/+ buffers/cache:       924M        67M
Swap:         8.0G       429M       7.6G

             total       used       free     shared    buffers     cached
Mem:          992M       921M        70M        16K       364K       2.2M
-/+ buffers/cache:       918M        73M
Swap:         8.0G       429M       7.6G

             total       used       free     shared    buffers     cached
Mem:          992M       923M        68M        16K       364K       2.3M
-/+ buffers/cache:       920M        71M
Swap:         8.0G       428M       7.6G

             total       used       free     shared    buffers     cached
Mem:          992M       925M        66M        16K       372K       2.3M
-/+ buffers/cache:       923M        69M
Swap:         8.0G       427M       7.6G

             total       used       free     shared    buffers     cached
Mem:          992M       927M        64M        16K       372K       2.3M
-/+ buffers/cache:       925M        66M
Swap:         8.0G       426M       7.6G

             total       used       free     shared    buffers     cached
Mem:          992M       929M        62M        16K       372K       2.2M
-/+ buffers/cache:       927M        64M
Swap:         8.0G       425M       7.6G

             total       used       free     shared    buffers     cached
Mem:          992M       917M        74M        16K       372K       2.3M
-/+ buffers/cache:       914M        77M
Swap:         8.0G       435M       7.6G

             total       used       free     shared    buffers     cached
Mem:          992M       919M        72M        16K       372K       2.2M
-/+ buffers/cache:       917M        75M
Swap:         8.0G       435M       7.6G

             total       used       free     shared    buffers     cached
Mem:          992M       922M        70M        16K       372K       2.3M
-/+ buffers/cache:       919M        72M
Swap:         8.0G       434M       7.6G

             total       used       free     shared    buffers     cached
Mem:          992M       923M        68M        16K       380K       2.3M
-/+ buffers/cache:       921M        70M
Swap:         8.0G       433M       7.6G

             total       used       free     shared    buffers     cached
Mem:          992M       926M        66M        16K       380K       2.3M
-/+ buffers/cache:       923M        68M
Swap:         8.0G       431M       7.6G

             total       used       free     shared    buffers     cached
Mem:          992M       928M        63M        16K       380K       2.3M
-/+ buffers/cache:       925M        66M
Swap:         8.0G       430M       7.6G

             total       used       free     shared    buffers     cached
Mem:          992M       930M        61M        16K       380K       2.3M
-/+ buffers/cache:       927M        64M
Swap:         8.0G       429M       7.6G

             total       used       free     shared    buffers     cached
Mem:          992M       919M        72M        16K       372K       2.3M
-/+ buffers/cache:       916M        75M
Swap:         8.0G       440M       7.6G

             total       used       free     shared    buffers     cached
Mem:          992M       921M        70M        16K       380K       2.3M
-/+ buffers/cache:       918M        73M
Swap:         8.0G       440M       7.6G

             total       used       free     shared    buffers     cached
Mem:          992M       923M        68M        16K       380K       2.3M
-/+ buffers/cache:       920M        71M
Swap:         8.0G       439M       7.6G

             total       used       free     shared    buffers     cached
Mem:          992M       925M        66M        16K       380K       2.2M
-/+ buffers/cache:       923M        68M
Swap:         8.0G       438M       7.6G

             total       used       free     shared    buffers     cached
Mem:          992M       927M        64M        16K       380K       2.3M
-/+ buffers/cache:       924M        67M
Swap:         8.0G       437M       7.6G

             total       used       free     shared    buffers     cached
Mem:          992M       929M        62M        16K       380K       2.3M
-/+ buffers/cache:       926M        65M
Swap:         8.0G       436M       7.6G

             total       used       free     shared    buffers     cached
Mem:          992M       918M        74M        16K       388K       2.3M
-/+ buffers/cache:       915M        76M
Swap:         8.0G       443M       7.6G

             total       used       free     shared    buffers     cached
Mem:          992M       919M        72M        16K       388K       2.3M
-/+ buffers/cache:       917M        75M
Swap:         8.0G       442M       7.6G

             total       used       free     shared    buffers     cached
Mem:          992M       921M        70M        16K       388K       2.3M
-/+ buffers/cache:       918M        73M
Swap:         8.0G       442M       7.6G

             total       used       free     shared    buffers     cached
Mem:          992M       915M        76M        16K        76K        18M
-/+ buffers/cache:       896M        95M
Swap:         8.0G       467M       7.5G

             total       used       free     shared    buffers     cached
Mem:          992M       909M        82M        16K       216K        18M
-/+ buffers/cache:       890M       101M
Swap:         8.0G       479M       7.5G

             total       used       free     shared    buffers     cached
Mem:          992M       912M        79M        16K       532K        19M
-/+ buffers/cache:       892M        99M
Swap:         8.0G       479M       7.5G

             total       used       free     shared    buffers     cached
Mem:          992M       912M        79M        16K       552K        19M
-/+ buffers/cache:       893M        98M
Swap:         8.0G       478M       7.5G

             total       used       free     shared    buffers     cached
Mem:          992M       914M        77M        16K       552K        19M
-/+ buffers/cache:       895M        96M
Swap:         8.0G       477M       7.5G

             total       used       free     shared    buffers     cached
Mem:          992M       917M        75M        16K       552K        19M
-/+ buffers/cache:       897M        94M
Swap:         8.0G       477M       7.5G

             total       used       free     shared    buffers     cached
Mem:          992M       919M        72M        16K       552K        19M
-/+ buffers/cache:       899M        92M
Swap:         8.0G       476M       7.5G

             total       used       free     shared    buffers     cached
Mem:          992M       921M        70M        16K       552K        19M
-/+ buffers/cache:       902M        90M
Swap:         8.0G       475M       7.5G

             total       used       free     shared    buffers     cached
Mem:          992M       924M        67M        16K       560K        19M
-/+ buffers/cache:       904M        87M
Swap:         8.0G       474M       7.5G

             total       used       free     shared    buffers     cached
Mem:          992M       928M        63M        16K       848K        19M
-/+ buffers/cache:       907M        84M
Swap:         8.0G       472M       7.5G

             total       used       free     shared    buffers     cached
Mem:          992M       904M        87M        16K       1.0M        26M
-/+ buffers/cache:       877M       115M
Swap:         8.0G       500M       7.5G

             total       used       free     shared    buffers     cached
Mem:          992M       907M        84M        28K       1.0M        26M
-/+ buffers/cache:       879M       112M
Swap:         8.0G       500M       7.5G

             total       used       free     shared    buffers     cached
Mem:          992M       909M        82M        28K       1.0M        26M
-/+ buffers/cache:       882M       109M
Swap:         8.0G       498M       7.5G

             total       used       free     shared    buffers     cached
Mem:          992M       912M        79M        28K       1.0M        28M
-/+ buffers/cache:       883M       108M
Swap:         8.0G       497M       7.5G

             total       used       free     shared    buffers     cached
Mem:          992M       913M        78M        40K       1.0M        27M
-/+ buffers/cache:       884M       107M
Swap:         8.0G       497M       7.5G

             total       used       free     shared    buffers     cached
Mem:          992M       914M        77M        40K       1.0M        27M
-/+ buffers/cache:       885M       106M
Swap:         8.0G       497M       7.5G

             total       used       free     shared    buffers     cached
Mem:          992M       916M        76M        40K       1.0M        27M
-/+ buffers/cache:       887M       105M
Swap:         8.0G       496M       7.5G

             total       used       free     shared    buffers     cached
Mem:          992M       917M        74M        40K       1.0M        28M
-/+ buffers/cache:       888M       104M
Swap:         8.0G       496M       7.5G

             total       used       free     shared    buffers     cached
Mem:          992M       920M        71M        40K       1.0M        29M
-/+ buffers/cache:       890M       102M
Swap:         8.0G       495M       7.5G

             total       used       free     shared    buffers     cached
Mem:          992M       921M        70M        40K       1.0M        29M
-/+ buffers/cache:       891M       101M
Swap:         8.0G       494M       7.5G

             total       used       free     shared    buffers     cached
Mem:          992M       922M        69M        40K       1.0M        29M
-/+ buffers/cache:       892M        99M
Swap:         8.0G       494M       7.5G

             total       used       free     shared    buffers     cached
Mem:          992M       924M        68M        40K       1.0M        29M
-/+ buffers/cache:       893M        98M
Swap:         8.0G       493M       7.5G

             total       used       free     shared    buffers     cached
Mem:          992M       925M        66M        40K       1.0M        29M
-/+ buffers/cache:       895M        96M
Swap:         8.0G       492M       7.5G

             total       used       free     shared    buffers     cached
Mem:          992M       926M        65M        40K       1.0M        29M
-/+ buffers/cache:       896M        95M
Swap:         8.0G       492M       7.5G

             total       used       free     shared    buffers     cached
Mem:          992M       928M        64M        40K       1.0M        29M
-/+ buffers/cache:       897M        94M
Swap:         8.0G       491M       7.5G

             total       used       free     shared    buffers     cached
Mem:          992M       929M        62M        40K       1.0M        29M
-/+ buffers/cache:       899M        93M
Swap:         8.0G       490M       7.5G

             total       used       free     shared    buffers     cached
Mem:          992M       930M        61M        40K       1.0M        29M
-/+ buffers/cache:       900M        92M
Swap:         8.0G       490M       7.5G

             total       used       free     shared    buffers     cached
Mem:          992M       917M        74M        40K       1.0M        28M
-/+ buffers/cache:       888M       104M
Swap:         8.0G       499M       7.5G

             total       used       free     shared    buffers     cached
Mem:          992M       919M        73M        40K       1.0M        28M
-/+ buffers/cache:       889M       102M
Swap:         8.0G       498M       7.5G

             total       used       free     shared    buffers     cached
Mem:          992M       920M        71M        40K       1.0M        28M
-/+ buffers/cache:       890M       101M
Swap:         8.0G       497M       7.5G

             total       used       free     shared    buffers     cached
Mem:          992M       921M        70M        40K       1.0M        28M
-/+ buffers/cache:       891M       100M
Swap:         8.0G       497M       7.5G

             total       used       free     shared    buffers     cached
Mem:          992M       922M        69M        40K       1.0M        28M
-/+ buffers/cache:       893M        99M
Swap:         8.0G       496M       7.5G

             total       used       free     shared    buffers     cached
Mem:          992M       924M        67M        40K       1.0M        28M
-/+ buffers/cache:       894M        97M
Swap:         8.0G       496M       7.5G

             total       used       free     shared    buffers     cached
Mem:          992M       925M        66M        40K       1.0M        28M
-/+ buffers/cache:       895M        96M
Swap:         8.0G       495M       7.5G

             total       used       free     shared    buffers     cached
Mem:          992M       927M        64M        40K       1.0M        28M
-/+ buffers/cache:       897M        94M
Swap:         8.0G       494M       7.5G

             total       used       free     shared    buffers     cached
Mem:          992M       928M        63M        40K       1.0M        28M
-/+ buffers/cache:       898M        93M
Swap:         8.0G       494M       7.5G

             total       used       free     shared    buffers     cached
Mem:          992M       929M        62M        40K       1.0M        28M
-/+ buffers/cache:       899M        92M
Swap:         8.0G       493M       7.5G

             total       used       free     shared    buffers     cached
Mem:          992M       931M        61M        40K       1.0M        28M
-/+ buffers/cache:       901M        90M
Swap:         8.0G       493M       7.5G

             total       used       free     shared    buffers     cached
Mem:          992M       918M        73M        40K       1.0M        28M
-/+ buffers/cache:       889M       103M
Swap:         8.0G       498M       7.5G

             total       used       free     shared    buffers     cached
Mem:          992M       919M        72M        40K       1.0M        28M
-/+ buffers/cache:       890M       102M
Swap:         8.0G       498M       7.5G

             total       used       free     shared    buffers     cached
Mem:          992M       920M        71M        40K       1.0M        28M
-/+ buffers/cache:       891M       101M
Swap:         8.0G       498M       7.5G

             total       used       free     shared    buffers     cached
Mem:          992M       921M        70M        40K       1.0M        28M
-/+ buffers/cache:       892M       100M
Swap:         8.0G       497M       7.5G

             total       used       free     shared    buffers     cached
Mem:          992M       923M        68M        40K       1.0M        28M
-/+ buffers/cache:       893M        98M
Swap:         8.0G       496M       7.5G

             total       used       free     shared    buffers     cached
Mem:          992M       924M        67M        40K       1.0M        28M
-/+ buffers/cache:       895M        97M
Swap:         8.0G       496M       7.5G

             total       used       free     shared    buffers     cached
Mem:          992M       925M        66M        40K       1.0M        28M
-/+ buffers/cache:       896M        95M
Swap:         8.0G       495M       7.5G

             total       used       free     shared    buffers     cached
Mem:          992M       927M        65M        40K       1.0M        28M
-/+ buffers/cache:       897M        94M
Swap:         8.0G       494M       7.5G

             total       used       free     shared    buffers     cached
Mem:          992M       928M        63M        40K       1.1M        28M
-/+ buffers/cache:       899M        92M
Swap:         8.0G       494M       7.5G

             total       used       free     shared    buffers     cached
Mem:          992M       930M        62M        40K       1.1M        28M
-/+ buffers/cache:       900M        91M
Swap:         8.0G       493M       7.5G

             total       used       free     shared    buffers     cached
Mem:          992M       913M        78M        40K       1.1M        26M
-/+ buffers/cache:       886M       105M
Swap:         8.0G       509M       7.5G

             total       used       free     shared    buffers     cached
Mem:          992M       914M        77M        40K       1.1M        26M
-/+ buffers/cache:       887M       104M
Swap:         8.0G       509M       7.5G

             total       used       free     shared    buffers     cached
Mem:          992M       916M        75M        40K       1.1M        26M
-/+ buffers/cache:       888M       103M
Swap:         8.0G       508M       7.5G

             total       used       free     shared    buffers     cached
Mem:          992M       917M        74M        40K       1.1M        26M
-/+ buffers/cache:       889M       102M
Swap:         8.0G       507M       7.5G

             total       used       free     shared    buffers     cached
Mem:          992M       918M        73M        40K       1.1M        26M
-/+ buffers/cache:       891M       101M
Swap:         8.0G       507M       7.5G

             total       used       free     shared    buffers     cached
Mem:          992M       920M        72M        40K       1.1M        26M
-/+ buffers/cache:       892M        99M
Swap:         8.0G       506M       7.5G

             total       used       free     shared    buffers     cached
Mem:          992M       921M        70M        40K       1.1M        26M
-/+ buffers/cache:       894M        98M
Swap:         8.0G       505M       7.5G

             total       used       free     shared    buffers     cached
Mem:          992M       923M        69M        40K       1.1M        26M
-/+ buffers/cache:       895M        96M
Swap:         8.0G       505M       7.5G

             total       used       free     shared    buffers     cached
Mem:          992M       924M        67M        40K       1.1M        26M
-/+ buffers/cache:       896M        95M
Swap:         8.0G       504M       7.5G

             total       used       free     shared    buffers     cached
Mem:          992M       925M        66M        40K       1.1M        26M
-/+ buffers/cache:       897M        94M
Swap:         8.0G       503M       7.5G

             total       used       free     shared    buffers     cached
Mem:          992M       926M        65M        40K       1.1M        26M
-/+ buffers/cache:       899M        92M
Swap:         8.0G       502M       7.5G

             total       used       free     shared    buffers     cached
Mem:          992M       928M        64M        40K       1.1M        26M
-/+ buffers/cache:       900M        91M
Swap:         8.0G       502M       7.5G

             total       used       free     shared    buffers     cached
Mem:          992M       913M        78M        40K       1.0M        27M
-/+ buffers/cache:       884M       107M
Swap:         8.0G       511M       7.5G

             total       used       free     shared    buffers     cached
Mem:          992M       914M        77M        40K       1.0M        27M
-/+ buffers/cache:       886M       106M
Swap:         8.0G       510M       7.5G

             total       used       free     shared    buffers     cached
Mem:          992M       916M        76M        40K       1.0M        27M
-/+ buffers/cache:       887M       104M
Swap:         8.0G       510M       7.5G

             total       used       free     shared    buffers     cached
Mem:          992M       917M        74M        40K       1.0M        27M
-/+ buffers/cache:       888M       103M
Swap:         8.0G       509M       7.5G

             total       used       free     shared    buffers     cached
Mem:          992M       918M        73M        40K       1.0M        27M
-/+ buffers/cache:       889M       102M
Swap:         8.0G       508M       7.5G

             total       used       free     shared    buffers     cached
Mem:          992M       919M        72M        40K       1.0M        27M
-/+ buffers/cache:       890M       101M
Swap:         8.0G       508M       7.5G

             total       used       free     shared    buffers     cached
Mem:          992M       921M        70M        40K       1.0M        27M
-/+ buffers/cache:       892M        99M
Swap:         8.0G       507M       7.5G

             total       used       free     shared    buffers     cached
Mem:          992M       922M        69M        40K       1.0M        27M
-/+ buffers/cache:       893M        98M
Swap:         8.0G       506M       7.5G

             total       used       free     shared    buffers     cached
Mem:          992M       923M        68M        40K       1.0M        27M
-/+ buffers/cache:       894M        97M
Swap:         8.0G       506M       7.5G

             total       used       free     shared    buffers     cached
Mem:          992M       924M        67M        40K       1.0M        27M
-/+ buffers/cache:       896M        96M
Swap:         8.0G       505M       7.5G

             total       used       free     shared    buffers     cached
Mem:          992M       926M        66M        40K       1.0M        27M
-/+ buffers/cache:       897M        94M
Swap:         8.0G       504M       7.5G

             total       used       free     shared    buffers     cached
Mem:          992M       927M        64M        40K       1.0M        27M
-/+ buffers/cache:       898M        93M
Swap:         8.0G       504M       7.5G

             total       used       free     shared    buffers     cached
Mem:          992M       929M        63M        40K       1.0M        27M
-/+ buffers/cache:       900M        91M
Swap:         8.0G       503M       7.5G

             total       used       free     shared    buffers     cached
Mem:          992M       930M        61M        40K       1.0M        28M
-/+ buffers/cache:       901M        90M
Swap:         8.0G       502M       7.5G

             total       used       free     shared    buffers     cached
Mem:          992M       909M        82M        40K       1.0M        25M
-/+ buffers/cache:       882M       109M
Swap:         8.0G       522M       7.5G

             total       used       free     shared    buffers     cached
Mem:          992M       911M        80M        44K       1.2M        26M
-/+ buffers/cache:       883M       108M
Swap:         8.0G       521M       7.5G

             total       used       free     shared    buffers     cached
Mem:          992M       913M        78M        44K       1.2M        26M
-/+ buffers/cache:       885M       106M
Swap:         8.0G       520M       7.5G

             total       used       free     shared    buffers     cached
Mem:          992M       918M        73M        44K       1.2M        27M
-/+ buffers/cache:       889M       102M
Swap:         8.0G       518M       7.5G

             total       used       free     shared    buffers     cached
Mem:          992M       923M        69M        44K       1.2M        28M
-/+ buffers/cache:       893M        98M
Swap:         8.0G       517M       7.5G

             total       used       free     shared    buffers     cached
Mem:          992M       924M        68M        44K       1.2M        28M
-/+ buffers/cache:       894M        97M
Swap:         8.0G       516M       7.5G

             total       used       free     shared    buffers     cached
Mem:          992M       918M        73M        44K       284K        30M
-/+ buffers/cache:       887M       104M
Swap:         8.0G       517M       7.5G

             total       used       free     shared    buffers     cached
Mem:          992M       919M        72M        44K       284K        30M
-/+ buffers/cache:       888M       103M
Swap:         8.0G       517M       7.5G

             total       used       free     shared    buffers     cached
Mem:          992M       920M        72M        44K       284K        30M
-/+ buffers/cache:       889M       103M
Swap:         8.0G       516M       7.5G

             total       used       free     shared    buffers     cached
Mem:          992M       920M        71M        44K       284K        30M
-/+ buffers/cache:       889M       102M
Swap:         8.0G       516M       7.5G

             total       used       free     shared    buffers     cached
Mem:          992M       921M        70M        44K       284K        30M
-/+ buffers/cache:       890M       101M
Swap:         8.0G       515M       7.5G

             total       used       free     shared    buffers     cached
Mem:          992M       922M        69M        44K       292K        30M
-/+ buffers/cache:       891M       100M
Swap:         8.0G       515M       7.5G

             total       used       free     shared    buffers     cached
Mem:          992M       923M        68M        44K       292K        30M
-/+ buffers/cache:       892M        99M
Swap:         8.0G       515M       7.5G

             total       used       free     shared    buffers     cached
Mem:          992M       923M        68M        44K       292K        30M
-/+ buffers/cache:       892M        99M
Swap:         8.0G       514M       7.5G

             total       used       free     shared    buffers     cached
Mem:          992M       924M        67M        44K       292K        30M
-/+ buffers/cache:       893M        98M
Swap:         8.0G       514M       7.5G

             total       used       free     shared    buffers     cached
Mem:          992M       925M        66M        44K       292K        30M
-/+ buffers/cache:       894M        97M
Swap:         8.0G       514M       7.5G

             total       used       free     shared    buffers     cached
Mem:          992M       921M        70M       216K       1.5M        41M
-/+ buffers/cache:       878M       114M
Swap:         8.0G       547M       7.5G

             total       used       free     shared    buffers     cached
Mem:          992M       920M        71M       3.9M       4.2M        53M
-/+ buffers/cache:       863M       128M
Swap:         8.0G       559M       7.5G

             total       used       free     shared    buffers     cached
Mem:          992M       914M        77M       260K       4.9M        65M
-/+ buffers/cache:       844M       147M
Swap:         8.0G       582M       7.4G

             total       used       free     shared    buffers     cached
Mem:          992M       928M        63M       252K       5.1M        68M
-/+ buffers/cache:       855M       137M
Swap:         8.0G       577M       7.4G

             total       used       free     shared    buffers     cached
Mem:          992M       930M        62M       252K       5.1M        68M
-/+ buffers/cache:       856M       135M
Swap:         8.0G       576M       7.4G

             total       used       free     shared    buffers     cached
Mem:          992M       914M        77M       252K       4.5M        62M
-/+ buffers/cache:       846M       145M
Swap:         8.0G       583M       7.4G

             total       used       free     shared    buffers     cached
Mem:          992M       913M        78M       252K       4.5M        62M
-/+ buffers/cache:       845M       146M
Swap:         8.0G       583M       7.4G

             total       used       free     shared    buffers     cached
Mem:          992M       914M        77M       252K       4.5M        62M
-/+ buffers/cache:       847M       144M
Swap:         8.0G       583M       7.4G

             total       used       free     shared    buffers     cached
Mem:          992M       917M        74M       252K       4.7M        63M
-/+ buffers/cache:       848M       143M
Swap:         8.0G       582M       7.4G

             total       used       free     shared    buffers     cached
Mem:          992M       918M        73M       252K       4.7M        63M
-/+ buffers/cache:       850M       142M
Swap:         8.0G       581M       7.4G

             total       used       free     shared    buffers     cached
Mem:          992M       919M        72M       252K       4.7M        63M
-/+ buffers/cache:       851M       140M
Swap:         8.0G       581M       7.4G

             total       used       free     shared    buffers     cached
Mem:          992M       921M        70M       252K       4.7M        63M
-/+ buffers/cache:       852M       139M
Swap:         8.0G       580M       7.4G

             total       used       free     shared    buffers     cached
Mem:          992M       922M        69M       252K       4.7M        63M
-/+ buffers/cache:       854M       137M
Swap:         8.0G       579M       7.4G

             total       used       free     shared    buffers     cached
Mem:          992M       924M        67M       252K       4.7M        63M
-/+ buffers/cache:       855M       136M
Swap:         8.0G       579M       7.4G

             total       used       free     shared    buffers     cached
Mem:          992M       925M        66M       252K       4.7M        63M
-/+ buffers/cache:       857M       134M
Swap:         8.0G       578M       7.4G

             total       used       free     shared    buffers     cached
Mem:          992M       927M        64M       252K       4.7M        63M
-/+ buffers/cache:       858M       133M
Swap:         8.0G       577M       7.4G

             total       used       free     shared    buffers     cached
Mem:          992M       928M        63M       252K       4.7M        63M
-/+ buffers/cache:       860M       132M
Swap:         8.0G       577M       7.4G

             total       used       free     shared    buffers     cached
Mem:          992M       929M        62M       252K       4.7M        63M
-/+ buffers/cache:       861M       130M
Swap:         8.0G       576M       7.4G

             total       used       free     shared    buffers     cached
Mem:          992M       931M        60M       252K       4.7M        63M
-/+ buffers/cache:       862M       129M
Swap:         8.0G       575M       7.4G

             total       used       free     shared    buffers     cached
Mem:          992M       908M        83M       252K       4.0M        60M
-/+ buffers/cache:       843M       148M
Swap:         8.0G       589M       7.4G

             total       used       free     shared    buffers     cached
Mem:          992M       909M        82M       252K       4.0M        60M
-/+ buffers/cache:       845M       147M
Swap:         8.0G       588M       7.4G

             total       used       free     shared    buffers     cached
Mem:          992M       910M        81M       252K       4.0M        60M
-/+ buffers/cache:       846M       145M
Swap:         8.0G       588M       7.4G

             total       used       free     shared    buffers     cached
Mem:          992M       912M        79M       252K       4.0M        60M
-/+ buffers/cache:       847M       144M
Swap:         8.0G       587M       7.4G

             total       used       free     shared    buffers     cached
Mem:          992M       913M        78M       252K       4.0M        60M
-/+ buffers/cache:       848M       143M
Swap:         8.0G       586M       7.4G

             total       used       free     shared    buffers     cached
Mem:          992M       914M        77M       252K       4.0M        60M
-/+ buffers/cache:       850M       141M
Swap:         8.0G       586M       7.4G

             total       used       free     shared    buffers     cached
Mem:          992M       916M        76M       252K       4.0M        60M
-/+ buffers/cache:       851M       140M
Swap:         8.0G       585M       7.4G

             total       used       free     shared    buffers     cached
Mem:          992M       917M        74M       252K       4.0M        60M
-/+ buffers/cache:       852M       139M
Swap:         8.0G       584M       7.4G

             total       used       free     shared    buffers     cached
Mem:          992M       918M        73M       252K       4.0M        60M
-/+ buffers/cache:       854M       138M
Swap:         8.0G       584M       7.4G

             total       used       free     shared    buffers     cached
Mem:          992M       920M        72M       252K       4.0M        60M
-/+ buffers/cache:       855M       136M
Swap:         8.0G       583M       7.4G

             total       used       free     shared    buffers     cached
Mem:          992M       921M        70M       252K       4.0M        60M
-/+ buffers/cache:       856M       135M
Swap:         8.0G       582M       7.4G

             total       used       free     shared    buffers     cached
Mem:          992M       923M        68M       252K       4.0M        61M
-/+ buffers/cache:       858M       134M
Swap:         8.0G       581M       7.4G

             total       used       free     shared    buffers     cached
Mem:          992M       924M        67M       252K       4.0M        61M
-/+ buffers/cache:       859M       132M
Swap:         8.0G       581M       7.4G

             total       used       free     shared    buffers     cached
Mem:          992M       926M        65M       252K       4.0M        61M
-/+ buffers/cache:       860M       131M
Swap:         8.0G       580M       7.4G

             total       used       free     shared    buffers     cached
Mem:          992M       927M        64M       252K       4.0M        61M
-/+ buffers/cache:       862M       130M
Swap:         8.0G       579M       7.4G

             total       used       free     shared    buffers     cached
Mem:          992M       928M        63M       252K       4.0M        61M
-/+ buffers/cache:       863M       128M
Swap:         8.0G       579M       7.4G

             total       used       free     shared    buffers     cached
Mem:          992M       930M        62M       252K       4.0M        61M
-/+ buffers/cache:       864M       127M
Swap:         8.0G       578M       7.4G

             total       used       free     shared    buffers     cached
Mem:          992M       919M        72M       252K       4.0M        60M
-/+ buffers/cache:       854M       137M
Swap:         8.0G       595M       7.4G

             total       used       free     shared    buffers     cached
Mem:          992M       920M        72M       252K       4.0M        60M
-/+ buffers/cache:       855M       136M
Swap:         8.0G       594M       7.4G

             total       used       free     shared    buffers     cached
Mem:          992M       921M        70M       252K       4.0M        60M
-/+ buffers/cache:       856M       135M
Swap:         8.0G       593M       7.4G

             total       used       free     shared    buffers     cached
Mem:          992M       922M        69M       252K       4.0M        60M
-/+ buffers/cache:       858M       134M
Swap:         8.0G       593M       7.4G

             total       used       free     shared    buffers     cached
Mem:          992M       924M        67M       252K       4.0M        60M
-/+ buffers/cache:       859M       132M
Swap:         8.0G       592M       7.4G

             total       used       free     shared    buffers     cached
Mem:          992M       922M        70M       300K       7.9M        72M
-/+ buffers/cache:       841M       150M
Swap:         8.0G       605M       7.4G

             total       used       free     shared    buffers     cached
Mem:          992M       921M        70M       304K       8.3M        75M
-/+ buffers/cache:       838M       154M
Swap:         8.0G       604M       7.4G
