             total       used       free     shared    buffers     cached
Mem:          3.9G       669M       3.2G       3.2M        38M       289M
-/+ buffers/cache:       341M       3.5G
Swap:         8.0G         0B       8.0G

             total       used       free     shared    buffers     cached
Mem:          3.9G       667M       3.2G       1.5M        38M       288M
-/+ buffers/cache:       341M       3.5G
Swap:         8.0G         0B       8.0G

             total       used       free     shared    buffers     cached
Mem:          3.9G       667M       3.2G       1.5M        38M       288M
-/+ buffers/cache:       341M       3.5G
Swap:         8.0G         0B       8.0G

             total       used       free     shared    buffers     cached
Mem:          3.9G       667M       3.2G       1.5M        38M       288M
-/+ buffers/cache:       341M       3.5G
Swap:         8.0G         0B       8.0G

             total       used       free     shared    buffers     cached
Mem:          3.9G       667M       3.2G       1.5M        38M       288M
-/+ buffers/cache:       341M       3.5G
Swap:         8.0G         0B       8.0G

             total       used       free     shared    buffers     cached
Mem:          3.9G       667M       3.2G       1.5M        38M       288M
-/+ buffers/cache:       341M       3.5G
Swap:         8.0G         0B       8.0G

             total       used       free     shared    buffers     cached
Mem:          3.9G       667M       3.2G       1.5M        38M       288M
-/+ buffers/cache:       340M       3.5G
Swap:         8.0G         0B       8.0G

             total       used       free     shared    buffers     cached
Mem:          3.9G       667M       3.2G       1.5M        38M       288M
-/+ buffers/cache:       340M       3.5G
Swap:         8.0G         0B       8.0G

             total       used       free     shared    buffers     cached
Mem:          3.9G       670M       3.2G       1.5M        38M       288M
-/+ buffers/cache:       343M       3.5G
Swap:         8.0G         0B       8.0G

             total       used       free     shared    buffers     cached
Mem:          3.9G       682M       3.2G       1.5M        38M       288M
-/+ buffers/cache:       355M       3.5G
Swap:         8.0G         0B       8.0G

             total       used       free     shared    buffers     cached
Mem:          3.9G       700M       3.2G       1.5M        38M       288M
-/+ buffers/cache:       373M       3.5G
Swap:         8.0G         0B       8.0G

             total       used       free     shared    buffers     cached
Mem:          3.9G       675M       3.2G       1.5M        38M       289M
-/+ buffers/cache:       347M       3.5G
Swap:         8.0G         0B       8.0G

             total       used       free     shared    buffers     cached
Mem:          3.9G       683M       3.2G       1.5M        38M       289M
-/+ buffers/cache:       355M       3.5G
Swap:         8.0G         0B       8.0G

             total       used       free     shared    buffers     cached
Mem:          3.9G       676M       3.2G       1.5M        38M       289M
-/+ buffers/cache:       348M       3.5G
Swap:         8.0G         0B       8.0G

             total       used       free     shared    buffers     cached
Mem:          3.9G       676M       3.2G       1.5M        38M       289M
-/+ buffers/cache:       348M       3.5G
Swap:         8.0G         0B       8.0G

             total       used       free     shared    buffers     cached
Mem:          3.9G       676M       3.2G       1.5M        38M       289M
-/+ buffers/cache:       348M       3.5G
Swap:         8.0G         0B       8.0G

             total       used       free     shared    buffers     cached
Mem:          3.9G       676M       3.2G       1.5M        38M       289M
-/+ buffers/cache:       348M       3.5G
Swap:         8.0G         0B       8.0G

             total       used       free     shared    buffers     cached
Mem:          3.9G       676M       3.2G       1.5M        38M       289M
-/+ buffers/cache:       348M       3.5G
Swap:         8.0G         0B       8.0G

             total       used       free     shared    buffers     cached
Mem:          3.9G       676M       3.2G       1.5M        38M       289M
-/+ buffers/cache:       348M       3.5G
Swap:         8.0G         0B       8.0G

             total       used       free     shared    buffers     cached
Mem:          3.9G       676M       3.2G       1.5M        38M       289M
-/+ buffers/cache:       348M       3.5G
Swap:         8.0G         0B       8.0G

             total       used       free     shared    buffers     cached
Mem:          3.9G       676M       3.2G       1.5M        38M       289M
-/+ buffers/cache:       348M       3.5G
Swap:         8.0G         0B       8.0G

             total       used       free     shared    buffers     cached
Mem:          3.9G       677M       3.2G       1.5M        38M       289M
-/+ buffers/cache:       348M       3.5G
Swap:         8.0G         0B       8.0G

             total       used       free     shared    buffers     cached
Mem:          3.9G       677M       3.2G       1.5M        38M       289M
-/+ buffers/cache:       348M       3.5G
Swap:         8.0G         0B       8.0G

             total       used       free     shared    buffers     cached
Mem:          3.9G       677M       3.2G       1.5M        38M       289M
-/+ buffers/cache:       348M       3.5G
Swap:         8.0G         0B       8.0G

             total       used       free     shared    buffers     cached
Mem:          3.9G       677M       3.2G       1.5M        38M       289M
-/+ buffers/cache:       348M       3.5G
Swap:         8.0G         0B       8.0G

             total       used       free     shared    buffers     cached
Mem:          3.9G       676M       3.2G       1.5M        38M       289M
-/+ buffers/cache:       348M       3.5G
Swap:         8.0G         0B       8.0G

             total       used       free     shared    buffers     cached
Mem:          3.9G       676M       3.2G       1.5M        38M       289M
-/+ buffers/cache:       348M       3.5G
Swap:         8.0G         0B       8.0G

             total       used       free     shared    buffers     cached
Mem:          3.9G       676M       3.2G       1.5M        38M       289M
-/+ buffers/cache:       348M       3.5G
Swap:         8.0G         0B       8.0G

             total       used       free     shared    buffers     cached
Mem:          3.9G       676M       3.2G       1.5M        38M       289M
-/+ buffers/cache:       348M       3.5G
Swap:         8.0G         0B       8.0G

             total       used       free     shared    buffers     cached
Mem:          3.9G       676M       3.2G       1.5M        38M       289M
-/+ buffers/cache:       348M       3.5G
Swap:         8.0G         0B       8.0G

             total       used       free     shared    buffers     cached
Mem:          3.9G       676M       3.2G       1.5M        38M       289M
-/+ buffers/cache:       348M       3.5G
Swap:         8.0G         0B       8.0G

             total       used       free     shared    buffers     cached
Mem:          3.9G       676M       3.2G       1.5M        38M       289M
-/+ buffers/cache:       348M       3.5G
Swap:         8.0G         0B       8.0G

             total       used       free     shared    buffers     cached
Mem:          3.9G       676M       3.2G       1.5M        38M       289M
-/+ buffers/cache:       348M       3.5G
Swap:         8.0G         0B       8.0G

             total       used       free     shared    buffers     cached
Mem:          3.9G       685M       3.2G       1.5M        38M       289M
-/+ buffers/cache:       357M       3.5G
Swap:         8.0G         0B       8.0G

             total       used       free     shared    buffers     cached
Mem:          3.9G       702M       3.2G       1.5M        38M       289M
-/+ buffers/cache:       374M       3.5G
Swap:         8.0G         0B       8.0G

             total       used       free     shared    buffers     cached
Mem:          3.9G       719M       3.2G       1.5M        38M       289M
-/+ buffers/cache:       391M       3.5G
Swap:         8.0G         0B       8.0G

             total       used       free     shared    buffers     cached
Mem:          3.9G       736M       3.1G       1.5M        38M       289M
-/+ buffers/cache:       408M       3.5G
Swap:         8.0G         0B       8.0G

             total       used       free     shared    buffers     cached
Mem:          3.9G       751M       3.1G       1.5M        38M       289M
-/+ buffers/cache:       423M       3.4G
Swap:         8.0G         0B       8.0G

             total       used       free     shared    buffers     cached
Mem:          3.9G       769M       3.1G       1.5M        38M       289M
-/+ buffers/cache:       441M       3.4G
Swap:         8.0G         0B       8.0G

             total       used       free     shared    buffers     cached
Mem:          3.9G       788M       3.1G       1.5M        38M       289M
-/+ buffers/cache:       460M       3.4G
Swap:         8.0G         0B       8.0G

             total       used       free     shared    buffers     cached
Mem:          3.9G       805M       3.1G       1.5M        38M       289M
-/+ buffers/cache:       477M       3.4G
Swap:         8.0G         0B       8.0G

             total       used       free     shared    buffers     cached
Mem:          3.9G       823M       3.1G       1.5M        38M       289M
-/+ buffers/cache:       494M       3.4G
Swap:         8.0G         0B       8.0G

             total       used       free     shared    buffers     cached
Mem:          3.9G       840M       3.0G       1.5M        38M       289M
-/+ buffers/cache:       512M       3.4G
Swap:         8.0G         0B       8.0G

             total       used       free     shared    buffers     cached
Mem:          3.9G       861M       3.0G       1.5M        38M       289M
-/+ buffers/cache:       533M       3.3G
Swap:         8.0G         0B       8.0G

             total       used       free     shared    buffers     cached
Mem:          3.9G       877M       3.0G       1.5M        38M       289M
-/+ buffers/cache:       549M       3.3G
Swap:         8.0G         0B       8.0G

             total       used       free     shared    buffers     cached
Mem:          3.9G       894M       3.0G       1.5M        38M       289M
-/+ buffers/cache:       565M       3.3G
Swap:         8.0G         0B       8.0G

             total       used       free     shared    buffers     cached
Mem:          3.9G       910M       3.0G       1.5M        38M       289M
-/+ buffers/cache:       582M       3.3G
Swap:         8.0G         0B       8.0G

             total       used       free     shared    buffers     cached
Mem:          3.9G       928M       3.0G       1.5M        38M       289M
-/+ buffers/cache:       600M       3.3G
Swap:         8.0G         0B       8.0G

             total       used       free     shared    buffers     cached
Mem:          3.9G       947M       2.9G       1.5M        38M       289M
-/+ buffers/cache:       619M       3.3G
Swap:         8.0G         0B       8.0G

             total       used       free     shared    buffers     cached
Mem:          3.9G       965M       2.9G       1.5M        38M       289M
-/+ buffers/cache:       637M       3.2G
Swap:         8.0G         0B       8.0G

             total       used       free     shared    buffers     cached
Mem:          3.9G       981M       2.9G       1.5M        38M       289M
-/+ buffers/cache:       653M       3.2G
Swap:         8.0G         0B       8.0G

             total       used       free     shared    buffers     cached
Mem:          3.9G       998M       2.9G       1.5M        38M       289M
-/+ buffers/cache:       670M       3.2G
Swap:         8.0G         0B       8.0G

             total       used       free     shared    buffers     cached
Mem:          3.9G       1.0G       2.9G       1.5M        38M       289M
-/+ buffers/cache:       688M       3.2G
Swap:         8.0G         0B       8.0G

             total       used       free     shared    buffers     cached
Mem:          3.9G       1.0G       2.8G       1.5M        38M       289M
-/+ buffers/cache:       707M       3.2G
Swap:         8.0G         0B       8.0G

             total       used       free     shared    buffers     cached
Mem:          3.9G       1.0G       2.8G       1.5M        38M       289M
-/+ buffers/cache:       725M       3.2G
Swap:         8.0G         0B       8.0G

             total       used       free     shared    buffers     cached
Mem:          3.9G       1.0G       2.8G       1.5M        38M       289M
-/+ buffers/cache:       743M       3.1G
Swap:         8.0G         0B       8.0G

             total       used       free     shared    buffers     cached
Mem:          3.9G       1.1G       2.8G       1.5M        38M       289M
-/+ buffers/cache:       762M       3.1G
Swap:         8.0G         0B       8.0G

             total       used       free     shared    buffers     cached
Mem:          3.9G       1.1G       2.8G       1.5M        38M       289M
-/+ buffers/cache:       781M       3.1G
Swap:         8.0G         0B       8.0G

             total       used       free     shared    buffers     cached
Mem:          3.9G       1.1G       2.8G       1.5M        38M       289M
-/+ buffers/cache:       796M       3.1G
Swap:         8.0G         0B       8.0G

             total       used       free     shared    buffers     cached
Mem:          3.9G       1.1G       2.7G       1.5M        38M       289M
-/+ buffers/cache:       808M       3.1G
Swap:         8.0G         0B       8.0G

             total       used       free     shared    buffers     cached
Mem:          3.9G       1.1G       2.7G       1.5M        38M       289M
-/+ buffers/cache:       825M       3.1G
Swap:         8.0G         0B       8.0G

             total       used       free     shared    buffers     cached
Mem:          3.9G       1.1G       2.7G       1.5M        38M       289M
-/+ buffers/cache:       843M       3.0G
Swap:         8.0G         0B       8.0G

             total       used       free     shared    buffers     cached
Mem:          3.9G       1.2G       2.7G       1.5M        38M       289M
-/+ buffers/cache:       860M       3.0G
Swap:         8.0G         0B       8.0G

             total       used       free     shared    buffers     cached
Mem:          3.9G       1.2G       2.7G       1.5M        38M       289M
-/+ buffers/cache:       877M       3.0G
Swap:         8.0G         0B       8.0G

             total       used       free     shared    buffers     cached
Mem:          3.9G       1.2G       2.7G       1.5M        38M       289M
-/+ buffers/cache:       894M       3.0G
Swap:         8.0G         0B       8.0G

             total       used       free     shared    buffers     cached
Mem:          3.9G       1.2G       2.6G       1.5M        38M       289M
-/+ buffers/cache:       910M       3.0G
Swap:         8.0G         0B       8.0G

             total       used       free     shared    buffers     cached
Mem:          3.9G       1.2G       2.6G       1.5M        38M       289M
-/+ buffers/cache:       926M       3.0G
Swap:         8.0G         0B       8.0G

             total       used       free     shared    buffers     cached
Mem:          3.9G       1.2G       2.6G       1.5M        38M       289M
-/+ buffers/cache:       943M       2.9G
Swap:         8.0G         0B       8.0G

             total       used       free     shared    buffers     cached
Mem:          3.9G       1.3G       2.6G       1.5M        38M       290M
-/+ buffers/cache:       961M       2.9G
Swap:         8.0G         0B       8.0G

             total       used       free     shared    buffers     cached
Mem:          3.9G       1.3G       2.6G       1.5M        38M       290M
-/+ buffers/cache:       977M       2.9G
Swap:         8.0G         0B       8.0G

             total       used       free     shared    buffers     cached
Mem:          3.9G       1.3G       2.6G       1.5M        38M       290M
-/+ buffers/cache:       996M       2.9G
Swap:         8.0G         0B       8.0G

             total       used       free     shared    buffers     cached
Mem:          3.9G       1.3G       2.5G       1.5M        38M       290M
-/+ buffers/cache:       1.0G       2.9G
Swap:         8.0G         0B       8.0G

             total       used       free     shared    buffers     cached
Mem:          3.9G       1.3G       2.5G       1.5M        38M       290M
-/+ buffers/cache:       1.0G       2.9G
Swap:         8.0G         0B       8.0G

             total       used       free     shared    buffers     cached
Mem:          3.9G       1.3G       2.5G       1.5M        38M       290M
-/+ buffers/cache:       1.0G       2.8G
Swap:         8.0G         0B       8.0G

             total       used       free     shared    buffers     cached
Mem:          3.9G       1.4G       2.5G       1.5M        38M       290M
-/+ buffers/cache:       1.0G       2.8G
Swap:         8.0G         0B       8.0G

             total       used       free     shared    buffers     cached
Mem:          3.9G       1.4G       2.5G       1.5M        38M       290M
-/+ buffers/cache:       1.1G       2.8G
Swap:         8.0G         0B       8.0G

             total       used       free     shared    buffers     cached
Mem:          3.9G       1.4G       2.5G       1.5M        38M       290M
-/+ buffers/cache:       1.1G       2.8G
Swap:         8.0G         0B       8.0G

             total       used       free     shared    buffers     cached
Mem:          3.9G       1.4G       2.4G       1.5M        38M       290M
-/+ buffers/cache:       1.1G       2.8G
Swap:         8.0G         0B       8.0G

             total       used       free     shared    buffers     cached
Mem:          3.9G       1.4G       2.4G       1.5M        38M       290M
-/+ buffers/cache:       1.1G       2.7G
Swap:         8.0G         0B       8.0G

             total       used       free     shared    buffers     cached
Mem:          3.9G       1.4G       2.4G       1.5M        38M       290M
-/+ buffers/cache:       1.1G       2.7G
Swap:         8.0G         0B       8.0G

             total       used       free     shared    buffers     cached
Mem:          3.9G       1.5G       2.4G       1.5M        38M       290M
-/+ buffers/cache:       1.1G       2.7G
Swap:         8.0G         0B       8.0G

             total       used       free     shared    buffers     cached
Mem:          3.9G       1.5G       2.4G       1.5M        38M       290M
-/+ buffers/cache:       1.2G       2.7G
Swap:         8.0G         0B       8.0G

             total       used       free     shared    buffers     cached
Mem:          3.9G       1.5G       2.4G       1.5M        38M       290M
-/+ buffers/cache:       1.2G       2.7G
Swap:         8.0G         0B       8.0G

             total       used       free     shared    buffers     cached
Mem:          3.9G       1.5G       2.3G       1.5M        38M       290M
-/+ buffers/cache:       1.2G       2.7G
Swap:         8.0G         0B       8.0G

             total       used       free     shared    buffers     cached
Mem:          3.9G       1.5G       2.3G       1.5M        38M       290M
-/+ buffers/cache:       1.2G       2.6G
Swap:         8.0G         0B       8.0G

             total       used       free     shared    buffers     cached
Mem:          3.9G       1.5G       2.3G       1.5M        38M       290M
-/+ buffers/cache:       1.2G       2.6G
Swap:         8.0G         0B       8.0G

             total       used       free     shared    buffers     cached
Mem:          3.9G       1.6G       2.3G       1.5M        38M       290M
-/+ buffers/cache:       1.2G       2.6G
Swap:         8.0G         0B       8.0G

             total       used       free     shared    buffers     cached
Mem:          3.9G       1.6G       2.3G       1.5M        38M       290M
-/+ buffers/cache:       1.3G       2.6G
Swap:         8.0G         0B       8.0G

             total       used       free     shared    buffers     cached
Mem:          3.9G       1.6G       2.3G       1.5M        38M       290M
-/+ buffers/cache:       1.3G       2.6G
Swap:         8.0G         0B       8.0G

             total       used       free     shared    buffers     cached
Mem:          3.9G       1.6G       2.2G       1.5M        38M       290M
-/+ buffers/cache:       1.3G       2.6G
Swap:         8.0G         0B       8.0G

             total       used       free     shared    buffers     cached
Mem:          3.9G       1.6G       2.2G       1.5M        38M       290M
-/+ buffers/cache:       1.3G       2.5G
Swap:         8.0G         0B       8.0G

             total       used       free     shared    buffers     cached
Mem:          3.9G       1.7G       2.2G       1.5M        38M       290M
-/+ buffers/cache:       1.3G       2.5G
Swap:         8.0G         0B       8.0G

             total       used       free     shared    buffers     cached
Mem:          3.9G       1.7G       2.2G       1.5M        38M       290M
-/+ buffers/cache:       1.3G       2.5G
Swap:         8.0G         0B       8.0G

             total       used       free     shared    buffers     cached
Mem:          3.9G       1.7G       2.2G       1.5M        38M       290M
-/+ buffers/cache:       1.4G       2.5G
Swap:         8.0G         0B       8.0G

             total       used       free     shared    buffers     cached
Mem:          3.9G       1.7G       2.2G       1.5M        38M       290M
-/+ buffers/cache:       1.4G       2.5G
Swap:         8.0G         0B       8.0G

             total       used       free     shared    buffers     cached
Mem:          3.9G       1.7G       2.1G       1.5M        38M       290M
-/+ buffers/cache:       1.4G       2.5G
Swap:         8.0G         0B       8.0G

             total       used       free     shared    buffers     cached
Mem:          3.9G       1.7G       2.1G       1.5M        38M       290M
-/+ buffers/cache:       1.4G       2.4G
Swap:         8.0G         0B       8.0G

             total       used       free     shared    buffers     cached
Mem:          3.9G       1.8G       2.1G       1.5M        38M       290M
-/+ buffers/cache:       1.4G       2.4G
Swap:         8.0G         0B       8.0G

             total       used       free     shared    buffers     cached
Mem:          3.9G       1.8G       2.1G       1.5M        38M       290M
-/+ buffers/cache:       1.5G       2.4G
Swap:         8.0G         0B       8.0G

             total       used       free     shared    buffers     cached
Mem:          3.9G       1.8G       2.1G       1.5M        38M       290M
-/+ buffers/cache:       1.5G       2.4G
Swap:         8.0G         0B       8.0G

             total       used       free     shared    buffers     cached
Mem:          3.9G       1.8G       2.0G       1.5M        38M       290M
-/+ buffers/cache:       1.5G       2.4G
Swap:         8.0G         0B       8.0G

             total       used       free     shared    buffers     cached
Mem:          3.9G       1.8G       2.0G       1.5M        38M       290M
-/+ buffers/cache:       1.5G       2.3G
Swap:         8.0G         0B       8.0G

             total       used       free     shared    buffers     cached
Mem:          3.9G       1.8G       2.0G       1.5M        38M       290M
-/+ buffers/cache:       1.5G       2.3G
Swap:         8.0G         0B       8.0G

             total       used       free     shared    buffers     cached
Mem:          3.9G       1.9G       2.0G       1.5M        38M       290M
-/+ buffers/cache:       1.5G       2.3G
Swap:         8.0G         0B       8.0G

             total       used       free     shared    buffers     cached
Mem:          3.9G       1.9G       2.0G       1.5M        38M       290M
-/+ buffers/cache:       1.6G       2.3G
Swap:         8.0G         0B       8.0G

             total       used       free     shared    buffers     cached
Mem:          3.9G       1.9G       2.0G       1.5M        38M       290M
-/+ buffers/cache:       1.6G       2.3G
Swap:         8.0G         0B       8.0G

             total       used       free     shared    buffers     cached
Mem:          3.9G       1.9G       1.9G       1.5M        38M       290M
-/+ buffers/cache:       1.6G       2.3G
Swap:         8.0G         0B       8.0G

             total       used       free     shared    buffers     cached
Mem:          3.9G       1.9G       1.9G       1.5M        38M       290M
-/+ buffers/cache:       1.6G       2.2G
Swap:         8.0G         0B       8.0G

             total       used       free     shared    buffers     cached
Mem:          3.9G       2.0G       1.9G       1.5M        38M       290M
-/+ buffers/cache:       1.6G       2.2G
Swap:         8.0G         0B       8.0G

             total       used       free     shared    buffers     cached
Mem:          3.9G       2.0G       1.9G       1.5M        38M       290M
-/+ buffers/cache:       1.7G       2.2G
Swap:         8.0G         0B       8.0G

             total       used       free     shared    buffers     cached
Mem:          3.9G       2.0G       1.9G       1.5M        38M       290M
-/+ buffers/cache:       1.7G       2.2G
Swap:         8.0G         0B       8.0G

             total       used       free     shared    buffers     cached
Mem:          3.9G       2.0G       1.8G       1.5M        38M       290M
-/+ buffers/cache:       1.7G       2.2G
Swap:         8.0G         0B       8.0G

             total       used       free     shared    buffers     cached
Mem:          3.9G       2.0G       1.8G       1.5M        38M       290M
-/+ buffers/cache:       1.7G       2.1G
Swap:         8.0G         0B       8.0G

             total       used       free     shared    buffers     cached
Mem:          3.9G       2.1G       1.8G       1.5M        38M       290M
-/+ buffers/cache:       1.7G       2.1G
Swap:         8.0G         0B       8.0G

             total       used       free     shared    buffers     cached
Mem:          3.9G       2.1G       1.8G       1.5M        38M       290M
-/+ buffers/cache:       1.8G       2.1G
Swap:         8.0G         0B       8.0G

             total       used       free     shared    buffers     cached
Mem:          3.9G       2.1G       1.8G       1.5M        38M       290M
-/+ buffers/cache:       1.8G       2.1G
Swap:         8.0G         0B       8.0G

             total       used       free     shared    buffers     cached
Mem:          3.9G       2.1G       1.7G       1.5M        38M       290M
-/+ buffers/cache:       1.8G       2.1G
Swap:         8.0G         0B       8.0G

             total       used       free     shared    buffers     cached
Mem:          3.9G       2.1G       1.7G       1.5M        38M       290M
-/+ buffers/cache:       1.8G       2.1G
Swap:         8.0G         0B       8.0G

             total       used       free     shared    buffers     cached
Mem:          3.9G       2.1G       1.7G       1.5M        38M       290M
-/+ buffers/cache:       1.8G       2.0G
Swap:         8.0G         0B       8.0G

             total       used       free     shared    buffers     cached
Mem:          3.9G       2.2G       1.7G       1.5M        38M       290M
-/+ buffers/cache:       1.8G       2.0G
Swap:         8.0G         0B       8.0G

             total       used       free     shared    buffers     cached
Mem:          3.9G       2.2G       1.7G       1.5M        38M       290M
-/+ buffers/cache:       1.9G       2.0G
Swap:         8.0G         0B       8.0G

             total       used       free     shared    buffers     cached
Mem:          3.9G       2.2G       1.7G       1.5M        38M       290M
-/+ buffers/cache:       1.9G       2.0G
Swap:         8.0G         0B       8.0G

             total       used       free     shared    buffers     cached
Mem:          3.9G       2.2G       1.6G       1.5M        38M       290M
-/+ buffers/cache:       1.9G       2.0G
Swap:         8.0G         0B       8.0G

             total       used       free     shared    buffers     cached
Mem:          3.9G       2.2G       1.6G       1.5M        38M       290M
-/+ buffers/cache:       1.9G       1.9G
Swap:         8.0G         0B       8.0G

             total       used       free     shared    buffers     cached
Mem:          3.9G       2.2G       1.6G       1.5M        38M       290M
-/+ buffers/cache:       1.9G       1.9G
Swap:         8.0G         0B       8.0G

             total       used       free     shared    buffers     cached
Mem:          3.9G       2.3G       1.6G       1.5M        38M       290M
-/+ buffers/cache:       1.9G       1.9G
Swap:         8.0G         0B       8.0G

             total       used       free     shared    buffers     cached
Mem:          3.9G       2.3G       1.6G       1.5M        38M       290M
-/+ buffers/cache:       2.0G       1.9G
Swap:         8.0G         0B       8.0G

             total       used       free     shared    buffers     cached
Mem:          3.9G       2.3G       1.6G       1.5M        38M       290M
-/+ buffers/cache:       2.0G       1.9G
Swap:         8.0G         0B       8.0G

             total       used       free     shared    buffers     cached
Mem:          3.9G       2.3G       1.5G       1.5M        38M       290M
-/+ buffers/cache:       2.0G       1.9G
Swap:         8.0G         0B       8.0G

             total       used       free     shared    buffers     cached
Mem:          3.9G       2.3G       1.5G       1.5M        38M       290M
-/+ buffers/cache:       2.0G       1.8G
Swap:         8.0G         0B       8.0G

             total       used       free     shared    buffers     cached
Mem:          3.9G       2.3G       1.5G       1.5M        38M       290M
-/+ buffers/cache:       2.0G       1.8G
Swap:         8.0G         0B       8.0G

             total       used       free     shared    buffers     cached
Mem:          3.9G       2.4G       1.5G       1.5M        38M       290M
-/+ buffers/cache:       2.0G       1.8G
Swap:         8.0G         0B       8.0G

             total       used       free     shared    buffers     cached
Mem:          3.9G       2.4G       1.5G       1.5M        38M       290M
-/+ buffers/cache:       2.1G       1.8G
Swap:         8.0G         0B       8.0G

             total       used       free     shared    buffers     cached
Mem:          3.9G       2.4G       1.5G       1.5M        38M       290M
-/+ buffers/cache:       2.1G       1.8G
Swap:         8.0G         0B       8.0G

             total       used       free     shared    buffers     cached
Mem:          3.9G       2.4G       1.4G       1.5M        38M       290M
-/+ buffers/cache:       2.1G       1.8G
Swap:         8.0G         0B       8.0G

             total       used       free     shared    buffers     cached
Mem:          3.9G       2.4G       1.4G       1.5M        38M       290M
-/+ buffers/cache:       2.1G       1.8G
Swap:         8.0G         0B       8.0G

             total       used       free     shared    buffers     cached
Mem:          3.9G       2.4G       1.4G       1.5M        38M       290M
-/+ buffers/cache:       2.1G       1.8G
Swap:         8.0G         0B       8.0G

             total       used       free     shared    buffers     cached
Mem:          3.9G       2.4G       1.4G       1.5M        38M       290M
-/+ buffers/cache:       2.1G       1.7G
Swap:         8.0G         0B       8.0G

             total       used       free     shared    buffers     cached
Mem:          3.9G       2.5G       1.4G       1.5M        38M       290M
-/+ buffers/cache:       2.1G       1.7G
Swap:         8.0G         0B       8.0G

             total       used       free     shared    buffers     cached
Mem:          3.9G       2.5G       1.4G       1.5M        38M       290M
-/+ buffers/cache:       2.2G       1.7G
Swap:         8.0G         0B       8.0G

             total       used       free     shared    buffers     cached
Mem:          3.9G       2.5G       1.4G       1.5M        38M       290M
-/+ buffers/cache:       2.2G       1.7G
Swap:         8.0G         0B       8.0G

             total       used       free     shared    buffers     cached
Mem:          3.9G       2.5G       1.3G       1.5M        38M       290M
-/+ buffers/cache:       2.2G       1.7G
Swap:         8.0G         0B       8.0G

             total       used       free     shared    buffers     cached
Mem:          3.9G       2.5G       1.3G       1.5M        38M       290M
-/+ buffers/cache:       2.2G       1.7G
Swap:         8.0G         0B       8.0G

             total       used       free     shared    buffers     cached
Mem:          3.9G       2.5G       1.3G       1.5M        38M       290M
-/+ buffers/cache:       2.2G       1.6G
Swap:         8.0G         0B       8.0G

             total       used       free     shared    buffers     cached
Mem:          3.9G       2.6G       1.3G       1.5M        38M       290M
-/+ buffers/cache:       2.2G       1.6G
Swap:         8.0G         0B       8.0G

             total       used       free     shared    buffers     cached
Mem:          3.9G       2.6G       1.3G       1.5M        38M       290M
-/+ buffers/cache:       2.3G       1.6G
Swap:         8.0G         0B       8.0G

             total       used       free     shared    buffers     cached
Mem:          3.9G       2.6G       1.3G       1.5M        38M       290M
-/+ buffers/cache:       2.3G       1.6G
Swap:         8.0G         0B       8.0G

             total       used       free     shared    buffers     cached
Mem:          3.9G       2.6G       1.2G       1.5M        38M       290M
-/+ buffers/cache:       2.3G       1.6G
Swap:         8.0G         0B       8.0G

             total       used       free     shared    buffers     cached
Mem:          3.9G       2.6G       1.2G       1.5M        38M       290M
-/+ buffers/cache:       2.3G       1.5G
Swap:         8.0G         0B       8.0G

             total       used       free     shared    buffers     cached
Mem:          3.9G       2.6G       1.2G       1.5M        38M       290M
-/+ buffers/cache:       2.3G       1.5G
Swap:         8.0G         0B       8.0G

             total       used       free     shared    buffers     cached
Mem:          3.9G       2.7G       1.2G       1.5M        38M       290M
-/+ buffers/cache:       2.3G       1.5G
Swap:         8.0G         0B       8.0G

             total       used       free     shared    buffers     cached
Mem:          3.9G       2.7G       1.2G       1.5M        38M       290M
-/+ buffers/cache:       2.4G       1.5G
Swap:         8.0G         0B       8.0G

             total       used       free     shared    buffers     cached
Mem:          3.9G       2.7G       1.2G       1.5M        38M       290M
-/+ buffers/cache:       2.4G       1.5G
Swap:         8.0G         0B       8.0G

             total       used       free     shared    buffers     cached
Mem:          3.9G       2.7G       1.1G       1.5M        38M       290M
-/+ buffers/cache:       2.4G       1.5G
Swap:         8.0G         0B       8.0G

             total       used       free     shared    buffers     cached
Mem:          3.9G       2.7G       1.1G       1.5M        38M       290M
-/+ buffers/cache:       2.4G       1.4G
Swap:         8.0G         0B       8.0G

             total       used       free     shared    buffers     cached
Mem:          3.9G       2.8G       1.1G       1.5M        38M       290M
-/+ buffers/cache:       2.4G       1.4G
Swap:         8.0G         0B       8.0G

             total       used       free     shared    buffers     cached
Mem:          3.9G       2.8G       1.1G       1.5M        38M       290M
-/+ buffers/cache:       2.5G       1.4G
Swap:         8.0G         0B       8.0G

             total       used       free     shared    buffers     cached
Mem:          3.9G       2.8G       1.1G       1.5M        38M       290M
-/+ buffers/cache:       2.5G       1.4G
Swap:         8.0G         0B       8.0G

             total       used       free     shared    buffers     cached
Mem:          3.9G       2.8G       1.0G       1.5M        38M       290M
-/+ buffers/cache:       2.5G       1.4G
Swap:         8.0G         0B       8.0G

             total       used       free     shared    buffers     cached
Mem:          3.9G       2.8G       1.0G       1.5M        38M       290M
-/+ buffers/cache:       2.5G       1.4G
Swap:         8.0G         0B       8.0G

             total       used       free     shared    buffers     cached
Mem:          3.9G       2.8G       1.0G       1.5M        38M       290M
-/+ buffers/cache:       2.5G       1.3G
Swap:         8.0G         0B       8.0G

             total       used       free     shared    buffers     cached
Mem:          3.9G       2.9G       1.0G       1.5M        38M       290M
-/+ buffers/cache:       2.5G       1.3G
Swap:         8.0G         0B       8.0G

             total       used       free     shared    buffers     cached
Mem:          3.9G       2.9G       1.0G       1.5M        38M       290M
-/+ buffers/cache:       2.6G       1.3G
Swap:         8.0G         0B       8.0G

             total       used       free     shared    buffers     cached
Mem:          3.9G       2.9G       982M       1.5M        38M       290M
-/+ buffers/cache:       2.6G       1.3G
Swap:         8.0G         0B       8.0G

             total       used       free     shared    buffers     cached
Mem:          3.9G       2.9G       963M       1.5M        38M       290M
-/+ buffers/cache:       2.6G       1.3G
Swap:         8.0G         0B       8.0G

             total       used       free     shared    buffers     cached
Mem:          3.9G       2.9G       946M       1.5M        38M       290M
-/+ buffers/cache:       2.6G       1.2G
Swap:         8.0G         0B       8.0G

             total       used       free     shared    buffers     cached
Mem:          3.9G       3.0G       926M       1.5M        38M       290M
-/+ buffers/cache:       2.6G       1.2G
Swap:         8.0G         0B       8.0G

             total       used       free     shared    buffers     cached
Mem:          3.9G       3.0G       909M       1.5M        38M       290M
-/+ buffers/cache:       2.6G       1.2G
Swap:         8.0G         0B       8.0G

             total       used       free     shared    buffers     cached
Mem:          3.9G       3.0G       892M       1.5M        38M       290M
-/+ buffers/cache:       2.7G       1.2G
Swap:         8.0G         0B       8.0G

             total       used       free     shared    buffers     cached
Mem:          3.9G       3.0G       876M       1.5M        38M       290M
-/+ buffers/cache:       2.7G       1.2G
Swap:         8.0G         0B       8.0G

             total       used       free     shared    buffers     cached
Mem:          3.9G       3.0G       861M       1.5M        38M       290M
-/+ buffers/cache:       2.7G       1.2G
Swap:         8.0G         0B       8.0G

             total       used       free     shared    buffers     cached
Mem:          3.9G       3.0G       849M       1.5M        38M       290M
-/+ buffers/cache:       2.7G       1.2G
Swap:         8.0G         0B       8.0G

             total       used       free     shared    buffers     cached
Mem:          3.9G       3.0G       838M       1.5M        38M       290M
-/+ buffers/cache:       2.7G       1.1G
Swap:         8.0G         0B       8.0G

             total       used       free     shared    buffers     cached
Mem:          3.9G       3.1G       827M       1.5M        38M       290M
-/+ buffers/cache:       2.7G       1.1G
Swap:         8.0G         0B       8.0G

             total       used       free     shared    buffers     cached
Mem:          3.9G       3.1G       816M       1.5M        38M       290M
-/+ buffers/cache:       2.7G       1.1G
Swap:         8.0G         0B       8.0G

             total       used       free     shared    buffers     cached
Mem:          3.9G       3.1G       805M       1.5M        38M       290M
-/+ buffers/cache:       2.8G       1.1G
Swap:         8.0G         0B       8.0G

             total       used       free     shared    buffers     cached
Mem:          3.9G       3.1G       792M       1.5M        38M       290M
-/+ buffers/cache:       2.8G       1.1G
Swap:         8.0G         0B       8.0G

             total       used       free     shared    buffers     cached
Mem:          3.9G       3.1G       781M       1.5M        38M       290M
-/+ buffers/cache:       2.8G       1.1G
Swap:         8.0G         0B       8.0G

             total       used       free     shared    buffers     cached
Mem:          3.9G       3.1G       770M       1.5M        38M       290M
-/+ buffers/cache:       2.8G       1.1G
Swap:         8.0G         0B       8.0G

             total       used       free     shared    buffers     cached
Mem:          3.9G       3.1G       759M       1.5M        38M       290M
-/+ buffers/cache:       2.8G       1.1G
Swap:         8.0G         0B       8.0G

             total       used       free     shared    buffers     cached
Mem:          3.9G       3.1G       747M       1.5M        38M       290M
-/+ buffers/cache:       2.8G       1.1G
Swap:         8.0G         0B       8.0G

             total       used       free     shared    buffers     cached
Mem:          3.9G       3.1G       737M       1.5M        38M       290M
-/+ buffers/cache:       2.8G       1.0G
Swap:         8.0G         0B       8.0G

             total       used       free     shared    buffers     cached
Mem:          3.9G       3.2G       725M       1.5M        38M       290M
-/+ buffers/cache:       2.8G       1.0G
Swap:         8.0G         0B       8.0G

             total       used       free     shared    buffers     cached
Mem:          3.9G       3.2G       713M       1.5M        38M       290M
-/+ buffers/cache:       2.8G       1.0G
Swap:         8.0G         0B       8.0G

             total       used       free     shared    buffers     cached
Mem:          3.9G       3.2G       702M       1.5M        38M       290M
-/+ buffers/cache:       2.9G       1.0G
Swap:         8.0G         0B       8.0G

             total       used       free     shared    buffers     cached
Mem:          3.9G       3.2G       690M       1.5M        38M       290M
-/+ buffers/cache:       2.9G       1.0G
Swap:         8.0G         0B       8.0G

             total       used       free     shared    buffers     cached
Mem:          3.9G       3.2G       680M       1.5M        38M       290M
-/+ buffers/cache:       2.9G       1.0G
Swap:         8.0G         0B       8.0G

             total       used       free     shared    buffers     cached
Mem:          3.9G       3.2G       669M       1.5M        38M       290M
-/+ buffers/cache:       2.9G       998M
Swap:         8.0G         0B       8.0G

             total       used       free     shared    buffers     cached
Mem:          3.9G       3.2G       657M       1.5M        38M       290M
-/+ buffers/cache:       2.9G       986M
Swap:         8.0G         0B       8.0G

             total       used       free     shared    buffers     cached
Mem:          3.9G       3.2G       646M       1.5M        38M       290M
-/+ buffers/cache:       2.9G       975M
Swap:         8.0G         0B       8.0G

             total       used       free     shared    buffers     cached
Mem:          3.9G       3.2G       636M       1.5M        38M       290M
-/+ buffers/cache:       2.9G       965M
Swap:         8.0G         0B       8.0G

             total       used       free     shared    buffers     cached
Mem:          3.9G       3.2G       624M       1.5M        38M       290M
-/+ buffers/cache:       2.9G       954M
Swap:         8.0G         0B       8.0G

             total       used       free     shared    buffers     cached
Mem:          3.9G       3.3G       614M       1.5M        38M       290M
-/+ buffers/cache:       2.9G       944M
Swap:         8.0G         0B       8.0G

             total       used       free     shared    buffers     cached
Mem:          3.9G       3.3G       603M       1.5M        38M       290M
-/+ buffers/cache:       2.9G       932M
Swap:         8.0G         0B       8.0G

             total       used       free     shared    buffers     cached
Mem:          3.9G       3.3G       593M       1.5M        38M       290M
-/+ buffers/cache:       3.0G       922M
Swap:         8.0G         0B       8.0G

             total       used       free     shared    buffers     cached
Mem:          3.9G       3.3G       582M       1.5M        38M       290M
-/+ buffers/cache:       3.0G       911M
Swap:         8.0G         0B       8.0G

             total       used       free     shared    buffers     cached
Mem:          3.9G       3.3G       572M       1.5M        38M       290M
-/+ buffers/cache:       3.0G       901M
Swap:         8.0G         0B       8.0G

             total       used       free     shared    buffers     cached
Mem:          3.9G       3.3G       561M       1.5M        38M       290M
-/+ buffers/cache:       3.0G       890M
Swap:         8.0G         0B       8.0G

             total       used       free     shared    buffers     cached
Mem:          3.9G       3.3G       551M       1.5M        38M       290M
-/+ buffers/cache:       3.0G       881M
Swap:         8.0G         0B       8.0G

             total       used       free     shared    buffers     cached
Mem:          3.9G       3.3G       540M       1.5M        38M       290M
-/+ buffers/cache:       3.0G       870M
Swap:         8.0G         0B       8.0G

             total       used       free     shared    buffers     cached
Mem:          3.9G       3.3G       529M       1.5M        38M       290M
-/+ buffers/cache:       3.0G       858M
Swap:         8.0G         0B       8.0G

             total       used       free     shared    buffers     cached
Mem:          3.9G       3.4G       518M       1.5M        38M       290M
-/+ buffers/cache:       3.0G       847M
Swap:         8.0G         0B       8.0G

             total       used       free     shared    buffers     cached
Mem:          3.9G       3.4G       505M       1.5M        38M       290M
-/+ buffers/cache:       3.0G       834M
Swap:         8.0G         0B       8.0G

             total       used       free     shared    buffers     cached
Mem:          3.9G       3.4G       495M       1.5M        38M       290M
-/+ buffers/cache:       3.1G       824M
Swap:         8.0G         0B       8.0G

             total       used       free     shared    buffers     cached
Mem:          3.9G       3.4G       480M       1.5M        38M       290M
-/+ buffers/cache:       3.1G       809M
Swap:         8.0G         0B       8.0G

             total       used       free     shared    buffers     cached
Mem:          3.9G       3.4G       464M       1.5M        38M       290M
-/+ buffers/cache:       3.1G       793M
Swap:         8.0G         0B       8.0G

             total       used       free     shared    buffers     cached
Mem:          3.9G       3.4G       448M       1.5M        38M       290M
-/+ buffers/cache:       3.1G       777M
Swap:         8.0G         0B       8.0G

             total       used       free     shared    buffers     cached
Mem:          3.9G       3.4G       431M       1.5M        38M       290M
-/+ buffers/cache:       3.1G       760M
Swap:         8.0G         0B       8.0G

             total       used       free     shared    buffers     cached
Mem:          3.9G       3.5G       414M       1.5M        38M       290M
-/+ buffers/cache:       3.1G       743M
Swap:         8.0G         0B       8.0G

             total       used       free     shared    buffers     cached
Mem:          3.9G       3.5G       396M       1.5M        38M       290M
-/+ buffers/cache:       3.2G       725M
Swap:         8.0G         0B       8.0G

             total       used       free     shared    buffers     cached
Mem:          3.9G       3.5G       380M       1.5M        38M       290M
-/+ buffers/cache:       3.2G       709M
Swap:         8.0G         0B       8.0G

             total       used       free     shared    buffers     cached
Mem:          3.9G       3.5G       363M       1.5M        38M       290M
-/+ buffers/cache:       3.2G       692M
Swap:         8.0G         0B       8.0G

             total       used       free     shared    buffers     cached
Mem:          3.9G       3.5G       346M       1.5M        38M       290M
-/+ buffers/cache:       3.2G       675M
Swap:         8.0G         0B       8.0G

             total       used       free     shared    buffers     cached
Mem:          3.9G       3.5G       329M       1.5M        38M       290M
-/+ buffers/cache:       3.2G       658M
Swap:         8.0G         0B       8.0G

             total       used       free     shared    buffers     cached
Mem:          3.9G       3.6G       314M       1.5M        38M       290M
-/+ buffers/cache:       3.2G       643M
Swap:         8.0G         0B       8.0G

             total       used       free     shared    buffers     cached
Mem:          3.9G       3.6G       298M       1.5M        38M       290M
-/+ buffers/cache:       3.2G       627M
Swap:         8.0G         0B       8.0G

             total       used       free     shared    buffers     cached
Mem:          3.9G       3.6G       282M       1.5M        38M       290M
-/+ buffers/cache:       3.3G       611M
Swap:         8.0G         0B       8.0G

             total       used       free     shared    buffers     cached
Mem:          3.9G       3.6G       266M       1.5M        38M       290M
-/+ buffers/cache:       3.3G       595M
Swap:         8.0G         0B       8.0G

             total       used       free     shared    buffers     cached
Mem:          3.9G       3.6G       251M       1.5M        38M       290M
-/+ buffers/cache:       3.3G       580M
Swap:         8.0G         0B       8.0G

             total       used       free     shared    buffers     cached
Mem:          3.9G       3.6G       236M       1.5M        38M       290M
-/+ buffers/cache:       3.3G       565M
Swap:         8.0G         0B       8.0G

             total       used       free     shared    buffers     cached
Mem:          3.9G       3.6G       220M       1.5M        38M       290M
-/+ buffers/cache:       3.3G       549M
Swap:         8.0G         0B       8.0G

             total       used       free     shared    buffers     cached
Mem:          3.9G       3.7G       204M       1.5M        38M       290M
-/+ buffers/cache:       3.3G       533M
Swap:         8.0G         0B       8.0G

             total       used       free     shared    buffers     cached
Mem:          3.9G       3.7G       189M       1.5M        38M       290M
-/+ buffers/cache:       3.4G       518M
Swap:         8.0G         0B       8.0G

             total       used       free     shared    buffers     cached
Mem:          3.9G       3.7G       174M       1.5M        38M       290M
-/+ buffers/cache:       3.4G       503M
Swap:         8.0G         0B       8.0G

             total       used       free     shared    buffers     cached
Mem:          3.9G       3.7G       157M       1.5M        38M       290M
-/+ buffers/cache:       3.4G       486M
Swap:         8.0G         0B       8.0G

             total       used       free     shared    buffers     cached
Mem:          3.9G       3.7G       139M       1.5M        38M       290M
-/+ buffers/cache:       3.4G       468M
Swap:         8.0G         0B       8.0G

             total       used       free     shared    buffers     cached
Mem:          3.9G       3.7G       123M       1.5M        38M       290M
-/+ buffers/cache:       3.4G       452M
Swap:         8.0G         0B       8.0G

             total       used       free     shared    buffers     cached
Mem:          3.9G       3.8G       106M       1.5M        38M       290M
-/+ buffers/cache:       3.4G       435M
Swap:         8.0G         0B       8.0G

             total       used       free     shared    buffers     cached
Mem:          3.9G       3.7G       111M       1.5M        17M       288M
-/+ buffers/cache:       3.5G       417M
Swap:         8.0G         0B       8.0G

             total       used       free     shared    buffers     cached
Mem:          3.9G       3.7G       121M       1.5M        10M       271M
-/+ buffers/cache:       3.5G       403M
Swap:         8.0G         0B       8.0G

             total       used       free     shared    buffers     cached
Mem:          3.9G       3.8G       104M       1.5M        10M       271M
-/+ buffers/cache:       3.5G       386M
Swap:         8.0G         0B       8.0G

             total       used       free     shared    buffers     cached
Mem:          3.9G       3.7G       120M       1.3M       9.9M       241M
-/+ buffers/cache:       3.5G       371M
Swap:         8.0G       1.4M       8.0G

             total       used       free     shared    buffers     cached
Mem:          3.9G       3.8G       104M       1.3M       9.9M       241M
-/+ buffers/cache:       3.5G       355M
Swap:         8.0G       1.4M       8.0G

             total       used       free     shared    buffers     cached
Mem:          3.9G       3.7G       148M       1.1M       2.4M       195M
-/+ buffers/cache:       3.5G       346M
Swap:         8.0G        13M       8.0G

             total       used       free     shared    buffers     cached
Mem:          3.9G       3.7G       133M       1.1M       2.4M       195M
-/+ buffers/cache:       3.5G       331M
Swap:         8.0G        13M       8.0G

             total       used       free     shared    buffers     cached
Mem:          3.9G       3.7G       117M       1.1M       2.4M       195M
-/+ buffers/cache:       3.6G       315M
Swap:         8.0G        13M       8.0G

             total       used       free     shared    buffers     cached
Mem:          3.9G       3.7G       124M       1.1M       552K       173M
-/+ buffers/cache:       3.6G       299M
Swap:         8.0G        13M       8.0G

             total       used       free     shared    buffers     cached
Mem:          3.9G       3.8G       108M       1.1M       552K       173M
-/+ buffers/cache:       3.6G       282M
Swap:         8.0G        13M       8.0G

             total       used       free     shared    buffers     cached
Mem:          3.9G       3.7G       116M       1.1M       484K       148M
-/+ buffers/cache:       3.6G       265M
Swap:         8.0G        13M       8.0G

             total       used       free     shared    buffers     cached
Mem:          3.9G       3.7G       135M       1.1M        76K       114M
-/+ buffers/cache:       3.6G       250M
Swap:         8.0G        13M       8.0G

             total       used       free     shared    buffers     cached
Mem:          3.9G       3.7G       118M       1.1M        76K       114M
-/+ buffers/cache:       3.6G       233M
Swap:         8.0G        13M       8.0G

             total       used       free     shared    buffers     cached
Mem:          3.9G       3.7G       127M       1.1M        88K        90M
-/+ buffers/cache:       3.6G       218M
Swap:         8.0G        13M       8.0G

             total       used       free     shared    buffers     cached
Mem:          3.9G       3.7G       114M       1.1M        92K        88M
-/+ buffers/cache:       3.7G       203M
Swap:         8.0G        13M       8.0G

             total       used       free     shared    buffers     cached
Mem:          3.9G       3.7G       127M       1.1M        92K        60M
-/+ buffers/cache:       3.7G       187M
Swap:         8.0G        13M       8.0G

             total       used       free     shared    buffers     cached
Mem:          3.9G       3.7G       113M       1.1M        92K        60M
-/+ buffers/cache:       3.7G       174M
Swap:         8.0G        13M       8.0G

             total       used       free     shared    buffers     cached
Mem:          3.9G       3.7G       123M       1.1M       512K        35M
-/+ buffers/cache:       3.7G       160M
Swap:         8.0G        13M       8.0G

             total       used       free     shared    buffers     cached
Mem:          3.9G       3.8G       106M       1.1M       652K        36M
-/+ buffers/cache:       3.7G       143M
Swap:         8.0G        13M       8.0G

             total       used       free     shared    buffers     cached
Mem:          3.9G       3.7G       112M       1.1M       652K        13M
-/+ buffers/cache:       3.7G       126M
Swap:         8.0G        13M       8.0G

             total       used       free     shared    buffers     cached
Mem:          3.9G       3.7G       121M       1.0M       244K       4.3M
-/+ buffers/cache:       3.7G       126M
Swap:         8.0G        34M       8.0G

             total       used       free     shared    buffers     cached
Mem:          3.9G       3.7G       117M       744K       460K       7.6M
-/+ buffers/cache:       3.7G       125M
Swap:         8.0G        50M       7.9G

             total       used       free     shared    buffers     cached
Mem:          3.9G       3.8G       108M       724K       464K       7.7M
-/+ buffers/cache:       3.7G       117M
Swap:         8.0G        50M       7.9G

             total       used       free     shared    buffers     cached
Mem:          3.9G       3.7G       119M       724K        84K        19M
-/+ buffers/cache:       3.7G       139M
Swap:         8.0G        97M       7.9G

             total       used       free     shared    buffers     cached
Mem:          3.9G       3.8G       103M       696K        92K        20M
-/+ buffers/cache:       3.7G       124M
Swap:         8.0G        96M       7.9G

             total       used       free     shared    buffers     cached
Mem:          3.9G       3.7G       118M       692K       100K        19M
-/+ buffers/cache:       3.7G       138M
Swap:         8.0G       117M       7.9G

             total       used       free     shared    buffers     cached
Mem:          3.9G       3.7G       160M       616K        84K        20M
-/+ buffers/cache:       3.7G       180M
Swap:         8.0G       184M       7.8G

             total       used       free     shared    buffers     cached
Mem:          3.9G       3.7G       158M       592K       780K        20M
-/+ buffers/cache:       3.7G       180M
Swap:         8.0G       184M       7.8G

             total       used       free     shared    buffers     cached
Mem:          3.9G       3.7G       157M       592K       780K        20M
-/+ buffers/cache:       3.7G       178M
Swap:         8.0G       184M       7.8G

             total       used       free     shared    buffers     cached
Mem:          3.9G       3.7G       156M       592K       780K        20M
-/+ buffers/cache:       3.7G       177M
Swap:         8.0G       184M       7.8G

             total       used       free     shared    buffers     cached
Mem:          3.9G       3.7G       154M       592K       780K        20M
-/+ buffers/cache:       3.7G       176M
Swap:         8.0G       184M       7.8G

             total       used       free     shared    buffers     cached
Mem:          3.9G       3.7G       153M       592K       788K        20M
-/+ buffers/cache:       3.7G       174M
Swap:         8.0G       184M       7.8G

             total       used       free     shared    buffers     cached
Mem:          3.9G       3.7G       151M       592K       788K        20M
-/+ buffers/cache:       3.7G       172M
Swap:         8.0G       184M       7.8G

             total       used       free     shared    buffers     cached
Mem:          3.9G       3.7G       149M       592K       788K        20M
-/+ buffers/cache:       3.7G       170M
Swap:         8.0G       184M       7.8G

             total       used       free     shared    buffers     cached
Mem:          3.9G       3.8G       110M       640K       2.4M        45M
-/+ buffers/cache:       3.7G       158M
Swap:         8.0G       180M       7.8G

             total       used       free     shared    buffers     cached
Mem:          3.9G       3.7G       141M       4.3M       4.9M        65M
-/+ buffers/cache:       3.7G       212M
Swap:         8.0G       230M       7.8G

             total       used       free     shared    buffers     cached
Mem:          3.9G       3.7G       131M       632K       5.2M        65M
-/+ buffers/cache:       3.7G       201M
Swap:         8.0G       225M       7.8G

             total       used       free     shared    buffers     cached
Mem:          3.9G       3.7G       125M       632K       5.2M        65M
-/+ buffers/cache:       3.7G       196M
Swap:         8.0G       220M       7.8G

             total       used       free     shared    buffers     cached
Mem:          3.9G       3.7G       119M       632K       5.2M        65M
-/+ buffers/cache:       3.7G       190M
Swap:         8.0G       219M       7.8G

             total       used       free     shared    buffers     cached
Mem:          3.9G       3.7G       126M       632K       5.2M        65M
-/+ buffers/cache:       3.7G       196M
Swap:         8.0G       219M       7.8G

             total       used       free     shared    buffers     cached
Mem:          3.9G       3.8G       108M       632K       5.2M        65M
-/+ buffers/cache:       3.7G       178M
Swap:         8.0G       219M       7.8G

             total       used       free     shared    buffers     cached
Mem:          3.9G       3.8G       108M       632K       3.2M        52M
-/+ buffers/cache:       3.7G       164M
Swap:         8.0G       219M       7.8G

             total       used       free     shared    buffers     cached
Mem:          3.9G       3.7G       113M       632K       188K        34M
-/+ buffers/cache:       3.7G       148M
Swap:         8.0G       219M       7.8G

             total       used       free     shared    buffers     cached
Mem:          3.9G       3.7G       119M       632K       592K        11M
-/+ buffers/cache:       3.7G       131M
Swap:         8.0G       219M       7.8G

             total       used       free     shared    buffers     cached
Mem:          3.9G       3.7G       115M       632K        80K       2.1M
-/+ buffers/cache:       3.7G       117M
Swap:         8.0G       225M       7.8G

             total       used       free     shared    buffers     cached
Mem:          3.9G       3.7G       126M       624K       448K        13M
-/+ buffers/cache:       3.7G       140M
Swap:         8.0G       272M       7.7G

             total       used       free     shared    buffers     cached
Mem:          3.9G       3.7G       114M       624K       460K        13M
-/+ buffers/cache:       3.7G       128M
Swap:         8.0G       272M       7.7G

             total       used       free     shared    buffers     cached
Mem:          3.9G       3.8G       103M       624K       460K        13M
-/+ buffers/cache:       3.7G       118M
Swap:         8.0G       272M       7.7G

             total       used       free     shared    buffers     cached
Mem:          3.9G       3.7G       112M       624K       460K        13M
-/+ buffers/cache:       3.7G       126M
Swap:         8.0G       281M       7.7G

             total       used       free     shared    buffers     cached
Mem:          3.9G       3.7G       112M       624K       460K        13M
-/+ buffers/cache:       3.7G       126M
Swap:         8.0G       281M       7.7G

             total       used       free     shared    buffers     cached
Mem:          3.9G       3.8G       109M       624K       460K        16M
-/+ buffers/cache:       3.7G       126M
Swap:         8.0G       281M       7.7G

             total       used       free     shared    buffers     cached
Mem:          3.9G       3.8G       108M       624K       468K        16M
-/+ buffers/cache:       3.7G       125M
Swap:         8.0G       281M       7.7G

             total       used       free     shared    buffers     cached
Mem:          3.9G       3.8G       108M       624K       476K        16M
-/+ buffers/cache:       3.7G       125M
Swap:         8.0G       281M       7.7G

             total       used       free     shared    buffers     cached
Mem:          3.9G       3.8G       107M       624K       476K        16M
-/+ buffers/cache:       3.7G       124M
Swap:         8.0G       281M       7.7G

             total       used       free     shared    buffers     cached
Mem:          3.9G       3.8G       107M       624K       476K        16M
-/+ buffers/cache:       3.7G       124M
Swap:         8.0G       281M       7.7G

             total       used       free     shared    buffers     cached
Mem:          3.9G       3.8G       107M       624K       476K        16M
-/+ buffers/cache:       3.7G       124M
Swap:         8.0G       281M       7.7G

             total       used       free     shared    buffers     cached
Mem:          3.9G       3.8G       106M       624K       476K        16M
-/+ buffers/cache:       3.7G       123M
Swap:         8.0G       281M       7.7G

             total       used       free     shared    buffers     cached
Mem:          3.9G       3.8G       106M       624K       484K        16M
-/+ buffers/cache:       3.7G       123M
Swap:         8.0G       281M       7.7G

             total       used       free     shared    buffers     cached
Mem:          3.9G       3.8G       105M       624K       484K        16M
-/+ buffers/cache:       3.7G       122M
Swap:         8.0G       281M       7.7G

             total       used       free     shared    buffers     cached
Mem:          3.9G       3.8G       105M       624K       484K        16M
-/+ buffers/cache:       3.7G       122M
Swap:         8.0G       280M       7.7G

             total       used       free     shared    buffers     cached
Mem:          3.9G       3.8G       104M       624K       484K        16M
-/+ buffers/cache:       3.7G       122M
Swap:         8.0G       280M       7.7G

             total       used       free     shared    buffers     cached
Mem:          3.9G       3.8G       104M       624K       484K        16M
-/+ buffers/cache:       3.7G       121M
Swap:         8.0G       280M       7.7G

             total       used       free     shared    buffers     cached
Mem:          3.9G       3.8G       104M       624K       484K        16M
-/+ buffers/cache:       3.7G       121M
Swap:         8.0G       280M       7.7G

             total       used       free     shared    buffers     cached
Mem:          3.9G       3.8G       103M       624K       492K        16M
-/+ buffers/cache:       3.7G       120M
Swap:         8.0G       280M       7.7G

             total       used       free     shared    buffers     cached
Mem:          3.9G       3.7G       137M       624K       492K        13M
-/+ buffers/cache:       3.7G       151M
Swap:         8.0G       339M       7.7G

             total       used       free     shared    buffers     cached
Mem:          3.9G       3.7G       137M       624K       492K        13M
-/+ buffers/cache:       3.7G       151M
Swap:         8.0G       339M       7.7G

             total       used       free     shared    buffers     cached
Mem:          3.9G       3.7G       136M       624K       492K        13M
-/+ buffers/cache:       3.7G       150M
Swap:         8.0G       339M       7.7G

             total       used       free     shared    buffers     cached
Mem:          3.9G       3.7G       136M       624K       492K        13M
-/+ buffers/cache:       3.7G       150M
Swap:         8.0G       339M       7.7G

             total       used       free     shared    buffers     cached
Mem:          3.9G       3.7G       135M       624K       500K        13M
-/+ buffers/cache:       3.7G       149M
Swap:         8.0G       339M       7.7G

             total       used       free     shared    buffers     cached
Mem:          3.9G       3.7G       126M       624K       1.9M        19M
-/+ buffers/cache:       3.7G       147M
Swap:         8.0G       339M       7.7G

             total       used       free     shared    buffers     cached
Mem:          3.9G       3.7G       161M       672K       6.0M        33M
-/+ buffers/cache:       3.7G       200M
Swap:         8.0G       386M       7.6G
