             total       used       free     shared    buffers     cached
Mem:          992M       657M       334M       3.2M        38M       289M
-/+ buffers/cache:       330M       662M
Swap:         8.0G         0B       8.0G

             total       used       free     shared    buffers     cached
Mem:          992M       657M       334M       1.4M        38M       287M
-/+ buffers/cache:       330M       661M
Swap:         8.0G         0B       8.0G

             total       used       free     shared    buffers     cached
Mem:          992M       657M       334M       1.4M        38M       287M
-/+ buffers/cache:       330M       661M
Swap:         8.0G         0B       8.0G

             total       used       free     shared    buffers     cached
Mem:          992M       657M       334M       1.4M        38M       287M
-/+ buffers/cache:       330M       661M
Swap:         8.0G         0B       8.0G

             total       used       free     shared    buffers     cached
Mem:          992M       657M       334M       1.4M        38M       287M
-/+ buffers/cache:       330M       661M
Swap:         8.0G         0B       8.0G

             total       used       free     shared    buffers     cached
Mem:          992M       657M       334M       1.4M        38M       287M
-/+ buffers/cache:       330M       661M
Swap:         8.0G         0B       8.0G

             total       used       free     shared    buffers     cached
Mem:          992M       657M       334M       1.4M        38M       287M
-/+ buffers/cache:       330M       661M
Swap:         8.0G         0B       8.0G

             total       used       free     shared    buffers     cached
Mem:          992M       656M       335M       1.4M        38M       287M
-/+ buffers/cache:       330M       661M
Swap:         8.0G         0B       8.0G

             total       used       free     shared    buffers     cached
Mem:          992M       656M       335M       1.4M        38M       288M
-/+ buffers/cache:       329M       662M
Swap:         8.0G         0B       8.0G

             total       used       free     shared    buffers     cached
Mem:          992M       660M       332M       1.4M        38M       288M
-/+ buffers/cache:       333M       658M
Swap:         8.0G         0B       8.0G

             total       used       free     shared    buffers     cached
Mem:          992M       676M       315M       1.4M        38M       288M
-/+ buffers/cache:       350M       642M
Swap:         8.0G         0B       8.0G

             total       used       free     shared    buffers     cached
Mem:          992M       681M       310M       1.4M        38M       288M
-/+ buffers/cache:       354M       637M
Swap:         8.0G         0B       8.0G

             total       used       free     shared    buffers     cached
Mem:          992M       665M       326M       1.4M        38M       289M
-/+ buffers/cache:       338M       654M
Swap:         8.0G         0B       8.0G

             total       used       free     shared    buffers     cached
Mem:          992M       665M       326M       1.4M        38M       289M
-/+ buffers/cache:       337M       654M
Swap:         8.0G         0B       8.0G

             total       used       free     shared    buffers     cached
Mem:          992M       668M       324M       1.4M        38M       289M
-/+ buffers/cache:       339M       652M
Swap:         8.0G         0B       8.0G

             total       used       free     shared    buffers     cached
Mem:          992M       666M       325M       1.4M        38M       289M
-/+ buffers/cache:       338M       654M
Swap:         8.0G         0B       8.0G

             total       used       free     shared    buffers     cached
Mem:          992M       666M       325M       1.4M        38M       289M
-/+ buffers/cache:       338M       654M
Swap:         8.0G         0B       8.0G

             total       used       free     shared    buffers     cached
Mem:          992M       666M       325M       1.4M        38M       289M
-/+ buffers/cache:       338M       654M
Swap:         8.0G         0B       8.0G

             total       used       free     shared    buffers     cached
Mem:          992M       666M       325M       1.4M        38M       289M
-/+ buffers/cache:       338M       654M
Swap:         8.0G         0B       8.0G

             total       used       free     shared    buffers     cached
Mem:          992M       666M       325M       1.4M        38M       289M
-/+ buffers/cache:       338M       654M
Swap:         8.0G         0B       8.0G

             total       used       free     shared    buffers     cached
Mem:          992M       666M       325M       1.4M        38M       289M
-/+ buffers/cache:       338M       654M
Swap:         8.0G         0B       8.0G

             total       used       free     shared    buffers     cached
Mem:          992M       666M       325M       1.4M        38M       289M
-/+ buffers/cache:       338M       653M
Swap:         8.0G         0B       8.0G

             total       used       free     shared    buffers     cached
Mem:          992M       666M       325M       1.4M        38M       289M
-/+ buffers/cache:       338M       653M
Swap:         8.0G         0B       8.0G

             total       used       free     shared    buffers     cached
Mem:          992M       666M       325M       1.4M        38M       289M
-/+ buffers/cache:       338M       653M
Swap:         8.0G         0B       8.0G

             total       used       free     shared    buffers     cached
Mem:          992M       666M       325M       1.4M        38M       289M
-/+ buffers/cache:       338M       653M
Swap:         8.0G         0B       8.0G

             total       used       free     shared    buffers     cached
Mem:          992M       666M       325M       1.4M        38M       289M
-/+ buffers/cache:       338M       654M
Swap:         8.0G         0B       8.0G

             total       used       free     shared    buffers     cached
Mem:          992M       666M       325M       1.4M        38M       289M
-/+ buffers/cache:       338M       654M
Swap:         8.0G         0B       8.0G

             total       used       free     shared    buffers     cached
Mem:          992M       666M       325M       1.4M        38M       289M
-/+ buffers/cache:       338M       654M
Swap:         8.0G         0B       8.0G

             total       used       free     shared    buffers     cached
Mem:          992M       666M       325M       1.4M        38M       289M
-/+ buffers/cache:       338M       654M
Swap:         8.0G         0B       8.0G

             total       used       free     shared    buffers     cached
Mem:          992M       666M       325M       1.4M        38M       289M
-/+ buffers/cache:       338M       654M
Swap:         8.0G         0B       8.0G

             total       used       free     shared    buffers     cached
Mem:          992M       666M       325M       1.4M        38M       289M
-/+ buffers/cache:       338M       654M
Swap:         8.0G         0B       8.0G

             total       used       free     shared    buffers     cached
Mem:          992M       666M       325M       1.4M        38M       289M
-/+ buffers/cache:       338M       654M
Swap:         8.0G         0B       8.0G

             total       used       free     shared    buffers     cached
Mem:          992M       666M       325M       1.4M        38M       289M
-/+ buffers/cache:       338M       654M
Swap:         8.0G         0B       8.0G

             total       used       free     shared    buffers     cached
Mem:          992M       672M       319M       1.4M        38M       289M
-/+ buffers/cache:       344M       647M
Swap:         8.0G         0B       8.0G

             total       used       free     shared    buffers     cached
Mem:          992M       690M       302M       1.4M        38M       289M
-/+ buffers/cache:       361M       630M
Swap:         8.0G         0B       8.0G

             total       used       free     shared    buffers     cached
Mem:          992M       706M       285M       1.4M        38M       289M
-/+ buffers/cache:       378M       613M
Swap:         8.0G         0B       8.0G

             total       used       free     shared    buffers     cached
Mem:          992M       722M       269M       1.4M        38M       289M
-/+ buffers/cache:       394M       597M
Swap:         8.0G         0B       8.0G

             total       used       free     shared    buffers     cached
Mem:          992M       738M       253M       1.4M        38M       289M
-/+ buffers/cache:       410M       581M
Swap:         8.0G         0B       8.0G

             total       used       free     shared    buffers     cached
Mem:          992M       753M       238M       1.4M        38M       289M
-/+ buffers/cache:       425M       566M
Swap:         8.0G         0B       8.0G

             total       used       free     shared    buffers     cached
Mem:          992M       768M       223M       1.4M        38M       289M
-/+ buffers/cache:       440M       551M
Swap:         8.0G         0B       8.0G

             total       used       free     shared    buffers     cached
Mem:          992M       782M       209M       1.4M        38M       289M
-/+ buffers/cache:       454M       538M
Swap:         8.0G         0B       8.0G

             total       used       free     shared    buffers     cached
Mem:          992M       797M       194M       1.4M        38M       289M
-/+ buffers/cache:       469M       523M
Swap:         8.0G         0B       8.0G

             total       used       free     shared    buffers     cached
Mem:          992M       812M       179M       1.4M        38M       289M
-/+ buffers/cache:       484M       508M
Swap:         8.0G         0B       8.0G

             total       used       free     shared    buffers     cached
Mem:          992M       832M       159M       1.4M        38M       289M
-/+ buffers/cache:       504M       488M
Swap:         8.0G         0B       8.0G

             total       used       free     shared    buffers     cached
Mem:          992M       848M       143M       1.4M        38M       289M
-/+ buffers/cache:       520M       471M
Swap:         8.0G         0B       8.0G

             total       used       free     shared    buffers     cached
Mem:          992M       865M       126M       1.4M        38M       289M
-/+ buffers/cache:       537M       454M
Swap:         8.0G         0B       8.0G

             total       used       free     shared    buffers     cached
Mem:          992M       881M       110M       1.4M        38M       289M
-/+ buffers/cache:       553M       438M
Swap:         8.0G         0B       8.0G

             total       used       free     shared    buffers     cached
Mem:          992M       894M        97M       1.4M        38M       289M
-/+ buffers/cache:       566M       425M
Swap:         8.0G         0B       8.0G

             total       used       free     shared    buffers     cached
Mem:          992M       912M        79M       1.4M        38M       289M
-/+ buffers/cache:       584M       407M
Swap:         8.0G         0B       8.0G

             total       used       free     shared    buffers     cached
Mem:          992M       929M        62M       1.4M        38M       289M
-/+ buffers/cache:       601M       390M
Swap:         8.0G         0B       8.0G

             total       used       free     shared    buffers     cached
Mem:          992M       923M        68M       1.4M        18M       288M
-/+ buffers/cache:       617M       375M
Swap:         8.0G         0B       8.0G

             total       used       free     shared    buffers     cached
Mem:          992M       921M        70M       1.4M        10M       279M
-/+ buffers/cache:       632M       360M
Swap:         8.0G         0B       8.0G

             total       used       free     shared    buffers     cached
Mem:          992M       920M        72M       1.3M       9.6M       261M
-/+ buffers/cache:       648M       343M
Swap:         8.0G       268K       8.0G

             total       used       free     shared    buffers     cached
Mem:          992M       916M        75M       1.3M       9.6M       244M
-/+ buffers/cache:       662M       329M
Swap:         8.0G       1.5M       8.0G

             total       used       free     shared    buffers     cached
Mem:          992M       931M        60M       1.3M       9.6M       244M
-/+ buffers/cache:       678M       314M
Swap:         8.0G       1.5M       8.0G

             total       used       free     shared    buffers     cached
Mem:          992M       932M        59M       1.1M       9.7M       231M
-/+ buffers/cache:       691M       301M
Swap:         8.0G       7.6M       8.0G

             total       used       free     shared    buffers     cached
Mem:          992M       914M        77M       1.1M       8.2M       205M
-/+ buffers/cache:       700M       291M
Swap:         8.0G        12M       8.0G

             total       used       free     shared    buffers     cached
Mem:          992M       931M        60M       1.1M       8.2M       205M
-/+ buffers/cache:       717M       274M
Swap:         8.0G        12M       8.0G

             total       used       free     shared    buffers     cached
Mem:          992M       922M        69M       1.1M       1.2M       187M
-/+ buffers/cache:       733M       258M
Swap:         8.0G        12M       8.0G

             total       used       free     shared    buffers     cached
Mem:          992M       912M        79M       1.1M       208K       163M
-/+ buffers/cache:       749M       243M
Swap:         8.0G        12M       8.0G

             total       used       free     shared    buffers     cached
Mem:          992M       928M        63M       1.1M       208K       163M
-/+ buffers/cache:       765M       227M
Swap:         8.0G        12M       8.0G

             total       used       free     shared    buffers     cached
Mem:          992M       921M        70M       1.1M       212K       143M
-/+ buffers/cache:       777M       214M
Swap:         8.0G        12M       8.0G

             total       used       free     shared    buffers     cached
Mem:          992M       933M        59M       1.1M       372K       143M
-/+ buffers/cache:       788M       203M
Swap:         8.0G        12M       8.0G

             total       used       free     shared    buffers     cached
Mem:          992M       930M        61M       1.1M       236K       126M
-/+ buffers/cache:       803M       188M
Swap:         8.0G        12M       8.0G

             total       used       free     shared    buffers     cached
Mem:          992M       929M        62M       1.1M       236K       111M
-/+ buffers/cache:       817M       174M
Swap:         8.0G        12M       8.0G

             total       used       free     shared    buffers     cached
Mem:          992M       930M        61M       1.1M       224K        98M
-/+ buffers/cache:       831M       160M
Swap:         8.0G        12M       8.0G

             total       used       free     shared    buffers     cached
Mem:          992M       921M        70M       1.1M       228K        76M
-/+ buffers/cache:       845M       146M
Swap:         8.0G        12M       8.0G

             total       used       free     shared    buffers     cached
Mem:          992M       919M        72M       1.1M       236K        59M
-/+ buffers/cache:       859M       132M
Swap:         8.0G        12M       8.0G

             total       used       free     shared    buffers     cached
Mem:          992M       920M        71M       1.1M       236K        45M
-/+ buffers/cache:       874M       117M
Swap:         8.0G        12M       8.0G

             total       used       free     shared    buffers     cached
Mem:          992M       932M        59M       1.1M       3.1M        39M
-/+ buffers/cache:       890M       101M
Swap:         8.0G        12M       8.0G

             total       used       free     shared    buffers     cached
Mem:          992M       920M        71M       988K       3.1M        16M
-/+ buffers/cache:       900M        91M
Swap:         8.0G        18M       8.0G

             total       used       free     shared    buffers     cached
Mem:          992M       928M        63M       976K       104K        11M
-/+ buffers/cache:       916M        75M
Swap:         8.0G        19M       8.0G

             total       used       free     shared    buffers     cached
Mem:          992M       933M        58M       976K       236K       3.0M
-/+ buffers/cache:       930M        62M
Swap:         8.0G        20M       8.0G

             total       used       free     shared    buffers     cached
Mem:          992M       932M        60M       672K       236K       2.7M
-/+ buffers/cache:       929M        62M
Swap:         8.0G        58M       7.9G

             total       used       free     shared    buffers     cached
Mem:          992M       931M        60M       672K       500K       2.9M
-/+ buffers/cache:       928M        63M
Swap:         8.0G        58M       7.9G

             total       used       free     shared    buffers     cached
Mem:          992M       919M        73M       652K       456K       2.8M
-/+ buffers/cache:       915M        76M
Swap:         8.0G        84M       7.9G

             total       used       free     shared    buffers     cached
Mem:          992M       921M        71M       644K       456K       2.8M
-/+ buffers/cache:       917M        74M
Swap:         8.0G       103M       7.9G

             total       used       free     shared    buffers     cached
Mem:          992M       920M        72M       640K       464K       2.8M
-/+ buffers/cache:       916M        75M
Swap:         8.0G       109M       7.9G

             total       used       free     shared    buffers     cached
Mem:          992M       930M        61M       636K       464K       2.8M
-/+ buffers/cache:       927M        64M
Swap:         8.0G       119M       7.9G

             total       used       free     shared    buffers     cached
Mem:          992M       925M        66M       596K       464K       2.6M
-/+ buffers/cache:       922M        69M
Swap:         8.0G       154M       7.8G

             total       used       free     shared    buffers     cached
Mem:          992M       916M        75M       596K        76K        13M
-/+ buffers/cache:       903M        88M
Swap:         8.0G       176M       7.8G

             total       used       free     shared    buffers     cached
Mem:          992M       909M        82M       568K       532K        20M
-/+ buffers/cache:       888M       103M
Swap:         8.0G       202M       7.8G

             total       used       free     shared    buffers     cached
Mem:          992M       923M        68M       568K       552K        20M
-/+ buffers/cache:       901M        90M
Swap:         8.0G       202M       7.8G

             total       used       free     shared    buffers     cached
Mem:          992M       920M        72M       568K       552K        20M
-/+ buffers/cache:       899M        93M
Swap:         8.0G       217M       7.8G

             total       used       free     shared    buffers     cached
Mem:          992M       917M        74M       568K       544K        17M
-/+ buffers/cache:       899M        92M
Swap:         8.0G       241M       7.8G

             total       used       free     shared    buffers     cached
Mem:          992M       918M        73M       544K       516K        15M
-/+ buffers/cache:       902M        89M
Swap:         8.0G       243M       7.8G

             total       used       free     shared    buffers     cached
Mem:          992M       928M        63M       544K       516K        15M
-/+ buffers/cache:       913M        79M
Swap:         8.0G       243M       7.8G

             total       used       free     shared    buffers     cached
Mem:          992M       926M        65M       544K       392K       7.2M
-/+ buffers/cache:       919M        73M
Swap:         8.0G       247M       7.8G

             total       used       free     shared    buffers     cached
Mem:          992M       921M        70M       544K        76K       3.0M
-/+ buffers/cache:       918M        73M
Swap:         8.0G       258M       7.7G

             total       used       free     shared    buffers     cached
Mem:          992M       930M        62M       544K        76K       3.0M
-/+ buffers/cache:       927M        65M
Swap:         8.0G       258M       7.7G

             total       used       free     shared    buffers     cached
Mem:          992M       924M        67M       544K        76K       2.9M
-/+ buffers/cache:       921M        70M
Swap:         8.0G       273M       7.7G

             total       used       free     shared    buffers     cached
Mem:          992M       930M        61M       544K        76K       2.9M
-/+ buffers/cache:       927M        64M
Swap:         8.0G       273M       7.7G

             total       used       free     shared    buffers     cached
Mem:          992M       922M        69M       544K        76K       2.9M
-/+ buffers/cache:       919M        72M
Swap:         8.0G       287M       7.7G

             total       used       free     shared    buffers     cached
Mem:          992M       927M        64M       544K        84K       2.9M
-/+ buffers/cache:       924M        67M
Swap:         8.0G       287M       7.7G

             total       used       free     shared    buffers     cached
Mem:          992M       915M        76M       544K        84K       2.6M
-/+ buffers/cache:       912M        79M
Swap:         8.0G       299M       7.7G

             total       used       free     shared    buffers     cached
Mem:          992M       920M        71M       544K        84K       2.5M
-/+ buffers/cache:       918M        74M
Swap:         8.0G       299M       7.7G

             total       used       free     shared    buffers     cached
Mem:          992M       926M        65M       544K        84K       2.5M
-/+ buffers/cache:       924M        67M
Swap:         8.0G       299M       7.7G

             total       used       free     shared    buffers     cached
Mem:          992M       930M        61M       544K        84K       2.5M
-/+ buffers/cache:       928M        63M
Swap:         8.0G       299M       7.7G

             total       used       free     shared    buffers     cached
Mem:          992M       920M        71M       544K        92K       2.3M
-/+ buffers/cache:       918M        73M
Swap:         8.0G       324M       7.7G

             total       used       free     shared    buffers     cached
Mem:          992M       925M        66M       544K        92K       2.3M
-/+ buffers/cache:       922M        69M
Swap:         8.0G       324M       7.7G

             total       used       free     shared    buffers     cached
Mem:          992M       929M        62M       544K        92K       2.3M
-/+ buffers/cache:       927M        65M
Swap:         8.0G       324M       7.7G

             total       used       free     shared    buffers     cached
Mem:          992M       921M        70M       544K        92K       2.3M
-/+ buffers/cache:       919M        72M
Swap:         8.0G       325M       7.7G

             total       used       free     shared    buffers     cached
Mem:          992M       927M        64M       544K        92K       2.3M
-/+ buffers/cache:       925M        67M
Swap:         8.0G       325M       7.7G

             total       used       free     shared    buffers     cached
Mem:          992M       927M        64M         8K       100K       1.7M
-/+ buffers/cache:       926M        66M
Swap:         8.0G       323M       7.7G

             total       used       free     shared    buffers     cached
Mem:          992M       920M        71M         8K       104K       1.5M
-/+ buffers/cache:       918M        73M
Swap:         8.0G       326M       7.7G

             total       used       free     shared    buffers     cached
Mem:          992M       921M        70M         8K        84K       1.4M
-/+ buffers/cache:       920M        71M
Swap:         8.0G       323M       7.7G

             total       used       free     shared    buffers     cached
Mem:          992M       922M        69M         0B        84K       1.4M
-/+ buffers/cache:       921M        70M
Swap:         8.0G       321M       7.7G

             total       used       free     shared    buffers     cached
Mem:          992M       918M        73M         0B        84K       1.4M
-/+ buffers/cache:       917M        75M
Swap:         8.0G       324M       7.7G

             total       used       free     shared    buffers     cached
Mem:          992M       923M        68M         0B        84K       1.3M
-/+ buffers/cache:       922M        69M
Swap:         8.0G       320M       7.7G

             total       used       free     shared    buffers     cached
Mem:          992M       919M        72M         0B        92K       1.3M
-/+ buffers/cache:       918M        73M
Swap:         8.0G       329M       7.7G

             total       used       free     shared    buffers     cached
Mem:          992M       923M        68M         0B        92K       1.3M
-/+ buffers/cache:       921M        70M
Swap:         8.0G       325M       7.7G

             total       used       free     shared    buffers     cached
Mem:          992M       923M        68M         0B        84K       1.3M
-/+ buffers/cache:       922M        69M
Swap:         8.0G       320M       7.7G

             total       used       free     shared    buffers     cached
Mem:          992M       926M        65M         0B        76K       1.2M
-/+ buffers/cache:       925M        66M
Swap:         8.0G       429M       7.6G

             total       used       free     shared    buffers     cached
Mem:          992M       882M       109M         0B       216K       1.3M
-/+ buffers/cache:       881M       111M
Swap:         8.0G       405M       7.6G

             total       used       free     shared    buffers     cached
Mem:          992M       913M        79M         0B       360K       1.2M
-/+ buffers/cache:       911M        80M
Swap:         8.0G       368M       7.6G

             total       used       free     shared    buffers     cached
Mem:          992M       922M        69M         0B       500K       1.3M
-/+ buffers/cache:       920M        71M
Swap:         8.0G       343M       7.7G

             total       used       free     shared    buffers     cached
Mem:          992M       922M        69M         0B       500K       1.5M
-/+ buffers/cache:       920M        71M
Swap:         8.0G       327M       7.7G

             total       used       free     shared    buffers     cached
Mem:          992M       928M        64M         0B       500K       1.6M
-/+ buffers/cache:       926M        66M
Swap:         8.0G       326M       7.7G

             total       used       free     shared    buffers     cached
Mem:          992M       911M        80M         0B       500K       1.6M
-/+ buffers/cache:       909M        82M
Swap:         8.0G       349M       7.7G

             total       used       free     shared    buffers     cached
Mem:          992M       916M        75M         0B       508K       1.6M
-/+ buffers/cache:       914M        77M
Swap:         8.0G       349M       7.7G

             total       used       free     shared    buffers     cached
Mem:          992M       924M        68M         0B       508K       1.6M
-/+ buffers/cache:       922M        70M
Swap:         8.0G       349M       7.7G

             total       used       free     shared    buffers     cached
Mem:          992M       929M        62M         0B       508K       1.6M
-/+ buffers/cache:       927M        64M
Swap:         8.0G       349M       7.7G

             total       used       free     shared    buffers     cached
Mem:          992M       918M        73M         0B       508K       1.5M
-/+ buffers/cache:       916M        75M
Swap:         8.0G       367M       7.6G

             total       used       free     shared    buffers     cached
Mem:          992M       924M        68M         0B       508K       1.5M
-/+ buffers/cache:       922M        70M
Swap:         8.0G       367M       7.6G

             total       used       free     shared    buffers     cached
Mem:          992M       926M        65M         0B       508K       1.6M
-/+ buffers/cache:       924M        67M
Swap:         8.0G       367M       7.6G

             total       used       free     shared    buffers     cached
Mem:          992M       928M        63M         0B       516K       1.5M
-/+ buffers/cache:       926M        66M
Swap:         8.0G       366M       7.6G

             total       used       free     shared    buffers     cached
Mem:          992M       929M        62M         0B       516K       1.5M
-/+ buffers/cache:       927M        64M
Swap:         8.0G       366M       7.6G

             total       used       free     shared    buffers     cached
Mem:          992M       912M        80M         0B       516K       1.5M
-/+ buffers/cache:       910M        82M
Swap:         8.0G       385M       7.6G

             total       used       free     shared    buffers     cached
Mem:          992M       913M        78M         0B       516K       1.5M
-/+ buffers/cache:       911M        80M
Swap:         8.0G       384M       7.6G

             total       used       free     shared    buffers     cached
Mem:          992M       917M        74M         0B       516K       2.3M
-/+ buffers/cache:       914M        77M
Swap:         8.0G       383M       7.6G

             total       used       free     shared    buffers     cached
Mem:          992M       918M        73M         0B       524K       2.3M
-/+ buffers/cache:       916M        76M
Swap:         8.0G       382M       7.6G

             total       used       free     shared    buffers     cached
Mem:          992M       921M        70M         0B       524K       2.5M
-/+ buffers/cache:       918M        73M
Swap:         8.0G       381M       7.6G

             total       used       free     shared    buffers     cached
Mem:          992M       922M        69M         0B       524K       2.5M
-/+ buffers/cache:       919M        72M
Swap:         8.0G       380M       7.6G

             total       used       free     shared    buffers     cached
Mem:          992M       924M        67M         0B       524K       2.5M
-/+ buffers/cache:       921M        70M
Swap:         8.0G       380M       7.6G

             total       used       free     shared    buffers     cached
Mem:          992M       926M        65M         0B       524K       2.5M
-/+ buffers/cache:       923M        68M
Swap:         8.0G       379M       7.6G

             total       used       free     shared    buffers     cached
Mem:          992M       927M        64M         0B       532K       2.5M
-/+ buffers/cache:       924M        67M
Swap:         8.0G       379M       7.6G

             total       used       free     shared    buffers     cached
Mem:          992M       929M        62M         0B       532K       2.5M
-/+ buffers/cache:       926M        65M
Swap:         8.0G       378M       7.6G

             total       used       free     shared    buffers     cached
Mem:          992M       931M        61M         0B       532K       2.5M
-/+ buffers/cache:       928M        64M
Swap:         8.0G       378M       7.6G

             total       used       free     shared    buffers     cached
Mem:          992M       917M        75M         0B       504K       2.5M
-/+ buffers/cache:       914M        78M
Swap:         8.0G       391M       7.6G

             total       used       free     shared    buffers     cached
Mem:          992M       919M        72M         0B       504K       2.5M
-/+ buffers/cache:       916M        75M
Swap:         8.0G       390M       7.6G

             total       used       free     shared    buffers     cached
Mem:          992M       923M        69M         0B        76K        13M
-/+ buffers/cache:       909M        83M
Swap:         8.0G       406M       7.6G

             total       used       free     shared    buffers     cached
Mem:          992M       919M        72M         0B       520K        18M
-/+ buffers/cache:       900M        91M
Swap:         8.0G       414M       7.6G

             total       used       free     shared    buffers     cached
Mem:          992M       922M        69M         0B       548K        18M
-/+ buffers/cache:       902M        89M
Swap:         8.0G       413M       7.6G

             total       used       free     shared    buffers     cached
Mem:          992M       924M        67M         0B       548K        18M
-/+ buffers/cache:       904M        87M
Swap:         8.0G       412M       7.6G

             total       used       free     shared    buffers     cached
Mem:          992M       926M        65M         0B       548K        19M
-/+ buffers/cache:       906M        85M
Swap:         8.0G       411M       7.6G

             total       used       free     shared    buffers     cached
Mem:          992M       928M        63M         0B       548K        19M
-/+ buffers/cache:       909M        83M
Swap:         8.0G       410M       7.6G

             total       used       free     shared    buffers     cached
Mem:          992M       930M        61M         0B       556K        19M
-/+ buffers/cache:       911M        81M
Swap:         8.0G       410M       7.6G

             total       used       free     shared    buffers     cached
Mem:          992M       920M        71M         0B       556K        16M
-/+ buffers/cache:       903M        88M
Swap:         8.0G       425M       7.6G

             total       used       free     shared    buffers     cached
Mem:          992M       922M        70M         0B       556K        16M
-/+ buffers/cache:       905M        86M
Swap:         8.0G       424M       7.6G

             total       used       free     shared    buffers     cached
Mem:          992M       923M        68M         0B       556K        16M
-/+ buffers/cache:       907M        84M
Swap:         8.0G       423M       7.6G

             total       used       free     shared    buffers     cached
Mem:          992M       925M        66M         0B       556K        16M
-/+ buffers/cache:       909M        83M
Swap:         8.0G       422M       7.6G

             total       used       free     shared    buffers     cached
Mem:          992M       927M        64M         0B       564K        16M
-/+ buffers/cache:       910M        81M
Swap:         8.0G       422M       7.6G

             total       used       free     shared    buffers     cached
Mem:          992M       929M        62M         0B       564K        16M
-/+ buffers/cache:       912M        79M
Swap:         8.0G       421M       7.6G

             total       used       free     shared    buffers     cached
Mem:          992M       931M        60M         0B       564K        16M
-/+ buffers/cache:       914M        77M
Swap:         8.0G       420M       7.6G

             total       used       free     shared    buffers     cached
Mem:          992M       920M        71M         0B       564K        15M
-/+ buffers/cache:       904M        87M
Swap:         8.0G       420M       7.6G

             total       used       free     shared    buffers     cached
Mem:          992M       922M        69M         0B       564K        15M
-/+ buffers/cache:       906M        85M
Swap:         8.0G       419M       7.6G

             total       used       free     shared    buffers     cached
Mem:          992M       924M        67M         0B       564K        15M
-/+ buffers/cache:       908M        83M
Swap:         8.0G       418M       7.6G

             total       used       free     shared    buffers     cached
Mem:          992M       927M        65M         0B       572K        15M
-/+ buffers/cache:       910M        81M
Swap:         8.0G       417M       7.6G

             total       used       free     shared    buffers     cached
Mem:          992M       928M        63M         0B       572K        15M
-/+ buffers/cache:       912M        79M
Swap:         8.0G       417M       7.6G

             total       used       free     shared    buffers     cached
Mem:          992M       930M        61M         0B       572K        15M
-/+ buffers/cache:       914M        77M
Swap:         8.0G       416M       7.6G

             total       used       free     shared    buffers     cached
Mem:          992M       919M        72M         0B       564K        13M
-/+ buffers/cache:       905M        86M
Swap:         8.0G       434M       7.6G

             total       used       free     shared    buffers     cached
Mem:          992M       921M        70M         0B       564K        13M
-/+ buffers/cache:       907M        84M
Swap:         8.0G       433M       7.6G

             total       used       free     shared    buffers     cached
Mem:          992M       923M        68M         0B       572K        13M
-/+ buffers/cache:       909M        82M
Swap:         8.0G       432M       7.6G

             total       used       free     shared    buffers     cached
Mem:          992M       925M        67M         0B       572K        13M
-/+ buffers/cache:       911M        80M
Swap:         8.0G       432M       7.6G

             total       used       free     shared    buffers     cached
Mem:          992M       927M        65M         0B       572K        13M
-/+ buffers/cache:       913M        78M
Swap:         8.0G       431M       7.6G

             total       used       free     shared    buffers     cached
Mem:          992M       929M        62M         0B       572K        13M
-/+ buffers/cache:       915M        76M
Swap:         8.0G       430M       7.6G

             total       used       free     shared    buffers     cached
Mem:          992M       931M        61M         0B       572K        13M
-/+ buffers/cache:       917M        74M
Swap:         8.0G       429M       7.6G

             total       used       free     shared    buffers     cached
Mem:          992M       921M        71M         0B       228K       6.1M
-/+ buffers/cache:       914M        77M
Swap:         8.0G       428M       7.6G

             total       used       free     shared    buffers     cached
Mem:          992M       923M        68M         0B       228K       6.0M
-/+ buffers/cache:       917M        74M
Swap:         8.0G       427M       7.6G

             total       used       free     shared    buffers     cached
Mem:          992M       925M        66M         0B       228K       6.1M
-/+ buffers/cache:       919M        73M
Swap:         8.0G       426M       7.6G

             total       used       free     shared    buffers     cached
Mem:          992M       927M        64M         0B       232K       6.0M
-/+ buffers/cache:       921M        70M
Swap:         8.0G       425M       7.6G

             total       used       free     shared    buffers     cached
Mem:          992M       929M        62M         0B       232K       6.1M
-/+ buffers/cache:       923M        68M
Swap:         8.0G       424M       7.6G

             total       used       free     shared    buffers     cached
Mem:          992M       919M        72M         0B       216K       2.0M
-/+ buffers/cache:       917M        74M
Swap:         8.0G       434M       7.6G

             total       used       free     shared    buffers     cached
Mem:          992M       921M        70M         0B       224K       2.0M
-/+ buffers/cache:       919M        72M
Swap:         8.0G       433M       7.6G

             total       used       free     shared    buffers     cached
Mem:          992M       923M        68M         0B       240K       2.0M
-/+ buffers/cache:       921M        70M
Swap:         8.0G       432M       7.6G

             total       used       free     shared    buffers     cached
Mem:          992M       926M        66M         0B       240K       2.0M
-/+ buffers/cache:       923M        68M
Swap:         8.0G       431M       7.6G

             total       used       free     shared    buffers     cached
Mem:          992M       928M        63M         0B       240K       2.0M
-/+ buffers/cache:       926M        65M
Swap:         8.0G       430M       7.6G

             total       used       free     shared    buffers     cached
Mem:          992M       930M        61M         0B       240K       2.0M
-/+ buffers/cache:       928M        63M
Swap:         8.0G       428M       7.6G

             total       used       free     shared    buffers     cached
Mem:          992M       917M        74M         0B       248K       1.9M
-/+ buffers/cache:       915M        76M
Swap:         8.0G       442M       7.6G

             total       used       free     shared    buffers     cached
Mem:          992M       919M        72M         0B       248K       1.9M
-/+ buffers/cache:       917M        74M
Swap:         8.0G       440M       7.6G

             total       used       free     shared    buffers     cached
Mem:          992M       924M        68M         0B       536K       3.2M
-/+ buffers/cache:       920M        71M
Swap:         8.0G       439M       7.6G

             total       used       free     shared    buffers     cached
Mem:          992M       931M        60M         0B       104K        26M
-/+ buffers/cache:       905M        87M
Swap:         8.0G       459M       7.5G

             total       used       free     shared    buffers     cached
Mem:          992M       896M        96M        16K       260K        24M
-/+ buffers/cache:       871M       121M
Swap:         8.0G       495M       7.5G

             total       used       free     shared    buffers     cached
Mem:          992M       897M        94M        16K       260K        24M
-/+ buffers/cache:       872M       119M
Swap:         8.0G       494M       7.5G

             total       used       free     shared    buffers     cached
Mem:          992M       900M        91M        16K       260K        26M
-/+ buffers/cache:       873M       118M
Swap:         8.0G       493M       7.5G

             total       used       free     shared    buffers     cached
Mem:          992M       902M        90M        28K       260K        26M
-/+ buffers/cache:       875M       116M
Swap:         8.0G       492M       7.5G

             total       used       free     shared    buffers     cached
Mem:          992M       903M        89M        28K       260K        26M
-/+ buffers/cache:       876M       116M
Swap:         8.0G       492M       7.5G

             total       used       free     shared    buffers     cached
Mem:          992M       903M        88M        28K       268K        26M
-/+ buffers/cache:       876M       115M
Swap:         8.0G       491M       7.5G

             total       used       free     shared    buffers     cached
Mem:          992M       905M        87M        28K       268K        26M
-/+ buffers/cache:       878M       114M
Swap:         8.0G       491M       7.5G

             total       used       free     shared    buffers     cached
Mem:          992M       908M        84M        28K       268K        27M
-/+ buffers/cache:       880M       112M
Swap:         8.0G       490M       7.5G

             total       used       free     shared    buffers     cached
Mem:          992M       909M        82M        28K       268K        27M
-/+ buffers/cache:       881M       111M
Swap:         8.0G       489M       7.5G

             total       used       free     shared    buffers     cached
Mem:          992M       910M        81M        28K       268K        27M
-/+ buffers/cache:       882M       109M
Swap:         8.0G       489M       7.5G

             total       used       free     shared    buffers     cached
Mem:          992M       911M        80M        28K       276K        27M
-/+ buffers/cache:       883M       108M
Swap:         8.0G       488M       7.5G

             total       used       free     shared    buffers     cached
Mem:          992M       912M        79M        28K       276K        27M
-/+ buffers/cache:       884M       107M
Swap:         8.0G       488M       7.5G

             total       used       free     shared    buffers     cached
Mem:          992M       913M        78M        28K       276K        27M
-/+ buffers/cache:       885M       106M
Swap:         8.0G       487M       7.5G

             total       used       free     shared    buffers     cached
Mem:          992M       914M        77M        28K       276K        27M
-/+ buffers/cache:       886M       105M
Swap:         8.0G       487M       7.5G

             total       used       free     shared    buffers     cached
Mem:          992M       915M        76M        28K       276K        27M
-/+ buffers/cache:       887M       104M
Swap:         8.0G       486M       7.5G

             total       used       free     shared    buffers     cached
Mem:          992M       916M        75M        28K       276K        27M
-/+ buffers/cache:       888M       103M
Swap:         8.0G       486M       7.5G

             total       used       free     shared    buffers     cached
Mem:          992M       917M        74M        28K       284K        27M
-/+ buffers/cache:       889M       102M
Swap:         8.0G       485M       7.5G

             total       used       free     shared    buffers     cached
Mem:          992M       918M        73M        28K       284K        27M
-/+ buffers/cache:       890M       101M
Swap:         8.0G       485M       7.5G

             total       used       free     shared    buffers     cached
Mem:          992M       925M        66M        28K       284K        33M
-/+ buffers/cache:       892M       100M
Swap:         8.0G       484M       7.5G

             total       used       free     shared    buffers     cached
Mem:          992M       919M        72M        32K       1.7M        35M
-/+ buffers/cache:       882M       109M
Swap:         8.0G       485M       7.5G

             total       used       free     shared    buffers     cached
Mem:          992M       921M        70M        32K       2.1M        35M
-/+ buffers/cache:       883M       108M
Swap:         8.0G       484M       7.5G

             total       used       free     shared    buffers     cached
Mem:          992M       922M        69M        32K       2.1M        35M
-/+ buffers/cache:       884M       107M
Swap:         8.0G       484M       7.5G

             total       used       free     shared    buffers     cached
Mem:          992M       923M        68M        32K       2.1M        35M
-/+ buffers/cache:       885M       106M
Swap:         8.0G       483M       7.5G

             total       used       free     shared    buffers     cached
Mem:          992M       924M        67M        32K       2.1M        35M
-/+ buffers/cache:       886M       105M
Swap:         8.0G       482M       7.5G

             total       used       free     shared    buffers     cached
Mem:          992M       925M        66M        32K       2.1M        35M
-/+ buffers/cache:       887M       104M
Swap:         8.0G       482M       7.5G

             total       used       free     shared    buffers     cached
Mem:          992M       926M        65M        32K       2.1M        35M
-/+ buffers/cache:       888M       103M
Swap:         8.0G       481M       7.5G

             total       used       free     shared    buffers     cached
Mem:          992M       927M        64M        32K       2.1M        35M
-/+ buffers/cache:       889M       102M
Swap:         8.0G       481M       7.5G

             total       used       free     shared    buffers     cached
Mem:          992M       929M        63M        32K       2.1M        35M
-/+ buffers/cache:       891M       101M
Swap:         8.0G       480M       7.5G

             total       used       free     shared    buffers     cached
Mem:          992M       930M        61M        32K       2.1M        35M
-/+ buffers/cache:       892M        99M
Swap:         8.0G       479M       7.5G

             total       used       free     shared    buffers     cached
Mem:          992M       913M        79M        32K       2.1M        33M
-/+ buffers/cache:       877M       114M
Swap:         8.0G       496M       7.5G

             total       used       free     shared    buffers     cached
Mem:          992M       912M        79M        32K       2.1M        33M
-/+ buffers/cache:       877M       114M
Swap:         8.0G       504M       7.5G

             total       used       free     shared    buffers     cached
Mem:          992M       913M        78M        32K       2.1M        33M
-/+ buffers/cache:       878M       113M
Swap:         8.0G       504M       7.5G

             total       used       free     shared    buffers     cached
Mem:          992M       915M        77M        32K       2.1M        33M
-/+ buffers/cache:       879M       112M
Swap:         8.0G       503M       7.5G

             total       used       free     shared    buffers     cached
Mem:          992M       916M        76M        32K       2.1M        33M
-/+ buffers/cache:       880M       111M
Swap:         8.0G       503M       7.5G

             total       used       free     shared    buffers     cached
Mem:          992M       917M        74M        32K       2.1M        33M
-/+ buffers/cache:       881M       110M
Swap:         8.0G       502M       7.5G

             total       used       free     shared    buffers     cached
Mem:          992M       918M        73M        32K       2.1M        33M
-/+ buffers/cache:       883M       109M
Swap:         8.0G       502M       7.5G

             total       used       free     shared    buffers     cached
Mem:          992M       919M        72M        32K       2.1M        33M
-/+ buffers/cache:       884M       107M
Swap:         8.0G       501M       7.5G

             total       used       free     shared    buffers     cached
Mem:          992M       920M        71M        32K       2.1M        33M
-/+ buffers/cache:       885M       106M
Swap:         8.0G       500M       7.5G

             total       used       free     shared    buffers     cached
Mem:          992M       922M        70M        32K       2.1M        33M
-/+ buffers/cache:       886M       105M
Swap:         8.0G       500M       7.5G

             total       used       free     shared    buffers     cached
Mem:          992M       923M        68M        32K       2.1M        33M
-/+ buffers/cache:       888M       104M
Swap:         8.0G       499M       7.5G

             total       used       free     shared    buffers     cached
Mem:          992M       924M        67M        32K       2.1M        33M
-/+ buffers/cache:       889M       103M
Swap:         8.0G       498M       7.5G

             total       used       free     shared    buffers     cached
Mem:          992M       925M        66M        32K       2.1M        33M
-/+ buffers/cache:       890M       101M
Swap:         8.0G       498M       7.5G

             total       used       free     shared    buffers     cached
Mem:          992M       926M        65M        32K       2.1M        33M
-/+ buffers/cache:       891M       100M
Swap:         8.0G       497M       7.5G

             total       used       free     shared    buffers     cached
Mem:          992M       928M        64M        32K       2.1M        33M
-/+ buffers/cache:       892M        99M
Swap:         8.0G       496M       7.5G

             total       used       free     shared    buffers     cached
Mem:          992M       929M        63M        32K       2.1M        33M
-/+ buffers/cache:       893M        98M
Swap:         8.0G       496M       7.5G

             total       used       free     shared    buffers     cached
Mem:          992M       930M        61M        32K       2.1M        33M
-/+ buffers/cache:       895M        97M
Swap:         8.0G       495M       7.5G

             total       used       free     shared    buffers     cached
Mem:          992M       919M        72M        32K       2.1M        32M
-/+ buffers/cache:       884M       107M
Swap:         8.0G       496M       7.5G

             total       used       free     shared    buffers     cached
Mem:          992M       919M        72M        32K       2.1M        32M
-/+ buffers/cache:       885M       107M
Swap:         8.0G       495M       7.5G

             total       used       free     shared    buffers     cached
Mem:          992M       921M        70M        32K       2.1M        32M
-/+ buffers/cache:       886M       105M
Swap:         8.0G       495M       7.5G

             total       used       free     shared    buffers     cached
Mem:          992M       922M        69M        32K       2.1M        32M
-/+ buffers/cache:       887M       104M
Swap:         8.0G       494M       7.5G

             total       used       free     shared    buffers     cached
Mem:          992M       923M        68M        32K       2.1M        32M
-/+ buffers/cache:       889M       103M
Swap:         8.0G       493M       7.5G

             total       used       free     shared    buffers     cached
Mem:          992M       925M        67M        32K       2.1M        32M
-/+ buffers/cache:       890M       101M
Swap:         8.0G       493M       7.5G

             total       used       free     shared    buffers     cached
Mem:          992M       926M        65M        32K       2.1M        32M
-/+ buffers/cache:       891M       100M
Swap:         8.0G       492M       7.5G

             total       used       free     shared    buffers     cached
Mem:          992M       927M        64M        32K       2.1M        32M
-/+ buffers/cache:       892M        99M
Swap:         8.0G       491M       7.5G

             total       used       free     shared    buffers     cached
Mem:          992M       928M        63M        32K       2.1M        32M
-/+ buffers/cache:       894M        98M
Swap:         8.0G       491M       7.5G

             total       used       free     shared    buffers     cached
Mem:          992M       930M        62M        32K       2.1M        32M
-/+ buffers/cache:       895M        96M
Swap:         8.0G       490M       7.5G

             total       used       free     shared    buffers     cached
Mem:          992M       931M        61M        32K       2.1M        32M
-/+ buffers/cache:       896M        95M
Swap:         8.0G       489M       7.5G

             total       used       free     shared    buffers     cached
Mem:          992M       915M        76M        32K       2.1M        30M
-/+ buffers/cache:       882M       109M
Swap:         8.0G       515M       7.5G

             total       used       free     shared    buffers     cached
Mem:          992M       916M        75M        32K       2.1M        30M
-/+ buffers/cache:       884M       108M
Swap:         8.0G       515M       7.5G

             total       used       free     shared    buffers     cached
Mem:          992M       918M        74M        32K       2.1M        30M
-/+ buffers/cache:       885M       106M
Swap:         8.0G       514M       7.5G

             total       used       free     shared    buffers     cached
Mem:          992M       919M        73M        32K       2.2M        30M
-/+ buffers/cache:       886M       105M
Swap:         8.0G       513M       7.5G

             total       used       free     shared    buffers     cached
Mem:          992M       920M        71M        32K       2.2M        30M
-/+ buffers/cache:       887M       104M
Swap:         8.0G       513M       7.5G

             total       used       free     shared    buffers     cached
Mem:          992M       921M        70M        32K       2.2M        30M
-/+ buffers/cache:       888M       103M
Swap:         8.0G       512M       7.5G

             total       used       free     shared    buffers     cached
Mem:          992M       923M        68M        32K       2.2M        31M
-/+ buffers/cache:       890M       102M
Swap:         8.0G       511M       7.5G

             total       used       free     shared    buffers     cached
Mem:          992M       925M        66M        32K       2.2M        31M
-/+ buffers/cache:       891M       100M
Swap:         8.0G       511M       7.5G

             total       used       free     shared    buffers     cached
Mem:          992M       926M        65M        36K       2.2M        31M
-/+ buffers/cache:       892M        99M
Swap:         8.0G       510M       7.5G

             total       used       free     shared    buffers     cached
Mem:          992M       927M        64M        36K       2.2M        31M
-/+ buffers/cache:       893M        98M
Swap:         8.0G       510M       7.5G

             total       used       free     shared    buffers     cached
Mem:          992M       920M        71M        36K       2.2M        33M
-/+ buffers/cache:       884M       107M
Swap:         8.0G       511M       7.5G

             total       used       free     shared    buffers     cached
Mem:          992M       921M        70M        36K       2.2M        33M
-/+ buffers/cache:       885M       106M
Swap:         8.0G       510M       7.5G

             total       used       free     shared    buffers     cached
Mem:          992M       928M        63M        36K       2.2M        35M
-/+ buffers/cache:       890M       101M
Swap:         8.0G       508M       7.5G

             total       used       free     shared    buffers     cached
Mem:          992M       929M        62M        36K       2.2M        35M
-/+ buffers/cache:       891M       100M
Swap:         8.0G       508M       7.5G

             total       used       free     shared    buffers     cached
Mem:          992M       930M        61M        36K       2.2M        35M
-/+ buffers/cache:       892M        99M
Swap:         8.0G       507M       7.5G

             total       used       free     shared    buffers     cached
Mem:          992M       930M        61M        36K       2.2M        35M
-/+ buffers/cache:       893M        99M
Swap:         8.0G       507M       7.5G

             total       used       free     shared    buffers     cached
Mem:          992M       918M        73M        36K       2.2M        32M
-/+ buffers/cache:       883M       108M
Swap:         8.0G       516M       7.5G

             total       used       free     shared    buffers     cached
Mem:          992M       919M        73M        36K       2.2M        32M
-/+ buffers/cache:       884M       108M
Swap:         8.0G       516M       7.5G

             total       used       free     shared    buffers     cached
Mem:          992M       920M        72M        36K       2.2M        32M
-/+ buffers/cache:       885M       107M
Swap:         8.0G       516M       7.5G

             total       used       free     shared    buffers     cached
Mem:          992M       920M        71M        36K       2.2M        32M
-/+ buffers/cache:       885M       106M
Swap:         8.0G       515M       7.5G

             total       used       free     shared    buffers     cached
Mem:          992M       921M        70M        36K       2.2M        32M
-/+ buffers/cache:       886M       106M
Swap:         8.0G       515M       7.5G

             total       used       free     shared    buffers     cached
Mem:          992M       921M        70M        36K       2.2M        32M
-/+ buffers/cache:       886M       105M
Swap:         8.0G       515M       7.5G

             total       used       free     shared    buffers     cached
Mem:          992M       914M        77M       192K       2.0M        32M
-/+ buffers/cache:       879M       112M
Swap:         8.0G       519M       7.5G

             total       used       free     shared    buffers     cached
Mem:          992M       919M        72M       3.9M       5.1M        55M
-/+ buffers/cache:       859M       133M
Swap:         8.0G       553M       7.5G

             total       used       free     shared    buffers     cached
Mem:          992M       922M        69M       252K       5.2M        64M
-/+ buffers/cache:       853M       139M
Swap:         8.0G       572M       7.4G

             total       used       free     shared    buffers     cached
Mem:          992M       919M        73M       248K       5.4M        64M
-/+ buffers/cache:       849M       142M
Swap:         8.0G       579M       7.4G

             total       used       free     shared    buffers     cached
Mem:          992M       920M        71M       272K       5.4M        64M
-/+ buffers/cache:       850M       141M
Swap:         8.0G       578M       7.4G

             total       used       free     shared    buffers     cached
Mem:          992M       921M        70M       272K       5.4M        64M
-/+ buffers/cache:       851M       140M
Swap:         8.0G       578M       7.4G

             total       used       free     shared    buffers     cached
Mem:          992M       922M        69M       272K       5.4M        64M
-/+ buffers/cache:       852M       139M
Swap:         8.0G       577M       7.4G

             total       used       free     shared    buffers     cached
Mem:          992M       924M        67M       272K       5.4M        64M
-/+ buffers/cache:       854M       137M
Swap:         8.0G       577M       7.4G

             total       used       free     shared    buffers     cached
Mem:          992M       927M        65M       272K       5.5M        65M
-/+ buffers/cache:       855M       136M
Swap:         8.0G       576M       7.4G

             total       used       free     shared    buffers     cached
Mem:          992M       928M        63M       272K       5.5M        65M
-/+ buffers/cache:       857M       134M
Swap:         8.0G       576M       7.4G

             total       used       free     shared    buffers     cached
Mem:          992M       929M        62M       272K       5.5M        65M
-/+ buffers/cache:       858M       133M
Swap:         8.0G       575M       7.4G

             total       used       free     shared    buffers     cached
Mem:          992M       930M        61M       272K       5.5M        65M
-/+ buffers/cache:       859M       132M
Swap:         8.0G       575M       7.4G

             total       used       free     shared    buffers     cached
Mem:          992M       915M        76M       272K       4.9M        63M
-/+ buffers/cache:       847M       144M
Swap:         8.0G       580M       7.4G

             total       used       free     shared    buffers     cached
Mem:          992M       916M        75M       272K       4.9M        63M
-/+ buffers/cache:       848M       143M
Swap:         8.0G       579M       7.4G

             total       used       free     shared    buffers     cached
Mem:          992M       918M        73M       272K       4.9M        63M
-/+ buffers/cache:       849M       142M
Swap:         8.0G       579M       7.4G

             total       used       free     shared    buffers     cached
Mem:          992M       919M        72M       272K       4.9M        63M
-/+ buffers/cache:       851M       140M
Swap:         8.0G       578M       7.4G

             total       used       free     shared    buffers     cached
Mem:          992M       921M        71M       272K       4.9M        63M
-/+ buffers/cache:       852M       139M
Swap:         8.0G       578M       7.4G

             total       used       free     shared    buffers     cached
Mem:          992M       922M        69M       272K       4.9M        63M
-/+ buffers/cache:       853M       138M
Swap:         8.0G       577M       7.4G

             total       used       free     shared    buffers     cached
Mem:          992M       923M        68M       272K       4.9M        63M
-/+ buffers/cache:       855M       136M
Swap:         8.0G       577M       7.4G

             total       used       free     shared    buffers     cached
Mem:          992M       925M        66M       272K       4.9M        63M
-/+ buffers/cache:       856M       135M
Swap:         8.0G       576M       7.4G

             total       used       free     shared    buffers     cached
Mem:          992M       927M        65M       272K       4.9M        63M
-/+ buffers/cache:       858M       133M
Swap:         8.0G       575M       7.4G

             total       used       free     shared    buffers     cached
Mem:          992M       928M        64M       272K       4.9M        63M
-/+ buffers/cache:       859M       132M
Swap:         8.0G       575M       7.4G

             total       used       free     shared    buffers     cached
Mem:          992M       929M        62M       272K       4.9M        63M
-/+ buffers/cache:       860M       131M
Swap:         8.0G       574M       7.4G

             total       used       free     shared    buffers     cached
Mem:          992M       931M        61M       272K       4.9M        63M
-/+ buffers/cache:       862M       130M
Swap:         8.0G       574M       7.4G

             total       used       free     shared    buffers     cached
Mem:          992M       913M        78M       268K       4.9M        61M
-/+ buffers/cache:       847M       144M
Swap:         8.0G       592M       7.4G

             total       used       free     shared    buffers     cached
Mem:          992M       915M        76M       268K       4.9M        61M
-/+ buffers/cache:       849M       142M
Swap:         8.0G       591M       7.4G

             total       used       free     shared    buffers     cached
Mem:          992M       916M        75M       268K       4.9M        61M
-/+ buffers/cache:       850M       141M
Swap:         8.0G       591M       7.4G

             total       used       free     shared    buffers     cached
Mem:          992M       918M        73M       268K       4.9M        61M
-/+ buffers/cache:       852M       139M
Swap:         8.0G       590M       7.4G

             total       used       free     shared    buffers     cached
Mem:          992M       919M        72M       268K       4.9M        61M
-/+ buffers/cache:       853M       138M
Swap:         8.0G       589M       7.4G

             total       used       free     shared    buffers     cached
Mem:          992M       920M        71M       268K       4.9M        61M
-/+ buffers/cache:       854M       137M
Swap:         8.0G       589M       7.4G

             total       used       free     shared    buffers     cached
Mem:          992M       921M        70M       268K       4.9M        61M
-/+ buffers/cache:       855M       136M
Swap:         8.0G       588M       7.4G

             total       used       free     shared    buffers     cached
Mem:          992M       923M        69M       268K       4.9M        61M
-/+ buffers/cache:       857M       135M
Swap:         8.0G       588M       7.4G

             total       used       free     shared    buffers     cached
Mem:          992M       924M        67M       268K       4.9M        61M
-/+ buffers/cache:       858M       133M
Swap:         8.0G       587M       7.4G

             total       used       free     shared    buffers     cached
Mem:          992M       925M        66M       268K       4.9M        61M
-/+ buffers/cache:       859M       132M
Swap:         8.0G       587M       7.4G

             total       used       free     shared    buffers     cached
Mem:          992M       927M        65M       268K       4.9M        61M
-/+ buffers/cache:       860M       131M
Swap:         8.0G       586M       7.4G

             total       used       free     shared    buffers     cached
Mem:          992M       928M        63M       268K       4.9M        61M
-/+ buffers/cache:       862M       130M
Swap:         8.0G       585M       7.4G

             total       used       free     shared    buffers     cached
Mem:          992M       929M        62M       268K       4.9M        61M
-/+ buffers/cache:       863M       128M
Swap:         8.0G       585M       7.4G

             total       used       free     shared    buffers     cached
Mem:          992M       930M        61M       268K       4.9M        61M
-/+ buffers/cache:       864M       127M
Swap:         8.0G       584M       7.4G

             total       used       free     shared    buffers     cached
Mem:          992M       917M        74M       268K       4.9M        60M
-/+ buffers/cache:       852M       139M
Swap:         8.0G       587M       7.4G

             total       used       free     shared    buffers     cached
Mem:          992M       918M        73M       268K       4.9M        60M
-/+ buffers/cache:       853M       138M
Swap:         8.0G       586M       7.4G

             total       used       free     shared    buffers     cached
Mem:          992M       919M        72M       268K       4.9M        60M
-/+ buffers/cache:       854M       137M
Swap:         8.0G       586M       7.4G

             total       used       free     shared    buffers     cached
Mem:          992M       922M        69M       312K       8.2M        74M
-/+ buffers/cache:       840M       152M
Swap:         8.0G       606M       7.4G
