             total       used       free     shared    buffers     cached
Mem:          2.0G       658M       1.3G       3.2M        38M       289M
-/+ buffers/cache:       330M       1.6G
Swap:         8.0G         0B       8.0G

             total       used       free     shared    buffers     cached
Mem:          2.0G       656M       1.3G       1.4M        38M       287M
-/+ buffers/cache:       330M       1.6G
Swap:         8.0G         0B       8.0G

             total       used       free     shared    buffers     cached
Mem:          2.0G       656M       1.3G       1.4M        38M       287M
-/+ buffers/cache:       330M       1.6G
Swap:         8.0G         0B       8.0G

             total       used       free     shared    buffers     cached
Mem:          2.0G       656M       1.3G       1.4M        38M       287M
-/+ buffers/cache:       330M       1.6G
Swap:         8.0G         0B       8.0G

             total       used       free     shared    buffers     cached
Mem:          2.0G       656M       1.3G       1.4M        38M       287M
-/+ buffers/cache:       330M       1.6G
Swap:         8.0G         0B       8.0G

             total       used       free     shared    buffers     cached
Mem:          2.0G       656M       1.3G       1.4M        38M       287M
-/+ buffers/cache:       330M       1.6G
Swap:         8.0G         0B       8.0G

             total       used       free     shared    buffers     cached
Mem:          2.0G       656M       1.3G       1.4M        38M       287M
-/+ buffers/cache:       329M       1.6G
Swap:         8.0G         0B       8.0G

             total       used       free     shared    buffers     cached
Mem:          2.0G       656M       1.3G       1.4M        38M       288M
-/+ buffers/cache:       329M       1.6G
Swap:         8.0G         0B       8.0G

             total       used       free     shared    buffers     cached
Mem:          2.0G       656M       1.3G       1.4M        38M       288M
-/+ buffers/cache:       329M       1.6G
Swap:         8.0G         0B       8.0G

             total       used       free     shared    buffers     cached
Mem:          2.0G       659M       1.3G       1.4M        38M       288M
-/+ buffers/cache:       332M       1.6G
Swap:         8.0G         0B       8.0G

             total       used       free     shared    buffers     cached
Mem:          2.0G       678M       1.3G       1.4M        38M       288M
-/+ buffers/cache:       351M       1.6G
Swap:         8.0G         0B       8.0G

             total       used       free     shared    buffers     cached
Mem:          2.0G       705M       1.3G       1.4M        38M       289M
-/+ buffers/cache:       378M       1.6G
Swap:         8.0G         0B       8.0G

             total       used       free     shared    buffers     cached
Mem:          2.0G       665M       1.3G       1.4M        38M       289M
-/+ buffers/cache:       337M       1.6G
Swap:         8.0G         0B       8.0G

             total       used       free     shared    buffers     cached
Mem:          2.0G       666M       1.3G       1.4M        38M       289M
-/+ buffers/cache:       337M       1.6G
Swap:         8.0G         0B       8.0G

             total       used       free     shared    buffers     cached
Mem:          2.0G       665M       1.3G       1.4M        38M       289M
-/+ buffers/cache:       337M       1.6G
Swap:         8.0G         0B       8.0G

             total       used       free     shared    buffers     cached
Mem:          2.0G       665M       1.3G       1.4M        38M       289M
-/+ buffers/cache:       337M       1.6G
Swap:         8.0G         0B       8.0G

             total       used       free     shared    buffers     cached
Mem:          2.0G       665M       1.3G       1.4M        38M       289M
-/+ buffers/cache:       337M       1.6G
Swap:         8.0G         0B       8.0G

             total       used       free     shared    buffers     cached
Mem:          2.0G       665M       1.3G       1.4M        38M       289M
-/+ buffers/cache:       337M       1.6G
Swap:         8.0G         0B       8.0G

             total       used       free     shared    buffers     cached
Mem:          2.0G       665M       1.3G       1.4M        38M       289M
-/+ buffers/cache:       337M       1.6G
Swap:         8.0G         0B       8.0G

             total       used       free     shared    buffers     cached
Mem:          2.0G       665M       1.3G       1.4M        38M       289M
-/+ buffers/cache:       337M       1.6G
Swap:         8.0G         0B       8.0G

             total       used       free     shared    buffers     cached
Mem:          2.0G       665M       1.3G       1.4M        38M       289M
-/+ buffers/cache:       337M       1.6G
Swap:         8.0G         0B       8.0G

             total       used       free     shared    buffers     cached
Mem:          2.0G       666M       1.3G       1.4M        38M       289M
-/+ buffers/cache:       337M       1.6G
Swap:         8.0G         0B       8.0G

             total       used       free     shared    buffers     cached
Mem:          2.0G       666M       1.3G       1.4M        38M       289M
-/+ buffers/cache:       337M       1.6G
Swap:         8.0G         0B       8.0G

             total       used       free     shared    buffers     cached
Mem:          2.0G       666M       1.3G       1.4M        38M       289M
-/+ buffers/cache:       337M       1.6G
Swap:         8.0G         0B       8.0G

             total       used       free     shared    buffers     cached
Mem:          2.0G       666M       1.3G       1.4M        38M       289M
-/+ buffers/cache:       337M       1.6G
Swap:         8.0G         0B       8.0G

             total       used       free     shared    buffers     cached
Mem:          2.0G       665M       1.3G       1.4M        38M       289M
-/+ buffers/cache:       337M       1.6G
Swap:         8.0G         0B       8.0G

             total       used       free     shared    buffers     cached
Mem:          2.0G       665M       1.3G       1.4M        38M       289M
-/+ buffers/cache:       337M       1.6G
Swap:         8.0G         0B       8.0G

             total       used       free     shared    buffers     cached
Mem:          2.0G       665M       1.3G       1.4M        38M       289M
-/+ buffers/cache:       337M       1.6G
Swap:         8.0G         0B       8.0G

             total       used       free     shared    buffers     cached
Mem:          2.0G       665M       1.3G       1.4M        38M       289M
-/+ buffers/cache:       337M       1.6G
Swap:         8.0G         0B       8.0G

             total       used       free     shared    buffers     cached
Mem:          2.0G       665M       1.3G       1.4M        38M       289M
-/+ buffers/cache:       337M       1.6G
Swap:         8.0G         0B       8.0G

             total       used       free     shared    buffers     cached
Mem:          2.0G       665M       1.3G       1.4M        38M       289M
-/+ buffers/cache:       337M       1.6G
Swap:         8.0G         0B       8.0G

             total       used       free     shared    buffers     cached
Mem:          2.0G       665M       1.3G       1.4M        38M       289M
-/+ buffers/cache:       337M       1.6G
Swap:         8.0G         0B       8.0G

             total       used       free     shared    buffers     cached
Mem:          2.0G       665M       1.3G       1.4M        38M       289M
-/+ buffers/cache:       337M       1.6G
Swap:         8.0G         0B       8.0G

             total       used       free     shared    buffers     cached
Mem:          2.0G       672M       1.3G       1.4M        38M       289M
-/+ buffers/cache:       343M       1.6G
Swap:         8.0G         0B       8.0G

             total       used       free     shared    buffers     cached
Mem:          2.0G       688M       1.3G       1.4M        38M       289M
-/+ buffers/cache:       359M       1.6G
Swap:         8.0G         0B       8.0G

             total       used       free     shared    buffers     cached
Mem:          2.0G       704M       1.3G       1.4M        38M       289M
-/+ buffers/cache:       375M       1.6G
Swap:         8.0G         0B       8.0G

             total       used       free     shared    buffers     cached
Mem:          2.0G       719M       1.3G       1.4M        38M       289M
-/+ buffers/cache:       390M       1.6G
Swap:         8.0G         0B       8.0G

             total       used       free     shared    buffers     cached
Mem:          2.0G       733M       1.2G       1.4M        38M       289M
-/+ buffers/cache:       404M       1.6G
Swap:         8.0G         0B       8.0G

             total       used       free     shared    buffers     cached
Mem:          2.0G       748M       1.2G       1.4M        38M       289M
-/+ buffers/cache:       419M       1.5G
Swap:         8.0G         0B       8.0G

             total       used       free     shared    buffers     cached
Mem:          2.0G       762M       1.2G       1.4M        38M       289M
-/+ buffers/cache:       434M       1.5G
Swap:         8.0G         0B       8.0G

             total       used       free     shared    buffers     cached
Mem:          2.0G       777M       1.2G       1.4M        38M       289M
-/+ buffers/cache:       448M       1.5G
Swap:         8.0G         0B       8.0G

             total       used       free     shared    buffers     cached
Mem:          2.0G       789M       1.2G       1.4M        38M       289M
-/+ buffers/cache:       461M       1.5G
Swap:         8.0G         0B       8.0G

             total       used       free     shared    buffers     cached
Mem:          2.0G       805M       1.2G       1.4M        38M       289M
-/+ buffers/cache:       476M       1.5G
Swap:         8.0G         0B       8.0G

             total       used       free     shared    buffers     cached
Mem:          2.0G       821M       1.2G       1.4M        38M       289M
-/+ buffers/cache:       493M       1.5G
Swap:         8.0G         0B       8.0G

             total       used       free     shared    buffers     cached
Mem:          2.0G       836M       1.1G       1.4M        38M       289M
-/+ buffers/cache:       508M       1.5G
Swap:         8.0G         0B       8.0G

             total       used       free     shared    buffers     cached
Mem:          2.0G       852M       1.1G       1.4M        38M       289M
-/+ buffers/cache:       523M       1.4G
Swap:         8.0G         0B       8.0G

             total       used       free     shared    buffers     cached
Mem:          2.0G       867M       1.1G       1.4M        38M       289M
-/+ buffers/cache:       538M       1.4G
Swap:         8.0G         0B       8.0G

             total       used       free     shared    buffers     cached
Mem:          2.0G       882M       1.1G       1.4M        38M       289M
-/+ buffers/cache:       553M       1.4G
Swap:         8.0G         0B       8.0G

             total       used       free     shared    buffers     cached
Mem:          2.0G       893M       1.1G       1.4M        38M       289M
-/+ buffers/cache:       565M       1.4G
Swap:         8.0G         0B       8.0G

             total       used       free     shared    buffers     cached
Mem:          2.0G       909M       1.1G       1.4M        38M       289M
-/+ buffers/cache:       580M       1.4G
Swap:         8.0G         0B       8.0G

             total       used       free     shared    buffers     cached
Mem:          2.0G       923M       1.1G       1.4M        38M       289M
-/+ buffers/cache:       594M       1.4G
Swap:         8.0G         0B       8.0G

             total       used       free     shared    buffers     cached
Mem:          2.0G       938M       1.0G       1.4M        38M       289M
-/+ buffers/cache:       609M       1.4G
Swap:         8.0G         0B       8.0G

             total       used       free     shared    buffers     cached
Mem:          2.0G       952M       1.0G       1.4M        38M       289M
-/+ buffers/cache:       623M       1.3G
Swap:         8.0G         0B       8.0G

             total       used       free     shared    buffers     cached
Mem:          2.0G       966M       1.0G       1.4M        38M       289M
-/+ buffers/cache:       637M       1.3G
Swap:         8.0G         0B       8.0G

             total       used       free     shared    buffers     cached
Mem:          2.0G       980M       1.0G       1.4M        38M       289M
-/+ buffers/cache:       651M       1.3G
Swap:         8.0G         0B       8.0G

             total       used       free     shared    buffers     cached
Mem:          2.0G       994M       1.0G       1.4M        38M       289M
-/+ buffers/cache:       665M       1.3G
Swap:         8.0G         0B       8.0G

             total       used       free     shared    buffers     cached
Mem:          2.0G       1.0G       991M       1.4M        38M       289M
-/+ buffers/cache:       679M       1.3G
Swap:         8.0G         0B       8.0G

             total       used       free     shared    buffers     cached
Mem:          2.0G       1.0G       977M       1.4M        38M       289M
-/+ buffers/cache:       693M       1.3G
Swap:         8.0G         0B       8.0G

             total       used       free     shared    buffers     cached
Mem:          2.0G       1.0G       963M       1.4M        38M       289M
-/+ buffers/cache:       707M       1.3G
Swap:         8.0G         0B       8.0G

             total       used       free     shared    buffers     cached
Mem:          2.0G       1.0G       948M       1.4M        38M       289M
-/+ buffers/cache:       723M       1.2G
Swap:         8.0G         0B       8.0G

             total       used       free     shared    buffers     cached
Mem:          2.0G       1.0G       934M       1.4M        38M       289M
-/+ buffers/cache:       737M       1.2G
Swap:         8.0G         0B       8.0G

             total       used       free     shared    buffers     cached
Mem:          2.0G       1.1G       919M       1.4M        38M       289M
-/+ buffers/cache:       751M       1.2G
Swap:         8.0G         0B       8.0G

             total       used       free     shared    buffers     cached
Mem:          2.0G       1.1G       904M       1.4M        38M       289M
-/+ buffers/cache:       767M       1.2G
Swap:         8.0G         0B       8.0G

             total       used       free     shared    buffers     cached
Mem:          2.0G       1.1G       890M       1.4M        38M       289M
-/+ buffers/cache:       781M       1.2G
Swap:         8.0G         0B       8.0G

             total       used       free     shared    buffers     cached
Mem:          2.0G       1.1G       882M       1.4M        38M       289M
-/+ buffers/cache:       789M       1.2G
Swap:         8.0G         0B       8.0G

             total       used       free     shared    buffers     cached
Mem:          2.0G       1.1G       868M       1.4M        38M       289M
-/+ buffers/cache:       803M       1.2G
Swap:         8.0G         0B       8.0G

             total       used       free     shared    buffers     cached
Mem:          2.0G       1.1G       854M       1.4M        38M       289M
-/+ buffers/cache:       817M       1.2G
Swap:         8.0G         0B       8.0G

             total       used       free     shared    buffers     cached
Mem:          2.0G       1.1G       839M       1.4M        38M       289M
-/+ buffers/cache:       832M       1.1G
Swap:         8.0G         0B       8.0G

             total       used       free     shared    buffers     cached
Mem:          2.0G       1.1G       825M       1.4M        38M       289M
-/+ buffers/cache:       845M       1.1G
Swap:         8.0G         0B       8.0G

             total       used       free     shared    buffers     cached
Mem:          2.0G       1.2G       809M       1.4M        38M       290M
-/+ buffers/cache:       862M       1.1G
Swap:         8.0G         0B       8.0G

             total       used       free     shared    buffers     cached
Mem:          2.0G       1.2G       794M       1.4M        38M       290M
-/+ buffers/cache:       876M       1.1G
Swap:         8.0G         0B       8.0G

             total       used       free     shared    buffers     cached
Mem:          2.0G       1.2G       779M       1.4M        38M       290M
-/+ buffers/cache:       891M       1.1G
Swap:         8.0G         0B       8.0G

             total       used       free     shared    buffers     cached
Mem:          2.0G       1.2G       764M       1.4M        38M       290M
-/+ buffers/cache:       906M       1.1G
Swap:         8.0G         0B       8.0G

             total       used       free     shared    buffers     cached
Mem:          2.0G       1.2G       749M       1.4M        38M       290M
-/+ buffers/cache:       921M       1.1G
Swap:         8.0G         0B       8.0G

             total       used       free     shared    buffers     cached
Mem:          2.0G       1.2G       734M       1.4M        38M       290M
-/+ buffers/cache:       936M       1.0G
Swap:         8.0G         0B       8.0G

             total       used       free     shared    buffers     cached
Mem:          2.0G       1.3G       719M       1.4M        38M       290M
-/+ buffers/cache:       951M       1.0G
Swap:         8.0G         0B       8.0G

             total       used       free     shared    buffers     cached
Mem:          2.0G       1.3G       704M       1.4M        38M       290M
-/+ buffers/cache:       966M       1.0G
Swap:         8.0G         0B       8.0G

             total       used       free     shared    buffers     cached
Mem:          2.0G       1.3G       689M       1.4M        38M       290M
-/+ buffers/cache:       981M       1.0G
Swap:         8.0G         0B       8.0G

             total       used       free     shared    buffers     cached
Mem:          2.0G       1.3G       674M       1.4M        38M       290M
-/+ buffers/cache:       996M       1.0G
Swap:         8.0G         0B       8.0G

             total       used       free     shared    buffers     cached
Mem:          2.0G       1.3G       659M       1.4M        38M       290M
-/+ buffers/cache:       1.0G       988M
Swap:         8.0G         0B       8.0G

             total       used       free     shared    buffers     cached
Mem:          2.0G       1.3G       644M       1.4M        38M       290M
-/+ buffers/cache:       1.0G       973M
Swap:         8.0G         0B       8.0G

             total       used       free     shared    buffers     cached
Mem:          2.0G       1.3G       630M       1.4M        38M       290M
-/+ buffers/cache:       1.0G       959M
Swap:         8.0G         0B       8.0G

             total       used       free     shared    buffers     cached
Mem:          2.0G       1.4G       616M       1.4M        38M       290M
-/+ buffers/cache:       1.0G       945M
Swap:         8.0G         0B       8.0G

             total       used       free     shared    buffers     cached
Mem:          2.0G       1.4G       601M       1.4M        38M       290M
-/+ buffers/cache:       1.0G       930M
Swap:         8.0G         0B       8.0G

             total       used       free     shared    buffers     cached
Mem:          2.0G       1.4G       587M       1.4M        38M       290M
-/+ buffers/cache:       1.1G       916M
Swap:         8.0G         0B       8.0G

             total       used       free     shared    buffers     cached
Mem:          2.0G       1.4G       572M       1.4M        38M       290M
-/+ buffers/cache:       1.1G       901M
Swap:         8.0G         0B       8.0G

             total       used       free     shared    buffers     cached
Mem:          2.0G       1.4G       557M       1.4M        38M       290M
-/+ buffers/cache:       1.1G       886M
Swap:         8.0G         0B       8.0G

             total       used       free     shared    buffers     cached
Mem:          2.0G       1.4G       542M       1.4M        38M       290M
-/+ buffers/cache:       1.1G       871M
Swap:         8.0G         0B       8.0G

             total       used       free     shared    buffers     cached
Mem:          2.0G       1.4G       527M       1.4M        38M       290M
-/+ buffers/cache:       1.1G       856M
Swap:         8.0G         0B       8.0G

             total       used       free     shared    buffers     cached
Mem:          2.0G       1.5G       512M       1.4M        38M       290M
-/+ buffers/cache:       1.1G       841M
Swap:         8.0G         0B       8.0G

             total       used       free     shared    buffers     cached
Mem:          2.0G       1.5G       498M       1.4M        38M       290M
-/+ buffers/cache:       1.1G       827M
Swap:         8.0G         0B       8.0G

             total       used       free     shared    buffers     cached
Mem:          2.0G       1.5G       482M       1.4M        38M       290M
-/+ buffers/cache:       1.2G       811M
Swap:         8.0G         0B       8.0G

             total       used       free     shared    buffers     cached
Mem:          2.0G       1.5G       468M       1.4M        38M       290M
-/+ buffers/cache:       1.2G       797M
Swap:         8.0G         0B       8.0G

             total       used       free     shared    buffers     cached
Mem:          2.0G       1.5G       453M       1.4M        38M       290M
-/+ buffers/cache:       1.2G       782M
Swap:         8.0G         0B       8.0G

             total       used       free     shared    buffers     cached
Mem:          2.0G       1.5G       437M       1.4M        38M       290M
-/+ buffers/cache:       1.2G       766M
Swap:         8.0G         0B       8.0G

             total       used       free     shared    buffers     cached
Mem:          2.0G       1.5G       431M       1.4M        38M       290M
-/+ buffers/cache:       1.2G       760M
Swap:         8.0G         0B       8.0G

             total       used       free     shared    buffers     cached
Mem:          2.0G       1.5G       421M       1.4M        38M       290M
-/+ buffers/cache:       1.2G       750M
Swap:         8.0G         0B       8.0G

             total       used       free     shared    buffers     cached
Mem:          2.0G       1.6G       407M       1.4M        38M       290M
-/+ buffers/cache:       1.2G       736M
Swap:         8.0G         0B       8.0G

             total       used       free     shared    buffers     cached
Mem:          2.0G       1.6G       392M       1.4M        38M       290M
-/+ buffers/cache:       1.2G       721M
Swap:         8.0G         0B       8.0G

             total       used       free     shared    buffers     cached
Mem:          2.0G       1.6G       378M       1.4M        38M       290M
-/+ buffers/cache:       1.3G       707M
Swap:         8.0G         0B       8.0G

             total       used       free     shared    buffers     cached
Mem:          2.0G       1.6G       364M       1.4M        38M       290M
-/+ buffers/cache:       1.3G       693M
Swap:         8.0G         0B       8.0G

             total       used       free     shared    buffers     cached
Mem:          2.0G       1.6G       349M       1.4M        38M       290M
-/+ buffers/cache:       1.3G       678M
Swap:         8.0G         0B       8.0G

             total       used       free     shared    buffers     cached
Mem:          2.0G       1.6G       334M       1.4M        38M       290M
-/+ buffers/cache:       1.3G       663M
Swap:         8.0G         0B       8.0G

             total       used       free     shared    buffers     cached
Mem:          2.0G       1.6G       318M       1.4M        38M       290M
-/+ buffers/cache:       1.3G       647M
Swap:         8.0G         0B       8.0G

             total       used       free     shared    buffers     cached
Mem:          2.0G       1.7G       304M       1.4M        38M       290M
-/+ buffers/cache:       1.3G       632M
Swap:         8.0G         0B       8.0G

             total       used       free     shared    buffers     cached
Mem:          2.0G       1.7G       288M       1.4M        38M       290M
-/+ buffers/cache:       1.3G       617M
Swap:         8.0G         0B       8.0G

             total       used       free     shared    buffers     cached
Mem:          2.0G       1.7G       273M       1.4M        38M       290M
-/+ buffers/cache:       1.4G       602M
Swap:         8.0G         0B       8.0G

             total       used       free     shared    buffers     cached
Mem:          2.0G       1.7G       257M       1.4M        38M       290M
-/+ buffers/cache:       1.4G       586M
Swap:         8.0G         0B       8.0G

             total       used       free     shared    buffers     cached
Mem:          2.0G       1.7G       242M       1.4M        38M       290M
-/+ buffers/cache:       1.4G       571M
Swap:         8.0G         0B       8.0G

             total       used       free     shared    buffers     cached
Mem:          2.0G       1.7G       227M       1.4M        38M       290M
-/+ buffers/cache:       1.4G       556M
Swap:         8.0G         0B       8.0G

             total       used       free     shared    buffers     cached
Mem:          2.0G       1.7G       212M       1.4M        38M       290M
-/+ buffers/cache:       1.4G       541M
Swap:         8.0G         0B       8.0G

             total       used       free     shared    buffers     cached
Mem:          2.0G       1.8G       198M       1.4M        38M       290M
-/+ buffers/cache:       1.4G       526M
Swap:         8.0G         0B       8.0G

             total       used       free     shared    buffers     cached
Mem:          2.0G       1.8G       183M       1.4M        38M       290M
-/+ buffers/cache:       1.5G       512M
Swap:         8.0G         0B       8.0G

             total       used       free     shared    buffers     cached
Mem:          2.0G       1.8G       169M       1.4M        38M       290M
-/+ buffers/cache:       1.5G       498M
Swap:         8.0G         0B       8.0G

             total       used       free     shared    buffers     cached
Mem:          2.0G       1.8G       153M       1.4M        38M       290M
-/+ buffers/cache:       1.5G       482M
Swap:         8.0G         0B       8.0G

             total       used       free     shared    buffers     cached
Mem:          2.0G       1.8G       140M       1.4M        38M       290M
-/+ buffers/cache:       1.5G       469M
Swap:         8.0G         0B       8.0G

             total       used       free     shared    buffers     cached
Mem:          2.0G       1.8G       124M       1.4M        38M       290M
-/+ buffers/cache:       1.5G       453M
Swap:         8.0G         0B       8.0G

             total       used       free     shared    buffers     cached
Mem:          2.0G       1.8G       109M       1.4M        38M       290M
-/+ buffers/cache:       1.5G       438M
Swap:         8.0G         0B       8.0G

             total       used       free     shared    buffers     cached
Mem:          2.0G       1.9G        94M       1.4M        38M       290M
-/+ buffers/cache:       1.5G       423M
Swap:         8.0G         0B       8.0G

             total       used       free     shared    buffers     cached
Mem:          2.0G       1.9G        79M       1.4M        38M       290M
-/+ buffers/cache:       1.6G       408M
Swap:         8.0G         0B       8.0G

             total       used       free     shared    buffers     cached
Mem:          2.0G       1.9G        64M       1.4M        38M       290M
-/+ buffers/cache:       1.6G       393M
Swap:         8.0G         0B       8.0G

             total       used       free     shared    buffers     cached
Mem:          2.0G       1.9G        72M       1.4M        17M       288M
-/+ buffers/cache:       1.6G       378M
Swap:         8.0G         0B       8.0G

             total       used       free     shared    buffers     cached
Mem:          2.0G       1.9G        73M       1.4M        10M       279M
-/+ buffers/cache:       1.6G       363M
Swap:         8.0G         0B       8.0G

             total       used       free     shared    buffers     cached
Mem:          2.0G       1.9G        75M       1.4M       9.8M       262M
-/+ buffers/cache:       1.6G       348M
Swap:         8.0G        76K       8.0G

             total       used       free     shared    buffers     cached
Mem:          2.0G       1.9G        78M       1.3M       9.8M       244M
-/+ buffers/cache:       1.6G       332M
Swap:         8.0G       980K       8.0G

             total       used       free     shared    buffers     cached
Mem:          2.0G       1.9G        77M       1.2M       9.8M       232M
-/+ buffers/cache:       1.6G       319M
Swap:         8.0G       6.5M       8.0G

             total       used       free     shared    buffers     cached
Mem:          2.0G       1.9G        94M       1.0M       9.8M       205M
-/+ buffers/cache:       1.7G       310M
Swap:         8.0G        11M       8.0G

             total       used       free     shared    buffers     cached
Mem:          2.0G       1.9G        79M       1.0M       9.8M       205M
-/+ buffers/cache:       1.7G       295M
Swap:         8.0G        11M       8.0G

             total       used       free     shared    buffers     cached
Mem:          2.0G       1.9G        64M       1.0M       9.8M       205M
-/+ buffers/cache:       1.7G       280M
Swap:         8.0G        11M       8.0G

             total       used       free     shared    buffers     cached
Mem:          2.0G       1.9G        76M       1.0M       1.4M       189M
-/+ buffers/cache:       1.7G       266M
Swap:         8.0G        11M       8.0G

             total       used       free     shared    buffers     cached
Mem:          2.0G       1.9G        76M       1.0M       328K       175M
-/+ buffers/cache:       1.7G       252M
Swap:         8.0G        11M       8.0G

             total       used       free     shared    buffers     cached
Mem:          2.0G       1.9G        82M       1.0M       328K       154M
-/+ buffers/cache:       1.7G       237M
Swap:         8.0G        11M       8.0G

             total       used       free     shared    buffers     cached
Mem:          2.0G       1.9G        67M       1.0M       328K       154M
-/+ buffers/cache:       1.7G       222M
Swap:         8.0G        11M       8.0G

             total       used       free     shared    buffers     cached
Mem:          2.0G       1.9G        72M       1.0M       328K       136M
-/+ buffers/cache:       1.7G       209M
Swap:         8.0G        11M       8.0G

             total       used       free     shared    buffers     cached
Mem:          2.0G       1.9G        74M       1.0M        76K       120M
-/+ buffers/cache:       1.8G       194M
Swap:         8.0G        11M       8.0G

             total       used       free     shared    buffers     cached
Mem:          2.0G       1.9G        75M       1.0M        76K       106M
-/+ buffers/cache:       1.8G       182M
Swap:         8.0G        11M       8.0G

             total       used       free     shared    buffers     cached
Mem:          2.0G       1.9G        75M       1.0M        96K        93M
-/+ buffers/cache:       1.8G       168M
Swap:         8.0G        11M       8.0G

             total       used       free     shared    buffers     cached
Mem:          2.0G       1.9G        82M       1.0M        96K        72M
-/+ buffers/cache:       1.8G       154M
Swap:         8.0G        11M       8.0G

             total       used       free     shared    buffers     cached
Mem:          2.0G       1.9G        68M       1.0M       100K        72M
-/+ buffers/cache:       1.8G       140M
Swap:         8.0G        11M       8.0G

             total       used       free     shared    buffers     cached
Mem:          2.0G       1.9G        71M       1.0M       100K        55M
-/+ buffers/cache:       1.8G       127M
Swap:         8.0G        11M       8.0G

             total       used       free     shared    buffers     cached
Mem:          2.0G       1.9G        69M       1.0M       240K        43M
-/+ buffers/cache:       1.8G       113M
Swap:         8.0G        11M       8.0G

             total       used       free     shared    buffers     cached
Mem:          2.0G       1.9G        73M       1.0M       240K        25M
-/+ buffers/cache:       1.9G        99M
Swap:         8.0G        11M       8.0G

             total       used       free     shared    buffers     cached
Mem:          2.0G       1.9G        72M       1.0M       512K        12M
-/+ buffers/cache:       1.9G        85M
Swap:         8.0G        11M       8.0G

             total       used       free     shared    buffers     cached
Mem:          2.0G       1.9G        75M       1.0M       504K       2.8M
-/+ buffers/cache:       1.9G        78M
Swap:         8.0G        16M       8.0G

             total       used       free     shared    buffers     cached
Mem:          2.0G       1.9G        80M       704K       396K       2.2M
-/+ buffers/cache:       1.9G        83M
Swap:         8.0G        50M       7.9G

             total       used       free     shared    buffers     cached
Mem:          2.0G       1.9G        68M       720K       396K       2.3M
-/+ buffers/cache:       1.9G        71M
Swap:         8.0G        50M       7.9G

             total       used       free     shared    buffers     cached
Mem:          2.0G       1.9G        68M       720K       364K       2.2M
-/+ buffers/cache:       1.9G        70M
Swap:         8.0G        50M       7.9G

             total       used       free     shared    buffers     cached
Mem:          2.0G       1.9G        78M       656K       308K       2.2M
-/+ buffers/cache:       1.9G        81M
Swap:         8.0G        91M       7.9G

             total       used       free     shared    buffers     cached
Mem:          2.0G       1.9G        77M       664K       308K       2.2M
-/+ buffers/cache:       1.9G        79M
Swap:         8.0G        91M       7.9G

             total       used       free     shared    buffers     cached
Mem:          2.0G       1.9G        77M       664K       308K       2.2M
-/+ buffers/cache:       1.9G        80M
Swap:         8.0G       116M       7.9G

             total       used       free     shared    buffers     cached
Mem:          2.0G       1.9G        78M       660K       308K       2.2M
-/+ buffers/cache:       1.9G        81M
Swap:         8.0G       116M       7.9G

             total       used       free     shared    buffers     cached
Mem:          2.0G       1.9G        78M       596K       308K       2.1M
-/+ buffers/cache:       1.9G        80M
Swap:         8.0G       147M       7.9G

             total       used       free     shared    buffers     cached
Mem:          2.0G       1.9G        64M       604K       316K       2.1M
-/+ buffers/cache:       1.9G        67M
Swap:         8.0G       147M       7.9G

             total       used       free     shared    buffers     cached
Mem:          2.0G       1.9G        81M       604K       268K       2.1M
-/+ buffers/cache:       1.9G        84M
Swap:         8.0G       179M       7.8G

             total       used       free     shared    buffers     cached
Mem:          2.0G       1.9G        67M       572K       268K       2.0M
-/+ buffers/cache:       1.9G        70M
Swap:         8.0G       179M       7.8G

             total       used       free     shared    buffers     cached
Mem:          2.0G       1.9G        66M       572K       268K       2.1M
-/+ buffers/cache:       1.9G        68M
Swap:         8.0G       179M       7.8G

             total       used       free     shared    buffers     cached
Mem:          2.0G       1.9G        81M       572K       156K       2.0M
-/+ buffers/cache:       1.9G        83M
Swap:         8.0G       243M       7.8G

             total       used       free     shared    buffers     cached
Mem:          2.0G       1.9G        74M       548K       156K       2.1M
-/+ buffers/cache:       1.9G        77M
Swap:         8.0G       243M       7.8G

             total       used       free     shared    buffers     cached
Mem:          2.0G       1.9G        69M       548K       164K       2.1M
-/+ buffers/cache:       1.9G        71M
Swap:         8.0G       243M       7.8G

             total       used       free     shared    buffers     cached
Mem:          2.0G       1.9G        81M       548K       164K       2.1M
-/+ buffers/cache:       1.9G        84M
Swap:         8.0G       243M       7.8G

             total       used       free     shared    buffers     cached
Mem:          2.0G       1.9G        78M       548K       164K       2.2M
-/+ buffers/cache:       1.9G        80M
Swap:         8.0G       243M       7.8G

             total       used       free     shared    buffers     cached
Mem:          2.0G       1.9G        74M       548K       160K       2.1M
-/+ buffers/cache:       1.9G        76M
Swap:         8.0G       247M       7.8G

             total       used       free     shared    buffers     cached
Mem:          2.0G       1.9G        64M       536K       144K       2.1M
-/+ buffers/cache:       1.9G        66M
Swap:         8.0G       248M       7.8G

             total       used       free     shared    buffers     cached
Mem:          2.0G       1.9G        76M       536K       152K       2.1M
-/+ buffers/cache:       1.9G        79M
Swap:         8.0G       341M       7.7G

             total       used       free     shared    buffers     cached
Mem:          2.0G       1.9G        70M       536K       152K       2.1M
-/+ buffers/cache:       1.9G        72M
Swap:         8.0G       341M       7.7G

             total       used       free     shared    buffers     cached
Mem:          2.0G       1.9G        68M       536K       152K       2.1M
-/+ buffers/cache:       1.9G        70M
Swap:         8.0G       340M       7.7G

             total       used       free     shared    buffers     cached
Mem:          2.0G       1.9G        68M       536K       152K       2.1M
-/+ buffers/cache:       1.9G        70M
Swap:         8.0G       339M       7.7G

             total       used       free     shared    buffers     cached
Mem:          2.0G       1.9G        67M       536K       152K       2.1M
-/+ buffers/cache:       1.9G        69M
Swap:         8.0G       338M       7.7G

             total       used       free     shared    buffers     cached
Mem:          2.0G       1.9G        67M       536K       160K       2.1M
-/+ buffers/cache:       1.9G        69M
Swap:         8.0G       337M       7.7G

             total       used       free     shared    buffers     cached
Mem:          2.0G       1.9G        67M       536K       160K       2.2M
-/+ buffers/cache:       1.9G        69M
Swap:         8.0G       336M       7.7G

             total       used       free     shared    buffers     cached
Mem:          2.0G       1.9G        66M       536K       160K       2.1M
-/+ buffers/cache:       1.9G        68M
Swap:         8.0G       335M       7.7G

             total       used       free     shared    buffers     cached
Mem:          2.0G       1.9G        66M       536K       160K       2.2M
-/+ buffers/cache:       1.9G        68M
Swap:         8.0G       334M       7.7G

             total       used       free     shared    buffers     cached
Mem:          2.0G       1.9G        66M       536K       160K       2.1M
-/+ buffers/cache:       1.9G        68M
Swap:         8.0G       333M       7.7G

             total       used       free     shared    buffers     cached
Mem:          2.0G       1.9G        66M       536K       160K       2.1M
-/+ buffers/cache:       1.9G        68M
Swap:         8.0G       332M       7.7G

             total       used       free     shared    buffers     cached
Mem:          2.0G       1.9G        65M       536K       168K       2.1M
-/+ buffers/cache:       1.9G        68M
Swap:         8.0G       332M       7.7G

             total       used       free     shared    buffers     cached
Mem:          2.0G       1.9G        65M       536K       168K       2.1M
-/+ buffers/cache:       1.9G        67M
Swap:         8.0G       331M       7.7G

             total       used       free     shared    buffers     cached
Mem:          2.0G       1.9G        65M       536K       168K       2.1M
-/+ buffers/cache:       1.9G        67M
Swap:         8.0G       330M       7.7G

             total       used       free     shared    buffers     cached
Mem:          2.0G       1.9G        65M       536K       168K       2.1M
-/+ buffers/cache:       1.9G        67M
Swap:         8.0G       329M       7.7G

             total       used       free     shared    buffers     cached
Mem:          2.0G       1.9G        76M       536K       168K       2.2M
-/+ buffers/cache:       1.9G        78M
Swap:         8.0G       328M       7.7G

             total       used       free     shared    buffers     cached
Mem:          2.0G       1.9G        76M       536K       176K       2.1M
-/+ buffers/cache:       1.9G        78M
Swap:         8.0G       328M       7.7G

             total       used       free     shared    buffers     cached
Mem:          2.0G       1.9G        73M       536K       596K       3.4M
-/+ buffers/cache:       1.9G        77M
Swap:         8.0G       327M       7.7G

             total       used       free     shared    buffers     cached
Mem:          2.0G       1.9G        77M       536K       100K        23M
-/+ buffers/cache:       1.9G       101M
Swap:         8.0G       346M       7.7G

             total       used       free     shared    buffers     cached
Mem:          2.0G       1.9G        74M       540K       256K        25M
-/+ buffers/cache:       1.9G       100M
Swap:         8.0G       345M       7.7G

             total       used       free     shared    buffers     cached
Mem:          2.0G       1.9G        73M       540K       256K        25M
-/+ buffers/cache:       1.9G        99M
Swap:         8.0G       345M       7.7G

             total       used       free     shared    buffers     cached
Mem:          2.0G       1.9G        69M       540K       256K        27M
-/+ buffers/cache:       1.9G        96M
Swap:         8.0G       343M       7.7G

             total       used       free     shared    buffers     cached
Mem:          2.0G       1.9G        85M       540K       208K        27M
-/+ buffers/cache:       1.8G       113M
Swap:         8.0G       339M       7.7G

             total       used       free     shared    buffers     cached
Mem:          2.0G       1.9G        77M       540K       2.1M        31M
-/+ buffers/cache:       1.8G       110M
Swap:         8.0G       338M       7.7G

             total       used       free     shared    buffers     cached
Mem:          2.0G       1.9G        76M       544K       2.1M        31M
-/+ buffers/cache:       1.8G       110M
Swap:         8.0G       338M       7.7G

             total       used       free     shared    buffers     cached
Mem:          2.0G       1.9G        75M       544K       2.1M        31M
-/+ buffers/cache:       1.8G       109M
Swap:         8.0G       338M       7.7G

             total       used       free     shared    buffers     cached
Mem:          2.0G       1.9G        71M       544K       2.1M        33M
-/+ buffers/cache:       1.8G       107M
Swap:         8.0G       336M       7.7G

             total       used       free     shared    buffers     cached
Mem:          2.0G       1.9G        71M       544K       2.1M        33M
-/+ buffers/cache:       1.8G       106M
Swap:         8.0G       336M       7.7G

             total       used       free     shared    buffers     cached
Mem:          2.0G       1.9G        70M       544K       2.1M        33M
-/+ buffers/cache:       1.8G       106M
Swap:         8.0G       336M       7.7G

             total       used       free     shared    buffers     cached
Mem:          2.0G       1.9G        70M       544K       2.1M        33M
-/+ buffers/cache:       1.8G       105M
Swap:         8.0G       336M       7.7G

             total       used       free     shared    buffers     cached
Mem:          2.0G       1.9G        69M       544K       2.1M        33M
-/+ buffers/cache:       1.9G       105M
Swap:         8.0G       335M       7.7G

             total       used       free     shared    buffers     cached
Mem:          2.0G       1.9G        68M       544K       2.1M        33M
-/+ buffers/cache:       1.9G       104M
Swap:         8.0G       335M       7.7G

             total       used       free     shared    buffers     cached
Mem:          2.0G       1.9G        68M       544K       2.1M        33M
-/+ buffers/cache:       1.9G       104M
Swap:         8.0G       335M       7.7G

             total       used       free     shared    buffers     cached
Mem:          2.0G       1.9G        67M       544K       2.1M        33M
-/+ buffers/cache:       1.9G       103M
Swap:         8.0G       334M       7.7G

             total       used       free     shared    buffers     cached
Mem:          2.0G       1.9G        67M       544K       2.1M        33M
-/+ buffers/cache:       1.9G       103M
Swap:         8.0G       334M       7.7G

             total       used       free     shared    buffers     cached
Mem:          2.0G       1.9G        66M       544K       2.1M        33M
-/+ buffers/cache:       1.9G       102M
Swap:         8.0G       334M       7.7G

             total       used       free     shared    buffers     cached
Mem:          2.0G       1.9G        66M       544K       2.1M        33M
-/+ buffers/cache:       1.9G       102M
Swap:         8.0G       333M       7.7G

             total       used       free     shared    buffers     cached
Mem:          2.0G       1.9G        65M       544K       2.1M        33M
-/+ buffers/cache:       1.9G       101M
Swap:         8.0G       333M       7.7G

             total       used       free     shared    buffers     cached
Mem:          2.0G       1.9G        65M       544K       2.1M        33M
-/+ buffers/cache:       1.9G       101M
Swap:         8.0G       333M       7.7G

             total       used       free     shared    buffers     cached
Mem:          2.0G       1.9G        77M       544K       2.1M        30M
-/+ buffers/cache:       1.8G       109M
Swap:         8.0G       344M       7.7G

             total       used       free     shared    buffers     cached
Mem:          2.0G       1.9G        77M       544K       2.1M        30M
-/+ buffers/cache:       1.8G       109M
Swap:         8.0G       349M       7.7G

             total       used       free     shared    buffers     cached
Mem:          2.0G       1.9G        76M       544K       2.1M        30M
-/+ buffers/cache:       1.8G       108M
Swap:         8.0G       349M       7.7G

             total       used       free     shared    buffers     cached
Mem:          2.0G       1.9G        75M       544K       2.1M        30M
-/+ buffers/cache:       1.8G       108M
Swap:         8.0G       349M       7.7G

             total       used       free     shared    buffers     cached
Mem:          2.0G       1.9G        75M       544K       2.1M        30M
-/+ buffers/cache:       1.8G       107M
Swap:         8.0G       348M       7.7G

             total       used       free     shared    buffers     cached
Mem:          2.0G       1.9G        74M       544K       2.1M        30M
-/+ buffers/cache:       1.8G       107M
Swap:         8.0G       348M       7.7G

             total       used       free     shared    buffers     cached
Mem:          2.0G       1.9G        74M       544K       2.1M        30M
-/+ buffers/cache:       1.8G       106M
Swap:         8.0G       348M       7.7G

             total       used       free     shared    buffers     cached
Mem:          2.0G       1.9G        73M       544K       2.1M        30M
-/+ buffers/cache:       1.9G       105M
Swap:         8.0G       347M       7.7G

             total       used       free     shared    buffers     cached
Mem:          2.0G       1.9G        72M       544K       2.1M        30M
-/+ buffers/cache:       1.9G       105M
Swap:         8.0G       347M       7.7G

             total       used       free     shared    buffers     cached
Mem:          2.0G       1.9G        72M       544K       2.1M        30M
-/+ buffers/cache:       1.9G       104M
Swap:         8.0G       347M       7.7G

             total       used       free     shared    buffers     cached
Mem:          2.0G       1.9G        71M       544K       2.1M        30M
-/+ buffers/cache:       1.9G       104M
Swap:         8.0G       346M       7.7G

             total       used       free     shared    buffers     cached
Mem:          2.0G       1.9G        71M       544K       2.1M        30M
-/+ buffers/cache:       1.9G       103M
Swap:         8.0G       346M       7.7G

             total       used       free     shared    buffers     cached
Mem:          2.0G       1.9G        70M       544K       2.1M        30M
-/+ buffers/cache:       1.9G       102M
Swap:         8.0G       346M       7.7G

             total       used       free     shared    buffers     cached
Mem:          2.0G       1.9G        69M       544K       2.1M        30M
-/+ buffers/cache:       1.9G       102M
Swap:         8.0G       345M       7.7G

             total       used       free     shared    buffers     cached
Mem:          2.0G       1.9G        69M       544K       2.1M        30M
-/+ buffers/cache:       1.9G       101M
Swap:         8.0G       345M       7.7G

             total       used       free     shared    buffers     cached
Mem:          2.0G       1.9G        68M       544K       2.1M        30M
-/+ buffers/cache:       1.9G       101M
Swap:         8.0G       345M       7.7G

             total       used       free     shared    buffers     cached
Mem:          2.0G       1.9G        68M       544K       2.1M        30M
-/+ buffers/cache:       1.9G       100M
Swap:         8.0G       344M       7.7G

             total       used       free     shared    buffers     cached
Mem:          2.0G       1.9G        67M       544K       2.1M        30M
-/+ buffers/cache:       1.9G       100M
Swap:         8.0G       344M       7.7G

             total       used       free     shared    buffers     cached
Mem:          2.0G       1.9G        67M       544K       2.1M        30M
-/+ buffers/cache:       1.9G        99M
Swap:         8.0G       344M       7.7G

             total       used       free     shared    buffers     cached
Mem:          2.0G       1.9G        66M       544K       2.1M        30M
-/+ buffers/cache:       1.9G        99M
Swap:         8.0G       343M       7.7G

             total       used       free     shared    buffers     cached
Mem:          2.0G       1.9G        66M       544K       2.1M        30M
-/+ buffers/cache:       1.9G        98M
Swap:         8.0G       343M       7.7G

             total       used       free     shared    buffers     cached
Mem:          2.0G       1.9G        65M       544K       2.1M        30M
-/+ buffers/cache:       1.9G        97M
Swap:         8.0G       343M       7.7G

             total       used       free     shared    buffers     cached
Mem:          2.0G       1.9G        64M       544K       2.1M        30M
-/+ buffers/cache:       1.9G        97M
Swap:         8.0G       342M       7.7G

             total       used       free     shared    buffers     cached
Mem:          2.0G       1.9G        81M       544K       2.1M        27M
-/+ buffers/cache:       1.8G       111M
Swap:         8.0G       359M       7.6G

             total       used       free     shared    buffers     cached
Mem:          2.0G       1.9G        81M       544K       2.1M        27M
-/+ buffers/cache:       1.8G       111M
Swap:         8.0G       359M       7.6G

             total       used       free     shared    buffers     cached
Mem:          2.0G       1.9G        80M       544K       2.1M        27M
-/+ buffers/cache:       1.8G       110M
Swap:         8.0G       359M       7.6G

             total       used       free     shared    buffers     cached
Mem:          2.0G       1.9G        79M       544K       2.1M        27M
-/+ buffers/cache:       1.8G       109M
Swap:         8.0G       358M       7.6G

             total       used       free     shared    buffers     cached
Mem:          2.0G       1.9G        79M       544K       2.1M        27M
-/+ buffers/cache:       1.8G       109M
Swap:         8.0G       358M       7.6G

             total       used       free     shared    buffers     cached
Mem:          2.0G       1.9G        78M       544K       2.1M        27M
-/+ buffers/cache:       1.8G       108M
Swap:         8.0G       357M       7.6G

             total       used       free     shared    buffers     cached
Mem:          2.0G       1.9G        77M       544K       2.1M        27M
-/+ buffers/cache:       1.8G       107M
Swap:         8.0G       357M       7.6G

             total       used       free     shared    buffers     cached
Mem:          2.0G       1.9G        77M       544K       2.1M        27M
-/+ buffers/cache:       1.8G       107M
Swap:         8.0G       357M       7.6G

             total       used       free     shared    buffers     cached
Mem:          2.0G       1.9G        76M       544K       2.1M        27M
-/+ buffers/cache:       1.8G       106M
Swap:         8.0G       356M       7.6G

             total       used       free     shared    buffers     cached
Mem:          2.0G       1.9G        75M       544K       2.1M        27M
-/+ buffers/cache:       1.8G       105M
Swap:         8.0G       356M       7.6G

             total       used       free     shared    buffers     cached
Mem:          2.0G       1.9G        75M       544K       2.1M        27M
-/+ buffers/cache:       1.9G       105M
Swap:         8.0G       355M       7.6G

             total       used       free     shared    buffers     cached
Mem:          2.0G       1.9G        74M       544K       2.1M        27M
-/+ buffers/cache:       1.9G       104M
Swap:         8.0G       355M       7.6G

             total       used       free     shared    buffers     cached
Mem:          2.0G       1.9G        73M       544K       2.1M        27M
-/+ buffers/cache:       1.9G       103M
Swap:         8.0G       355M       7.7G

             total       used       free     shared    buffers     cached
Mem:          2.0G       1.9G        73M       544K       2.1M        27M
-/+ buffers/cache:       1.9G       103M
Swap:         8.0G       354M       7.7G

             total       used       free     shared    buffers     cached
Mem:          2.0G       1.9G        72M       544K       2.1M        27M
-/+ buffers/cache:       1.9G       102M
Swap:         8.0G       354M       7.7G

             total       used       free     shared    buffers     cached
Mem:          2.0G       1.9G        71M       544K       2.1M        27M
-/+ buffers/cache:       1.9G       102M
Swap:         8.0G       353M       7.7G

             total       used       free     shared    buffers     cached
Mem:          2.0G       1.9G        71M       544K       2.1M        27M
-/+ buffers/cache:       1.9G       101M
Swap:         8.0G       353M       7.7G

             total       used       free     shared    buffers     cached
Mem:          2.0G       1.9G        70M       544K       2.1M        27M
-/+ buffers/cache:       1.9G       100M
Swap:         8.0G       352M       7.7G

             total       used       free     shared    buffers     cached
Mem:          2.0G       1.9G        70M       544K       2.1M        27M
-/+ buffers/cache:       1.9G       100M
Swap:         8.0G       352M       7.7G

             total       used       free     shared    buffers     cached
Mem:          2.0G       1.9G        69M       544K       2.1M        28M
-/+ buffers/cache:       1.9G        99M
Swap:         8.0G       352M       7.7G

             total       used       free     shared    buffers     cached
Mem:          2.0G       1.9G        68M       544K       2.1M        28M
-/+ buffers/cache:       1.9G        98M
Swap:         8.0G       351M       7.7G

             total       used       free     shared    buffers     cached
Mem:          2.0G       1.9G        66M       544K       2.1M        29M
-/+ buffers/cache:       1.9G        98M
Swap:         8.0G       351M       7.7G

             total       used       free     shared    buffers     cached
Mem:          2.0G       1.9G        66M       548K       2.1M        29M
-/+ buffers/cache:       1.9G        97M
Swap:         8.0G       350M       7.7G

             total       used       free     shared    buffers     cached
Mem:          2.0G       1.9G        65M       548K       2.1M        29M
-/+ buffers/cache:       1.9G        97M
Swap:         8.0G       350M       7.7G

             total       used       free     shared    buffers     cached
Mem:          2.0G       1.9G        75M       548K       2.1M        28M
-/+ buffers/cache:       1.8G       106M
Swap:         8.0G       361M       7.6G

             total       used       free     shared    buffers     cached
Mem:          2.0G       1.9G        74M       548K       2.1M        28M
-/+ buffers/cache:       1.9G       104M
Swap:         8.0G       360M       7.6G

             total       used       free     shared    buffers     cached
Mem:          2.0G       1.9G        68M       548K       2.1M        31M
-/+ buffers/cache:       1.9G       102M
Swap:         8.0G       359M       7.6G

             total       used       free     shared    buffers     cached
Mem:          2.0G       1.9G        66M       548K       2.1M        31M
-/+ buffers/cache:       1.9G        99M
Swap:         8.0G       357M       7.6G

             total       used       free     shared    buffers     cached
Mem:          2.0G       1.9G        65M       548K       2.1M        31M
-/+ buffers/cache:       1.9G        99M
Swap:         8.0G       357M       7.6G

             total       used       free     shared    buffers     cached
Mem:          2.0G       1.9G        65M       548K       2.1M        31M
-/+ buffers/cache:       1.9G        99M
Swap:         8.0G       357M       7.6G

             total       used       free     shared    buffers     cached
Mem:          2.0G       1.9G        65M       548K       2.1M        31M
-/+ buffers/cache:       1.9G        98M
Swap:         8.0G       357M       7.6G

             total       used       free     shared    buffers     cached
Mem:          2.0G       1.9G        75M       548K       2.1M        28M
-/+ buffers/cache:       1.8G       106M
Swap:         8.0G       362M       7.6G

             total       used       free     shared    buffers     cached
Mem:          2.0G       1.9G        75M       548K       2.1M        28M
-/+ buffers/cache:       1.8G       106M
Swap:         8.0G       362M       7.6G

             total       used       free     shared    buffers     cached
Mem:          2.0G       1.9G        75M       548K       2.2M        28M
-/+ buffers/cache:       1.8G       106M
Swap:         8.0G       361M       7.6G

             total       used       free     shared    buffers     cached
Mem:          2.0G       1.9G        74M       548K       2.2M        28M
-/+ buffers/cache:       1.9G       105M
Swap:         8.0G       361M       7.6G

             total       used       free     shared    buffers     cached
Mem:          2.0G       1.9G        74M       548K       2.2M        28M
-/+ buffers/cache:       1.9G       105M
Swap:         8.0G       361M       7.6G

             total       used       free     shared    buffers     cached
Mem:          2.0G       1.9G        74M       548K       2.2M        28M
-/+ buffers/cache:       1.9G       104M
Swap:         8.0G       361M       7.6G

             total       used       free     shared    buffers     cached
Mem:          2.0G       1.9G        76M       612K       2.6M        45M
-/+ buffers/cache:       1.8G       124M
Swap:         8.0G       395M       7.6G

             total       used       free     shared    buffers     cached
Mem:          2.0G       1.9G        83M       4.3M       4.5M        58M
-/+ buffers/cache:       1.8G       146M
Swap:         8.0G       422M       7.6G

             total       used       free     shared    buffers     cached
Mem:          2.0G       1.9G        79M       676K       4.5M        58M
-/+ buffers/cache:       1.8G       143M
Swap:         8.0G       422M       7.6G

             total       used       free     shared    buffers     cached
Mem:          2.0G       1.9G        76M       636K       3.6M        58M
-/+ buffers/cache:       1.8G       138M
Swap:         8.0G       423M       7.6G

             total       used       free     shared    buffers     cached
Mem:          2.0G       1.9G        75M       648K       3.6M        58M
-/+ buffers/cache:       1.8G       137M
Swap:         8.0G       422M       7.6G

             total       used       free     shared    buffers     cached
Mem:          2.0G       1.9G        73M       648K       3.6M        58M
-/+ buffers/cache:       1.8G       136M
Swap:         8.0G       421M       7.6G

             total       used       free     shared    buffers     cached
Mem:          2.0G       1.9G        73M       648K       3.6M        58M
-/+ buffers/cache:       1.8G       135M
Swap:         8.0G       420M       7.6G

             total       used       free     shared    buffers     cached
Mem:          2.0G       1.9G        72M       648K       3.6M        58M
-/+ buffers/cache:       1.8G       134M
Swap:         8.0G       419M       7.6G

             total       used       free     shared    buffers     cached
Mem:          2.0G       1.9G        69M       648K       3.7M        59M
-/+ buffers/cache:       1.8G       133M
Swap:         8.0G       418M       7.6G

             total       used       free     shared    buffers     cached
Mem:          2.0G       1.9G        68M       648K       3.7M        59M
-/+ buffers/cache:       1.8G       132M
Swap:         8.0G       417M       7.6G

             total       used       free     shared    buffers     cached
Mem:          2.0G       1.9G        67M       648K       3.7M        59M
-/+ buffers/cache:       1.8G       131M
Swap:         8.0G       416M       7.6G

             total       used       free     shared    buffers     cached
Mem:          2.0G       1.9G        66M       648K       3.7M        59M
-/+ buffers/cache:       1.8G       130M
Swap:         8.0G       415M       7.6G

             total       used       free     shared    buffers     cached
Mem:          2.0G       1.9G        65M       648K       3.7M        59M
-/+ buffers/cache:       1.8G       129M
Swap:         8.0G       414M       7.6G

             total       used       free     shared    buffers     cached
Mem:          2.0G       1.9G        64M       648K       3.7M        59M
-/+ buffers/cache:       1.8G       128M
Swap:         8.0G       412M       7.6G

             total       used       free     shared    buffers     cached
Mem:          2.0G       1.9G        83M       648K       3.7M        58M
-/+ buffers/cache:       1.8G       145M
Swap:         8.0G       439M       7.6G

             total       used       free     shared    buffers     cached
Mem:          2.0G       1.9G        82M       648K       3.7M        58M
-/+ buffers/cache:       1.8G       143M
Swap:         8.0G       438M       7.6G

             total       used       free     shared    buffers     cached
Mem:          2.0G       1.9G        81M       648K       3.7M        58M
-/+ buffers/cache:       1.8G       142M
Swap:         8.0G       437M       7.6G

             total       used       free     shared    buffers     cached
Mem:          2.0G       1.9G        80M       648K       3.7M        58M
-/+ buffers/cache:       1.8G       141M
Swap:         8.0G       436M       7.6G

             total       used       free     shared    buffers     cached
Mem:          2.0G       1.9G        79M       648K       3.7M        57M
-/+ buffers/cache:       1.8G       140M
Swap:         8.0G       435M       7.6G

             total       used       free     shared    buffers     cached
Mem:          2.0G       1.9G        78M       648K       3.7M        57M
-/+ buffers/cache:       1.8G       139M
Swap:         8.0G       434M       7.6G

             total       used       free     shared    buffers     cached
Mem:          2.0G       1.9G        77M       648K       3.7M        58M
-/+ buffers/cache:       1.8G       138M
Swap:         8.0G       432M       7.6G

             total       used       free     shared    buffers     cached
Mem:          2.0G       1.9G        76M       648K       3.7M        58M
-/+ buffers/cache:       1.8G       137M
Swap:         8.0G       431M       7.6G

             total       used       free     shared    buffers     cached
Mem:          2.0G       1.9G        74M       648K       3.7M        58M
-/+ buffers/cache:       1.8G       136M
Swap:         8.0G       430M       7.6G

             total       used       free     shared    buffers     cached
Mem:          2.0G       1.9G        73M       648K       3.7M        58M
-/+ buffers/cache:       1.8G       135M
Swap:         8.0G       429M       7.6G

             total       used       free     shared    buffers     cached
Mem:          2.0G       1.9G        72M       648K       3.7M        58M
-/+ buffers/cache:       1.8G       134M
Swap:         8.0G       428M       7.6G

             total       used       free     shared    buffers     cached
Mem:          2.0G       1.9G        71M       648K       3.7M        58M
-/+ buffers/cache:       1.8G       133M
Swap:         8.0G       426M       7.6G

             total       used       free     shared    buffers     cached
Mem:          2.0G       1.9G        70M       648K       3.7M        58M
-/+ buffers/cache:       1.8G       132M
Swap:         8.0G       425M       7.6G

             total       used       free     shared    buffers     cached
Mem:          2.0G       1.9G        69M       648K       3.7M        58M
-/+ buffers/cache:       1.8G       131M
Swap:         8.0G       424M       7.6G

             total       used       free     shared    buffers     cached
Mem:          2.0G       1.9G        68M       648K       3.7M        58M
-/+ buffers/cache:       1.8G       130M
Swap:         8.0G       423M       7.6G

             total       used       free     shared    buffers     cached
Mem:          2.0G       1.9G        67M       648K       3.7M        58M
-/+ buffers/cache:       1.8G       129M
Swap:         8.0G       422M       7.6G

             total       used       free     shared    buffers     cached
Mem:          2.0G       1.9G        66M       648K       3.7M        58M
-/+ buffers/cache:       1.8G       128M
Swap:         8.0G       421M       7.6G

             total       used       free     shared    buffers     cached
Mem:          2.0G       1.9G        65M       648K       3.7M        58M
-/+ buffers/cache:       1.8G       127M
Swap:         8.0G       419M       7.6G

             total       used       free     shared    buffers     cached
Mem:          2.0G       1.9G        80M       648K       3.6M        57M
-/+ buffers/cache:       1.8G       141M
Swap:         8.0G       419M       7.6G

             total       used       free     shared    buffers     cached
Mem:          2.0G       1.9G        79M       648K       3.6M        57M
-/+ buffers/cache:       1.8G       140M
Swap:         8.0G       418M       7.6G

             total       used       free     shared    buffers     cached
Mem:          2.0G       1.9G        78M       648K       3.6M        57M
-/+ buffers/cache:       1.8G       139M
Swap:         8.0G       417M       7.6G

             total       used       free     shared    buffers     cached
Mem:          2.0G       1.9G        77M       648K       3.6M        57M
-/+ buffers/cache:       1.8G       138M
Swap:         8.0G       416M       7.6G

             total       used       free     shared    buffers     cached
Mem:          2.0G       1.9G        75M       712K       6.6M        68M
-/+ buffers/cache:       1.8G       150M
Swap:         8.0G       443M       7.6G

             total       used       free     shared    buffers     cached
Mem:          2.0G       1.9G        81M       688K       5.9M        72M
-/+ buffers/cache:       1.8G       159M
Swap:         8.0G       442M       7.6G
