             total       used       free     shared    buffers     cached
Mem:          992M       661M       330M       3.2M        38M       289M
-/+ buffers/cache:       332M       659M
Swap:         8.0G         0B       8.0G

             total       used       free     shared    buffers     cached
Mem:          992M       661M       331M       3.2M        38M       290M
-/+ buffers/cache:       332M       660M
Swap:         8.0G         0B       8.0G

             total       used       free     shared    buffers     cached
Mem:          992M       660M       331M       3.2M        38M       290M
-/+ buffers/cache:       332M       660M
Swap:         8.0G         0B       8.0G

             total       used       free     shared    buffers     cached
Mem:          992M       660M       331M       3.2M        38M       290M
-/+ buffers/cache:       332M       660M
Swap:         8.0G         0B       8.0G

             total       used       free     shared    buffers     cached
Mem:          992M       660M       331M       3.2M        38M       290M
-/+ buffers/cache:       332M       660M
Swap:         8.0G         0B       8.0G

             total       used       free     shared    buffers     cached
Mem:          992M       660M       331M       3.2M        38M       290M
-/+ buffers/cache:       332M       660M
Swap:         8.0G         0B       8.0G

             total       used       free     shared    buffers     cached
Mem:          992M       660M       331M       3.2M        38M       290M
-/+ buffers/cache:       332M       660M
Swap:         8.0G         0B       8.0G

             total       used       free     shared    buffers     cached
Mem:          992M       660M       331M       3.2M        38M       290M
-/+ buffers/cache:       331M       660M
Swap:         8.0G         0B       8.0G

             total       used       free     shared    buffers     cached
Mem:          992M       660M       331M       3.2M        38M       290M
-/+ buffers/cache:       331M       660M
Swap:         8.0G         0B       8.0G

             total       used       free     shared    buffers     cached
Mem:          992M       660M       331M       3.2M        38M       290M
-/+ buffers/cache:       331M       660M
Swap:         8.0G         0B       8.0G

             total       used       free     shared    buffers     cached
Mem:          992M       660M       331M       3.2M        38M       290M
-/+ buffers/cache:       331M       660M
Swap:         8.0G         0B       8.0G

             total       used       free     shared    buffers     cached
Mem:          992M       666M       326M       3.2M        38M       290M
-/+ buffers/cache:       336M       655M
Swap:         8.0G         0B       8.0G

             total       used       free     shared    buffers     cached
Mem:          992M       685M       306M       3.2M        38M       290M
-/+ buffers/cache:       355M       636M
Swap:         8.0G         0B       8.0G

             total       used       free     shared    buffers     cached
Mem:          992M       669M       322M       3.2M        38M       291M
-/+ buffers/cache:       339M       652M
Swap:         8.0G         0B       8.0G

             total       used       free     shared    buffers     cached
Mem:          992M       669M       322M       3.2M        38M       291M
-/+ buffers/cache:       339M       652M
Swap:         8.0G         0B       8.0G

             total       used       free     shared    buffers     cached
Mem:          992M       670M       321M       3.2M        38M       291M
-/+ buffers/cache:       339M       652M
Swap:         8.0G         0B       8.0G

             total       used       free     shared    buffers     cached
Mem:          992M       670M       321M       3.2M        38M       291M
-/+ buffers/cache:       339M       652M
Swap:         8.0G         0B       8.0G

             total       used       free     shared    buffers     cached
Mem:          992M       670M       321M       3.2M        38M       291M
-/+ buffers/cache:       339M       652M
Swap:         8.0G         0B       8.0G

             total       used       free     shared    buffers     cached
Mem:          992M       670M       321M       3.2M        38M       291M
-/+ buffers/cache:       339M       652M
Swap:         8.0G         0B       8.0G

             total       used       free     shared    buffers     cached
Mem:          992M       670M       321M       3.2M        38M       291M
-/+ buffers/cache:       339M       652M
Swap:         8.0G         0B       8.0G

             total       used       free     shared    buffers     cached
Mem:          992M       670M       321M       3.2M        38M       291M
-/+ buffers/cache:       339M       652M
Swap:         8.0G         0B       8.0G

             total       used       free     shared    buffers     cached
Mem:          992M       670M       321M       3.2M        38M       291M
-/+ buffers/cache:       339M       652M
Swap:         8.0G         0B       8.0G

             total       used       free     shared    buffers     cached
Mem:          992M       670M       321M       3.2M        38M       291M
-/+ buffers/cache:       339M       652M
Swap:         8.0G         0B       8.0G

             total       used       free     shared    buffers     cached
Mem:          992M       670M       321M       3.2M        38M       291M
-/+ buffers/cache:       339M       652M
Swap:         8.0G         0B       8.0G

             total       used       free     shared    buffers     cached
Mem:          992M       670M       321M       3.2M        38M       291M
-/+ buffers/cache:       339M       652M
Swap:         8.0G         0B       8.0G

             total       used       free     shared    buffers     cached
Mem:          992M       670M       321M       3.2M        38M       291M
-/+ buffers/cache:       339M       652M
Swap:         8.0G         0B       8.0G

             total       used       free     shared    buffers     cached
Mem:          992M       670M       321M       3.2M        38M       291M
-/+ buffers/cache:       339M       652M
Swap:         8.0G         0B       8.0G

             total       used       free     shared    buffers     cached
Mem:          992M       670M       321M       3.2M        38M       291M
-/+ buffers/cache:       339M       652M
Swap:         8.0G         0B       8.0G

             total       used       free     shared    buffers     cached
Mem:          992M       670M       321M       3.2M        38M       291M
-/+ buffers/cache:       339M       652M
Swap:         8.0G         0B       8.0G

             total       used       free     shared    buffers     cached
Mem:          992M       670M       321M       3.2M        38M       291M
-/+ buffers/cache:       339M       652M
Swap:         8.0G         0B       8.0G

             total       used       free     shared    buffers     cached
Mem:          992M       670M       321M       3.2M        38M       291M
-/+ buffers/cache:       339M       652M
Swap:         8.0G         0B       8.0G

             total       used       free     shared    buffers     cached
Mem:          992M       670M       321M       3.2M        38M       291M
-/+ buffers/cache:       339M       652M
Swap:         8.0G         0B       8.0G

             total       used       free     shared    buffers     cached
Mem:          992M       670M       321M       3.2M        38M       291M
-/+ buffers/cache:       339M       652M
Swap:         8.0G         0B       8.0G

             total       used       free     shared    buffers     cached
Mem:          992M       675M       316M       3.2M        38M       291M
-/+ buffers/cache:       344M       647M
Swap:         8.0G         0B       8.0G

             total       used       free     shared    buffers     cached
Mem:          992M       692M       299M       3.2M        38M       291M
-/+ buffers/cache:       361M       630M
Swap:         8.0G         0B       8.0G

             total       used       free     shared    buffers     cached
Mem:          992M       708M       283M       3.2M        38M       291M
-/+ buffers/cache:       377M       614M
Swap:         8.0G         0B       8.0G

             total       used       free     shared    buffers     cached
Mem:          992M       725M       267M       3.2M        38M       291M
-/+ buffers/cache:       394M       597M
Swap:         8.0G         0B       8.0G

             total       used       free     shared    buffers     cached
Mem:          992M       739M       252M       3.2M        38M       291M
-/+ buffers/cache:       408M       583M
Swap:         8.0G         0B       8.0G

             total       used       free     shared    buffers     cached
Mem:          992M       754M       237M       3.2M        38M       291M
-/+ buffers/cache:       423M       568M
Swap:         8.0G         0B       8.0G

             total       used       free     shared    buffers     cached
Mem:          992M       770M       221M       3.2M        38M       291M
-/+ buffers/cache:       440M       552M
Swap:         8.0G         0B       8.0G

             total       used       free     shared    buffers     cached
Mem:          992M       785M       206M       3.2M        38M       291M
-/+ buffers/cache:       454M       537M
Swap:         8.0G         0B       8.0G

             total       used       free     shared    buffers     cached
Mem:          992M       799M       192M       3.2M        38M       291M
-/+ buffers/cache:       468M       523M
Swap:         8.0G         0B       8.0G

             total       used       free     shared    buffers     cached
Mem:          992M       815M       176M       3.2M        38M       291M
-/+ buffers/cache:       484M       507M
Swap:         8.0G         0B       8.0G

             total       used       free     shared    buffers     cached
Mem:          992M       833M       158M       3.2M        38M       291M
-/+ buffers/cache:       502M       489M
Swap:         8.0G         0B       8.0G

             total       used       free     shared    buffers     cached
Mem:          992M       849M       142M       3.2M        38M       291M
-/+ buffers/cache:       518M       473M
Swap:         8.0G         0B       8.0G

             total       used       free     shared    buffers     cached
Mem:          992M       865M       126M       3.2M        38M       291M
-/+ buffers/cache:       534M       457M
Swap:         8.0G         0B       8.0G

             total       used       free     shared    buffers     cached
Mem:          992M       881M       110M       3.2M        38M       291M
-/+ buffers/cache:       550M       441M
Swap:         8.0G         0B       8.0G

             total       used       free     shared    buffers     cached
Mem:          992M       895M        96M       3.2M        38M       291M
-/+ buffers/cache:       565M       427M
Swap:         8.0G         0B       8.0G

             total       used       free     shared    buffers     cached
Mem:          992M       909M        82M       3.2M        38M       291M
-/+ buffers/cache:       578M       413M
Swap:         8.0G         0B       8.0G

             total       used       free     shared    buffers     cached
Mem:          992M       925M        66M       3.2M        38M       291M
-/+ buffers/cache:       594M       397M
Swap:         8.0G         0B       8.0G

             total       used       free     shared    buffers     cached
Mem:          992M       917M        75M       3.2M        17M       290M
-/+ buffers/cache:       609M       382M
Swap:         8.0G         0B       8.0G

             total       used       free     shared    buffers     cached
Mem:          992M       915M        76M       3.2M        10M       281M
-/+ buffers/cache:       623M       368M
Swap:         8.0G         0B       8.0G

             total       used       free     shared    buffers     cached
Mem:          992M       930M        61M       3.2M        10M       281M
-/+ buffers/cache:       638M       353M
Swap:         8.0G         0B       8.0G

             total       used       free     shared    buffers     cached
Mem:          992M       928M        63M       3.2M       9.9M       264M
-/+ buffers/cache:       653M       338M
Swap:         8.0G        76K       8.0G

             total       used       free     shared    buffers     cached
Mem:          992M       923M        68M       3.1M       9.9M       246M
-/+ buffers/cache:       667M       324M
Swap:         8.0G       172K       8.0G

             total       used       free     shared    buffers     cached
Mem:          992M       926M        66M       3.0M       9.9M       233M
-/+ buffers/cache:       682M       309M
Swap:         8.0G       3.7M       8.0G

             total       used       free     shared    buffers     cached
Mem:          992M       909M        82M       3.0M       9.8M       207M
-/+ buffers/cache:       692M       299M
Swap:         8.0G       7.8M       8.0G

             total       used       free     shared    buffers     cached
Mem:          992M       925M        66M       3.0M       9.8M       207M
-/+ buffers/cache:       708M       283M
Swap:         8.0G       7.8M       8.0G

             total       used       free     shared    buffers     cached
Mem:          992M       925M        66M       3.0M       3.0M       201M
-/+ buffers/cache:       721M       270M
Swap:         8.0G       7.8M       8.0G

             total       used       free     shared    buffers     cached
Mem:          992M       927M        64M       3.0M       1.5M       190M
-/+ buffers/cache:       735M       257M
Swap:         8.0G       7.8M       8.0G

             total       used       free     shared    buffers     cached
Mem:          992M       919M        72M       3.0M       236K       169M
-/+ buffers/cache:       750M       242M
Swap:         8.0G       7.8M       8.0G

             total       used       free     shared    buffers     cached
Mem:          992M       914M        78M       3.0M       232K       149M
-/+ buffers/cache:       764M       227M
Swap:         8.0G       7.8M       8.0G

             total       used       free     shared    buffers     cached
Mem:          992M       929M        62M       3.0M       244K       149M
-/+ buffers/cache:       779M       212M
Swap:         8.0G       7.8M       8.0G

             total       used       free     shared    buffers     cached
Mem:          992M       919M        72M       3.0M       252K       131M
-/+ buffers/cache:       787M       204M
Swap:         8.0G       7.8M       8.0G

             total       used       free     shared    buffers     cached
Mem:          992M       918M        73M       3.0M       100K       116M
-/+ buffers/cache:       802M       190M
Swap:         8.0G       7.8M       8.0G

             total       used       free     shared    buffers     cached
Mem:          992M       919M        72M       3.0M       100K       102M
-/+ buffers/cache:       816M       175M
Swap:         8.0G       7.8M       8.0G

             total       used       free     shared    buffers     cached
Mem:          992M       911M        80M       3.0M        92K        79M
-/+ buffers/cache:       831M       160M
Swap:         8.0G       7.8M       8.0G

             total       used       free     shared    buffers     cached
Mem:          992M       926M        65M       3.0M        96K        79M
-/+ buffers/cache:       846M       145M
Swap:         8.0G       7.8M       8.0G

             total       used       free     shared    buffers     cached
Mem:          992M       922M        69M       3.0M       104K        61M
-/+ buffers/cache:       861M       130M
Swap:         8.0G       7.8M       8.0G

             total       used       free     shared    buffers     cached
Mem:          992M       923M        69M       3.0M       104K        48M
-/+ buffers/cache:       874M       117M
Swap:         8.0G       7.8M       8.0G

             total       used       free     shared    buffers     cached
Mem:          992M       920M        71M       3.0M       252K        31M
-/+ buffers/cache:       888M       103M
Swap:         8.0G       7.8M       8.0G

             total       used       free     shared    buffers     cached
Mem:          992M       923M        68M       3.0M       3.0M        21M
-/+ buffers/cache:       898M        93M
Swap:         8.0G        11M       8.0G

             total       used       free     shared    buffers     cached
Mem:          992M       920M        72M       2.8M       1.7M        13M
-/+ buffers/cache:       904M        87M
Swap:         8.0G        24M       8.0G

             total       used       free     shared    buffers     cached
Mem:          992M       921M        71M       2.8M        92K       5.4M
-/+ buffers/cache:       915M        76M
Swap:         8.0G        27M       8.0G

             total       used       free     shared    buffers     cached
Mem:          992M       915M        76M       2.5M       512K       4.9M
-/+ buffers/cache:       910M        82M
Swap:         8.0G        58M       7.9G

             total       used       free     shared    buffers     cached
Mem:          992M       930M        61M       2.5M       516K       5.1M
-/+ buffers/cache:       924M        67M
Swap:         8.0G        58M       7.9G

             total       used       free     shared    buffers     cached
Mem:          992M       920M        71M       2.5M       516K       4.9M
-/+ buffers/cache:       915M        76M
Swap:         8.0G        86M       7.9G

             total       used       free     shared    buffers     cached
Mem:          992M       917M        74M       2.5M       516K       4.7M
-/+ buffers/cache:       912M        79M
Swap:         8.0G        95M       7.9G

             total       used       free     shared    buffers     cached
Mem:          992M       912M        79M       2.4M       520K       4.6M
-/+ buffers/cache:       907M        84M
Swap:         8.0G       110M       7.9G

             total       used       free     shared    buffers     cached
Mem:          992M       927M        64M       2.4M       520K       4.8M
-/+ buffers/cache:       922M        69M
Swap:         8.0G       110M       7.9G

             total       used       free     shared    buffers     cached
Mem:          992M       926M        66M       2.4M       512K       4.9M
-/+ buffers/cache:       920M        71M
Swap:         8.0G       131M       7.9G

             total       used       free     shared    buffers     cached
Mem:          992M       925M        66M       2.4M       464K       4.8M
-/+ buffers/cache:       920M        71M
Swap:         8.0G       156M       7.8G

             total       used       free     shared    buffers     cached
Mem:          992M       929M        62M       2.4M       464K       4.8M
-/+ buffers/cache:       924M        68M
Swap:         8.0G       156M       7.8G

             total       used       free     shared    buffers     cached
Mem:          992M       929M        62M       2.4M       456K       4.6M
-/+ buffers/cache:       924M        67M
Swap:         8.0G       178M       7.8G

             total       used       free     shared    buffers     cached
Mem:          992M       929M        62M       2.4M       464K       4.5M
-/+ buffers/cache:       924M        67M
Swap:         8.0G       191M       7.8G

             total       used       free     shared    buffers     cached
Mem:          992M       925M        66M       2.4M       464K       4.5M
-/+ buffers/cache:       920M        71M
Swap:         8.0G       211M       7.8G

             total       used       free     shared    buffers     cached
Mem:          992M       926M        65M       2.4M       464K       4.7M
-/+ buffers/cache:       921M        70M
Swap:         8.0G       219M       7.8G

             total       used       free     shared    buffers     cached
Mem:          992M       919M        72M       2.3M       464K       4.7M
-/+ buffers/cache:       914M        78M
Swap:         8.0G       244M       7.8G

             total       used       free     shared    buffers     cached
Mem:          992M       921M        70M       2.3M       464K       4.6M
-/+ buffers/cache:       916M        75M
Swap:         8.0G       257M       7.7G

             total       used       free     shared    buffers     cached
Mem:          992M       930M        61M       2.3M       472K       4.6M
-/+ buffers/cache:       925M        66M
Swap:         8.0G       257M       7.7G

             total       used       free     shared    buffers     cached
Mem:          992M       921M        70M       2.3M       472K       4.6M
-/+ buffers/cache:       916M        75M
Swap:         8.0G       272M       7.7G

             total       used       free     shared    buffers     cached
Mem:          992M       929M        62M       2.3M       472K       4.6M
-/+ buffers/cache:       924M        68M
Swap:         8.0G       272M       7.7G

             total       used       free     shared    buffers     cached
Mem:          992M       918M        73M       2.3M       472K       4.5M
-/+ buffers/cache:       913M        78M
Swap:         8.0G       288M       7.7G

             total       used       free     shared    buffers     cached
Mem:          992M       923M        68M       2.3M       472K       4.6M
-/+ buffers/cache:       918M        73M
Swap:         8.0G       288M       7.7G

             total       used       free     shared    buffers     cached
Mem:          992M       928M        64M       2.3M       480K       4.5M
-/+ buffers/cache:       923M        69M
Swap:         8.0G       288M       7.7G

             total       used       free     shared    buffers     cached
Mem:          992M       919M        72M       2.3M       408K       4.5M
-/+ buffers/cache:       914M        77M
Swap:         8.0G       306M       7.7G

             total       used       free     shared    buffers     cached
Mem:          992M       924M        67M       2.3M       408K       4.6M
-/+ buffers/cache:       919M        72M
Swap:         8.0G       306M       7.7G

             total       used       free     shared    buffers     cached
Mem:          992M       929M        62M       2.3M       408K       4.6M
-/+ buffers/cache:       924M        67M
Swap:         8.0G       306M       7.7G

             total       used       free     shared    buffers     cached
Mem:          992M       918M        73M       2.3M        96K       4.6M
-/+ buffers/cache:       914M        78M
Swap:         8.0G       321M       7.7G

             total       used       free     shared    buffers     cached
Mem:          992M       924M        68M       2.3M        96K       4.6M
-/+ buffers/cache:       919M        72M
Swap:         8.0G       321M       7.7G

             total       used       free     shared    buffers     cached
Mem:          992M       927M        64M       2.3M       104K       4.6M
-/+ buffers/cache:       923M        69M
Swap:         8.0G       321M       7.7G

             total       used       free     shared    buffers     cached
Mem:          992M       931M        60M       2.3M        76K        12M
-/+ buffers/cache:       919M        72M
Swap:         8.0G       332M       7.7G

             total       used       free     shared    buffers     cached
Mem:          992M       923M        68M       184K       636K        18M
-/+ buffers/cache:       904M        87M
Swap:         8.0G       346M       7.7G

             total       used       free     shared    buffers     cached
Mem:          992M       921M        70M       184K       764K        15M
-/+ buffers/cache:       905M        86M
Swap:         8.0G       345M       7.7G

             total       used       free     shared    buffers     cached
Mem:          992M       920M        71M         8K        80K       3.9M
-/+ buffers/cache:       916M        75M
Swap:         8.0G       336M       7.7G

             total       used       free     shared    buffers     cached
Mem:          992M       920M        71M         4K       224K       3.6M
-/+ buffers/cache:       917M        75M
Swap:         8.0G       336M       7.7G

             total       used       free     shared    buffers     cached
Mem:          992M       920M        71M         0B       512K       4.0M
-/+ buffers/cache:       916M        76M
Swap:         8.0G       338M       7.7G

             total       used       free     shared    buffers     cached
Mem:          992M       928M        63M         0B       480K       4.0M
-/+ buffers/cache:       924M        67M
Swap:         8.0G       336M       7.7G

             total       used       free     shared    buffers     cached
Mem:          992M       921M        70M         0B        76K       1.9M
-/+ buffers/cache:       919M        72M
Swap:         8.0G       336M       7.7G

             total       used       free     shared    buffers     cached
Mem:          992M       919M        73M         0B        76K       1.4M
-/+ buffers/cache:       917M        74M
Swap:         8.0G       343M       7.7G

             total       used       free     shared    buffers     cached
Mem:          992M       928M        63M         0B        84K       1.4M
-/+ buffers/cache:       927M        64M
Swap:         8.0G       443M       7.6G

             total       used       free     shared    buffers     cached
Mem:          992M       920M        71M         0B        84K       1.6M
-/+ buffers/cache:       918M        73M
Swap:         8.0G       417M       7.6G

             total       used       free     shared    buffers     cached
Mem:          992M       921M        70M         0B        84K       1.7M
-/+ buffers/cache:       919M        72M
Swap:         8.0G       393M       7.6G

             total       used       free     shared    buffers     cached
Mem:          992M       921M        70M         0B        84K       1.7M
-/+ buffers/cache:       919M        72M
Swap:         8.0G       358M       7.6G

             total       used       free     shared    buffers     cached
Mem:          992M       920M        71M         0B        76K       1.7M
-/+ buffers/cache:       919M        73M
Swap:         8.0G       350M       7.7G

             total       used       free     shared    buffers     cached
Mem:          992M       919M        72M         0B        76K       1.9M
-/+ buffers/cache:       917M        74M
Swap:         8.0G       350M       7.7G

             total       used       free     shared    buffers     cached
Mem:          992M       919M        72M         0B        84K       1.9M
-/+ buffers/cache:       917M        74M
Swap:         8.0G       379M       7.6G

             total       used       free     shared    buffers     cached
Mem:          992M       921M        70M         0B        84K       1.8M
-/+ buffers/cache:       919M        72M
Swap:         8.0G       362M       7.6G

             total       used       free     shared    buffers     cached
Mem:          992M       921M        71M         0B        84K       1.7M
-/+ buffers/cache:       919M        72M
Swap:         8.0G       350M       7.7G

             total       used       free     shared    buffers     cached
Mem:          992M       921M        70M         0B        84K       2.1M
-/+ buffers/cache:       919M        72M
Swap:         8.0G       347M       7.7G

             total       used       free     shared    buffers     cached
Mem:          992M       928M        63M         0B        84K       2.1M
-/+ buffers/cache:       926M        65M
Swap:         8.0G       345M       7.7G

             total       used       free     shared    buffers     cached
Mem:          992M       919M        72M         0B        92K       2.0M
-/+ buffers/cache:       917M        75M
Swap:         8.0G       359M       7.6G

             total       used       free     shared    buffers     cached
Mem:          992M       926M        66M         0B        92K       2.1M
-/+ buffers/cache:       923M        68M
Swap:         8.0G       359M       7.6G

             total       used       free     shared    buffers     cached
Mem:          992M       920M        72M         0B        92K       2.1M
-/+ buffers/cache:       917M        74M
Swap:         8.0G       372M       7.6G

             total       used       free     shared    buffers     cached
Mem:          992M       925M        66M         0B        92K       2.0M
-/+ buffers/cache:       923M        68M
Swap:         8.0G       372M       7.6G

             total       used       free     shared    buffers     cached
Mem:          992M       920M        72M         0B        92K       2.0M
-/+ buffers/cache:       917M        74M
Swap:         8.0G       383M       7.6G

             total       used       free     shared    buffers     cached
Mem:          992M       925M        67M         0B       100K       2.1M
-/+ buffers/cache:       922M        69M
Swap:         8.0G       383M       7.6G

             total       used       free     shared    buffers     cached
Mem:          992M       928M        63M         0B       100K       2.1M
-/+ buffers/cache:       926M        66M
Swap:         8.0G       383M       7.6G

             total       used       free     shared    buffers     cached
Mem:          992M       930M        61M         0B       100K       2.1M
-/+ buffers/cache:       928M        63M
Swap:         8.0G       382M       7.6G

             total       used       free     shared    buffers     cached
Mem:          992M       919M        73M         0B       100K       2.0M
-/+ buffers/cache:       917M        75M
Swap:         8.0G       394M       7.6G

             total       used       free     shared    buffers     cached
Mem:          992M       923M        69M         0B       240K       2.7M
-/+ buffers/cache:       920M        72M
Swap:         8.0G       392M       7.6G

             total       used       free     shared    buffers     cached
Mem:          992M       925M        66M         0B       240K       2.7M
-/+ buffers/cache:       922M        69M
Swap:         8.0G       391M       7.6G

             total       used       free     shared    buffers     cached
Mem:          992M       928M        63M         0B       248K       2.9M
-/+ buffers/cache:       925M        66M
Swap:         8.0G       390M       7.6G

             total       used       free     shared    buffers     cached
Mem:          992M       930M        61M         0B       248K       2.9M
-/+ buffers/cache:       927M        64M
Swap:         8.0G       389M       7.6G

             total       used       free     shared    buffers     cached
Mem:          992M       918M        73M         0B       196K       2.8M
-/+ buffers/cache:       915M        76M
Swap:         8.0G       400M       7.6G

             total       used       free     shared    buffers     cached
Mem:          992M       921M        71M         0B       196K       2.8M
-/+ buffers/cache:       918M        74M
Swap:         8.0G       399M       7.6G

             total       used       free     shared    buffers     cached
Mem:          992M       923M        68M         0B       196K       2.8M
-/+ buffers/cache:       920M        71M
Swap:         8.0G       398M       7.6G

             total       used       free     shared    buffers     cached
Mem:          992M       926M        65M         0B       204K       2.8M
-/+ buffers/cache:       923M        68M
Swap:         8.0G       397M       7.6G

             total       used       free     shared    buffers     cached
Mem:          992M       928M        63M         0B       204K       2.8M
-/+ buffers/cache:       925M        66M
Swap:         8.0G       396M       7.6G

             total       used       free     shared    buffers     cached
Mem:          992M       931M        61M         0B       204K       2.8M
-/+ buffers/cache:       928M        64M
Swap:         8.0G       394M       7.6G

             total       used       free     shared    buffers     cached
Mem:          992M       913M        78M         0B       204K       2.6M
-/+ buffers/cache:       910M        81M
Swap:         8.0G       409M       7.6G

             total       used       free     shared    buffers     cached
Mem:          992M       915M        76M         0B       204K       2.8M
-/+ buffers/cache:       912M        79M
Swap:         8.0G       408M       7.6G

             total       used       free     shared    buffers     cached
Mem:          992M       918M        74M         0B       212K       2.8M
-/+ buffers/cache:       915M        77M
Swap:         8.0G       407M       7.6G

             total       used       free     shared    buffers     cached
Mem:          992M       920M        71M         0B       212K       2.8M
-/+ buffers/cache:       917M        74M
Swap:         8.0G       406M       7.6G

             total       used       free     shared    buffers     cached
Mem:          992M       922M        69M         0B       216K       2.8M
-/+ buffers/cache:       919M        72M
Swap:         8.0G       405M       7.6G

             total       used       free     shared    buffers     cached
Mem:          992M       924M        67M         0B       216K       2.8M
-/+ buffers/cache:       921M        70M
Swap:         8.0G       404M       7.6G

             total       used       free     shared    buffers     cached
Mem:          992M       926M        65M         0B       216K       2.8M
-/+ buffers/cache:       923M        68M
Swap:         8.0G       403M       7.6G

             total       used       free     shared    buffers     cached
Mem:          992M       929M        63M         0B       216K       2.8M
-/+ buffers/cache:       926M        66M
Swap:         8.0G       402M       7.6G

             total       used       free     shared    buffers     cached
Mem:          992M       921M        70M         0B       224K       2.7M
-/+ buffers/cache:       918M        73M
Swap:         8.0G       412M       7.6G

             total       used       free     shared    buffers     cached
Mem:          992M       918M        73M         0B       224K       2.7M
-/+ buffers/cache:       915M        76M
Swap:         8.0G       420M       7.6G

             total       used       free     shared    buffers     cached
Mem:          992M       921M        70M         0B       224K       2.7M
-/+ buffers/cache:       918M        73M
Swap:         8.0G       419M       7.6G

             total       used       free     shared    buffers     cached
Mem:          992M       923M        68M         0B       224K       2.7M
-/+ buffers/cache:       920M        71M
Swap:         8.0G       418M       7.6G

             total       used       free     shared    buffers     cached
Mem:          992M       925M        66M         0B       224K       2.7M
-/+ buffers/cache:       922M        69M
Swap:         8.0G       417M       7.6G

             total       used       free     shared    buffers     cached
Mem:          992M       927M        64M         0B       232K       2.7M
-/+ buffers/cache:       924M        67M
Swap:         8.0G       416M       7.6G

             total       used       free     shared    buffers     cached
Mem:          992M       930M        61M         0B       232K       2.7M
-/+ buffers/cache:       927M        64M
Swap:         8.0G       414M       7.6G

             total       used       free     shared    buffers     cached
Mem:          992M       919M        73M         0B       232K       2.7M
-/+ buffers/cache:       916M        76M
Swap:         8.0G       420M       7.6G

             total       used       free     shared    buffers     cached
Mem:          992M       921M        70M         0B       232K       2.7M
-/+ buffers/cache:       918M        73M
Swap:         8.0G       419M       7.6G

             total       used       free     shared    buffers     cached
Mem:          992M       923M        68M         0B       232K       2.7M
-/+ buffers/cache:       921M        71M
Swap:         8.0G       418M       7.6G

             total       used       free     shared    buffers     cached
Mem:          992M       926M        65M         0B       240K       2.7M
-/+ buffers/cache:       923M        68M
Swap:         8.0G       417M       7.6G

             total       used       free     shared    buffers     cached
Mem:          992M       928M        63M         0B       240K       2.6M
-/+ buffers/cache:       925M        66M
Swap:         8.0G       416M       7.6G

             total       used       free     shared    buffers     cached
Mem:          992M       930M        61M         0B       240K       2.7M
-/+ buffers/cache:       928M        64M
Swap:         8.0G       415M       7.6G

             total       used       free     shared    buffers     cached
Mem:          992M       932M        59M         0B       236K        15M
-/+ buffers/cache:       916M        75M
Swap:         8.0G       431M       7.6G

             total       used       free     shared    buffers     cached
Mem:          992M       919M        72M         0B       1.1M        21M
-/+ buffers/cache:       897M        94M
Swap:         8.0G       460M       7.5G

             total       used       free     shared    buffers     cached
Mem:          992M       922M        70M         4K       2.7M        26M
-/+ buffers/cache:       892M        99M
Swap:         8.0G       458M       7.5G

             total       used       free     shared    buffers     cached
Mem:          992M       923M        68M         4K       2.7M        26M
-/+ buffers/cache:       893M        98M
Swap:         8.0G       458M       7.5G

             total       used       free     shared    buffers     cached
Mem:          992M       925M        66M         4K       2.7M        26M
-/+ buffers/cache:       896M        95M
Swap:         8.0G       457M       7.6G

             total       used       free     shared    buffers     cached
Mem:          992M       927M        64M         4K       2.7M        26M
-/+ buffers/cache:       898M        94M
Swap:         8.0G       456M       7.6G

             total       used       free     shared    buffers     cached
Mem:          992M       910M        81M         4K       2.7M        25M
-/+ buffers/cache:       882M       110M
Swap:         8.0G       484M       7.5G

             total       used       free     shared    buffers     cached
Mem:          992M       912M        79M         4K       2.7M        25M
-/+ buffers/cache:       884M       108M
Swap:         8.0G       484M       7.5G

             total       used       free     shared    buffers     cached
Mem:          992M       914M        78M         4K       2.8M        25M
-/+ buffers/cache:       885M       106M
Swap:         8.0G       483M       7.5G

             total       used       free     shared    buffers     cached
Mem:          992M       916M        75M         4K       2.8M        25M
-/+ buffers/cache:       887M       104M
Swap:         8.0G       482M       7.5G

             total       used       free     shared    buffers     cached
Mem:          992M       918M        73M         4K       2.8M        25M
-/+ buffers/cache:       890M       102M
Swap:         8.0G       481M       7.5G

             total       used       free     shared    buffers     cached
Mem:          992M       920M        71M         4K       2.8M        25M
-/+ buffers/cache:       892M       100M
Swap:         8.0G       480M       7.5G

             total       used       free     shared    buffers     cached
Mem:          992M       922M        69M         4K       2.8M        25M
-/+ buffers/cache:       894M        97M
Swap:         8.0G       479M       7.5G

             total       used       free     shared    buffers     cached
Mem:          992M       924M        67M         4K       2.8M        25M
-/+ buffers/cache:       896M        95M
Swap:         8.0G       478M       7.5G

             total       used       free     shared    buffers     cached
Mem:          992M       926M        65M         4K       2.8M        25M
-/+ buffers/cache:       898M        93M
Swap:         8.0G       477M       7.5G

             total       used       free     shared    buffers     cached
Mem:          992M       929M        63M         4K       2.8M        25M
-/+ buffers/cache:       900M        91M
Swap:         8.0G       476M       7.5G

             total       used       free     shared    buffers     cached
Mem:          992M       916M        75M         4K       2.7M        25M
-/+ buffers/cache:       888M       103M
Swap:         8.0G       477M       7.5G

             total       used       free     shared    buffers     cached
Mem:          992M       917M        74M         4K       2.7M        25M
-/+ buffers/cache:       890M       101M
Swap:         8.0G       476M       7.5G

             total       used       free     shared    buffers     cached
Mem:          992M       919M        72M         4K       2.7M        25M
-/+ buffers/cache:       891M       100M
Swap:         8.0G       476M       7.5G

             total       used       free     shared    buffers     cached
Mem:          992M       921M        70M         4K       2.7M        25M
-/+ buffers/cache:       893M        98M
Swap:         8.0G       475M       7.5G

             total       used       free     shared    buffers     cached
Mem:          992M       911M        80M         4K       2.1M        30M
-/+ buffers/cache:       879M       113M
Swap:         8.0G       500M       7.5G

             total       used       free     shared    buffers     cached
Mem:          992M       898M        93M        24K       2.1M        30M
-/+ buffers/cache:       866M       126M
Swap:         8.0G       517M       7.5G

             total       used       free     shared    buffers     cached
Mem:          992M       900M        91M        24K       2.1M        30M
-/+ buffers/cache:       867M       124M
Swap:         8.0G       516M       7.5G

             total       used       free     shared    buffers     cached
Mem:          992M       903M        89M        24K       2.1M        31M
-/+ buffers/cache:       869M       122M
Swap:         8.0G       515M       7.5G

             total       used       free     shared    buffers     cached
Mem:          992M       904M        87M        24K       2.1M        31M
-/+ buffers/cache:       870M       121M
Swap:         8.0G       515M       7.5G

             total       used       free     shared    buffers     cached
Mem:          992M       905M        86M        24K       2.1M        31M
-/+ buffers/cache:       871M       120M
Swap:         8.0G       514M       7.5G

             total       used       free     shared    buffers     cached
Mem:          992M       906M        85M        24K       2.1M        31M
-/+ buffers/cache:       872M       119M
Swap:         8.0G       514M       7.5G

             total       used       free     shared    buffers     cached
Mem:          992M       907M        84M        24K       2.1M        31M
-/+ buffers/cache:       873M       118M
Swap:         8.0G       513M       7.5G

             total       used       free     shared    buffers     cached
Mem:          992M       909M        82M        24K       2.3M        31M
-/+ buffers/cache:       875M       116M
Swap:         8.0G       512M       7.5G

             total       used       free     shared    buffers     cached
Mem:          992M       911M        80M        24K       2.3M        32M
-/+ buffers/cache:       877M       114M
Swap:         8.0G       512M       7.5G

             total       used       free     shared    buffers     cached
Mem:          992M       913M        78M        24K       2.3M        32M
-/+ buffers/cache:       878M       113M
Swap:         8.0G       511M       7.5G

             total       used       free     shared    buffers     cached
Mem:          992M       914M        77M        24K       2.3M        32M
-/+ buffers/cache:       879M       112M
Swap:         8.0G       510M       7.5G

             total       used       free     shared    buffers     cached
Mem:          992M       915M        76M        24K       2.3M        32M
-/+ buffers/cache:       880M       111M
Swap:         8.0G       510M       7.5G

             total       used       free     shared    buffers     cached
Mem:          992M       916M        75M        24K       2.3M        32M
-/+ buffers/cache:       882M       110M
Swap:         8.0G       509M       7.5G

             total       used       free     shared    buffers     cached
Mem:          992M       918M        73M        24K       2.3M        32M
-/+ buffers/cache:       883M       108M
Swap:         8.0G       509M       7.5G

             total       used       free     shared    buffers     cached
Mem:          992M       919M        72M        24K       2.3M        32M
-/+ buffers/cache:       884M       107M
Swap:         8.0G       508M       7.5G

             total       used       free     shared    buffers     cached
Mem:          992M       921M        71M        24K       2.3M        32M
-/+ buffers/cache:       886M       106M
Swap:         8.0G       507M       7.5G

             total       used       free     shared    buffers     cached
Mem:          992M       922M        69M        24K       2.3M        32M
-/+ buffers/cache:       887M       104M
Swap:         8.0G       506M       7.5G

             total       used       free     shared    buffers     cached
Mem:          992M       923M        68M        24K       2.3M        32M
-/+ buffers/cache:       888M       103M
Swap:         8.0G       506M       7.5G

             total       used       free     shared    buffers     cached
Mem:          992M       924M        67M        24K       2.3M        32M
-/+ buffers/cache:       889M       102M
Swap:         8.0G       505M       7.5G

             total       used       free     shared    buffers     cached
Mem:          992M       925M        66M        24K       2.3M        32M
-/+ buffers/cache:       891M       101M
Swap:         8.0G       505M       7.5G

             total       used       free     shared    buffers     cached
Mem:          992M       927M        64M        24K       2.3M        32M
-/+ buffers/cache:       892M        99M
Swap:         8.0G       504M       7.5G

             total       used       free     shared    buffers     cached
Mem:          992M       928M        63M        24K       2.3M        32M
-/+ buffers/cache:       893M        98M
Swap:         8.0G       503M       7.5G

             total       used       free     shared    buffers     cached
Mem:          992M       914M        77M        24K       2.3M        32M
-/+ buffers/cache:       879M       112M
Swap:         8.0G       504M       7.5G

             total       used       free     shared    buffers     cached
Mem:          992M       915M        76M        24K       2.3M        32M
-/+ buffers/cache:       880M       111M
Swap:         8.0G       503M       7.5G

             total       used       free     shared    buffers     cached
Mem:          992M       916M        75M        24K       2.3M        32M
-/+ buffers/cache:       882M       110M
Swap:         8.0G       503M       7.5G

             total       used       free     shared    buffers     cached
Mem:          992M       918M        74M        24K       2.3M        32M
-/+ buffers/cache:       883M       108M
Swap:         8.0G       502M       7.5G

             total       used       free     shared    buffers     cached
Mem:          992M       919M        73M        24K       2.3M        32M
-/+ buffers/cache:       884M       107M
Swap:         8.0G       502M       7.5G

             total       used       free     shared    buffers     cached
Mem:          992M       920M        71M        24K       2.3M        32M
-/+ buffers/cache:       885M       106M
Swap:         8.0G       501M       7.5G

             total       used       free     shared    buffers     cached
Mem:          992M       921M        70M        24K       2.3M        32M
-/+ buffers/cache:       887M       105M
Swap:         8.0G       500M       7.5G

             total       used       free     shared    buffers     cached
Mem:          992M       923M        69M        24K       2.3M        32M
-/+ buffers/cache:       888M       103M
Swap:         8.0G       500M       7.5G

             total       used       free     shared    buffers     cached
Mem:          992M       924M        67M        24K       2.3M        32M
-/+ buffers/cache:       889M       102M
Swap:         8.0G       499M       7.5G

             total       used       free     shared    buffers     cached
Mem:          992M       925M        66M        24K       2.3M        32M
-/+ buffers/cache:       891M       101M
Swap:         8.0G       498M       7.5G

             total       used       free     shared    buffers     cached
Mem:          992M       926M        65M        24K       2.3M        32M
-/+ buffers/cache:       892M       100M
Swap:         8.0G       498M       7.5G

             total       used       free     shared    buffers     cached
Mem:          992M       927M        64M        24K       2.3M        32M
-/+ buffers/cache:       893M        99M
Swap:         8.0G       497M       7.5G

             total       used       free     shared    buffers     cached
Mem:          992M       929M        63M        24K       2.3M        32M
-/+ buffers/cache:       894M        97M
Swap:         8.0G       497M       7.5G

             total       used       free     shared    buffers     cached
Mem:          992M       912M        79M        24K       1.8M        30M
-/+ buffers/cache:       880M       112M
Swap:         8.0G       516M       7.5G

             total       used       free     shared    buffers     cached
Mem:          992M       913M        78M        24K       1.8M        30M
-/+ buffers/cache:       881M       110M
Swap:         8.0G       516M       7.5G

             total       used       free     shared    buffers     cached
Mem:          992M       914M        77M        24K       1.8M        30M
-/+ buffers/cache:       882M       109M
Swap:         8.0G       515M       7.5G

             total       used       free     shared    buffers     cached
Mem:          992M       915M        76M        24K       1.8M        30M
-/+ buffers/cache:       883M       108M
Swap:         8.0G       515M       7.5G

             total       used       free     shared    buffers     cached
Mem:          992M       922M        69M        24K       1.8M        35M
-/+ buffers/cache:       884M       107M
Swap:         8.0G       514M       7.5G

             total       used       free     shared    buffers     cached
Mem:          992M       923M        68M        24K       1.8M        35M
-/+ buffers/cache:       886M       106M
Swap:         8.0G       513M       7.5G

             total       used       free     shared    buffers     cached
Mem:          992M       925M        67M        24K       1.9M        35M
-/+ buffers/cache:       887M       104M
Swap:         8.0G       512M       7.5G

             total       used       free     shared    buffers     cached
Mem:          992M       926M        65M        24K       1.9M        35M
-/+ buffers/cache:       888M       103M
Swap:         8.0G       512M       7.5G

             total       used       free     shared    buffers     cached
Mem:          992M       927M        64M        24K       1.9M        35M
-/+ buffers/cache:       889M       102M
Swap:         8.0G       511M       7.5G

             total       used       free     shared    buffers     cached
Mem:          992M       928M        63M        24K       1.9M        35M
-/+ buffers/cache:       890M       101M
Swap:         8.0G       511M       7.5G

             total       used       free     shared    buffers     cached
Mem:          992M       917M        74M        24K       1.5M        35M
-/+ buffers/cache:       880M       111M
Swap:         8.0G       513M       7.5G

             total       used       free     shared    buffers     cached
Mem:          992M       918M        73M        24K       1.5M        35M
-/+ buffers/cache:       881M       110M
Swap:         8.0G       513M       7.5G

             total       used       free     shared    buffers     cached
Mem:          992M       920M        72M        24K       1.5M        35M
-/+ buffers/cache:       883M       109M
Swap:         8.0G       512M       7.5G

             total       used       free     shared    buffers     cached
Mem:          992M       921M        70M        24K       1.5M        35M
-/+ buffers/cache:       884M       107M
Swap:         8.0G       511M       7.5G

             total       used       free     shared    buffers     cached
Mem:          992M       922M        69M        24K       1.5M        35M
-/+ buffers/cache:       885M       106M
Swap:         8.0G       511M       7.5G

             total       used       free     shared    buffers     cached
Mem:          992M       923M        68M        24K       1.5M        35M
-/+ buffers/cache:       886M       105M
Swap:         8.0G       510M       7.5G

             total       used       free     shared    buffers     cached
Mem:          992M       924M        67M        24K       1.5M        35M
-/+ buffers/cache:       887M       104M
Swap:         8.0G       510M       7.5G

             total       used       free     shared    buffers     cached
Mem:          992M       925M        66M        24K       1.5M        35M
-/+ buffers/cache:       888M       103M
Swap:         8.0G       509M       7.5G

             total       used       free     shared    buffers     cached
Mem:          992M       926M        65M        24K       1.5M        35M
-/+ buffers/cache:       889M       102M
Swap:         8.0G       508M       7.5G

             total       used       free     shared    buffers     cached
Mem:          992M       928M        64M        24K       1.5M        35M
-/+ buffers/cache:       891M       101M
Swap:         8.0G       508M       7.5G

             total       used       free     shared    buffers     cached
Mem:          992M       908M        83M        24K       288K        31M
-/+ buffers/cache:       876M       115M
Swap:         8.0G       524M       7.5G

             total       used       free     shared    buffers     cached
Mem:          992M       909M        83M        24K       288K        31M
-/+ buffers/cache:       877M       114M
Swap:         8.0G       524M       7.5G

             total       used       free     shared    buffers     cached
Mem:          992M       909M        82M        24K       296K        31M
-/+ buffers/cache:       878M       114M
Swap:         8.0G       523M       7.5G

             total       used       free     shared    buffers     cached
Mem:          992M       911M        80M        24K       296K        31M
-/+ buffers/cache:       879M       112M
Swap:         8.0G       523M       7.5G

             total       used       free     shared    buffers     cached
Mem:          992M       912M        79M        24K       296K        31M
-/+ buffers/cache:       880M       111M
Swap:         8.0G       522M       7.5G

             total       used       free     shared    buffers     cached
Mem:          992M       913M        78M        24K       296K        31M
-/+ buffers/cache:       881M       110M
Swap:         8.0G       521M       7.5G

             total       used       free     shared    buffers     cached
Mem:          992M       915M        76M        24K       296K        31M
-/+ buffers/cache:       883M       108M
Swap:         8.0G       521M       7.5G

             total       used       free     shared    buffers     cached
Mem:          992M       916M        75M        24K       296K        31M
-/+ buffers/cache:       884M       107M
Swap:         8.0G       520M       7.5G

             total       used       free     shared    buffers     cached
Mem:          992M       918M        74M        24K       304K        32M
-/+ buffers/cache:       885M       106M
Swap:         8.0G       519M       7.5G

             total       used       free     shared    buffers     cached
Mem:          992M       920M        71M        28K       304K        32M
-/+ buffers/cache:       887M       104M
Swap:         8.0G       519M       7.5G

             total       used       free     shared    buffers     cached
Mem:          992M       921M        70M        28K       304K        32M
-/+ buffers/cache:       888M       103M
Swap:         8.0G       518M       7.5G

             total       used       free     shared    buffers     cached
Mem:          992M       922M        69M        28K       304K        32M
-/+ buffers/cache:       889M       102M
Swap:         8.0G       517M       7.5G

             total       used       free     shared    buffers     cached
Mem:          992M       924M        67M        28K       304K        32M
-/+ buffers/cache:       891M       100M
Swap:         8.0G       517M       7.5G

             total       used       free     shared    buffers     cached
Mem:          992M       911M        81M        28K       300K        30M
-/+ buffers/cache:       880M       111M
Swap:         8.0G       535M       7.5G

             total       used       free     shared    buffers     cached
Mem:          992M       912M        79M        28K       300K        30M
-/+ buffers/cache:       881M       110M
Swap:         8.0G       534M       7.5G

             total       used       free     shared    buffers     cached
Mem:          992M       913M        78M        28K       300K        30M
-/+ buffers/cache:       883M       109M
Swap:         8.0G       534M       7.5G

             total       used       free     shared    buffers     cached
Mem:          992M       921M        70M        28K       300K        33M
-/+ buffers/cache:       888M       104M
Swap:         8.0G       531M       7.5G

             total       used       free     shared    buffers     cached
Mem:          992M       922M        70M        28K       300K        33M
-/+ buffers/cache:       888M       103M
Swap:         8.0G       531M       7.5G

             total       used       free     shared    buffers     cached
Mem:          992M       922M        69M        28K       300K        33M
-/+ buffers/cache:       889M       103M
Swap:         8.0G       531M       7.5G

             total       used       free     shared    buffers     cached
Mem:          992M       923M        68M        28K       308K        33M
-/+ buffers/cache:       889M       102M
Swap:         8.0G       530M       7.5G

             total       used       free     shared    buffers     cached
Mem:          992M       924M        68M        28K       308K        33M
-/+ buffers/cache:       890M       101M
Swap:         8.0G       530M       7.5G

             total       used       free     shared    buffers     cached
Mem:          992M       924M        67M        28K       308K        33M
-/+ buffers/cache:       891M       100M
Swap:         8.0G       529M       7.5G

             total       used       free     shared    buffers     cached
Mem:          992M       925M        66M        28K       308K        33M
-/+ buffers/cache:       892M       100M
Swap:         8.0G       529M       7.5G

             total       used       free     shared    buffers     cached
Mem:          992M       926M        65M        28K       308K        33M
-/+ buffers/cache:       892M        99M
Swap:         8.0G       529M       7.5G

             total       used       free     shared    buffers     cached
Mem:          992M       926M        65M        28K       316K        33M
-/+ buffers/cache:       893M        98M
Swap:         8.0G       528M       7.5G

             total       used       free     shared    buffers     cached
Mem:          992M       927M        64M        28K       316K        33M
-/+ buffers/cache:       894M        98M
Swap:         8.0G       528M       7.5G

             total       used       free     shared    buffers     cached
Mem:          992M       921M        70M       164K       316K        33M
-/+ buffers/cache:       887M       104M
Swap:         8.0G       529M       7.5G

             total       used       free     shared    buffers     cached
Mem:          992M       918M        74M       3.9M       4.9M        54M
-/+ buffers/cache:       858M       133M
Swap:         8.0G       564M       7.4G

             total       used       free     shared    buffers     cached
Mem:          992M       901M        90M       3.9M       4.0M        61M
-/+ buffers/cache:       836M       155M
Swap:         8.0G       594M       7.4G

             total       used       free     shared    buffers     cached
Mem:          992M       917M        74M       240K       4.3M        64M
-/+ buffers/cache:       848M       143M
Swap:         8.0G       587M       7.4G

             total       used       free     shared    buffers     cached
Mem:          992M       918M        74M       240K       4.3M        64M
-/+ buffers/cache:       849M       142M
Swap:         8.0G       587M       7.4G

             total       used       free     shared    buffers     cached
Mem:          992M       919M        73M       240K       4.3M        64M
-/+ buffers/cache:       850M       141M
Swap:         8.0G       586M       7.4G

             total       used       free     shared    buffers     cached
Mem:          992M       920M        71M       240K       4.3M        64M
-/+ buffers/cache:       851M       140M
Swap:         8.0G       586M       7.4G

             total       used       free     shared    buffers     cached
Mem:          992M       922M        69M       240K       4.4M        65M
-/+ buffers/cache:       852M       139M
Swap:         8.0G       585M       7.4G

             total       used       free     shared    buffers     cached
Mem:          992M       924M        68M       240K       4.4M        65M
-/+ buffers/cache:       854M       137M
Swap:         8.0G       584M       7.4G

             total       used       free     shared    buffers     cached
Mem:          992M       925M        66M       240K       4.4M        65M
-/+ buffers/cache:       855M       136M
Swap:         8.0G       584M       7.4G

             total       used       free     shared    buffers     cached
Mem:          992M       926M        65M       240K       4.4M        65M
-/+ buffers/cache:       857M       135M
Swap:         8.0G       583M       7.4G

             total       used       free     shared    buffers     cached
Mem:          992M       928M        64M       240K       4.4M        65M
-/+ buffers/cache:       858M       133M
Swap:         8.0G       583M       7.4G

             total       used       free     shared    buffers     cached
Mem:          992M       907M        84M       240K       4.3M        61M
-/+ buffers/cache:       841M       151M
Swap:         8.0G       591M       7.4G

             total       used       free     shared    buffers     cached
Mem:          992M       908M        84M       240K       4.3M        61M
-/+ buffers/cache:       841M       150M
Swap:         8.0G       591M       7.4G

             total       used       free     shared    buffers     cached
Mem:          992M       909M        83M       240K       4.3M        61M
-/+ buffers/cache:       842M       149M
Swap:         8.0G       590M       7.4G

             total       used       free     shared    buffers     cached
Mem:          992M       910M        81M       240K       4.3M        61M
-/+ buffers/cache:       844M       148M
Swap:         8.0G       589M       7.4G

             total       used       free     shared    buffers     cached
Mem:          992M       911M        80M       240K       4.3M        61M
-/+ buffers/cache:       845M       146M
Swap:         8.0G       589M       7.4G

             total       used       free     shared    buffers     cached
Mem:          992M       913M        78M       240K       4.3M        62M
-/+ buffers/cache:       846M       145M
Swap:         8.0G       588M       7.4G

             total       used       free     shared    buffers     cached
Mem:          992M       914M        77M       240K       4.3M        62M
-/+ buffers/cache:       847M       144M
Swap:         8.0G       587M       7.4G

             total       used       free     shared    buffers     cached
Mem:          992M       916M        75M       240K       4.3M        62M
-/+ buffers/cache:       849M       143M
Swap:         8.0G       587M       7.4G

             total       used       free     shared    buffers     cached
Mem:          992M       917M        74M       240K       4.3M        62M
-/+ buffers/cache:       850M       141M
Swap:         8.0G       586M       7.4G

             total       used       free     shared    buffers     cached
Mem:          992M       918M        73M       240K       4.3M        62M
-/+ buffers/cache:       851M       140M
Swap:         8.0G       586M       7.4G

             total       used       free     shared    buffers     cached
Mem:          992M       920M        72M       240K       4.3M        62M
-/+ buffers/cache:       853M       139M
Swap:         8.0G       585M       7.4G

             total       used       free     shared    buffers     cached
Mem:          992M       921M        70M       240K       4.3M        62M
-/+ buffers/cache:       854M       137M
Swap:         8.0G       585M       7.4G

             total       used       free     shared    buffers     cached
Mem:          992M       923M        69M       240K       4.4M        62M
-/+ buffers/cache:       855M       136M
Swap:         8.0G       584M       7.4G

             total       used       free     shared    buffers     cached
Mem:          992M       924M        67M       240K       4.4M        62M
-/+ buffers/cache:       857M       135M
Swap:         8.0G       584M       7.4G

             total       used       free     shared    buffers     cached
Mem:          992M       925M        66M       240K       4.4M        62M
-/+ buffers/cache:       858M       133M
Swap:         8.0G       583M       7.4G

             total       used       free     shared    buffers     cached
Mem:          992M       926M        65M       240K       4.4M        62M
-/+ buffers/cache:       859M       132M
Swap:         8.0G       583M       7.4G

             total       used       free     shared    buffers     cached
Mem:          992M       928M        63M       240K       4.4M        62M
-/+ buffers/cache:       861M       131M
Swap:         8.0G       582M       7.4G

             total       used       free     shared    buffers     cached
Mem:          992M       906M        85M       240K       3.0M        58M
-/+ buffers/cache:       845M       147M
Swap:         8.0G       599M       7.4G

             total       used       free     shared    buffers     cached
Mem:          992M       907M        84M       240K       3.0M        58M
-/+ buffers/cache:       846M       146M
Swap:         8.0G       598M       7.4G

             total       used       free     shared    buffers     cached
Mem:          992M       909M        82M       240K       3.0M        58M
-/+ buffers/cache:       847M       144M
Swap:         8.0G       598M       7.4G

             total       used       free     shared    buffers     cached
Mem:          992M       910M        81M       240K       3.0M        58M
-/+ buffers/cache:       848M       143M
Swap:         8.0G       597M       7.4G

             total       used       free     shared    buffers     cached
Mem:          992M       911M        80M       240K       3.0M        58M
-/+ buffers/cache:       849M       142M
Swap:         8.0G       597M       7.4G

             total       used       free     shared    buffers     cached
Mem:          992M       910M        81M       284K       7.6M        70M
-/+ buffers/cache:       832M       159M
Swap:         8.0G       610M       7.4G

             total       used       free     shared    buffers     cached
Mem:          992M       914M        77M       280K       8.0M        73M
-/+ buffers/cache:       833M       158M
Swap:         8.0G       609M       7.4G
