             total       used       free     shared    buffers     cached
Mem:          992M       657M       334M       3.2M        38M       289M
-/+ buffers/cache:       330M       662M
Swap:         8.0G         0B       8.0G

             total       used       free     shared    buffers     cached
Mem:          992M       656M       335M       1.4M        38M       287M
-/+ buffers/cache:       330M       661M
Swap:         8.0G         0B       8.0G

             total       used       free     shared    buffers     cached
Mem:          992M       656M       335M       1.4M        38M       287M
-/+ buffers/cache:       330M       661M
Swap:         8.0G         0B       8.0G

             total       used       free     shared    buffers     cached
Mem:          992M       656M       335M       1.4M        38M       287M
-/+ buffers/cache:       330M       661M
Swap:         8.0G         0B       8.0G

             total       used       free     shared    buffers     cached
Mem:          992M       656M       335M       1.4M        38M       287M
-/+ buffers/cache:       330M       661M
Swap:         8.0G         0B       8.0G

             total       used       free     shared    buffers     cached
Mem:          992M       656M       335M       1.4M        38M       287M
-/+ buffers/cache:       330M       661M
Swap:         8.0G         0B       8.0G

             total       used       free     shared    buffers     cached
Mem:          992M       656M       335M       1.4M        38M       287M
-/+ buffers/cache:       329M       662M
Swap:         8.0G         0B       8.0G

             total       used       free     shared    buffers     cached
Mem:          992M       656M       336M       1.4M        38M       288M
-/+ buffers/cache:       329M       662M
Swap:         8.0G         0B       8.0G

             total       used       free     shared    buffers     cached
Mem:          992M       656M       336M       1.4M        38M       288M
-/+ buffers/cache:       329M       662M
Swap:         8.0G         0B       8.0G

             total       used       free     shared    buffers     cached
Mem:          992M       659M       332M       1.4M        38M       288M
-/+ buffers/cache:       332M       659M
Swap:         8.0G         0B       8.0G

             total       used       free     shared    buffers     cached
Mem:          992M       678M       313M       1.4M        38M       288M
-/+ buffers/cache:       351M       640M
Swap:         8.0G         0B       8.0G

             total       used       free     shared    buffers     cached
Mem:          992M       702M       290M       1.4M        38M       288M
-/+ buffers/cache:       374M       617M
Swap:         8.0G         0B       8.0G

             total       used       free     shared    buffers     cached
Mem:          992M       665M       326M       1.4M        38M       289M
-/+ buffers/cache:       337M       654M
Swap:         8.0G         0B       8.0G

             total       used       free     shared    buffers     cached
Mem:          992M       665M       326M       1.4M        38M       289M
-/+ buffers/cache:       337M       654M
Swap:         8.0G         0B       8.0G

             total       used       free     shared    buffers     cached
Mem:          992M       665M       326M       1.4M        38M       289M
-/+ buffers/cache:       337M       654M
Swap:         8.0G         0B       8.0G

             total       used       free     shared    buffers     cached
Mem:          992M       665M       326M       1.4M        38M       289M
-/+ buffers/cache:       337M       654M
Swap:         8.0G         0B       8.0G

             total       used       free     shared    buffers     cached
Mem:          992M       665M       326M       1.4M        38M       289M
-/+ buffers/cache:       337M       654M
Swap:         8.0G         0B       8.0G

             total       used       free     shared    buffers     cached
Mem:          992M       665M       326M       1.4M        38M       289M
-/+ buffers/cache:       337M       654M
Swap:         8.0G         0B       8.0G

             total       used       free     shared    buffers     cached
Mem:          992M       665M       326M       1.4M        38M       289M
-/+ buffers/cache:       337M       654M
Swap:         8.0G         0B       8.0G

             total       used       free     shared    buffers     cached
Mem:          992M       665M       326M       1.4M        38M       289M
-/+ buffers/cache:       337M       654M
Swap:         8.0G         0B       8.0G

             total       used       free     shared    buffers     cached
Mem:          992M       665M       326M       1.4M        38M       289M
-/+ buffers/cache:       337M       654M
Swap:         8.0G         0B       8.0G

             total       used       free     shared    buffers     cached
Mem:          992M       665M       326M       1.4M        38M       289M
-/+ buffers/cache:       337M       654M
Swap:         8.0G         0B       8.0G

             total       used       free     shared    buffers     cached
Mem:          992M       665M       326M       1.4M        38M       289M
-/+ buffers/cache:       337M       654M
Swap:         8.0G         0B       8.0G

             total       used       free     shared    buffers     cached
Mem:          992M       665M       326M       1.4M        38M       289M
-/+ buffers/cache:       337M       654M
Swap:         8.0G         0B       8.0G

             total       used       free     shared    buffers     cached
Mem:          992M       665M       326M       1.4M        38M       289M
-/+ buffers/cache:       337M       654M
Swap:         8.0G         0B       8.0G

             total       used       free     shared    buffers     cached
Mem:          992M       665M       326M       1.4M        38M       289M
-/+ buffers/cache:       337M       654M
Swap:         8.0G         0B       8.0G

             total       used       free     shared    buffers     cached
Mem:          992M       665M       326M       1.4M        38M       289M
-/+ buffers/cache:       337M       654M
Swap:         8.0G         0B       8.0G

             total       used       free     shared    buffers     cached
Mem:          992M       665M       326M       1.4M        38M       289M
-/+ buffers/cache:       337M       654M
Swap:         8.0G         0B       8.0G

             total       used       free     shared    buffers     cached
Mem:          992M       665M       326M       1.4M        38M       289M
-/+ buffers/cache:       337M       654M
Swap:         8.0G         0B       8.0G

             total       used       free     shared    buffers     cached
Mem:          992M       665M       326M       1.4M        38M       289M
-/+ buffers/cache:       337M       654M
Swap:         8.0G         0B       8.0G

             total       used       free     shared    buffers     cached
Mem:          992M       665M       326M       1.4M        38M       289M
-/+ buffers/cache:       337M       654M
Swap:         8.0G         0B       8.0G

             total       used       free     shared    buffers     cached
Mem:          992M       665M       326M       1.4M        38M       289M
-/+ buffers/cache:       337M       654M
Swap:         8.0G         0B       8.0G

             total       used       free     shared    buffers     cached
Mem:          992M       665M       326M       1.4M        38M       289M
-/+ buffers/cache:       337M       654M
Swap:         8.0G         0B       8.0G

             total       used       free     shared    buffers     cached
Mem:          992M       672M       319M       1.4M        38M       289M
-/+ buffers/cache:       344M       647M
Swap:         8.0G         0B       8.0G

             total       used       free     shared    buffers     cached
Mem:          992M       692M       300M       1.4M        38M       289M
-/+ buffers/cache:       363M       628M
Swap:         8.0G         0B       8.0G

             total       used       free     shared    buffers     cached
Mem:          992M       712M       279M       1.4M        38M       289M
-/+ buffers/cache:       383M       608M
Swap:         8.0G         0B       8.0G

             total       used       free     shared    buffers     cached
Mem:          992M       731M       260M       1.4M        38M       289M
-/+ buffers/cache:       402M       589M
Swap:         8.0G         0B       8.0G

             total       used       free     shared    buffers     cached
Mem:          992M       751M       240M       1.4M        38M       289M
-/+ buffers/cache:       423M       568M
Swap:         8.0G         0B       8.0G

             total       used       free     shared    buffers     cached
Mem:          992M       770M       221M       1.4M        38M       289M
-/+ buffers/cache:       441M       550M
Swap:         8.0G         0B       8.0G

             total       used       free     shared    buffers     cached
Mem:          992M       787M       204M       1.4M        38M       289M
-/+ buffers/cache:       459M       532M
Swap:         8.0G         0B       8.0G

             total       used       free     shared    buffers     cached
Mem:          992M       806M       186M       1.4M        38M       289M
-/+ buffers/cache:       477M       514M
Swap:         8.0G         0B       8.0G

             total       used       free     shared    buffers     cached
Mem:          992M       823M       168M       1.4M        38M       289M
-/+ buffers/cache:       495M       496M
Swap:         8.0G         0B       8.0G

             total       used       free     shared    buffers     cached
Mem:          992M       841M       150M       1.4M        38M       289M
-/+ buffers/cache:       513M       478M
Swap:         8.0G         0B       8.0G

             total       used       free     shared    buffers     cached
Mem:          992M       860M       132M       1.4M        38M       289M
-/+ buffers/cache:       531M       460M
Swap:         8.0G         0B       8.0G

             total       used       free     shared    buffers     cached
Mem:          992M       877M       114M       1.4M        38M       289M
-/+ buffers/cache:       549M       442M
Swap:         8.0G         0B       8.0G

             total       used       free     shared    buffers     cached
Mem:          992M       891M       100M       1.4M        38M       289M
-/+ buffers/cache:       563M       428M
Swap:         8.0G         0B       8.0G

             total       used       free     shared    buffers     cached
Mem:          992M       912M        80M       1.4M        38M       289M
-/+ buffers/cache:       583M       408M
Swap:         8.0G         0B       8.0G

             total       used       free     shared    buffers     cached
Mem:          992M       931M        61M       1.4M        38M       289M
-/+ buffers/cache:       602M       389M
Swap:         8.0G         0B       8.0G

             total       used       free     shared    buffers     cached
Mem:          992M       923M        68M       1.4M        12M       288M
-/+ buffers/cache:       622M       369M
Swap:         8.0G         0B       8.0G

             total       used       free     shared    buffers     cached
Mem:          992M       929M        63M       1.4M        10M       278M
-/+ buffers/cache:       640M       351M
Swap:         8.0G         0B       8.0G

             total       used       free     shared    buffers     cached
Mem:          992M       929M        62M       1.3M       9.7M       261M
-/+ buffers/cache:       657M       334M
Swap:         8.0G       220K       8.0G

             total       used       free     shared    buffers     cached
Mem:          992M       929M        62M       1.3M       9.7M       243M
-/+ buffers/cache:       676M       315M
Swap:         8.0G       1.0M       8.0G

             total       used       free     shared    buffers     cached
Mem:          992M       931M        60M       1.2M       9.7M       231M
-/+ buffers/cache:       690M       301M
Swap:         8.0G       5.8M       8.0G

             total       used       free     shared    buffers     cached
Mem:          992M       918M        74M       1.1M       9.7M       205M
-/+ buffers/cache:       703M       289M
Swap:         8.0G        10M       8.0G

             total       used       free     shared    buffers     cached
Mem:          992M       921M        70M       1.1M       2.7M       199M
-/+ buffers/cache:       719M       272M
Swap:         8.0G        10M       8.0G

             total       used       free     shared    buffers     cached
Mem:          992M       923M        69M       1.1M       1.0M       185M
-/+ buffers/cache:       736M       255M
Swap:         8.0G        10M       8.0G

             total       used       free     shared    buffers     cached
Mem:          992M       918M        73M       1.1M       196K       163M
-/+ buffers/cache:       754M       237M
Swap:         8.0G        10M       8.0G

             total       used       free     shared    buffers     cached
Mem:          992M       917M        74M       1.1M       196K       144M
-/+ buffers/cache:       773M       218M
Swap:         8.0G        10M       8.0G

             total       used       free     shared    buffers     cached
Mem:          992M       926M        65M       1.1M       200K       144M
-/+ buffers/cache:       782M       209M
Swap:         8.0G        10M       8.0G

             total       used       free     shared    buffers     cached
Mem:          992M       928M        63M       1.1M       112K       127M
-/+ buffers/cache:       801M       190M
Swap:         8.0G        10M       8.0G

             total       used       free     shared    buffers     cached
Mem:          992M       931M        60M       1.1M       120K       112M
-/+ buffers/cache:       819M       173M
Swap:         8.0G        10M       8.0G

             total       used       free     shared    buffers     cached
Mem:          992M       921M        70M       1.1M       100K        84M
-/+ buffers/cache:       836M       155M
Swap:         8.0G        10M       8.0G

             total       used       free     shared    buffers     cached
Mem:          992M       919M        72M       1.1M       316K        66M
-/+ buffers/cache:       853M       138M
Swap:         8.0G        10M       8.0G

             total       used       free     shared    buffers     cached
Mem:          992M       923M        69M       1.1M       320K        51M
-/+ buffers/cache:       871M       120M
Swap:         8.0G        10M       8.0G

             total       used       free     shared    buffers     cached
Mem:          992M       923M        68M       1.1M       320K        33M
-/+ buffers/cache:       890M       102M
Swap:         8.0G        10M       8.0G

             total       used       free     shared    buffers     cached
Mem:          992M       923M        68M       1.1M       320K        13M
-/+ buffers/cache:       910M        82M
Swap:         8.0G        10M       8.0G

             total       used       free     shared    buffers     cached
Mem:          992M       918M        73M       760K       248K       4.1M
-/+ buffers/cache:       914M        77M
Swap:         8.0G        33M       8.0G

             total       used       free     shared    buffers     cached
Mem:          992M       922M        69M       728K       400K       4.0M
-/+ buffers/cache:       918M        74M
Swap:         8.0G        40M       8.0G

             total       used       free     shared    buffers     cached
Mem:          992M       925M        67M       728K       340K       4.4M
-/+ buffers/cache:       920M        71M
Swap:         8.0G        54M       7.9G

             total       used       free     shared    buffers     cached
Mem:          992M       923M        68M       668K       2.7M        14M
-/+ buffers/cache:       906M        85M
Swap:         8.0G        97M       7.9G

             total       used       free     shared    buffers     cached
Mem:          992M       925M        66M       656K       2.7M        13M
-/+ buffers/cache:       909M        82M
Swap:         8.0G       100M       7.9G

             total       used       free     shared    buffers     cached
Mem:          992M       925M        66M       656K       2.0M        12M
-/+ buffers/cache:       911M        81M
Swap:         8.0G       122M       7.9G

             total       used       free     shared    buffers     cached
Mem:          992M       924M        67M       652K       1.6M        12M
-/+ buffers/cache:       910M        81M
Swap:         8.0G       132M       7.9G

             total       used       free     shared    buffers     cached
Mem:          992M       925M        66M       600K       920K        11M
-/+ buffers/cache:       912M        79M
Swap:         8.0G       151M       7.8G

             total       used       free     shared    buffers     cached
Mem:          992M       928M        63M       592K       320K        10M
-/+ buffers/cache:       918M        73M
Swap:         8.0G       163M       7.8G

             total       used       free     shared    buffers     cached
Mem:          992M       916M        75M       580K        92K       3.4M
-/+ buffers/cache:       913M        78M
Swap:         8.0G       178M       7.8G

             total       used       free     shared    buffers     cached
Mem:          992M       910M        81M       580K       224K       3.0M
-/+ buffers/cache:       907M        84M
Swap:         8.0G       228M       7.8G

             total       used       free     shared    buffers     cached
Mem:          992M       929M        62M       568K       224K       3.0M
-/+ buffers/cache:       926M        66M
Swap:         8.0G       228M       7.8G

             total       used       free     shared    buffers     cached
Mem:          992M       928M        63M       568K       232K       2.9M
-/+ buffers/cache:       925M        66M
Swap:         8.0G       228M       7.8G

             total       used       free     shared    buffers     cached
Mem:          992M       916M        75M       568K       504K       3.1M
-/+ buffers/cache:       912M        79M
Swap:         8.0G       250M       7.8G

             total       used       free     shared    buffers     cached
Mem:          992M       918M        73M       540K       504K       2.6M
-/+ buffers/cache:       915M        76M
Swap:         8.0G       261M       7.7G

             total       used       free     shared    buffers     cached
Mem:          992M       924M        67M       540K       504K       2.7M
-/+ buffers/cache:       921M        70M
Swap:         8.0G       261M       7.7G

             total       used       free     shared    buffers     cached
Mem:          992M       915M        76M       540K       504K       2.6M
-/+ buffers/cache:       912M        79M
Swap:         8.0G       276M       7.7G

             total       used       free     shared    buffers     cached
Mem:          992M       919M        72M       540K       512K       2.6M
-/+ buffers/cache:       916M        75M
Swap:         8.0G       276M       7.7G

             total       used       free     shared    buffers     cached
Mem:          992M       925M        66M       540K       512K       2.6M
-/+ buffers/cache:       922M        69M
Swap:         8.0G       276M       7.7G

             total       used       free     shared    buffers     cached
Mem:          992M       919M        72M       540K       512K       2.8M
-/+ buffers/cache:       915M        76M
Swap:         8.0G       290M       7.7G

             total       used       free     shared    buffers     cached
Mem:          992M       925M        67M       536K       512K       2.8M
-/+ buffers/cache:       921M        70M
Swap:         8.0G       290M       7.7G

             total       used       free     shared    buffers     cached
Mem:          992M       929M        62M       536K       512K       2.8M
-/+ buffers/cache:       926M        65M
Swap:         8.0G       290M       7.7G

             total       used       free     shared    buffers     cached
Mem:          992M       912M        79M       536K       504K       2.7M
-/+ buffers/cache:       909M        82M
Swap:         8.0G       312M       7.7G

             total       used       free     shared    buffers     cached
Mem:          992M       916M        75M       536K       504K       2.6M
-/+ buffers/cache:       913M        78M
Swap:         8.0G       312M       7.7G

             total       used       free     shared    buffers     cached
Mem:          992M       920M        71M       536K       504K       2.7M
-/+ buffers/cache:       917M        74M
Swap:         8.0G       312M       7.7G

             total       used       free     shared    buffers     cached
Mem:          992M       924M        67M       536K       508K       2.7M
-/+ buffers/cache:       921M        70M
Swap:         8.0G       312M       7.7G

             total       used       free     shared    buffers     cached
Mem:          992M       928M        63M       536K       508K       2.7M
-/+ buffers/cache:       925M        66M
Swap:         8.0G       312M       7.7G

             total       used       free     shared    buffers     cached
Mem:          992M       920M        71M       536K       508K       2.7M
-/+ buffers/cache:       917M        74M
Swap:         8.0G       325M       7.7G

             total       used       free     shared    buffers     cached
Mem:          992M       925M        66M       536K       516K       2.7M
-/+ buffers/cache:       922M        70M
Swap:         8.0G       325M       7.7G

             total       used       free     shared    buffers     cached
Mem:          992M       917M        74M        16K       500K       2.0M
-/+ buffers/cache:       914M        77M
Swap:         8.0G       335M       7.7G

             total       used       free     shared    buffers     cached
Mem:          992M       925M        66M         8K       464K       1.9M
-/+ buffers/cache:       922M        69M
Swap:         8.0G       321M       7.7G

             total       used       free     shared    buffers     cached
Mem:          992M       919M        72M         8K       316K       1.8M
-/+ buffers/cache:       917M        74M
Swap:         8.0G       322M       7.7G

             total       used       free     shared    buffers     cached
Mem:          992M       927M        64M         8K        76K       1.7M
-/+ buffers/cache:       925M        66M
Swap:         8.0G       319M       7.7G

             total       used       free     shared    buffers     cached
Mem:          992M       920M        71M         4K        84K       1.6M
-/+ buffers/cache:       918M        73M
Swap:         8.0G       322M       7.7G

             total       used       free     shared    buffers     cached
Mem:          992M       928M        64M         0B        84K       1.5M
-/+ buffers/cache:       926M        65M
Swap:         8.0G       314M       7.7G

             total       used       free     shared    buffers     cached
Mem:          992M       920M        71M         0B        84K       1.4M
-/+ buffers/cache:       918M        73M
Swap:         8.0G       325M       7.7G

             total       used       free     shared    buffers     cached
Mem:          992M       915M        76M         0B        84K       1.3M
-/+ buffers/cache:       914M        77M
Swap:         8.0G       338M       7.7G

             total       used       free     shared    buffers     cached
Mem:          992M       921M        71M         0B        84K       1.3M
-/+ buffers/cache:       919M        72M
Swap:         8.0G       324M       7.7G

             total       used       free     shared    buffers     cached
Mem:          992M       920M        71M         0B        92K       1.3M
-/+ buffers/cache:       919M        72M
Swap:         8.0G       331M       7.7G

             total       used       free     shared    buffers     cached
Mem:          992M       928M        63M         0B        92K       1.2M
-/+ buffers/cache:       927M        64M
Swap:         8.0G       325M       7.7G

             total       used       free     shared    buffers     cached
Mem:          992M       921M        70M         0B        92K       1.2M
-/+ buffers/cache:       920M        72M
Swap:         8.0G       340M       7.7G

             total       used       free     shared    buffers     cached
Mem:          992M       920M        71M         0B        92K       1.5M
-/+ buffers/cache:       918M        73M
Swap:         8.0G       334M       7.7G

             total       used       free     shared    buffers     cached
Mem:          992M       924M        67M         0B        92K       1.5M
-/+ buffers/cache:       922M        69M
Swap:         8.0G       332M       7.7G

             total       used       free     shared    buffers     cached
Mem:          992M       929M        62M         0B        92K       1.5M
-/+ buffers/cache:       928M        64M
Swap:         8.0G       331M       7.7G

             total       used       free     shared    buffers     cached
Mem:          992M       913M        78M         0B       100K       1.6M
-/+ buffers/cache:       911M        80M
Swap:         8.0G       357M       7.6G

             total       used       free     shared    buffers     cached
Mem:          992M       920M        72M         0B       100K       1.6M
-/+ buffers/cache:       918M        73M
Swap:         8.0G       357M       7.6G

             total       used       free     shared    buffers     cached
Mem:          992M       925M        66M         0B       100K       1.5M
-/+ buffers/cache:       924M        68M
Swap:         8.0G       357M       7.6G

             total       used       free     shared    buffers     cached
Mem:          992M       929M        62M         0B        76K        20M
-/+ buffers/cache:       908M        83M
Swap:         8.0G       386M       7.6G

             total       used       free     shared    buffers     cached
Mem:          992M       926M        65M         0B       220K        17M
-/+ buffers/cache:       908M        83M
Swap:         8.0G       393M       7.6G

             total       used       free     shared    buffers     cached
Mem:          992M       930M        62M         0B       564K        19M
-/+ buffers/cache:       910M        81M
Swap:         8.0G       392M       7.6G

             total       used       free     shared    buffers     cached
Mem:          992M       923M        69M         0B       564K        18M
-/+ buffers/cache:       903M        88M
Swap:         8.0G       402M       7.6G

             total       used       free     shared    buffers     cached
Mem:          992M       925M        66M         0B       564K        18M
-/+ buffers/cache:       906M        85M
Swap:         8.0G       401M       7.6G

             total       used       free     shared    buffers     cached
Mem:          992M       927M        64M         0B       564K        18M
-/+ buffers/cache:       908M        83M
Swap:         8.0G       401M       7.6G

             total       used       free     shared    buffers     cached
Mem:          992M       929M        62M         0B       564K        18M
-/+ buffers/cache:       910M        81M
Swap:         8.0G       400M       7.6G

             total       used       free     shared    buffers     cached
Mem:          992M       919M        72M         0B       572K        18M
-/+ buffers/cache:       901M        91M
Swap:         8.0G       410M       7.6G

             total       used       free     shared    buffers     cached
Mem:          992M       921M        70M         0B       572K        18M
-/+ buffers/cache:       902M        89M
Swap:         8.0G       409M       7.6G

             total       used       free     shared    buffers     cached
Mem:          992M       923M        68M         0B       572K        18M
-/+ buffers/cache:       904M        87M
Swap:         8.0G       408M       7.6G

             total       used       free     shared    buffers     cached
Mem:          992M       925M        66M         0B       572K        18M
-/+ buffers/cache:       906M        85M
Swap:         8.0G       407M       7.6G

             total       used       free     shared    buffers     cached
Mem:          992M       927M        64M         0B       572K        18M
-/+ buffers/cache:       908M        83M
Swap:         8.0G       406M       7.6G

             total       used       free     shared    buffers     cached
Mem:          992M       929M        62M         0B       572K        18M
-/+ buffers/cache:       910M        81M
Swap:         8.0G       405M       7.6G

             total       used       free     shared    buffers     cached
Mem:          992M       919M        72M         0B       580K        17M
-/+ buffers/cache:       901M        90M
Swap:         8.0G       414M       7.6G

             total       used       free     shared    buffers     cached
Mem:          992M       921M        70M         0B       580K        17M
-/+ buffers/cache:       903M        88M
Swap:         8.0G       413M       7.6G

             total       used       free     shared    buffers     cached
Mem:          992M       923M        68M         0B       580K        17M
-/+ buffers/cache:       905M        86M
Swap:         8.0G       412M       7.6G

             total       used       free     shared    buffers     cached
Mem:          992M       926M        65M         0B       580K        17M
-/+ buffers/cache:       907M        84M
Swap:         8.0G       411M       7.6G

             total       used       free     shared    buffers     cached
Mem:          992M       928M        63M         0B       580K        17M
-/+ buffers/cache:       910M        81M
Swap:         8.0G       410M       7.6G

             total       used       free     shared    buffers     cached
Mem:          992M       931M        60M         0B       588K        18M
-/+ buffers/cache:       912M        79M
Swap:         8.0G       409M       7.6G

             total       used       free     shared    buffers     cached
Mem:          992M       917M        74M         0B       588K        15M
-/+ buffers/cache:       901M        90M
Swap:         8.0G       424M       7.6G

             total       used       free     shared    buffers     cached
Mem:          992M       919M        72M         0B       588K        15M
-/+ buffers/cache:       903M        88M
Swap:         8.0G       423M       7.6G

             total       used       free     shared    buffers     cached
Mem:          992M       921M        71M         0B       588K        15M
-/+ buffers/cache:       905M        87M
Swap:         8.0G       423M       7.6G

             total       used       free     shared    buffers     cached
Mem:          992M       923M        69M         0B       588K        15M
-/+ buffers/cache:       906M        85M
Swap:         8.0G       422M       7.6G

             total       used       free     shared    buffers     cached
Mem:          992M       924M        67M         0B       596K        15M
-/+ buffers/cache:       908M        83M
Swap:         8.0G       421M       7.6G

             total       used       free     shared    buffers     cached
Mem:          992M       927M        65M         0B       596K        15M
-/+ buffers/cache:       910M        81M
Swap:         8.0G       420M       7.6G

             total       used       free     shared    buffers     cached
Mem:          992M       929M        63M         0B       596K        15M
-/+ buffers/cache:       913M        79M
Swap:         8.0G       419M       7.6G

             total       used       free     shared    buffers     cached
Mem:          992M       931M        61M         0B       596K        15M
-/+ buffers/cache:       915M        77M
Swap:         8.0G       418M       7.6G

             total       used       free     shared    buffers     cached
Mem:          992M       912M        79M         0B       596K        14M
-/+ buffers/cache:       898M        94M
Swap:         8.0G       439M       7.6G

             total       used       free     shared    buffers     cached
Mem:          992M       914M        77M         0B       596K        14M
-/+ buffers/cache:       900M        92M
Swap:         8.0G       438M       7.6G

             total       used       free     shared    buffers     cached
Mem:          992M       916M        75M         0B       604K        14M
-/+ buffers/cache:       901M        90M
Swap:         8.0G       437M       7.6G

             total       used       free     shared    buffers     cached
Mem:          992M       918M        73M         0B       604K        14M
-/+ buffers/cache:       903M        88M
Swap:         8.0G       436M       7.6G

             total       used       free     shared    buffers     cached
Mem:          992M       920M        71M         0B       604K        14M
-/+ buffers/cache:       905M        86M
Swap:         8.0G       435M       7.6G

             total       used       free     shared    buffers     cached
Mem:          992M       922M        69M         0B       604K        14M
-/+ buffers/cache:       908M        84M
Swap:         8.0G       434M       7.6G

             total       used       free     shared    buffers     cached
Mem:          992M       924M        67M         0B       612K        14M
-/+ buffers/cache:       909M        82M
Swap:         8.0G       433M       7.6G

             total       used       free     shared    buffers     cached
Mem:          992M       926M        65M         0B       620K        14M
-/+ buffers/cache:       912M        80M
Swap:         8.0G       433M       7.6G

             total       used       free     shared    buffers     cached
Mem:          992M       929M        63M         0B       620K        14M
-/+ buffers/cache:       914M        77M
Swap:         8.0G       431M       7.6G

             total       used       free     shared    buffers     cached
Mem:          992M       931M        60M         0B       620K        14M
-/+ buffers/cache:       916M        75M
Swap:         8.0G       430M       7.6G

             total       used       free     shared    buffers     cached
Mem:          992M       919M        72M         0B       620K        13M
-/+ buffers/cache:       905M        86M
Swap:         8.0G       429M       7.6G

             total       used       free     shared    buffers     cached
Mem:          992M       921M        70M         0B       620K        13M
-/+ buffers/cache:       907M        84M
Swap:         8.0G       428M       7.6G

             total       used       free     shared    buffers     cached
Mem:          992M       924M        67M         0B       628K        13M
-/+ buffers/cache:       910M        82M
Swap:         8.0G       427M       7.6G

             total       used       free     shared    buffers     cached
Mem:          992M       926M        65M         0B       628K        13M
-/+ buffers/cache:       912M        80M
Swap:         8.0G       426M       7.6G

             total       used       free     shared    buffers     cached
Mem:          992M       928M        64M         0B       628K        13M
-/+ buffers/cache:       914M        78M
Swap:         8.0G       426M       7.6G

             total       used       free     shared    buffers     cached
Mem:          992M       930M        62M         0B       628K        13M
-/+ buffers/cache:       916M        76M
Swap:         8.0G       425M       7.6G

             total       used       free     shared    buffers     cached
Mem:          992M       918M        74M         0B       212K       2.8M
-/+ buffers/cache:       915M        77M
Swap:         8.0G       435M       7.6G

             total       used       free     shared    buffers     cached
Mem:          992M       920M        71M         0B       212K       2.8M
-/+ buffers/cache:       917M        74M
Swap:         8.0G       434M       7.6G

             total       used       free     shared    buffers     cached
Mem:          992M       922M        69M         0B       224K       2.8M
-/+ buffers/cache:       919M        72M
Swap:         8.0G       433M       7.6G

             total       used       free     shared    buffers     cached
Mem:          992M       925M        67M         0B       512K       2.8M
-/+ buffers/cache:       921M        70M
Swap:         8.0G       432M       7.6G

             total       used       free     shared    buffers     cached
Mem:          992M       927M        64M         0B       512K       2.8M
-/+ buffers/cache:       923M        68M
Swap:         8.0G       431M       7.6G

             total       used       free     shared    buffers     cached
Mem:          992M       929M        62M         0B       512K       2.8M
-/+ buffers/cache:       926M        65M
Swap:         8.0G       430M       7.6G

             total       used       free     shared    buffers     cached
Mem:          992M       931M        60M         0B       512K       2.9M
-/+ buffers/cache:       928M        64M
Swap:         8.0G       429M       7.6G

             total       used       free     shared    buffers     cached
Mem:          992M       919M        72M         0B       520K       2.5M
-/+ buffers/cache:       916M        75M
Swap:         8.0G       431M       7.6G

             total       used       free     shared    buffers     cached
Mem:          992M       921M        70M         0B       520K       2.6M
-/+ buffers/cache:       918M        73M
Swap:         8.0G       430M       7.6G

             total       used       free     shared    buffers     cached
Mem:          992M       924M        67M         0B       520K       2.5M
-/+ buffers/cache:       921M        70M
Swap:         8.0G       429M       7.6G

             total       used       free     shared    buffers     cached
Mem:          992M       926M        65M         0B       520K       2.5M
-/+ buffers/cache:       923M        68M
Swap:         8.0G       428M       7.6G

             total       used       free     shared    buffers     cached
Mem:          992M       928M        63M         0B       520K       2.5M
-/+ buffers/cache:       925M        66M
Swap:         8.0G       427M       7.6G

             total       used       free     shared    buffers     cached
Mem:          992M       930M        61M         0B       528K       2.6M
-/+ buffers/cache:       927M        64M
Swap:         8.0G       426M       7.6G

             total       used       free     shared    buffers     cached
Mem:          992M       912M        79M         0B       528K       2.2M
-/+ buffers/cache:       909M        82M
Swap:         8.0G       456M       7.6G

             total       used       free     shared    buffers     cached
Mem:          992M       914M        77M         0B       528K       2.2M
-/+ buffers/cache:       912M        79M
Swap:         8.0G       455M       7.6G

             total       used       free     shared    buffers     cached
Mem:          992M       917M        74M         0B       528K       2.2M
-/+ buffers/cache:       914M        77M
Swap:         8.0G       453M       7.6G

             total       used       free     shared    buffers     cached
Mem:          992M       919M        72M         0B       528K       2.2M
-/+ buffers/cache:       916M        75M
Swap:         8.0G       452M       7.6G

             total       used       free     shared    buffers     cached
Mem:          992M       902M        90M         0B        84K        19M
-/+ buffers/cache:       882M       109M
Swap:         8.0G       490M       7.5G

             total       used       free     shared    buffers     cached
Mem:          992M       902M        89M         0B       104K        19M
-/+ buffers/cache:       883M       108M
Swap:         8.0G       489M       7.5G

             total       used       free     shared    buffers     cached
Mem:          992M       906M        86M         0B       552K        19M
-/+ buffers/cache:       885M       106M
Swap:         8.0G       488M       7.5G

             total       used       free     shared    buffers     cached
Mem:          992M       908M        83M         0B       556K        19M
-/+ buffers/cache:       888M       104M
Swap:         8.0G       487M       7.5G

             total       used       free     shared    buffers     cached
Mem:          992M       910M        81M         0B       556K        19M
-/+ buffers/cache:       890M       101M
Swap:         8.0G       486M       7.5G

             total       used       free     shared    buffers     cached
Mem:          992M       912M        79M         0B       556K        19M
-/+ buffers/cache:       892M        99M
Swap:         8.0G       485M       7.5G

             total       used       free     shared    buffers     cached
Mem:          992M       915M        76M         0B       564K        19M
-/+ buffers/cache:       894M        97M
Swap:         8.0G       484M       7.5G

             total       used       free     shared    buffers     cached
Mem:          992M       920M        71M         0B       852K        21M
-/+ buffers/cache:       897M        94M
Swap:         8.0G       483M       7.5G

             total       used       free     shared    buffers     cached
Mem:          992M       914M        77M         0B       1.1M        26M
-/+ buffers/cache:       886M       105M
Swap:         8.0G       486M       7.5G

             total       used       free     shared    buffers     cached
Mem:          992M       930M        61M        16K       1.1M        32M
-/+ buffers/cache:       896M        95M
Swap:         8.0G       478M       7.5G

             total       used       free     shared    buffers     cached
Mem:          992M       919M        73M        16K       1.1M        30M
-/+ buffers/cache:       887M       104M
Swap:         8.0G       490M       7.5G

             total       used       free     shared    buffers     cached
Mem:          992M       920M        72M        16K       1.1M        30M
-/+ buffers/cache:       888M       103M
Swap:         8.0G       490M       7.5G

             total       used       free     shared    buffers     cached
Mem:          992M       921M        70M        16K       1.1M        30M
-/+ buffers/cache:       889M       102M
Swap:         8.0G       489M       7.5G

             total       used       free     shared    buffers     cached
Mem:          992M       922M        69M        16K       1.1M        30M
-/+ buffers/cache:       891M       100M
Swap:         8.0G       489M       7.5G

             total       used       free     shared    buffers     cached
Mem:          992M       924M        68M        16K       1.1M        30M
-/+ buffers/cache:       892M        99M
Swap:         8.0G       488M       7.5G

             total       used       free     shared    buffers     cached
Mem:          992M       925M        66M        16K       1.1M        30M
-/+ buffers/cache:       893M        98M
Swap:         8.0G       487M       7.5G

             total       used       free     shared    buffers     cached
Mem:          992M       928M        64M        16K       1.1M        31M
-/+ buffers/cache:       895M        96M
Swap:         8.0G       486M       7.5G

             total       used       free     shared    buffers     cached
Mem:          992M       929M        62M        16K       1.1M        31M
-/+ buffers/cache:       897M        95M
Swap:         8.0G       486M       7.5G

             total       used       free     shared    buffers     cached
Mem:          992M       930M        61M        16K       1.1M        31M
-/+ buffers/cache:       898M        93M
Swap:         8.0G       485M       7.5G

             total       used       free     shared    buffers     cached
Mem:          992M       919M        73M        16K       1.1M        30M
-/+ buffers/cache:       887M       104M
Swap:         8.0G       494M       7.5G

             total       used       free     shared    buffers     cached
Mem:          992M       920M        71M        16K       1.1M        30M
-/+ buffers/cache:       888M       103M
Swap:         8.0G       493M       7.5G

             total       used       free     shared    buffers     cached
Mem:          992M       921M        70M        16K       1.1M        30M
-/+ buffers/cache:       889M       102M
Swap:         8.0G       492M       7.5G

             total       used       free     shared    buffers     cached
Mem:          992M       923M        69M        16K       1.1M        30M
-/+ buffers/cache:       891M       100M
Swap:         8.0G       492M       7.5G

             total       used       free     shared    buffers     cached
Mem:          992M       924M        67M        16K       1.1M        30M
-/+ buffers/cache:       892M        99M
Swap:         8.0G       491M       7.5G

             total       used       free     shared    buffers     cached
Mem:          992M       925M        66M        16K       1.1M        30M
-/+ buffers/cache:       893M        98M
Swap:         8.0G       490M       7.5G

             total       used       free     shared    buffers     cached
Mem:          992M       927M        65M        16K       1.1M        30M
-/+ buffers/cache:       895M        96M
Swap:         8.0G       490M       7.5G

             total       used       free     shared    buffers     cached
Mem:          992M       928M        63M        16K       1.1M        30M
-/+ buffers/cache:       896M        95M
Swap:         8.0G       489M       7.5G

             total       used       free     shared    buffers     cached
Mem:          992M       929M        62M        16K       1.1M        30M
-/+ buffers/cache:       898M        94M
Swap:         8.0G       488M       7.5G

             total       used       free     shared    buffers     cached
Mem:          992M       931M        60M        16K       1.1M        30M
-/+ buffers/cache:       899M        92M
Swap:         8.0G       488M       7.5G

             total       used       free     shared    buffers     cached
Mem:          992M       920M        71M        16K       1.1M        30M
-/+ buffers/cache:       889M       102M
Swap:         8.0G       496M       7.5G

             total       used       free     shared    buffers     cached
Mem:          992M       922M        69M        16K       1.1M        30M
-/+ buffers/cache:       891M       101M
Swap:         8.0G       495M       7.5G

             total       used       free     shared    buffers     cached
Mem:          992M       923M        68M        16K       1.1M        30M
-/+ buffers/cache:       892M        99M
Swap:         8.0G       495M       7.5G

             total       used       free     shared    buffers     cached
Mem:          992M       925M        67M        16K       1.1M        30M
-/+ buffers/cache:       893M        98M
Swap:         8.0G       494M       7.5G

             total       used       free     shared    buffers     cached
Mem:          992M       926M        65M        16K       1.1M        30M
-/+ buffers/cache:       895M        96M
Swap:         8.0G       494M       7.5G

             total       used       free     shared    buffers     cached
Mem:          992M       927M        64M        16K       1.1M        29M
-/+ buffers/cache:       896M        95M
Swap:         8.0G       493M       7.5G

             total       used       free     shared    buffers     cached
Mem:          992M       929M        62M        16K       1.1M        30M
-/+ buffers/cache:       898M        94M
Swap:         8.0G       492M       7.5G

             total       used       free     shared    buffers     cached
Mem:          992M       930M        61M        16K       1.1M        30M
-/+ buffers/cache:       899M        92M
Swap:         8.0G       492M       7.5G

             total       used       free     shared    buffers     cached
Mem:          992M       915M        76M        16K       1.1M        28M
-/+ buffers/cache:       886M       105M
Swap:         8.0G       507M       7.5G

             total       used       free     shared    buffers     cached
Mem:          992M       917M        75M        16K       1.1M        28M
-/+ buffers/cache:       887M       104M
Swap:         8.0G       506M       7.5G

             total       used       free     shared    buffers     cached
Mem:          992M       918M        73M        16K       1.1M        28M
-/+ buffers/cache:       889M       103M
Swap:         8.0G       505M       7.5G

             total       used       free     shared    buffers     cached
Mem:          992M       919M        72M        16K       1.1M        28M
-/+ buffers/cache:       890M       101M
Swap:         8.0G       505M       7.5G

             total       used       free     shared    buffers     cached
Mem:          992M       921M        70M        16K       1.1M        28M
-/+ buffers/cache:       891M       100M
Swap:         8.0G       504M       7.5G

             total       used       free     shared    buffers     cached
Mem:          992M       923M        69M        16K       1.1M        28M
-/+ buffers/cache:       893M        98M
Swap:         8.0G       503M       7.5G

             total       used       free     shared    buffers     cached
Mem:          992M       924M        67M        16K       1.1M        28M
-/+ buffers/cache:       894M        97M
Swap:         8.0G       503M       7.5G

             total       used       free     shared    buffers     cached
Mem:          992M       926M        66M        16K       1.1M        28M
-/+ buffers/cache:       896M        95M
Swap:         8.0G       502M       7.5G

             total       used       free     shared    buffers     cached
Mem:          992M       927M        64M        16K       1.1M        28M
-/+ buffers/cache:       898M        94M
Swap:         8.0G       501M       7.5G

             total       used       free     shared    buffers     cached
Mem:          992M       929M        62M        16K       1.1M        28M
-/+ buffers/cache:       899M        92M
Swap:         8.0G       500M       7.5G

             total       used       free     shared    buffers     cached
Mem:          992M       930M        61M        16K       1.1M        28M
-/+ buffers/cache:       901M        90M
Swap:         8.0G       499M       7.5G

             total       used       free     shared    buffers     cached
Mem:          992M       914M        77M        16K       1.1M        27M
-/+ buffers/cache:       885M       106M
Swap:         8.0G       506M       7.5G

             total       used       free     shared    buffers     cached
Mem:          992M       916M        76M        16K       1.1M        27M
-/+ buffers/cache:       887M       105M
Swap:         8.0G       505M       7.5G

             total       used       free     shared    buffers     cached
Mem:          992M       917M        74M        16K       1.1M        27M
-/+ buffers/cache:       888M       103M
Swap:         8.0G       504M       7.5G

             total       used       free     shared    buffers     cached
Mem:          992M       918M        73M        16K       1.1M        27M
-/+ buffers/cache:       889M       102M
Swap:         8.0G       503M       7.5G

             total       used       free     shared    buffers     cached
Mem:          992M       920M        71M        16K       1.1M        27M
-/+ buffers/cache:       891M       100M
Swap:         8.0G       503M       7.5G

             total       used       free     shared    buffers     cached
Mem:          992M       921M        70M        16K       1.1M        27M
-/+ buffers/cache:       892M        99M
Swap:         8.0G       502M       7.5G

             total       used       free     shared    buffers     cached
Mem:          992M       923M        68M        16K       1.1M        27M
-/+ buffers/cache:       894M        97M
Swap:         8.0G       501M       7.5G

             total       used       free     shared    buffers     cached
Mem:          992M       924M        67M        16K       1.1M        27M
-/+ buffers/cache:       896M        96M
Swap:         8.0G       500M       7.5G

             total       used       free     shared    buffers     cached
Mem:          992M       926M        65M        16K       1.1M        27M
-/+ buffers/cache:       897M        94M
Swap:         8.0G       500M       7.5G

             total       used       free     shared    buffers     cached
Mem:          992M       927M        64M        16K       1.1M        27M
-/+ buffers/cache:       898M        93M
Swap:         8.0G       499M       7.5G

             total       used       free     shared    buffers     cached
Mem:          992M       929M        62M        16K       1.1M        27M
-/+ buffers/cache:       900M        91M
Swap:         8.0G       498M       7.5G

             total       used       free     shared    buffers     cached
Mem:          992M       930M        61M        16K       1.1M        27M
-/+ buffers/cache:       901M        90M
Swap:         8.0G       497M       7.5G

             total       used       free     shared    buffers     cached
Mem:          992M       914M        77M        16K       1.1M        29M
-/+ buffers/cache:       884M       107M
Swap:         8.0G       512M       7.5G

             total       used       free     shared    buffers     cached
Mem:          992M       916M        76M        16K       1.1M        29M
-/+ buffers/cache:       886M       106M
Swap:         8.0G       511M       7.5G

             total       used       free     shared    buffers     cached
Mem:          992M       917M        74M        16K       1.1M        29M
-/+ buffers/cache:       887M       105M
Swap:         8.0G       510M       7.5G

             total       used       free     shared    buffers     cached
Mem:          992M       918M        73M        16K       1.1M        29M
-/+ buffers/cache:       888M       103M
Swap:         8.0G       510M       7.5G

             total       used       free     shared    buffers     cached
Mem:          992M       920M        72M        16K       1.1M        29M
-/+ buffers/cache:       890M       102M
Swap:         8.0G       509M       7.5G

             total       used       free     shared    buffers     cached
Mem:          992M       921M        70M        16K       1.1M        29M
-/+ buffers/cache:       891M       100M
Swap:         8.0G       508M       7.5G

             total       used       free     shared    buffers     cached
Mem:          992M       923M        69M        16K       1.1M        29M
-/+ buffers/cache:       893M        99M
Swap:         8.0G       507M       7.5G

             total       used       free     shared    buffers     cached
Mem:          992M       924M        67M        16K       1.1M        29M
-/+ buffers/cache:       894M        97M
Swap:         8.0G       506M       7.5G

             total       used       free     shared    buffers     cached
Mem:          992M       926M        65M        16K       1.1M        29M
-/+ buffers/cache:       896M        96M
Swap:         8.0G       506M       7.5G

             total       used       free     shared    buffers     cached
Mem:          992M       927M        64M        16K       1.1M        29M
-/+ buffers/cache:       897M        94M
Swap:         8.0G       505M       7.5G

             total       used       free     shared    buffers     cached
Mem:          992M       929M        62M        16K       1.1M        29M
-/+ buffers/cache:       899M        93M
Swap:         8.0G       504M       7.5G

             total       used       free     shared    buffers     cached
Mem:          992M       931M        60M        16K       1.1M        29M
-/+ buffers/cache:       900M        91M
Swap:         8.0G       503M       7.5G

             total       used       free     shared    buffers     cached
Mem:          992M       918M        73M        16K       120K        25M
-/+ buffers/cache:       893M        99M
Swap:         8.0G       511M       7.5G

             total       used       free     shared    buffers     cached
Mem:          992M       921M        71M        16K       256K        26M
-/+ buffers/cache:       894M        97M
Swap:         8.0G       511M       7.5G

             total       used       free     shared    buffers     cached
Mem:          992M       922M        69M        20K       256K        26M
-/+ buffers/cache:       896M        96M
Swap:         8.0G       510M       7.5G

             total       used       free     shared    buffers     cached
Mem:          992M       923M        68M        20K       256K        26M
-/+ buffers/cache:       897M        94M
Swap:         8.0G       509M       7.5G

             total       used       free     shared    buffers     cached
Mem:          992M       906M        85M        20K       240K        21M
-/+ buffers/cache:       884M       107M
Swap:         8.0G       525M       7.5G

             total       used       free     shared    buffers     cached
Mem:          992M       907M        84M        20K       240K        21M
-/+ buffers/cache:       885M       106M
Swap:         8.0G       524M       7.5G

             total       used       free     shared    buffers     cached
Mem:          992M       916M        75M        20K       248K        25M
-/+ buffers/cache:       890M       101M
Swap:         8.0G       521M       7.5G

             total       used       free     shared    buffers     cached
Mem:          992M       917M        75M        20K       248K        25M
-/+ buffers/cache:       891M       100M
Swap:         8.0G       521M       7.5G

             total       used       free     shared    buffers     cached
Mem:          992M       917M        74M        20K       248K        25M
-/+ buffers/cache:       892M        99M
Swap:         8.0G       521M       7.5G

             total       used       free     shared    buffers     cached
Mem:          992M       918M        73M        20K       248K        25M
-/+ buffers/cache:       893M        99M
Swap:         8.0G       520M       7.5G

             total       used       free     shared    buffers     cached
Mem:          992M       919M        72M        20K       248K        25M
-/+ buffers/cache:       893M        98M
Swap:         8.0G       520M       7.5G

             total       used       free     shared    buffers     cached
Mem:          992M       920M        72M        20K       256K        25M
-/+ buffers/cache:       894M        97M
Swap:         8.0G       519M       7.5G

             total       used       free     shared    buffers     cached
Mem:          992M       920M        71M        20K       256K        25M
-/+ buffers/cache:       895M        96M
Swap:         8.0G       519M       7.5G

             total       used       free     shared    buffers     cached
Mem:          992M       921M        70M        20K       256K        25M
-/+ buffers/cache:       896M        96M
Swap:         8.0G       519M       7.5G

             total       used       free     shared    buffers     cached
Mem:          992M       922M        69M        20K       256K        25M
-/+ buffers/cache:       896M        95M
Swap:         8.0G       518M       7.5G

             total       used       free     shared    buffers     cached
Mem:          992M       923M        68M        20K       256K        25M
-/+ buffers/cache:       897M        94M
Swap:         8.0G       518M       7.5G

             total       used       free     shared    buffers     cached
Mem:          992M       926M        65M        20K       256K        27M
-/+ buffers/cache:       898M        93M
Swap:         8.0G       517M       7.5G

             total       used       free     shared    buffers     cached
Mem:          992M       911M        80M       3.8M       3.4M        50M
-/+ buffers/cache:       858M       133M
Swap:         8.0G       565M       7.4G

             total       used       free     shared    buffers     cached
Mem:          992M       920M        71M       3.9M       5.4M        63M
-/+ buffers/cache:       852M       139M
Swap:         8.0G       569M       7.4G

             total       used       free     shared    buffers     cached
Mem:          992M       924M        68M       228K       5.4M        62M
-/+ buffers/cache:       855M       136M
Swap:         8.0G       579M       7.4G

             total       used       free     shared    buffers     cached
Mem:          992M       928M        63M       220K       5.4M        63M
-/+ buffers/cache:       859M       132M
Swap:         8.0G       578M       7.4G

             total       used       free     shared    buffers     cached
Mem:          992M       930M        61M       220K       5.4M        63M
-/+ buffers/cache:       860M       131M
Swap:         8.0G       577M       7.4G

             total       used       free     shared    buffers     cached
Mem:          992M       919M        73M       220K       5.5M        62M
-/+ buffers/cache:       850M       141M
Swap:         8.0G       576M       7.4G

             total       used       free     shared    buffers     cached
Mem:          992M       920M        71M       220K       5.5M        62M
-/+ buffers/cache:       851M       140M
Swap:         8.0G       576M       7.4G

             total       used       free     shared    buffers     cached
Mem:          992M       921M        70M       220K       5.5M        62M
-/+ buffers/cache:       853M       138M
Swap:         8.0G       575M       7.4G

             total       used       free     shared    buffers     cached
Mem:          992M       923M        68M       220K       5.5M        62M
-/+ buffers/cache:       854M       137M
Swap:         8.0G       575M       7.4G

             total       used       free     shared    buffers     cached
Mem:          992M       926M        66M       220K       5.6M        63M
-/+ buffers/cache:       856M       135M
Swap:         8.0G       574M       7.4G

             total       used       free     shared    buffers     cached
Mem:          992M       927M        64M       220K       5.6M        63M
-/+ buffers/cache:       858M       134M
Swap:         8.0G       573M       7.4G

             total       used       free     shared    buffers     cached
Mem:          992M       929M        63M       220K       5.6M        63M
-/+ buffers/cache:       859M       132M
Swap:         8.0G       573M       7.4G

             total       used       free     shared    buffers     cached
Mem:          992M       930M        61M       220K       5.6M        63M
-/+ buffers/cache:       861M       131M
Swap:         8.0G       572M       7.4G

             total       used       free     shared    buffers     cached
Mem:          992M       909M        83M       220K       3.7M        61M
-/+ buffers/cache:       843M       148M
Swap:         8.0G       595M       7.4G

             total       used       free     shared    buffers     cached
Mem:          992M       910M        81M       220K       3.7M        62M
-/+ buffers/cache:       844M       147M
Swap:         8.0G       594M       7.4G

             total       used       free     shared    buffers     cached
Mem:          992M       911M        80M       220K       3.7M        62M
-/+ buffers/cache:       845M       146M
Swap:         8.0G       594M       7.4G

             total       used       free     shared    buffers     cached
Mem:          992M       913M        79M       220K       3.7M        62M
-/+ buffers/cache:       847M       144M
Swap:         8.0G       593M       7.4G

             total       used       free     shared    buffers     cached
Mem:          992M       914M        77M       220K       3.7M        62M
-/+ buffers/cache:       848M       143M
Swap:         8.0G       592M       7.4G

             total       used       free     shared    buffers     cached
Mem:          992M       915M        76M       220K       3.7M        62M
-/+ buffers/cache:       849M       142M
Swap:         8.0G       592M       7.4G

             total       used       free     shared    buffers     cached
Mem:          992M       917M        75M       220K       3.7M        62M
-/+ buffers/cache:       851M       141M
Swap:         8.0G       591M       7.4G

             total       used       free     shared    buffers     cached
Mem:          992M       918M        73M       220K       3.7M        62M
-/+ buffers/cache:       852M       139M
Swap:         8.0G       591M       7.4G

             total       used       free     shared    buffers     cached
Mem:          992M       919M        72M       220K       3.7M        62M
-/+ buffers/cache:       853M       138M
Swap:         8.0G       590M       7.4G

             total       used       free     shared    buffers     cached
Mem:          992M       921M        70M       220K       3.7M        62M
-/+ buffers/cache:       855M       136M
Swap:         8.0G       590M       7.4G

             total       used       free     shared    buffers     cached
Mem:          992M       922M        69M       220K       3.7M        62M
-/+ buffers/cache:       856M       135M
Swap:         8.0G       589M       7.4G

             total       used       free     shared    buffers     cached
Mem:          992M       924M        68M       220K       3.7M        62M
-/+ buffers/cache:       858M       134M
Swap:         8.0G       589M       7.4G

             total       used       free     shared    buffers     cached
Mem:          992M       925M        66M       220K       3.8M        62M
-/+ buffers/cache:       859M       132M
Swap:         8.0G       588M       7.4G

             total       used       free     shared    buffers     cached
Mem:          992M       926M        65M       220K       3.8M        62M
-/+ buffers/cache:       861M       131M
Swap:         8.0G       587M       7.4G

             total       used       free     shared    buffers     cached
Mem:          992M       928M        63M       220K       3.8M        62M
-/+ buffers/cache:       862M       129M
Swap:         8.0G       587M       7.4G

             total       used       free     shared    buffers     cached
Mem:          992M       929M        62M       220K       3.8M        62M
-/+ buffers/cache:       863M       128M
Swap:         8.0G       586M       7.4G

             total       used       free     shared    buffers     cached
Mem:          992M       931M        60M       220K       3.8M        62M
-/+ buffers/cache:       865M       126M
Swap:         8.0G       586M       7.4G

             total       used       free     shared    buffers     cached
Mem:          992M       916M        75M       220K       3.8M        61M
-/+ buffers/cache:       851M       140M
Swap:         8.0G       596M       7.4G

             total       used       free     shared    buffers     cached
Mem:          992M       919M        72M       220K       4.0M        62M
-/+ buffers/cache:       853M       138M
Swap:         8.0G       595M       7.4G

             total       used       free     shared    buffers     cached
Mem:          992M       921M        71M       220K       4.0M        62M
-/+ buffers/cache:       854M       137M
Swap:         8.0G       595M       7.4G

             total       used       free     shared    buffers     cached
Mem:          992M       925M        66M       220K       5.0M        63M
-/+ buffers/cache:       857M       134M
Swap:         8.0G       594M       7.4G

             total       used       free     shared    buffers     cached
Mem:          992M       927M        65M       224K       5.0M        63M
-/+ buffers/cache:       858M       133M
Swap:         8.0G       593M       7.4G

             total       used       free     shared    buffers     cached
Mem:          992M       928M        63M       224K       5.0M        63M
-/+ buffers/cache:       859M       132M
Swap:         8.0G       592M       7.4G

             total       used       free     shared    buffers     cached
Mem:          992M       929M        62M       224K       5.0M        63M
-/+ buffers/cache:       861M       131M
Swap:         8.0G       592M       7.4G

             total       used       free     shared    buffers     cached
Mem:          992M       931M        61M       224K       5.0M        63M
-/+ buffers/cache:       862M       129M
Swap:         8.0G       591M       7.4G

             total       used       free     shared    buffers     cached
Mem:          992M       908M        83M       224K       5.0M        60M
-/+ buffers/cache:       843M       148M
Swap:         8.0G       612M       7.4G

             total       used       free     shared    buffers     cached
Mem:          992M       909M        82M       224K       5.0M        60M
-/+ buffers/cache:       844M       147M
Swap:         8.0G       611M       7.4G

             total       used       free     shared    buffers     cached
Mem:          992M       910M        81M       224K       5.0M        60M
-/+ buffers/cache:       845M       146M
Swap:         8.0G       610M       7.4G

             total       used       free     shared    buffers     cached
Mem:          992M       917M        74M       224K       5.7M        63M
-/+ buffers/cache:       848M       143M
Swap:         8.0G       610M       7.4G

             total       used       free     shared    buffers     cached
Mem:          992M       919M        73M       296K       8.5M        72M
-/+ buffers/cache:       838M       153M
Swap:         8.0G       617M       7.4G
