             total       used       free     shared    buffers     cached
Mem:          2.0G       656M       1.3G       3.2M        38M       286M
-/+ buffers/cache:       330M       1.6G
Swap:         8.0G         0B       8.0G

             total       used       free     shared    buffers     cached
Mem:          2.0G       655M       1.3G       1.4M        38M       285M
-/+ buffers/cache:       330M       1.6G
Swap:         8.0G         0B       8.0G

             total       used       free     shared    buffers     cached
Mem:          2.0G       655M       1.3G       1.4M        38M       285M
-/+ buffers/cache:       330M       1.6G
Swap:         8.0G         0B       8.0G

             total       used       free     shared    buffers     cached
Mem:          2.0G       655M       1.3G       1.4M        38M       285M
-/+ buffers/cache:       330M       1.6G
Swap:         8.0G         0B       8.0G

             total       used       free     shared    buffers     cached
Mem:          2.0G       655M       1.3G       1.4M        38M       285M
-/+ buffers/cache:       330M       1.6G
Swap:         8.0G         0B       8.0G

             total       used       free     shared    buffers     cached
Mem:          2.0G       655M       1.3G       1.4M        38M       285M
-/+ buffers/cache:       330M       1.6G
Swap:         8.0G         0B       8.0G

             total       used       free     shared    buffers     cached
Mem:          2.0G       655M       1.3G       1.4M        38M       285M
-/+ buffers/cache:       330M       1.6G
Swap:         8.0G         0B       8.0G

             total       used       free     shared    buffers     cached
Mem:          2.0G       654M       1.3G       1.4M        38M       285M
-/+ buffers/cache:       330M       1.6G
Swap:         8.0G         0B       8.0G

             total       used       free     shared    buffers     cached
Mem:          2.0G       655M       1.3G       1.4M        39M       285M
-/+ buffers/cache:       330M       1.6G
Swap:         8.0G         0B       8.0G

             total       used       free     shared    buffers     cached
Mem:          2.0G       658M       1.3G       1.5M        39M       285M
-/+ buffers/cache:       333M       1.6G
Swap:         8.0G         0B       8.0G

             total       used       free     shared    buffers     cached
Mem:          2.0G       683M       1.3G       1.5M        39M       285M
-/+ buffers/cache:       358M       1.6G
Swap:         8.0G         0B       8.0G

             total       used       free     shared    buffers     cached
Mem:          2.0G       665M       1.3G       1.5M        39M       288M
-/+ buffers/cache:       337M       1.6G
Swap:         8.0G         0B       8.0G

             total       used       free     shared    buffers     cached
Mem:          2.0G       714M       1.3G       1.5M        39M       289M
-/+ buffers/cache:       384M       1.6G
Swap:         8.0G         0B       8.0G

             total       used       free     shared    buffers     cached
Mem:          2.0G       734M       1.2G       1.5M        39M       290M
-/+ buffers/cache:       405M       1.6G
Swap:         8.0G         0B       8.0G

             total       used       free     shared    buffers     cached
Mem:          2.0G       737M       1.2G       1.5M        39M       290M
-/+ buffers/cache:       407M       1.6G
Swap:         8.0G         0B       8.0G

             total       used       free     shared    buffers     cached
Mem:          2.0G       722M       1.2G       1.5M        39M       292M
-/+ buffers/cache:       390M       1.6G
Swap:         8.0G         0B       8.0G

             total       used       free     shared    buffers     cached
Mem:          2.0G       722M       1.2G       1.5M        39M       294M
-/+ buffers/cache:       387M       1.6G
Swap:         8.0G         0B       8.0G

             total       used       free     shared    buffers     cached
Mem:          2.0G       722M       1.2G       1.5M        39M       294M
-/+ buffers/cache:       387M       1.6G
Swap:         8.0G         0B       8.0G

             total       used       free     shared    buffers     cached
Mem:          2.0G       722M       1.2G       1.5M        39M       294M
-/+ buffers/cache:       387M       1.6G
Swap:         8.0G         0B       8.0G

             total       used       free     shared    buffers     cached
Mem:          2.0G       722M       1.2G       1.5M        39M       294M
-/+ buffers/cache:       387M       1.6G
Swap:         8.0G         0B       8.0G

             total       used       free     shared    buffers     cached
Mem:          2.0G       722M       1.2G       1.5M        39M       294M
-/+ buffers/cache:       387M       1.6G
Swap:         8.0G         0B       8.0G

             total       used       free     shared    buffers     cached
Mem:          2.0G       722M       1.2G       1.5M        39M       295M
-/+ buffers/cache:       388M       1.6G
Swap:         8.0G         0B       8.0G

             total       used       free     shared    buffers     cached
Mem:          2.0G       722M       1.2G       1.5M        39M       295M
-/+ buffers/cache:       388M       1.6G
Swap:         8.0G         0B       8.0G

             total       used       free     shared    buffers     cached
Mem:          2.0G       722M       1.2G       1.5M        39M       295M
-/+ buffers/cache:       388M       1.6G
Swap:         8.0G         0B       8.0G

             total       used       free     shared    buffers     cached
Mem:          2.0G       722M       1.2G       1.5M        39M       295M
-/+ buffers/cache:       388M       1.6G
Swap:         8.0G         0B       8.0G

             total       used       free     shared    buffers     cached
Mem:          2.0G       722M       1.2G       1.5M        39M       295M
-/+ buffers/cache:       388M       1.6G
Swap:         8.0G         0B       8.0G

             total       used       free     shared    buffers     cached
Mem:          2.0G       722M       1.2G       1.5M        39M       295M
-/+ buffers/cache:       388M       1.6G
Swap:         8.0G         0B       8.0G

             total       used       free     shared    buffers     cached
Mem:          2.0G       722M       1.2G       1.5M        39M       295M
-/+ buffers/cache:       388M       1.6G
Swap:         8.0G         0B       8.0G

             total       used       free     shared    buffers     cached
Mem:          2.0G       722M       1.2G       1.5M        39M       295M
-/+ buffers/cache:       388M       1.6G
Swap:         8.0G         0B       8.0G

             total       used       free     shared    buffers     cached
Mem:          2.0G       722M       1.2G       1.5M        39M       295M
-/+ buffers/cache:       388M       1.6G
Swap:         8.0G         0B       8.0G

             total       used       free     shared    buffers     cached
Mem:          2.0G       722M       1.2G       1.5M        39M       295M
-/+ buffers/cache:       388M       1.6G
Swap:         8.0G         0B       8.0G

             total       used       free     shared    buffers     cached
Mem:          2.0G       722M       1.2G       1.5M        39M       295M
-/+ buffers/cache:       388M       1.6G
Swap:         8.0G         0B       8.0G

             total       used       free     shared    buffers     cached
Mem:          2.0G       722M       1.2G       1.5M        39M       295M
-/+ buffers/cache:       388M       1.6G
Swap:         8.0G         0B       8.0G

             total       used       free     shared    buffers     cached
Mem:          2.0G       728M       1.2G       1.5M        39M       295M
-/+ buffers/cache:       394M       1.6G
Swap:         8.0G         0B       8.0G

             total       used       free     shared    buffers     cached
Mem:          2.0G       745M       1.2G       1.5M        39M       295M
-/+ buffers/cache:       410M       1.6G
Swap:         8.0G         0B       8.0G

             total       used       free     shared    buffers     cached
Mem:          2.0G       759M       1.2G       1.5M        39M       295M
-/+ buffers/cache:       424M       1.5G
Swap:         8.0G         0B       8.0G

             total       used       free     shared    buffers     cached
Mem:          2.0G       774M       1.2G       1.5M        39M       295M
-/+ buffers/cache:       439M       1.5G
Swap:         8.0G         0B       8.0G

             total       used       free     shared    buffers     cached
Mem:          2.0G       789M       1.2G       1.5M        39M       295M
-/+ buffers/cache:       454M       1.5G
Swap:         8.0G         0B       8.0G

             total       used       free     shared    buffers     cached
Mem:          2.0G       804M       1.2G       1.5M        39M       295M
-/+ buffers/cache:       469M       1.5G
Swap:         8.0G         0B       8.0G

             total       used       free     shared    buffers     cached
Mem:          2.0G       817M       1.2G       1.5M        39M       295M
-/+ buffers/cache:       482M       1.5G
Swap:         8.0G         0B       8.0G

             total       used       free     shared    buffers     cached
Mem:          2.0G       831M       1.1G       1.5M        39M       295M
-/+ buffers/cache:       496M       1.5G
Swap:         8.0G         0B       8.0G

             total       used       free     shared    buffers     cached
Mem:          2.0G       842M       1.1G       1.5M        39M       295M
-/+ buffers/cache:       507M       1.5G
Swap:         8.0G         0B       8.0G

             total       used       free     shared    buffers     cached
Mem:          2.0G       858M       1.1G       1.5M        39M       295M
-/+ buffers/cache:       523M       1.4G
Swap:         8.0G         0B       8.0G

             total       used       free     shared    buffers     cached
Mem:          2.0G       876M       1.1G       1.5M        39M       295M
-/+ buffers/cache:       542M       1.4G
Swap:         8.0G         0B       8.0G

             total       used       free     shared    buffers     cached
Mem:          2.0G       892M       1.1G       1.5M        39M       295M
-/+ buffers/cache:       558M       1.4G
Swap:         8.0G         0B       8.0G

             total       used       free     shared    buffers     cached
Mem:          2.0G       908M       1.1G       1.5M        39M       295M
-/+ buffers/cache:       574M       1.4G
Swap:         8.0G         0B       8.0G

             total       used       free     shared    buffers     cached
Mem:          2.0G       925M       1.0G       1.5M        39M       295M
-/+ buffers/cache:       590M       1.4G
Swap:         8.0G         0B       8.0G

             total       used       free     shared    buffers     cached
Mem:          2.0G       940M       1.0G       1.5M        39M       295M
-/+ buffers/cache:       605M       1.4G
Swap:         8.0G         0B       8.0G

             total       used       free     shared    buffers     cached
Mem:          2.0G       950M       1.0G       1.5M        39M       295M
-/+ buffers/cache:       616M       1.4G
Swap:         8.0G         0B       8.0G

             total       used       free     shared    buffers     cached
Mem:          2.0G       965M       1.0G       1.5M        39M       295M
-/+ buffers/cache:       630M       1.3G
Swap:         8.0G         0B       8.0G

             total       used       free     shared    buffers     cached
Mem:          2.0G       979M       1.0G       1.5M        39M       295M
-/+ buffers/cache:       644M       1.3G
Swap:         8.0G         0B       8.0G

             total       used       free     shared    buffers     cached
Mem:          2.0G       993M       1.0G       1.5M        39M       295M
-/+ buffers/cache:       658M       1.3G
Swap:         8.0G         0B       8.0G

             total       used       free     shared    buffers     cached
Mem:          2.0G       1.0G       994M       1.5M        39M       295M
-/+ buffers/cache:       671M       1.3G
Swap:         8.0G         0B       8.0G

             total       used       free     shared    buffers     cached
Mem:          2.0G       1.0G       980M       1.5M        39M       295M
-/+ buffers/cache:       685M       1.3G
Swap:         8.0G         0B       8.0G

             total       used       free     shared    buffers     cached
Mem:          2.0G       1.0G       966M       1.5M        39M       295M
-/+ buffers/cache:       699M       1.3G
Swap:         8.0G         0B       8.0G

             total       used       free     shared    buffers     cached
Mem:          2.0G       1.0G       952M       1.5M        39M       295M
-/+ buffers/cache:       713M       1.3G
Swap:         8.0G         0B       8.0G

             total       used       free     shared    buffers     cached
Mem:          2.0G       1.0G       939M       1.5M        39M       295M
-/+ buffers/cache:       726M       1.2G
Swap:         8.0G         0B       8.0G

             total       used       free     shared    buffers     cached
Mem:          2.0G       1.1G       923M       1.5M        39M       295M
-/+ buffers/cache:       742M       1.2G
Swap:         8.0G         0B       8.0G

             total       used       free     shared    buffers     cached
Mem:          2.0G       1.1G       908M       1.5M        39M       295M
-/+ buffers/cache:       756M       1.2G
Swap:         8.0G         0B       8.0G

             total       used       free     shared    buffers     cached
Mem:          2.0G       1.1G       892M       1.5M        39M       295M
-/+ buffers/cache:       772M       1.2G
Swap:         8.0G         0B       8.0G

             total       used       free     shared    buffers     cached
Mem:          2.0G       1.1G       879M       1.5M        39M       295M
-/+ buffers/cache:       786M       1.2G
Swap:         8.0G         0B       8.0G

             total       used       free     shared    buffers     cached
Mem:          2.0G       1.1G       864M       1.5M        39M       295M
-/+ buffers/cache:       800M       1.2G
Swap:         8.0G         0B       8.0G

             total       used       free     shared    buffers     cached
Mem:          2.0G       1.1G       850M       1.5M        39M       295M
-/+ buffers/cache:       814M       1.2G
Swap:         8.0G         0B       8.0G

             total       used       free     shared    buffers     cached
Mem:          2.0G       1.1G       835M       1.5M        39M       295M
-/+ buffers/cache:       829M       1.1G
Swap:         8.0G         0B       8.0G

             total       used       free     shared    buffers     cached
Mem:          2.0G       1.1G       825M       1.5M        39M       295M
-/+ buffers/cache:       839M       1.1G
Swap:         8.0G         0B       8.0G

             total       used       free     shared    buffers     cached
Mem:          2.0G       1.2G       809M       1.5M        39M       295M
-/+ buffers/cache:       855M       1.1G
Swap:         8.0G         0B       8.0G

             total       used       free     shared    buffers     cached
Mem:          2.0G       1.2G       793M       1.5M        39M       295M
-/+ buffers/cache:       871M       1.1G
Swap:         8.0G         0B       8.0G

             total       used       free     shared    buffers     cached
Mem:          2.0G       1.2G       777M       1.5M        39M       295M
-/+ buffers/cache:       887M       1.1G
Swap:         8.0G         0B       8.0G

             total       used       free     shared    buffers     cached
Mem:          2.0G       1.2G       763M       1.5M        39M       295M
-/+ buffers/cache:       901M       1.1G
Swap:         8.0G         0B       8.0G

             total       used       free     shared    buffers     cached
Mem:          2.0G       1.2G       746M       1.5M        39M       295M
-/+ buffers/cache:       918M       1.1G
Swap:         8.0G         0B       8.0G

             total       used       free     shared    buffers     cached
Mem:          2.0G       1.2G       730M       1.5M        39M       295M
-/+ buffers/cache:       934M       1.0G
Swap:         8.0G         0B       8.0G

             total       used       free     shared    buffers     cached
Mem:          2.0G       1.3G       715M       1.5M        39M       295M
-/+ buffers/cache:       949M       1.0G
Swap:         8.0G         0B       8.0G

             total       used       free     shared    buffers     cached
Mem:          2.0G       1.3G       699M       1.5M        39M       295M
-/+ buffers/cache:       965M       1.0G
Swap:         8.0G         0B       8.0G

             total       used       free     shared    buffers     cached
Mem:          2.0G       1.3G       683M       1.5M        39M       295M
-/+ buffers/cache:       981M       1.0G
Swap:         8.0G         0B       8.0G

             total       used       free     shared    buffers     cached
Mem:          2.0G       1.3G       669M       1.5M        39M       295M
-/+ buffers/cache:       995M       1.0G
Swap:         8.0G         0B       8.0G

             total       used       free     shared    buffers     cached
Mem:          2.0G       1.3G       654M       1.5M        39M       295M
-/+ buffers/cache:       1.0G       989M
Swap:         8.0G         0B       8.0G

             total       used       free     shared    buffers     cached
Mem:          2.0G       1.3G       637M       1.5M        39M       295M
-/+ buffers/cache:       1.0G       972M
Swap:         8.0G         0B       8.0G

             total       used       free     shared    buffers     cached
Mem:          2.0G       1.3G       623M       1.5M        39M       295M
-/+ buffers/cache:       1.0G       958M
Swap:         8.0G         0B       8.0G

             total       used       free     shared    buffers     cached
Mem:          2.0G       1.4G       607M       1.5M        39M       295M
-/+ buffers/cache:       1.0G       942M
Swap:         8.0G         0B       8.0G

             total       used       free     shared    buffers     cached
Mem:          2.0G       1.4G       591M       1.5M        39M       295M
-/+ buffers/cache:       1.0G       926M
Swap:         8.0G         0B       8.0G

             total       used       free     shared    buffers     cached
Mem:          2.0G       1.4G       577M       1.5M        39M       295M
-/+ buffers/cache:       1.1G       912M
Swap:         8.0G         0B       8.0G

             total       used       free     shared    buffers     cached
Mem:          2.0G       1.4G       563M       1.5M        39M       295M
-/+ buffers/cache:       1.1G       898M
Swap:         8.0G         0B       8.0G

             total       used       free     shared    buffers     cached
Mem:          2.0G       1.4G       547M       1.5M        39M       295M
-/+ buffers/cache:       1.1G       882M
Swap:         8.0G         0B       8.0G

             total       used       free     shared    buffers     cached
Mem:          2.0G       1.4G       532M       1.5M        39M       295M
-/+ buffers/cache:       1.1G       867M
Swap:         8.0G         0B       8.0G

             total       used       free     shared    buffers     cached
Mem:          2.0G       1.4G       516M       1.5M        39M       295M
-/+ buffers/cache:       1.1G       851M
Swap:         8.0G         0B       8.0G

             total       used       free     shared    buffers     cached
Mem:          2.0G       1.5G       500M       1.5M        39M       295M
-/+ buffers/cache:       1.1G       835M
Swap:         8.0G         0B       8.0G

             total       used       free     shared    buffers     cached
Mem:          2.0G       1.5G       484M       1.5M        39M       295M
-/+ buffers/cache:       1.2G       819M
Swap:         8.0G         0B       8.0G

             total       used       free     shared    buffers     cached
Mem:          2.0G       1.5G       470M       1.5M        39M       295M
-/+ buffers/cache:       1.2G       805M
Swap:         8.0G         0B       8.0G

             total       used       free     shared    buffers     cached
Mem:          2.0G       1.5G       456M       1.5M        39M       295M
-/+ buffers/cache:       1.2G       791M
Swap:         8.0G         0B       8.0G

             total       used       free     shared    buffers     cached
Mem:          2.0G       1.5G       442M       1.5M        39M       295M
-/+ buffers/cache:       1.2G       777M
Swap:         8.0G         0B       8.0G

             total       used       free     shared    buffers     cached
Mem:          2.0G       1.5G       425M       1.5M        39M       295M
-/+ buffers/cache:       1.2G       760M
Swap:         8.0G         0B       8.0G

             total       used       free     shared    buffers     cached
Mem:          2.0G       1.6G       410M       1.5M        39M       295M
-/+ buffers/cache:       1.2G       745M
Swap:         8.0G         0B       8.0G

             total       used       free     shared    buffers     cached
Mem:          2.0G       1.6G       393M       1.5M        39M       295M
-/+ buffers/cache:       1.2G       728M
Swap:         8.0G         0B       8.0G

             total       used       free     shared    buffers     cached
Mem:          2.0G       1.6G       380M       1.5M        39M       295M
-/+ buffers/cache:       1.3G       715M
Swap:         8.0G         0B       8.0G

             total       used       free     shared    buffers     cached
Mem:          2.0G       1.6G       376M       1.5M        39M       295M
-/+ buffers/cache:       1.3G       711M
Swap:         8.0G         0B       8.0G

             total       used       free     shared    buffers     cached
Mem:          2.0G       1.6G       360M       1.5M        39M       295M
-/+ buffers/cache:       1.3G       695M
Swap:         8.0G         0B       8.0G

             total       used       free     shared    buffers     cached
Mem:          2.0G       1.6G       343M       1.5M        39M       295M
-/+ buffers/cache:       1.3G       678M
Swap:         8.0G         0B       8.0G

             total       used       free     shared    buffers     cached
Mem:          2.0G       1.6G       328M       1.5M        39M       295M
-/+ buffers/cache:       1.3G       663M
Swap:         8.0G         0B       8.0G

             total       used       free     shared    buffers     cached
Mem:          2.0G       1.6G       312M       1.5M        39M       295M
-/+ buffers/cache:       1.3G       647M
Swap:         8.0G         0B       8.0G

             total       used       free     shared    buffers     cached
Mem:          2.0G       1.7G       296M       1.5M        39M       295M
-/+ buffers/cache:       1.3G       631M
Swap:         8.0G         0B       8.0G

             total       used       free     shared    buffers     cached
Mem:          2.0G       1.7G       281M       1.5M        39M       295M
-/+ buffers/cache:       1.4G       616M
Swap:         8.0G         0B       8.0G

             total       used       free     shared    buffers     cached
Mem:          2.0G       1.7G       265M       1.5M        39M       295M
-/+ buffers/cache:       1.4G       600M
Swap:         8.0G         0B       8.0G

             total       used       free     shared    buffers     cached
Mem:          2.0G       1.7G       249M       1.5M        39M       295M
-/+ buffers/cache:       1.4G       585M
Swap:         8.0G         0B       8.0G

             total       used       free     shared    buffers     cached
Mem:          2.0G       1.7G       234M       1.5M        39M       295M
-/+ buffers/cache:       1.4G       569M
Swap:         8.0G         0B       8.0G

             total       used       free     shared    buffers     cached
Mem:          2.0G       1.7G       219M       1.5M        39M       295M
-/+ buffers/cache:       1.4G       555M
Swap:         8.0G         0B       8.0G

             total       used       free     shared    buffers     cached
Mem:          2.0G       1.8G       205M       1.5M        39M       295M
-/+ buffers/cache:       1.4G       541M
Swap:         8.0G         0B       8.0G

             total       used       free     shared    buffers     cached
Mem:          2.0G       1.8G       189M       1.5M        39M       295M
-/+ buffers/cache:       1.4G       525M
Swap:         8.0G         0B       8.0G

             total       used       free     shared    buffers     cached
Mem:          2.0G       1.8G       176M       1.5M        39M       295M
-/+ buffers/cache:       1.5G       511M
Swap:         8.0G         0B       8.0G

             total       used       free     shared    buffers     cached
Mem:          2.0G       1.8G       161M       1.5M        39M       295M
-/+ buffers/cache:       1.5G       497M
Swap:         8.0G         0B       8.0G

             total       used       free     shared    buffers     cached
Mem:          2.0G       1.8G       146M       1.5M        39M       295M
-/+ buffers/cache:       1.5G       482M
Swap:         8.0G         0B       8.0G

             total       used       free     shared    buffers     cached
Mem:          2.0G       1.8G       134M       1.5M        39M       295M
-/+ buffers/cache:       1.5G       469M
Swap:         8.0G         0B       8.0G

             total       used       free     shared    buffers     cached
Mem:          2.0G       1.8G       120M       1.5M        39M       295M
-/+ buffers/cache:       1.5G       455M
Swap:         8.0G         0B       8.0G

             total       used       free     shared    buffers     cached
Mem:          2.0G       1.9G       104M       1.5M        39M       295M
-/+ buffers/cache:       1.5G       440M
Swap:         8.0G         0B       8.0G

             total       used       free     shared    buffers     cached
Mem:          2.0G       1.9G        90M       1.5M        39M       295M
-/+ buffers/cache:       1.5G       426M
Swap:         8.0G         0B       8.0G

             total       used       free     shared    buffers     cached
Mem:          2.0G       1.9G        76M       1.5M        39M       295M
-/+ buffers/cache:       1.6G       412M
Swap:         8.0G         0B       8.0G

             total       used       free     shared    buffers     cached
Mem:          2.0G       1.9G        72M       1.5M        29M       294M
-/+ buffers/cache:       1.6G       396M
Swap:         8.0G         0B       8.0G

             total       used       free     shared    buffers     cached
Mem:          2.0G       1.9G        74M       1.5M        13M       294M
-/+ buffers/cache:       1.6G       381M
Swap:         8.0G         0B       8.0G

             total       used       free     shared    buffers     cached
Mem:          2.0G       1.9G        62M       1.5M        11M       291M
-/+ buffers/cache:       1.6G       366M
Swap:         8.0G         0B       8.0G

             total       used       free     shared    buffers     cached
Mem:          2.0G       1.9G        65M       1.4M        11M       273M
-/+ buffers/cache:       1.6G       350M
Swap:         8.0G        76K       8.0G

             total       used       free     shared    buffers     cached
Mem:          2.0G       1.9G        69M       1.3M        11M       254M
-/+ buffers/cache:       1.6G       335M
Swap:         8.0G       832K       8.0G

             total       used       free     shared    buffers     cached
Mem:          2.0G       1.9G        71M       1.2M        11M       239M
-/+ buffers/cache:       1.6G       321M
Swap:         8.0G       8.0M       8.0G

             total       used       free     shared    buffers     cached
Mem:          2.0G       1.9G        69M       1.2M        11M       232M
-/+ buffers/cache:       1.6G       313M
Swap:         8.0G       8.8M       8.0G

             total       used       free     shared    buffers     cached
Mem:          2.0G       1.9G        70M       1.1M        11M       217M
-/+ buffers/cache:       1.7G       299M
Swap:         8.0G        15M       8.0G

             total       used       free     shared    buffers     cached
Mem:          2.0G       1.9G        80M       1.1M       3.5M       201M
-/+ buffers/cache:       1.7G       285M
Swap:         8.0G        15M       8.0G

             total       used       free     shared    buffers     cached
Mem:          2.0G       1.9G        64M       1.1M       3.5M       201M
-/+ buffers/cache:       1.7G       269M
Swap:         8.0G        15M       8.0G

             total       used       free     shared    buffers     cached
Mem:          2.0G       1.9G        62M       1.1M       2.2M       189M
-/+ buffers/cache:       1.7G       253M
Swap:         8.0G        15M       8.0G

             total       used       free     shared    buffers     cached
Mem:          2.0G       1.9G        84M       1.1M       1.1M       154M
-/+ buffers/cache:       1.7G       239M
Swap:         8.0G        15M       8.0G

             total       used       free     shared    buffers     cached
Mem:          2.0G       1.9G        69M       1.1M       1.1M       154M
-/+ buffers/cache:       1.7G       224M
Swap:         8.0G        15M       8.0G

             total       used       free     shared    buffers     cached
Mem:          2.0G       1.9G        73M       1.1M       588K       136M
-/+ buffers/cache:       1.7G       210M
Swap:         8.0G        15M       8.0G

             total       used       free     shared    buffers     cached
Mem:          2.0G       1.9G        75M       1.1M       216K       121M
-/+ buffers/cache:       1.8G       196M
Swap:         8.0G        15M       8.0G

             total       used       free     shared    buffers     cached
Mem:          2.0G       1.9G        74M       1.1M       216K       106M
-/+ buffers/cache:       1.8G       181M
Swap:         8.0G        15M       8.0G

             total       used       free     shared    buffers     cached
Mem:          2.0G       1.9G        72M       1.1M       224K        94M
-/+ buffers/cache:       1.8G       166M
Swap:         8.0G        15M       8.0G

             total       used       free     shared    buffers     cached
Mem:          2.0G       1.9G        79M       1.1M       224K        72M
-/+ buffers/cache:       1.8G       152M
Swap:         8.0G        15M       8.0G

             total       used       free     shared    buffers     cached
Mem:          2.0G       1.9G        66M       1.1M       228K        72M
-/+ buffers/cache:       1.8G       139M
Swap:         8.0G        15M       8.0G

             total       used       free     shared    buffers     cached
Mem:          2.0G       1.9G        71M       1.1M       228K        56M
-/+ buffers/cache:       1.8G       127M
Swap:         8.0G        15M       8.0G

             total       used       free     shared    buffers     cached
Mem:          2.0G       1.9G        69M       1.1M       500K        43M
-/+ buffers/cache:       1.8G       113M
Swap:         8.0G        15M       8.0G

             total       used       free     shared    buffers     cached
Mem:          2.0G       1.9G        73M       1.1M       500K        25M
-/+ buffers/cache:       1.9G        98M
Swap:         8.0G        15M       8.0G

             total       used       free     shared    buffers     cached
Mem:          2.0G       1.9G        73M       1.1M       500K       9.8M
-/+ buffers/cache:       1.9G        83M
Swap:         8.0G        15M       8.0G

             total       used       free     shared    buffers     cached
Mem:          2.0G       1.9G        64M       720K       500K       4.9M
-/+ buffers/cache:       1.9G        69M
Swap:         8.0G        88M       7.9G

             total       used       free     shared    buffers     cached
Mem:          2.0G       1.9G        86M       604K       500K       4.7M
-/+ buffers/cache:       1.9G        91M
Swap:         8.0G       277M       7.7G

             total       used       free     shared    buffers     cached
Mem:          2.0G       1.9G        88M       604K       500K       4.7M
-/+ buffers/cache:       1.9G        93M
Swap:         8.0G       277M       7.7G

             total       used       free     shared    buffers     cached
Mem:          2.0G       1.9G        77M       604K       500K       4.7M
-/+ buffers/cache:       1.9G        83M
Swap:         8.0G       277M       7.7G

             total       used       free     shared    buffers     cached
Mem:          2.0G       1.9G        65M       604K       508K       4.8M
-/+ buffers/cache:       1.9G        71M
Swap:         8.0G       277M       7.7G

             total       used       free     shared    buffers     cached
Mem:          2.0G       1.9G        80M       604K       508K       3.0M
-/+ buffers/cache:       1.9G        84M
Swap:         8.0G       277M       7.7G

             total       used       free     shared    buffers     cached
Mem:          2.0G       1.9G        67M       604K       508K       3.1M
-/+ buffers/cache:       1.9G        70M
Swap:         8.0G       277M       7.7G

             total       used       free     shared    buffers     cached
Mem:          2.0G       1.9G        69M       604K       508K       2.5M
-/+ buffers/cache:       1.9G        72M
Swap:         8.0G       278M       7.7G

             total       used       free     shared    buffers     cached
Mem:          2.0G       1.9G        69M       604K       508K       2.5M
-/+ buffers/cache:       1.9G        72M
Swap:         8.0G       278M       7.7G

             total       used       free     shared    buffers     cached
Mem:          2.0G       1.9G        68M       604K       516K       2.5M
-/+ buffers/cache:       1.9G        71M
Swap:         8.0G       278M       7.7G

             total       used       free     shared    buffers     cached
Mem:          2.0G       1.9G        68M       604K       516K       2.5M
-/+ buffers/cache:       1.9G        71M
Swap:         8.0G       278M       7.7G

             total       used       free     shared    buffers     cached
Mem:          2.0G       1.9G        67M       604K       516K       2.5M
-/+ buffers/cache:       1.9G        70M
Swap:         8.0G       278M       7.7G

             total       used       free     shared    buffers     cached
Mem:          2.0G       1.9G        66M       604K       516K       2.5M
-/+ buffers/cache:       1.9G        69M
Swap:         8.0G       278M       7.7G

             total       used       free     shared    buffers     cached
Mem:          2.0G       1.9G        65M       604K       516K       2.5M
-/+ buffers/cache:       1.9G        68M
Swap:         8.0G       278M       7.7G

             total       used       free     shared    buffers     cached
Mem:          2.0G       1.9G        78M       604K       524K       2.5M
-/+ buffers/cache:       1.9G        81M
Swap:         8.0G       278M       7.7G

             total       used       free     shared    buffers     cached
Mem:          2.0G       1.9G        78M       604K       524K       2.4M
-/+ buffers/cache:       1.9G        81M
Swap:         8.0G       278M       7.7G

             total       used       free     shared    buffers     cached
Mem:          2.0G       1.9G        78M       604K       524K       2.4M
-/+ buffers/cache:       1.9G        81M
Swap:         8.0G       278M       7.7G

             total       used       free     shared    buffers     cached
Mem:          2.0G       1.9G        77M       604K       524K       2.4M
-/+ buffers/cache:       1.9G        80M
Swap:         8.0G       278M       7.7G

             total       used       free     shared    buffers     cached
Mem:          2.0G       1.9G        71M       604K       524K       2.6M
-/+ buffers/cache:       1.9G        74M
Swap:         8.0G       278M       7.7G

             total       used       free     shared    buffers     cached
Mem:          2.0G       1.9G        65M       604K       524K       2.6M
-/+ buffers/cache:       1.9G        68M
Swap:         8.0G       278M       7.7G

             total       used       free     shared    buffers     cached
Mem:          2.0G       1.9G        77M       604K       532K       2.6M
-/+ buffers/cache:       1.9G        80M
Swap:         8.0G       278M       7.7G

             total       used       free     shared    buffers     cached
Mem:          2.0G       1.9G        74M       604K       532K       2.6M
-/+ buffers/cache:       1.9G        77M
Swap:         8.0G       279M       7.7G

             total       used       free     shared    buffers     cached
Mem:          2.0G       1.9G        73M       584K        76K       2.5M
-/+ buffers/cache:       1.9G        76M
Swap:         8.0G       393M       7.6G

             total       used       free     shared    buffers     cached
Mem:          2.0G       1.9G        72M       584K       640K        18M
-/+ buffers/cache:       1.9G        90M
Swap:         8.0G       383M       7.6G

             total       used       free     shared    buffers     cached
Mem:          2.0G       1.9G        65M       584K       648K        18M
-/+ buffers/cache:       1.9G        84M
Swap:         8.0G       383M       7.6G

             total       used       free     shared    buffers     cached
Mem:          2.0G       1.9G        75M       584K       648K        18M
-/+ buffers/cache:       1.9G        94M
Swap:         8.0G       383M       7.6G

             total       used       free     shared    buffers     cached
Mem:          2.0G       1.9G        74M       584K       648K        18M
-/+ buffers/cache:       1.9G        93M
Swap:         8.0G       383M       7.6G

             total       used       free     shared    buffers     cached
Mem:          2.0G       1.9G        73M       584K       648K        18M
-/+ buffers/cache:       1.9G        92M
Swap:         8.0G       382M       7.6G

             total       used       free     shared    buffers     cached
Mem:          2.0G       1.9G        72M       584K       648K        18M
-/+ buffers/cache:       1.9G        92M
Swap:         8.0G       382M       7.6G

             total       used       free     shared    buffers     cached
Mem:          2.0G       1.9G        71M       584K       656K        18M
-/+ buffers/cache:       1.9G        91M
Swap:         8.0G       381M       7.6G

             total       used       free     shared    buffers     cached
Mem:          2.0G       1.9G        71M       584K       656K        18M
-/+ buffers/cache:       1.9G        90M
Swap:         8.0G       381M       7.6G

             total       used       free     shared    buffers     cached
Mem:          2.0G       1.9G        70M       584K       656K        18M
-/+ buffers/cache:       1.9G        89M
Swap:         8.0G       380M       7.6G

             total       used       free     shared    buffers     cached
Mem:          2.0G       1.9G        69M       584K       656K        18M
-/+ buffers/cache:       1.9G        89M
Swap:         8.0G       380M       7.6G

             total       used       free     shared    buffers     cached
Mem:          2.0G       1.9G        68M       584K       656K        18M
-/+ buffers/cache:       1.9G        88M
Swap:         8.0G       379M       7.6G

             total       used       free     shared    buffers     cached
Mem:          2.0G       1.9G        67M       584K       664K        18M
-/+ buffers/cache:       1.9G        87M
Swap:         8.0G       379M       7.6G

             total       used       free     shared    buffers     cached
Mem:          2.0G       1.9G        67M       584K       664K        18M
-/+ buffers/cache:       1.9G        86M
Swap:         8.0G       378M       7.6G

             total       used       free     shared    buffers     cached
Mem:          2.0G       1.9G        66M       584K       672K        18M
-/+ buffers/cache:       1.9G        86M
Swap:         8.0G       378M       7.6G

             total       used       free     shared    buffers     cached
Mem:          2.0G       1.9G        65M       584K       672K        18M
-/+ buffers/cache:       1.9G        85M
Swap:         8.0G       378M       7.6G

             total       used       free     shared    buffers     cached
Mem:          2.0G       1.9G        64M       584K       672K        19M
-/+ buffers/cache:       1.9G        84M
Swap:         8.0G       377M       7.6G

             total       used       free     shared    buffers     cached
Mem:          2.0G       1.9G        82M       584K       672K        17M
-/+ buffers/cache:       1.9G       100M
Swap:         8.0G       377M       7.6G

             total       used       free     shared    buffers     cached
Mem:          2.0G       1.9G        81M       584K       680K        17M
-/+ buffers/cache:       1.9G        99M
Swap:         8.0G       376M       7.6G

             total       used       free     shared    buffers     cached
Mem:          2.0G       1.9G        80M       584K       680K        17M
-/+ buffers/cache:       1.9G        99M
Swap:         8.0G       376M       7.6G

             total       used       free     shared    buffers     cached
Mem:          2.0G       1.9G        79M       584K       968K        17M
-/+ buffers/cache:       1.9G        98M
Swap:         8.0G       375M       7.6G

             total       used       free     shared    buffers     cached
Mem:          2.0G       1.9G        90M       592K       120K        13M
-/+ buffers/cache:       1.9G       103M
Swap:         8.0G       507M       7.5G

             total       used       free     shared    buffers     cached
Mem:          2.0G       1.9G        69M       592K       268K        28M
-/+ buffers/cache:       1.9G        98M
Swap:         8.0G       500M       7.5G

             total       used       free     shared    buffers     cached
Mem:          2.0G       1.9G        68M       592K       268K        29M
-/+ buffers/cache:       1.9G        97M
Swap:         8.0G       500M       7.5G

             total       used       free     shared    buffers     cached
Mem:          2.0G       1.9G        67M       592K       268K        29M
-/+ buffers/cache:       1.9G        97M
Swap:         8.0G       499M       7.5G

             total       used       free     shared    buffers     cached
Mem:          2.0G       1.9G        82M       592K       1.9M        32M
-/+ buffers/cache:       1.8G       117M
Swap:         8.0G       497M       7.5G

             total       used       free     shared    buffers     cached
Mem:          2.0G       1.9G        78M       1.1M       5.4M        48M
-/+ buffers/cache:       1.8G       132M
Swap:         8.0G       494M       7.5G

             total       used       free     shared    buffers     cached
Mem:          2.0G       1.9G        80M       1.1M       5.6M        53M
-/+ buffers/cache:       1.8G       138M
Swap:         8.0G       489M       7.5G

             total       used       free     shared    buffers     cached
Mem:          2.0G       1.9G        80M       1.1M       5.6M        53M
-/+ buffers/cache:       1.8G       138M
Swap:         8.0G       489M       7.5G

             total       used       free     shared    buffers     cached
Mem:          2.0G       1.9G        79M       1.1M       5.6M        53M
-/+ buffers/cache:       1.8G       138M
Swap:         8.0G       489M       7.5G

             total       used       free     shared    buffers     cached
Mem:          2.0G       1.9G        78M       1.1M       5.6M        53M
-/+ buffers/cache:       1.8G       137M
Swap:         8.0G       488M       7.5G

             total       used       free     shared    buffers     cached
Mem:          2.0G       1.9G        78M       1.1M       5.6M        53M
-/+ buffers/cache:       1.8G       137M
Swap:         8.0G       488M       7.5G

             total       used       free     shared    buffers     cached
Mem:          2.0G       1.9G        78M       1.1M       5.6M        53M
-/+ buffers/cache:       1.8G       136M
Swap:         8.0G       488M       7.5G

             total       used       free     shared    buffers     cached
Mem:          2.0G       1.9G        77M       1.1M       5.6M        53M
-/+ buffers/cache:       1.8G       136M
Swap:         8.0G       487M       7.5G

             total       used       free     shared    buffers     cached
Mem:          2.0G       1.9G        77M       1.1M       5.6M        53M
-/+ buffers/cache:       1.8G       135M
Swap:         8.0G       487M       7.5G

             total       used       free     shared    buffers     cached
Mem:          2.0G       1.9G        76M       1.1M       5.6M        53M
-/+ buffers/cache:       1.8G       135M
Swap:         8.0G       486M       7.5G

             total       used       free     shared    buffers     cached
Mem:          2.0G       1.9G        76M       1.1M       5.6M        53M
-/+ buffers/cache:       1.8G       134M
Swap:         8.0G       486M       7.5G

             total       used       free     shared    buffers     cached
Mem:          2.0G       1.9G        75M       1.1M       5.6M        53M
-/+ buffers/cache:       1.8G       134M
Swap:         8.0G       486M       7.5G

             total       used       free     shared    buffers     cached
Mem:          2.0G       1.9G        75M       1.1M       5.6M        53M
-/+ buffers/cache:       1.8G       134M
Swap:         8.0G       486M       7.5G

             total       used       free     shared    buffers     cached
Mem:          2.0G       1.9G        74M       1.1M       5.6M        53M
-/+ buffers/cache:       1.8G       133M
Swap:         8.0G       485M       7.5G

             total       used       free     shared    buffers     cached
Mem:          2.0G       1.9G        73M       1.1M       5.6M        53M
-/+ buffers/cache:       1.8G       132M
Swap:         8.0G       484M       7.5G

             total       used       free     shared    buffers     cached
Mem:          2.0G       1.9G        73M       1.1M       5.6M        53M
-/+ buffers/cache:       1.8G       131M
Swap:         8.0G       484M       7.5G

             total       used       free     shared    buffers     cached
Mem:          2.0G       1.9G        72M       1.1M       5.6M        53M
-/+ buffers/cache:       1.8G       131M
Swap:         8.0G       484M       7.5G

             total       used       free     shared    buffers     cached
Mem:          2.0G       1.9G        72M       1.1M       5.6M        53M
-/+ buffers/cache:       1.8G       130M
Swap:         8.0G       483M       7.5G

             total       used       free     shared    buffers     cached
Mem:          2.0G       1.9G        71M       1.1M       5.6M        53M
-/+ buffers/cache:       1.8G       130M
Swap:         8.0G       483M       7.5G

             total       used       free     shared    buffers     cached
Mem:          2.0G       1.9G        70M       1.1M       5.6M        53M
-/+ buffers/cache:       1.8G       129M
Swap:         8.0G       483M       7.5G

             total       used       free     shared    buffers     cached
Mem:          2.0G       1.9G        70M       1.1M       5.6M        53M
-/+ buffers/cache:       1.8G       128M
Swap:         8.0G       482M       7.5G

             total       used       free     shared    buffers     cached
Mem:          2.0G       1.9G        69M       1.1M       5.6M        53M
-/+ buffers/cache:       1.8G       128M
Swap:         8.0G       482M       7.5G

             total       used       free     shared    buffers     cached
Mem:          2.0G       1.9G        69M       1.1M       5.6M        53M
-/+ buffers/cache:       1.8G       128M
Swap:         8.0G       481M       7.5G

             total       used       free     shared    buffers     cached
Mem:          2.0G       1.9G        68M       1.1M       5.6M        53M
-/+ buffers/cache:       1.8G       127M
Swap:         8.0G       481M       7.5G

             total       used       free     shared    buffers     cached
Mem:          2.0G       1.9G        68M       1.1M       5.6M        53M
-/+ buffers/cache:       1.8G       126M
Swap:         8.0G       481M       7.5G

             total       used       free     shared    buffers     cached
Mem:          2.0G       1.9G        67M       1.1M       5.6M        53M
-/+ buffers/cache:       1.8G       126M
Swap:         8.0G       480M       7.5G

             total       used       free     shared    buffers     cached
Mem:          2.0G       1.9G        66M       1.1M       5.6M        53M
-/+ buffers/cache:       1.8G       125M
Swap:         8.0G       480M       7.5G

             total       used       free     shared    buffers     cached
Mem:          2.0G       1.9G        66M       1.1M       5.6M        53M
-/+ buffers/cache:       1.8G       125M
Swap:         8.0G       479M       7.5G

             total       used       free     shared    buffers     cached
Mem:          2.0G       1.9G        65M       1.1M       5.6M        53M
-/+ buffers/cache:       1.8G       124M
Swap:         8.0G       479M       7.5G

             total       used       free     shared    buffers     cached
Mem:          2.0G       1.9G        65M       1.1M       5.6M        53M
-/+ buffers/cache:       1.8G       123M
Swap:         8.0G       478M       7.5G

             total       used       free     shared    buffers     cached
Mem:          2.0G       1.9G        81M       1.1M       5.6M        51M
-/+ buffers/cache:       1.8G       139M
Swap:         8.0G       478M       7.5G

             total       used       free     shared    buffers     cached
Mem:          2.0G       1.9G        80M       1.1M       5.6M        52M
-/+ buffers/cache:       1.8G       138M
Swap:         8.0G       477M       7.5G

             total       used       free     shared    buffers     cached
Mem:          2.0G       1.9G        79M       1.1M       5.6M        52M
-/+ buffers/cache:       1.8G       138M
Swap:         8.0G       477M       7.5G

             total       used       free     shared    buffers     cached
Mem:          2.0G       1.9G        78M       1.1M       5.7M        52M
-/+ buffers/cache:       1.8G       137M
Swap:         8.0G       476M       7.5G

             total       used       free     shared    buffers     cached
Mem:          2.0G       1.9G        78M       1.1M       5.7M        52M
-/+ buffers/cache:       1.8G       136M
Swap:         8.0G       476M       7.5G

             total       used       free     shared    buffers     cached
Mem:          2.0G       1.9G        77M       1.1M       5.7M        52M
-/+ buffers/cache:       1.8G       135M
Swap:         8.0G       476M       7.5G

             total       used       free     shared    buffers     cached
Mem:          2.0G       1.9G        76M       1.1M       5.7M        52M
-/+ buffers/cache:       1.8G       135M
Swap:         8.0G       475M       7.5G

             total       used       free     shared    buffers     cached
Mem:          2.0G       1.9G        76M       1.1M       5.7M        52M
-/+ buffers/cache:       1.8G       134M
Swap:         8.0G       475M       7.5G

             total       used       free     shared    buffers     cached
Mem:          2.0G       1.9G        75M       1.1M       5.7M        52M
-/+ buffers/cache:       1.8G       134M
Swap:         8.0G       474M       7.5G

             total       used       free     shared    buffers     cached
Mem:          2.0G       1.9G        74M       1.1M       5.7M        52M
-/+ buffers/cache:       1.8G       133M
Swap:         8.0G       474M       7.5G

             total       used       free     shared    buffers     cached
Mem:          2.0G       1.9G        74M       1.1M       5.7M        52M
-/+ buffers/cache:       1.8G       132M
Swap:         8.0G       473M       7.5G

             total       used       free     shared    buffers     cached
Mem:          2.0G       1.9G        73M       1.1M       5.7M        52M
-/+ buffers/cache:       1.8G       132M
Swap:         8.0G       473M       7.5G

             total       used       free     shared    buffers     cached
Mem:          2.0G       1.9G        72M       1.1M       5.7M        52M
-/+ buffers/cache:       1.8G       131M
Swap:         8.0G       473M       7.5G

             total       used       free     shared    buffers     cached
Mem:          2.0G       1.9G        72M       1.1M       5.7M        52M
-/+ buffers/cache:       1.8G       130M
Swap:         8.0G       472M       7.5G

             total       used       free     shared    buffers     cached
Mem:          2.0G       1.9G        71M       1.1M       5.8M        52M
-/+ buffers/cache:       1.8G       130M
Swap:         8.0G       472M       7.5G

             total       used       free     shared    buffers     cached
Mem:          2.0G       1.9G        70M       1.1M       5.8M        52M
-/+ buffers/cache:       1.8G       129M
Swap:         8.0G       471M       7.5G

             total       used       free     shared    buffers     cached
Mem:          2.0G       1.9G        70M       1.1M       5.8M        52M
-/+ buffers/cache:       1.8G       128M
Swap:         8.0G       471M       7.5G

             total       used       free     shared    buffers     cached
Mem:          2.0G       1.9G        69M       1.1M       5.8M        52M
-/+ buffers/cache:       1.8G       128M
Swap:         8.0G       470M       7.5G

             total       used       free     shared    buffers     cached
Mem:          2.0G       1.9G        68M       1.1M       5.8M        52M
-/+ buffers/cache:       1.8G       127M
Swap:         8.0G       470M       7.5G

             total       used       free     shared    buffers     cached
Mem:          2.0G       1.9G        68M       1.1M       5.8M        52M
-/+ buffers/cache:       1.8G       126M
Swap:         8.0G       469M       7.5G

             total       used       free     shared    buffers     cached
Mem:          2.0G       1.9G        67M       1.1M       5.8M        52M
-/+ buffers/cache:       1.8G       126M
Swap:         8.0G       469M       7.5G

             total       used       free     shared    buffers     cached
Mem:          2.0G       1.9G        67M       1.1M       5.8M        52M
-/+ buffers/cache:       1.8G       125M
Swap:         8.0G       469M       7.5G

             total       used       free     shared    buffers     cached
Mem:          2.0G       1.9G        66M       1.1M       5.8M        52M
-/+ buffers/cache:       1.8G       125M
Swap:         8.0G       468M       7.5G

             total       used       free     shared    buffers     cached
Mem:          2.0G       1.9G        65M       1.1M       5.8M        52M
-/+ buffers/cache:       1.8G       124M
Swap:         8.0G       468M       7.5G

             total       used       free     shared    buffers     cached
Mem:          2.0G       1.9G        65M       1.1M       5.8M        52M
-/+ buffers/cache:       1.8G       124M
Swap:         8.0G       467M       7.5G

             total       used       free     shared    buffers     cached
Mem:          2.0G       1.9G        79M       1.1M       5.8M        52M
-/+ buffers/cache:       1.8G       138M
Swap:         8.0G       467M       7.5G

             total       used       free     shared    buffers     cached
Mem:          2.0G       1.9G        79M       1.1M       5.8M        52M
-/+ buffers/cache:       1.8G       138M
Swap:         8.0G       467M       7.5G

             total       used       free     shared    buffers     cached
Mem:          2.0G       1.9G        77M       1.1M       6.6M        64M
-/+ buffers/cache:       1.8G       148M
Swap:         8.0G       508M       7.5G

             total       used       free     shared    buffers     cached
Mem:          2.0G       1.8G       116M       1.1M       2.0M        64M
-/+ buffers/cache:       1.8G       183M
Swap:         8.0G       508M       7.5G

             total       used       free     shared    buffers     cached
Mem:          2.0G       1.8G       108M       1.1M       2.2M        81M
-/+ buffers/cache:       1.8G       191M
Swap:         8.0G       507M       7.5G

             total       used       free     shared    buffers     cached
Mem:          2.0G       1.8G       105M       1.1M       2.2M        81M
-/+ buffers/cache:       1.8G       189M
Swap:         8.0G       506M       7.5G

             total       used       free     shared    buffers     cached
Mem:          2.0G       1.9G        98M       1.1M       2.2M        83M
-/+ buffers/cache:       1.8G       184M
Swap:         8.0G       504M       7.5G

             total       used       free     shared    buffers     cached
Mem:          2.0G       1.9G        96M       1.1M       2.2M        84M
-/+ buffers/cache:       1.8G       183M
Swap:         8.0G       503M       7.5G

             total       used       free     shared    buffers     cached
Mem:          2.0G       1.9G        96M       1.1M       2.2M        84M
-/+ buffers/cache:       1.8G       182M
Swap:         8.0G       503M       7.5G

             total       used       free     shared    buffers     cached
Mem:          2.0G       1.9G        95M       1.1M       2.2M        84M
-/+ buffers/cache:       1.8G       182M
Swap:         8.0G       503M       7.5G

             total       used       free     shared    buffers     cached
Mem:          2.0G       1.9G        95M       1.1M       2.2M        84M
-/+ buffers/cache:       1.8G       182M
Swap:         8.0G       502M       7.5G

             total       used       free     shared    buffers     cached
Mem:          2.0G       1.9G        95M       1.1M       2.2M        84M
-/+ buffers/cache:       1.8G       181M
Swap:         8.0G       502M       7.5G

             total       used       free     shared    buffers     cached
Mem:          2.0G       1.9G        94M       1.1M       2.2M        84M
-/+ buffers/cache:       1.8G       181M
Swap:         8.0G       502M       7.5G

             total       used       free     shared    buffers     cached
Mem:          2.0G       1.9G        94M       1.1M       2.2M        84M
-/+ buffers/cache:       1.8G       180M
Swap:         8.0G       502M       7.5G

             total       used       free     shared    buffers     cached
Mem:          2.0G       1.9G        93M       1.1M       2.2M        84M
-/+ buffers/cache:       1.8G       180M
Swap:         8.0G       501M       7.5G

             total       used       free     shared    buffers     cached
Mem:          2.0G       1.9G        93M       1.1M       2.2M        84M
-/+ buffers/cache:       1.8G       180M
Swap:         8.0G       501M       7.5G

             total       used       free     shared    buffers     cached
Mem:          2.0G       1.9G        92M       1.1M       2.2M        84M
-/+ buffers/cache:       1.8G       179M
Swap:         8.0G       501M       7.5G

             total       used       free     shared    buffers     cached
Mem:          2.0G       1.9G        80M       4.8M       2.3M        80M
-/+ buffers/cache:       1.8G       163M
Swap:         8.0G       552M       7.5G

             total       used       free     shared    buffers     cached
Mem:          2.0G       1.9G        71M       4.8M       3.1M        83M
-/+ buffers/cache:       1.8G       158M
Swap:         8.0G       549M       7.5G

             total       used       free     shared    buffers     cached
Mem:          2.0G       1.9G        68M       4.8M       2.7M        85M
-/+ buffers/cache:       1.8G       156M
Swap:         8.0G       548M       7.5G

             total       used       free     shared    buffers     cached
Mem:          2.0G       1.9G        70M       1.2M       3.2M        73M
-/+ buffers/cache:       1.8G       147M
Swap:         8.0G       545M       7.5G

             total       used       free     shared    buffers     cached
Mem:          2.0G       1.9G        70M       1.2M       3.2M        73M
-/+ buffers/cache:       1.8G       146M
Swap:         8.0G       545M       7.5G

             total       used       free     shared    buffers     cached
Mem:          2.0G       1.9G        69M       1.2M       3.2M        73M
-/+ buffers/cache:       1.8G       145M
Swap:         8.0G       544M       7.5G

             total       used       free     shared    buffers     cached
Mem:          2.0G       1.9G        68M       1.2M       3.2M        73M
-/+ buffers/cache:       1.8G       145M
Swap:         8.0G       544M       7.5G

             total       used       free     shared    buffers     cached
Mem:          2.0G       1.9G        66M       1.2M       3.3M        74M
-/+ buffers/cache:       1.8G       144M
Swap:         8.0G       543M       7.5G

             total       used       free     shared    buffers     cached
Mem:          2.0G       1.9G        65M       1.2M       3.3M        74M
-/+ buffers/cache:       1.8G       143M
Swap:         8.0G       543M       7.5G

             total       used       free     shared    buffers     cached
Mem:          2.0G       1.9G        65M       1.2M       3.3M        74M
-/+ buffers/cache:       1.8G       142M
Swap:         8.0G       542M       7.5G

             total       used       free     shared    buffers     cached
Mem:          2.0G       1.9G        92M       1.2M       3.3M        70M
-/+ buffers/cache:       1.8G       165M
Swap:         8.0G       542M       7.5G

             total       used       free     shared    buffers     cached
Mem:          2.0G       1.9G        91M       1.2M       3.6M        70M
-/+ buffers/cache:       1.8G       164M
Swap:         8.0G       541M       7.5G

             total       used       free     shared    buffers     cached
Mem:          2.0G       1.9G        90M       1.2M       3.6M        70M
-/+ buffers/cache:       1.8G       164M
Swap:         8.0G       541M       7.5G

             total       used       free     shared    buffers     cached
Mem:          2.0G       1.9G        89M       1.2M       3.6M        70M
-/+ buffers/cache:       1.8G       163M
Swap:         8.0G       540M       7.5G

             total       used       free     shared    buffers     cached
Mem:          2.0G       1.9G        88M       1.2M       3.6M        70M
-/+ buffers/cache:       1.8G       162M
Swap:         8.0G       540M       7.5G

             total       used       free     shared    buffers     cached
Mem:          2.0G       1.9G        88M       1.2M       3.6M        70M
-/+ buffers/cache:       1.8G       161M
Swap:         8.0G       539M       7.5G

             total       used       free     shared    buffers     cached
Mem:          2.0G       1.9G        87M       1.2M       3.6M        70M
-/+ buffers/cache:       1.8G       161M
Swap:         8.0G       539M       7.5G

             total       used       free     shared    buffers     cached
Mem:          2.0G       1.9G        86M       1.2M       3.6M        70M
-/+ buffers/cache:       1.8G       160M
Swap:         8.0G       538M       7.5G

             total       used       free     shared    buffers     cached
Mem:          2.0G       1.9G        85M       1.2M       3.6M        70M
-/+ buffers/cache:       1.8G       159M
Swap:         8.0G       538M       7.5G

             total       used       free     shared    buffers     cached
Mem:          2.0G       1.9G        84M       1.2M       3.6M        70M
-/+ buffers/cache:       1.8G       158M
Swap:         8.0G       537M       7.5G

             total       used       free     shared    buffers     cached
Mem:          2.0G       1.9G        83M       1.2M       3.6M        70M
-/+ buffers/cache:       1.8G       157M
Swap:         8.0G       537M       7.5G

             total       used       free     shared    buffers     cached
Mem:          2.0G       1.9G        82M       1.2M       3.6M        70M
-/+ buffers/cache:       1.8G       157M
Swap:         8.0G       537M       7.5G

             total       used       free     shared    buffers     cached
Mem:          2.0G       1.9G        82M       1.2M       3.6M        70M
-/+ buffers/cache:       1.8G       156M
Swap:         8.0G       536M       7.5G

             total       used       free     shared    buffers     cached
Mem:          2.0G       1.9G        81M       1.2M       3.6M        70M
-/+ buffers/cache:       1.8G       155M
Swap:         8.0G       536M       7.5G

             total       used       free     shared    buffers     cached
Mem:          2.0G       1.9G        80M       1.2M       3.6M        70M
-/+ buffers/cache:       1.8G       154M
Swap:         8.0G       535M       7.5G

             total       used       free     shared    buffers     cached
Mem:          2.0G       1.9G        79M       1.2M       3.6M        70M
-/+ buffers/cache:       1.8G       153M
Swap:         8.0G       535M       7.5G

             total       used       free     shared    buffers     cached
Mem:          2.0G       1.9G        78M       1.2M       3.6M        70M
-/+ buffers/cache:       1.8G       152M
Swap:         8.0G       534M       7.5G

             total       used       free     shared    buffers     cached
Mem:          2.0G       1.9G        77M       1.2M       3.6M        70M
-/+ buffers/cache:       1.8G       152M
Swap:         8.0G       534M       7.5G

             total       used       free     shared    buffers     cached
Mem:          2.0G       1.9G        77M       1.2M       3.6M        70M
-/+ buffers/cache:       1.8G       151M
Swap:         8.0G       533M       7.5G

             total       used       free     shared    buffers     cached
Mem:          2.0G       1.9G        76M       1.2M       3.7M        70M
-/+ buffers/cache:       1.8G       150M
Swap:         8.0G       533M       7.5G

             total       used       free     shared    buffers     cached
Mem:          2.0G       1.9G        75M       1.2M       3.7M        70M
-/+ buffers/cache:       1.8G       149M
Swap:         8.0G       532M       7.5G

             total       used       free     shared    buffers     cached
Mem:          2.0G       1.9G        80M       1.3M       6.8M        78M
-/+ buffers/cache:       1.8G       166M
Swap:         8.0G       530M       7.5G
