             total       used       free     shared    buffers     cached
Mem:          2.0G       663M       1.3G       3.2M        38M       289M
-/+ buffers/cache:       335M       1.6G
Swap:         8.0G         0B       8.0G

             total       used       free     shared    buffers     cached
Mem:          2.0G       663M       1.3G       1.4M        38M       287M
-/+ buffers/cache:       336M       1.6G
Swap:         8.0G         0B       8.0G

             total       used       free     shared    buffers     cached
Mem:          2.0G       662M       1.3G       1.4M        38M       287M
-/+ buffers/cache:       336M       1.6G
Swap:         8.0G         0B       8.0G

             total       used       free     shared    buffers     cached
Mem:          2.0G       662M       1.3G       1.4M        38M       288M
-/+ buffers/cache:       336M       1.6G
Swap:         8.0G         0B       8.0G

             total       used       free     shared    buffers     cached
Mem:          2.0G       662M       1.3G       1.4M        38M       288M
-/+ buffers/cache:       336M       1.6G
Swap:         8.0G         0B       8.0G

             total       used       free     shared    buffers     cached
Mem:          2.0G       662M       1.3G       1.4M        38M       287M
-/+ buffers/cache:       336M       1.6G
Swap:         8.0G         0B       8.0G

             total       used       free     shared    buffers     cached
Mem:          2.0G       662M       1.3G       1.4M        38M       288M
-/+ buffers/cache:       335M       1.6G
Swap:         8.0G         0B       8.0G

             total       used       free     shared    buffers     cached
Mem:          2.0G       662M       1.3G       1.4M        38M       288M
-/+ buffers/cache:       335M       1.6G
Swap:         8.0G         0B       8.0G

             total       used       free     shared    buffers     cached
Mem:          2.0G       662M       1.3G       1.4M        38M       288M
-/+ buffers/cache:       335M       1.6G
Swap:         8.0G         0B       8.0G

             total       used       free     shared    buffers     cached
Mem:          2.0G       665M       1.3G       1.4M        38M       288M
-/+ buffers/cache:       338M       1.6G
Swap:         8.0G         0B       8.0G

             total       used       free     shared    buffers     cached
Mem:          2.0G       682M       1.3G       1.4M        38M       288M
-/+ buffers/cache:       355M       1.6G
Swap:         8.0G         0B       8.0G

             total       used       free     shared    buffers     cached
Mem:          2.0G       693M       1.3G       1.4M        38M       288M
-/+ buffers/cache:       365M       1.6G
Swap:         8.0G         0B       8.0G

             total       used       free     shared    buffers     cached
Mem:          2.0G       671M       1.3G       1.4M        38M       289M
-/+ buffers/cache:       343M       1.6G
Swap:         8.0G         0B       8.0G

             total       used       free     shared    buffers     cached
Mem:          2.0G       672M       1.3G       1.4M        38M       289M
-/+ buffers/cache:       343M       1.6G
Swap:         8.0G         0B       8.0G

             total       used       free     shared    buffers     cached
Mem:          2.0G       671M       1.3G       1.4M        38M       289M
-/+ buffers/cache:       343M       1.6G
Swap:         8.0G         0B       8.0G

             total       used       free     shared    buffers     cached
Mem:          2.0G       671M       1.3G       1.4M        38M       289M
-/+ buffers/cache:       343M       1.6G
Swap:         8.0G         0B       8.0G

             total       used       free     shared    buffers     cached
Mem:          2.0G       671M       1.3G       1.4M        38M       289M
-/+ buffers/cache:       343M       1.6G
Swap:         8.0G         0B       8.0G

             total       used       free     shared    buffers     cached
Mem:          2.0G       671M       1.3G       1.4M        38M       289M
-/+ buffers/cache:       343M       1.6G
Swap:         8.0G         0B       8.0G

             total       used       free     shared    buffers     cached
Mem:          2.0G       671M       1.3G       1.4M        38M       289M
-/+ buffers/cache:       343M       1.6G
Swap:         8.0G         0B       8.0G

             total       used       free     shared    buffers     cached
Mem:          2.0G       671M       1.3G       1.4M        38M       289M
-/+ buffers/cache:       343M       1.6G
Swap:         8.0G         0B       8.0G

             total       used       free     shared    buffers     cached
Mem:          2.0G       671M       1.3G       1.4M        38M       289M
-/+ buffers/cache:       343M       1.6G
Swap:         8.0G         0B       8.0G

             total       used       free     shared    buffers     cached
Mem:          2.0G       672M       1.3G       1.4M        38M       289M
-/+ buffers/cache:       343M       1.6G
Swap:         8.0G         0B       8.0G

             total       used       free     shared    buffers     cached
Mem:          2.0G       672M       1.3G       1.4M        38M       289M
-/+ buffers/cache:       343M       1.6G
Swap:         8.0G         0B       8.0G

             total       used       free     shared    buffers     cached
Mem:          2.0G       672M       1.3G       1.4M        38M       289M
-/+ buffers/cache:       343M       1.6G
Swap:         8.0G         0B       8.0G

             total       used       free     shared    buffers     cached
Mem:          2.0G       672M       1.3G       1.4M        38M       289M
-/+ buffers/cache:       343M       1.6G
Swap:         8.0G         0B       8.0G

             total       used       free     shared    buffers     cached
Mem:          2.0G       672M       1.3G       1.4M        38M       289M
-/+ buffers/cache:       343M       1.6G
Swap:         8.0G         0B       8.0G

             total       used       free     shared    buffers     cached
Mem:          2.0G       672M       1.3G       1.4M        38M       289M
-/+ buffers/cache:       343M       1.6G
Swap:         8.0G         0B       8.0G

             total       used       free     shared    buffers     cached
Mem:          2.0G       672M       1.3G       1.4M        38M       289M
-/+ buffers/cache:       343M       1.6G
Swap:         8.0G         0B       8.0G

             total       used       free     shared    buffers     cached
Mem:          2.0G       672M       1.3G       1.4M        38M       289M
-/+ buffers/cache:       343M       1.6G
Swap:         8.0G         0B       8.0G

             total       used       free     shared    buffers     cached
Mem:          2.0G       672M       1.3G       1.4M        38M       289M
-/+ buffers/cache:       343M       1.6G
Swap:         8.0G         0B       8.0G

             total       used       free     shared    buffers     cached
Mem:          2.0G       672M       1.3G       1.4M        38M       289M
-/+ buffers/cache:       343M       1.6G
Swap:         8.0G         0B       8.0G

             total       used       free     shared    buffers     cached
Mem:          2.0G       672M       1.3G       1.4M        38M       289M
-/+ buffers/cache:       343M       1.6G
Swap:         8.0G         0B       8.0G

             total       used       free     shared    buffers     cached
Mem:          2.0G       672M       1.3G       1.4M        38M       289M
-/+ buffers/cache:       343M       1.6G
Swap:         8.0G         0B       8.0G

             total       used       free     shared    buffers     cached
Mem:          2.0G       678M       1.3G       1.4M        38M       289M
-/+ buffers/cache:       349M       1.6G
Swap:         8.0G         0B       8.0G

             total       used       free     shared    buffers     cached
Mem:          2.0G       699M       1.3G       1.4M        38M       289M
-/+ buffers/cache:       370M       1.6G
Swap:         8.0G         0B       8.0G

             total       used       free     shared    buffers     cached
Mem:          2.0G       720M       1.2G       1.4M        38M       289M
-/+ buffers/cache:       391M       1.6G
Swap:         8.0G         0B       8.0G

             total       used       free     shared    buffers     cached
Mem:          2.0G       740M       1.2G       1.4M        38M       289M
-/+ buffers/cache:       411M       1.6G
Swap:         8.0G         0B       8.0G

             total       used       free     shared    buffers     cached
Mem:          2.0G       762M       1.2G       1.4M        38M       289M
-/+ buffers/cache:       434M       1.5G
Swap:         8.0G         0B       8.0G

             total       used       free     shared    buffers     cached
Mem:          2.0G       784M       1.2G       1.4M        38M       289M
-/+ buffers/cache:       456M       1.5G
Swap:         8.0G         0B       8.0G

             total       used       free     shared    buffers     cached
Mem:          2.0G       804M       1.2G       1.4M        38M       289M
-/+ buffers/cache:       475M       1.5G
Swap:         8.0G         0B       8.0G

             total       used       free     shared    buffers     cached
Mem:          2.0G       825M       1.1G       1.4M        38M       289M
-/+ buffers/cache:       496M       1.5G
Swap:         8.0G         0B       8.0G

             total       used       free     shared    buffers     cached
Mem:          2.0G       846M       1.1G       1.4M        38M       289M
-/+ buffers/cache:       517M       1.4G
Swap:         8.0G         0B       8.0G

             total       used       free     shared    buffers     cached
Mem:          2.0G       864M       1.1G       1.4M        38M       289M
-/+ buffers/cache:       536M       1.4G
Swap:         8.0G         0B       8.0G

             total       used       free     shared    buffers     cached
Mem:          2.0G       887M       1.1G       1.4M        38M       289M
-/+ buffers/cache:       558M       1.4G
Swap:         8.0G         0B       8.0G

             total       used       free     shared    buffers     cached
Mem:          2.0G       901M       1.1G       1.4M        38M       289M
-/+ buffers/cache:       572M       1.4G
Swap:         8.0G         0B       8.0G

             total       used       free     shared    buffers     cached
Mem:          2.0G       921M       1.1G       1.4M        38M       289M
-/+ buffers/cache:       592M       1.4G
Swap:         8.0G         0B       8.0G

             total       used       free     shared    buffers     cached
Mem:          2.0G       938M       1.0G       1.4M        38M       289M
-/+ buffers/cache:       609M       1.4G
Swap:         8.0G         0B       8.0G

             total       used       free     shared    buffers     cached
Mem:          2.0G       956M       1.0G       1.4M        38M       289M
-/+ buffers/cache:       627M       1.3G
Swap:         8.0G         0B       8.0G

             total       used       free     shared    buffers     cached
Mem:          2.0G       976M       1.0G       1.4M        38M       289M
-/+ buffers/cache:       647M       1.3G
Swap:         8.0G         0B       8.0G

             total       used       free     shared    buffers     cached
Mem:          2.0G       995M       1.0G       1.4M        38M       289M
-/+ buffers/cache:       666M       1.3G
Swap:         8.0G         0B       8.0G

             total       used       free     shared    buffers     cached
Mem:          2.0G       1.0G       983M       1.4M        38M       289M
-/+ buffers/cache:       687M       1.3G
Swap:         8.0G         0B       8.0G

             total       used       free     shared    buffers     cached
Mem:          2.0G       1.0G       963M       1.4M        38M       289M
-/+ buffers/cache:       708M       1.3G
Swap:         8.0G         0B       8.0G

             total       used       free     shared    buffers     cached
Mem:          2.0G       1.0G       942M       1.4M        38M       289M
-/+ buffers/cache:       729M       1.2G
Swap:         8.0G         0B       8.0G

             total       used       free     shared    buffers     cached
Mem:          2.0G       1.1G       921M       1.4M        38M       289M
-/+ buffers/cache:       749M       1.2G
Swap:         8.0G         0B       8.0G

             total       used       free     shared    buffers     cached
Mem:          2.0G       1.1G       902M       1.4M        38M       289M
-/+ buffers/cache:       769M       1.2G
Swap:         8.0G         0B       8.0G

             total       used       free     shared    buffers     cached
Mem:          2.0G       1.1G       884M       1.4M        38M       289M
-/+ buffers/cache:       787M       1.2G
Swap:         8.0G         0B       8.0G

             total       used       free     shared    buffers     cached
Mem:          2.0G       1.1G       875M       1.4M        38M       289M
-/+ buffers/cache:       796M       1.2G
Swap:         8.0G         0B       8.0G

             total       used       free     shared    buffers     cached
Mem:          2.0G       1.1G       857M       1.4M        38M       289M
-/+ buffers/cache:       813M       1.2G
Swap:         8.0G         0B       8.0G

             total       used       free     shared    buffers     cached
Mem:          2.0G       1.1G       840M       1.4M        38M       289M
-/+ buffers/cache:       831M       1.1G
Swap:         8.0G         0B       8.0G

             total       used       free     shared    buffers     cached
Mem:          2.0G       1.2G       822M       1.4M        38M       289M
-/+ buffers/cache:       849M       1.1G
Swap:         8.0G         0B       8.0G

             total       used       free     shared    buffers     cached
Mem:          2.0G       1.2G       803M       1.4M        38M       289M
-/+ buffers/cache:       868M       1.1G
Swap:         8.0G         0B       8.0G

             total       used       free     shared    buffers     cached
Mem:          2.0G       1.2G       785M       1.4M        38M       289M
-/+ buffers/cache:       886M       1.1G
Swap:         8.0G         0B       8.0G

             total       used       free     shared    buffers     cached
Mem:          2.0G       1.2G       766M       1.4M        38M       289M
-/+ buffers/cache:       905M       1.1G
Swap:         8.0G         0B       8.0G

             total       used       free     shared    buffers     cached
Mem:          2.0G       1.2G       746M       1.4M        38M       289M
-/+ buffers/cache:       925M       1.0G
Swap:         8.0G         0B       8.0G

             total       used       free     shared    buffers     cached
Mem:          2.0G       1.2G       724M       1.4M        38M       289M
-/+ buffers/cache:       947M       1.0G
Swap:         8.0G         0B       8.0G

             total       used       free     shared    buffers     cached
Mem:          2.0G       1.3G       703M       1.4M        38M       289M
-/+ buffers/cache:       968M       1.0G
Swap:         8.0G         0B       8.0G

             total       used       free     shared    buffers     cached
Mem:          2.0G       1.3G       685M       1.4M        38M       289M
-/+ buffers/cache:       986M       1.0G
Swap:         8.0G         0B       8.0G

             total       used       free     shared    buffers     cached
Mem:          2.0G       1.3G       667M       1.4M        38M       289M
-/+ buffers/cache:       1.0G       995M
Swap:         8.0G         0B       8.0G

             total       used       free     shared    buffers     cached
Mem:          2.0G       1.3G       647M       1.4M        38M       289M
-/+ buffers/cache:       1.0G       975M
Swap:         8.0G         0B       8.0G

             total       used       free     shared    buffers     cached
Mem:          2.0G       1.3G       625M       1.4M        38M       290M
-/+ buffers/cache:       1.0G       954M
Swap:         8.0G         0B       8.0G

             total       used       free     shared    buffers     cached
Mem:          2.0G       1.4G       604M       1.4M        38M       290M
-/+ buffers/cache:       1.0G       933M
Swap:         8.0G         0B       8.0G

             total       used       free     shared    buffers     cached
Mem:          2.0G       1.4G       583M       1.4M        38M       290M
-/+ buffers/cache:       1.1G       912M
Swap:         8.0G         0B       8.0G

             total       used       free     shared    buffers     cached
Mem:          2.0G       1.4G       564M       1.4M        38M       290M
-/+ buffers/cache:       1.1G       893M
Swap:         8.0G         0B       8.0G

             total       used       free     shared    buffers     cached
Mem:          2.0G       1.4G       545M       1.4M        38M       290M
-/+ buffers/cache:       1.1G       874M
Swap:         8.0G         0B       8.0G

             total       used       free     shared    buffers     cached
Mem:          2.0G       1.4G       525M       1.4M        38M       290M
-/+ buffers/cache:       1.1G       853M
Swap:         8.0G         0B       8.0G

             total       used       free     shared    buffers     cached
Mem:          2.0G       1.5G       506M       1.4M        38M       290M
-/+ buffers/cache:       1.1G       835M
Swap:         8.0G         0B       8.0G

             total       used       free     shared    buffers     cached
Mem:          2.0G       1.5G       485M       1.4M        38M       290M
-/+ buffers/cache:       1.2G       814M
Swap:         8.0G         0B       8.0G

             total       used       free     shared    buffers     cached
Mem:          2.0G       1.5G       464M       1.4M        38M       290M
-/+ buffers/cache:       1.2G       793M
Swap:         8.0G         0B       8.0G

             total       used       free     shared    buffers     cached
Mem:          2.0G       1.5G       442M       1.4M        38M       290M
-/+ buffers/cache:       1.2G       771M
Swap:         8.0G         0B       8.0G

             total       used       free     shared    buffers     cached
Mem:          2.0G       1.5G       428M       1.4M        38M       290M
-/+ buffers/cache:       1.2G       757M
Swap:         8.0G         0B       8.0G

             total       used       free     shared    buffers     cached
Mem:          2.0G       1.5G       418M       1.4M        38M       290M
-/+ buffers/cache:       1.2G       747M
Swap:         8.0G         0B       8.0G

             total       used       free     shared    buffers     cached
Mem:          2.0G       1.6G       396M       1.4M        38M       290M
-/+ buffers/cache:       1.2G       725M
Swap:         8.0G         0B       8.0G

             total       used       free     shared    buffers     cached
Mem:          2.0G       1.6G       375M       1.4M        38M       290M
-/+ buffers/cache:       1.3G       704M
Swap:         8.0G         0B       8.0G

             total       used       free     shared    buffers     cached
Mem:          2.0G       1.6G       354M       1.4M        38M       290M
-/+ buffers/cache:       1.3G       683M
Swap:         8.0G         0B       8.0G

             total       used       free     shared    buffers     cached
Mem:          2.0G       1.6G       334M       1.4M        38M       290M
-/+ buffers/cache:       1.3G       663M
Swap:         8.0G         0B       8.0G

             total       used       free     shared    buffers     cached
Mem:          2.0G       1.6G       315M       1.4M        38M       290M
-/+ buffers/cache:       1.3G       644M
Swap:         8.0G         0B       8.0G

             total       used       free     shared    buffers     cached
Mem:          2.0G       1.7G       300M       1.4M        38M       290M
-/+ buffers/cache:       1.3G       629M
Swap:         8.0G         0B       8.0G

             total       used       free     shared    buffers     cached
Mem:          2.0G       1.7G       283M       1.4M        38M       290M
-/+ buffers/cache:       1.4G       612M
Swap:         8.0G         0B       8.0G

             total       used       free     shared    buffers     cached
Mem:          2.0G       1.7G       264M       1.4M        38M       290M
-/+ buffers/cache:       1.4G       593M
Swap:         8.0G         0B       8.0G

             total       used       free     shared    buffers     cached
Mem:          2.0G       1.7G       244M       1.4M        38M       290M
-/+ buffers/cache:       1.4G       573M
Swap:         8.0G         0B       8.0G

             total       used       free     shared    buffers     cached
Mem:          2.0G       1.7G       223M       1.4M        38M       290M
-/+ buffers/cache:       1.4G       552M
Swap:         8.0G         0B       8.0G

             total       used       free     shared    buffers     cached
Mem:          2.0G       1.8G       203M       1.4M        38M       290M
-/+ buffers/cache:       1.4G       532M
Swap:         8.0G         0B       8.0G

             total       used       free     shared    buffers     cached
Mem:          2.0G       1.8G       181M       1.4M        38M       290M
-/+ buffers/cache:       1.5G       510M
Swap:         8.0G         0B       8.0G

             total       used       free     shared    buffers     cached
Mem:          2.0G       1.8G       161M       1.4M        38M       290M
-/+ buffers/cache:       1.5G       490M
Swap:         8.0G         0B       8.0G

             total       used       free     shared    buffers     cached
Mem:          2.0G       1.8G       142M       1.4M        38M       290M
-/+ buffers/cache:       1.5G       471M
Swap:         8.0G         0B       8.0G

             total       used       free     shared    buffers     cached
Mem:          2.0G       1.8G       122M       1.4M        38M       290M
-/+ buffers/cache:       1.5G       451M
Swap:         8.0G         0B       8.0G

             total       used       free     shared    buffers     cached
Mem:          2.0G       1.9G       103M       1.4M        38M       290M
-/+ buffers/cache:       1.5G       432M
Swap:         8.0G         0B       8.0G

             total       used       free     shared    buffers     cached
Mem:          2.0G       1.9G        82M       1.4M        38M       290M
-/+ buffers/cache:       1.6G       411M
Swap:         8.0G         0B       8.0G

             total       used       free     shared    buffers     cached
Mem:          2.0G       1.9G        73M       1.4M        28M       288M
-/+ buffers/cache:       1.6G       390M
Swap:         8.0G         0B       8.0G

             total       used       free     shared    buffers     cached
Mem:          2.0G       1.9G        70M       1.4M        11M       288M
-/+ buffers/cache:       1.6G       371M
Swap:         8.0G         0B       8.0G

             total       used       free     shared    buffers     cached
Mem:          2.0G       1.9G        65M       1.4M        10M       276M
-/+ buffers/cache:       1.6G       352M
Swap:         8.0G         0B       8.0G

             total       used       free     shared    buffers     cached
Mem:          2.0G       1.9G        78M       1.3M       9.7M       243M
-/+ buffers/cache:       1.6G       332M
Swap:         8.0G       1.3M       8.0G

             total       used       free     shared    buffers     cached
Mem:          2.0G       1.9G        73M       1.2M       9.7M       230M
-/+ buffers/cache:       1.6G       313M
Swap:         8.0G       7.9M       8.0G

             total       used       free     shared    buffers     cached
Mem:          2.0G       1.9G        90M       1.2M       5.5M       205M
-/+ buffers/cache:       1.7G       301M
Swap:         8.0G        13M       8.0G

             total       used       free     shared    buffers     cached
Mem:          2.0G       1.9G        70M       1.2M       5.5M       205M
-/+ buffers/cache:       1.7G       281M
Swap:         8.0G        13M       8.0G

             total       used       free     shared    buffers     cached
Mem:          2.0G       1.9G        63M       1.2M       2.2M       196M
-/+ buffers/cache:       1.7G       261M
Swap:         8.0G        13M       8.0G

             total       used       free     shared    buffers     cached
Mem:          2.0G       1.9G        80M       1.2M       336K       162M
-/+ buffers/cache:       1.7G       243M
Swap:         8.0G        13M       8.0G

             total       used       free     shared    buffers     cached
Mem:          2.0G       1.9G        81M       1.2M       312K       143M
-/+ buffers/cache:       1.7G       224M
Swap:         8.0G        13M       8.0G

             total       used       free     shared    buffers     cached
Mem:          2.0G       1.9G        77M       1.2M        76K       126M
-/+ buffers/cache:       1.8G       204M
Swap:         8.0G        13M       8.0G

             total       used       free     shared    buffers     cached
Mem:          2.0G       1.9G        74M       1.2M        84K       111M
-/+ buffers/cache:       1.8G       186M
Swap:         8.0G        13M       8.0G

             total       used       free     shared    buffers     cached
Mem:          2.0G       1.9G        76M       1.2M        96K        87M
-/+ buffers/cache:       1.8G       164M
Swap:         8.0G        13M       8.0G

             total       used       free     shared    buffers     cached
Mem:          2.0G       1.9G        80M       1.2M       100K        67M
-/+ buffers/cache:       1.8G       147M
Swap:         8.0G        13M       8.0G

             total       used       free     shared    buffers     cached
Mem:          2.0G       1.9G        77M       1.2M       100K        52M
-/+ buffers/cache:       1.8G       130M
Swap:         8.0G        13M       8.0G

             total       used       free     shared    buffers     cached
Mem:          2.0G       1.9G        71M       1.2M       104K        40M
-/+ buffers/cache:       1.8G       111M
Swap:         8.0G        13M       8.0G

             total       used       free     shared    buffers     cached
Mem:          2.0G       1.9G        66M       1.2M       244K        24M
-/+ buffers/cache:       1.9G        90M
Swap:         8.0G        13M       8.0G

             total       used       free     shared    buffers     cached
Mem:          2.0G       1.9G        67M       1.2M       524K       7.4M
-/+ buffers/cache:       1.9G        75M
Swap:         8.0G        13M       8.0G

             total       used       free     shared    buffers     cached
Mem:          2.0G       1.9G        66M       724K       524K       3.6M
-/+ buffers/cache:       1.9G        70M
Swap:         8.0G        46M       8.0G

             total       used       free     shared    buffers     cached
Mem:          2.0G       1.9G        76M       724K       524K       3.1M
-/+ buffers/cache:       1.9G        80M
Swap:         8.0G        72M       7.9G

             total       used       free     shared    buffers     cached
Mem:          2.0G       1.9G        72M       720K       524K       3.0M
-/+ buffers/cache:       1.9G        75M
Swap:         8.0G        73M       7.9G

             total       used       free     shared    buffers     cached
Mem:          2.0G       1.9G        68M       656K       524K       2.9M
-/+ buffers/cache:       1.9G        71M
Swap:         8.0G       107M       7.9G

             total       used       free     shared    buffers     cached
Mem:          2.0G       1.9G        75M       652K       532K       2.6M
-/+ buffers/cache:       1.9G        78M
Swap:         8.0G       121M       7.9G

             total       used       free     shared    buffers     cached
Mem:          2.0G       1.9G        65M       648K       532K       2.5M
-/+ buffers/cache:       1.9G        68M
Swap:         8.0G       121M       7.9G

             total       used       free     shared    buffers     cached
Mem:          2.0G       1.9G        74M       636K       532K       2.4M
-/+ buffers/cache:       1.9G        77M
Swap:         8.0G       162M       7.8G

             total       used       free     shared    buffers     cached
Mem:          2.0G       1.9G        70M       572K       532K       2.3M
-/+ buffers/cache:       1.9G        73M
Swap:         8.0G       171M       7.8G

             total       used       free     shared    buffers     cached
Mem:          2.0G       1.9G        76M       592K       532K       2.2M
-/+ buffers/cache:       1.9G        79M
Swap:         8.0G       192M       7.8G

             total       used       free     shared    buffers     cached
Mem:          2.0G       1.9G        82M       580K       532K       2.2M
-/+ buffers/cache:       1.9G        85M
Swap:         8.0G       241M       7.8G

             total       used       free     shared    buffers     cached
Mem:          2.0G       1.9G        76M       560K       540K       2.2M
-/+ buffers/cache:       1.9G        79M
Swap:         8.0G       241M       7.8G

             total       used       free     shared    buffers     cached
Mem:          2.0G       1.9G        69M       560K       540K       2.2M
-/+ buffers/cache:       1.9G        72M
Swap:         8.0G       241M       7.8G

             total       used       free     shared    buffers     cached
Mem:          2.0G       1.9G        90M       560K        80K       2.7M
-/+ buffers/cache:       1.9G        93M
Swap:         8.0G       255M       7.7G

             total       used       free     shared    buffers     cached
Mem:          2.0G       1.9G        71M       536K        80K       2.7M
-/+ buffers/cache:       1.9G        74M
Swap:         8.0G       255M       7.7G

             total       used       free     shared    buffers     cached
Mem:          2.0G       1.9G        67M       536K        80K       2.7M
-/+ buffers/cache:       1.9G        70M
Swap:         8.0G       255M       7.7G

             total       used       free     shared    buffers     cached
Mem:          2.0G       1.9G        71M       536K        88K       2.8M
-/+ buffers/cache:       1.9G        74M
Swap:         8.0G       310M       7.7G

             total       used       free     shared    buffers     cached
Mem:          2.0G       1.9G        65M       536K        88K       2.9M
-/+ buffers/cache:       1.9G        68M
Swap:         8.0G       310M       7.7G

             total       used       free     shared    buffers     cached
Mem:          2.0G       1.9G        65M       536K        88K       2.9M
-/+ buffers/cache:       1.9G        68M
Swap:         8.0G       309M       7.7G

             total       used       free     shared    buffers     cached
Mem:          2.0G       1.9G        65M       536K        88K       2.8M
-/+ buffers/cache:       1.9G        68M
Swap:         8.0G       309M       7.7G

             total       used       free     shared    buffers     cached
Mem:          2.0G       1.9G        64M       536K        88K       2.8M
-/+ buffers/cache:       1.9G        67M
Swap:         8.0G       308M       7.7G

             total       used       free     shared    buffers     cached
Mem:          2.0G       1.9G        64M       536K        96K       2.8M
-/+ buffers/cache:       1.9G        67M
Swap:         8.0G       308M       7.7G

             total       used       free     shared    buffers     cached
Mem:          2.0G       1.9G        76M       536K        96K       2.8M
-/+ buffers/cache:       1.9G        79M
Swap:         8.0G       308M       7.7G

             total       used       free     shared    buffers     cached
Mem:          2.0G       1.9G        75M       536K        96K       2.8M
-/+ buffers/cache:       1.9G        78M
Swap:         8.0G       307M       7.7G

             total       used       free     shared    buffers     cached
Mem:          2.0G       1.9G        75M       536K        96K       2.8M
-/+ buffers/cache:       1.9G        78M
Swap:         8.0G       307M       7.7G

             total       used       free     shared    buffers     cached
Mem:          2.0G       1.9G        74M       536K        96K       2.9M
-/+ buffers/cache:       1.9G        77M
Swap:         8.0G       306M       7.7G

             total       used       free     shared    buffers     cached
Mem:          2.0G       1.9G        73M       536K        96K       3.0M
-/+ buffers/cache:       1.9G        77M
Swap:         8.0G       306M       7.7G

             total       used       free     shared    buffers     cached
Mem:          2.0G       1.9G        73M       536K       104K       3.0M
-/+ buffers/cache:       1.9G        76M
Swap:         8.0G       306M       7.7G

             total       used       free     shared    buffers     cached
Mem:          2.0G       1.9G        72M       536K       104K       3.0M
-/+ buffers/cache:       1.9G        75M
Swap:         8.0G       305M       7.7G

             total       used       free     shared    buffers     cached
Mem:          2.0G       1.9G        72M       536K       104K       3.0M
-/+ buffers/cache:       1.9G        75M
Swap:         8.0G       305M       7.7G

             total       used       free     shared    buffers     cached
Mem:          2.0G       1.9G        71M       536K       104K       3.0M
-/+ buffers/cache:       1.9G        74M
Swap:         8.0G       305M       7.7G

             total       used       free     shared    buffers     cached
Mem:          2.0G       1.9G        71M       536K       104K       3.0M
-/+ buffers/cache:       1.9G        74M
Swap:         8.0G       304M       7.7G

             total       used       free     shared    buffers     cached
Mem:          2.0G       1.9G        70M       536K       112K       2.9M
-/+ buffers/cache:       1.9G        73M
Swap:         8.0G       304M       7.7G

             total       used       free     shared    buffers     cached
Mem:          2.0G       1.9G        70M       536K       112K       2.9M
-/+ buffers/cache:       1.9G        73M
Swap:         8.0G       304M       7.7G

             total       used       free     shared    buffers     cached
Mem:          2.0G       1.9G        69M       536K       112K       3.0M
-/+ buffers/cache:       1.9G        73M
Swap:         8.0G       303M       7.7G

             total       used       free     shared    buffers     cached
Mem:          2.0G       1.9G        69M       536K       112K       3.0M
-/+ buffers/cache:       1.9G        72M
Swap:         8.0G       303M       7.7G

             total       used       free     shared    buffers     cached
Mem:          2.0G       1.9G        69M       536K       112K       3.0M
-/+ buffers/cache:       1.9G        72M
Swap:         8.0G       303M       7.7G

             total       used       free     shared    buffers     cached
Mem:          2.0G       1.9G        68M       536K       120K       2.9M
-/+ buffers/cache:       1.9G        71M
Swap:         8.0G       302M       7.7G

             total       used       free     shared    buffers     cached
Mem:          2.0G       1.9G        68M       536K       120K       2.9M
-/+ buffers/cache:       1.9G        71M
Swap:         8.0G       302M       7.7G

             total       used       free     shared    buffers     cached
Mem:          2.0G       1.9G        67M       536K       120K       2.9M
-/+ buffers/cache:       1.9G        70M
Swap:         8.0G       302M       7.7G

             total       used       free     shared    buffers     cached
Mem:          2.0G       1.9G        67M       536K       120K       3.0M
-/+ buffers/cache:       1.9G        70M
Swap:         8.0G       301M       7.7G

             total       used       free     shared    buffers     cached
Mem:          2.0G       1.9G        80M       536K       412K        22M
-/+ buffers/cache:       1.9G       103M
Swap:         8.0G       342M       7.7G

             total       used       free     shared    buffers     cached
Mem:          2.0G       1.9G        78M       536K       444K        22M
-/+ buffers/cache:       1.9G       102M
Swap:         8.0G       341M       7.7G

             total       used       free     shared    buffers     cached
Mem:          2.0G       1.9G        73M       536K       2.0M        25M
-/+ buffers/cache:       1.9G       101M
Swap:         8.0G       341M       7.7G

             total       used       free     shared    buffers     cached
Mem:          2.0G       1.9G        72M       540K       2.0M        25M
-/+ buffers/cache:       1.9G       100M
Swap:         8.0G       340M       7.7G

             total       used       free     shared    buffers     cached
Mem:          2.0G       1.9G        71M       540K       2.0M        25M
-/+ buffers/cache:       1.9G        99M
Swap:         8.0G       340M       7.7G

             total       used       free     shared    buffers     cached
Mem:          2.0G       1.9G        70M       540K       2.0M        25M
-/+ buffers/cache:       1.9G        98M
Swap:         8.0G       339M       7.7G

             total       used       free     shared    buffers     cached
Mem:          2.0G       1.9G        69M       540K       2.0M        25M
-/+ buffers/cache:       1.9G        97M
Swap:         8.0G       338M       7.7G

             total       used       free     shared    buffers     cached
Mem:          2.0G       1.9G        68M       540K       2.1M        26M
-/+ buffers/cache:       1.9G        96M
Swap:         8.0G       338M       7.7G

             total       used       free     shared    buffers     cached
Mem:          2.0G       1.9G        67M       540K       2.1M        26M
-/+ buffers/cache:       1.9G        95M
Swap:         8.0G       337M       7.7G

             total       used       free     shared    buffers     cached
Mem:          2.0G       1.9G        66M       540K       2.1M        26M
-/+ buffers/cache:       1.9G        94M
Swap:         8.0G       337M       7.7G

             total       used       free     shared    buffers     cached
Mem:          2.0G       1.9G        65M       540K       2.1M        26M
-/+ buffers/cache:       1.9G        93M
Swap:         8.0G       336M       7.7G

             total       used       free     shared    buffers     cached
Mem:          2.0G       1.9G        75M       540K       2.1M        25M
-/+ buffers/cache:       1.9G       103M
Swap:         8.0G       336M       7.7G

             total       used       free     shared    buffers     cached
Mem:          2.0G       1.9G        75M       540K       2.1M        25M
-/+ buffers/cache:       1.9G       103M
Swap:         8.0G       335M       7.7G

             total       used       free     shared    buffers     cached
Mem:          2.0G       1.9G        75M       540K       2.1M        25M
-/+ buffers/cache:       1.9G       102M
Swap:         8.0G       335M       7.7G

             total       used       free     shared    buffers     cached
Mem:          2.0G       1.9G        78M       540K       1.9M        32M
-/+ buffers/cache:       1.8G       112M
Swap:         8.0G       349M       7.7G

             total       used       free     shared    buffers     cached
Mem:          2.0G       1.9G        78M       544K       1.9M        32M
-/+ buffers/cache:       1.8G       112M
Swap:         8.0G       349M       7.7G

             total       used       free     shared    buffers     cached
Mem:          2.0G       1.9G        77M       544K       1.9M        33M
-/+ buffers/cache:       1.8G       112M
Swap:         8.0G       349M       7.7G

             total       used       free     shared    buffers     cached
Mem:          2.0G       1.9G        76M       544K       1.9M        33M
-/+ buffers/cache:       1.8G       111M
Swap:         8.0G       349M       7.7G

             total       used       free     shared    buffers     cached
Mem:          2.0G       1.9G        75M       544K       1.9M        33M
-/+ buffers/cache:       1.8G       111M
Swap:         8.0G       348M       7.7G

             total       used       free     shared    buffers     cached
Mem:          2.0G       1.9G        75M       544K       1.9M        33M
-/+ buffers/cache:       1.8G       110M
Swap:         8.0G       348M       7.7G

             total       used       free     shared    buffers     cached
Mem:          2.0G       1.9G        74M       544K       1.9M        33M
-/+ buffers/cache:       1.8G       109M
Swap:         8.0G       348M       7.7G

             total       used       free     shared    buffers     cached
Mem:          2.0G       1.9G        74M       544K       1.9M        33M
-/+ buffers/cache:       1.8G       109M
Swap:         8.0G       348M       7.7G

             total       used       free     shared    buffers     cached
Mem:          2.0G       1.9G        73M       544K       1.9M        33M
-/+ buffers/cache:       1.8G       108M
Swap:         8.0G       347M       7.7G

             total       used       free     shared    buffers     cached
Mem:          2.0G       1.9G        72M       544K       1.9M        33M
-/+ buffers/cache:       1.8G       108M
Swap:         8.0G       347M       7.7G

             total       used       free     shared    buffers     cached
Mem:          2.0G       1.9G        70M       544K       2.2M        33M
-/+ buffers/cache:       1.8G       105M
Swap:         8.0G       346M       7.7G

             total       used       free     shared    buffers     cached
Mem:          2.0G       1.9G        69M       544K       2.2M        33M
-/+ buffers/cache:       1.9G       105M
Swap:         8.0G       346M       7.7G

             total       used       free     shared    buffers     cached
Mem:          2.0G       1.9G        68M       544K       2.2M        33M
-/+ buffers/cache:       1.9G       104M
Swap:         8.0G       345M       7.7G

             total       used       free     shared    buffers     cached
Mem:          2.0G       1.9G        67M       544K       2.2M        33M
-/+ buffers/cache:       1.9G       103M
Swap:         8.0G       345M       7.7G

             total       used       free     shared    buffers     cached
Mem:          2.0G       1.9G        67M       544K       2.2M        33M
-/+ buffers/cache:       1.9G       103M
Swap:         8.0G       345M       7.7G

             total       used       free     shared    buffers     cached
Mem:          2.0G       1.9G        66M       544K       2.2M        33M
-/+ buffers/cache:       1.9G       102M
Swap:         8.0G       344M       7.7G

             total       used       free     shared    buffers     cached
Mem:          2.0G       1.9G        65M       544K       2.2M        33M
-/+ buffers/cache:       1.9G       101M
Swap:         8.0G       344M       7.7G

             total       used       free     shared    buffers     cached
Mem:          2.0G       1.9G        65M       544K       2.2M        33M
-/+ buffers/cache:       1.9G       101M
Swap:         8.0G       344M       7.7G

             total       used       free     shared    buffers     cached
Mem:          2.0G       1.9G        64M       544K       2.2M        33M
-/+ buffers/cache:       1.9G       100M
Swap:         8.0G       343M       7.7G

             total       used       free     shared    buffers     cached
Mem:          2.0G       1.9G        87M       544K       832K        28M
-/+ buffers/cache:       1.8G       116M
Swap:         8.0G       373M       7.6G

             total       used       free     shared    buffers     cached
Mem:          2.0G       1.9G        86M       544K       840K        28M
-/+ buffers/cache:       1.8G       116M
Swap:         8.0G       373M       7.6G

             total       used       free     shared    buffers     cached
Mem:          2.0G       1.9G        86M       544K       840K        28M
-/+ buffers/cache:       1.8G       115M
Swap:         8.0G       372M       7.6G

             total       used       free     shared    buffers     cached
Mem:          2.0G       1.9G        85M       544K       840K        28M
-/+ buffers/cache:       1.8G       114M
Swap:         8.0G       372M       7.6G

             total       used       free     shared    buffers     cached
Mem:          2.0G       1.9G        84M       544K       840K        28M
-/+ buffers/cache:       1.8G       113M
Swap:         8.0G       371M       7.6G

             total       used       free     shared    buffers     cached
Mem:          2.0G       1.9G        83M       544K       840K        28M
-/+ buffers/cache:       1.8G       113M
Swap:         8.0G       371M       7.6G

             total       used       free     shared    buffers     cached
Mem:          2.0G       1.9G        83M       544K       840K        28M
-/+ buffers/cache:       1.8G       112M
Swap:         8.0G       371M       7.6G

             total       used       free     shared    buffers     cached
Mem:          2.0G       1.9G        82M       544K       848K        28M
-/+ buffers/cache:       1.8G       111M
Swap:         8.0G       370M       7.6G

             total       used       free     shared    buffers     cached
Mem:          2.0G       1.9G        81M       544K       848K        28M
-/+ buffers/cache:       1.8G       110M
Swap:         8.0G       370M       7.6G

             total       used       free     shared    buffers     cached
Mem:          2.0G       1.9G        81M       544K       848K        28M
-/+ buffers/cache:       1.8G       110M
Swap:         8.0G       369M       7.6G

             total       used       free     shared    buffers     cached
Mem:          2.0G       1.9G        74M       544K       848K        33M
-/+ buffers/cache:       1.8G       109M
Swap:         8.0G       368M       7.6G

             total       used       free     shared    buffers     cached
Mem:          2.0G       1.9G        73M       544K       848K        33M
-/+ buffers/cache:       1.8G       108M
Swap:         8.0G       367M       7.6G

             total       used       free     shared    buffers     cached
Mem:          2.0G       1.9G        73M       544K       856K        33M
-/+ buffers/cache:       1.8G       107M
Swap:         8.0G       365M       7.6G

             total       used       free     shared    buffers     cached
Mem:          2.0G       1.9G        72M       544K       856K        33M
-/+ buffers/cache:       1.8G       106M
Swap:         8.0G       364M       7.6G

             total       used       free     shared    buffers     cached
Mem:          2.0G       1.9G        71M       544K       856K        33M
-/+ buffers/cache:       1.9G       105M
Swap:         8.0G       363M       7.6G

             total       used       free     shared    buffers     cached
Mem:          2.0G       1.9G        70M       544K       856K        33M
-/+ buffers/cache:       1.9G       104M
Swap:         8.0G       362M       7.6G

             total       used       free     shared    buffers     cached
Mem:          2.0G       1.9G        69M       544K       856K        33M
-/+ buffers/cache:       1.9G       103M
Swap:         8.0G       361M       7.6G

             total       used       free     shared    buffers     cached
Mem:          2.0G       1.9G        68M       544K       856K        33M
-/+ buffers/cache:       1.9G       102M
Swap:         8.0G       360M       7.6G

             total       used       free     shared    buffers     cached
Mem:          2.0G       1.9G        67M       544K       864K        33M
-/+ buffers/cache:       1.9G       102M
Swap:         8.0G       358M       7.6G

             total       used       free     shared    buffers     cached
Mem:          2.0G       1.9G        66M       544K       864K        33M
-/+ buffers/cache:       1.9G       101M
Swap:         8.0G       357M       7.6G

             total       used       free     shared    buffers     cached
Mem:          2.0G       1.9G        65M       544K       864K        33M
-/+ buffers/cache:       1.9G        99M
Swap:         8.0G       355M       7.6G

             total       used       free     shared    buffers     cached
Mem:          2.0G       1.9G        64M       544K       864K        33M
-/+ buffers/cache:       1.9G        98M
Swap:         8.0G       354M       7.7G

             total       used       free     shared    buffers     cached
Mem:          2.0G       1.9G        77M       544K       864K        32M
-/+ buffers/cache:       1.8G       111M
Swap:         8.0G       353M       7.7G

             total       used       free     shared    buffers     cached
Mem:          2.0G       1.9G        77M       544K       872K        32M
-/+ buffers/cache:       1.8G       110M
Swap:         8.0G       352M       7.7G

             total       used       free     shared    buffers     cached
Mem:          2.0G       1.9G        76M       544K       872K        32M
-/+ buffers/cache:       1.8G       109M
Swap:         8.0G       350M       7.7G

             total       used       free     shared    buffers     cached
Mem:          2.0G       1.9G        75M       544K       872K        32M
-/+ buffers/cache:       1.8G       108M
Swap:         8.0G       349M       7.7G

             total       used       free     shared    buffers     cached
Mem:          2.0G       1.9G        74M       544K       872K        32M
-/+ buffers/cache:       1.8G       107M
Swap:         8.0G       348M       7.7G

             total       used       free     shared    buffers     cached
Mem:          2.0G       1.9G        73M       544K       872K        32M
-/+ buffers/cache:       1.8G       106M
Swap:         8.0G       347M       7.7G

             total       used       free     shared    buffers     cached
Mem:          2.0G       1.9G        72M       544K       872K        32M
-/+ buffers/cache:       1.9G       105M
Swap:         8.0G       345M       7.7G

             total       used       free     shared    buffers     cached
Mem:          2.0G       1.9G        71M       544K       880K        32M
-/+ buffers/cache:       1.9G       104M
Swap:         8.0G       344M       7.7G

             total       used       free     shared    buffers     cached
Mem:          2.0G       1.9G        70M       544K       880K        32M
-/+ buffers/cache:       1.9G       103M
Swap:         8.0G       343M       7.7G

             total       used       free     shared    buffers     cached
Mem:          2.0G       1.9G        69M       544K       880K        32M
-/+ buffers/cache:       1.9G       102M
Swap:         8.0G       341M       7.7G

             total       used       free     shared    buffers     cached
Mem:          2.0G       1.9G        68M       544K       880K        32M
-/+ buffers/cache:       1.9G       102M
Swap:         8.0G       340M       7.7G

             total       used       free     shared    buffers     cached
Mem:          2.0G       1.9G        67M       544K       880K        32M
-/+ buffers/cache:       1.9G       101M
Swap:         8.0G       339M       7.7G

             total       used       free     shared    buffers     cached
Mem:          2.0G       1.9G        66M       544K       888K        32M
-/+ buffers/cache:       1.9G       100M
Swap:         8.0G       338M       7.7G

             total       used       free     shared    buffers     cached
Mem:          2.0G       1.9G        65M       544K       888K        32M
-/+ buffers/cache:       1.9G        99M
Swap:         8.0G       337M       7.7G

             total       used       free     shared    buffers     cached
Mem:          2.0G       1.9G        64M       544K       888K        32M
-/+ buffers/cache:       1.9G        98M
Swap:         8.0G       336M       7.7G

             total       used       free     shared    buffers     cached
Mem:          2.0G       1.9G        85M       544K       412K        25M
-/+ buffers/cache:       1.8G       111M
Swap:         8.0G       359M       7.6G

             total       used       free     shared    buffers     cached
Mem:          2.0G       1.9G        84M       544K       412K        25M
-/+ buffers/cache:       1.8G       110M
Swap:         8.0G       358M       7.6G

             total       used       free     shared    buffers     cached
Mem:          2.0G       1.9G        83M       544K       412K        25M
-/+ buffers/cache:       1.8G       109M
Swap:         8.0G       357M       7.6G

             total       used       free     shared    buffers     cached
Mem:          2.0G       1.9G        81M       544K       420K        26M
-/+ buffers/cache:       1.8G       108M
Swap:         8.0G       355M       7.6G

             total       used       free     shared    buffers     cached
Mem:          2.0G       1.9G        80M       548K       420K        26M
-/+ buffers/cache:       1.8G       107M
Swap:         8.0G       354M       7.7G

             total       used       free     shared    buffers     cached
Mem:          2.0G       1.9G        79M       548K       420K        26M
-/+ buffers/cache:       1.8G       106M
Swap:         8.0G       353M       7.7G

             total       used       free     shared    buffers     cached
Mem:          2.0G       1.9G        73M       548K       420K        28M
-/+ buffers/cache:       1.9G       101M
Swap:         8.0G       350M       7.7G

             total       used       free     shared    buffers     cached
Mem:          2.0G       1.9G        72M       548K       420K        28M
-/+ buffers/cache:       1.9G       101M
Swap:         8.0G       349M       7.7G

             total       used       free     shared    buffers     cached
Mem:          2.0G       1.9G        65M       548K       428K        31M
-/+ buffers/cache:       1.9G        97M
Swap:         8.0G       346M       7.7G

             total       used       free     shared    buffers     cached
Mem:          2.0G       1.9G        79M       548K        96K        26M
-/+ buffers/cache:       1.8G       106M
Swap:         8.0G       347M       7.7G

             total       used       free     shared    buffers     cached
Mem:          2.0G       1.9G        79M       548K        96K        26M
-/+ buffers/cache:       1.9G       105M
Swap:         8.0G       346M       7.7G

             total       used       free     shared    buffers     cached
Mem:          2.0G       1.9G        78M       548K        96K        26M
-/+ buffers/cache:       1.9G       105M
Swap:         8.0G       346M       7.7G

             total       used       free     shared    buffers     cached
Mem:          2.0G       1.9G        78M       548K        96K        26M
-/+ buffers/cache:       1.9G       104M
Swap:         8.0G       345M       7.7G

             total       used       free     shared    buffers     cached
Mem:          2.0G       1.9G        77M       548K        96K        26M
-/+ buffers/cache:       1.9G       104M
Swap:         8.0G       344M       7.7G

             total       used       free     shared    buffers     cached
Mem:          2.0G       1.9G        77M       548K       104K        26M
-/+ buffers/cache:       1.9G       103M
Swap:         8.0G       344M       7.7G

             total       used       free     shared    buffers     cached
Mem:          2.0G       1.9G        76M       548K       104K        26M
-/+ buffers/cache:       1.9G       103M
Swap:         8.0G       343M       7.7G

             total       used       free     shared    buffers     cached
Mem:          2.0G       1.9G        76M       548K       104K        26M
-/+ buffers/cache:       1.9G       102M
Swap:         8.0G       343M       7.7G

             total       used       free     shared    buffers     cached
Mem:          2.0G       1.9G        75M       548K       104K        26M
-/+ buffers/cache:       1.9G       102M
Swap:         8.0G       342M       7.7G

             total       used       free     shared    buffers     cached
Mem:          2.0G       1.9G        75M       548K       104K        26M
-/+ buffers/cache:       1.9G       101M
Swap:         8.0G       342M       7.7G

             total       used       free     shared    buffers     cached
Mem:          2.0G       1.9G        77M       616K       1.1M        36M
-/+ buffers/cache:       1.8G       115M
Swap:         8.0G       362M       7.6G

             total       used       free     shared    buffers     cached
Mem:          2.0G       1.9G        79M       4.3M       4.8M        56M
-/+ buffers/cache:       1.8G       141M
Swap:         8.0G       401M       7.6G

             total       used       free     shared    buffers     cached
Mem:          2.0G       1.9G        83M       660K       4.1M        60M
-/+ buffers/cache:       1.8G       148M
Swap:         8.0G       421M       7.6G

             total       used       free     shared    buffers     cached
Mem:          2.0G       1.9G        81M       636K       4.1M        61M
-/+ buffers/cache:       1.8G       146M
Swap:         8.0G       420M       7.6G

             total       used       free     shared    buffers     cached
Mem:          2.0G       1.9G        80M       636K       4.1M        61M
-/+ buffers/cache:       1.8G       145M
Swap:         8.0G       420M       7.6G

             total       used       free     shared    buffers     cached
Mem:          2.0G       1.9G        79M       636K       4.1M        61M
-/+ buffers/cache:       1.8G       144M
Swap:         8.0G       419M       7.6G

             total       used       free     shared    buffers     cached
Mem:          2.0G       1.9G        78M       636K       4.1M        61M
-/+ buffers/cache:       1.8G       143M
Swap:         8.0G       418M       7.6G

             total       used       free     shared    buffers     cached
Mem:          2.0G       1.9G        77M       636K       4.1M        61M
-/+ buffers/cache:       1.8G       142M
Swap:         8.0G       417M       7.6G

             total       used       free     shared    buffers     cached
Mem:          2.0G       1.9G        75M       636K       4.3M        62M
-/+ buffers/cache:       1.8G       141M
Swap:         8.0G       417M       7.6G

             total       used       free     shared    buffers     cached
Mem:          2.0G       1.9G        74M       636K       4.3M        62M
-/+ buffers/cache:       1.8G       140M
Swap:         8.0G       416M       7.6G

             total       used       free     shared    buffers     cached
Mem:          2.0G       1.9G        72M       636K       4.3M        62M
-/+ buffers/cache:       1.8G       139M
Swap:         8.0G       415M       7.6G

             total       used       free     shared    buffers     cached
Mem:          2.0G       1.9G        71M       636K       4.3M        62M
-/+ buffers/cache:       1.8G       138M
Swap:         8.0G       414M       7.6G

             total       used       free     shared    buffers     cached
Mem:          2.0G       1.9G        70M       636K       4.3M        62M
-/+ buffers/cache:       1.8G       137M
Swap:         8.0G       414M       7.6G

             total       used       free     shared    buffers     cached
Mem:          2.0G       1.9G        69M       636K       4.3M        62M
-/+ buffers/cache:       1.8G       136M
Swap:         8.0G       413M       7.6G

             total       used       free     shared    buffers     cached
Mem:          2.0G       1.9G        68M       636K       4.3M        62M
-/+ buffers/cache:       1.8G       135M
Swap:         8.0G       412M       7.6G

             total       used       free     shared    buffers     cached
Mem:          2.0G       1.9G        65M       636K       4.6M        63M
-/+ buffers/cache:       1.8G       133M
Swap:         8.0G       412M       7.6G

             total       used       free     shared    buffers     cached
Mem:          2.0G       1.9G        78M       640K       4.6M        62M
-/+ buffers/cache:       1.8G       146M
Swap:         8.0G       424M       7.6G

             total       used       free     shared    buffers     cached
Mem:          2.0G       1.9G        78M       636K       4.6M        62M
-/+ buffers/cache:       1.8G       145M
Swap:         8.0G       423M       7.6G

             total       used       free     shared    buffers     cached
Mem:          2.0G       1.9G        77M       636K       4.6M        62M
-/+ buffers/cache:       1.8G       144M
Swap:         8.0G       422M       7.6G

             total       used       free     shared    buffers     cached
Mem:          2.0G       1.9G        76M       636K       4.6M        62M
-/+ buffers/cache:       1.8G       143M
Swap:         8.0G       422M       7.6G

             total       used       free     shared    buffers     cached
Mem:          2.0G       1.9G        74M       636K       4.6M        62M
-/+ buffers/cache:       1.8G       142M
Swap:         8.0G       421M       7.6G

             total       used       free     shared    buffers     cached
Mem:          2.0G       1.9G        73M       636K       4.6M        62M
-/+ buffers/cache:       1.8G       140M
Swap:         8.0G       420M       7.6G

             total       used       free     shared    buffers     cached
Mem:          2.0G       1.9G        72M       636K       4.6M        63M
-/+ buffers/cache:       1.8G       139M
Swap:         8.0G       419M       7.6G

             total       used       free     shared    buffers     cached
Mem:          2.0G       1.9G        70M       636K       4.6M        63M
-/+ buffers/cache:       1.8G       138M
Swap:         8.0G       419M       7.6G

             total       used       free     shared    buffers     cached
Mem:          2.0G       1.9G        69M       636K       4.6M        63M
-/+ buffers/cache:       1.8G       137M
Swap:         8.0G       418M       7.6G

             total       used       free     shared    buffers     cached
Mem:          2.0G       1.9G        68M       636K       4.6M        63M
-/+ buffers/cache:       1.8G       136M
Swap:         8.0G       417M       7.6G

             total       used       free     shared    buffers     cached
Mem:          2.0G       1.9G        67M       636K       4.6M        63M
-/+ buffers/cache:       1.8G       135M
Swap:         8.0G       416M       7.6G

             total       used       free     shared    buffers     cached
Mem:          2.0G       1.9G        66M       636K       4.6M        63M
-/+ buffers/cache:       1.8G       134M
Swap:         8.0G       415M       7.6G

             total       used       free     shared    buffers     cached
Mem:          2.0G       1.9G        65M       636K       4.6M        63M
-/+ buffers/cache:       1.8G       132M
Swap:         8.0G       415M       7.6G

             total       used       free     shared    buffers     cached
Mem:          2.0G       1.9G        78M       636K       4.6M        62M
-/+ buffers/cache:       1.8G       145M
Swap:         8.0G       429M       7.6G

             total       used       free     shared    buffers     cached
Mem:          2.0G       1.9G        77M       636K       4.6M        62M
-/+ buffers/cache:       1.8G       144M
Swap:         8.0G       429M       7.6G

             total       used       free     shared    buffers     cached
Mem:          2.0G       1.9G        76M       636K       4.6M        62M
-/+ buffers/cache:       1.8G       143M
Swap:         8.0G       428M       7.6G

             total       used       free     shared    buffers     cached
Mem:          2.0G       1.9G        75M       636K       4.6M        62M
-/+ buffers/cache:       1.8G       142M
Swap:         8.0G       427M       7.6G

             total       used       free     shared    buffers     cached
Mem:          2.0G       1.9G        74M       636K       4.6M        62M
-/+ buffers/cache:       1.8G       141M
Swap:         8.0G       426M       7.6G

             total       used       free     shared    buffers     cached
Mem:          2.0G       1.9G        73M       636K       4.6M        62M
-/+ buffers/cache:       1.8G       140M
Swap:         8.0G       426M       7.6G

             total       used       free     shared    buffers     cached
Mem:          2.0G       1.9G        71M       636K       4.6M        62M
-/+ buffers/cache:       1.8G       139M
Swap:         8.0G       425M       7.6G

             total       used       free     shared    buffers     cached
Mem:          2.0G       1.9G        73M       704K       8.1M        73M
-/+ buffers/cache:       1.8G       155M
Swap:         8.0G       444M       7.6G

             total       used       free     shared    buffers     cached
Mem:          2.0G       1.9G        66M       688K       8.2M        74M
-/+ buffers/cache:       1.8G       149M
Swap:         8.0G       443M       7.6G
