             total       used       free     shared    buffers     cached
Mem:          992M       658M       333M       3.2M        38M       289M
-/+ buffers/cache:       330M       661M
Swap:         8.0G         0B       8.0G

             total       used       free     shared    buffers     cached
Mem:          992M       657M       334M       1.4M        38M       287M
-/+ buffers/cache:       331M       660M
Swap:         8.0G         0B       8.0G

             total       used       free     shared    buffers     cached
Mem:          992M       657M       334M       1.4M        38M       287M
-/+ buffers/cache:       331M       661M
Swap:         8.0G         0B       8.0G

             total       used       free     shared    buffers     cached
Mem:          992M       657M       334M       1.4M        38M       287M
-/+ buffers/cache:       331M       661M
Swap:         8.0G         0B       8.0G

             total       used       free     shared    buffers     cached
Mem:          992M       657M       334M       1.4M        38M       287M
-/+ buffers/cache:       331M       661M
Swap:         8.0G         0B       8.0G

             total       used       free     shared    buffers     cached
Mem:          992M       657M       334M       1.4M        38M       287M
-/+ buffers/cache:       331M       661M
Swap:         8.0G         0B       8.0G

             total       used       free     shared    buffers     cached
Mem:          992M       657M       334M       1.4M        38M       287M
-/+ buffers/cache:       331M       661M
Swap:         8.0G         0B       8.0G

             total       used       free     shared    buffers     cached
Mem:          992M       657M       335M       1.4M        38M       287M
-/+ buffers/cache:       330M       661M
Swap:         8.0G         0B       8.0G

             total       used       free     shared    buffers     cached
Mem:          992M       656M       335M       1.4M        38M       288M
-/+ buffers/cache:       330M       661M
Swap:         8.0G         0B       8.0G

             total       used       free     shared    buffers     cached
Mem:          992M       656M       335M       1.4M        38M       288M
-/+ buffers/cache:       330M       661M
Swap:         8.0G         0B       8.0G

             total       used       free     shared    buffers     cached
Mem:          992M       660M       331M       1.4M        38M       288M
-/+ buffers/cache:       333M       658M
Swap:         8.0G         0B       8.0G

             total       used       free     shared    buffers     cached
Mem:          992M       679M       312M       1.4M        38M       288M
-/+ buffers/cache:       352M       639M
Swap:         8.0G         0B       8.0G

             total       used       free     shared    buffers     cached
Mem:          992M       666M       326M       1.4M        38M       289M
-/+ buffers/cache:       338M       654M
Swap:         8.0G         0B       8.0G

             total       used       free     shared    buffers     cached
Mem:          992M       666M       325M       1.4M        38M       289M
-/+ buffers/cache:       338M       653M
Swap:         8.0G         0B       8.0G

             total       used       free     shared    buffers     cached
Mem:          992M       666M       325M       1.4M        38M       289M
-/+ buffers/cache:       338M       653M
Swap:         8.0G         0B       8.0G

             total       used       free     shared    buffers     cached
Mem:          992M       666M       325M       1.4M        38M       289M
-/+ buffers/cache:       338M       653M
Swap:         8.0G         0B       8.0G

             total       used       free     shared    buffers     cached
Mem:          992M       666M       325M       1.4M        38M       289M
-/+ buffers/cache:       338M       653M
Swap:         8.0G         0B       8.0G

             total       used       free     shared    buffers     cached
Mem:          992M       666M       325M       1.4M        38M       289M
-/+ buffers/cache:       338M       653M
Swap:         8.0G         0B       8.0G

             total       used       free     shared    buffers     cached
Mem:          992M       666M       325M       1.4M        38M       289M
-/+ buffers/cache:       338M       653M
Swap:         8.0G         0B       8.0G

             total       used       free     shared    buffers     cached
Mem:          992M       666M       325M       1.4M        38M       289M
-/+ buffers/cache:       338M       653M
Swap:         8.0G         0B       8.0G

             total       used       free     shared    buffers     cached
Mem:          992M       666M       325M       1.4M        38M       289M
-/+ buffers/cache:       338M       653M
Swap:         8.0G         0B       8.0G

             total       used       free     shared    buffers     cached
Mem:          992M       666M       325M       1.4M        38M       289M
-/+ buffers/cache:       338M       653M
Swap:         8.0G         0B       8.0G

             total       used       free     shared    buffers     cached
Mem:          992M       666M       325M       1.4M        38M       289M
-/+ buffers/cache:       338M       653M
Swap:         8.0G         0B       8.0G

             total       used       free     shared    buffers     cached
Mem:          992M       666M       325M       1.4M        38M       289M
-/+ buffers/cache:       338M       653M
Swap:         8.0G         0B       8.0G

             total       used       free     shared    buffers     cached
Mem:          992M       666M       325M       1.4M        38M       289M
-/+ buffers/cache:       338M       653M
Swap:         8.0G         0B       8.0G

             total       used       free     shared    buffers     cached
Mem:          992M       666M       325M       1.4M        38M       289M
-/+ buffers/cache:       338M       653M
Swap:         8.0G         0B       8.0G

             total       used       free     shared    buffers     cached
Mem:          992M       666M       325M       1.4M        38M       289M
-/+ buffers/cache:       338M       653M
Swap:         8.0G         0B       8.0G

             total       used       free     shared    buffers     cached
Mem:          992M       666M       325M       1.4M        38M       289M
-/+ buffers/cache:       338M       653M
Swap:         8.0G         0B       8.0G

             total       used       free     shared    buffers     cached
Mem:          992M       666M       325M       1.4M        38M       289M
-/+ buffers/cache:       338M       653M
Swap:         8.0G         0B       8.0G

             total       used       free     shared    buffers     cached
Mem:          992M       666M       325M       1.4M        38M       289M
-/+ buffers/cache:       338M       653M
Swap:         8.0G         0B       8.0G

             total       used       free     shared    buffers     cached
Mem:          992M       666M       325M       1.4M        38M       289M
-/+ buffers/cache:       338M       653M
Swap:         8.0G         0B       8.0G

             total       used       free     shared    buffers     cached
Mem:          992M       666M       325M       1.4M        38M       289M
-/+ buffers/cache:       338M       653M
Swap:         8.0G         0B       8.0G

             total       used       free     shared    buffers     cached
Mem:          992M       666M       325M       1.4M        38M       289M
-/+ buffers/cache:       338M       653M
Swap:         8.0G         0B       8.0G

             total       used       free     shared    buffers     cached
Mem:          992M       672M       320M       1.4M        38M       289M
-/+ buffers/cache:       343M       648M
Swap:         8.0G         0B       8.0G

             total       used       free     shared    buffers     cached
Mem:          992M       691M       301M       1.4M        38M       289M
-/+ buffers/cache:       362M       629M
Swap:         8.0G         0B       8.0G

             total       used       free     shared    buffers     cached
Mem:          992M       710M       281M       1.4M        38M       289M
-/+ buffers/cache:       382M       610M
Swap:         8.0G         0B       8.0G

             total       used       free     shared    buffers     cached
Mem:          992M       725M       267M       1.4M        38M       289M
-/+ buffers/cache:       396M       595M
Swap:         8.0G         0B       8.0G

             total       used       free     shared    buffers     cached
Mem:          992M       740M       252M       1.4M        38M       289M
-/+ buffers/cache:       411M       580M
Swap:         8.0G         0B       8.0G

             total       used       free     shared    buffers     cached
Mem:          992M       754M       238M       1.4M        38M       289M
-/+ buffers/cache:       425M       566M
Swap:         8.0G         0B       8.0G

             total       used       free     shared    buffers     cached
Mem:          992M       768M       223M       1.4M        38M       289M
-/+ buffers/cache:       439M       552M
Swap:         8.0G         0B       8.0G

             total       used       free     shared    buffers     cached
Mem:          992M       780M       211M       1.4M        38M       289M
-/+ buffers/cache:       452M       539M
Swap:         8.0G         0B       8.0G

             total       used       free     shared    buffers     cached
Mem:          992M       799M       192M       1.4M        38M       289M
-/+ buffers/cache:       471M       520M
Swap:         8.0G         0B       8.0G

             total       used       free     shared    buffers     cached
Mem:          992M       818M       173M       1.4M        38M       289M
-/+ buffers/cache:       490M       501M
Swap:         8.0G         0B       8.0G

             total       used       free     shared    buffers     cached
Mem:          992M       839M       152M       1.4M        38M       289M
-/+ buffers/cache:       511M       480M
Swap:         8.0G         0B       8.0G

             total       used       free     shared    buffers     cached
Mem:          992M       853M       138M       1.4M        38M       289M
-/+ buffers/cache:       525M       466M
Swap:         8.0G         0B       8.0G

             total       used       free     shared    buffers     cached
Mem:          992M       869M       123M       1.4M        38M       289M
-/+ buffers/cache:       540M       451M
Swap:         8.0G         0B       8.0G

             total       used       free     shared    buffers     cached
Mem:          992M       888M       103M       1.4M        38M       289M
-/+ buffers/cache:       560M       431M
Swap:         8.0G         0B       8.0G

             total       used       free     shared    buffers     cached
Mem:          992M       903M        88M       1.4M        38M       289M
-/+ buffers/cache:       575M       416M
Swap:         8.0G         0B       8.0G

             total       used       free     shared    buffers     cached
Mem:          992M       923M        69M       1.4M        38M       289M
-/+ buffers/cache:       594M       397M
Swap:         8.0G         0B       8.0G

             total       used       free     shared    buffers     cached
Mem:          992M       922M        69M       1.4M        20M       288M
-/+ buffers/cache:       614M       377M
Swap:         8.0G         0B       8.0G

             total       used       free     shared    buffers     cached
Mem:          992M       926M        65M       1.4M        10M       283M
-/+ buffers/cache:       632M       359M
Swap:         8.0G         0B       8.0G

             total       used       free     shared    buffers     cached
Mem:          992M       927M        64M       1.4M        10M       266M
-/+ buffers/cache:       650M       341M
Swap:         8.0G       108K       8.0G

             total       used       free     shared    buffers     cached
Mem:          992M       926M        65M       1.3M       9.6M       246M
-/+ buffers/cache:       669M       322M
Swap:         8.0G       408K       8.0G

             total       used       free     shared    buffers     cached
Mem:          992M       928M        63M       1.2M       9.6M       232M
-/+ buffers/cache:       686M       306M
Swap:         8.0G       4.6M       8.0G

             total       used       free     shared    buffers     cached
Mem:          992M       918M        73M       1.2M       9.6M       208M
-/+ buffers/cache:       699M       292M
Swap:         8.0G       8.9M       8.0G

             total       used       free     shared    buffers     cached
Mem:          992M       908M        83M       1.2M       1.8M       191M
-/+ buffers/cache:       715M       276M
Swap:         8.0G       8.9M       8.0G

             total       used       free     shared    buffers     cached
Mem:          992M       924M        67M       1.2M       1.8M       191M
-/+ buffers/cache:       731M       260M
Swap:         8.0G       8.9M       8.0G

             total       used       free     shared    buffers     cached
Mem:          992M       923M        68M       1.2M       340K       176M
-/+ buffers/cache:       746M       245M
Swap:         8.0G       8.9M       8.0G

             total       used       free     shared    buffers     cached
Mem:          992M       915M        76M       1.2M       224K       155M
-/+ buffers/cache:       759M       233M
Swap:         8.0G       8.9M       8.0G

             total       used       free     shared    buffers     cached
Mem:          992M       929M        63M       1.2M       224K       155M
-/+ buffers/cache:       772M       219M
Swap:         8.0G       8.9M       8.0G

             total       used       free     shared    buffers     cached
Mem:          992M       920M        72M       1.2M       224K       137M
-/+ buffers/cache:       782M       209M
Swap:         8.0G       8.9M       8.0G

             total       used       free     shared    buffers     cached
Mem:          992M       915M        76M       1.2M        96K       121M
-/+ buffers/cache:       794M       197M
Swap:         8.0G       8.9M       8.0G

             total       used       free     shared    buffers     cached
Mem:          992M       914M        77M       1.2M       252K       106M
-/+ buffers/cache:       807M       184M
Swap:         8.0G       8.9M       8.0G

             total       used       free     shared    buffers     cached
Mem:          992M       914M        77M       1.2M       264K        94M
-/+ buffers/cache:       819M       172M
Swap:         8.0G       8.9M       8.0G

             total       used       free     shared    buffers     cached
Mem:          992M       916M        75M       1.2M       264K        82M
-/+ buffers/cache:       833M       158M
Swap:         8.0G       8.9M       8.0G

             total       used       free     shared    buffers     cached
Mem:          992M       916M        75M       1.2M       264K        68M
-/+ buffers/cache:       847M       144M
Swap:         8.0G       8.9M       8.0G

             total       used       free     shared    buffers     cached
Mem:          992M       920M        72M       1.2M       264K        58M
-/+ buffers/cache:       861M       130M
Swap:         8.0G       8.9M       8.0G

             total       used       free     shared    buffers     cached
Mem:          992M       920M        72M       1.2M       276K        45M
-/+ buffers/cache:       874M       117M
Swap:         8.0G       8.9M       8.0G

             total       used       free     shared    buffers     cached
Mem:          992M       913M        78M       1.2M       412K        26M
-/+ buffers/cache:       886M       105M
Swap:         8.0G       8.9M       8.0G

             total       used       free     shared    buffers     cached
Mem:          992M       917M        74M       1.2M       412K        15M
-/+ buffers/cache:       902M        90M
Swap:         8.0G       8.9M       8.0G

             total       used       free     shared    buffers     cached
Mem:          992M       916M        75M       1.0M       2.8M        13M
-/+ buffers/cache:       900M        91M
Swap:         8.0G        26M       8.0G

             total       used       free     shared    buffers     cached
Mem:          992M       916M        75M       716K       2.8M        12M
-/+ buffers/cache:       901M        91M
Swap:         8.0G        38M       8.0G

             total       used       free     shared    buffers     cached
Mem:          992M       915M        77M       712K       336K       9.8M
-/+ buffers/cache:       904M        87M
Swap:         8.0G        56M       7.9G

             total       used       free     shared    buffers     cached
Mem:          992M       915M        77M       708K        96K       6.0M
-/+ buffers/cache:       909M        83M
Swap:         8.0G        62M       7.9G

             total       used       free     shared    buffers     cached
Mem:          992M       929M        62M       708K        96K       5.5M
-/+ buffers/cache:       923M        68M
Swap:         8.0G        62M       7.9G

             total       used       free     shared    buffers     cached
Mem:          992M       942M        49M       708K       112K       5.5M
-/+ buffers/cache:       936M        55M
Swap:         8.0G        62M       7.9G

             total       used       free     shared    buffers     cached
Mem:          992M       942M        49M       708K       112K       5.5M
-/+ buffers/cache:       936M        55M
Swap:         8.0G        77M       7.9G

             total       used       free     shared    buffers     cached
Mem:          992M       931M        60M       688K       112K       5.5M
-/+ buffers/cache:       926M        66M
Swap:         8.0G       116M       7.9G

             total       used       free     shared    buffers     cached
Mem:          992M       927M        64M       592K       120K       5.4M
-/+ buffers/cache:       922M        69M
Swap:         8.0G       165M       7.8G

             total       used       free     shared    buffers     cached
Mem:          992M       905M        86M       592K       108K       3.0M
-/+ buffers/cache:       902M        89M
Swap:         8.0G       166M       7.8G

             total       used       free     shared    buffers     cached
Mem:          992M       920M        72M       592K       372K       3.2M
-/+ buffers/cache:       916M        75M
Swap:         8.0G       166M       7.8G

             total       used       free     shared    buffers     cached
Mem:          992M       922M        69M       592K       372K       3.2M
-/+ buffers/cache:       919M        72M
Swap:         8.0G       166M       7.8G

             total       used       free     shared    buffers     cached
Mem:          992M       912M        79M       592K       372K       2.8M
-/+ buffers/cache:       909M        83M
Swap:         8.0G       207M       7.8G

             total       used       free     shared    buffers     cached
Mem:          992M       925M        66M       580K       380K       2.8M
-/+ buffers/cache:       922M        69M
Swap:         8.0G       207M       7.8G

             total       used       free     shared    buffers     cached
Mem:          992M       929M        62M       580K       380K       2.8M
-/+ buffers/cache:       926M        66M
Swap:         8.0G       207M       7.8G

             total       used       free     shared    buffers     cached
Mem:          992M       920M        71M       580K       380K       2.9M
-/+ buffers/cache:       917M        74M
Swap:         8.0G       227M       7.8G

             total       used       free     shared    buffers     cached
Mem:          992M       918M        73M       580K       376K       2.8M
-/+ buffers/cache:       915M        77M
Swap:         8.0G       246M       7.8G

             total       used       free     shared    buffers     cached
Mem:          992M       923M        68M       548K       376K       2.7M
-/+ buffers/cache:       920M        71M
Swap:         8.0G       252M       7.8G

             total       used       free     shared    buffers     cached
Mem:          992M       925M        66M       548K       348K       2.5M
-/+ buffers/cache:       923M        69M
Swap:         8.0G       257M       7.7G

             total       used       free     shared    buffers     cached
Mem:          992M       920M        71M       548K       356K       2.5M
-/+ buffers/cache:       917M        74M
Swap:         8.0G       275M       7.7G

             total       used       free     shared    buffers     cached
Mem:          992M       928M        63M       548K       356K       2.5M
-/+ buffers/cache:       925M        66M
Swap:         8.0G       275M       7.7G

             total       used       free     shared    buffers     cached
Mem:          992M       921M        70M       548K       328K       2.3M
-/+ buffers/cache:       919M        73M
Swap:         8.0G       287M       7.7G

             total       used       free     shared    buffers     cached
Mem:          992M       927M        64M       548K       328K       2.3M
-/+ buffers/cache:       924M        67M
Swap:         8.0G       287M       7.7G

             total       used       free     shared    buffers     cached
Mem:          992M       920M        71M       548K       328K       2.3M
-/+ buffers/cache:       918M        73M
Swap:         8.0G       303M       7.7G

             total       used       free     shared    buffers     cached
Mem:          992M       926M        65M       548K       336K       2.2M
-/+ buffers/cache:       924M        68M
Swap:         8.0G       303M       7.7G

             total       used       free     shared    buffers     cached
Mem:          992M       919M        72M       548K       336K       2.3M
-/+ buffers/cache:       917M        75M
Swap:         8.0G       312M       7.7G

             total       used       free     shared    buffers     cached
Mem:          992M       924M        67M       540K       336K       2.3M
-/+ buffers/cache:       921M        70M
Swap:         8.0G       312M       7.7G

             total       used       free     shared    buffers     cached
Mem:          992M       928M        63M       540K       336K       2.3M
-/+ buffers/cache:       926M        66M
Swap:         8.0G       312M       7.7G

             total       used       free     shared    buffers     cached
Mem:          992M       926M        65M        20K       336K       6.9M
-/+ buffers/cache:       919M        72M
Swap:         8.0G       334M       7.7G

             total       used       free     shared    buffers     cached
Mem:          992M       877M       114M         8K       280K        11M
-/+ buffers/cache:       865M       127M
Swap:         8.0G       435M       7.6G

             total       used       free     shared    buffers     cached
Mem:          992M       889M       102M         8K       596K        13M
-/+ buffers/cache:       875M       116M
Swap:         8.0G       421M       7.6G

             total       used       free     shared    buffers     cached
Mem:          992M       916M        75M         8K       496K        10M
-/+ buffers/cache:       905M        87M
Swap:         8.0G       361M       7.6G

             total       used       free     shared    buffers     cached
Mem:          992M       923M        69M         8K        84K       3.4M
-/+ buffers/cache:       919M        72M
Swap:         8.0G       332M       7.7G

             total       used       free     shared    buffers     cached
Mem:          992M       924M        67M         0B        88K       540K
-/+ buffers/cache:       923M        68M
Swap:         8.0G       330M       7.7G

             total       used       free     shared    buffers     cached
Mem:          992M       921M        70M         0B       236K       5.6M
-/+ buffers/cache:       915M        76M
Swap:         8.0G       340M       7.7G

             total       used       free     shared    buffers     cached
Mem:          992M       920M        72M         0B       244K       5.9M
-/+ buffers/cache:       913M        78M
Swap:         8.0G       338M       7.7G

             total       used       free     shared    buffers     cached
Mem:          992M       920M        71M         0B       248K       5.8M
-/+ buffers/cache:       914M        77M
Swap:         8.0G       343M       7.7G

             total       used       free     shared    buffers     cached
Mem:          992M       921M        70M         0B        76K       5.1M
-/+ buffers/cache:       916M        76M
Swap:         8.0G       345M       7.7G

             total       used       free     shared    buffers     cached
Mem:          992M       919M        72M         0B        76K       3.0M
-/+ buffers/cache:       916M        76M
Swap:         8.0G       348M       7.7G

             total       used       free     shared    buffers     cached
Mem:          992M       921M        70M         0B        76K       1.5M
-/+ buffers/cache:       919M        72M
Swap:         8.0G       349M       7.7G

             total       used       free     shared    buffers     cached
Mem:          992M       919M        72M         0B        84K       1.4M
-/+ buffers/cache:       918M        73M
Swap:         8.0G       359M       7.6G

             total       used       free     shared    buffers     cached
Mem:          992M       920M        71M         0B        84K       1.9M
-/+ buffers/cache:       918M        73M
Swap:         8.0G       350M       7.7G

             total       used       free     shared    buffers     cached
Mem:          992M       921M        70M         0B       100K        24M
-/+ buffers/cache:       896M        95M
Swap:         8.0G       387M       7.6G

             total       used       free     shared    buffers     cached
Mem:          992M       916M        76M        16K       176K        10M
-/+ buffers/cache:       905M        86M
Swap:         8.0G       382M       7.6G

             total       used       free     shared    buffers     cached
Mem:          992M       920M        71M        16K       472K        10M
-/+ buffers/cache:       909M        82M
Swap:         8.0G       380M       7.6G

             total       used       free     shared    buffers     cached
Mem:          992M       927M        64M        16K       472K        10M
-/+ buffers/cache:       916M        75M
Swap:         8.0G       378M       7.6G

             total       used       free     shared    buffers     cached
Mem:          992M       922M        69M        16K       472K       5.9M
-/+ buffers/cache:       915M        76M
Swap:         8.0G       380M       7.6G

             total       used       free     shared    buffers     cached
Mem:          992M       928M        64M        16K       472K       5.9M
-/+ buffers/cache:       921M        70M
Swap:         8.0G       380M       7.6G

             total       used       free     shared    buffers     cached
Mem:          992M       920M        71M        16K       472K       5.0M
-/+ buffers/cache:       915M        77M
Swap:         8.0G       394M       7.6G

             total       used       free     shared    buffers     cached
Mem:          992M       924M        67M        16K       480K       5.0M
-/+ buffers/cache:       919M        72M
Swap:         8.0G       394M       7.6G

             total       used       free     shared    buffers     cached
Mem:          992M       930M        61M        16K       480K       4.9M
-/+ buffers/cache:       925M        66M
Swap:         8.0G       394M       7.6G

             total       used       free     shared    buffers     cached
Mem:          992M       916M        75M        16K       480K       4.2M
-/+ buffers/cache:       911M        80M
Swap:         8.0G       407M       7.6G

             total       used       free     shared    buffers     cached
Mem:          992M       921M        70M        16K       480K       4.2M
-/+ buffers/cache:       916M        75M
Swap:         8.0G       407M       7.6G

             total       used       free     shared    buffers     cached
Mem:          992M       924M        67M        16K       480K       4.1M
-/+ buffers/cache:       920M        71M
Swap:         8.0G       407M       7.6G

             total       used       free     shared    buffers     cached
Mem:          992M       927M        64M        16K       480K       4.1M
-/+ buffers/cache:       922M        69M
Swap:         8.0G       406M       7.6G

             total       used       free     shared    buffers     cached
Mem:          992M       929M        62M        16K       488K       4.1M
-/+ buffers/cache:       924M        67M
Swap:         8.0G       405M       7.6G

             total       used       free     shared    buffers     cached
Mem:          992M       918M        73M        16K       476K       3.4M
-/+ buffers/cache:       914M        77M
Swap:         8.0G       419M       7.6G

             total       used       free     shared    buffers     cached
Mem:          992M       920M        71M        16K       476K       3.5M
-/+ buffers/cache:       916M        75M
Swap:         8.0G       418M       7.6G

             total       used       free     shared    buffers     cached
Mem:          992M       922M        69M        16K       476K       3.5M
-/+ buffers/cache:       918M        73M
Swap:         8.0G       417M       7.6G

             total       used       free     shared    buffers     cached
Mem:          992M       925M        66M        16K       488K       3.8M
-/+ buffers/cache:       921M        70M
Swap:         8.0G       416M       7.6G

             total       used       free     shared    buffers     cached
Mem:          992M       928M        63M        16K       496K       4.0M
-/+ buffers/cache:       924M        68M
Swap:         8.0G       415M       7.6G

             total       used       free     shared    buffers     cached
Mem:          992M       930M        61M        16K       496K       4.0M
-/+ buffers/cache:       926M        65M
Swap:         8.0G       414M       7.6G

             total       used       free     shared    buffers     cached
Mem:          992M       917M        74M        16K       492K       3.5M
-/+ buffers/cache:       913M        78M
Swap:         8.0G       429M       7.6G

             total       used       free     shared    buffers     cached
Mem:          992M       920M        71M        16K       492K       3.5M
-/+ buffers/cache:       916M        75M
Swap:         8.0G       428M       7.6G

             total       used       free     shared    buffers     cached
Mem:          992M       922M        69M        16K       492K       3.4M
-/+ buffers/cache:       918M        73M
Swap:         8.0G       427M       7.6G

             total       used       free     shared    buffers     cached
Mem:          992M       924M        67M        16K       500K       3.5M
-/+ buffers/cache:       920M        71M
Swap:         8.0G       426M       7.6G

             total       used       free     shared    buffers     cached
Mem:          992M       926M        65M        16K       500K       3.5M
-/+ buffers/cache:       922M        69M
Swap:         8.0G       425M       7.6G

             total       used       free     shared    buffers     cached
Mem:          992M       929M        63M        16K       500K       3.4M
-/+ buffers/cache:       925M        66M
Swap:         8.0G       424M       7.6G

             total       used       free     shared    buffers     cached
Mem:          992M       919M        72M        16K       500K       3.4M
-/+ buffers/cache:       916M        76M
Swap:         8.0G       429M       7.6G

             total       used       free     shared    buffers     cached
Mem:          992M       921M        70M        16K       500K       3.4M
-/+ buffers/cache:       918M        74M
Swap:         8.0G       428M       7.6G

             total       used       free     shared    buffers     cached
Mem:          992M       924M        67M        16K       500K       3.5M
-/+ buffers/cache:       920M        71M
Swap:         8.0G       427M       7.6G

             total       used       free     shared    buffers     cached
Mem:          992M       926M        65M        16K       508K       3.5M
-/+ buffers/cache:       922M        69M
Swap:         8.0G       426M       7.6G

             total       used       free     shared    buffers     cached
Mem:          992M       928M        63M        16K       508K       3.5M
-/+ buffers/cache:       924M        67M
Swap:         8.0G       425M       7.6G

             total       used       free     shared    buffers     cached
Mem:          992M       931M        60M        16K       508K       3.5M
-/+ buffers/cache:       927M        64M
Swap:         8.0G       424M       7.6G

             total       used       free     shared    buffers     cached
Mem:          992M       916M        75M        16K       408K       3.4M
-/+ buffers/cache:       912M        79M
Swap:         8.0G       443M       7.6G

             total       used       free     shared    buffers     cached
Mem:          992M       918M        73M        16K       408K       3.5M
-/+ buffers/cache:       914M        77M
Swap:         8.0G       442M       7.6G

             total       used       free     shared    buffers     cached
Mem:          992M       920M        71M        16K       416K       3.4M
-/+ buffers/cache:       916M        75M
Swap:         8.0G       441M       7.6G

             total       used       free     shared    buffers     cached
Mem:          992M       922M        69M        16K       416K       3.4M
-/+ buffers/cache:       919M        73M
Swap:         8.0G       440M       7.6G

             total       used       free     shared    buffers     cached
Mem:          992M       925M        66M        16K       416K       3.5M
-/+ buffers/cache:       921M        70M
Swap:         8.0G       439M       7.6G

             total       used       free     shared    buffers     cached
Mem:          992M       928M        64M        16K       416K       3.4M
-/+ buffers/cache:       924M        67M
Swap:         8.0G       438M       7.6G

             total       used       free     shared    buffers     cached
Mem:          992M       930M        61M        16K       416K       3.4M
-/+ buffers/cache:       926M        65M
Swap:         8.0G       437M       7.6G

             total       used       free     shared    buffers     cached
Mem:          992M       918M        73M        16K       240K       3.4M
-/+ buffers/cache:       915M        77M
Swap:         8.0G       447M       7.6G

             total       used       free     shared    buffers     cached
Mem:          992M       921M        71M        16K       240K       3.4M
-/+ buffers/cache:       917M        74M
Swap:         8.0G       446M       7.6G

             total       used       free     shared    buffers     cached
Mem:          992M       923M        68M        16K       240K       3.4M
-/+ buffers/cache:       919M        72M
Swap:         8.0G       445M       7.6G

             total       used       free     shared    buffers     cached
Mem:          992M       926M        66M        16K       240K       3.4M
-/+ buffers/cache:       922M        69M
Swap:         8.0G       444M       7.6G

             total       used       free     shared    buffers     cached
Mem:          992M       928M        63M        16K       240K       3.4M
-/+ buffers/cache:       925M        67M
Swap:         8.0G       443M       7.6G

             total       used       free     shared    buffers     cached
Mem:          992M       931M        60M        16K       240K       3.4M
-/+ buffers/cache:       927M        64M
Swap:         8.0G       442M       7.6G

             total       used       free     shared    buffers     cached
Mem:          992M       931M        60M        16K       236K        18M
-/+ buffers/cache:       912M        79M
Swap:         8.0G       452M       7.6G

             total       used       free     shared    buffers     cached
Mem:          992M       920M        71M        16K       552K        21M
-/+ buffers/cache:       899M        92M
Swap:         8.0G       462M       7.5G

             total       used       free     shared    buffers     cached
Mem:          992M       923M        68M        16K       552K        20M
-/+ buffers/cache:       901M        90M
Swap:         8.0G       461M       7.5G

             total       used       free     shared    buffers     cached
Mem:          992M       925M        66M        16K       552K        21M
-/+ buffers/cache:       904M        87M
Swap:         8.0G       460M       7.5G

             total       used       free     shared    buffers     cached
Mem:          992M       927M        64M        16K       556K        21M
-/+ buffers/cache:       906M        85M
Swap:         8.0G       459M       7.5G

             total       used       free     shared    buffers     cached
Mem:          992M       930M        61M        16K       572K        21M
-/+ buffers/cache:       908M        83M
Swap:         8.0G       458M       7.5G

             total       used       free     shared    buffers     cached
Mem:          992M       916M        75M        16K       572K        19M
-/+ buffers/cache:       895M        96M
Swap:         8.0G       468M       7.5G

             total       used       free     shared    buffers     cached
Mem:          992M       918M        73M        16K       572K        19M
-/+ buffers/cache:       898M        93M
Swap:         8.0G       467M       7.5G

             total       used       free     shared    buffers     cached
Mem:          992M       921M        70M        16K       572K        19M
-/+ buffers/cache:       900M        91M
Swap:         8.0G       466M       7.5G

             total       used       free     shared    buffers     cached
Mem:          992M       923M        68M        16K       572K        19M
-/+ buffers/cache:       903M        88M
Swap:         8.0G       465M       7.5G

             total       used       free     shared    buffers     cached
Mem:          992M       925M        66M        16K       580K        19M
-/+ buffers/cache:       905M        86M
Swap:         8.0G       464M       7.5G

             total       used       free     shared    buffers     cached
Mem:          992M       928M        64M        16K       580K        19M
-/+ buffers/cache:       907M        84M
Swap:         8.0G       463M       7.5G

             total       used       free     shared    buffers     cached
Mem:          992M       930M        61M        16K       580K        19M
-/+ buffers/cache:       909M        82M
Swap:         8.0G       462M       7.5G

             total       used       free     shared    buffers     cached
Mem:          992M       915M        76M        16K       532K        17M
-/+ buffers/cache:       896M        95M
Swap:         8.0G       484M       7.5G

             total       used       free     shared    buffers     cached
Mem:          992M       917M        74M        16K       532K        17M
-/+ buffers/cache:       899M        93M
Swap:         8.0G       483M       7.5G

             total       used       free     shared    buffers     cached
Mem:          992M       919M        72M        16K       532K        17M
-/+ buffers/cache:       901M        90M
Swap:         8.0G       482M       7.5G

             total       used       free     shared    buffers     cached
Mem:          992M       922M        70M        16K       540K        17M
-/+ buffers/cache:       903M        88M
Swap:         8.0G       481M       7.5G

             total       used       free     shared    buffers     cached
Mem:          992M       924M        68M        16K       540K        17M
-/+ buffers/cache:       905M        86M
Swap:         8.0G       480M       7.5G

             total       used       free     shared    buffers     cached
Mem:          992M       926M        65M        16K       540K        17M
-/+ buffers/cache:       907M        84M
Swap:         8.0G       479M       7.5G

             total       used       free     shared    buffers     cached
Mem:          992M       928M        63M        16K       540K        17M
-/+ buffers/cache:       910M        81M
Swap:         8.0G       478M       7.5G

             total       used       free     shared    buffers     cached
Mem:          992M       930M        61M        16K       540K        17M
-/+ buffers/cache:       912M        80M
Swap:         8.0G       477M       7.5G

             total       used       free     shared    buffers     cached
Mem:          992M       918M        73M        16K       548K        16M
-/+ buffers/cache:       901M        90M
Swap:         8.0G       485M       7.5G

             total       used       free     shared    buffers     cached
Mem:          992M       919M        72M        16K       992K        24M
-/+ buffers/cache:       894M        98M
Swap:         8.0G       491M       7.5G

             total       used       free     shared    buffers     cached
Mem:          992M       921M        70M        28K       992K        26M
-/+ buffers/cache:       894M        97M
Swap:         8.0G       490M       7.5G

             total       used       free     shared    buffers     cached
Mem:          992M       923M        68M        28K       992K        26M
-/+ buffers/cache:       896M        95M
Swap:         8.0G       490M       7.5G

             total       used       free     shared    buffers     cached
Mem:          992M       924M        67M        28K       992K        26M
-/+ buffers/cache:       897M        94M
Swap:         8.0G       489M       7.5G

             total       used       free     shared    buffers     cached
Mem:          992M       926M        65M        28K       1.0M        26M
-/+ buffers/cache:       899M        93M
Swap:         8.0G       488M       7.5G

             total       used       free     shared    buffers     cached
Mem:          992M       927M        64M        28K       1.0M        26M
-/+ buffers/cache:       900M        91M
Swap:         8.0G       488M       7.5G

             total       used       free     shared    buffers     cached
Mem:          992M       928M        63M        28K       1.0M        26M
-/+ buffers/cache:       901M        90M
Swap:         8.0G       487M       7.5G

             total       used       free     shared    buffers     cached
Mem:          992M       930M        61M        28K       1.0M        26M
-/+ buffers/cache:       903M        88M
Swap:         8.0G       487M       7.5G

             total       used       free     shared    buffers     cached
Mem:          992M       931M        60M        28K       1.0M        26M
-/+ buffers/cache:       904M        87M
Swap:         8.0G       486M       7.5G

             total       used       free     shared    buffers     cached
Mem:          992M       914M        77M        28K       1.0M        24M
-/+ buffers/cache:       888M       103M
Swap:         8.0G       502M       7.5G

             total       used       free     shared    buffers     cached
Mem:          992M       917M        74M        28K       1.0M        25M
-/+ buffers/cache:       891M       100M
Swap:         8.0G       501M       7.5G

             total       used       free     shared    buffers     cached
Mem:          992M       919M        73M        28K       1.0M        25M
-/+ buffers/cache:       892M        99M
Swap:         8.0G       500M       7.5G

             total       used       free     shared    buffers     cached
Mem:          992M       920M        71M        28K       1.0M        25M
-/+ buffers/cache:       893M        98M
Swap:         8.0G       500M       7.5G

             total       used       free     shared    buffers     cached
Mem:          992M       921M        70M        28K       1.0M        25M
-/+ buffers/cache:       894M        97M
Swap:         8.0G       499M       7.5G

             total       used       free     shared    buffers     cached
Mem:          992M       922M        69M        28K       1.0M        25M
-/+ buffers/cache:       895M        96M
Swap:         8.0G       498M       7.5G

             total       used       free     shared    buffers     cached
Mem:          992M       924M        68M        28K       1.0M        25M
-/+ buffers/cache:       897M        94M
Swap:         8.0G       498M       7.5G

             total       used       free     shared    buffers     cached
Mem:          992M       925M        66M        28K       1.0M        25M
-/+ buffers/cache:       898M        93M
Swap:         8.0G       497M       7.5G

             total       used       free     shared    buffers     cached
Mem:          992M       926M        65M        28K       1.0M        25M
-/+ buffers/cache:       899M        92M
Swap:         8.0G       496M       7.5G

             total       used       free     shared    buffers     cached
Mem:          992M       927M        64M        28K       1.0M        25M
-/+ buffers/cache:       901M        91M
Swap:         8.0G       496M       7.5G

             total       used       free     shared    buffers     cached
Mem:          992M       929M        63M        28K       1.0M        25M
-/+ buffers/cache:       902M        89M
Swap:         8.0G       495M       7.5G

             total       used       free     shared    buffers     cached
Mem:          992M       930M        61M        28K       1.0M        25M
-/+ buffers/cache:       903M        88M
Swap:         8.0G       494M       7.5G

             total       used       free     shared    buffers     cached
Mem:          992M       918M        73M        28K       816K        25M
-/+ buffers/cache:       892M        99M
Swap:         8.0G       499M       7.5G

             total       used       free     shared    buffers     cached
Mem:          992M       919M        72M        28K       816K        25M
-/+ buffers/cache:       893M        98M
Swap:         8.0G       498M       7.5G

             total       used       free     shared    buffers     cached
Mem:          992M       920M        71M        28K       816K        25M
-/+ buffers/cache:       894M        97M
Swap:         8.0G       497M       7.5G

             total       used       free     shared    buffers     cached
Mem:          992M       921M        70M        28K       816K        25M
-/+ buffers/cache:       895M        96M
Swap:         8.0G       497M       7.5G

             total       used       free     shared    buffers     cached
Mem:          992M       923M        68M        28K       816K        25M
-/+ buffers/cache:       897M        94M
Swap:         8.0G       496M       7.5G

             total       used       free     shared    buffers     cached
Mem:          992M       924M        67M        28K       824K        25M
-/+ buffers/cache:       898M        93M
Swap:         8.0G       495M       7.5G

             total       used       free     shared    buffers     cached
Mem:          992M       926M        66M        28K       824K        25M
-/+ buffers/cache:       900M        92M
Swap:         8.0G       495M       7.5G

             total       used       free     shared    buffers     cached
Mem:          992M       927M        64M        28K       824K        25M
-/+ buffers/cache:       901M        90M
Swap:         8.0G       494M       7.5G

             total       used       free     shared    buffers     cached
Mem:          992M       928M        63M        28K       824K        25M
-/+ buffers/cache:       902M        89M
Swap:         8.0G       493M       7.5G

             total       used       free     shared    buffers     cached
Mem:          992M       930M        62M        28K       824K        25M
-/+ buffers/cache:       904M        88M
Swap:         8.0G       493M       7.5G

             total       used       free     shared    buffers     cached
Mem:          992M       930M        61M        28K       824K        25M
-/+ buffers/cache:       904M        87M
Swap:         8.0G       493M       7.5G

             total       used       free     shared    buffers     cached
Mem:          992M       912M        80M        28K       588K        22M
-/+ buffers/cache:       888M       103M
Swap:         8.0G       506M       7.5G

             total       used       free     shared    buffers     cached
Mem:          992M       913M        79M        28K       588K        22M
-/+ buffers/cache:       890M       102M
Swap:         8.0G       505M       7.5G

             total       used       free     shared    buffers     cached
Mem:          992M       914M        77M        28K       588K        22M
-/+ buffers/cache:       891M       100M
Swap:         8.0G       505M       7.5G

             total       used       free     shared    buffers     cached
Mem:          992M       915M        76M        28K       588K        22M
-/+ buffers/cache:       892M        99M
Swap:         8.0G       504M       7.5G

             total       used       free     shared    buffers     cached
Mem:          992M       916M        75M        28K       588K        22M
-/+ buffers/cache:       893M        98M
Swap:         8.0G       503M       7.5G

             total       used       free     shared    buffers     cached
Mem:          992M       918M        73M        28K       596K        22M
-/+ buffers/cache:       895M        96M
Swap:         8.0G       503M       7.5G

             total       used       free     shared    buffers     cached
Mem:          992M       925M        66M        28K       596K        28M
-/+ buffers/cache:       896M        95M
Swap:         8.0G       502M       7.5G

             total       used       free     shared    buffers     cached
Mem:          992M       926M        65M        28K       608K        28M
-/+ buffers/cache:       897M        94M
Swap:         8.0G       501M       7.5G

             total       used       free     shared    buffers     cached
Mem:          992M       928M        63M        28K       608K        28M
-/+ buffers/cache:       899M        93M
Swap:         8.0G       501M       7.5G

             total       used       free     shared    buffers     cached
Mem:          992M       929M        62M        28K       608K        28M
-/+ buffers/cache:       900M        91M
Swap:         8.0G       500M       7.5G

             total       used       free     shared    buffers     cached
Mem:          992M       930M        61M        28K       608K        28M
-/+ buffers/cache:       901M        90M
Swap:         8.0G       499M       7.5G

             total       used       free     shared    buffers     cached
Mem:          992M       914M        78M        28K       128K        25M
-/+ buffers/cache:       888M       104M
Swap:         8.0G       509M       7.5G

             total       used       free     shared    buffers     cached
Mem:          992M       915M        77M        28K       128K        25M
-/+ buffers/cache:       889M       103M
Swap:         8.0G       509M       7.5G

             total       used       free     shared    buffers     cached
Mem:          992M       916M        75M        28K       128K        25M
-/+ buffers/cache:       890M       101M
Swap:         8.0G       508M       7.5G

             total       used       free     shared    buffers     cached
Mem:          992M       917M        74M        28K       128K        25M
-/+ buffers/cache:       891M       100M
Swap:         8.0G       507M       7.5G

             total       used       free     shared    buffers     cached
Mem:          992M       918M        73M        28K       128K        25M
-/+ buffers/cache:       892M        99M
Swap:         8.0G       507M       7.5G

             total       used       free     shared    buffers     cached
Mem:          992M       920M        72M        28K       136K        25M
-/+ buffers/cache:       894M        98M
Swap:         8.0G       506M       7.5G

             total       used       free     shared    buffers     cached
Mem:          992M       921M        71M        28K       136K        25M
-/+ buffers/cache:       895M        97M
Swap:         8.0G       505M       7.5G

             total       used       free     shared    buffers     cached
Mem:          992M       922M        69M        28K       136K        25M
-/+ buffers/cache:       896M        95M
Swap:         8.0G       505M       7.5G

             total       used       free     shared    buffers     cached
Mem:          992M       923M        68M        28K       136K        25M
-/+ buffers/cache:       897M        94M
Swap:         8.0G       504M       7.5G

             total       used       free     shared    buffers     cached
Mem:          992M       925M        67M        28K       136K        25M
-/+ buffers/cache:       899M        93M
Swap:         8.0G       503M       7.5G

             total       used       free     shared    buffers     cached
Mem:          992M       926M        66M        28K       144K        25M
-/+ buffers/cache:       900M        92M
Swap:         8.0G       503M       7.5G

             total       used       free     shared    buffers     cached
Mem:          992M       927M        64M        28K       144K        25M
-/+ buffers/cache:       901M        90M
Swap:         8.0G       502M       7.5G

             total       used       free     shared    buffers     cached
Mem:          992M       928M        63M        28K       144K        25M
-/+ buffers/cache:       902M        89M
Swap:         8.0G       501M       7.5G

             total       used       free     shared    buffers     cached
Mem:          992M       929M        62M        28K       144K        25M
-/+ buffers/cache:       903M        88M
Swap:         8.0G       500M       7.5G

             total       used       free     shared    buffers     cached
Mem:          992M       930M        61M        28K       144K        25M
-/+ buffers/cache:       904M        87M
Swap:         8.0G       500M       7.5G

             total       used       free     shared    buffers     cached
Mem:          992M       914M        78M        28K       144K        23M
-/+ buffers/cache:       890M       101M
Swap:         8.0G       522M       7.5G

             total       used       free     shared    buffers     cached
Mem:          992M       915M        77M        28K       152K        23M
-/+ buffers/cache:       891M       100M
Swap:         8.0G       521M       7.5G

             total       used       free     shared    buffers     cached
Mem:          992M       916M        75M        28K       152K        23M
-/+ buffers/cache:       893M        98M
Swap:         8.0G       520M       7.5G

             total       used       free     shared    buffers     cached
Mem:          992M       918M        74M        28K       152K        23M
-/+ buffers/cache:       894M        97M
Swap:         8.0G       520M       7.5G

             total       used       free     shared    buffers     cached
Mem:          992M       919M        72M        28K       152K        23M
-/+ buffers/cache:       896M        96M
Swap:         8.0G       519M       7.5G

             total       used       free     shared    buffers     cached
Mem:          992M       920M        71M        28K       152K        23M
-/+ buffers/cache:       897M        94M
Swap:         8.0G       518M       7.5G

             total       used       free     shared    buffers     cached
Mem:          992M       922M        69M        28K       160K        23M
-/+ buffers/cache:       898M        93M
Swap:         8.0G       517M       7.5G

             total       used       free     shared    buffers     cached
Mem:          992M       923M        68M        28K       160K        23M
-/+ buffers/cache:       900M        92M
Swap:         8.0G       516M       7.5G

             total       used       free     shared    buffers     cached
Mem:          992M       926M        66M        28K       296K        24M
-/+ buffers/cache:       901M        90M
Swap:         8.0G       516M       7.5G

             total       used       free     shared    buffers     cached
Mem:          992M       927M        65M        32K       296K        24M
-/+ buffers/cache:       902M        89M
Swap:         8.0G       515M       7.5G

             total       used       free     shared    buffers     cached
Mem:          992M       928M        63M        32K       296K        24M
-/+ buffers/cache:       903M        88M
Swap:         8.0G       514M       7.5G

             total       used       free     shared    buffers     cached
Mem:          992M       929M        62M        32K       296K        24M
-/+ buffers/cache:       905M        86M
Swap:         8.0G       513M       7.5G

             total       used       free     shared    buffers     cached
Mem:          992M       919M        72M        32K       304K        24M
-/+ buffers/cache:       894M        97M
Swap:         8.0G       518M       7.5G

             total       used       free     shared    buffers     cached
Mem:          992M       921M        71M        32K       304K        24M
-/+ buffers/cache:       896M        96M
Swap:         8.0G       517M       7.5G

             total       used       free     shared    buffers     cached
Mem:          992M       930M        62M        32K       304K        28M
-/+ buffers/cache:       901M        90M
Swap:         8.0G       514M       7.5G

             total       used       free     shared    buffers     cached
Mem:          992M       930M        61M        32K       304K        28M
-/+ buffers/cache:       902M        90M
Swap:         8.0G       514M       7.5G

             total       used       free     shared    buffers     cached
Mem:          992M       931M        60M        32K       304K        28M
-/+ buffers/cache:       902M        89M
Swap:         8.0G       514M       7.5G

             total       used       free     shared    buffers     cached
Mem:          992M       912M        80M        32K       296K        24M
-/+ buffers/cache:       887M       104M
Swap:         8.0G       529M       7.5G

             total       used       free     shared    buffers     cached
Mem:          992M       912M        79M        32K       296K        24M
-/+ buffers/cache:       887M       104M
Swap:         8.0G       528M       7.5G

             total       used       free     shared    buffers     cached
Mem:          992M       913M        78M        32K       296K        24M
-/+ buffers/cache:       888M       103M
Swap:         8.0G       528M       7.5G

             total       used       free     shared    buffers     cached
Mem:          992M       914M        77M        32K       296K        24M
-/+ buffers/cache:       889M       102M
Swap:         8.0G       527M       7.5G

             total       used       free     shared    buffers     cached
Mem:          992M       914M        77M        32K       296K        24M
-/+ buffers/cache:       890M       102M
Swap:         8.0G       527M       7.5G

             total       used       free     shared    buffers     cached
Mem:          992M       915M        76M        32K       296K        24M
-/+ buffers/cache:       890M       101M
Swap:         8.0G       527M       7.5G

             total       used       free     shared    buffers     cached
Mem:          992M       916M        76M        32K       304K        24M
-/+ buffers/cache:       891M       100M
Swap:         8.0G       526M       7.5G

             total       used       free     shared    buffers     cached
Mem:          992M       930M        61M       188K       304K        32M
-/+ buffers/cache:       897M        94M
Swap:         8.0G       522M       7.5G

             total       used       free     shared    buffers     cached
Mem:          992M       925M        66M       3.9M       4.2M        52M
-/+ buffers/cache:       869M       123M
Swap:         8.0G       562M       7.4G

             total       used       free     shared    buffers     cached
Mem:          992M       919M        72M       224K       5.0M        63M
-/+ buffers/cache:       851M       140M
Swap:         8.0G       574M       7.4G

             total       used       free     shared    buffers     cached
Mem:          992M       927M        64M       244K       5.2M        64M
-/+ buffers/cache:       857M       135M
Swap:         8.0G       571M       7.4G

             total       used       free     shared    buffers     cached
Mem:          992M       928M        63M       244K       5.2M        64M
-/+ buffers/cache:       858M       133M
Swap:         8.0G       571M       7.4G

             total       used       free     shared    buffers     cached
Mem:          992M       929M        62M       244K       5.2M        64M
-/+ buffers/cache:       859M       133M
Swap:         8.0G       570M       7.4G

             total       used       free     shared    buffers     cached
Mem:          992M       930M        61M       244K       5.2M        64M
-/+ buffers/cache:       860M       131M
Swap:         8.0G       570M       7.4G

             total       used       free     shared    buffers     cached
Mem:          992M       911M        80M       244K       3.9M        61M
-/+ buffers/cache:       846M       145M
Swap:         8.0G       589M       7.4G

             total       used       free     shared    buffers     cached
Mem:          992M       913M        78M       244K       4.1M        62M
-/+ buffers/cache:       847M       144M
Swap:         8.0G       588M       7.4G

             total       used       free     shared    buffers     cached
Mem:          992M       915M        77M       244K       4.1M        61M
-/+ buffers/cache:       849M       143M
Swap:         8.0G       588M       7.4G

             total       used       free     shared    buffers     cached
Mem:          992M       916M        75M       244K       4.1M        61M
-/+ buffers/cache:       850M       141M
Swap:         8.0G       587M       7.4G

             total       used       free     shared    buffers     cached
Mem:          992M       917M        74M       244K       4.1M        61M
-/+ buffers/cache:       851M       140M
Swap:         8.0G       586M       7.4G

             total       used       free     shared    buffers     cached
Mem:          992M       919M        73M       244K       4.1M        61M
-/+ buffers/cache:       852M       139M
Swap:         8.0G       586M       7.4G

             total       used       free     shared    buffers     cached
Mem:          992M       920M        71M       244K       4.1M        61M
-/+ buffers/cache:       854M       137M
Swap:         8.0G       585M       7.4G

             total       used       free     shared    buffers     cached
Mem:          992M       921M        70M       244K       4.1M        61M
-/+ buffers/cache:       855M       136M
Swap:         8.0G       585M       7.4G

             total       used       free     shared    buffers     cached
Mem:          992M       922M        69M       244K       4.1M        61M
-/+ buffers/cache:       856M       135M
Swap:         8.0G       584M       7.4G

             total       used       free     shared    buffers     cached
Mem:          992M       924M        67M       244K       4.1M        62M
-/+ buffers/cache:       858M       134M
Swap:         8.0G       583M       7.4G

             total       used       free     shared    buffers     cached
Mem:          992M       926M        65M       244K       4.1M        62M
-/+ buffers/cache:       859M       132M
Swap:         8.0G       583M       7.4G

             total       used       free     shared    buffers     cached
Mem:          992M       927M        64M       244K       4.1M        62M
-/+ buffers/cache:       860M       131M
Swap:         8.0G       582M       7.4G

             total       used       free     shared    buffers     cached
Mem:          992M       928M        63M       244K       4.1M        62M
-/+ buffers/cache:       861M       130M
Swap:         8.0G       581M       7.4G

             total       used       free     shared    buffers     cached
Mem:          992M       930M        61M       244K       4.1M        62M
-/+ buffers/cache:       863M       128M
Swap:         8.0G       581M       7.4G

             total       used       free     shared    buffers     cached
Mem:          992M       916M        76M       244K       4.1M        62M
-/+ buffers/cache:       849M       142M
Swap:         8.0G       592M       7.4G

             total       used       free     shared    buffers     cached
Mem:          992M       916M        75M       244K       4.1M        62M
-/+ buffers/cache:       850M       141M
Swap:         8.0G       591M       7.4G

             total       used       free     shared    buffers     cached
Mem:          992M       918M        73M       244K       4.1M        62M
-/+ buffers/cache:       852M       140M
Swap:         8.0G       590M       7.4G

             total       used       free     shared    buffers     cached
Mem:          992M       919M        72M       244K       4.1M        62M
-/+ buffers/cache:       853M       138M
Swap:         8.0G       590M       7.4G

             total       used       free     shared    buffers     cached
Mem:          992M       920M        71M       244K       4.1M        62M
-/+ buffers/cache:       854M       137M
Swap:         8.0G       589M       7.4G

             total       used       free     shared    buffers     cached
Mem:          992M       922M        70M       244K       4.1M        62M
-/+ buffers/cache:       855M       136M
Swap:         8.0G       589M       7.4G

             total       used       free     shared    buffers     cached
Mem:          992M       923M        68M       244K       4.1M        62M
-/+ buffers/cache:       857M       134M
Swap:         8.0G       588M       7.4G

             total       used       free     shared    buffers     cached
Mem:          992M       925M        67M       244K       4.1M        62M
-/+ buffers/cache:       858M       133M
Swap:         8.0G       587M       7.4G

             total       used       free     shared    buffers     cached
Mem:          992M       926M        65M       244K       4.1M        62M
-/+ buffers/cache:       860M       132M
Swap:         8.0G       587M       7.4G

             total       used       free     shared    buffers     cached
Mem:          992M       927M        64M       244K       4.1M        62M
-/+ buffers/cache:       861M       130M
Swap:         8.0G       586M       7.4G

             total       used       free     shared    buffers     cached
Mem:          992M       929M        63M       244K       4.1M        62M
-/+ buffers/cache:       862M       129M
Swap:         8.0G       585M       7.4G

             total       used       free     shared    buffers     cached
Mem:          992M       930M        61M       244K       4.1M        62M
-/+ buffers/cache:       864M       128M
Swap:         8.0G       585M       7.4G

             total       used       free     shared    buffers     cached
Mem:          992M       905M        87M       244K       4.1M        59M
-/+ buffers/cache:       841M       150M
Swap:         8.0G       601M       7.4G

             total       used       free     shared    buffers     cached
Mem:          992M       905M        86M       244K       4.1M        59M
-/+ buffers/cache:       842M       150M
Swap:         8.0G       600M       7.4G

             total       used       free     shared    buffers     cached
Mem:          992M       907M        85M       244K       4.1M        59M
-/+ buffers/cache:       843M       148M
Swap:         8.0G       599M       7.4G

             total       used       free     shared    buffers     cached
Mem:          992M       908M        83M       244K       4.1M        59M
-/+ buffers/cache:       844M       147M
Swap:         8.0G       599M       7.4G

             total       used       free     shared    buffers     cached
Mem:          992M       909M        82M       244K       4.1M        59M
-/+ buffers/cache:       846M       146M
Swap:         8.0G       598M       7.4G

             total       used       free     shared    buffers     cached
Mem:          992M       910M        81M       244K       4.1M        59M
-/+ buffers/cache:       847M       145M
Swap:         8.0G       598M       7.4G

             total       used       free     shared    buffers     cached
Mem:          992M       912M        80M       244K       4.1M        59M
-/+ buffers/cache:       848M       143M
Swap:         8.0G       597M       7.4G

             total       used       free     shared    buffers     cached
Mem:          992M       913M        78M       244K       4.1M        59M
-/+ buffers/cache:       849M       142M
Swap:         8.0G       596M       7.4G

             total       used       free     shared    buffers     cached
Mem:          992M       929M        62M       296K       5.8M        68M
-/+ buffers/cache:       855M       137M
Swap:         8.0G       594M       7.4G

             total       used       free     shared    buffers     cached
Mem:          992M       924M        67M       292K       8.4M        74M
-/+ buffers/cache:       841M       151M
Swap:         8.0G       606M       7.4G
