             total       used       free     shared    buffers     cached
Mem:          2.0G       658M       1.3G       3.2M        38M       289M
-/+ buffers/cache:       330M       1.6G
Swap:         8.0G         0B       8.0G

             total       used       free     shared    buffers     cached
Mem:          2.0G       657M       1.3G       3.2M        38M       289M
-/+ buffers/cache:       329M       1.6G
Swap:         8.0G         0B       8.0G

             total       used       free     shared    buffers     cached
Mem:          2.0G       657M       1.3G       3.2M        38M       289M
-/+ buffers/cache:       329M       1.6G
Swap:         8.0G         0B       8.0G

             total       used       free     shared    buffers     cached
Mem:          2.0G       657M       1.3G       3.2M        38M       289M
-/+ buffers/cache:       329M       1.6G
Swap:         8.0G         0B       8.0G

             total       used       free     shared    buffers     cached
Mem:          2.0G       657M       1.3G       3.2M        38M       289M
-/+ buffers/cache:       329M       1.6G
Swap:         8.0G         0B       8.0G

             total       used       free     shared    buffers     cached
Mem:          2.0G       657M       1.3G       3.2M        38M       289M
-/+ buffers/cache:       329M       1.6G
Swap:         8.0G         0B       8.0G

             total       used       free     shared    buffers     cached
Mem:          2.0G       657M       1.3G       3.2M        38M       289M
-/+ buffers/cache:       329M       1.6G
Swap:         8.0G         0B       8.0G

             total       used       free     shared    buffers     cached
Mem:          2.0G       657M       1.3G       3.2M        38M       289M
-/+ buffers/cache:       328M       1.6G
Swap:         8.0G         0B       8.0G

             total       used       free     shared    buffers     cached
Mem:          2.0G       657M       1.3G       3.2M        38M       289M
-/+ buffers/cache:       328M       1.6G
Swap:         8.0G         0B       8.0G

             total       used       free     shared    buffers     cached
Mem:          2.0G       657M       1.3G       3.2M        38M       289M
-/+ buffers/cache:       328M       1.6G
Swap:         8.0G         0B       8.0G

             total       used       free     shared    buffers     cached
Mem:          2.0G       659M       1.3G       3.2M        38M       289M
-/+ buffers/cache:       330M       1.6G
Swap:         8.0G         0B       8.0G

             total       used       free     shared    buffers     cached
Mem:          2.0G       671M       1.3G       3.2M        38M       290M
-/+ buffers/cache:       342M       1.6G
Swap:         8.0G         0B       8.0G

             total       used       free     shared    buffers     cached
Mem:          2.0G       702M       1.3G       3.2M        38M       290M
-/+ buffers/cache:       373M       1.6G
Swap:         8.0G         0B       8.0G

             total       used       free     shared    buffers     cached
Mem:          2.0G       666M       1.3G       3.2M        38M       291M
-/+ buffers/cache:       336M       1.6G
Swap:         8.0G         0B       8.0G

             total       used       free     shared    buffers     cached
Mem:          2.0G       672M       1.3G       3.2M        38M       291M
-/+ buffers/cache:       342M       1.6G
Swap:         8.0G         0B       8.0G

             total       used       free     shared    buffers     cached
Mem:          2.0G       667M       1.3G       3.2M        38M       291M
-/+ buffers/cache:       336M       1.6G
Swap:         8.0G         0B       8.0G

             total       used       free     shared    buffers     cached
Mem:          2.0G       667M       1.3G       3.2M        38M       291M
-/+ buffers/cache:       336M       1.6G
Swap:         8.0G         0B       8.0G

             total       used       free     shared    buffers     cached
Mem:          2.0G       667M       1.3G       3.2M        38M       291M
-/+ buffers/cache:       336M       1.6G
Swap:         8.0G         0B       8.0G

             total       used       free     shared    buffers     cached
Mem:          2.0G       667M       1.3G       3.2M        38M       291M
-/+ buffers/cache:       336M       1.6G
Swap:         8.0G         0B       8.0G

             total       used       free     shared    buffers     cached
Mem:          2.0G       667M       1.3G       3.2M        38M       291M
-/+ buffers/cache:       336M       1.6G
Swap:         8.0G         0B       8.0G

             total       used       free     shared    buffers     cached
Mem:          2.0G       667M       1.3G       3.2M        38M       291M
-/+ buffers/cache:       336M       1.6G
Swap:         8.0G         0B       8.0G

             total       used       free     shared    buffers     cached
Mem:          2.0G       667M       1.3G       3.2M        38M       291M
-/+ buffers/cache:       337M       1.6G
Swap:         8.0G         0B       8.0G

             total       used       free     shared    buffers     cached
Mem:          2.0G       667M       1.3G       3.2M        38M       291M
-/+ buffers/cache:       336M       1.6G
Swap:         8.0G         0B       8.0G

             total       used       free     shared    buffers     cached
Mem:          2.0G       667M       1.3G       3.2M        38M       291M
-/+ buffers/cache:       336M       1.6G
Swap:         8.0G         0B       8.0G

             total       used       free     shared    buffers     cached
Mem:          2.0G       667M       1.3G       3.2M        38M       291M
-/+ buffers/cache:       336M       1.6G
Swap:         8.0G         0B       8.0G

             total       used       free     shared    buffers     cached
Mem:          2.0G       667M       1.3G       3.2M        38M       291M
-/+ buffers/cache:       336M       1.6G
Swap:         8.0G         0B       8.0G

             total       used       free     shared    buffers     cached
Mem:          2.0G       667M       1.3G       3.2M        38M       291M
-/+ buffers/cache:       336M       1.6G
Swap:         8.0G         0B       8.0G

             total       used       free     shared    buffers     cached
Mem:          2.0G       667M       1.3G       3.2M        38M       291M
-/+ buffers/cache:       336M       1.6G
Swap:         8.0G         0B       8.0G

             total       used       free     shared    buffers     cached
Mem:          2.0G       667M       1.3G       3.2M        38M       291M
-/+ buffers/cache:       336M       1.6G
Swap:         8.0G         0B       8.0G

             total       used       free     shared    buffers     cached
Mem:          2.0G       667M       1.3G       3.2M        38M       291M
-/+ buffers/cache:       336M       1.6G
Swap:         8.0G         0B       8.0G

             total       used       free     shared    buffers     cached
Mem:          2.0G       667M       1.3G       3.2M        38M       291M
-/+ buffers/cache:       336M       1.6G
Swap:         8.0G         0B       8.0G

             total       used       free     shared    buffers     cached
Mem:          2.0G       667M       1.3G       3.2M        38M       291M
-/+ buffers/cache:       336M       1.6G
Swap:         8.0G         0B       8.0G

             total       used       free     shared    buffers     cached
Mem:          2.0G       667M       1.3G       3.2M        38M       291M
-/+ buffers/cache:       336M       1.6G
Swap:         8.0G         0B       8.0G

             total       used       free     shared    buffers     cached
Mem:          2.0G       673M       1.3G       3.2M        38M       291M
-/+ buffers/cache:       342M       1.6G
Swap:         8.0G         0B       8.0G

             total       used       free     shared    buffers     cached
Mem:          2.0G       688M       1.3G       3.2M        38M       291M
-/+ buffers/cache:       357M       1.6G
Swap:         8.0G         0B       8.0G

             total       used       free     shared    buffers     cached
Mem:          2.0G       703M       1.3G       3.2M        38M       291M
-/+ buffers/cache:       373M       1.6G
Swap:         8.0G         0B       8.0G

             total       used       free     shared    buffers     cached
Mem:          2.0G       718M       1.3G       3.2M        38M       291M
-/+ buffers/cache:       388M       1.6G
Swap:         8.0G         0B       8.0G

             total       used       free     shared    buffers     cached
Mem:          2.0G       733M       1.2G       3.2M        38M       291M
-/+ buffers/cache:       403M       1.6G
Swap:         8.0G         0B       8.0G

             total       used       free     shared    buffers     cached
Mem:          2.0G       747M       1.2G       3.2M        38M       291M
-/+ buffers/cache:       417M       1.5G
Swap:         8.0G         0B       8.0G

             total       used       free     shared    buffers     cached
Mem:          2.0G       762M       1.2G       3.2M        38M       291M
-/+ buffers/cache:       432M       1.5G
Swap:         8.0G         0B       8.0G

             total       used       free     shared    buffers     cached
Mem:          2.0G       776M       1.2G       3.2M        38M       291M
-/+ buffers/cache:       446M       1.5G
Swap:         8.0G         0B       8.0G

             total       used       free     shared    buffers     cached
Mem:          2.0G       790M       1.2G       3.2M        38M       291M
-/+ buffers/cache:       459M       1.5G
Swap:         8.0G         0B       8.0G

             total       used       free     shared    buffers     cached
Mem:          2.0G       804M       1.2G       3.2M        38M       291M
-/+ buffers/cache:       473M       1.5G
Swap:         8.0G         0B       8.0G

             total       used       free     shared    buffers     cached
Mem:          2.0G       819M       1.2G       3.2M        38M       291M
-/+ buffers/cache:       488M       1.5G
Swap:         8.0G         0B       8.0G

             total       used       free     shared    buffers     cached
Mem:          2.0G       834M       1.1G       3.2M        38M       291M
-/+ buffers/cache:       503M       1.5G
Swap:         8.0G         0B       8.0G

             total       used       free     shared    buffers     cached
Mem:          2.0G       849M       1.1G       3.2M        38M       291M
-/+ buffers/cache:       518M       1.4G
Swap:         8.0G         0B       8.0G

             total       used       free     shared    buffers     cached
Mem:          2.0G       863M       1.1G       3.2M        38M       291M
-/+ buffers/cache:       533M       1.4G
Swap:         8.0G         0B       8.0G

             total       used       free     shared    buffers     cached
Mem:          2.0G       878M       1.1G       3.2M        38M       291M
-/+ buffers/cache:       548M       1.4G
Swap:         8.0G         0B       8.0G

             total       used       free     shared    buffers     cached
Mem:          2.0G       892M       1.1G       3.2M        38M       291M
-/+ buffers/cache:       561M       1.4G
Swap:         8.0G         0B       8.0G

             total       used       free     shared    buffers     cached
Mem:          2.0G       904M       1.1G       3.2M        38M       291M
-/+ buffers/cache:       574M       1.4G
Swap:         8.0G         0B       8.0G

             total       used       free     shared    buffers     cached
Mem:          2.0G       919M       1.1G       3.2M        38M       291M
-/+ buffers/cache:       588M       1.4G
Swap:         8.0G         0B       8.0G

             total       used       free     shared    buffers     cached
Mem:          2.0G       934M       1.0G       3.2M        38M       291M
-/+ buffers/cache:       603M       1.4G
Swap:         8.0G         0B       8.0G

             total       used       free     shared    buffers     cached
Mem:          2.0G       947M       1.0G       3.2M        38M       291M
-/+ buffers/cache:       617M       1.4G
Swap:         8.0G         0B       8.0G

             total       used       free     shared    buffers     cached
Mem:          2.0G       962M       1.0G       3.2M        38M       291M
-/+ buffers/cache:       632M       1.3G
Swap:         8.0G         0B       8.0G

             total       used       free     shared    buffers     cached
Mem:          2.0G       975M       1.0G       3.2M        38M       291M
-/+ buffers/cache:       645M       1.3G
Swap:         8.0G         0B       8.0G

             total       used       free     shared    buffers     cached
Mem:          2.0G       989M       1.0G       3.2M        38M       291M
-/+ buffers/cache:       659M       1.3G
Swap:         8.0G         0B       8.0G

             total       used       free     shared    buffers     cached
Mem:          2.0G       1.0G       996M       3.2M        38M       291M
-/+ buffers/cache:       673M       1.3G
Swap:         8.0G         0B       8.0G

             total       used       free     shared    buffers     cached
Mem:          2.0G       1.0G       983M       3.2M        38M       291M
-/+ buffers/cache:       686M       1.3G
Swap:         8.0G         0B       8.0G

             total       used       free     shared    buffers     cached
Mem:          2.0G       1.0G       970M       3.2M        38M       291M
-/+ buffers/cache:       699M       1.3G
Swap:         8.0G         0B       8.0G

             total       used       free     shared    buffers     cached
Mem:          2.0G       1.0G       956M       3.2M        38M       291M
-/+ buffers/cache:       713M       1.3G
Swap:         8.0G         0B       8.0G

             total       used       free     shared    buffers     cached
Mem:          2.0G       1.0G       943M       3.2M        38M       291M
-/+ buffers/cache:       726M       1.2G
Swap:         8.0G         0B       8.0G

             total       used       free     shared    buffers     cached
Mem:          2.0G       1.0G       929M       3.2M        38M       291M
-/+ buffers/cache:       740M       1.2G
Swap:         8.0G         0B       8.0G

             total       used       free     shared    buffers     cached
Mem:          2.0G       1.1G       915M       3.2M        38M       291M
-/+ buffers/cache:       754M       1.2G
Swap:         8.0G         0B       8.0G

             total       used       free     shared    buffers     cached
Mem:          2.0G       1.1G       900M       3.2M        38M       291M
-/+ buffers/cache:       769M       1.2G
Swap:         8.0G         0B       8.0G

             total       used       free     shared    buffers     cached
Mem:          2.0G       1.1G       887M       3.2M        38M       291M
-/+ buffers/cache:       782M       1.2G
Swap:         8.0G         0B       8.0G

             total       used       free     shared    buffers     cached
Mem:          2.0G       1.1G       878M       3.2M        38M       291M
-/+ buffers/cache:       791M       1.2G
Swap:         8.0G         0B       8.0G

             total       used       free     shared    buffers     cached
Mem:          2.0G       1.1G       864M       3.2M        38M       291M
-/+ buffers/cache:       805M       1.2G
Swap:         8.0G         0B       8.0G

             total       used       free     shared    buffers     cached
Mem:          2.0G       1.1G       849M       3.2M        38M       291M
-/+ buffers/cache:       820M       1.2G
Swap:         8.0G         0B       8.0G

             total       used       free     shared    buffers     cached
Mem:          2.0G       1.1G       835M       3.2M        38M       291M
-/+ buffers/cache:       834M       1.1G
Swap:         8.0G         0B       8.0G

             total       used       free     shared    buffers     cached
Mem:          2.0G       1.2G       820M       3.2M        38M       291M
-/+ buffers/cache:       849M       1.1G
Swap:         8.0G         0B       8.0G

             total       used       free     shared    buffers     cached
Mem:          2.0G       1.2G       805M       3.2M        38M       291M
-/+ buffers/cache:       863M       1.1G
Swap:         8.0G         0B       8.0G

             total       used       free     shared    buffers     cached
Mem:          2.0G       1.2G       790M       3.2M        38M       291M
-/+ buffers/cache:       879M       1.1G
Swap:         8.0G         0B       8.0G

             total       used       free     shared    buffers     cached
Mem:          2.0G       1.2G       776M       3.2M        38M       291M
-/+ buffers/cache:       893M       1.1G
Swap:         8.0G         0B       8.0G

             total       used       free     shared    buffers     cached
Mem:          2.0G       1.2G       761M       3.2M        38M       291M
-/+ buffers/cache:       907M       1.1G
Swap:         8.0G         0B       8.0G

             total       used       free     shared    buffers     cached
Mem:          2.0G       1.2G       747M       3.2M        38M       291M
-/+ buffers/cache:       922M       1.1G
Swap:         8.0G         0B       8.0G

             total       used       free     shared    buffers     cached
Mem:          2.0G       1.2G       734M       3.2M        38M       291M
-/+ buffers/cache:       935M       1.0G
Swap:         8.0G         0B       8.0G

             total       used       free     shared    buffers     cached
Mem:          2.0G       1.3G       719M       3.2M        38M       291M
-/+ buffers/cache:       950M       1.0G
Swap:         8.0G         0B       8.0G

             total       used       free     shared    buffers     cached
Mem:          2.0G       1.3G       704M       3.2M        38M       291M
-/+ buffers/cache:       964M       1.0G
Swap:         8.0G         0B       8.0G

             total       used       free     shared    buffers     cached
Mem:          2.0G       1.3G       689M       3.2M        38M       291M
-/+ buffers/cache:       980M       1.0G
Swap:         8.0G         0B       8.0G

             total       used       free     shared    buffers     cached
Mem:          2.0G       1.3G       675M       3.2M        38M       291M
-/+ buffers/cache:       994M       1.0G
Swap:         8.0G         0B       8.0G

             total       used       free     shared    buffers     cached
Mem:          2.0G       1.3G       661M       3.2M        38M       291M
-/+ buffers/cache:       1.0G       991M
Swap:         8.0G         0B       8.0G

             total       used       free     shared    buffers     cached
Mem:          2.0G       1.3G       647M       3.2M        38M       291M
-/+ buffers/cache:       1.0G       978M
Swap:         8.0G         0B       8.0G

             total       used       free     shared    buffers     cached
Mem:          2.0G       1.3G       633M       3.2M        38M       291M
-/+ buffers/cache:       1.0G       964M
Swap:         8.0G         0B       8.0G

             total       used       free     shared    buffers     cached
Mem:          2.0G       1.3G       619M       3.2M        38M       291M
-/+ buffers/cache:       1.0G       950M
Swap:         8.0G         0B       8.0G

             total       used       free     shared    buffers     cached
Mem:          2.0G       1.4G       605M       3.2M        38M       291M
-/+ buffers/cache:       1.0G       935M
Swap:         8.0G         0B       8.0G

             total       used       free     shared    buffers     cached
Mem:          2.0G       1.4G       592M       3.2M        38M       291M
-/+ buffers/cache:       1.1G       923M
Swap:         8.0G         0B       8.0G

             total       used       free     shared    buffers     cached
Mem:          2.0G       1.4G       578M       3.2M        38M       291M
-/+ buffers/cache:       1.1G       908M
Swap:         8.0G         0B       8.0G

             total       used       free     shared    buffers     cached
Mem:          2.0G       1.4G       565M       3.2M        38M       291M
-/+ buffers/cache:       1.1G       896M
Swap:         8.0G         0B       8.0G

             total       used       free     shared    buffers     cached
Mem:          2.0G       1.4G       550M       3.2M        38M       291M
-/+ buffers/cache:       1.1G       881M
Swap:         8.0G         0B       8.0G

             total       used       free     shared    buffers     cached
Mem:          2.0G       1.4G       538M       3.2M        38M       292M
-/+ buffers/cache:       1.1G       869M
Swap:         8.0G         0B       8.0G

             total       used       free     shared    buffers     cached
Mem:          2.0G       1.4G       523M       3.2M        38M       292M
-/+ buffers/cache:       1.1G       854M
Swap:         8.0G         0B       8.0G

             total       used       free     shared    buffers     cached
Mem:          2.0G       1.5G       510M       3.2M        38M       292M
-/+ buffers/cache:       1.1G       841M
Swap:         8.0G         0B       8.0G

             total       used       free     shared    buffers     cached
Mem:          2.0G       1.5G       495M       3.2M        38M       292M
-/+ buffers/cache:       1.1G       826M
Swap:         8.0G         0B       8.0G

             total       used       free     shared    buffers     cached
Mem:          2.0G       1.5G       482M       3.2M        38M       292M
-/+ buffers/cache:       1.2G       813M
Swap:         8.0G         0B       8.0G

             total       used       free     shared    buffers     cached
Mem:          2.0G       1.5G       468M       3.2M        38M       291M
-/+ buffers/cache:       1.2G       798M
Swap:         8.0G         0B       8.0G

             total       used       free     shared    buffers     cached
Mem:          2.0G       1.5G       455M       3.2M        38M       292M
-/+ buffers/cache:       1.2G       786M
Swap:         8.0G         0B       8.0G

             total       used       free     shared    buffers     cached
Mem:          2.0G       1.5G       439M       3.2M        38M       292M
-/+ buffers/cache:       1.2G       770M
Swap:         8.0G         0B       8.0G

             total       used       free     shared    buffers     cached
Mem:          2.0G       1.5G       431M       3.2M        38M       292M
-/+ buffers/cache:       1.2G       762M
Swap:         8.0G         0B       8.0G

             total       used       free     shared    buffers     cached
Mem:          2.0G       1.5G       421M       3.2M        38M       292M
-/+ buffers/cache:       1.2G       752M
Swap:         8.0G         0B       8.0G

             total       used       free     shared    buffers     cached
Mem:          2.0G       1.6G       408M       3.2M        38M       291M
-/+ buffers/cache:       1.2G       739M
Swap:         8.0G         0B       8.0G

             total       used       free     shared    buffers     cached
Mem:          2.0G       1.6G       394M       3.2M        38M       292M
-/+ buffers/cache:       1.2G       725M
Swap:         8.0G         0B       8.0G

             total       used       free     shared    buffers     cached
Mem:          2.0G       1.6G       380M       3.2M        38M       292M
-/+ buffers/cache:       1.3G       711M
Swap:         8.0G         0B       8.0G

             total       used       free     shared    buffers     cached
Mem:          2.0G       1.6G       366M       3.2M        38M       292M
-/+ buffers/cache:       1.3G       697M
Swap:         8.0G         0B       8.0G

             total       used       free     shared    buffers     cached
Mem:          2.0G       1.6G       352M       3.2M        38M       292M
-/+ buffers/cache:       1.3G       683M
Swap:         8.0G         0B       8.0G

             total       used       free     shared    buffers     cached
Mem:          2.0G       1.6G       339M       3.2M        38M       291M
-/+ buffers/cache:       1.3G       670M
Swap:         8.0G         0B       8.0G

             total       used       free     shared    buffers     cached
Mem:          2.0G       1.6G       323M       3.2M        38M       292M
-/+ buffers/cache:       1.3G       654M
Swap:         8.0G         0B       8.0G

             total       used       free     shared    buffers     cached
Mem:          2.0G       1.7G       308M       3.2M        38M       292M
-/+ buffers/cache:       1.3G       639M
Swap:         8.0G         0B       8.0G

             total       used       free     shared    buffers     cached
Mem:          2.0G       1.7G       295M       3.2M        38M       292M
-/+ buffers/cache:       1.3G       626M
Swap:         8.0G         0B       8.0G

             total       used       free     shared    buffers     cached
Mem:          2.0G       1.7G       282M       3.2M        38M       292M
-/+ buffers/cache:       1.4G       613M
Swap:         8.0G         0B       8.0G

             total       used       free     shared    buffers     cached
Mem:          2.0G       1.7G       268M       3.2M        38M       292M
-/+ buffers/cache:       1.4G       599M
Swap:         8.0G         0B       8.0G

             total       used       free     shared    buffers     cached
Mem:          2.0G       1.7G       254M       3.2M        38M       292M
-/+ buffers/cache:       1.4G       585M
Swap:         8.0G         0B       8.0G

             total       used       free     shared    buffers     cached
Mem:          2.0G       1.7G       241M       3.2M        38M       292M
-/+ buffers/cache:       1.4G       572M
Swap:         8.0G         0B       8.0G

             total       used       free     shared    buffers     cached
Mem:          2.0G       1.7G       227M       3.2M        38M       292M
-/+ buffers/cache:       1.4G       558M
Swap:         8.0G         0B       8.0G

             total       used       free     shared    buffers     cached
Mem:          2.0G       1.7G       213M       3.2M        38M       292M
-/+ buffers/cache:       1.4G       544M
Swap:         8.0G         0B       8.0G

             total       used       free     shared    buffers     cached
Mem:          2.0G       1.8G       200M       3.2M        38M       292M
-/+ buffers/cache:       1.4G       531M
Swap:         8.0G         0B       8.0G

             total       used       free     shared    buffers     cached
Mem:          2.0G       1.8G       187M       3.2M        38M       291M
-/+ buffers/cache:       1.4G       518M
Swap:         8.0G         0B       8.0G

             total       used       free     shared    buffers     cached
Mem:          2.0G       1.8G       172M       3.2M        38M       292M
-/+ buffers/cache:       1.5G       503M
Swap:         8.0G         0B       8.0G

             total       used       free     shared    buffers     cached
Mem:          2.0G       1.8G       158M       3.2M        38M       292M
-/+ buffers/cache:       1.5G       489M
Swap:         8.0G         0B       8.0G

             total       used       free     shared    buffers     cached
Mem:          2.0G       1.8G       144M       3.2M        38M       292M
-/+ buffers/cache:       1.5G       475M
Swap:         8.0G         0B       8.0G

             total       used       free     shared    buffers     cached
Mem:          2.0G       1.8G       130M       3.2M        38M       292M
-/+ buffers/cache:       1.5G       461M
Swap:         8.0G         0B       8.0G

             total       used       free     shared    buffers     cached
Mem:          2.0G       1.8G       115M       3.2M        39M       291M
-/+ buffers/cache:       1.5G       446M
Swap:         8.0G         0B       8.0G

             total       used       free     shared    buffers     cached
Mem:          2.0G       1.9G       101M       3.2M        39M       292M
-/+ buffers/cache:       1.5G       432M
Swap:         8.0G         0B       8.0G

             total       used       free     shared    buffers     cached
Mem:          2.0G       1.9G        87M       3.2M        39M       292M
-/+ buffers/cache:       1.5G       418M
Swap:         8.0G         0B       8.0G

             total       used       free     shared    buffers     cached
Mem:          2.0G       1.9G        74M       3.2M        39M       292M
-/+ buffers/cache:       1.6G       405M
Swap:         8.0G         0B       8.0G

             total       used       free     shared    buffers     cached
Mem:          2.0G       1.9G        82M       3.2M        17M       290M
-/+ buffers/cache:       1.6G       390M
Swap:         8.0G         0B       8.0G

             total       used       free     shared    buffers     cached
Mem:          2.0G       1.9G        67M       3.2M        17M       290M
-/+ buffers/cache:       1.6G       375M
Swap:         8.0G         0B       8.0G

             total       used       free     shared    buffers     cached
Mem:          2.0G       1.9G        71M       3.2M        10M       281M
-/+ buffers/cache:       1.6G       363M
Swap:         8.0G         0B       8.0G

             total       used       free     shared    buffers     cached
Mem:          2.0G       1.9G        75M       3.2M       9.9M       265M
-/+ buffers/cache:       1.6G       350M
Swap:         8.0G       116K       8.0G

             total       used       free     shared    buffers     cached
Mem:          2.0G       1.9G        79M       3.1M       9.9M       247M
-/+ buffers/cache:       1.6G       336M
Swap:         8.0G       256K       8.0G

             total       used       free     shared    buffers     cached
Mem:          2.0G       1.9G        65M       3.1M       9.9M       247M
-/+ buffers/cache:       1.6G       322M
Swap:         8.0G       256K       8.0G

             total       used       free     shared    buffers     cached
Mem:          2.0G       1.9G        66M       3.0M       9.9M       235M
-/+ buffers/cache:       1.6G       311M
Swap:         8.0G       5.6M       8.0G

             total       used       free     shared    buffers     cached
Mem:          2.0G       1.9G        85M       2.9M       8.8M       208M
-/+ buffers/cache:       1.7G       303M
Swap:         8.0G        11M       8.0G

             total       used       free     shared    buffers     cached
Mem:          2.0G       1.9G        71M       2.9M       8.8M       208M
-/+ buffers/cache:       1.7G       289M
Swap:         8.0G        11M       8.0G

             total       used       free     shared    buffers     cached
Mem:          2.0G       1.9G        70M       2.9M       2.8M       201M
-/+ buffers/cache:       1.7G       275M
Swap:         8.0G        11M       8.0G

             total       used       free     shared    buffers     cached
Mem:          2.0G       1.9G        72M       2.9M       1.2M       186M
-/+ buffers/cache:       1.7G       260M
Swap:         8.0G        11M       8.0G

             total       used       free     shared    buffers     cached
Mem:          2.0G       1.9G        80M       2.9M       340K       165M
-/+ buffers/cache:       1.7G       246M
Swap:         8.0G        11M       8.0G

             total       used       free     shared    buffers     cached
Mem:          2.0G       1.9G        68M       2.9M       348K       165M
-/+ buffers/cache:       1.7G       234M
Swap:         8.0G        11M       8.0G

             total       used       free     shared    buffers     cached
Mem:          2.0G       1.9G        74M       2.9M       348K       145M
-/+ buffers/cache:       1.7G       220M
Swap:         8.0G        11M       8.0G

             total       used       free     shared    buffers     cached
Mem:          2.0G       1.9G        78M       2.9M        80K       129M
-/+ buffers/cache:       1.8G       208M
Swap:         8.0G        11M       8.0G

             total       used       free     shared    buffers     cached
Mem:          2.0G       1.9G        67M       2.9M        80K       129M
-/+ buffers/cache:       1.8G       196M
Swap:         8.0G        11M       8.0G

             total       used       free     shared    buffers     cached
Mem:          2.0G       1.9G        69M       2.9M        76K       113M
-/+ buffers/cache:       1.8G       183M
Swap:         8.0G        11M       8.0G

             total       used       free     shared    buffers     cached
Mem:          2.0G       1.9G        72M       2.9M        88K       100M
-/+ buffers/cache:       1.8G       173M
Swap:         8.0G        11M       8.0G

             total       used       free     shared    buffers     cached
Mem:          2.0G       1.9G        72M       2.9M        96K        89M
-/+ buffers/cache:       1.8G       161M
Swap:         8.0G        11M       8.0G

             total       used       free     shared    buffers     cached
Mem:          2.0G       1.9G        80M       2.9M       100K        69M
-/+ buffers/cache:       1.8G       149M
Swap:         8.0G        11M       8.0G

             total       used       free     shared    buffers     cached
Mem:          2.0G       1.9G        67M       2.9M       100K        69M
-/+ buffers/cache:       1.8G       136M
Swap:         8.0G        11M       8.0G

             total       used       free     shared    buffers     cached
Mem:          2.0G       1.9G        71M       2.9M       100K        53M
-/+ buffers/cache:       1.8G       125M
Swap:         8.0G        11M       8.0G

             total       used       free     shared    buffers     cached
Mem:          2.0G       1.9G        75M       2.9M       108K        37M
-/+ buffers/cache:       1.8G       113M
Swap:         8.0G        11M       8.0G

             total       used       free     shared    buffers     cached
Mem:          2.0G       1.9G        66M       2.9M       388K        33M
-/+ buffers/cache:       1.9G       100M
Swap:         8.0G        11M       8.0G

             total       used       free     shared    buffers     cached
Mem:          2.0G       1.9G        73M       2.5M       836K        23M
-/+ buffers/cache:       1.9G        97M
Swap:         8.0G        29M       8.0G

             total       used       free     shared    buffers     cached
Mem:          2.0G       1.9G        74M       2.5M       752K        14M
-/+ buffers/cache:       1.9G        89M
Swap:         8.0G        29M       8.0G

             total       used       free     shared    buffers     cached
Mem:          2.0G       1.9G        75M       2.5M        80K       4.7M
-/+ buffers/cache:       1.9G        80M
Swap:         8.0G        29M       8.0G

             total       used       free     shared    buffers     cached
Mem:          2.0G       1.9G        65M       2.5M       508K       4.6M
-/+ buffers/cache:       1.9G        70M
Swap:         8.0G        35M       8.0G

             total       used       free     shared    buffers     cached
Mem:          2.0G       1.9G        73M       2.5M       516K       4.6M
-/+ buffers/cache:       1.9G        78M
Swap:         8.0G        59M       7.9G

             total       used       free     shared    buffers     cached
Mem:          2.0G       1.9G        75M       2.5M       516K       4.7M
-/+ buffers/cache:       1.9G        80M
Swap:         8.0G        89M       7.9G

             total       used       free     shared    buffers     cached
Mem:          2.0G       1.9G        74M       2.5M       516K       4.7M
-/+ buffers/cache:       1.9G        79M
Swap:         8.0G        89M       7.9G

             total       used       free     shared    buffers     cached
Mem:          2.0G       1.9G        81M       2.5M       516K       4.5M
-/+ buffers/cache:       1.9G        86M
Swap:         8.0G       107M       7.9G

             total       used       free     shared    buffers     cached
Mem:          2.0G       1.9G        68M       2.4M       516K       4.5M
-/+ buffers/cache:       1.9G        73M
Swap:         8.0G       107M       7.9G

             total       used       free     shared    buffers     cached
Mem:          2.0G       1.9G        67M       2.4M       516K       4.5M
-/+ buffers/cache:       1.9G        72M
Swap:         8.0G       120M       7.9G

             total       used       free     shared    buffers     cached
Mem:          2.0G       1.9G        69M       2.4M       524K       4.4M
-/+ buffers/cache:       1.9G        74M
Swap:         8.0G       149M       7.9G

             total       used       free     shared    buffers     cached
Mem:          2.0G       1.9G        71M       2.4M       524K       4.4M
-/+ buffers/cache:       1.9G        76M
Swap:         8.0G       149M       7.9G

             total       used       free     shared    buffers     cached
Mem:          2.0G       1.9G        71M       2.4M       524K       4.4M
-/+ buffers/cache:       1.9G        75M
Swap:         8.0G       173M       7.8G

             total       used       free     shared    buffers     cached
Mem:          2.0G       1.9G        72M       2.4M       524K       4.4M
-/+ buffers/cache:       1.9G        77M
Swap:         8.0G       173M       7.8G

             total       used       free     shared    buffers     cached
Mem:          2.0G       1.9G        73M       2.4M       524K       4.3M
-/+ buffers/cache:       1.9G        78M
Swap:         8.0G       193M       7.8G

             total       used       free     shared    buffers     cached
Mem:          2.0G       1.9G        80M       2.3M       532K       4.2M
-/+ buffers/cache:       1.9G        84M
Swap:         8.0G       216M       7.8G

             total       used       free     shared    buffers     cached
Mem:          2.0G       1.9G        74M       2.3M       532K       4.2M
-/+ buffers/cache:       1.9G        78M
Swap:         8.0G       216M       7.8G

             total       used       free     shared    buffers     cached
Mem:          2.0G       1.9G        67M       2.3M       532K       4.2M
-/+ buffers/cache:       1.9G        72M
Swap:         8.0G       216M       7.8G

             total       used       free     shared    buffers     cached
Mem:          2.0G       1.9G        78M       2.3M       532K       4.2M
-/+ buffers/cache:       1.9G        83M
Swap:         8.0G       218M       7.8G

             total       used       free     shared    buffers     cached
Mem:          2.0G       1.9G        67M       2.3M       532K       4.2M
-/+ buffers/cache:       1.9G        71M
Swap:         8.0G       229M       7.8G

             total       used       free     shared    buffers     cached
Mem:          2.0G       1.9G        68M       2.3M       540K       4.2M
-/+ buffers/cache:       1.9G        73M
Swap:         8.0G       234M       7.8G

             total       used       free     shared    buffers     cached
Mem:          2.0G       1.9G        88M       2.3M       548K       4.2M
-/+ buffers/cache:       1.9G        93M
Swap:         8.0G       292M       7.7G

             total       used       free     shared    buffers     cached
Mem:          2.0G       1.9G        78M       2.3M       548K       4.2M
-/+ buffers/cache:       1.9G        83M
Swap:         8.0G       292M       7.7G

             total       used       free     shared    buffers     cached
Mem:          2.0G       1.9G        70M       2.3M       548K       4.2M
-/+ buffers/cache:       1.9G        74M
Swap:         8.0G       292M       7.7G

             total       used       free     shared    buffers     cached
Mem:          2.0G       1.9G        76M       2.3M       548K       4.2M
-/+ buffers/cache:       1.9G        81M
Swap:         8.0G       292M       7.7G

             total       used       free     shared    buffers     cached
Mem:          2.0G       1.9G        75M       2.3M       548K       4.2M
-/+ buffers/cache:       1.9G        80M
Swap:         8.0G       292M       7.7G

             total       used       free     shared    buffers     cached
Mem:          2.0G       1.9G        75M       2.3M       556K       4.2M
-/+ buffers/cache:       1.9G        79M
Swap:         8.0G       292M       7.7G

             total       used       free     shared    buffers     cached
Mem:          2.0G       1.9G        74M       2.3M       556K       4.2M
-/+ buffers/cache:       1.9G        79M
Swap:         8.0G       291M       7.7G

             total       used       free     shared    buffers     cached
Mem:          2.0G       1.9G        74M       2.3M       556K       4.2M
-/+ buffers/cache:       1.9G        78M
Swap:         8.0G       291M       7.7G

             total       used       free     shared    buffers     cached
Mem:          2.0G       1.9G        73M       2.3M       556K       4.2M
-/+ buffers/cache:       1.9G        78M
Swap:         8.0G       291M       7.7G

             total       used       free     shared    buffers     cached
Mem:          2.0G       1.9G        72M       2.3M       556K       4.2M
-/+ buffers/cache:       1.9G        77M
Swap:         8.0G       290M       7.7G

             total       used       free     shared    buffers     cached
Mem:          2.0G       1.9G        72M       2.3M       564K       4.2M
-/+ buffers/cache:       1.9G        77M
Swap:         8.0G       290M       7.7G

             total       used       free     shared    buffers     cached
Mem:          2.0G       1.9G        69M       2.3M       856K       5.5M
-/+ buffers/cache:       1.9G        75M
Swap:         8.0G       290M       7.7G

             total       used       free     shared    buffers     cached
Mem:          2.0G       1.9G        71M       2.3M       328K        30M
-/+ buffers/cache:       1.9G       102M
Swap:         8.0G       320M       7.7G

             total       used       free     shared    buffers     cached
Mem:          2.0G       1.9G        75M       2.3M       328K        30M
-/+ buffers/cache:       1.8G       106M
Swap:         8.0G       319M       7.7G

             total       used       free     shared    buffers     cached
Mem:          2.0G       1.9G        74M       2.3M       340K        30M
-/+ buffers/cache:       1.9G       105M
Swap:         8.0G       319M       7.7G

             total       used       free     shared    buffers     cached
Mem:          2.0G       1.9G        73M       2.3M       340K        30M
-/+ buffers/cache:       1.9G       104M
Swap:         8.0G       318M       7.7G

             total       used       free     shared    buffers     cached
Mem:          2.0G       1.9G        72M       2.3M       340K        30M
-/+ buffers/cache:       1.9G       103M
Swap:         8.0G       318M       7.7G

             total       used       free     shared    buffers     cached
Mem:          2.0G       1.9G        71M       2.3M       348K        30M
-/+ buffers/cache:       1.9G       102M
Swap:         8.0G       317M       7.7G

             total       used       free     shared    buffers     cached
Mem:          2.0G       1.9G        70M       2.3M       348K        30M
-/+ buffers/cache:       1.9G       102M
Swap:         8.0G       317M       7.7G

             total       used       free     shared    buffers     cached
Mem:          2.0G       1.9G        68M       2.3M       348K        32M
-/+ buffers/cache:       1.9G       101M
Swap:         8.0G       316M       7.7G

             total       used       free     shared    buffers     cached
Mem:          2.0G       1.9G        67M       2.3M       348K        32M
-/+ buffers/cache:       1.9G       100M
Swap:         8.0G       316M       7.7G

             total       used       free     shared    buffers     cached
Mem:          2.0G       1.9G        66M       2.3M       348K        33M
-/+ buffers/cache:       1.9G        99M
Swap:         8.0G       315M       7.7G

             total       used       free     shared    buffers     cached
Mem:          2.0G       1.9G        65M       2.3M       348K        33M
-/+ buffers/cache:       1.9G        98M
Swap:         8.0G       315M       7.7G

             total       used       free     shared    buffers     cached
Mem:          2.0G       1.9G        64M       2.3M       356K        33M
-/+ buffers/cache:       1.9G        98M
Swap:         8.0G       315M       7.7G

             total       used       free     shared    buffers     cached
Mem:          2.0G       1.9G        80M       2.3M       356K        31M
-/+ buffers/cache:       1.8G       112M
Swap:         8.0G       338M       7.7G

             total       used       free     shared    buffers     cached
Mem:          2.0G       1.9G        79M       2.3M       356K        31M
-/+ buffers/cache:       1.8G       111M
Swap:         8.0G       337M       7.7G

             total       used       free     shared    buffers     cached
Mem:          2.0G       1.9G        79M       2.3M       356K        31M
-/+ buffers/cache:       1.8G       110M
Swap:         8.0G       337M       7.7G

             total       used       free     shared    buffers     cached
Mem:          2.0G       1.9G        78M       2.3M       356K        31M
-/+ buffers/cache:       1.8G       110M
Swap:         8.0G       337M       7.7G

             total       used       free     shared    buffers     cached
Mem:          2.0G       1.9G        77M       2.3M       364K        31M
-/+ buffers/cache:       1.8G       109M
Swap:         8.0G       336M       7.7G

             total       used       free     shared    buffers     cached
Mem:          2.0G       1.9G        77M       2.3M       364K        31M
-/+ buffers/cache:       1.8G       109M
Swap:         8.0G       336M       7.7G

             total       used       free     shared    buffers     cached
Mem:          2.0G       1.9G        76M       2.3M       364K        31M
-/+ buffers/cache:       1.8G       108M
Swap:         8.0G       336M       7.7G

             total       used       free     shared    buffers     cached
Mem:          2.0G       1.9G        76M       2.3M       364K        31M
-/+ buffers/cache:       1.8G       107M
Swap:         8.0G       335M       7.7G

             total       used       free     shared    buffers     cached
Mem:          2.0G       1.9G        75M       2.3M       364K        31M
-/+ buffers/cache:       1.8G       107M
Swap:         8.0G       335M       7.7G

             total       used       free     shared    buffers     cached
Mem:          2.0G       1.9G        74M       2.3M       364K        31M
-/+ buffers/cache:       1.8G       106M
Swap:         8.0G       335M       7.7G

             total       used       free     shared    buffers     cached
Mem:          2.0G       1.9G        74M       2.3M       372K        31M
-/+ buffers/cache:       1.8G       105M
Swap:         8.0G       334M       7.7G

             total       used       free     shared    buffers     cached
Mem:          2.0G       1.9G        73M       2.3M       372K        31M
-/+ buffers/cache:       1.9G       105M
Swap:         8.0G       334M       7.7G

             total       used       free     shared    buffers     cached
Mem:          2.0G       1.9G        73M       2.3M       372K        31M
-/+ buffers/cache:       1.9G       104M
Swap:         8.0G       333M       7.7G

             total       used       free     shared    buffers     cached
Mem:          2.0G       1.9G        66M       2.3M       372K        36M
-/+ buffers/cache:       1.9G       103M
Swap:         8.0G       333M       7.7G

             total       used       free     shared    buffers     cached
Mem:          2.0G       1.9G        65M       2.3M       688K        36M
-/+ buffers/cache:       1.9G       102M
Swap:         8.0G       332M       7.7G

             total       used       free     shared    buffers     cached
Mem:          2.0G       1.9G        64M       2.3M       696K        36M
-/+ buffers/cache:       1.9G       102M
Swap:         8.0G       332M       7.7G

             total       used       free     shared    buffers     cached
Mem:          2.0G       1.9G        78M       2.3M       588K        33M
-/+ buffers/cache:       1.8G       112M
Swap:         8.0G       341M       7.7G

             total       used       free     shared    buffers     cached
Mem:          2.0G       1.9G        78M       2.3M       588K        33M
-/+ buffers/cache:       1.8G       111M
Swap:         8.0G       340M       7.7G

             total       used       free     shared    buffers     cached
Mem:          2.0G       1.9G        77M       2.3M       588K        33M
-/+ buffers/cache:       1.8G       111M
Swap:         8.0G       340M       7.7G

             total       used       free     shared    buffers     cached
Mem:          2.0G       1.9G        77M       2.3M       588K        33M
-/+ buffers/cache:       1.8G       110M
Swap:         8.0G       340M       7.7G

             total       used       free     shared    buffers     cached
Mem:          2.0G       1.9G        76M       2.3M       588K        33M
-/+ buffers/cache:       1.8G       110M
Swap:         8.0G       339M       7.7G

             total       used       free     shared    buffers     cached
Mem:          2.0G       1.9G        75M       2.3M       596K        33M
-/+ buffers/cache:       1.8G       109M
Swap:         8.0G       339M       7.7G

             total       used       free     shared    buffers     cached
Mem:          2.0G       1.9G        75M       2.3M       596K        33M
-/+ buffers/cache:       1.8G       108M
Swap:         8.0G       339M       7.7G

             total       used       free     shared    buffers     cached
Mem:          2.0G       1.9G        74M       2.3M       596K        33M
-/+ buffers/cache:       1.8G       108M
Swap:         8.0G       338M       7.7G

             total       used       free     shared    buffers     cached
Mem:          2.0G       1.9G        74M       2.3M       596K        33M
-/+ buffers/cache:       1.8G       107M
Swap:         8.0G       338M       7.7G

             total       used       free     shared    buffers     cached
Mem:          2.0G       1.9G        73M       2.3M       596K        33M
-/+ buffers/cache:       1.8G       107M
Swap:         8.0G       337M       7.7G

             total       used       free     shared    buffers     cached
Mem:          2.0G       1.9G        72M       2.3M       604K        33M
-/+ buffers/cache:       1.8G       106M
Swap:         8.0G       337M       7.7G

             total       used       free     shared    buffers     cached
Mem:          2.0G       1.9G        72M       2.3M       604K        33M
-/+ buffers/cache:       1.8G       105M
Swap:         8.0G       337M       7.7G

             total       used       free     shared    buffers     cached
Mem:          2.0G       1.9G        71M       2.3M       604K        33M
-/+ buffers/cache:       1.9G       105M
Swap:         8.0G       336M       7.7G

             total       used       free     shared    buffers     cached
Mem:          2.0G       1.9G        70M       2.3M       604K        33M
-/+ buffers/cache:       1.9G       104M
Swap:         8.0G       336M       7.7G

             total       used       free     shared    buffers     cached
Mem:          2.0G       1.9G        70M       2.3M       604K        33M
-/+ buffers/cache:       1.9G       103M
Swap:         8.0G       335M       7.7G

             total       used       free     shared    buffers     cached
Mem:          2.0G       1.9G        69M       2.3M       604K        33M
-/+ buffers/cache:       1.9G       103M
Swap:         8.0G       335M       7.7G

             total       used       free     shared    buffers     cached
Mem:          2.0G       1.9G        68M       2.3M       612K        33M
-/+ buffers/cache:       1.9G       102M
Swap:         8.0G       334M       7.7G

             total       used       free     shared    buffers     cached
Mem:          2.0G       1.9G        68M       2.3M       612K        33M
-/+ buffers/cache:       1.9G       102M
Swap:         8.0G       334M       7.7G

             total       used       free     shared    buffers     cached
Mem:          2.0G       1.9G        67M       2.3M       612K        33M
-/+ buffers/cache:       1.9G       101M
Swap:         8.0G       334M       7.7G

             total       used       free     shared    buffers     cached
Mem:          2.0G       1.9G        66M       2.3M       612K        33M
-/+ buffers/cache:       1.9G       100M
Swap:         8.0G       333M       7.7G

             total       used       free     shared    buffers     cached
Mem:          2.0G       1.9G        66M       2.3M       612K        33M
-/+ buffers/cache:       1.9G        99M
Swap:         8.0G       333M       7.7G

             total       used       free     shared    buffers     cached
Mem:          2.0G       1.9G        65M       2.3M       620K        33M
-/+ buffers/cache:       1.9G        99M
Swap:         8.0G       333M       7.7G

             total       used       free     shared    buffers     cached
Mem:          2.0G       1.9G        64M       2.3M       620K        33M
-/+ buffers/cache:       1.9G        98M
Swap:         8.0G       332M       7.7G

             total       used       free     shared    buffers     cached
Mem:          2.0G       1.9G        83M       2.3M       588K        30M
-/+ buffers/cache:       1.8G       114M
Swap:         8.0G       353M       7.7G

             total       used       free     shared    buffers     cached
Mem:          2.0G       1.9G        82M       2.3M       588K        30M
-/+ buffers/cache:       1.8G       113M
Swap:         8.0G       352M       7.7G

             total       used       free     shared    buffers     cached
Mem:          2.0G       1.9G        81M       2.3M       588K        30M
-/+ buffers/cache:       1.8G       112M
Swap:         8.0G       352M       7.7G

             total       used       free     shared    buffers     cached
Mem:          2.0G       1.9G        81M       2.3M       588K        30M
-/+ buffers/cache:       1.8G       112M
Swap:         8.0G       351M       7.7G

             total       used       free     shared    buffers     cached
Mem:          2.0G       1.9G        80M       2.3M       596K        30M
-/+ buffers/cache:       1.8G       111M
Swap:         8.0G       351M       7.7G

             total       used       free     shared    buffers     cached
Mem:          2.0G       1.9G        79M       2.3M       596K        30M
-/+ buffers/cache:       1.8G       110M
Swap:         8.0G       351M       7.7G

             total       used       free     shared    buffers     cached
Mem:          2.0G       1.9G        79M       2.3M       596K        30M
-/+ buffers/cache:       1.8G       110M
Swap:         8.0G       350M       7.7G

             total       used       free     shared    buffers     cached
Mem:          2.0G       1.9G        78M       2.3M       596K        30M
-/+ buffers/cache:       1.8G       109M
Swap:         8.0G       350M       7.7G

             total       used       free     shared    buffers     cached
Mem:          2.0G       1.9G        78M       2.3M       596K        30M
-/+ buffers/cache:       1.8G       108M
Swap:         8.0G       349M       7.7G

             total       used       free     shared    buffers     cached
Mem:          2.0G       1.9G        77M       2.3M       604K        30M
-/+ buffers/cache:       1.8G       107M
Swap:         8.0G       349M       7.7G

             total       used       free     shared    buffers     cached
Mem:          2.0G       1.9G        76M       2.3M       604K        30M
-/+ buffers/cache:       1.8G       107M
Swap:         8.0G       348M       7.7G

             total       used       free     shared    buffers     cached
Mem:          2.0G       1.9G        76M       2.3M       604K        30M
-/+ buffers/cache:       1.8G       106M
Swap:         8.0G       348M       7.7G

             total       used       free     shared    buffers     cached
Mem:          2.0G       1.9G        74M       2.3M       604K        30M
-/+ buffers/cache:       1.8G       105M
Swap:         8.0G       347M       7.7G

             total       used       free     shared    buffers     cached
Mem:          2.0G       1.9G        74M       2.3M       604K        30M
-/+ buffers/cache:       1.9G       105M
Swap:         8.0G       347M       7.7G

             total       used       free     shared    buffers     cached
Mem:          2.0G       1.9G        72M       2.3M       740K        31M
-/+ buffers/cache:       1.9G       104M
Swap:         8.0G       346M       7.7G

             total       used       free     shared    buffers     cached
Mem:          2.0G       1.9G        71M       2.3M       748K        31M
-/+ buffers/cache:       1.9G       103M
Swap:         8.0G       346M       7.7G

             total       used       free     shared    buffers     cached
Mem:          2.0G       1.9G        70M       2.3M       748K        31M
-/+ buffers/cache:       1.9G       102M
Swap:         8.0G       346M       7.7G

             total       used       free     shared    buffers     cached
Mem:          2.0G       1.9G        70M       2.3M       748K        31M
-/+ buffers/cache:       1.9G       102M
Swap:         8.0G       345M       7.7G

             total       used       free     shared    buffers     cached
Mem:          2.0G       1.9G        75M       2.3M       748K        32M
-/+ buffers/cache:       1.8G       108M
Swap:         8.0G       347M       7.7G

             total       used       free     shared    buffers     cached
Mem:          2.0G       1.9G        74M       2.3M       748K        32M
-/+ buffers/cache:       1.8G       108M
Swap:         8.0G       346M       7.7G

             total       used       free     shared    buffers     cached
Mem:          2.0G       1.9G        74M       2.3M       756K        32M
-/+ buffers/cache:       1.8G       107M
Swap:         8.0G       346M       7.7G

             total       used       free     shared    buffers     cached
Mem:          2.0G       1.9G        66M       2.3M       756K        35M
-/+ buffers/cache:       1.9G       102M
Swap:         8.0G       344M       7.7G

             total       used       free     shared    buffers     cached
Mem:          2.0G       1.9G        66M       2.3M       756K        35M
-/+ buffers/cache:       1.9G       102M
Swap:         8.0G       344M       7.7G

             total       used       free     shared    buffers     cached
Mem:          2.0G       1.9G        65M       2.3M       756K        35M
-/+ buffers/cache:       1.9G       102M
Swap:         8.0G       343M       7.7G

             total       used       free     shared    buffers     cached
Mem:          2.0G       1.9G        65M       2.3M       756K        35M
-/+ buffers/cache:       1.9G       101M
Swap:         8.0G       343M       7.7G

             total       used       free     shared    buffers     cached
Mem:          2.0G       1.9G        64M       2.3M       756K        35M
-/+ buffers/cache:       1.9G       101M
Swap:         8.0G       343M       7.7G

             total       used       free     shared    buffers     cached
Mem:          2.0G       1.9G        77M       2.3M       764K        29M
-/+ buffers/cache:       1.8G       107M
Swap:         8.0G       352M       7.7G

             total       used       free     shared    buffers     cached
Mem:          2.0G       1.9G        77M       2.3M       764K        29M
-/+ buffers/cache:       1.8G       107M
Swap:         8.0G       351M       7.7G

             total       used       free     shared    buffers     cached
Mem:          2.0G       1.9G        77M       2.3M       764K        29M
-/+ buffers/cache:       1.8G       107M
Swap:         8.0G       351M       7.7G

             total       used       free     shared    buffers     cached
Mem:          2.0G       1.9G        76M       2.3M       764K        29M
-/+ buffers/cache:       1.8G       107M
Swap:         8.0G       351M       7.7G

             total       used       free     shared    buffers     cached
Mem:          2.0G       1.9G        76M       2.3M       764K        29M
-/+ buffers/cache:       1.8G       106M
Swap:         8.0G       351M       7.7G

             total       used       free     shared    buffers     cached
Mem:          2.0G       1.9G        87M       2.4M       248K        29M
-/+ buffers/cache:       1.8G       116M
Swap:         8.0G       377M       7.6G

             total       used       free     shared    buffers     cached
Mem:          2.0G       1.9G        80M       6.1M       3.4M        50M
-/+ buffers/cache:       1.8G       134M
Swap:         8.0G       403M       7.6G

             total       used       free     shared    buffers     cached
Mem:          2.0G       1.9G        75M       6.1M       5.3M        65M
-/+ buffers/cache:       1.8G       145M
Swap:         8.0G       411M       7.6G

             total       used       free     shared    buffers     cached
Mem:          2.0G       1.9G        65M       2.4M       5.3M        67M
-/+ buffers/cache:       1.8G       137M
Swap:         8.0G       408M       7.6G

             total       used       free     shared    buffers     cached
Mem:          2.0G       1.9G        78M       2.4M       4.4M        62M
-/+ buffers/cache:       1.8G       144M
Swap:         8.0G       424M       7.6G

             total       used       free     shared    buffers     cached
Mem:          2.0G       1.9G        77M       2.4M       4.4M        62M
-/+ buffers/cache:       1.8G       143M
Swap:         8.0G       423M       7.6G

             total       used       free     shared    buffers     cached
Mem:          2.0G       1.9G        76M       2.4M       4.4M        62M
-/+ buffers/cache:       1.8G       143M
Swap:         8.0G       423M       7.6G

             total       used       free     shared    buffers     cached
Mem:          2.0G       1.9G        74M       2.4M       4.5M        63M
-/+ buffers/cache:       1.8G       142M
Swap:         8.0G       422M       7.6G

             total       used       free     shared    buffers     cached
Mem:          2.0G       1.9G        73M       2.4M       4.5M        63M
-/+ buffers/cache:       1.8G       141M
Swap:         8.0G       422M       7.6G

             total       used       free     shared    buffers     cached
Mem:          2.0G       1.9G        72M       2.4M       4.5M        63M
-/+ buffers/cache:       1.8G       140M
Swap:         8.0G       421M       7.6G

             total       used       free     shared    buffers     cached
Mem:          2.0G       1.9G        71M       2.4M       4.5M        63M
-/+ buffers/cache:       1.8G       139M
Swap:         8.0G       420M       7.6G

             total       used       free     shared    buffers     cached
Mem:          2.0G       1.9G        70M       2.4M       4.5M        63M
-/+ buffers/cache:       1.8G       137M
Swap:         8.0G       420M       7.6G

             total       used       free     shared    buffers     cached
Mem:          2.0G       1.9G        69M       2.4M       4.5M        63M
-/+ buffers/cache:       1.8G       136M
Swap:         8.0G       419M       7.6G

             total       used       free     shared    buffers     cached
Mem:          2.0G       1.9G        68M       2.4M       4.5M        63M
-/+ buffers/cache:       1.8G       135M
Swap:         8.0G       419M       7.6G

             total       used       free     shared    buffers     cached
Mem:          2.0G       1.9G        67M       2.4M       4.5M        63M
-/+ buffers/cache:       1.8G       134M
Swap:         8.0G       418M       7.6G

             total       used       free     shared    buffers     cached
Mem:          2.0G       1.9G        66M       2.4M       4.5M        63M
-/+ buffers/cache:       1.8G       133M
Swap:         8.0G       418M       7.6G

             total       used       free     shared    buffers     cached
Mem:          2.0G       1.9G        65M       2.4M       4.5M        63M
-/+ buffers/cache:       1.8G       132M
Swap:         8.0G       417M       7.6G

             total       used       free     shared    buffers     cached
Mem:          2.0G       1.9G        83M       2.4M       4.3M        60M
-/+ buffers/cache:       1.8G       148M
Swap:         8.0G       439M       7.6G

             total       used       free     shared    buffers     cached
Mem:          2.0G       1.9G        82M       2.4M       4.3M        60M
-/+ buffers/cache:       1.8G       147M
Swap:         8.0G       439M       7.6G

             total       used       free     shared    buffers     cached
Mem:          2.0G       1.9G        81M       2.4M       4.3M        60M
-/+ buffers/cache:       1.8G       146M
Swap:         8.0G       438M       7.6G

             total       used       free     shared    buffers     cached
Mem:          2.0G       1.9G        80M       2.4M       4.3M        60M
-/+ buffers/cache:       1.8G       145M
Swap:         8.0G       438M       7.6G

             total       used       free     shared    buffers     cached
Mem:          2.0G       1.9G        78M       2.4M       4.3M        61M
-/+ buffers/cache:       1.8G       143M
Swap:         8.0G       437M       7.6G

             total       used       free     shared    buffers     cached
Mem:          2.0G       1.9G        77M       2.4M       4.3M        61M
-/+ buffers/cache:       1.8G       142M
Swap:         8.0G       436M       7.6G

             total       used       free     shared    buffers     cached
Mem:          2.0G       1.9G        76M       2.4M       4.3M        61M
-/+ buffers/cache:       1.8G       141M
Swap:         8.0G       436M       7.6G

             total       used       free     shared    buffers     cached
Mem:          2.0G       1.9G        75M       2.4M       4.3M        61M
-/+ buffers/cache:       1.8G       140M
Swap:         8.0G       435M       7.6G

             total       used       free     shared    buffers     cached
Mem:          2.0G       1.9G        73M       2.4M       4.3M        61M
-/+ buffers/cache:       1.8G       139M
Swap:         8.0G       435M       7.6G

             total       used       free     shared    buffers     cached
Mem:          2.0G       1.9G        72M       2.4M       4.3M        61M
-/+ buffers/cache:       1.8G       138M
Swap:         8.0G       434M       7.6G

             total       used       free     shared    buffers     cached
Mem:          2.0G       1.9G        71M       2.4M       4.3M        61M
-/+ buffers/cache:       1.8G       137M
Swap:         8.0G       433M       7.6G

             total       used       free     shared    buffers     cached
Mem:          2.0G       1.9G        70M       2.4M       4.3M        61M
-/+ buffers/cache:       1.8G       136M
Swap:         8.0G       433M       7.6G

             total       used       free     shared    buffers     cached
Mem:          2.0G       1.9G        69M       2.4M       4.3M        61M
-/+ buffers/cache:       1.8G       135M
Swap:         8.0G       432M       7.6G

             total       used       free     shared    buffers     cached
Mem:          2.0G       1.9G        68M       2.4M       4.3M        61M
-/+ buffers/cache:       1.8G       134M
Swap:         8.0G       432M       7.6G

             total       used       free     shared    buffers     cached
Mem:          2.0G       1.9G        67M       2.4M       4.3M        61M
-/+ buffers/cache:       1.8G       133M
Swap:         8.0G       431M       7.6G

             total       used       free     shared    buffers     cached
Mem:          2.0G       1.9G        66M       2.4M       4.3M        61M
-/+ buffers/cache:       1.8G       132M
Swap:         8.0G       431M       7.6G

             total       used       free     shared    buffers     cached
Mem:          2.0G       1.9G        65M       2.4M       4.3M        61M
-/+ buffers/cache:       1.8G       131M
Swap:         8.0G       430M       7.6G

             total       used       free     shared    buffers     cached
Mem:          2.0G       1.9G        78M       2.4M       4.3M        61M
-/+ buffers/cache:       1.8G       143M
Swap:         8.0G       431M       7.6G

             total       used       free     shared    buffers     cached
Mem:          2.0G       1.9G        75M       2.5M       8.0M        70M
-/+ buffers/cache:       1.8G       154M
Swap:         8.0G       453M       7.6G

             total       used       free     shared    buffers     cached
Mem:          2.0G       1.9G        72M       2.5M       8.3M        73M
-/+ buffers/cache:       1.8G       154M
Swap:         8.0G       452M       7.6G
