             total       used       free     shared    buffers     cached
Mem:          992M       655M       336M       3.2M        38M       289M
-/+ buffers/cache:       327M       664M
Swap:         8.0G         0B       8.0G

             total       used       free     shared    buffers     cached
Mem:          992M       654M       337M       1.4M        38M       287M
-/+ buffers/cache:       328M       663M
Swap:         8.0G         0B       8.0G

             total       used       free     shared    buffers     cached
Mem:          992M       654M       337M       1.4M        38M       287M
-/+ buffers/cache:       328M       664M
Swap:         8.0G         0B       8.0G

             total       used       free     shared    buffers     cached
Mem:          992M       654M       337M       1.4M        38M       287M
-/+ buffers/cache:       328M       664M
Swap:         8.0G         0B       8.0G

             total       used       free     shared    buffers     cached
Mem:          992M       654M       337M       1.4M        38M       287M
-/+ buffers/cache:       328M       664M
Swap:         8.0G         0B       8.0G

             total       used       free     shared    buffers     cached
Mem:          992M       654M       337M       1.4M        38M       287M
-/+ buffers/cache:       328M       664M
Swap:         8.0G         0B       8.0G

             total       used       free     shared    buffers     cached
Mem:          992M       654M       338M       1.4M        38M       287M
-/+ buffers/cache:       327M       664M
Swap:         8.0G         0B       8.0G

             total       used       free     shared    buffers     cached
Mem:          992M       653M       338M       1.4M        38M       288M
-/+ buffers/cache:       327M       664M
Swap:         8.0G         0B       8.0G

             total       used       free     shared    buffers     cached
Mem:          992M       653M       338M       1.4M        38M       288M
-/+ buffers/cache:       327M       664M
Swap:         8.0G         0B       8.0G

             total       used       free     shared    buffers     cached
Mem:          992M       657M       334M       1.4M        38M       288M
-/+ buffers/cache:       330M       661M
Swap:         8.0G         0B       8.0G

             total       used       free     shared    buffers     cached
Mem:          992M       676M       315M       1.4M        38M       288M
-/+ buffers/cache:       349M       642M
Swap:         8.0G         0B       8.0G

             total       used       free     shared    buffers     cached
Mem:          992M       661M       330M       1.4M        38M       289M
-/+ buffers/cache:       333M       658M
Swap:         8.0G         0B       8.0G

             total       used       free     shared    buffers     cached
Mem:          992M       663M       329M       1.4M        38M       289M
-/+ buffers/cache:       335M       656M
Swap:         8.0G         0B       8.0G

             total       used       free     shared    buffers     cached
Mem:          992M       663M       328M       1.4M        38M       289M
-/+ buffers/cache:       335M       656M
Swap:         8.0G         0B       8.0G

             total       used       free     shared    buffers     cached
Mem:          992M       663M       328M       1.4M        38M       289M
-/+ buffers/cache:       335M       656M
Swap:         8.0G         0B       8.0G

             total       used       free     shared    buffers     cached
Mem:          992M       663M       328M       1.4M        38M       289M
-/+ buffers/cache:       335M       656M
Swap:         8.0G         0B       8.0G

             total       used       free     shared    buffers     cached
Mem:          992M       663M       328M       1.4M        38M       289M
-/+ buffers/cache:       335M       656M
Swap:         8.0G         0B       8.0G

             total       used       free     shared    buffers     cached
Mem:          992M       663M       328M       1.4M        38M       289M
-/+ buffers/cache:       335M       656M
Swap:         8.0G         0B       8.0G

             total       used       free     shared    buffers     cached
Mem:          992M       663M       328M       1.4M        38M       289M
-/+ buffers/cache:       335M       656M
Swap:         8.0G         0B       8.0G

             total       used       free     shared    buffers     cached
Mem:          992M       663M       328M       1.4M        38M       289M
-/+ buffers/cache:       335M       656M
Swap:         8.0G         0B       8.0G

             total       used       free     shared    buffers     cached
Mem:          992M       663M       328M       1.4M        38M       289M
-/+ buffers/cache:       335M       656M
Swap:         8.0G         0B       8.0G

             total       used       free     shared    buffers     cached
Mem:          992M       663M       328M       1.4M        38M       289M
-/+ buffers/cache:       335M       656M
Swap:         8.0G         0B       8.0G

             total       used       free     shared    buffers     cached
Mem:          992M       663M       328M       1.4M        38M       289M
-/+ buffers/cache:       335M       656M
Swap:         8.0G         0B       8.0G

             total       used       free     shared    buffers     cached
Mem:          992M       663M       328M       1.4M        38M       289M
-/+ buffers/cache:       335M       656M
Swap:         8.0G         0B       8.0G

             total       used       free     shared    buffers     cached
Mem:          992M       663M       328M       1.4M        38M       289M
-/+ buffers/cache:       335M       656M
Swap:         8.0G         0B       8.0G

             total       used       free     shared    buffers     cached
Mem:          992M       663M       328M       1.4M        38M       289M
-/+ buffers/cache:       335M       656M
Swap:         8.0G         0B       8.0G

             total       used       free     shared    buffers     cached
Mem:          992M       663M       328M       1.4M        38M       289M
-/+ buffers/cache:       335M       656M
Swap:         8.0G         0B       8.0G

             total       used       free     shared    buffers     cached
Mem:          992M       663M       328M       1.4M        38M       289M
-/+ buffers/cache:       335M       656M
Swap:         8.0G         0B       8.0G

             total       used       free     shared    buffers     cached
Mem:          992M       663M       328M       1.4M        38M       289M
-/+ buffers/cache:       335M       656M
Swap:         8.0G         0B       8.0G

             total       used       free     shared    buffers     cached
Mem:          992M       663M       328M       1.4M        38M       289M
-/+ buffers/cache:       335M       656M
Swap:         8.0G         0B       8.0G

             total       used       free     shared    buffers     cached
Mem:          992M       663M       328M       1.4M        38M       289M
-/+ buffers/cache:       335M       656M
Swap:         8.0G         0B       8.0G

             total       used       free     shared    buffers     cached
Mem:          992M       663M       328M       1.4M        38M       289M
-/+ buffers/cache:       335M       656M
Swap:         8.0G         0B       8.0G

             total       used       free     shared    buffers     cached
Mem:          992M       663M       328M       1.4M        38M       289M
-/+ buffers/cache:       335M       656M
Swap:         8.0G         0B       8.0G

             total       used       free     shared    buffers     cached
Mem:          992M       670M       321M       1.4M        38M       289M
-/+ buffers/cache:       342M       649M
Swap:         8.0G         0B       8.0G

             total       used       free     shared    buffers     cached
Mem:          992M       687M       305M       1.4M        38M       289M
-/+ buffers/cache:       358M       633M
Swap:         8.0G         0B       8.0G

             total       used       free     shared    buffers     cached
Mem:          992M       704M       288M       1.4M        38M       289M
-/+ buffers/cache:       375M       616M
Swap:         8.0G         0B       8.0G

             total       used       free     shared    buffers     cached
Mem:          992M       719M       273M       1.4M        38M       289M
-/+ buffers/cache:       390M       601M
Swap:         8.0G         0B       8.0G

             total       used       free     shared    buffers     cached
Mem:          992M       736M       256M       1.4M        38M       289M
-/+ buffers/cache:       407M       584M
Swap:         8.0G         0B       8.0G

             total       used       free     shared    buffers     cached
Mem:          992M       753M       238M       1.4M        38M       289M
-/+ buffers/cache:       424M       567M
Swap:         8.0G         0B       8.0G

             total       used       free     shared    buffers     cached
Mem:          992M       769M       223M       1.4M        38M       289M
-/+ buffers/cache:       440M       551M
Swap:         8.0G         0B       8.0G

             total       used       free     shared    buffers     cached
Mem:          992M       782M       209M       1.4M        38M       289M
-/+ buffers/cache:       454M       537M
Swap:         8.0G         0B       8.0G

             total       used       free     shared    buffers     cached
Mem:          992M       797M       194M       1.4M        38M       289M
-/+ buffers/cache:       469M       522M
Swap:         8.0G         0B       8.0G

             total       used       free     shared    buffers     cached
Mem:          992M       812M       179M       1.4M        38M       289M
-/+ buffers/cache:       484M       507M
Swap:         8.0G         0B       8.0G

             total       used       free     shared    buffers     cached
Mem:          992M       830M       161M       1.4M        38M       289M
-/+ buffers/cache:       502M       489M
Swap:         8.0G         0B       8.0G

             total       used       free     shared    buffers     cached
Mem:          992M       844M       147M       1.4M        38M       289M
-/+ buffers/cache:       516M       475M
Swap:         8.0G         0B       8.0G

             total       used       free     shared    buffers     cached
Mem:          992M       860M       131M       1.4M        38M       289M
-/+ buffers/cache:       532M       459M
Swap:         8.0G         0B       8.0G

             total       used       free     shared    buffers     cached
Mem:          992M       875M       116M       1.4M        38M       289M
-/+ buffers/cache:       547M       444M
Swap:         8.0G         0B       8.0G

             total       used       free     shared    buffers     cached
Mem:          992M       889M       103M       1.4M        38M       289M
-/+ buffers/cache:       560M       431M
Swap:         8.0G         0B       8.0G

             total       used       free     shared    buffers     cached
Mem:          992M       902M        90M       1.4M        38M       289M
-/+ buffers/cache:       573M       418M
Swap:         8.0G         0B       8.0G

             total       used       free     shared    buffers     cached
Mem:          992M       917M        74M       1.4M        38M       289M
-/+ buffers/cache:       589M       402M
Swap:         8.0G         0B       8.0G

             total       used       free     shared    buffers     cached
Mem:          992M       933M        59M       1.4M        38M       289M
-/+ buffers/cache:       604M       387M
Swap:         8.0G         0B       8.0G

             total       used       free     shared    buffers     cached
Mem:          992M       926M        65M       1.4M        17M       288M
-/+ buffers/cache:       621M       371M
Swap:         8.0G         0B       8.0G

             total       used       free     shared    buffers     cached
Mem:          992M       924M        67M       1.4M        10M       278M
-/+ buffers/cache:       635M       356M
Swap:         8.0G         0B       8.0G

             total       used       free     shared    buffers     cached
Mem:          992M       924M        67M       1.4M       9.6M       262M
-/+ buffers/cache:       652M       339M
Swap:         8.0G       116K       8.0G

             total       used       free     shared    buffers     cached
Mem:          992M       921M        71M       1.3M       9.6M       243M
-/+ buffers/cache:       667M       324M
Swap:         8.0G       344K       8.0G

             total       used       free     shared    buffers     cached
Mem:          992M       922M        69M       1.2M       9.6M       232M
-/+ buffers/cache:       680M       311M
Swap:         8.0G       4.5M       8.0G

             total       used       free     shared    buffers     cached
Mem:          992M       906M        85M       1.2M       8.8M       205M
-/+ buffers/cache:       692M       299M
Swap:         8.0G       8.7M       8.0G

             total       used       free     shared    buffers     cached
Mem:          992M       922M        70M       1.2M       8.8M       205M
-/+ buffers/cache:       707M       284M
Swap:         8.0G       8.7M       8.0G

             total       used       free     shared    buffers     cached
Mem:          992M       922M        69M       1.2M       2.7M       198M
-/+ buffers/cache:       721M       270M
Swap:         8.0G       8.7M       8.0G

             total       used       free     shared    buffers     cached
Mem:          992M       921M        70M       1.2M       888K       184M
-/+ buffers/cache:       736M       255M
Swap:         8.0G       8.7M       8.0G

             total       used       free     shared    buffers     cached
Mem:          992M       913M        78M       1.2M       200K       163M
-/+ buffers/cache:       750M       241M
Swap:         8.0G       8.7M       8.0G

             total       used       free     shared    buffers     cached
Mem:          992M       929M        62M       1.2M       416K       163M
-/+ buffers/cache:       765M       226M
Swap:         8.0G       8.7M       8.0G

             total       used       free     shared    buffers     cached
Mem:          992M       921M        70M       1.2M       416K       143M
-/+ buffers/cache:       777M       214M
Swap:         8.0G       8.7M       8.0G

             total       used       free     shared    buffers     cached
Mem:          992M       914M        77M       1.2M       260K       126M
-/+ buffers/cache:       787M       204M
Swap:         8.0G       8.7M       8.0G

             total       used       free     shared    buffers     cached
Mem:          992M       929M        62M       1.2M       260K       126M
-/+ buffers/cache:       802M       189M
Swap:         8.0G       8.7M       8.0G

             total       used       free     shared    buffers     cached
Mem:          992M       927M        64M       1.2M       256K       112M
-/+ buffers/cache:       815M       176M
Swap:         8.0G       8.7M       8.0G

             total       used       free     shared    buffers     cached
Mem:          992M       927M        64M       1.2M       256K        98M
-/+ buffers/cache:       828M       163M
Swap:         8.0G       8.7M       8.0G

             total       used       free     shared    buffers     cached
Mem:          992M       929M        63M       1.2M       276K        87M
-/+ buffers/cache:       841M       150M
Swap:         8.0G       8.7M       8.0G

             total       used       free     shared    buffers     cached
Mem:          992M       923M        68M       1.2M       268K        67M
-/+ buffers/cache:       855M       136M
Swap:         8.0G       8.7M       8.0G

             total       used       free     shared    buffers     cached
Mem:          992M       923M        68M       1.2M       2.8M        48M
-/+ buffers/cache:       872M       119M
Swap:         8.0G       8.7M       8.0G

             total       used       free     shared    buffers     cached
Mem:          992M       921M        70M       1.2M       2.8M        31M
-/+ buffers/cache:       887M       105M
Swap:         8.0G       8.7M       8.0G

             total       used       free     shared    buffers     cached
Mem:          992M       920M        71M       1.0M       2.8M        18M
-/+ buffers/cache:       899M        92M
Swap:         8.0G        11M       8.0G

             total       used       free     shared    buffers     cached
Mem:          992M       921M        71M       1.0M        96K       8.1M
-/+ buffers/cache:       912M        79M
Swap:         8.0G        15M       8.0G

             total       used       free     shared    buffers     cached
Mem:          992M       919M        72M       1.0M       100K       2.9M
-/+ buffers/cache:       917M        75M
Swap:         8.0G        27M       8.0G

             total       used       free     shared    buffers     cached
Mem:          992M       921M        70M       740K       100K       2.6M
-/+ buffers/cache:       918M        73M
Swap:         8.0G        47M       8.0G

             total       used       free     shared    buffers     cached
Mem:          992M       921M        70M       712K       372K       2.6M
-/+ buffers/cache:       918M        73M
Swap:         8.0G        52M       7.9G

             total       used       free     shared    buffers     cached
Mem:          992M       911M        80M       656K       352K       2.8M
-/+ buffers/cache:       908M        83M
Swap:         8.0G        93M       7.9G

             total       used       free     shared    buffers     cached
Mem:          992M       926M        65M       660K       352K       3.0M
-/+ buffers/cache:       923M        68M
Swap:         8.0G        93M       7.9G

             total       used       free     shared    buffers     cached
Mem:          992M       928M        64M       660K       352K       2.9M
-/+ buffers/cache:       924M        67M
Swap:         8.0G        93M       7.9G

             total       used       free     shared    buffers     cached
Mem:          992M       921M        70M       652K       352K       2.9M
-/+ buffers/cache:       918M        73M
Swap:         8.0G       135M       7.9G

             total       used       free     shared    buffers     cached
Mem:          992M       922M        69M       652K       352K       2.9M
-/+ buffers/cache:       919M        72M
Swap:         8.0G       135M       7.9G

             total       used       free     shared    buffers     cached
Mem:          992M       923M        68M       652K       360K       2.9M
-/+ buffers/cache:       920M        71M
Swap:         8.0G       135M       7.9G

             total       used       free     shared    buffers     cached
Mem:          992M       895M        96M       548K       360K       2.7M
-/+ buffers/cache:       892M        99M
Swap:         8.0G       241M       7.8G

             total       used       free     shared    buffers     cached
Mem:          992M       909M        82M       560K       360K       2.7M
-/+ buffers/cache:       906M        85M
Swap:         8.0G       241M       7.8G

             total       used       free     shared    buffers     cached
Mem:          992M       921M        70M       560K       360K       2.9M
-/+ buffers/cache:       918M        73M
Swap:         8.0G       241M       7.8G

             total       used       free     shared    buffers     cached
Mem:          992M       922M        69M       560K       360K       2.9M
-/+ buffers/cache:       919M        72M
Swap:         8.0G       241M       7.8G

             total       used       free     shared    buffers     cached
Mem:          992M       923M        69M       560K       368K       3.0M
-/+ buffers/cache:       919M        72M
Swap:         8.0G       241M       7.8G

             total       used       free     shared    buffers     cached
Mem:          992M       919M        72M       560K       360K       3.0M
-/+ buffers/cache:       916M        76M
Swap:         8.0G       241M       7.8G

             total       used       free     shared    buffers     cached
Mem:          992M       921M        70M       560K       360K       3.0M
-/+ buffers/cache:       918M        73M
Swap:         8.0G       241M       7.8G

             total       used       free     shared    buffers     cached
Mem:          992M       921M        70M       560K       360K       2.8M
-/+ buffers/cache:       918M        73M
Swap:         8.0G       249M       7.8G

             total       used       free     shared    buffers     cached
Mem:          992M       920M        72M       540K       360K       2.8M
-/+ buffers/cache:       916M        75M
Swap:         8.0G       270M       7.7G

             total       used       free     shared    buffers     cached
Mem:          992M       926M        65M       540K       368K       2.8M
-/+ buffers/cache:       923M        68M
Swap:         8.0G       270M       7.7G

             total       used       free     shared    buffers     cached
Mem:          992M       921M        70M       540K       364K       2.7M
-/+ buffers/cache:       918M        73M
Swap:         8.0G       277M       7.7G

             total       used       free     shared    buffers     cached
Mem:          992M       928M        63M       540K       364K       2.7M
-/+ buffers/cache:       925M        66M
Swap:         8.0G       277M       7.7G

             total       used       free     shared    buffers     cached
Mem:          992M       921M        70M       540K       356K       2.7M
-/+ buffers/cache:       918M        73M
Swap:         8.0G       300M       7.7G

             total       used       free     shared    buffers     cached
Mem:          992M       927M        64M       540K       356K       2.7M
-/+ buffers/cache:       924M        67M
Swap:         8.0G       300M       7.7G

             total       used       free     shared    buffers     cached
Mem:          992M       921M        70M       540K       356K       2.7M
-/+ buffers/cache:       918M        73M
Swap:         8.0G       301M       7.7G

             total       used       free     shared    buffers     cached
Mem:          992M       926M        65M       540K       364K       2.7M
-/+ buffers/cache:       923M        68M
Swap:         8.0G       301M       7.7G

             total       used       free     shared    buffers     cached
Mem:          992M       912M        79M       540K       364K       2.6M
-/+ buffers/cache:       909M        82M
Swap:         8.0G       326M       7.7G

             total       used       free     shared    buffers     cached
Mem:          992M       917M        74M       540K       364K       2.7M
-/+ buffers/cache:       914M        77M
Swap:         8.0G       326M       7.7G

             total       used       free     shared    buffers     cached
Mem:          992M       918M        73M        20K       364K       2.1M
-/+ buffers/cache:       916M        76M
Swap:         8.0G       325M       7.7G

             total       used       free     shared    buffers     cached
Mem:          992M       920M        71M         8K       164K       2.0M
-/+ buffers/cache:       918M        73M
Swap:         8.0G       316M       7.7G

             total       used       free     shared    buffers     cached
Mem:          992M       920M        72M         8K        84K       1.9M
-/+ buffers/cache:       918M        74M
Swap:         8.0G       318M       7.7G

             total       used       free     shared    buffers     cached
Mem:          992M       926M        65M         4K        84K       1.8M
-/+ buffers/cache:       924M        67M
Swap:         8.0G       316M       7.7G

             total       used       free     shared    buffers     cached
Mem:          992M       922M        69M         0B        84K       1.7M
-/+ buffers/cache:       921M        71M
Swap:         8.0G       312M       7.7G

             total       used       free     shared    buffers     cached
Mem:          992M       920M        71M         0B       224K       1.4M
-/+ buffers/cache:       918M        73M
Swap:         8.0G       318M       7.7G

             total       used       free     shared    buffers     cached
Mem:          992M       923M        69M         0B       224K       1.3M
-/+ buffers/cache:       921M        70M
Swap:         8.0G       317M       7.7G

             total       used       free     shared    buffers     cached
Mem:          992M       926M        65M         0B       288K       1.2M
-/+ buffers/cache:       925M        66M
Swap:         8.0G       437M       7.6G

             total       used       free     shared    buffers     cached
Mem:          992M       928M        63M         0B       288K       1.2M
-/+ buffers/cache:       927M        65M
Swap:         8.0G       507M       7.5G

             total       used       free     shared    buffers     cached
Mem:          992M       912M        79M         0B       528K        22M
-/+ buffers/cache:       890M       101M
Swap:         8.0G       460M       7.5G

             total       used       free     shared    buffers     cached
Mem:          992M       912M        79M         0B       528K        22M
-/+ buffers/cache:       890M       101M
Swap:         8.0G       460M       7.5G

             total       used       free     shared    buffers     cached
Mem:          992M       928M        63M         0B       780K        22M
-/+ buffers/cache:       905M        86M
Swap:         8.0G       434M       7.6G

             total       used       free     shared    buffers     cached
Mem:          992M       892M        99M         0B       776K        18M
-/+ buffers/cache:       873M       118M
Swap:         8.0G       380M       7.6G

             total       used       free     shared    buffers     cached
Mem:          992M       916M        75M         0B       784K        18M
-/+ buffers/cache:       897M        94M
Swap:         8.0G       352M       7.7G

             total       used       free     shared    buffers     cached
Mem:          992M       920M        71M         0B       784K        18M
-/+ buffers/cache:       901M        90M
Swap:         8.0G       351M       7.7G

             total       used       free     shared    buffers     cached
Mem:          992M       925M        66M         0B       784K        18M
-/+ buffers/cache:       906M        85M
Swap:         8.0G       350M       7.7G

             total       used       free     shared    buffers     cached
Mem:          992M       914M        77M         0B       340K        16M
-/+ buffers/cache:       898M        94M
Swap:         8.0G       364M       7.6G

             total       used       free     shared    buffers     cached
Mem:          992M       919M        72M         0B       340K        16M
-/+ buffers/cache:       903M        89M
Swap:         8.0G       371M       7.6G

             total       used       free     shared    buffers     cached
Mem:          992M       923M        68M         0B       348K        16M
-/+ buffers/cache:       906M        85M
Swap:         8.0G       371M       7.6G

             total       used       free     shared    buffers     cached
Mem:          992M       929M        63M         0B       348K        16M
-/+ buffers/cache:       912M        79M
Swap:         8.0G       371M       7.6G

             total       used       free     shared    buffers     cached
Mem:          992M       921M        70M         0B        88K       4.2M
-/+ buffers/cache:       917M        75M
Swap:         8.0G       371M       7.6G

             total       used       free     shared    buffers     cached
Mem:          992M       926M        65M         0B        88K       4.3M
-/+ buffers/cache:       922M        70M
Swap:         8.0G       371M       7.6G

             total       used       free     shared    buffers     cached
Mem:          992M       931M        61M         0B        88K       4.3M
-/+ buffers/cache:       926M        65M
Swap:         8.0G       371M       7.6G

             total       used       free     shared    buffers     cached
Mem:          992M       919M        72M         0B        88K       2.4M
-/+ buffers/cache:       917M        75M
Swap:         8.0G       371M       7.6G

             total       used       free     shared    buffers     cached
Mem:          992M       921M        70M         0B        88K       2.4M
-/+ buffers/cache:       918M        73M
Swap:         8.0G       371M       7.6G

             total       used       free     shared    buffers     cached
Mem:          992M       922M        69M         0B        88K       2.3M
-/+ buffers/cache:       920M        71M
Swap:         8.0G       370M       7.6G

             total       used       free     shared    buffers     cached
Mem:          992M       924M        67M         0B        88K       2.4M
-/+ buffers/cache:       921M        70M
Swap:         8.0G       370M       7.6G

             total       used       free     shared    buffers     cached
Mem:          992M       925M        66M         0B        88K       2.3M
-/+ buffers/cache:       923M        68M
Swap:         8.0G       369M       7.6G

             total       used       free     shared    buffers     cached
Mem:          992M       927M        64M         0B        88K       2.4M
-/+ buffers/cache:       924M        67M
Swap:         8.0G       369M       7.6G

             total       used       free     shared    buffers     cached
Mem:          992M       930M        62M         0B       224K       3.2M
-/+ buffers/cache:       926M        65M
Swap:         8.0G       368M       7.6G

             total       used       free     shared    buffers     cached
Mem:          992M       912M        79M         0B       216K       2.4M
-/+ buffers/cache:       909M        82M
Swap:         8.0G       400M       7.6G

             total       used       free     shared    buffers     cached
Mem:          992M       913M        78M         0B       216K       2.5M
-/+ buffers/cache:       911M        80M
Swap:         8.0G       399M       7.6G

             total       used       free     shared    buffers     cached
Mem:          992M       915M        76M         0B       216K       2.4M
-/+ buffers/cache:       913M        79M
Swap:         8.0G       399M       7.6G

             total       used       free     shared    buffers     cached
Mem:          992M       917M        75M         0B       216K       2.4M
-/+ buffers/cache:       914M        77M
Swap:         8.0G       398M       7.6G

             total       used       free     shared    buffers     cached
Mem:          992M       918M        73M         0B       224K       2.4M
-/+ buffers/cache:       915M        76M
Swap:         8.0G       398M       7.6G

             total       used       free     shared    buffers     cached
Mem:          992M       920M        72M         0B       224K       2.5M
-/+ buffers/cache:       917M        74M
Swap:         8.0G       397M       7.6G

             total       used       free     shared    buffers     cached
Mem:          992M       921M        70M         0B       224K       2.5M
-/+ buffers/cache:       919M        73M
Swap:         8.0G       397M       7.6G

             total       used       free     shared    buffers     cached
Mem:          992M       923M        69M         0B       224K       2.4M
-/+ buffers/cache:       920M        71M
Swap:         8.0G       396M       7.6G

             total       used       free     shared    buffers     cached
Mem:          992M       924M        67M         0B       224K       2.5M
-/+ buffers/cache:       922M        70M
Swap:         8.0G       395M       7.6G

             total       used       free     shared    buffers     cached
Mem:          992M       926M        65M         0B       232K       2.5M
-/+ buffers/cache:       923M        68M
Swap:         8.0G       395M       7.6G

             total       used       free     shared    buffers     cached
Mem:          992M       927M        64M         0B       232K       2.6M
-/+ buffers/cache:       925M        67M
Swap:         8.0G       394M       7.6G

             total       used       free     shared    buffers     cached
Mem:          992M       929M        62M         0B       232K       2.6M
-/+ buffers/cache:       926M        65M
Swap:         8.0G       394M       7.6G

             total       used       free     shared    buffers     cached
Mem:          992M       930M        61M         0B       232K       2.6M
-/+ buffers/cache:       928M        64M
Swap:         8.0G       393M       7.6G

             total       used       free     shared    buffers     cached
Mem:          992M       920M        71M         0B       232K       2.6M
-/+ buffers/cache:       918M        74M
Swap:         8.0G       393M       7.6G

             total       used       free     shared    buffers     cached
Mem:          992M       922M        69M         0B       232K       2.6M
-/+ buffers/cache:       919M        72M
Swap:         8.0G       392M       7.6G

             total       used       free     shared    buffers     cached
Mem:          992M       923M        68M         0B       240K       2.6M
-/+ buffers/cache:       921M        71M
Swap:         8.0G       392M       7.6G

             total       used       free     shared    buffers     cached
Mem:          992M       925M        67M         0B       240K       2.6M
-/+ buffers/cache:       922M        69M
Swap:         8.0G       391M       7.6G

             total       used       free     shared    buffers     cached
Mem:          992M       926M        65M         0B       240K       2.6M
-/+ buffers/cache:       923M        68M
Swap:         8.0G       391M       7.6G

             total       used       free     shared    buffers     cached
Mem:          992M       928M        64M         0B       240K       2.6M
-/+ buffers/cache:       925M        66M
Swap:         8.0G       390M       7.6G

             total       used       free     shared    buffers     cached
Mem:          992M       929M        62M         0B       240K       2.6M
-/+ buffers/cache:       926M        65M
Swap:         8.0G       390M       7.6G

             total       used       free     shared    buffers     cached
Mem:          992M       930M        61M         0B       248K       2.6M
-/+ buffers/cache:       928M        64M
Swap:         8.0G       389M       7.6G

             total       used       free     shared    buffers     cached
Mem:          992M       917M        74M         0B       248K       2.6M
-/+ buffers/cache:       915M        77M
Swap:         8.0G       404M       7.6G

             total       used       free     shared    buffers     cached
Mem:          992M       919M        72M         0B       248K       2.6M
-/+ buffers/cache:       916M        75M
Swap:         8.0G       403M       7.6G

             total       used       free     shared    buffers     cached
Mem:          992M       921M        70M         0B       248K       2.6M
-/+ buffers/cache:       918M        73M
Swap:         8.0G       403M       7.6G

             total       used       free     shared    buffers     cached
Mem:          992M       922M        69M         0B       248K       2.5M
-/+ buffers/cache:       920M        72M
Swap:         8.0G       402M       7.6G

             total       used       free     shared    buffers     cached
Mem:          992M       924M        67M         0B       256K       2.6M
-/+ buffers/cache:       921M        70M
Swap:         8.0G       401M       7.6G

             total       used       free     shared    buffers     cached
Mem:          992M       926M        65M         0B       256K       2.6M
-/+ buffers/cache:       923M        68M
Swap:         8.0G       400M       7.6G

             total       used       free     shared    buffers     cached
Mem:          992M       928M        64M         0B       256K       2.5M
-/+ buffers/cache:       925M        66M
Swap:         8.0G       399M       7.6G

             total       used       free     shared    buffers     cached
Mem:          992M       929M        62M         0B       256K       2.5M
-/+ buffers/cache:       926M        65M
Swap:         8.0G       398M       7.6G

             total       used       free     shared    buffers     cached
Mem:          992M       931M        61M         0B       256K       2.6M
-/+ buffers/cache:       928M        63M
Swap:         8.0G       397M       7.6G

             total       used       free     shared    buffers     cached
Mem:          992M       920M        71M         0B       256K       2.2M
-/+ buffers/cache:       918M        74M
Swap:         8.0G       418M       7.6G

             total       used       free     shared    buffers     cached
Mem:          992M       922M        69M         0B       264K       2.2M
-/+ buffers/cache:       919M        72M
Swap:         8.0G       417M       7.6G

             total       used       free     shared    buffers     cached
Mem:          992M       924M        68M         0B       264K       2.2M
-/+ buffers/cache:       921M        70M
Swap:         8.0G       416M       7.6G

             total       used       free     shared    buffers     cached
Mem:          992M       925M        66M         0B       264K       2.2M
-/+ buffers/cache:       923M        68M
Swap:         8.0G       415M       7.6G

             total       used       free     shared    buffers     cached
Mem:          992M       927M        64M         0B       264K       2.2M
-/+ buffers/cache:       925M        66M
Swap:         8.0G       414M       7.6G

             total       used       free     shared    buffers     cached
Mem:          992M       929M        62M         0B       264K       2.2M
-/+ buffers/cache:       926M        65M
Swap:         8.0G       413M       7.6G

             total       used       free     shared    buffers     cached
Mem:          992M       931M        60M         0B       272K       2.2M
-/+ buffers/cache:       928M        63M
Swap:         8.0G       412M       7.6G

             total       used       free     shared    buffers     cached
Mem:          992M       926M        65M         0B       272K       7.1M
-/+ buffers/cache:       919M        72M
Swap:         8.0G       411M       7.6G

             total       used       free     shared    buffers     cached
Mem:          992M       924M        67M         0B       212K        15M
-/+ buffers/cache:       909M        82M
Swap:         8.0G       421M       7.6G

             total       used       free     shared    buffers     cached
Mem:          992M       928M        63M         0B       532K        16M
-/+ buffers/cache:       911M        80M
Swap:         8.0G       420M       7.6G

             total       used       free     shared    buffers     cached
Mem:          992M       929M        62M         0B       532K        16M
-/+ buffers/cache:       913M        79M
Swap:         8.0G       419M       7.6G

             total       used       free     shared    buffers     cached
Mem:          992M       915M        76M         0B       768K        10M
-/+ buffers/cache:       904M        87M
Swap:         8.0G       430M       7.6G

             total       used       free     shared    buffers     cached
Mem:          992M       916M        75M         0B       772K        10M
-/+ buffers/cache:       905M        86M
Swap:         8.0G       429M       7.6G

             total       used       free     shared    buffers     cached
Mem:          992M       918M        73M         0B       772K        10M
-/+ buffers/cache:       907M        84M
Swap:         8.0G       428M       7.6G

             total       used       free     shared    buffers     cached
Mem:          992M       920M        72M         0B       772K        10M
-/+ buffers/cache:       909M        83M
Swap:         8.0G       427M       7.6G

             total       used       free     shared    buffers     cached
Mem:          992M       921M        70M         0B       780K        10M
-/+ buffers/cache:       910M        81M
Swap:         8.0G       426M       7.6G

             total       used       free     shared    buffers     cached
Mem:          992M       923M        68M         0B       780K        10M
-/+ buffers/cache:       912M        79M
Swap:         8.0G       425M       7.6G

             total       used       free     shared    buffers     cached
Mem:          992M       925M        67M         0B       788K        10M
-/+ buffers/cache:       914M        78M
Swap:         8.0G       424M       7.6G

             total       used       free     shared    buffers     cached
Mem:          992M       928M        64M         0B       788K        11M
-/+ buffers/cache:       915M        76M
Swap:         8.0G       423M       7.6G

             total       used       free     shared    buffers     cached
Mem:          992M       929M        63M         0B       788K        11M
-/+ buffers/cache:       916M        75M
Swap:         8.0G       423M       7.6G

             total       used       free     shared    buffers     cached
Mem:          992M       913M        78M         0B       352K       5.6M
-/+ buffers/cache:       907M        84M
Swap:         8.0G       441M       7.6G

             total       used       free     shared    buffers     cached
Mem:          992M       928M        63M         0B       668K        16M
-/+ buffers/cache:       912M        80M
Swap:         8.0G       438M       7.6G

             total       used       free     shared    buffers     cached
Mem:          992M       917M        74M        16K       220K        23M
-/+ buffers/cache:       893M        98M
Swap:         8.0G       460M       7.5G

             total       used       free     shared    buffers     cached
Mem:          992M       919M        73M        16K       488K        23M
-/+ buffers/cache:       894M        97M
Swap:         8.0G       460M       7.5G

             total       used       free     shared    buffers     cached
Mem:          992M       919M        72M        16K       488K        23M
-/+ buffers/cache:       895M        96M
Swap:         8.0G       459M       7.5G

             total       used       free     shared    buffers     cached
Mem:          992M       920M        71M        16K       492K        23M
-/+ buffers/cache:       896M        95M
Swap:         8.0G       459M       7.5G

             total       used       free     shared    buffers     cached
Mem:          992M       921M        70M        16K       500K        23M
-/+ buffers/cache:       897M        94M
Swap:         8.0G       458M       7.5G

             total       used       free     shared    buffers     cached
Mem:          992M       922M        69M        16K       500K        23M
-/+ buffers/cache:       898M        94M
Swap:         8.0G       458M       7.5G

             total       used       free     shared    buffers     cached
Mem:          992M       923M        68M        16K       500K        23M
-/+ buffers/cache:       899M        92M
Swap:         8.0G       457M       7.6G

             total       used       free     shared    buffers     cached
Mem:          992M       926M        65M        16K       508K        25M
-/+ buffers/cache:       901M        90M
Swap:         8.0G       456M       7.6G

             total       used       free     shared    buffers     cached
Mem:          992M       928M        64M        16K       508K        25M
-/+ buffers/cache:       902M        89M
Swap:         8.0G       455M       7.6G

             total       used       free     shared    buffers     cached
Mem:          992M       929M        63M        16K       516K        25M
-/+ buffers/cache:       903M        88M
Swap:         8.0G       455M       7.6G

             total       used       free     shared    buffers     cached
Mem:          992M       929M        62M        16K       516K        25M
-/+ buffers/cache:       904M        88M
Swap:         8.0G       454M       7.6G

             total       used       free     shared    buffers     cached
Mem:          992M       931M        61M        16K       516K        25M
-/+ buffers/cache:       905M        86M
Swap:         8.0G       453M       7.6G

             total       used       free     shared    buffers     cached
Mem:          992M       917M        74M        16K       520K        24M
-/+ buffers/cache:       892M        99M
Swap:         8.0G       454M       7.6G

             total       used       free     shared    buffers     cached
Mem:          992M       918M        73M        16K       520K        24M
-/+ buffers/cache:       893M        98M
Swap:         8.0G       453M       7.6G

             total       used       free     shared    buffers     cached
Mem:          992M       919M        72M        16K       520K        24M
-/+ buffers/cache:       894M        97M
Swap:         8.0G       453M       7.6G

             total       used       free     shared    buffers     cached
Mem:          992M       920M        71M        16K       528K        24M
-/+ buffers/cache:       895M        96M
Swap:         8.0G       452M       7.6G

             total       used       free     shared    buffers     cached
Mem:          992M       921M        70M        16K       528K        24M
-/+ buffers/cache:       896M        95M
Swap:         8.0G       452M       7.6G

             total       used       free     shared    buffers     cached
Mem:          992M       923M        69M        16K       528K        24M
-/+ buffers/cache:       897M        94M
Swap:         8.0G       451M       7.6G

             total       used       free     shared    buffers     cached
Mem:          992M       924M        67M        16K       528K        25M
-/+ buffers/cache:       898M        93M
Swap:         8.0G       450M       7.6G

             total       used       free     shared    buffers     cached
Mem:          992M       925M        66M        16K       528K        25M
-/+ buffers/cache:       899M        92M
Swap:         8.0G       450M       7.6G

             total       used       free     shared    buffers     cached
Mem:          992M       926M        65M        16K       536K        25M
-/+ buffers/cache:       900M        91M
Swap:         8.0G       449M       7.6G

             total       used       free     shared    buffers     cached
Mem:          992M       928M        64M        16K       536K        25M
-/+ buffers/cache:       902M        89M
Swap:         8.0G       448M       7.6G

             total       used       free     shared    buffers     cached
Mem:          992M       929M        63M        16K       536K        25M
-/+ buffers/cache:       903M        88M
Swap:         8.0G       448M       7.6G

             total       used       free     shared    buffers     cached
Mem:          992M       930M        61M        16K       536K        25M
-/+ buffers/cache:       904M        87M
Swap:         8.0G       447M       7.6G

             total       used       free     shared    buffers     cached
Mem:          992M       931M        61M        16K       536K        25M
-/+ buffers/cache:       905M        86M
Swap:         8.0G       447M       7.6G

             total       used       free     shared    buffers     cached
Mem:          992M       915M        76M        16K       536K        22M
-/+ buffers/cache:       892M        99M
Swap:         8.0G       469M       7.5G

             total       used       free     shared    buffers     cached
Mem:          992M       916M        76M        16K       544K        22M
-/+ buffers/cache:       893M        99M
Swap:         8.0G       468M       7.5G

             total       used       free     shared    buffers     cached
Mem:          992M       917M        74M        16K       544K        22M
-/+ buffers/cache:       894M        97M
Swap:         8.0G       468M       7.5G

             total       used       free     shared    buffers     cached
Mem:          992M       918M        73M        16K       544K        22M
-/+ buffers/cache:       895M        96M
Swap:         8.0G       467M       7.5G

             total       used       free     shared    buffers     cached
Mem:          992M       919M        72M        16K       544K        22M
-/+ buffers/cache:       896M        95M
Swap:         8.0G       466M       7.5G

             total       used       free     shared    buffers     cached
Mem:          992M       920M        71M        16K       544K        22M
-/+ buffers/cache:       897M        94M
Swap:         8.0G       466M       7.5G

             total       used       free     shared    buffers     cached
Mem:          992M       921M        70M        16K       552K        22M
-/+ buffers/cache:       898M        93M
Swap:         8.0G       465M       7.5G

             total       used       free     shared    buffers     cached
Mem:          992M       922M        69M        16K       552K        22M
-/+ buffers/cache:       899M        92M
Swap:         8.0G       464M       7.5G

             total       used       free     shared    buffers     cached
Mem:          992M       924M        68M        16K       552K        22M
-/+ buffers/cache:       901M        91M
Swap:         8.0G       464M       7.5G

             total       used       free     shared    buffers     cached
Mem:          992M       925M        66M        16K       552K        22M
-/+ buffers/cache:       902M        89M
Swap:         8.0G       463M       7.5G

             total       used       free     shared    buffers     cached
Mem:          992M       926M        65M        16K       552K        22M
-/+ buffers/cache:       903M        88M
Swap:         8.0G       462M       7.5G

             total       used       free     shared    buffers     cached
Mem:          992M       927M        64M        16K       552K        22M
-/+ buffers/cache:       904M        87M
Swap:         8.0G       461M       7.5G

             total       used       free     shared    buffers     cached
Mem:          992M       929M        63M        16K       560K        22M
-/+ buffers/cache:       905M        86M
Swap:         8.0G       460M       7.5G

             total       used       free     shared    buffers     cached
Mem:          992M       930M        61M        16K       560K        22M
-/+ buffers/cache:       907M        84M
Swap:         8.0G       460M       7.5G

             total       used       free     shared    buffers     cached
Mem:          992M       919M        72M        16K       560K        21M
-/+ buffers/cache:       897M        95M
Swap:         8.0G       469M       7.5G

             total       used       free     shared    buffers     cached
Mem:          992M       920M        71M        16K       560K        21M
-/+ buffers/cache:       898M        94M
Swap:         8.0G       469M       7.5G

             total       used       free     shared    buffers     cached
Mem:          992M       921M        70M        16K       560K        21M
-/+ buffers/cache:       899M        92M
Swap:         8.0G       468M       7.5G

             total       used       free     shared    buffers     cached
Mem:          992M       922M        69M        16K       568K        21M
-/+ buffers/cache:       900M        91M
Swap:         8.0G       467M       7.5G

             total       used       free     shared    buffers     cached
Mem:          992M       924M        67M        16K       568K        21M
-/+ buffers/cache:       902M        90M
Swap:         8.0G       466M       7.5G

             total       used       free     shared    buffers     cached
Mem:          992M       925M        66M        16K       568K        21M
-/+ buffers/cache:       903M        88M
Swap:         8.0G       466M       7.5G

             total       used       free     shared    buffers     cached
Mem:          992M       928M        63M        16K       568K        23M
-/+ buffers/cache:       905M        87M
Swap:         8.0G       465M       7.5G

             total       used       free     shared    buffers     cached
Mem:          992M       920M        71M        16K       512K        21M
-/+ buffers/cache:       899M        93M
Swap:         8.0G       465M       7.5G

             total       used       free     shared    buffers     cached
Mem:          992M       922M        69M        16K       828K        21M
-/+ buffers/cache:       900M        92M
Swap:         8.0G       464M       7.5G

             total       used       free     shared    buffers     cached
Mem:          992M       923M        68M        16K       836K        21M
-/+ buffers/cache:       901M        90M
Swap:         8.0G       464M       7.5G

             total       used       free     shared    buffers     cached
Mem:          992M       924M        67M        16K       848K        21M
-/+ buffers/cache:       902M        89M
Swap:         8.0G       463M       7.5G

             total       used       free     shared    buffers     cached
Mem:          992M       926M        65M        16K       848K        21M
-/+ buffers/cache:       904M        88M
Swap:         8.0G       462M       7.5G

             total       used       free     shared    buffers     cached
Mem:          992M       927M        64M        16K       848K        21M
-/+ buffers/cache:       905M        86M
Swap:         8.0G       461M       7.5G

             total       used       free     shared    buffers     cached
Mem:          992M       928M        63M        16K       848K        21M
-/+ buffers/cache:       906M        85M
Swap:         8.0G       461M       7.5G

             total       used       free     shared    buffers     cached
Mem:          992M       929M        62M        16K       856K        21M
-/+ buffers/cache:       907M        84M
Swap:         8.0G       460M       7.5G

             total       used       free     shared    buffers     cached
Mem:          992M       930M        61M        16K       856K        21M
-/+ buffers/cache:       908M        83M
Swap:         8.0G       459M       7.5G

             total       used       free     shared    buffers     cached
Mem:          992M       917M        74M        16K       856K        19M
-/+ buffers/cache:       897M        94M
Swap:         8.0G       489M       7.5G

             total       used       free     shared    buffers     cached
Mem:          992M       919M        73M        16K       856K        19M
-/+ buffers/cache:       898M        93M
Swap:         8.0G       489M       7.5G

             total       used       free     shared    buffers     cached
Mem:          992M       920M        71M        16K       856K        19M
-/+ buffers/cache:       899M        92M
Swap:         8.0G       488M       7.5G

             total       used       free     shared    buffers     cached
Mem:          992M       921M        70M        16K       864K        19M
-/+ buffers/cache:       900M        91M
Swap:         8.0G       487M       7.5G

             total       used       free     shared    buffers     cached
Mem:          992M       922M        69M        16K       864K        19M
-/+ buffers/cache:       902M        90M
Swap:         8.0G       487M       7.5G

             total       used       free     shared    buffers     cached
Mem:          992M       923M        68M        16K       864K        19M
-/+ buffers/cache:       903M        88M
Swap:         8.0G       486M       7.5G

             total       used       free     shared    buffers     cached
Mem:          992M       925M        67M        16K       864K        19M
-/+ buffers/cache:       904M        87M
Swap:         8.0G       485M       7.5G

             total       used       free     shared    buffers     cached
Mem:          992M       926M        65M        16K       864K        19M
-/+ buffers/cache:       906M        86M
Swap:         8.0G       485M       7.5G

             total       used       free     shared    buffers     cached
Mem:          992M       928M        64M        16K       864K        19M
-/+ buffers/cache:       907M        84M
Swap:         8.0G       484M       7.5G

             total       used       free     shared    buffers     cached
Mem:          992M       930M        61M        16K       1.0M        20M
-/+ buffers/cache:       908M        83M
Swap:         8.0G       483M       7.5G

             total       used       free     shared    buffers     cached
Mem:          992M       915M        76M        20K       1.0M        20M
-/+ buffers/cache:       894M        97M
Swap:         8.0G       483M       7.5G

             total       used       free     shared    buffers     cached
Mem:          992M       916M        75M        20K       1.0M        20M
-/+ buffers/cache:       895M        96M
Swap:         8.0G       482M       7.5G

             total       used       free     shared    buffers     cached
Mem:          992M       925M        66M        20K       1.0M        22M
-/+ buffers/cache:       901M        90M
Swap:         8.0G       479M       7.5G

             total       used       free     shared    buffers     cached
Mem:          992M       926M        65M        20K       1.0M        22M
-/+ buffers/cache:       902M        89M
Swap:         8.0G       478M       7.5G

             total       used       free     shared    buffers     cached
Mem:          992M       920M        71M        20K       608K        23M
-/+ buffers/cache:       896M        95M
Swap:         8.0G       490M       7.5G

             total       used       free     shared    buffers     cached
Mem:          992M       921M        71M        20K       608K        23M
-/+ buffers/cache:       897M        95M
Swap:         8.0G       490M       7.5G

             total       used       free     shared    buffers     cached
Mem:          992M       921M        70M        20K       608K        23M
-/+ buffers/cache:       897M        94M
Swap:         8.0G       489M       7.5G

             total       used       free     shared    buffers     cached
Mem:          992M       922M        69M        20K       608K        23M
-/+ buffers/cache:       898M        93M
Swap:         8.0G       489M       7.5G

             total       used       free     shared    buffers     cached
Mem:          992M       923M        69M        20K       608K        23M
-/+ buffers/cache:       899M        93M
Swap:         8.0G       489M       7.5G

             total       used       free     shared    buffers     cached
Mem:          992M       923M        68M        20K       608K        23M
-/+ buffers/cache:       899M        92M
Swap:         8.0G       488M       7.5G

             total       used       free     shared    buffers     cached
Mem:          992M       924M        67M        20K       616K        23M
-/+ buffers/cache:       900M        91M
Swap:         8.0G       488M       7.5G

             total       used       free     shared    buffers     cached
Mem:          992M       925M        67M        20K       616K        23M
-/+ buffers/cache:       901M        91M
Swap:         8.0G       488M       7.5G

             total       used       free     shared    buffers     cached
Mem:          992M       925M        66M        20K       616K        23M
-/+ buffers/cache:       901M        90M
Swap:         8.0G       488M       7.5G

             total       used       free     shared    buffers     cached
Mem:          992M       926M        65M        20K       616K        23M
-/+ buffers/cache:       902M        89M
Swap:         8.0G       487M       7.5G

             total       used       free     shared    buffers     cached
Mem:          992M       917M        74M       188K       576K        25M
-/+ buffers/cache:       891M       100M
Swap:         8.0G       504M       7.5G

             total       used       free     shared    buffers     cached
Mem:          992M       919M        72M       200K       3.0M        46M
-/+ buffers/cache:       869M       122M
Swap:         8.0G       531M       7.5G

             total       used       free     shared    buffers     cached
Mem:          992M       919M        72M       3.9M       5.1M        60M
-/+ buffers/cache:       853M       138M
Swap:         8.0G       555M       7.5G

             total       used       free     shared    buffers     cached
Mem:          992M       916M        75M       260K       4.8M        62M
-/+ buffers/cache:       848M       143M
Swap:         8.0G       565M       7.4G

             total       used       free     shared    buffers     cached
Mem:          992M       919M        72M       260K       4.8M        63M
-/+ buffers/cache:       851M       140M
Swap:         8.0G       571M       7.4G

             total       used       free     shared    buffers     cached
Mem:          992M       921M        71M       260K       4.8M        63M
-/+ buffers/cache:       853M       138M
Swap:         8.0G       571M       7.4G

             total       used       free     shared    buffers     cached
Mem:          992M       922M        69M       260K       4.8M        63M
-/+ buffers/cache:       854M       137M
Swap:         8.0G       570M       7.4G

             total       used       free     shared    buffers     cached
Mem:          992M       923M        68M       260K       4.8M        63M
-/+ buffers/cache:       855M       136M
Swap:         8.0G       570M       7.4G

             total       used       free     shared    buffers     cached
Mem:          992M       925M        66M       260K       4.9M        63M
-/+ buffers/cache:       856M       135M
Swap:         8.0G       569M       7.4G

             total       used       free     shared    buffers     cached
Mem:          992M       927M        64M       260K       4.9M        63M
-/+ buffers/cache:       858M       133M
Swap:         8.0G       569M       7.4G

             total       used       free     shared    buffers     cached
Mem:          992M       928M        63M       260K       4.9M        63M
-/+ buffers/cache:       859M       132M
Swap:         8.0G       568M       7.4G

             total       used       free     shared    buffers     cached
Mem:          992M       930M        62M       260K       4.9M        63M
-/+ buffers/cache:       861M       130M
Swap:         8.0G       567M       7.4G

             total       used       free     shared    buffers     cached
Mem:          992M       919M        72M       260K       4.9M        63M
-/+ buffers/cache:       851M       141M
Swap:         8.0G       569M       7.4G

             total       used       free     shared    buffers     cached
Mem:          992M       920M        71M       260K       4.9M        63M
-/+ buffers/cache:       852M       140M
Swap:         8.0G       569M       7.4G

             total       used       free     shared    buffers     cached
Mem:          992M       922M        69M       260K       4.9M        63M
-/+ buffers/cache:       853M       138M
Swap:         8.0G       568M       7.4G

             total       used       free     shared    buffers     cached
Mem:          992M       923M        68M       260K       4.9M        63M
-/+ buffers/cache:       854M       137M
Swap:         8.0G       568M       7.4G

             total       used       free     shared    buffers     cached
Mem:          992M       925M        67M       260K       4.9M        63M
-/+ buffers/cache:       856M       135M
Swap:         8.0G       567M       7.4G

             total       used       free     shared    buffers     cached
Mem:          992M       926M        65M       260K       4.9M        63M
-/+ buffers/cache:       857M       134M
Swap:         8.0G       566M       7.4G

             total       used       free     shared    buffers     cached
Mem:          992M       927M        64M       260K       4.9M        63M
-/+ buffers/cache:       859M       132M
Swap:         8.0G       566M       7.4G

             total       used       free     shared    buffers     cached
Mem:          992M       929M        62M       260K       5.0M        63M
-/+ buffers/cache:       860M       131M
Swap:         8.0G       565M       7.4G

             total       used       free     shared    buffers     cached
Mem:          992M       931M        61M       260K       5.0M        63M
-/+ buffers/cache:       862M       129M
Swap:         8.0G       564M       7.4G

             total       used       free     shared    buffers     cached
Mem:          992M       920M        71M       260K       4.4M        62M
-/+ buffers/cache:       853M       138M
Swap:         8.0G       572M       7.4G

             total       used       free     shared    buffers     cached
Mem:          992M       921M        70M       260K       4.4M        62M
-/+ buffers/cache:       855M       136M
Swap:         8.0G       571M       7.4G

             total       used       free     shared    buffers     cached
Mem:          992M       922M        69M       260K       4.4M        62M
-/+ buffers/cache:       856M       135M
Swap:         8.0G       571M       7.4G

             total       used       free     shared    buffers     cached
Mem:          992M       924M        67M       260K       4.4M        62M
-/+ buffers/cache:       857M       134M
Swap:         8.0G       570M       7.4G

             total       used       free     shared    buffers     cached
Mem:          992M       926M        66M       260K       4.4M        62M
-/+ buffers/cache:       859M       132M
Swap:         8.0G       569M       7.4G

             total       used       free     shared    buffers     cached
Mem:          992M       927M        64M       260K       4.4M        62M
-/+ buffers/cache:       860M       131M
Swap:         8.0G       569M       7.4G

             total       used       free     shared    buffers     cached
Mem:          992M       928M        63M       260K       4.4M        62M
-/+ buffers/cache:       862M       130M
Swap:         8.0G       568M       7.4G

             total       used       free     shared    buffers     cached
Mem:          992M       930M        61M       260K       4.4M        62M
-/+ buffers/cache:       863M       128M
Swap:         8.0G       568M       7.4G

             total       used       free     shared    buffers     cached
Mem:          992M       915M        76M       260K       4.4M        61M
-/+ buffers/cache:       850M       141M
Swap:         8.0G       581M       7.4G

             total       used       free     shared    buffers     cached
Mem:          992M       916M        75M       260K       4.4M        61M
-/+ buffers/cache:       851M       141M
Swap:         8.0G       580M       7.4G

             total       used       free     shared    buffers     cached
Mem:          992M       917M        74M       260K       4.4M        61M
-/+ buffers/cache:       852M       139M
Swap:         8.0G       580M       7.4G

             total       used       free     shared    buffers     cached
Mem:          992M       919M        72M       260K       4.4M        61M
-/+ buffers/cache:       854M       138M
Swap:         8.0G       579M       7.4G

             total       used       free     shared    buffers     cached
Mem:          992M       920M        71M       260K       4.4M        61M
-/+ buffers/cache:       855M       136M
Swap:         8.0G       578M       7.4G

             total       used       free     shared    buffers     cached
Mem:          992M       922M        69M       260K       4.4M        61M
-/+ buffers/cache:       856M       135M
Swap:         8.0G       578M       7.4G

             total       used       free     shared    buffers     cached
Mem:          992M       923M        68M       260K       4.4M        61M
-/+ buffers/cache:       858M       133M
Swap:         8.0G       577M       7.4G

             total       used       free     shared    buffers     cached
Mem:          992M       912M        80M       260K       5.3M        61M
-/+ buffers/cache:       845M       146M
Swap:         8.0G       599M       7.4G

             total       used       free     shared    buffers     cached
Mem:          992M       925M        66M       348K       7.9M        73M
-/+ buffers/cache:       844M       148M
Swap:         8.0G       595M       7.4G
