             total       used       free     shared    buffers     cached
Mem:          992M       660M       331M       3.2M        38M       289M
-/+ buffers/cache:       332M       659M
Swap:         8.0G         0B       8.0G

             total       used       free     shared    buffers     cached
Mem:          992M       659M       332M       1.4M        38M       288M
-/+ buffers/cache:       332M       659M
Swap:         8.0G         0B       8.0G

             total       used       free     shared    buffers     cached
Mem:          992M       659M       332M       1.4M        38M       287M
-/+ buffers/cache:       332M       659M
Swap:         8.0G         0B       8.0G

             total       used       free     shared    buffers     cached
Mem:          992M       659M       332M       1.4M        38M       288M
-/+ buffers/cache:       332M       659M
Swap:         8.0G         0B       8.0G

             total       used       free     shared    buffers     cached
Mem:          992M       659M       332M       1.4M        38M       288M
-/+ buffers/cache:       332M       659M
Swap:         8.0G         0B       8.0G

             total       used       free     shared    buffers     cached
Mem:          992M       659M       332M       1.4M        38M       287M
-/+ buffers/cache:       332M       659M
Swap:         8.0G         0B       8.0G

             total       used       free     shared    buffers     cached
Mem:          992M       658M       333M       1.4M        38M       288M
-/+ buffers/cache:       332M       659M
Swap:         8.0G         0B       8.0G

             total       used       free     shared    buffers     cached
Mem:          992M       658M       333M       1.4M        38M       288M
-/+ buffers/cache:       331M       660M
Swap:         8.0G         0B       8.0G

             total       used       free     shared    buffers     cached
Mem:          992M       658M       333M       1.4M        38M       288M
-/+ buffers/cache:       331M       660M
Swap:         8.0G         0B       8.0G

             total       used       free     shared    buffers     cached
Mem:          992M       661M       330M       1.4M        38M       288M
-/+ buffers/cache:       335M       657M
Swap:         8.0G         0B       8.0G

             total       used       free     shared    buffers     cached
Mem:          992M       687M       304M       1.4M        38M       288M
-/+ buffers/cache:       360M       631M
Swap:         8.0G         0B       8.0G

             total       used       free     shared    buffers     cached
Mem:          992M       667M       324M       1.4M        38M       289M
-/+ buffers/cache:       339M       652M
Swap:         8.0G         0B       8.0G

             total       used       free     shared    buffers     cached
Mem:          992M       667M       324M       1.4M        38M       289M
-/+ buffers/cache:       339M       652M
Swap:         8.0G         0B       8.0G

             total       used       free     shared    buffers     cached
Mem:          992M       668M       323M       1.4M        38M       289M
-/+ buffers/cache:       340M       652M
Swap:         8.0G         0B       8.0G

             total       used       free     shared    buffers     cached
Mem:          992M       668M       323M       1.4M        38M       289M
-/+ buffers/cache:       340M       652M
Swap:         8.0G         0B       8.0G

             total       used       free     shared    buffers     cached
Mem:          992M       668M       323M       1.4M        38M       289M
-/+ buffers/cache:       340M       652M
Swap:         8.0G         0B       8.0G

             total       used       free     shared    buffers     cached
Mem:          992M       668M       323M       1.4M        38M       289M
-/+ buffers/cache:       340M       652M
Swap:         8.0G         0B       8.0G

             total       used       free     shared    buffers     cached
Mem:          992M       668M       323M       1.4M        38M       289M
-/+ buffers/cache:       340M       652M
Swap:         8.0G         0B       8.0G

             total       used       free     shared    buffers     cached
Mem:          992M       668M       323M       1.4M        38M       289M
-/+ buffers/cache:       340M       652M
Swap:         8.0G         0B       8.0G

             total       used       free     shared    buffers     cached
Mem:          992M       668M       323M       1.4M        38M       289M
-/+ buffers/cache:       340M       652M
Swap:         8.0G         0B       8.0G

             total       used       free     shared    buffers     cached
Mem:          992M       668M       323M       1.4M        38M       289M
-/+ buffers/cache:       340M       652M
Swap:         8.0G         0B       8.0G

             total       used       free     shared    buffers     cached
Mem:          992M       669M       322M       1.4M        38M       289M
-/+ buffers/cache:       341M       650M
Swap:         8.0G         0B       8.0G

             total       used       free     shared    buffers     cached
Mem:          992M       668M       323M       1.4M        38M       289M
-/+ buffers/cache:       340M       651M
Swap:         8.0G         0B       8.0G

             total       used       free     shared    buffers     cached
Mem:          992M       668M       323M       1.4M        38M       289M
-/+ buffers/cache:       340M       651M
Swap:         8.0G         0B       8.0G

             total       used       free     shared    buffers     cached
Mem:          992M       668M       323M       1.4M        38M       289M
-/+ buffers/cache:       340M       651M
Swap:         8.0G         0B       8.0G

             total       used       free     shared    buffers     cached
Mem:          992M       668M       323M       1.4M        38M       289M
-/+ buffers/cache:       340M       651M
Swap:         8.0G         0B       8.0G

             total       used       free     shared    buffers     cached
Mem:          992M       668M       323M       1.4M        38M       289M
-/+ buffers/cache:       340M       651M
Swap:         8.0G         0B       8.0G

             total       used       free     shared    buffers     cached
Mem:          992M       668M       323M       1.4M        38M       289M
-/+ buffers/cache:       340M       651M
Swap:         8.0G         0B       8.0G

             total       used       free     shared    buffers     cached
Mem:          992M       668M       323M       1.4M        38M       289M
-/+ buffers/cache:       340M       651M
Swap:         8.0G         0B       8.0G

             total       used       free     shared    buffers     cached
Mem:          992M       668M       323M       1.4M        38M       289M
-/+ buffers/cache:       340M       651M
Swap:         8.0G         0B       8.0G

             total       used       free     shared    buffers     cached
Mem:          992M       668M       323M       1.4M        38M       289M
-/+ buffers/cache:       340M       651M
Swap:         8.0G         0B       8.0G

             total       used       free     shared    buffers     cached
Mem:          992M       668M       323M       1.4M        38M       289M
-/+ buffers/cache:       340M       651M
Swap:         8.0G         0B       8.0G

             total       used       free     shared    buffers     cached
Mem:          992M       668M       323M       1.4M        38M       289M
-/+ buffers/cache:       340M       651M
Swap:         8.0G         0B       8.0G

             total       used       free     shared    buffers     cached
Mem:          992M       670M       321M       1.4M        38M       289M
-/+ buffers/cache:       342M       649M
Swap:         8.0G         0B       8.0G

             total       used       free     shared    buffers     cached
Mem:          992M       688M       303M       1.4M        38M       289M
-/+ buffers/cache:       360M       631M
Swap:         8.0G         0B       8.0G

             total       used       free     shared    buffers     cached
Mem:          992M       706M       285M       1.4M        38M       289M
-/+ buffers/cache:       378M       613M
Swap:         8.0G         0B       8.0G

             total       used       free     shared    buffers     cached
Mem:          992M       724M       267M       1.4M        38M       289M
-/+ buffers/cache:       396M       595M
Swap:         8.0G         0B       8.0G

             total       used       free     shared    buffers     cached
Mem:          992M       744M       248M       1.4M        38M       289M
-/+ buffers/cache:       415M       576M
Swap:         8.0G         0B       8.0G

             total       used       free     shared    buffers     cached
Mem:          992M       765M       227M       1.4M        38M       289M
-/+ buffers/cache:       436M       555M
Swap:         8.0G         0B       8.0G

             total       used       free     shared    buffers     cached
Mem:          992M       781M       210M       1.4M        38M       289M
-/+ buffers/cache:       452M       539M
Swap:         8.0G         0B       8.0G

             total       used       free     shared    buffers     cached
Mem:          992M       800M       191M       1.4M        38M       289M
-/+ buffers/cache:       472M       520M
Swap:         8.0G         0B       8.0G

             total       used       free     shared    buffers     cached
Mem:          992M       821M       170M       1.4M        38M       289M
-/+ buffers/cache:       493M       498M
Swap:         8.0G         0B       8.0G

             total       used       free     shared    buffers     cached
Mem:          992M       841M       150M       1.4M        38M       289M
-/+ buffers/cache:       513M       479M
Swap:         8.0G         0B       8.0G

             total       used       free     shared    buffers     cached
Mem:          992M       863M       128M       1.4M        38M       289M
-/+ buffers/cache:       535M       456M
Swap:         8.0G         0B       8.0G

             total       used       free     shared    buffers     cached
Mem:          992M       884M       107M       1.4M        38M       289M
-/+ buffers/cache:       556M       435M
Swap:         8.0G         0B       8.0G

             total       used       free     shared    buffers     cached
Mem:          992M       901M        90M       1.4M        38M       289M
-/+ buffers/cache:       573M       418M
Swap:         8.0G         0B       8.0G

             total       used       free     shared    buffers     cached
Mem:          992M       921M        70M       1.4M        38M       289M
-/+ buffers/cache:       593M       398M
Swap:         8.0G         0B       8.0G

             total       used       free     shared    buffers     cached
Mem:          992M       919M        72M       1.4M        17M       288M
-/+ buffers/cache:       613M       378M
Swap:         8.0G         0B       8.0G

             total       used       free     shared    buffers     cached
Mem:          992M       921M        70M       1.4M        10M       278M
-/+ buffers/cache:       632M       359M
Swap:         8.0G         0B       8.0G

             total       used       free     shared    buffers     cached
Mem:          992M       923M        68M       1.4M       9.7M       262M
-/+ buffers/cache:       651M       340M
Swap:         8.0G        76K       8.0G

             total       used       free     shared    buffers     cached
Mem:          992M       925M        67M       1.3M       9.6M       244M
-/+ buffers/cache:       671M       320M
Swap:         8.0G       536K       8.0G

             total       used       free     shared    buffers     cached
Mem:          992M       928M        63M       1.2M       9.6M       232M
-/+ buffers/cache:       686M       305M
Swap:         8.0G       4.6M       8.0G

             total       used       free     shared    buffers     cached
Mem:          992M       913M        78M       1.1M       8.4M       205M
-/+ buffers/cache:       699M       292M
Swap:         8.0G       8.9M       8.0G

             total       used       free     shared    buffers     cached
Mem:          992M       920M        71M       1.1M       2.3M       198M
-/+ buffers/cache:       719M       272M
Swap:         8.0G       8.9M       8.0G

             total       used       free     shared    buffers     cached
Mem:          992M       926M        65M       1.1M       1.2M       187M
-/+ buffers/cache:       737M       254M
Swap:         8.0G       8.9M       8.0G

             total       used       free     shared    buffers     cached
Mem:          992M       927M        64M       1.1M       228K       174M
-/+ buffers/cache:       752M       239M
Swap:         8.0G       8.9M       8.0G

             total       used       free     shared    buffers     cached
Mem:          992M       921M        71M       1.1M       208K       153M
-/+ buffers/cache:       767M       224M
Swap:         8.0G       8.9M       8.0G

             total       used       free     shared    buffers     cached
Mem:          992M       917M        74M       1.1M       212K       135M
-/+ buffers/cache:       781M       210M
Swap:         8.0G       8.9M       8.0G

             total       used       free     shared    buffers     cached
Mem:          992M       927M        64M       1.1M       220K       135M
-/+ buffers/cache:       791M       200M
Swap:         8.0G       8.9M       8.0G

             total       used       free     shared    buffers     cached
Mem:          992M       928M        63M       1.1M        84K       119M
-/+ buffers/cache:       808M       183M
Swap:         8.0G       8.9M       8.0G

             total       used       free     shared    buffers     cached
Mem:          992M       928M        63M       1.1M        92K       105M
-/+ buffers/cache:       822M       169M
Swap:         8.0G       8.9M       8.0G

             total       used       free     shared    buffers     cached
Mem:          992M       911M        80M       1.1M        92K        72M
-/+ buffers/cache:       839M       153M
Swap:         8.0G       8.9M       8.0G

             total       used       free     shared    buffers     cached
Mem:          992M       931M        61M       1.1M       256K        73M
-/+ buffers/cache:       857M       134M
Swap:         8.0G       8.9M       8.0G

             total       used       free     shared    buffers     cached
Mem:          992M       930M        62M       1.1M       256K        56M
-/+ buffers/cache:       873M       118M
Swap:         8.0G       8.9M       8.0G

             total       used       free     shared    buffers     cached
Mem:          992M       916M        75M       1.1M       256K        25M
-/+ buffers/cache:       890M       101M
Swap:         8.0G       8.9M       8.0G

             total       used       free     shared    buffers     cached
Mem:          992M       921M        71M       1.1M       256K        14M
-/+ buffers/cache:       906M        85M
Swap:         8.0G       8.9M       8.0G

             total       used       free     shared    buffers     cached
Mem:          992M       925M        66M       1.1M       268K       4.5M
-/+ buffers/cache:       920M        71M
Swap:         8.0G       8.9M       8.0G

             total       used       free     shared    buffers     cached
Mem:          992M       925M        66M       984K       212K       3.9M
-/+ buffers/cache:       921M        70M
Swap:         8.0G        27M       8.0G

             total       used       free     shared    buffers     cached
Mem:          992M       920M        71M       676K       276K       4.6M
-/+ buffers/cache:       915M        76M
Swap:         8.0G        57M       7.9G

             total       used       free     shared    buffers     cached
Mem:          992M       925M        66M       664K       2.7M        12M
-/+ buffers/cache:       910M        81M
Swap:         8.0G        92M       7.9G

             total       used       free     shared    buffers     cached
Mem:          992M       928M        64M       644K       2.7M        11M
-/+ buffers/cache:       913M        78M
Swap:         8.0G        93M       7.9G

             total       used       free     shared    buffers     cached
Mem:          992M       923M        69M       644K       1.6M        11M
-/+ buffers/cache:       909M        82M
Swap:         8.0G       108M       7.9G

             total       used       free     shared    buffers     cached
Mem:          992M       924M        68M       640K       1.6M        11M
-/+ buffers/cache:       910M        81M
Swap:         8.0G       108M       7.9G

             total       used       free     shared    buffers     cached
Mem:          992M       926M        65M       640K       1.6M        12M
-/+ buffers/cache:       912M        79M
Swap:         8.0G       108M       7.9G

             total       used       free     shared    buffers     cached
Mem:          992M       928M        63M       640K       1.6M        12M
-/+ buffers/cache:       914M        77M
Swap:         8.0G       108M       7.9G

             total       used       free     shared    buffers     cached
Mem:          992M       924M        67M       640K       104K       8.8M
-/+ buffers/cache:       915M        76M
Swap:         8.0G       116M       7.9G

             total       used       free     shared    buffers     cached
Mem:          992M       916M        75M       640K       104K       4.9M
-/+ buffers/cache:       911M        80M
Swap:         8.0G       129M       7.9G

             total       used       free     shared    buffers     cached
Mem:          992M       920M        72M       636K       104K       4.9M
-/+ buffers/cache:       915M        77M
Swap:         8.0G       129M       7.9G

             total       used       free     shared    buffers     cached
Mem:          992M       918M        73M       636K       372K       4.6M
-/+ buffers/cache:       913M        78M
Swap:         8.0G       138M       7.9G

             total       used       free     shared    buffers     cached
Mem:          992M       917M        74M       580K       372K       3.9M
-/+ buffers/cache:       913M        78M
Swap:         8.0G       159M       7.8G

             total       used       free     shared    buffers     cached
Mem:          992M       926M        65M       588K       372K       3.9M
-/+ buffers/cache:       922M        69M
Swap:         8.0G       159M       7.8G

             total       used       free     shared    buffers     cached
Mem:          992M       921M        70M       588K       372K       3.5M
-/+ buffers/cache:       917M        74M
Swap:         8.0G       171M       7.8G

             total       used       free     shared    buffers     cached
Mem:          992M       910M        81M       576K       364K       3.1M
-/+ buffers/cache:       906M        85M
Swap:         8.0G       219M       7.8G

             total       used       free     shared    buffers     cached
Mem:          992M       922M        70M       564K       372K       3.1M
-/+ buffers/cache:       918M        73M
Swap:         8.0G       219M       7.8G

             total       used       free     shared    buffers     cached
Mem:          992M       924M        67M       564K       372K       3.2M
-/+ buffers/cache:       920M        71M
Swap:         8.0G       219M       7.8G

             total       used       free     shared    buffers     cached
Mem:          992M       923M        68M       564K       372K       3.2M
-/+ buffers/cache:       920M        72M
Swap:         8.0G       219M       7.8G

             total       used       free     shared    buffers     cached
Mem:          992M       920M        71M       564K       372K       3.2M
-/+ buffers/cache:       916M        75M
Swap:         8.0G       243M       7.8G

             total       used       free     shared    buffers     cached
Mem:          992M       920M        71M       536K       372K       3.1M
-/+ buffers/cache:       917M        75M
Swap:         8.0G       244M       7.8G

             total       used       free     shared    buffers     cached
Mem:          992M       929M        63M       536K       380K       3.1M
-/+ buffers/cache:       925M        66M
Swap:         8.0G       245M       7.8G

             total       used       free     shared    buffers     cached
Mem:          992M       908M        83M       536K       512K       3.0M
-/+ buffers/cache:       904M        87M
Swap:         8.0G       289M       7.7G

             total       used       free     shared    buffers     cached
Mem:          992M       914M        77M       532K       512K       3.0M
-/+ buffers/cache:       910M        81M
Swap:         8.0G       289M       7.7G

             total       used       free     shared    buffers     cached
Mem:          992M       921M        71M       532K       512K       3.0M
-/+ buffers/cache:       917M        74M
Swap:         8.0G       289M       7.7G

             total       used       free     shared    buffers     cached
Mem:          992M       927M        65M       532K       512K       3.0M
-/+ buffers/cache:       923M        68M
Swap:         8.0G       289M       7.7G

             total       used       free     shared    buffers     cached
Mem:          992M       921M        70M       532K       512K       3.0M
-/+ buffers/cache:       917M        74M
Swap:         8.0G       289M       7.7G

             total       used       free     shared    buffers     cached
Mem:          992M       924M        67M       532K       520K       3.0M
-/+ buffers/cache:       921M        70M
Swap:         8.0G       289M       7.7G

             total       used       free     shared    buffers     cached
Mem:          992M       929M        62M       532K       520K       3.1M
-/+ buffers/cache:       926M        65M
Swap:         8.0G       289M       7.7G

             total       used       free     shared    buffers     cached
Mem:          992M       916M        75M       532K       520K       3.1M
-/+ buffers/cache:       913M        79M
Swap:         8.0G       320M       7.7G

             total       used       free     shared    buffers     cached
Mem:          992M       920M        71M       532K       520K       3.0M
-/+ buffers/cache:       917M        74M
Swap:         8.0G       320M       7.7G

             total       used       free     shared    buffers     cached
Mem:          992M       924M        67M       532K       520K       3.0M
-/+ buffers/cache:       921M        71M
Swap:         8.0G       320M       7.7G

             total       used       free     shared    buffers     cached
Mem:          992M       928M        63M       532K       528K       3.1M
-/+ buffers/cache:       924M        67M
Swap:         8.0G       320M       7.7G

             total       used       free     shared    buffers     cached
Mem:          992M       921M        70M       532K       528K       3.1M
-/+ buffers/cache:       917M        74M
Swap:         8.0G       320M       7.7G

             total       used       free     shared    buffers     cached
Mem:          992M       925M        66M       532K       528K       3.1M
-/+ buffers/cache:       922M        70M
Swap:         8.0G       320M       7.7G

             total       used       free     shared    buffers     cached
Mem:          992M       929M        62M       532K       528K       3.0M
-/+ buffers/cache:       926M        66M
Swap:         8.0G       320M       7.7G

             total       used       free     shared    buffers     cached
Mem:          992M       911M        80M       480K       500K       2.7M
-/+ buffers/cache:       908M        83M
Swap:         8.0G       343M       7.7G

             total       used       free     shared    buffers     cached
Mem:          992M       925M        66M       460K       508K       2.7M
-/+ buffers/cache:       922M        69M
Swap:         8.0G       328M       7.7G

             total       used       free     shared    buffers     cached
Mem:          992M       920M        71M         4K       508K       1.9M
-/+ buffers/cache:       917M        74M
Swap:         8.0G       328M       7.7G

             total       used       free     shared    buffers     cached
Mem:          992M       920M        71M         4K       244K       1.6M
-/+ buffers/cache:       918M        73M
Swap:         8.0G       330M       7.7G

             total       used       free     shared    buffers     cached
Mem:          992M       918M        73M         4K        76K       1.5M
-/+ buffers/cache:       916M        75M
Swap:         8.0G       333M       7.7G

             total       used       free     shared    buffers     cached
Mem:          992M       929M        63M         0B        76K       1.4M
-/+ buffers/cache:       927M        64M
Swap:         8.0G       314M       7.7G

             total       used       free     shared    buffers     cached
Mem:          992M       921M        70M         0B       208K       1.3M
-/+ buffers/cache:       920M        71M
Swap:         8.0G       326M       7.7G

             total       used       free     shared    buffers     cached
Mem:          992M       920M        72M         0B       484K       1.8M
-/+ buffers/cache:       917M        74M
Swap:         8.0G       324M       7.7G

             total       used       free     shared    buffers     cached
Mem:          992M       920M        72M         0B       484K       1.9M
-/+ buffers/cache:       917M        74M
Swap:         8.0G       324M       7.7G

             total       used       free     shared    buffers     cached
Mem:          992M       919M        72M         0B       464K       1.9M
-/+ buffers/cache:       916M        75M
Swap:         8.0G       327M       7.7G

             total       used       free     shared    buffers     cached
Mem:          992M       927M        64M         0B       184K       1.6M
-/+ buffers/cache:       925M        66M
Swap:         8.0G       516M       7.5G

             total       used       free     shared    buffers     cached
Mem:          992M       921M        70M         0B        84K        20M
-/+ buffers/cache:       901M        90M
Swap:         8.0G       447M       7.6G

             total       used       free     shared    buffers     cached
Mem:          992M       887M       105M         0B       536K        15M
-/+ buffers/cache:       870M       121M
Swap:         8.0G       410M       7.6G

             total       used       free     shared    buffers     cached
Mem:          992M       888M       104M         0B       536K        16M
-/+ buffers/cache:       870M       121M
Swap:         8.0G       410M       7.6G

             total       used       free     shared    buffers     cached
Mem:          992M       926M        65M         0B       536K        16M
-/+ buffers/cache:       909M        82M
Swap:         8.0G       365M       7.6G

             total       used       free     shared    buffers     cached
Mem:          992M       908M        83M         0B        80K       3.1M
-/+ buffers/cache:       905M        86M
Swap:         8.0G       352M       7.7G

             total       used       free     shared    buffers     cached
Mem:          992M       912M        79M         0B       364K       3.3M
-/+ buffers/cache:       908M        83M
Swap:         8.0G       351M       7.7G

             total       used       free     shared    buffers     cached
Mem:          992M       916M        75M         0B       372K       3.3M
-/+ buffers/cache:       912M        79M
Swap:         8.0G       350M       7.7G

             total       used       free     shared    buffers     cached
Mem:          992M       921M        70M         0B       372K       3.3M
-/+ buffers/cache:       917M        74M
Swap:         8.0G       349M       7.7G

             total       used       free     shared    buffers     cached
Mem:          992M       926M        65M         0B       372K       3.3M
-/+ buffers/cache:       923M        69M
Swap:         8.0G       349M       7.7G

             total       used       free     shared    buffers     cached
Mem:          992M       919M        72M         0B       368K       2.0M
-/+ buffers/cache:       916M        75M
Swap:         8.0G       358M       7.6G

             total       used       free     shared    buffers     cached
Mem:          992M       925M        66M         0B       368K       2.0M
-/+ buffers/cache:       922M        69M
Swap:         8.0G       358M       7.6G

             total       used       free     shared    buffers     cached
Mem:          992M       930M        61M         0B       368K       2.0M
-/+ buffers/cache:       928M        64M
Swap:         8.0G       358M       7.6G

             total       used       free     shared    buffers     cached
Mem:          992M       920M        71M         0B       376K       2.0M
-/+ buffers/cache:       918M        73M
Swap:         8.0G       372M       7.6G

             total       used       free     shared    buffers     cached
Mem:          992M       926M        66M         0B       376K       2.0M
-/+ buffers/cache:       923M        68M
Swap:         8.0G       372M       7.6G

             total       used       free     shared    buffers     cached
Mem:          992M       929M        63M         0B       508K       2.7M
-/+ buffers/cache:       925M        66M
Swap:         8.0G       371M       7.6G

             total       used       free     shared    buffers     cached
Mem:          992M       930M        61M         0B       508K       2.7M
-/+ buffers/cache:       927M        64M
Swap:         8.0G       371M       7.6G

             total       used       free     shared    buffers     cached
Mem:          992M       919M        72M         0B       504K       2.5M
-/+ buffers/cache:       916M        75M
Swap:         8.0G       387M       7.6G

             total       used       free     shared    buffers     cached
Mem:          992M       920M        71M         0B       512K       2.5M
-/+ buffers/cache:       917M        74M
Swap:         8.0G       387M       7.6G

             total       used       free     shared    buffers     cached
Mem:          992M       922M        69M         0B       512K       2.6M
-/+ buffers/cache:       919M        72M
Swap:         8.0G       386M       7.6G

             total       used       free     shared    buffers     cached
Mem:          992M       923M        68M         0B       512K       2.5M
-/+ buffers/cache:       920M        71M
Swap:         8.0G       385M       7.6G

             total       used       free     shared    buffers     cached
Mem:          992M       926M        66M         0B       512K       3.1M
-/+ buffers/cache:       922M        69M
Swap:         8.0G       384M       7.6G

             total       used       free     shared    buffers     cached
Mem:          992M       927M        64M         0B       512K       3.1M
-/+ buffers/cache:       924M        68M
Swap:         8.0G       383M       7.6G

             total       used       free     shared    buffers     cached
Mem:          992M       929M        63M         0B       520K       3.1M
-/+ buffers/cache:       925M        66M
Swap:         8.0G       382M       7.6G

             total       used       free     shared    buffers     cached
Mem:          992M       930M        61M         0B       520K       3.1M
-/+ buffers/cache:       926M        65M
Swap:         8.0G       381M       7.6G

             total       used       free     shared    buffers     cached
Mem:          992M       919M        72M         0B       304K       3.0M
-/+ buffers/cache:       916M        76M
Swap:         8.0G       391M       7.6G

             total       used       free     shared    buffers     cached
Mem:          992M       921M        71M         0B       304K       3.0M
-/+ buffers/cache:       917M        74M
Swap:         8.0G       390M       7.6G

             total       used       free     shared    buffers     cached
Mem:          992M       923M        68M         0B       304K       3.1M
-/+ buffers/cache:       919M        72M
Swap:         8.0G       390M       7.6G

             total       used       free     shared    buffers     cached
Mem:          992M       924M        67M         0B       304K       3.1M
-/+ buffers/cache:       921M        70M
Swap:         8.0G       389M       7.6G

             total       used       free     shared    buffers     cached
Mem:          992M       926M        65M         0B       312K       3.2M
-/+ buffers/cache:       922M        69M
Swap:         8.0G       388M       7.6G

             total       used       free     shared    buffers     cached
Mem:          992M       928M        63M         0B       312K       3.1M
-/+ buffers/cache:       924M        67M
Swap:         8.0G       387M       7.6G

             total       used       free     shared    buffers     cached
Mem:          992M       930M        61M         0B       312K       3.1M
-/+ buffers/cache:       926M        65M
Swap:         8.0G       386M       7.6G

             total       used       free     shared    buffers     cached
Mem:          992M       911M        80M         0B       192K       2.9M
-/+ buffers/cache:       908M        83M
Swap:         8.0G       408M       7.6G

             total       used       free     shared    buffers     cached
Mem:          992M       913M        78M         0B       192K       2.9M
-/+ buffers/cache:       910M        82M
Swap:         8.0G       407M       7.6G

             total       used       free     shared    buffers     cached
Mem:          992M       915M        77M         0B       200K       2.8M
-/+ buffers/cache:       912M        80M
Swap:         8.0G       406M       7.6G

             total       used       free     shared    buffers     cached
Mem:          992M       916M        75M         0B       200K       2.9M
-/+ buffers/cache:       913M        78M
Swap:         8.0G       405M       7.6G

             total       used       free     shared    buffers     cached
Mem:          992M       918M        73M         0B       200K       2.8M
-/+ buffers/cache:       915M        76M
Swap:         8.0G       405M       7.6G

             total       used       free     shared    buffers     cached
Mem:          992M       920M        71M         0B       200K       2.9M
-/+ buffers/cache:       917M        74M
Swap:         8.0G       404M       7.6G

             total       used       free     shared    buffers     cached
Mem:          992M       922M        70M         0B       200K       2.9M
-/+ buffers/cache:       918M        73M
Swap:         8.0G       403M       7.6G

             total       used       free     shared    buffers     cached
Mem:          992M       923M        68M         0B       208K       2.8M
-/+ buffers/cache:       920M        71M
Swap:         8.0G       402M       7.6G

             total       used       free     shared    buffers     cached
Mem:          992M       925M        66M         0B       208K       2.8M
-/+ buffers/cache:       922M        69M
Swap:         8.0G       401M       7.6G

             total       used       free     shared    buffers     cached
Mem:          992M       927M        64M         0B       208K       2.9M
-/+ buffers/cache:       924M        68M
Swap:         8.0G       401M       7.6G

             total       used       free     shared    buffers     cached
Mem:          992M       929M        63M         0B       208K       2.9M
-/+ buffers/cache:       925M        66M
Swap:         8.0G       400M       7.6G

             total       used       free     shared    buffers     cached
Mem:          992M       930M        61M       136K       352K       3.8M
-/+ buffers/cache:       926M        65M
Swap:         8.0G       399M       7.6G

             total       used       free     shared    buffers     cached
Mem:          992M       931M        60M       148K       352K       3.8M
-/+ buffers/cache:       927M        64M
Swap:         8.0G       399M       7.6G

             total       used       free     shared    buffers     cached
Mem:          992M       911M        80M       148K       204K       3.2M
-/+ buffers/cache:       908M        84M
Swap:         8.0G       421M       7.6G

             total       used       free     shared    buffers     cached
Mem:          992M       913M        79M       148K       204K       3.2M
-/+ buffers/cache:       909M        82M
Swap:         8.0G       421M       7.6G

             total       used       free     shared    buffers     cached
Mem:          992M       914M        77M       148K       204K       3.3M
-/+ buffers/cache:       911M        81M
Swap:         8.0G       420M       7.6G

             total       used       free     shared    buffers     cached
Mem:          992M       916M        75M       148K       204K       3.3M
-/+ buffers/cache:       913M        79M
Swap:         8.0G       419M       7.6G

             total       used       free     shared    buffers     cached
Mem:          992M       917M        74M       148K       204K       3.3M
-/+ buffers/cache:       914M        77M
Swap:         8.0G       419M       7.6G

             total       used       free     shared    buffers     cached
Mem:          992M       919M        72M       148K       212K       3.3M
-/+ buffers/cache:       915M        76M
Swap:         8.0G       418M       7.6G

             total       used       free     shared    buffers     cached
Mem:          992M       920M        71M       148K       212K       3.3M
-/+ buffers/cache:       917M        74M
Swap:         8.0G       417M       7.6G

             total       used       free     shared    buffers     cached
Mem:          992M       923M        69M       148K       212K       3.3M
-/+ buffers/cache:       919M        72M
Swap:         8.0G       416M       7.6G

             total       used       free     shared    buffers     cached
Mem:          992M       924M        67M       148K       212K       3.3M
-/+ buffers/cache:       920M        71M
Swap:         8.0G       416M       7.6G

             total       used       free     shared    buffers     cached
Mem:          992M       925M        66M       148K       212K       3.3M
-/+ buffers/cache:       922M        69M
Swap:         8.0G       415M       7.6G

             total       used       free     shared    buffers     cached
Mem:          992M       927M        64M       148K       220K       3.3M
-/+ buffers/cache:       923M        68M
Swap:         8.0G       414M       7.6G

             total       used       free     shared    buffers     cached
Mem:          992M       927M        64M       148K       224K       3.4M
-/+ buffers/cache:       924M        67M
Swap:         8.0G       414M       7.6G

             total       used       free     shared    buffers     cached
Mem:          992M       922M        69M       164K       104K        25M
-/+ buffers/cache:       897M        95M
Swap:         8.0G       438M       7.6G

             total       used       free     shared    buffers     cached
Mem:          992M       923M        68M       164K       104K        25M
-/+ buffers/cache:       897M        94M
Swap:         8.0G       437M       7.6G

             total       used       free     shared    buffers     cached
Mem:          992M       924M        67M       164K       104K        25M
-/+ buffers/cache:       899M        93M
Swap:         8.0G       437M       7.6G

             total       used       free     shared    buffers     cached
Mem:          992M       925M        66M       164K       104K        25M
-/+ buffers/cache:       900M        92M
Swap:         8.0G       436M       7.6G

             total       used       free     shared    buffers     cached
Mem:          992M       926M        65M       164K       140K        25M
-/+ buffers/cache:       901M        91M
Swap:         8.0G       436M       7.6G

             total       used       free     shared    buffers     cached
Mem:          992M       927M        64M       164K       140K        25M
-/+ buffers/cache:       901M        90M
Swap:         8.0G       436M       7.6G

             total       used       free     shared    buffers     cached
Mem:          992M       928M        63M       164K       140K        25M
-/+ buffers/cache:       902M        89M
Swap:         8.0G       435M       7.6G

             total       used       free     shared    buffers     cached
Mem:          992M       929M        62M       164K       140K        25M
-/+ buffers/cache:       903M        88M
Swap:         8.0G       435M       7.6G

             total       used       free     shared    buffers     cached
Mem:          992M       930M        61M       164K       140K        25M
-/+ buffers/cache:       904M        87M
Swap:         8.0G       434M       7.6G

             total       used       free     shared    buffers     cached
Mem:          992M       931M        60M       164K       148K        25M
-/+ buffers/cache:       905M        86M
Swap:         8.0G       434M       7.6G

             total       used       free     shared    buffers     cached
Mem:          992M       919M        72M       164K       540K        22M
-/+ buffers/cache:       897M        95M
Swap:         8.0G       453M       7.6G

             total       used       free     shared    buffers     cached
Mem:          992M       923M        68M       168K       540K        23M
-/+ buffers/cache:       899M        92M
Swap:         8.0G       452M       7.6G

             total       used       free     shared    buffers     cached
Mem:          992M       912M        79M       168K       820K        30M
-/+ buffers/cache:       880M       111M
Swap:         8.0G       467M       7.5G

             total       used       free     shared    buffers     cached
Mem:          992M       913M        79M       180K       820K        30M
-/+ buffers/cache:       881M       110M
Swap:         8.0G       466M       7.5G

             total       used       free     shared    buffers     cached
Mem:          992M       914M        77M       180K       820K        30M
-/+ buffers/cache:       882M       109M
Swap:         8.0G       466M       7.5G

             total       used       free     shared    buffers     cached
Mem:          992M       915M        77M       180K       828K        30M
-/+ buffers/cache:       883M       108M
Swap:         8.0G       465M       7.5G

             total       used       free     shared    buffers     cached
Mem:          992M       915M        76M       180K       828K        30M
-/+ buffers/cache:       884M       107M
Swap:         8.0G       465M       7.5G

             total       used       free     shared    buffers     cached
Mem:          992M       916M        75M       180K       828K        30M
-/+ buffers/cache:       885M       107M
Swap:         8.0G       464M       7.5G

             total       used       free     shared    buffers     cached
Mem:          992M       918M        74M       180K       828K        30M
-/+ buffers/cache:       886M       105M
Swap:         8.0G       464M       7.5G

             total       used       free     shared    buffers     cached
Mem:          992M       919M        73M       180K       828K        30M
-/+ buffers/cache:       887M       104M
Swap:         8.0G       463M       7.5G

             total       used       free     shared    buffers     cached
Mem:          992M       920M        71M       180K       836K        30M
-/+ buffers/cache:       888M       103M
Swap:         8.0G       463M       7.5G

             total       used       free     shared    buffers     cached
Mem:          992M       921M        71M       180K       836K        30M
-/+ buffers/cache:       889M       102M
Swap:         8.0G       462M       7.5G

             total       used       free     shared    buffers     cached
Mem:          992M       922M        69M       180K       836K        30M
-/+ buffers/cache:       890M       101M
Swap:         8.0G       462M       7.5G

             total       used       free     shared    buffers     cached
Mem:          992M       923M        68M       180K       836K        30M
-/+ buffers/cache:       891M       100M
Swap:         8.0G       461M       7.5G

             total       used       free     shared    buffers     cached
Mem:          992M       924M        67M       180K       836K        30M
-/+ buffers/cache:       892M        99M
Swap:         8.0G       461M       7.5G

             total       used       free     shared    buffers     cached
Mem:          992M       925M        66M       180K       844K        30M
-/+ buffers/cache:       893M        98M
Swap:         8.0G       460M       7.5G

             total       used       free     shared    buffers     cached
Mem:          992M       926M        65M       180K       844K        30M
-/+ buffers/cache:       894M        97M
Swap:         8.0G       460M       7.5G

             total       used       free     shared    buffers     cached
Mem:          992M       927M        64M       180K       844K        30M
-/+ buffers/cache:       895M        96M
Swap:         8.0G       459M       7.5G

             total       used       free     shared    buffers     cached
Mem:          992M       928M        63M       180K       844K        30M
-/+ buffers/cache:       896M        95M
Swap:         8.0G       458M       7.5G

             total       used       free     shared    buffers     cached
Mem:          992M       929M        62M       180K       844K        30M
-/+ buffers/cache:       897M        94M
Swap:         8.0G       458M       7.5G

             total       used       free     shared    buffers     cached
Mem:          992M       930M        61M       180K       844K        30M
-/+ buffers/cache:       898M        93M
Swap:         8.0G       457M       7.5G

             total       used       free     shared    buffers     cached
Mem:          992M       917M        74M       180K       844K        30M
-/+ buffers/cache:       886M       105M
Swap:         8.0G       470M       7.5G

             total       used       free     shared    buffers     cached
Mem:          992M       918M        73M       180K       844K        30M
-/+ buffers/cache:       887M       104M
Swap:         8.0G       469M       7.5G

             total       used       free     shared    buffers     cached
Mem:          992M       919M        72M       180K       844K        30M
-/+ buffers/cache:       888M       103M
Swap:         8.0G       468M       7.5G

             total       used       free     shared    buffers     cached
Mem:          992M       920M        71M       180K       844K        30M
-/+ buffers/cache:       889M       102M
Swap:         8.0G       468M       7.5G

             total       used       free     shared    buffers     cached
Mem:          992M       921M        70M       180K       844K        30M
-/+ buffers/cache:       890M       101M
Swap:         8.0G       467M       7.5G

             total       used       free     shared    buffers     cached
Mem:          992M       922M        69M       180K       852K        30M
-/+ buffers/cache:       891M       100M
Swap:         8.0G       467M       7.5G

             total       used       free     shared    buffers     cached
Mem:          992M       923M        68M       180K       852K        30M
-/+ buffers/cache:       892M        99M
Swap:         8.0G       466M       7.5G

             total       used       free     shared    buffers     cached
Mem:          992M       924M        67M       180K       852K        30M
-/+ buffers/cache:       893M        98M
Swap:         8.0G       466M       7.5G

             total       used       free     shared    buffers     cached
Mem:          992M       925M        66M       180K       852K        30M
-/+ buffers/cache:       894M        97M
Swap:         8.0G       465M       7.5G

             total       used       free     shared    buffers     cached
Mem:          992M       926M        65M       180K       852K        30M
-/+ buffers/cache:       895M        96M
Swap:         8.0G       464M       7.5G

             total       used       free     shared    buffers     cached
Mem:          992M       927M        64M       180K       852K        30M
-/+ buffers/cache:       896M        95M
Swap:         8.0G       464M       7.5G

             total       used       free     shared    buffers     cached
Mem:          992M       928M        63M       180K       860K        30M
-/+ buffers/cache:       897M        94M
Swap:         8.0G       463M       7.5G

             total       used       free     shared    buffers     cached
Mem:          992M       930M        62M       180K       860K        30M
-/+ buffers/cache:       898M        93M
Swap:         8.0G       463M       7.5G

             total       used       free     shared    buffers     cached
Mem:          992M       931M        60M       180K       860K        30M
-/+ buffers/cache:       900M        92M
Swap:         8.0G       462M       7.5G

             total       used       free     shared    buffers     cached
Mem:          992M       918M        74M       180K       860K        29M
-/+ buffers/cache:       887M       104M
Swap:         8.0G       470M       7.5G

             total       used       free     shared    buffers     cached
Mem:          992M       919M        72M       180K       860K        29M
-/+ buffers/cache:       888M       103M
Swap:         8.0G       470M       7.5G

             total       used       free     shared    buffers     cached
Mem:          992M       920M        72M       180K       868K        29M
-/+ buffers/cache:       889M       102M
Swap:         8.0G       469M       7.5G

             total       used       free     shared    buffers     cached
Mem:          992M       921M        70M       180K       868K        29M
-/+ buffers/cache:       890M       101M
Swap:         8.0G       468M       7.5G

             total       used       free     shared    buffers     cached
Mem:          992M       922M        69M       180K       868K        29M
-/+ buffers/cache:       891M       100M
Swap:         8.0G       468M       7.5G

             total       used       free     shared    buffers     cached
Mem:          992M       923M        68M       180K       868K        29M
-/+ buffers/cache:       892M        99M
Swap:         8.0G       467M       7.5G

             total       used       free     shared    buffers     cached
Mem:          992M       924M        67M       180K       868K        29M
-/+ buffers/cache:       893M        98M
Swap:         8.0G       466M       7.5G

             total       used       free     shared    buffers     cached
Mem:          992M       925M        66M       180K       868K        29M
-/+ buffers/cache:       895M        97M
Swap:         8.0G       466M       7.5G

             total       used       free     shared    buffers     cached
Mem:          992M       926M        65M       180K       876K        29M
-/+ buffers/cache:       896M        95M
Swap:         8.0G       465M       7.5G

             total       used       free     shared    buffers     cached
Mem:          992M       928M        63M       180K       876K        29M
-/+ buffers/cache:       897M        94M
Swap:         8.0G       464M       7.5G

             total       used       free     shared    buffers     cached
Mem:          992M       929M        62M       180K       876K        29M
-/+ buffers/cache:       898M        93M
Swap:         8.0G       464M       7.5G

             total       used       free     shared    buffers     cached
Mem:          992M       912M        79M       180K       832K        28M
-/+ buffers/cache:       883M       108M
Swap:         8.0G       489M       7.5G

             total       used       free     shared    buffers     cached
Mem:          992M       914M        78M       180K       832K        28M
-/+ buffers/cache:       884M       107M
Swap:         8.0G       488M       7.5G

             total       used       free     shared    buffers     cached
Mem:          992M       915M        76M       180K       1.1M        28M
-/+ buffers/cache:       886M       106M
Swap:         8.0G       488M       7.5G

             total       used       free     shared    buffers     cached
Mem:          992M       917M        75M       180K       1.1M        28M
-/+ buffers/cache:       887M       104M
Swap:         8.0G       487M       7.5G

             total       used       free     shared    buffers     cached
Mem:          992M       918M        73M       180K       1.1M        28M
-/+ buffers/cache:       889M       103M
Swap:         8.0G       486M       7.5G

             total       used       free     shared    buffers     cached
Mem:          992M       919M        72M       180K       1.1M        28M
-/+ buffers/cache:       890M       101M
Swap:         8.0G       485M       7.5G

             total       used       free     shared    buffers     cached
Mem:          992M       921M        70M       180K       1.1M        28M
-/+ buffers/cache:       891M       100M
Swap:         8.0G       484M       7.5G

             total       used       free     shared    buffers     cached
Mem:          992M       922M        69M       180K       1.1M        28M
-/+ buffers/cache:       893M        99M
Swap:         8.0G       484M       7.5G

             total       used       free     shared    buffers     cached
Mem:          992M       924M        68M       180K       1.1M        28M
-/+ buffers/cache:       894M        97M
Swap:         8.0G       483M       7.5G

             total       used       free     shared    buffers     cached
Mem:          992M       925M        66M       180K       1.1M        28M
-/+ buffers/cache:       896M        95M
Swap:         8.0G       482M       7.5G

             total       used       free     shared    buffers     cached
Mem:          992M       927M        64M       180K       1.1M        28M
-/+ buffers/cache:       897M        94M
Swap:         8.0G       481M       7.5G

             total       used       free     shared    buffers     cached
Mem:          992M       929M        63M       180K       1.1M        28M
-/+ buffers/cache:       899M        93M
Swap:         8.0G       480M       7.5G

             total       used       free     shared    buffers     cached
Mem:          992M       930M        61M       180K       1.1M        28M
-/+ buffers/cache:       900M        91M
Swap:         8.0G       479M       7.5G

             total       used       free     shared    buffers     cached
Mem:          992M       919M        72M       180K       1.3M        28M
-/+ buffers/cache:       889M       102M
Swap:         8.0G       480M       7.5G

             total       used       free     shared    buffers     cached
Mem:          992M       920M        71M       184K       1.3M        28M
-/+ buffers/cache:       890M       101M
Swap:         8.0G       479M       7.5G

             total       used       free     shared    buffers     cached
Mem:          992M       927M        65M       184K       1.3M        30M
-/+ buffers/cache:       895M        96M
Swap:         8.0G       476M       7.5G

             total       used       free     shared    buffers     cached
Mem:          992M       928M        63M       184K       1.3M        30M
-/+ buffers/cache:       896M        95M
Swap:         8.0G       475M       7.5G

             total       used       free     shared    buffers     cached
Mem:          992M       917M        74M       184K       600K        29M
-/+ buffers/cache:       888M       104M
Swap:         8.0G       498M       7.5G

             total       used       free     shared    buffers     cached
Mem:          992M       919M        73M       184K       600K        29M
-/+ buffers/cache:       889M       103M
Swap:         8.0G       497M       7.5G

             total       used       free     shared    buffers     cached
Mem:          992M       919M        72M       184K       608K        29M
-/+ buffers/cache:       889M       102M
Swap:         8.0G       497M       7.5G

             total       used       free     shared    buffers     cached
Mem:          992M       920M        71M       184K       608K        29M
-/+ buffers/cache:       890M       101M
Swap:         8.0G       497M       7.5G

             total       used       free     shared    buffers     cached
Mem:          992M       920M        71M       184K       608K        29M
-/+ buffers/cache:       890M       101M
Swap:         8.0G       496M       7.5G

             total       used       free     shared    buffers     cached
Mem:          992M       921M        70M       184K       608K        29M
-/+ buffers/cache:       891M       100M
Swap:         8.0G       496M       7.5G

             total       used       free     shared    buffers     cached
Mem:          992M       922M        69M       184K       608K        29M
-/+ buffers/cache:       892M        99M
Swap:         8.0G       496M       7.5G

             total       used       free     shared    buffers     cached
Mem:          992M       922M        69M       184K       616K        29M
-/+ buffers/cache:       892M        99M
Swap:         8.0G       495M       7.5G

             total       used       free     shared    buffers     cached
Mem:          992M       923M        68M       184K       616K        29M
-/+ buffers/cache:       893M        98M
Swap:         8.0G       495M       7.5G

             total       used       free     shared    buffers     cached
Mem:          992M       924M        67M       184K       616K        29M
-/+ buffers/cache:       894M        97M
Swap:         8.0G       494M       7.5G

             total       used       free     shared    buffers     cached
Mem:          992M       924M        67M       236K       896K        32M
-/+ buffers/cache:       891M       100M
Swap:         8.0G       497M       7.5G

             total       used       free     shared    buffers     cached
Mem:          992M       920M        71M       3.9M       3.4M        51M
-/+ buffers/cache:       865M       126M
Swap:         8.0G       528M       7.5G

             total       used       free     shared    buffers     cached
Mem:          992M       921M        70M       3.9M       4.3M        63M
-/+ buffers/cache:       854M       138M
Swap:         8.0G       553M       7.5G

             total       used       free     shared    buffers     cached
Mem:          992M       922M        70M       3.9M       4.3M        63M
-/+ buffers/cache:       854M       137M
Swap:         8.0G       553M       7.5G

             total       used       free     shared    buffers     cached
Mem:          992M       922M        70M       3.9M       4.3M        63M
-/+ buffers/cache:       854M       137M
Swap:         8.0G       553M       7.5G

             total       used       free     shared    buffers     cached
Mem:          992M       930M        61M       288K       4.5M        63M
-/+ buffers/cache:       862M       129M
Swap:         8.0G       549M       7.5G

             total       used       free     shared    buffers     cached
Mem:          992M       918M        73M       288K       4.2M        60M
-/+ buffers/cache:       854M       137M
Swap:         8.0G       551M       7.5G

             total       used       free     shared    buffers     cached
Mem:          992M       920M        72M       288K       4.2M        60M
-/+ buffers/cache:       855M       136M
Swap:         8.0G       551M       7.5G

             total       used       free     shared    buffers     cached
Mem:          992M       922M        69M       288K       4.4M        61M
-/+ buffers/cache:       857M       134M
Swap:         8.0G       550M       7.5G

             total       used       free     shared    buffers     cached
Mem:          992M       924M        68M       288K       4.4M        61M
-/+ buffers/cache:       858M       133M
Swap:         8.0G       549M       7.5G

             total       used       free     shared    buffers     cached
Mem:          992M       924M        68M       288K       4.4M        61M
-/+ buffers/cache:       858M       133M
Swap:         8.0G       549M       7.5G

             total       used       free     shared    buffers     cached
Mem:          992M       924M        68M       288K       4.4M        61M
-/+ buffers/cache:       858M       133M
Swap:         8.0G       549M       7.5G

             total       used       free     shared    buffers     cached
Mem:          992M       923M        68M       288K       4.4M        61M
-/+ buffers/cache:       858M       133M
Swap:         8.0G       549M       7.5G

             total       used       free     shared    buffers     cached
Mem:          992M       925M        66M       288K       4.4M        61M
-/+ buffers/cache:       859M       132M
Swap:         8.0G       549M       7.5G

             total       used       free     shared    buffers     cached
Mem:          992M       926M        65M       288K       4.4M        61M
-/+ buffers/cache:       860M       131M
Swap:         8.0G       548M       7.5G

             total       used       free     shared    buffers     cached
Mem:          992M       927M        64M       288K       4.4M        61M
-/+ buffers/cache:       862M       130M
Swap:         8.0G       547M       7.5G

             total       used       free     shared    buffers     cached
Mem:          992M       929M        62M       288K       4.4M        61M
-/+ buffers/cache:       863M       128M
Swap:         8.0G       546M       7.5G

             total       used       free     shared    buffers     cached
Mem:          992M       930M        61M       288K       4.4M        61M
-/+ buffers/cache:       865M       127M
Swap:         8.0G       546M       7.5G

             total       used       free     shared    buffers     cached
Mem:          992M       917M        74M       288K       4.4M        58M
-/+ buffers/cache:       854M       138M
Swap:         8.0G       569M       7.4G

             total       used       free     shared    buffers     cached
Mem:          992M       918M        73M       288K       4.4M        58M
-/+ buffers/cache:       855M       136M
Swap:         8.0G       568M       7.4G

             total       used       free     shared    buffers     cached
Mem:          992M       920M        72M       288K       4.4M        58M
-/+ buffers/cache:       856M       135M
Swap:         8.0G       567M       7.4G

             total       used       free     shared    buffers     cached
Mem:          992M       921M        70M       288K       4.4M        58M
-/+ buffers/cache:       858M       133M
Swap:         8.0G       566M       7.4G

             total       used       free     shared    buffers     cached
Mem:          992M       923M        68M       288K       4.4M        58M
-/+ buffers/cache:       859M       132M
Swap:         8.0G       565M       7.4G

             total       used       free     shared    buffers     cached
Mem:          992M       924M        67M       288K       4.4M        58M
-/+ buffers/cache:       861M       131M
Swap:         8.0G       565M       7.4G

             total       used       free     shared    buffers     cached
Mem:          992M       925M        66M       288K       4.4M        58M
-/+ buffers/cache:       862M       129M
Swap:         8.0G       564M       7.4G

             total       used       free     shared    buffers     cached
Mem:          992M       926M        65M       288K       4.4M        58M
-/+ buffers/cache:       863M       128M
Swap:         8.0G       563M       7.4G

             total       used       free     shared    buffers     cached
Mem:          992M       928M        63M       288K       4.4M        58M
-/+ buffers/cache:       865M       127M
Swap:         8.0G       563M       7.4G

             total       used       free     shared    buffers     cached
Mem:          992M       929M        62M       288K       4.4M        58M
-/+ buffers/cache:       866M       125M
Swap:         8.0G       562M       7.4G

             total       used       free     shared    buffers     cached
Mem:          992M       931M        61M       288K       4.4M        58M
-/+ buffers/cache:       867M       124M
Swap:         8.0G       561M       7.4G

             total       used       free     shared    buffers     cached
Mem:          992M       918M        73M       288K       4.4M        58M
-/+ buffers/cache:       855M       136M
Swap:         8.0G       562M       7.4G

             total       used       free     shared    buffers     cached
Mem:          992M       919M        72M       288K       4.4M        58M
-/+ buffers/cache:       857M       135M
Swap:         8.0G       561M       7.4G

             total       used       free     shared    buffers     cached
Mem:          992M       921M        70M       288K       4.4M        58M
-/+ buffers/cache:       858M       133M
Swap:         8.0G       561M       7.4G

             total       used       free     shared    buffers     cached
Mem:          992M       922M        69M       288K       4.4M        58M
-/+ buffers/cache:       859M       132M
Swap:         8.0G       560M       7.4G

             total       used       free     shared    buffers     cached
Mem:          992M       923M        68M       288K       4.4M        59M
-/+ buffers/cache:       860M       132M
Swap:         8.0G       560M       7.4G

             total       used       free     shared    buffers     cached
Mem:          992M       924M        67M       288K       4.4M        59M
-/+ buffers/cache:       860M       131M
Swap:         8.0G       560M       7.5G

             total       used       free     shared    buffers     cached
Mem:          992M       925M        66M       288K       4.4M        59M
-/+ buffers/cache:       862M       129M
Swap:         8.0G       559M       7.5G

             total       used       free     shared    buffers     cached
Mem:          992M       926M        65M       288K       4.4M        59M
-/+ buffers/cache:       863M       128M
Swap:         8.0G       559M       7.5G

             total       used       free     shared    buffers     cached
Mem:          992M       920M        71M       340K       7.8M        66M
-/+ buffers/cache:       845M       146M
Swap:         8.0G       586M       7.4G

             total       used       free     shared    buffers     cached
Mem:          992M       919M        72M       332K       8.2M        69M
-/+ buffers/cache:       842M       150M
Swap:         8.0G       585M       7.4G
