             total       used       free     shared    buffers     cached
Mem:          992M       662M       330M       3.2M        38M       289M
-/+ buffers/cache:       334M       657M
Swap:         8.0G         0B       8.0G

             total       used       free     shared    buffers     cached
Mem:          992M       660M       331M       1.4M        38M       287M
-/+ buffers/cache:       334M       657M
Swap:         8.0G         0B       8.0G

             total       used       free     shared    buffers     cached
Mem:          992M       660M       331M       1.4M        38M       288M
-/+ buffers/cache:       334M       657M
Swap:         8.0G         0B       8.0G

             total       used       free     shared    buffers     cached
Mem:          992M       660M       331M       1.4M        38M       288M
-/+ buffers/cache:       334M       657M
Swap:         8.0G         0B       8.0G

             total       used       free     shared    buffers     cached
Mem:          992M       660M       331M       1.4M        38M       288M
-/+ buffers/cache:       334M       657M
Swap:         8.0G         0B       8.0G

             total       used       free     shared    buffers     cached
Mem:          992M       660M       331M       1.4M        38M       288M
-/+ buffers/cache:       334M       657M
Swap:         8.0G         0B       8.0G

             total       used       free     shared    buffers     cached
Mem:          992M       660M       331M       1.4M        38M       288M
-/+ buffers/cache:       334M       658M
Swap:         8.0G         0B       8.0G

             total       used       free     shared    buffers     cached
Mem:          992M       660M       331M       1.4M        38M       288M
-/+ buffers/cache:       333M       658M
Swap:         8.0G         0B       8.0G

             total       used       free     shared    buffers     cached
Mem:          992M       660M       331M       1.4M        38M       288M
-/+ buffers/cache:       333M       658M
Swap:         8.0G         0B       8.0G

             total       used       free     shared    buffers     cached
Mem:          992M       663M       328M       1.4M        38M       288M
-/+ buffers/cache:       336M       655M
Swap:         8.0G         0B       8.0G

             total       used       free     shared    buffers     cached
Mem:          992M       680M       311M       1.4M        38M       288M
-/+ buffers/cache:       353M       638M
Swap:         8.0G         0B       8.0G

             total       used       free     shared    buffers     cached
Mem:          992M       706M       286M       1.4M        38M       288M
-/+ buffers/cache:       378M       613M
Swap:         8.0G         0B       8.0G

             total       used       free     shared    buffers     cached
Mem:          992M       669M       322M       1.4M        38M       289M
-/+ buffers/cache:       341M       650M
Swap:         8.0G         0B       8.0G

             total       used       free     shared    buffers     cached
Mem:          992M       670M       322M       1.4M        38M       289M
-/+ buffers/cache:       341M       650M
Swap:         8.0G         0B       8.0G

             total       used       free     shared    buffers     cached
Mem:          992M       670M       322M       1.4M        38M       289M
-/+ buffers/cache:       341M       650M
Swap:         8.0G         0B       8.0G

             total       used       free     shared    buffers     cached
Mem:          992M       670M       322M       1.4M        38M       289M
-/+ buffers/cache:       341M       650M
Swap:         8.0G         0B       8.0G

             total       used       free     shared    buffers     cached
Mem:          992M       670M       322M       1.4M        38M       289M
-/+ buffers/cache:       341M       650M
Swap:         8.0G         0B       8.0G

             total       used       free     shared    buffers     cached
Mem:          992M       670M       322M       1.4M        38M       289M
-/+ buffers/cache:       341M       650M
Swap:         8.0G         0B       8.0G

             total       used       free     shared    buffers     cached
Mem:          992M       670M       322M       1.4M        38M       289M
-/+ buffers/cache:       341M       650M
Swap:         8.0G         0B       8.0G

             total       used       free     shared    buffers     cached
Mem:          992M       670M       322M       1.4M        38M       289M
-/+ buffers/cache:       341M       650M
Swap:         8.0G         0B       8.0G

             total       used       free     shared    buffers     cached
Mem:          992M       670M       322M       1.4M        38M       289M
-/+ buffers/cache:       341M       650M
Swap:         8.0G         0B       8.0G

             total       used       free     shared    buffers     cached
Mem:          992M       670M       321M       1.4M        38M       289M
-/+ buffers/cache:       341M       650M
Swap:         8.0G         0B       8.0G

             total       used       free     shared    buffers     cached
Mem:          992M       670M       321M       1.4M        38M       289M
-/+ buffers/cache:       341M       650M
Swap:         8.0G         0B       8.0G

             total       used       free     shared    buffers     cached
Mem:          992M       670M       321M       1.4M        38M       289M
-/+ buffers/cache:       341M       650M
Swap:         8.0G         0B       8.0G

             total       used       free     shared    buffers     cached
Mem:          992M       670M       321M       1.4M        38M       289M
-/+ buffers/cache:       341M       650M
Swap:         8.0G         0B       8.0G

             total       used       free     shared    buffers     cached
Mem:          992M       670M       321M       1.4M        38M       289M
-/+ buffers/cache:       341M       650M
Swap:         8.0G         0B       8.0G

             total       used       free     shared    buffers     cached
Mem:          992M       670M       322M       1.4M        38M       289M
-/+ buffers/cache:       341M       650M
Swap:         8.0G         0B       8.0G

             total       used       free     shared    buffers     cached
Mem:          992M       670M       322M       1.4M        38M       289M
-/+ buffers/cache:       341M       650M
Swap:         8.0G         0B       8.0G

             total       used       free     shared    buffers     cached
Mem:          992M       670M       322M       1.4M        38M       289M
-/+ buffers/cache:       341M       650M
Swap:         8.0G         0B       8.0G

             total       used       free     shared    buffers     cached
Mem:          992M       670M       322M       1.4M        38M       289M
-/+ buffers/cache:       341M       650M
Swap:         8.0G         0B       8.0G

             total       used       free     shared    buffers     cached
Mem:          992M       670M       322M       1.4M        38M       289M
-/+ buffers/cache:       341M       650M
Swap:         8.0G         0B       8.0G

             total       used       free     shared    buffers     cached
Mem:          992M       670M       322M       1.4M        38M       289M
-/+ buffers/cache:       341M       650M
Swap:         8.0G         0B       8.0G

             total       used       free     shared    buffers     cached
Mem:          992M       670M       322M       1.4M        38M       289M
-/+ buffers/cache:       341M       650M
Swap:         8.0G         0B       8.0G

             total       used       free     shared    buffers     cached
Mem:          992M       674M       317M       1.4M        38M       289M
-/+ buffers/cache:       345M       646M
Swap:         8.0G         0B       8.0G

             total       used       free     shared    buffers     cached
Mem:          992M       692M       299M       1.4M        38M       289M
-/+ buffers/cache:       363M       628M
Swap:         8.0G         0B       8.0G

             total       used       free     shared    buffers     cached
Mem:          992M       708M       283M       1.4M        38M       289M
-/+ buffers/cache:       379M       612M
Swap:         8.0G         0B       8.0G

             total       used       free     shared    buffers     cached
Mem:          992M       725M       266M       1.4M        38M       289M
-/+ buffers/cache:       396M       595M
Swap:         8.0G         0B       8.0G

             total       used       free     shared    buffers     cached
Mem:          992M       740M       251M       1.4M        38M       289M
-/+ buffers/cache:       411M       580M
Swap:         8.0G         0B       8.0G

             total       used       free     shared    buffers     cached
Mem:          992M       754M       237M       1.4M        38M       289M
-/+ buffers/cache:       426M       566M
Swap:         8.0G         0B       8.0G

             total       used       free     shared    buffers     cached
Mem:          992M       769M       222M       1.4M        38M       289M
-/+ buffers/cache:       441M       551M
Swap:         8.0G         0B       8.0G

             total       used       free     shared    buffers     cached
Mem:          992M       783M       208M       1.4M        38M       289M
-/+ buffers/cache:       455M       536M
Swap:         8.0G         0B       8.0G

             total       used       free     shared    buffers     cached
Mem:          992M       801M       191M       1.4M        38M       289M
-/+ buffers/cache:       472M       519M
Swap:         8.0G         0B       8.0G

             total       used       free     shared    buffers     cached
Mem:          992M       818M       174M       1.4M        38M       289M
-/+ buffers/cache:       489M       502M
Swap:         8.0G         0B       8.0G

             total       used       free     shared    buffers     cached
Mem:          992M       837M       155M       1.4M        38M       289M
-/+ buffers/cache:       508M       483M
Swap:         8.0G         0B       8.0G

             total       used       free     shared    buffers     cached
Mem:          992M       854M       137M       1.4M        38M       289M
-/+ buffers/cache:       525M       466M
Swap:         8.0G         0B       8.0G

             total       used       free     shared    buffers     cached
Mem:          992M       871M       121M       1.4M        38M       289M
-/+ buffers/cache:       542M       449M
Swap:         8.0G         0B       8.0G

             total       used       free     shared    buffers     cached
Mem:          992M       888M       103M       1.4M        38M       289M
-/+ buffers/cache:       559M       432M
Swap:         8.0G         0B       8.0G

             total       used       free     shared    buffers     cached
Mem:          992M       902M        89M       1.4M        38M       289M
-/+ buffers/cache:       573M       418M
Swap:         8.0G         0B       8.0G

             total       used       free     shared    buffers     cached
Mem:          992M       919M        72M       1.4M        38M       289M
-/+ buffers/cache:       590M       401M
Swap:         8.0G         0B       8.0G

             total       used       free     shared    buffers     cached
Mem:          992M       922M        69M       1.4M        25M       288M
-/+ buffers/cache:       608M       383M
Swap:         8.0G         0B       8.0G

             total       used       free     shared    buffers     cached
Mem:          992M       923M        68M       1.4M        10M       288M
-/+ buffers/cache:       624M       367M
Swap:         8.0G         0B       8.0G

             total       used       free     shared    buffers     cached
Mem:          992M       923M        68M       1.4M        10M       272M
-/+ buffers/cache:       640M       352M
Swap:         8.0G        76K       8.0G

             total       used       free     shared    buffers     cached
Mem:          992M       932M        60M       1.4M        10M       266M
-/+ buffers/cache:       655M       337M
Swap:         8.0G        76K       8.0G

             total       used       free     shared    buffers     cached
Mem:          992M       929M        63M       1.3M       9.7M       248M
-/+ buffers/cache:       671M       321M
Swap:         8.0G       724K       8.0G

             total       used       free     shared    buffers     cached
Mem:          992M       928M        63M       1.2M       9.7M       234M
-/+ buffers/cache:       684M       307M
Swap:         8.0G       4.9M       8.0G

             total       used       free     shared    buffers     cached
Mem:          992M       913M        78M       1.1M       9.7M       209M
-/+ buffers/cache:       693M       298M
Swap:         8.0G       9.4M       8.0G

             total       used       free     shared    buffers     cached
Mem:          992M       929M        63M       1.1M       9.7M       209M
-/+ buffers/cache:       709M       282M
Swap:         8.0G       9.4M       8.0G

             total       used       free     shared    buffers     cached
Mem:          992M       919M        72M       1.1M       1.9M       192M
-/+ buffers/cache:       725M       266M
Swap:         8.0G       9.4M       8.0G

             total       used       free     shared    buffers     cached
Mem:          992M       920M        71M       1.1M       340K       176M
-/+ buffers/cache:       743M       248M
Swap:         8.0G       9.4M       8.0G

             total       used       free     shared    buffers     cached
Mem:          992M       924M        67M       1.1M       232K       165M
-/+ buffers/cache:       758M       233M
Swap:         8.0G       9.4M       8.0G

             total       used       free     shared    buffers     cached
Mem:          992M       919M        72M       1.1M       204K       145M
-/+ buffers/cache:       773M       218M
Swap:         8.0G       9.4M       8.0G

             total       used       free     shared    buffers     cached
Mem:          992M       930M        62M       1.1M       428K       145M
-/+ buffers/cache:       784M       208M
Swap:         8.0G       9.4M       8.0G

             total       used       free     shared    buffers     cached
Mem:          992M       924M        67M       1.1M       268K       128M
-/+ buffers/cache:       795M       196M
Swap:         8.0G       9.4M       8.0G

             total       used       free     shared    buffers     cached
Mem:          992M       924M        67M       1.1M       288K       113M
-/+ buffers/cache:       810M       181M
Swap:         8.0G       9.4M       8.0G

             total       used       free     shared    buffers     cached
Mem:          992M       924M        67M       1.1M       288K       100M
-/+ buffers/cache:       823M       168M
Swap:         8.0G       9.4M       8.0G

             total       used       free     shared    buffers     cached
Mem:          992M       921M        70M       1.1M       288K        83M
-/+ buffers/cache:       837M       154M
Swap:         8.0G       9.4M       8.0G

             total       used       free     shared    buffers     cached
Mem:          992M       925M        66M       1.1M       292K        71M
-/+ buffers/cache:       853M       138M
Swap:         8.0G       9.4M       8.0G

             total       used       free     shared    buffers     cached
Mem:          992M       924M        67M       1.1M       300K        55M
-/+ buffers/cache:       869M       123M
Swap:         8.0G       9.4M       8.0G

             total       used       free     shared    buffers     cached
Mem:          992M       928M        63M       1.1M       440K        44M
-/+ buffers/cache:       883M       108M
Swap:         8.0G       9.4M       8.0G

             total       used       free     shared    buffers     cached
Mem:          992M       919M        72M       1.1M       3.2M        16M
-/+ buffers/cache:       899M        92M
Swap:         8.0G        10M       8.0G

             total       used       free     shared    buffers     cached
Mem:          992M       930M        61M       1.0M       3.2M        15M
-/+ buffers/cache:       911M        80M
Swap:         8.0G        14M       8.0G

             total       used       free     shared    buffers     cached
Mem:          992M       920M        71M       996K       100K       4.8M
-/+ buffers/cache:       915M        76M
Swap:         8.0G        28M       8.0G

             total       used       free     shared    buffers     cached
Mem:          992M       921M        70M       684K       100K       3.4M
-/+ buffers/cache:       917M        74M
Swap:         8.0G        51M       7.9G

             total       used       free     shared    buffers     cached
Mem:          992M       922M        69M       680K       100K       3.0M
-/+ buffers/cache:       919M        72M
Swap:         8.0G        52M       7.9G

             total       used       free     shared    buffers     cached
Mem:          992M       924M        68M       680K       364K       3.0M
-/+ buffers/cache:       920M        71M
Swap:         8.0G        73M       7.9G

             total       used       free     shared    buffers     cached
Mem:          992M       922M        69M       668K       356K       3.0M
-/+ buffers/cache:       918M        73M
Swap:         8.0G        83M       7.9G

             total       used       free     shared    buffers     cached
Mem:          992M       912M        79M       656K       356K       3.0M
-/+ buffers/cache:       909M        82M
Swap:         8.0G       137M       7.9G

             total       used       free     shared    buffers     cached
Mem:          992M       928M        63M       640K       356K       3.0M
-/+ buffers/cache:       925M        66M
Swap:         8.0G       137M       7.9G

             total       used       free     shared    buffers     cached
Mem:          992M       920M        71M       640K       356K       3.0M
-/+ buffers/cache:       917M        74M
Swap:         8.0G       137M       7.9G

             total       used       free     shared    buffers     cached
Mem:          992M       912M        79M       588K       356K       2.9M
-/+ buffers/cache:       909M        83M
Swap:         8.0G       179M       7.8G

             total       used       free     shared    buffers     cached
Mem:          992M       925M        66M       580K       364K       3.0M
-/+ buffers/cache:       922M        69M
Swap:         8.0G       179M       7.8G

             total       used       free     shared    buffers     cached
Mem:          992M       927M        65M       580K       364K       3.0M
-/+ buffers/cache:       923M        68M
Swap:         8.0G       179M       7.8G

             total       used       free     shared    buffers     cached
Mem:          992M       927M        64M       580K       364K       2.9M
-/+ buffers/cache:       924M        68M
Swap:         8.0G       191M       7.8G

             total       used       free     shared    buffers     cached
Mem:          992M       912M        79M       576K       360K       2.7M
-/+ buffers/cache:       909M        82M
Swap:         8.0G       239M       7.8G

             total       used       free     shared    buffers     cached
Mem:          992M       928M        63M       556K       360K       2.7M
-/+ buffers/cache:       925M        67M
Swap:         8.0G       239M       7.8G

             total       used       free     shared    buffers     cached
Mem:          992M       929M        62M       556K       368K       2.9M
-/+ buffers/cache:       926M        65M
Swap:         8.0G       239M       7.8G

             total       used       free     shared    buffers     cached
Mem:          992M       930M        61M       556K       368K       2.9M
-/+ buffers/cache:       927M        64M
Swap:         8.0G       239M       7.8G

             total       used       free     shared    buffers     cached
Mem:          992M       920M        71M       548K       360K       2.8M
-/+ buffers/cache:       917M        74M
Swap:         8.0G       260M       7.7G

             total       used       free     shared    buffers     cached
Mem:          992M       928M        63M       548K       360K       2.8M
-/+ buffers/cache:       925M        66M
Swap:         8.0G       260M       7.7G

             total       used       free     shared    buffers     cached
Mem:          992M       914M        77M       548K       348K       2.6M
-/+ buffers/cache:       911M        80M
Swap:         8.0G       281M       7.7G

             total       used       free     shared    buffers     cached
Mem:          992M       920M        71M       548K       348K       2.6M
-/+ buffers/cache:       917M        74M
Swap:         8.0G       281M       7.7G

             total       used       free     shared    buffers     cached
Mem:          992M       927M        64M       548K       356K       2.7M
-/+ buffers/cache:       924M        67M
Swap:         8.0G       281M       7.7G

             total       used       free     shared    buffers     cached
Mem:          992M       914M        77M       548K       356K       2.7M
-/+ buffers/cache:       911M        80M
Swap:         8.0G       308M       7.7G

             total       used       free     shared    buffers     cached
Mem:          992M       919M        72M       548K       356K       2.7M
-/+ buffers/cache:       916M        75M
Swap:         8.0G       308M       7.7G

             total       used       free     shared    buffers     cached
Mem:          992M       925M        66M       548K       356K       2.7M
-/+ buffers/cache:       922M        69M
Swap:         8.0G       308M       7.7G

             total       used       free     shared    buffers     cached
Mem:          992M       930M        61M       548K       356K       2.7M
-/+ buffers/cache:       927M        64M
Swap:         8.0G       308M       7.7G

             total       used       free     shared    buffers     cached
Mem:          992M       922M        69M       548K       364K       2.7M
-/+ buffers/cache:       919M        72M
Swap:         8.0G       308M       7.7G

             total       used       free     shared    buffers     cached
Mem:          992M       928M        64M       548K       364K       2.7M
-/+ buffers/cache:       925M        67M
Swap:         8.0G       308M       7.7G

             total       used       free     shared    buffers     cached
Mem:          992M       917M        74M       340K       364K       2.5M
-/+ buffers/cache:       914M        77M
Swap:         8.0G       340M       7.7G

             total       used       free     shared    buffers     cached
Mem:          992M       921M        70M       332K       364K       2.5M
-/+ buffers/cache:       918M        73M
Swap:         8.0G       340M       7.7G

             total       used       free     shared    buffers     cached
Mem:          992M       926M        65M       332K       364K       2.5M
-/+ buffers/cache:       924M        68M
Swap:         8.0G       340M       7.7G

             total       used       free     shared    buffers     cached
Mem:          992M       925M        66M       332K       372K       2.5M
-/+ buffers/cache:       922M        69M
Swap:         8.0G       325M       7.7G

             total       used       free     shared    buffers     cached
Mem:          992M       922M        69M        20K       348K       2.0M
-/+ buffers/cache:       920M        71M
Swap:         8.0G       325M       7.7G

             total       used       free     shared    buffers     cached
Mem:          992M       930M        62M        20K       136K       2.0M
-/+ buffers/cache:       927M        64M
Swap:         8.0G       317M       7.7G

             total       used       free     shared    buffers     cached
Mem:          992M       921M        71M         0B        84K       1.8M
-/+ buffers/cache:       919M        72M
Swap:         8.0G       323M       7.7G

             total       used       free     shared    buffers     cached
Mem:          992M       922M        70M         0B        84K       1.6M
-/+ buffers/cache:       920M        71M
Swap:         8.0G       324M       7.7G

             total       used       free     shared    buffers     cached
Mem:          992M       920M        71M         0B        84K       1.5M
-/+ buffers/cache:       918M        73M
Swap:         8.0G       329M       7.7G

             total       used       free     shared    buffers     cached
Mem:          992M       920M        71M         0B        92K       1.5M
-/+ buffers/cache:       919M        73M
Swap:         8.0G       327M       7.7G

             total       used       free     shared    buffers     cached
Mem:          992M       922M        69M         0B        92K       1.5M
-/+ buffers/cache:       921M        70M
Swap:         8.0G       331M       7.7G

             total       used       free     shared    buffers     cached
Mem:          992M       929M        63M         0B        92K       1.5M
-/+ buffers/cache:       927M        64M
Swap:         8.0G       321M       7.7G

             total       used       free     shared    buffers     cached
Mem:          992M       916M        76M         0B        88K       1.5M
-/+ buffers/cache:       914M        77M
Swap:         8.0G       346M       7.7G

             total       used       free     shared    buffers     cached
Mem:          992M       909M        82M         0B        80K       1.5M
-/+ buffers/cache:       908M        83M
Swap:         8.0G       362M       7.6G

             total       used       free     shared    buffers     cached
Mem:          992M       914M        77M         0B        88K       1.9M
-/+ buffers/cache:       912M        79M
Swap:         8.0G       354M       7.7G

             total       used       free     shared    buffers     cached
Mem:          992M       916M        75M         0B        88K       1.9M
-/+ buffers/cache:       914M        77M
Swap:         8.0G       354M       7.7G

             total       used       free     shared    buffers     cached
Mem:          992M       921M        71M         0B        88K       1.9M
-/+ buffers/cache:       919M        73M
Swap:         8.0G       352M       7.7G

             total       used       free     shared    buffers     cached
Mem:          992M       928M        63M         0B        88K       1.9M
-/+ buffers/cache:       926M        65M
Swap:         8.0G       351M       7.7G

             total       used       free     shared    buffers     cached
Mem:          992M       919M        72M         0B        88K       1.8M
-/+ buffers/cache:       917M        74M
Swap:         8.0G       363M       7.6G

             total       used       free     shared    buffers     cached
Mem:          992M       926M        66M         0B        96K       1.8M
-/+ buffers/cache:       924M        67M
Swap:         8.0G       363M       7.6G

             total       used       free     shared    buffers     cached
Mem:          992M       915M        76M         0B        88K       1.8M
-/+ buffers/cache:       914M        78M
Swap:         8.0G       379M       7.6G

             total       used       free     shared    buffers     cached
Mem:          992M       922M        69M         0B        88K       1.8M
-/+ buffers/cache:       920M        71M
Swap:         8.0G       379M       7.6G

             total       used       free     shared    buffers     cached
Mem:          992M       928M        63M         0B        88K       1.8M
-/+ buffers/cache:       926M        65M
Swap:         8.0G       379M       7.6G

             total       used       free     shared    buffers     cached
Mem:          992M       930M        61M         0B        76K        20M
-/+ buffers/cache:       910M        81M
Swap:         8.0G       399M       7.6G

             total       used       free     shared    buffers     cached
Mem:          992M       923M        68M         0B       376K        17M
-/+ buffers/cache:       905M        87M
Swap:         8.0G       416M       7.6G

             total       used       free     shared    buffers     cached
Mem:          992M       925M        67M         0B       832K        17M
-/+ buffers/cache:       906M        85M
Swap:         8.0G       415M       7.6G

             total       used       free     shared    buffers     cached
Mem:          992M       927M        64M         0B       832K        17M
-/+ buffers/cache:       909M        83M
Swap:         8.0G       414M       7.6G

             total       used       free     shared    buffers     cached
Mem:          992M       930M        62M         0B       832K        17M
-/+ buffers/cache:       911M        80M
Swap:         8.0G       413M       7.6G

             total       used       free     shared    buffers     cached
Mem:          992M       919M        72M         0B       832K        17M
-/+ buffers/cache:       900M        91M
Swap:         8.0G       414M       7.6G

             total       used       free     shared    buffers     cached
Mem:          992M       922M        70M         0B       832K        17M
-/+ buffers/cache:       903M        88M
Swap:         8.0G       413M       7.6G

             total       used       free     shared    buffers     cached
Mem:          992M       925M        66M         0B       840K        18M
-/+ buffers/cache:       906M        85M
Swap:         8.0G       411M       7.6G

             total       used       free     shared    buffers     cached
Mem:          992M       927M        64M         0B       840K        18M
-/+ buffers/cache:       908M        83M
Swap:         8.0G       410M       7.6G

             total       used       free     shared    buffers     cached
Mem:          992M       930M        61M         0B       840K        18M
-/+ buffers/cache:       911M        80M
Swap:         8.0G       409M       7.6G

             total       used       free     shared    buffers     cached
Mem:          992M       917M        74M         0B       840K        16M
-/+ buffers/cache:       900M        91M
Swap:         8.0G       431M       7.6G

             total       used       free     shared    buffers     cached
Mem:          992M       919M        72M         0B       840K        16M
-/+ buffers/cache:       902M        89M
Swap:         8.0G       430M       7.6G

             total       used       free     shared    buffers     cached
Mem:          992M       921M        70M         0B       848K        16M
-/+ buffers/cache:       904M        87M
Swap:         8.0G       429M       7.6G

             total       used       free     shared    buffers     cached
Mem:          992M       924M        67M         0B       856K        16M
-/+ buffers/cache:       907M        85M
Swap:         8.0G       428M       7.6G

             total       used       free     shared    buffers     cached
Mem:          992M       926M        65M         0B       856K        16M
-/+ buffers/cache:       909M        82M
Swap:         8.0G       427M       7.6G

             total       used       free     shared    buffers     cached
Mem:          992M       928M        63M         0B       856K        16M
-/+ buffers/cache:       911M        80M
Swap:         8.0G       425M       7.6G

             total       used       free     shared    buffers     cached
Mem:          992M       931M        61M         0B       856K        16M
-/+ buffers/cache:       914M        78M
Swap:         8.0G       424M       7.6G

             total       used       free     shared    buffers     cached
Mem:          992M       921M        71M         0B       856K        15M
-/+ buffers/cache:       904M        87M
Swap:         8.0G       423M       7.6G

             total       used       free     shared    buffers     cached
Mem:          992M       923M        68M         0B       864K        15M
-/+ buffers/cache:       907M        85M
Swap:         8.0G       422M       7.6G

             total       used       free     shared    buffers     cached
Mem:          992M       926M        66M         0B       864K        15M
-/+ buffers/cache:       909M        82M
Swap:         8.0G       421M       7.6G

             total       used       free     shared    buffers     cached
Mem:          992M       928M        63M         0B       864K        15M
-/+ buffers/cache:       912M        79M
Swap:         8.0G       420M       7.6G

             total       used       free     shared    buffers     cached
Mem:          992M       930M        61M         0B       864K        15M
-/+ buffers/cache:       914M        77M
Swap:         8.0G       419M       7.6G

             total       used       free     shared    buffers     cached
Mem:          992M       919M        72M         0B       812K        13M
-/+ buffers/cache:       905M        87M
Swap:         8.0G       437M       7.6G

             total       used       free     shared    buffers     cached
Mem:          992M       921M        70M         0B       820K        13M
-/+ buffers/cache:       907M        84M
Swap:         8.0G       436M       7.6G

             total       used       free     shared    buffers     cached
Mem:          992M       924M        67M         0B       820K        13M
-/+ buffers/cache:       909M        82M
Swap:         8.0G       435M       7.6G

             total       used       free     shared    buffers     cached
Mem:          992M       926M        65M         0B       820K        13M
-/+ buffers/cache:       912M        79M
Swap:         8.0G       434M       7.6G

             total       used       free     shared    buffers     cached
Mem:          992M       929M        63M         0B       820K        13M
-/+ buffers/cache:       914M        77M
Swap:         8.0G       433M       7.6G

             total       used       free     shared    buffers     cached
Mem:          992M       919M        72M         0B       820K        12M
-/+ buffers/cache:       906M        86M
Swap:         8.0G       438M       7.6G

             total       used       free     shared    buffers     cached
Mem:          992M       922M        69M         0B       828K        12M
-/+ buffers/cache:       908M        83M
Swap:         8.0G       437M       7.6G

             total       used       free     shared    buffers     cached
Mem:          992M       924M        67M         0B       828K        12M
-/+ buffers/cache:       911M        80M
Swap:         8.0G       436M       7.6G

             total       used       free     shared    buffers     cached
Mem:          992M       927M        64M         0B       828K        12M
-/+ buffers/cache:       913M        78M
Swap:         8.0G       435M       7.6G

             total       used       free     shared    buffers     cached
Mem:          992M       929M        62M         0B       828K        12M
-/+ buffers/cache:       915M        76M
Swap:         8.0G       434M       7.6G

             total       used       free     shared    buffers     cached
Mem:          992M       916M        75M         0B       828K        12M
-/+ buffers/cache:       903M        88M
Swap:         8.0G       442M       7.6G

             total       used       free     shared    buffers     cached
Mem:          992M       918M        73M         0B       828K        12M
-/+ buffers/cache:       906M        86M
Swap:         8.0G       441M       7.6G

             total       used       free     shared    buffers     cached
Mem:          992M       921M        71M         0B       836K        12M
-/+ buffers/cache:       908M        83M
Swap:         8.0G       440M       7.6G

             total       used       free     shared    buffers     cached
Mem:          992M       923M        68M         0B       836K        12M
-/+ buffers/cache:       910M        81M
Swap:         8.0G       439M       7.6G

             total       used       free     shared    buffers     cached
Mem:          992M       926M        65M         0B       836K        12M
-/+ buffers/cache:       913M        78M
Swap:         8.0G       438M       7.6G

             total       used       free     shared    buffers     cached
Mem:          992M       928M        63M         0B       836K        12M
-/+ buffers/cache:       915M        76M
Swap:         8.0G       437M       7.6G

             total       used       free     shared    buffers     cached
Mem:          992M       931M        60M         0B       836K        12M
-/+ buffers/cache:       918M        73M
Swap:         8.0G       435M       7.6G

             total       used       free     shared    buffers     cached
Mem:          992M       915M        76M         0B       844K        10M
-/+ buffers/cache:       904M        87M
Swap:         8.0G       460M       7.5G

             total       used       free     shared    buffers     cached
Mem:          992M       917M        74M         0B       844K        10M
-/+ buffers/cache:       906M        85M
Swap:         8.0G       459M       7.5G

             total       used       free     shared    buffers     cached
Mem:          992M       919M        72M         0B       844K        10M
-/+ buffers/cache:       908M        83M
Swap:         8.0G       458M       7.5G

             total       used       free     shared    buffers     cached
Mem:          992M       922M        69M         0B       844K        10M
-/+ buffers/cache:       911M        80M
Swap:         8.0G       457M       7.6G

             total       used       free     shared    buffers     cached
Mem:          992M       924M        67M         0B       844K        10M
-/+ buffers/cache:       913M        78M
Swap:         8.0G       456M       7.6G

             total       used       free     shared    buffers     cached
Mem:          992M       927M        64M         0B       852K        10M
-/+ buffers/cache:       916M        75M
Swap:         8.0G       455M       7.6G

             total       used       free     shared    buffers     cached
Mem:          992M       929M        62M         0B       852K        10M
-/+ buffers/cache:       918M        73M
Swap:         8.0G       454M       7.6G

             total       used       free     shared    buffers     cached
Mem:          992M       919M        72M         0B       852K       9.7M
-/+ buffers/cache:       908M        83M
Swap:         8.0G       454M       7.6G

             total       used       free     shared    buffers     cached
Mem:          992M       921M        70M         0B       852K       9.7M
-/+ buffers/cache:       911M        81M
Swap:         8.0G       453M       7.6G

             total       used       free     shared    buffers     cached
Mem:          992M       924M        68M         0B       852K       9.7M
-/+ buffers/cache:       913M        78M
Swap:         8.0G       452M       7.6G

             total       used       free     shared    buffers     cached
Mem:          992M       926M        65M         0B       856K       9.7M
-/+ buffers/cache:       916M        76M
Swap:         8.0G       451M       7.6G

             total       used       free     shared    buffers     cached
Mem:          992M       929M        63M         0B       864K       9.7M
-/+ buffers/cache:       918M        73M
Swap:         8.0G       450M       7.6G

             total       used       free     shared    buffers     cached
Mem:          992M       917M        74M         0B        76K       2.0M
-/+ buffers/cache:       915M        77M
Swap:         8.0G       456M       7.6G

             total       used       free     shared    buffers     cached
Mem:          992M       919M        72M         0B       216K       2.2M
-/+ buffers/cache:       917M        75M
Swap:         8.0G       455M       7.6G

             total       used       free     shared    buffers     cached
Mem:          992M       921M        70M         0B       376K       2.2M
-/+ buffers/cache:       919M        73M
Swap:         8.0G       454M       7.6G

             total       used       free     shared    buffers     cached
Mem:          992M       924M        67M         0B       376K       2.3M
-/+ buffers/cache:       921M        70M
Swap:         8.0G       453M       7.6G

             total       used       free     shared    buffers     cached
Mem:          992M       925M        66M         0B       384K       2.3M
-/+ buffers/cache:       923M        68M
Swap:         8.0G       452M       7.6G

             total       used       free     shared    buffers     cached
Mem:          992M       928M        63M         0B       384K       2.2M
-/+ buffers/cache:       925M        66M
Swap:         8.0G       451M       7.6G

             total       used       free     shared    buffers     cached
Mem:          992M       930M        61M         0B       384K       2.3M
-/+ buffers/cache:       928M        64M
Swap:         8.0G       450M       7.6G

             total       used       free     shared    buffers     cached
Mem:          992M       918M        73M         0B       376K       2.2M
-/+ buffers/cache:       915M        76M
Swap:         8.0G       458M       7.5G

             total       used       free     shared    buffers     cached
Mem:          992M       924M        68M         0B       664K       4.8M
-/+ buffers/cache:       918M        73M
Swap:         8.0G       457M       7.6G

             total       used       free     shared    buffers     cached
Mem:          992M       921M        70M         0B       872K        12M
-/+ buffers/cache:       908M        83M
Swap:         8.0G       476M       7.5G

             total       used       free     shared    buffers     cached
Mem:          992M       923M        68M         0B       420K        32M
-/+ buffers/cache:       890M       101M
Swap:         8.0G       491M       7.5G

             total       used       free     shared    buffers     cached
Mem:          992M       930M        62M        16K       1.9M        35M
-/+ buffers/cache:       892M        99M
Swap:         8.0G       490M       7.5G

             total       used       free     shared    buffers     cached
Mem:          992M       915M        76M        20K       1.9M        32M
-/+ buffers/cache:       881M       111M
Swap:         8.0G       510M       7.5G

             total       used       free     shared    buffers     cached
Mem:          992M       916M        75M        20K       1.9M        32M
-/+ buffers/cache:       882M       110M
Swap:         8.0G       510M       7.5G

             total       used       free     shared    buffers     cached
Mem:          992M       918M        73M        20K       1.9M        32M
-/+ buffers/cache:       883M       108M
Swap:         8.0G       509M       7.5G

             total       used       free     shared    buffers     cached
Mem:          992M       919M        72M        20K       1.9M        32M
-/+ buffers/cache:       884M       107M
Swap:         8.0G       508M       7.5G

             total       used       free     shared    buffers     cached
Mem:          992M       921M        70M        20K       1.9M        33M
-/+ buffers/cache:       886M       105M
Swap:         8.0G       508M       7.5G

             total       used       free     shared    buffers     cached
Mem:          992M       924M        67M        20K       1.9M        33M
-/+ buffers/cache:       889M       103M
Swap:         8.0G       506M       7.5G

             total       used       free     shared    buffers     cached
Mem:          992M       926M        65M        20K       1.9M        33M
-/+ buffers/cache:       891M       101M
Swap:         8.0G       505M       7.5G

             total       used       free     shared    buffers     cached
Mem:          992M       928M        63M        20K       1.9M        33M
-/+ buffers/cache:       892M        99M
Swap:         8.0G       505M       7.5G

             total       used       free     shared    buffers     cached
Mem:          992M       929M        62M        20K       1.9M        33M
-/+ buffers/cache:       893M        98M
Swap:         8.0G       504M       7.5G

             total       used       free     shared    buffers     cached
Mem:          992M       931M        61M        20K       1.9M        33M
-/+ buffers/cache:       895M        96M
Swap:         8.0G       503M       7.5G

             total       used       free     shared    buffers     cached
Mem:          992M       920M        72M        20K       1.9M        33M
-/+ buffers/cache:       884M       107M
Swap:         8.0G       502M       7.5G

             total       used       free     shared    buffers     cached
Mem:          992M       921M        70M        20K       1.9M        33M
-/+ buffers/cache:       886M       106M
Swap:         8.0G       502M       7.5G

             total       used       free     shared    buffers     cached
Mem:          992M       922M        69M        20K       1.9M        33M
-/+ buffers/cache:       887M       104M
Swap:         8.0G       501M       7.5G

             total       used       free     shared    buffers     cached
Mem:          992M       924M        67M        20K       1.9M        33M
-/+ buffers/cache:       889M       103M
Swap:         8.0G       500M       7.5G

             total       used       free     shared    buffers     cached
Mem:          992M       926M        66M        20K       1.9M        33M
-/+ buffers/cache:       890M       101M
Swap:         8.0G       499M       7.5G

             total       used       free     shared    buffers     cached
Mem:          992M       927M        64M        20K       1.9M        33M
-/+ buffers/cache:       892M        99M
Swap:         8.0G       499M       7.5G

             total       used       free     shared    buffers     cached
Mem:          992M       929M        62M        20K       1.9M        33M
-/+ buffers/cache:       894M        98M
Swap:         8.0G       498M       7.5G

             total       used       free     shared    buffers     cached
Mem:          992M       931M        60M        20K       1.9M        33M
-/+ buffers/cache:       895M        96M
Swap:         8.0G       497M       7.5G

             total       used       free     shared    buffers     cached
Mem:          992M       912M        80M        20K       1.8M        31M
-/+ buffers/cache:       878M       113M
Swap:         8.0G       515M       7.5G

             total       used       free     shared    buffers     cached
Mem:          992M       913M        78M        20K       1.9M        31M
-/+ buffers/cache:       879M       112M
Swap:         8.0G       514M       7.5G

             total       used       free     shared    buffers     cached
Mem:          992M       914M        77M        20K       1.9M        31M
-/+ buffers/cache:       881M       110M
Swap:         8.0G       513M       7.5G

             total       used       free     shared    buffers     cached
Mem:          992M       916M        75M        20K       1.9M        31M
-/+ buffers/cache:       883M       109M
Swap:         8.0G       513M       7.5G

             total       used       free     shared    buffers     cached
Mem:          992M       917M        74M        20K       1.9M        31M
-/+ buffers/cache:       884M       107M
Swap:         8.0G       512M       7.5G

             total       used       free     shared    buffers     cached
Mem:          992M       919M        72M        20K       1.9M        31M
-/+ buffers/cache:       886M       105M
Swap:         8.0G       511M       7.5G

             total       used       free     shared    buffers     cached
Mem:          992M       921M        71M        20K       1.9M        31M
-/+ buffers/cache:       887M       104M
Swap:         8.0G       510M       7.5G

             total       used       free     shared    buffers     cached
Mem:          992M       922M        69M        20K       1.9M        31M
-/+ buffers/cache:       889M       103M
Swap:         8.0G       510M       7.5G

             total       used       free     shared    buffers     cached
Mem:          992M       924M        67M        20K       1.9M        31M
-/+ buffers/cache:       891M       101M
Swap:         8.0G       509M       7.5G

             total       used       free     shared    buffers     cached
Mem:          992M       925M        66M        20K       1.9M        31M
-/+ buffers/cache:       892M        99M
Swap:         8.0G       508M       7.5G

             total       used       free     shared    buffers     cached
Mem:          992M       927M        64M        20K       1.9M        31M
-/+ buffers/cache:       894M        98M
Swap:         8.0G       507M       7.5G

             total       used       free     shared    buffers     cached
Mem:          992M       929M        63M        20K       1.9M        31M
-/+ buffers/cache:       895M        96M
Swap:         8.0G       506M       7.5G

             total       used       free     shared    buffers     cached
Mem:          992M       930M        61M        20K       1.9M        31M
-/+ buffers/cache:       897M        94M
Swap:         8.0G       506M       7.5G

             total       used       free     shared    buffers     cached
Mem:          992M       909M        82M        20K       1.9M        29M
-/+ buffers/cache:       878M       113M
Swap:         8.0G       523M       7.5G

             total       used       free     shared    buffers     cached
Mem:          992M       911M        80M        20K       1.9M        29M
-/+ buffers/cache:       879M       112M
Swap:         8.0G       523M       7.5G

             total       used       free     shared    buffers     cached
Mem:          992M       913M        79M        20K       1.9M        29M
-/+ buffers/cache:       881M       110M
Swap:         8.0G       522M       7.5G

             total       used       free     shared    buffers     cached
Mem:          992M       914M        77M        20K       1.9M        29M
-/+ buffers/cache:       882M       109M
Swap:         8.0G       521M       7.5G

             total       used       free     shared    buffers     cached
Mem:          992M       916M        76M        20K       1.9M        29M
-/+ buffers/cache:       884M       107M
Swap:         8.0G       520M       7.5G

             total       used       free     shared    buffers     cached
Mem:          992M       917M        74M        20K       1.9M        29M
-/+ buffers/cache:       885M       106M
Swap:         8.0G       520M       7.5G

             total       used       free     shared    buffers     cached
Mem:          992M       919M        72M        20K       1.9M        29M
-/+ buffers/cache:       887M       104M
Swap:         8.0G       519M       7.5G

             total       used       free     shared    buffers     cached
Mem:          992M       920M        71M        20K       1.9M        29M
-/+ buffers/cache:       889M       102M
Swap:         8.0G       518M       7.5G

             total       used       free     shared    buffers     cached
Mem:          992M       922M        69M        20K       1.9M        29M
-/+ buffers/cache:       890M       101M
Swap:         8.0G       517M       7.5G

             total       used       free     shared    buffers     cached
Mem:          992M       923M        68M        20K       1.9M        29M
-/+ buffers/cache:       892M        99M
Swap:         8.0G       516M       7.5G

             total       used       free     shared    buffers     cached
Mem:          992M       925M        66M        20K       1.9M        29M
-/+ buffers/cache:       893M        98M
Swap:         8.0G       516M       7.5G

             total       used       free     shared    buffers     cached
Mem:          992M       927M        65M        20K       1.9M        29M
-/+ buffers/cache:       895M        96M
Swap:         8.0G       515M       7.5G

             total       used       free     shared    buffers     cached
Mem:          992M       928M        63M        20K       1.9M        29M
-/+ buffers/cache:       897M        95M
Swap:         8.0G       514M       7.5G

             total       used       free     shared    buffers     cached
Mem:          992M       930M        61M        20K       1.9M        29M
-/+ buffers/cache:       898M        93M
Swap:         8.0G       513M       7.5G

             total       used       free     shared    buffers     cached
Mem:          992M       912M        79M        20K       1.9M        25M
-/+ buffers/cache:       884M       107M
Swap:         8.0G       521M       7.5G

             total       used       free     shared    buffers     cached
Mem:          992M       913M        78M        20K       1.9M        25M
-/+ buffers/cache:       886M       106M
Swap:         8.0G       520M       7.5G

             total       used       free     shared    buffers     cached
Mem:          992M       915M        76M        20K       1.9M        25M
-/+ buffers/cache:       887M       104M
Swap:         8.0G       520M       7.5G

             total       used       free     shared    buffers     cached
Mem:          992M       916M        75M        20K       1.9M        25M
-/+ buffers/cache:       889M       103M
Swap:         8.0G       519M       7.5G

             total       used       free     shared    buffers     cached
Mem:          992M       918M        73M        20K       1.9M        25M
-/+ buffers/cache:       890M       101M
Swap:         8.0G       518M       7.5G

             total       used       free     shared    buffers     cached
Mem:          992M       919M        72M        20K       1.9M        25M
-/+ buffers/cache:       892M        99M
Swap:         8.0G       517M       7.5G

             total       used       free     shared    buffers     cached
Mem:          992M       921M        70M        20K       1.9M        25M
-/+ buffers/cache:       893M        98M
Swap:         8.0G       516M       7.5G

             total       used       free     shared    buffers     cached
Mem:          992M       922M        69M        20K       1.9M        25M
-/+ buffers/cache:       895M        96M
Swap:         8.0G       515M       7.5G

             total       used       free     shared    buffers     cached
Mem:          992M       924M        67M        20K       1.9M        25M
-/+ buffers/cache:       896M        95M
Swap:         8.0G       514M       7.5G

             total       used       free     shared    buffers     cached
Mem:          992M       926M        66M        20K       1.9M        25M
-/+ buffers/cache:       898M        93M
Swap:         8.0G       514M       7.5G

             total       used       free     shared    buffers     cached
Mem:          992M       927M        64M        20K       1.9M        25M
-/+ buffers/cache:       899M        92M
Swap:         8.0G       513M       7.5G

             total       used       free     shared    buffers     cached
Mem:          992M       929M        63M        20K       1.9M        25M
-/+ buffers/cache:       901M        90M
Swap:         8.0G       512M       7.5G

             total       used       free     shared    buffers     cached
Mem:          992M       911M        80M        20K       1.8M        25M
-/+ buffers/cache:       884M       107M
Swap:         8.0G       521M       7.5G

             total       used       free     shared    buffers     cached
Mem:          992M       912M        79M        20K       1.8M        25M
-/+ buffers/cache:       885M       106M
Swap:         8.0G       520M       7.5G

             total       used       free     shared    buffers     cached
Mem:          992M       914M        78M        20K       1.8M        25M
-/+ buffers/cache:       887M       105M
Swap:         8.0G       519M       7.5G

             total       used       free     shared    buffers     cached
Mem:          992M       915M        76M        20K       1.8M        25M
-/+ buffers/cache:       888M       103M
Swap:         8.0G       518M       7.5G

             total       used       free     shared    buffers     cached
Mem:          992M       918M        73M        20K       1.8M        26M
-/+ buffers/cache:       890M       101M
Swap:         8.0G       518M       7.5G

             total       used       free     shared    buffers     cached
Mem:          992M       920M        71M        24K       1.8M        26M
-/+ buffers/cache:       892M       100M
Swap:         8.0G       517M       7.5G

             total       used       free     shared    buffers     cached
Mem:          992M       921M        70M        24K       1.8M        26M
-/+ buffers/cache:       893M        98M
Swap:         8.0G       516M       7.5G

             total       used       free     shared    buffers     cached
Mem:          992M       923M        69M        24K       1.8M        26M
-/+ buffers/cache:       894M        97M
Swap:         8.0G       515M       7.5G

             total       used       free     shared    buffers     cached
Mem:          992M       911M        80M        24K       104K        18M
-/+ buffers/cache:       892M        99M
Swap:         8.0G       529M       7.5G

             total       used       free     shared    buffers     cached
Mem:          992M       913M        78M        24K       404K        18M
-/+ buffers/cache:       894M        98M
Swap:         8.0G       528M       7.5G

             total       used       free     shared    buffers     cached
Mem:          992M       922M        69M        24K       404K        22M
-/+ buffers/cache:       899M        92M
Swap:         8.0G       526M       7.5G

             total       used       free     shared    buffers     cached
Mem:          992M       923M        68M        24K       404K        22M
-/+ buffers/cache:       900M        92M
Swap:         8.0G       525M       7.5G

             total       used       free     shared    buffers     cached
Mem:          992M       924M        67M        24K       412K        22M
-/+ buffers/cache:       901M        91M
Swap:         8.0G       525M       7.5G

             total       used       free     shared    buffers     cached
Mem:          992M       925M        67M        24K       412K        22M
-/+ buffers/cache:       901M        90M
Swap:         8.0G       525M       7.5G

             total       used       free     shared    buffers     cached
Mem:          992M       925M        66M        24K       412K        22M
-/+ buffers/cache:       902M        89M
Swap:         8.0G       524M       7.5G

             total       used       free     shared    buffers     cached
Mem:          992M       926M        65M        24K       412K        22M
-/+ buffers/cache:       903M        88M
Swap:         8.0G       524M       7.5G

             total       used       free     shared    buffers     cached
Mem:          992M       927M        64M        24K       412K        22M
-/+ buffers/cache:       904M        88M
Swap:         8.0G       524M       7.5G

             total       used       free     shared    buffers     cached
Mem:          992M       928M        64M        24K       420K        22M
-/+ buffers/cache:       904M        87M
Swap:         8.0G       523M       7.5G

             total       used       free     shared    buffers     cached
Mem:          992M       928M        63M        24K       420K        22M
-/+ buffers/cache:       905M        86M
Swap:         8.0G       523M       7.5G

             total       used       free     shared    buffers     cached
Mem:          992M       929M        62M        24K       420K        22M
-/+ buffers/cache:       906M        85M
Swap:         8.0G       523M       7.5G

             total       used       free     shared    buffers     cached
Mem:          992M       922M        70M       180K       400K        29M
-/+ buffers/cache:       892M       100M
Swap:         8.0G       530M       7.5G

             total       used       free     shared    buffers     cached
Mem:          992M       922M        70M       3.9M       5.3M        55M
-/+ buffers/cache:       861M       130M
Swap:         8.0G       575M       7.4G

             total       used       free     shared    buffers     cached
Mem:          992M       927M        64M       228K       4.8M        64M
-/+ buffers/cache:       857M       134M
Swap:         8.0G       579M       7.4G

             total       used       free     shared    buffers     cached
Mem:          992M       916M        75M       232K       4.2M        61M
-/+ buffers/cache:       850M       142M
Swap:         8.0G       600M       7.4G

             total       used       free     shared    buffers     cached
Mem:          992M       917M        74M       256K       4.2M        62M
-/+ buffers/cache:       851M       140M
Swap:         8.0G       600M       7.4G

             total       used       free     shared    buffers     cached
Mem:          992M       918M        73M       256K       4.2M        62M
-/+ buffers/cache:       852M       139M
Swap:         8.0G       599M       7.4G

             total       used       free     shared    buffers     cached
Mem:          992M       920M        71M       256K       4.2M        62M
-/+ buffers/cache:       853M       138M
Swap:         8.0G       599M       7.4G

             total       used       free     shared    buffers     cached
Mem:          992M       921M        70M       256K       4.2M        62M
-/+ buffers/cache:       855M       136M
Swap:         8.0G       598M       7.4G

             total       used       free     shared    buffers     cached
Mem:          992M       924M        67M       256K       4.4M        62M
-/+ buffers/cache:       857M       134M
Swap:         8.0G       597M       7.4G

             total       used       free     shared    buffers     cached
Mem:          992M       926M        65M       256K       4.4M        62M
-/+ buffers/cache:       859M       133M
Swap:         8.0G       596M       7.4G

             total       used       free     shared    buffers     cached
Mem:          992M       927M        64M       256K       4.4M        62M
-/+ buffers/cache:       860M       131M
Swap:         8.0G       596M       7.4G

             total       used       free     shared    buffers     cached
Mem:          992M       929M        62M       256K       4.4M        62M
-/+ buffers/cache:       862M       130M
Swap:         8.0G       595M       7.4G

             total       used       free     shared    buffers     cached
Mem:          992M       931M        60M       256K       4.4M        62M
-/+ buffers/cache:       864M       128M
Swap:         8.0G       594M       7.4G

             total       used       free     shared    buffers     cached
Mem:          992M       919M        72M       256K       4.4M        62M
-/+ buffers/cache:       852M       139M
Swap:         8.0G       595M       7.4G

             total       used       free     shared    buffers     cached
Mem:          992M       921M        71M       256K       4.4M        62M
-/+ buffers/cache:       854M       138M
Swap:         8.0G       594M       7.4G

             total       used       free     shared    buffers     cached
Mem:          992M       922M        69M       256K       4.4M        62M
-/+ buffers/cache:       855M       136M
Swap:         8.0G       593M       7.4G

             total       used       free     shared    buffers     cached
Mem:          992M       924M        67M       256K       4.4M        62M
-/+ buffers/cache:       857M       134M
Swap:         8.0G       593M       7.4G

             total       used       free     shared    buffers     cached
Mem:          992M       926M        66M       256K       4.4M        62M
-/+ buffers/cache:       858M       133M
Swap:         8.0G       592M       7.4G

             total       used       free     shared    buffers     cached
Mem:          992M       927M        64M       256K       4.4M        62M
-/+ buffers/cache:       860M       131M
Swap:         8.0G       592M       7.4G

             total       used       free     shared    buffers     cached
Mem:          992M       929M        63M       256K       4.4M        62M
-/+ buffers/cache:       861M       130M
Swap:         8.0G       591M       7.4G

             total       used       free     shared    buffers     cached
Mem:          992M       930M        61M       256K       4.4M        62M
-/+ buffers/cache:       863M       129M
Swap:         8.0G       591M       7.4G

             total       used       free     shared    buffers     cached
Mem:          992M       907M        84M       256K       4.4M        58M
-/+ buffers/cache:       844M       147M
Swap:         8.0G       607M       7.4G

             total       used       free     shared    buffers     cached
Mem:          992M       909M        82M       256K       4.4M        58M
-/+ buffers/cache:       846M       146M
Swap:         8.0G       607M       7.4G

             total       used       free     shared    buffers     cached
Mem:          992M       910M        81M       256K       4.4M        58M
-/+ buffers/cache:       847M       144M
Swap:         8.0G       606M       7.4G

             total       used       free     shared    buffers     cached
Mem:          992M       912M        79M       256K       4.4M        58M
-/+ buffers/cache:       849M       143M
Swap:         8.0G       605M       7.4G

             total       used       free     shared    buffers     cached
Mem:          992M       913M        78M       256K       4.4M        58M
-/+ buffers/cache:       850M       141M
Swap:         8.0G       605M       7.4G

             total       used       free     shared    buffers     cached
Mem:          992M       915M        76M       256K       4.4M        58M
-/+ buffers/cache:       852M       139M
Swap:         8.0G       604M       7.4G

             total       used       free     shared    buffers     cached
Mem:          992M       916M        75M       256K       4.4M        58M
-/+ buffers/cache:       853M       138M
Swap:         8.0G       603M       7.4G

             total       used       free     shared    buffers     cached
Mem:          992M       918M        73M       256K       4.4M        58M
-/+ buffers/cache:       855M       136M
Swap:         8.0G       603M       7.4G

             total       used       free     shared    buffers     cached
Mem:          992M       920M        72M       256K       4.4M        58M
-/+ buffers/cache:       857M       135M
Swap:         8.0G       602M       7.4G

             total       used       free     shared    buffers     cached
Mem:          992M       921M        70M       256K       4.4M        58M
-/+ buffers/cache:       858M       133M
Swap:         8.0G       601M       7.4G

             total       used       free     shared    buffers     cached
Mem:          992M       923M        68M       256K       4.4M        58M
-/+ buffers/cache:       860M       132M
Swap:         8.0G       601M       7.4G

             total       used       free     shared    buffers     cached
Mem:          992M       924M        67M       256K       4.4M        58M
-/+ buffers/cache:       861M       130M
Swap:         8.0G       600M       7.4G

             total       used       free     shared    buffers     cached
Mem:          992M       926M        66M       256K       4.4M        58M
-/+ buffers/cache:       862M       129M
Swap:         8.0G       600M       7.4G

             total       used       free     shared    buffers     cached
Mem:          992M       927M        64M       256K       4.4M        58M
-/+ buffers/cache:       864M       127M
Swap:         8.0G       599M       7.4G

             total       used       free     shared    buffers     cached
Mem:          992M       929M        63M       256K       4.4M        58M
-/+ buffers/cache:       865M       126M
Swap:         8.0G       598M       7.4G

             total       used       free     shared    buffers     cached
Mem:          992M       930M        61M       256K       4.4M        58M
-/+ buffers/cache:       867M       124M
Swap:         8.0G       598M       7.4G

             total       used       free     shared    buffers     cached
Mem:          992M       905M        86M       256K       4.4M        56M
-/+ buffers/cache:       844M       147M
Swap:         8.0G       615M       7.4G

             total       used       free     shared    buffers     cached
Mem:          992M       907M        84M       256K       4.4M        56M
-/+ buffers/cache:       846M       146M
Swap:         8.0G       614M       7.4G

             total       used       free     shared    buffers     cached
Mem:          992M       908M        83M       256K       4.4M        56M
-/+ buffers/cache:       847M       144M
Swap:         8.0G       614M       7.4G

             total       used       free     shared    buffers     cached
Mem:          992M       910M        81M       256K       4.4M        57M
-/+ buffers/cache:       848M       143M
Swap:         8.0G       613M       7.4G

             total       used       free     shared    buffers     cached
Mem:          992M       911M        80M       256K       4.5M        57M
-/+ buffers/cache:       849M       142M
Swap:         8.0G       613M       7.4G

             total       used       free     shared    buffers     cached
Mem:          992M       924M        67M       308K       6.7M        67M
-/+ buffers/cache:       850M       141M
Swap:         8.0G       612M       7.4G

             total       used       free     shared    buffers     cached
Mem:          992M       924M        67M       304K       8.4M        72M
-/+ buffers/cache:       843M       149M
Swap:         8.0G       623M       7.4G
