             total       used       free     shared    buffers     cached
Mem:          2.0G       662M       1.3G       3.2M        38M       289M
-/+ buffers/cache:       334M       1.6G
Swap:         8.0G         0B       8.0G

             total       used       free     shared    buffers     cached
Mem:          2.0G       661M       1.3G       1.4M        38M       288M
-/+ buffers/cache:       334M       1.6G
Swap:         8.0G         0B       8.0G

             total       used       free     shared    buffers     cached
Mem:          2.0G       661M       1.3G       1.4M        38M       288M
-/+ buffers/cache:       334M       1.6G
Swap:         8.0G         0B       8.0G

             total       used       free     shared    buffers     cached
Mem:          2.0G       661M       1.3G       1.4M        38M       288M
-/+ buffers/cache:       334M       1.6G
Swap:         8.0G         0B       8.0G

             total       used       free     shared    buffers     cached
Mem:          2.0G       661M       1.3G       1.4M        38M       288M
-/+ buffers/cache:       334M       1.6G
Swap:         8.0G         0B       8.0G

             total       used       free     shared    buffers     cached
Mem:          2.0G       661M       1.3G       1.4M        38M       288M
-/+ buffers/cache:       334M       1.6G
Swap:         8.0G         0B       8.0G

             total       used       free     shared    buffers     cached
Mem:          2.0G       661M       1.3G       1.4M        38M       288M
-/+ buffers/cache:       334M       1.6G
Swap:         8.0G         0B       8.0G

             total       used       free     shared    buffers     cached
Mem:          2.0G       661M       1.3G       1.4M        38M       288M
-/+ buffers/cache:       333M       1.6G
Swap:         8.0G         0B       8.0G

             total       used       free     shared    buffers     cached
Mem:          2.0G       660M       1.3G       1.4M        38M       288M
-/+ buffers/cache:       333M       1.6G
Swap:         8.0G         0B       8.0G

             total       used       free     shared    buffers     cached
Mem:          2.0G       660M       1.3G       1.4M        38M       288M
-/+ buffers/cache:       333M       1.6G
Swap:         8.0G         0B       8.0G

             total       used       free     shared    buffers     cached
Mem:          2.0G       664M       1.3G       1.4M        38M       288M
-/+ buffers/cache:       336M       1.6G
Swap:         8.0G         0B       8.0G

             total       used       free     shared    buffers     cached
Mem:          2.0G       685M       1.3G       1.4M        38M       289M
-/+ buffers/cache:       357M       1.6G
Swap:         8.0G         0B       8.0G

             total       used       free     shared    buffers     cached
Mem:          2.0G       670M       1.3G       1.4M        38M       289M
-/+ buffers/cache:       341M       1.6G
Swap:         8.0G         0B       8.0G

             total       used       free     shared    buffers     cached
Mem:          2.0G       670M       1.3G       1.4M        38M       289M
-/+ buffers/cache:       341M       1.6G
Swap:         8.0G         0B       8.0G

             total       used       free     shared    buffers     cached
Mem:          2.0G       670M       1.3G       1.4M        38M       289M
-/+ buffers/cache:       341M       1.6G
Swap:         8.0G         0B       8.0G

             total       used       free     shared    buffers     cached
Mem:          2.0G       670M       1.3G       1.4M        38M       289M
-/+ buffers/cache:       341M       1.6G
Swap:         8.0G         0B       8.0G

             total       used       free     shared    buffers     cached
Mem:          2.0G       670M       1.3G       1.4M        38M       289M
-/+ buffers/cache:       341M       1.6G
Swap:         8.0G         0B       8.0G

             total       used       free     shared    buffers     cached
Mem:          2.0G       670M       1.3G       1.4M        38M       289M
-/+ buffers/cache:       341M       1.6G
Swap:         8.0G         0B       8.0G

             total       used       free     shared    buffers     cached
Mem:          2.0G       670M       1.3G       1.4M        38M       289M
-/+ buffers/cache:       341M       1.6G
Swap:         8.0G         0B       8.0G

             total       used       free     shared    buffers     cached
Mem:          2.0G       670M       1.3G       1.4M        38M       289M
-/+ buffers/cache:       341M       1.6G
Swap:         8.0G         0B       8.0G

             total       used       free     shared    buffers     cached
Mem:          2.0G       670M       1.3G       1.4M        38M       289M
-/+ buffers/cache:       341M       1.6G
Swap:         8.0G         0B       8.0G

             total       used       free     shared    buffers     cached
Mem:          2.0G       670M       1.3G       1.4M        38M       289M
-/+ buffers/cache:       341M       1.6G
Swap:         8.0G         0B       8.0G

             total       used       free     shared    buffers     cached
Mem:          2.0G       670M       1.3G       1.4M        38M       290M
-/+ buffers/cache:       341M       1.6G
Swap:         8.0G         0B       8.0G

             total       used       free     shared    buffers     cached
Mem:          2.0G       670M       1.3G       1.4M        38M       290M
-/+ buffers/cache:       341M       1.6G
Swap:         8.0G         0B       8.0G

             total       used       free     shared    buffers     cached
Mem:          2.0G       670M       1.3G       1.4M        38M       290M
-/+ buffers/cache:       341M       1.6G
Swap:         8.0G         0B       8.0G

             total       used       free     shared    buffers     cached
Mem:          2.0G       670M       1.3G       1.4M        38M       290M
-/+ buffers/cache:       341M       1.6G
Swap:         8.0G         0B       8.0G

             total       used       free     shared    buffers     cached
Mem:          2.0G       670M       1.3G       1.4M        38M       290M
-/+ buffers/cache:       341M       1.6G
Swap:         8.0G         0B       8.0G

             total       used       free     shared    buffers     cached
Mem:          2.0G       670M       1.3G       1.4M        38M       290M
-/+ buffers/cache:       341M       1.6G
Swap:         8.0G         0B       8.0G

             total       used       free     shared    buffers     cached
Mem:          2.0G       670M       1.3G       1.4M        38M       290M
-/+ buffers/cache:       341M       1.6G
Swap:         8.0G         0B       8.0G

             total       used       free     shared    buffers     cached
Mem:          2.0G       670M       1.3G       1.4M        38M       290M
-/+ buffers/cache:       341M       1.6G
Swap:         8.0G         0B       8.0G

             total       used       free     shared    buffers     cached
Mem:          2.0G       670M       1.3G       1.4M        38M       290M
-/+ buffers/cache:       341M       1.6G
Swap:         8.0G         0B       8.0G

             total       used       free     shared    buffers     cached
Mem:          2.0G       670M       1.3G       1.4M        38M       290M
-/+ buffers/cache:       341M       1.6G
Swap:         8.0G         0B       8.0G

             total       used       free     shared    buffers     cached
Mem:          2.0G       670M       1.3G       1.4M        38M       290M
-/+ buffers/cache:       341M       1.6G
Swap:         8.0G         0B       8.0G

             total       used       free     shared    buffers     cached
Mem:          2.0G       677M       1.3G       1.4M        38M       290M
-/+ buffers/cache:       349M       1.6G
Swap:         8.0G         0B       8.0G

             total       used       free     shared    buffers     cached
Mem:          2.0G       692M       1.3G       1.4M        38M       290M
-/+ buffers/cache:       364M       1.6G
Swap:         8.0G         0B       8.0G

             total       used       free     shared    buffers     cached
Mem:          2.0G       706M       1.3G       1.4M        38M       290M
-/+ buffers/cache:       378M       1.6G
Swap:         8.0G         0B       8.0G

             total       used       free     shared    buffers     cached
Mem:          2.0G       723M       1.2G       1.4M        38M       290M
-/+ buffers/cache:       394M       1.6G
Swap:         8.0G         0B       8.0G

             total       used       free     shared    buffers     cached
Mem:          2.0G       738M       1.2G       1.4M        38M       290M
-/+ buffers/cache:       410M       1.6G
Swap:         8.0G         0B       8.0G

             total       used       free     shared    buffers     cached
Mem:          2.0G       755M       1.2G       1.4M        38M       290M
-/+ buffers/cache:       427M       1.5G
Swap:         8.0G         0B       8.0G

             total       used       free     shared    buffers     cached
Mem:          2.0G       768M       1.2G       1.4M        38M       290M
-/+ buffers/cache:       440M       1.5G
Swap:         8.0G         0B       8.0G

             total       used       free     shared    buffers     cached
Mem:          2.0G       783M       1.2G       1.4M        38M       290M
-/+ buffers/cache:       454M       1.5G
Swap:         8.0G         0B       8.0G

             total       used       free     shared    buffers     cached
Mem:          2.0G       796M       1.2G       1.4M        38M       290M
-/+ buffers/cache:       467M       1.5G
Swap:         8.0G         0B       8.0G

             total       used       free     shared    buffers     cached
Mem:          2.0G       812M       1.2G       1.4M        38M       290M
-/+ buffers/cache:       483M       1.5G
Swap:         8.0G         0B       8.0G

             total       used       free     shared    buffers     cached
Mem:          2.0G       830M       1.1G       1.4M        38M       290M
-/+ buffers/cache:       501M       1.5G
Swap:         8.0G         0B       8.0G

             total       used       free     shared    buffers     cached
Mem:          2.0G       843M       1.1G       1.4M        38M       290M
-/+ buffers/cache:       514M       1.5G
Swap:         8.0G         0B       8.0G

             total       used       free     shared    buffers     cached
Mem:          2.0G       857M       1.1G       1.4M        38M       290M
-/+ buffers/cache:       528M       1.4G
Swap:         8.0G         0B       8.0G

             total       used       free     shared    buffers     cached
Mem:          2.0G       874M       1.1G       1.4M        38M       290M
-/+ buffers/cache:       545M       1.4G
Swap:         8.0G         0B       8.0G

             total       used       free     shared    buffers     cached
Mem:          2.0G       889M       1.1G       1.4M        38M       290M
-/+ buffers/cache:       560M       1.4G
Swap:         8.0G         0B       8.0G

             total       used       free     shared    buffers     cached
Mem:          2.0G       902M       1.1G       1.4M        38M       290M
-/+ buffers/cache:       573M       1.4G
Swap:         8.0G         0B       8.0G

             total       used       free     shared    buffers     cached
Mem:          2.0G       918M       1.1G       1.4M        38M       290M
-/+ buffers/cache:       589M       1.4G
Swap:         8.0G         0B       8.0G

             total       used       free     shared    buffers     cached
Mem:          2.0G       936M       1.0G       1.4M        38M       290M
-/+ buffers/cache:       607M       1.4G
Swap:         8.0G         0B       8.0G

             total       used       free     shared    buffers     cached
Mem:          2.0G       952M       1.0G       1.4M        38M       290M
-/+ buffers/cache:       623M       1.3G
Swap:         8.0G         0B       8.0G

             total       used       free     shared    buffers     cached
Mem:          2.0G       968M       1.0G       1.4M        38M       290M
-/+ buffers/cache:       639M       1.3G
Swap:         8.0G         0B       8.0G

             total       used       free     shared    buffers     cached
Mem:          2.0G       983M       1.0G       1.4M        38M       290M
-/+ buffers/cache:       655M       1.3G
Swap:         8.0G         0B       8.0G

             total       used       free     shared    buffers     cached
Mem:          2.0G       998M       1.0G       1.4M        38M       290M
-/+ buffers/cache:       670M       1.3G
Swap:         8.0G         0B       8.0G

             total       used       free     shared    buffers     cached
Mem:          2.0G       1.0G       987M       1.4M        38M       290M
-/+ buffers/cache:       683M       1.3G
Swap:         8.0G         0B       8.0G

             total       used       free     shared    buffers     cached
Mem:          2.0G       1.0G       972M       1.4M        38M       290M
-/+ buffers/cache:       699M       1.3G
Swap:         8.0G         0B       8.0G

             total       used       free     shared    buffers     cached
Mem:          2.0G       1.0G       957M       1.4M        38M       290M
-/+ buffers/cache:       714M       1.3G
Swap:         8.0G         0B       8.0G

             total       used       free     shared    buffers     cached
Mem:          2.0G       1.0G       944M       1.4M        38M       290M
-/+ buffers/cache:       727M       1.2G
Swap:         8.0G         0B       8.0G

             total       used       free     shared    buffers     cached
Mem:          2.0G       1.0G       929M       1.4M        38M       290M
-/+ buffers/cache:       742M       1.2G
Swap:         8.0G         0B       8.0G

             total       used       free     shared    buffers     cached
Mem:          2.0G       1.1G       915M       1.4M        38M       290M
-/+ buffers/cache:       756M       1.2G
Swap:         8.0G         0B       8.0G

             total       used       free     shared    buffers     cached
Mem:          2.0G       1.1G       899M       1.4M        38M       290M
-/+ buffers/cache:       771M       1.2G
Swap:         8.0G         0B       8.0G

             total       used       free     shared    buffers     cached
Mem:          2.0G       1.1G       883M       1.4M        38M       290M
-/+ buffers/cache:       787M       1.2G
Swap:         8.0G         0B       8.0G

             total       used       free     shared    buffers     cached
Mem:          2.0G       1.1G       874M       1.4M        38M       290M
-/+ buffers/cache:       797M       1.2G
Swap:         8.0G         0B       8.0G

             total       used       free     shared    buffers     cached
Mem:          2.0G       1.1G       859M       1.4M        38M       290M
-/+ buffers/cache:       812M       1.2G
Swap:         8.0G         0B       8.0G

             total       used       free     shared    buffers     cached
Mem:          2.0G       1.1G       844M       1.4M        38M       290M
-/+ buffers/cache:       827M       1.1G
Swap:         8.0G         0B       8.0G

             total       used       free     shared    buffers     cached
Mem:          2.0G       1.1G       830M       1.4M        38M       290M
-/+ buffers/cache:       841M       1.1G
Swap:         8.0G         0B       8.0G

             total       used       free     shared    buffers     cached
Mem:          2.0G       1.2G       814M       1.4M        38M       290M
-/+ buffers/cache:       857M       1.1G
Swap:         8.0G         0B       8.0G

             total       used       free     shared    buffers     cached
Mem:          2.0G       1.2G       798M       1.4M        38M       290M
-/+ buffers/cache:       873M       1.1G
Swap:         8.0G         0B       8.0G

             total       used       free     shared    buffers     cached
Mem:          2.0G       1.2G       782M       1.4M        38M       290M
-/+ buffers/cache:       889M       1.1G
Swap:         8.0G         0B       8.0G

             total       used       free     shared    buffers     cached
Mem:          2.0G       1.2G       764M       1.4M        38M       290M
-/+ buffers/cache:       906M       1.1G
Swap:         8.0G         0B       8.0G

             total       used       free     shared    buffers     cached
Mem:          2.0G       1.2G       749M       1.4M        38M       290M
-/+ buffers/cache:       921M       1.1G
Swap:         8.0G         0B       8.0G

             total       used       free     shared    buffers     cached
Mem:          2.0G       1.2G       735M       1.4M        38M       290M
-/+ buffers/cache:       935M       1.0G
Swap:         8.0G         0B       8.0G

             total       used       free     shared    buffers     cached
Mem:          2.0G       1.2G       721M       1.4M        38M       290M
-/+ buffers/cache:       949M       1.0G
Swap:         8.0G         0B       8.0G

             total       used       free     shared    buffers     cached
Mem:          2.0G       1.3G       707M       1.4M        38M       290M
-/+ buffers/cache:       963M       1.0G
Swap:         8.0G         0B       8.0G

             total       used       free     shared    buffers     cached
Mem:          2.0G       1.3G       694M       1.4M        38M       290M
-/+ buffers/cache:       976M       1.0G
Swap:         8.0G         0B       8.0G

             total       used       free     shared    buffers     cached
Mem:          2.0G       1.3G       681M       1.4M        38M       290M
-/+ buffers/cache:       989M       1.0G
Swap:         8.0G         0B       8.0G

             total       used       free     shared    buffers     cached
Mem:          2.0G       1.3G       666M       1.4M        38M       290M
-/+ buffers/cache:       1.0G       996M
Swap:         8.0G         0B       8.0G

             total       used       free     shared    buffers     cached
Mem:          2.0G       1.3G       653M       1.4M        38M       290M
-/+ buffers/cache:       1.0G       983M
Swap:         8.0G         0B       8.0G

             total       used       free     shared    buffers     cached
Mem:          2.0G       1.3G       637M       1.4M        38M       290M
-/+ buffers/cache:       1.0G       967M
Swap:         8.0G         0B       8.0G

             total       used       free     shared    buffers     cached
Mem:          2.0G       1.3G       621M       1.4M        38M       290M
-/+ buffers/cache:       1.0G       951M
Swap:         8.0G         0B       8.0G

             total       used       free     shared    buffers     cached
Mem:          2.0G       1.4G       605M       1.4M        38M       290M
-/+ buffers/cache:       1.0G       934M
Swap:         8.0G         0B       8.0G

             total       used       free     shared    buffers     cached
Mem:          2.0G       1.4G       590M       1.4M        38M       290M
-/+ buffers/cache:       1.1G       920M
Swap:         8.0G         0B       8.0G

             total       used       free     shared    buffers     cached
Mem:          2.0G       1.4G       575M       1.4M        38M       290M
-/+ buffers/cache:       1.1G       904M
Swap:         8.0G         0B       8.0G

             total       used       free     shared    buffers     cached
Mem:          2.0G       1.4G       559M       1.4M        38M       290M
-/+ buffers/cache:       1.1G       888M
Swap:         8.0G         0B       8.0G

             total       used       free     shared    buffers     cached
Mem:          2.0G       1.4G       544M       1.4M        38M       290M
-/+ buffers/cache:       1.1G       873M
Swap:         8.0G         0B       8.0G

             total       used       free     shared    buffers     cached
Mem:          2.0G       1.4G       529M       1.4M        38M       290M
-/+ buffers/cache:       1.1G       859M
Swap:         8.0G         0B       8.0G

             total       used       free     shared    buffers     cached
Mem:          2.0G       1.4G       515M       1.4M        38M       290M
-/+ buffers/cache:       1.1G       844M
Swap:         8.0G         0B       8.0G

             total       used       free     shared    buffers     cached
Mem:          2.0G       1.5G       500M       1.4M        38M       290M
-/+ buffers/cache:       1.1G       830M
Swap:         8.0G         0B       8.0G

             total       used       free     shared    buffers     cached
Mem:          2.0G       1.5G       486M       1.4M        38M       290M
-/+ buffers/cache:       1.2G       815M
Swap:         8.0G         0B       8.0G

             total       used       free     shared    buffers     cached
Mem:          2.0G       1.5G       471M       1.4M        38M       290M
-/+ buffers/cache:       1.2G       800M
Swap:         8.0G         0B       8.0G

             total       used       free     shared    buffers     cached
Mem:          2.0G       1.5G       455M       1.4M        38M       290M
-/+ buffers/cache:       1.2G       784M
Swap:         8.0G         0B       8.0G

             total       used       free     shared    buffers     cached
Mem:          2.0G       1.5G       439M       1.4M        38M       290M
-/+ buffers/cache:       1.2G       768M
Swap:         8.0G         0B       8.0G

             total       used       free     shared    buffers     cached
Mem:          2.0G       1.5G       429M       1.4M        38M       290M
-/+ buffers/cache:       1.2G       758M
Swap:         8.0G         0B       8.0G

             total       used       free     shared    buffers     cached
Mem:          2.0G       1.5G       422M       1.4M        38M       290M
-/+ buffers/cache:       1.2G       751M
Swap:         8.0G         0B       8.0G

             total       used       free     shared    buffers     cached
Mem:          2.0G       1.6G       406M       1.4M        38M       290M
-/+ buffers/cache:       1.2G       735M
Swap:         8.0G         0B       8.0G

             total       used       free     shared    buffers     cached
Mem:          2.0G       1.6G       390M       1.4M        38M       290M
-/+ buffers/cache:       1.3G       719M
Swap:         8.0G         0B       8.0G

             total       used       free     shared    buffers     cached
Mem:          2.0G       1.6G       376M       1.4M        38M       290M
-/+ buffers/cache:       1.3G       705M
Swap:         8.0G         0B       8.0G

             total       used       free     shared    buffers     cached
Mem:          2.0G       1.6G       362M       1.4M        38M       290M
-/+ buffers/cache:       1.3G       691M
Swap:         8.0G         0B       8.0G

             total       used       free     shared    buffers     cached
Mem:          2.0G       1.6G       347M       1.4M        38M       290M
-/+ buffers/cache:       1.3G       676M
Swap:         8.0G         0B       8.0G

             total       used       free     shared    buffers     cached
Mem:          2.0G       1.6G       332M       1.4M        38M       290M
-/+ buffers/cache:       1.3G       661M
Swap:         8.0G         0B       8.0G

             total       used       free     shared    buffers     cached
Mem:          2.0G       1.6G       317M       1.4M        38M       290M
-/+ buffers/cache:       1.3G       646M
Swap:         8.0G         0B       8.0G

             total       used       free     shared    buffers     cached
Mem:          2.0G       1.7G       301M       1.4M        38M       290M
-/+ buffers/cache:       1.3G       630M
Swap:         8.0G         0B       8.0G

             total       used       free     shared    buffers     cached
Mem:          2.0G       1.7G       286M       1.4M        38M       290M
-/+ buffers/cache:       1.4G       615M
Swap:         8.0G         0B       8.0G

             total       used       free     shared    buffers     cached
Mem:          2.0G       1.7G       269M       1.4M        38M       290M
-/+ buffers/cache:       1.4G       598M
Swap:         8.0G         0B       8.0G

             total       used       free     shared    buffers     cached
Mem:          2.0G       1.7G       253M       1.4M        38M       290M
-/+ buffers/cache:       1.4G       582M
Swap:         8.0G         0B       8.0G

             total       used       free     shared    buffers     cached
Mem:          2.0G       1.7G       238M       1.4M        38M       290M
-/+ buffers/cache:       1.4G       567M
Swap:         8.0G         0B       8.0G

             total       used       free     shared    buffers     cached
Mem:          2.0G       1.7G       222M       1.4M        38M       290M
-/+ buffers/cache:       1.4G       551M
Swap:         8.0G         0B       8.0G

             total       used       free     shared    buffers     cached
Mem:          2.0G       1.8G       206M       1.4M        38M       290M
-/+ buffers/cache:       1.4G       535M
Swap:         8.0G         0B       8.0G

             total       used       free     shared    buffers     cached
Mem:          2.0G       1.8G       189M       1.4M        38M       290M
-/+ buffers/cache:       1.4G       518M
Swap:         8.0G         0B       8.0G

             total       used       free     shared    buffers     cached
Mem:          2.0G       1.8G       174M       1.4M        38M       290M
-/+ buffers/cache:       1.5G       503M
Swap:         8.0G         0B       8.0G

             total       used       free     shared    buffers     cached
Mem:          2.0G       1.8G       158M       1.4M        38M       290M
-/+ buffers/cache:       1.5G       487M
Swap:         8.0G         0B       8.0G

             total       used       free     shared    buffers     cached
Mem:          2.0G       1.8G       142M       1.4M        38M       290M
-/+ buffers/cache:       1.5G       471M
Swap:         8.0G         0B       8.0G

             total       used       free     shared    buffers     cached
Mem:          2.0G       1.8G       126M       1.4M        38M       290M
-/+ buffers/cache:       1.5G       455M
Swap:         8.0G         0B       8.0G

             total       used       free     shared    buffers     cached
Mem:          2.0G       1.8G       110M       1.4M        38M       290M
-/+ buffers/cache:       1.5G       439M
Swap:         8.0G         0B       8.0G

             total       used       free     shared    buffers     cached
Mem:          2.0G       1.9G        94M       1.4M        38M       290M
-/+ buffers/cache:       1.5G       423M
Swap:         8.0G         0B       8.0G

             total       used       free     shared    buffers     cached
Mem:          2.0G       1.9G        77M       1.4M        38M       290M
-/+ buffers/cache:       1.6G       406M
Swap:         8.0G         0B       8.0G

             total       used       free     shared    buffers     cached
Mem:          2.0G       1.9G        84M       1.4M        17M       288M
-/+ buffers/cache:       1.6G       390M
Swap:         8.0G         0B       8.0G

             total       used       free     shared    buffers     cached
Mem:          2.0G       1.9G        68M       1.4M        17M       289M
-/+ buffers/cache:       1.6G       374M
Swap:         8.0G         0B       8.0G

             total       used       free     shared    buffers     cached
Mem:          2.0G       1.9G        69M       1.4M        10M       279M
-/+ buffers/cache:       1.6G       360M
Swap:         8.0G         0B       8.0G

             total       used       free     shared    buffers     cached
Mem:          2.0G       1.9G        70M       1.4M       9.8M       263M
-/+ buffers/cache:       1.6G       344M
Swap:         8.0G        76K       8.0G

             total       used       free     shared    buffers     cached
Mem:          2.0G       1.9G        73M       1.2M       9.8M       245M
-/+ buffers/cache:       1.6G       329M
Swap:         8.0G       956K       8.0G

             total       used       free     shared    buffers     cached
Mem:          2.0G       1.9G        73M       1.2M       9.8M       233M
-/+ buffers/cache:       1.6G       316M
Swap:         8.0G       6.2M       8.0G

             total       used       free     shared    buffers     cached
Mem:          2.0G       1.9G        89M       1.2M       8.0M       207M
-/+ buffers/cache:       1.7G       305M
Swap:         8.0G        12M       8.0G

             total       used       free     shared    buffers     cached
Mem:          2.0G       1.9G        72M       1.2M       8.0M       207M
-/+ buffers/cache:       1.7G       288M
Swap:         8.0G        12M       8.0G

             total       used       free     shared    buffers     cached
Mem:          2.0G       1.9G        82M       1.2M       1.4M       188M
-/+ buffers/cache:       1.7G       272M
Swap:         8.0G        12M       8.0G

             total       used       free     shared    buffers     cached
Mem:          2.0G       1.9G        67M       1.2M       1.4M       188M
-/+ buffers/cache:       1.7G       257M
Swap:         8.0G        12M       8.0G

             total       used       free     shared    buffers     cached
Mem:          2.0G       1.9G        71M       1.2M       252K       171M
-/+ buffers/cache:       1.7G       242M
Swap:         8.0G        12M       8.0G

             total       used       free     shared    buffers     cached
Mem:          2.0G       1.9G        75M       1.2M       252K       150M
-/+ buffers/cache:       1.7G       226M
Swap:         8.0G        12M       8.0G

             total       used       free     shared    buffers     cached
Mem:          2.0G       1.9G        76M       1.2M       260K       132M
-/+ buffers/cache:       1.7G       209M
Swap:         8.0G        12M       8.0G

             total       used       free     shared    buffers     cached
Mem:          2.0G       1.9G        77M       1.2M        80K       117M
-/+ buffers/cache:       1.8G       194M
Swap:         8.0G        12M       8.0G

             total       used       free     shared    buffers     cached
Mem:          2.0G       1.9G        76M       1.2M       100K       103M
-/+ buffers/cache:       1.8G       180M
Swap:         8.0G        12M       8.0G

             total       used       free     shared    buffers     cached
Mem:          2.0G       1.9G        74M       1.2M       100K        91M
-/+ buffers/cache:       1.8G       165M
Swap:         8.0G        12M       8.0G

             total       used       free     shared    buffers     cached
Mem:          2.0G       1.9G        80M       1.2M       100K        70M
-/+ buffers/cache:       1.8G       151M
Swap:         8.0G        12M       8.0G

             total       used       free     shared    buffers     cached
Mem:          2.0G       1.9G        80M       1.2M       100K        54M
-/+ buffers/cache:       1.8G       135M
Swap:         8.0G        12M       8.0G

             total       used       free     shared    buffers     cached
Mem:          2.0G       1.9G        65M       1.2M       108K        54M
-/+ buffers/cache:       1.8G       120M
Swap:         8.0G        12M       8.0G

             total       used       free     shared    buffers     cached
Mem:          2.0G       1.9G        76M       1.2M       520K        29M
-/+ buffers/cache:       1.8G       106M
Swap:         8.0G        12M       8.0G

             total       used       free     shared    buffers     cached
Mem:          2.0G       1.9G        78M       1.0M       436K        17M
-/+ buffers/cache:       1.9G        96M
Swap:         8.0G        23M       8.0G

             total       used       free     shared    buffers     cached
Mem:          2.0G       1.9G        76M       1.0M       348K        11M
-/+ buffers/cache:       1.9G        87M
Swap:         8.0G        23M       8.0G

             total       used       free     shared    buffers     cached
Mem:          2.0G       1.9G        76M       692K        80K       2.4M
-/+ buffers/cache:       1.9G        79M
Swap:         8.0G        37M       8.0G

             total       used       free     shared    buffers     cached
Mem:          2.0G       1.9G        78M       712K       220K       2.4M
-/+ buffers/cache:       1.9G        81M
Swap:         8.0G        58M       7.9G

             total       used       free     shared    buffers     cached
Mem:          2.0G       1.9G        76M       708K       228K       2.6M
-/+ buffers/cache:       1.9G        79M
Swap:         8.0G        59M       7.9G

             total       used       free     shared    buffers     cached
Mem:          2.0G       1.9G        76M       708K       232K       2.9M
-/+ buffers/cache:       1.9G        80M
Swap:         8.0G        73M       7.9G

             total       used       free     shared    buffers     cached
Mem:          2.0G       1.9G        74M       696K       232K       2.9M
-/+ buffers/cache:       1.9G        77M
Swap:         8.0G        98M       7.9G

             total       used       free     shared    buffers     cached
Mem:          2.0G       1.9G        71M       656K       232K       3.0M
-/+ buffers/cache:       1.9G        75M
Swap:         8.0G        98M       7.9G

             total       used       free     shared    buffers     cached
Mem:          2.0G       1.9G        71M       656K       232K       2.9M
-/+ buffers/cache:       1.9G        74M
Swap:         8.0G       132M       7.9G

             total       used       free     shared    buffers     cached
Mem:          2.0G       1.9G        68M       648K       232K       2.9M
-/+ buffers/cache:       1.9G        71M
Swap:         8.0G       132M       7.9G

             total       used       free     shared    buffers     cached
Mem:          2.0G       1.9G        67M       648K       240K       2.9M
-/+ buffers/cache:       1.9G        70M
Swap:         8.0G       140M       7.9G

             total       used       free     shared    buffers     cached
Mem:          2.0G       1.9G        70M       584K       176K       2.8M
-/+ buffers/cache:       1.9G        73M
Swap:         8.0G       168M       7.8G

             total       used       free     shared    buffers     cached
Mem:          2.0G       1.9G        67M       572K       176K       2.9M
-/+ buffers/cache:       1.9G        70M
Swap:         8.0G       168M       7.8G

             total       used       free     shared    buffers     cached
Mem:          2.0G       1.9G        78M       572K       144K       2.8M
-/+ buffers/cache:       1.9G        81M
Swap:         8.0G       230M       7.8G

             total       used       free     shared    buffers     cached
Mem:          2.0G       1.9G        76M       560K       144K       3.1M
-/+ buffers/cache:       1.9G        80M
Swap:         8.0G       230M       7.8G

             total       used       free     shared    buffers     cached
Mem:          2.0G       1.9G        71M       560K       152K       3.1M
-/+ buffers/cache:       1.9G        75M
Swap:         8.0G       230M       7.8G

             total       used       free     shared    buffers     cached
Mem:          2.0G       1.9G        65M       560K       152K       3.1M
-/+ buffers/cache:       1.9G        68M
Swap:         8.0G       230M       7.8G

             total       used       free     shared    buffers     cached
Mem:          2.0G       1.9G        76M       560K       152K       3.1M
-/+ buffers/cache:       1.9G        79M
Swap:         8.0G       230M       7.8G

             total       used       free     shared    buffers     cached
Mem:          2.0G       1.9G        73M       560K       152K       3.0M
-/+ buffers/cache:       1.9G        77M
Swap:         8.0G       238M       7.8G

             total       used       free     shared    buffers     cached
Mem:          2.0G       1.8G       134M       548K        76K       4.5M
-/+ buffers/cache:       1.8G       138M
Swap:         8.0G       342M       7.7G

             total       used       free     shared    buffers     cached
Mem:          2.0G       1.8G       126M       536K        92K       7.6M
-/+ buffers/cache:       1.8G       134M
Swap:         8.0G       342M       7.7G

             total       used       free     shared    buffers     cached
Mem:          2.0G       1.8G       122M       536K        92K       7.7M
-/+ buffers/cache:       1.8G       129M
Swap:         8.0G       342M       7.7G

             total       used       free     shared    buffers     cached
Mem:          2.0G       1.8G       114M       536K       244K       8.0M
-/+ buffers/cache:       1.8G       122M
Swap:         8.0G       342M       7.7G

             total       used       free     shared    buffers     cached
Mem:          2.0G       1.9G       105M       536K       244K       7.9M
-/+ buffers/cache:       1.8G       113M
Swap:         8.0G       342M       7.7G

             total       used       free     shared    buffers     cached
Mem:          2.0G       1.9G        98M       536K       244K       7.9M
-/+ buffers/cache:       1.8G       106M
Swap:         8.0G       342M       7.7G

             total       used       free     shared    buffers     cached
Mem:          2.0G       1.9G        95M       536K       244K       8.0M
-/+ buffers/cache:       1.9G       104M
Swap:         8.0G       341M       7.7G

             total       used       free     shared    buffers     cached
Mem:          2.0G       1.9G        94M       536K       252K       8.0M
-/+ buffers/cache:       1.9G       103M
Swap:         8.0G       340M       7.7G

             total       used       free     shared    buffers     cached
Mem:          2.0G       1.9G        93M       536K       252K       8.0M
-/+ buffers/cache:       1.9G       102M
Swap:         8.0G       340M       7.7G

             total       used       free     shared    buffers     cached
Mem:          2.0G       1.9G        93M       536K       252K       7.9M
-/+ buffers/cache:       1.9G       101M
Swap:         8.0G       339M       7.7G

             total       used       free     shared    buffers     cached
Mem:          2.0G       1.9G        91M       536K       252K       7.9M
-/+ buffers/cache:       1.9G       100M
Swap:         8.0G       338M       7.7G

             total       used       free     shared    buffers     cached
Mem:          2.0G       1.9G        91M       536K       252K       7.9M
-/+ buffers/cache:       1.9G        99M
Swap:         8.0G       338M       7.7G

             total       used       free     shared    buffers     cached
Mem:          2.0G       1.9G        90M       536K       260K       8.0M
-/+ buffers/cache:       1.9G        98M
Swap:         8.0G       337M       7.7G

             total       used       free     shared    buffers     cached
Mem:          2.0G       1.9G        89M       536K       260K       7.9M
-/+ buffers/cache:       1.9G        97M
Swap:         8.0G       336M       7.7G

             total       used       free     shared    buffers     cached
Mem:          2.0G       1.9G        88M       536K       268K       7.9M
-/+ buffers/cache:       1.9G        96M
Swap:         8.0G       336M       7.7G

             total       used       free     shared    buffers     cached
Mem:          2.0G       1.9G        87M       536K       268K       8.0M
-/+ buffers/cache:       1.9G        95M
Swap:         8.0G       335M       7.7G

             total       used       free     shared    buffers     cached
Mem:          2.0G       1.9G        86M       536K       268K       8.0M
-/+ buffers/cache:       1.9G        95M
Swap:         8.0G       334M       7.7G

             total       used       free     shared    buffers     cached
Mem:          2.0G       1.9G        85M       536K       276K       7.9M
-/+ buffers/cache:       1.9G        94M
Swap:         8.0G       334M       7.7G

             total       used       free     shared    buffers     cached
Mem:          2.0G       1.9G        85M       536K       276K       7.9M
-/+ buffers/cache:       1.9G        93M
Swap:         8.0G       333M       7.7G

             total       used       free     shared    buffers     cached
Mem:          2.0G       1.9G        84M       536K       280K       8.0M
-/+ buffers/cache:       1.9G        92M
Swap:         8.0G       332M       7.7G

             total       used       free     shared    buffers     cached
Mem:          2.0G       1.9G        83M       536K       280K       8.0M
-/+ buffers/cache:       1.9G        91M
Swap:         8.0G       332M       7.7G

             total       used       free     shared    buffers     cached
Mem:          2.0G       1.9G        82M       536K       280K       7.9M
-/+ buffers/cache:       1.9G        91M
Swap:         8.0G       331M       7.7G

             total       used       free     shared    buffers     cached
Mem:          2.0G       1.9G        81M       536K       280K       8.0M
-/+ buffers/cache:       1.9G        90M
Swap:         8.0G       330M       7.7G

             total       used       free     shared    buffers     cached
Mem:          2.0G       1.9G        81M       536K       288K       7.9M
-/+ buffers/cache:       1.9G        89M
Swap:         8.0G       330M       7.7G

             total       used       free     shared    buffers     cached
Mem:          2.0G       1.9G        78M       536K       688K       8.5M
-/+ buffers/cache:       1.9G        87M
Swap:         8.0G       329M       7.7G

             total       used       free     shared    buffers     cached
Mem:          2.0G       1.9G        86M       536K       916K        28M
-/+ buffers/cache:       1.8G       115M
Swap:         8.0G       348M       7.7G

             total       used       free     shared    buffers     cached
Mem:          2.0G       1.9G        86M       540K       916K        28M
-/+ buffers/cache:       1.8G       115M
Swap:         8.0G       347M       7.7G

             total       used       free     shared    buffers     cached
Mem:          2.0G       1.9G        84M       540K       916K        28M
-/+ buffers/cache:       1.8G       113M
Swap:         8.0G       346M       7.7G

             total       used       free     shared    buffers     cached
Mem:          2.0G       1.9G        83M       540K       916K        28M
-/+ buffers/cache:       1.8G       112M
Swap:         8.0G       345M       7.7G

             total       used       free     shared    buffers     cached
Mem:          2.0G       1.9G        81M       540K       916K        28M
-/+ buffers/cache:       1.8G       110M
Swap:         8.0G       345M       7.7G

             total       used       free     shared    buffers     cached
Mem:          2.0G       1.9G        80M       540K       916K        28M
-/+ buffers/cache:       1.8G       109M
Swap:         8.0G       344M       7.7G

             total       used       free     shared    buffers     cached
Mem:          2.0G       1.9G        80M       540K       924K        28M
-/+ buffers/cache:       1.8G       109M
Swap:         8.0G       343M       7.7G

             total       used       free     shared    buffers     cached
Mem:          2.0G       1.9G        77M       540K       924K        29M
-/+ buffers/cache:       1.8G       108M
Swap:         8.0G       343M       7.7G

             total       used       free     shared    buffers     cached
Mem:          2.0G       1.9G        77M       540K       924K        29M
-/+ buffers/cache:       1.8G       107M
Swap:         8.0G       342M       7.7G

             total       used       free     shared    buffers     cached
Mem:          2.0G       1.9G        75M       540K       924K        30M
-/+ buffers/cache:       1.8G       106M
Swap:         8.0G       341M       7.7G

             total       used       free     shared    buffers     cached
Mem:          2.0G       1.9G        74M       540K       924K        30M
-/+ buffers/cache:       1.9G       105M
Swap:         8.0G       341M       7.7G

             total       used       free     shared    buffers     cached
Mem:          2.0G       1.9G        73M       540K       932K        30M
-/+ buffers/cache:       1.9G       104M
Swap:         8.0G       341M       7.7G

             total       used       free     shared    buffers     cached
Mem:          2.0G       1.9G        73M       540K       932K        30M
-/+ buffers/cache:       1.9G       104M
Swap:         8.0G       340M       7.7G

             total       used       free     shared    buffers     cached
Mem:          2.0G       1.9G        72M       540K       932K        30M
-/+ buffers/cache:       1.9G       103M
Swap:         8.0G       340M       7.7G

             total       used       free     shared    buffers     cached
Mem:          2.0G       1.9G        72M       540K       932K        30M
-/+ buffers/cache:       1.9G       103M
Swap:         8.0G       340M       7.7G

             total       used       free     shared    buffers     cached
Mem:          2.0G       1.9G        66M       540K       932K        34M
-/+ buffers/cache:       1.9G       102M
Swap:         8.0G       339M       7.7G

             total       used       free     shared    buffers     cached
Mem:          2.0G       1.9G        66M       540K       932K        34M
-/+ buffers/cache:       1.9G       101M
Swap:         8.0G       339M       7.7G

             total       used       free     shared    buffers     cached
Mem:          2.0G       1.9G        65M       540K       1.2M        34M
-/+ buffers/cache:       1.9G       101M
Swap:         8.0G       338M       7.7G

             total       used       free     shared    buffers     cached
Mem:          2.0G       1.9G        80M       540K       416K        31M
-/+ buffers/cache:       1.8G       112M
Swap:         8.0G       357M       7.6G

             total       used       free     shared    buffers     cached
Mem:          2.0G       1.9G        80M       540K       416K        31M
-/+ buffers/cache:       1.8G       112M
Swap:         8.0G       356M       7.6G

             total       used       free     shared    buffers     cached
Mem:          2.0G       1.9G        80M       540K       416K        31M
-/+ buffers/cache:       1.8G       112M
Swap:         8.0G       356M       7.6G

             total       used       free     shared    buffers     cached
Mem:          2.0G       1.9G        79M       540K       416K        31M
-/+ buffers/cache:       1.8G       111M
Swap:         8.0G       356M       7.6G

             total       used       free     shared    buffers     cached
Mem:          2.0G       1.9G        78M       540K       424K        31M
-/+ buffers/cache:       1.8G       110M
Swap:         8.0G       355M       7.6G

             total       used       free     shared    buffers     cached
Mem:          2.0G       1.9G        78M       540K       424K        31M
-/+ buffers/cache:       1.8G       110M
Swap:         8.0G       355M       7.7G

             total       used       free     shared    buffers     cached
Mem:          2.0G       1.9G        77M       540K       424K        31M
-/+ buffers/cache:       1.8G       109M
Swap:         8.0G       354M       7.7G

             total       used       free     shared    buffers     cached
Mem:          2.0G       1.9G        77M       540K       424K        31M
-/+ buffers/cache:       1.8G       109M
Swap:         8.0G       354M       7.7G

             total       used       free     shared    buffers     cached
Mem:          2.0G       1.9G        76M       540K       424K        31M
-/+ buffers/cache:       1.8G       108M
Swap:         8.0G       354M       7.7G

             total       used       free     shared    buffers     cached
Mem:          2.0G       1.9G        75M       540K       424K        31M
-/+ buffers/cache:       1.8G       107M
Swap:         8.0G       353M       7.7G

             total       used       free     shared    buffers     cached
Mem:          2.0G       1.9G        75M       540K       432K        31M
-/+ buffers/cache:       1.8G       107M
Swap:         8.0G       353M       7.7G

             total       used       free     shared    buffers     cached
Mem:          2.0G       1.9G        74M       540K       432K        31M
-/+ buffers/cache:       1.8G       106M
Swap:         8.0G       352M       7.7G

             total       used       free     shared    buffers     cached
Mem:          2.0G       1.9G        74M       540K       432K        31M
-/+ buffers/cache:       1.8G       105M
Swap:         8.0G       352M       7.7G

             total       used       free     shared    buffers     cached
Mem:          2.0G       1.9G        73M       540K       432K        31M
-/+ buffers/cache:       1.9G       105M
Swap:         8.0G       352M       7.7G

             total       used       free     shared    buffers     cached
Mem:          2.0G       1.9G        72M       540K       432K        31M
-/+ buffers/cache:       1.9G       104M
Swap:         8.0G       351M       7.7G

             total       used       free     shared    buffers     cached
Mem:          2.0G       1.9G        72M       540K       440K        31M
-/+ buffers/cache:       1.9G       104M
Swap:         8.0G       351M       7.7G

             total       used       free     shared    buffers     cached
Mem:          2.0G       1.9G        71M       540K       440K        31M
-/+ buffers/cache:       1.9G       103M
Swap:         8.0G       350M       7.7G

             total       used       free     shared    buffers     cached
Mem:          2.0G       1.9G        71M       540K       440K        31M
-/+ buffers/cache:       1.9G       103M
Swap:         8.0G       350M       7.7G

             total       used       free     shared    buffers     cached
Mem:          2.0G       1.9G        70M       540K       440K        31M
-/+ buffers/cache:       1.9G       102M
Swap:         8.0G       349M       7.7G

             total       used       free     shared    buffers     cached
Mem:          2.0G       1.9G        70M       540K       440K        31M
-/+ buffers/cache:       1.9G       101M
Swap:         8.0G       349M       7.7G

             total       used       free     shared    buffers     cached
Mem:          2.0G       1.9G        69M       540K       440K        31M
-/+ buffers/cache:       1.9G       101M
Swap:         8.0G       349M       7.7G

             total       used       free     shared    buffers     cached
Mem:          2.0G       1.9G        68M       540K       448K        31M
-/+ buffers/cache:       1.9G       100M
Swap:         8.0G       348M       7.7G

             total       used       free     shared    buffers     cached
Mem:          2.0G       1.9G        68M       540K       448K        31M
-/+ buffers/cache:       1.9G       100M
Swap:         8.0G       348M       7.7G

             total       used       free     shared    buffers     cached
Mem:          2.0G       1.9G        67M       540K       448K        31M
-/+ buffers/cache:       1.9G        99M
Swap:         8.0G       347M       7.7G

             total       used       free     shared    buffers     cached
Mem:          2.0G       1.9G        67M       540K       448K        31M
-/+ buffers/cache:       1.9G        99M
Swap:         8.0G       347M       7.7G

             total       used       free     shared    buffers     cached
Mem:          2.0G       1.9G        66M       540K       448K        31M
-/+ buffers/cache:       1.9G        98M
Swap:         8.0G       347M       7.7G

             total       used       free     shared    buffers     cached
Mem:          2.0G       1.9G        65M       540K       456K        31M
-/+ buffers/cache:       1.9G        97M
Swap:         8.0G       346M       7.7G

             total       used       free     shared    buffers     cached
Mem:          2.0G       1.9G        65M       540K       456K        31M
-/+ buffers/cache:       1.9G        97M
Swap:         8.0G       346M       7.7G

             total       used       free     shared    buffers     cached
Mem:          2.0G       1.9G        64M       540K       456K        31M
-/+ buffers/cache:       1.9G        96M
Swap:         8.0G       345M       7.7G

             total       used       free     shared    buffers     cached
Mem:          2.0G       1.9G        76M       540K       444K        30M
-/+ buffers/cache:       1.8G       107M
Swap:         8.0G       353M       7.7G

             total       used       free     shared    buffers     cached
Mem:          2.0G       1.9G        76M       540K       444K        30M
-/+ buffers/cache:       1.8G       107M
Swap:         8.0G       353M       7.7G

             total       used       free     shared    buffers     cached
Mem:          2.0G       1.9G        75M       540K       444K        30M
-/+ buffers/cache:       1.8G       106M
Swap:         8.0G       352M       7.7G

             total       used       free     shared    buffers     cached
Mem:          2.0G       1.9G        74M       540K       452K        30M
-/+ buffers/cache:       1.9G       105M
Swap:         8.0G       352M       7.7G

             total       used       free     shared    buffers     cached
Mem:          2.0G       1.9G        74M       540K       452K        30M
-/+ buffers/cache:       1.9G       105M
Swap:         8.0G       351M       7.7G

             total       used       free     shared    buffers     cached
Mem:          2.0G       1.9G        73M       540K       452K        30M
-/+ buffers/cache:       1.9G       104M
Swap:         8.0G       351M       7.7G

             total       used       free     shared    buffers     cached
Mem:          2.0G       1.9G        72M       540K       452K        30M
-/+ buffers/cache:       1.9G       103M
Swap:         8.0G       350M       7.7G

             total       used       free     shared    buffers     cached
Mem:          2.0G       1.9G        72M       540K       452K        30M
-/+ buffers/cache:       1.9G       103M
Swap:         8.0G       350M       7.7G

             total       used       free     shared    buffers     cached
Mem:          2.0G       1.9G        71M       540K       460K        30M
-/+ buffers/cache:       1.9G       102M
Swap:         8.0G       350M       7.7G

             total       used       free     shared    buffers     cached
Mem:          2.0G       1.9G        71M       540K       460K        30M
-/+ buffers/cache:       1.9G       101M
Swap:         8.0G       349M       7.7G

             total       used       free     shared    buffers     cached
Mem:          2.0G       1.9G        70M       540K       460K        30M
-/+ buffers/cache:       1.9G       101M
Swap:         8.0G       349M       7.7G

             total       used       free     shared    buffers     cached
Mem:          2.0G       1.9G        69M       540K       460K        30M
-/+ buffers/cache:       1.9G       100M
Swap:         8.0G       348M       7.7G

             total       used       free     shared    buffers     cached
Mem:          2.0G       1.9G        69M       540K       460K        30M
-/+ buffers/cache:       1.9G       100M
Swap:         8.0G       348M       7.7G

             total       used       free     shared    buffers     cached
Mem:          2.0G       1.9G        68M       540K       460K        30M
-/+ buffers/cache:       1.9G        99M
Swap:         8.0G       348M       7.7G

             total       used       free     shared    buffers     cached
Mem:          2.0G       1.9G        67M       540K       468K        30M
-/+ buffers/cache:       1.9G        98M
Swap:         8.0G       347M       7.7G

             total       used       free     shared    buffers     cached
Mem:          2.0G       1.9G        67M       540K       468K        30M
-/+ buffers/cache:       1.9G        98M
Swap:         8.0G       347M       7.7G

             total       used       free     shared    buffers     cached
Mem:          2.0G       1.9G        66M       540K       468K        30M
-/+ buffers/cache:       1.9G        97M
Swap:         8.0G       346M       7.7G

             total       used       free     shared    buffers     cached
Mem:          2.0G       1.9G        64M       540K       604K        31M
-/+ buffers/cache:       1.9G        96M
Swap:         8.0G       346M       7.7G

             total       used       free     shared    buffers     cached
Mem:          2.0G       1.9G        80M       544K       604K        29M
-/+ buffers/cache:       1.8G       110M
Swap:         8.0G       363M       7.6G

             total       used       free     shared    buffers     cached
Mem:          2.0G       1.9G        80M       544K       612K        29M
-/+ buffers/cache:       1.8G       109M
Swap:         8.0G       363M       7.6G

             total       used       free     shared    buffers     cached
Mem:          2.0G       1.9G        79M       544K       612K        29M
-/+ buffers/cache:       1.8G       109M
Swap:         8.0G       362M       7.6G

             total       used       free     shared    buffers     cached
Mem:          2.0G       1.9G        78M       544K       612K        29M
-/+ buffers/cache:       1.8G       108M
Swap:         8.0G       362M       7.6G

             total       used       free     shared    buffers     cached
Mem:          2.0G       1.9G        71M       544K       612K        31M
-/+ buffers/cache:       1.9G       103M
Swap:         8.0G       359M       7.6G

             total       used       free     shared    buffers     cached
Mem:          2.0G       1.9G        71M       544K       612K        31M
-/+ buffers/cache:       1.9G       103M
Swap:         8.0G       359M       7.6G

             total       used       free     shared    buffers     cached
Mem:          2.0G       1.9G        65M       544K       612K        33M
-/+ buffers/cache:       1.9G        99M
Swap:         8.0G       357M       7.6G

             total       used       free     shared    buffers     cached
Mem:          2.0G       1.9G        82M       544K       620K        31M
-/+ buffers/cache:       1.8G       114M
Swap:         8.0G       372M       7.6G

             total       used       free     shared    buffers     cached
Mem:          2.0G       1.9G        81M       544K       620K        31M
-/+ buffers/cache:       1.8G       113M
Swap:         8.0G       372M       7.6G

             total       used       free     shared    buffers     cached
Mem:          2.0G       1.9G        81M       544K       620K        31M
-/+ buffers/cache:       1.8G       113M
Swap:         8.0G       371M       7.6G

             total       used       free     shared    buffers     cached
Mem:          2.0G       1.9G        80M       544K       620K        32M
-/+ buffers/cache:       1.8G       112M
Swap:         8.0G       371M       7.6G

             total       used       free     shared    buffers     cached
Mem:          2.0G       1.9G        79M       544K       620K        32M
-/+ buffers/cache:       1.8G       112M
Swap:         8.0G       371M       7.6G

             total       used       free     shared    buffers     cached
Mem:          2.0G       1.9G        73M       544K       2.2M        35M
-/+ buffers/cache:       1.8G       110M
Swap:         8.0G       370M       7.6G

             total       used       free     shared    buffers     cached
Mem:          2.0G       1.9G        72M       548K       2.2M        35M
-/+ buffers/cache:       1.8G       110M
Swap:         8.0G       370M       7.6G

             total       used       free     shared    buffers     cached
Mem:          2.0G       1.9G        72M       548K       2.2M        35M
-/+ buffers/cache:       1.8G       109M
Swap:         8.0G       369M       7.6G

             total       used       free     shared    buffers     cached
Mem:          2.0G       1.9G        71M       548K       2.2M        35M
-/+ buffers/cache:       1.8G       109M
Swap:         8.0G       369M       7.6G

             total       used       free     shared    buffers     cached
Mem:          2.0G       1.9G        73M       612K       2.4M        39M
-/+ buffers/cache:       1.8G       115M
Swap:         8.0G       372M       7.6G

             total       used       free     shared    buffers     cached
Mem:          2.0G       1.9G        67M       4.3M       5.3M        54M
-/+ buffers/cache:       1.8G       127M
Swap:         8.0G       402M       7.6G

             total       used       free     shared    buffers     cached
Mem:          2.0G       1.9G        73M       4.3M       4.2M        65M
-/+ buffers/cache:       1.8G       143M
Swap:         8.0G       418M       7.6G

             total       used       free     shared    buffers     cached
Mem:          2.0G       1.9G        77M       676K       3.7M        58M
-/+ buffers/cache:       1.8G       139M
Swap:         8.0G       430M       7.6G

             total       used       free     shared    buffers     cached
Mem:          2.0G       1.9G        76M       636K       3.7M        58M
-/+ buffers/cache:       1.8G       138M
Swap:         8.0G       429M       7.6G

             total       used       free     shared    buffers     cached
Mem:          2.0G       1.9G        75M       636K       3.7M        58M
-/+ buffers/cache:       1.8G       137M
Swap:         8.0G       429M       7.6G

             total       used       free     shared    buffers     cached
Mem:          2.0G       1.9G        74M       636K       3.7M        58M
-/+ buffers/cache:       1.8G       136M
Swap:         8.0G       428M       7.6G

             total       used       free     shared    buffers     cached
Mem:          2.0G       1.9G        73M       636K       3.8M        58M
-/+ buffers/cache:       1.8G       135M
Swap:         8.0G       428M       7.6G

             total       used       free     shared    buffers     cached
Mem:          2.0G       1.9G        70M       636K       3.9M        59M
-/+ buffers/cache:       1.8G       134M
Swap:         8.0G       427M       7.6G

             total       used       free     shared    buffers     cached
Mem:          2.0G       1.9G        69M       636K       3.9M        59M
-/+ buffers/cache:       1.8G       133M
Swap:         8.0G       426M       7.6G

             total       used       free     shared    buffers     cached
Mem:          2.0G       1.9G        68M       636K       3.9M        59M
-/+ buffers/cache:       1.8G       132M
Swap:         8.0G       426M       7.6G

             total       used       free     shared    buffers     cached
Mem:          2.0G       1.9G        67M       636K       3.9M        59M
-/+ buffers/cache:       1.8G       131M
Swap:         8.0G       425M       7.6G

             total       used       free     shared    buffers     cached
Mem:          2.0G       1.9G        66M       636K       3.9M        59M
-/+ buffers/cache:       1.8G       130M
Swap:         8.0G       425M       7.6G

             total       used       free     shared    buffers     cached
Mem:          2.0G       1.9G        65M       636K       3.9M        59M
-/+ buffers/cache:       1.8G       129M
Swap:         8.0G       424M       7.6G

             total       used       free     shared    buffers     cached
Mem:          2.0G       1.9G        64M       636K       3.9M        59M
-/+ buffers/cache:       1.8G       128M
Swap:         8.0G       424M       7.6G

             total       used       free     shared    buffers     cached
Mem:          2.0G       1.9G        76M       636K       3.9M        58M
-/+ buffers/cache:       1.8G       138M
Swap:         8.0G       432M       7.6G

             total       used       free     shared    buffers     cached
Mem:          2.0G       1.9G        75M       636K       3.9M        58M
-/+ buffers/cache:       1.8G       137M
Swap:         8.0G       431M       7.6G

             total       used       free     shared    buffers     cached
Mem:          2.0G       1.9G        74M       636K       3.9M        58M
-/+ buffers/cache:       1.8G       136M
Swap:         8.0G       431M       7.6G

             total       used       free     shared    buffers     cached
Mem:          2.0G       1.9G        73M       636K       3.9M        58M
-/+ buffers/cache:       1.8G       135M
Swap:         8.0G       430M       7.6G

             total       used       free     shared    buffers     cached
Mem:          2.0G       1.9G        72M       636K       3.9M        58M
-/+ buffers/cache:       1.8G       134M
Swap:         8.0G       430M       7.6G

             total       used       free     shared    buffers     cached
Mem:          2.0G       1.9G        71M       636K       3.9M        58M
-/+ buffers/cache:       1.8G       133M
Swap:         8.0G       429M       7.6G

             total       used       free     shared    buffers     cached
Mem:          2.0G       1.9G        70M       636K       3.9M        58M
-/+ buffers/cache:       1.8G       132M
Swap:         8.0G       428M       7.6G

             total       used       free     shared    buffers     cached
Mem:          2.0G       1.9G        69M       636K       3.9M        58M
-/+ buffers/cache:       1.8G       131M
Swap:         8.0G       428M       7.6G

             total       used       free     shared    buffers     cached
Mem:          2.0G       1.9G        68M       636K       3.9M        58M
-/+ buffers/cache:       1.8G       130M
Swap:         8.0G       427M       7.6G

             total       used       free     shared    buffers     cached
Mem:          2.0G       1.9G        67M       636K       3.9M        58M
-/+ buffers/cache:       1.8G       129M
Swap:         8.0G       427M       7.6G

             total       used       free     shared    buffers     cached
Mem:          2.0G       1.9G        66M       636K       3.9M        58M
-/+ buffers/cache:       1.8G       128M
Swap:         8.0G       426M       7.6G

             total       used       free     shared    buffers     cached
Mem:          2.0G       1.9G        65M       636K       3.9M        58M
-/+ buffers/cache:       1.8G       127M
Swap:         8.0G       426M       7.6G

             total       used       free     shared    buffers     cached
Mem:          2.0G       1.9G        76M       636K       3.9M        57M
-/+ buffers/cache:       1.8G       138M
Swap:         8.0G       430M       7.6G

             total       used       free     shared    buffers     cached
Mem:          2.0G       1.9G        75M       636K       3.9M        57M
-/+ buffers/cache:       1.8G       136M
Swap:         8.0G       429M       7.6G

             total       used       free     shared    buffers     cached
Mem:          2.0G       1.9G        74M       636K       3.9M        57M
-/+ buffers/cache:       1.8G       135M
Swap:         8.0G       429M       7.6G

             total       used       free     shared    buffers     cached
Mem:          2.0G       1.9G        73M       636K       3.9M        57M
-/+ buffers/cache:       1.8G       134M
Swap:         8.0G       428M       7.6G

             total       used       free     shared    buffers     cached
Mem:          2.0G       1.9G        72M       636K       3.9M        57M
-/+ buffers/cache:       1.8G       133M
Swap:         8.0G       427M       7.6G

             total       used       free     shared    buffers     cached
Mem:          2.0G       1.9G        71M       636K       3.9M        57M
-/+ buffers/cache:       1.8G       132M
Swap:         8.0G       427M       7.6G

             total       used       free     shared    buffers     cached
Mem:          2.0G       1.9G        70M       636K       3.9M        57M
-/+ buffers/cache:       1.8G       131M
Swap:         8.0G       426M       7.6G

             total       used       free     shared    buffers     cached
Mem:          2.0G       1.9G        69M       636K       3.9M        57M
-/+ buffers/cache:       1.8G       130M
Swap:         8.0G       425M       7.6G

             total       used       free     shared    buffers     cached
Mem:          2.0G       1.9G        89M       636K       3.9M        57M
-/+ buffers/cache:       1.8G       151M
Swap:         8.0G       449M       7.6G

             total       used       free     shared    buffers     cached
Mem:          2.0G       1.9G        90M       704K       6.1M        62M
-/+ buffers/cache:       1.8G       158M
Swap:         8.0G       456M       7.6G
