             total       used       free     shared    buffers     cached
Mem:          2.0G       655M       1.3G       3.2M        38M       286M
-/+ buffers/cache:       330M       1.6G
Swap:         8.0G         0B       8.0G

             total       used       free     shared    buffers     cached
Mem:          2.0G       654M       1.3G       1.4M        38M       285M
-/+ buffers/cache:       330M       1.6G
Swap:         8.0G         0B       8.0G

             total       used       free     shared    buffers     cached
Mem:          2.0G       654M       1.3G       1.4M        38M       285M
-/+ buffers/cache:       330M       1.6G
Swap:         8.0G         0B       8.0G

             total       used       free     shared    buffers     cached
Mem:          2.0G       654M       1.3G       1.4M        38M       285M
-/+ buffers/cache:       330M       1.6G
Swap:         8.0G         0B       8.0G

             total       used       free     shared    buffers     cached
Mem:          2.0G       654M       1.3G       1.4M        38M       285M
-/+ buffers/cache:       330M       1.6G
Swap:         8.0G         0B       8.0G

             total       used       free     shared    buffers     cached
Mem:          2.0G       654M       1.3G       1.4M        38M       285M
-/+ buffers/cache:       330M       1.6G
Swap:         8.0G         0B       8.0G

             total       used       free     shared    buffers     cached
Mem:          2.0G       654M       1.3G       1.4M        38M       285M
-/+ buffers/cache:       330M       1.6G
Swap:         8.0G         0B       8.0G

             total       used       free     shared    buffers     cached
Mem:          2.0G       654M       1.3G       1.4M        38M       285M
-/+ buffers/cache:       330M       1.6G
Swap:         8.0G         0B       8.0G

             total       used       free     shared    buffers     cached
Mem:          2.0G       658M       1.3G       1.4M        38M       285M
-/+ buffers/cache:       333M       1.6G
Swap:         8.0G         0B       8.0G

             total       used       free     shared    buffers     cached
Mem:          2.0G       674M       1.3G       1.4M        38M       285M
-/+ buffers/cache:       349M       1.6G
Swap:         8.0G         0B       8.0G

             total       used       free     shared    buffers     cached
Mem:          2.0G       696M       1.3G       1.4M        38M       285M
-/+ buffers/cache:       372M       1.6G
Swap:         8.0G         0B       8.0G

             total       used       free     shared    buffers     cached
Mem:          2.0G       680M       1.3G       1.4M        38M       289M
-/+ buffers/cache:       351M       1.6G
Swap:         8.0G         0B       8.0G

             total       used       free     shared    buffers     cached
Mem:          2.0G       721M       1.2G       1.4M        38M       290M
-/+ buffers/cache:       392M       1.6G
Swap:         8.0G         0B       8.0G

             total       used       free     shared    buffers     cached
Mem:          2.0G       733M       1.2G       1.4M        38M       290M
-/+ buffers/cache:       404M       1.6G
Swap:         8.0G         0B       8.0G

             total       used       free     shared    buffers     cached
Mem:          2.0G       736M       1.2G       1.4M        38M       290M
-/+ buffers/cache:       407M       1.6G
Swap:         8.0G         0B       8.0G

             total       used       free     shared    buffers     cached
Mem:          2.0G       721M       1.2G       1.5M        39M       294M
-/+ buffers/cache:       387M       1.6G
Swap:         8.0G         0B       8.0G

             total       used       free     shared    buffers     cached
Mem:          2.0G       721M       1.2G       1.5M        39M       294M
-/+ buffers/cache:       387M       1.6G
Swap:         8.0G         0B       8.0G

             total       used       free     shared    buffers     cached
Mem:          2.0G       721M       1.2G       1.5M        39M       294M
-/+ buffers/cache:       387M       1.6G
Swap:         8.0G         0B       8.0G

             total       used       free     shared    buffers     cached
Mem:          2.0G       721M       1.2G       1.5M        39M       294M
-/+ buffers/cache:       387M       1.6G
Swap:         8.0G         0B       8.0G

             total       used       free     shared    buffers     cached
Mem:          2.0G       721M       1.2G       1.5M        39M       294M
-/+ buffers/cache:       387M       1.6G
Swap:         8.0G         0B       8.0G

             total       used       free     shared    buffers     cached
Mem:          2.0G       721M       1.2G       1.5M        39M       294M
-/+ buffers/cache:       387M       1.6G
Swap:         8.0G         0B       8.0G

             total       used       free     shared    buffers     cached
Mem:          2.0G       722M       1.2G       1.5M        39M       294M
-/+ buffers/cache:       387M       1.6G
Swap:         8.0G         0B       8.0G

             total       used       free     shared    buffers     cached
Mem:          2.0G       722M       1.2G       1.5M        39M       294M
-/+ buffers/cache:       387M       1.6G
Swap:         8.0G         0B       8.0G

             total       used       free     shared    buffers     cached
Mem:          2.0G       722M       1.2G       1.5M        39M       294M
-/+ buffers/cache:       387M       1.6G
Swap:         8.0G         0B       8.0G

             total       used       free     shared    buffers     cached
Mem:          2.0G       722M       1.2G       1.5M        39M       294M
-/+ buffers/cache:       387M       1.6G
Swap:         8.0G         0B       8.0G

             total       used       free     shared    buffers     cached
Mem:          2.0G       722M       1.2G       1.5M        39M       294M
-/+ buffers/cache:       387M       1.6G
Swap:         8.0G         0B       8.0G

             total       used       free     shared    buffers     cached
Mem:          2.0G       722M       1.2G       1.5M        39M       294M
-/+ buffers/cache:       387M       1.6G
Swap:         8.0G         0B       8.0G

             total       used       free     shared    buffers     cached
Mem:          2.0G       722M       1.2G       1.5M        39M       294M
-/+ buffers/cache:       387M       1.6G
Swap:         8.0G         0B       8.0G

             total       used       free     shared    buffers     cached
Mem:          2.0G       722M       1.2G       1.5M        39M       294M
-/+ buffers/cache:       387M       1.6G
Swap:         8.0G         0B       8.0G

             total       used       free     shared    buffers     cached
Mem:          2.0G       722M       1.2G       1.5M        39M       294M
-/+ buffers/cache:       387M       1.6G
Swap:         8.0G         0B       8.0G

             total       used       free     shared    buffers     cached
Mem:          2.0G       722M       1.2G       1.5M        39M       294M
-/+ buffers/cache:       387M       1.6G
Swap:         8.0G         0B       8.0G

             total       used       free     shared    buffers     cached
Mem:          2.0G       722M       1.2G       1.5M        39M       294M
-/+ buffers/cache:       387M       1.6G
Swap:         8.0G         0B       8.0G

             total       used       free     shared    buffers     cached
Mem:          2.0G       722M       1.2G       1.5M        39M       294M
-/+ buffers/cache:       387M       1.6G
Swap:         8.0G         0B       8.0G

             total       used       free     shared    buffers     cached
Mem:          2.0G       728M       1.2G       1.5M        39M       294M
-/+ buffers/cache:       393M       1.6G
Swap:         8.0G         0B       8.0G

             total       used       free     shared    buffers     cached
Mem:          2.0G       743M       1.2G       1.5M        39M       294M
-/+ buffers/cache:       409M       1.6G
Swap:         8.0G         0B       8.0G

             total       used       free     shared    buffers     cached
Mem:          2.0G       757M       1.2G       1.5M        39M       294M
-/+ buffers/cache:       422M       1.5G
Swap:         8.0G         0B       8.0G

             total       used       free     shared    buffers     cached
Mem:          2.0G       772M       1.2G       1.5M        39M       294M
-/+ buffers/cache:       438M       1.5G
Swap:         8.0G         0B       8.0G

             total       used       free     shared    buffers     cached
Mem:          2.0G       788M       1.2G       1.5M        39M       294M
-/+ buffers/cache:       454M       1.5G
Swap:         8.0G         0B       8.0G

             total       used       free     shared    buffers     cached
Mem:          2.0G       802M       1.2G       1.5M        39M       294M
-/+ buffers/cache:       468M       1.5G
Swap:         8.0G         0B       8.0G

             total       used       free     shared    buffers     cached
Mem:          2.0G       817M       1.2G       1.5M        39M       294M
-/+ buffers/cache:       483M       1.5G
Swap:         8.0G         0B       8.0G

             total       used       free     shared    buffers     cached
Mem:          2.0G       835M       1.1G       1.5M        39M       294M
-/+ buffers/cache:       500M       1.5G
Swap:         8.0G         0B       8.0G

             total       used       free     shared    buffers     cached
Mem:          2.0G       852M       1.1G       1.5M        39M       294M
-/+ buffers/cache:       517M       1.4G
Swap:         8.0G         0B       8.0G

             total       used       free     shared    buffers     cached
Mem:          2.0G       870M       1.1G       1.5M        39M       294M
-/+ buffers/cache:       535M       1.4G
Swap:         8.0G         0B       8.0G

             total       used       free     shared    buffers     cached
Mem:          2.0G       889M       1.1G       1.5M        39M       294M
-/+ buffers/cache:       554M       1.4G
Swap:         8.0G         0B       8.0G

             total       used       free     shared    buffers     cached
Mem:          2.0G       904M       1.1G       1.5M        39M       294M
-/+ buffers/cache:       569M       1.4G
Swap:         8.0G         0B       8.0G

             total       used       free     shared    buffers     cached
Mem:          2.0G       918M       1.1G       1.5M        39M       294M
-/+ buffers/cache:       583M       1.4G
Swap:         8.0G         0B       8.0G

             total       used       free     shared    buffers     cached
Mem:          2.0G       931M       1.0G       1.5M        39M       294M
-/+ buffers/cache:       596M       1.4G
Swap:         8.0G         0B       8.0G

             total       used       free     shared    buffers     cached
Mem:          2.0G       945M       1.0G       1.5M        39M       294M
-/+ buffers/cache:       610M       1.4G
Swap:         8.0G         0B       8.0G

             total       used       free     shared    buffers     cached
Mem:          2.0G       954M       1.0G       1.5M        39M       294M
-/+ buffers/cache:       619M       1.3G
Swap:         8.0G         0B       8.0G

             total       used       free     shared    buffers     cached
Mem:          2.0G       967M       1.0G       1.5M        39M       294M
-/+ buffers/cache:       633M       1.3G
Swap:         8.0G         0B       8.0G

             total       used       free     shared    buffers     cached
Mem:          2.0G       981M       1.0G       1.5M        39M       294M
-/+ buffers/cache:       647M       1.3G
Swap:         8.0G         0B       8.0G

             total       used       free     shared    buffers     cached
Mem:          2.0G       998M       1.0G       1.5M        39M       294M
-/+ buffers/cache:       664M       1.3G
Swap:         8.0G         0B       8.0G

             total       used       free     shared    buffers     cached
Mem:          2.0G       1.0G       984M       1.5M        39M       294M
-/+ buffers/cache:       681M       1.3G
Swap:         8.0G         0B       8.0G

             total       used       free     shared    buffers     cached
Mem:          2.0G       1.0G       967M       1.5M        39M       294M
-/+ buffers/cache:       698M       1.3G
Swap:         8.0G         0B       8.0G

             total       used       free     shared    buffers     cached
Mem:          2.0G       1.0G       953M       1.5M        39M       294M
-/+ buffers/cache:       712M       1.3G
Swap:         8.0G         0B       8.0G

             total       used       free     shared    buffers     cached
Mem:          2.0G       1.0G       940M       1.5M        39M       294M
-/+ buffers/cache:       725M       1.2G
Swap:         8.0G         0B       8.0G

             total       used       free     shared    buffers     cached
Mem:          2.0G       1.0G       927M       1.5M        39M       294M
-/+ buffers/cache:       738M       1.2G
Swap:         8.0G         0B       8.0G

             total       used       free     shared    buffers     cached
Mem:          2.0G       1.1G       913M       1.5M        39M       294M
-/+ buffers/cache:       752M       1.2G
Swap:         8.0G         0B       8.0G

             total       used       free     shared    buffers     cached
Mem:          2.0G       1.1G       900M       1.5M        39M       294M
-/+ buffers/cache:       765M       1.2G
Swap:         8.0G         0B       8.0G

             total       used       free     shared    buffers     cached
Mem:          2.0G       1.1G       887M       1.5M        39M       294M
-/+ buffers/cache:       778M       1.2G
Swap:         8.0G         0B       8.0G

             total       used       free     shared    buffers     cached
Mem:          2.0G       1.1G       874M       1.5M        39M       294M
-/+ buffers/cache:       791M       1.2G
Swap:         8.0G         0B       8.0G

             total       used       free     shared    buffers     cached
Mem:          2.0G       1.1G       858M       1.5M        39M       294M
-/+ buffers/cache:       807M       1.2G
Swap:         8.0G         0B       8.0G

             total       used       free     shared    buffers     cached
Mem:          2.0G       1.1G       844M       1.5M        39M       295M
-/+ buffers/cache:       821M       1.2G
Swap:         8.0G         0B       8.0G

             total       used       free     shared    buffers     cached
Mem:          2.0G       1.1G       830M       1.5M        39M       295M
-/+ buffers/cache:       835M       1.1G
Swap:         8.0G         0B       8.0G

             total       used       free     shared    buffers     cached
Mem:          2.0G       1.2G       822M       1.5M        39M       295M
-/+ buffers/cache:       843M       1.1G
Swap:         8.0G         0B       8.0G

             total       used       free     shared    buffers     cached
Mem:          2.0G       1.2G       805M       1.5M        39M       295M
-/+ buffers/cache:       860M       1.1G
Swap:         8.0G         0B       8.0G

             total       used       free     shared    buffers     cached
Mem:          2.0G       1.2G       789M       1.5M        39M       295M
-/+ buffers/cache:       876M       1.1G
Swap:         8.0G         0B       8.0G

             total       used       free     shared    buffers     cached
Mem:          2.0G       1.2G       772M       1.5M        39M       295M
-/+ buffers/cache:       893M       1.1G
Swap:         8.0G         0B       8.0G

             total       used       free     shared    buffers     cached
Mem:          2.0G       1.2G       752M       1.5M        39M       295M
-/+ buffers/cache:       912M       1.1G
Swap:         8.0G         0B       8.0G

             total       used       free     shared    buffers     cached
Mem:          2.0G       1.2G       735M       1.5M        39M       295M
-/+ buffers/cache:       929M       1.0G
Swap:         8.0G         0B       8.0G

             total       used       free     shared    buffers     cached
Mem:          2.0G       1.3G       719M       1.5M        39M       295M
-/+ buffers/cache:       946M       1.0G
Swap:         8.0G         0B       8.0G

             total       used       free     shared    buffers     cached
Mem:          2.0G       1.3G       702M       1.5M        39M       295M
-/+ buffers/cache:       963M       1.0G
Swap:         8.0G         0B       8.0G

             total       used       free     shared    buffers     cached
Mem:          2.0G       1.3G       684M       1.5M        39M       295M
-/+ buffers/cache:       981M       1.0G
Swap:         8.0G         0B       8.0G

             total       used       free     shared    buffers     cached
Mem:          2.0G       1.3G       667M       1.5M        39M       295M
-/+ buffers/cache:       997M       1.0G
Swap:         8.0G         0B       8.0G

             total       used       free     shared    buffers     cached
Mem:          2.0G       1.3G       651M       1.5M        39M       295M
-/+ buffers/cache:       1.0G       986M
Swap:         8.0G         0B       8.0G

             total       used       free     shared    buffers     cached
Mem:          2.0G       1.3G       634M       1.5M        39M       295M
-/+ buffers/cache:       1.0G       969M
Swap:         8.0G         0B       8.0G

             total       used       free     shared    buffers     cached
Mem:          2.0G       1.4G       616M       1.5M        39M       295M
-/+ buffers/cache:       1.0G       951M
Swap:         8.0G         0B       8.0G

             total       used       free     shared    buffers     cached
Mem:          2.0G       1.4G       600M       1.5M        39M       295M
-/+ buffers/cache:       1.0G       935M
Swap:         8.0G         0B       8.0G

             total       used       free     shared    buffers     cached
Mem:          2.0G       1.4G       585M       1.5M        39M       295M
-/+ buffers/cache:       1.1G       920M
Swap:         8.0G         0B       8.0G

             total       used       free     shared    buffers     cached
Mem:          2.0G       1.4G       569M       1.5M        39M       295M
-/+ buffers/cache:       1.1G       904M
Swap:         8.0G         0B       8.0G

             total       used       free     shared    buffers     cached
Mem:          2.0G       1.4G       554M       1.5M        39M       295M
-/+ buffers/cache:       1.1G       889M
Swap:         8.0G         0B       8.0G

             total       used       free     shared    buffers     cached
Mem:          2.0G       1.4G       538M       1.5M        39M       295M
-/+ buffers/cache:       1.1G       873M
Swap:         8.0G         0B       8.0G

             total       used       free     shared    buffers     cached
Mem:          2.0G       1.4G       523M       1.5M        39M       295M
-/+ buffers/cache:       1.1G       858M
Swap:         8.0G         0B       8.0G

             total       used       free     shared    buffers     cached
Mem:          2.0G       1.5G       510M       1.5M        39M       295M
-/+ buffers/cache:       1.1G       845M
Swap:         8.0G         0B       8.0G

             total       used       free     shared    buffers     cached
Mem:          2.0G       1.5G       497M       1.5M        39M       295M
-/+ buffers/cache:       1.1G       831M
Swap:         8.0G         0B       8.0G

             total       used       free     shared    buffers     cached
Mem:          2.0G       1.5G       484M       1.5M        39M       295M
-/+ buffers/cache:       1.2G       818M
Swap:         8.0G         0B       8.0G

             total       used       free     shared    buffers     cached
Mem:          2.0G       1.5G       471M       1.5M        39M       295M
-/+ buffers/cache:       1.2G       806M
Swap:         8.0G         0B       8.0G

             total       used       free     shared    buffers     cached
Mem:          2.0G       1.5G       457M       1.5M        39M       295M
-/+ buffers/cache:       1.2G       792M
Swap:         8.0G         0B       8.0G

             total       used       free     shared    buffers     cached
Mem:          2.0G       1.5G       445M       1.5M        39M       295M
-/+ buffers/cache:       1.2G       779M
Swap:         8.0G         0B       8.0G

             total       used       free     shared    buffers     cached
Mem:          2.0G       1.5G       431M       1.5M        39M       295M
-/+ buffers/cache:       1.2G       766M
Swap:         8.0G         0B       8.0G

             total       used       free     shared    buffers     cached
Mem:          2.0G       1.5G       418M       1.5M        39M       295M
-/+ buffers/cache:       1.2G       753M
Swap:         8.0G         0B       8.0G

             total       used       free     shared    buffers     cached
Mem:          2.0G       1.6G       406M       1.5M        39M       295M
-/+ buffers/cache:       1.2G       740M
Swap:         8.0G         0B       8.0G

             total       used       free     shared    buffers     cached
Mem:          2.0G       1.6G       392M       1.5M        39M       295M
-/+ buffers/cache:       1.2G       727M
Swap:         8.0G         0B       8.0G

             total       used       free     shared    buffers     cached
Mem:          2.0G       1.6G       381M       1.5M        39M       295M
-/+ buffers/cache:       1.3G       715M
Swap:         8.0G         0B       8.0G

             total       used       free     shared    buffers     cached
Mem:          2.0G       1.6G       377M       1.5M        39M       295M
-/+ buffers/cache:       1.3G       711M
Swap:         8.0G         0B       8.0G

             total       used       free     shared    buffers     cached
Mem:          2.0G       1.6G       359M       1.5M        39M       295M
-/+ buffers/cache:       1.3G       693M
Swap:         8.0G         0B       8.0G

             total       used       free     shared    buffers     cached
Mem:          2.0G       1.6G       341M       1.5M        39M       295M
-/+ buffers/cache:       1.3G       676M
Swap:         8.0G         0B       8.0G

             total       used       free     shared    buffers     cached
Mem:          2.0G       1.6G       323M       1.5M        39M       295M
-/+ buffers/cache:       1.3G       657M
Swap:         8.0G         0B       8.0G

             total       used       free     shared    buffers     cached
Mem:          2.0G       1.7G       305M       1.5M        39M       295M
-/+ buffers/cache:       1.3G       639M
Swap:         8.0G         0B       8.0G

             total       used       free     shared    buffers     cached
Mem:          2.0G       1.7G       288M       1.5M        39M       295M
-/+ buffers/cache:       1.3G       622M
Swap:         8.0G         0B       8.0G

             total       used       free     shared    buffers     cached
Mem:          2.0G       1.7G       274M       1.5M        39M       295M
-/+ buffers/cache:       1.4G       609M
Swap:         8.0G         0B       8.0G

             total       used       free     shared    buffers     cached
Mem:          2.0G       1.7G       262M       1.5M        39M       295M
-/+ buffers/cache:       1.4G       597M
Swap:         8.0G         0B       8.0G

             total       used       free     shared    buffers     cached
Mem:          2.0G       1.7G       249M       1.5M        39M       295M
-/+ buffers/cache:       1.4G       584M
Swap:         8.0G         0B       8.0G

             total       used       free     shared    buffers     cached
Mem:          2.0G       1.7G       237M       1.5M        39M       295M
-/+ buffers/cache:       1.4G       571M
Swap:         8.0G         0B       8.0G

             total       used       free     shared    buffers     cached
Mem:          2.0G       1.7G       224M       1.5M        39M       295M
-/+ buffers/cache:       1.4G       559M
Swap:         8.0G         0B       8.0G

             total       used       free     shared    buffers     cached
Mem:          2.0G       1.7G       211M       1.5M        39M       295M
-/+ buffers/cache:       1.4G       546M
Swap:         8.0G         0B       8.0G

             total       used       free     shared    buffers     cached
Mem:          2.0G       1.8G       198M       1.5M        39M       295M
-/+ buffers/cache:       1.4G       533M
Swap:         8.0G         0B       8.0G

             total       used       free     shared    buffers     cached
Mem:          2.0G       1.8G       184M       1.5M        39M       295M
-/+ buffers/cache:       1.4G       519M
Swap:         8.0G         0B       8.0G

             total       used       free     shared    buffers     cached
Mem:          2.0G       1.8G       171M       1.5M        39M       295M
-/+ buffers/cache:       1.5G       506M
Swap:         8.0G         0B       8.0G

             total       used       free     shared    buffers     cached
Mem:          2.0G       1.8G       159M       1.5M        39M       295M
-/+ buffers/cache:       1.5G       494M
Swap:         8.0G         0B       8.0G

             total       used       free     shared    buffers     cached
Mem:          2.0G       1.8G       145M       1.5M        39M       295M
-/+ buffers/cache:       1.5G       480M
Swap:         8.0G         0B       8.0G

             total       used       free     shared    buffers     cached
Mem:          2.0G       1.8G       133M       1.5M        39M       295M
-/+ buffers/cache:       1.5G       468M
Swap:         8.0G         0B       8.0G

             total       used       free     shared    buffers     cached
Mem:          2.0G       1.8G       120M       1.5M        39M       295M
-/+ buffers/cache:       1.5G       455M
Swap:         8.0G         0B       8.0G

             total       used       free     shared    buffers     cached
Mem:          2.0G       1.8G       108M       1.5M        39M       295M
-/+ buffers/cache:       1.5G       443M
Swap:         8.0G         0B       8.0G

             total       used       free     shared    buffers     cached
Mem:          2.0G       1.9G        95M       1.5M        39M       295M
-/+ buffers/cache:       1.5G       430M
Swap:         8.0G         0B       8.0G

             total       used       free     shared    buffers     cached
Mem:          2.0G       1.9G        81M       1.5M        39M       295M
-/+ buffers/cache:       1.5G       416M
Swap:         8.0G         0B       8.0G

             total       used       free     shared    buffers     cached
Mem:          2.0G       1.9G        69M       1.5M        39M       295M
-/+ buffers/cache:       1.6G       404M
Swap:         8.0G         0B       8.0G

             total       used       free     shared    buffers     cached
Mem:          2.0G       1.9G        71M       1.5M        21M       293M
-/+ buffers/cache:       1.6G       386M
Swap:         8.0G         0B       8.0G

             total       used       free     shared    buffers     cached
Mem:          2.0G       1.9G        73M       1.5M        11M       285M
-/+ buffers/cache:       1.6G       370M
Swap:         8.0G         0B       8.0G

             total       used       free     shared    buffers     cached
Mem:          2.0G       1.9G        64M       1.4M        11M       276M
-/+ buffers/cache:       1.6G       352M
Swap:         8.0G        72K       8.0G

             total       used       free     shared    buffers     cached
Mem:          2.0G       1.9G        67M       1.3M        10M       257M
-/+ buffers/cache:       1.6G       335M
Swap:         8.0G       1.3M       8.0G

             total       used       free     shared    buffers     cached
Mem:          2.0G       1.9G        76M       1.0M        10M       233M
-/+ buffers/cache:       1.6G       321M
Swap:         8.0G        15M       8.0G

             total       used       free     shared    buffers     cached
Mem:          2.0G       1.9G        81M       1.0M        10M       220M
-/+ buffers/cache:       1.6G       313M
Swap:         8.0G        15M       8.0G

             total       used       free     shared    buffers     cached
Mem:          2.0G       1.9G        68M       1.0M        10M       220M
-/+ buffers/cache:       1.7G       300M
Swap:         8.0G        15M       8.0G

             total       used       free     shared    buffers     cached
Mem:          2.0G       1.9G        79M       1.0M       3.4M       205M
-/+ buffers/cache:       1.7G       287M
Swap:         8.0G        15M       8.0G

             total       used       free     shared    buffers     cached
Mem:          2.0G       1.9G        66M       1.0M       3.4M       205M
-/+ buffers/cache:       1.7G       274M
Swap:         8.0G        15M       8.0G

             total       used       free     shared    buffers     cached
Mem:          2.0G       1.9G        74M       1.0M       1.2M       182M
-/+ buffers/cache:       1.7G       258M
Swap:         8.0G        15M       8.0G

             total       used       free     shared    buffers     cached
Mem:          2.0G       1.9G        81M       1.0M       1.1M       161M
-/+ buffers/cache:       1.7G       243M
Swap:         8.0G        15M       8.0G

             total       used       free     shared    buffers     cached
Mem:          2.0G       1.9G        83M       1.0M       1.1M       141M
-/+ buffers/cache:       1.7G       226M
Swap:         8.0G        15M       8.0G

             total       used       free     shared    buffers     cached
Mem:          2.0G       1.9G        71M       1.0M       1.1M       141M
-/+ buffers/cache:       1.7G       214M
Swap:         8.0G        15M       8.0G

             total       used       free     shared    buffers     cached
Mem:          2.0G       1.9G        75M       1.0M       108K       125M
-/+ buffers/cache:       1.8G       201M
Swap:         8.0G        15M       8.0G

             total       used       free     shared    buffers     cached
Mem:          2.0G       1.9G        79M       1.0M       116K       110M
-/+ buffers/cache:       1.8G       190M
Swap:         8.0G        15M       8.0G

             total       used       free     shared    buffers     cached
Mem:          2.0G       1.9G        65M       1.0M       116K       110M
-/+ buffers/cache:       1.8G       176M
Swap:         8.0G        15M       8.0G

             total       used       free     shared    buffers     cached
Mem:          2.0G       1.9G        65M       1.0M       120K        97M
-/+ buffers/cache:       1.8G       163M
Swap:         8.0G        15M       8.0G

             total       used       free     shared    buffers     cached
Mem:          2.0G       1.9G        75M       1.0M       112K        75M
-/+ buffers/cache:       1.8G       151M
Swap:         8.0G        15M       8.0G

             total       used       free     shared    buffers     cached
Mem:          2.0G       1.9G        81M       1.0M       112K        57M
-/+ buffers/cache:       1.8G       139M
Swap:         8.0G        15M       8.0G

             total       used       free     shared    buffers     cached
Mem:          2.0G       1.9G        68M       1.0M       120K        57M
-/+ buffers/cache:       1.8G       126M
Swap:         8.0G        15M       8.0G

             total       used       free     shared    buffers     cached
Mem:          2.0G       1.9G        68M       1.0M       512K        44M
-/+ buffers/cache:       1.8G       113M
Swap:         8.0G        15M       8.0G

             total       used       free     shared    buffers     cached
Mem:          2.0G       1.9G        73M       1.0M       512K        26M
-/+ buffers/cache:       1.9G       100M
Swap:         8.0G        15M       8.0G

             total       used       free     shared    buffers     cached
Mem:          2.0G       1.9G        76M       1.0M       512K        11M
-/+ buffers/cache:       1.9G        87M
Swap:         8.0G        16M       8.0G

             total       used       free     shared    buffers     cached
Mem:          2.0G       1.9G        61M       608K       112K       1.5M
-/+ buffers/cache:       1.9G        63M
Swap:         8.0G       224M       7.8G

             total       used       free     shared    buffers     cached
Mem:          2.0G       1.9G        74M       604K       216K       5.1M
-/+ buffers/cache:       1.9G        79M
Swap:         8.0G       259M       7.7G

             total       used       free     shared    buffers     cached
Mem:          2.0G       1.9G        67M       604K       216K       6.9M
-/+ buffers/cache:       1.9G        74M
Swap:         8.0G       259M       7.7G

             total       used       free     shared    buffers     cached
Mem:          2.0G       1.9G        81M       604K       204K       7.3M
-/+ buffers/cache:       1.9G        88M
Swap:         8.0G       259M       7.7G

             total       used       free     shared    buffers     cached
Mem:          2.0G       1.9G        68M       604K       496K        11M
-/+ buffers/cache:       1.9G        81M
Swap:         8.0G       258M       7.7G

             total       used       free     shared    buffers     cached
Mem:          2.0G       1.9G        81M       608K       508K        32M
-/+ buffers/cache:       1.8G       114M
Swap:         8.0G       246M       7.8G

             total       used       free     shared    buffers     cached
Mem:          2.0G       1.9G        66M       608K       508K        32M
-/+ buffers/cache:       1.9G        99M
Swap:         8.0G       246M       7.8G

             total       used       free     shared    buffers     cached
Mem:          2.0G       1.9G        93M       608K       368K        27M
-/+ buffers/cache:       1.8G       122M
Swap:         8.0G       246M       7.8G

             total       used       free     shared    buffers     cached
Mem:          2.0G       1.9G        80M       608K       368K        27M
-/+ buffers/cache:       1.8G       109M
Swap:         8.0G       246M       7.8G

             total       used       free     shared    buffers     cached
Mem:          2.0G       1.9G        66M       608K       376K        27M
-/+ buffers/cache:       1.9G        94M
Swap:         8.0G       246M       7.8G

             total       used       free     shared    buffers     cached
Mem:          2.0G       1.9G        67M       608K       376K        27M
-/+ buffers/cache:       1.9G        95M
Swap:         8.0G       246M       7.8G

             total       used       free     shared    buffers     cached
Mem:          2.0G       1.9G        70M       608K       376K        26M
-/+ buffers/cache:       1.9G        98M
Swap:         8.0G       246M       7.8G

             total       used       free     shared    buffers     cached
Mem:          2.0G       1.9G        77M       608K       376K        26M
-/+ buffers/cache:       1.9G       103M
Swap:         8.0G       246M       7.8G

             total       used       free     shared    buffers     cached
Mem:          2.0G       1.9G        77M       608K       100K        10M
-/+ buffers/cache:       1.9G        88M
Swap:         8.0G       287M       7.7G

             total       used       free     shared    buffers     cached
Mem:          2.0G       1.9G        65M       596K       240K        10M
-/+ buffers/cache:       1.9G        76M
Swap:         8.0G       287M       7.7G

             total       used       free     shared    buffers     cached
Mem:          2.0G       1.9G        74M       596K       504K       2.8M
-/+ buffers/cache:       1.9G        77M
Swap:         8.0G       287M       7.7G

             total       used       free     shared    buffers     cached
Mem:          2.0G       1.9G        68M       596K       504K       3.1M
-/+ buffers/cache:       1.9G        71M
Swap:         8.0G       286M       7.7G

             total       used       free     shared    buffers     cached
Mem:          2.0G       1.9G        78M       596K       504K       3.0M
-/+ buffers/cache:       1.9G        82M
Swap:         8.0G       285M       7.7G

             total       used       free     shared    buffers     cached
Mem:          2.0G       1.9G        75M       596K       504K       2.9M
-/+ buffers/cache:       1.9G        78M
Swap:         8.0G       285M       7.7G

             total       used       free     shared    buffers     cached
Mem:          2.0G       1.9G        74M       596K       100K       1.5M
-/+ buffers/cache:       1.9G        76M
Swap:         8.0G       286M       7.7G

             total       used       free     shared    buffers     cached
Mem:          2.0G       1.9G       105M       584K       348K       5.7M
-/+ buffers/cache:       1.8G       111M
Swap:         8.0G       533M       7.5G

             total       used       free     shared    buffers     cached
Mem:          2.0G       1.9G        69M       588K       628K        34M
-/+ buffers/cache:       1.9G       103M
Swap:         8.0G       533M       7.5G

             total       used       free     shared    buffers     cached
Mem:          2.0G       1.9G        79M       588K       600K        28M
-/+ buffers/cache:       1.8G       108M
Swap:         8.0G       533M       7.5G

             total       used       free     shared    buffers     cached
Mem:          2.0G       1.9G        72M       588K       600K        28M
-/+ buffers/cache:       1.9G       102M
Swap:         8.0G       533M       7.5G

             total       used       free     shared    buffers     cached
Mem:          2.0G       1.9G        66M       588K       600K        28M
-/+ buffers/cache:       1.9G        95M
Swap:         8.0G       533M       7.5G

             total       used       free     shared    buffers     cached
Mem:          2.0G       1.9G        82M       588K       608K        27M
-/+ buffers/cache:       1.8G       110M
Swap:         8.0G       533M       7.5G

             total       used       free     shared    buffers     cached
Mem:          2.0G       1.9G        77M       588K       608K        27M
-/+ buffers/cache:       1.8G       105M
Swap:         8.0G       533M       7.5G

             total       used       free     shared    buffers     cached
Mem:          2.0G       1.9G        71M       588K       608K        27M
-/+ buffers/cache:       1.9G        99M
Swap:         8.0G       533M       7.5G

             total       used       free     shared    buffers     cached
Mem:          2.0G       1.9G        70M       588K       608K        27M
-/+ buffers/cache:       1.9G        98M
Swap:         8.0G       532M       7.5G

             total       used       free     shared    buffers     cached
Mem:          2.0G       1.9G        69M       588K       608K        27M
-/+ buffers/cache:       1.9G        97M
Swap:         8.0G       531M       7.5G

             total       used       free     shared    buffers     cached
Mem:          2.0G       1.9G        68M       588K       624K        27M
-/+ buffers/cache:       1.9G        96M
Swap:         8.0G       530M       7.5G

             total       used       free     shared    buffers     cached
Mem:          2.0G       1.9G        81M       588K       624K        31M
-/+ buffers/cache:       1.8G       112M
Swap:         8.0G       525M       7.5G

             total       used       free     shared    buffers     cached
Mem:          2.0G       1.9G        80M       588K       936K        31M
-/+ buffers/cache:       1.8G       112M
Swap:         8.0G       524M       7.5G

             total       used       free     shared    buffers     cached
Mem:          2.0G       1.9G        79M       588K       936K        31M
-/+ buffers/cache:       1.8G       111M
Swap:         8.0G       523M       7.5G

             total       used       free     shared    buffers     cached
Mem:          2.0G       1.9G        78M       588K       936K        31M
-/+ buffers/cache:       1.8G       110M
Swap:         8.0G       522M       7.5G

             total       used       free     shared    buffers     cached
Mem:          2.0G       1.9G        77M       588K       944K        31M
-/+ buffers/cache:       1.8G       109M
Swap:         8.0G       521M       7.5G

             total       used       free     shared    buffers     cached
Mem:          2.0G       1.9G        76M       588K       944K        31M
-/+ buffers/cache:       1.8G       108M
Swap:         8.0G       520M       7.5G

             total       used       free     shared    buffers     cached
Mem:          2.0G       1.9G        75M       588K       944K        31M
-/+ buffers/cache:       1.8G       108M
Swap:         8.0G       519M       7.5G

             total       used       free     shared    buffers     cached
Mem:          2.0G       1.9G        75M       588K       944K        31M
-/+ buffers/cache:       1.8G       107M
Swap:         8.0G       518M       7.5G

             total       used       free     shared    buffers     cached
Mem:          2.0G       1.9G        72M       588K       944K        32M
-/+ buffers/cache:       1.8G       106M
Swap:         8.0G       517M       7.5G

             total       used       free     shared    buffers     cached
Mem:          2.0G       1.9G        76M       592K       3.7M        46M
-/+ buffers/cache:       1.8G       127M
Swap:         8.0G       513M       7.5G

             total       used       free     shared    buffers     cached
Mem:          2.0G       1.9G        69M       1.1M       5.9M        55M
-/+ buffers/cache:       1.8G       131M
Swap:         8.0G       508M       7.5G

             total       used       free     shared    buffers     cached
Mem:          2.0G       1.9G        66M       1.1M       5.9M        56M
-/+ buffers/cache:       1.8G       128M
Swap:         8.0G       507M       7.5G

             total       used       free     shared    buffers     cached
Mem:          2.0G       1.9G        65M       1.1M       5.9M        56M
-/+ buffers/cache:       1.8G       127M
Swap:         8.0G       507M       7.5G

             total       used       free     shared    buffers     cached
Mem:          2.0G       1.9G        64M       1.1M       5.9M        56M
-/+ buffers/cache:       1.8G       127M
Swap:         8.0G       506M       7.5G

             total       used       free     shared    buffers     cached
Mem:          2.0G       1.9G        78M       1.1M       5.9M        55M
-/+ buffers/cache:       1.8G       140M
Swap:         8.0G       506M       7.5G

             total       used       free     shared    buffers     cached
Mem:          2.0G       1.9G        77M       1.1M       5.9M        55M
-/+ buffers/cache:       1.8G       139M
Swap:         8.0G       505M       7.5G

             total       used       free     shared    buffers     cached
Mem:          2.0G       1.9G        77M       1.1M       5.9M        55M
-/+ buffers/cache:       1.8G       138M
Swap:         8.0G       504M       7.5G

             total       used       free     shared    buffers     cached
Mem:          2.0G       1.9G        76M       1.1M       5.9M        55M
-/+ buffers/cache:       1.8G       138M
Swap:         8.0G       504M       7.5G

             total       used       free     shared    buffers     cached
Mem:          2.0G       1.9G        75M       1.1M       5.9M        55M
-/+ buffers/cache:       1.8G       137M
Swap:         8.0G       503M       7.5G

             total       used       free     shared    buffers     cached
Mem:          2.0G       1.9G        75M       1.1M       5.9M        55M
-/+ buffers/cache:       1.8G       136M
Swap:         8.0G       503M       7.5G

             total       used       free     shared    buffers     cached
Mem:          2.0G       1.9G        74M       1.1M       5.9M        55M
-/+ buffers/cache:       1.8G       136M
Swap:         8.0G       502M       7.5G

             total       used       free     shared    buffers     cached
Mem:          2.0G       1.9G        73M       1.1M       5.9M        55M
-/+ buffers/cache:       1.8G       135M
Swap:         8.0G       502M       7.5G

             total       used       free     shared    buffers     cached
Mem:          2.0G       1.9G        73M       1.1M       5.9M        55M
-/+ buffers/cache:       1.8G       134M
Swap:         8.0G       501M       7.5G

             total       used       free     shared    buffers     cached
Mem:          2.0G       1.9G        72M       1.1M       5.9M        55M
-/+ buffers/cache:       1.8G       134M
Swap:         8.0G       501M       7.5G

             total       used       free     shared    buffers     cached
Mem:          2.0G       1.9G        71M       1.1M       5.9M        55M
-/+ buffers/cache:       1.8G       133M
Swap:         8.0G       500M       7.5G

             total       used       free     shared    buffers     cached
Mem:          2.0G       1.9G        71M       1.1M       5.9M        55M
-/+ buffers/cache:       1.8G       132M
Swap:         8.0G       500M       7.5G

             total       used       free     shared    buffers     cached
Mem:          2.0G       1.9G        70M       1.1M       5.9M        55M
-/+ buffers/cache:       1.8G       132M
Swap:         8.0G       500M       7.5G

             total       used       free     shared    buffers     cached
Mem:          2.0G       1.9G        69M       1.1M       5.9M        55M
-/+ buffers/cache:       1.8G       131M
Swap:         8.0G       499M       7.5G

             total       used       free     shared    buffers     cached
Mem:          2.0G       1.9G        69M       1.1M       5.9M        55M
-/+ buffers/cache:       1.8G       131M
Swap:         8.0G       499M       7.5G

             total       used       free     shared    buffers     cached
Mem:          2.0G       1.9G        68M       1.1M       5.9M        55M
-/+ buffers/cache:       1.8G       130M
Swap:         8.0G       498M       7.5G

             total       used       free     shared    buffers     cached
Mem:          2.0G       1.9G        68M       1.1M       5.9M        55M
-/+ buffers/cache:       1.8G       129M
Swap:         8.0G       498M       7.5G

             total       used       free     shared    buffers     cached
Mem:          2.0G       1.9G        67M       1.1M       5.9M        55M
-/+ buffers/cache:       1.8G       129M
Swap:         8.0G       497M       7.5G

             total       used       free     shared    buffers     cached
Mem:          2.0G       1.9G        66M       1.1M       6.0M        55M
-/+ buffers/cache:       1.8G       128M
Swap:         8.0G       497M       7.5G

             total       used       free     shared    buffers     cached
Mem:          2.0G       1.9G        66M       1.1M       6.0M        55M
-/+ buffers/cache:       1.8G       128M
Swap:         8.0G       496M       7.5G

             total       used       free     shared    buffers     cached
Mem:          2.0G       1.9G        65M       1.1M       6.0M        55M
-/+ buffers/cache:       1.8G       127M
Swap:         8.0G       496M       7.5G

             total       used       free     shared    buffers     cached
Mem:          2.0G       1.9G        65M       1.1M       6.0M        55M
-/+ buffers/cache:       1.8G       126M
Swap:         8.0G       495M       7.5G

             total       used       free     shared    buffers     cached
Mem:          2.0G       1.9G        78M       1.1M       6.0M        55M
-/+ buffers/cache:       1.8G       139M
Swap:         8.0G       495M       7.5G

             total       used       free     shared    buffers     cached
Mem:          2.0G       1.9G        78M       1.1M       6.0M        55M
-/+ buffers/cache:       1.8G       139M
Swap:         8.0G       494M       7.5G

             total       used       free     shared    buffers     cached
Mem:          2.0G       1.9G        77M       1.1M       6.0M        55M
-/+ buffers/cache:       1.8G       138M
Swap:         8.0G       494M       7.5G

             total       used       free     shared    buffers     cached
Mem:          2.0G       1.9G        76M       1.1M       6.0M        55M
-/+ buffers/cache:       1.8G       137M
Swap:         8.0G       493M       7.5G

             total       used       free     shared    buffers     cached
Mem:          2.0G       1.9G        76M       1.1M       6.0M        55M
-/+ buffers/cache:       1.8G       137M
Swap:         8.0G       493M       7.5G

             total       used       free     shared    buffers     cached
Mem:          2.0G       1.9G        75M       1.1M       6.0M        55M
-/+ buffers/cache:       1.8G       136M
Swap:         8.0G       493M       7.5G

             total       used       free     shared    buffers     cached
Mem:          2.0G       1.9G        74M       1.1M       6.0M        55M
-/+ buffers/cache:       1.8G       135M
Swap:         8.0G       492M       7.5G

             total       used       free     shared    buffers     cached
Mem:          2.0G       1.9G        74M       1.1M       6.0M        55M
-/+ buffers/cache:       1.8G       135M
Swap:         8.0G       491M       7.5G

             total       used       free     shared    buffers     cached
Mem:          2.0G       1.9G        73M       1.1M       6.0M        55M
-/+ buffers/cache:       1.8G       134M
Swap:         8.0G       491M       7.5G

             total       used       free     shared    buffers     cached
Mem:          2.0G       1.9G        72M       1.1M       6.0M        55M
-/+ buffers/cache:       1.8G       134M
Swap:         8.0G       491M       7.5G

             total       used       free     shared    buffers     cached
Mem:          2.0G       1.9G        72M       1.1M       6.0M        55M
-/+ buffers/cache:       1.8G       133M
Swap:         8.0G       490M       7.5G

             total       used       free     shared    buffers     cached
Mem:          2.0G       1.9G        71M       1.1M       6.0M        55M
-/+ buffers/cache:       1.8G       132M
Swap:         8.0G       490M       7.5G

             total       used       free     shared    buffers     cached
Mem:          2.0G       1.9G        70M       1.1M       6.0M        55M
-/+ buffers/cache:       1.8G       132M
Swap:         8.0G       489M       7.5G

             total       used       free     shared    buffers     cached
Mem:          2.0G       1.9G        70M       1.1M       6.0M        55M
-/+ buffers/cache:       1.8G       131M
Swap:         8.0G       489M       7.5G

             total       used       free     shared    buffers     cached
Mem:          2.0G       1.9G        69M       1.1M       6.0M        55M
-/+ buffers/cache:       1.8G       130M
Swap:         8.0G       488M       7.5G

             total       used       free     shared    buffers     cached
Mem:          2.0G       1.9G        69M       1.1M       6.0M        55M
-/+ buffers/cache:       1.8G       130M
Swap:         8.0G       488M       7.5G

             total       used       free     shared    buffers     cached
Mem:          2.0G       1.9G        68M       1.1M       6.0M        55M
-/+ buffers/cache:       1.8G       129M
Swap:         8.0G       487M       7.5G

             total       used       free     shared    buffers     cached
Mem:          2.0G       1.9G        67M       1.1M       6.0M        55M
-/+ buffers/cache:       1.8G       129M
Swap:         8.0G       487M       7.5G

             total       used       free     shared    buffers     cached
Mem:          2.0G       1.9G        67M       1.1M       6.0M        55M
-/+ buffers/cache:       1.8G       128M
Swap:         8.0G       486M       7.5G

             total       used       free     shared    buffers     cached
Mem:          2.0G       1.9G        66M       1.1M       6.0M        55M
-/+ buffers/cache:       1.8G       127M
Swap:         8.0G       486M       7.5G

             total       used       free     shared    buffers     cached
Mem:          2.0G       1.9G        65M       1.1M       6.0M        55M
-/+ buffers/cache:       1.8G       127M
Swap:         8.0G       485M       7.5G

             total       used       free     shared    buffers     cached
Mem:          2.0G       1.9G        65M       1.1M       6.0M        55M
-/+ buffers/cache:       1.8G       126M
Swap:         8.0G       485M       7.5G

             total       used       free     shared    buffers     cached
Mem:          2.0G       1.9G        77M       1.1M       6.0M        54M
-/+ buffers/cache:       1.8G       137M
Swap:         8.0G       484M       7.5G

             total       used       free     shared    buffers     cached
Mem:          2.0G       1.9G        77M       1.1M       6.0M        54M
-/+ buffers/cache:       1.8G       137M
Swap:         8.0G       484M       7.5G

             total       used       free     shared    buffers     cached
Mem:          2.0G       1.9G        76M       1.1M       6.0M        54M
-/+ buffers/cache:       1.8G       136M
Swap:         8.0G       483M       7.5G

             total       used       free     shared    buffers     cached
Mem:          2.0G       1.9G        76M       1.1M       6.0M        54M
-/+ buffers/cache:       1.8G       136M
Swap:         8.0G       483M       7.5G

             total       used       free     shared    buffers     cached
Mem:          2.0G       1.9G        75M       1.1M       6.0M        54M
-/+ buffers/cache:       1.8G       135M
Swap:         8.0G       483M       7.5G

             total       used       free     shared    buffers     cached
Mem:          2.0G       1.9G        74M       1.1M       6.0M        54M
-/+ buffers/cache:       1.8G       134M
Swap:         8.0G       482M       7.5G

             total       used       free     shared    buffers     cached
Mem:          2.0G       1.9G        73M       1.1M       6.0M        54M
-/+ buffers/cache:       1.8G       134M
Swap:         8.0G       482M       7.5G

             total       used       free     shared    buffers     cached
Mem:          2.0G       1.9G        73M       1.1M       6.0M        54M
-/+ buffers/cache:       1.8G       133M
Swap:         8.0G       481M       7.5G

             total       used       free     shared    buffers     cached
Mem:          2.0G       1.9G        83M       1.1M       7.8M        60M
-/+ buffers/cache:       1.8G       151M
Swap:         8.0G       483M       7.5G

             total       used       free     shared    buffers     cached
Mem:          2.0G       1.9G        65M       1.1M       6.0M        81M
-/+ buffers/cache:       1.8G       152M
Swap:         8.0G       509M       7.5G

             total       used       free     shared    buffers     cached
Mem:          2.0G       1.9G        83M       1.1M       2.1M        77M
-/+ buffers/cache:       1.8G       162M
Swap:         8.0G       508M       7.5G

             total       used       free     shared    buffers     cached
Mem:          2.0G       1.9G        77M       1.1M       2.1M        79M
-/+ buffers/cache:       1.8G       158M
Swap:         8.0G       506M       7.5G

             total       used       free     shared    buffers     cached
Mem:          2.0G       1.9G        75M       1.1M       2.1M        79M
-/+ buffers/cache:       1.8G       157M
Swap:         8.0G       505M       7.5G

             total       used       free     shared    buffers     cached
Mem:          2.0G       1.9G        71M       1.1M       2.1M        81M
-/+ buffers/cache:       1.8G       155M
Swap:         8.0G       504M       7.5G

             total       used       free     shared    buffers     cached
Mem:          2.0G       1.9G        71M       1.1M       2.1M        81M
-/+ buffers/cache:       1.8G       154M
Swap:         8.0G       504M       7.5G

             total       used       free     shared    buffers     cached
Mem:          2.0G       1.9G        70M       1.1M       2.1M        81M
-/+ buffers/cache:       1.8G       154M
Swap:         8.0G       503M       7.5G

             total       used       free     shared    buffers     cached
Mem:          2.0G       1.9G        70M       1.1M       2.1M        81M
-/+ buffers/cache:       1.8G       153M
Swap:         8.0G       503M       7.5G

             total       used       free     shared    buffers     cached
Mem:          2.0G       1.9G        69M       1.1M       2.1M        81M
-/+ buffers/cache:       1.8G       153M
Swap:         8.0G       503M       7.5G

             total       used       free     shared    buffers     cached
Mem:          2.0G       1.9G        69M       1.1M       2.1M        81M
-/+ buffers/cache:       1.8G       153M
Swap:         8.0G       503M       7.5G

             total       used       free     shared    buffers     cached
Mem:          2.0G       1.9G        69M       1.1M       2.1M        81M
-/+ buffers/cache:       1.8G       152M
Swap:         8.0G       502M       7.5G

             total       used       free     shared    buffers     cached
Mem:          2.0G       1.9G        68M       1.1M       2.1M        81M
-/+ buffers/cache:       1.8G       152M
Swap:         8.0G       502M       7.5G

             total       used       free     shared    buffers     cached
Mem:          2.0G       1.9G        68M       1.1M       2.1M        81M
-/+ buffers/cache:       1.8G       152M
Swap:         8.0G       502M       7.5G

             total       used       free     shared    buffers     cached
Mem:          2.0G       1.9G        67M       1.1M       2.1M        81M
-/+ buffers/cache:       1.8G       151M
Swap:         8.0G       502M       7.5G

             total       used       free     shared    buffers     cached
Mem:          2.0G       1.9G        79M       1.2M       2.5M        84M
-/+ buffers/cache:       1.8G       165M
Swap:         8.0G       499M       7.5G

             total       used       free     shared    buffers     cached
Mem:          2.0G       1.9G        75M       4.9M       4.6M        87M
-/+ buffers/cache:       1.8G       168M
Swap:         8.0G       521M       7.5G

             total       used       free     shared    buffers     cached
Mem:          2.0G       1.9G        76M       4.9M       4.2M        96M
-/+ buffers/cache:       1.8G       177M
Swap:         8.0G       525M       7.5G

             total       used       free     shared    buffers     cached
Mem:          2.0G       1.9G        75M       1.2M       3.3M        85M
-/+ buffers/cache:       1.8G       164M
Swap:         8.0G       519M       7.5G

             total       used       free     shared    buffers     cached
Mem:          2.0G       1.9G        75M       1.2M       3.3M        85M
-/+ buffers/cache:       1.8G       164M
Swap:         8.0G       519M       7.5G

             total       used       free     shared    buffers     cached
Mem:          2.0G       1.9G        74M       1.2M       3.3M        85M
-/+ buffers/cache:       1.8G       164M
Swap:         8.0G       518M       7.5G

             total       used       free     shared    buffers     cached
Mem:          2.0G       1.9G        74M       1.2M       3.3M        85M
-/+ buffers/cache:       1.8G       163M
Swap:         8.0G       518M       7.5G

             total       used       free     shared    buffers     cached
Mem:          2.0G       1.9G        73M       1.2M       3.3M        85M
-/+ buffers/cache:       1.8G       162M
Swap:         8.0G       517M       7.5G

             total       used       free     shared    buffers     cached
Mem:          2.0G       1.9G        71M       1.2M       3.4M        86M
-/+ buffers/cache:       1.8G       161M
Swap:         8.0G       517M       7.5G

             total       used       free     shared    buffers     cached
Mem:          2.0G       1.9G        70M       1.2M       3.4M        86M
-/+ buffers/cache:       1.8G       160M
Swap:         8.0G       516M       7.5G

             total       used       free     shared    buffers     cached
Mem:          2.0G       1.9G        69M       1.2M       3.4M        86M
-/+ buffers/cache:       1.8G       159M
Swap:         8.0G       516M       7.5G

             total       used       free     shared    buffers     cached
Mem:          2.0G       1.9G        68M       1.2M       3.4M        86M
-/+ buffers/cache:       1.8G       159M
Swap:         8.0G       516M       7.5G

             total       used       free     shared    buffers     cached
Mem:          2.0G       1.9G        68M       1.2M       3.4M        86M
-/+ buffers/cache:       1.8G       158M
Swap:         8.0G       515M       7.5G

             total       used       free     shared    buffers     cached
Mem:          2.0G       1.9G        67M       1.2M       3.5M        86M
-/+ buffers/cache:       1.8G       157M
Swap:         8.0G       514M       7.5G

             total       used       free     shared    buffers     cached
Mem:          2.0G       1.9G        66M       1.2M       3.5M        86M
-/+ buffers/cache:       1.8G       156M
Swap:         8.0G       514M       7.5G

             total       used       free     shared    buffers     cached
Mem:          2.0G       1.9G        65M       1.2M       3.5M        86M
-/+ buffers/cache:       1.8G       155M
Swap:         8.0G       513M       7.5G

             total       used       free     shared    buffers     cached
Mem:          2.0G       1.9G        77M       1.2M       3.5M        75M
-/+ buffers/cache:       1.8G       156M
Swap:         8.0G       565M       7.4G

             total       used       free     shared    buffers     cached
Mem:          2.0G       1.9G        80M       1.2M       3.5M        75M
-/+ buffers/cache:       1.8G       159M
Swap:         8.0G       565M       7.4G

             total       used       free     shared    buffers     cached
Mem:          2.0G       1.9G        79M       1.2M       3.5M        75M
-/+ buffers/cache:       1.8G       158M
Swap:         8.0G       565M       7.4G

             total       used       free     shared    buffers     cached
Mem:          2.0G       1.9G        78M       1.2M       3.5M        75M
-/+ buffers/cache:       1.8G       157M
Swap:         8.0G       564M       7.4G

             total       used       free     shared    buffers     cached
Mem:          2.0G       1.9G        77M       1.2M       3.5M        75M
-/+ buffers/cache:       1.8G       157M
Swap:         8.0G       564M       7.4G

             total       used       free     shared    buffers     cached
Mem:          2.0G       1.9G        77M       1.2M       3.5M        75M
-/+ buffers/cache:       1.8G       156M
Swap:         8.0G       563M       7.4G

             total       used       free     shared    buffers     cached
Mem:          2.0G       1.9G        76M       1.2M       3.5M        75M
-/+ buffers/cache:       1.8G       155M
Swap:         8.0G       562M       7.4G

             total       used       free     shared    buffers     cached
Mem:          2.0G       1.9G        75M       1.2M       3.5M        75M
-/+ buffers/cache:       1.8G       154M
Swap:         8.0G       562M       7.4G

             total       used       free     shared    buffers     cached
Mem:          2.0G       1.9G        74M       1.2M       3.5M        76M
-/+ buffers/cache:       1.8G       154M
Swap:         8.0G       561M       7.4G

             total       used       free     shared    buffers     cached
Mem:          2.0G       1.9G        73M       1.2M       3.5M        76M
-/+ buffers/cache:       1.8G       153M
Swap:         8.0G       561M       7.4G

             total       used       free     shared    buffers     cached
Mem:          2.0G       1.9G        72M       1.2M       3.5M        76M
-/+ buffers/cache:       1.8G       152M
Swap:         8.0G       560M       7.4G

             total       used       free     shared    buffers     cached
Mem:          2.0G       1.9G        72M       1.2M       3.5M        76M
-/+ buffers/cache:       1.8G       151M
Swap:         8.0G       560M       7.5G

             total       used       free     shared    buffers     cached
Mem:          2.0G       1.9G        71M       1.2M       3.5M        76M
-/+ buffers/cache:       1.8G       150M
Swap:         8.0G       559M       7.5G

             total       used       free     shared    buffers     cached
Mem:          2.0G       1.9G        70M       1.2M       3.5M        76M
-/+ buffers/cache:       1.8G       150M
Swap:         8.0G       558M       7.5G

             total       used       free     shared    buffers     cached
Mem:          2.0G       1.9G        69M       1.2M       3.5M        76M
-/+ buffers/cache:       1.8G       149M
Swap:         8.0G       558M       7.5G

             total       used       free     shared    buffers     cached
Mem:          2.0G       1.9G        68M       1.2M       3.5M        76M
-/+ buffers/cache:       1.8G       148M
Swap:         8.0G       557M       7.5G

             total       used       free     shared    buffers     cached
Mem:          2.0G       1.9G        67M       1.2M       3.5M        76M
-/+ buffers/cache:       1.8G       147M
Swap:         8.0G       557M       7.5G

             total       used       free     shared    buffers     cached
Mem:          2.0G       1.9G        66M       1.2M       3.5M        76M
-/+ buffers/cache:       1.8G       146M
Swap:         8.0G       556M       7.5G

             total       used       free     shared    buffers     cached
Mem:          2.0G       1.9G        66M       1.2M       3.5M        76M
-/+ buffers/cache:       1.8G       145M
Swap:         8.0G       555M       7.5G

             total       used       free     shared    buffers     cached
Mem:          2.0G       1.9G        65M       1.2M       3.5M        76M
-/+ buffers/cache:       1.8G       145M
Swap:         8.0G       555M       7.5G

             total       used       free     shared    buffers     cached
Mem:          2.0G       1.9G        81M       1.2M       3.4M        73M
-/+ buffers/cache:       1.8G       158M
Swap:         8.0G       554M       7.5G

             total       used       free     shared    buffers     cached
Mem:          2.0G       1.9G        80M       1.2M       6.9M        85M
-/+ buffers/cache:       1.8G       172M
Swap:         8.0G       552M       7.5G
