             total       used       free     shared    buffers     cached
Mem:          992M       657M       334M       3.2M        38M       289M
-/+ buffers/cache:       330M       662M
Swap:         8.0G         0B       8.0G

             total       used       free     shared    buffers     cached
Mem:          992M       656M       335M       1.4M        38M       287M
-/+ buffers/cache:       330M       661M
Swap:         8.0G         0B       8.0G

             total       used       free     shared    buffers     cached
Mem:          992M       656M       335M       1.4M        38M       287M
-/+ buffers/cache:       330M       662M
Swap:         8.0G         0B       8.0G

             total       used       free     shared    buffers     cached
Mem:          992M       656M       335M       1.4M        38M       287M
-/+ buffers/cache:       330M       662M
Swap:         8.0G         0B       8.0G

             total       used       free     shared    buffers     cached
Mem:          992M       656M       335M       1.4M        38M       287M
-/+ buffers/cache:       330M       662M
Swap:         8.0G         0B       8.0G

             total       used       free     shared    buffers     cached
Mem:          992M       656M       335M       1.4M        38M       287M
-/+ buffers/cache:       330M       662M
Swap:         8.0G         0B       8.0G

             total       used       free     shared    buffers     cached
Mem:          992M       656M       335M       1.4M        38M       287M
-/+ buffers/cache:       329M       662M
Swap:         8.0G         0B       8.0G

             total       used       free     shared    buffers     cached
Mem:          992M       656M       336M       1.4M        38M       288M
-/+ buffers/cache:       329M       662M
Swap:         8.0G         0B       8.0G

             total       used       free     shared    buffers     cached
Mem:          992M       659M       332M       1.4M        38M       288M
-/+ buffers/cache:       332M       659M
Swap:         8.0G         0B       8.0G

             total       used       free     shared    buffers     cached
Mem:          992M       667M       324M       1.4M        38M       288M
-/+ buffers/cache:       340M       651M
Swap:         8.0G         0B       8.0G

             total       used       free     shared    buffers     cached
Mem:          992M       688M       303M       1.4M        38M       288M
-/+ buffers/cache:       361M       630M
Swap:         8.0G         0B       8.0G

             total       used       free     shared    buffers     cached
Mem:          992M       664M       327M       1.4M        38M       289M
-/+ buffers/cache:       336M       655M
Swap:         8.0G         0B       8.0G

             total       used       free     shared    buffers     cached
Mem:          992M       672M       319M       1.4M        38M       289M
-/+ buffers/cache:       344M       647M
Swap:         8.0G         0B       8.0G

             total       used       free     shared    buffers     cached
Mem:          992M       665M       326M       1.4M        38M       289M
-/+ buffers/cache:       337M       654M
Swap:         8.0G         0B       8.0G

             total       used       free     shared    buffers     cached
Mem:          992M       665M       326M       1.4M        38M       289M
-/+ buffers/cache:       337M       654M
Swap:         8.0G         0B       8.0G

             total       used       free     shared    buffers     cached
Mem:          992M       665M       326M       1.4M        38M       289M
-/+ buffers/cache:       337M       654M
Swap:         8.0G         0B       8.0G

             total       used       free     shared    buffers     cached
Mem:          992M       665M       326M       1.4M        38M       289M
-/+ buffers/cache:       337M       654M
Swap:         8.0G         0B       8.0G

             total       used       free     shared    buffers     cached
Mem:          992M       665M       326M       1.4M        38M       289M
-/+ buffers/cache:       337M       654M
Swap:         8.0G         0B       8.0G

             total       used       free     shared    buffers     cached
Mem:          992M       665M       326M       1.4M        38M       289M
-/+ buffers/cache:       337M       654M
Swap:         8.0G         0B       8.0G

             total       used       free     shared    buffers     cached
Mem:          992M       665M       326M       1.4M        38M       289M
-/+ buffers/cache:       337M       654M
Swap:         8.0G         0B       8.0G

             total       used       free     shared    buffers     cached
Mem:          992M       665M       326M       1.4M        38M       289M
-/+ buffers/cache:       337M       654M
Swap:         8.0G         0B       8.0G

             total       used       free     shared    buffers     cached
Mem:          992M       665M       326M       1.4M        38M       289M
-/+ buffers/cache:       337M       654M
Swap:         8.0G         0B       8.0G

             total       used       free     shared    buffers     cached
Mem:          992M       665M       326M       1.4M        38M       289M
-/+ buffers/cache:       337M       654M
Swap:         8.0G         0B       8.0G

             total       used       free     shared    buffers     cached
Mem:          992M       665M       326M       1.4M        38M       289M
-/+ buffers/cache:       337M       654M
Swap:         8.0G         0B       8.0G

             total       used       free     shared    buffers     cached
Mem:          992M       665M       326M       1.4M        38M       289M
-/+ buffers/cache:       337M       654M
Swap:         8.0G         0B       8.0G

             total       used       free     shared    buffers     cached
Mem:          992M       665M       326M       1.4M        38M       289M
-/+ buffers/cache:       337M       654M
Swap:         8.0G         0B       8.0G

             total       used       free     shared    buffers     cached
Mem:          992M       665M       326M       1.4M        38M       289M
-/+ buffers/cache:       337M       654M
Swap:         8.0G         0B       8.0G

             total       used       free     shared    buffers     cached
Mem:          992M       665M       326M       1.4M        38M       289M
-/+ buffers/cache:       337M       654M
Swap:         8.0G         0B       8.0G

             total       used       free     shared    buffers     cached
Mem:          992M       665M       326M       1.4M        38M       289M
-/+ buffers/cache:       337M       654M
Swap:         8.0G         0B       8.0G

             total       used       free     shared    buffers     cached
Mem:          992M       665M       326M       1.4M        38M       289M
-/+ buffers/cache:       337M       654M
Swap:         8.0G         0B       8.0G

             total       used       free     shared    buffers     cached
Mem:          992M       665M       326M       1.4M        38M       289M
-/+ buffers/cache:       337M       654M
Swap:         8.0G         0B       8.0G

             total       used       free     shared    buffers     cached
Mem:          992M       665M       326M       1.4M        38M       289M
-/+ buffers/cache:       337M       654M
Swap:         8.0G         0B       8.0G

             total       used       free     shared    buffers     cached
Mem:          992M       665M       326M       1.4M        38M       289M
-/+ buffers/cache:       337M       654M
Swap:         8.0G         0B       8.0G

             total       used       free     shared    buffers     cached
Mem:          992M       673M       318M       1.4M        38M       289M
-/+ buffers/cache:       344M       647M
Swap:         8.0G         0B       8.0G

             total       used       free     shared    buffers     cached
Mem:          992M       689M       302M       1.4M        38M       289M
-/+ buffers/cache:       360M       631M
Swap:         8.0G         0B       8.0G

             total       used       free     shared    buffers     cached
Mem:          992M       705M       286M       1.4M        38M       289M
-/+ buffers/cache:       376M       615M
Swap:         8.0G         0B       8.0G

             total       used       free     shared    buffers     cached
Mem:          992M       720M       272M       1.4M        38M       289M
-/+ buffers/cache:       391M       600M
Swap:         8.0G         0B       8.0G

             total       used       free     shared    buffers     cached
Mem:          992M       735M       256M       1.4M        38M       289M
-/+ buffers/cache:       406M       585M
Swap:         8.0G         0B       8.0G

             total       used       free     shared    buffers     cached
Mem:          992M       751M       240M       1.4M        38M       289M
-/+ buffers/cache:       422M       569M
Swap:         8.0G         0B       8.0G

             total       used       free     shared    buffers     cached
Mem:          992M       768M       223M       1.4M        38M       289M
-/+ buffers/cache:       439M       552M
Swap:         8.0G         0B       8.0G

             total       used       free     shared    buffers     cached
Mem:          992M       781M       210M       1.4M        38M       289M
-/+ buffers/cache:       453M       538M
Swap:         8.0G         0B       8.0G

             total       used       free     shared    buffers     cached
Mem:          992M       795M       196M       1.4M        38M       289M
-/+ buffers/cache:       467M       524M
Swap:         8.0G         0B       8.0G

             total       used       free     shared    buffers     cached
Mem:          992M       809M       182M       1.4M        38M       289M
-/+ buffers/cache:       481M       510M
Swap:         8.0G         0B       8.0G

             total       used       free     shared    buffers     cached
Mem:          992M       826M       166M       1.4M        38M       289M
-/+ buffers/cache:       497M       494M
Swap:         8.0G         0B       8.0G

             total       used       free     shared    buffers     cached
Mem:          992M       840M       151M       1.4M        38M       289M
-/+ buffers/cache:       512M       479M
Swap:         8.0G         0B       8.0G

             total       used       free     shared    buffers     cached
Mem:          992M       853M       138M       1.4M        38M       289M
-/+ buffers/cache:       525M       466M
Swap:         8.0G         0B       8.0G

             total       used       free     shared    buffers     cached
Mem:          992M       867M       124M       1.4M        38M       289M
-/+ buffers/cache:       539M       452M
Swap:         8.0G         0B       8.0G

             total       used       free     shared    buffers     cached
Mem:          992M       884M       108M       1.4M        38M       289M
-/+ buffers/cache:       555M       436M
Swap:         8.0G         0B       8.0G

             total       used       free     shared    buffers     cached
Mem:          992M       896M        96M       1.4M        38M       289M
-/+ buffers/cache:       567M       424M
Swap:         8.0G         0B       8.0G

             total       used       free     shared    buffers     cached
Mem:          992M       911M        81M       1.4M        38M       289M
-/+ buffers/cache:       582M       409M
Swap:         8.0G         0B       8.0G

             total       used       free     shared    buffers     cached
Mem:          992M       926M        66M       1.4M        38M       289M
-/+ buffers/cache:       597M       394M
Swap:         8.0G         0B       8.0G

             total       used       free     shared    buffers     cached
Mem:          992M       918M        73M       1.4M        17M       288M
-/+ buffers/cache:       613M       379M
Swap:         8.0G         0B       8.0G

             total       used       free     shared    buffers     cached
Mem:          992M       918M        73M       1.4M        10M       279M
-/+ buffers/cache:       628M       363M
Swap:         8.0G         0B       8.0G

             total       used       free     shared    buffers     cached
Mem:          992M       919M        72M       1.4M       9.7M       263M
-/+ buffers/cache:       646M       345M
Swap:         8.0G       112K       8.0G

             total       used       free     shared    buffers     cached
Mem:          992M       916M        75M       1.3M       9.7M       243M
-/+ buffers/cache:       663M       328M
Swap:         8.0G       720K       8.0G

             total       used       free     shared    buffers     cached
Mem:          992M       918M        73M       1.1M       9.7M       230M
-/+ buffers/cache:       678M       313M
Swap:         8.0G       5.3M       8.0G

             total       used       free     shared    buffers     cached
Mem:          992M       897M        94M       1.1M       3.8M       205M
-/+ buffers/cache:       688M       303M
Swap:         8.0G       9.6M       8.0G

             total       used       free     shared    buffers     cached
Mem:          992M       911M        80M       1.1M       3.8M       205M
-/+ buffers/cache:       702M       289M
Swap:         8.0G       9.6M       8.0G

             total       used       free     shared    buffers     cached
Mem:          992M       925M        66M       1.1M       3.8M       205M
-/+ buffers/cache:       716M       275M
Swap:         8.0G       9.6M       8.0G

             total       used       free     shared    buffers     cached
Mem:          992M       927M        64M       1.1M       2.1M       194M
-/+ buffers/cache:       731M       260M
Swap:         8.0G       9.6M       8.0G

             total       used       free     shared    buffers     cached
Mem:          992M       929M        62M       1.1M       704K       182M
-/+ buffers/cache:       746M       246M
Swap:         8.0G       9.6M       8.0G

             total       used       free     shared    buffers     cached
Mem:          992M       921M        70M       1.1M       208K       161M
-/+ buffers/cache:       760M       232M
Swap:         8.0G       9.6M       8.0G

             total       used       free     shared    buffers     cached
Mem:          992M       917M        75M       1.1M       424K       142M
-/+ buffers/cache:       774M       217M
Swap:         8.0G       9.6M       8.0G

             total       used       free     shared    buffers     cached
Mem:          992M       923M        69M       1.1M       424K       142M
-/+ buffers/cache:       780M       211M
Swap:         8.0G       9.6M       8.0G

             total       used       free     shared    buffers     cached
Mem:          992M       921M        71M       1.1M       264K       125M
-/+ buffers/cache:       795M       196M
Swap:         8.0G       9.6M       8.0G

             total       used       free     shared    buffers     cached
Mem:          992M       920M        72M       1.1M       272K       110M
-/+ buffers/cache:       809M       182M
Swap:         8.0G       9.6M       8.0G

             total       used       free     shared    buffers     cached
Mem:          992M       920M        71M       1.1M       272K        97M
-/+ buffers/cache:       822M       169M
Swap:         8.0G       9.6M       8.0G

             total       used       free     shared    buffers     cached
Mem:          992M       924M        67M       1.1M       280K        87M
-/+ buffers/cache:       837M       154M
Swap:         8.0G       9.6M       8.0G

             total       used       free     shared    buffers     cached
Mem:          992M       926M        65M       1.1M       1.8M        72M
-/+ buffers/cache:       852M       139M
Swap:         8.0G       9.6M       8.0G

             total       used       free     shared    buffers     cached
Mem:          992M       917M        74M       1.1M       2.7M        46M
-/+ buffers/cache:       868M       124M
Swap:         8.0G       9.6M       8.0G

             total       used       free     shared    buffers     cached
Mem:          992M       915M        76M       1.1M       2.7M        30M
-/+ buffers/cache:       882M       109M
Swap:         8.0G       9.6M       8.0G

             total       used       free     shared    buffers     cached
Mem:          992M       916M        75M       1.1M       2.7M        18M
-/+ buffers/cache:       895M        97M
Swap:         8.0G        11M       8.0G

             total       used       free     shared    buffers     cached
Mem:          992M       930M        62M       980K       100K        26M
-/+ buffers/cache:       903M        88M
Swap:         8.0G        19M       8.0G

             total       used       free     shared    buffers     cached
Mem:          992M       925M        66M       680K       820K        21M
-/+ buffers/cache:       903M        88M
Swap:         8.0G        42M       8.0G

             total       used       free     shared    buffers     cached
Mem:          992M       927M        64M       680K       820K        17M
-/+ buffers/cache:       909M        82M
Swap:         8.0G        42M       8.0G

             total       used       free     shared    buffers     cached
Mem:          992M       928M        63M       680K       484K       6.2M
-/+ buffers/cache:       922M        69M
Swap:         8.0G        42M       8.0G

             total       used       free     shared    buffers     cached
Mem:          992M       930M        61M       676K       484K       3.2M
-/+ buffers/cache:       926M        65M
Swap:         8.0G        55M       7.9G

             total       used       free     shared    buffers     cached
Mem:          992M       930M        61M       664K       484K       2.7M
-/+ buffers/cache:       927M        64M
Swap:         8.0G        71M       7.9G

             total       used       free     shared    buffers     cached
Mem:          992M       919M        72M       652K       228K       2.7M
-/+ buffers/cache:       916M        75M
Swap:         8.0G        95M       7.9G

             total       used       free     shared    buffers     cached
Mem:          992M       914M        77M       648K       196K       2.6M
-/+ buffers/cache:       912M        80M
Swap:         8.0G       116M       7.9G

             total       used       free     shared    buffers     cached
Mem:          992M       927M        64M       644K       204K       2.6M
-/+ buffers/cache:       924M        67M
Swap:         8.0G       116M       7.9G

             total       used       free     shared    buffers     cached
Mem:          992M       923M        68M       640K       184K       2.5M
-/+ buffers/cache:       920M        71M
Swap:         8.0G       135M       7.9G

             total       used       free     shared    buffers     cached
Mem:          992M       924M        67M       588K       136K       2.5M
-/+ buffers/cache:       922M        70M
Swap:         8.0G       141M       7.9G

             total       used       free     shared    buffers     cached
Mem:          992M       923M        68M       588K        76K       2.4M
-/+ buffers/cache:       920M        71M
Swap:         8.0G       165M       7.8G

             total       used       free     shared    buffers     cached
Mem:          992M       923M        68M       576K        76K       2.6M
-/+ buffers/cache:       920M        71M
Swap:         8.0G       171M       7.8G

             total       used       free     shared    buffers     cached
Mem:          992M       921M        70M       576K        84K       2.6M
-/+ buffers/cache:       919M        73M
Swap:         8.0G       201M       7.8G

             total       used       free     shared    buffers     cached
Mem:          992M       922M        69M       572K        84K       2.6M
-/+ buffers/cache:       920M        71M
Swap:         8.0G       201M       7.8G

             total       used       free     shared    buffers     cached
Mem:          992M       918M        73M       572K        84K       2.5M
-/+ buffers/cache:       915M        76M
Swap:         8.0G       236M       7.8G

             total       used       free     shared    buffers     cached
Mem:          992M       921M        70M       556K        84K       2.5M
-/+ buffers/cache:       918M        73M
Swap:         8.0G       236M       7.8G

             total       used       free     shared    buffers     cached
Mem:          992M       920M        71M       556K        84K       2.5M
-/+ buffers/cache:       918M        73M
Swap:         8.0G       249M       7.8G

             total       used       free     shared    buffers     cached
Mem:          992M       931M        60M       544K        84K       2.5M
-/+ buffers/cache:       928M        63M
Swap:         8.0G       249M       7.8G

             total       used       free     shared    buffers     cached
Mem:          992M       923M        69M       544K        92K       2.5M
-/+ buffers/cache:       920M        71M
Swap:         8.0G       266M       7.7G

             total       used       free     shared    buffers     cached
Mem:          992M       931M        61M       544K        92K       2.5M
-/+ buffers/cache:       928M        63M
Swap:         8.0G       266M       7.7G

             total       used       free     shared    buffers     cached
Mem:          992M       923M        68M       544K        92K       2.5M
-/+ buffers/cache:       920M        71M
Swap:         8.0G       278M       7.7G

             total       used       free     shared    buffers     cached
Mem:          992M       929M        62M       544K       156K       2.5M
-/+ buffers/cache:       926M        65M
Swap:         8.0G       278M       7.7G

             total       used       free     shared    buffers     cached
Mem:          992M       911M        81M       544K       156K       2.5M
-/+ buffers/cache:       908M        83M
Swap:         8.0G       307M       7.7G

             total       used       free     shared    buffers     cached
Mem:          992M       914M        77M       544K       164K       2.4M
-/+ buffers/cache:       912M        80M
Swap:         8.0G       307M       7.7G

             total       used       free     shared    buffers     cached
Mem:          992M       919M        72M       544K       164K       2.5M
-/+ buffers/cache:       917M        74M
Swap:         8.0G       307M       7.7G

             total       used       free     shared    buffers     cached
Mem:          992M       925M        66M       544K       164K       2.5M
-/+ buffers/cache:       923M        68M
Swap:         8.0G       307M       7.7G

             total       used       free     shared    buffers     cached
Mem:          992M       924M        67M       544K       164K       2.4M
-/+ buffers/cache:       921M        70M
Swap:         8.0G       312M       7.7G

             total       used       free     shared    buffers     cached
Mem:          992M       923M        68M       544K       164K       2.4M
-/+ buffers/cache:       920M        71M
Swap:         8.0G       318M       7.7G

             total       used       free     shared    buffers     cached
Mem:          992M       927M        64M       544K       172K       2.4M
-/+ buffers/cache:       925M        67M
Swap:         8.0G       318M       7.7G

             total       used       free     shared    buffers     cached
Mem:          992M       911M        80M       544K       140K       2.4M
-/+ buffers/cache:       908M        83M
Swap:         8.0G       344M       7.7G

             total       used       free     shared    buffers     cached
Mem:          992M       919M        73M        24K       140K       1.8M
-/+ buffers/cache:       917M        75M
Swap:         8.0G       327M       7.7G

             total       used       free     shared    buffers     cached
Mem:          992M       916M        75M         4K       116K       1.7M
-/+ buffers/cache:       914M        77M
Swap:         8.0G       330M       7.7G

             total       used       free     shared    buffers     cached
Mem:          992M       918M        74M         4K       100K       1.6M
-/+ buffers/cache:       916M        75M
Swap:         8.0G       328M       7.7G

             total       used       free     shared    buffers     cached
Mem:          992M       922M        69M         0B        96K       1.5M
-/+ buffers/cache:       921M        70M
Swap:         8.0G       321M       7.7G

             total       used       free     shared    buffers     cached
Mem:          992M       919M        72M         0B       112K       1.5M
-/+ buffers/cache:       917M        74M
Swap:         8.0G       319M       7.7G

             total       used       free     shared    buffers     cached
Mem:          992M       920M        71M         0B       112K       1.5M
-/+ buffers/cache:       918M        73M
Swap:         8.0G       323M       7.7G

             total       used       free     shared    buffers     cached
Mem:          992M       919M        72M         0B       520K       1.3M
-/+ buffers/cache:       917M        74M
Swap:         8.0G       327M       7.7G

             total       used       free     shared    buffers     cached
Mem:          992M       920M        72M         0B       520K       1.3M
-/+ buffers/cache:       918M        73M
Swap:         8.0G       328M       7.7G

             total       used       free     shared    buffers     cached
Mem:          992M       920M        71M         0B       360K       1.2M
-/+ buffers/cache:       919M        72M
Swap:         8.0G       326M       7.7G

             total       used       free     shared    buffers     cached
Mem:          992M       918M        73M         0B       248K       1.4M
-/+ buffers/cache:       916M        75M
Swap:         8.0G       332M       7.7G

             total       used       free     shared    buffers     cached
Mem:          992M       934M        58M         0B       252K       1.5M
-/+ buffers/cache:       932M        59M
Swap:         8.0G       414M       7.6G

             total       used       free     shared    buffers     cached
Mem:          992M       888M       103M         0B       464K       1.4M
-/+ buffers/cache:       886M       105M
Swap:         8.0G       400M       7.6G

             total       used       free     shared    buffers     cached
Mem:          992M       920M        71M         0B       464K       1.9M
-/+ buffers/cache:       918M        73M
Swap:         8.0G       362M       7.6G

             total       used       free     shared    buffers     cached
Mem:          992M       926M        65M         0B       464K       1.9M
-/+ buffers/cache:       924M        68M
Swap:         8.0G       360M       7.6G

             total       used       free     shared    buffers     cached
Mem:          992M       917M        74M         0B       464K       1.8M
-/+ buffers/cache:       915M        76M
Swap:         8.0G       360M       7.6G

             total       used       free     shared    buffers     cached
Mem:          992M       923M        68M         0B       464K       1.8M
-/+ buffers/cache:       921M        71M
Swap:         8.0G       359M       7.6G

             total       used       free     shared    buffers     cached
Mem:          992M       917M        74M         0B       452K       1.9M
-/+ buffers/cache:       915M        76M
Swap:         8.0G       359M       7.6G

             total       used       free     shared    buffers     cached
Mem:          992M       925M        66M         0B       452K       1.9M
-/+ buffers/cache:       923M        68M
Swap:         8.0G       359M       7.6G

             total       used       free     shared    buffers     cached
Mem:          992M       918M        73M         0B       380K       1.9M
-/+ buffers/cache:       916M        75M
Swap:         8.0G       373M       7.6G

             total       used       free     shared    buffers     cached
Mem:          992M       924M        67M         0B       380K       1.9M
-/+ buffers/cache:       922M        70M
Swap:         8.0G       373M       7.6G

             total       used       free     shared    buffers     cached
Mem:          992M       926M        65M         0B       388K       1.9M
-/+ buffers/cache:       924M        67M
Swap:         8.0G       373M       7.6G

             total       used       free     shared    buffers     cached
Mem:          992M       928M        63M         0B       388K       1.9M
-/+ buffers/cache:       925M        66M
Swap:         8.0G       373M       7.6G

             total       used       free     shared    buffers     cached
Mem:          992M       912M        79M         0B       288K       1.8M
-/+ buffers/cache:       910M        81M
Swap:         8.0G       395M       7.6G

             total       used       free     shared    buffers     cached
Mem:          992M       914M        77M         0B       288K       1.8M
-/+ buffers/cache:       912M        79M
Swap:         8.0G       394M       7.6G

             total       used       free     shared    buffers     cached
Mem:          992M       915M        76M         0B       288K       1.8M
-/+ buffers/cache:       913M        78M
Swap:         8.0G       394M       7.6G

             total       used       free     shared    buffers     cached
Mem:          992M       918M        73M         0B       296K       2.5M
-/+ buffers/cache:       915M        76M
Swap:         8.0G       393M       7.6G

             total       used       free     shared    buffers     cached
Mem:          992M       920M        71M         0B       296K       2.5M
-/+ buffers/cache:       917M        74M
Swap:         8.0G       392M       7.6G

             total       used       free     shared    buffers     cached
Mem:          992M       922M        69M         0B       296K       2.7M
-/+ buffers/cache:       919M        72M
Swap:         8.0G       392M       7.6G

             total       used       free     shared    buffers     cached
Mem:          992M       918M        73M         0B       296K       5.3M
-/+ buffers/cache:       912M        79M
Swap:         8.0G       392M       7.6G

             total       used       free     shared    buffers     cached
Mem:          992M       903M        88M         0B       296K        23M
-/+ buffers/cache:       879M       112M
Swap:         8.0G       446M       7.6G

             total       used       free     shared    buffers     cached
Mem:          992M       905M        86M         0B       620K        23M
-/+ buffers/cache:       881M       111M
Swap:         8.0G       445M       7.6G

             total       used       free     shared    buffers     cached
Mem:          992M       907M        84M         0B       620K        23M
-/+ buffers/cache:       882M       109M
Swap:         8.0G       444M       7.6G

             total       used       free     shared    buffers     cached
Mem:          992M       909M        82M         0B       620K        23M
-/+ buffers/cache:       885M       106M
Swap:         8.0G       443M       7.6G

             total       used       free     shared    buffers     cached
Mem:          992M       912M        79M         0B       620K        23M
-/+ buffers/cache:       887M       104M
Swap:         8.0G       442M       7.6G

             total       used       free     shared    buffers     cached
Mem:          992M       914M        77M         0B       620K        23M
-/+ buffers/cache:       890M       101M
Swap:         8.0G       441M       7.6G

             total       used       free     shared    buffers     cached
Mem:          992M       917M        75M         0B       620K        23M
-/+ buffers/cache:       892M        99M
Swap:         8.0G       440M       7.6G

             total       used       free     shared    buffers     cached
Mem:          992M       919M        72M         0B       628K        23M
-/+ buffers/cache:       894M        97M
Swap:         8.0G       439M       7.6G

             total       used       free     shared    buffers     cached
Mem:          992M       921M        70M         0B       628K        23M
-/+ buffers/cache:       897M        94M
Swap:         8.0G       438M       7.6G

             total       used       free     shared    buffers     cached
Mem:          992M       924M        68M         0B       628K        23M
-/+ buffers/cache:       899M        92M
Swap:         8.0G       437M       7.6G

             total       used       free     shared    buffers     cached
Mem:          992M       926M        65M         0B       628K        23M
-/+ buffers/cache:       901M        90M
Swap:         8.0G       435M       7.6G

             total       used       free     shared    buffers     cached
Mem:          992M       928M        63M         0B       628K        23M
-/+ buffers/cache:       904M        87M
Swap:         8.0G       434M       7.6G

             total       used       free     shared    buffers     cached
Mem:          992M       915M        76M         0B       644K        20M
-/+ buffers/cache:       894M        97M
Swap:         8.0G       433M       7.6G

             total       used       free     shared    buffers     cached
Mem:          992M       917M        74M         0B       644K        20M
-/+ buffers/cache:       896M        95M
Swap:         8.0G       432M       7.6G

             total       used       free     shared    buffers     cached
Mem:          992M       919M        72M         0B       644K        20M
-/+ buffers/cache:       898M        93M
Swap:         8.0G       431M       7.6G

             total       used       free     shared    buffers     cached
Mem:          992M       921M        70M         0B       644K        20M
-/+ buffers/cache:       900M        91M
Swap:         8.0G       430M       7.6G

             total       used       free     shared    buffers     cached
Mem:          992M       924M        67M         0B       644K        20M
-/+ buffers/cache:       903M        88M
Swap:         8.0G       429M       7.6G

             total       used       free     shared    buffers     cached
Mem:          992M       926M        65M         0B       652K        20M
-/+ buffers/cache:       905M        86M
Swap:         8.0G       428M       7.6G

             total       used       free     shared    buffers     cached
Mem:          992M       929M        63M         0B       652K        20M
-/+ buffers/cache:       908M        84M
Swap:         8.0G       427M       7.6G

             total       used       free     shared    buffers     cached
Mem:          992M       916M        75M         0B       652K        19M
-/+ buffers/cache:       896M        95M
Swap:         8.0G       449M       7.6G

             total       used       free     shared    buffers     cached
Mem:          992M       918M        73M         0B       652K        19M
-/+ buffers/cache:       898M        93M
Swap:         8.0G       448M       7.6G

             total       used       free     shared    buffers     cached
Mem:          992M       921M        70M         0B       652K        19M
-/+ buffers/cache:       901M        91M
Swap:         8.0G       447M       7.6G

             total       used       free     shared    buffers     cached
Mem:          992M       923M        68M         0B       652K        19M
-/+ buffers/cache:       903M        88M
Swap:         8.0G       446M       7.6G

             total       used       free     shared    buffers     cached
Mem:          992M       925M        66M         0B       660K        19M
-/+ buffers/cache:       905M        87M
Swap:         8.0G       444M       7.6G

             total       used       free     shared    buffers     cached
Mem:          992M       927M        64M         0B       660K        19M
-/+ buffers/cache:       907M        84M
Swap:         8.0G       443M       7.6G

             total       used       free     shared    buffers     cached
Mem:          992M       916M        75M         0B       660K        18M
-/+ buffers/cache:       897M        94M
Swap:         8.0G       451M       7.6G

             total       used       free     shared    buffers     cached
Mem:          992M       918M        73M         0B       660K        18M
-/+ buffers/cache:       899M        92M
Swap:         8.0G       450M       7.6G

             total       used       free     shared    buffers     cached
Mem:          992M       921M        70M         0B       660K        18M
-/+ buffers/cache:       901M        90M
Swap:         8.0G       449M       7.6G

             total       used       free     shared    buffers     cached
Mem:          992M       923M        68M         0B       668K        18M
-/+ buffers/cache:       903M        88M
Swap:         8.0G       448M       7.6G

             total       used       free     shared    buffers     cached
Mem:          992M       925M        66M         0B       668K        18M
-/+ buffers/cache:       905M        86M
Swap:         8.0G       447M       7.6G

             total       used       free     shared    buffers     cached
Mem:          992M       927M        64M         0B       668K        18M
-/+ buffers/cache:       908M        83M
Swap:         8.0G       445M       7.6G

             total       used       free     shared    buffers     cached
Mem:          992M       917M        74M         0B       232K        17M
-/+ buffers/cache:       899M        92M
Swap:         8.0G       454M       7.6G

             total       used       free     shared    buffers     cached
Mem:          992M       919M        72M         0B       232K        17M
-/+ buffers/cache:       901M        90M
Swap:         8.0G       453M       7.6G

             total       used       free     shared    buffers     cached
Mem:          992M       921M        70M         0B       240K        17M
-/+ buffers/cache:       903M        88M
Swap:         8.0G       453M       7.6G

             total       used       free     shared    buffers     cached
Mem:          992M       924M        67M         0B       240K        17M
-/+ buffers/cache:       906M        85M
Swap:         8.0G       452M       7.6G

             total       used       free     shared    buffers     cached
Mem:          992M       927M        65M         0B       240K        17M
-/+ buffers/cache:       908M        83M
Swap:         8.0G       450M       7.6G

             total       used       free     shared    buffers     cached
Mem:          992M       916M        76M         0B       120K        10M
-/+ buffers/cache:       905M        86M
Swap:         8.0G       453M       7.6G

             total       used       free     shared    buffers     cached
Mem:          992M       918M        73M         0B       120K        10M
-/+ buffers/cache:       907M        84M
Swap:         8.0G       452M       7.6G

             total       used       free     shared    buffers     cached
Mem:          992M       920M        71M         0B       120K        10M
-/+ buffers/cache:       910M        81M
Swap:         8.0G       451M       7.6G

             total       used       free     shared    buffers     cached
Mem:          992M       923M        68M         0B       128K        10M
-/+ buffers/cache:       912M        79M
Swap:         8.0G       449M       7.6G

             total       used       free     shared    buffers     cached
Mem:          992M       926M        66M         0B       128K        10M
-/+ buffers/cache:       915M        76M
Swap:         8.0G       448M       7.6G

             total       used       free     shared    buffers     cached
Mem:          992M       928M        63M         0B       128K        10M
-/+ buffers/cache:       918M        74M
Swap:         8.0G       447M       7.6G

             total       used       free     shared    buffers     cached
Mem:          992M       912M        79M         0B        92K       1.6M
-/+ buffers/cache:       910M        81M
Swap:         8.0G       452M       7.6G

             total       used       free     shared    buffers     cached
Mem:          992M       917M        74M        40K       228K        22M
-/+ buffers/cache:       894M        97M
Swap:         8.0G       480M       7.5G

             total       used       free     shared    buffers     cached
Mem:          992M       917M        74M        40K       228K        24M
-/+ buffers/cache:       893M        98M
Swap:         8.0G       479M       7.5G

             total       used       free     shared    buffers     cached
Mem:          992M       918M        73M        40K       228K        24M
-/+ buffers/cache:       894M        97M
Swap:         8.0G       479M       7.5G

             total       used       free     shared    buffers     cached
Mem:          992M       920M        72M        40K       232K        24M
-/+ buffers/cache:       895M        96M
Swap:         8.0G       478M       7.5G

             total       used       free     shared    buffers     cached
Mem:          992M       922M        70M        40K       804K        24M
-/+ buffers/cache:       896M        95M
Swap:         8.0G       478M       7.5G

             total       used       free     shared    buffers     cached
Mem:          992M       927M        64M        40K       932K        27M
-/+ buffers/cache:       898M        93M
Swap:         8.0G       477M       7.5G

             total       used       free     shared    buffers     cached
Mem:          992M       928M        63M        40K       932K        27M
-/+ buffers/cache:       900M        91M
Swap:         8.0G       476M       7.5G

             total       used       free     shared    buffers     cached
Mem:          992M       917M        74M        40K       924K        27M
-/+ buffers/cache:       888M       103M
Swap:         8.0G       479M       7.5G

             total       used       free     shared    buffers     cached
Mem:          992M       920M        71M        40K       924K        28M
-/+ buffers/cache:       890M       101M
Swap:         8.0G       478M       7.5G

             total       used       free     shared    buffers     cached
Mem:          992M       921M        70M        40K       924K        28M
-/+ buffers/cache:       892M       100M
Swap:         8.0G       477M       7.5G

             total       used       free     shared    buffers     cached
Mem:          992M       922M        69M        40K       932K        28M
-/+ buffers/cache:       893M        98M
Swap:         8.0G       477M       7.5G

             total       used       free     shared    buffers     cached
Mem:          992M       928M        63M        40K       932K        32M
-/+ buffers/cache:       894M        97M
Swap:         8.0G       476M       7.5G

             total       used       free     shared    buffers     cached
Mem:          992M       915M        76M        40K       1.2M        31M
-/+ buffers/cache:       882M       109M
Swap:         8.0G       501M       7.5G

             total       used       free     shared    buffers     cached
Mem:          992M       916M        75M        40K       1.2M        31M
-/+ buffers/cache:       883M       108M
Swap:         8.0G       500M       7.5G

             total       used       free     shared    buffers     cached
Mem:          992M       918M        73M        40K       1.2M        31M
-/+ buffers/cache:       885M       106M
Swap:         8.0G       499M       7.5G

             total       used       free     shared    buffers     cached
Mem:          992M       919M        72M        40K       1.2M        31M
-/+ buffers/cache:       886M       105M
Swap:         8.0G       499M       7.5G

             total       used       free     shared    buffers     cached
Mem:          992M       920M        71M        40K       1.2M        31M
-/+ buffers/cache:       887M       104M
Swap:         8.0G       498M       7.5G

             total       used       free     shared    buffers     cached
Mem:          992M       921M        70M        40K       1.2M        31M
-/+ buffers/cache:       888M       103M
Swap:         8.0G       498M       7.5G

             total       used       free     shared    buffers     cached
Mem:          992M       922M        69M        40K       1.2M        31M
-/+ buffers/cache:       889M       102M
Swap:         8.0G       497M       7.5G

             total       used       free     shared    buffers     cached
Mem:          992M       924M        67M        40K       1.2M        32M
-/+ buffers/cache:       891M       100M
Swap:         8.0G       496M       7.5G

             total       used       free     shared    buffers     cached
Mem:          992M       925M        66M        40K       1.2M        32M
-/+ buffers/cache:       892M        99M
Swap:         8.0G       496M       7.5G

             total       used       free     shared    buffers     cached
Mem:          992M       927M        64M        40K       1.2M        32M
-/+ buffers/cache:       893M        98M
Swap:         8.0G       495M       7.5G

             total       used       free     shared    buffers     cached
Mem:          992M       928M        63M        40K       1.2M        32M
-/+ buffers/cache:       895M        96M
Swap:         8.0G       494M       7.5G

             total       used       free     shared    buffers     cached
Mem:          992M       912M        79M        40K       1.2M        31M
-/+ buffers/cache:       879M       112M
Swap:         8.0G       495M       7.5G

             total       used       free     shared    buffers     cached
Mem:          992M       914M        78M        40K       1.2M        31M
-/+ buffers/cache:       881M       111M
Swap:         8.0G       494M       7.5G

             total       used       free     shared    buffers     cached
Mem:          992M       915M        76M        40K       1.2M        31M
-/+ buffers/cache:       882M       109M
Swap:         8.0G       493M       7.5G

             total       used       free     shared    buffers     cached
Mem:          992M       917M        75M        40K       1.2M        31M
-/+ buffers/cache:       884M       108M
Swap:         8.0G       493M       7.5G

             total       used       free     shared    buffers     cached
Mem:          992M       918M        73M        40K       1.2M        31M
-/+ buffers/cache:       885M       106M
Swap:         8.0G       492M       7.5G

             total       used       free     shared    buffers     cached
Mem:          992M       920M        72M        40K       1.2M        31M
-/+ buffers/cache:       887M       105M
Swap:         8.0G       491M       7.5G

             total       used       free     shared    buffers     cached
Mem:          992M       921M        70M        40K       1.2M        31M
-/+ buffers/cache:       888M       103M
Swap:         8.0G       491M       7.5G

             total       used       free     shared    buffers     cached
Mem:          992M       922M        69M        40K       1.2M        31M
-/+ buffers/cache:       889M       102M
Swap:         8.0G       490M       7.5G

             total       used       free     shared    buffers     cached
Mem:          992M       924M        68M        40K       1.2M        31M
-/+ buffers/cache:       891M       100M
Swap:         8.0G       489M       7.5G

             total       used       free     shared    buffers     cached
Mem:          992M       925M        66M        40K       1.2M        31M
-/+ buffers/cache:       892M        99M
Swap:         8.0G       489M       7.5G

             total       used       free     shared    buffers     cached
Mem:          992M       926M        65M        40K       1.2M        31M
-/+ buffers/cache:       893M        98M
Swap:         8.0G       488M       7.5G

             total       used       free     shared    buffers     cached
Mem:          992M       928M        64M        40K       1.2M        31M
-/+ buffers/cache:       895M        97M
Swap:         8.0G       488M       7.5G

             total       used       free     shared    buffers     cached
Mem:          992M       910M        81M        40K       1.2M        30M
-/+ buffers/cache:       878M       113M
Swap:         8.0G       510M       7.5G

             total       used       free     shared    buffers     cached
Mem:          992M       909M        82M        40K       1.2M        30M
-/+ buffers/cache:       877M       114M
Swap:         8.0G       522M       7.5G

             total       used       free     shared    buffers     cached
Mem:          992M       910M        82M        40K       1.3M        30M
-/+ buffers/cache:       878M       113M
Swap:         8.0G       522M       7.5G

             total       used       free     shared    buffers     cached
Mem:          992M       911M        80M        40K       1.3M        30M
-/+ buffers/cache:       880M       112M
Swap:         8.0G       521M       7.5G

             total       used       free     shared    buffers     cached
Mem:          992M       912M        79M        40K       1.3M        30M
-/+ buffers/cache:       881M       110M
Swap:         8.0G       520M       7.5G

             total       used       free     shared    buffers     cached
Mem:          992M       914M        77M        40K       1.3M        30M
-/+ buffers/cache:       882M       109M
Swap:         8.0G       520M       7.5G

             total       used       free     shared    buffers     cached
Mem:          992M       915M        76M        40K       1.3M        30M
-/+ buffers/cache:       884M       108M
Swap:         8.0G       519M       7.5G

             total       used       free     shared    buffers     cached
Mem:          992M       917M        75M        40K       1.3M        30M
-/+ buffers/cache:       885M       106M
Swap:         8.0G       518M       7.5G

             total       used       free     shared    buffers     cached
Mem:          992M       918M        73M        40K       1.3M        30M
-/+ buffers/cache:       887M       105M
Swap:         8.0G       518M       7.5G

             total       used       free     shared    buffers     cached
Mem:          992M       920M        72M        40K       1.3M        30M
-/+ buffers/cache:       888M       103M
Swap:         8.0G       517M       7.5G

             total       used       free     shared    buffers     cached
Mem:          992M       921M        70M        40K       1.3M        30M
-/+ buffers/cache:       890M       102M
Swap:         8.0G       516M       7.5G

             total       used       free     shared    buffers     cached
Mem:          992M       923M        69M        40K       1.3M        30M
-/+ buffers/cache:       891M       100M
Swap:         8.0G       515M       7.5G

             total       used       free     shared    buffers     cached
Mem:          992M       924M        67M        40K       1.3M        30M
-/+ buffers/cache:       892M        99M
Swap:         8.0G       515M       7.5G

             total       used       free     shared    buffers     cached
Mem:          992M       926M        66M        40K       1.3M        30M
-/+ buffers/cache:       894M        97M
Swap:         8.0G       514M       7.5G

             total       used       free     shared    buffers     cached
Mem:          992M       927M        64M        40K       1.3M        30M
-/+ buffers/cache:       896M        96M
Swap:         8.0G       513M       7.5G

             total       used       free     shared    buffers     cached
Mem:          992M       929M        63M        40K       1.3M        30M
-/+ buffers/cache:       897M        94M
Swap:         8.0G       513M       7.5G

             total       used       free     shared    buffers     cached
Mem:          992M       913M        79M        40K       1.3M        29M
-/+ buffers/cache:       881M       110M
Swap:         8.0G       513M       7.5G

             total       used       free     shared    buffers     cached
Mem:          992M       914M        77M        40K       1.3M        29M
-/+ buffers/cache:       883M       108M
Swap:         8.0G       512M       7.5G

             total       used       free     shared    buffers     cached
Mem:          992M       915M        76M        40K       1.3M        29M
-/+ buffers/cache:       884M       107M
Swap:         8.0G       512M       7.5G

             total       used       free     shared    buffers     cached
Mem:          992M       917M        74M        40K       1.3M        29M
-/+ buffers/cache:       886M       105M
Swap:         8.0G       511M       7.5G

             total       used       free     shared    buffers     cached
Mem:          992M       919M        73M        40K       1.3M        29M
-/+ buffers/cache:       887M       104M
Swap:         8.0G       510M       7.5G

             total       used       free     shared    buffers     cached
Mem:          992M       920M        71M        40K       1.3M        29M
-/+ buffers/cache:       889M       102M
Swap:         8.0G       509M       7.5G

             total       used       free     shared    buffers     cached
Mem:          992M       922M        70M        40K       1.3M        29M
-/+ buffers/cache:       890M       101M
Swap:         8.0G       508M       7.5G

             total       used       free     shared    buffers     cached
Mem:          992M       923M        68M        40K       1.3M        29M
-/+ buffers/cache:       892M        99M
Swap:         8.0G       508M       7.5G

             total       used       free     shared    buffers     cached
Mem:          992M       925M        66M        40K       1.3M        29M
-/+ buffers/cache:       894M        97M
Swap:         8.0G       507M       7.5G

             total       used       free     shared    buffers     cached
Mem:          992M       927M        65M        40K       1.3M        29M
-/+ buffers/cache:       895M        96M
Swap:         8.0G       506M       7.5G

             total       used       free     shared    buffers     cached
Mem:          992M       928M        63M        40K       1.3M        29M
-/+ buffers/cache:       897M        94M
Swap:         8.0G       505M       7.5G

             total       used       free     shared    buffers     cached
Mem:          992M       911M        81M        40K       1.3M        27M
-/+ buffers/cache:       882M       110M
Swap:         8.0G       516M       7.5G

             total       used       free     shared    buffers     cached
Mem:          992M       912M        79M        40K       1.3M        27M
-/+ buffers/cache:       883M       108M
Swap:         8.0G       516M       7.5G

             total       used       free     shared    buffers     cached
Mem:          992M       913M        78M        40K       1.3M        28M
-/+ buffers/cache:       884M       107M
Swap:         8.0G       515M       7.5G

             total       used       free     shared    buffers     cached
Mem:          992M       916M        75M        40K       1.4M        29M
-/+ buffers/cache:       886M       106M
Swap:         8.0G       514M       7.5G

             total       used       free     shared    buffers     cached
Mem:          992M       918M        74M        44K       1.4M        29M
-/+ buffers/cache:       887M       104M
Swap:         8.0G       513M       7.5G

             total       used       free     shared    buffers     cached
Mem:          992M       919M        72M        44K       1.4M        29M
-/+ buffers/cache:       888M       103M
Swap:         8.0G       513M       7.5G

             total       used       free     shared    buffers     cached
Mem:          992M       927M        64M        44K       1.4M        31M
-/+ buffers/cache:       894M        97M
Swap:         8.0G       510M       7.5G

             total       used       free     shared    buffers     cached
Mem:          992M       928M        63M        44K       1.4M        31M
-/+ buffers/cache:       896M        96M
Swap:         8.0G       509M       7.5G

             total       used       free     shared    buffers     cached
Mem:          992M       918M        73M        44K       248K        26M
-/+ buffers/cache:       891M       100M
Swap:         8.0G       511M       7.5G

             total       used       free     shared    buffers     cached
Mem:          992M       920M        71M        44K       392K        27M
-/+ buffers/cache:       892M        99M
Swap:         8.0G       510M       7.5G

             total       used       free     shared    buffers     cached
Mem:          992M       921M        70M        44K       692K        27M
-/+ buffers/cache:       893M        99M
Swap:         8.0G       509M       7.5G

             total       used       free     shared    buffers     cached
Mem:          992M       922M        70M        44K       692K        27M
-/+ buffers/cache:       893M        98M
Swap:         8.0G       509M       7.5G

             total       used       free     shared    buffers     cached
Mem:          992M       922M        69M        44K       692K        27M
-/+ buffers/cache:       894M        97M
Swap:         8.0G       509M       7.5G

             total       used       free     shared    buffers     cached
Mem:          992M       923M        68M        44K       692K        27M
-/+ buffers/cache:       895M        97M
Swap:         8.0G       508M       7.5G

             total       used       free     shared    buffers     cached
Mem:          992M       924M        68M        44K       700K        27M
-/+ buffers/cache:       895M        96M
Swap:         8.0G       508M       7.5G

             total       used       free     shared    buffers     cached
Mem:          992M       924M        67M        44K       700K        27M
-/+ buffers/cache:       896M        95M
Swap:         8.0G       508M       7.5G

             total       used       free     shared    buffers     cached
Mem:          992M       925M        66M        44K       700K        27M
-/+ buffers/cache:       896M        95M
Swap:         8.0G       507M       7.5G

             total       used       free     shared    buffers     cached
Mem:          992M       926M        66M        44K       700K        27M
-/+ buffers/cache:       897M        94M
Swap:         8.0G       507M       7.5G

             total       used       free     shared    buffers     cached
Mem:          992M       907M        84M       200K       644K        27M
-/+ buffers/cache:       879M       113M
Swap:         8.0G       529M       7.5G

             total       used       free     shared    buffers     cached
Mem:          992M       914M        78M       3.9M       3.5M        51M
-/+ buffers/cache:       858M       133M
Swap:         8.0G       560M       7.4G

             total       used       free     shared    buffers     cached
Mem:          992M       916M        75M       3.9M       5.0M        68M
-/+ buffers/cache:       843M       148M
Swap:         8.0G       579M       7.4G

             total       used       free     shared    buffers     cached
Mem:          992M       924M        68M       264K       5.3M        66M
-/+ buffers/cache:       851M       140M
Swap:         8.0G       575M       7.4G

             total       used       free     shared    buffers     cached
Mem:          992M       925M        66M       264K       5.3M        66M
-/+ buffers/cache:       853M       138M
Swap:         8.0G       575M       7.4G

             total       used       free     shared    buffers     cached
Mem:          992M       927M        64M       264K       5.3M        66M
-/+ buffers/cache:       855M       136M
Swap:         8.0G       574M       7.4G

             total       used       free     shared    buffers     cached
Mem:          992M       928M        63M       264K       5.3M        66M
-/+ buffers/cache:       856M       135M
Swap:         8.0G       573M       7.4G

             total       used       free     shared    buffers     cached
Mem:          992M       913M        78M       264K       4.4M        62M
-/+ buffers/cache:       846M       145M
Swap:         8.0G       585M       7.4G

             total       used       free     shared    buffers     cached
Mem:          992M       912M        79M       264K       4.6M        63M
-/+ buffers/cache:       844M       147M
Swap:         8.0G       587M       7.4G

             total       used       free     shared    buffers     cached
Mem:          992M       914M        78M       264K       4.6M        63M
-/+ buffers/cache:       846M       146M
Swap:         8.0G       587M       7.4G

             total       used       free     shared    buffers     cached
Mem:          992M       915M        76M       264K       4.6M        63M
-/+ buffers/cache:       847M       144M
Swap:         8.0G       586M       7.4G

             total       used       free     shared    buffers     cached
Mem:          992M       916M        75M       264K       4.6M        63M
-/+ buffers/cache:       848M       143M
Swap:         8.0G       585M       7.4G

             total       used       free     shared    buffers     cached
Mem:          992M       918M        73M       264K       4.6M        63M
-/+ buffers/cache:       850M       141M
Swap:         8.0G       585M       7.4G

             total       used       free     shared    buffers     cached
Mem:          992M       919M        72M       264K       4.6M        63M
-/+ buffers/cache:       851M       140M
Swap:         8.0G       584M       7.4G

             total       used       free     shared    buffers     cached
Mem:          992M       921M        71M       264K       4.6M        63M
-/+ buffers/cache:       853M       139M
Swap:         8.0G       583M       7.4G

             total       used       free     shared    buffers     cached
Mem:          992M       922M        69M       264K       4.6M        63M
-/+ buffers/cache:       854M       137M
Swap:         8.0G       583M       7.4G

             total       used       free     shared    buffers     cached
Mem:          992M       923M        68M       264K       4.6M        63M
-/+ buffers/cache:       855M       136M
Swap:         8.0G       582M       7.4G

             total       used       free     shared    buffers     cached
Mem:          992M       924M        67M       264K       4.6M        63M
-/+ buffers/cache:       856M       135M
Swap:         8.0G       582M       7.4G

             total       used       free     shared    buffers     cached
Mem:          992M       926M        65M       264K       4.6M        63M
-/+ buffers/cache:       858M       133M
Swap:         8.0G       581M       7.4G

             total       used       free     shared    buffers     cached
Mem:          992M       928M        63M       264K       4.6M        63M
-/+ buffers/cache:       859M       132M
Swap:         8.0G       580M       7.4G

             total       used       free     shared    buffers     cached
Mem:          992M       917M        75M       264K       4.3M        60M
-/+ buffers/cache:       852M       140M
Swap:         8.0G       587M       7.4G

             total       used       free     shared    buffers     cached
Mem:          992M       918M        73M       264K       4.3M        60M
-/+ buffers/cache:       853M       138M
Swap:         8.0G       586M       7.4G

             total       used       free     shared    buffers     cached
Mem:          992M       919M        72M       264K       4.3M        60M
-/+ buffers/cache:       854M       137M
Swap:         8.0G       586M       7.4G

             total       used       free     shared    buffers     cached
Mem:          992M       921M        70M       264K       4.3M        60M
-/+ buffers/cache:       856M       136M
Swap:         8.0G       585M       7.4G

             total       used       free     shared    buffers     cached
Mem:          992M       922M        69M       264K       4.3M        60M
-/+ buffers/cache:       857M       134M
Swap:         8.0G       584M       7.4G

             total       used       free     shared    buffers     cached
Mem:          992M       923M        68M       264K       4.3M        60M
-/+ buffers/cache:       858M       133M
Swap:         8.0G       584M       7.4G

             total       used       free     shared    buffers     cached
Mem:          992M       925M        66M       264K       4.3M        60M
-/+ buffers/cache:       860M       131M
Swap:         8.0G       583M       7.4G

             total       used       free     shared    buffers     cached
Mem:          992M       926M        65M       264K       4.3M        60M
-/+ buffers/cache:       861M       130M
Swap:         8.0G       582M       7.4G

             total       used       free     shared    buffers     cached
Mem:          992M       928M        63M       264K       4.3M        60M
-/+ buffers/cache:       863M       128M
Swap:         8.0G       582M       7.4G

             total       used       free     shared    buffers     cached
Mem:          992M       917M        74M       264K       4.3M        59M
-/+ buffers/cache:       853M       138M
Swap:         8.0G       592M       7.4G

             total       used       free     shared    buffers     cached
Mem:          992M       918M        73M       264K       4.3M        59M
-/+ buffers/cache:       854M       137M
Swap:         8.0G       591M       7.4G

             total       used       free     shared    buffers     cached
Mem:          992M       920M        72M       264K       4.3M        59M
-/+ buffers/cache:       856M       136M
Swap:         8.0G       591M       7.4G

             total       used       free     shared    buffers     cached
Mem:          992M       921M        70M       264K       4.3M        59M
-/+ buffers/cache:       857M       134M
Swap:         8.0G       590M       7.4G

             total       used       free     shared    buffers     cached
Mem:          992M       923M        69M       264K       4.3M        59M
-/+ buffers/cache:       859M       133M
Swap:         8.0G       589M       7.4G

             total       used       free     shared    buffers     cached
Mem:          992M       924M        67M       264K       4.3M        59M
-/+ buffers/cache:       860M       131M
Swap:         8.0G       589M       7.4G

             total       used       free     shared    buffers     cached
Mem:          992M       925M        66M       264K       4.3M        59M
-/+ buffers/cache:       861M       130M
Swap:         8.0G       588M       7.4G

             total       used       free     shared    buffers     cached
Mem:          992M       927M        64M       264K       4.3M        59M
-/+ buffers/cache:       863M       128M
Swap:         8.0G       588M       7.4G

             total       used       free     shared    buffers     cached
Mem:          992M       928M        63M       264K       4.3M        59M
-/+ buffers/cache:       864M       127M
Swap:         8.0G       587M       7.4G

             total       used       free     shared    buffers     cached
Mem:          992M       918M        73M       264K       4.3M        58M
-/+ buffers/cache:       855M       137M
Swap:         8.0G       588M       7.4G

             total       used       free     shared    buffers     cached
Mem:          992M       919M        72M       264K       4.3M        58M
-/+ buffers/cache:       856M       135M
Swap:         8.0G       587M       7.4G

             total       used       free     shared    buffers     cached
Mem:          992M       921M        71M       264K       4.3M        58M
-/+ buffers/cache:       857M       134M
Swap:         8.0G       586M       7.4G

             total       used       free     shared    buffers     cached
Mem:          992M       922M        69M       264K       4.3M        58M
-/+ buffers/cache:       859M       133M
Swap:         8.0G       586M       7.4G

             total       used       free     shared    buffers     cached
Mem:          992M       923M        68M       264K       4.3M        58M
-/+ buffers/cache:       860M       131M
Swap:         8.0G       585M       7.4G

             total       used       free     shared    buffers     cached
Mem:          992M       919M        72M       336K       8.5M        70M
-/+ buffers/cache:       839M       152M
Swap:         8.0G       607M       7.4G
