             total       used       free     shared    buffers     cached
Mem:          992M       655M       336M       3.2M        38M       289M
-/+ buffers/cache:       327M       664M
Swap:         8.0G         0B       8.0G

             total       used       free     shared    buffers     cached
Mem:          992M       653M       338M       1.4M        38M       287M
-/+ buffers/cache:       327M       664M
Swap:         8.0G         0B       8.0G

             total       used       free     shared    buffers     cached
Mem:          992M       653M       338M       1.4M        38M       287M
-/+ buffers/cache:       327M       664M
Swap:         8.0G         0B       8.0G

             total       used       free     shared    buffers     cached
Mem:          992M       653M       338M       1.4M        38M       287M
-/+ buffers/cache:       327M       664M
Swap:         8.0G         0B       8.0G

             total       used       free     shared    buffers     cached
Mem:          992M       653M       338M       1.4M        38M       287M
-/+ buffers/cache:       327M       664M
Swap:         8.0G         0B       8.0G

             total       used       free     shared    buffers     cached
Mem:          992M       653M       338M       1.4M        38M       287M
-/+ buffers/cache:       327M       664M
Swap:         8.0G         0B       8.0G

             total       used       free     shared    buffers     cached
Mem:          992M       653M       338M       1.4M        38M       287M
-/+ buffers/cache:       327M       664M
Swap:         8.0G         0B       8.0G

             total       used       free     shared    buffers     cached
Mem:          992M       653M       338M       1.4M        38M       287M
-/+ buffers/cache:       327M       665M
Swap:         8.0G         0B       8.0G

             total       used       free     shared    buffers     cached
Mem:          992M       653M       338M       1.4M        38M       288M
-/+ buffers/cache:       326M       665M
Swap:         8.0G         0B       8.0G

             total       used       free     shared    buffers     cached
Mem:          992M       656M       335M       1.4M        38M       288M
-/+ buffers/cache:       329M       662M
Swap:         8.0G         0B       8.0G

             total       used       free     shared    buffers     cached
Mem:          992M       673M       318M       1.4M        38M       288M
-/+ buffers/cache:       346M       645M
Swap:         8.0G         0B       8.0G

             total       used       free     shared    buffers     cached
Mem:          992M       684M       307M       1.4M        38M       288M
-/+ buffers/cache:       357M       634M
Swap:         8.0G         0B       8.0G

             total       used       free     shared    buffers     cached
Mem:          992M       662M       329M       1.4M        38M       289M
-/+ buffers/cache:       334M       657M
Swap:         8.0G         0B       8.0G

             total       used       free     shared    buffers     cached
Mem:          992M       672M       319M       1.4M        38M       289M
-/+ buffers/cache:       344M       648M
Swap:         8.0G         0B       8.0G

             total       used       free     shared    buffers     cached
Mem:          992M       662M       329M       1.4M        38M       289M
-/+ buffers/cache:       334M       657M
Swap:         8.0G         0B       8.0G

             total       used       free     shared    buffers     cached
Mem:          992M       662M       329M       1.4M        38M       289M
-/+ buffers/cache:       334M       657M
Swap:         8.0G         0B       8.0G

             total       used       free     shared    buffers     cached
Mem:          992M       662M       329M       1.4M        38M       289M
-/+ buffers/cache:       334M       657M
Swap:         8.0G         0B       8.0G

             total       used       free     shared    buffers     cached
Mem:          992M       662M       329M       1.4M        38M       289M
-/+ buffers/cache:       334M       657M
Swap:         8.0G         0B       8.0G

             total       used       free     shared    buffers     cached
Mem:          992M       662M       329M       1.4M        38M       289M
-/+ buffers/cache:       334M       657M
Swap:         8.0G         0B       8.0G

             total       used       free     shared    buffers     cached
Mem:          992M       662M       329M       1.4M        38M       289M
-/+ buffers/cache:       334M       657M
Swap:         8.0G         0B       8.0G

             total       used       free     shared    buffers     cached
Mem:          992M       662M       329M       1.4M        38M       289M
-/+ buffers/cache:       334M       657M
Swap:         8.0G         0B       8.0G

             total       used       free     shared    buffers     cached
Mem:          992M       663M       329M       1.4M        38M       289M
-/+ buffers/cache:       334M       657M
Swap:         8.0G         0B       8.0G

             total       used       free     shared    buffers     cached
Mem:          992M       663M       329M       1.4M        38M       289M
-/+ buffers/cache:       334M       657M
Swap:         8.0G         0B       8.0G

             total       used       free     shared    buffers     cached
Mem:          992M       663M       328M       1.4M        38M       289M
-/+ buffers/cache:       334M       657M
Swap:         8.0G         0B       8.0G

             total       used       free     shared    buffers     cached
Mem:          992M       663M       329M       1.4M        38M       289M
-/+ buffers/cache:       334M       657M
Swap:         8.0G         0B       8.0G

             total       used       free     shared    buffers     cached
Mem:          992M       663M       329M       1.4M        38M       289M
-/+ buffers/cache:       334M       657M
Swap:         8.0G         0B       8.0G

             total       used       free     shared    buffers     cached
Mem:          992M       663M       329M       1.4M        38M       289M
-/+ buffers/cache:       334M       657M
Swap:         8.0G         0B       8.0G

             total       used       free     shared    buffers     cached
Mem:          992M       663M       329M       1.4M        38M       289M
-/+ buffers/cache:       334M       657M
Swap:         8.0G         0B       8.0G

             total       used       free     shared    buffers     cached
Mem:          992M       663M       329M       1.4M        38M       289M
-/+ buffers/cache:       334M       657M
Swap:         8.0G         0B       8.0G

             total       used       free     shared    buffers     cached
Mem:          992M       663M       329M       1.4M        38M       289M
-/+ buffers/cache:       334M       657M
Swap:         8.0G         0B       8.0G

             total       used       free     shared    buffers     cached
Mem:          992M       663M       329M       1.4M        38M       289M
-/+ buffers/cache:       334M       657M
Swap:         8.0G         0B       8.0G

             total       used       free     shared    buffers     cached
Mem:          992M       663M       329M       1.4M        38M       289M
-/+ buffers/cache:       334M       657M
Swap:         8.0G         0B       8.0G

             total       used       free     shared    buffers     cached
Mem:          992M       663M       329M       1.4M        38M       289M
-/+ buffers/cache:       334M       657M
Swap:         8.0G         0B       8.0G

             total       used       free     shared    buffers     cached
Mem:          992M       670M       321M       1.4M        38M       289M
-/+ buffers/cache:       342M       650M
Swap:         8.0G         0B       8.0G

             total       used       free     shared    buffers     cached
Mem:          992M       687M       304M       1.4M        38M       289M
-/+ buffers/cache:       359M       633M
Swap:         8.0G         0B       8.0G

             total       used       free     shared    buffers     cached
Mem:          992M       703M       288M       1.4M        38M       289M
-/+ buffers/cache:       375M       616M
Swap:         8.0G         0B       8.0G

             total       used       free     shared    buffers     cached
Mem:          992M       718M       273M       1.4M        38M       289M
-/+ buffers/cache:       390M       601M
Swap:         8.0G         0B       8.0G

             total       used       free     shared    buffers     cached
Mem:          992M       733M       258M       1.4M        38M       289M
-/+ buffers/cache:       405M       586M
Swap:         8.0G         0B       8.0G

             total       used       free     shared    buffers     cached
Mem:          992M       749M       242M       1.4M        38M       289M
-/+ buffers/cache:       421M       570M
Swap:         8.0G         0B       8.0G

             total       used       free     shared    buffers     cached
Mem:          992M       765M       226M       1.4M        38M       289M
-/+ buffers/cache:       437M       555M
Swap:         8.0G         0B       8.0G

             total       used       free     shared    buffers     cached
Mem:          992M       778M       214M       1.4M        38M       289M
-/+ buffers/cache:       449M       542M
Swap:         8.0G         0B       8.0G

             total       used       free     shared    buffers     cached
Mem:          992M       791M       201M       1.4M        38M       289M
-/+ buffers/cache:       462M       529M
Swap:         8.0G         0B       8.0G

             total       used       free     shared    buffers     cached
Mem:          992M       805M       186M       1.4M        38M       289M
-/+ buffers/cache:       476M       515M
Swap:         8.0G         0B       8.0G

             total       used       free     shared    buffers     cached
Mem:          992M       822M       170M       1.4M        38M       289M
-/+ buffers/cache:       493M       498M
Swap:         8.0G         0B       8.0G

             total       used       free     shared    buffers     cached
Mem:          992M       837M       155M       1.4M        38M       289M
-/+ buffers/cache:       508M       483M
Swap:         8.0G         0B       8.0G

             total       used       free     shared    buffers     cached
Mem:          992M       852M       139M       1.4M        38M       289M
-/+ buffers/cache:       524M       468M
Swap:         8.0G         0B       8.0G

             total       used       free     shared    buffers     cached
Mem:          992M       867M       124M       1.4M        38M       289M
-/+ buffers/cache:       539M       453M
Swap:         8.0G         0B       8.0G

             total       used       free     shared    buffers     cached
Mem:          992M       881M       110M       1.4M        38M       289M
-/+ buffers/cache:       553M       439M
Swap:         8.0G         0B       8.0G

             total       used       free     shared    buffers     cached
Mem:          992M       894M        97M       1.4M        38M       289M
-/+ buffers/cache:       565M       426M
Swap:         8.0G         0B       8.0G

             total       used       free     shared    buffers     cached
Mem:          992M       910M        81M       1.4M        38M       289M
-/+ buffers/cache:       581M       410M
Swap:         8.0G         0B       8.0G

             total       used       free     shared    buffers     cached
Mem:          992M       925M        66M       1.4M        38M       289M
-/+ buffers/cache:       596M       395M
Swap:         8.0G         0B       8.0G

             total       used       free     shared    buffers     cached
Mem:          992M       921M        70M       1.4M        20M       288M
-/+ buffers/cache:       612M       379M
Swap:         8.0G         0B       8.0G

             total       used       free     shared    buffers     cached
Mem:          992M       918M        74M       1.4M        10M       280M
-/+ buffers/cache:       626M       365M
Swap:         8.0G         0B       8.0G

             total       used       free     shared    buffers     cached
Mem:          992M       926M        66M       1.4M        10M       274M
-/+ buffers/cache:       640M       351M
Swap:         8.0G         0B       8.0G

             total       used       free     shared    buffers     cached
Mem:          992M       928M        63M       1.4M       9.6M       263M
-/+ buffers/cache:       655M       336M
Swap:         8.0G        68K       8.0G

             total       used       free     shared    buffers     cached
Mem:          992M       924M        67M       1.3M       9.6M       244M
-/+ buffers/cache:       670M       321M
Swap:         8.0G       212K       8.0G

             total       used       free     shared    buffers     cached
Mem:          992M       925M        66M       1.2M       9.6M       232M
-/+ buffers/cache:       683M       308M
Swap:         8.0G       4.0M       8.0G

             total       used       free     shared    buffers     cached
Mem:          992M       909M        82M       1.1M       8.7M       205M
-/+ buffers/cache:       694M       297M
Swap:         8.0G       7.9M       8.0G

             total       used       free     shared    buffers     cached
Mem:          992M       923M        68M       1.1M       8.7M       205M
-/+ buffers/cache:       708M       283M
Swap:         8.0G       7.9M       8.0G

             total       used       free     shared    buffers     cached
Mem:          992M       924M        67M       1.1M       2.6M       199M
-/+ buffers/cache:       722M       269M
Swap:         8.0G       7.9M       8.0G

             total       used       free     shared    buffers     cached
Mem:          992M       921M        70M       1.1M       908K       184M
-/+ buffers/cache:       736M       255M
Swap:         8.0G       7.9M       8.0G

             total       used       free     shared    buffers     cached
Mem:          992M       913M        78M       1.1M       208K       162M
-/+ buffers/cache:       750M       241M
Swap:         8.0G       7.9M       8.0G

             total       used       free     shared    buffers     cached
Mem:          992M       927M        64M       1.1M       424K       162M
-/+ buffers/cache:       764M       227M
Swap:         8.0G       7.9M       8.0G

             total       used       free     shared    buffers     cached
Mem:          992M       920M        71M       1.1M       428K       143M
-/+ buffers/cache:       776M       215M
Swap:         8.0G       7.9M       8.0G

             total       used       free     shared    buffers     cached
Mem:          992M       928M        63M       1.1M       428K       143M
-/+ buffers/cache:       785M       207M
Swap:         8.0G       7.9M       8.0G

             total       used       free     shared    buffers     cached
Mem:          992M       924M        67M       1.1M       268K       126M
-/+ buffers/cache:       798M       194M
Swap:         8.0G       7.9M       8.0G

             total       used       free     shared    buffers     cached
Mem:          992M       922M        70M       1.1M       272K       111M
-/+ buffers/cache:       810M       181M
Swap:         8.0G       7.9M       8.0G

             total       used       free     shared    buffers     cached
Mem:          992M       921M        70M       1.1M       280K        98M
-/+ buffers/cache:       822M       169M
Swap:         8.0G       7.9M       8.0G

             total       used       free     shared    buffers     cached
Mem:          992M       923M        68M       1.1M       280K        87M
-/+ buffers/cache:       835M       156M
Swap:         8.0G       7.9M       8.0G

             total       used       free     shared    buffers     cached
Mem:          992M       913M        79M       1.1M       2.7M        59M
-/+ buffers/cache:       850M       141M
Swap:         8.0G       7.9M       8.0G

             total       used       free     shared    buffers     cached
Mem:          992M       927M        64M       1.1M       2.7M        59M
-/+ buffers/cache:       865M       127M
Swap:         8.0G       7.9M       8.0G

             total       used       free     shared    buffers     cached
Mem:          992M       926M        65M       1.1M       2.7M        45M
-/+ buffers/cache:       878M       113M
Swap:         8.0G       7.9M       8.0G

             total       used       free     shared    buffers     cached
Mem:          992M       922M        69M       1.1M       2.7M        29M
-/+ buffers/cache:       891M       100M
Swap:         8.0G       7.9M       8.0G

             total       used       free     shared    buffers     cached
Mem:          992M       921M        70M       1.0M       2.7M        16M
-/+ buffers/cache:       902M        89M
Swap:         8.0G        11M       8.0G

             total       used       free     shared    buffers     cached
Mem:          992M       922M        69M       1.0M       372K       9.3M
-/+ buffers/cache:       913M        79M
Swap:         8.0G        14M       8.0G

             total       used       free     shared    buffers     cached
Mem:          992M       923M        68M       992K       364K       3.2M
-/+ buffers/cache:       920M        71M
Swap:         8.0G        23M       8.0G

             total       used       free     shared    buffers     cached
Mem:          992M       921M        71M       724K       496K       2.8M
-/+ buffers/cache:       917M        74M
Swap:         8.0G        43M       8.0G

             total       used       free     shared    buffers     cached
Mem:          992M       920M        71M       696K       504K       2.5M
-/+ buffers/cache:       917M        74M
Swap:         8.0G        55M       7.9G

             total       used       free     shared    buffers     cached
Mem:          992M       918M        74M       684K       476K       2.3M
-/+ buffers/cache:       915M        76M
Swap:         8.0G        75M       7.9G

             total       used       free     shared    buffers     cached
Mem:          992M       919M        72M       664K       452K       2.4M
-/+ buffers/cache:       916M        75M
Swap:         8.0G        86M       7.9G

             total       used       free     shared    buffers     cached
Mem:          992M       923M        69M       656K       372K       2.6M
-/+ buffers/cache:       920M        72M
Swap:         8.0G        93M       7.9G

             total       used       free     shared    buffers     cached
Mem:          992M       913M        78M       656K       180K       2.5M
-/+ buffers/cache:       910M        81M
Swap:         8.0G       119M       7.9G

             total       used       free     shared    buffers     cached
Mem:          992M       927M        64M       652K       188K       2.5M
-/+ buffers/cache:       924M        67M
Swap:         8.0G       119M       7.9G

             total       used       free     shared    buffers     cached
Mem:          992M       925M        67M       652K       188K       2.4M
-/+ buffers/cache:       922M        69M
Swap:         8.0G       134M       7.9G

             total       used       free     shared    buffers     cached
Mem:          992M       922M        69M       648K       180K       2.5M
-/+ buffers/cache:       920M        71M
Swap:         8.0G       150M       7.8G

             total       used       free     shared    buffers     cached
Mem:          992M       920M        72M       588K        76K       2.6M
-/+ buffers/cache:       917M        74M
Swap:         8.0G       175M       7.8G

             total       used       free     shared    buffers     cached
Mem:          992M       921M        70M       580K        76K       2.6M
-/+ buffers/cache:       918M        73M
Swap:         8.0G       175M       7.8G

             total       used       free     shared    buffers     cached
Mem:          992M       914M        77M       580K        76K       2.6M
-/+ buffers/cache:       912M        80M
Swap:         8.0G       199M       7.8G

             total       used       free     shared    buffers     cached
Mem:          992M       927M        64M       572K        84K       2.6M
-/+ buffers/cache:       924M        67M
Swap:         8.0G       199M       7.8G

             total       used       free     shared    buffers     cached
Mem:          992M       925M        66M       556K        88K       2.6M
-/+ buffers/cache:       922M        69M
Swap:         8.0G       233M       7.8G

             total       used       free     shared    buffers     cached
Mem:          992M       928M        64M       556K        88K       2.6M
-/+ buffers/cache:       925M        66M
Swap:         8.0G       233M       7.8G

             total       used       free     shared    buffers     cached
Mem:          992M       924M        68M       536K        88K       2.5M
-/+ buffers/cache:       921M        70M
Swap:         8.0G       251M       7.8G

             total       used       free     shared    buffers     cached
Mem:          992M       917M        74M       536K        88K       2.5M
-/+ buffers/cache:       914M        77M
Swap:         8.0G       267M       7.7G

             total       used       free     shared    buffers     cached
Mem:          992M       920M        71M       536K        92K       2.5M
-/+ buffers/cache:       918M        74M
Swap:         8.0G       267M       7.7G

             total       used       free     shared    buffers     cached
Mem:          992M       926M        66M       536K        96K       2.5M
-/+ buffers/cache:       923M        68M
Swap:         8.0G       267M       7.7G

             total       used       free     shared    buffers     cached
Mem:          992M       915M        76M       536K        96K       2.5M
-/+ buffers/cache:       912M        79M
Swap:         8.0G       284M       7.7G

             total       used       free     shared    buffers     cached
Mem:          992M       921M        70M       536K        96K       2.5M
-/+ buffers/cache:       919M        73M
Swap:         8.0G       284M       7.7G

             total       used       free     shared    buffers     cached
Mem:          992M       928M        63M       536K        96K       2.5M
-/+ buffers/cache:       925M        66M
Swap:         8.0G       284M       7.7G

             total       used       free     shared    buffers     cached
Mem:          992M       920M        71M       536K       104K       2.5M
-/+ buffers/cache:       917M        74M
Swap:         8.0G       303M       7.7G

             total       used       free     shared    buffers     cached
Mem:          992M       925M        66M       536K       104K       2.5M
-/+ buffers/cache:       923M        68M
Swap:         8.0G       303M       7.7G

             total       used       free     shared    buffers     cached
Mem:          992M       931M        61M       536K       104K       2.5M
-/+ buffers/cache:       928M        63M
Swap:         8.0G       303M       7.7G

             total       used       free     shared    buffers     cached
Mem:          992M       922M        69M       536K       104K       2.4M
-/+ buffers/cache:       919M        72M
Swap:         8.0G       313M       7.7G

             total       used       free     shared    buffers     cached
Mem:          992M       927M        64M       536K       104K       2.4M
-/+ buffers/cache:       925M        66M
Swap:         8.0G       313M       7.7G

             total       used       free     shared    buffers     cached
Mem:          992M       920M        71M       536K       104K       2.5M
-/+ buffers/cache:       917M        74M
Swap:         8.0G       326M       7.7G

             total       used       free     shared    buffers     cached
Mem:          992M       921M        70M        16K       108K       1.9M
-/+ buffers/cache:       919M        72M
Swap:         8.0G       317M       7.7G

             total       used       free     shared    buffers     cached
Mem:          992M       920M        71M         8K       108K       1.8M
-/+ buffers/cache:       918M        73M
Swap:         8.0G       315M       7.7G

             total       used       free     shared    buffers     cached
Mem:          992M       921M        71M         0B        92K       1.7M
-/+ buffers/cache:       919M        72M
Swap:         8.0G       320M       7.7G

             total       used       free     shared    buffers     cached
Mem:          992M       912M        79M         0B        84K       1.6M
-/+ buffers/cache:       910M        81M
Swap:         8.0G       335M       7.7G

             total       used       free     shared    buffers     cached
Mem:          992M       930M        61M         0B        76K       1.5M
-/+ buffers/cache:       928M        63M
Swap:         8.0G       314M       7.7G

             total       used       free     shared    buffers     cached
Mem:          992M       920M        72M         0B        84K       1.4M
-/+ buffers/cache:       918M        73M
Swap:         8.0G       319M       7.7G

             total       used       free     shared    buffers     cached
Mem:          992M       920M        72M         0B        84K       1.4M
-/+ buffers/cache:       918M        73M
Swap:         8.0G       319M       7.7G

             total       used       free     shared    buffers     cached
Mem:          992M       919M        72M         0B        84K       1.4M
-/+ buffers/cache:       917M        74M
Swap:         8.0G       320M       7.7G

             total       used       free     shared    buffers     cached
Mem:          992M       922M        69M         0B        84K       1.3M
-/+ buffers/cache:       921M        70M
Swap:         8.0G       323M       7.7G

             total       used       free     shared    buffers     cached
Mem:          992M       921M        70M         0B        84K       1.5M
-/+ buffers/cache:       920M        71M
Swap:         8.0G       328M       7.7G

             total       used       free     shared    buffers     cached
Mem:          992M       920M        71M         0B        92K       1.4M
-/+ buffers/cache:       918M        73M
Swap:         8.0G       334M       7.7G

             total       used       free     shared    buffers     cached
Mem:          992M       924M        67M         0B        96K       1.4M
-/+ buffers/cache:       922M        69M
Swap:         8.0G       429M       7.6G

             total       used       free     shared    buffers     cached
Mem:          992M       908M        83M         0B       536K        20M
-/+ buffers/cache:       887M       104M
Swap:         8.0G       393M       7.6G

             total       used       free     shared    buffers     cached
Mem:          992M       912M        79M         0B       536K        20M
-/+ buffers/cache:       891M       100M
Swap:         8.0G       391M       7.6G

             total       used       free     shared    buffers     cached
Mem:          992M       916M        75M         0B       544K        20M
-/+ buffers/cache:       896M        96M
Swap:         8.0G       390M       7.6G

             total       used       free     shared    buffers     cached
Mem:          992M       922M        69M         0B       544K        20M
-/+ buffers/cache:       902M        90M
Swap:         8.0G       390M       7.6G

             total       used       free     shared    buffers     cached
Mem:          992M       924M        67M         0B       552K        20M
-/+ buffers/cache:       903M        88M
Swap:         8.0G       390M       7.6G

             total       used       free     shared    buffers     cached
Mem:          992M       930M        61M         0B       552K        20M
-/+ buffers/cache:       909M        82M
Swap:         8.0G       389M       7.6G

             total       used       free     shared    buffers     cached
Mem:          992M       923M        68M         0B       552K        19M
-/+ buffers/cache:       903M        88M
Swap:         8.0G       389M       7.6G

             total       used       free     shared    buffers     cached
Mem:          992M       929M        63M         0B       552K        19M
-/+ buffers/cache:       908M        83M
Swap:         8.0G       389M       7.6G

             total       used       free     shared    buffers     cached
Mem:          992M       915M        76M         0B       552K        18M
-/+ buffers/cache:       896M        95M
Swap:         8.0G       392M       7.6G

             total       used       free     shared    buffers     cached
Mem:          992M       921M        70M         0B       560K        18M
-/+ buffers/cache:       901M        90M
Swap:         8.0G       392M       7.6G

             total       used       free     shared    buffers     cached
Mem:          992M       927M        64M         0B       560K        18M
-/+ buffers/cache:       907M        84M
Swap:         8.0G       392M       7.6G

             total       used       free     shared    buffers     cached
Mem:          992M       928M        63M         0B       560K        18M
-/+ buffers/cache:       909M        82M
Swap:         8.0G       392M       7.6G

             total       used       free     shared    buffers     cached
Mem:          992M       930M        61M         0B       560K        18M
-/+ buffers/cache:       911M        80M
Swap:         8.0G       391M       7.6G

             total       used       free     shared    buffers     cached
Mem:          992M       917M        74M         0B       560K        17M
-/+ buffers/cache:       899M        92M
Swap:         8.0G       422M       7.6G

             total       used       free     shared    buffers     cached
Mem:          992M       919M        73M         0B       568K        17M
-/+ buffers/cache:       900M        91M
Swap:         8.0G       421M       7.6G

             total       used       free     shared    buffers     cached
Mem:          992M       921M        70M         0B       568K        18M
-/+ buffers/cache:       902M        89M
Swap:         8.0G       420M       7.6G

             total       used       free     shared    buffers     cached
Mem:          992M       923M        68M         0B       568K        18M
-/+ buffers/cache:       904M        87M
Swap:         8.0G       419M       7.6G

             total       used       free     shared    buffers     cached
Mem:          992M       924M        67M         0B       568K        18M
-/+ buffers/cache:       906M        86M
Swap:         8.0G       419M       7.6G

             total       used       free     shared    buffers     cached
Mem:          992M       926M        65M         0B       568K        18M
-/+ buffers/cache:       907M        84M
Swap:         8.0G       418M       7.6G

             total       used       free     shared    buffers     cached
Mem:          992M       928M        63M         0B       568K        18M
-/+ buffers/cache:       909M        82M
Swap:         8.0G       418M       7.6G

             total       used       free     shared    buffers     cached
Mem:          992M       929M        62M         0B       576K        18M
-/+ buffers/cache:       911M        81M
Swap:         8.0G       417M       7.6G

             total       used       free     shared    buffers     cached
Mem:          992M       931M        60M         0B       576K        18M
-/+ buffers/cache:       912M        79M
Swap:         8.0G       417M       7.6G

             total       used       free     shared    buffers     cached
Mem:          992M       918M        74M         0B       576K        17M
-/+ buffers/cache:       899M        92M
Swap:         8.0G       416M       7.6G

             total       used       free     shared    buffers     cached
Mem:          992M       919M        72M         0B       576K        17M
-/+ buffers/cache:       901M        90M
Swap:         8.0G       416M       7.6G

             total       used       free     shared    buffers     cached
Mem:          992M       921M        70M         0B       576K        17M
-/+ buffers/cache:       903M        88M
Swap:         8.0G       415M       7.6G

             total       used       free     shared    buffers     cached
Mem:          992M       923M        68M         0B       584K        17M
-/+ buffers/cache:       904M        87M
Swap:         8.0G       415M       7.6G

             total       used       free     shared    buffers     cached
Mem:          992M       925M        67M         0B       584K        17M
-/+ buffers/cache:       906M        85M
Swap:         8.0G       414M       7.6G

             total       used       free     shared    buffers     cached
Mem:          992M       926M        65M         0B       584K        17M
-/+ buffers/cache:       908M        83M
Swap:         8.0G       414M       7.6G

             total       used       free     shared    buffers     cached
Mem:          992M       928M        63M         0B       584K        17M
-/+ buffers/cache:       909M        82M
Swap:         8.0G       413M       7.6G

             total       used       free     shared    buffers     cached
Mem:          992M       930M        62M         0B       584K        17M
-/+ buffers/cache:       911M        80M
Swap:         8.0G       412M       7.6G

             total       used       free     shared    buffers     cached
Mem:          992M       917M        74M         0B       592K        15M
-/+ buffers/cache:       902M        90M
Swap:         8.0G       426M       7.6G

             total       used       free     shared    buffers     cached
Mem:          992M       919M        72M         0B       592K        15M
-/+ buffers/cache:       903M        88M
Swap:         8.0G       425M       7.6G

             total       used       free     shared    buffers     cached
Mem:          992M       921M        71M         0B       592K        15M
-/+ buffers/cache:       905M        86M
Swap:         8.0G       425M       7.6G

             total       used       free     shared    buffers     cached
Mem:          992M       923M        69M         0B       592K        15M
-/+ buffers/cache:       907M        84M
Swap:         8.0G       424M       7.6G

             total       used       free     shared    buffers     cached
Mem:          992M       924M        67M         0B       592K        15M
-/+ buffers/cache:       909M        83M
Swap:         8.0G       424M       7.6G

             total       used       free     shared    buffers     cached
Mem:          992M       926M        65M         0B       592K        15M
-/+ buffers/cache:       910M        81M
Swap:         8.0G       423M       7.6G

             total       used       free     shared    buffers     cached
Mem:          992M       928M        63M         0B       600K        15M
-/+ buffers/cache:       912M        79M
Swap:         8.0G       423M       7.6G

             total       used       free     shared    buffers     cached
Mem:          992M       930M        62M         0B       600K        15M
-/+ buffers/cache:       914M        77M
Swap:         8.0G       422M       7.6G

             total       used       free     shared    buffers     cached
Mem:          992M       917M        74M         0B       600K        12M
-/+ buffers/cache:       904M        87M
Swap:         8.0G       424M       7.6G

             total       used       free     shared    buffers     cached
Mem:          992M       919M        72M         0B       600K        12M
-/+ buffers/cache:       906M        85M
Swap:         8.0G       424M       7.6G

             total       used       free     shared    buffers     cached
Mem:          992M       921M        71M         0B       600K        12M
-/+ buffers/cache:       908M        83M
Swap:         8.0G       423M       7.6G

             total       used       free     shared    buffers     cached
Mem:          992M       922M        69M         0B       608K        12M
-/+ buffers/cache:       909M        82M
Swap:         8.0G       422M       7.6G

             total       used       free     shared    buffers     cached
Mem:          992M       924M        67M         0B       608K        12M
-/+ buffers/cache:       911M        80M
Swap:         8.0G       422M       7.6G

             total       used       free     shared    buffers     cached
Mem:          992M       926M        66M         0B       616K        12M
-/+ buffers/cache:       913M        78M
Swap:         8.0G       421M       7.6G

             total       used       free     shared    buffers     cached
Mem:          992M       927M        64M         0B       616K        12M
-/+ buffers/cache:       915M        77M
Swap:         8.0G       421M       7.6G

             total       used       free     shared    buffers     cached
Mem:          992M       929M        62M         0B       616K        12M
-/+ buffers/cache:       916M        75M
Swap:         8.0G       420M       7.6G

             total       used       free     shared    buffers     cached
Mem:          992M       931M        61M         0B       624K        12M
-/+ buffers/cache:       918M        73M
Swap:         8.0G       420M       7.6G

             total       used       free     shared    buffers     cached
Mem:          992M       918M        73M         0B       248K       2.6M
-/+ buffers/cache:       915M        76M
Swap:         8.0G       429M       7.6G

             total       used       free     shared    buffers     cached
Mem:          992M       920M        71M         0B       248K       2.6M
-/+ buffers/cache:       917M        74M
Swap:         8.0G       428M       7.6G

             total       used       free     shared    buffers     cached
Mem:          992M       922M        70M         0B       248K       2.6M
-/+ buffers/cache:       919M        72M
Swap:         8.0G       428M       7.6G

             total       used       free     shared    buffers     cached
Mem:          992M       923M        68M         0B       256K       2.6M
-/+ buffers/cache:       920M        71M
Swap:         8.0G       427M       7.6G

             total       used       free     shared    buffers     cached
Mem:          992M       925M        66M         0B       256K       2.6M
-/+ buffers/cache:       922M        69M
Swap:         8.0G       426M       7.6G

             total       used       free     shared    buffers     cached
Mem:          992M       926M        65M         0B       264K       2.7M
-/+ buffers/cache:       923M        68M
Swap:         8.0G       426M       7.6G

             total       used       free     shared    buffers     cached
Mem:          992M       928M        63M         0B       264K       2.7M
-/+ buffers/cache:       925M        66M
Swap:         8.0G       425M       7.6G

             total       used       free     shared    buffers     cached
Mem:          992M       930M        61M         0B       264K       2.7M
-/+ buffers/cache:       927M        64M
Swap:         8.0G       424M       7.6G

             total       used       free     shared    buffers     cached
Mem:          992M       919M        73M         0B       260K       2.3M
-/+ buffers/cache:       916M        75M
Swap:         8.0G       438M       7.6G

             total       used       free     shared    buffers     cached
Mem:          992M       920M        71M         0B       260K       2.3M
-/+ buffers/cache:       918M        73M
Swap:         8.0G       437M       7.6G

             total       used       free     shared    buffers     cached
Mem:          992M       922M        69M         0B       268K       2.3M
-/+ buffers/cache:       920M        72M
Swap:         8.0G       435M       7.6G

             total       used       free     shared    buffers     cached
Mem:          992M       924M        67M         0B       268K       2.3M
-/+ buffers/cache:       921M        70M
Swap:         8.0G       434M       7.6G

             total       used       free     shared    buffers     cached
Mem:          992M       920M        71M         0B       220K        10M
-/+ buffers/cache:       909M        82M
Swap:         8.0G       448M       7.6G

             total       used       free     shared    buffers     cached
Mem:          992M       927M        64M         0B       664K        15M
-/+ buffers/cache:       911M        80M
Swap:         8.0G       447M       7.6G

             total       used       free     shared    buffers     cached
Mem:          992M       930M        61M         0B       664K        15M
-/+ buffers/cache:       914M        77M
Swap:         8.0G       446M       7.6G

             total       used       free     shared    buffers     cached
Mem:          992M       916M        75M         0B       612K       9.6M
-/+ buffers/cache:       906M        85M
Swap:         8.0G       463M       7.5G

             total       used       free     shared    buffers     cached
Mem:          992M       919M        72M         0B       644K        11M
-/+ buffers/cache:       908M        84M
Swap:         8.0G       462M       7.5G

             total       used       free     shared    buffers     cached
Mem:          992M       921M        71M         0B       644K        11M
-/+ buffers/cache:       909M        83M
Swap:         8.0G       461M       7.5G

             total       used       free     shared    buffers     cached
Mem:          992M       920M        72M        16K       584K        25M
-/+ buffers/cache:       893M        98M
Swap:         8.0G       476M       7.5G

             total       used       free     shared    buffers     cached
Mem:          992M       919M        72M        16K       588K        27M
-/+ buffers/cache:       891M       100M
Swap:         8.0G       476M       7.5G

             total       used       free     shared    buffers     cached
Mem:          992M       920M        71M        16K       588K        27M
-/+ buffers/cache:       892M        99M
Swap:         8.0G       475M       7.5G

             total       used       free     shared    buffers     cached
Mem:          992M       921M        70M        16K       596K        27M
-/+ buffers/cache:       893M        98M
Swap:         8.0G       475M       7.5G

             total       used       free     shared    buffers     cached
Mem:          992M       922M        69M        16K       596K        27M
-/+ buffers/cache:       894M        97M
Swap:         8.0G       474M       7.5G

             total       used       free     shared    buffers     cached
Mem:          992M       923M        68M        16K       596K        27M
-/+ buffers/cache:       895M        96M
Swap:         8.0G       473M       7.5G

             total       used       free     shared    buffers     cached
Mem:          992M       924M        67M        16K       596K        27M
-/+ buffers/cache:       896M        95M
Swap:         8.0G       473M       7.5G

             total       used       free     shared    buffers     cached
Mem:          992M       926M        65M        16K       596K        27M
-/+ buffers/cache:       898M        94M
Swap:         8.0G       472M       7.5G

             total       used       free     shared    buffers     cached
Mem:          992M       928M        63M        16K       736K        28M
-/+ buffers/cache:       899M        92M
Swap:         8.0G       471M       7.5G

             total       used       free     shared    buffers     cached
Mem:          992M       930M        61M        16K       736K        28M
-/+ buffers/cache:       901M        91M
Swap:         8.0G       471M       7.5G

             total       used       free     shared    buffers     cached
Mem:          992M       931M        60M        16K       736K        28M
-/+ buffers/cache:       902M        90M
Swap:         8.0G       470M       7.5G

             total       used       free     shared    buffers     cached
Mem:          992M       919M        72M        16K       736K        27M
-/+ buffers/cache:       891M       100M
Swap:         8.0G       476M       7.5G

             total       used       free     shared    buffers     cached
Mem:          992M       921M        71M        16K       736K        27M
-/+ buffers/cache:       892M        99M
Swap:         8.0G       475M       7.5G

             total       used       free     shared    buffers     cached
Mem:          992M       922M        69M        16K       744K        27M
-/+ buffers/cache:       893M        98M
Swap:         8.0G       475M       7.5G

             total       used       free     shared    buffers     cached
Mem:          992M       923M        68M        16K       744K        27M
-/+ buffers/cache:       894M        97M
Swap:         8.0G       474M       7.5G

             total       used       free     shared    buffers     cached
Mem:          992M       924M        67M        16K       744K        27M
-/+ buffers/cache:       896M        96M
Swap:         8.0G       474M       7.5G

             total       used       free     shared    buffers     cached
Mem:          992M       925M        66M        16K       744K        27M
-/+ buffers/cache:       897M        94M
Swap:         8.0G       473M       7.5G

             total       used       free     shared    buffers     cached
Mem:          992M       926M        65M        16K       744K        27M
-/+ buffers/cache:       898M        93M
Swap:         8.0G       472M       7.5G

             total       used       free     shared    buffers     cached
Mem:          992M       928M        63M        16K       744K        27M
-/+ buffers/cache:       899M        92M
Swap:         8.0G       472M       7.5G

             total       used       free     shared    buffers     cached
Mem:          992M       929M        62M        16K       752K        27M
-/+ buffers/cache:       901M        90M
Swap:         8.0G       471M       7.5G

             total       used       free     shared    buffers     cached
Mem:          992M       930M        61M        16K       752K        27M
-/+ buffers/cache:       902M        89M
Swap:         8.0G       470M       7.5G

             total       used       free     shared    buffers     cached
Mem:          992M       914M        77M        16K       236K        24M
-/+ buffers/cache:       889M       102M
Swap:         8.0G       481M       7.5G

             total       used       free     shared    buffers     cached
Mem:          992M       915M        76M        16K       236K        24M
-/+ buffers/cache:       890M       101M
Swap:         8.0G       481M       7.5G

             total       used       free     shared    buffers     cached
Mem:          992M       916M        75M        16K       236K        24M
-/+ buffers/cache:       891M       100M
Swap:         8.0G       480M       7.5G

             total       used       free     shared    buffers     cached
Mem:          992M       917M        74M        16K       244K        24M
-/+ buffers/cache:       892M        99M
Swap:         8.0G       480M       7.5G

             total       used       free     shared    buffers     cached
Mem:          992M       918M        73M        16K       244K        24M
-/+ buffers/cache:       893M        98M
Swap:         8.0G       479M       7.5G

             total       used       free     shared    buffers     cached
Mem:          992M       920M        72M        16K       244K        24M
-/+ buffers/cache:       895M        97M
Swap:         8.0G       478M       7.5G

             total       used       free     shared    buffers     cached
Mem:          992M       921M        70M        16K       244K        24M
-/+ buffers/cache:       896M        95M
Swap:         8.0G       478M       7.5G

             total       used       free     shared    buffers     cached
Mem:          992M       922M        69M        16K       244K        24M
-/+ buffers/cache:       897M        94M
Swap:         8.0G       477M       7.5G

             total       used       free     shared    buffers     cached
Mem:          992M       924M        68M        16K       244K        24M
-/+ buffers/cache:       898M        93M
Swap:         8.0G       476M       7.5G

             total       used       free     shared    buffers     cached
Mem:          992M       925M        67M        16K       252K        24M
-/+ buffers/cache:       900M        92M
Swap:         8.0G       476M       7.5G

             total       used       free     shared    buffers     cached
Mem:          992M       926M        66M        16K       252K        24M
-/+ buffers/cache:       901M        91M
Swap:         8.0G       475M       7.5G

             total       used       free     shared    buffers     cached
Mem:          992M       927M        64M        16K       252K        24M
-/+ buffers/cache:       902M        89M
Swap:         8.0G       474M       7.5G

             total       used       free     shared    buffers     cached
Mem:          992M       928M        63M        16K       252K        24M
-/+ buffers/cache:       903M        88M
Swap:         8.0G       474M       7.5G

             total       used       free     shared    buffers     cached
Mem:          992M       929M        62M        16K       252K        24M
-/+ buffers/cache:       904M        87M
Swap:         8.0G       473M       7.5G

             total       used       free     shared    buffers     cached
Mem:          992M       931M        61M        16K       260K        24M
-/+ buffers/cache:       906M        86M
Swap:         8.0G       472M       7.5G

             total       used       free     shared    buffers     cached
Mem:          992M       905M        86M        16K       260K        18M
-/+ buffers/cache:       886M       105M
Swap:         8.0G       496M       7.5G

             total       used       free     shared    buffers     cached
Mem:          992M       906M        85M        16K       260K        18M
-/+ buffers/cache:       888M       104M
Swap:         8.0G       495M       7.5G

             total       used       free     shared    buffers     cached
Mem:          992M       907M        84M        16K       260K        18M
-/+ buffers/cache:       889M       103M
Swap:         8.0G       495M       7.5G

             total       used       free     shared    buffers     cached
Mem:          992M       909M        83M        16K       260K        18M
-/+ buffers/cache:       890M       101M
Swap:         8.0G       494M       7.5G

             total       used       free     shared    buffers     cached
Mem:          992M       910M        81M        16K       260K        18M
-/+ buffers/cache:       891M       100M
Swap:         8.0G       493M       7.5G

             total       used       free     shared    buffers     cached
Mem:          992M       911M        80M        16K       268K        18M
-/+ buffers/cache:       892M        99M
Swap:         8.0G       493M       7.5G

             total       used       free     shared    buffers     cached
Mem:          992M       912M        79M        16K       268K        18M
-/+ buffers/cache:       893M        98M
Swap:         8.0G       492M       7.5G

             total       used       free     shared    buffers     cached
Mem:          992M       914M        78M        16K       268K        18M
-/+ buffers/cache:       895M        96M
Swap:         8.0G       491M       7.5G

             total       used       free     shared    buffers     cached
Mem:          992M       915M        77M        16K       268K        18M
-/+ buffers/cache:       896M        95M
Swap:         8.0G       491M       7.5G

             total       used       free     shared    buffers     cached
Mem:          992M       916M        75M        16K       268K        18M
-/+ buffers/cache:       897M        94M
Swap:         8.0G       490M       7.5G

             total       used       free     shared    buffers     cached
Mem:          992M       917M        74M        16K       276K        18M
-/+ buffers/cache:       898M        93M
Swap:         8.0G       489M       7.5G

             total       used       free     shared    buffers     cached
Mem:          992M       918M        73M        16K       276K        18M
-/+ buffers/cache:       899M        92M
Swap:         8.0G       489M       7.5G

             total       used       free     shared    buffers     cached
Mem:          992M       919M        72M        16K       276K        18M
-/+ buffers/cache:       901M        90M
Swap:         8.0G       488M       7.5G

             total       used       free     shared    buffers     cached
Mem:          992M       921M        70M        16K       276K        18M
-/+ buffers/cache:       902M        89M
Swap:         8.0G       487M       7.5G

             total       used       free     shared    buffers     cached
Mem:          992M       922M        69M        16K       276K        18M
-/+ buffers/cache:       903M        88M
Swap:         8.0G       486M       7.5G

             total       used       free     shared    buffers     cached
Mem:          992M       923M        68M        16K       276K        18M
-/+ buffers/cache:       904M        87M
Swap:         8.0G       486M       7.5G

             total       used       free     shared    buffers     cached
Mem:          992M       924M        67M        16K       284K        18M
-/+ buffers/cache:       906M        86M
Swap:         8.0G       485M       7.5G

             total       used       free     shared    buffers     cached
Mem:          992M       926M        66M        16K       284K        18M
-/+ buffers/cache:       907M        84M
Swap:         8.0G       484M       7.5G

             total       used       free     shared    buffers     cached
Mem:          992M       919M        73M        16K       284K        24M
-/+ buffers/cache:       894M        97M
Swap:         8.0G       488M       7.5G

             total       used       free     shared    buffers     cached
Mem:          992M       920M        71M        16K       600K        24M
-/+ buffers/cache:       895M        96M
Swap:         8.0G       487M       7.5G

             total       used       free     shared    buffers     cached
Mem:          992M       922M        70M        16K       600K        24M
-/+ buffers/cache:       896M        95M
Swap:         8.0G       486M       7.5G

             total       used       free     shared    buffers     cached
Mem:          992M       923M        68M        16K       608K        24M
-/+ buffers/cache:       898M        94M
Swap:         8.0G       486M       7.5G

             total       used       free     shared    buffers     cached
Mem:          992M       924M        67M        16K       608K        24M
-/+ buffers/cache:       899M        92M
Swap:         8.0G       485M       7.5G

             total       used       free     shared    buffers     cached
Mem:          992M       925M        66M        16K       608K        24M
-/+ buffers/cache:       900M        91M
Swap:         8.0G       484M       7.5G

             total       used       free     shared    buffers     cached
Mem:          992M       926M        65M        16K       608K        24M
-/+ buffers/cache:       901M        90M
Swap:         8.0G       484M       7.5G

             total       used       free     shared    buffers     cached
Mem:          992M       928M        64M        16K       608K        24M
-/+ buffers/cache:       902M        89M
Swap:         8.0G       483M       7.5G

             total       used       free     shared    buffers     cached
Mem:          992M       929M        62M        16K       608K        24M
-/+ buffers/cache:       904M        87M
Swap:         8.0G       482M       7.5G

             total       used       free     shared    buffers     cached
Mem:          992M       931M        61M        16K       616K        24M
-/+ buffers/cache:       905M        86M
Swap:         8.0G       481M       7.5G

             total       used       free     shared    buffers     cached
Mem:          992M       915M        76M        16K       428K        21M
-/+ buffers/cache:       893M        98M
Swap:         8.0G       492M       7.5G

             total       used       free     shared    buffers     cached
Mem:          992M       918M        73M        20K       564K        23M
-/+ buffers/cache:       894M        97M
Swap:         8.0G       492M       7.5G

             total       used       free     shared    buffers     cached
Mem:          992M       919M        72M        20K       564K        22M
-/+ buffers/cache:       896M        95M
Swap:         8.0G       491M       7.5G

             total       used       free     shared    buffers     cached
Mem:          992M       921M        71M        20K       564K        22M
-/+ buffers/cache:       897M        94M
Swap:         8.0G       490M       7.5G

             total       used       free     shared    buffers     cached
Mem:          992M       929M        62M        20K       572K        25M
-/+ buffers/cache:       903M        88M
Swap:         8.0G       487M       7.5G

             total       used       free     shared    buffers     cached
Mem:          992M       930M        61M        20K       572K        25M
-/+ buffers/cache:       904M        87M
Swap:         8.0G       486M       7.5G

             total       used       free     shared    buffers     cached
Mem:          992M       923M        69M        20K       556K        26M
-/+ buffers/cache:       895M        96M
Swap:         8.0G       505M       7.5G

             total       used       free     shared    buffers     cached
Mem:          992M       923M        68M        20K       556K        26M
-/+ buffers/cache:       896M        95M
Swap:         8.0G       504M       7.5G

             total       used       free     shared    buffers     cached
Mem:          992M       924M        67M        20K       556K        26M
-/+ buffers/cache:       897M        94M
Swap:         8.0G       504M       7.5G

             total       used       free     shared    buffers     cached
Mem:          992M       925M        66M        20K       556K        26M
-/+ buffers/cache:       898M        93M
Swap:         8.0G       503M       7.5G

             total       used       free     shared    buffers     cached
Mem:          992M       926M        66M        20K       564K        26M
-/+ buffers/cache:       898M        93M
Swap:         8.0G       503M       7.5G

             total       used       free     shared    buffers     cached
Mem:          992M       926M        65M        20K       564K        26M
-/+ buffers/cache:       899M        92M
Swap:         8.0G       503M       7.5G

             total       used       free     shared    buffers     cached
Mem:          992M       927M        64M        20K       564K        26M
-/+ buffers/cache:       900M        91M
Swap:         8.0G       502M       7.5G

             total       used       free     shared    buffers     cached
Mem:          992M       928M        63M        20K       564K        26M
-/+ buffers/cache:       901M        91M
Swap:         8.0G       502M       7.5G

             total       used       free     shared    buffers     cached
Mem:          992M       929M        63M        20K       564K        26M
-/+ buffers/cache:       901M        90M
Swap:         8.0G       502M       7.5G

             total       used       free     shared    buffers     cached
Mem:          992M       929M        62M        20K       572K        26M
-/+ buffers/cache:       902M        89M
Swap:         8.0G       501M       7.5G

             total       used       free     shared    buffers     cached
Mem:          992M       930M        61M        20K       572K        26M
-/+ buffers/cache:       903M        89M
Swap:         8.0G       501M       7.5G

             total       used       free     shared    buffers     cached
Mem:          992M       919M        72M       3.8M       3.0M        51M
-/+ buffers/cache:       864M       127M
Swap:         8.0G       559M       7.5G

             total       used       free     shared    buffers     cached
Mem:          992M       918M        73M       3.9M       4.7M        68M
-/+ buffers/cache:       844M       147M
Swap:         8.0G       580M       7.4G

             total       used       free     shared    buffers     cached
Mem:          992M       928M        63M       224K       5.0M        68M
-/+ buffers/cache:       855M       137M
Swap:         8.0G       576M       7.4G

             total       used       free     shared    buffers     cached
Mem:          992M       929M        62M       224K       5.0M        68M
-/+ buffers/cache:       856M       135M
Swap:         8.0G       576M       7.4G

             total       used       free     shared    buffers     cached
Mem:          992M       930M        62M       224K       5.0M        68M
-/+ buffers/cache:       856M       135M
Swap:         8.0G       576M       7.4G

             total       used       free     shared    buffers     cached
Mem:          992M       918M        73M       224K       5.0M        66M
-/+ buffers/cache:       847M       144M
Swap:         8.0G       575M       7.4G

             total       used       free     shared    buffers     cached
Mem:          992M       920M        72M       224K       5.0M        66M
-/+ buffers/cache:       848M       143M
Swap:         8.0G       575M       7.4G

             total       used       free     shared    buffers     cached
Mem:          992M       922M        69M       224K       5.2M        67M
-/+ buffers/cache:       850M       141M
Swap:         8.0G       574M       7.4G

             total       used       free     shared    buffers     cached
Mem:          992M       924M        67M       224K       5.2M        67M
-/+ buffers/cache:       852M       140M
Swap:         8.0G       573M       7.4G

             total       used       free     shared    buffers     cached
Mem:          992M       925M        66M       224K       5.2M        67M
-/+ buffers/cache:       853M       138M
Swap:         8.0G       573M       7.4G

             total       used       free     shared    buffers     cached
Mem:          992M       927M        64M       224K       5.2M        67M
-/+ buffers/cache:       855M       137M
Swap:         8.0G       572M       7.4G

             total       used       free     shared    buffers     cached
Mem:          992M       928M        63M       224K       5.2M        67M
-/+ buffers/cache:       856M       135M
Swap:         8.0G       572M       7.4G

             total       used       free     shared    buffers     cached
Mem:          992M       930M        61M       224K       5.2M        67M
-/+ buffers/cache:       858M       133M
Swap:         8.0G       571M       7.4G

             total       used       free     shared    buffers     cached
Mem:          992M       915M        77M       224K       4.9M        62M
-/+ buffers/cache:       847M       144M
Swap:         8.0G       590M       7.4G

             total       used       free     shared    buffers     cached
Mem:          992M       916M        75M       224K       4.9M        62M
-/+ buffers/cache:       848M       143M
Swap:         8.0G       589M       7.4G

             total       used       free     shared    buffers     cached
Mem:          992M       918M        74M       224K       4.9M        62M
-/+ buffers/cache:       850M       142M
Swap:         8.0G       589M       7.4G

             total       used       free     shared    buffers     cached
Mem:          992M       919M        72M       224K       4.9M        62M
-/+ buffers/cache:       851M       140M
Swap:         8.0G       588M       7.4G

             total       used       free     shared    buffers     cached
Mem:          992M       920M        71M       224K       4.9M        62M
-/+ buffers/cache:       853M       139M
Swap:         8.0G       587M       7.4G

             total       used       free     shared    buffers     cached
Mem:          992M       922M        69M       224K       4.9M        62M
-/+ buffers/cache:       854M       137M
Swap:         8.0G       587M       7.4G

             total       used       free     shared    buffers     cached
Mem:          992M       923M        68M       224K       4.9M        62M
-/+ buffers/cache:       855M       136M
Swap:         8.0G       586M       7.4G

             total       used       free     shared    buffers     cached
Mem:          992M       925M        66M       224K       4.9M        62M
-/+ buffers/cache:       857M       134M
Swap:         8.0G       586M       7.4G

             total       used       free     shared    buffers     cached
Mem:          992M       926M        65M       224K       4.9M        62M
-/+ buffers/cache:       858M       133M
Swap:         8.0G       585M       7.4G

             total       used       free     shared    buffers     cached
Mem:          992M       928M        64M       224K       4.9M        62M
-/+ buffers/cache:       860M       132M
Swap:         8.0G       585M       7.4G

             total       used       free     shared    buffers     cached
Mem:          992M       929M        62M       224K       4.9M        62M
-/+ buffers/cache:       861M       130M
Swap:         8.0G       584M       7.4G

             total       used       free     shared    buffers     cached
Mem:          992M       930M        61M       224K       4.9M        62M
-/+ buffers/cache:       862M       129M
Swap:         8.0G       583M       7.4G

             total       used       free     shared    buffers     cached
Mem:          992M       915M        77M       224K       4.9M        62M
-/+ buffers/cache:       847M       144M
Swap:         8.0G       589M       7.4G

             total       used       free     shared    buffers     cached
Mem:          992M       916M        75M       224K       4.9M        62M
-/+ buffers/cache:       849M       142M
Swap:         8.0G       589M       7.4G

             total       used       free     shared    buffers     cached
Mem:          992M       918M        73M       224K       4.9M        62M
-/+ buffers/cache:       850M       141M
Swap:         8.0G       588M       7.4G

             total       used       free     shared    buffers     cached
Mem:          992M       919M        72M       224K       4.9M        62M
-/+ buffers/cache:       852M       140M
Swap:         8.0G       588M       7.4G

             total       used       free     shared    buffers     cached
Mem:          992M       921M        71M       224K       5.0M        62M
-/+ buffers/cache:       853M       138M
Swap:         8.0G       587M       7.4G

             total       used       free     shared    buffers     cached
Mem:          992M       922M        69M       224K       5.0M        62M
-/+ buffers/cache:       854M       137M
Swap:         8.0G       587M       7.4G

             total       used       free     shared    buffers     cached
Mem:          992M       923M        68M       224K       5.0M        62M
-/+ buffers/cache:       856M       135M
Swap:         8.0G       586M       7.4G

             total       used       free     shared    buffers     cached
Mem:          992M       925M        67M       224K       5.0M        62M
-/+ buffers/cache:       857M       134M
Swap:         8.0G       585M       7.4G

             total       used       free     shared    buffers     cached
Mem:          992M       926M        65M       224K       5.0M        62M
-/+ buffers/cache:       858M       133M
Swap:         8.0G       585M       7.4G

             total       used       free     shared    buffers     cached
Mem:          992M       928M        64M       224K       5.0M        63M
-/+ buffers/cache:       860M       132M
Swap:         8.0G       584M       7.4G

             total       used       free     shared    buffers     cached
Mem:          992M       922M        70M       272K       8.4M        72M
-/+ buffers/cache:       840M       151M
Swap:         8.0G       609M       7.4G

             total       used       free     shared    buffers     cached
Mem:          992M       917M        74M       272K       8.8M        74M
-/+ buffers/cache:       834M       157M
Swap:         8.0G       611M       7.4G
