             total       used       free     shared    buffers     cached
Mem:          2.0G       656M       1.3G       5.1M        38M       288M
-/+ buffers/cache:       329M       1.6G
Swap:         8.0G         0B       8.0G

             total       used       free     shared    buffers     cached
Mem:          2.0G       657M       1.3G       5.1M        38M       289M
-/+ buffers/cache:       329M       1.6G
Swap:         8.0G         0B       8.0G

             total       used       free     shared    buffers     cached
Mem:          2.0G       657M       1.3G       5.1M        38M       289M
-/+ buffers/cache:       329M       1.6G
Swap:         8.0G         0B       8.0G

             total       used       free     shared    buffers     cached
Mem:          2.0G       657M       1.3G       5.1M        38M       289M
-/+ buffers/cache:       329M       1.6G
Swap:         8.0G         0B       8.0G

             total       used       free     shared    buffers     cached
Mem:          2.0G       657M       1.3G       5.1M        38M       289M
-/+ buffers/cache:       329M       1.6G
Swap:         8.0G         0B       8.0G

             total       used       free     shared    buffers     cached
Mem:          2.0G       657M       1.3G       5.1M        38M       289M
-/+ buffers/cache:       329M       1.6G
Swap:         8.0G         0B       8.0G

             total       used       free     shared    buffers     cached
Mem:          2.0G       657M       1.3G       5.1M        38M       289M
-/+ buffers/cache:       329M       1.6G
Swap:         8.0G         0B       8.0G

             total       used       free     shared    buffers     cached
Mem:          2.0G       656M       1.3G       5.1M        38M       289M
-/+ buffers/cache:       329M       1.6G
Swap:         8.0G         0B       8.0G

             total       used       free     shared    buffers     cached
Mem:          2.0G       657M       1.3G       5.1M        38M       289M
-/+ buffers/cache:       329M       1.6G
Swap:         8.0G         0B       8.0G

             total       used       free     shared    buffers     cached
Mem:          2.0G       656M       1.3G       5.1M        38M       289M
-/+ buffers/cache:       329M       1.6G
Swap:         8.0G         0B       8.0G

             total       used       free     shared    buffers     cached
Mem:          2.0G       660M       1.3G       5.1M        38M       289M
-/+ buffers/cache:       332M       1.6G
Swap:         8.0G         0B       8.0G

             total       used       free     shared    buffers     cached
Mem:          2.0G       681M       1.3G       5.1M        38M       289M
-/+ buffers/cache:       353M       1.6G
Swap:         8.0G         0B       8.0G

             total       used       free     shared    buffers     cached
Mem:          2.0G       670M       1.3G       5.1M        38M       291M
-/+ buffers/cache:       339M       1.6G
Swap:         8.0G         0B       8.0G

             total       used       free     shared    buffers     cached
Mem:          2.0G       713M       1.3G       5.1M        38M       293M
-/+ buffers/cache:       381M       1.6G
Swap:         8.0G         0B       8.0G

             total       used       free     shared    buffers     cached
Mem:          2.0G       737M       1.2G       5.1M        38M       293M
-/+ buffers/cache:       404M       1.6G
Swap:         8.0G         0B       8.0G

             total       used       free     shared    buffers     cached
Mem:          2.0G       739M       1.2G       5.1M        38M       293M
-/+ buffers/cache:       406M       1.6G
Swap:         8.0G         0B       8.0G

             total       used       free     shared    buffers     cached
Mem:          2.0G       725M       1.2G       5.1M        39M       296M
-/+ buffers/cache:       390M       1.6G
Swap:         8.0G         0B       8.0G

             total       used       free     shared    buffers     cached
Mem:          2.0G       724M       1.2G       5.1M        39M       298M
-/+ buffers/cache:       387M       1.6G
Swap:         8.0G         0B       8.0G

             total       used       free     shared    buffers     cached
Mem:          2.0G       725M       1.2G       5.1M        39M       298M
-/+ buffers/cache:       387M       1.6G
Swap:         8.0G         0B       8.0G

             total       used       free     shared    buffers     cached
Mem:          2.0G       724M       1.2G       5.1M        39M       298M
-/+ buffers/cache:       387M       1.6G
Swap:         8.0G         0B       8.0G

             total       used       free     shared    buffers     cached
Mem:          2.0G       724M       1.2G       5.1M        39M       298M
-/+ buffers/cache:       387M       1.6G
Swap:         8.0G         0B       8.0G

             total       used       free     shared    buffers     cached
Mem:          2.0G       725M       1.2G       5.1M        39M       298M
-/+ buffers/cache:       387M       1.6G
Swap:         8.0G         0B       8.0G

             total       used       free     shared    buffers     cached
Mem:          2.0G       725M       1.2G       5.1M        39M       298M
-/+ buffers/cache:       387M       1.6G
Swap:         8.0G         0B       8.0G

             total       used       free     shared    buffers     cached
Mem:          2.0G       725M       1.2G       5.1M        39M       298M
-/+ buffers/cache:       387M       1.6G
Swap:         8.0G         0B       8.0G

             total       used       free     shared    buffers     cached
Mem:          2.0G       725M       1.2G       5.1M        39M       298M
-/+ buffers/cache:       387M       1.6G
Swap:         8.0G         0B       8.0G

             total       used       free     shared    buffers     cached
Mem:          2.0G       725M       1.2G       5.1M        39M       298M
-/+ buffers/cache:       387M       1.6G
Swap:         8.0G         0B       8.0G

             total       used       free     shared    buffers     cached
Mem:          2.0G       725M       1.2G       5.1M        39M       298M
-/+ buffers/cache:       387M       1.6G
Swap:         8.0G         0B       8.0G

             total       used       free     shared    buffers     cached
Mem:          2.0G       725M       1.2G       5.1M        39M       298M
-/+ buffers/cache:       387M       1.6G
Swap:         8.0G         0B       8.0G

             total       used       free     shared    buffers     cached
Mem:          2.0G       725M       1.2G       5.1M        39M       298M
-/+ buffers/cache:       387M       1.6G
Swap:         8.0G         0B       8.0G

             total       used       free     shared    buffers     cached
Mem:          2.0G       725M       1.2G       5.1M        39M       298M
-/+ buffers/cache:       387M       1.6G
Swap:         8.0G         0B       8.0G

             total       used       free     shared    buffers     cached
Mem:          2.0G       725M       1.2G       5.1M        39M       298M
-/+ buffers/cache:       387M       1.6G
Swap:         8.0G         0B       8.0G

             total       used       free     shared    buffers     cached
Mem:          2.0G       725M       1.2G       5.1M        39M       298M
-/+ buffers/cache:       387M       1.6G
Swap:         8.0G         0B       8.0G

             total       used       free     shared    buffers     cached
Mem:          2.0G       725M       1.2G       5.1M        39M       298M
-/+ buffers/cache:       387M       1.6G
Swap:         8.0G         0B       8.0G

             total       used       free     shared    buffers     cached
Mem:          2.0G       732M       1.2G       5.1M        39M       298M
-/+ buffers/cache:       394M       1.6G
Swap:         8.0G         0B       8.0G

             total       used       free     shared    buffers     cached
Mem:          2.0G       751M       1.2G       5.1M        39M       298M
-/+ buffers/cache:       413M       1.5G
Swap:         8.0G         0B       8.0G

             total       used       free     shared    buffers     cached
Mem:          2.0G       767M       1.2G       5.1M        39M       298M
-/+ buffers/cache:       429M       1.5G
Swap:         8.0G         0B       8.0G

             total       used       free     shared    buffers     cached
Mem:          2.0G       784M       1.2G       5.1M        39M       298M
-/+ buffers/cache:       446M       1.5G
Swap:         8.0G         0B       8.0G

             total       used       free     shared    buffers     cached
Mem:          2.0G       799M       1.2G       5.1M        39M       298M
-/+ buffers/cache:       461M       1.5G
Swap:         8.0G         0B       8.0G

             total       used       free     shared    buffers     cached
Mem:          2.0G       813M       1.2G       5.1M        39M       298M
-/+ buffers/cache:       475M       1.5G
Swap:         8.0G         0B       8.0G

             total       used       free     shared    buffers     cached
Mem:          2.0G       828M       1.1G       5.1M        39M       298M
-/+ buffers/cache:       490M       1.5G
Swap:         8.0G         0B       8.0G

             total       used       free     shared    buffers     cached
Mem:          2.0G       843M       1.1G       5.1M        39M       298M
-/+ buffers/cache:       505M       1.5G
Swap:         8.0G         0B       8.0G

             total       used       free     shared    buffers     cached
Mem:          2.0G       858M       1.1G       5.1M        39M       298M
-/+ buffers/cache:       520M       1.4G
Swap:         8.0G         0B       8.0G

             total       used       free     shared    buffers     cached
Mem:          2.0G       874M       1.1G       5.1M        39M       298M
-/+ buffers/cache:       536M       1.4G
Swap:         8.0G         0B       8.0G

             total       used       free     shared    buffers     cached
Mem:          2.0G       893M       1.1G       5.1M        39M       298M
-/+ buffers/cache:       555M       1.4G
Swap:         8.0G         0B       8.0G

             total       used       free     shared    buffers     cached
Mem:          2.0G       910M       1.1G       5.1M        39M       298M
-/+ buffers/cache:       572M       1.4G
Swap:         8.0G         0B       8.0G

             total       used       free     shared    buffers     cached
Mem:          2.0G       927M       1.0G       5.1M        39M       298M
-/+ buffers/cache:       589M       1.4G
Swap:         8.0G         0B       8.0G

             total       used       free     shared    buffers     cached
Mem:          2.0G       942M       1.0G       5.1M        39M       298M
-/+ buffers/cache:       604M       1.4G
Swap:         8.0G         0B       8.0G

             total       used       free     shared    buffers     cached
Mem:          2.0G       954M       1.0G       5.1M        39M       298M
-/+ buffers/cache:       616M       1.4G
Swap:         8.0G         0B       8.0G

             total       used       free     shared    buffers     cached
Mem:          2.0G       970M       1.0G       5.1M        39M       298M
-/+ buffers/cache:       632M       1.3G
Swap:         8.0G         0B       8.0G

             total       used       free     shared    buffers     cached
Mem:          2.0G       986M       1.0G       5.1M        39M       298M
-/+ buffers/cache:       648M       1.3G
Swap:         8.0G         0B       8.0G

             total       used       free     shared    buffers     cached
Mem:          2.0G       1.0G       996M       5.1M        39M       298M
-/+ buffers/cache:       665M       1.3G
Swap:         8.0G         0B       8.0G

             total       used       free     shared    buffers     cached
Mem:          2.0G       1.0G       979M       5.1M        39M       298M
-/+ buffers/cache:       682M       1.3G
Swap:         8.0G         0B       8.0G

             total       used       free     shared    buffers     cached
Mem:          2.0G       1.0G       963M       5.1M        39M       298M
-/+ buffers/cache:       698M       1.3G
Swap:         8.0G         0B       8.0G

             total       used       free     shared    buffers     cached
Mem:          2.0G       1.0G       947M       5.1M        39M       298M
-/+ buffers/cache:       714M       1.3G
Swap:         8.0G         0B       8.0G

             total       used       free     shared    buffers     cached
Mem:          2.0G       1.0G       930M       5.1M        39M       298M
-/+ buffers/cache:       731M       1.2G
Swap:         8.0G         0B       8.0G

             total       used       free     shared    buffers     cached
Mem:          2.0G       1.1G       914M       5.1M        39M       298M
-/+ buffers/cache:       747M       1.2G
Swap:         8.0G         0B       8.0G

             total       used       free     shared    buffers     cached
Mem:          2.0G       1.1G       898M       5.1M        39M       298M
-/+ buffers/cache:       763M       1.2G
Swap:         8.0G         0B       8.0G

             total       used       free     shared    buffers     cached
Mem:          2.0G       1.1G       881M       5.1M        39M       298M
-/+ buffers/cache:       780M       1.2G
Swap:         8.0G         0B       8.0G

             total       used       free     shared    buffers     cached
Mem:          2.0G       1.1G       866M       5.1M        39M       298M
-/+ buffers/cache:       795M       1.2G
Swap:         8.0G         0B       8.0G

             total       used       free     shared    buffers     cached
Mem:          2.0G       1.1G       850M       5.1M        39M       298M
-/+ buffers/cache:       811M       1.2G
Swap:         8.0G         0B       8.0G

             total       used       free     shared    buffers     cached
Mem:          2.0G       1.1G       833M       5.1M        39M       298M
-/+ buffers/cache:       828M       1.1G
Swap:         8.0G         0B       8.0G

             total       used       free     shared    buffers     cached
Mem:          2.0G       1.1G       824M       5.1M        39M       298M
-/+ buffers/cache:       837M       1.1G
Swap:         8.0G         0B       8.0G

             total       used       free     shared    buffers     cached
Mem:          2.0G       1.2G       807M       5.1M        39M       298M
-/+ buffers/cache:       854M       1.1G
Swap:         8.0G         0B       8.0G

             total       used       free     shared    buffers     cached
Mem:          2.0G       1.2G       791M       5.1M        39M       298M
-/+ buffers/cache:       870M       1.1G
Swap:         8.0G         0B       8.0G

             total       used       free     shared    buffers     cached
Mem:          2.0G       1.2G       774M       5.1M        39M       298M
-/+ buffers/cache:       887M       1.1G
Swap:         8.0G         0B       8.0G

             total       used       free     shared    buffers     cached
Mem:          2.0G       1.2G       758M       5.1M        39M       298M
-/+ buffers/cache:       903M       1.1G
Swap:         8.0G         0B       8.0G

             total       used       free     shared    buffers     cached
Mem:          2.0G       1.2G       741M       5.1M        39M       298M
-/+ buffers/cache:       920M       1.1G
Swap:         8.0G         0B       8.0G

             total       used       free     shared    buffers     cached
Mem:          2.0G       1.2G       725M       5.1M        39M       298M
-/+ buffers/cache:       936M       1.0G
Swap:         8.0G         0B       8.0G

             total       used       free     shared    buffers     cached
Mem:          2.0G       1.3G       709M       5.1M        39M       298M
-/+ buffers/cache:       952M       1.0G
Swap:         8.0G         0B       8.0G

             total       used       free     shared    buffers     cached
Mem:          2.0G       1.3G       693M       5.1M        39M       298M
-/+ buffers/cache:       968M       1.0G
Swap:         8.0G         0B       8.0G

             total       used       free     shared    buffers     cached
Mem:          2.0G       1.3G       675M       5.1M        39M       299M
-/+ buffers/cache:       986M       1.0G
Swap:         8.0G         0B       8.0G

             total       used       free     shared    buffers     cached
Mem:          2.0G       1.3G       659M       5.1M        39M       299M
-/+ buffers/cache:       1.0G       997M
Swap:         8.0G         0B       8.0G

             total       used       free     shared    buffers     cached
Mem:          2.0G       1.3G       644M       5.1M        39M       299M
-/+ buffers/cache:       1.0G       982M
Swap:         8.0G         0B       8.0G

             total       used       free     shared    buffers     cached
Mem:          2.0G       1.3G       628M       5.1M        39M       299M
-/+ buffers/cache:       1.0G       966M
Swap:         8.0G         0B       8.0G

             total       used       free     shared    buffers     cached
Mem:          2.0G       1.4G       612M       5.1M        39M       299M
-/+ buffers/cache:       1.0G       950M
Swap:         8.0G         0B       8.0G

             total       used       free     shared    buffers     cached
Mem:          2.0G       1.4G       597M       5.1M        39M       299M
-/+ buffers/cache:       1.0G       935M
Swap:         8.0G         0B       8.0G

             total       used       free     shared    buffers     cached
Mem:          2.0G       1.4G       582M       5.1M        39M       299M
-/+ buffers/cache:       1.1G       920M
Swap:         8.0G         0B       8.0G

             total       used       free     shared    buffers     cached
Mem:          2.0G       1.4G       567M       5.1M        39M       299M
-/+ buffers/cache:       1.1G       905M
Swap:         8.0G         0B       8.0G

             total       used       free     shared    buffers     cached
Mem:          2.0G       1.4G       552M       5.1M        39M       299M
-/+ buffers/cache:       1.1G       890M
Swap:         8.0G         0B       8.0G

             total       used       free     shared    buffers     cached
Mem:          2.0G       1.4G       537M       5.1M        39M       299M
-/+ buffers/cache:       1.1G       875M
Swap:         8.0G         0B       8.0G

             total       used       free     shared    buffers     cached
Mem:          2.0G       1.4G       520M       5.1M        39M       299M
-/+ buffers/cache:       1.1G       859M
Swap:         8.0G         0B       8.0G

             total       used       free     shared    buffers     cached
Mem:          2.0G       1.5G       505M       5.1M        39M       299M
-/+ buffers/cache:       1.1G       843M
Swap:         8.0G         0B       8.0G

             total       used       free     shared    buffers     cached
Mem:          2.0G       1.5G       490M       5.1M        39M       299M
-/+ buffers/cache:       1.1G       828M
Swap:         8.0G         0B       8.0G

             total       used       free     shared    buffers     cached
Mem:          2.0G       1.5G       476M       5.1M        39M       299M
-/+ buffers/cache:       1.2G       814M
Swap:         8.0G         0B       8.0G

             total       used       free     shared    buffers     cached
Mem:          2.0G       1.5G       460M       5.1M        39M       299M
-/+ buffers/cache:       1.2G       798M
Swap:         8.0G         0B       8.0G

             total       used       free     shared    buffers     cached
Mem:          2.0G       1.5G       445M       5.1M        39M       299M
-/+ buffers/cache:       1.2G       783M
Swap:         8.0G         0B       8.0G

             total       used       free     shared    buffers     cached
Mem:          2.0G       1.5G       430M       5.1M        39M       299M
-/+ buffers/cache:       1.2G       768M
Swap:         8.0G         0B       8.0G

             total       used       free     shared    buffers     cached
Mem:          2.0G       1.5G       415M       5.1M        39M       299M
-/+ buffers/cache:       1.2G       753M
Swap:         8.0G         0B       8.0G

             total       used       free     shared    buffers     cached
Mem:          2.0G       1.6G       399M       5.1M        39M       299M
-/+ buffers/cache:       1.2G       737M
Swap:         8.0G         0B       8.0G

             total       used       free     shared    buffers     cached
Mem:          2.0G       1.6G       384M       5.1M        39M       299M
-/+ buffers/cache:       1.2G       722M
Swap:         8.0G         0B       8.0G

             total       used       free     shared    buffers     cached
Mem:          2.0G       1.6G       374M       5.1M        39M       299M
-/+ buffers/cache:       1.3G       712M
Swap:         8.0G         0B       8.0G

             total       used       free     shared    buffers     cached
Mem:          2.0G       1.6G       367M       5.1M        39M       299M
-/+ buffers/cache:       1.3G       705M
Swap:         8.0G         0B       8.0G

             total       used       free     shared    buffers     cached
Mem:          2.0G       1.6G       350M       5.1M        39M       299M
-/+ buffers/cache:       1.3G       688M
Swap:         8.0G         0B       8.0G

             total       used       free     shared    buffers     cached
Mem:          2.0G       1.6G       334M       5.1M        39M       299M
-/+ buffers/cache:       1.3G       672M
Swap:         8.0G         0B       8.0G

             total       used       free     shared    buffers     cached
Mem:          2.0G       1.6G       318M       5.1M        39M       299M
-/+ buffers/cache:       1.3G       657M
Swap:         8.0G         0B       8.0G

             total       used       free     shared    buffers     cached
Mem:          2.0G       1.7G       302M       5.1M        39M       299M
-/+ buffers/cache:       1.3G       640M
Swap:         8.0G         0B       8.0G

             total       used       free     shared    buffers     cached
Mem:          2.0G       1.7G       285M       5.1M        39M       299M
-/+ buffers/cache:       1.3G       623M
Swap:         8.0G         0B       8.0G

             total       used       free     shared    buffers     cached
Mem:          2.0G       1.7G       270M       5.1M        39M       299M
-/+ buffers/cache:       1.4G       608M
Swap:         8.0G         0B       8.0G

             total       used       free     shared    buffers     cached
Mem:          2.0G       1.7G       253M       5.1M        39M       299M
-/+ buffers/cache:       1.4G       591M
Swap:         8.0G         0B       8.0G

             total       used       free     shared    buffers     cached
Mem:          2.0G       1.7G       237M       5.1M        39M       299M
-/+ buffers/cache:       1.4G       576M
Swap:         8.0G         0B       8.0G

             total       used       free     shared    buffers     cached
Mem:          2.0G       1.7G       221M       5.1M        39M       299M
-/+ buffers/cache:       1.4G       560M
Swap:         8.0G         0B       8.0G

             total       used       free     shared    buffers     cached
Mem:          2.0G       1.8G       204M       5.1M        39M       299M
-/+ buffers/cache:       1.4G       543M
Swap:         8.0G         0B       8.0G

             total       used       free     shared    buffers     cached
Mem:          2.0G       1.8G       190M       5.1M        39M       299M
-/+ buffers/cache:       1.4G       528M
Swap:         8.0G         0B       8.0G

             total       used       free     shared    buffers     cached
Mem:          2.0G       1.8G       173M       5.1M        39M       299M
-/+ buffers/cache:       1.5G       512M
Swap:         8.0G         0B       8.0G

             total       used       free     shared    buffers     cached
Mem:          2.0G       1.8G       158M       5.1M        39M       299M
-/+ buffers/cache:       1.5G       497M
Swap:         8.0G         0B       8.0G

             total       used       free     shared    buffers     cached
Mem:          2.0G       1.8G       143M       5.1M        39M       299M
-/+ buffers/cache:       1.5G       481M
Swap:         8.0G         0B       8.0G

             total       used       free     shared    buffers     cached
Mem:          2.0G       1.8G       127M       5.1M        39M       299M
-/+ buffers/cache:       1.5G       466M
Swap:         8.0G         0B       8.0G

             total       used       free     shared    buffers     cached
Mem:          2.0G       1.8G       111M       5.1M        39M       299M
-/+ buffers/cache:       1.5G       450M
Swap:         8.0G         0B       8.0G

             total       used       free     shared    buffers     cached
Mem:          2.0G       1.9G        95M       5.1M        39M       299M
-/+ buffers/cache:       1.5G       434M
Swap:         8.0G         0B       8.0G

             total       used       free     shared    buffers     cached
Mem:          2.0G       1.9G        79M       5.1M        39M       299M
-/+ buffers/cache:       1.5G       418M
Swap:         8.0G         0B       8.0G

             total       used       free     shared    buffers     cached
Mem:          2.0G       1.9G        63M       5.1M        39M       299M
-/+ buffers/cache:       1.6G       402M
Swap:         8.0G         0B       8.0G

             total       used       free     shared    buffers     cached
Mem:          2.0G       1.9G        73M       5.1M        15M       297M
-/+ buffers/cache:       1.6G       386M
Swap:         8.0G         0B       8.0G

             total       used       free     shared    buffers     cached
Mem:          2.0G       1.9G        64M       5.1M        11M       296M
-/+ buffers/cache:       1.6G       372M
Swap:         8.0G         0B       8.0G

             total       used       free     shared    buffers     cached
Mem:          2.0G       1.9G        69M       5.1M        11M       275M
-/+ buffers/cache:       1.6G       356M
Swap:         8.0G        48K       8.0G

             total       used       free     shared    buffers     cached
Mem:          2.0G       1.9G        76M       5.0M        10M       253M
-/+ buffers/cache:       1.6G       341M
Swap:         8.0G       220K       8.0G

             total       used       free     shared    buffers     cached
Mem:          2.0G       1.9G        75M       4.9M        10M       240M
-/+ buffers/cache:       1.6G       327M
Swap:         8.0G       5.0M       8.0G

             total       used       free     shared    buffers     cached
Mem:          2.0G       1.9G        84M       4.7M        10M       219M
-/+ buffers/cache:       1.6G       315M
Swap:         8.0G        17M       8.0G

             total       used       free     shared    buffers     cached
Mem:          2.0G       1.9G        68M       4.7M        10M       219M
-/+ buffers/cache:       1.7G       299M
Swap:         8.0G        17M       8.0G

             total       used       free     shared    buffers     cached
Mem:          2.0G       1.9G        78M       4.7M       2.8M       203M
-/+ buffers/cache:       1.7G       284M
Swap:         8.0G        17M       8.0G

             total       used       free     shared    buffers     cached
Mem:          2.0G       1.9G        76M       4.7M       1.7M       192M
-/+ buffers/cache:       1.7G       270M
Swap:         8.0G        17M       8.0G

             total       used       free     shared    buffers     cached
Mem:          2.0G       1.9G        76M       4.7M       1.0M       178M
-/+ buffers/cache:       1.7G       255M
Swap:         8.0G        17M       8.0G

             total       used       free     shared    buffers     cached
Mem:          2.0G       1.9G        81M       4.7M       1.0M       157M
-/+ buffers/cache:       1.7G       240M
Swap:         8.0G        17M       8.0G

             total       used       free     shared    buffers     cached
Mem:          2.0G       1.9G        65M       4.7M       1.0M       157M
-/+ buffers/cache:       1.7G       224M
Swap:         8.0G        17M       8.0G

             total       used       free     shared    buffers     cached
Mem:          2.0G       1.9G        69M       4.7M       324K       140M
-/+ buffers/cache:       1.7G       209M
Swap:         8.0G        17M       8.0G

             total       used       free     shared    buffers     cached
Mem:          2.0G       1.9G        71M       4.7M        80K       124M
-/+ buffers/cache:       1.8G       195M
Swap:         8.0G        17M       8.0G

             total       used       free     shared    buffers     cached
Mem:          2.0G       1.9G        67M       4.7M        92K       113M
-/+ buffers/cache:       1.8G       180M
Swap:         8.0G        17M       8.0G

             total       used       free     shared    buffers     cached
Mem:          2.0G       1.9G        85M       4.7M       544K        79M
-/+ buffers/cache:       1.8G       165M
Swap:         8.0G        17M       8.0G

             total       used       free     shared    buffers     cached
Mem:          2.0G       1.9G        70M       4.7M       544K        79M
-/+ buffers/cache:       1.8G       150M
Swap:         8.0G        17M       8.0G

             total       used       free     shared    buffers     cached
Mem:          2.0G       1.9G        72M       4.7M       548K        63M
-/+ buffers/cache:       1.8G       135M
Swap:         8.0G        17M       8.0G

             total       used       free     shared    buffers     cached
Mem:          2.0G       1.9G        69M       4.7M       820K        49M
-/+ buffers/cache:       1.8G       119M
Swap:         8.0G        17M       8.0G

             total       used       free     shared    buffers     cached
Mem:          2.0G       1.9G        72M       4.7M       820K        30M
-/+ buffers/cache:       1.9G       103M
Swap:         8.0G        17M       8.0G

             total       used       free     shared    buffers     cached
Mem:          2.0G       1.9G        74M       4.7M       828K        15M
-/+ buffers/cache:       1.9G        90M
Swap:         8.0G        17M       8.0G

             total       used       free     shared    buffers     cached
Mem:          2.0G       1.9G        77M       4.7M        76K       6.1M
-/+ buffers/cache:       1.9G        83M
Swap:         8.0G        17M       8.0G

             total       used       free     shared    buffers     cached
Mem:          2.0G       1.9G        58M       4.2M       208K       6.0M
-/+ buffers/cache:       1.9G        64M
Swap:         8.0G       257M       7.7G

             total       used       free     shared    buffers     cached
Mem:          2.0G       1.9G        54M       4.2M       464K       6.1M
-/+ buffers/cache:       1.9G        61M
Swap:         8.0G       257M       7.7G

             total       used       free     shared    buffers     cached
Mem:          2.0G       1.9G        97M       4.2M       464K       6.1M
-/+ buffers/cache:       1.9G       103M
Swap:         8.0G       269M       7.7G

             total       used       free     shared    buffers     cached
Mem:          2.0G       1.9G        82M       4.2M       472K       6.2M
-/+ buffers/cache:       1.9G        88M
Swap:         8.0G       269M       7.7G

             total       used       free     shared    buffers     cached
Mem:          2.0G       1.9G        65M       4.2M       472K       6.3M
-/+ buffers/cache:       1.9G        72M
Swap:         8.0G       269M       7.7G

             total       used       free     shared    buffers     cached
Mem:          2.0G       1.9G        78M       4.2M       472K       6.2M
-/+ buffers/cache:       1.9G        84M
Swap:         8.0G       269M       7.7G

             total       used       free     shared    buffers     cached
Mem:          2.0G       1.9G        66M       4.2M       472K       6.2M
-/+ buffers/cache:       1.9G        73M
Swap:         8.0G       269M       7.7G

             total       used       free     shared    buffers     cached
Mem:          2.0G       1.9G        77M       4.2M       472K       6.3M
-/+ buffers/cache:       1.9G        83M
Swap:         8.0G       269M       7.7G

             total       used       free     shared    buffers     cached
Mem:          2.0G       1.9G        74M       4.2M       472K       6.2M
-/+ buffers/cache:       1.9G        81M
Swap:         8.0G       269M       7.7G

             total       used       free     shared    buffers     cached
Mem:          2.0G       1.9G        74M       4.2M       472K       6.2M
-/+ buffers/cache:       1.9G        80M
Swap:         8.0G       269M       7.7G

             total       used       free     shared    buffers     cached
Mem:          2.0G       1.9G        72M       4.2M       472K       6.3M
-/+ buffers/cache:       1.9G        79M
Swap:         8.0G       269M       7.7G

             total       used       free     shared    buffers     cached
Mem:          2.0G       1.9G        70M       4.2M       472K       6.2M
-/+ buffers/cache:       1.9G        77M
Swap:         8.0G       269M       7.7G

             total       used       free     shared    buffers     cached
Mem:          2.0G       1.9G        53M       4.2M       472K       6.2M
-/+ buffers/cache:       1.9G        60M
Swap:         8.0G       405M       7.6G

             total       used       free     shared    buffers     cached
Mem:          2.0G       1.9G        53M       4.2M       472K       6.2M
-/+ buffers/cache:       1.9G        60M
Swap:         8.0G       405M       7.6G

             total       used       free     shared    buffers     cached
Mem:          2.0G       1.9G        53M       4.2M       472K       6.2M
-/+ buffers/cache:       1.9G        60M
Swap:         8.0G       405M       7.6G

             total       used       free     shared    buffers     cached
Mem:          2.0G       1.8G       119M       4.2M       480K       6.1M
-/+ buffers/cache:       1.8G       125M
Swap:         8.0G       467M       7.5G

             total       used       free     shared    buffers     cached
Mem:          2.0G       1.8G       119M       4.2M       480K       6.1M
-/+ buffers/cache:       1.8G       125M
Swap:         8.0G       467M       7.5G

             total       used       free     shared    buffers     cached
Mem:          2.0G       1.8G       145M       4.2M       480K       6.6M
-/+ buffers/cache:       1.8G       152M
Swap:         8.0G       470M       7.5G

             total       used       free     shared    buffers     cached
Mem:          2.0G       1.8G       146M       4.2M       480K       6.8M
-/+ buffers/cache:       1.8G       153M
Swap:         8.0G       470M       7.5G

             total       used       free     shared    buffers     cached
Mem:          2.0G       1.8G       145M       4.2M       480K       7.4M
-/+ buffers/cache:       1.8G       153M
Swap:         8.0G       470M       7.5G

             total       used       free     shared    buffers     cached
Mem:          2.0G       1.8G       145M       4.2M       488K       7.8M
-/+ buffers/cache:       1.8G       153M
Swap:         8.0G       470M       7.5G

             total       used       free     shared    buffers     cached
Mem:          2.0G       1.8G       149M       4.2M       488K       7.7M
-/+ buffers/cache:       1.8G       158M
Swap:         8.0G       470M       7.5G

             total       used       free     shared    buffers     cached
Mem:          2.0G       1.8G       148M       4.2M       488K       7.8M
-/+ buffers/cache:       1.8G       157M
Swap:         8.0G       470M       7.5G

             total       used       free     shared    buffers     cached
Mem:          2.0G       1.9G        98M       4.2M       784K        36M
-/+ buffers/cache:       1.8G       135M
Swap:         8.0G       460M       7.5G

             total       used       free     shared    buffers     cached
Mem:          2.0G       1.9G        87M       4.2M       784K        36M
-/+ buffers/cache:       1.8G       125M
Swap:         8.0G       460M       7.5G

             total       used       free     shared    buffers     cached
Mem:          2.0G       1.9G        77M       4.2M       784K        36M
-/+ buffers/cache:       1.8G       114M
Swap:         8.0G       460M       7.5G

             total       used       free     shared    buffers     cached
Mem:          2.0G       1.9G        69M       4.2M       792K        36M
-/+ buffers/cache:       1.8G       106M
Swap:         8.0G       460M       7.5G

             total       used       free     shared    buffers     cached
Mem:          2.0G       1.9G        84M       4.2M       480K        31M
-/+ buffers/cache:       1.8G       116M
Swap:         8.0G       460M       7.5G

             total       used       free     shared    buffers     cached
Mem:          2.0G       1.9G        76M       4.2M       488K        31M
-/+ buffers/cache:       1.8G       109M
Swap:         8.0G       460M       7.5G

             total       used       free     shared    buffers     cached
Mem:          2.0G       1.9G        80M       4.2M       492K        31M
-/+ buffers/cache:       1.8G       112M
Swap:         8.0G       417M       7.6G

             total       used       free     shared    buffers     cached
Mem:          2.0G       1.9G        89M       4.2M       492K        29M
-/+ buffers/cache:       1.8G       119M
Swap:         8.0G       361M       7.6G

             total       used       free     shared    buffers     cached
Mem:          2.0G       1.9G        65M       4.2M       500K        29M
-/+ buffers/cache:       1.9G        94M
Swap:         8.0G       309M       7.7G

             total       used       free     shared    buffers     cached
Mem:          2.0G       1.9G        75M       4.2M       228K        11M
-/+ buffers/cache:       1.9G        87M
Swap:         8.0G       283M       7.7G

             total       used       free     shared    buffers     cached
Mem:          2.0G       1.9G        73M       4.2M       232K        11M
-/+ buffers/cache:       1.9G        85M
Swap:         8.0G       281M       7.7G

             total       used       free     shared    buffers     cached
Mem:          2.0G       1.9G        76M       4.2M       356K       8.0M
-/+ buffers/cache:       1.9G        84M
Swap:         8.0G       303M       7.7G

             total       used       free     shared    buffers     cached
Mem:          2.0G       1.9G        73M       4.2M       356K        10M
-/+ buffers/cache:       1.9G        84M
Swap:         8.0G       303M       7.7G

             total       used       free     shared    buffers     cached
Mem:          2.0G       1.9G        65M       4.2M       364K        10M
-/+ buffers/cache:       1.9G        77M
Swap:         8.0G       303M       7.7G

             total       used       free     shared    buffers     cached
Mem:          2.0G       1.9G        77M       4.2M       364K        10M
-/+ buffers/cache:       1.9G        88M
Swap:         8.0G       344M       7.7G

             total       used       free     shared    buffers     cached
Mem:          2.0G       1.9G        69M       4.2M       364K        11M
-/+ buffers/cache:       1.9G        80M
Swap:         8.0G       344M       7.7G

             total       used       free     shared    buffers     cached
Mem:          2.0G       1.9G        80M       4.2M       344K        10M
-/+ buffers/cache:       1.9G        91M
Swap:         8.0G       353M       7.7G

             total       used       free     shared    buffers     cached
Mem:          2.0G       1.9G        79M       4.2M       344K        10M
-/+ buffers/cache:       1.9G        89M
Swap:         8.0G       353M       7.7G

             total       used       free     shared    buffers     cached
Mem:          2.0G       1.9G        78M       4.2M       344K        10M
-/+ buffers/cache:       1.9G        88M
Swap:         8.0G       352M       7.7G

             total       used       free     shared    buffers     cached
Mem:          2.0G       1.9G        77M       4.2M       352K        10M
-/+ buffers/cache:       1.9G        88M
Swap:         8.0G       352M       7.7G

             total       used       free     shared    buffers     cached
Mem:          2.0G       1.9G        76M       4.2M       352K        10M
-/+ buffers/cache:       1.9G        87M
Swap:         8.0G       351M       7.7G

             total       used       free     shared    buffers     cached
Mem:          2.0G       1.9G        75M       4.2M       352K        10M
-/+ buffers/cache:       1.9G        86M
Swap:         8.0G       351M       7.7G

             total       used       free     shared    buffers     cached
Mem:          2.0G       1.9G        75M       4.2M       352K        10M
-/+ buffers/cache:       1.9G        85M
Swap:         8.0G       351M       7.7G

             total       used       free     shared    buffers     cached
Mem:          2.0G       1.9G        74M       4.2M       352K        10M
-/+ buffers/cache:       1.9G        84M
Swap:         8.0G       350M       7.7G

             total       used       free     shared    buffers     cached
Mem:          2.0G       1.9G        73M       4.2M       360K        10M
-/+ buffers/cache:       1.9G        84M
Swap:         8.0G       350M       7.7G

             total       used       free     shared    buffers     cached
Mem:          2.0G       1.9G        72M       4.2M       368K        10M
-/+ buffers/cache:       1.9G        83M
Swap:         8.0G       349M       7.7G

             total       used       free     shared    buffers     cached
Mem:          2.0G       1.9G        85M       4.2M       932K        32M
-/+ buffers/cache:       1.8G       118M
Swap:         8.0G       389M       7.6G

             total       used       free     shared    buffers     cached
Mem:          2.0G       1.9G        84M       4.2M       932K        32M
-/+ buffers/cache:       1.8G       117M
Swap:         8.0G       388M       7.6G

             total       used       free     shared    buffers     cached
Mem:          2.0G       1.9G        83M       4.2M       932K        32M
-/+ buffers/cache:       1.8G       116M
Swap:         8.0G       388M       7.6G

             total       used       free     shared    buffers     cached
Mem:          2.0G       1.9G        78M       4.2M       940K        35M
-/+ buffers/cache:       1.8G       114M
Swap:         8.0G       387M       7.6G

             total       used       free     shared    buffers     cached
Mem:          2.0G       1.9G        75M       4.2M       1.2M        36M
-/+ buffers/cache:       1.8G       112M
Swap:         8.0G       386M       7.6G

             total       used       free     shared    buffers     cached
Mem:          2.0G       1.9G        74M       4.2M       1.2M        36M
-/+ buffers/cache:       1.8G       112M
Swap:         8.0G       385M       7.6G

             total       used       free     shared    buffers     cached
Mem:          2.0G       1.9G        72M       4.2M       1.2M        37M
-/+ buffers/cache:       1.8G       110M
Swap:         8.0G       385M       7.6G

             total       used       free     shared    buffers     cached
Mem:          2.0G       1.9G        71M       4.2M       1.2M        37M
-/+ buffers/cache:       1.8G       110M
Swap:         8.0G       384M       7.6G

             total       used       free     shared    buffers     cached
Mem:          2.0G       1.9G        66M       4.2M       3.7M        51M
-/+ buffers/cache:       1.8G       122M
Swap:         8.0G       393M       7.6G

             total       used       free     shared    buffers     cached
Mem:          2.0G       1.9G        65M       4.7M       5.3M        54M
-/+ buffers/cache:       1.8G       125M
Swap:         8.0G       418M       7.6G

             total       used       free     shared    buffers     cached
Mem:          2.0G       1.9G        76M       4.7M       5.4M        56M
-/+ buffers/cache:       1.8G       138M
Swap:         8.0G       415M       7.6G

             total       used       free     shared    buffers     cached
Mem:          2.0G       1.9G        75M       4.7M       5.4M        56M
-/+ buffers/cache:       1.8G       137M
Swap:         8.0G       415M       7.6G

             total       used       free     shared    buffers     cached
Mem:          2.0G       1.9G        74M       4.7M       5.4M        56M
-/+ buffers/cache:       1.8G       137M
Swap:         8.0G       414M       7.6G

             total       used       free     shared    buffers     cached
Mem:          2.0G       1.9G        74M       4.7M       5.4M        56M
-/+ buffers/cache:       1.8G       136M
Swap:         8.0G       414M       7.6G

             total       used       free     shared    buffers     cached
Mem:          2.0G       1.9G        73M       4.7M       5.4M        56M
-/+ buffers/cache:       1.8G       135M
Swap:         8.0G       414M       7.6G

             total       used       free     shared    buffers     cached
Mem:          2.0G       1.9G        72M       4.7M       5.5M        56M
-/+ buffers/cache:       1.8G       134M
Swap:         8.0G       413M       7.6G

             total       used       free     shared    buffers     cached
Mem:          2.0G       1.9G        72M       4.7M       5.5M        56M
-/+ buffers/cache:       1.8G       134M
Swap:         8.0G       413M       7.6G

             total       used       free     shared    buffers     cached
Mem:          2.0G       1.9G        71M       4.7M       5.5M        56M
-/+ buffers/cache:       1.8G       133M
Swap:         8.0G       413M       7.6G

             total       used       free     shared    buffers     cached
Mem:          2.0G       1.9G        70M       4.7M       5.5M        56M
-/+ buffers/cache:       1.8G       132M
Swap:         8.0G       412M       7.6G

             total       used       free     shared    buffers     cached
Mem:          2.0G       1.9G        69M       4.7M       5.5M        56M
-/+ buffers/cache:       1.8G       131M
Swap:         8.0G       412M       7.6G

             total       used       free     shared    buffers     cached
Mem:          2.0G       1.9G        68M       4.7M       5.5M        56M
-/+ buffers/cache:       1.8G       131M
Swap:         8.0G       412M       7.6G

             total       used       free     shared    buffers     cached
Mem:          2.0G       1.9G        68M       4.7M       5.5M        56M
-/+ buffers/cache:       1.8G       130M
Swap:         8.0G       411M       7.6G

             total       used       free     shared    buffers     cached
Mem:          2.0G       1.9G        67M       4.7M       5.5M        56M
-/+ buffers/cache:       1.8G       129M
Swap:         8.0G       411M       7.6G

             total       used       free     shared    buffers     cached
Mem:          2.0G       1.9G        66M       4.7M       5.5M        56M
-/+ buffers/cache:       1.8G       129M
Swap:         8.0G       410M       7.6G

             total       used       free     shared    buffers     cached
Mem:          2.0G       1.9G        66M       4.7M       5.5M        56M
-/+ buffers/cache:       1.8G       128M
Swap:         8.0G       410M       7.6G

             total       used       free     shared    buffers     cached
Mem:          2.0G       1.9G        65M       4.7M       5.5M        56M
-/+ buffers/cache:       1.8G       127M
Swap:         8.0G       410M       7.6G

             total       used       free     shared    buffers     cached
Mem:          2.0G       1.9G        86M       4.7M       5.5M        53M
-/+ buffers/cache:       1.8G       145M
Swap:         8.0G       448M       7.6G

             total       used       free     shared    buffers     cached
Mem:          2.0G       1.9G        86M       4.7M       5.5M        53M
-/+ buffers/cache:       1.8G       146M
Swap:         8.0G       448M       7.6G

             total       used       free     shared    buffers     cached
Mem:          2.0G       1.9G        86M       4.7M       5.5M        53M
-/+ buffers/cache:       1.8G       145M
Swap:         8.0G       448M       7.6G

             total       used       free     shared    buffers     cached
Mem:          2.0G       1.9G        85M       4.7M       5.5M        53M
-/+ buffers/cache:       1.8G       144M
Swap:         8.0G       448M       7.6G

             total       used       free     shared    buffers     cached
Mem:          2.0G       1.9G        84M       4.7M       5.5M        53M
-/+ buffers/cache:       1.8G       143M
Swap:         8.0G       447M       7.6G

             total       used       free     shared    buffers     cached
Mem:          2.0G       1.9G        83M       4.7M       5.5M        53M
-/+ buffers/cache:       1.8G       143M
Swap:         8.0G       447M       7.6G

             total       used       free     shared    buffers     cached
Mem:          2.0G       1.9G        83M       4.7M       5.5M        53M
-/+ buffers/cache:       1.8G       142M
Swap:         8.0G       446M       7.6G

             total       used       free     shared    buffers     cached
Mem:          2.0G       1.9G        82M       4.7M       5.5M        53M
-/+ buffers/cache:       1.8G       141M
Swap:         8.0G       446M       7.6G

             total       used       free     shared    buffers     cached
Mem:          2.0G       1.9G        81M       4.7M       5.5M        53M
-/+ buffers/cache:       1.8G       140M
Swap:         8.0G       445M       7.6G

             total       used       free     shared    buffers     cached
Mem:          2.0G       1.9G        80M       4.7M       5.5M        53M
-/+ buffers/cache:       1.8G       139M
Swap:         8.0G       445M       7.6G

             total       used       free     shared    buffers     cached
Mem:          2.0G       1.9G        79M       4.7M       5.5M        53M
-/+ buffers/cache:       1.8G       138M
Swap:         8.0G       444M       7.6G

             total       used       free     shared    buffers     cached
Mem:          2.0G       1.9G        79M       4.7M       5.5M        53M
-/+ buffers/cache:       1.8G       138M
Swap:         8.0G       444M       7.6G

             total       used       free     shared    buffers     cached
Mem:          2.0G       1.9G        78M       4.7M       5.5M        53M
-/+ buffers/cache:       1.8G       137M
Swap:         8.0G       444M       7.6G

             total       used       free     shared    buffers     cached
Mem:          2.0G       1.9G        77M       4.7M       5.5M        53M
-/+ buffers/cache:       1.8G       136M
Swap:         8.0G       443M       7.6G

             total       used       free     shared    buffers     cached
Mem:          2.0G       1.9G        76M       4.7M       5.5M        53M
-/+ buffers/cache:       1.8G       135M
Swap:         8.0G       443M       7.6G

             total       used       free     shared    buffers     cached
Mem:          2.0G       1.9G        75M       4.7M       5.5M        53M
-/+ buffers/cache:       1.8G       135M
Swap:         8.0G       442M       7.6G

             total       used       free     shared    buffers     cached
Mem:          2.0G       1.9G        75M       4.7M       5.5M        53M
-/+ buffers/cache:       1.8G       134M
Swap:         8.0G       442M       7.6G

             total       used       free     shared    buffers     cached
Mem:          2.0G       1.9G        74M       4.7M       5.5M        53M
-/+ buffers/cache:       1.8G       133M
Swap:         8.0G       441M       7.6G

             total       used       free     shared    buffers     cached
Mem:          2.0G       1.9G        73M       4.7M       5.5M        53M
-/+ buffers/cache:       1.8G       132M
Swap:         8.0G       441M       7.6G

             total       used       free     shared    buffers     cached
Mem:          2.0G       1.9G        72M       4.7M       5.5M        53M
-/+ buffers/cache:       1.8G       131M
Swap:         8.0G       440M       7.6G

             total       used       free     shared    buffers     cached
Mem:          2.0G       1.9G        71M       4.7M       5.5M        53M
-/+ buffers/cache:       1.8G       131M
Swap:         8.0G       440M       7.6G

             total       used       free     shared    buffers     cached
Mem:          2.0G       1.9G        71M       4.7M       5.5M        53M
-/+ buffers/cache:       1.8G       130M
Swap:         8.0G       439M       7.6G

             total       used       free     shared    buffers     cached
Mem:          2.0G       1.9G        70M       4.7M       5.5M        53M
-/+ buffers/cache:       1.8G       129M
Swap:         8.0G       439M       7.6G

             total       used       free     shared    buffers     cached
Mem:          2.0G       1.9G        69M       4.7M       5.5M        53M
-/+ buffers/cache:       1.8G       128M
Swap:         8.0G       438M       7.6G

             total       used       free     shared    buffers     cached
Mem:          2.0G       1.9G        68M       4.7M       5.5M        53M
-/+ buffers/cache:       1.8G       127M
Swap:         8.0G       438M       7.6G

             total       used       free     shared    buffers     cached
Mem:          2.0G       1.9G        67M       4.7M       5.5M        53M
-/+ buffers/cache:       1.8G       127M
Swap:         8.0G       438M       7.6G

             total       used       free     shared    buffers     cached
Mem:          2.0G       1.9G        67M       4.7M       5.5M        53M
-/+ buffers/cache:       1.8G       126M
Swap:         8.0G       437M       7.6G

             total       used       free     shared    buffers     cached
Mem:          2.0G       1.9G        66M       4.7M       5.5M        53M
-/+ buffers/cache:       1.8G       125M
Swap:         8.0G       437M       7.6G

             total       used       free     shared    buffers     cached
Mem:          2.0G       1.9G        65M       4.7M       5.5M        53M
-/+ buffers/cache:       1.8G       124M
Swap:         8.0G       436M       7.6G

             total       used       free     shared    buffers     cached
Mem:          2.0G       1.9G        65M       4.7M       5.5M        53M
-/+ buffers/cache:       1.8G       124M
Swap:         8.0G       436M       7.6G

             total       used       free     shared    buffers     cached
Mem:          2.0G       1.9G        81M       4.7M       5.5M        52M
-/+ buffers/cache:       1.8G       139M
Swap:         8.0G       437M       7.6G

             total       used       free     shared    buffers     cached
Mem:          2.0G       1.9G        80M       4.7M       5.5M        52M
-/+ buffers/cache:       1.8G       139M
Swap:         8.0G       436M       7.6G

             total       used       free     shared    buffers     cached
Mem:          2.0G       1.9G        79M       4.7M       5.5M        52M
-/+ buffers/cache:       1.8G       138M
Swap:         8.0G       436M       7.6G

             total       used       free     shared    buffers     cached
Mem:          2.0G       1.9G        79M       4.7M       5.5M        52M
-/+ buffers/cache:       1.8G       137M
Swap:         8.0G       436M       7.6G

             total       used       free     shared    buffers     cached
Mem:          2.0G       1.9G        78M       4.7M       5.5M        52M
-/+ buffers/cache:       1.8G       136M
Swap:         8.0G       435M       7.6G

             total       used       free     shared    buffers     cached
Mem:          2.0G       1.9G        77M       4.7M       5.5M        52M
-/+ buffers/cache:       1.8G       135M
Swap:         8.0G       435M       7.6G

             total       used       free     shared    buffers     cached
Mem:          2.0G       1.9G        76M       4.7M       5.5M        52M
-/+ buffers/cache:       1.8G       134M
Swap:         8.0G       434M       7.6G

             total       used       free     shared    buffers     cached
Mem:          2.0G       1.9G        75M       4.7M       5.5M        53M
-/+ buffers/cache:       1.8G       133M
Swap:         8.0G       433M       7.6G

             total       used       free     shared    buffers     cached
Mem:          2.0G       1.9G        73M       4.7M       5.8M        53M
-/+ buffers/cache:       1.8G       132M
Swap:         8.0G       433M       7.6G

             total       used       free     shared    buffers     cached
Mem:          2.0G       1.9G        78M       4.7M       3.4M        43M
-/+ buffers/cache:       1.8G       125M
Swap:         8.0G       560M       7.5G

             total       used       free     shared    buffers     cached
Mem:          2.0G       1.9G        78M       4.7M       3.4M        45M
-/+ buffers/cache:       1.8G       126M
Swap:         8.0G       560M       7.5G

             total       used       free     shared    buffers     cached
Mem:          2.0G       1.9G        74M       4.7M       3.4M        46M
-/+ buffers/cache:       1.8G       123M
Swap:         8.0G       560M       7.5G

             total       used       free     shared    buffers     cached
Mem:          2.0G       1.9G        69M       4.7M       188K        52M
-/+ buffers/cache:       1.8G       122M
Swap:         8.0G       558M       7.5G

             total       used       free     shared    buffers     cached
Mem:          2.0G       1.9G        80M       4.7M       2.1M        75M
-/+ buffers/cache:       1.8G       158M
Swap:         8.0G       555M       7.5G

             total       used       free     shared    buffers     cached
Mem:          2.0G       1.9G        80M       4.7M       2.1M        75M
-/+ buffers/cache:       1.8G       158M
Swap:         8.0G       555M       7.5G

             total       used       free     shared    buffers     cached
Mem:          2.0G       1.9G        79M       4.7M       2.1M        76M
-/+ buffers/cache:       1.8G       157M
Swap:         8.0G       555M       7.5G

             total       used       free     shared    buffers     cached
Mem:          2.0G       1.9G        78M       4.7M       2.1M        75M
-/+ buffers/cache:       1.8G       157M
Swap:         8.0G       555M       7.5G

             total       used       free     shared    buffers     cached
Mem:          2.0G       1.9G        78M       4.7M       2.1M        75M
-/+ buffers/cache:       1.8G       156M
Swap:         8.0G       554M       7.5G

             total       used       free     shared    buffers     cached
Mem:          2.0G       1.9G        77M       4.7M       2.1M        75M
-/+ buffers/cache:       1.8G       156M
Swap:         8.0G       554M       7.5G

             total       used       free     shared    buffers     cached
Mem:          2.0G       1.9G        77M       4.7M       2.1M        76M
-/+ buffers/cache:       1.8G       155M
Swap:         8.0G       554M       7.5G

             total       used       free     shared    buffers     cached
Mem:          2.0G       1.9G        76M       4.7M       2.1M        75M
-/+ buffers/cache:       1.8G       155M
Swap:         8.0G       553M       7.5G

             total       used       free     shared    buffers     cached
Mem:          2.0G       1.9G        76M       4.7M       2.1M        76M
-/+ buffers/cache:       1.8G       154M
Swap:         8.0G       553M       7.5G

             total       used       free     shared    buffers     cached
Mem:          2.0G       1.9G        76M       4.7M       2.1M        76M
-/+ buffers/cache:       1.8G       154M
Swap:         8.0G       553M       7.5G

             total       used       free     shared    buffers     cached
Mem:          2.0G       1.9G        71M       4.8M       2.2M        79M
-/+ buffers/cache:       1.8G       152M
Swap:         8.0G       552M       7.5G

             total       used       free     shared    buffers     cached
Mem:          2.0G       1.9G        88M       8.5M       6.2M        92M
-/+ buffers/cache:       1.8G       186M
Swap:         8.0G       544M       7.5G

             total       used       free     shared    buffers     cached
Mem:          2.0G       1.9G        99M       4.8M       6.4M        94M
-/+ buffers/cache:       1.8G       200M
Swap:         8.0G       540M       7.5G

             total       used       free     shared    buffers     cached
Mem:          2.0G       1.9G        91M       4.8M       6.4M        95M
-/+ buffers/cache:       1.8G       193M
Swap:         8.0G       537M       7.5G

             total       used       free     shared    buffers     cached
Mem:          2.0G       1.9G        90M       4.8M       6.4M        95M
-/+ buffers/cache:       1.8G       192M
Swap:         8.0G       537M       7.5G

             total       used       free     shared    buffers     cached
Mem:          2.0G       1.9G        89M       4.8M       6.4M        95M
-/+ buffers/cache:       1.8G       191M
Swap:         8.0G       537M       7.5G

             total       used       free     shared    buffers     cached
Mem:          2.0G       1.9G        88M       4.8M       6.4M        95M
-/+ buffers/cache:       1.8G       190M
Swap:         8.0G       536M       7.5G

             total       used       free     shared    buffers     cached
Mem:          2.0G       1.9G        87M       4.8M       6.4M        95M
-/+ buffers/cache:       1.8G       189M
Swap:         8.0G       536M       7.5G

             total       used       free     shared    buffers     cached
Mem:          2.0G       1.9G        86M       4.8M       6.4M        95M
-/+ buffers/cache:       1.8G       188M
Swap:         8.0G       535M       7.5G

             total       used       free     shared    buffers     cached
Mem:          2.0G       1.9G        84M       4.8M       6.5M        96M
-/+ buffers/cache:       1.8G       187M
Swap:         8.0G       535M       7.5G

             total       used       free     shared    buffers     cached
Mem:          2.0G       1.9G        83M       4.8M       6.5M        96M
-/+ buffers/cache:       1.8G       186M
Swap:         8.0G       534M       7.5G

             total       used       free     shared    buffers     cached
Mem:          2.0G       1.9G        82M       4.8M       6.7M        96M
-/+ buffers/cache:       1.8G       185M
Swap:         8.0G       534M       7.5G

             total       used       free     shared    buffers     cached
Mem:          2.0G       1.9G        81M       4.8M       6.7M        96M
-/+ buffers/cache:       1.8G       184M
Swap:         8.0G       533M       7.5G

             total       used       free     shared    buffers     cached
Mem:          2.0G       1.9G        80M       4.8M       6.7M        96M
-/+ buffers/cache:       1.8G       183M
Swap:         8.0G       533M       7.5G

             total       used       free     shared    buffers     cached
Mem:          2.0G       1.9G        79M       4.8M       6.7M        96M
-/+ buffers/cache:       1.8G       182M
Swap:         8.0G       532M       7.5G

             total       used       free     shared    buffers     cached
Mem:          2.0G       1.9G        78M       4.8M       6.7M        96M
-/+ buffers/cache:       1.8G       181M
Swap:         8.0G       532M       7.5G

             total       used       free     shared    buffers     cached
Mem:          2.0G       1.9G        77M       4.8M       6.7M        96M
-/+ buffers/cache:       1.8G       180M
Swap:         8.0G       532M       7.5G

             total       used       free     shared    buffers     cached
Mem:          2.0G       1.9G        76M       4.8M       6.7M        96M
-/+ buffers/cache:       1.8G       179M
Swap:         8.0G       531M       7.5G

             total       used       free     shared    buffers     cached
Mem:          2.0G       1.9G        75M       4.8M       6.7M        96M
-/+ buffers/cache:       1.8G       178M
Swap:         8.0G       531M       7.5G

             total       used       free     shared    buffers     cached
Mem:          2.0G       1.9G        74M       4.8M       6.7M        96M
-/+ buffers/cache:       1.8G       177M
Swap:         8.0G       530M       7.5G

             total       used       free     shared    buffers     cached
Mem:          2.0G       1.9G        73M       4.8M       6.7M        96M
-/+ buffers/cache:       1.8G       176M
Swap:         8.0G       530M       7.5G

             total       used       free     shared    buffers     cached
Mem:          2.0G       1.9G        72M       4.8M       6.7M        96M
-/+ buffers/cache:       1.8G       175M
Swap:         8.0G       530M       7.5G

             total       used       free     shared    buffers     cached
Mem:          2.0G       1.9G        71M       4.8M       6.7M        96M
-/+ buffers/cache:       1.8G       174M
Swap:         8.0G       529M       7.5G

             total       used       free     shared    buffers     cached
Mem:          2.0G       1.9G        70M       4.8M       6.7M        96M
-/+ buffers/cache:       1.8G       173M
Swap:         8.0G       529M       7.5G

             total       used       free     shared    buffers     cached
Mem:          2.0G       1.9G        69M       4.8M       6.7M        96M
-/+ buffers/cache:       1.8G       172M
Swap:         8.0G       528M       7.5G

             total       used       free     shared    buffers     cached
Mem:          2.0G       1.9G        68M       4.8M       6.7M        96M
-/+ buffers/cache:       1.8G       171M
Swap:         8.0G       528M       7.5G

             total       used       free     shared    buffers     cached
Mem:          2.0G       1.9G        67M       4.8M       6.7M        96M
-/+ buffers/cache:       1.8G       170M
Swap:         8.0G       527M       7.5G

             total       used       free     shared    buffers     cached
Mem:          2.0G       1.9G        66M       4.8M       6.7M        96M
-/+ buffers/cache:       1.8G       169M
Swap:         8.0G       527M       7.5G

             total       used       free     shared    buffers     cached
Mem:          2.0G       1.9G        64M       4.8M       6.7M        96M
-/+ buffers/cache:       1.8G       168M
Swap:         8.0G       526M       7.5G

             total       used       free     shared    buffers     cached
Mem:          2.0G       1.9G        79M       4.8M       6.7M        86M
-/+ buffers/cache:       1.8G       172M
Swap:         8.0G       526M       7.5G

             total       used       free     shared    buffers     cached
Mem:          2.0G       1.9G        78M       4.8M       6.7M        86M
-/+ buffers/cache:       1.8G       171M
Swap:         8.0G       525M       7.5G

             total       used       free     shared    buffers     cached
Mem:          2.0G       1.9G        77M       4.8M       6.7M        86M
-/+ buffers/cache:       1.8G       170M
Swap:         8.0G       525M       7.5G

             total       used       free     shared    buffers     cached
Mem:          2.0G       1.9G        76M       4.8M       6.7M        86M
-/+ buffers/cache:       1.8G       169M
Swap:         8.0G       524M       7.5G

             total       used       free     shared    buffers     cached
Mem:          2.0G       1.9G        75M       4.8M       6.7M        86M
-/+ buffers/cache:       1.8G       168M
Swap:         8.0G       524M       7.5G

             total       used       free     shared    buffers     cached
Mem:          2.0G       1.9G        74M       4.8M       6.7M        86M
-/+ buffers/cache:       1.8G       167M
Swap:         8.0G       523M       7.5G

             total       used       free     shared    buffers     cached
Mem:          2.0G       1.9G        73M       4.8M       6.7M        86M
-/+ buffers/cache:       1.8G       166M
Swap:         8.0G       523M       7.5G

             total       used       free     shared    buffers     cached
Mem:          2.0G       1.9G        72M       4.8M       6.7M        86M
-/+ buffers/cache:       1.8G       165M
Swap:         8.0G       522M       7.5G

             total       used       free     shared    buffers     cached
Mem:          2.0G       1.9G        71M       4.8M       6.7M        86M
-/+ buffers/cache:       1.8G       164M
Swap:         8.0G       522M       7.5G

             total       used       free     shared    buffers     cached
Mem:          2.0G       1.9G        70M       4.8M       6.7M        86M
-/+ buffers/cache:       1.8G       163M
Swap:         8.0G       521M       7.5G

             total       used       free     shared    buffers     cached
Mem:          2.0G       1.9G        69M       4.8M       6.7M        86M
-/+ buffers/cache:       1.8G       162M
Swap:         8.0G       521M       7.5G

             total       used       free     shared    buffers     cached
Mem:          2.0G       1.9G        68M       4.8M       6.7M        86M
-/+ buffers/cache:       1.8G       161M
Swap:         8.0G       520M       7.5G

             total       used       free     shared    buffers     cached
Mem:          2.0G       1.9G        67M       4.8M       6.7M        86M
-/+ buffers/cache:       1.8G       160M
Swap:         8.0G       520M       7.5G

             total       used       free     shared    buffers     cached
Mem:          2.0G       1.9G        72M       4.8M       6.8M        84M
-/+ buffers/cache:       1.8G       163M
Swap:         8.0G       524M       7.5G

             total       used       free     shared    buffers     cached
Mem:          2.0G       1.9G        82M       4.8M       6.6M        74M
-/+ buffers/cache:       1.8G       163M
Swap:         8.0G       614M       7.4G

             total       used       free     shared    buffers     cached
Mem:          2.0G       1.9G        77M       4.9M       7.2M        79M
-/+ buffers/cache:       1.8G       164M
Swap:         8.0G       614M       7.4G

             total       used       free     shared    buffers     cached
Mem:          2.0G       1.9G        78M       4.9M       9.3M        84M
-/+ buffers/cache:       1.8G       171M
Swap:         8.0G       612M       7.4G
