             total       used       free     shared    buffers     cached
Mem:          992M       660M       331M       3.2M        38M       289M
-/+ buffers/cache:       332M       659M
Swap:         8.0G         0B       8.0G

             total       used       free     shared    buffers     cached
Mem:          992M       659M       332M       1.4M        38M       287M
-/+ buffers/cache:       332M       659M
Swap:         8.0G         0B       8.0G

             total       used       free     shared    buffers     cached
Mem:          992M       659M       332M       1.4M        38M       287M
-/+ buffers/cache:       332M       659M
Swap:         8.0G         0B       8.0G

             total       used       free     shared    buffers     cached
Mem:          992M       659M       332M       1.4M        38M       287M
-/+ buffers/cache:       332M       659M
Swap:         8.0G         0B       8.0G

             total       used       free     shared    buffers     cached
Mem:          992M       659M       332M       1.4M        38M       287M
-/+ buffers/cache:       332M       659M
Swap:         8.0G         0B       8.0G

             total       used       free     shared    buffers     cached
Mem:          992M       659M       332M       1.4M        38M       287M
-/+ buffers/cache:       332M       659M
Swap:         8.0G         0B       8.0G

             total       used       free     shared    buffers     cached
Mem:          992M       658M       333M       1.4M        38M       287M
-/+ buffers/cache:       332M       659M
Swap:         8.0G         0B       8.0G

             total       used       free     shared    buffers     cached
Mem:          992M       658M       333M       1.4M        38M       288M
-/+ buffers/cache:       331M       660M
Swap:         8.0G         0B       8.0G

             total       used       free     shared    buffers     cached
Mem:          992M       658M       333M       1.4M        38M       288M
-/+ buffers/cache:       331M       660M
Swap:         8.0G         0B       8.0G

             total       used       free     shared    buffers     cached
Mem:          992M       658M       333M       1.4M        38M       288M
-/+ buffers/cache:       331M       660M
Swap:         8.0G         0B       8.0G

             total       used       free     shared    buffers     cached
Mem:          992M       661M       330M       1.4M        38M       288M
-/+ buffers/cache:       335M       657M
Swap:         8.0G         0B       8.0G

             total       used       free     shared    buffers     cached
Mem:          992M       683M       308M       1.4M        38M       288M
-/+ buffers/cache:       356M       635M
Swap:         8.0G         0B       8.0G

             total       used       free     shared    buffers     cached
Mem:          992M       667M       324M       1.4M        38M       289M
-/+ buffers/cache:       340M       652M
Swap:         8.0G         0B       8.0G

             total       used       free     shared    buffers     cached
Mem:          992M       667M       324M       1.4M        38M       289M
-/+ buffers/cache:       340M       652M
Swap:         8.0G         0B       8.0G

             total       used       free     shared    buffers     cached
Mem:          992M       668M       323M       1.4M        38M       289M
-/+ buffers/cache:       340M       651M
Swap:         8.0G         0B       8.0G

             total       used       free     shared    buffers     cached
Mem:          992M       668M       323M       1.4M        38M       289M
-/+ buffers/cache:       340M       651M
Swap:         8.0G         0B       8.0G

             total       used       free     shared    buffers     cached
Mem:          992M       668M       323M       1.4M        38M       289M
-/+ buffers/cache:       340M       652M
Swap:         8.0G         0B       8.0G

             total       used       free     shared    buffers     cached
Mem:          992M       668M       323M       1.4M        38M       289M
-/+ buffers/cache:       340M       652M
Swap:         8.0G         0B       8.0G

             total       used       free     shared    buffers     cached
Mem:          992M       668M       323M       1.4M        38M       289M
-/+ buffers/cache:       340M       652M
Swap:         8.0G         0B       8.0G

             total       used       free     shared    buffers     cached
Mem:          992M       668M       323M       1.4M        38M       289M
-/+ buffers/cache:       340M       652M
Swap:         8.0G         0B       8.0G

             total       used       free     shared    buffers     cached
Mem:          992M       668M       323M       1.4M        38M       289M
-/+ buffers/cache:       340M       652M
Swap:         8.0G         0B       8.0G

             total       used       free     shared    buffers     cached
Mem:          992M       668M       323M       1.4M        38M       289M
-/+ buffers/cache:       340M       651M
Swap:         8.0G         0B       8.0G

             total       used       free     shared    buffers     cached
Mem:          992M       668M       323M       1.4M        38M       289M
-/+ buffers/cache:       340M       651M
Swap:         8.0G         0B       8.0G

             total       used       free     shared    buffers     cached
Mem:          992M       668M       323M       1.4M        38M       289M
-/+ buffers/cache:       340M       651M
Swap:         8.0G         0B       8.0G

             total       used       free     shared    buffers     cached
Mem:          992M       668M       323M       1.4M        38M       289M
-/+ buffers/cache:       340M       651M
Swap:         8.0G         0B       8.0G

             total       used       free     shared    buffers     cached
Mem:          992M       668M       323M       1.4M        38M       289M
-/+ buffers/cache:       340M       651M
Swap:         8.0G         0B       8.0G

             total       used       free     shared    buffers     cached
Mem:          992M       668M       323M       1.4M        38M       289M
-/+ buffers/cache:       340M       651M
Swap:         8.0G         0B       8.0G

             total       used       free     shared    buffers     cached
Mem:          992M       668M       323M       1.4M        38M       289M
-/+ buffers/cache:       340M       651M
Swap:         8.0G         0B       8.0G

             total       used       free     shared    buffers     cached
Mem:          992M       668M       323M       1.4M        38M       289M
-/+ buffers/cache:       340M       651M
Swap:         8.0G         0B       8.0G

             total       used       free     shared    buffers     cached
Mem:          992M       668M       323M       1.4M        38M       289M
-/+ buffers/cache:       340M       651M
Swap:         8.0G         0B       8.0G

             total       used       free     shared    buffers     cached
Mem:          992M       668M       323M       1.4M        38M       289M
-/+ buffers/cache:       340M       651M
Swap:         8.0G         0B       8.0G

             total       used       free     shared    buffers     cached
Mem:          992M       668M       323M       1.4M        38M       289M
-/+ buffers/cache:       340M       651M
Swap:         8.0G         0B       8.0G

             total       used       free     shared    buffers     cached
Mem:          992M       668M       323M       1.4M        38M       289M
-/+ buffers/cache:       340M       651M
Swap:         8.0G         0B       8.0G

             total       used       free     shared    buffers     cached
Mem:          992M       673M       318M       1.4M        38M       289M
-/+ buffers/cache:       345M       646M
Swap:         8.0G         0B       8.0G

             total       used       free     shared    buffers     cached
Mem:          992M       689M       302M       1.4M        38M       289M
-/+ buffers/cache:       361M       630M
Swap:         8.0G         0B       8.0G

             total       used       free     shared    buffers     cached
Mem:          992M       704M       287M       1.4M        38M       289M
-/+ buffers/cache:       376M       615M
Swap:         8.0G         0B       8.0G

             total       used       free     shared    buffers     cached
Mem:          992M       719M       272M       1.4M        38M       289M
-/+ buffers/cache:       391M       600M
Swap:         8.0G         0B       8.0G

             total       used       free     shared    buffers     cached
Mem:          992M       734M       257M       1.4M        38M       289M
-/+ buffers/cache:       406M       585M
Swap:         8.0G         0B       8.0G

             total       used       free     shared    buffers     cached
Mem:          992M       749M       242M       1.4M        38M       289M
-/+ buffers/cache:       421M       570M
Swap:         8.0G         0B       8.0G

             total       used       free     shared    buffers     cached
Mem:          992M       764M       227M       1.4M        38M       289M
-/+ buffers/cache:       436M       555M
Swap:         8.0G         0B       8.0G

             total       used       free     shared    buffers     cached
Mem:          992M       780M       212M       1.4M        38M       289M
-/+ buffers/cache:       451M       540M
Swap:         8.0G         0B       8.0G

             total       used       free     shared    buffers     cached
Mem:          992M       792M       199M       1.4M        38M       289M
-/+ buffers/cache:       464M       528M
Swap:         8.0G         0B       8.0G

             total       used       free     shared    buffers     cached
Mem:          992M       807M       184M       1.4M        38M       289M
-/+ buffers/cache:       479M       512M
Swap:         8.0G         0B       8.0G

             total       used       free     shared    buffers     cached
Mem:          992M       825M       166M       1.4M        38M       289M
-/+ buffers/cache:       497M       495M
Swap:         8.0G         0B       8.0G

             total       used       free     shared    buffers     cached
Mem:          992M       841M       150M       1.4M        38M       289M
-/+ buffers/cache:       513M       478M
Swap:         8.0G         0B       8.0G

             total       used       free     shared    buffers     cached
Mem:          992M       855M       136M       1.4M        38M       289M
-/+ buffers/cache:       527M       465M
Swap:         8.0G         0B       8.0G

             total       used       free     shared    buffers     cached
Mem:          992M       870M       121M       1.4M        38M       289M
-/+ buffers/cache:       542M       449M
Swap:         8.0G         0B       8.0G

             total       used       free     shared    buffers     cached
Mem:          992M       884M       107M       1.4M        38M       289M
-/+ buffers/cache:       556M       435M
Swap:         8.0G         0B       8.0G

             total       used       free     shared    buffers     cached
Mem:          992M       896M        95M       1.4M        38M       289M
-/+ buffers/cache:       568M       424M
Swap:         8.0G         0B       8.0G

             total       used       free     shared    buffers     cached
Mem:          992M       910M        81M       1.4M        38M       289M
-/+ buffers/cache:       582M       409M
Swap:         8.0G         0B       8.0G

             total       used       free     shared    buffers     cached
Mem:          992M       924M        67M       1.4M        38M       289M
-/+ buffers/cache:       596M       395M
Swap:         8.0G         0B       8.0G

             total       used       free     shared    buffers     cached
Mem:          992M       916M        75M       1.4M        17M       288M
-/+ buffers/cache:       610M       381M
Swap:         8.0G         0B       8.0G

             total       used       free     shared    buffers     cached
Mem:          992M       931M        60M       1.4M        17M       288M
-/+ buffers/cache:       625M       366M
Swap:         8.0G         0B       8.0G

             total       used       free     shared    buffers     cached
Mem:          992M       927M        64M       1.4M        10M       279M
-/+ buffers/cache:       638M       353M
Swap:         8.0G         0B       8.0G

             total       used       free     shared    buffers     cached
Mem:          992M       924M        67M       1.4M       9.6M       262M
-/+ buffers/cache:       652M       339M
Swap:         8.0G       116K       8.0G

             total       used       free     shared    buffers     cached
Mem:          992M       918M        73M       1.3M       9.7M       244M
-/+ buffers/cache:       664M       327M
Swap:         8.0G       492K       8.0G

             total       used       free     shared    buffers     cached
Mem:          992M       919M        73M       1.2M       9.7M       232M
-/+ buffers/cache:       677M       314M
Swap:         8.0G       4.7M       8.0G

             total       used       free     shared    buffers     cached
Mem:          992M       903M        89M       1.2M       9.5M       205M
-/+ buffers/cache:       687M       304M
Swap:         8.0G        10M       8.0G

             total       used       free     shared    buffers     cached
Mem:          992M       916M        76M       1.2M       9.5M       205M
-/+ buffers/cache:       701M       291M
Swap:         8.0G        10M       8.0G

             total       used       free     shared    buffers     cached
Mem:          992M       930M        62M       1.2M       9.5M       205M
-/+ buffers/cache:       714M       277M
Swap:         8.0G        10M       8.0G

             total       used       free     shared    buffers     cached
Mem:          992M       930M        62M       1.2M       2.7M       199M
-/+ buffers/cache:       727M       264M
Swap:         8.0G        10M       8.0G

             total       used       free     shared    buffers     cached
Mem:          992M       929M        62M       1.2M       1.4M       187M
-/+ buffers/cache:       740M       251M
Swap:         8.0G        10M       8.0G

             total       used       free     shared    buffers     cached
Mem:          992M       921M        70M       1.2M       420K       165M
-/+ buffers/cache:       754M       237M
Swap:         8.0G        10M       8.0G

             total       used       free     shared    buffers     cached
Mem:          992M       914M        77M       1.2M       420K       146M
-/+ buffers/cache:       768M       224M
Swap:         8.0G        10M       8.0G

             total       used       free     shared    buffers     cached
Mem:          992M       927M        64M       1.2M       420K       146M
-/+ buffers/cache:       781M       210M
Swap:         8.0G        10M       8.0G

             total       used       free     shared    buffers     cached
Mem:          992M       916M        75M       1.2M       412K       128M
-/+ buffers/cache:       787M       205M
Swap:         8.0G        10M       8.0G

             total       used       free     shared    buffers     cached
Mem:          992M       929M        62M       1.2M       420K       128M
-/+ buffers/cache:       800M       192M
Swap:         8.0G        10M       8.0G

             total       used       free     shared    buffers     cached
Mem:          992M       927M        65M       1.2M       280K       113M
-/+ buffers/cache:       812M       179M
Swap:         8.0G        10M       8.0G

             total       used       free     shared    buffers     cached
Mem:          992M       928M        63M       1.2M       272K       100M
-/+ buffers/cache:       827M       164M
Swap:         8.0G        10M       8.0G

             total       used       free     shared    buffers     cached
Mem:          992M       924M        67M       1.2M       416K        81M
-/+ buffers/cache:       842M       149M
Swap:         8.0G        10M       8.0G

             total       used       free     shared    buffers     cached
Mem:          992M       920M        71M       1.2M       2.3M        62M
-/+ buffers/cache:       855M       136M
Swap:         8.0G        10M       8.0G

             total       used       free     shared    buffers     cached
Mem:          992M       928M        64M       1.2M       2.3M        56M
-/+ buffers/cache:       868M       123M
Swap:         8.0G        10M       8.0G

             total       used       free     shared    buffers     cached
Mem:          992M       917M        74M       1.2M       2.3M        35M
-/+ buffers/cache:       879M       112M
Swap:         8.0G        10M       8.0G

             total       used       free     shared    buffers     cached
Mem:          992M       930M        61M       1.2M       2.3M        35M
-/+ buffers/cache:       892M        99M
Swap:         8.0G        10M       8.0G

             total       used       free     shared    buffers     cached
Mem:          992M       929M        63M       1.2M       2.5M        19M
-/+ buffers/cache:       906M        85M
Swap:         8.0G        10M       8.0G

             total       used       free     shared    buffers     cached
Mem:          992M       927M        64M       1.0M       2.1M        11M
-/+ buffers/cache:       913M        78M
Swap:         8.0G        16M       8.0G

             total       used       free     shared    buffers     cached
Mem:          992M       928M        63M       1.0M       336K       6.5M
-/+ buffers/cache:       922M        69M
Swap:         8.0G        29M       8.0G

             total       used       free     shared    buffers     cached
Mem:          992M       927M        64M       1.0M       100K       2.9M
-/+ buffers/cache:       924M        67M
Swap:         8.0G        29M       8.0G

             total       used       free     shared    buffers     cached
Mem:          992M       919M        72M       720K       348K       2.8M
-/+ buffers/cache:       916M        75M
Swap:         8.0G        62M       7.9G

             total       used       free     shared    buffers     cached
Mem:          992M       919M        72M       664K       348K        23M
-/+ buffers/cache:       895M        96M
Swap:         8.0G       113M       7.9G

             total       used       free     shared    buffers     cached
Mem:          992M       918M        73M       648K        92K        22M
-/+ buffers/cache:       896M        95M
Swap:         8.0G       113M       7.9G

             total       used       free     shared    buffers     cached
Mem:          992M       921M        70M       648K       924K        23M
-/+ buffers/cache:       897M        95M
Swap:         8.0G       113M       7.9G

             total       used       free     shared    buffers     cached
Mem:          992M       916M        75M       596K       936K        22M
-/+ buffers/cache:       893M        98M
Swap:         8.0G       143M       7.9G

             total       used       free     shared    buffers     cached
Mem:          992M       928M        63M       600K       936K        22M
-/+ buffers/cache:       905M        86M
Swap:         8.0G       143M       7.9G

             total       used       free     shared    buffers     cached
Mem:          992M       927M        64M       600K       936K        22M
-/+ buffers/cache:       904M        87M
Swap:         8.0G       143M       7.9G

             total       used       free     shared    buffers     cached
Mem:          992M       921M        70M       580K       920K        19M
-/+ buffers/cache:       900M        91M
Swap:         8.0G       171M       7.8G

             total       used       free     shared    buffers     cached
Mem:          992M       919M        73M       580K       920K        18M
-/+ buffers/cache:       900M        92M
Swap:         8.0G       175M       7.8G

             total       used       free     shared    buffers     cached
Mem:          992M       931M        61M       576K       920K        18M
-/+ buffers/cache:       912M        80M
Swap:         8.0G       175M       7.8G

             total       used       free     shared    buffers     cached
Mem:          992M       930M        61M       576K       932K        10M
-/+ buffers/cache:       919M        72M
Swap:         8.0G       182M       7.8G

             total       used       free     shared    buffers     cached
Mem:          992M       920M        71M       576K        92K       2.5M
-/+ buffers/cache:       917M        74M
Swap:         8.0G       189M       7.8G

             total       used       free     shared    buffers     cached
Mem:          992M       917M        74M       576K       100K       2.6M
-/+ buffers/cache:       914M        77M
Swap:         8.0G       220M       7.8G

             total       used       free     shared    buffers     cached
Mem:          992M       919M        72M       568K       100K       2.6M
-/+ buffers/cache:       916M        75M
Swap:         8.0G       220M       7.8G

             total       used       free     shared    buffers     cached
Mem:          992M       915M        76M       568K        84K       2.3M
-/+ buffers/cache:       913M        78M
Swap:         8.0G       240M       7.8G

             total       used       free     shared    buffers     cached
Mem:          992M       921M        70M       548K        88K       2.3M
-/+ buffers/cache:       919M        72M
Swap:         8.0G       240M       7.8G

             total       used       free     shared    buffers     cached
Mem:          992M       916M        75M       548K        92K       2.2M
-/+ buffers/cache:       914M        78M
Swap:         8.0G       257M       7.7G

             total       used       free     shared    buffers     cached
Mem:          992M       923M        68M       548K        92K       2.3M
-/+ buffers/cache:       921M        70M
Swap:         8.0G       257M       7.7G

             total       used       free     shared    buffers     cached
Mem:          992M       930M        61M       548K        92K       2.3M
-/+ buffers/cache:       928M        64M
Swap:         8.0G       257M       7.7G

             total       used       free     shared    buffers     cached
Mem:          992M       922M        69M       548K        92K       2.3M
-/+ buffers/cache:       920M        71M
Swap:         8.0G       268M       7.7G

             total       used       free     shared    buffers     cached
Mem:          992M       927M        64M       548K       100K       2.3M
-/+ buffers/cache:       925M        66M
Swap:         8.0G       268M       7.7G

             total       used       free     shared    buffers     cached
Mem:          992M       920M        71M       548K       100K       2.3M
-/+ buffers/cache:       917M        74M
Swap:         8.0G       293M       7.7G

             total       used       free     shared    buffers     cached
Mem:          992M       925M        66M       548K       100K       2.3M
-/+ buffers/cache:       922M        69M
Swap:         8.0G       293M       7.7G

             total       used       free     shared    buffers     cached
Mem:          992M       931M        60M       548K       100K       2.3M
-/+ buffers/cache:       928M        63M
Swap:         8.0G       293M       7.7G

             total       used       free     shared    buffers     cached
Mem:          992M       923M        68M       548K       100K       2.3M
-/+ buffers/cache:       921M        70M
Swap:         8.0G       293M       7.7G

             total       used       free     shared    buffers     cached
Mem:          992M       928M        64M       548K       100K       2.3M
-/+ buffers/cache:       925M        66M
Swap:         8.0G       293M       7.7G

             total       used       free     shared    buffers     cached
Mem:          992M       918M        73M        28K       108K       1.8M
-/+ buffers/cache:       916M        75M
Swap:         8.0G       314M       7.7G

             total       used       free     shared    buffers     cached
Mem:          992M       922M        69M        12K       108K       1.7M
-/+ buffers/cache:       920M        71M
Swap:         8.0G       314M       7.7G

             total       used       free     shared    buffers     cached
Mem:          992M       926M        65M        12K       108K       2.0M
-/+ buffers/cache:       924M        67M
Swap:         8.0G       314M       7.7G

             total       used       free     shared    buffers     cached
Mem:          992M       917M        74M        12K       108K       2.0M
-/+ buffers/cache:       915M        76M
Swap:         8.0G       329M       7.7G

             total       used       free     shared    buffers     cached
Mem:          992M       920M        71M        12K       108K       2.1M
-/+ buffers/cache:       918M        73M
Swap:         8.0G       329M       7.7G

             total       used       free     shared    buffers     cached
Mem:          992M       923M        68M        12K       116K       2.1M
-/+ buffers/cache:       921M        70M
Swap:         8.0G       329M       7.7G

             total       used       free     shared    buffers     cached
Mem:          992M       928M        63M        12K       116K       2.1M
-/+ buffers/cache:       926M        65M
Swap:         8.0G       329M       7.7G

             total       used       free     shared    buffers     cached
Mem:          992M       922M        69M        12K       116K       2.1M
-/+ buffers/cache:       920M        71M
Swap:         8.0G       335M       7.7G

             total       used       free     shared    buffers     cached
Mem:          992M       926M        65M        12K       112K       2.0M
-/+ buffers/cache:       924M        67M
Swap:         8.0G       326M       7.7G

             total       used       free     shared    buffers     cached
Mem:          992M       922M        69M         4K       112K       2.0M
-/+ buffers/cache:       920M        71M
Swap:         8.0G       324M       7.7G

             total       used       free     shared    buffers     cached
Mem:          992M       920M        71M         4K       120K       2.0M
-/+ buffers/cache:       918M        73M
Swap:         8.0G       326M       7.7G

             total       used       free     shared    buffers     cached
Mem:          992M       921M        71M         0B       120K       2.0M
-/+ buffers/cache:       919M        73M
Swap:         8.0G       326M       7.7G

             total       used       free     shared    buffers     cached
Mem:          992M       890M       101M         0B       216K       1.8M
-/+ buffers/cache:       888M       103M
Swap:         8.0G       464M       7.5G

             total       used       free     shared    buffers     cached
Mem:          992M       927M        64M         0B       216K       1.8M
-/+ buffers/cache:       925M        66M
Swap:         8.0G       393M       7.6G

             total       used       free     shared    buffers     cached
Mem:          992M       922M        69M         0B       352K       1.9M
-/+ buffers/cache:       919M        72M
Swap:         8.0G       335M       7.7G

             total       used       free     shared    buffers     cached
Mem:          992M       922M        70M         0B       344K       1.8M
-/+ buffers/cache:       919M        72M
Swap:         8.0G       321M       7.7G

             total       used       free     shared    buffers     cached
Mem:          992M       920M        72M         0B       352K       1.8M
-/+ buffers/cache:       917M        74M
Swap:         8.0G       321M       7.7G

             total       used       free     shared    buffers     cached
Mem:          992M       924M        67M         0B       352K       1.8M
-/+ buffers/cache:       922M        69M
Swap:         8.0G       316M       7.7G

             total       used       free     shared    buffers     cached
Mem:          992M       907M        84M         0B       208K       1.4M
-/+ buffers/cache:       906M        86M
Swap:         8.0G       339M       7.7G

             total       used       free     shared    buffers     cached
Mem:          992M       928M        64M         0B       208K       1.4M
-/+ buffers/cache:       926M        65M
Swap:         8.0G       318M       7.7G

             total       used       free     shared    buffers     cached
Mem:          992M       901M        90M         0B        80K       1.7M
-/+ buffers/cache:       899M        92M
Swap:         8.0G       410M       7.6G

             total       used       free     shared    buffers     cached
Mem:          992M       924M        68M         0B        88K       1.8M
-/+ buffers/cache:       922M        69M
Swap:         8.0G       374M       7.6G

             total       used       free     shared    buffers     cached
Mem:          992M       918M        74M         0B        88K       2.7M
-/+ buffers/cache:       915M        76M
Swap:         8.0G       362M       7.6G

             total       used       free     shared    buffers     cached
Mem:          992M       921M        70M         0B        88K       2.7M
-/+ buffers/cache:       918M        73M
Swap:         8.0G       360M       7.6G

             total       used       free     shared    buffers     cached
Mem:          992M       928M        63M         0B       216K       3.4M
-/+ buffers/cache:       924M        67M
Swap:         8.0G       358M       7.6G

             total       used       free     shared    buffers     cached
Mem:          992M       905M        87M         0B       184K       3.0M
-/+ buffers/cache:       901M        90M
Swap:         8.0G       358M       7.6G

             total       used       free     shared    buffers     cached
Mem:          992M       911M        80M         0B       352K       3.1M
-/+ buffers/cache:       908M        83M
Swap:         8.0G       358M       7.6G

             total       used       free     shared    buffers     cached
Mem:          992M       917M        74M         0B       352K       3.1M
-/+ buffers/cache:       914M        77M
Swap:         8.0G       358M       7.6G

             total       used       free     shared    buffers     cached
Mem:          992M       923M        69M         0B       352K       3.2M
-/+ buffers/cache:       919M        72M
Swap:         8.0G       358M       7.6G

             total       used       free     shared    buffers     cached
Mem:          992M       929M        63M         0B       352K       3.2M
-/+ buffers/cache:       925M        66M
Swap:         8.0G       358M       7.6G

             total       used       free     shared    buffers     cached
Mem:          992M       920M        71M         0B       352K       3.0M
-/+ buffers/cache:       917M        74M
Swap:         8.0G       368M       7.6G

             total       used       free     shared    buffers     cached
Mem:          992M       922M        69M         0B       352K       3.1M
-/+ buffers/cache:       919M        73M
Swap:         8.0G       368M       7.6G

             total       used       free     shared    buffers     cached
Mem:          992M       924M        67M         0B       360K       3.1M
-/+ buffers/cache:       921M        71M
Swap:         8.0G       367M       7.6G

             total       used       free     shared    buffers     cached
Mem:          992M       926M        65M         0B       360K       3.1M
-/+ buffers/cache:       922M        69M
Swap:         8.0G       366M       7.6G

             total       used       free     shared    buffers     cached
Mem:          992M       928M        64M         0B       360K       3.1M
-/+ buffers/cache:       924M        67M
Swap:         8.0G       365M       7.6G

             total       used       free     shared    buffers     cached
Mem:          992M       920M        72M         0B       320K        15M
-/+ buffers/cache:       903M        88M
Swap:         8.0G       396M       7.6G

             total       used       free     shared    buffers     cached
Mem:          992M       924M        68M         0B       460K        18M
-/+ buffers/cache:       905M        87M
Swap:         8.0G       395M       7.6G

             total       used       free     shared    buffers     cached
Mem:          992M       926M        65M         0B       784K        18M
-/+ buffers/cache:       907M        85M
Swap:         8.0G       394M       7.6G

             total       used       free     shared    buffers     cached
Mem:          992M       928M        63M         0B       788K        18M
-/+ buffers/cache:       908M        83M
Swap:         8.0G       393M       7.6G

             total       used       free     shared    buffers     cached
Mem:          992M       930M        61M         0B       788K        18M
-/+ buffers/cache:       910M        81M
Swap:         8.0G       392M       7.6G

             total       used       free     shared    buffers     cached
Mem:          992M       909M        82M         0B       788K        16M
-/+ buffers/cache:       893M        99M
Swap:         8.0G       412M       7.6G

             total       used       free     shared    buffers     cached
Mem:          992M       911M        80M         0B       788K        16M
-/+ buffers/cache:       894M        97M
Swap:         8.0G       412M       7.6G

             total       used       free     shared    buffers     cached
Mem:          992M       913M        79M         0B       796K        16M
-/+ buffers/cache:       896M        96M
Swap:         8.0G       411M       7.6G

             total       used       free     shared    buffers     cached
Mem:          992M       914M        77M         0B       796K        16M
-/+ buffers/cache:       897M        94M
Swap:         8.0G       410M       7.6G

             total       used       free     shared    buffers     cached
Mem:          992M       916M        75M         0B       796K        16M
-/+ buffers/cache:       899M        92M
Swap:         8.0G       409M       7.6G

             total       used       free     shared    buffers     cached
Mem:          992M       918M        74M         0B       796K        16M
-/+ buffers/cache:       901M        91M
Swap:         8.0G       409M       7.6G

             total       used       free     shared    buffers     cached
Mem:          992M       919M        72M         0B       796K        16M
-/+ buffers/cache:       902M        89M
Swap:         8.0G       408M       7.6G

             total       used       free     shared    buffers     cached
Mem:          992M       921M        70M         0B       796K        16M
-/+ buffers/cache:       904M        87M
Swap:         8.0G       407M       7.6G

             total       used       free     shared    buffers     cached
Mem:          992M       923M        69M         0B       804K        16M
-/+ buffers/cache:       906M        86M
Swap:         8.0G       407M       7.6G

             total       used       free     shared    buffers     cached
Mem:          992M       924M        67M         0B       804K        16M
-/+ buffers/cache:       907M        84M
Swap:         8.0G       406M       7.6G

             total       used       free     shared    buffers     cached
Mem:          992M       926M        65M         0B       804K        16M
-/+ buffers/cache:       909M        82M
Swap:         8.0G       405M       7.6G

             total       used       free     shared    buffers     cached
Mem:          992M       928M        64M         0B       804K        16M
-/+ buffers/cache:       911M        81M
Swap:         8.0G       404M       7.6G

             total       used       free     shared    buffers     cached
Mem:          992M       929M        62M         0B       804K        16M
-/+ buffers/cache:       912M        79M
Swap:         8.0G       404M       7.6G

             total       used       free     shared    buffers     cached
Mem:          992M       930M        61M         0B       812K        16M
-/+ buffers/cache:       913M        78M
Swap:         8.0G       403M       7.6G

             total       used       free     shared    buffers     cached
Mem:          992M       913M        79M         0B       548K        11M
-/+ buffers/cache:       901M        91M
Swap:         8.0G       417M       7.6G

             total       used       free     shared    buffers     cached
Mem:          992M       914M        77M         0B       548K        11M
-/+ buffers/cache:       902M        89M
Swap:         8.0G       416M       7.6G

             total       used       free     shared    buffers     cached
Mem:          992M       916M        75M         0B       548K        11M
-/+ buffers/cache:       904M        87M
Swap:         8.0G       415M       7.6G

             total       used       free     shared    buffers     cached
Mem:          992M       917M        74M         0B       548K        11M
-/+ buffers/cache:       905M        86M
Swap:         8.0G       415M       7.6G

             total       used       free     shared    buffers     cached
Mem:          992M       919M        72M         0B       556K        11M
-/+ buffers/cache:       907M        84M
Swap:         8.0G       414M       7.6G

             total       used       free     shared    buffers     cached
Mem:          992M       921M        70M         0B       556K        11M
-/+ buffers/cache:       909M        83M
Swap:         8.0G       413M       7.6G

             total       used       free     shared    buffers     cached
Mem:          992M       923M        69M         0B       556K        11M
-/+ buffers/cache:       911M        81M
Swap:         8.0G       412M       7.6G

             total       used       free     shared    buffers     cached
Mem:          992M       924M        67M         0B       556K        11M
-/+ buffers/cache:       912M        79M
Swap:         8.0G       411M       7.6G

             total       used       free     shared    buffers     cached
Mem:          992M       926M        65M         0B       556K        11M
-/+ buffers/cache:       914M        77M
Swap:         8.0G       410M       7.6G

             total       used       free     shared    buffers     cached
Mem:          992M       928M        64M         0B       556K        11M
-/+ buffers/cache:       916M        76M
Swap:         8.0G       409M       7.6G

             total       used       free     shared    buffers     cached
Mem:          992M       929M        62M         0B       564K        11M
-/+ buffers/cache:       917M        74M
Swap:         8.0G       408M       7.6G

             total       used       free     shared    buffers     cached
Mem:          992M       919M        72M         0B       108K       4.3M
-/+ buffers/cache:       915M        77M
Swap:         8.0G       412M       7.6G

             total       used       free     shared    buffers     cached
Mem:          992M       921M        71M         0B       112K       4.4M
-/+ buffers/cache:       916M        75M
Swap:         8.0G       411M       7.6G

             total       used       free     shared    buffers     cached
Mem:          992M       923M        69M         0B       112K       4.5M
-/+ buffers/cache:       918M        73M
Swap:         8.0G       410M       7.6G

             total       used       free     shared    buffers     cached
Mem:          992M       924M        67M         0B       112K       4.4M
-/+ buffers/cache:       920M        71M
Swap:         8.0G       409M       7.6G

             total       used       free     shared    buffers     cached
Mem:          992M       926M        65M         0B       120K       4.4M
-/+ buffers/cache:       922M        70M
Swap:         8.0G       408M       7.6G

             total       used       free     shared    buffers     cached
Mem:          992M       928M        63M         0B       120K       4.4M
-/+ buffers/cache:       923M        68M
Swap:         8.0G       407M       7.6G

             total       used       free     shared    buffers     cached
Mem:          992M       930M        61M         0B       120K       4.5M
-/+ buffers/cache:       925M        66M
Swap:         8.0G       406M       7.6G

             total       used       free     shared    buffers     cached
Mem:          992M       919M        72M         0B        96K       1.9M
-/+ buffers/cache:       917M        74M
Swap:         8.0G       413M       7.6G

             total       used       free     shared    buffers     cached
Mem:          992M       921M        70M         0B        96K       1.9M
-/+ buffers/cache:       919M        72M
Swap:         8.0G       412M       7.6G

             total       used       free     shared    buffers     cached
Mem:          992M       923M        68M         0B       104K       1.9M
-/+ buffers/cache:       921M        70M
Swap:         8.0G       411M       7.6G

             total       used       free     shared    buffers     cached
Mem:          992M       925M        67M         0B       104K       1.9M
-/+ buffers/cache:       922M        69M
Swap:         8.0G       410M       7.6G

             total       used       free     shared    buffers     cached
Mem:          992M       930M        61M         0B       392K       4.9M
-/+ buffers/cache:       925M        67M
Swap:         8.0G       409M       7.6G

             total       used       free     shared    buffers     cached
Mem:          992M       922M        69M         0B       604K        10M
-/+ buffers/cache:       911M        80M
Swap:         8.0G       427M       7.6G

             total       used       free     shared    buffers     cached
Mem:          992M       930M        62M         4K       624K        28M
-/+ buffers/cache:       900M        91M
Swap:         8.0G       442M       7.6G

             total       used       free     shared    buffers     cached
Mem:          992M       918M        73M        16K       624K        22M
-/+ buffers/cache:       895M        96M
Swap:         8.0G       446M       7.6G

             total       used       free     shared    buffers     cached
Mem:          992M       915M        77M        16K       624K        22M
-/+ buffers/cache:       892M       100M
Swap:         8.0G       456M       7.6G

             total       used       free     shared    buffers     cached
Mem:          992M       916M        76M        16K       624K        22M
-/+ buffers/cache:       893M        98M
Swap:         8.0G       455M       7.6G

             total       used       free     shared    buffers     cached
Mem:          992M       917M        75M        16K       624K        22M
-/+ buffers/cache:       894M        98M
Swap:         8.0G       455M       7.6G

             total       used       free     shared    buffers     cached
Mem:          992M       918M        74M        16K       632K        22M
-/+ buffers/cache:       895M        97M
Swap:         8.0G       454M       7.6G

             total       used       free     shared    buffers     cached
Mem:          992M       920M        72M        16K       632K        22M
-/+ buffers/cache:       896M        95M
Swap:         8.0G       453M       7.6G

             total       used       free     shared    buffers     cached
Mem:          992M       922M        70M        16K       632K        23M
-/+ buffers/cache:       898M        93M
Swap:         8.0G       453M       7.6G

             total       used       free     shared    buffers     cached
Mem:          992M       924M        67M        16K       632K        24M
-/+ buffers/cache:       899M        92M
Swap:         8.0G       452M       7.6G

             total       used       free     shared    buffers     cached
Mem:          992M       925M        66M        16K       632K        24M
-/+ buffers/cache:       900M        91M
Swap:         8.0G       451M       7.6G

             total       used       free     shared    buffers     cached
Mem:          992M       926M        65M        16K       640K        24M
-/+ buffers/cache:       901M        90M
Swap:         8.0G       450M       7.6G

             total       used       free     shared    buffers     cached
Mem:          992M       927M        64M        16K       640K        24M
-/+ buffers/cache:       902M        89M
Swap:         8.0G       450M       7.6G

             total       used       free     shared    buffers     cached
Mem:          992M       929M        62M        16K       640K        24M
-/+ buffers/cache:       904M        87M
Swap:         8.0G       449M       7.6G

             total       used       free     shared    buffers     cached
Mem:          992M       930M        61M        16K       640K        24M
-/+ buffers/cache:       905M        86M
Swap:         8.0G       448M       7.6G

             total       used       free     shared    buffers     cached
Mem:          992M       920M        72M        16K       632K        24M
-/+ buffers/cache:       895M        96M
Swap:         8.0G       449M       7.6G

             total       used       free     shared    buffers     cached
Mem:          992M       921M        70M        16K       632K        24M
-/+ buffers/cache:       896M        95M
Swap:         8.0G       448M       7.6G

             total       used       free     shared    buffers     cached
Mem:          992M       922M        69M        16K       640K        24M
-/+ buffers/cache:       897M        94M
Swap:         8.0G       448M       7.6G

             total       used       free     shared    buffers     cached
Mem:          992M       929M        62M        16K       640K        29M
-/+ buffers/cache:       898M        93M
Swap:         8.0G       447M       7.6G

             total       used       free     shared    buffers     cached
Mem:          992M       930M        61M        16K       640K        29M
-/+ buffers/cache:       899M        92M
Swap:         8.0G       446M       7.6G

             total       used       free     shared    buffers     cached
Mem:          992M       915M        77M        16K       956K        28M
-/+ buffers/cache:       885M       106M
Swap:         8.0G       475M       7.5G

             total       used       free     shared    buffers     cached
Mem:          992M       916M        75M        16K       956K        28M
-/+ buffers/cache:       886M       105M
Swap:         8.0G       475M       7.5G

             total       used       free     shared    buffers     cached
Mem:          992M       917M        74M        16K       964K        28M
-/+ buffers/cache:       887M       104M
Swap:         8.0G       474M       7.5G

             total       used       free     shared    buffers     cached
Mem:          992M       918M        73M        16K       964K        28M
-/+ buffers/cache:       889M       103M
Swap:         8.0G       473M       7.5G

             total       used       free     shared    buffers     cached
Mem:          992M       919M        72M        16K       964K        28M
-/+ buffers/cache:       890M       102M
Swap:         8.0G       473M       7.5G

             total       used       free     shared    buffers     cached
Mem:          992M       920M        71M        16K       964K        28M
-/+ buffers/cache:       891M       101M
Swap:         8.0G       472M       7.5G

             total       used       free     shared    buffers     cached
Mem:          992M       922M        70M        16K       964K        28M
-/+ buffers/cache:       892M        99M
Swap:         8.0G       471M       7.5G

             total       used       free     shared    buffers     cached
Mem:          992M       923M        68M        16K       964K        28M
-/+ buffers/cache:       893M        98M
Swap:         8.0G       471M       7.5G

             total       used       free     shared    buffers     cached
Mem:          992M       924M        67M        16K       972K        28M
-/+ buffers/cache:       895M        96M
Swap:         8.0G       470M       7.5G

             total       used       free     shared    buffers     cached
Mem:          992M       925M        66M        16K       972K        28M
-/+ buffers/cache:       896M        95M
Swap:         8.0G       470M       7.5G

             total       used       free     shared    buffers     cached
Mem:          992M       926M        65M        16K       972K        28M
-/+ buffers/cache:       897M        94M
Swap:         8.0G       469M       7.5G

             total       used       free     shared    buffers     cached
Mem:          992M       928M        63M        16K       972K        28M
-/+ buffers/cache:       898M        93M
Swap:         8.0G       468M       7.5G

             total       used       free     shared    buffers     cached
Mem:          992M       929M        63M        16K       972K        28M
-/+ buffers/cache:       899M        92M
Swap:         8.0G       468M       7.5G

             total       used       free     shared    buffers     cached
Mem:          992M       930M        61M        16K       980K        28M
-/+ buffers/cache:       900M        91M
Swap:         8.0G       467M       7.5G

             total       used       free     shared    buffers     cached
Mem:          992M       916M        75M        16K       980K        28M
-/+ buffers/cache:       887M       104M
Swap:         8.0G       468M       7.5G

             total       used       free     shared    buffers     cached
Mem:          992M       917M        74M        16K       980K        28M
-/+ buffers/cache:       888M       103M
Swap:         8.0G       468M       7.5G

             total       used       free     shared    buffers     cached
Mem:          992M       918M        73M        16K       980K        28M
-/+ buffers/cache:       889M       102M
Swap:         8.0G       467M       7.5G

             total       used       free     shared    buffers     cached
Mem:          992M       920M        72M        16K       980K        28M
-/+ buffers/cache:       891M       101M
Swap:         8.0G       466M       7.5G

             total       used       free     shared    buffers     cached
Mem:          992M       921M        71M        16K       980K        28M
-/+ buffers/cache:       892M       100M
Swap:         8.0G       466M       7.5G

             total       used       free     shared    buffers     cached
Mem:          992M       922M        69M        16K       988K        28M
-/+ buffers/cache:       893M        98M
Swap:         8.0G       465M       7.5G

             total       used       free     shared    buffers     cached
Mem:          992M       923M        68M        16K       988K        28M
-/+ buffers/cache:       894M        97M
Swap:         8.0G       465M       7.5G

             total       used       free     shared    buffers     cached
Mem:          992M       924M        67M        16K       988K        28M
-/+ buffers/cache:       895M        96M
Swap:         8.0G       464M       7.5G

             total       used       free     shared    buffers     cached
Mem:          992M       925M        66M        16K       988K        28M
-/+ buffers/cache:       896M        95M
Swap:         8.0G       463M       7.5G

             total       used       free     shared    buffers     cached
Mem:          992M       927M        65M        16K       988K        28M
-/+ buffers/cache:       898M        94M
Swap:         8.0G       463M       7.5G

             total       used       free     shared    buffers     cached
Mem:          992M       928M        63M        16K       996K        28M
-/+ buffers/cache:       899M        92M
Swap:         8.0G       462M       7.5G

             total       used       free     shared    buffers     cached
Mem:          992M       929M        62M        16K       996K        28M
-/+ buffers/cache:       900M        91M
Swap:         8.0G       461M       7.5G

             total       used       free     shared    buffers     cached
Mem:          992M       930M        61M        16K       996K        28M
-/+ buffers/cache:       901M        90M
Swap:         8.0G       461M       7.5G

             total       used       free     shared    buffers     cached
Mem:          992M       916M        76M        16K       588K        25M
-/+ buffers/cache:       890M       102M
Swap:         8.0G       484M       7.5G

             total       used       free     shared    buffers     cached
Mem:          992M       917M        74M        16K       588K        25M
-/+ buffers/cache:       891M       100M
Swap:         8.0G       483M       7.5G

             total       used       free     shared    buffers     cached
Mem:          992M       918M        73M        16K       588K        25M
-/+ buffers/cache:       892M        99M
Swap:         8.0G       482M       7.5G

             total       used       free     shared    buffers     cached
Mem:          992M       919M        72M        16K       596K        25M
-/+ buffers/cache:       893M        98M
Swap:         8.0G       482M       7.5G

             total       used       free     shared    buffers     cached
Mem:          992M       920M        71M        16K       596K        25M
-/+ buffers/cache:       894M        97M
Swap:         8.0G       481M       7.5G

             total       used       free     shared    buffers     cached
Mem:          992M       921M        70M        16K       596K        25M
-/+ buffers/cache:       896M        96M
Swap:         8.0G       480M       7.5G

             total       used       free     shared    buffers     cached
Mem:          992M       923M        68M        16K       596K        25M
-/+ buffers/cache:       897M        94M
Swap:         8.0G       480M       7.5G

             total       used       free     shared    buffers     cached
Mem:          992M       924M        67M        16K       596K        25M
-/+ buffers/cache:       898M        93M
Swap:         8.0G       479M       7.5G

             total       used       free     shared    buffers     cached
Mem:          992M       925M        66M        16K       604K        25M
-/+ buffers/cache:       899M        92M
Swap:         8.0G       478M       7.5G

             total       used       free     shared    buffers     cached
Mem:          992M       926M        65M        16K       604K        25M
-/+ buffers/cache:       901M        91M
Swap:         8.0G       477M       7.5G

             total       used       free     shared    buffers     cached
Mem:          992M       928M        63M        16K       604K        25M
-/+ buffers/cache:       902M        89M
Swap:         8.0G       477M       7.5G

             total       used       free     shared    buffers     cached
Mem:          992M       929M        62M        16K       604K        25M
-/+ buffers/cache:       903M        88M
Swap:         8.0G       476M       7.5G

             total       used       free     shared    buffers     cached
Mem:          992M       930M        61M        16K       604K        25M
-/+ buffers/cache:       904M        87M
Swap:         8.0G       475M       7.5G

             total       used       free     shared    buffers     cached
Mem:          992M       918M        73M        16K       604K        24M
-/+ buffers/cache:       893M        98M
Swap:         8.0G       477M       7.5G

             total       used       free     shared    buffers     cached
Mem:          992M       920M        71M        16K       612K        24M
-/+ buffers/cache:       894M        97M
Swap:         8.0G       476M       7.5G

             total       used       free     shared    buffers     cached
Mem:          992M       921M        70M        16K       612K        25M
-/+ buffers/cache:       895M        96M
Swap:         8.0G       475M       7.5G

             total       used       free     shared    buffers     cached
Mem:          992M       922M        69M        16K       612K        25M
-/+ buffers/cache:       896M        95M
Swap:         8.0G       475M       7.5G

             total       used       free     shared    buffers     cached
Mem:          992M       924M        67M        16K       748K        25M
-/+ buffers/cache:       898M        93M
Swap:         8.0G       474M       7.5G

             total       used       free     shared    buffers     cached
Mem:          992M       926M        65M        20K       748K        26M
-/+ buffers/cache:       899M        92M
Swap:         8.0G       473M       7.5G

             total       used       free     shared    buffers     cached
Mem:          992M       928M        63M        20K       756K        26M
-/+ buffers/cache:       901M        91M
Swap:         8.0G       472M       7.5G

             total       used       free     shared    buffers     cached
Mem:          992M       929M        62M        20K       756K        26M
-/+ buffers/cache:       902M        89M
Swap:         8.0G       472M       7.5G

             total       used       free     shared    buffers     cached
Mem:          992M       919M        72M        20K       604K        26M
-/+ buffers/cache:       892M        99M
Swap:         8.0G       485M       7.5G

             total       used       free     shared    buffers     cached
Mem:          992M       920M        71M        20K       604K        26M
-/+ buffers/cache:       893M        98M
Swap:         8.0G       484M       7.5G

             total       used       free     shared    buffers     cached
Mem:          992M       928M        63M        20K       604K        29M
-/+ buffers/cache:       899M        93M
Swap:         8.0G       482M       7.5G

             total       used       free     shared    buffers     cached
Mem:          992M       929M        62M        20K       604K        29M
-/+ buffers/cache:       899M        92M
Swap:         8.0G       481M       7.5G

             total       used       free     shared    buffers     cached
Mem:          992M       930M        62M        20K       612K        29M
-/+ buffers/cache:       900M        91M
Swap:         8.0G       481M       7.5G

             total       used       free     shared    buffers     cached
Mem:          992M       930M        61M        20K       612K        29M
-/+ buffers/cache:       901M        91M
Swap:         8.0G       480M       7.5G

             total       used       free     shared    buffers     cached
Mem:          992M       909M        82M        20K       268K        20M
-/+ buffers/cache:       888M       103M
Swap:         8.0G       500M       7.5G

             total       used       free     shared    buffers     cached
Mem:          992M       910M        82M        20K       268K        20M
-/+ buffers/cache:       889M       102M
Swap:         8.0G       499M       7.5G

             total       used       free     shared    buffers     cached
Mem:          992M       910M        81M        20K       268K        20M
-/+ buffers/cache:       889M       102M
Swap:         8.0G       499M       7.5G

             total       used       free     shared    buffers     cached
Mem:          992M       911M        80M        20K       284K        20M
-/+ buffers/cache:       890M       101M
Swap:         8.0G       499M       7.5G

             total       used       free     shared    buffers     cached
Mem:          992M       913M        78M        20K       284K        22M
-/+ buffers/cache:       891M       101M
Swap:         8.0G       498M       7.5G

             total       used       free     shared    buffers     cached
Mem:          992M       914M        78M        20K       284K        22M
-/+ buffers/cache:       891M       100M
Swap:         8.0G       498M       7.5G

             total       used       free     shared    buffers     cached
Mem:          992M       915M        76M        20K       296K        23M
-/+ buffers/cache:       892M        99M
Swap:         8.0G       497M       7.5G

             total       used       free     shared    buffers     cached
Mem:          992M       919M        72M       3.8M       3.4M        51M
-/+ buffers/cache:       864M       128M
Swap:         8.0G       536M       7.5G

             total       used       free     shared    buffers     cached
Mem:          992M       920M        72M       204K       5.2M        64M
-/+ buffers/cache:       850M       142M
Swap:         8.0G       556M       7.5G

             total       used       free     shared    buffers     cached
Mem:          992M       928M        64M       204K       5.4M        67M
-/+ buffers/cache:       855M       137M
Swap:         8.0G       553M       7.5G

             total       used       free     shared    buffers     cached
Mem:          992M       920M        71M       216K       4.9M        64M
-/+ buffers/cache:       851M       140M
Swap:         8.0G       553M       7.5G

             total       used       free     shared    buffers     cached
Mem:          992M       922M        70M       240K       4.9M        64M
-/+ buffers/cache:       852M       139M
Swap:         8.0G       552M       7.5G

             total       used       free     shared    buffers     cached
Mem:          992M       923M        68M       240K       4.9M        64M
-/+ buffers/cache:       853M       138M
Swap:         8.0G       552M       7.5G

             total       used       free     shared    buffers     cached
Mem:          992M       924M        67M       240K       4.9M        64M
-/+ buffers/cache:       855M       137M
Swap:         8.0G       551M       7.5G

             total       used       free     shared    buffers     cached
Mem:          992M       926M        66M       240K       4.9M        64M
-/+ buffers/cache:       856M       135M
Swap:         8.0G       551M       7.5G

             total       used       free     shared    buffers     cached
Mem:          992M       928M        63M       240K       5.1M        65M
-/+ buffers/cache:       857M       134M
Swap:         8.0G       550M       7.5G

             total       used       free     shared    buffers     cached
Mem:          992M       929M        62M       240K       5.1M        65M
-/+ buffers/cache:       858M       133M
Swap:         8.0G       549M       7.5G

             total       used       free     shared    buffers     cached
Mem:          992M       931M        61M       240K       5.1M        65M
-/+ buffers/cache:       860M       132M
Swap:         8.0G       549M       7.5G

             total       used       free     shared    buffers     cached
Mem:          992M       913M        78M       240K       4.8M        62M
-/+ buffers/cache:       846M       145M
Swap:         8.0G       564M       7.4G

             total       used       free     shared    buffers     cached
Mem:          992M       914M        77M       240K       4.8M        62M
-/+ buffers/cache:       847M       144M
Swap:         8.0G       563M       7.4G

             total       used       free     shared    buffers     cached
Mem:          992M       915M        76M       240K       4.8M        62M
-/+ buffers/cache:       848M       143M
Swap:         8.0G       563M       7.4G

             total       used       free     shared    buffers     cached
Mem:          992M       917M        74M       240K       4.8M        62M
-/+ buffers/cache:       850M       142M
Swap:         8.0G       562M       7.4G

             total       used       free     shared    buffers     cached
Mem:          992M       918M        73M       240K       4.8M        62M
-/+ buffers/cache:       851M       140M
Swap:         8.0G       562M       7.4G

             total       used       free     shared    buffers     cached
Mem:          992M       920M        72M       240K       4.8M        62M
-/+ buffers/cache:       852M       139M
Swap:         8.0G       561M       7.4G

             total       used       free     shared    buffers     cached
Mem:          992M       921M        70M       240K       4.8M        62M
-/+ buffers/cache:       854M       138M
Swap:         8.0G       561M       7.4G

             total       used       free     shared    buffers     cached
Mem:          992M       922M        69M       240K       4.8M        62M
-/+ buffers/cache:       855M       136M
Swap:         8.0G       560M       7.4G

             total       used       free     shared    buffers     cached
Mem:          992M       924M        67M       240K       4.8M        62M
-/+ buffers/cache:       856M       135M
Swap:         8.0G       559M       7.5G

             total       used       free     shared    buffers     cached
Mem:          992M       925M        66M       240K       4.8M        62M
-/+ buffers/cache:       858M       133M
Swap:         8.0G       559M       7.5G

             total       used       free     shared    buffers     cached
Mem:          992M       926M        65M       240K       4.8M        62M
-/+ buffers/cache:       859M       132M
Swap:         8.0G       558M       7.5G

             total       used       free     shared    buffers     cached
Mem:          992M       928M        63M       240K       4.8M        62M
-/+ buffers/cache:       860M       131M
Swap:         8.0G       558M       7.5G

             total       used       free     shared    buffers     cached
Mem:          992M       929M        62M       240K       4.8M        62M
-/+ buffers/cache:       862M       129M
Swap:         8.0G       557M       7.5G

             total       used       free     shared    buffers     cached
Mem:          992M       930M        61M       240K       4.8M        62M
-/+ buffers/cache:       863M       128M
Swap:         8.0G       557M       7.5G

             total       used       free     shared    buffers     cached
Mem:          992M       914M        77M       240K       4.4M        60M
-/+ buffers/cache:       849M       142M
Swap:         8.0G       578M       7.4G

             total       used       free     shared    buffers     cached
Mem:          992M       916M        76M       240K       4.4M        60M
-/+ buffers/cache:       850M       141M
Swap:         8.0G       578M       7.4G

             total       used       free     shared    buffers     cached
Mem:          992M       917M        74M       240K       4.4M        60M
-/+ buffers/cache:       851M       140M
Swap:         8.0G       577M       7.4G

             total       used       free     shared    buffers     cached
Mem:          992M       918M        73M       240K       4.4M        60M
-/+ buffers/cache:       853M       139M
Swap:         8.0G       576M       7.4G

             total       used       free     shared    buffers     cached
Mem:          992M       919M        72M       240K       4.4M        60M
-/+ buffers/cache:       854M       137M
Swap:         8.0G       576M       7.4G

             total       used       free     shared    buffers     cached
Mem:          992M       921M        71M       240K       4.4M        60M
-/+ buffers/cache:       855M       136M
Swap:         8.0G       575M       7.4G

             total       used       free     shared    buffers     cached
Mem:          992M       922M        69M       240K       4.4M        60M
-/+ buffers/cache:       857M       135M
Swap:         8.0G       574M       7.4G

             total       used       free     shared    buffers     cached
Mem:          992M       923M        68M       240K       4.4M        60M
-/+ buffers/cache:       858M       133M
Swap:         8.0G       574M       7.4G

             total       used       free     shared    buffers     cached
Mem:          992M       925M        67M       240K       4.4M        60M
-/+ buffers/cache:       859M       132M
Swap:         8.0G       573M       7.4G

             total       used       free     shared    buffers     cached
Mem:          992M       926M        65M       240K       4.4M        60M
-/+ buffers/cache:       861M       131M
Swap:         8.0G       573M       7.4G

             total       used       free     shared    buffers     cached
Mem:          992M       927M        64M       240K       4.4M        60M
-/+ buffers/cache:       862M       129M
Swap:         8.0G       572M       7.4G

             total       used       free     shared    buffers     cached
Mem:          992M       928M        63M       240K       4.4M        60M
-/+ buffers/cache:       863M       128M
Swap:         8.0G       572M       7.4G

             total       used       free     shared    buffers     cached
Mem:          992M       930M        61M       240K       4.4M        60M
-/+ buffers/cache:       864M       127M
Swap:         8.0G       571M       7.4G

             total       used       free     shared    buffers     cached
Mem:          992M       918M        73M       240K       4.4M        60M
-/+ buffers/cache:       853M       138M
Swap:         8.0G       570M       7.4G

             total       used       free     shared    buffers     cached
Mem:          992M       919M        72M       240K       4.4M        60M
-/+ buffers/cache:       854M       138M
Swap:         8.0G       570M       7.4G

             total       used       free     shared    buffers     cached
Mem:          992M       920M        71M       240K       4.4M        60M
-/+ buffers/cache:       855M       136M
Swap:         8.0G       569M       7.4G

             total       used       free     shared    buffers     cached
Mem:          992M       921M        71M       292K       7.8M        69M
-/+ buffers/cache:       843M       148M
Swap:         8.0G       595M       7.4G

             total       used       free     shared    buffers     cached
Mem:          992M       918M        73M       284K       7.7M        72M
-/+ buffers/cache:       838M       153M
Swap:         8.0G       594M       7.4G
