             total       used       free     shared    buffers     cached
Mem:          3.9G       660M       3.2G       3.3M        38M       286M
-/+ buffers/cache:       334M       3.5G
Swap:         8.0G         0B       8.0G

             total       used       free     shared    buffers     cached
Mem:          3.9G       658M       3.2G       1.5M        38M       285M
-/+ buffers/cache:       334M       3.5G
Swap:         8.0G         0B       8.0G

             total       used       free     shared    buffers     cached
Mem:          3.9G       658M       3.2G       1.5M        38M       285M
-/+ buffers/cache:       334M       3.5G
Swap:         8.0G         0B       8.0G

             total       used       free     shared    buffers     cached
Mem:          3.9G       658M       3.2G       1.5M        38M       285M
-/+ buffers/cache:       334M       3.5G
Swap:         8.0G         0B       8.0G

             total       used       free     shared    buffers     cached
Mem:          3.9G       658M       3.2G       1.5M        38M       285M
-/+ buffers/cache:       334M       3.5G
Swap:         8.0G         0B       8.0G

             total       used       free     shared    buffers     cached
Mem:          3.9G       658M       3.2G       1.5M        38M       285M
-/+ buffers/cache:       334M       3.5G
Swap:         8.0G         0B       8.0G

             total       used       free     shared    buffers     cached
Mem:          3.9G       658M       3.2G       1.5M        38M       285M
-/+ buffers/cache:       334M       3.5G
Swap:         8.0G         0B       8.0G

             total       used       free     shared    buffers     cached
Mem:          3.9G       658M       3.2G       1.5M        38M       285M
-/+ buffers/cache:       334M       3.5G
Swap:         8.0G         0B       8.0G

             total       used       free     shared    buffers     cached
Mem:          3.9G       658M       3.2G       1.5M        38M       285M
-/+ buffers/cache:       334M       3.5G
Swap:         8.0G         0B       8.0G

             total       used       free     shared    buffers     cached
Mem:          3.9G       662M       3.2G       1.5M        38M       285M
-/+ buffers/cache:       337M       3.5G
Swap:         8.0G         0B       8.0G

             total       used       free     shared    buffers     cached
Mem:          3.9G       679M       3.2G       1.5M        38M       285M
-/+ buffers/cache:       354M       3.5G
Swap:         8.0G         0B       8.0G

             total       used       free     shared    buffers     cached
Mem:          3.9G       702M       3.2G       1.5M        38M       286M
-/+ buffers/cache:       377M       3.5G
Swap:         8.0G         0B       8.0G

             total       used       free     shared    buffers     cached
Mem:          3.9G       695M       3.2G       1.5M        38M       290M
-/+ buffers/cache:       367M       3.5G
Swap:         8.0G         0B       8.0G

             total       used       free     shared    buffers     cached
Mem:          3.9G       722M       3.2G       1.5M        38M       290M
-/+ buffers/cache:       392M       3.5G
Swap:         8.0G         0B       8.0G

             total       used       free     shared    buffers     cached
Mem:          3.9G       737M       3.1G       1.5M        38M       290M
-/+ buffers/cache:       408M       3.5G
Swap:         8.0G         0B       8.0G

             total       used       free     shared    buffers     cached
Mem:          3.9G       740M       3.1G       1.5M        38M       290M
-/+ buffers/cache:       410M       3.5G
Swap:         8.0G         0B       8.0G

             total       used       free     shared    buffers     cached
Mem:          3.9G       726M       3.2G       1.5M        39M       295M
-/+ buffers/cache:       391M       3.5G
Swap:         8.0G         0B       8.0G

             total       used       free     shared    buffers     cached
Mem:          3.9G       726M       3.2G       1.5M        39M       295M
-/+ buffers/cache:       391M       3.5G
Swap:         8.0G         0B       8.0G

             total       used       free     shared    buffers     cached
Mem:          3.9G       726M       3.2G       1.5M        39M       295M
-/+ buffers/cache:       391M       3.5G
Swap:         8.0G         0B       8.0G

             total       used       free     shared    buffers     cached
Mem:          3.9G       726M       3.2G       1.5M        39M       295M
-/+ buffers/cache:       391M       3.5G
Swap:         8.0G         0B       8.0G

             total       used       free     shared    buffers     cached
Mem:          3.9G       726M       3.2G       1.5M        39M       295M
-/+ buffers/cache:       391M       3.5G
Swap:         8.0G         0B       8.0G

             total       used       free     shared    buffers     cached
Mem:          3.9G       726M       3.1G       1.5M        39M       295M
-/+ buffers/cache:       392M       3.5G
Swap:         8.0G         0B       8.0G

             total       used       free     shared    buffers     cached
Mem:          3.9G       726M       3.1G       1.5M        39M       295M
-/+ buffers/cache:       392M       3.5G
Swap:         8.0G         0B       8.0G

             total       used       free     shared    buffers     cached
Mem:          3.9G       726M       3.1G       1.5M        39M       295M
-/+ buffers/cache:       392M       3.5G
Swap:         8.0G         0B       8.0G

             total       used       free     shared    buffers     cached
Mem:          3.9G       726M       3.1G       1.5M        39M       295M
-/+ buffers/cache:       392M       3.5G
Swap:         8.0G         0B       8.0G

             total       used       free     shared    buffers     cached
Mem:          3.9G       726M       3.1G       1.5M        39M       295M
-/+ buffers/cache:       392M       3.5G
Swap:         8.0G         0B       8.0G

             total       used       free     shared    buffers     cached
Mem:          3.9G       726M       3.1G       1.5M        39M       295M
-/+ buffers/cache:       392M       3.5G
Swap:         8.0G         0B       8.0G

             total       used       free     shared    buffers     cached
Mem:          3.9G       726M       3.1G       1.5M        39M       295M
-/+ buffers/cache:       392M       3.5G
Swap:         8.0G         0B       8.0G

             total       used       free     shared    buffers     cached
Mem:          3.9G       726M       3.1G       1.5M        39M       295M
-/+ buffers/cache:       392M       3.5G
Swap:         8.0G         0B       8.0G

             total       used       free     shared    buffers     cached
Mem:          3.9G       726M       3.1G       1.5M        39M       295M
-/+ buffers/cache:       392M       3.5G
Swap:         8.0G         0B       8.0G

             total       used       free     shared    buffers     cached
Mem:          3.9G       726M       3.1G       1.5M        39M       295M
-/+ buffers/cache:       392M       3.5G
Swap:         8.0G         0B       8.0G

             total       used       free     shared    buffers     cached
Mem:          3.9G       726M       3.1G       1.5M        39M       295M
-/+ buffers/cache:       392M       3.5G
Swap:         8.0G         0B       8.0G

             total       used       free     shared    buffers     cached
Mem:          3.9G       726M       3.1G       1.5M        39M       295M
-/+ buffers/cache:       392M       3.5G
Swap:         8.0G         0B       8.0G

             total       used       free     shared    buffers     cached
Mem:          3.9G       732M       3.1G       1.5M        39M       295M
-/+ buffers/cache:       397M       3.5G
Swap:         8.0G         0B       8.0G

             total       used       free     shared    buffers     cached
Mem:          3.9G       752M       3.1G       1.5M        39M       295M
-/+ buffers/cache:       417M       3.5G
Swap:         8.0G         0B       8.0G

             total       used       free     shared    buffers     cached
Mem:          3.9G       772M       3.1G       1.5M        39M       295M
-/+ buffers/cache:       437M       3.4G
Swap:         8.0G         0B       8.0G

             total       used       free     shared    buffers     cached
Mem:          3.9G       794M       3.1G       1.5M        39M       295M
-/+ buffers/cache:       459M       3.4G
Swap:         8.0G         0B       8.0G

             total       used       free     shared    buffers     cached
Mem:          3.9G       815M       3.1G       1.5M        39M       295M
-/+ buffers/cache:       481M       3.4G
Swap:         8.0G         0B       8.0G

             total       used       free     shared    buffers     cached
Mem:          3.9G       835M       3.0G       1.5M        39M       295M
-/+ buffers/cache:       501M       3.4G
Swap:         8.0G         0B       8.0G

             total       used       free     shared    buffers     cached
Mem:          3.9G       851M       3.0G       1.5M        39M       295M
-/+ buffers/cache:       517M       3.4G
Swap:         8.0G         0B       8.0G

             total       used       free     shared    buffers     cached
Mem:          3.9G       871M       3.0G       1.5M        39M       295M
-/+ buffers/cache:       537M       3.3G
Swap:         8.0G         0B       8.0G

             total       used       free     shared    buffers     cached
Mem:          3.9G       890M       3.0G       1.5M        39M       295M
-/+ buffers/cache:       555M       3.3G
Swap:         8.0G         0B       8.0G

             total       used       free     shared    buffers     cached
Mem:          3.9G       910M       3.0G       1.5M        39M       295M
-/+ buffers/cache:       575M       3.3G
Swap:         8.0G         0B       8.0G

             total       used       free     shared    buffers     cached
Mem:          3.9G       928M       3.0G       1.5M        39M       295M
-/+ buffers/cache:       593M       3.3G
Swap:         8.0G         0B       8.0G

             total       used       free     shared    buffers     cached
Mem:          3.9G       948M       2.9G       1.5M        39M       295M
-/+ buffers/cache:       613M       3.3G
Swap:         8.0G         0B       8.0G

             total       used       free     shared    buffers     cached
Mem:          3.9G       964M       2.9G       1.5M        39M       295M
-/+ buffers/cache:       629M       3.2G
Swap:         8.0G         0B       8.0G

             total       used       free     shared    buffers     cached
Mem:          3.9G       983M       2.9G       1.5M        39M       295M
-/+ buffers/cache:       648M       3.2G
Swap:         8.0G         0B       8.0G

             total       used       free     shared    buffers     cached
Mem:          3.9G       1.0G       2.9G       1.5M        39M       295M
-/+ buffers/cache:       667M       3.2G
Swap:         8.0G         0B       8.0G

             total       used       free     shared    buffers     cached
Mem:          3.9G       1.0G       2.9G       1.5M        39M       295M
-/+ buffers/cache:       686M       3.2G
Swap:         8.0G         0B       8.0G

             total       used       free     shared    buffers     cached
Mem:          3.9G       1.0G       2.8G       1.5M        39M       295M
-/+ buffers/cache:       705M       3.2G
Swap:         8.0G         0B       8.0G

             total       used       free     shared    buffers     cached
Mem:          3.9G       1.0G       2.8G       1.5M        39M       295M
-/+ buffers/cache:       725M       3.2G
Swap:         8.0G         0B       8.0G

             total       used       free     shared    buffers     cached
Mem:          3.9G       1.1G       2.8G       1.5M        39M       295M
-/+ buffers/cache:       747M       3.1G
Swap:         8.0G         0B       8.0G

             total       used       free     shared    buffers     cached
Mem:          3.9G       1.1G       2.8G       1.5M        39M       295M
-/+ buffers/cache:       768M       3.1G
Swap:         8.0G         0B       8.0G

             total       used       free     shared    buffers     cached
Mem:          3.9G       1.1G       2.8G       1.5M        39M       295M
-/+ buffers/cache:       788M       3.1G
Swap:         8.0G         0B       8.0G

             total       used       free     shared    buffers     cached
Mem:          3.9G       1.1G       2.7G       1.5M        39M       295M
-/+ buffers/cache:       806M       3.1G
Swap:         8.0G         0B       8.0G

             total       used       free     shared    buffers     cached
Mem:          3.9G       1.1G       2.7G       1.5M        39M       295M
-/+ buffers/cache:       829M       3.0G
Swap:         8.0G         0B       8.0G

             total       used       free     shared    buffers     cached
Mem:          3.9G       1.1G       2.7G       1.5M        39M       295M
-/+ buffers/cache:       842M       3.0G
Swap:         8.0G         0B       8.0G

             total       used       free     shared    buffers     cached
Mem:          3.9G       1.2G       2.7G       1.5M        39M       295M
-/+ buffers/cache:       861M       3.0G
Swap:         8.0G         0B       8.0G

             total       used       free     shared    buffers     cached
Mem:          3.9G       1.2G       2.7G       1.5M        39M       295M
-/+ buffers/cache:       884M       3.0G
Swap:         8.0G         0B       8.0G

             total       used       free     shared    buffers     cached
Mem:          3.9G       1.2G       2.6G       1.5M        39M       295M
-/+ buffers/cache:       903M       3.0G
Swap:         8.0G         0B       8.0G

             total       used       free     shared    buffers     cached
Mem:          3.9G       1.2G       2.6G       1.5M        39M       295M
-/+ buffers/cache:       926M       3.0G
Swap:         8.0G         0B       8.0G

             total       used       free     shared    buffers     cached
Mem:          3.9G       1.3G       2.6G       1.5M        39M       295M
-/+ buffers/cache:       948M       2.9G
Swap:         8.0G         0B       8.0G

             total       used       free     shared    buffers     cached
Mem:          3.9G       1.3G       2.6G       1.5M        39M       295M
-/+ buffers/cache:       968M       2.9G
Swap:         8.0G         0B       8.0G

             total       used       free     shared    buffers     cached
Mem:          3.9G       1.3G       2.6G       1.5M        39M       295M
-/+ buffers/cache:       990M       2.9G
Swap:         8.0G         0B       8.0G

             total       used       free     shared    buffers     cached
Mem:          3.9G       1.3G       2.5G       1.5M        39M       295M
-/+ buffers/cache:       1.0G       2.9G
Swap:         8.0G         0B       8.0G

             total       used       free     shared    buffers     cached
Mem:          3.9G       1.3G       2.5G       1.5M        39M       295M
-/+ buffers/cache:       1.0G       2.9G
Swap:         8.0G         0B       8.0G

             total       used       free     shared    buffers     cached
Mem:          3.9G       1.4G       2.5G       1.5M        39M       295M
-/+ buffers/cache:       1.0G       2.8G
Swap:         8.0G         0B       8.0G

             total       used       free     shared    buffers     cached
Mem:          3.9G       1.4G       2.5G       1.5M        39M       295M
-/+ buffers/cache:       1.1G       2.8G
Swap:         8.0G         0B       8.0G

             total       used       free     shared    buffers     cached
Mem:          3.9G       1.4G       2.5G       1.5M        39M       295M
-/+ buffers/cache:       1.1G       2.8G
Swap:         8.0G         0B       8.0G

             total       used       free     shared    buffers     cached
Mem:          3.9G       1.4G       2.4G       1.5M        39M       295M
-/+ buffers/cache:       1.1G       2.8G
Swap:         8.0G         0B       8.0G

             total       used       free     shared    buffers     cached
Mem:          3.9G       1.4G       2.4G       1.5M        39M       295M
-/+ buffers/cache:       1.1G       2.7G
Swap:         8.0G         0B       8.0G

             total       used       free     shared    buffers     cached
Mem:          3.9G       1.5G       2.4G       1.5M        39M       295M
-/+ buffers/cache:       1.1G       2.7G
Swap:         8.0G         0B       8.0G

             total       used       free     shared    buffers     cached
Mem:          3.9G       1.5G       2.4G       1.5M        39M       295M
-/+ buffers/cache:       1.2G       2.7G
Swap:         8.0G         0B       8.0G

             total       used       free     shared    buffers     cached
Mem:          3.9G       1.5G       2.4G       1.5M        39M       295M
-/+ buffers/cache:       1.2G       2.7G
Swap:         8.0G         0B       8.0G

             total       used       free     shared    buffers     cached
Mem:          3.9G       1.5G       2.3G       1.5M        39M       295M
-/+ buffers/cache:       1.2G       2.7G
Swap:         8.0G         0B       8.0G

             total       used       free     shared    buffers     cached
Mem:          3.9G       1.5G       2.3G       1.5M        39M       295M
-/+ buffers/cache:       1.2G       2.6G
Swap:         8.0G         0B       8.0G

             total       used       free     shared    buffers     cached
Mem:          3.9G       1.6G       2.3G       1.5M        39M       295M
-/+ buffers/cache:       1.2G       2.6G
Swap:         8.0G         0B       8.0G

             total       used       free     shared    buffers     cached
Mem:          3.9G       1.6G       2.3G       1.5M        39M       295M
-/+ buffers/cache:       1.3G       2.6G
Swap:         8.0G         0B       8.0G

             total       used       free     shared    buffers     cached
Mem:          3.9G       1.6G       2.3G       1.5M        39M       295M
-/+ buffers/cache:       1.3G       2.6G
Swap:         8.0G         0B       8.0G

             total       used       free     shared    buffers     cached
Mem:          3.9G       1.6G       2.3G       1.5M        39M       295M
-/+ buffers/cache:       1.3G       2.6G
Swap:         8.0G         0B       8.0G

             total       used       free     shared    buffers     cached
Mem:          3.9G       1.6G       2.2G       1.5M        39M       295M
-/+ buffers/cache:       1.3G       2.6G
Swap:         8.0G         0B       8.0G

             total       used       free     shared    buffers     cached
Mem:          3.9G       1.6G       2.2G       1.5M        39M       295M
-/+ buffers/cache:       1.3G       2.5G
Swap:         8.0G         0B       8.0G

             total       used       free     shared    buffers     cached
Mem:          3.9G       1.7G       2.2G       1.5M        39M       295M
-/+ buffers/cache:       1.3G       2.5G
Swap:         8.0G         0B       8.0G

             total       used       free     shared    buffers     cached
Mem:          3.9G       1.7G       2.2G       1.5M        39M       295M
-/+ buffers/cache:       1.3G       2.5G
Swap:         8.0G         0B       8.0G

             total       used       free     shared    buffers     cached
Mem:          3.9G       1.7G       2.2G       1.5M        39M       295M
-/+ buffers/cache:       1.4G       2.5G
Swap:         8.0G         0B       8.0G

             total       used       free     shared    buffers     cached
Mem:          3.9G       1.7G       2.1G       1.5M        39M       295M
-/+ buffers/cache:       1.4G       2.5G
Swap:         8.0G         0B       8.0G

             total       used       free     shared    buffers     cached
Mem:          3.9G       1.7G       2.1G       1.5M        39M       295M
-/+ buffers/cache:       1.4G       2.5G
Swap:         8.0G         0B       8.0G

             total       used       free     shared    buffers     cached
Mem:          3.9G       1.8G       2.1G       1.5M        39M       295M
-/+ buffers/cache:       1.4G       2.4G
Swap:         8.0G         0B       8.0G

             total       used       free     shared    buffers     cached
Mem:          3.9G       1.8G       2.1G       1.5M        39M       295M
-/+ buffers/cache:       1.4G       2.4G
Swap:         8.0G         0B       8.0G

             total       used       free     shared    buffers     cached
Mem:          3.9G       1.8G       2.1G       1.5M        39M       295M
-/+ buffers/cache:       1.5G       2.4G
Swap:         8.0G         0B       8.0G

             total       used       free     shared    buffers     cached
Mem:          3.9G       1.8G       2.1G       1.5M        39M       295M
-/+ buffers/cache:       1.5G       2.4G
Swap:         8.0G         0B       8.0G

             total       used       free     shared    buffers     cached
Mem:          3.9G       1.8G       2.0G       1.5M        39M       295M
-/+ buffers/cache:       1.5G       2.4G
Swap:         8.0G         0B       8.0G

             total       used       free     shared    buffers     cached
Mem:          3.9G       1.8G       2.0G       1.5M        39M       295M
-/+ buffers/cache:       1.5G       2.3G
Swap:         8.0G         0B       8.0G

             total       used       free     shared    buffers     cached
Mem:          3.9G       1.9G       2.0G       1.5M        39M       295M
-/+ buffers/cache:       1.5G       2.3G
Swap:         8.0G         0B       8.0G

             total       used       free     shared    buffers     cached
Mem:          3.9G       1.9G       2.0G       1.5M        39M       295M
-/+ buffers/cache:       1.6G       2.3G
Swap:         8.0G         0B       8.0G

             total       used       free     shared    buffers     cached
Mem:          3.9G       1.9G       2.0G       1.5M        39M       295M
-/+ buffers/cache:       1.6G       2.3G
Swap:         8.0G         0B       8.0G

             total       used       free     shared    buffers     cached
Mem:          3.9G       1.9G       1.9G       1.5M        39M       295M
-/+ buffers/cache:       1.6G       2.3G
Swap:         8.0G         0B       8.0G

             total       used       free     shared    buffers     cached
Mem:          3.9G       1.9G       1.9G       1.5M        39M       295M
-/+ buffers/cache:       1.6G       2.2G
Swap:         8.0G         0B       8.0G

             total       used       free     shared    buffers     cached
Mem:          3.9G       2.0G       1.9G       1.5M        39M       295M
-/+ buffers/cache:       1.6G       2.2G
Swap:         8.0G         0B       8.0G

             total       used       free     shared    buffers     cached
Mem:          3.9G       2.0G       1.9G       1.5M        39M       295M
-/+ buffers/cache:       1.6G       2.2G
Swap:         8.0G         0B       8.0G

             total       used       free     shared    buffers     cached
Mem:          3.9G       2.0G       1.9G       1.5M        39M       295M
-/+ buffers/cache:       1.7G       2.2G
Swap:         8.0G         0B       8.0G

             total       used       free     shared    buffers     cached
Mem:          3.9G       2.0G       1.8G       1.5M        39M       295M
-/+ buffers/cache:       1.7G       2.2G
Swap:         8.0G         0B       8.0G

             total       used       free     shared    buffers     cached
Mem:          3.9G       2.0G       1.8G       1.5M        39M       295M
-/+ buffers/cache:       1.7G       2.2G
Swap:         8.0G         0B       8.0G

             total       used       free     shared    buffers     cached
Mem:          3.9G       2.1G       1.8G       1.5M        39M       295M
-/+ buffers/cache:       1.7G       2.1G
Swap:         8.0G         0B       8.0G

             total       used       free     shared    buffers     cached
Mem:          3.9G       2.1G       1.8G       1.5M        39M       295M
-/+ buffers/cache:       1.8G       2.1G
Swap:         8.0G         0B       8.0G

             total       used       free     shared    buffers     cached
Mem:          3.9G       2.1G       1.8G       1.5M        39M       295M
-/+ buffers/cache:       1.8G       2.1G
Swap:         8.0G         0B       8.0G

             total       used       free     shared    buffers     cached
Mem:          3.9G       2.1G       1.7G       1.5M        39M       295M
-/+ buffers/cache:       1.8G       2.1G
Swap:         8.0G         0B       8.0G

             total       used       free     shared    buffers     cached
Mem:          3.9G       2.1G       1.7G       1.5M        39M       295M
-/+ buffers/cache:       1.8G       2.0G
Swap:         8.0G         0B       8.0G

             total       used       free     shared    buffers     cached
Mem:          3.9G       2.2G       1.7G       1.5M        39M       295M
-/+ buffers/cache:       1.8G       2.0G
Swap:         8.0G         0B       8.0G

             total       used       free     shared    buffers     cached
Mem:          3.9G       2.2G       1.7G       1.5M        39M       295M
-/+ buffers/cache:       1.8G       2.0G
Swap:         8.0G         0B       8.0G

             total       used       free     shared    buffers     cached
Mem:          3.9G       2.2G       1.7G       1.5M        39M       295M
-/+ buffers/cache:       1.9G       2.0G
Swap:         8.0G         0B       8.0G

             total       used       free     shared    buffers     cached
Mem:          3.9G       2.2G       1.6G       1.5M        39M       295M
-/+ buffers/cache:       1.9G       2.0G
Swap:         8.0G         0B       8.0G

             total       used       free     shared    buffers     cached
Mem:          3.9G       2.2G       1.6G       1.5M        39M       295M
-/+ buffers/cache:       1.9G       2.0G
Swap:         8.0G         0B       8.0G

             total       used       free     shared    buffers     cached
Mem:          3.9G       2.2G       1.6G       1.5M        39M       295M
-/+ buffers/cache:       1.9G       1.9G
Swap:         8.0G         0B       8.0G

             total       used       free     shared    buffers     cached
Mem:          3.9G       2.3G       1.6G       1.5M        39M       295M
-/+ buffers/cache:       1.9G       1.9G
Swap:         8.0G         0B       8.0G

             total       used       free     shared    buffers     cached
Mem:          3.9G       2.3G       1.6G       1.5M        39M       295M
-/+ buffers/cache:       2.0G       1.9G
Swap:         8.0G         0B       8.0G

             total       used       free     shared    buffers     cached
Mem:          3.9G       2.3G       1.6G       1.5M        39M       295M
-/+ buffers/cache:       2.0G       1.9G
Swap:         8.0G         0B       8.0G

             total       used       free     shared    buffers     cached
Mem:          3.9G       2.3G       1.5G       1.5M        39M       295M
-/+ buffers/cache:       2.0G       1.9G
Swap:         8.0G         0B       8.0G

             total       used       free     shared    buffers     cached
Mem:          3.9G       2.3G       1.5G       1.5M        39M       295M
-/+ buffers/cache:       2.0G       1.8G
Swap:         8.0G         0B       8.0G

             total       used       free     shared    buffers     cached
Mem:          3.9G       2.4G       1.5G       1.5M        39M       295M
-/+ buffers/cache:       2.0G       1.8G
Swap:         8.0G         0B       8.0G

             total       used       free     shared    buffers     cached
Mem:          3.9G       2.4G       1.5G       1.5M        39M       295M
-/+ buffers/cache:       2.1G       1.8G
Swap:         8.0G         0B       8.0G

             total       used       free     shared    buffers     cached
Mem:          3.9G       2.4G       1.5G       1.5M        39M       295M
-/+ buffers/cache:       2.1G       1.8G
Swap:         8.0G         0B       8.0G

             total       used       free     shared    buffers     cached
Mem:          3.9G       2.4G       1.4G       1.5M        39M       295M
-/+ buffers/cache:       2.1G       1.8G
Swap:         8.0G         0B       8.0G

             total       used       free     shared    buffers     cached
Mem:          3.9G       2.4G       1.4G       1.5M        39M       295M
-/+ buffers/cache:       2.1G       1.7G
Swap:         8.0G         0B       8.0G

             total       used       free     shared    buffers     cached
Mem:          3.9G       2.5G       1.4G       1.5M        39M       295M
-/+ buffers/cache:       2.1G       1.7G
Swap:         8.0G         0B       8.0G

             total       used       free     shared    buffers     cached
Mem:          3.9G       2.5G       1.4G       1.5M        39M       295M
-/+ buffers/cache:       2.1G       1.7G
Swap:         8.0G         0B       8.0G

             total       used       free     shared    buffers     cached
Mem:          3.9G       2.5G       1.4G       1.5M        39M       295M
-/+ buffers/cache:       2.1G       1.7G
Swap:         8.0G         0B       8.0G

             total       used       free     shared    buffers     cached
Mem:          3.9G       2.5G       1.4G       1.5M        39M       295M
-/+ buffers/cache:       2.2G       1.7G
Swap:         8.0G         0B       8.0G

             total       used       free     shared    buffers     cached
Mem:          3.9G       2.5G       1.4G       1.5M        39M       295M
-/+ buffers/cache:       2.2G       1.7G
Swap:         8.0G         0B       8.0G

             total       used       free     shared    buffers     cached
Mem:          3.9G       2.5G       1.3G       1.5M        39M       295M
-/+ buffers/cache:       2.2G       1.7G
Swap:         8.0G         0B       8.0G

             total       used       free     shared    buffers     cached
Mem:          3.9G       2.5G       1.3G       1.5M        39M       295M
-/+ buffers/cache:       2.2G       1.6G
Swap:         8.0G         0B       8.0G

             total       used       free     shared    buffers     cached
Mem:          3.9G       2.6G       1.3G       1.5M        39M       295M
-/+ buffers/cache:       2.2G       1.6G
Swap:         8.0G         0B       8.0G

             total       used       free     shared    buffers     cached
Mem:          3.9G       2.6G       1.3G       1.5M        39M       295M
-/+ buffers/cache:       2.3G       1.6G
Swap:         8.0G         0B       8.0G

             total       used       free     shared    buffers     cached
Mem:          3.9G       2.6G       1.3G       1.5M        39M       295M
-/+ buffers/cache:       2.3G       1.6G
Swap:         8.0G         0B       8.0G

             total       used       free     shared    buffers     cached
Mem:          3.9G       2.6G       1.2G       1.5M        39M       295M
-/+ buffers/cache:       2.3G       1.6G
Swap:         8.0G         0B       8.0G

             total       used       free     shared    buffers     cached
Mem:          3.9G       2.6G       1.2G       1.5M        39M       295M
-/+ buffers/cache:       2.3G       1.5G
Swap:         8.0G         0B       8.0G

             total       used       free     shared    buffers     cached
Mem:          3.9G       2.7G       1.2G       1.5M        39M       295M
-/+ buffers/cache:       2.3G       1.5G
Swap:         8.0G         0B       8.0G

             total       used       free     shared    buffers     cached
Mem:          3.9G       2.7G       1.2G       1.5M        39M       295M
-/+ buffers/cache:       2.4G       1.5G
Swap:         8.0G         0B       8.0G

             total       used       free     shared    buffers     cached
Mem:          3.9G       2.7G       1.1G       1.5M        39M       295M
-/+ buffers/cache:       2.4G       1.5G
Swap:         8.0G         0B       8.0G

             total       used       free     shared    buffers     cached
Mem:          3.9G       2.7G       1.1G       1.5M        39M       295M
-/+ buffers/cache:       2.4G       1.5G
Swap:         8.0G         0B       8.0G

             total       used       free     shared    buffers     cached
Mem:          3.9G       2.8G       1.1G       1.5M        39M       295M
-/+ buffers/cache:       2.4G       1.4G
Swap:         8.0G         0B       8.0G

             total       used       free     shared    buffers     cached
Mem:          3.9G       2.8G       1.1G       1.5M        39M       295M
-/+ buffers/cache:       2.4G       1.4G
Swap:         8.0G         0B       8.0G

             total       used       free     shared    buffers     cached
Mem:          3.9G       2.8G       1.1G       1.5M        39M       295M
-/+ buffers/cache:       2.5G       1.4G
Swap:         8.0G         0B       8.0G

             total       used       free     shared    buffers     cached
Mem:          3.9G       2.8G       1.0G       1.5M        39M       295M
-/+ buffers/cache:       2.5G       1.4G
Swap:         8.0G         0B       8.0G

             total       used       free     shared    buffers     cached
Mem:          3.9G       2.8G       1.0G       1.5M        39M       295M
-/+ buffers/cache:       2.5G       1.4G
Swap:         8.0G         0B       8.0G

             total       used       free     shared    buffers     cached
Mem:          3.9G       2.9G       1.0G       1.5M        39M       295M
-/+ buffers/cache:       2.5G       1.3G
Swap:         8.0G         0B       8.0G

             total       used       free     shared    buffers     cached
Mem:          3.9G       2.9G       1.0G       1.5M        39M       295M
-/+ buffers/cache:       2.5G       1.3G
Swap:         8.0G         0B       8.0G

             total       used       free     shared    buffers     cached
Mem:          3.9G       2.9G       988M       1.5M        39M       295M
-/+ buffers/cache:       2.6G       1.3G
Swap:         8.0G         0B       8.0G

             total       used       free     shared    buffers     cached
Mem:          3.9G       2.9G       966M       1.5M        39M       295M
-/+ buffers/cache:       2.6G       1.3G
Swap:         8.0G         0B       8.0G

             total       used       free     shared    buffers     cached
Mem:          3.9G       2.9G       942M       1.5M        39M       295M
-/+ buffers/cache:       2.6G       1.2G
Swap:         8.0G         0B       8.0G

             total       used       free     shared    buffers     cached
Mem:          3.9G       3.0G       922M       1.5M        39M       295M
-/+ buffers/cache:       2.6G       1.2G
Swap:         8.0G         0B       8.0G

             total       used       free     shared    buffers     cached
Mem:          3.9G       3.0G       902M       1.5M        39M       295M
-/+ buffers/cache:       2.7G       1.2G
Swap:         8.0G         0B       8.0G

             total       used       free     shared    buffers     cached
Mem:          3.9G       3.0G       885M       1.5M        39M       295M
-/+ buffers/cache:       2.7G       1.2G
Swap:         8.0G         0B       8.0G

             total       used       free     shared    buffers     cached
Mem:          3.9G       3.0G       866M       1.5M        39M       295M
-/+ buffers/cache:       2.7G       1.2G
Swap:         8.0G         0B       8.0G

             total       used       free     shared    buffers     cached
Mem:          3.9G       3.0G       846M       1.5M        39M       295M
-/+ buffers/cache:       2.7G       1.2G
Swap:         8.0G         0B       8.0G

             total       used       free     shared    buffers     cached
Mem:          3.9G       3.1G       827M       1.5M        39M       295M
-/+ buffers/cache:       2.7G       1.1G
Swap:         8.0G         0B       8.0G

             total       used       free     shared    buffers     cached
Mem:          3.9G       3.1G       806M       1.5M        39M       295M
-/+ buffers/cache:       2.7G       1.1G
Swap:         8.0G         0B       8.0G

             total       used       free     shared    buffers     cached
Mem:          3.9G       3.1G       788M       1.5M        39M       295M
-/+ buffers/cache:       2.8G       1.1G
Swap:         8.0G         0B       8.0G

             total       used       free     shared    buffers     cached
Mem:          3.9G       3.1G       770M       1.5M        39M       295M
-/+ buffers/cache:       2.8G       1.1G
Swap:         8.0G         0B       8.0G

             total       used       free     shared    buffers     cached
Mem:          3.9G       3.1G       751M       1.5M        39M       295M
-/+ buffers/cache:       2.8G       1.1G
Swap:         8.0G         0B       8.0G

             total       used       free     shared    buffers     cached
Mem:          3.9G       3.1G       730M       1.5M        39M       295M
-/+ buffers/cache:       2.8G       1.0G
Swap:         8.0G         0B       8.0G

             total       used       free     shared    buffers     cached
Mem:          3.9G       3.2G       710M       1.5M        39M       295M
-/+ buffers/cache:       2.8G       1.0G
Swap:         8.0G         0B       8.0G

             total       used       free     shared    buffers     cached
Mem:          3.9G       3.2G       691M       1.5M        39M       295M
-/+ buffers/cache:       2.9G       1.0G
Swap:         8.0G         0B       8.0G

             total       used       free     shared    buffers     cached
Mem:          3.9G       3.2G       672M       1.5M        39M       295M
-/+ buffers/cache:       2.9G       1.0G
Swap:         8.0G         0B       8.0G

             total       used       free     shared    buffers     cached
Mem:          3.9G       3.2G       652M       1.5M        39M       295M
-/+ buffers/cache:       2.9G       987M
Swap:         8.0G         0B       8.0G

             total       used       free     shared    buffers     cached
Mem:          3.9G       3.2G       634M       1.5M        39M       295M
-/+ buffers/cache:       2.9G       969M
Swap:         8.0G         0B       8.0G

             total       used       free     shared    buffers     cached
Mem:          3.9G       3.3G       615M       1.5M        39M       295M
-/+ buffers/cache:       2.9G       950M
Swap:         8.0G         0B       8.0G

             total       used       free     shared    buffers     cached
Mem:          3.9G       3.3G       595M       1.5M        39M       295M
-/+ buffers/cache:       3.0G       930M
Swap:         8.0G         0B       8.0G

             total       used       free     shared    buffers     cached
Mem:          3.9G       3.3G       576M       1.5M        39M       295M
-/+ buffers/cache:       3.0G       912M
Swap:         8.0G         0B       8.0G

             total       used       free     shared    buffers     cached
Mem:          3.9G       3.3G       557M       1.5M        39M       295M
-/+ buffers/cache:       3.0G       892M
Swap:         8.0G         0B       8.0G

             total       used       free     shared    buffers     cached
Mem:          3.9G       3.3G       540M       1.5M        39M       295M
-/+ buffers/cache:       3.0G       875M
Swap:         8.0G         0B       8.0G

             total       used       free     shared    buffers     cached
Mem:          3.9G       3.3G       529M       1.5M        39M       295M
-/+ buffers/cache:       3.0G       864M
Swap:         8.0G         0B       8.0G

             total       used       free     shared    buffers     cached
Mem:          3.9G       3.4G       518M       1.5M        39M       295M
-/+ buffers/cache:       3.0G       853M
Swap:         8.0G         0B       8.0G

             total       used       free     shared    buffers     cached
Mem:          3.9G       3.4G       507M       1.5M        39M       295M
-/+ buffers/cache:       3.0G       842M
Swap:         8.0G         0B       8.0G

             total       used       free     shared    buffers     cached
Mem:          3.9G       3.4G       496M       1.5M        39M       295M
-/+ buffers/cache:       3.0G       831M
Swap:         8.0G         0B       8.0G

             total       used       free     shared    buffers     cached
Mem:          3.9G       3.4G       485M       1.5M        39M       295M
-/+ buffers/cache:       3.1G       820M
Swap:         8.0G         0B       8.0G

             total       used       free     shared    buffers     cached
Mem:          3.9G       3.4G       473M       1.5M        39M       295M
-/+ buffers/cache:       3.1G       808M
Swap:         8.0G         0B       8.0G

             total       used       free     shared    buffers     cached
Mem:          3.9G       3.4G       462M       1.5M        39M       295M
-/+ buffers/cache:       3.1G       797M
Swap:         8.0G         0B       8.0G

             total       used       free     shared    buffers     cached
Mem:          3.9G       3.4G       451M       1.5M        39M       295M
-/+ buffers/cache:       3.1G       786M
Swap:         8.0G         0B       8.0G

             total       used       free     shared    buffers     cached
Mem:          3.9G       3.4G       440M       1.5M        39M       295M
-/+ buffers/cache:       3.1G       775M
Swap:         8.0G         0B       8.0G

             total       used       free     shared    buffers     cached
Mem:          3.9G       3.4G       429M       1.5M        39M       295M
-/+ buffers/cache:       3.1G       764M
Swap:         8.0G         0B       8.0G

             total       used       free     shared    buffers     cached
Mem:          3.9G       3.5G       418M       1.5M        39M       295M
-/+ buffers/cache:       3.1G       753M
Swap:         8.0G         0B       8.0G

             total       used       free     shared    buffers     cached
Mem:          3.9G       3.5G       404M       1.5M        39M       295M
-/+ buffers/cache:       3.1G       739M
Swap:         8.0G         0B       8.0G

             total       used       free     shared    buffers     cached
Mem:          3.9G       3.5G       391M       1.5M        39M       295M
-/+ buffers/cache:       3.1G       726M
Swap:         8.0G         0B       8.0G

             total       used       free     shared    buffers     cached
Mem:          3.9G       3.5G       380M       1.5M        39M       295M
-/+ buffers/cache:       3.2G       715M
Swap:         8.0G         0B       8.0G

             total       used       free     shared    buffers     cached
Mem:          3.9G       3.5G       368M       1.5M        39M       295M
-/+ buffers/cache:       3.2G       703M
Swap:         8.0G         0B       8.0G

             total       used       free     shared    buffers     cached
Mem:          3.9G       3.5G       357M       1.5M        39M       295M
-/+ buffers/cache:       3.2G       692M
Swap:         8.0G         0B       8.0G

             total       used       free     shared    buffers     cached
Mem:          3.9G       3.5G       344M       1.5M        39M       295M
-/+ buffers/cache:       3.2G       679M
Swap:         8.0G         0B       8.0G

             total       used       free     shared    buffers     cached
Mem:          3.9G       3.5G       330M       1.5M        39M       295M
-/+ buffers/cache:       3.2G       666M
Swap:         8.0G         0B       8.0G

             total       used       free     shared    buffers     cached
Mem:          3.9G       3.6G       311M       2.1M        39M       296M
-/+ buffers/cache:       3.2G       648M
Swap:         8.0G         0B       8.0G

             total       used       free     shared    buffers     cached
Mem:          3.9G       3.6G       301M       2.1M        39M       296M
-/+ buffers/cache:       3.2G       638M
Swap:         8.0G         0B       8.0G

             total       used       free     shared    buffers     cached
Mem:          3.9G       3.6G       290M       2.1M        39M       296M
-/+ buffers/cache:       3.2G       626M
Swap:         8.0G         0B       8.0G

             total       used       free     shared    buffers     cached
Mem:          3.9G       3.6G       276M       2.1M        39M       296M
-/+ buffers/cache:       3.3G       612M
Swap:         8.0G         0B       8.0G

             total       used       free     shared    buffers     cached
Mem:          3.9G       3.6G       264M       2.1M        39M       296M
-/+ buffers/cache:       3.3G       600M
Swap:         8.0G         0B       8.0G

             total       used       free     shared    buffers     cached
Mem:          3.9G       3.6G       252M       2.1M        39M       296M
-/+ buffers/cache:       3.3G       588M
Swap:         8.0G         0B       8.0G

             total       used       free     shared    buffers     cached
Mem:          3.9G       3.6G       239M       2.1M        39M       296M
-/+ buffers/cache:       3.3G       575M
Swap:         8.0G         0B       8.0G

             total       used       free     shared    buffers     cached
Mem:          3.9G       3.6G       226M       2.1M        39M       296M
-/+ buffers/cache:       3.3G       562M
Swap:         8.0G         0B       8.0G

             total       used       free     shared    buffers     cached
Mem:          3.9G       3.7G       213M       2.1M        39M       296M
-/+ buffers/cache:       3.3G       549M
Swap:         8.0G         0B       8.0G

             total       used       free     shared    buffers     cached
Mem:          3.9G       3.7G       199M       2.1M        39M       296M
-/+ buffers/cache:       3.3G       536M
Swap:         8.0G         0B       8.0G

             total       used       free     shared    buffers     cached
Mem:          3.9G       3.7G       187M       2.1M        39M       296M
-/+ buffers/cache:       3.3G       523M
Swap:         8.0G         0B       8.0G

             total       used       free     shared    buffers     cached
Mem:          3.9G       3.7G       173M       2.1M        39M       296M
-/+ buffers/cache:       3.4G       509M
Swap:         8.0G         0B       8.0G

             total       used       free     shared    buffers     cached
Mem:          3.9G       3.7G       160M       2.1M        39M       296M
-/+ buffers/cache:       3.4G       497M
Swap:         8.0G         0B       8.0G

             total       used       free     shared    buffers     cached
Mem:          3.9G       3.7G       146M       2.1M        39M       296M
-/+ buffers/cache:       3.4G       483M
Swap:         8.0G         0B       8.0G

             total       used       free     shared    buffers     cached
Mem:          3.9G       3.7G       133M       2.1M        39M       296M
-/+ buffers/cache:       3.4G       470M
Swap:         8.0G         0B       8.0G

             total       used       free     shared    buffers     cached
Mem:          3.9G       3.7G       122M       2.1M        39M       296M
-/+ buffers/cache:       3.4G       458M
Swap:         8.0G         0B       8.0G

             total       used       free     shared    buffers     cached
Mem:          3.9G       3.8G       107M       2.1M        39M       296M
-/+ buffers/cache:       3.4G       444M
Swap:         8.0G         0B       8.0G

             total       used       free     shared    buffers     cached
Mem:          3.9G       3.7G       119M       2.1M        16M       295M
-/+ buffers/cache:       3.4G       431M
Swap:         8.0G         0B       8.0G

             total       used       free     shared    buffers     cached
Mem:          3.9G       3.8G       105M       2.1M        16M       295M
-/+ buffers/cache:       3.5G       417M
Swap:         8.0G         0B       8.0G

             total       used       free     shared    buffers     cached
Mem:          3.9G       3.7G       116M       2.1M        11M       276M
-/+ buffers/cache:       3.5G       404M
Swap:         8.0G         0B       8.0G

             total       used       free     shared    buffers     cached
Mem:          3.9G       3.8G       104M       2.1M        11M       276M
-/+ buffers/cache:       3.5G       392M
Swap:         8.0G         0B       8.0G

             total       used       free     shared    buffers     cached
Mem:          3.9G       3.8G       102M       2.1M        11M       276M
-/+ buffers/cache:       3.5G       390M
Swap:         8.0G         0B       8.0G

             total       used       free     shared    buffers     cached
Mem:          3.9G       3.8G       102M       2.1M        11M       276M
-/+ buffers/cache:       3.5G       390M
Swap:         8.0G         0B       8.0G

             total       used       free     shared    buffers     cached
Mem:          3.9G       3.8G       102M       2.1M        11M       276M
-/+ buffers/cache:       3.5G       390M
Swap:         8.0G         0B       8.0G

             total       used       free     shared    buffers     cached
Mem:          3.9G       3.7G       119M       1.9M        10M       257M
-/+ buffers/cache:       3.5G       388M
Swap:         8.0G       164K       8.0G

             total       used       free     shared    buffers     cached
Mem:          3.9G       3.7G       119M       1.9M        10M       257M
-/+ buffers/cache:       3.5G       388M
Swap:         8.0G       164K       8.0G

             total       used       free     shared    buffers     cached
Mem:          3.9G       3.7G       118M       1.9M        10M       257M
-/+ buffers/cache:       3.5G       387M
Swap:         8.0G       164K       8.0G

             total       used       free     shared    buffers     cached
Mem:          3.9G       3.7G       117M       1.9M        10M       257M
-/+ buffers/cache:       3.5G       385M
Swap:         8.0G       164K       8.0G

             total       used       free     shared    buffers     cached
Mem:          3.9G       3.8G       105M       1.9M        10M       257M
-/+ buffers/cache:       3.5G       374M
Swap:         8.0G       164K       8.0G

             total       used       free     shared    buffers     cached
Mem:          3.9G       3.7G       131M       1.6M        10M       222M
-/+ buffers/cache:       3.5G       364M
Swap:         8.0G        16M       8.0G

             total       used       free     shared    buffers     cached
Mem:          3.9G       3.7G       117M       1.6M        10M       222M
-/+ buffers/cache:       3.5G       350M
Swap:         8.0G        16M       8.0G

             total       used       free     shared    buffers     cached
Mem:          3.9G       3.8G       103M       1.6M        10M       222M
-/+ buffers/cache:       3.5G       336M
Swap:         8.0G        16M       8.0G

             total       used       free     shared    buffers     cached
Mem:          3.9G       3.7G       139M       1.6M       1.3M       182M
-/+ buffers/cache:       3.5G       324M
Swap:         8.0G        16M       8.0G

             total       used       free     shared    buffers     cached
Mem:          3.9G       3.7G       125M       1.6M       1.3M       182M
-/+ buffers/cache:       3.6G       309M
Swap:         8.0G        16M       8.0G

             total       used       free     shared    buffers     cached
Mem:          3.9G       3.7G       112M       1.6M       1.3M       182M
-/+ buffers/cache:       3.6G       296M
Swap:         8.0G        16M       8.0G

             total       used       free     shared    buffers     cached
Mem:          3.9G       3.7G       121M       1.6M       1.3M       161M
-/+ buffers/cache:       3.6G       284M
Swap:         8.0G        16M       8.0G

             total       used       free     shared    buffers     cached
Mem:          3.9G       3.8G       108M       1.6M       1.3M       161M
-/+ buffers/cache:       3.6G       271M
Swap:         8.0G        16M       8.0G

             total       used       free     shared    buffers     cached
Mem:          3.9G       3.7G       124M       1.6M        88K       134M
-/+ buffers/cache:       3.6G       259M
Swap:         8.0G        16M       8.0G

             total       used       free     shared    buffers     cached
Mem:          3.9G       3.8G       109M       1.6M       900K       135M
-/+ buffers/cache:       3.6G       245M
Swap:         8.0G        16M       8.0G

             total       used       free     shared    buffers     cached
Mem:          3.9G       3.7G       131M       1.6M       892K       105M
-/+ buffers/cache:       3.6G       237M
Swap:         8.0G        16M       8.0G

             total       used       free     shared    buffers     cached
Mem:          3.9G       3.7G       117M       1.6M       892K       105M
-/+ buffers/cache:       3.6G       223M
Swap:         8.0G        16M       8.0G

             total       used       free     shared    buffers     cached
Mem:          3.9G       3.8G       107M       1.6M       896K       105M
-/+ buffers/cache:       3.7G       213M
Swap:         8.0G        16M       8.0G

             total       used       free     shared    buffers     cached
Mem:          3.9G       3.7G       117M       1.6M       888K        82M
-/+ buffers/cache:       3.7G       201M
Swap:         8.0G        16M       8.0G

             total       used       free     shared    buffers     cached
Mem:          3.9G       3.7G       121M       1.6M       896K        63M
-/+ buffers/cache:       3.7G       186M
Swap:         8.0G        16M       8.0G

             total       used       free     shared    buffers     cached
Mem:          3.9G       3.7G       120M       1.6M       896K        56M
-/+ buffers/cache:       3.7G       177M
Swap:         8.0G        16M       8.0G

             total       used       free     shared    buffers     cached
Mem:          3.9G       3.8G       105M       1.6M       904K        56M
-/+ buffers/cache:       3.7G       162M
Swap:         8.0G        16M       8.0G

             total       used       free     shared    buffers     cached
Mem:          3.9G       3.7G       114M       1.6M       1.1M        32M
-/+ buffers/cache:       3.7G       148M
Swap:         8.0G        16M       8.0G

             total       used       free     shared    buffers     cached
Mem:          3.9G       3.7G       121M       1.6M       1.1M        11M
-/+ buffers/cache:       3.7G       134M
Swap:         8.0G        16M       8.0G

             total       used       free     shared    buffers     cached
Mem:          3.9G       3.8G       106M       1.6M       1.1M        11M
-/+ buffers/cache:       3.7G       119M
Swap:         8.0G        16M       8.0G

             total       used       free     shared    buffers     cached
Mem:          3.9G       3.8G       107M       1.3M       360K       4.3M
-/+ buffers/cache:       3.7G       111M
Swap:         8.0G        94M       7.9G

             total       used       free     shared    buffers     cached
Mem:          3.9G       3.7G       111M       1.3M       364K       4.8M
-/+ buffers/cache:       3.7G       116M
Swap:         8.0G        96M       7.9G

             total       used       free     shared    buffers     cached
Mem:          3.9G       3.7G       113M       1.2M       120K       7.0M
-/+ buffers/cache:       3.7G       120M
Swap:         8.0G       269M       7.7G

             total       used       free     shared    buffers     cached
Mem:          3.9G       3.7G       115M       1.1M       268K       8.7M
-/+ buffers/cache:       3.7G       124M
Swap:         8.0G       296M       7.7G

             total       used       free     shared    buffers     cached
Mem:          3.9G       3.7G       143M       1.1M       416K       9.1M
-/+ buffers/cache:       3.7G       152M
Swap:         8.0G       296M       7.7G

             total       used       free     shared    buffers     cached
Mem:          3.9G       3.7G       129M       1.1M       416K       9.7M
-/+ buffers/cache:       3.7G       140M
Swap:         8.0G       296M       7.7G

             total       used       free     shared    buffers     cached
Mem:          3.9G       3.7G       116M       1.1M       424K       9.9M
-/+ buffers/cache:       3.7G       126M
Swap:         8.0G       296M       7.7G

             total       used       free     shared    buffers     cached
Mem:          3.9G       3.8G       111M       1.1M       776K        20M
-/+ buffers/cache:       3.7G       132M
Swap:         8.0G       295M       7.7G

             total       used       free     shared    buffers     cached
Mem:          3.9G       3.7G       117M       1.1M       3.4M        40M
-/+ buffers/cache:       3.7G       161M
Swap:         8.0G       287M       7.7G

             total       used       free     shared    buffers     cached
Mem:          3.9G       3.7G       135M       1.1M       3.2M        72M
-/+ buffers/cache:       3.7G       211M
Swap:         8.0G       285M       7.7G

             total       used       free     shared    buffers     cached
Mem:          3.9G       3.7G       138M       1.1M       3.2M        73M
-/+ buffers/cache:       3.6G       214M
Swap:         8.0G       283M       7.7G

             total       used       free     shared    buffers     cached
Mem:          3.9G       3.7G       135M       1.1M       3.2M        73M
-/+ buffers/cache:       3.7G       212M
Swap:         8.0G       281M       7.7G

             total       used       free     shared    buffers     cached
Mem:          3.9G       3.7G       124M       1.1M       3.2M        75M
-/+ buffers/cache:       3.7G       203M
Swap:         8.0G       277M       7.7G

             total       used       free     shared    buffers     cached
Mem:          3.9G       3.7G       112M       1.1M       3.2M        79M
-/+ buffers/cache:       3.7G       195M
Swap:         8.0G       273M       7.7G

             total       used       free     shared    buffers     cached
Mem:          3.9G       3.8G       110M       1.1M       3.2M        79M
-/+ buffers/cache:       3.7G       193M
Swap:         8.0G       273M       7.7G

             total       used       free     shared    buffers     cached
Mem:          3.9G       3.8G       108M       1.1M       3.2M        79M
-/+ buffers/cache:       3.7G       191M
Swap:         8.0G       272M       7.7G

             total       used       free     shared    buffers     cached
Mem:          3.9G       3.8G       106M       1.1M       3.2M        79M
-/+ buffers/cache:       3.7G       189M
Swap:         8.0G       271M       7.7G

             total       used       free     shared    buffers     cached
Mem:          3.9G       3.8G       105M       1.1M       3.2M        79M
-/+ buffers/cache:       3.7G       188M
Swap:         8.0G       271M       7.7G

             total       used       free     shared    buffers     cached
Mem:          3.9G       3.8G       103M       1.1M       3.2M        79M
-/+ buffers/cache:       3.7G       186M
Swap:         8.0G       271M       7.7G

             total       used       free     shared    buffers     cached
Mem:          3.9G       3.7G       152M       1.1M       3.0M        48M
-/+ buffers/cache:       3.7G       203M
Swap:         8.0G       278M       7.7G

             total       used       free     shared    buffers     cached
Mem:          3.9G       3.7G       150M       1.1M       3.0M        48M
-/+ buffers/cache:       3.7G       201M
Swap:         8.0G       277M       7.7G

             total       used       free     shared    buffers     cached
Mem:          3.9G       3.7G       148M       1.1M       3.0M        48M
-/+ buffers/cache:       3.7G       199M
Swap:         8.0G       277M       7.7G

             total       used       free     shared    buffers     cached
Mem:          3.9G       3.7G       146M       1.1M       3.0M        48M
-/+ buffers/cache:       3.7G       197M
Swap:         8.0G       277M       7.7G

             total       used       free     shared    buffers     cached
Mem:          3.9G       3.7G       112M       1.1M       4.0M        67M
-/+ buffers/cache:       3.7G       183M
Swap:         8.0G       271M       7.7G

             total       used       free     shared    buffers     cached
Mem:          3.9G       3.7G       121M       4.9M       4.9M        58M
-/+ buffers/cache:       3.7G       184M
Swap:         8.0G       266M       7.7G

             total       used       free     shared    buffers     cached
Mem:          3.9G       3.8G       104M       1.2M       5.2M        61M
-/+ buffers/cache:       3.7G       171M
Swap:         8.0G       262M       7.7G

             total       used       free     shared    buffers     cached
Mem:          3.9G       3.8G       104M       1.2M       5.2M        61M
-/+ buffers/cache:       3.7G       170M
Swap:         8.0G       262M       7.7G

             total       used       free     shared    buffers     cached
Mem:          3.9G       3.8G       106M       1.2M       436K        49M
-/+ buffers/cache:       3.7G       155M
Swap:         8.0G       262M       7.7G

             total       used       free     shared    buffers     cached
Mem:          3.9G       3.8G       108M       1.2M       148K        29M
-/+ buffers/cache:       3.7G       138M
Swap:         8.0G       262M       7.7G

             total       used       free     shared    buffers     cached
Mem:          3.9G       3.8G       110M       1.2M       272K        10M
-/+ buffers/cache:       3.7G       121M
Swap:         8.0G       263M       7.7G

             total       used       free     shared    buffers     cached
Mem:          3.9G       3.8G       103M       1.2M       272K       8.9M
-/+ buffers/cache:       3.7G       112M
Swap:         8.0G       521M       7.5G

             total       used       free     shared    buffers     cached
Mem:          3.9G       3.8G       103M       1.2M       276K       9.1M
-/+ buffers/cache:       3.7G       112M
Swap:         8.0G       521M       7.5G

             total       used       free     shared    buffers     cached
Mem:          3.9G       3.8G       102M       1.2M       280K       9.2M
-/+ buffers/cache:       3.7G       112M
Swap:         8.0G       521M       7.5G

             total       used       free     shared    buffers     cached
Mem:          3.9G       3.8G       102M       1.2M       284K       9.1M
-/+ buffers/cache:       3.7G       112M
Swap:         8.0G       521M       7.5G

             total       used       free     shared    buffers     cached
Mem:          3.9G       3.7G       127M       1.2M       424K       9.3M
-/+ buffers/cache:       3.7G       137M
Swap:         8.0G       521M       7.5G

             total       used       free     shared    buffers     cached
Mem:          3.9G       3.7G       127M       1.2M       424K       9.3M
-/+ buffers/cache:       3.7G       137M
Swap:         8.0G       521M       7.5G

             total       used       free     shared    buffers     cached
Mem:          3.9G       3.7G       127M       1.2M       424K       9.3M
-/+ buffers/cache:       3.7G       137M
Swap:         8.0G       521M       7.5G

             total       used       free     shared    buffers     cached
Mem:          3.9G       3.7G       127M       1.2M       424K       9.3M
-/+ buffers/cache:       3.7G       137M
Swap:         8.0G       521M       7.5G

             total       used       free     shared    buffers     cached
Mem:          3.9G       3.7G       127M       1.2M       424K       9.3M
-/+ buffers/cache:       3.7G       137M
Swap:         8.0G       521M       7.5G

             total       used       free     shared    buffers     cached
Mem:          3.9G       3.7G       127M       1.2M       424K       9.4M
-/+ buffers/cache:       3.7G       137M
Swap:         8.0G       521M       7.5G

             total       used       free     shared    buffers     cached
Mem:          3.9G       3.7G       122M       1.2M       700K        14M
-/+ buffers/cache:       3.7G       137M
Swap:         8.0G       521M       7.5G

             total       used       free     shared    buffers     cached
Mem:          3.9G       3.7G       114M       1.2M       708K        14M
-/+ buffers/cache:       3.7G       129M
Swap:         8.0G       521M       7.5G

             total       used       free     shared    buffers     cached
Mem:          3.9G       3.7G       142M       1.2M       708K        10M
-/+ buffers/cache:       3.7G       153M
Swap:         8.0G       521M       7.5G

             total       used       free     shared    buffers     cached
Mem:          3.9G       3.7G       134M       1.2M       708K        10M
-/+ buffers/cache:       3.7G       145M
Swap:         8.0G       521M       7.5G

             total       used       free     shared    buffers     cached
Mem:          3.9G       3.7G       123M       1.2M       708K        10M
-/+ buffers/cache:       3.7G       134M
Swap:         8.0G       521M       7.5G

             total       used       free     shared    buffers     cached
Mem:          3.9G       3.7G       114M       1.2M       708K        10M
-/+ buffers/cache:       3.7G       125M
Swap:         8.0G       521M       7.5G

             total       used       free     shared    buffers     cached
Mem:          3.9G       3.8G       107M       1.2M       716K        10M
-/+ buffers/cache:       3.7G       119M
Swap:         8.0G       520M       7.5G

             total       used       free     shared    buffers     cached
Mem:          3.9G       3.7G       114M       1.2M       716K        20M
-/+ buffers/cache:       3.7G       135M
Swap:         8.0G       519M       7.5G

             total       used       free     shared    buffers     cached
Mem:          3.9G       3.7G       113M       1.2M       1.0M        20M
-/+ buffers/cache:       3.7G       134M
Swap:         8.0G       519M       7.5G

             total       used       free     shared    buffers     cached
Mem:          3.9G       3.7G       112M       1.2M       1.0M        20M
-/+ buffers/cache:       3.7G       134M
Swap:         8.0G       518M       7.5G

             total       used       free     shared    buffers     cached
Mem:          3.9G       3.7G       112M       1.2M       1.0M        20M
-/+ buffers/cache:       3.7G       133M
Swap:         8.0G       517M       7.5G

             total       used       free     shared    buffers     cached
Mem:          3.9G       3.7G       111M       1.2M       1.0M        20M
-/+ buffers/cache:       3.7G       132M
Swap:         8.0G       516M       7.5G

             total       used       free     shared    buffers     cached
Mem:          3.9G       3.8G       110M       1.2M       1.0M        20M
-/+ buffers/cache:       3.7G       132M
Swap:         8.0G       515M       7.5G

             total       used       free     shared    buffers     cached
Mem:          3.9G       3.8G       110M       1.2M       1.0M        20M
-/+ buffers/cache:       3.7G       131M
Swap:         8.0G       515M       7.5G

             total       used       free     shared    buffers     cached
Mem:          3.9G       3.8G       109M       1.2M       1.0M        20M
-/+ buffers/cache:       3.7G       130M
Swap:         8.0G       514M       7.5G

             total       used       free     shared    buffers     cached
Mem:          3.9G       3.8G       109M       1.2M       1.0M        20M
-/+ buffers/cache:       3.7G       130M
Swap:         8.0G       513M       7.5G

             total       used       free     shared    buffers     cached
Mem:          3.9G       3.8G       108M       1.2M       1.0M        20M
-/+ buffers/cache:       3.7G       129M
Swap:         8.0G       512M       7.5G

             total       used       free     shared    buffers     cached
Mem:          3.9G       3.8G       107M       1.2M       1.0M        20M
-/+ buffers/cache:       3.7G       129M
Swap:         8.0G       511M       7.5G

             total       used       free     shared    buffers     cached
Mem:          3.9G       3.7G       211M       1.2M       2.1M        22M
-/+ buffers/cache:       3.6G       235M
Swap:         8.0G       511M       7.5G

             total       used       free     shared    buffers     cached
Mem:          3.9G       3.7G       187M       1.3M       5.5M        39M
-/+ buffers/cache:       3.6G       231M
Swap:         8.0G       508M       7.5G
