             total       used       free     shared    buffers     cached
Mem:          992M       654M       337M       3.2M        41M       287M
-/+ buffers/cache:       325M       666M
Swap:         8.0G         0B       8.0G

             total       used       free     shared    buffers     cached
Mem:          992M       654M       337M       3.2M        41M       287M
-/+ buffers/cache:       325M       666M
Swap:         8.0G         0B       8.0G

             total       used       free     shared    buffers     cached
Mem:          992M       654M       337M       3.2M        41M       287M
-/+ buffers/cache:       325M       666M
Swap:         8.0G         0B       8.0G

             total       used       free     shared    buffers     cached
Mem:          992M       654M       337M       3.2M        41M       287M
-/+ buffers/cache:       325M       666M
Swap:         8.0G         0B       8.0G

             total       used       free     shared    buffers     cached
Mem:          992M       654M       337M       3.2M        41M       287M
-/+ buffers/cache:       325M       666M
Swap:         8.0G         0B       8.0G

             total       used       free     shared    buffers     cached
Mem:          992M       654M       337M       3.2M        41M       287M
-/+ buffers/cache:       325M       666M
Swap:         8.0G         0B       8.0G

             total       used       free     shared    buffers     cached
Mem:          992M       654M       337M       3.2M        41M       287M
-/+ buffers/cache:       325M       666M
Swap:         8.0G         0B       8.0G

             total       used       free     shared    buffers     cached
Mem:          992M       654M       337M       3.2M        41M       287M
-/+ buffers/cache:       325M       666M
Swap:         8.0G         0B       8.0G

             total       used       free     shared    buffers     cached
Mem:          992M       654M       337M       3.2M        41M       287M
-/+ buffers/cache:       325M       666M
Swap:         8.0G         0B       8.0G

             total       used       free     shared    buffers     cached
Mem:          992M       654M       338M       3.2M        41M       287M
-/+ buffers/cache:       324M       667M
Swap:         8.0G         0B       8.0G

             total       used       free     shared    buffers     cached
Mem:          992M       654M       338M       3.2M        41M       287M
-/+ buffers/cache:       324M       667M
Swap:         8.0G         0B       8.0G

             total       used       free     shared    buffers     cached
Mem:          992M       655M       336M       3.2M        41M       287M
-/+ buffers/cache:       325M       666M
Swap:         8.0G         0B       8.0G

             total       used       free     shared    buffers     cached
Mem:          992M       659M       332M       3.2M        41M       287M
-/+ buffers/cache:       329M       662M
Swap:         8.0G         0B       8.0G

             total       used       free     shared    buffers     cached
Mem:          992M       676M       315M       3.2M        41M       288M
-/+ buffers/cache:       346M       645M
Swap:         8.0G         0B       8.0G

             total       used       free     shared    buffers     cached
Mem:          992M       697M       294M       3.2M        41M       290M
-/+ buffers/cache:       365M       626M
Swap:         8.0G         0B       8.0G

             total       used       free     shared    buffers     cached
Mem:          992M       707M       284M       3.2M        42M       291M
-/+ buffers/cache:       374M       618M
Swap:         8.0G         0B       8.0G

             total       used       free     shared    buffers     cached
Mem:          992M       734M       257M       3.2M        42M       292M
-/+ buffers/cache:       400M       592M
Swap:         8.0G         0B       8.0G

             total       used       free     shared    buffers     cached
Mem:          992M       736M       256M       3.2M        42M       292M
-/+ buffers/cache:       401M       590M
Swap:         8.0G         0B       8.0G

             total       used       free     shared    buffers     cached
Mem:          992M       720M       271M       3.2M        42M       292M
-/+ buffers/cache:       385M       606M
Swap:         8.0G         0B       8.0G

             total       used       free     shared    buffers     cached
Mem:          992M       721M       270M       3.3M        42M       296M
-/+ buffers/cache:       382M       609M
Swap:         8.0G         0B       8.0G

             total       used       free     shared    buffers     cached
Mem:          992M       721M       270M       3.3M        42M       296M
-/+ buffers/cache:       382M       609M
Swap:         8.0G         0B       8.0G

             total       used       free     shared    buffers     cached
Mem:          992M       722M       270M       3.3M        42M       296M
-/+ buffers/cache:       382M       609M
Swap:         8.0G         0B       8.0G

             total       used       free     shared    buffers     cached
Mem:          992M       722M       270M       3.3M        42M       296M
-/+ buffers/cache:       382M       609M
Swap:         8.0G         0B       8.0G

             total       used       free     shared    buffers     cached
Mem:          992M       722M       270M       3.3M        42M       296M
-/+ buffers/cache:       382M       609M
Swap:         8.0G         0B       8.0G

             total       used       free     shared    buffers     cached
Mem:          992M       722M       270M       3.3M        42M       296M
-/+ buffers/cache:       382M       609M
Swap:         8.0G         0B       8.0G

             total       used       free     shared    buffers     cached
Mem:          992M       722M       270M       3.3M        42M       296M
-/+ buffers/cache:       382M       609M
Swap:         8.0G         0B       8.0G

             total       used       free     shared    buffers     cached
Mem:          992M       722M       270M       3.3M        42M       296M
-/+ buffers/cache:       382M       609M
Swap:         8.0G         0B       8.0G

             total       used       free     shared    buffers     cached
Mem:          992M       722M       270M       3.3M        42M       296M
-/+ buffers/cache:       382M       609M
Swap:         8.0G         0B       8.0G

             total       used       free     shared    buffers     cached
Mem:          992M       722M       270M       3.3M        42M       296M
-/+ buffers/cache:       382M       609M
Swap:         8.0G         0B       8.0G

             total       used       free     shared    buffers     cached
Mem:          992M       721M       270M       3.3M        42M       296M
-/+ buffers/cache:       382M       609M
Swap:         8.0G         0B       8.0G

             total       used       free     shared    buffers     cached
Mem:          992M       721M       270M       3.3M        42M       296M
-/+ buffers/cache:       382M       609M
Swap:         8.0G         0B       8.0G

             total       used       free     shared    buffers     cached
Mem:          992M       721M       270M       3.3M        42M       296M
-/+ buffers/cache:       382M       609M
Swap:         8.0G         0B       8.0G

             total       used       free     shared    buffers     cached
Mem:          992M       721M       270M       3.3M        42M       296M
-/+ buffers/cache:       382M       609M
Swap:         8.0G         0B       8.0G

             total       used       free     shared    buffers     cached
Mem:          992M       721M       270M       3.3M        42M       296M
-/+ buffers/cache:       382M       609M
Swap:         8.0G         0B       8.0G

             total       used       free     shared    buffers     cached
Mem:          992M       721M       270M       3.3M        42M       296M
-/+ buffers/cache:       382M       609M
Swap:         8.0G         0B       8.0G

             total       used       free     shared    buffers     cached
Mem:          992M       721M       270M       3.3M        42M       296M
-/+ buffers/cache:       382M       609M
Swap:         8.0G         0B       8.0G

             total       used       free     shared    buffers     cached
Mem:          992M       721M       270M       3.3M        42M       296M
-/+ buffers/cache:       382M       609M
Swap:         8.0G         0B       8.0G

             total       used       free     shared    buffers     cached
Mem:          992M       721M       270M       3.3M        42M       296M
-/+ buffers/cache:       382M       609M
Swap:         8.0G         0B       8.0G

             total       used       free     shared    buffers     cached
Mem:          992M       721M       270M       3.3M        42M       296M
-/+ buffers/cache:       382M       609M
Swap:         8.0G         0B       8.0G

             total       used       free     shared    buffers     cached
Mem:          992M       721M       270M       3.3M        42M       296M
-/+ buffers/cache:       382M       609M
Swap:         8.0G         0B       8.0G

             total       used       free     shared    buffers     cached
Mem:          992M       721M       270M       3.3M        42M       296M
-/+ buffers/cache:       382M       609M
Swap:         8.0G         0B       8.0G

             total       used       free     shared    buffers     cached
Mem:          992M       721M       270M       3.3M        42M       296M
-/+ buffers/cache:       382M       609M
Swap:         8.0G         0B       8.0G

             total       used       free     shared    buffers     cached
Mem:          992M       721M       270M       3.3M        42M       296M
-/+ buffers/cache:       382M       609M
Swap:         8.0G         0B       8.0G

             total       used       free     shared    buffers     cached
Mem:          992M       721M       270M       3.3M        42M       296M
-/+ buffers/cache:       382M       609M
Swap:         8.0G         0B       8.0G

             total       used       free     shared    buffers     cached
Mem:          992M       721M       270M       3.3M        42M       296M
-/+ buffers/cache:       382M       609M
Swap:         8.0G         0B       8.0G

             total       used       free     shared    buffers     cached
Mem:          992M       721M       270M       3.3M        42M       296M
-/+ buffers/cache:       382M       609M
Swap:         8.0G         0B       8.0G

             total       used       free     shared    buffers     cached
Mem:          992M       721M       270M       3.3M        42M       296M
-/+ buffers/cache:       382M       609M
Swap:         8.0G         0B       8.0G

             total       used       free     shared    buffers     cached
Mem:          992M       721M       270M       3.3M        42M       296M
-/+ buffers/cache:       382M       609M
Swap:         8.0G         0B       8.0G

             total       used       free     shared    buffers     cached
Mem:          992M       721M       270M       3.3M        42M       296M
-/+ buffers/cache:       382M       609M
Swap:         8.0G         0B       8.0G

             total       used       free     shared    buffers     cached
Mem:          992M       721M       270M       3.3M        42M       296M
-/+ buffers/cache:       382M       609M
Swap:         8.0G         0B       8.0G

             total       used       free     shared    buffers     cached
Mem:          992M       721M       270M       3.3M        42M       296M
-/+ buffers/cache:       382M       609M
Swap:         8.0G         0B       8.0G

             total       used       free     shared    buffers     cached
Mem:          992M       721M       270M       3.3M        42M       296M
-/+ buffers/cache:       382M       609M
Swap:         8.0G         0B       8.0G

             total       used       free     shared    buffers     cached
Mem:          992M       721M       270M       3.3M        42M       296M
-/+ buffers/cache:       382M       609M
Swap:         8.0G         0B       8.0G

             total       used       free     shared    buffers     cached
Mem:          992M       721M       270M       3.3M        42M       296M
-/+ buffers/cache:       382M       609M
Swap:         8.0G         0B       8.0G

             total       used       free     shared    buffers     cached
Mem:          992M       721M       270M       3.3M        42M       296M
-/+ buffers/cache:       382M       609M
Swap:         8.0G         0B       8.0G

             total       used       free     shared    buffers     cached
Mem:          992M       721M       270M       3.3M        42M       296M
-/+ buffers/cache:       382M       609M
Swap:         8.0G         0B       8.0G

             total       used       free     shared    buffers     cached
Mem:          992M       721M       270M       3.3M        42M       296M
-/+ buffers/cache:       382M       609M
Swap:         8.0G         0B       8.0G

             total       used       free     shared    buffers     cached
Mem:          992M       721M       270M       3.3M        42M       296M
-/+ buffers/cache:       382M       609M
Swap:         8.0G         0B       8.0G

             total       used       free     shared    buffers     cached
Mem:          992M       721M       270M       3.3M        42M       296M
-/+ buffers/cache:       382M       609M
Swap:         8.0G         0B       8.0G

             total       used       free     shared    buffers     cached
Mem:          992M       721M       270M       3.3M        42M       296M
-/+ buffers/cache:       382M       609M
Swap:         8.0G         0B       8.0G

             total       used       free     shared    buffers     cached
Mem:          992M       721M       270M       3.3M        42M       296M
-/+ buffers/cache:       382M       609M
Swap:         8.0G         0B       8.0G

             total       used       free     shared    buffers     cached
Mem:          992M       721M       270M       3.3M        42M       296M
-/+ buffers/cache:       382M       609M
Swap:         8.0G         0B       8.0G

             total       used       free     shared    buffers     cached
Mem:          992M       721M       270M       3.3M        42M       296M
-/+ buffers/cache:       382M       609M
Swap:         8.0G         0B       8.0G

             total       used       free     shared    buffers     cached
Mem:          992M       721M       270M       3.3M        42M       296M
-/+ buffers/cache:       382M       609M
Swap:         8.0G         0B       8.0G

             total       used       free     shared    buffers     cached
Mem:          992M       721M       270M       3.3M        42M       296M
-/+ buffers/cache:       382M       609M
Swap:         8.0G         0B       8.0G

             total       used       free     shared    buffers     cached
Mem:          992M       736M       255M       3.3M        42M       296M
-/+ buffers/cache:       396M       595M
Swap:         8.0G         0B       8.0G

             total       used       free     shared    buffers     cached
Mem:          992M       751M       240M       3.3M        42M       296M
-/+ buffers/cache:       411M       580M
Swap:         8.0G         0B       8.0G

             total       used       free     shared    buffers     cached
Mem:          992M       766M       226M       3.3M        42M       296M
-/+ buffers/cache:       426M       565M
Swap:         8.0G         0B       8.0G

             total       used       free     shared    buffers     cached
Mem:          992M       781M       210M       3.3M        42M       296M
-/+ buffers/cache:       441M       550M
Swap:         8.0G         0B       8.0G

             total       used       free     shared    buffers     cached
Mem:          992M       796M       195M       3.3M        42M       296M
-/+ buffers/cache:       456M       535M
Swap:         8.0G         0B       8.0G

             total       used       free     shared    buffers     cached
Mem:          992M       810M       181M       3.3M        42M       296M
-/+ buffers/cache:       470M       521M
Swap:         8.0G         0B       8.0G

             total       used       free     shared    buffers     cached
Mem:          992M       826M       165M       3.3M        42M       296M
-/+ buffers/cache:       486M       505M
Swap:         8.0G         0B       8.0G

             total       used       free     shared    buffers     cached
Mem:          992M       840M       151M       3.3M        42M       297M
-/+ buffers/cache:       500M       491M
Swap:         8.0G         0B       8.0G

             total       used       free     shared    buffers     cached
Mem:          992M       855M       136M       3.3M        42M       297M
-/+ buffers/cache:       515M       476M
Swap:         8.0G         0B       8.0G

             total       used       free     shared    buffers     cached
Mem:          992M       870M       121M       3.3M        42M       297M
-/+ buffers/cache:       531M       461M
Swap:         8.0G         0B       8.0G

             total       used       free     shared    buffers     cached
Mem:          992M       885M       106M       3.3M        42M       297M
-/+ buffers/cache:       546M       446M
Swap:         8.0G         0B       8.0G

             total       used       free     shared    buffers     cached
Mem:          992M       902M        89M       3.3M        42M       297M
-/+ buffers/cache:       563M       429M
Swap:         8.0G         0B       8.0G

             total       used       free     shared    buffers     cached
Mem:          992M       916M        75M       3.3M        42M       297M
-/+ buffers/cache:       577M       415M
Swap:         8.0G         0B       8.0G

             total       used       free     shared    buffers     cached
Mem:          992M       931M        60M       3.3M        42M       297M
-/+ buffers/cache:       592M       400M
Swap:         8.0G         0B       8.0G

             total       used       free     shared    buffers     cached
Mem:          992M       932M        59M       3.3M        27M       295M
-/+ buffers/cache:       608M       383M
Swap:         8.0G         0B       8.0G

             total       used       free     shared    buffers     cached
Mem:          992M       931M        60M       3.3M        15M       295M
-/+ buffers/cache:       620M       371M
Swap:         8.0G         0B       8.0G

             total       used       free     shared    buffers     cached
Mem:          992M       933M        59M       3.3M        14M       283M
-/+ buffers/cache:       635M       357M
Swap:         8.0G         0B       8.0G

             total       used       free     shared    buffers     cached
Mem:          992M       930M        61M       3.2M        13M       266M
-/+ buffers/cache:       650M       342M
Swap:         8.0G       120K       8.0G

             total       used       free     shared    buffers     cached
Mem:          992M       926M        65M       3.1M        13M       248M
-/+ buffers/cache:       664M       328M
Swap:         8.0G       276K       8.0G

             total       used       free     shared    buffers     cached
Mem:          992M       926M        65M       3.1M        13M       235M
-/+ buffers/cache:       676M       315M
Swap:         8.0G       4.3M       8.0G

             total       used       free     shared    buffers     cached
Mem:          992M       920M        71M       3.0M        13M       221M
-/+ buffers/cache:       685M       307M
Swap:         8.0G       9.2M       8.0G

             total       used       free     shared    buffers     cached
Mem:          992M       925M        66M       3.0M        13M       213M
-/+ buffers/cache:       698M       294M
Swap:         8.0G       9.2M       8.0G

             total       used       free     shared    buffers     cached
Mem:          992M       926M        65M       3.0M       3.8M       210M
-/+ buffers/cache:       711M       280M
Swap:         8.0G       9.2M       8.0G

             total       used       free     shared    buffers     cached
Mem:          992M       927M        64M       3.0M       2.6M       199M
-/+ buffers/cache:       725M       266M
Swap:         8.0G       9.2M       8.0G

             total       used       free     shared    buffers     cached
Mem:          992M       926M        65M       3.0M       1.3M       186M
-/+ buffers/cache:       738M       253M
Swap:         8.0G       9.2M       8.0G

             total       used       free     shared    buffers     cached
Mem:          992M       918M        74M       2.8M       1.0M       165M
-/+ buffers/cache:       751M       240M
Swap:         8.0G        10M       8.0G

             total       used       free     shared    buffers     cached
Mem:          992M       913M        79M       2.8M       1.0M       146M
-/+ buffers/cache:       765M       226M
Swap:         8.0G        10M       8.0G

             total       used       free     shared    buffers     cached
Mem:          992M       925M        67M       2.8M       1.0M       146M
-/+ buffers/cache:       778M       214M
Swap:         8.0G        10M       8.0G

             total       used       free     shared    buffers     cached
Mem:          992M       920M        71M       2.8M       120K       129M
-/+ buffers/cache:       790M       201M
Swap:         8.0G        10M       8.0G

             total       used       free     shared    buffers     cached
Mem:          992M       918M        73M       2.8M       120K       115M
-/+ buffers/cache:       802M       189M
Swap:         8.0G        10M       8.0G

             total       used       free     shared    buffers     cached
Mem:          992M       917M        75M       2.8M       120K       102M
-/+ buffers/cache:       814M       177M
Swap:         8.0G        10M       8.0G

             total       used       free     shared    buffers     cached
Mem:          992M       923M        68M       2.8M       120K       102M
-/+ buffers/cache:       821M       170M
Swap:         8.0G        10M       8.0G

             total       used       free     shared    buffers     cached
Mem:          992M       915M        76M       2.8M       124K        80M
-/+ buffers/cache:       834M       157M
Swap:         8.0G        10M       8.0G

             total       used       free     shared    buffers     cached
Mem:          992M       929M        62M       2.8M       124K        80M
-/+ buffers/cache:       848M       143M
Swap:         8.0G        10M       8.0G

             total       used       free     shared    buffers     cached
Mem:          992M       925M        66M       2.8M       128K        62M
-/+ buffers/cache:       862M       129M
Swap:         8.0G        10M       8.0G

             total       used       free     shared    buffers     cached
Mem:          992M       924M        67M       2.8M       264K        48M
-/+ buffers/cache:       875M       116M
Swap:         8.0G        10M       8.0G

             total       used       free     shared    buffers     cached
Mem:          992M       919M        72M       2.8M       536K        29M
-/+ buffers/cache:       889M       102M
Swap:         8.0G        10M       8.0G

             total       used       free     shared    buffers     cached
Mem:          992M       920M        71M       2.8M       536K        15M
-/+ buffers/cache:       904M        87M
Swap:         8.0G        10M       8.0G

             total       used       free     shared    buffers     cached
Mem:          992M       930M        61M       2.8M       536K        10M
-/+ buffers/cache:       919M        72M
Swap:         8.0G        10M       8.0G

             total       used       free     shared    buffers     cached
Mem:          992M       927M        65M       2.5M       328K       4.1M
-/+ buffers/cache:       922M        69M
Swap:         8.0G        40M       8.0G

             total       used       free     shared    buffers     cached
Mem:          992M       928M        63M       2.5M       336K       4.1M
-/+ buffers/cache:       924M        67M
Swap:         8.0G        40M       8.0G

             total       used       free     shared    buffers     cached
Mem:          992M       925M        66M       2.5M       336K       4.0M
-/+ buffers/cache:       921M        70M
Swap:         8.0G        58M       7.9G

             total       used       free     shared    buffers     cached
Mem:          992M       926M        65M       2.5M       336K       4.0M
-/+ buffers/cache:       922M        69M
Swap:         8.0G        64M       7.9G

             total       used       free     shared    buffers     cached
Mem:          992M       925M        66M       2.5M       336K       3.9M
-/+ buffers/cache:       921M        70M
Swap:         8.0G        93M       7.9G

             total       used       free     shared    buffers     cached
Mem:          992M       927M        64M       2.5M       336K       4.0M
-/+ buffers/cache:       923M        68M
Swap:         8.0G        93M       7.9G

             total       used       free     shared    buffers     cached
Mem:          992M       928M        63M       2.5M       344K       3.9M
-/+ buffers/cache:       924M        67M
Swap:         8.0G       111M       7.9G

             total       used       free     shared    buffers     cached
Mem:          992M       927M        64M       2.5M       344K       3.9M
-/+ buffers/cache:       923M        68M
Swap:         8.0G       119M       7.9G

             total       used       free     shared    buffers     cached
Mem:          992M       923M        68M       2.4M       344K       3.8M
-/+ buffers/cache:       919M        72M
Swap:         8.0G       150M       7.8G

             total       used       free     shared    buffers     cached
Mem:          992M       924M        68M       2.4M       344K       3.8M
-/+ buffers/cache:       920M        72M
Swap:         8.0G       150M       7.8G

             total       used       free     shared    buffers     cached
Mem:          992M       924M        67M       2.4M       344K       3.8M
-/+ buffers/cache:       920M        71M
Swap:         8.0G       163M       7.8G

             total       used       free     shared    buffers     cached
Mem:          992M       924M        67M       2.4M       352K       3.7M
-/+ buffers/cache:       920M        71M
Swap:         8.0G       184M       7.8G

             total       used       free     shared    buffers     cached
Mem:          992M       924M        68M       2.4M       352K       3.7M
-/+ buffers/cache:       919M        72M
Swap:         8.0G       193M       7.8G

             total       used       free     shared    buffers     cached
Mem:          992M       923M        68M       2.4M       352K       3.7M
-/+ buffers/cache:       919M        72M
Swap:         8.0G       213M       7.8G

             total       used       free     shared    buffers     cached
Mem:          992M       923M        68M       2.4M       336K       3.7M
-/+ buffers/cache:       919M        72M
Swap:         8.0G       224M       7.8G

             total       used       free     shared    buffers     cached
Mem:          992M       922M        69M       2.4M       324K       3.7M
-/+ buffers/cache:       918M        73M
Swap:         8.0G       243M       7.8G

             total       used       free     shared    buffers     cached
Mem:          992M       918M        73M       2.4M       312K       3.7M
-/+ buffers/cache:       914M        78M
Swap:         8.0G       254M       7.7G

             total       used       free     shared    buffers     cached
Mem:          992M       931M        60M       2.4M       320K       3.7M
-/+ buffers/cache:       927M        64M
Swap:         8.0G       254M       7.7G

             total       used       free     shared    buffers     cached
Mem:          992M       928M        64M       2.4M       320K       3.7M
-/+ buffers/cache:       924M        68M
Swap:         8.0G       282M       7.7G

             total       used       free     shared    buffers     cached
Mem:          992M       927M        64M       2.4M       320K       3.7M
-/+ buffers/cache:       923M        68M
Swap:         8.0G       282M       7.7G

             total       used       free     shared    buffers     cached
Mem:          992M       915M        76M       2.4M       292K       3.7M
-/+ buffers/cache:       911M        80M
Swap:         8.0G       307M       7.7G

             total       used       free     shared    buffers     cached
Mem:          992M       924M        67M       2.4M       292K       3.7M
-/+ buffers/cache:       920M        71M
Swap:         8.0G       307M       7.7G

             total       used       free     shared    buffers     cached
Mem:          992M       930M        61M       2.4M       300K       3.7M
-/+ buffers/cache:       926M        65M
Swap:         8.0G       307M       7.7G

             total       used       free     shared    buffers     cached
Mem:          992M       920M        71M       2.4M       276K       3.7M
-/+ buffers/cache:       916M        75M
Swap:         8.0G       321M       7.7G

             total       used       free     shared    buffers     cached
Mem:          992M       926M        66M       2.4M       276K       3.7M
-/+ buffers/cache:       922M        69M
Swap:         8.0G       321M       7.7G

             total       used       free     shared    buffers     cached
Mem:          992M       924M        67M       2.4M       276K       3.7M
-/+ buffers/cache:       920M        71M
Swap:         8.0G       334M       7.7G

             total       used       free     shared    buffers     cached
Mem:          992M       922M        69M       2.2M       276K       3.5M
-/+ buffers/cache:       918M        73M
Swap:         8.0G       346M       7.7G

             total       used       free     shared    buffers     cached
Mem:          992M       927M        64M       2.2M       412K       4.4M
-/+ buffers/cache:       923M        69M
Swap:         8.0G       346M       7.7G

             total       used       free     shared    buffers     cached
Mem:          992M       920M        71M       2.2M       412K       4.4M
-/+ buffers/cache:       915M        76M
Swap:         8.0G       346M       7.7G

             total       used       free     shared    buffers     cached
Mem:          992M       924M        67M       2.2M       412K       4.4M
-/+ buffers/cache:       919M        72M
Swap:         8.0G       346M       7.7G

             total       used       free     shared    buffers     cached
Mem:          992M       929M        62M       2.2M       412K       4.5M
-/+ buffers/cache:       924M        67M
Swap:         8.0G       346M       7.7G

             total       used       free     shared    buffers     cached
Mem:          992M       913M        78M        40K       228K       2.3M
-/+ buffers/cache:       911M        80M
Swap:         8.0G       367M       7.6G

             total       used       free     shared    buffers     cached
Mem:          992M       918M        73M         8K       228K       2.3M
-/+ buffers/cache:       915M        76M
Swap:         8.0G       367M       7.6G

             total       used       free     shared    buffers     cached
Mem:          992M       922M        70M         8K       236K       2.3M
-/+ buffers/cache:       919M        72M
Swap:         8.0G       367M       7.6G

             total       used       free     shared    buffers     cached
Mem:          992M       925M        66M         8K       236K       2.3M
-/+ buffers/cache:       922M        69M
Swap:         8.0G       367M       7.6G

             total       used       free     shared    buffers     cached
Mem:          992M       930M        62M         8K       236K       2.4M
-/+ buffers/cache:       927M        64M
Swap:         8.0G       367M       7.6G

             total       used       free     shared    buffers     cached
Mem:          992M       920M        71M         8K       236K       2.3M
-/+ buffers/cache:       917M        74M
Swap:         8.0G       373M       7.6G

             total       used       free     shared    buffers     cached
Mem:          992M       922M        70M         8K       236K       2.2M
-/+ buffers/cache:       919M        72M
Swap:         8.0G       368M       7.6G

             total       used       free     shared    buffers     cached
Mem:          992M       919M        72M         8K       244K       2.2M
-/+ buffers/cache:       917M        74M
Swap:         8.0G       369M       7.6G

             total       used       free     shared    buffers     cached
Mem:          992M       919M        72M         8K       244K       2.3M
-/+ buffers/cache:       917M        74M
Swap:         8.0G       375M       7.6G

             total       used       free     shared    buffers     cached
Mem:          992M       921M        70M         8K       244K       2.2M
-/+ buffers/cache:       919M        72M
Swap:         8.0G       367M       7.6G

             total       used       free     shared    buffers     cached
Mem:          992M       927M        65M         0B        76K       1.8M
-/+ buffers/cache:       925M        66M
Swap:         8.0G       372M       7.6G

             total       used       free     shared    buffers     cached
Mem:          992M       919M        72M         0B        76K       1.5M
-/+ buffers/cache:       918M        73M
Swap:         8.0G       369M       7.6G

             total       used       free     shared    buffers     cached
Mem:          992M       927M        64M         0B        76K       1.3M
-/+ buffers/cache:       925M        66M
Swap:         8.0G       485M       7.5G

             total       used       free     shared    buffers     cached
Mem:          992M       895M        96M         0B        76K       1.4M
-/+ buffers/cache:       894M        98M
Swap:         8.0G       468M       7.5G

             total       used       free     shared    buffers     cached
Mem:          992M       912M        79M         0B        76K       1.4M
-/+ buffers/cache:       910M        81M
Swap:         8.0G       442M       7.6G

             total       used       free     shared    buffers     cached
Mem:          992M       929M        62M         0B        76K       1.4M
-/+ buffers/cache:       928M        64M
Swap:         8.0G       414M       7.6G

             total       used       free     shared    buffers     cached
Mem:          992M       921M        71M         0B        76K       1.4M
-/+ buffers/cache:       919M        72M
Swap:         8.0G       370M       7.6G

             total       used       free     shared    buffers     cached
Mem:          992M       926M        65M         0B        76K        10M
-/+ buffers/cache:       915M        76M
Swap:         8.0G       380M       7.6G

             total       used       free     shared    buffers     cached
Mem:          992M       917M        74M         0B       800K        17M
-/+ buffers/cache:       899M        92M
Swap:         8.0G       410M       7.6G

             total       used       free     shared    buffers     cached
Mem:          992M       916M        75M         0B       648K        15M
-/+ buffers/cache:       899M        92M
Swap:         8.0G       429M       7.6G

             total       used       free     shared    buffers     cached
Mem:          992M       916M        75M         0B       636K        14M
-/+ buffers/cache:       900M        91M
Swap:         8.0G       401M       7.6G

             total       used       free     shared    buffers     cached
Mem:          992M       919M        72M         0B       640K        15M
-/+ buffers/cache:       904M        88M
Swap:         8.0G       400M       7.6G

             total       used       free     shared    buffers     cached
Mem:          992M       923M        68M         0B       640K        15M
-/+ buffers/cache:       907M        84M
Swap:         8.0G       398M       7.6G

             total       used       free     shared    buffers     cached
Mem:          992M       927M        64M         0B       648K        15M
-/+ buffers/cache:       911M        80M
Swap:         8.0G       398M       7.6G

             total       used       free     shared    buffers     cached
Mem:          992M       912M        79M         0B       648K        13M
-/+ buffers/cache:       899M        93M
Swap:         8.0G       411M       7.6G

             total       used       free     shared    buffers     cached
Mem:          992M       916M        75M         0B       648K        13M
-/+ buffers/cache:       903M        89M
Swap:         8.0G       411M       7.6G

             total       used       free     shared    buffers     cached
Mem:          992M       922M        70M         0B       648K        13M
-/+ buffers/cache:       908M        83M
Swap:         8.0G       411M       7.6G

             total       used       free     shared    buffers     cached
Mem:          992M       927M        64M         0B       648K        12M
-/+ buffers/cache:       914M        78M
Swap:         8.0G       411M       7.6G

             total       used       free     shared    buffers     cached
Mem:          992M       919M        72M         0B        80K       3.6M
-/+ buffers/cache:       916M        76M
Swap:         8.0G       420M       7.6G

             total       used       free     shared    buffers     cached
Mem:          992M       924M        67M         0B       220K       3.8M
-/+ buffers/cache:       920M        71M
Swap:         8.0G       420M       7.6G

             total       used       free     shared    buffers     cached
Mem:          992M       929M        62M         0B       244K       3.7M
-/+ buffers/cache:       925M        66M
Swap:         8.0G       420M       7.6G

             total       used       free     shared    buffers     cached
Mem:          992M       920M        71M         0B       232K       2.3M
-/+ buffers/cache:       918M        73M
Swap:         8.0G       435M       7.6G

             total       used       free     shared    buffers     cached
Mem:          992M       922M        69M         0B       232K       2.3M
-/+ buffers/cache:       920M        72M
Swap:         8.0G       434M       7.6G

             total       used       free     shared    buffers     cached
Mem:          992M       924M        67M         0B       232K       2.3M
-/+ buffers/cache:       921M        70M
Swap:         8.0G       433M       7.6G

             total       used       free     shared    buffers     cached
Mem:          992M       925M        66M         0B       240K       2.3M
-/+ buffers/cache:       923M        68M
Swap:         8.0G       433M       7.6G

             total       used       free     shared    buffers     cached
Mem:          992M       927M        64M         0B       240K       2.3M
-/+ buffers/cache:       924M        67M
Swap:         8.0G       432M       7.6G

             total       used       free     shared    buffers     cached
Mem:          992M       929M        63M         0B       240K       2.3M
-/+ buffers/cache:       926M        65M
Swap:         8.0G       431M       7.6G

             total       used       free     shared    buffers     cached
Mem:          992M       930M        61M         0B       240K       2.3M
-/+ buffers/cache:       928M        63M
Swap:         8.0G       430M       7.6G

             total       used       free     shared    buffers     cached
Mem:          992M       920M        71M         0B       240K       2.3M
-/+ buffers/cache:       917M        74M
Swap:         8.0G       429M       7.6G

             total       used       free     shared    buffers     cached
Mem:          992M       921M        70M         0B       248K       2.3M
-/+ buffers/cache:       919M        72M
Swap:         8.0G       428M       7.6G

             total       used       free     shared    buffers     cached
Mem:          992M       923M        68M         0B       248K       2.3M
-/+ buffers/cache:       921M        70M
Swap:         8.0G       427M       7.6G

             total       used       free     shared    buffers     cached
Mem:          992M       925M        66M         0B       248K       2.3M
-/+ buffers/cache:       923M        69M
Swap:         8.0G       426M       7.6G

             total       used       free     shared    buffers     cached
Mem:          992M       927M        64M         0B       248K       2.3M
-/+ buffers/cache:       924M        67M
Swap:         8.0G       426M       7.6G

             total       used       free     shared    buffers     cached
Mem:          992M       931M        61M         0B       256K       4.2M
-/+ buffers/cache:       926M        65M
Swap:         8.0G       425M       7.6G

             total       used       free     shared    buffers     cached
Mem:          992M       910M        81M         0B       220K       3.3M
-/+ buffers/cache:       906M        85M
Swap:         8.0G       449M       7.6G

             total       used       free     shared    buffers     cached
Mem:          992M       913M        78M         0B       512K       4.3M
-/+ buffers/cache:       909M        83M
Swap:         8.0G       448M       7.6G

             total       used       free     shared    buffers     cached
Mem:          992M       928M        63M         0B       824K        15M
-/+ buffers/cache:       912M        79M
Swap:         8.0G       447M       7.6G

             total       used       free     shared    buffers     cached
Mem:          992M       917M        74M         0B       256K        22M
-/+ buffers/cache:       895M        97M
Swap:         8.0G       478M       7.5G

             total       used       free     shared    buffers     cached
Mem:          992M       919M        72M        20K       260K        22M
-/+ buffers/cache:       896M        95M
Swap:         8.0G       477M       7.5G

             total       used       free     shared    buffers     cached
Mem:          992M       920M        71M        20K       264K        22M
-/+ buffers/cache:       897M        94M
Swap:         8.0G       477M       7.5G

             total       used       free     shared    buffers     cached
Mem:          992M       922M        70M        20K       528K        23M
-/+ buffers/cache:       898M        93M
Swap:         8.0G       476M       7.5G

             total       used       free     shared    buffers     cached
Mem:          992M       922M        69M        20K       528K        23M
-/+ buffers/cache:       899M        92M
Swap:         8.0G       476M       7.5G

             total       used       free     shared    buffers     cached
Mem:          992M       923M        68M        20K       528K        23M
-/+ buffers/cache:       900M        91M
Swap:         8.0G       476M       7.5G

             total       used       free     shared    buffers     cached
Mem:          992M       924M        67M        20K       536K        23M
-/+ buffers/cache:       901M        90M
Swap:         8.0G       475M       7.5G

             total       used       free     shared    buffers     cached
Mem:          992M       926M        65M        20K       536K        23M
-/+ buffers/cache:       902M        89M
Swap:         8.0G       475M       7.5G

             total       used       free     shared    buffers     cached
Mem:          992M       927M        64M        20K       536K        23M
-/+ buffers/cache:       903M        88M
Swap:         8.0G       474M       7.5G

             total       used       free     shared    buffers     cached
Mem:          992M       929M        62M        20K       536K        23M
-/+ buffers/cache:       905M        86M
Swap:         8.0G       473M       7.5G

             total       used       free     shared    buffers     cached
Mem:          992M       918M        73M        20K       524K        23M
-/+ buffers/cache:       894M        97M
Swap:         8.0G       475M       7.5G

             total       used       free     shared    buffers     cached
Mem:          992M       919M        72M        20K       532K        23M
-/+ buffers/cache:       895M        96M
Swap:         8.0G       475M       7.5G

             total       used       free     shared    buffers     cached
Mem:          992M       920M        71M        20K       532K        23M
-/+ buffers/cache:       896M        95M
Swap:         8.0G       474M       7.5G

             total       used       free     shared    buffers     cached
Mem:          992M       922M        70M        20K       532K        23M
-/+ buffers/cache:       898M        94M
Swap:         8.0G       474M       7.5G

             total       used       free     shared    buffers     cached
Mem:          992M       923M        69M        20K       532K        23M
-/+ buffers/cache:       899M        92M
Swap:         8.0G       473M       7.5G

             total       used       free     shared    buffers     cached
Mem:          992M       924M        67M        20K       532K        23M
-/+ buffers/cache:       900M        91M
Swap:         8.0G       472M       7.5G

             total       used       free     shared    buffers     cached
Mem:          992M       925M        66M        20K       532K        23M
-/+ buffers/cache:       901M        90M
Swap:         8.0G       472M       7.5G

             total       used       free     shared    buffers     cached
Mem:          992M       926M        65M        20K       540K        23M
-/+ buffers/cache:       902M        89M
Swap:         8.0G       471M       7.5G

             total       used       free     shared    buffers     cached
Mem:          992M       928M        64M        20K       540K        23M
-/+ buffers/cache:       904M        88M
Swap:         8.0G       471M       7.5G

             total       used       free     shared    buffers     cached
Mem:          992M       929M        62M        20K       540K        23M
-/+ buffers/cache:       905M        86M
Swap:         8.0G       470M       7.5G

             total       used       free     shared    buffers     cached
Mem:          992M       930M        61M        20K       540K        23M
-/+ buffers/cache:       906M        85M
Swap:         8.0G       470M       7.5G

             total       used       free     shared    buffers     cached
Mem:          992M       911M        80M        20K       492K        18M
-/+ buffers/cache:       892M        99M
Swap:         8.0G       489M       7.5G

             total       used       free     shared    buffers     cached
Mem:          992M       912M        79M        20K       500K        18M
-/+ buffers/cache:       894M        98M
Swap:         8.0G       488M       7.5G

             total       used       free     shared    buffers     cached
Mem:          992M       914M        78M        20K       500K        18M
-/+ buffers/cache:       895M        96M
Swap:         8.0G       487M       7.5G

             total       used       free     shared    buffers     cached
Mem:          992M       915M        76M        20K       500K        18M
-/+ buffers/cache:       896M        95M
Swap:         8.0G       487M       7.5G

             total       used       free     shared    buffers     cached
Mem:          992M       917M        75M        20K       500K        18M
-/+ buffers/cache:       898M        93M
Swap:         8.0G       486M       7.5G

             total       used       free     shared    buffers     cached
Mem:          992M       918M        73M        20K       500K        18M
-/+ buffers/cache:       899M        92M
Swap:         8.0G       486M       7.5G

             total       used       free     shared    buffers     cached
Mem:          992M       919M        72M        20K       500K        18M
-/+ buffers/cache:       900M        91M
Swap:         8.0G       485M       7.5G

             total       used       free     shared    buffers     cached
Mem:          992M       921M        71M        20K       508K        18M
-/+ buffers/cache:       902M        89M
Swap:         8.0G       484M       7.5G

             total       used       free     shared    buffers     cached
Mem:          992M       922M        69M        20K       508K        18M
-/+ buffers/cache:       903M        88M
Swap:         8.0G       484M       7.5G

             total       used       free     shared    buffers     cached
Mem:          992M       909M        82M        20K       364K        21M
-/+ buffers/cache:       887M       104M
Swap:         8.0G       496M       7.5G

             total       used       free     shared    buffers     cached
Mem:          992M       913M        78M        20K       2.1M        25M
-/+ buffers/cache:       886M       106M
Swap:         8.0G       509M       7.5G

             total       used       free     shared    buffers     cached
Mem:          992M       916M        75M        24K       2.3M        26M
-/+ buffers/cache:       888M       104M
Swap:         8.0G       508M       7.5G

             total       used       free     shared    buffers     cached
Mem:          992M       917M        74M        24K       2.4M        26M
-/+ buffers/cache:       889M       103M
Swap:         8.0G       508M       7.5G

             total       used       free     shared    buffers     cached
Mem:          992M       919M        72M        24K       2.4M        26M
-/+ buffers/cache:       890M       101M
Swap:         8.0G       507M       7.5G

             total       used       free     shared    buffers     cached
Mem:          992M       920M        71M        24K       2.4M        26M
-/+ buffers/cache:       892M       100M
Swap:         8.0G       507M       7.5G

             total       used       free     shared    buffers     cached
Mem:          992M       922M        69M        24K       2.4M        26M
-/+ buffers/cache:       893M        98M
Swap:         8.0G       506M       7.5G

             total       used       free     shared    buffers     cached
Mem:          992M       923M        68M        24K       2.4M        26M
-/+ buffers/cache:       895M        97M
Swap:         8.0G       505M       7.5G

             total       used       free     shared    buffers     cached
Mem:          992M       925M        67M        24K       2.4M        26M
-/+ buffers/cache:       896M        95M
Swap:         8.0G       505M       7.5G

             total       used       free     shared    buffers     cached
Mem:          992M       926M        65M        24K       2.4M        26M
-/+ buffers/cache:       897M        94M
Swap:         8.0G       504M       7.5G

             total       used       free     shared    buffers     cached
Mem:          992M       928M        64M        24K       2.4M        26M
-/+ buffers/cache:       899M        92M
Swap:         8.0G       503M       7.5G

             total       used       free     shared    buffers     cached
Mem:          992M       929M        62M        24K       2.4M        26M
-/+ buffers/cache:       900M        91M
Swap:         8.0G       503M       7.5G

             total       used       free     shared    buffers     cached
Mem:          992M       930M        61M        24K       2.4M        26M
-/+ buffers/cache:       902M        90M
Swap:         8.0G       502M       7.5G

             total       used       free     shared    buffers     cached
Mem:          992M       918M        73M        24K       2.4M        26M
-/+ buffers/cache:       889M       102M
Swap:         8.0G       502M       7.5G

             total       used       free     shared    buffers     cached
Mem:          992M       919M        72M        24K       2.4M        26M
-/+ buffers/cache:       891M       101M
Swap:         8.0G       502M       7.5G

             total       used       free     shared    buffers     cached
Mem:          992M       921M        71M        24K       2.4M        26M
-/+ buffers/cache:       892M        99M
Swap:         8.0G       501M       7.5G

             total       used       free     shared    buffers     cached
Mem:          992M       922M        69M        24K       2.4M        26M
-/+ buffers/cache:       894M        98M
Swap:         8.0G       501M       7.5G

             total       used       free     shared    buffers     cached
Mem:          992M       923M        68M        24K       2.4M        26M
-/+ buffers/cache:       895M        96M
Swap:         8.0G       500M       7.5G

             total       used       free     shared    buffers     cached
Mem:          992M       925M        66M        24K       2.4M        26M
-/+ buffers/cache:       896M        95M
Swap:         8.0G       499M       7.5G

             total       used       free     shared    buffers     cached
Mem:          992M       927M        65M        24K       2.4M        26M
-/+ buffers/cache:       898M        93M
Swap:         8.0G       498M       7.5G

             total       used       free     shared    buffers     cached
Mem:          992M       928M        63M        24K       2.4M        26M
-/+ buffers/cache:       900M        92M
Swap:         8.0G       498M       7.5G

             total       used       free     shared    buffers     cached
Mem:          992M       930M        61M        24K       2.4M        26M
-/+ buffers/cache:       901M        90M
Swap:         8.0G       497M       7.5G

             total       used       free     shared    buffers     cached
Mem:          992M       918M        74M        24K       2.4M        25M
-/+ buffers/cache:       890M       101M
Swap:         8.0G       515M       7.5G

             total       used       free     shared    buffers     cached
Mem:          992M       918M        73M        24K       2.4M        25M
-/+ buffers/cache:       891M       101M
Swap:         8.0G       514M       7.5G

             total       used       free     shared    buffers     cached
Mem:          992M       920M        71M        24K       2.4M        25M
-/+ buffers/cache:       892M        99M
Swap:         8.0G       513M       7.5G

             total       used       free     shared    buffers     cached
Mem:          992M       921M        70M        24K       2.4M        25M
-/+ buffers/cache:       894M        98M
Swap:         8.0G       513M       7.5G

             total       used       free     shared    buffers     cached
Mem:          992M       923M        68M        24K       2.4M        25M
-/+ buffers/cache:       895M        96M
Swap:         8.0G       512M       7.5G

             total       used       free     shared    buffers     cached
Mem:          992M       924M        67M        24K       2.4M        25M
-/+ buffers/cache:       897M        95M
Swap:         8.0G       511M       7.5G

             total       used       free     shared    buffers     cached
Mem:          992M       926M        65M        24K       2.4M        25M
-/+ buffers/cache:       898M        93M
Swap:         8.0G       511M       7.5G

             total       used       free     shared    buffers     cached
Mem:          992M       928M        64M        24K       2.4M        25M
-/+ buffers/cache:       900M        91M
Swap:         8.0G       510M       7.5G

             total       used       free     shared    buffers     cached
Mem:          992M       929M        62M        24K       2.4M        25M
-/+ buffers/cache:       901M        90M
Swap:         8.0G       509M       7.5G

             total       used       free     shared    buffers     cached
Mem:          992M       930M        61M        24K       2.4M        25M
-/+ buffers/cache:       903M        89M
Swap:         8.0G       509M       7.5G

             total       used       free     shared    buffers     cached
Mem:          992M       916M        75M        24K       2.2M        24M
-/+ buffers/cache:       889M       102M
Swap:         8.0G       520M       7.5G

             total       used       free     shared    buffers     cached
Mem:          992M       917M        74M        24K       2.2M        24M
-/+ buffers/cache:       891M       100M
Swap:         8.0G       519M       7.5G

             total       used       free     shared    buffers     cached
Mem:          992M       919M        72M        24K       2.2M        24M
-/+ buffers/cache:       892M        99M
Swap:         8.0G       519M       7.5G

             total       used       free     shared    buffers     cached
Mem:          992M       921M        71M        24K       2.2M        24M
-/+ buffers/cache:       894M        97M
Swap:         8.0G       518M       7.5G

             total       used       free     shared    buffers     cached
Mem:          992M       922M        70M        24K       4.2M        28M
-/+ buffers/cache:       888M       103M
Swap:         8.0G       539M       7.5G

             total       used       free     shared    buffers     cached
Mem:          992M       933M        58M        28K       2.3M        54M
-/+ buffers/cache:       876M       115M
Swap:         8.0G       539M       7.5G

             total       used       free     shared    buffers     cached
Mem:          992M       894M        97M        28K       1.7M        52M
-/+ buffers/cache:       840M       151M
Swap:         8.0G       578M       7.4G

             total       used       free     shared    buffers     cached
Mem:          992M       896M        95M        24K       1.7M        53M
-/+ buffers/cache:       841M       150M
Swap:         8.0G       577M       7.4G

             total       used       free     shared    buffers     cached
Mem:          992M       906M        85M        24K       1.7M        57M
-/+ buffers/cache:       847M       144M
Swap:         8.0G       575M       7.4G

             total       used       free     shared    buffers     cached
Mem:          992M       908M        83M        24K       1.7M        57M
-/+ buffers/cache:       849M       142M
Swap:         8.0G       574M       7.4G

             total       used       free     shared    buffers     cached
Mem:          992M       912M        79M        24K       1.7M        59M
-/+ buffers/cache:       851M       140M
Swap:         8.0G       573M       7.4G

             total       used       free     shared    buffers     cached
Mem:          992M       926M        66M        24K       1.7M        68M
-/+ buffers/cache:       855M       136M
Swap:         8.0G       571M       7.4G

             total       used       free     shared    buffers     cached
Mem:          992M       926M        65M        24K       1.7M        68M
-/+ buffers/cache:       856M       135M
Swap:         8.0G       571M       7.4G

             total       used       free     shared    buffers     cached
Mem:          992M       927M        64M        24K       1.7M        68M
-/+ buffers/cache:       857M       135M
Swap:         8.0G       570M       7.4G

             total       used       free     shared    buffers     cached
Mem:          992M       928M        63M        24K       1.7M        68M
-/+ buffers/cache:       858M       134M
Swap:         8.0G       570M       7.4G

             total       used       free     shared    buffers     cached
Mem:          992M       929M        62M        24K       1.7M        68M
-/+ buffers/cache:       859M       132M
Swap:         8.0G       569M       7.4G

             total       used       free     shared    buffers     cached
Mem:          992M       930M        61M        24K       1.7M        68M
-/+ buffers/cache:       859M       132M
Swap:         8.0G       569M       7.4G

             total       used       free     shared    buffers     cached
Mem:          992M       915M        77M        24K       1.8M        61M
-/+ buffers/cache:       852M       140M
Swap:         8.0G       567M       7.4G

             total       used       free     shared    buffers     cached
Mem:          992M       916M        75M        48K       1.8M        61M
-/+ buffers/cache:       853M       138M
Swap:         8.0G       567M       7.4G

             total       used       free     shared    buffers     cached
Mem:          992M       916M        75M        48K       1.8M        61M
-/+ buffers/cache:       853M       138M
Swap:         8.0G       566M       7.4G

             total       used       free     shared    buffers     cached
Mem:          992M       917M        74M        48K       1.8M        61M
-/+ buffers/cache:       854M       137M
Swap:         8.0G       566M       7.4G

             total       used       free     shared    buffers     cached
Mem:          992M       920M        71M       204K       1.9M        55M
-/+ buffers/cache:       863M       129M
Swap:         8.0G       562M       7.4G

             total       used       free     shared    buffers     cached
Mem:          992M       926M        66M       3.9M       5.1M        58M
-/+ buffers/cache:       862M       129M
Swap:         8.0G       585M       7.4G

             total       used       free     shared    buffers     cached
Mem:          992M       920M        71M       260K       5.0M        66M
-/+ buffers/cache:       848M       143M
Swap:         8.0G       596M       7.4G

             total       used       free     shared    buffers     cached
Mem:          992M       910M        81M       252K       5.2M        60M
-/+ buffers/cache:       845M       146M
Swap:         8.0G       603M       7.4G

             total       used       free     shared    buffers     cached
Mem:          992M       912M        79M       268K       5.2M        60M
-/+ buffers/cache:       847M       145M
Swap:         8.0G       602M       7.4G

             total       used       free     shared    buffers     cached
Mem:          992M       913M        78M       268K       5.2M        60M
-/+ buffers/cache:       848M       143M
Swap:         8.0G       602M       7.4G

             total       used       free     shared    buffers     cached
Mem:          992M       914M        77M       268K       5.2M        60M
-/+ buffers/cache:       849M       143M
Swap:         8.0G       601M       7.4G

             total       used       free     shared    buffers     cached
Mem:          992M       917M        74M       268K       5.3M        61M
-/+ buffers/cache:       850M       141M
Swap:         8.0G       601M       7.4G

             total       used       free     shared    buffers     cached
Mem:          992M       919M        73M       268K       5.4M        61M
-/+ buffers/cache:       852M       139M
Swap:         8.0G       600M       7.4G

             total       used       free     shared    buffers     cached
Mem:          992M       920M        71M       268K       5.4M        61M
-/+ buffers/cache:       853M       138M
Swap:         8.0G       599M       7.4G

             total       used       free     shared    buffers     cached
Mem:          992M       922M        70M       268K       5.4M        61M
-/+ buffers/cache:       855M       136M
Swap:         8.0G       599M       7.4G

             total       used       free     shared    buffers     cached
Mem:          992M       924M        67M       268K       5.4M        61M
-/+ buffers/cache:       857M       135M
Swap:         8.0G       598M       7.4G

             total       used       free     shared    buffers     cached
Mem:          992M       925M        66M       268K       5.4M        61M
-/+ buffers/cache:       858M       133M
Swap:         8.0G       597M       7.4G

             total       used       free     shared    buffers     cached
Mem:          992M       927M        64M       268K       5.4M        61M
-/+ buffers/cache:       860M       132M
Swap:         8.0G       597M       7.4G

             total       used       free     shared    buffers     cached
Mem:          992M       928M        63M       268K       5.4M        61M
-/+ buffers/cache:       861M       130M
Swap:         8.0G       596M       7.4G

             total       used       free     shared    buffers     cached
Mem:          992M       930M        61M       268K       5.4M        61M
-/+ buffers/cache:       863M       129M
Swap:         8.0G       595M       7.4G

             total       used       free     shared    buffers     cached
Mem:          992M       919M        72M       268K       5.3M        60M
-/+ buffers/cache:       853M       138M
Swap:         8.0G       610M       7.4G

             total       used       free     shared    buffers     cached
Mem:          992M       921M        70M       268K       5.3M        60M
-/+ buffers/cache:       855M       136M
Swap:         8.0G       610M       7.4G

             total       used       free     shared    buffers     cached
Mem:          992M       922M        69M       268K       5.3M        60M
-/+ buffers/cache:       856M       135M
Swap:         8.0G       609M       7.4G

             total       used       free     shared    buffers     cached
Mem:          992M       924M        67M       268K       5.3M        60M
-/+ buffers/cache:       858M       134M
Swap:         8.0G       608M       7.4G

             total       used       free     shared    buffers     cached
Mem:          992M       925M        66M       268K       5.3M        60M
-/+ buffers/cache:       859M       132M
Swap:         8.0G       608M       7.4G

             total       used       free     shared    buffers     cached
Mem:          992M       927M        64M       268K       5.3M        60M
-/+ buffers/cache:       861M       131M
Swap:         8.0G       607M       7.4G

             total       used       free     shared    buffers     cached
Mem:          992M       928M        63M       268K       5.3M        60M
-/+ buffers/cache:       862M       129M
Swap:         8.0G       606M       7.4G

             total       used       free     shared    buffers     cached
Mem:          992M       930M        61M       268K       5.3M        60M
-/+ buffers/cache:       864M       128M
Swap:         8.0G       605M       7.4G

             total       used       free     shared    buffers     cached
Mem:          992M       920M        72M       268K       5.3M        60M
-/+ buffers/cache:       854M       137M
Swap:         8.0G       608M       7.4G

             total       used       free     shared    buffers     cached
Mem:          992M       921M        70M       264K       5.3M        60M
-/+ buffers/cache:       856M       136M
Swap:         8.0G       607M       7.4G

             total       used       free     shared    buffers     cached
Mem:          992M       923M        69M       264K       5.3M        60M
-/+ buffers/cache:       857M       134M
Swap:         8.0G       606M       7.4G

             total       used       free     shared    buffers     cached
Mem:          992M       924M        67M       264K       5.3M        60M
-/+ buffers/cache:       859M       133M
Swap:         8.0G       605M       7.4G

             total       used       free     shared    buffers     cached
Mem:          992M       921M        70M       316K       9.1M        74M
-/+ buffers/cache:       838M       154M
Swap:         8.0G       640M       7.4G
