             total       used       free     shared    buffers     cached
Mem:          992M       671M       320M       3.3M        39M       291M
-/+ buffers/cache:       341M       650M
Swap:         8.0G         0B       8.0G

             total       used       free     shared    buffers     cached
Mem:          992M       672M       319M       3.4M        39M       291M
-/+ buffers/cache:       341M       650M
Swap:         8.0G         0B       8.0G

             total       used       free     shared    buffers     cached
Mem:          992M       672M       319M       3.3M        39M       292M
-/+ buffers/cache:       341M       650M
Swap:         8.0G         0B       8.0G

             total       used       free     shared    buffers     cached
Mem:          992M       672M       319M       3.3M        39M       292M
-/+ buffers/cache:       341M       650M
Swap:         8.0G         0B       8.0G

             total       used       free     shared    buffers     cached
Mem:          992M       668M       323M       3.3M        39M       294M
-/+ buffers/cache:       334M       657M
Swap:         8.0G         0B       8.0G

             total       used       free     shared    buffers     cached
Mem:          992M       668M       323M       3.3M        39M       294M
-/+ buffers/cache:       334M       657M
Swap:         8.0G         0B       8.0G

             total       used       free     shared    buffers     cached
Mem:          992M       668M       323M       3.3M        39M       294M
-/+ buffers/cache:       334M       657M
Swap:         8.0G         0B       8.0G

             total       used       free     shared    buffers     cached
Mem:          992M       668M       323M       3.3M        39M       294M
-/+ buffers/cache:       334M       657M
Swap:         8.0G         0B       8.0G

             total       used       free     shared    buffers     cached
Mem:          992M       668M       323M       3.3M        39M       294M
-/+ buffers/cache:       334M       657M
Swap:         8.0G         0B       8.0G

             total       used       free     shared    buffers     cached
Mem:          992M       668M       323M       3.3M        39M       294M
-/+ buffers/cache:       334M       657M
Swap:         8.0G         0B       8.0G

             total       used       free     shared    buffers     cached
Mem:          992M       668M       323M       3.3M        39M       294M
-/+ buffers/cache:       334M       657M
Swap:         8.0G         0B       8.0G

             total       used       free     shared    buffers     cached
Mem:          992M       672M       319M       3.3M        39M       294M
-/+ buffers/cache:       338M       653M
Swap:         8.0G         0B       8.0G

             total       used       free     shared    buffers     cached
Mem:          992M       670M       321M       3.4M        39M       295M
-/+ buffers/cache:       336M       655M
Swap:         8.0G         0B       8.0G

             total       used       free     shared    buffers     cached
Mem:          992M       670M       321M       3.4M        39M       295M
-/+ buffers/cache:       336M       655M
Swap:         8.0G         0B       8.0G

             total       used       free     shared    buffers     cached
Mem:          992M       670M       321M       3.4M        39M       295M
-/+ buffers/cache:       336M       656M
Swap:         8.0G         0B       8.0G

             total       used       free     shared    buffers     cached
Mem:          992M       670M       321M       3.4M        39M       295M
-/+ buffers/cache:       335M       656M
Swap:         8.0G         0B       8.0G

             total       used       free     shared    buffers     cached
Mem:          992M       670M       321M       3.4M        39M       295M
-/+ buffers/cache:       335M       656M
Swap:         8.0G         0B       8.0G

             total       used       free     shared    buffers     cached
Mem:          992M       673M       318M       3.4M        39M       295M
-/+ buffers/cache:       339M       652M
Swap:         8.0G         0B       8.0G

             total       used       free     shared    buffers     cached
Mem:          992M       688M       303M       3.4M        39M       295M
-/+ buffers/cache:       354M       638M
Swap:         8.0G         0B       8.0G

             total       used       free     shared    buffers     cached
Mem:          992M       692M       299M       3.4M        39M       295M
-/+ buffers/cache:       358M       633M
Swap:         8.0G         0B       8.0G

             total       used       free     shared    buffers     cached
Mem:          992M       711M       281M       3.4M        39M       295M
-/+ buffers/cache:       376M       615M
Swap:         8.0G         0B       8.0G

             total       used       free     shared    buffers     cached
Mem:          992M       682M       309M       3.4M        39M       295M
-/+ buffers/cache:       347M       644M
Swap:         8.0G         0B       8.0G

             total       used       free     shared    buffers     cached
Mem:          992M       681M       310M       3.4M        39M       296M
-/+ buffers/cache:       346M       645M
Swap:         8.0G         0B       8.0G

             total       used       free     shared    buffers     cached
Mem:          992M       678M       313M       3.4M        39M       296M
-/+ buffers/cache:       343M       649M
Swap:         8.0G         0B       8.0G

             total       used       free     shared    buffers     cached
Mem:          992M       678M       313M       3.4M        39M       296M
-/+ buffers/cache:       343M       649M
Swap:         8.0G         0B       8.0G

             total       used       free     shared    buffers     cached
Mem:          992M       678M       313M       3.4M        39M       296M
-/+ buffers/cache:       343M       649M
Swap:         8.0G         0B       8.0G

             total       used       free     shared    buffers     cached
Mem:          992M       678M       313M       3.4M        39M       296M
-/+ buffers/cache:       343M       649M
Swap:         8.0G         0B       8.0G

             total       used       free     shared    buffers     cached
Mem:          992M       678M       313M       3.4M        39M       296M
-/+ buffers/cache:       343M       649M
Swap:         8.0G         0B       8.0G

             total       used       free     shared    buffers     cached
Mem:          992M       678M       313M       3.4M        39M       296M
-/+ buffers/cache:       343M       649M
Swap:         8.0G         0B       8.0G

             total       used       free     shared    buffers     cached
Mem:          992M       678M       313M       3.4M        39M       296M
-/+ buffers/cache:       343M       649M
Swap:         8.0G         0B       8.0G

             total       used       free     shared    buffers     cached
Mem:          992M       678M       313M       3.4M        39M       296M
-/+ buffers/cache:       342M       649M
Swap:         8.0G         0B       8.0G

             total       used       free     shared    buffers     cached
Mem:          992M       678M       313M       3.4M        39M       296M
-/+ buffers/cache:       342M       649M
Swap:         8.0G         0B       8.0G

             total       used       free     shared    buffers     cached
Mem:          992M       678M       313M       3.4M        39M       296M
-/+ buffers/cache:       342M       649M
Swap:         8.0G         0B       8.0G

             total       used       free     shared    buffers     cached
Mem:          992M       681M       310M       3.4M        39M       296M
-/+ buffers/cache:       345M       646M
Swap:         8.0G         0B       8.0G

             total       used       free     shared    buffers     cached
Mem:          992M       693M       298M       3.4M        39M       296M
-/+ buffers/cache:       357M       634M
Swap:         8.0G         0B       8.0G

             total       used       free     shared    buffers     cached
Mem:          992M       705M       287M       3.4M        39M       296M
-/+ buffers/cache:       369M       622M
Swap:         8.0G         0B       8.0G

             total       used       free     shared    buffers     cached
Mem:          992M       717M       274M       3.4M        39M       296M
-/+ buffers/cache:       381M       610M
Swap:         8.0G         0B       8.0G

             total       used       free     shared    buffers     cached
Mem:          992M       730M       261M       3.4M        39M       296M
-/+ buffers/cache:       394M       597M
Swap:         8.0G         0B       8.0G

             total       used       free     shared    buffers     cached
Mem:          992M       742M       249M       3.4M        39M       296M
-/+ buffers/cache:       406M       585M
Swap:         8.0G         0B       8.0G

             total       used       free     shared    buffers     cached
Mem:          992M       754M       237M       3.4M        39M       296M
-/+ buffers/cache:       418M       573M
Swap:         8.0G         0B       8.0G

             total       used       free     shared    buffers     cached
Mem:          992M       767M       224M       3.4M        39M       296M
-/+ buffers/cache:       431M       560M
Swap:         8.0G         0B       8.0G

             total       used       free     shared    buffers     cached
Mem:          992M       778M       213M       3.4M        39M       296M
-/+ buffers/cache:       442M       549M
Swap:         8.0G         0B       8.0G

             total       used       free     shared    buffers     cached
Mem:          992M       791M       200M       3.4M        39M       296M
-/+ buffers/cache:       456M       536M
Swap:         8.0G         0B       8.0G

             total       used       free     shared    buffers     cached
Mem:          992M       802M       189M       3.4M        39M       296M
-/+ buffers/cache:       467M       524M
Swap:         8.0G         0B       8.0G

             total       used       free     shared    buffers     cached
Mem:          992M       815M       176M       3.4M        39M       296M
-/+ buffers/cache:       480M       511M
Swap:         8.0G         0B       8.0G

             total       used       free     shared    buffers     cached
Mem:          992M       827M       164M       3.4M        39M       296M
-/+ buffers/cache:       492M       499M
Swap:         8.0G         0B       8.0G

             total       used       free     shared    buffers     cached
Mem:          992M       839M       152M       3.4M        39M       296M
-/+ buffers/cache:       504M       487M
Swap:         8.0G         0B       8.0G

             total       used       free     shared    buffers     cached
Mem:          992M       851M       140M       3.4M        39M       296M
-/+ buffers/cache:       516M       475M
Swap:         8.0G         0B       8.0G

             total       used       free     shared    buffers     cached
Mem:          992M       863M       128M       3.4M        39M       296M
-/+ buffers/cache:       528M       463M
Swap:         8.0G         0B       8.0G

             total       used       free     shared    buffers     cached
Mem:          992M       877M       115M       3.4M        39M       296M
-/+ buffers/cache:       541M       450M
Swap:         8.0G         0B       8.0G

             total       used       free     shared    buffers     cached
Mem:          992M       888M       103M       3.4M        39M       296M
-/+ buffers/cache:       552M       439M
Swap:         8.0G         0B       8.0G

             total       used       free     shared    buffers     cached
Mem:          992M       901M        91M       3.4M        39M       296M
-/+ buffers/cache:       565M       426M
Swap:         8.0G         0B       8.0G

             total       used       free     shared    buffers     cached
Mem:          992M       910M        82M       3.4M        39M       296M
-/+ buffers/cache:       574M       417M
Swap:         8.0G         0B       8.0G

             total       used       free     shared    buffers     cached
Mem:          992M       922M        70M       3.4M        39M       296M
-/+ buffers/cache:       586M       405M
Swap:         8.0G         0B       8.0G

             total       used       free     shared    buffers     cached
Mem:          992M       923M        68M       3.4M        28M       294M
-/+ buffers/cache:       600M       391M
Swap:         8.0G         0B       8.0G

             total       used       free     shared    buffers     cached
Mem:          992M       928M        63M       3.4M        21M       294M
-/+ buffers/cache:       612M       380M
Swap:         8.0G         0B       8.0G

             total       used       free     shared    buffers     cached
Mem:          992M       922M        69M       3.4M        10M       287M
-/+ buffers/cache:       624M       367M
Swap:         8.0G         0B       8.0G

             total       used       free     shared    buffers     cached
Mem:          992M       924M        67M       3.4M        10M       277M
-/+ buffers/cache:       636M       356M
Swap:         8.0G       128K       8.0G

             total       used       free     shared    buffers     cached
Mem:          992M       927M        64M       3.3M        10M       269M
-/+ buffers/cache:       647M       344M
Swap:         8.0G       128K       8.0G

             total       used       free     shared    buffers     cached
Mem:          992M       920M        71M       3.2M        10M       250M
-/+ buffers/cache:       659M       332M
Swap:         8.0G       224K       8.0G

             total       used       free     shared    buffers     cached
Mem:          992M       931M        60M       3.2M        10M       250M
-/+ buffers/cache:       670M       321M
Swap:         8.0G       224K       8.0G

             total       used       free     shared    buffers     cached
Mem:          992M       925M        66M       3.2M        10M       234M
-/+ buffers/cache:       680M       311M
Swap:         8.0G       4.2M       8.0G

             total       used       free     shared    buffers     cached
Mem:          992M       902M        89M       3.1M       4.6M       209M
-/+ buffers/cache:       688M       303M
Swap:         8.0G       8.2M       8.0G

             total       used       free     shared    buffers     cached
Mem:          992M       914M        77M       3.1M       4.6M       209M
-/+ buffers/cache:       700M       291M
Swap:         8.0G       8.2M       8.0G

             total       used       free     shared    buffers     cached
Mem:          992M       926M        65M       3.1M       4.6M       209M
-/+ buffers/cache:       712M       279M
Swap:         8.0G       8.2M       8.0G

             total       used       free     shared    buffers     cached
Mem:          992M       926M        65M       3.1M       2.5M       198M
-/+ buffers/cache:       725M       266M
Swap:         8.0G       8.2M       8.0G

             total       used       free     shared    buffers     cached
Mem:          992M       926M        65M       3.1M       1.4M       187M
-/+ buffers/cache:       737M       254M
Swap:         8.0G       8.2M       8.0G

             total       used       free     shared    buffers     cached
Mem:          992M       915M        76M       3.1M       148K       166M
-/+ buffers/cache:       748M       243M
Swap:         8.0G       8.2M       8.0G

             total       used       free     shared    buffers     cached
Mem:          992M       927M        64M       3.1M       148K       166M
-/+ buffers/cache:       760M       231M
Swap:         8.0G       8.2M       8.0G

             total       used       free     shared    buffers     cached
Mem:          992M       920M        72M       3.1M       152K       147M
-/+ buffers/cache:       772M       219M
Swap:         8.0G       8.2M       8.0G

             total       used       free     shared    buffers     cached
Mem:          992M       930M        61M       3.1M       160K       147M
-/+ buffers/cache:       783M       208M
Swap:         8.0G       8.2M       8.0G

             total       used       free     shared    buffers     cached
Mem:          992M       917M        74M       3.1M        76K       129M
-/+ buffers/cache:       787M       204M
Swap:         8.0G       8.2M       8.0G

             total       used       free     shared    buffers     cached
Mem:          992M       925M        66M       3.1M        88K       129M
-/+ buffers/cache:       795M       196M
Swap:         8.0G       8.2M       8.0G

             total       used       free     shared    buffers     cached
Mem:          992M       921M        70M       3.1M        88K       114M
-/+ buffers/cache:       806M       185M
Swap:         8.0G       8.2M       8.0G

             total       used       free     shared    buffers     cached
Mem:          992M       919M        73M       3.1M        88K       101M
-/+ buffers/cache:       817M       174M
Swap:         8.0G       8.2M       8.0G

             total       used       free     shared    buffers     cached
Mem:          992M       921M        70M       3.1M        88K        93M
-/+ buffers/cache:       828M       163M
Swap:         8.0G       8.2M       8.0G

             total       used       free     shared    buffers     cached
Mem:          992M       913M        78M       3.1M       1.6M        76M
-/+ buffers/cache:       835M       156M
Swap:         8.0G       8.1M       8.0G

             total       used       free     shared    buffers     cached
Mem:          992M       925M        66M       3.1M       1.7M        76M
-/+ buffers/cache:       847M       144M
Swap:         8.0G       8.1M       8.0G

             total       used       free     shared    buffers     cached
Mem:          992M       930M        62M       3.1M       3.2M        68M
-/+ buffers/cache:       858M       133M
Swap:         8.0G       8.1M       8.0G

             total       used       free     shared    buffers     cached
Mem:          992M       924M        68M       3.1M       3.2M        52M
-/+ buffers/cache:       868M       123M
Swap:         8.0G       8.1M       8.0G

             total       used       free     shared    buffers     cached
Mem:          992M       920M        72M       3.1M       3.2M        37M
-/+ buffers/cache:       879M       112M
Swap:         8.0G       8.1M       8.0G

             total       used       free     shared    buffers     cached
Mem:          992M       929M        62M       3.1M       3.2M        35M
-/+ buffers/cache:       890M       101M
Swap:         8.0G       9.2M       8.0G

             total       used       free     shared    buffers     cached
Mem:          992M       923M        68M       2.9M       3.2M        25M
-/+ buffers/cache:       894M        97M
Swap:         8.0G        23M       8.0G

             total       used       free     shared    buffers     cached
Mem:          992M       916M        76M       2.9M       1.6M        16M
-/+ buffers/cache:       897M        94M
Swap:         8.0G        23M       8.0G

             total       used       free     shared    buffers     cached
Mem:          992M       919M        72M       2.7M       100K        17M
-/+ buffers/cache:       902M        90M
Swap:         8.0G        31M       8.0G

             total       used       free     shared    buffers     cached
Mem:          992M       917M        74M       2.7M       608K        23M
-/+ buffers/cache:       893M        98M
Swap:         8.0G        60M       7.9G

             total       used       free     shared    buffers     cached
Mem:          992M       927M        64M       2.7M       608K        23M
-/+ buffers/cache:       903M        88M
Swap:         8.0G        60M       7.9G

             total       used       free     shared    buffers     cached
Mem:          992M       930M        61M       2.7M       1.2M        30M
-/+ buffers/cache:       898M        93M
Swap:         8.0G        60M       7.9G

             total       used       free     shared    buffers     cached
Mem:          992M       932M        60M       2.6M       2.7M        40M
-/+ buffers/cache:       888M       103M
Swap:         8.0G        83M       7.9G

             total       used       free     shared    buffers     cached
Mem:          992M       922M        69M       2.6M       5.0M        51M
-/+ buffers/cache:       866M       126M
Swap:         8.0G       124M       7.9G

             total       used       free     shared    buffers     cached
Mem:          992M       859M       132M       2.4M       5.0M        45M
-/+ buffers/cache:       808M       183M
Swap:         8.0G       211M       7.8G

             total       used       free     shared    buffers     cached
Mem:          992M       878M       113M       2.4M       6.5M        49M
-/+ buffers/cache:       822M       169M
Swap:         8.0G       211M       7.8G

             total       used       free     shared    buffers     cached
Mem:          992M       852M       139M       2.4M       6.5M        50M
-/+ buffers/cache:       795M       196M
Swap:         8.0G       211M       7.8G

             total       used       free     shared    buffers     cached
Mem:          992M       862M       129M       2.4M       6.5M        49M
-/+ buffers/cache:       806M       186M
Swap:         8.0G       211M       7.8G

             total       used       free     shared    buffers     cached
Mem:          992M       871M       121M       2.4M       6.5M        50M
-/+ buffers/cache:       814M       177M
Swap:         8.0G       211M       7.8G

             total       used       free     shared    buffers     cached
Mem:          992M       880M       112M       2.4M       6.5M        50M
-/+ buffers/cache:       823M       168M
Swap:         8.0G       211M       7.8G

             total       used       free     shared    buffers     cached
Mem:          992M       889M       102M       2.4M       6.5M        50M
-/+ buffers/cache:       832M       159M
Swap:         8.0G       211M       7.8G

             total       used       free     shared    buffers     cached
Mem:          992M       898M        93M       2.4M       6.5M        50M
-/+ buffers/cache:       841M       150M
Swap:         8.0G       211M       7.8G

             total       used       free     shared    buffers     cached
Mem:          992M       908M        83M       2.4M       6.5M        50M
-/+ buffers/cache:       851M       140M
Swap:         8.0G       211M       7.8G

             total       used       free     shared    buffers     cached
Mem:          992M       917M        74M       2.4M       6.5M        50M
-/+ buffers/cache:       860M       131M
Swap:         8.0G       211M       7.8G

             total       used       free     shared    buffers     cached
Mem:          992M       927M        64M       2.4M       6.6M        50M
-/+ buffers/cache:       871M       121M
Swap:         8.0G       211M       7.8G

             total       used       free     shared    buffers     cached
Mem:          992M       924M        68M       2.4M       6.0M        49M
-/+ buffers/cache:       868M       123M
Swap:         8.0G       211M       7.8G

             total       used       free     shared    buffers     cached
Mem:          992M       920M        72M       2.4M       5.2M        47M
-/+ buffers/cache:       867M       124M
Swap:         8.0G       214M       7.8G

             total       used       free     shared    buffers     cached
Mem:          992M       926M        65M       2.4M       5.2M        47M
-/+ buffers/cache:       874M       118M
Swap:         8.0G       214M       7.8G

             total       used       free     shared    buffers     cached
Mem:          992M       926M        65M       2.4M       5.2M        47M
-/+ buffers/cache:       874M       118M
Swap:         8.0G       214M       7.8G

             total       used       free     shared    buffers     cached
Mem:          992M       926M        65M       2.4M       5.2M        47M
-/+ buffers/cache:       874M       118M
Swap:         8.0G       214M       7.8G

             total       used       free     shared    buffers     cached
Mem:          992M       926M        65M       2.4M       5.2M        47M
-/+ buffers/cache:       873M       118M
Swap:         8.0G       214M       7.8G

             total       used       free     shared    buffers     cached
Mem:          992M       928M        64M       2.4M       5.2M        47M
-/+ buffers/cache:       875M       116M
Swap:         8.0G       214M       7.8G

             total       used       free     shared    buffers     cached
Mem:          992M       928M        63M       2.4M       5.4M        47M
-/+ buffers/cache:       875M       116M
Swap:         8.0G       214M       7.8G

             total       used       free     shared    buffers     cached
Mem:          992M       929M        63M       2.4M       5.4M        47M
-/+ buffers/cache:       875M       116M
Swap:         8.0G       213M       7.8G

             total       used       free     shared    buffers     cached
Mem:          992M       930M        61M       2.4M       5.4M        49M
-/+ buffers/cache:       876M       116M
Swap:         8.0G       213M       7.8G

             total       used       free     shared    buffers     cached
Mem:          992M       921M        71M       2.4M       2.8M        47M
-/+ buffers/cache:       870M       121M
Swap:         8.0G       224M       7.8G

             total       used       free     shared    buffers     cached
Mem:          992M       926M        65M       2.4M       2.8M        47M
-/+ buffers/cache:       876M       116M
Swap:         8.0G       224M       7.8G

             total       used       free     shared    buffers     cached
Mem:          992M       915M        76M       2.4M       2.8M        40M
-/+ buffers/cache:       872M       119M
Swap:         8.0G       233M       7.8G

             total       used       free     shared    buffers     cached
Mem:          992M       919M        72M       2.4M       2.8M        40M
-/+ buffers/cache:       875M       116M
Swap:         8.0G       233M       7.8G

             total       used       free     shared    buffers     cached
Mem:          992M       924M        67M       2.4M       2.8M        40M
-/+ buffers/cache:       880M       111M
Swap:         8.0G       233M       7.8G

             total       used       free     shared    buffers     cached
Mem:          992M       928M        63M       2.4M       2.8M        40M
-/+ buffers/cache:       885M       107M
Swap:         8.0G       233M       7.8G

             total       used       free     shared    buffers     cached
Mem:          992M       929M        62M       2.4M       2.8M        40M
-/+ buffers/cache:       886M       105M
Swap:         8.0G       233M       7.8G

             total       used       free     shared    buffers     cached
Mem:          992M       914M        77M       2.4M       1.9M        27M
-/+ buffers/cache:       884M       107M
Swap:         8.0G       241M       7.8G

             total       used       free     shared    buffers     cached
Mem:          992M       918M        73M       2.4M       1.9M        27M
-/+ buffers/cache:       889M       102M
Swap:         8.0G       241M       7.8G

             total       used       free     shared    buffers     cached
Mem:          992M       922M        70M       2.4M       1.9M        27M
-/+ buffers/cache:       892M        99M
Swap:         8.0G       241M       7.8G

             total       used       free     shared    buffers     cached
Mem:          992M       926M        65M       2.4M       1.9M        27M
-/+ buffers/cache:       897M        95M
Swap:         8.0G       241M       7.8G

             total       used       free     shared    buffers     cached
Mem:          992M       930M        61M       2.4M       1.9M        27M
-/+ buffers/cache:       900M        91M
Swap:         8.0G       241M       7.8G

             total       used       free     shared    buffers     cached
Mem:          992M       919M        72M       2.4M       388K        24M
-/+ buffers/cache:       894M        97M
Swap:         8.0G       247M       7.8G

             total       used       free     shared    buffers     cached
Mem:          992M       922M        69M       2.4M       388K        24M
-/+ buffers/cache:       898M        93M
Swap:         8.0G       247M       7.8G

             total       used       free     shared    buffers     cached
Mem:          992M       926M        65M       2.4M       388K        24M
-/+ buffers/cache:       902M        90M
Swap:         8.0G       247M       7.8G

             total       used       free     shared    buffers     cached
Mem:          992M       930M        62M       2.4M       396K        24M
-/+ buffers/cache:       905M        86M
Swap:         8.0G       247M       7.8G

             total       used       free     shared    buffers     cached
Mem:          992M       920M        71M       2.4M       100K        12M
-/+ buffers/cache:       908M        83M
Swap:         8.0G       248M       7.8G

             total       used       free     shared    buffers     cached
Mem:          992M       924M        67M       2.4M       100K        12M
-/+ buffers/cache:       912M        80M
Swap:         8.0G       247M       7.8G

             total       used       free     shared    buffers     cached
Mem:          992M       930M        61M       2.4M       116K        14M
-/+ buffers/cache:       915M        76M
Swap:         8.0G       247M       7.8G

             total       used       free     shared    buffers     cached
Mem:          992M       915M        76M       2.4M       108K        16M
-/+ buffers/cache:       899M        92M
Swap:         8.0G       271M       7.7G

             total       used       free     shared    buffers     cached
Mem:          992M       919M        72M       2.4M       116K        16M
-/+ buffers/cache:       902M        89M
Swap:         8.0G       271M       7.7G

             total       used       free     shared    buffers     cached
Mem:          992M       921M        70M       2.4M       116K        16M
-/+ buffers/cache:       905M        86M
Swap:         8.0G       271M       7.7G

             total       used       free     shared    buffers     cached
Mem:          992M       913M        78M       2.4M        96K        21M
-/+ buffers/cache:       892M       100M
Swap:         8.0G       290M       7.7G

             total       used       free     shared    buffers     cached
Mem:          992M       916M        75M       2.4M       544K        21M
-/+ buffers/cache:       894M        97M
Swap:         8.0G       290M       7.7G

             total       used       free     shared    buffers     cached
Mem:          992M       920M        71M       2.4M       544K        22M
-/+ buffers/cache:       898M        93M
Swap:         8.0G       290M       7.7G

             total       used       free     shared    buffers     cached
Mem:          992M       923M        68M       2.4M       544K        22M
-/+ buffers/cache:       901M        91M
Swap:         8.0G       290M       7.7G

             total       used       free     shared    buffers     cached
Mem:          992M       926M        66M       2.4M       552K        22M
-/+ buffers/cache:       903M        88M
Swap:         8.0G       290M       7.7G

             total       used       free     shared    buffers     cached
Mem:          992M       928M        63M       2.4M       552K        22M
-/+ buffers/cache:       906M        85M
Swap:         8.0G       290M       7.7G

             total       used       free     shared    buffers     cached
Mem:          992M       920M        72M       2.4M       552K        21M
-/+ buffers/cache:       897M        94M
Swap:         8.0G       290M       7.7G

             total       used       free     shared    buffers     cached
Mem:          992M       922M        69M       2.4M       552K        21M
-/+ buffers/cache:       899M        92M
Swap:         8.0G       290M       7.7G

             total       used       free     shared    buffers     cached
Mem:          992M       925M        67M       2.4M       552K        21M
-/+ buffers/cache:       902M        89M
Swap:         8.0G       290M       7.7G

             total       used       free     shared    buffers     cached
Mem:          992M       926M        65M       2.4M       560K        21M
-/+ buffers/cache:       904M        87M
Swap:         8.0G       290M       7.7G

             total       used       free     shared    buffers     cached
Mem:          992M       929M        62M       2.4M       560K        21M
-/+ buffers/cache:       907M        85M
Swap:         8.0G       290M       7.7G

             total       used       free     shared    buffers     cached
Mem:          992M       915M        76M       2.3M       504K        18M
-/+ buffers/cache:       896M        95M
Swap:         8.0G       316M       7.7G

             total       used       free     shared    buffers     cached
Mem:          992M       917M        74M       2.3M       504K        18M
-/+ buffers/cache:       898M        93M
Swap:         8.0G       316M       7.7G

             total       used       free     shared    buffers     cached
Mem:          992M       920M        71M       2.3M       504K        18M
-/+ buffers/cache:       901M        91M
Swap:         8.0G       316M       7.7G

             total       used       free     shared    buffers     cached
Mem:          992M       923M        69M       2.3M       512K        18M
-/+ buffers/cache:       904M        88M
Swap:         8.0G       316M       7.7G

             total       used       free     shared    buffers     cached
Mem:          992M       924M        67M       2.3M       512K        18M
-/+ buffers/cache:       905M        86M
Swap:         8.0G       316M       7.7G

             total       used       free     shared    buffers     cached
Mem:          992M       927M        64M       2.3M       512K        18M
-/+ buffers/cache:       908M        84M
Swap:         8.0G       316M       7.7G

             total       used       free     shared    buffers     cached
Mem:          992M       930M        62M       2.3M       512K        18M
-/+ buffers/cache:       910M        81M
Swap:         8.0G       316M       7.7G

             total       used       free     shared    buffers     cached
Mem:          992M       919M        72M       1.9M       504K        17M
-/+ buffers/cache:       901M        90M
Swap:         8.0G       318M       7.7G

             total       used       free     shared    buffers     cached
Mem:          992M       921M        70M       1.9M       504K        17M
-/+ buffers/cache:       904M        88M
Swap:         8.0G       318M       7.7G

             total       used       free     shared    buffers     cached
Mem:          992M       923M        68M       1.9M       512K        17M
-/+ buffers/cache:       905M        86M
Swap:         8.0G       318M       7.7G

             total       used       free     shared    buffers     cached
Mem:          992M       926M        65M       1.9M       512K        17M
-/+ buffers/cache:       908M        83M
Swap:         8.0G       318M       7.7G

             total       used       free     shared    buffers     cached
Mem:          992M       928M        63M       1.9M       512K        17M
-/+ buffers/cache:       910M        81M
Swap:         8.0G       318M       7.7G

             total       used       free     shared    buffers     cached
Mem:          992M       931M        61M       1.9M       512K        17M
-/+ buffers/cache:       913M        78M
Swap:         8.0G       318M       7.7G

             total       used       free     shared    buffers     cached
Mem:          992M       917M        75M        52K       512K        10M
-/+ buffers/cache:       906M        85M
Swap:         8.0G       336M       7.7G

             total       used       free     shared    buffers     cached
Mem:          992M       919M        72M        52K       520K        10M
-/+ buffers/cache:       908M        83M
Swap:         8.0G       336M       7.7G

             total       used       free     shared    buffers     cached
Mem:          992M       921M        70M        52K       520K        10M
-/+ buffers/cache:       910M        81M
Swap:         8.0G       336M       7.7G

             total       used       free     shared    buffers     cached
Mem:          992M       923M        69M        52K       520K        10M
-/+ buffers/cache:       912M        79M
Swap:         8.0G       336M       7.7G

             total       used       free     shared    buffers     cached
Mem:          992M       925M        66M        52K       520K        10M
-/+ buffers/cache:       915M        77M
Swap:         8.0G       336M       7.7G

             total       used       free     shared    buffers     cached
Mem:          992M       927M        64M        52K       520K        10M
-/+ buffers/cache:       917M        75M
Swap:         8.0G       336M       7.7G

             total       used       free     shared    buffers     cached
Mem:          992M       930M        61M        52K       528K        10M
-/+ buffers/cache:       919M        72M
Swap:         8.0G       336M       7.7G

             total       used       free     shared    buffers     cached
Mem:          992M       914M        78M        52K       212K       2.1M
-/+ buffers/cache:       911M        80M
Swap:         8.0G       339M       7.7G

             total       used       free     shared    buffers     cached
Mem:          992M       917M        75M        52K       500K       2.1M
-/+ buffers/cache:       914M        77M
Swap:         8.0G       339M       7.7G

             total       used       free     shared    buffers     cached
Mem:          992M       918M        73M        52K       504K       2.1M
-/+ buffers/cache:       916M        76M
Swap:         8.0G       339M       7.7G

             total       used       free     shared    buffers     cached
Mem:          992M       921M        70M        52K       504K       2.1M
-/+ buffers/cache:       918M        73M
Swap:         8.0G       339M       7.7G

             total       used       free     shared    buffers     cached
Mem:          992M       923M        68M        52K       504K       2.1M
-/+ buffers/cache:       920M        71M
Swap:         8.0G       339M       7.7G

             total       used       free     shared    buffers     cached
Mem:          992M       926M        65M        52K       512K       2.2M
-/+ buffers/cache:       923M        68M
Swap:         8.0G       339M       7.7G

             total       used       free     shared    buffers     cached
Mem:          992M       927M        64M        52K       512K       2.1M
-/+ buffers/cache:       925M        66M
Swap:         8.0G       339M       7.7G

             total       used       free     shared    buffers     cached
Mem:          992M       930M        61M        52K       512K       2.1M
-/+ buffers/cache:       927M        64M
Swap:         8.0G       339M       7.7G

             total       used       free     shared    buffers     cached
Mem:          992M       906M        85M        52K       512K       1.9M
-/+ buffers/cache:       904M        87M
Swap:         8.0G       366M       7.6G

             total       used       free     shared    buffers     cached
Mem:          992M       908M        83M        52K       512K       1.9M
-/+ buffers/cache:       906M        86M
Swap:         8.0G       366M       7.6G

             total       used       free     shared    buffers     cached
Mem:          992M       911M        80M        52K       520K       1.9M
-/+ buffers/cache:       908M        83M
Swap:         8.0G       366M       7.6G

             total       used       free     shared    buffers     cached
Mem:          992M       913M        79M        52K       520K       1.9M
-/+ buffers/cache:       910M        81M
Swap:         8.0G       366M       7.6G

             total       used       free     shared    buffers     cached
Mem:          992M       914M        77M        52K       520K       1.9M
-/+ buffers/cache:       912M        79M
Swap:         8.0G       366M       7.6G

             total       used       free     shared    buffers     cached
Mem:          992M       916M        75M        52K       528K       1.9M
-/+ buffers/cache:       914M        77M
Swap:         8.0G       366M       7.6G

             total       used       free     shared    buffers     cached
Mem:          992M       918M        73M        52K       528K       2.0M
-/+ buffers/cache:       915M        76M
Swap:         8.0G       366M       7.6G

             total       used       free     shared    buffers     cached
Mem:          992M       921M        71M        52K       536K       1.9M
-/+ buffers/cache:       918M        73M
Swap:         8.0G       366M       7.6G

             total       used       free     shared    buffers     cached
Mem:          992M       924M        68M        52K       824K       2.7M
-/+ buffers/cache:       920M        71M
Swap:         8.0G       366M       7.6G

             total       used       free     shared    buffers     cached
Mem:          992M       918M        73M        52K       120K        25M
-/+ buffers/cache:       893M        98M
Swap:         8.0G       402M       7.6G

             total       used       free     shared    buffers     cached
Mem:          992M       921M        70M        48K       260K        26M
-/+ buffers/cache:       895M        96M
Swap:         8.0G       402M       7.6G

             total       used       free     shared    buffers     cached
Mem:          992M       923M        68M        48K       260K        26M
-/+ buffers/cache:       897M        94M
Swap:         8.0G       402M       7.6G

             total       used       free     shared    buffers     cached
Mem:          992M       925M        66M        48K       260K        26M
-/+ buffers/cache:       899M        93M
Swap:         8.0G       402M       7.6G

             total       used       free     shared    buffers     cached
Mem:          992M       927M        64M        48K       260K        26M
-/+ buffers/cache:       900M        91M
Swap:         8.0G       402M       7.6G

             total       used       free     shared    buffers     cached
Mem:          992M       930M        62M        48K       260K        26M
-/+ buffers/cache:       903M        88M
Swap:         8.0G       402M       7.6G

             total       used       free     shared    buffers     cached
Mem:          992M       923M        68M        48K       268K        25M
-/+ buffers/cache:       897M        94M
Swap:         8.0G       402M       7.6G

             total       used       free     shared    buffers     cached
Mem:          992M       920M        71M        48K       268K        24M
-/+ buffers/cache:       895M        96M
Swap:         8.0G       393M       7.6G

             total       used       free     shared    buffers     cached
Mem:          992M       929M        62M        44K       268K        24M
-/+ buffers/cache:       904M        87M
Swap:         8.0G       382M       7.6G

             total       used       free     shared    buffers     cached
Mem:          992M       929M        62M        44K       268K        22M
-/+ buffers/cache:       906M        85M
Swap:         8.0G       382M       7.6G

             total       used       free     shared    buffers     cached
Mem:          992M       930M        61M        44K       196K        13M
-/+ buffers/cache:       917M        74M
Swap:         8.0G       362M       7.6G

             total       used       free     shared    buffers     cached
Mem:          992M       926M        65M        44K       108K       2.4M
-/+ buffers/cache:       924M        67M
Swap:         8.0G       351M       7.7G

             total       used       free     shared    buffers     cached
Mem:          992M       920M        71M        44K       372K        21M
-/+ buffers/cache:       899M        93M
Swap:         8.0G       380M       7.6G

             total       used       free     shared    buffers     cached
Mem:          992M       931M        61M        40K       776K        22M
-/+ buffers/cache:       908M        83M
Swap:         8.0G       363M       7.6G

             total       used       free     shared    buffers     cached
Mem:          992M       919M        72M        40K       744K        19M
-/+ buffers/cache:       899M        92M
Swap:         8.0G       378M       7.6G

             total       used       free     shared    buffers     cached
Mem:          992M       918M        73M        40K       740K        17M
-/+ buffers/cache:       900M        92M
Swap:         8.0G       375M       7.6G

             total       used       free     shared    buffers     cached
Mem:          992M       923M        68M        44K       3.6M        31M
-/+ buffers/cache:       887M       104M
Swap:         8.0G       395M       7.6G

             total       used       free     shared    buffers     cached
Mem:          992M       917M        74M        52K       3.3M        31M
-/+ buffers/cache:       882M       109M
Swap:         8.0G       395M       7.6G

             total       used       free     shared    buffers     cached
Mem:          992M       921M        70M       588K       3.7M        41M
-/+ buffers/cache:       875M       116M
Swap:         8.0G       411M       7.6G

             total       used       free     shared    buffers     cached
Mem:          992M       898M        94M       580K       344K        46M
-/+ buffers/cache:       851M       140M
Swap:         8.0G       428M       7.6G

             total       used       free     shared    buffers     cached
Mem:          992M       907M        85M       580K       360K        46M
-/+ buffers/cache:       859M       132M
Swap:         8.0G       419M       7.6G

             total       used       free     shared    buffers     cached
Mem:          992M       924M        67M       580K       364K        47M
-/+ buffers/cache:       876M       115M
Swap:         8.0G       402M       7.6G

             total       used       free     shared    buffers     cached
Mem:          992M       923M        69M       580K       364K        45M
-/+ buffers/cache:       876M       115M
Swap:         8.0G       414M       7.6G

             total       used       free     shared    buffers     cached
Mem:          992M       924M        67M       580K       364K        45M
-/+ buffers/cache:       878M       113M
Swap:         8.0G       397M       7.6G

             total       used       free     shared    buffers     cached
Mem:          992M       918M        74M       580K       208K        42M
-/+ buffers/cache:       875M       116M
Swap:         8.0G       401M       7.6G

             total       used       free     shared    buffers     cached
Mem:          992M       926M        65M       580K       216K        42M
-/+ buffers/cache:       884M       108M
Swap:         8.0G       392M       7.6G

             total       used       free     shared    buffers     cached
Mem:          992M       921M        71M       528K       212K        36M
-/+ buffers/cache:       884M       107M
Swap:         8.0G       388M       7.6G

             total       used       free     shared    buffers     cached
Mem:          992M       918M        73M       544K       124K        19M
-/+ buffers/cache:       898M        93M
Swap:         8.0G       374M       7.6G

             total       used       free     shared    buffers     cached
Mem:          992M       921M        70M       544K       516K       9.2M
-/+ buffers/cache:       911M        80M
Swap:         8.0G       364M       7.6G

             total       used       free     shared    buffers     cached
Mem:          992M       928M        64M       544K       512K       3.6M
-/+ buffers/cache:       924M        68M
Swap:         8.0G       348M       7.7G

             total       used       free     shared    buffers     cached
Mem:          992M       928M        63M       544K       520K       2.2M
-/+ buffers/cache:       926M        66M
Swap:         8.0G       348M       7.7G

             total       used       free     shared    buffers     cached
Mem:          992M       921M        71M       544K       456K       2.4M
-/+ buffers/cache:       918M        73M
Swap:         8.0G       351M       7.7G

             total       used       free     shared    buffers     cached
Mem:          992M       920M        71M       544K       460K       2.4M
-/+ buffers/cache:       917M        74M
Swap:         8.0G       351M       7.7G

             total       used       free     shared    buffers     cached
Mem:          992M       921M        70M       544K       332K       2.4M
-/+ buffers/cache:       918M        73M
Swap:         8.0G       350M       7.7G

             total       used       free     shared    buffers     cached
Mem:          992M       926M        65M       544K        76K       4.9M
-/+ buffers/cache:       921M        70M
Swap:         8.0G       359M       7.6G

             total       used       free     shared    buffers     cached
Mem:          992M       930M        61M       544K        76K       4.9M
-/+ buffers/cache:       925M        66M
Swap:         8.0G       344M       7.7G

             total       used       free     shared    buffers     cached
Mem:          992M       921M        70M       544K        84K       4.8M
-/+ buffers/cache:       916M        75M
Swap:         8.0G       354M       7.7G

             total       used       free     shared    buffers     cached
Mem:          992M       921M        71M       540K        76K       3.0M
-/+ buffers/cache:       918M        74M
Swap:         8.0G       359M       7.6G

             total       used       free     shared    buffers     cached
Mem:          992M       924M        67M       540K        76K       2.5M
-/+ buffers/cache:       922M        69M
Swap:         8.0G       350M       7.7G

             total       used       free     shared    buffers     cached
Mem:          992M       927M        64M       540K        76K       2.3M
-/+ buffers/cache:       925M        66M
Swap:         8.0G       341M       7.7G

             total       used       free     shared    buffers     cached
Mem:          992M       927M        64M       540K        76K       2.6M
-/+ buffers/cache:       924M        67M
Swap:         8.0G       342M       7.7G

             total       used       free     shared    buffers     cached
Mem:          992M       929M        62M       540K        84K       2.5M
-/+ buffers/cache:       927M        65M
Swap:         8.0G       340M       7.7G

             total       used       free     shared    buffers     cached
Mem:          992M       925M        66M       540K        84K       2.5M
-/+ buffers/cache:       923M        69M
Swap:         8.0G       346M       7.7G

             total       used       free     shared    buffers     cached
Mem:          992M       921M        70M       540K        84K       2.5M
-/+ buffers/cache:       919M        73M
Swap:         8.0G       351M       7.7G

             total       used       free     shared    buffers     cached
Mem:          992M       916M        76M       540K        84K       2.4M
-/+ buffers/cache:       913M        78M
Swap:         8.0G       358M       7.6G

             total       used       free     shared    buffers     cached
Mem:          992M       935M        56M       544K       1.6M       8.6M
-/+ buffers/cache:       925M        66M
Swap:         8.0G       350M       7.7G

             total       used       free     shared    buffers     cached
Mem:          992M       921M        70M       756K       5.0M        22M
-/+ buffers/cache:       894M        98M
Swap:         8.0G       390M       7.6G

             total       used       free     shared    buffers     cached
Mem:          992M       929M        62M       748K       6.2M        26M
-/+ buffers/cache:       896M        96M
Swap:         8.0G       381M       7.6G

             total       used       free     shared    buffers     cached
Mem:          992M       926M        65M       756K       6.2M        26M
-/+ buffers/cache:       893M        98M
Swap:         8.0G       393M       7.6G
