             total       used       free     shared    buffers     cached
Mem:          2.0G       664M       1.3G       3.2M        38M       289M
-/+ buffers/cache:       337M       1.6G
Swap:         8.0G         0B       8.0G

             total       used       free     shared    buffers     cached
Mem:          2.0G       663M       1.3G       1.4M        38M       288M
-/+ buffers/cache:       337M       1.6G
Swap:         8.0G         0B       8.0G

             total       used       free     shared    buffers     cached
Mem:          2.0G       663M       1.3G       1.4M        38M       288M
-/+ buffers/cache:       337M       1.6G
Swap:         8.0G         0B       8.0G

             total       used       free     shared    buffers     cached
Mem:          2.0G       663M       1.3G       1.4M        38M       288M
-/+ buffers/cache:       337M       1.6G
Swap:         8.0G         0B       8.0G

             total       used       free     shared    buffers     cached
Mem:          2.0G       663M       1.3G       1.4M        38M       288M
-/+ buffers/cache:       337M       1.6G
Swap:         8.0G         0B       8.0G

             total       used       free     shared    buffers     cached
Mem:          2.0G       663M       1.3G       1.4M        38M       288M
-/+ buffers/cache:       337M       1.6G
Swap:         8.0G         0B       8.0G

             total       used       free     shared    buffers     cached
Mem:          2.0G       663M       1.3G       1.4M        38M       288M
-/+ buffers/cache:       336M       1.6G
Swap:         8.0G         0B       8.0G

             total       used       free     shared    buffers     cached
Mem:          2.0G       663M       1.3G       1.4M        38M       288M
-/+ buffers/cache:       336M       1.6G
Swap:         8.0G         0B       8.0G

             total       used       free     shared    buffers     cached
Mem:          2.0G       663M       1.3G       1.4M        38M       288M
-/+ buffers/cache:       336M       1.6G
Swap:         8.0G         0B       8.0G

             total       used       free     shared    buffers     cached
Mem:          2.0G       666M       1.3G       1.4M        38M       288M
-/+ buffers/cache:       339M       1.6G
Swap:         8.0G         0B       8.0G

             total       used       free     shared    buffers     cached
Mem:          2.0G       685M       1.3G       1.4M        38M       288M
-/+ buffers/cache:       358M       1.6G
Swap:         8.0G         0B       8.0G

             total       used       free     shared    buffers     cached
Mem:          2.0G       672M       1.3G       1.4M        38M       289M
-/+ buffers/cache:       344M       1.6G
Swap:         8.0G         0B       8.0G

             total       used       free     shared    buffers     cached
Mem:          2.0G       672M       1.3G       1.4M        38M       289M
-/+ buffers/cache:       344M       1.6G
Swap:         8.0G         0B       8.0G

             total       used       free     shared    buffers     cached
Mem:          2.0G       673M       1.3G       1.4M        38M       289M
-/+ buffers/cache:       344M       1.6G
Swap:         8.0G         0B       8.0G

             total       used       free     shared    buffers     cached
Mem:          2.0G       673M       1.3G       1.4M        38M       289M
-/+ buffers/cache:       344M       1.6G
Swap:         8.0G         0B       8.0G

             total       used       free     shared    buffers     cached
Mem:          2.0G       672M       1.3G       1.4M        38M       289M
-/+ buffers/cache:       344M       1.6G
Swap:         8.0G         0B       8.0G

             total       used       free     shared    buffers     cached
Mem:          2.0G       672M       1.3G       1.4M        38M       289M
-/+ buffers/cache:       344M       1.6G
Swap:         8.0G         0B       8.0G

             total       used       free     shared    buffers     cached
Mem:          2.0G       672M       1.3G       1.4M        38M       289M
-/+ buffers/cache:       344M       1.6G
Swap:         8.0G         0B       8.0G

             total       used       free     shared    buffers     cached
Mem:          2.0G       672M       1.3G       1.4M        38M       289M
-/+ buffers/cache:       344M       1.6G
Swap:         8.0G         0B       8.0G

             total       used       free     shared    buffers     cached
Mem:          2.0G       672M       1.3G       1.4M        38M       289M
-/+ buffers/cache:       344M       1.6G
Swap:         8.0G         0B       8.0G

             total       used       free     shared    buffers     cached
Mem:          2.0G       672M       1.3G       1.4M        38M       289M
-/+ buffers/cache:       344M       1.6G
Swap:         8.0G         0B       8.0G

             total       used       free     shared    buffers     cached
Mem:          2.0G       673M       1.3G       1.4M        38M       289M
-/+ buffers/cache:       344M       1.6G
Swap:         8.0G         0B       8.0G

             total       used       free     shared    buffers     cached
Mem:          2.0G       673M       1.3G       1.4M        38M       289M
-/+ buffers/cache:       344M       1.6G
Swap:         8.0G         0B       8.0G

             total       used       free     shared    buffers     cached
Mem:          2.0G       673M       1.3G       1.4M        38M       289M
-/+ buffers/cache:       344M       1.6G
Swap:         8.0G         0B       8.0G

             total       used       free     shared    buffers     cached
Mem:          2.0G       673M       1.3G       1.4M        38M       289M
-/+ buffers/cache:       344M       1.6G
Swap:         8.0G         0B       8.0G

             total       used       free     shared    buffers     cached
Mem:          2.0G       673M       1.3G       1.4M        38M       289M
-/+ buffers/cache:       344M       1.6G
Swap:         8.0G         0B       8.0G

             total       used       free     shared    buffers     cached
Mem:          2.0G       673M       1.3G       1.4M        38M       289M
-/+ buffers/cache:       344M       1.6G
Swap:         8.0G         0B       8.0G

             total       used       free     shared    buffers     cached
Mem:          2.0G       673M       1.3G       1.4M        38M       289M
-/+ buffers/cache:       344M       1.6G
Swap:         8.0G         0B       8.0G

             total       used       free     shared    buffers     cached
Mem:          2.0G       673M       1.3G       1.4M        38M       289M
-/+ buffers/cache:       344M       1.6G
Swap:         8.0G         0B       8.0G

             total       used       free     shared    buffers     cached
Mem:          2.0G       673M       1.3G       1.4M        38M       289M
-/+ buffers/cache:       344M       1.6G
Swap:         8.0G         0B       8.0G

             total       used       free     shared    buffers     cached
Mem:          2.0G       673M       1.3G       1.4M        38M       289M
-/+ buffers/cache:       344M       1.6G
Swap:         8.0G         0B       8.0G

             total       used       free     shared    buffers     cached
Mem:          2.0G       673M       1.3G       1.4M        38M       289M
-/+ buffers/cache:       344M       1.6G
Swap:         8.0G         0B       8.0G

             total       used       free     shared    buffers     cached
Mem:          2.0G       673M       1.3G       1.4M        38M       289M
-/+ buffers/cache:       344M       1.6G
Swap:         8.0G         0B       8.0G

             total       used       free     shared    buffers     cached
Mem:          2.0G       677M       1.3G       1.4M        38M       289M
-/+ buffers/cache:       348M       1.6G
Swap:         8.0G         0B       8.0G

             total       used       free     shared    buffers     cached
Mem:          2.0G       698M       1.3G       1.4M        38M       289M
-/+ buffers/cache:       369M       1.6G
Swap:         8.0G         0B       8.0G

             total       used       free     shared    buffers     cached
Mem:          2.0G       719M       1.3G       1.4M        38M       289M
-/+ buffers/cache:       391M       1.6G
Swap:         8.0G         0B       8.0G

             total       used       free     shared    buffers     cached
Mem:          2.0G       740M       1.2G       1.4M        38M       289M
-/+ buffers/cache:       412M       1.6G
Swap:         8.0G         0B       8.0G

             total       used       free     shared    buffers     cached
Mem:          2.0G       758M       1.2G       1.4M        38M       289M
-/+ buffers/cache:       430M       1.5G
Swap:         8.0G         0B       8.0G

             total       used       free     shared    buffers     cached
Mem:          2.0G       775M       1.2G       1.4M        38M       289M
-/+ buffers/cache:       447M       1.5G
Swap:         8.0G         0B       8.0G

             total       used       free     shared    buffers     cached
Mem:          2.0G       790M       1.2G       1.4M        38M       289M
-/+ buffers/cache:       462M       1.5G
Swap:         8.0G         0B       8.0G

             total       used       free     shared    buffers     cached
Mem:          2.0G       807M       1.2G       1.4M        38M       289M
-/+ buffers/cache:       478M       1.5G
Swap:         8.0G         0B       8.0G

             total       used       free     shared    buffers     cached
Mem:          2.0G       823M       1.1G       1.4M        38M       289M
-/+ buffers/cache:       494M       1.5G
Swap:         8.0G         0B       8.0G

             total       used       free     shared    buffers     cached
Mem:          2.0G       840M       1.1G       1.4M        38M       289M
-/+ buffers/cache:       511M       1.5G
Swap:         8.0G         0B       8.0G

             total       used       free     shared    buffers     cached
Mem:          2.0G       860M       1.1G       1.4M        38M       289M
-/+ buffers/cache:       531M       1.4G
Swap:         8.0G         0B       8.0G

             total       used       free     shared    buffers     cached
Mem:          2.0G       879M       1.1G       1.4M        38M       289M
-/+ buffers/cache:       550M       1.4G
Swap:         8.0G         0B       8.0G

             total       used       free     shared    buffers     cached
Mem:          2.0G       898M       1.1G       1.4M        38M       289M
-/+ buffers/cache:       570M       1.4G
Swap:         8.0G         0B       8.0G

             total       used       free     shared    buffers     cached
Mem:          2.0G       915M       1.1G       1.4M        38M       289M
-/+ buffers/cache:       586M       1.4G
Swap:         8.0G         0B       8.0G

             total       used       free     shared    buffers     cached
Mem:          2.0G       933M       1.0G       1.4M        38M       289M
-/+ buffers/cache:       604M       1.4G
Swap:         8.0G         0B       8.0G

             total       used       free     shared    buffers     cached
Mem:          2.0G       953M       1.0G       1.4M        38M       289M
-/+ buffers/cache:       624M       1.3G
Swap:         8.0G         0B       8.0G

             total       used       free     shared    buffers     cached
Mem:          2.0G       971M       1.0G       1.4M        38M       289M
-/+ buffers/cache:       642M       1.3G
Swap:         8.0G         0B       8.0G

             total       used       free     shared    buffers     cached
Mem:          2.0G       988M       1.0G       1.4M        38M       289M
-/+ buffers/cache:       659M       1.3G
Swap:         8.0G         0B       8.0G

             total       used       free     shared    buffers     cached
Mem:          2.0G       1.0G       993M       1.4M        38M       289M
-/+ buffers/cache:       677M       1.3G
Swap:         8.0G         0B       8.0G

             total       used       free     shared    buffers     cached
Mem:          2.0G       1.0G       976M       1.4M        38M       289M
-/+ buffers/cache:       694M       1.3G
Swap:         8.0G         0B       8.0G

             total       used       free     shared    buffers     cached
Mem:          2.0G       1.0G       957M       1.4M        38M       289M
-/+ buffers/cache:       714M       1.3G
Swap:         8.0G         0B       8.0G

             total       used       free     shared    buffers     cached
Mem:          2.0G       1.0G       940M       1.4M        38M       289M
-/+ buffers/cache:       730M       1.2G
Swap:         8.0G         0B       8.0G

             total       used       free     shared    buffers     cached
Mem:          2.0G       1.1G       924M       1.4M        38M       289M
-/+ buffers/cache:       747M       1.2G
Swap:         8.0G         0B       8.0G

             total       used       free     shared    buffers     cached
Mem:          2.0G       1.1G       906M       1.4M        38M       289M
-/+ buffers/cache:       765M       1.2G
Swap:         8.0G         0B       8.0G

             total       used       free     shared    buffers     cached
Mem:          2.0G       1.1G       887M       1.4M        38M       289M
-/+ buffers/cache:       784M       1.2G
Swap:         8.0G         0B       8.0G

             total       used       free     shared    buffers     cached
Mem:          2.0G       1.1G       876M       1.4M        38M       289M
-/+ buffers/cache:       794M       1.2G
Swap:         8.0G         0B       8.0G

             total       used       free     shared    buffers     cached
Mem:          2.0G       1.1G       857M       1.4M        38M       289M
-/+ buffers/cache:       814M       1.2G
Swap:         8.0G         0B       8.0G

             total       used       free     shared    buffers     cached
Mem:          2.0G       1.1G       837M       1.4M        38M       289M
-/+ buffers/cache:       834M       1.1G
Swap:         8.0G         0B       8.0G

             total       used       free     shared    buffers     cached
Mem:          2.0G       1.2G       817M       1.4M        38M       289M
-/+ buffers/cache:       854M       1.1G
Swap:         8.0G         0B       8.0G

             total       used       free     shared    buffers     cached
Mem:          2.0G       1.2G       801M       1.4M        38M       289M
-/+ buffers/cache:       870M       1.1G
Swap:         8.0G         0B       8.0G

             total       used       free     shared    buffers     cached
Mem:          2.0G       1.2G       784M       1.4M        38M       289M
-/+ buffers/cache:       887M       1.1G
Swap:         8.0G         0B       8.0G

             total       used       free     shared    buffers     cached
Mem:          2.0G       1.2G       768M       1.4M        38M       289M
-/+ buffers/cache:       903M       1.1G
Swap:         8.0G         0B       8.0G

             total       used       free     shared    buffers     cached
Mem:          2.0G       1.2G       750M       1.4M        38M       289M
-/+ buffers/cache:       921M       1.1G
Swap:         8.0G         0B       8.0G

             total       used       free     shared    buffers     cached
Mem:          2.0G       1.2G       734M       1.4M        38M       289M
-/+ buffers/cache:       937M       1.0G
Swap:         8.0G         0B       8.0G

             total       used       free     shared    buffers     cached
Mem:          2.0G       1.3G       719M       1.4M        38M       289M
-/+ buffers/cache:       952M       1.0G
Swap:         8.0G         0B       8.0G

             total       used       free     shared    buffers     cached
Mem:          2.0G       1.3G       701M       1.4M        38M       289M
-/+ buffers/cache:       970M       1.0G
Swap:         8.0G         0B       8.0G

             total       used       free     shared    buffers     cached
Mem:          2.0G       1.3G       683M       1.4M        38M       290M
-/+ buffers/cache:       987M       1.0G
Swap:         8.0G         0B       8.0G

             total       used       free     shared    buffers     cached
Mem:          2.0G       1.3G       668M       1.4M        38M       290M
-/+ buffers/cache:       1.0G       997M
Swap:         8.0G         0B       8.0G

             total       used       free     shared    buffers     cached
Mem:          2.0G       1.3G       654M       1.4M        38M       290M
-/+ buffers/cache:       1.0G       983M
Swap:         8.0G         0B       8.0G

             total       used       free     shared    buffers     cached
Mem:          2.0G       1.3G       640M       1.4M        38M       290M
-/+ buffers/cache:       1.0G       969M
Swap:         8.0G         0B       8.0G

             total       used       free     shared    buffers     cached
Mem:          2.0G       1.3G       625M       1.4M        38M       290M
-/+ buffers/cache:       1.0G       954M
Swap:         8.0G         0B       8.0G

             total       used       free     shared    buffers     cached
Mem:          2.0G       1.4G       612M       1.4M        38M       290M
-/+ buffers/cache:       1.0G       940M
Swap:         8.0G         0B       8.0G

             total       used       free     shared    buffers     cached
Mem:          2.0G       1.4G       598M       1.4M        38M       290M
-/+ buffers/cache:       1.0G       927M
Swap:         8.0G         0B       8.0G

             total       used       free     shared    buffers     cached
Mem:          2.0G       1.4G       582M       1.4M        38M       290M
-/+ buffers/cache:       1.1G       911M
Swap:         8.0G         0B       8.0G

             total       used       free     shared    buffers     cached
Mem:          2.0G       1.4G       567M       1.4M        38M       290M
-/+ buffers/cache:       1.1G       896M
Swap:         8.0G         0B       8.0G

             total       used       free     shared    buffers     cached
Mem:          2.0G       1.4G       550M       1.4M        38M       290M
-/+ buffers/cache:       1.1G       879M
Swap:         8.0G         0B       8.0G

             total       used       free     shared    buffers     cached
Mem:          2.0G       1.4G       534M       1.4M        38M       290M
-/+ buffers/cache:       1.1G       863M
Swap:         8.0G         0B       8.0G

             total       used       free     shared    buffers     cached
Mem:          2.0G       1.4G       519M       1.4M        38M       290M
-/+ buffers/cache:       1.1G       848M
Swap:         8.0G         0B       8.0G

             total       used       free     shared    buffers     cached
Mem:          2.0G       1.5G       503M       1.4M        38M       290M
-/+ buffers/cache:       1.1G       832M
Swap:         8.0G         0B       8.0G

             total       used       free     shared    buffers     cached
Mem:          2.0G       1.5G       489M       1.4M        38M       290M
-/+ buffers/cache:       1.2G       818M
Swap:         8.0G         0B       8.0G

             total       used       free     shared    buffers     cached
Mem:          2.0G       1.5G       473M       1.4M        38M       290M
-/+ buffers/cache:       1.2G       802M
Swap:         8.0G         0B       8.0G

             total       used       free     shared    buffers     cached
Mem:          2.0G       1.5G       458M       1.4M        38M       290M
-/+ buffers/cache:       1.2G       787M
Swap:         8.0G         0B       8.0G

             total       used       free     shared    buffers     cached
Mem:          2.0G       1.5G       443M       1.4M        38M       290M
-/+ buffers/cache:       1.2G       772M
Swap:         8.0G         0B       8.0G

             total       used       free     shared    buffers     cached
Mem:          2.0G       1.5G       430M       1.4M        38M       290M
-/+ buffers/cache:       1.2G       758M
Swap:         8.0G         0B       8.0G

             total       used       free     shared    buffers     cached
Mem:          2.0G       1.5G       426M       1.4M        38M       290M
-/+ buffers/cache:       1.2G       755M
Swap:         8.0G         0B       8.0G

             total       used       free     shared    buffers     cached
Mem:          2.0G       1.6G       411M       1.4M        38M       290M
-/+ buffers/cache:       1.2G       740M
Swap:         8.0G         0B       8.0G

             total       used       free     shared    buffers     cached
Mem:          2.0G       1.6G       395M       1.4M        38M       290M
-/+ buffers/cache:       1.2G       723M
Swap:         8.0G         0B       8.0G

             total       used       free     shared    buffers     cached
Mem:          2.0G       1.6G       376M       1.4M        38M       290M
-/+ buffers/cache:       1.3G       705M
Swap:         8.0G         0B       8.0G

             total       used       free     shared    buffers     cached
Mem:          2.0G       1.6G       357M       1.4M        38M       290M
-/+ buffers/cache:       1.3G       686M
Swap:         8.0G         0B       8.0G

             total       used       free     shared    buffers     cached
Mem:          2.0G       1.6G       337M       1.4M        38M       290M
-/+ buffers/cache:       1.3G       666M
Swap:         8.0G         0B       8.0G

             total       used       free     shared    buffers     cached
Mem:          2.0G       1.6G       320M       1.4M        38M       290M
-/+ buffers/cache:       1.3G       649M
Swap:         8.0G         0B       8.0G

             total       used       free     shared    buffers     cached
Mem:          2.0G       1.7G       302M       1.4M        38M       290M
-/+ buffers/cache:       1.3G       631M
Swap:         8.0G         0B       8.0G

             total       used       free     shared    buffers     cached
Mem:          2.0G       1.7G       284M       1.4M        38M       290M
-/+ buffers/cache:       1.4G       613M
Swap:         8.0G         0B       8.0G

             total       used       free     shared    buffers     cached
Mem:          2.0G       1.7G       263M       1.4M        38M       290M
-/+ buffers/cache:       1.4G       592M
Swap:         8.0G         0B       8.0G

             total       used       free     shared    buffers     cached
Mem:          2.0G       1.7G       245M       1.4M        38M       290M
-/+ buffers/cache:       1.4G       574M
Swap:         8.0G         0B       8.0G

             total       used       free     shared    buffers     cached
Mem:          2.0G       1.7G       229M       1.4M        38M       290M
-/+ buffers/cache:       1.4G       558M
Swap:         8.0G         0B       8.0G

             total       used       free     shared    buffers     cached
Mem:          2.0G       1.7G       213M       1.4M        38M       290M
-/+ buffers/cache:       1.4G       542M
Swap:         8.0G         0B       8.0G

             total       used       free     shared    buffers     cached
Mem:          2.0G       1.8G       196M       1.4M        38M       290M
-/+ buffers/cache:       1.4G       525M
Swap:         8.0G         0B       8.0G

             total       used       free     shared    buffers     cached
Mem:          2.0G       1.8G       181M       1.4M        38M       290M
-/+ buffers/cache:       1.5G       510M
Swap:         8.0G         0B       8.0G

             total       used       free     shared    buffers     cached
Mem:          2.0G       1.8G       166M       1.4M        38M       290M
-/+ buffers/cache:       1.5G       495M
Swap:         8.0G         0B       8.0G

             total       used       free     shared    buffers     cached
Mem:          2.0G       1.8G       151M       1.4M        38M       290M
-/+ buffers/cache:       1.5G       480M
Swap:         8.0G         0B       8.0G

             total       used       free     shared    buffers     cached
Mem:          2.0G       1.8G       133M       1.4M        38M       290M
-/+ buffers/cache:       1.5G       462M
Swap:         8.0G         0B       8.0G

             total       used       free     shared    buffers     cached
Mem:          2.0G       1.8G       114M       1.4M        38M       290M
-/+ buffers/cache:       1.5G       443M
Swap:         8.0G         0B       8.0G

             total       used       free     shared    buffers     cached
Mem:          2.0G       1.9G        97M       1.4M        38M       290M
-/+ buffers/cache:       1.5G       426M
Swap:         8.0G         0B       8.0G

             total       used       free     shared    buffers     cached
Mem:          2.0G       1.9G        80M       1.4M        38M       290M
-/+ buffers/cache:       1.6G       409M
Swap:         8.0G         0B       8.0G

             total       used       free     shared    buffers     cached
Mem:          2.0G       1.9G        85M       1.4M        17M       288M
-/+ buffers/cache:       1.6G       391M
Swap:         8.0G         0B       8.0G

             total       used       free     shared    buffers     cached
Mem:          2.0G       1.9G        66M       1.4M        17M       288M
-/+ buffers/cache:       1.6G       373M
Swap:         8.0G         0B       8.0G

             total       used       free     shared    buffers     cached
Mem:          2.0G       1.9G        66M       1.4M        10M       279M
-/+ buffers/cache:       1.6G       356M
Swap:         8.0G         0B       8.0G

             total       used       free     shared    buffers     cached
Mem:          2.0G       1.9G        68M       1.4M       9.8M       263M
-/+ buffers/cache:       1.6G       341M
Swap:         8.0G       120K       8.0G

             total       used       free     shared    buffers     cached
Mem:          2.0G       1.9G        71M       1.3M       9.8M       244M
-/+ buffers/cache:       1.6G       325M
Swap:         8.0G       908K       8.0G

             total       used       free     shared    buffers     cached
Mem:          2.0G       1.9G        71M       1.1M       9.8M       232M
-/+ buffers/cache:       1.6G       314M
Swap:         8.0G       6.5M       8.0G

             total       used       free     shared    buffers     cached
Mem:          2.0G       1.9G        90M       1.1M       8.8M       206M
-/+ buffers/cache:       1.7G       305M
Swap:         8.0G        11M       8.0G

             total       used       free     shared    buffers     cached
Mem:          2.0G       1.9G        76M       1.1M       8.8M       206M
-/+ buffers/cache:       1.7G       291M
Swap:         8.0G        11M       8.0G

             total       used       free     shared    buffers     cached
Mem:          2.0G       1.9G        75M       1.1M       2.7M       199M
-/+ buffers/cache:       1.7G       277M
Swap:         8.0G        11M       8.0G

             total       used       free     shared    buffers     cached
Mem:          2.0G       1.9G        72M       1.1M       1.3M       188M
-/+ buffers/cache:       1.7G       262M
Swap:         8.0G        11M       8.0G

             total       used       free     shared    buffers     cached
Mem:          2.0G       1.9G        74M       1.1M       308K       173M
-/+ buffers/cache:       1.7G       248M
Swap:         8.0G        11M       8.0G

             total       used       free     shared    buffers     cached
Mem:          2.0G       1.9G        80M       1.1M       308K       153M
-/+ buffers/cache:       1.7G       234M
Swap:         8.0G        11M       8.0G

             total       used       free     shared    buffers     cached
Mem:          2.0G       1.9G        66M       1.1M       316K       153M
-/+ buffers/cache:       1.7G       220M
Swap:         8.0G        11M       8.0G

             total       used       free     shared    buffers     cached
Mem:          2.0G       1.9G        70M       1.1M       316K       134M
-/+ buffers/cache:       1.8G       205M
Swap:         8.0G        11M       8.0G

             total       used       free     shared    buffers     cached
Mem:          2.0G       1.9G        69M       1.1M        80K       119M
-/+ buffers/cache:       1.8G       188M
Swap:         8.0G        11M       8.0G

             total       used       free     shared    buffers     cached
Mem:          2.0G       1.9G        66M       1.1M        92K       104M
-/+ buffers/cache:       1.8G       171M
Swap:         8.0G        11M       8.0G

             total       used       free     shared    buffers     cached
Mem:          2.0G       1.9G        85M       1.1M        92K        71M
-/+ buffers/cache:       1.8G       156M
Swap:         8.0G        11M       8.0G

             total       used       free     shared    buffers     cached
Mem:          2.0G       1.9G        67M       1.1M       100K        71M
-/+ buffers/cache:       1.8G       138M
Swap:         8.0G        11M       8.0G

             total       used       free     shared    buffers     cached
Mem:          2.0G       1.9G        65M       1.1M       100K        55M
-/+ buffers/cache:       1.8G       121M
Swap:         8.0G        11M       8.0G

             total       used       free     shared    buffers     cached
Mem:          2.0G       1.9G        79M       1.1M       120K        25M
-/+ buffers/cache:       1.9G       104M
Swap:         8.0G        11M       8.0G

             total       used       free     shared    buffers     cached
Mem:          2.0G       1.9G        75M       1.1M       516K        10M
-/+ buffers/cache:       1.9G        86M
Swap:         8.0G        11M       8.0G

             total       used       free     shared    buffers     cached
Mem:          2.0G       1.9G        72M       1.0M       460K       3.0M
-/+ buffers/cache:       1.9G        75M
Swap:         8.0G        19M       8.0G

             total       used       free     shared    buffers     cached
Mem:          2.0G       1.9G        67M       668K        80K       2.7M
-/+ buffers/cache:       1.9G        70M
Swap:         8.0G        37M       8.0G

             total       used       free     shared    buffers     cached
Mem:          2.0G       1.9G        69M       672K       376K       2.6M
-/+ buffers/cache:       1.9G        72M
Swap:         8.0G        64M       7.9G

             total       used       free     shared    buffers     cached
Mem:          2.0G       1.9G        66M       672K       376K       2.6M
-/+ buffers/cache:       1.9G        69M
Swap:         8.0G        64M       7.9G

             total       used       free     shared    buffers     cached
Mem:          2.0G       1.9G        89M       648K        76K       6.2M
-/+ buffers/cache:       1.9G        95M
Swap:         8.0G       122M       7.9G

             total       used       free     shared    buffers     cached
Mem:          2.0G       1.9G        68M       640K       220K        20M
-/+ buffers/cache:       1.9G        88M
Swap:         8.0G       119M       7.9G

             total       used       free     shared    buffers     cached
Mem:          2.0G       1.9G        80M       580K       360K       5.3M
-/+ buffers/cache:       1.9G        85M
Swap:         8.0G       159M       7.8G

             total       used       free     shared    buffers     cached
Mem:          2.0G       1.9G        64M       580K       376K       5.6M
-/+ buffers/cache:       1.9G        70M
Swap:         8.0G       159M       7.8G

             total       used       free     shared    buffers     cached
Mem:          2.0G       1.9G        67M       580K       376K       5.0M
-/+ buffers/cache:       1.9G        73M
Swap:         8.0G       159M       7.8G

             total       used       free     shared    buffers     cached
Mem:          2.0G       1.9G        69M       580K       376K       3.1M
-/+ buffers/cache:       1.9G        73M
Swap:         8.0G       173M       7.8G

             total       used       free     shared    buffers     cached
Mem:          2.0G       1.9G        69M       564K       644K       3.1M
-/+ buffers/cache:       1.9G        73M
Swap:         8.0G       209M       7.8G

             total       used       free     shared    buffers     cached
Mem:          2.0G       1.9G        74M       564K       648K       3.0M
-/+ buffers/cache:       1.9G        78M
Swap:         8.0G       223M       7.8G

             total       used       free     shared    buffers     cached
Mem:          2.0G       1.9G        72M       560K       656K       3.1M
-/+ buffers/cache:       1.9G        76M
Swap:         8.0G       223M       7.8G

             total       used       free     shared    buffers     cached
Mem:          2.0G       1.9G        66M       560K       656K       3.1M
-/+ buffers/cache:       1.9G        70M
Swap:         8.0G       223M       7.8G

             total       used       free     shared    buffers     cached
Mem:          2.0G       1.9G        76M       560K       656K       3.0M
-/+ buffers/cache:       1.9G        80M
Swap:         8.0G       228M       7.8G

             total       used       free     shared    buffers     cached
Mem:          2.0G       1.9G        73M       560K       588K       3.0M
-/+ buffers/cache:       1.9G        77M
Swap:         8.0G       243M       7.8G

             total       used       free     shared    buffers     cached
Mem:          2.0G       1.9G        80M       536K       588K       3.0M
-/+ buffers/cache:       1.9G        84M
Swap:         8.0G       299M       7.7G

             total       used       free     shared    buffers     cached
Mem:          2.0G       1.9G        69M       536K       588K       2.9M
-/+ buffers/cache:       1.9G        73M
Swap:         8.0G       299M       7.7G

             total       used       free     shared    buffers     cached
Mem:          2.0G       1.9G        73M       536K       552K       2.9M
-/+ buffers/cache:       1.9G        76M
Swap:         8.0G       299M       7.7G

             total       used       free     shared    buffers     cached
Mem:          2.0G       1.9G        80M       536K       456K       2.9M
-/+ buffers/cache:       1.9G        83M
Swap:         8.0G       299M       7.7G

             total       used       free     shared    buffers     cached
Mem:          2.0G       1.9G        79M       536K       456K       2.9M
-/+ buffers/cache:       1.9G        82M
Swap:         8.0G       298M       7.7G

             total       used       free     shared    buffers     cached
Mem:          2.0G       1.9G        78M       536K       456K       3.0M
-/+ buffers/cache:       1.9G        81M
Swap:         8.0G       298M       7.7G

             total       used       free     shared    buffers     cached
Mem:          2.0G       1.9G        77M       536K       456K       3.0M
-/+ buffers/cache:       1.9G        81M
Swap:         8.0G       298M       7.7G

             total       used       free     shared    buffers     cached
Mem:          2.0G       1.9G        76M       536K       464K       2.9M
-/+ buffers/cache:       1.9G        80M
Swap:         8.0G       297M       7.7G

             total       used       free     shared    buffers     cached
Mem:          2.0G       1.9G        76M       536K       464K       2.9M
-/+ buffers/cache:       1.9G        79M
Swap:         8.0G       297M       7.7G

             total       used       free     shared    buffers     cached
Mem:          2.0G       1.9G        75M       536K       464K       2.9M
-/+ buffers/cache:       1.9G        78M
Swap:         8.0G       296M       7.7G

             total       used       free     shared    buffers     cached
Mem:          2.0G       1.9G        74M       536K       464K       3.0M
-/+ buffers/cache:       1.9G        77M
Swap:         8.0G       296M       7.7G

             total       used       free     shared    buffers     cached
Mem:          2.0G       1.9G        73M       536K       464K       2.9M
-/+ buffers/cache:       1.9G        77M
Swap:         8.0G       296M       7.7G

             total       used       free     shared    buffers     cached
Mem:          2.0G       1.9G        72M       536K       472K       2.9M
-/+ buffers/cache:       1.9G        76M
Swap:         8.0G       295M       7.7G

             total       used       free     shared    buffers     cached
Mem:          2.0G       1.9G        72M       536K       472K       2.9M
-/+ buffers/cache:       1.9G        75M
Swap:         8.0G       295M       7.7G

             total       used       free     shared    buffers     cached
Mem:          2.0G       1.9G        71M       536K       472K       3.0M
-/+ buffers/cache:       1.9G        74M
Swap:         8.0G       294M       7.7G

             total       used       free     shared    buffers     cached
Mem:          2.0G       1.9G        70M       536K       472K       2.9M
-/+ buffers/cache:       1.9G        73M
Swap:         8.0G       294M       7.7G

             total       used       free     shared    buffers     cached
Mem:          2.0G       1.9G        69M       536K       472K       3.0M
-/+ buffers/cache:       1.9G        73M
Swap:         8.0G       293M       7.7G

             total       used       free     shared    buffers     cached
Mem:          2.0G       1.9G        69M       536K       472K       2.9M
-/+ buffers/cache:       1.9G        72M
Swap:         8.0G       293M       7.7G

             total       used       free     shared    buffers     cached
Mem:          2.0G       1.9G        68M       536K       480K       3.0M
-/+ buffers/cache:       1.9G        71M
Swap:         8.0G       293M       7.7G

             total       used       free     shared    buffers     cached
Mem:          2.0G       1.9G        67M       536K       480K       3.0M
-/+ buffers/cache:       1.9G        71M
Swap:         8.0G       292M       7.7G

             total       used       free     shared    buffers     cached
Mem:          2.0G       1.9G        66M       536K       480K       2.9M
-/+ buffers/cache:       1.9G        70M
Swap:         8.0G       292M       7.7G

             total       used       free     shared    buffers     cached
Mem:          2.0G       1.9G        66M       536K       480K       3.0M
-/+ buffers/cache:       1.9G        69M
Swap:         8.0G       291M       7.7G

             total       used       free     shared    buffers     cached
Mem:          2.0G       1.9G        65M       536K       480K       2.9M
-/+ buffers/cache:       1.9G        68M
Swap:         8.0G       291M       7.7G

             total       used       free     shared    buffers     cached
Mem:          2.0G       1.9G        64M       536K       488K       2.9M
-/+ buffers/cache:       1.9G        68M
Swap:         8.0G       290M       7.7G

             total       used       free     shared    buffers     cached
Mem:          2.0G       1.9G        80M       536K       380K       2.9M
-/+ buffers/cache:       1.9G        83M
Swap:         8.0G       308M       7.7G

             total       used       free     shared    buffers     cached
Mem:          2.0G       1.9G        80M       536K       380K       2.9M
-/+ buffers/cache:       1.9G        83M
Swap:         8.0G       308M       7.7G

             total       used       free     shared    buffers     cached
Mem:          2.0G       1.9G        79M       536K       380K       2.9M
-/+ buffers/cache:       1.9G        83M
Swap:         8.0G       308M       7.7G

             total       used       free     shared    buffers     cached
Mem:          2.0G       1.9G        79M       536K       380K       2.9M
-/+ buffers/cache:       1.9G        82M
Swap:         8.0G       307M       7.7G

             total       used       free     shared    buffers     cached
Mem:          2.0G       1.9G        79M       536K       388K       2.9M
-/+ buffers/cache:       1.9G        82M
Swap:         8.0G       307M       7.7G

             total       used       free     shared    buffers     cached
Mem:          2.0G       1.9G        78M       536K       388K       2.9M
-/+ buffers/cache:       1.9G        82M
Swap:         8.0G       307M       7.7G

             total       used       free     shared    buffers     cached
Mem:          2.0G       1.9G        78M       536K       400K       2.9M
-/+ buffers/cache:       1.9G        82M
Swap:         8.0G       307M       7.7G

             total       used       free     shared    buffers     cached
Mem:          2.0G       1.9G        78M       536K       400K       2.9M
-/+ buffers/cache:       1.9G        81M
Swap:         8.0G       307M       7.7G

             total       used       free     shared    buffers     cached
Mem:          2.0G       1.9G        78M       536K       400K       2.9M
-/+ buffers/cache:       1.9G        81M
Swap:         8.0G       307M       7.7G

             total       used       free     shared    buffers     cached
Mem:          2.0G       1.9G        78M       536K       400K       2.9M
-/+ buffers/cache:       1.9G        81M
Swap:         8.0G       307M       7.7G

             total       used       free     shared    buffers     cached
Mem:          2.0G       1.9G        78M       536K       408K       2.9M
-/+ buffers/cache:       1.9G        81M
Swap:         8.0G       306M       7.7G

             total       used       free     shared    buffers     cached
Mem:          2.0G       1.9G        61M       536K        88K        21M
-/+ buffers/cache:       1.9G        83M
Swap:         8.0G       308M       7.7G

             total       used       free     shared    buffers     cached
Mem:          2.0G       1.9G        83M       540K       228K        23M
-/+ buffers/cache:       1.8G       107M
Swap:         8.0G       351M       7.7G

             total       used       free     shared    buffers     cached
Mem:          2.0G       1.9G        83M       536K       232K        23M
-/+ buffers/cache:       1.8G       106M
Swap:         8.0G       351M       7.7G

             total       used       free     shared    buffers     cached
Mem:          2.0G       1.9G        82M       536K       244K        23M
-/+ buffers/cache:       1.8G       106M
Swap:         8.0G       351M       7.7G

             total       used       free     shared    buffers     cached
Mem:          2.0G       1.9G        81M       536K       244K        23M
-/+ buffers/cache:       1.8G       105M
Swap:         8.0G       351M       7.7G

             total       used       free     shared    buffers     cached
Mem:          2.0G       1.9G        81M       536K       244K        23M
-/+ buffers/cache:       1.9G       105M
Swap:         8.0G       350M       7.7G

             total       used       free     shared    buffers     cached
Mem:          2.0G       1.9G        81M       536K       252K        23M
-/+ buffers/cache:       1.9G       105M
Swap:         8.0G       350M       7.7G

             total       used       free     shared    buffers     cached
Mem:          2.0G       1.9G        80M       536K       252K        23M
-/+ buffers/cache:       1.9G       104M
Swap:         8.0G       350M       7.7G

             total       used       free     shared    buffers     cached
Mem:          2.0G       1.9G        78M       536K       252K        25M
-/+ buffers/cache:       1.9G       103M
Swap:         8.0G       349M       7.7G

             total       used       free     shared    buffers     cached
Mem:          2.0G       1.9G        76M       536K       252K        26M
-/+ buffers/cache:       1.9G       103M
Swap:         8.0G       349M       7.7G

             total       used       free     shared    buffers     cached
Mem:          2.0G       1.9G        76M       536K       252K        26M
-/+ buffers/cache:       1.9G       102M
Swap:         8.0G       348M       7.7G

             total       used       free     shared    buffers     cached
Mem:          2.0G       1.9G        75M       536K       260K        26M
-/+ buffers/cache:       1.9G       102M
Swap:         8.0G       348M       7.7G

             total       used       free     shared    buffers     cached
Mem:          2.0G       1.9G        74M       536K       260K        26M
-/+ buffers/cache:       1.9G       101M
Swap:         8.0G       348M       7.7G

             total       used       free     shared    buffers     cached
Mem:          2.0G       1.9G        73M       536K       260K        27M
-/+ buffers/cache:       1.9G       100M
Swap:         8.0G       347M       7.7G

             total       used       free     shared    buffers     cached
Mem:          2.0G       1.9G        68M       536K       260K        31M
-/+ buffers/cache:       1.9G       100M
Swap:         8.0G       347M       7.7G

             total       used       free     shared    buffers     cached
Mem:          2.0G       1.9G        68M       536K       576K        31M
-/+ buffers/cache:       1.9G        99M
Swap:         8.0G       346M       7.7G

             total       used       free     shared    buffers     cached
Mem:          2.0G       1.9G        67M       536K       576K        31M
-/+ buffers/cache:       1.9G        98M
Swap:         8.0G       346M       7.7G

             total       used       free     shared    buffers     cached
Mem:          2.0G       1.9G        66M       536K       584K        31M
-/+ buffers/cache:       1.9G        98M
Swap:         8.0G       346M       7.7G

             total       used       free     shared    buffers     cached
Mem:          2.0G       1.9G        66M       536K       584K        31M
-/+ buffers/cache:       1.9G        97M
Swap:         8.0G       345M       7.7G

             total       used       free     shared    buffers     cached
Mem:          2.0G       1.9G        65M       536K       584K        31M
-/+ buffers/cache:       1.9G        97M
Swap:         8.0G       345M       7.7G

             total       used       free     shared    buffers     cached
Mem:          2.0G       1.9G        65M       536K       584K        31M
-/+ buffers/cache:       1.9G        96M
Swap:         8.0G       344M       7.7G

             total       used       free     shared    buffers     cached
Mem:          2.0G       1.9G        64M       536K       584K        31M
-/+ buffers/cache:       1.9G        96M
Swap:         8.0G       344M       7.7G

             total       used       free     shared    buffers     cached
Mem:          2.0G       1.9G        76M       536K       592K        29M
-/+ buffers/cache:       1.8G       106M
Swap:         8.0G       344M       7.7G

             total       used       free     shared    buffers     cached
Mem:          2.0G       1.9G        76M       536K       592K        29M
-/+ buffers/cache:       1.8G       105M
Swap:         8.0G       343M       7.7G

             total       used       free     shared    buffers     cached
Mem:          2.0G       1.9G        75M       536K       592K        29M
-/+ buffers/cache:       1.9G       105M
Swap:         8.0G       343M       7.7G

             total       used       free     shared    buffers     cached
Mem:          2.0G       1.9G        74M       536K       592K        29M
-/+ buffers/cache:       1.9G       104M
Swap:         8.0G       343M       7.7G

             total       used       free     shared    buffers     cached
Mem:          2.0G       1.9G        74M       536K       592K        29M
-/+ buffers/cache:       1.9G       104M
Swap:         8.0G       342M       7.7G

             total       used       free     shared    buffers     cached
Mem:          2.0G       1.9G        73M       536K       592K        29M
-/+ buffers/cache:       1.9G       103M
Swap:         8.0G       342M       7.7G

             total       used       free     shared    buffers     cached
Mem:          2.0G       1.9G        73M       536K       600K        29M
-/+ buffers/cache:       1.9G       102M
Swap:         8.0G       342M       7.7G

             total       used       free     shared    buffers     cached
Mem:          2.0G       1.9G        72M       536K       600K        29M
-/+ buffers/cache:       1.9G       102M
Swap:         8.0G       341M       7.7G

             total       used       free     shared    buffers     cached
Mem:          2.0G       1.9G        72M       536K       600K        29M
-/+ buffers/cache:       1.9G       101M
Swap:         8.0G       341M       7.7G

             total       used       free     shared    buffers     cached
Mem:          2.0G       1.9G        71M       536K       600K        29M
-/+ buffers/cache:       1.9G       101M
Swap:         8.0G       341M       7.7G

             total       used       free     shared    buffers     cached
Mem:          2.0G       1.9G        71M       536K       600K        29M
-/+ buffers/cache:       1.9G       100M
Swap:         8.0G       340M       7.7G

             total       used       free     shared    buffers     cached
Mem:          2.0G       1.9G        70M       536K       608K        29M
-/+ buffers/cache:       1.9G       100M
Swap:         8.0G       340M       7.7G

             total       used       free     shared    buffers     cached
Mem:          2.0G       1.9G        69M       536K       608K        29M
-/+ buffers/cache:       1.9G        99M
Swap:         8.0G       340M       7.7G

             total       used       free     shared    buffers     cached
Mem:          2.0G       1.9G        69M       536K       608K        29M
-/+ buffers/cache:       1.9G        98M
Swap:         8.0G       339M       7.7G

             total       used       free     shared    buffers     cached
Mem:          2.0G       1.9G        68M       536K       608K        29M
-/+ buffers/cache:       1.9G        98M
Swap:         8.0G       339M       7.7G

             total       used       free     shared    buffers     cached
Mem:          2.0G       1.9G        68M       536K       608K        29M
-/+ buffers/cache:       1.9G        97M
Swap:         8.0G       339M       7.7G

             total       used       free     shared    buffers     cached
Mem:          2.0G       1.9G        67M       536K       608K        29M
-/+ buffers/cache:       1.9G        97M
Swap:         8.0G       338M       7.7G

             total       used       free     shared    buffers     cached
Mem:          2.0G       1.9G        66M       536K       616K        29M
-/+ buffers/cache:       1.9G        96M
Swap:         8.0G       338M       7.7G

             total       used       free     shared    buffers     cached
Mem:          2.0G       1.9G        66M       536K       616K        29M
-/+ buffers/cache:       1.9G        96M
Swap:         8.0G       338M       7.7G

             total       used       free     shared    buffers     cached
Mem:          2.0G       1.9G        65M       536K       616K        29M
-/+ buffers/cache:       1.9G        95M
Swap:         8.0G       337M       7.7G

             total       used       free     shared    buffers     cached
Mem:          2.0G       1.9G        65M       536K       616K        29M
-/+ buffers/cache:       1.9G        95M
Swap:         8.0G       337M       7.7G

             total       used       free     shared    buffers     cached
Mem:          2.0G       1.9G        64M       536K       616K        29M
-/+ buffers/cache:       1.9G        94M
Swap:         8.0G       337M       7.7G

             total       used       free     shared    buffers     cached
Mem:          2.0G       1.9G        80M       536K       572K        25M
-/+ buffers/cache:       1.8G       106M
Swap:         8.0G       351M       7.7G

             total       used       free     shared    buffers     cached
Mem:          2.0G       1.9G        79M       536K       572K        25M
-/+ buffers/cache:       1.8G       106M
Swap:         8.0G       351M       7.7G

             total       used       free     shared    buffers     cached
Mem:          2.0G       1.9G        79M       536K       572K        25M
-/+ buffers/cache:       1.9G       105M
Swap:         8.0G       350M       7.7G

             total       used       free     shared    buffers     cached
Mem:          2.0G       1.9G        78M       536K       572K        25M
-/+ buffers/cache:       1.9G       104M
Swap:         8.0G       350M       7.7G

             total       used       free     shared    buffers     cached
Mem:          2.0G       1.9G        77M       536K       572K        25M
-/+ buffers/cache:       1.9G       104M
Swap:         8.0G       350M       7.7G

             total       used       free     shared    buffers     cached
Mem:          2.0G       1.9G        77M       536K       572K        25M
-/+ buffers/cache:       1.9G       103M
Swap:         8.0G       349M       7.7G

             total       used       free     shared    buffers     cached
Mem:          2.0G       1.9G        76M       536K       580K        25M
-/+ buffers/cache:       1.9G       103M
Swap:         8.0G       349M       7.7G

             total       used       free     shared    buffers     cached
Mem:          2.0G       1.9G        75M       536K       580K        25M
-/+ buffers/cache:       1.9G       102M
Swap:         8.0G       349M       7.7G

             total       used       free     shared    buffers     cached
Mem:          2.0G       1.9G        75M       536K       580K        25M
-/+ buffers/cache:       1.9G       101M
Swap:         8.0G       348M       7.7G

             total       used       free     shared    buffers     cached
Mem:          2.0G       1.9G        74M       536K       580K        25M
-/+ buffers/cache:       1.9G       101M
Swap:         8.0G       348M       7.7G

             total       used       free     shared    buffers     cached
Mem:          2.0G       1.9G        74M       536K       580K        25M
-/+ buffers/cache:       1.9G       100M
Swap:         8.0G       347M       7.7G

             total       used       free     shared    buffers     cached
Mem:          2.0G       1.9G        73M       536K       588K        25M
-/+ buffers/cache:       1.9G        99M
Swap:         8.0G       347M       7.7G

             total       used       free     shared    buffers     cached
Mem:          2.0G       1.9G        72M       536K       588K        25M
-/+ buffers/cache:       1.9G        99M
Swap:         8.0G       347M       7.7G

             total       used       free     shared    buffers     cached
Mem:          2.0G       1.9G        72M       536K       588K        25M
-/+ buffers/cache:       1.9G        98M
Swap:         8.0G       346M       7.7G

             total       used       free     shared    buffers     cached
Mem:          2.0G       1.9G        71M       536K       588K        25M
-/+ buffers/cache:       1.9G        98M
Swap:         8.0G       346M       7.7G

             total       used       free     shared    buffers     cached
Mem:          2.0G       1.9G        71M       536K       588K        25M
-/+ buffers/cache:       1.9G        97M
Swap:         8.0G       346M       7.7G

             total       used       free     shared    buffers     cached
Mem:          2.0G       1.9G        70M       536K       588K        25M
-/+ buffers/cache:       1.9G        97M
Swap:         8.0G       345M       7.7G

             total       used       free     shared    buffers     cached
Mem:          2.0G       1.9G        69M       536K       596K        25M
-/+ buffers/cache:       1.9G        96M
Swap:         8.0G       345M       7.7G

             total       used       free     shared    buffers     cached
Mem:          2.0G       1.9G        69M       536K       596K        25M
-/+ buffers/cache:       1.9G        95M
Swap:         8.0G       344M       7.7G

             total       used       free     shared    buffers     cached
Mem:          2.0G       1.9G        68M       536K       596K        25M
-/+ buffers/cache:       1.9G        95M
Swap:         8.0G       344M       7.7G

             total       used       free     shared    buffers     cached
Mem:          2.0G       1.9G        67M       536K       596K        26M
-/+ buffers/cache:       1.9G        94M
Swap:         8.0G       344M       7.7G

             total       used       free     shared    buffers     cached
Mem:          2.0G       1.9G        67M       536K       596K        26M
-/+ buffers/cache:       1.9G        94M
Swap:         8.0G       343M       7.7G

             total       used       free     shared    buffers     cached
Mem:          2.0G       1.9G        65M       540K       740K        26M
-/+ buffers/cache:       1.9G        93M
Swap:         8.0G       343M       7.7G

             total       used       free     shared    buffers     cached
Mem:          2.0G       1.9G        64M       540K       740K        26M
-/+ buffers/cache:       1.9G        92M
Swap:         8.0G       342M       7.7G

             total       used       free     shared    buffers     cached
Mem:          2.0G       1.9G        78M       540K       740K        25M
-/+ buffers/cache:       1.9G       104M
Swap:         8.0G       355M       7.6G

             total       used       free     shared    buffers     cached
Mem:          2.0G       1.9G        71M       540K       740K        27M
-/+ buffers/cache:       1.9G        99M
Swap:         8.0G       353M       7.7G

             total       used       free     shared    buffers     cached
Mem:          2.0G       1.9G        71M       540K       740K        27M
-/+ buffers/cache:       1.9G        99M
Swap:         8.0G       352M       7.7G

             total       used       free     shared    buffers     cached
Mem:          2.0G       1.9G        66M       540K       740K        29M
-/+ buffers/cache:       1.9G        96M
Swap:         8.0G       351M       7.7G

             total       used       free     shared    buffers     cached
Mem:          2.0G       1.9G        80M       540K       748K        27M
-/+ buffers/cache:       1.8G       109M
Swap:         8.0G       366M       7.6G

             total       used       free     shared    buffers     cached
Mem:          2.0G       1.9G        79M       540K       748K        27M
-/+ buffers/cache:       1.8G       108M
Swap:         8.0G       365M       7.6G

             total       used       free     shared    buffers     cached
Mem:          2.0G       1.9G        78M       540K       748K        28M
-/+ buffers/cache:       1.8G       107M
Swap:         8.0G       365M       7.6G

             total       used       free     shared    buffers     cached
Mem:          2.0G       1.9G        78M       540K       748K        28M
-/+ buffers/cache:       1.8G       107M
Swap:         8.0G       365M       7.6G

             total       used       free     shared    buffers     cached
Mem:          2.0G       1.9G        77M       540K       748K        28M
-/+ buffers/cache:       1.8G       107M
Swap:         8.0G       365M       7.6G

             total       used       free     shared    buffers     cached
Mem:          2.0G       1.9G        77M       540K       756K        28M
-/+ buffers/cache:       1.8G       106M
Swap:         8.0G       364M       7.6G

             total       used       free     shared    buffers     cached
Mem:          2.0G       1.9G        76M       540K       756K        28M
-/+ buffers/cache:       1.8G       106M
Swap:         8.0G       364M       7.6G

             total       used       free     shared    buffers     cached
Mem:          2.0G       1.9G        76M       540K       756K        28M
-/+ buffers/cache:       1.8G       105M
Swap:         8.0G       364M       7.6G

             total       used       free     shared    buffers     cached
Mem:          2.0G       1.9G        75M       540K       756K        28M
-/+ buffers/cache:       1.9G       105M
Swap:         8.0G       364M       7.6G

             total       used       free     shared    buffers     cached
Mem:          2.0G       1.9G        75M       540K       756K        28M
-/+ buffers/cache:       1.9G       104M
Swap:         8.0G       363M       7.6G

             total       used       free     shared    buffers     cached
Mem:          2.0G       1.9G        74M       604K       888K        33M
-/+ buffers/cache:       1.8G       108M
Swap:         8.0G       364M       7.6G

             total       used       free     shared    buffers     cached
Mem:          2.0G       1.9G        83M       4.2M       3.2M        46M
-/+ buffers/cache:       1.8G       133M
Swap:         8.0G       420M       7.6G

             total       used       free     shared    buffers     cached
Mem:          2.0G       1.9G        77M       4.3M       3.4M        61M
-/+ buffers/cache:       1.8G       142M
Swap:         8.0G       417M       7.6G

             total       used       free     shared    buffers     cached
Mem:          2.0G       1.9G        68M       628K       3.7M        62M
-/+ buffers/cache:       1.8G       135M
Swap:         8.0G       413M       7.6G

             total       used       free     shared    buffers     cached
Mem:          2.0G       1.9G        67M       628K       3.7M        62M
-/+ buffers/cache:       1.8G       134M
Swap:         8.0G       413M       7.6G

             total       used       free     shared    buffers     cached
Mem:          2.0G       1.9G        66M       628K       3.7M        62M
-/+ buffers/cache:       1.8G       132M
Swap:         8.0G       413M       7.6G

             total       used       free     shared    buffers     cached
Mem:          2.0G       1.9G        65M       628K       3.7M        62M
-/+ buffers/cache:       1.8G       132M
Swap:         8.0G       412M       7.6G

             total       used       free     shared    buffers     cached
Mem:          2.0G       1.9G        65M       628K       3.7M        62M
-/+ buffers/cache:       1.8G       131M
Swap:         8.0G       412M       7.6G

             total       used       free     shared    buffers     cached
Mem:          2.0G       1.9G        84M       628K       3.6M        57M
-/+ buffers/cache:       1.8G       145M
Swap:         8.0G       435M       7.6G

             total       used       free     shared    buffers     cached
Mem:          2.0G       1.9G        82M       628K       3.7M        58M
-/+ buffers/cache:       1.8G       145M
Swap:         8.0G       435M       7.6G

             total       used       free     shared    buffers     cached
Mem:          2.0G       1.9G        82M       628K       3.7M        58M
-/+ buffers/cache:       1.8G       144M
Swap:         8.0G       434M       7.6G

             total       used       free     shared    buffers     cached
Mem:          2.0G       1.9G        81M       628K       3.7M        58M
-/+ buffers/cache:       1.8G       143M
Swap:         8.0G       434M       7.6G

             total       used       free     shared    buffers     cached
Mem:          2.0G       1.9G        80M       628K       3.7M        58M
-/+ buffers/cache:       1.8G       142M
Swap:         8.0G       433M       7.6G

             total       used       free     shared    buffers     cached
Mem:          2.0G       1.9G        79M       628K       3.7M        58M
-/+ buffers/cache:       1.8G       141M
Swap:         8.0G       432M       7.6G

             total       used       free     shared    buffers     cached
Mem:          2.0G       1.9G        78M       628K       3.7M        58M
-/+ buffers/cache:       1.8G       141M
Swap:         8.0G       431M       7.6G

             total       used       free     shared    buffers     cached
Mem:          2.0G       1.9G        77M       628K       3.7M        58M
-/+ buffers/cache:       1.8G       139M
Swap:         8.0G       430M       7.6G

             total       used       free     shared    buffers     cached
Mem:          2.0G       1.9G        76M       628K       3.7M        58M
-/+ buffers/cache:       1.8G       138M
Swap:         8.0G       430M       7.6G

             total       used       free     shared    buffers     cached
Mem:          2.0G       1.9G        75M       628K       3.7M        58M
-/+ buffers/cache:       1.8G       137M
Swap:         8.0G       429M       7.6G

             total       used       free     shared    buffers     cached
Mem:          2.0G       1.9G        74M       628K       3.7M        58M
-/+ buffers/cache:       1.8G       136M
Swap:         8.0G       428M       7.6G

             total       used       free     shared    buffers     cached
Mem:          2.0G       1.9G        73M       628K       3.7M        58M
-/+ buffers/cache:       1.8G       135M
Swap:         8.0G       427M       7.6G

             total       used       free     shared    buffers     cached
Mem:          2.0G       1.9G        72M       628K       3.7M        58M
-/+ buffers/cache:       1.8G       135M
Swap:         8.0G       425M       7.6G

             total       used       free     shared    buffers     cached
Mem:          2.0G       1.9G        71M       628K       3.7M        58M
-/+ buffers/cache:       1.8G       133M
Swap:         8.0G       424M       7.6G

             total       used       free     shared    buffers     cached
Mem:          2.0G       1.9G        70M       628K       3.7M        58M
-/+ buffers/cache:       1.8G       133M
Swap:         8.0G       423M       7.6G

             total       used       free     shared    buffers     cached
Mem:          2.0G       1.9G        69M       628K       3.7M        58M
-/+ buffers/cache:       1.8G       131M
Swap:         8.0G       422M       7.6G

             total       used       free     shared    buffers     cached
Mem:          2.0G       1.9G        68M       628K       3.7M        58M
-/+ buffers/cache:       1.8G       131M
Swap:         8.0G       421M       7.6G

             total       used       free     shared    buffers     cached
Mem:          2.0G       1.9G        67M       628K       3.7M        58M
-/+ buffers/cache:       1.8G       130M
Swap:         8.0G       419M       7.6G

             total       used       free     shared    buffers     cached
Mem:          2.0G       1.9G        66M       628K       3.7M        58M
-/+ buffers/cache:       1.8G       129M
Swap:         8.0G       418M       7.6G

             total       used       free     shared    buffers     cached
Mem:          2.0G       1.9G        65M       628K       3.7M        58M
-/+ buffers/cache:       1.8G       128M
Swap:         8.0G       417M       7.6G

             total       used       free     shared    buffers     cached
Mem:          2.0G       1.9G        76M       628K       3.7M        57M
-/+ buffers/cache:       1.8G       137M
Swap:         8.0G       428M       7.6G

             total       used       free     shared    buffers     cached
Mem:          2.0G       1.9G        75M       628K       3.7M        57M
-/+ buffers/cache:       1.8G       136M
Swap:         8.0G       427M       7.6G

             total       used       free     shared    buffers     cached
Mem:          2.0G       1.9G        75M       628K       3.7M        57M
-/+ buffers/cache:       1.8G       136M
Swap:         8.0G       426M       7.6G

             total       used       free     shared    buffers     cached
Mem:          2.0G       1.9G        74M       628K       3.7M        57M
-/+ buffers/cache:       1.8G       135M
Swap:         8.0G       425M       7.6G

             total       used       free     shared    buffers     cached
Mem:          2.0G       1.9G        73M       628K       3.7M        57M
-/+ buffers/cache:       1.8G       134M
Swap:         8.0G       424M       7.6G

             total       used       free     shared    buffers     cached
Mem:          2.0G       1.9G        72M       628K       3.7M        57M
-/+ buffers/cache:       1.8G       133M
Swap:         8.0G       423M       7.6G

             total       used       free     shared    buffers     cached
Mem:          2.0G       1.9G        71M       628K       3.7M        57M
-/+ buffers/cache:       1.8G       132M
Swap:         8.0G       422M       7.6G

             total       used       free     shared    buffers     cached
Mem:          2.0G       1.9G        65M       628K       4.2M        60M
-/+ buffers/cache:       1.8G       130M
Swap:         8.0G       421M       7.6G

             total       used       free     shared    buffers     cached
Mem:          2.0G       1.9G        77M       676K       8.1M        68M
-/+ buffers/cache:       1.8G       154M
Swap:         8.0G       437M       7.6G

             total       used       free     shared    buffers     cached
Mem:          2.0G       1.9G        74M       680K       8.1M        71M
-/+ buffers/cache:       1.8G       153M
Swap:         8.0G       436M       7.6G
