             total       used       free     shared    buffers     cached
Mem:          992M       659M       332M       3.2M        38M       289M
-/+ buffers/cache:       331M       660M
Swap:         8.0G         0B       8.0G

             total       used       free     shared    buffers     cached
Mem:          992M       657M       334M       1.4M        38M       287M
-/+ buffers/cache:       330M       661M
Swap:         8.0G         0B       8.0G

             total       used       free     shared    buffers     cached
Mem:          992M       657M       335M       1.4M        38M       288M
-/+ buffers/cache:       330M       661M
Swap:         8.0G         0B       8.0G

             total       used       free     shared    buffers     cached
Mem:          992M       657M       335M       1.4M        38M       288M
-/+ buffers/cache:       330M       661M
Swap:         8.0G         0B       8.0G

             total       used       free     shared    buffers     cached
Mem:          992M       657M       335M       1.4M        38M       288M
-/+ buffers/cache:       330M       661M
Swap:         8.0G         0B       8.0G

             total       used       free     shared    buffers     cached
Mem:          992M       657M       335M       1.4M        38M       288M
-/+ buffers/cache:       330M       661M
Swap:         8.0G         0B       8.0G

             total       used       free     shared    buffers     cached
Mem:          992M       656M       335M       1.4M        38M       288M
-/+ buffers/cache:       330M       662M
Swap:         8.0G         0B       8.0G

             total       used       free     shared    buffers     cached
Mem:          992M       656M       335M       1.4M        38M       288M
-/+ buffers/cache:       329M       662M
Swap:         8.0G         0B       8.0G

             total       used       free     shared    buffers     cached
Mem:          992M       656M       335M       1.4M        38M       288M
-/+ buffers/cache:       329M       662M
Swap:         8.0G         0B       8.0G

             total       used       free     shared    buffers     cached
Mem:          992M       656M       335M       1.4M        38M       288M
-/+ buffers/cache:       329M       662M
Swap:         8.0G         0B       8.0G

             total       used       free     shared    buffers     cached
Mem:          992M       659M       332M       1.4M        38M       288M
-/+ buffers/cache:       333M       659M
Swap:         8.0G         0B       8.0G

             total       used       free     shared    buffers     cached
Mem:          992M       678M       313M       1.4M        38M       288M
-/+ buffers/cache:       351M       640M
Swap:         8.0G         0B       8.0G

             total       used       free     shared    buffers     cached
Mem:          992M       692M       300M       1.4M        38M       288M
-/+ buffers/cache:       364M       627M
Swap:         8.0G         0B       8.0G

             total       used       free     shared    buffers     cached
Mem:          992M       665M       326M       1.4M        38M       289M
-/+ buffers/cache:       337M       654M
Swap:         8.0G         0B       8.0G

             total       used       free     shared    buffers     cached
Mem:          992M       665M       326M       1.4M        38M       289M
-/+ buffers/cache:       337M       654M
Swap:         8.0G         0B       8.0G

             total       used       free     shared    buffers     cached
Mem:          992M       666M       325M       1.4M        38M       289M
-/+ buffers/cache:       337M       654M
Swap:         8.0G         0B       8.0G

             total       used       free     shared    buffers     cached
Mem:          992M       666M       325M       1.4M        38M       289M
-/+ buffers/cache:       337M       654M
Swap:         8.0G         0B       8.0G

             total       used       free     shared    buffers     cached
Mem:          992M       666M       325M       1.4M        38M       289M
-/+ buffers/cache:       337M       654M
Swap:         8.0G         0B       8.0G

             total       used       free     shared    buffers     cached
Mem:          992M       666M       325M       1.4M        38M       289M
-/+ buffers/cache:       337M       654M
Swap:         8.0G         0B       8.0G

             total       used       free     shared    buffers     cached
Mem:          992M       666M       325M       1.4M        38M       289M
-/+ buffers/cache:       337M       654M
Swap:         8.0G         0B       8.0G

             total       used       free     shared    buffers     cached
Mem:          992M       666M       325M       1.4M        38M       289M
-/+ buffers/cache:       337M       654M
Swap:         8.0G         0B       8.0G

             total       used       free     shared    buffers     cached
Mem:          992M       666M       325M       1.4M        38M       289M
-/+ buffers/cache:       337M       654M
Swap:         8.0G         0B       8.0G

             total       used       free     shared    buffers     cached
Mem:          992M       666M       325M       1.4M        38M       289M
-/+ buffers/cache:       337M       654M
Swap:         8.0G         0B       8.0G

             total       used       free     shared    buffers     cached
Mem:          992M       666M       325M       1.4M        38M       289M
-/+ buffers/cache:       337M       654M
Swap:         8.0G         0B       8.0G

             total       used       free     shared    buffers     cached
Mem:          992M       666M       325M       1.4M        38M       289M
-/+ buffers/cache:       337M       654M
Swap:         8.0G         0B       8.0G

             total       used       free     shared    buffers     cached
Mem:          992M       666M       325M       1.4M        38M       289M
-/+ buffers/cache:       337M       654M
Swap:         8.0G         0B       8.0G

             total       used       free     shared    buffers     cached
Mem:          992M       666M       325M       1.4M        38M       289M
-/+ buffers/cache:       337M       654M
Swap:         8.0G         0B       8.0G

             total       used       free     shared    buffers     cached
Mem:          992M       666M       325M       1.4M        38M       289M
-/+ buffers/cache:       337M       654M
Swap:         8.0G         0B       8.0G

             total       used       free     shared    buffers     cached
Mem:          992M       666M       325M       1.4M        38M       289M
-/+ buffers/cache:       337M       654M
Swap:         8.0G         0B       8.0G

             total       used       free     shared    buffers     cached
Mem:          992M       666M       325M       1.4M        38M       289M
-/+ buffers/cache:       337M       654M
Swap:         8.0G         0B       8.0G

             total       used       free     shared    buffers     cached
Mem:          992M       666M       325M       1.4M        38M       289M
-/+ buffers/cache:       337M       654M
Swap:         8.0G         0B       8.0G

             total       used       free     shared    buffers     cached
Mem:          992M       666M       325M       1.4M        38M       289M
-/+ buffers/cache:       337M       654M
Swap:         8.0G         0B       8.0G

             total       used       free     shared    buffers     cached
Mem:          992M       666M       325M       1.4M        38M       289M
-/+ buffers/cache:       337M       654M
Swap:         8.0G         0B       8.0G

             total       used       free     shared    buffers     cached
Mem:          992M       673M       318M       1.4M        38M       289M
-/+ buffers/cache:       344M       647M
Swap:         8.0G         0B       8.0G

             total       used       free     shared    buffers     cached
Mem:          992M       693M       298M       1.4M        38M       289M
-/+ buffers/cache:       365M       627M
Swap:         8.0G         0B       8.0G

             total       used       free     shared    buffers     cached
Mem:          992M       710M       281M       1.4M        38M       289M
-/+ buffers/cache:       382M       610M
Swap:         8.0G         0B       8.0G

             total       used       free     shared    buffers     cached
Mem:          992M       728M       263M       1.4M        38M       289M
-/+ buffers/cache:       400M       591M
Swap:         8.0G         0B       8.0G

             total       used       free     shared    buffers     cached
Mem:          992M       746M       245M       1.4M        38M       289M
-/+ buffers/cache:       418M       573M
Swap:         8.0G         0B       8.0G

             total       used       free     shared    buffers     cached
Mem:          992M       764M       227M       1.4M        38M       289M
-/+ buffers/cache:       436M       555M
Swap:         8.0G         0B       8.0G

             total       used       free     shared    buffers     cached
Mem:          992M       780M       212M       1.4M        38M       289M
-/+ buffers/cache:       451M       540M
Swap:         8.0G         0B       8.0G

             total       used       free     shared    buffers     cached
Mem:          992M       797M       194M       1.4M        38M       289M
-/+ buffers/cache:       468M       523M
Swap:         8.0G         0B       8.0G

             total       used       free     shared    buffers     cached
Mem:          992M       813M       178M       1.4M        38M       289M
-/+ buffers/cache:       484M       507M
Swap:         8.0G         0B       8.0G

             total       used       free     shared    buffers     cached
Mem:          992M       830M       161M       1.4M        38M       289M
-/+ buffers/cache:       501M       490M
Swap:         8.0G         0B       8.0G

             total       used       free     shared    buffers     cached
Mem:          992M       850M       141M       1.4M        38M       289M
-/+ buffers/cache:       521M       470M
Swap:         8.0G         0B       8.0G

             total       used       free     shared    buffers     cached
Mem:          992M       865M       126M       1.4M        38M       289M
-/+ buffers/cache:       536M       455M
Swap:         8.0G         0B       8.0G

             total       used       free     shared    buffers     cached
Mem:          992M       881M       110M       1.4M        38M       289M
-/+ buffers/cache:       552M       439M
Swap:         8.0G         0B       8.0G

             total       used       free     shared    buffers     cached
Mem:          992M       896M        95M       1.4M        38M       289M
-/+ buffers/cache:       568M       424M
Swap:         8.0G         0B       8.0G

             total       used       free     shared    buffers     cached
Mem:          992M       914M        77M       1.4M        38M       289M
-/+ buffers/cache:       586M       406M
Swap:         8.0G         0B       8.0G

             total       used       free     shared    buffers     cached
Mem:          992M       931M        60M       1.4M        38M       289M
-/+ buffers/cache:       602M       389M
Swap:         8.0G         0B       8.0G

             total       used       free     shared    buffers     cached
Mem:          992M       926M        65M       1.4M        17M       288M
-/+ buffers/cache:       620M       371M
Swap:         8.0G         0B       8.0G

             total       used       free     shared    buffers     cached
Mem:          992M       925M        66M       1.4M        10M       278M
-/+ buffers/cache:       636M       356M
Swap:         8.0G         0B       8.0G

             total       used       free     shared    buffers     cached
Mem:          992M       925M        66M       1.4M       9.7M       262M
-/+ buffers/cache:       653M       338M
Swap:         8.0G        76K       8.0G

             total       used       free     shared    buffers     cached
Mem:          992M       923M        68M       1.3M       9.7M       244M
-/+ buffers/cache:       669M       322M
Swap:         8.0G       376K       8.0G

             total       used       free     shared    buffers     cached
Mem:          992M       925M        66M       1.2M       9.7M       232M
-/+ buffers/cache:       683M       308M
Swap:         8.0G       4.2M       8.0G

             total       used       free     shared    buffers     cached
Mem:          992M       911M        80M       1.2M       9.7M       205M
-/+ buffers/cache:       696M       296M
Swap:         8.0G       8.7M       8.0G

             total       used       free     shared    buffers     cached
Mem:          992M       927M        64M       1.2M       9.7M       205M
-/+ buffers/cache:       712M       280M
Swap:         8.0G       8.7M       8.0G

             total       used       free     shared    buffers     cached
Mem:          992M       918M        73M       1.2M       1.4M       188M
-/+ buffers/cache:       728M       264M
Swap:         8.0G       8.7M       8.0G

             total       used       free     shared    buffers     cached
Mem:          992M       914M        78M       1.2M       212K       167M
-/+ buffers/cache:       746M       245M
Swap:         8.0G       8.7M       8.0G

             total       used       free     shared    buffers     cached
Mem:          992M       912M        79M       1.2M       192K       147M
-/+ buffers/cache:       765M       226M
Swap:         8.0G       8.7M       8.0G

             total       used       free     shared    buffers     cached
Mem:          992M       927M        64M       1.2M       192K       147M
-/+ buffers/cache:       779M       212M
Swap:         8.0G       8.7M       8.0G

             total       used       free     shared    buffers     cached
Mem:          992M       919M        72M       1.2M       192K       129M
-/+ buffers/cache:       789M       202M
Swap:         8.0G       8.7M       8.0G

             total       used       free     shared    buffers     cached
Mem:          992M       919M        72M       1.2M        76K       114M
-/+ buffers/cache:       804M       187M
Swap:         8.0G       8.7M       8.0G

             total       used       free     shared    buffers     cached
Mem:          992M       923M        68M       1.2M       232K       101M
-/+ buffers/cache:       821M       170M
Swap:         8.0G       8.7M       8.0G

             total       used       free     shared    buffers     cached
Mem:          992M       925M        66M       1.2M       244K        89M
-/+ buffers/cache:       836M       155M
Swap:         8.0G       8.7M       8.0G

             total       used       free     shared    buffers     cached
Mem:          992M       922M        69M       1.2M       244K        68M
-/+ buffers/cache:       853M       138M
Swap:         8.0G       8.7M       8.0G

             total       used       free     shared    buffers     cached
Mem:          992M       923M        68M       1.2M       244K        53M
-/+ buffers/cache:       869M       122M
Swap:         8.0G       8.7M       8.0G

             total       used       free     shared    buffers     cached
Mem:          992M       923M        68M       1.2M       384K        37M
-/+ buffers/cache:       885M       106M
Swap:         8.0G       8.7M       8.0G

             total       used       free     shared    buffers     cached
Mem:          992M       923M        69M       1.2M       668K        21M
-/+ buffers/cache:       900M        91M
Swap:         8.0G       8.7M       8.0G

             total       used       free     shared    buffers     cached
Mem:          992M       924M        67M       1.2M       668K       8.0M
-/+ buffers/cache:       915M        76M
Swap:         8.0G       8.9M       8.0G

             total       used       free     shared    buffers     cached
Mem:          992M       925M        67M       676K        92K       5.3M
-/+ buffers/cache:       919M        72M
Swap:         8.0G        47M       8.0G

             total       used       free     shared    buffers     cached
Mem:          992M       919M        72M       664K       2.9M        12M
-/+ buffers/cache:       904M        87M
Swap:         8.0G        76M       7.9G

             total       used       free     shared    buffers     cached
Mem:          992M       918M        73M       664K       2.8M        12M
-/+ buffers/cache:       903M        88M
Swap:         8.0G        76M       7.9G

             total       used       free     shared    buffers     cached
Mem:          992M       920M        71M       664K       1.7M        11M
-/+ buffers/cache:       906M        85M
Swap:         8.0G        93M       7.9G

             total       used       free     shared    buffers     cached
Mem:          992M       921M        70M       644K       360K        10M
-/+ buffers/cache:       910M        81M
Swap:         8.0G        96M       7.9G

             total       used       free     shared    buffers     cached
Mem:          992M       915M        76M       644K        96K       1.8M
-/+ buffers/cache:       913M        78M
Swap:         8.0G       110M       7.9G

             total       used       free     shared    buffers     cached
Mem:          992M       926M        65M       632K       248K        21M
-/+ buffers/cache:       904M        87M
Swap:         8.0G       141M       7.9G

             total       used       free     shared    buffers     cached
Mem:          992M       927M        64M       632K       788K        21M
-/+ buffers/cache:       905M        86M
Swap:         8.0G       144M       7.9G

             total       used       free     shared    buffers     cached
Mem:          992M       919M        72M       576K       788K        17M
-/+ buffers/cache:       901M        90M
Swap:         8.0G       189M       7.8G

             total       used       free     shared    buffers     cached
Mem:          992M       923M        68M       576K       800K        17M
-/+ buffers/cache:       905M        86M
Swap:         8.0G       195M       7.8G

             total       used       free     shared    buffers     cached
Mem:          992M       925M        66M       576K       800K        17M
-/+ buffers/cache:       907M        84M
Swap:         8.0G       195M       7.8G

             total       used       free     shared    buffers     cached
Mem:          992M       925M        66M       576K       800K        16M
-/+ buffers/cache:       908M        83M
Swap:         8.0G       206M       7.8G

             total       used       free     shared    buffers     cached
Mem:          992M       922M        69M       576K       104K       5.0M
-/+ buffers/cache:       917M        74M
Swap:         8.0G       210M       7.8G

             total       used       free     shared    buffers     cached
Mem:          992M       925M        67M       548K       104K       2.7M
-/+ buffers/cache:       922M        69M
Swap:         8.0G       236M       7.8G

             total       used       free     shared    buffers     cached
Mem:          992M       923M        69M       548K       396K       2.6M
-/+ buffers/cache:       920M        72M
Swap:         8.0G       236M       7.8G

             total       used       free     shared    buffers     cached
Mem:          992M       912M        79M       548K       396K       2.5M
-/+ buffers/cache:       909M        82M
Swap:         8.0G       270M       7.7G

             total       used       free     shared    buffers     cached
Mem:          992M       919M        72M       548K       396K       2.8M
-/+ buffers/cache:       916M        75M
Swap:         8.0G       270M       7.7G

             total       used       free     shared    buffers     cached
Mem:          992M       927M        64M       548K       396K       2.8M
-/+ buffers/cache:       924M        68M
Swap:         8.0G       270M       7.7G

             total       used       free     shared    buffers     cached
Mem:          992M       919M        72M       544K       396K       2.8M
-/+ buffers/cache:       916M        75M
Swap:         8.0G       271M       7.7G

             total       used       free     shared    buffers     cached
Mem:          992M       924M        67M       544K       396K       2.8M
-/+ buffers/cache:       921M        70M
Swap:         8.0G       271M       7.7G

             total       used       free     shared    buffers     cached
Mem:          992M       914M        77M       544K       404K       2.5M
-/+ buffers/cache:       911M        80M
Swap:         8.0G       297M       7.7G

             total       used       free     shared    buffers     cached
Mem:          992M       919M        72M       544K       404K       2.6M
-/+ buffers/cache:       916M        75M
Swap:         8.0G       297M       7.7G

             total       used       free     shared    buffers     cached
Mem:          992M       924M        67M       544K       404K       2.5M
-/+ buffers/cache:       921M        70M
Swap:         8.0G       297M       7.7G

             total       used       free     shared    buffers     cached
Mem:          992M       911M        80M       544K       344K       2.4M
-/+ buffers/cache:       908M        83M
Swap:         8.0G       310M       7.7G

             total       used       free     shared    buffers     cached
Mem:          992M       916M        75M       544K       344K       2.4M
-/+ buffers/cache:       913M        78M
Swap:         8.0G       310M       7.7G

             total       used       free     shared    buffers     cached
Mem:          992M       919M        72M       544K       352K       2.4M
-/+ buffers/cache:       916M        75M
Swap:         8.0G       310M       7.7G

             total       used       free     shared    buffers     cached
Mem:          992M       924M        67M       544K       352K       2.4M
-/+ buffers/cache:       921M        70M
Swap:         8.0G       310M       7.7G

             total       used       free     shared    buffers     cached
Mem:          992M       928M        63M       544K       352K       2.4M
-/+ buffers/cache:       925M        66M
Swap:         8.0G       310M       7.7G

             total       used       free     shared    buffers     cached
Mem:          992M       913M        79M       424K       352K       2.1M
-/+ buffers/cache:       910M        81M
Swap:         8.0G       343M       7.7G

             total       used       free     shared    buffers     cached
Mem:          992M       917M        74M       424K       352K       2.1M
-/+ buffers/cache:       914M        77M
Swap:         8.0G       343M       7.7G

             total       used       free     shared    buffers     cached
Mem:          992M       920M        71M       424K       360K       2.1M
-/+ buffers/cache:       917M        74M
Swap:         8.0G       343M       7.7G

             total       used       free     shared    buffers     cached
Mem:          992M       924M        67M       424K       360K       2.1M
-/+ buffers/cache:       922M        69M
Swap:         8.0G       343M       7.7G

             total       used       free     shared    buffers     cached
Mem:          992M       928M        63M       424K       360K       2.0M
-/+ buffers/cache:       926M        65M
Swap:         8.0G       343M       7.7G

             total       used       free     shared    buffers     cached
Mem:          992M       921M        71M         4K       272K       1.6M
-/+ buffers/cache:       919M        73M
Swap:         8.0G       331M       7.7G

             total       used       free     shared    buffers     cached
Mem:          992M       919M        72M         4K        76K       1.6M
-/+ buffers/cache:       917M        74M
Swap:         8.0G       331M       7.7G

             total       used       free     shared    buffers     cached
Mem:          992M       914M        77M         4K        76K       1.5M
-/+ buffers/cache:       913M        78M
Swap:         8.0G       337M       7.7G

             total       used       free     shared    buffers     cached
Mem:          992M       916M        75M         0B        84K       1.5M
-/+ buffers/cache:       915M        77M
Swap:         8.0G       334M       7.7G

             total       used       free     shared    buffers     cached
Mem:          992M       919M        73M         0B        84K       1.4M
-/+ buffers/cache:       917M        74M
Swap:         8.0G       330M       7.7G

             total       used       free     shared    buffers     cached
Mem:          992M       918M        73M         0B        84K       1.3M
-/+ buffers/cache:       917M        75M
Swap:         8.0G       332M       7.7G

             total       used       free     shared    buffers     cached
Mem:          992M       918M        73M         0B        76K       1.2M
-/+ buffers/cache:       917M        74M
Swap:         8.0G       338M       7.7G

             total       used       free     shared    buffers     cached
Mem:          992M       919M        72M         0B        76K       1.2M
-/+ buffers/cache:       918M        74M
Swap:         8.0G       334M       7.7G

             total       used       free     shared    buffers     cached
Mem:          992M       915M        76M         0B        84K       1.2M
-/+ buffers/cache:       914M        78M
Swap:         8.0G       338M       7.7G

             total       used       free     shared    buffers     cached
Mem:          992M       922M        69M         0B        84K       1.2M
-/+ buffers/cache:       921M        70M
Swap:         8.0G       331M       7.7G

             total       used       free     shared    buffers     cached
Mem:          992M       884M       107M         0B        80K       1.2M
-/+ buffers/cache:       883M       108M
Swap:         8.0G       434M       7.6G

             total       used       free     shared    buffers     cached
Mem:          992M       887M       104M         0B        80K       1.2M
-/+ buffers/cache:       886M       106M
Swap:         8.0G       427M       7.6G

             total       used       free     shared    buffers     cached
Mem:          992M       919M        72M         0B        80K       1.2M
-/+ buffers/cache:       918M        74M
Swap:         8.0G       366M       7.6G

             total       used       free     shared    buffers     cached
Mem:          992M       918M        73M         0B        88K       1.6M
-/+ buffers/cache:       916M        75M
Swap:         8.0G       334M       7.7G

             total       used       free     shared    buffers     cached
Mem:          992M       922M        69M         0B        88K       1.6M
-/+ buffers/cache:       921M        70M
Swap:         8.0G       332M       7.7G

             total       used       free     shared    buffers     cached
Mem:          992M       929M        63M         0B        88K       1.6M
-/+ buffers/cache:       927M        64M
Swap:         8.0G       331M       7.7G

             total       used       free     shared    buffers     cached
Mem:          992M       915M        76M         0B        88K       1.6M
-/+ buffers/cache:       913M        78M
Swap:         8.0G       356M       7.6G

             total       used       free     shared    buffers     cached
Mem:          992M       921M        70M         0B        88K       1.6M
-/+ buffers/cache:       920M        71M
Swap:         8.0G       356M       7.6G

             total       used       free     shared    buffers     cached
Mem:          992M       928M        63M         0B        88K       1.6M
-/+ buffers/cache:       926M        65M
Swap:         8.0G       356M       7.6G

             total       used       free     shared    buffers     cached
Mem:          992M       916M        75M         0B        88K       1.6M
-/+ buffers/cache:       914M        77M
Swap:         8.0G       381M       7.6G

             total       used       free     shared    buffers     cached
Mem:          992M       921M        70M         0B        88K       1.6M
-/+ buffers/cache:       920M        71M
Swap:         8.0G       381M       7.6G

             total       used       free     shared    buffers     cached
Mem:          992M       927M        64M         0B        88K       1.6M
-/+ buffers/cache:       925M        66M
Swap:         8.0G       381M       7.6G

             total       used       free     shared    buffers     cached
Mem:          992M       916M        76M         0B        88K       1.6M
-/+ buffers/cache:       914M        77M
Swap:         8.0G       380M       7.6G

             total       used       free     shared    buffers     cached
Mem:          992M       917M        74M         0B        88K       1.6M
-/+ buffers/cache:       916M        76M
Swap:         8.0G       379M       7.6G

             total       used       free     shared    buffers     cached
Mem:          992M       920M        72M         0B        96K       1.6M
-/+ buffers/cache:       918M        73M
Swap:         8.0G       378M       7.6G

             total       used       free     shared    buffers     cached
Mem:          992M       922M        69M         0B        96K       1.6M
-/+ buffers/cache:       920M        71M
Swap:         8.0G       377M       7.6G

             total       used       free     shared    buffers     cached
Mem:          992M       924M        67M         0B        96K       1.6M
-/+ buffers/cache:       922M        69M
Swap:         8.0G       376M       7.6G

             total       used       free     shared    buffers     cached
Mem:          992M       927M        64M         0B       236K       2.4M
-/+ buffers/cache:       924M        67M
Swap:         8.0G       375M       7.6G

             total       used       free     shared    buffers     cached
Mem:          992M       913M        78M         0B       216K       2.4M
-/+ buffers/cache:       910M        81M
Swap:         8.0G       393M       7.6G

             total       used       free     shared    buffers     cached
Mem:          992M       914M        77M         0B       224K       2.5M
-/+ buffers/cache:       912M        79M
Swap:         8.0G       392M       7.6G

             total       used       free     shared    buffers     cached
Mem:          992M       917M        75M         0B       224K       2.6M
-/+ buffers/cache:       914M        77M
Swap:         8.0G       391M       7.6G

             total       used       free     shared    buffers     cached
Mem:          992M       919M        72M         0B       224K       2.6M
-/+ buffers/cache:       916M        75M
Swap:         8.0G       390M       7.6G

             total       used       free     shared    buffers     cached
Mem:          992M       921M        70M         0B       224K       2.6M
-/+ buffers/cache:       918M        73M
Swap:         8.0G       389M       7.6G

             total       used       free     shared    buffers     cached
Mem:          992M       921M        70M         0B       244K        23M
-/+ buffers/cache:       897M        94M
Swap:         8.0G       421M       7.6G

             total       used       free     shared    buffers     cached
Mem:          992M       923M        68M         0B       560K        23M
-/+ buffers/cache:       899M        92M
Swap:         8.0G       420M       7.6G

             total       used       free     shared    buffers     cached
Mem:          992M       924M        67M         0B       568K        23M
-/+ buffers/cache:       900M        91M
Swap:         8.0G       420M       7.6G

             total       used       free     shared    buffers     cached
Mem:          992M       927M        65M         0B       572K        23M
-/+ buffers/cache:       902M        89M
Swap:         8.0G       419M       7.6G

             total       used       free     shared    buffers     cached
Mem:          992M       928M        63M         0B       572K        23M
-/+ buffers/cache:       904M        87M
Swap:         8.0G       418M       7.6G

             total       used       free     shared    buffers     cached
Mem:          992M       904M        87M         0B       572K        19M
-/+ buffers/cache:       884M       107M
Swap:         8.0G       435M       7.6G

             total       used       free     shared    buffers     cached
Mem:          992M       906M        85M         0B       572K        19M
-/+ buffers/cache:       886M       105M
Swap:         8.0G       434M       7.6G

             total       used       free     shared    buffers     cached
Mem:          992M       908M        83M         0B       580K        19M
-/+ buffers/cache:       887M       104M
Swap:         8.0G       434M       7.6G

             total       used       free     shared    buffers     cached
Mem:          992M       910M        81M         0B       712K        19M
-/+ buffers/cache:       889M       102M
Swap:         8.0G       433M       7.6G

             total       used       free     shared    buffers     cached
Mem:          992M       912M        79M         0B       712K        19M
-/+ buffers/cache:       891M       100M
Swap:         8.0G       432M       7.6G

             total       used       free     shared    buffers     cached
Mem:          992M       914M        77M         0B       712K        19M
-/+ buffers/cache:       893M        98M
Swap:         8.0G       431M       7.6G

             total       used       free     shared    buffers     cached
Mem:          992M       916M        75M         0B       712K        19M
-/+ buffers/cache:       895M        96M
Swap:         8.0G       431M       7.6G

             total       used       free     shared    buffers     cached
Mem:          992M       918M        73M         0B       720K        19M
-/+ buffers/cache:       897M        94M
Swap:         8.0G       430M       7.6G

             total       used       free     shared    buffers     cached
Mem:          992M       920M        71M         0B       720K        19M
-/+ buffers/cache:       899M        92M
Swap:         8.0G       429M       7.6G

             total       used       free     shared    buffers     cached
Mem:          992M       922M        69M         0B       720K        19M
-/+ buffers/cache:       901M        90M
Swap:         8.0G       428M       7.6G

             total       used       free     shared    buffers     cached
Mem:          992M       924M        67M         0B       720K        19M
-/+ buffers/cache:       903M        88M
Swap:         8.0G       427M       7.6G

             total       used       free     shared    buffers     cached
Mem:          992M       926M        65M         0B       720K        19M
-/+ buffers/cache:       905M        86M
Swap:         8.0G       426M       7.6G

             total       used       free     shared    buffers     cached
Mem:          992M       928M        63M         0B       720K        19M
-/+ buffers/cache:       907M        84M
Swap:         8.0G       426M       7.6G

             total       used       free     shared    buffers     cached
Mem:          992M       914M        77M         0B       544K        18M
-/+ buffers/cache:       895M        96M
Swap:         8.0G       446M       7.6G

             total       used       free     shared    buffers     cached
Mem:          992M       915M        76M         0B       544K        18M
-/+ buffers/cache:       897M        95M
Swap:         8.0G       445M       7.6G

             total       used       free     shared    buffers     cached
Mem:          992M       918M        74M         0B       544K        18M
-/+ buffers/cache:       899M        93M
Swap:         8.0G       444M       7.6G

             total       used       free     shared    buffers     cached
Mem:          992M       919M        72M         0B       544K        18M
-/+ buffers/cache:       900M        91M
Swap:         8.0G       443M       7.6G

             total       used       free     shared    buffers     cached
Mem:          992M       921M        70M         0B       544K        18M
-/+ buffers/cache:       902M        89M
Swap:         8.0G       442M       7.6G

             total       used       free     shared    buffers     cached
Mem:          992M       923M        68M         0B       552K        18M
-/+ buffers/cache:       904M        87M
Swap:         8.0G       442M       7.6G

             total       used       free     shared    buffers     cached
Mem:          992M       925M        66M         0B       552K        18M
-/+ buffers/cache:       906M        85M
Swap:         8.0G       441M       7.6G

             total       used       free     shared    buffers     cached
Mem:          992M       927M        65M         0B       552K        18M
-/+ buffers/cache:       908M        84M
Swap:         8.0G       440M       7.6G

             total       used       free     shared    buffers     cached
Mem:          992M       928M        63M         0B       552K        18M
-/+ buffers/cache:       909M        82M
Swap:         8.0G       439M       7.6G

             total       used       free     shared    buffers     cached
Mem:          992M       915M        76M         0B       228K        18M
-/+ buffers/cache:       897M        94M
Swap:         8.0G       439M       7.6G

             total       used       free     shared    buffers     cached
Mem:          992M       917M        74M         0B       236K        17M
-/+ buffers/cache:       899M        93M
Swap:         8.0G       438M       7.6G

             total       used       free     shared    buffers     cached
Mem:          992M       919M        72M         0B       236K        17M
-/+ buffers/cache:       901M        91M
Swap:         8.0G       437M       7.6G

             total       used       free     shared    buffers     cached
Mem:          992M       921M        71M         0B       236K        17M
-/+ buffers/cache:       902M        89M
Swap:         8.0G       436M       7.6G

             total       used       free     shared    buffers     cached
Mem:          992M       922M        69M         0B       236K        18M
-/+ buffers/cache:       904M        87M
Swap:         8.0G       436M       7.6G

             total       used       free     shared    buffers     cached
Mem:          992M       924M        67M         0B       236K        17M
-/+ buffers/cache:       906M        85M
Swap:         8.0G       435M       7.6G

             total       used       free     shared    buffers     cached
Mem:          992M       926M        65M         0B       236K        18M
-/+ buffers/cache:       908M        83M
Swap:         8.0G       434M       7.6G

             total       used       free     shared    buffers     cached
Mem:          992M       928M        63M         0B       244K        18M
-/+ buffers/cache:       910M        81M
Swap:         8.0G       433M       7.6G

             total       used       free     shared    buffers     cached
Mem:          992M       917M        74M         0B       376K       5.8M
-/+ buffers/cache:       911M        80M
Swap:         8.0G       434M       7.6G

             total       used       free     shared    buffers     cached
Mem:          992M       919M        72M         0B       508K       5.8M
-/+ buffers/cache:       913M        78M
Swap:         8.0G       433M       7.6G

             total       used       free     shared    buffers     cached
Mem:          992M       921M        70M         0B       508K       5.8M
-/+ buffers/cache:       915M        76M
Swap:         8.0G       432M       7.6G

             total       used       free     shared    buffers     cached
Mem:          992M       923M        68M         0B       508K       5.8M
-/+ buffers/cache:       917M        74M
Swap:         8.0G       431M       7.6G

             total       used       free     shared    buffers     cached
Mem:          992M       925M        66M         0B       516K       5.8M
-/+ buffers/cache:       919M        72M
Swap:         8.0G       430M       7.6G

             total       used       free     shared    buffers     cached
Mem:          992M       927M        64M         0B       516K       5.8M
-/+ buffers/cache:       921M        70M
Swap:         8.0G       429M       7.6G

             total       used       free     shared    buffers     cached
Mem:          992M       929M        62M         0B       516K       5.8M
-/+ buffers/cache:       923M        69M
Swap:         8.0G       428M       7.6G

             total       used       free     shared    buffers     cached
Mem:          992M       914M        77M         0B       348K       2.5M
-/+ buffers/cache:       912M        80M
Swap:         8.0G       446M       7.6G

             total       used       free     shared    buffers     cached
Mem:          992M       916M        75M         0B       348K       2.5M
-/+ buffers/cache:       914M        78M
Swap:         8.0G       445M       7.6G

             total       used       free     shared    buffers     cached
Mem:          992M       919M        73M         0B       356K       2.5M
-/+ buffers/cache:       916M        76M
Swap:         8.0G       444M       7.6G

             total       used       free     shared    buffers     cached
Mem:          992M       925M        67M         0B       652K       5.4M
-/+ buffers/cache:       919M        73M
Swap:         8.0G       442M       7.6G

             total       used       free     shared    buffers     cached
Mem:          992M       922M        69M         0B       784K        13M
-/+ buffers/cache:       907M        84M
Swap:         8.0G       462M       7.5G

             total       used       free     shared    buffers     cached
Mem:          992M       918M        73M        16K       440K        29M
-/+ buffers/cache:       888M       104M
Swap:         8.0G       471M       7.5G

             total       used       free     shared    buffers     cached
Mem:          992M       919M        72M        16K       448K        29M
-/+ buffers/cache:       889M       102M
Swap:         8.0G       470M       7.5G

             total       used       free     shared    buffers     cached
Mem:          992M       920M        71M        16K       448K        29M
-/+ buffers/cache:       890M       101M
Swap:         8.0G       470M       7.5G

             total       used       free     shared    buffers     cached
Mem:          992M       921M        70M        16K       456K        29M
-/+ buffers/cache:       891M       100M
Swap:         8.0G       469M       7.5G

             total       used       free     shared    buffers     cached
Mem:          992M       922M        69M        16K       456K        29M
-/+ buffers/cache:       892M        99M
Swap:         8.0G       469M       7.5G

             total       used       free     shared    buffers     cached
Mem:          992M       924M        68M        16K       456K        29M
-/+ buffers/cache:       893M        98M
Swap:         8.0G       468M       7.5G

             total       used       free     shared    buffers     cached
Mem:          992M       925M        66M        16K       456K        29M
-/+ buffers/cache:       895M        97M
Swap:         8.0G       467M       7.5G

             total       used       free     shared    buffers     cached
Mem:          992M       927M        65M        16K       584K        30M
-/+ buffers/cache:       896M        95M
Swap:         8.0G       467M       7.5G

             total       used       free     shared    buffers     cached
Mem:          992M       916M        75M        16K       296K        29M
-/+ buffers/cache:       887M       105M
Swap:         8.0G       475M       7.5G

             total       used       free     shared    buffers     cached
Mem:          992M       918M        73M        16K       296K        29M
-/+ buffers/cache:       888M       103M
Swap:         8.0G       475M       7.5G

             total       used       free     shared    buffers     cached
Mem:          992M       919M        72M        16K       296K        29M
-/+ buffers/cache:       889M       102M
Swap:         8.0G       474M       7.5G

             total       used       free     shared    buffers     cached
Mem:          992M       920M        71M        16K       296K        29M
-/+ buffers/cache:       890M       101M
Swap:         8.0G       474M       7.5G

             total       used       free     shared    buffers     cached
Mem:          992M       921M        70M        16K       296K        30M
-/+ buffers/cache:       891M       100M
Swap:         8.0G       473M       7.5G

             total       used       free     shared    buffers     cached
Mem:          992M       927M        64M        16K       296K        34M
-/+ buffers/cache:       892M        99M
Swap:         8.0G       472M       7.5G

             total       used       free     shared    buffers     cached
Mem:          992M       928M        63M        16K       628K        34M
-/+ buffers/cache:       893M        98M
Swap:         8.0G       472M       7.5G

             total       used       free     shared    buffers     cached
Mem:          992M       916M        75M        16K       628K        32M
-/+ buffers/cache:       883M       108M
Swap:         8.0G       500M       7.5G

             total       used       free     shared    buffers     cached
Mem:          992M       917M        74M        16K       628K        32M
-/+ buffers/cache:       884M       107M
Swap:         8.0G       499M       7.5G

             total       used       free     shared    buffers     cached
Mem:          992M       918M        73M        16K       628K        32M
-/+ buffers/cache:       885M       106M
Swap:         8.0G       499M       7.5G

             total       used       free     shared    buffers     cached
Mem:          992M       920M        71M        16K       628K        32M
-/+ buffers/cache:       886M       105M
Swap:         8.0G       498M       7.5G

             total       used       free     shared    buffers     cached
Mem:          992M       921M        71M        16K       636K        32M
-/+ buffers/cache:       887M       104M
Swap:         8.0G       498M       7.5G

             total       used       free     shared    buffers     cached
Mem:          992M       922M        69M        16K       636K        32M
-/+ buffers/cache:       889M       103M
Swap:         8.0G       497M       7.5G

             total       used       free     shared    buffers     cached
Mem:          992M       923M        68M        16K       636K        32M
-/+ buffers/cache:       890M       102M
Swap:         8.0G       497M       7.5G

             total       used       free     shared    buffers     cached
Mem:          992M       924M        67M        16K       636K        32M
-/+ buffers/cache:       891M       100M
Swap:         8.0G       496M       7.5G

             total       used       free     shared    buffers     cached
Mem:          992M       925M        66M        16K       636K        32M
-/+ buffers/cache:       892M        99M
Swap:         8.0G       495M       7.5G

             total       used       free     shared    buffers     cached
Mem:          992M       927M        65M        16K       644K        32M
-/+ buffers/cache:       893M        98M
Swap:         8.0G       495M       7.5G

             total       used       free     shared    buffers     cached
Mem:          992M       927M        64M        16K       644K        32M
-/+ buffers/cache:       894M        97M
Swap:         8.0G       494M       7.5G

             total       used       free     shared    buffers     cached
Mem:          992M       911M        80M        16K       644K        32M
-/+ buffers/cache:       878M       113M
Swap:         8.0G       495M       7.5G

             total       used       free     shared    buffers     cached
Mem:          992M       912M        79M        16K       644K        32M
-/+ buffers/cache:       879M       113M
Swap:         8.0G       495M       7.5G

             total       used       free     shared    buffers     cached
Mem:          992M       913M        78M        16K       644K        32M
-/+ buffers/cache:       880M       112M
Swap:         8.0G       494M       7.5G

             total       used       free     shared    buffers     cached
Mem:          992M       914M        77M        16K       644K        32M
-/+ buffers/cache:       881M       110M
Swap:         8.0G       493M       7.5G

             total       used       free     shared    buffers     cached
Mem:          992M       915M        76M        16K       652K        32M
-/+ buffers/cache:       882M       109M
Swap:         8.0G       493M       7.5G

             total       used       free     shared    buffers     cached
Mem:          992M       917M        74M        16K       652K        32M
-/+ buffers/cache:       884M       108M
Swap:         8.0G       492M       7.5G

             total       used       free     shared    buffers     cached
Mem:          992M       918M        73M        16K       652K        32M
-/+ buffers/cache:       885M       106M
Swap:         8.0G       491M       7.5G

             total       used       free     shared    buffers     cached
Mem:          992M       919M        72M        16K       652K        32M
-/+ buffers/cache:       886M       105M
Swap:         8.0G       491M       7.5G

             total       used       free     shared    buffers     cached
Mem:          992M       921M        71M        16K       652K        32M
-/+ buffers/cache:       888M       104M
Swap:         8.0G       490M       7.5G

             total       used       free     shared    buffers     cached
Mem:          992M       922M        69M        16K       660K        32M
-/+ buffers/cache:       889M       102M
Swap:         8.0G       489M       7.5G

             total       used       free     shared    buffers     cached
Mem:          992M       923M        68M        16K       660K        32M
-/+ buffers/cache:       890M       101M
Swap:         8.0G       489M       7.5G

             total       used       free     shared    buffers     cached
Mem:          992M       925M        67M        16K       660K        32M
-/+ buffers/cache:       891M       100M
Swap:         8.0G       488M       7.5G

             total       used       free     shared    buffers     cached
Mem:          992M       926M        65M        16K       660K        32M
-/+ buffers/cache:       893M        99M
Swap:         8.0G       487M       7.5G

             total       used       free     shared    buffers     cached
Mem:          992M       927M        64M        16K       660K        32M
-/+ buffers/cache:       894M        97M
Swap:         8.0G       487M       7.5G

             total       used       free     shared    buffers     cached
Mem:          992M       929M        63M        16K       660K        32M
-/+ buffers/cache:       895M        96M
Swap:         8.0G       486M       7.5G

             total       used       free     shared    buffers     cached
Mem:          992M       917M        74M        16K       668K        32M
-/+ buffers/cache:       884M       107M
Swap:         8.0G       506M       7.5G

             total       used       free     shared    buffers     cached
Mem:          992M       919M        73M        16K       668K        32M
-/+ buffers/cache:       886M       105M
Swap:         8.0G       506M       7.5G

             total       used       free     shared    buffers     cached
Mem:          992M       920M        71M        16K       668K        32M
-/+ buffers/cache:       887M       104M
Swap:         8.0G       505M       7.5G

             total       used       free     shared    buffers     cached
Mem:          992M       922M        70M        16K       668K        32M
-/+ buffers/cache:       889M       102M
Swap:         8.0G       504M       7.5G

             total       used       free     shared    buffers     cached
Mem:          992M       923M        68M        16K       668K        32M
-/+ buffers/cache:       890M       101M
Swap:         8.0G       504M       7.5G

             total       used       free     shared    buffers     cached
Mem:          992M       924M        67M        16K       676K        32M
-/+ buffers/cache:       892M       100M
Swap:         8.0G       503M       7.5G

             total       used       free     shared    buffers     cached
Mem:          992M       926M        65M        16K       676K        32M
-/+ buffers/cache:       893M        98M
Swap:         8.0G       502M       7.5G

             total       used       free     shared    buffers     cached
Mem:          992M       927M        64M        16K       676K        32M
-/+ buffers/cache:       894M        97M
Swap:         8.0G       501M       7.5G

             total       used       free     shared    buffers     cached
Mem:          992M       928M        63M        16K       676K        32M
-/+ buffers/cache:       896M        96M
Swap:         8.0G       500M       7.5G

             total       used       free     shared    buffers     cached
Mem:          992M       913M        78M        16K       676K        31M
-/+ buffers/cache:       881M       110M
Swap:         8.0G       514M       7.5G

             total       used       free     shared    buffers     cached
Mem:          992M       915M        76M        16K       676K        31M
-/+ buffers/cache:       883M       108M
Swap:         8.0G       513M       7.5G

             total       used       free     shared    buffers     cached
Mem:          992M       916M        75M        16K       684K        31M
-/+ buffers/cache:       884M       107M
Swap:         8.0G       513M       7.5G

             total       used       free     shared    buffers     cached
Mem:          992M       917M        74M        16K       684K        31M
-/+ buffers/cache:       885M       106M
Swap:         8.0G       512M       7.5G

             total       used       free     shared    buffers     cached
Mem:          992M       919M        72M        16K       684K        31M
-/+ buffers/cache:       887M       105M
Swap:         8.0G       511M       7.5G

             total       used       free     shared    buffers     cached
Mem:          992M       920M        71M        16K       684K        31M
-/+ buffers/cache:       888M       103M
Swap:         8.0G       510M       7.5G

             total       used       free     shared    buffers     cached
Mem:          992M       921M        70M        16K       684K        31M
-/+ buffers/cache:       889M       102M
Swap:         8.0G       510M       7.5G

             total       used       free     shared    buffers     cached
Mem:          992M       923M        68M        16K       692K        31M
-/+ buffers/cache:       891M       100M
Swap:         8.0G       509M       7.5G

             total       used       free     shared    buffers     cached
Mem:          992M       925M        67M        16K       692K        31M
-/+ buffers/cache:       892M        99M
Swap:         8.0G       508M       7.5G

             total       used       free     shared    buffers     cached
Mem:          992M       926M        65M        16K       692K        31M
-/+ buffers/cache:       894M        97M
Swap:         8.0G       507M       7.5G

             total       used       free     shared    buffers     cached
Mem:          992M       928M        64M        16K       692K        31M
-/+ buffers/cache:       895M        96M
Swap:         8.0G       506M       7.5G

             total       used       free     shared    buffers     cached
Mem:          992M       915M        76M        16K       688K        30M
-/+ buffers/cache:       884M       108M
Swap:         8.0G       513M       7.5G

             total       used       free     shared    buffers     cached
Mem:          992M       916M        75M        16K       688K        30M
-/+ buffers/cache:       885M       107M
Swap:         8.0G       512M       7.5G

             total       used       free     shared    buffers     cached
Mem:          992M       917M        74M        16K       696K        30M
-/+ buffers/cache:       886M       105M
Swap:         8.0G       511M       7.5G

             total       used       free     shared    buffers     cached
Mem:          992M       920M        71M        20K       832K        31M
-/+ buffers/cache:       888M       103M
Swap:         8.0G       510M       7.5G

             total       used       free     shared    buffers     cached
Mem:          992M       922M        70M        20K       832K        31M
-/+ buffers/cache:       889M       102M
Swap:         8.0G       509M       7.5G

             total       used       free     shared    buffers     cached
Mem:          992M       923M        68M        20K       832K        31M
-/+ buffers/cache:       891M       101M
Swap:         8.0G       508M       7.5G

             total       used       free     shared    buffers     cached
Mem:          992M       918M        73M        20K       752K        32M
-/+ buffers/cache:       885M       106M
Swap:         8.0G       511M       7.5G

             total       used       free     shared    buffers     cached
Mem:          992M       918M        73M        20K       760K        32M
-/+ buffers/cache:       885M       106M
Swap:         8.0G       512M       7.5G

             total       used       free     shared    buffers     cached
Mem:          992M       921M        70M        20K       760K        33M
-/+ buffers/cache:       887M       104M
Swap:         8.0G       511M       7.5G

             total       used       free     shared    buffers     cached
Mem:          992M       926M        65M        20K       760K        34M
-/+ buffers/cache:       891M       100M
Swap:         8.0G       509M       7.5G

             total       used       free     shared    buffers     cached
Mem:          992M       927M        64M        20K       760K        34M
-/+ buffers/cache:       892M        99M
Swap:         8.0G       509M       7.5G

             total       used       free     shared    buffers     cached
Mem:          992M       927M        64M        20K       760K        34M
-/+ buffers/cache:       892M        99M
Swap:         8.0G       508M       7.5G

             total       used       free     shared    buffers     cached
Mem:          992M       928M        63M        20K       760K        34M
-/+ buffers/cache:       893M        98M
Swap:         8.0G       508M       7.5G

             total       used       free     shared    buffers     cached
Mem:          992M       915M        76M        20K       1.0M        30M
-/+ buffers/cache:       884M       107M
Swap:         8.0G       514M       7.5G

             total       used       free     shared    buffers     cached
Mem:          992M       916M        75M        20K       1.0M        30M
-/+ buffers/cache:       885M       106M
Swap:         8.0G       514M       7.5G

             total       used       free     shared    buffers     cached
Mem:          992M       917M        74M        20K       1.0M        30M
-/+ buffers/cache:       886M       106M
Swap:         8.0G       513M       7.5G

             total       used       free     shared    buffers     cached
Mem:          992M       917M        74M        20K       1.0M        30M
-/+ buffers/cache:       886M       105M
Swap:         8.0G       513M       7.5G

             total       used       free     shared    buffers     cached
Mem:          992M       918M        73M        20K       1.0M        30M
-/+ buffers/cache:       887M       104M
Swap:         8.0G       513M       7.5G

             total       used       free     shared    buffers     cached
Mem:          992M       919M        72M        20K       1.0M        30M
-/+ buffers/cache:       888M       104M
Swap:         8.0G       513M       7.5G

             total       used       free     shared    buffers     cached
Mem:          992M       925M        66M       3.8M       3.3M        50M
-/+ buffers/cache:       871M       120M
Swap:         8.0G       547M       7.5G

             total       used       free     shared    buffers     cached
Mem:          992M       918M        74M       3.9M       5.0M        66M
-/+ buffers/cache:       846M       145M
Swap:         8.0G       572M       7.4G

             total       used       free     shared    buffers     cached
Mem:          992M       914M        78M       280K       5.1M        61M
-/+ buffers/cache:       846M       145M
Swap:         8.0G       573M       7.4G

             total       used       free     shared    buffers     cached
Mem:          992M       915M        77M       264K       5.1M        61M
-/+ buffers/cache:       848M       144M
Swap:         8.0G       572M       7.4G

             total       used       free     shared    buffers     cached
Mem:          992M       916M        75M       264K       5.1M        61M
-/+ buffers/cache:       849M       142M
Swap:         8.0G       572M       7.4G

             total       used       free     shared    buffers     cached
Mem:          992M       916M        75M       264K       5.1M        61M
-/+ buffers/cache:       849M       142M
Swap:         8.0G       572M       7.4G

             total       used       free     shared    buffers     cached
Mem:          992M       917M        74M       264K       5.1M        61M
-/+ buffers/cache:       850M       141M
Swap:         8.0G       571M       7.4G

             total       used       free     shared    buffers     cached
Mem:          992M       919M        73M       264K       5.1M        61M
-/+ buffers/cache:       851M       140M
Swap:         8.0G       571M       7.4G

             total       used       free     shared    buffers     cached
Mem:          992M       921M        70M       264K       5.3M        62M
-/+ buffers/cache:       853M       138M
Swap:         8.0G       570M       7.4G

             total       used       free     shared    buffers     cached
Mem:          992M       922M        69M       264K       5.3M        62M
-/+ buffers/cache:       854M       137M
Swap:         8.0G       569M       7.4G

             total       used       free     shared    buffers     cached
Mem:          992M       924M        68M       264K       5.3M        62M
-/+ buffers/cache:       855M       136M
Swap:         8.0G       569M       7.4G

             total       used       free     shared    buffers     cached
Mem:          992M       925M        66M       264K       5.3M        62M
-/+ buffers/cache:       857M       134M
Swap:         8.0G       568M       7.4G

             total       used       free     shared    buffers     cached
Mem:          992M       927M        65M       264K       5.3M        62M
-/+ buffers/cache:       859M       133M
Swap:         8.0G       567M       7.4G

             total       used       free     shared    buffers     cached
Mem:          992M       928M        63M       264K       5.3M        62M
-/+ buffers/cache:       860M       131M
Swap:         8.0G       567M       7.4G

             total       used       free     shared    buffers     cached
Mem:          992M       917M        74M       264K       3.8M        61M
-/+ buffers/cache:       852M       140M
Swap:         8.0G       577M       7.4G

             total       used       free     shared    buffers     cached
Mem:          992M       918M        73M       264K       3.8M        62M
-/+ buffers/cache:       852M       139M
Swap:         8.0G       576M       7.4G

             total       used       free     shared    buffers     cached
Mem:          992M       920M        71M       264K       3.8M        62M
-/+ buffers/cache:       854M       137M
Swap:         8.0G       575M       7.4G

             total       used       free     shared    buffers     cached
Mem:          992M       921M        70M       264K       3.8M        62M
-/+ buffers/cache:       855M       136M
Swap:         8.0G       575M       7.4G

             total       used       free     shared    buffers     cached
Mem:          992M       923M        69M       264K       3.8M        62M
-/+ buffers/cache:       857M       135M
Swap:         8.0G       574M       7.4G

             total       used       free     shared    buffers     cached
Mem:          992M       924M        67M       264K       3.8M        62M
-/+ buffers/cache:       858M       133M
Swap:         8.0G       574M       7.4G

             total       used       free     shared    buffers     cached
Mem:          992M       925M        66M       264K       3.8M        62M
-/+ buffers/cache:       859M       132M
Swap:         8.0G       573M       7.4G

             total       used       free     shared    buffers     cached
Mem:          992M       926M        65M       264K       3.8M        62M
-/+ buffers/cache:       860M       131M
Swap:         8.0G       573M       7.4G

             total       used       free     shared    buffers     cached
Mem:          992M       928M        63M       264K       3.8M        62M
-/+ buffers/cache:       862M       129M
Swap:         8.0G       572M       7.4G

             total       used       free     shared    buffers     cached
Mem:          992M       905M        87M       264K       3.8M        60M
-/+ buffers/cache:       840M       151M
Swap:         8.0G       590M       7.4G

             total       used       free     shared    buffers     cached
Mem:          992M       905M        86M       264K       3.8M        60M
-/+ buffers/cache:       841M       151M
Swap:         8.0G       590M       7.4G

             total       used       free     shared    buffers     cached
Mem:          992M       907M        84M       264K       3.8M        60M
-/+ buffers/cache:       842M       149M
Swap:         8.0G       589M       7.4G

             total       used       free     shared    buffers     cached
Mem:          992M       908M        83M       264K       3.8M        60M
-/+ buffers/cache:       844M       148M
Swap:         8.0G       589M       7.4G

             total       used       free     shared    buffers     cached
Mem:          992M       910M        81M       264K       3.8M        60M
-/+ buffers/cache:       845M       146M
Swap:         8.0G       588M       7.4G

             total       used       free     shared    buffers     cached
Mem:          992M       911M        80M       264K       3.8M        60M
-/+ buffers/cache:       846M       145M
Swap:         8.0G       587M       7.4G

             total       used       free     shared    buffers     cached
Mem:          992M       912M        79M       264K       3.8M        60M
-/+ buffers/cache:       848M       144M
Swap:         8.0G       587M       7.4G

             total       used       free     shared    buffers     cached
Mem:          992M       914M        77M       264K       3.8M        60M
-/+ buffers/cache:       849M       142M
Swap:         8.0G       586M       7.4G

             total       used       free     shared    buffers     cached
Mem:          992M       915M        76M       264K       3.8M        60M
-/+ buffers/cache:       850M       141M
Swap:         8.0G       585M       7.4G

             total       used       free     shared    buffers     cached
Mem:          992M       916M        75M       264K       3.8M        60M
-/+ buffers/cache:       851M       140M
Swap:         8.0G       585M       7.4G

             total       used       free     shared    buffers     cached
Mem:          992M       918M        74M       264K       3.8M        60M
-/+ buffers/cache:       853M       138M
Swap:         8.0G       584M       7.4G

             total       used       free     shared    buffers     cached
Mem:          992M       919M        72M       264K       3.8M        61M
-/+ buffers/cache:       854M       137M
Swap:         8.0G       584M       7.4G

             total       used       free     shared    buffers     cached
Mem:          992M       920M        71M       264K       3.8M        60M
-/+ buffers/cache:       856M       136M
Swap:         8.0G       583M       7.4G

             total       used       free     shared    buffers     cached
Mem:          992M       922M        70M       264K       3.8M        60M
-/+ buffers/cache:       857M       134M
Swap:         8.0G       582M       7.4G

             total       used       free     shared    buffers     cached
Mem:          992M       923M        68M       264K       3.8M        60M
-/+ buffers/cache:       858M       133M
Swap:         8.0G       582M       7.4G

             total       used       free     shared    buffers     cached
Mem:          992M       924M        67M       264K       3.8M        60M
-/+ buffers/cache:       859M       132M
Swap:         8.0G       581M       7.4G

             total       used       free     shared    buffers     cached
Mem:          992M       925M        66M       264K       3.8M        60M
-/+ buffers/cache:       860M       131M
Swap:         8.0G       581M       7.4G

             total       used       free     shared    buffers     cached
Mem:          992M       927M        64M       264K       3.8M        61M
-/+ buffers/cache:       862M       129M
Swap:         8.0G       580M       7.4G

             total       used       free     shared    buffers     cached
Mem:          992M       906M        85M       316K       6.4M        66M
-/+ buffers/cache:       833M       158M
Swap:         8.0G       606M       7.4G

             total       used       free     shared    buffers     cached
Mem:          992M       912M        79M       328K       7.6M        72M
-/+ buffers/cache:       832M       159M
Swap:         8.0G       616M       7.4G
