             total       used       free     shared    buffers     cached
Mem:          2.0G       664M       1.3G       3.2M        38M       289M
-/+ buffers/cache:       336M       1.6G
Swap:         8.0G         0B       8.0G

             total       used       free     shared    buffers     cached
Mem:          2.0G       663M       1.3G       1.4M        38M       287M
-/+ buffers/cache:       336M       1.6G
Swap:         8.0G         0B       8.0G

             total       used       free     shared    buffers     cached
Mem:          2.0G       663M       1.3G       1.4M        38M       287M
-/+ buffers/cache:       336M       1.6G
Swap:         8.0G         0B       8.0G

             total       used       free     shared    buffers     cached
Mem:          2.0G       663M       1.3G       1.4M        38M       287M
-/+ buffers/cache:       336M       1.6G
Swap:         8.0G         0B       8.0G

             total       used       free     shared    buffers     cached
Mem:          2.0G       663M       1.3G       1.4M        38M       287M
-/+ buffers/cache:       336M       1.6G
Swap:         8.0G         0B       8.0G

             total       used       free     shared    buffers     cached
Mem:          2.0G       663M       1.3G       1.4M        38M       287M
-/+ buffers/cache:       336M       1.6G
Swap:         8.0G         0B       8.0G

             total       used       free     shared    buffers     cached
Mem:          2.0G       662M       1.3G       1.4M        38M       287M
-/+ buffers/cache:       336M       1.6G
Swap:         8.0G         0B       8.0G

             total       used       free     shared    buffers     cached
Mem:          2.0G       662M       1.3G       1.4M        38M       288M
-/+ buffers/cache:       335M       1.6G
Swap:         8.0G         0B       8.0G

             total       used       free     shared    buffers     cached
Mem:          2.0G       662M       1.3G       1.4M        38M       288M
-/+ buffers/cache:       335M       1.6G
Swap:         8.0G         0B       8.0G

             total       used       free     shared    buffers     cached
Mem:          2.0G       666M       1.3G       1.4M        38M       288M
-/+ buffers/cache:       339M       1.6G
Swap:         8.0G         0B       8.0G

             total       used       free     shared    buffers     cached
Mem:          2.0G       685M       1.3G       1.4M        38M       288M
-/+ buffers/cache:       358M       1.6G
Swap:         8.0G         0B       8.0G

             total       used       free     shared    buffers     cached
Mem:          2.0G       671M       1.3G       1.4M        38M       289M
-/+ buffers/cache:       343M       1.6G
Swap:         8.0G         0B       8.0G

             total       used       free     shared    buffers     cached
Mem:          2.0G       671M       1.3G       1.4M        38M       289M
-/+ buffers/cache:       343M       1.6G
Swap:         8.0G         0B       8.0G

             total       used       free     shared    buffers     cached
Mem:          2.0G       672M       1.3G       1.4M        38M       289M
-/+ buffers/cache:       344M       1.6G
Swap:         8.0G         0B       8.0G

             total       used       free     shared    buffers     cached
Mem:          2.0G       672M       1.3G       1.4M        38M       289M
-/+ buffers/cache:       344M       1.6G
Swap:         8.0G         0B       8.0G

             total       used       free     shared    buffers     cached
Mem:          2.0G       672M       1.3G       1.4M        38M       289M
-/+ buffers/cache:       344M       1.6G
Swap:         8.0G         0B       8.0G

             total       used       free     shared    buffers     cached
Mem:          2.0G       672M       1.3G       1.4M        38M       289M
-/+ buffers/cache:       344M       1.6G
Swap:         8.0G         0B       8.0G

             total       used       free     shared    buffers     cached
Mem:          2.0G       672M       1.3G       1.4M        38M       289M
-/+ buffers/cache:       344M       1.6G
Swap:         8.0G         0B       8.0G

             total       used       free     shared    buffers     cached
Mem:          2.0G       672M       1.3G       1.4M        38M       289M
-/+ buffers/cache:       344M       1.6G
Swap:         8.0G         0B       8.0G

             total       used       free     shared    buffers     cached
Mem:          2.0G       672M       1.3G       1.4M        38M       289M
-/+ buffers/cache:       344M       1.6G
Swap:         8.0G         0B       8.0G

             total       used       free     shared    buffers     cached
Mem:          2.0G       672M       1.3G       1.4M        38M       289M
-/+ buffers/cache:       344M       1.6G
Swap:         8.0G         0B       8.0G

             total       used       free     shared    buffers     cached
Mem:          2.0G       672M       1.3G       1.4M        38M       289M
-/+ buffers/cache:       344M       1.6G
Swap:         8.0G         0B       8.0G

             total       used       free     shared    buffers     cached
Mem:          2.0G       672M       1.3G       1.4M        38M       289M
-/+ buffers/cache:       344M       1.6G
Swap:         8.0G         0B       8.0G

             total       used       free     shared    buffers     cached
Mem:          2.0G       672M       1.3G       1.4M        38M       289M
-/+ buffers/cache:       344M       1.6G
Swap:         8.0G         0B       8.0G

             total       used       free     shared    buffers     cached
Mem:          2.0G       672M       1.3G       1.4M        38M       289M
-/+ buffers/cache:       344M       1.6G
Swap:         8.0G         0B       8.0G

             total       used       free     shared    buffers     cached
Mem:          2.0G       672M       1.3G       1.4M        38M       289M
-/+ buffers/cache:       344M       1.6G
Swap:         8.0G         0B       8.0G

             total       used       free     shared    buffers     cached
Mem:          2.0G       672M       1.3G       1.4M        38M       289M
-/+ buffers/cache:       344M       1.6G
Swap:         8.0G         0B       8.0G

             total       used       free     shared    buffers     cached
Mem:          2.0G       672M       1.3G       1.4M        38M       289M
-/+ buffers/cache:       344M       1.6G
Swap:         8.0G         0B       8.0G

             total       used       free     shared    buffers     cached
Mem:          2.0G       672M       1.3G       1.4M        38M       289M
-/+ buffers/cache:       344M       1.6G
Swap:         8.0G         0B       8.0G

             total       used       free     shared    buffers     cached
Mem:          2.0G       672M       1.3G       1.4M        38M       289M
-/+ buffers/cache:       344M       1.6G
Swap:         8.0G         0B       8.0G

             total       used       free     shared    buffers     cached
Mem:          2.0G       672M       1.3G       1.4M        38M       289M
-/+ buffers/cache:       344M       1.6G
Swap:         8.0G         0B       8.0G

             total       used       free     shared    buffers     cached
Mem:          2.0G       672M       1.3G       1.4M        38M       289M
-/+ buffers/cache:       344M       1.6G
Swap:         8.0G         0B       8.0G

             total       used       free     shared    buffers     cached
Mem:          2.0G       672M       1.3G       1.4M        38M       289M
-/+ buffers/cache:       344M       1.6G
Swap:         8.0G         0B       8.0G

             total       used       free     shared    buffers     cached
Mem:          2.0G       679M       1.3G       1.4M        38M       289M
-/+ buffers/cache:       351M       1.6G
Swap:         8.0G         0B       8.0G

             total       used       free     shared    buffers     cached
Mem:          2.0G       696M       1.3G       1.4M        38M       289M
-/+ buffers/cache:       368M       1.6G
Swap:         8.0G         0B       8.0G

             total       used       free     shared    buffers     cached
Mem:          2.0G       711M       1.3G       1.4M        38M       289M
-/+ buffers/cache:       383M       1.6G
Swap:         8.0G         0B       8.0G

             total       used       free     shared    buffers     cached
Mem:          2.0G       726M       1.2G       1.4M        38M       289M
-/+ buffers/cache:       398M       1.6G
Swap:         8.0G         0B       8.0G

             total       used       free     shared    buffers     cached
Mem:          2.0G       744M       1.2G       1.4M        38M       289M
-/+ buffers/cache:       416M       1.5G
Swap:         8.0G         0B       8.0G

             total       used       free     shared    buffers     cached
Mem:          2.0G       762M       1.2G       1.4M        38M       289M
-/+ buffers/cache:       433M       1.5G
Swap:         8.0G         0B       8.0G

             total       used       free     shared    buffers     cached
Mem:          2.0G       778M       1.2G       1.4M        38M       289M
-/+ buffers/cache:       449M       1.5G
Swap:         8.0G         0B       8.0G

             total       used       free     shared    buffers     cached
Mem:          2.0G       793M       1.2G       1.4M        38M       289M
-/+ buffers/cache:       465M       1.5G
Swap:         8.0G         0B       8.0G

             total       used       free     shared    buffers     cached
Mem:          2.0G       809M       1.2G       1.4M        38M       289M
-/+ buffers/cache:       481M       1.5G
Swap:         8.0G         0B       8.0G

             total       used       free     shared    buffers     cached
Mem:          2.0G       825M       1.1G       1.4M        38M       289M
-/+ buffers/cache:       497M       1.5G
Swap:         8.0G         0B       8.0G

             total       used       free     shared    buffers     cached
Mem:          2.0G       842M       1.1G       1.4M        38M       289M
-/+ buffers/cache:       514M       1.5G
Swap:         8.0G         0B       8.0G

             total       used       free     shared    buffers     cached
Mem:          2.0G       859M       1.1G       1.4M        38M       289M
-/+ buffers/cache:       531M       1.4G
Swap:         8.0G         0B       8.0G

             total       used       free     shared    buffers     cached
Mem:          2.0G       874M       1.1G       1.4M        38M       289M
-/+ buffers/cache:       546M       1.4G
Swap:         8.0G         0B       8.0G

             total       used       free     shared    buffers     cached
Mem:          2.0G       890M       1.1G       1.4M        38M       289M
-/+ buffers/cache:       562M       1.4G
Swap:         8.0G         0B       8.0G

             total       used       free     shared    buffers     cached
Mem:          2.0G       904M       1.1G       1.4M        38M       289M
-/+ buffers/cache:       575M       1.4G
Swap:         8.0G         0B       8.0G

             total       used       free     shared    buffers     cached
Mem:          2.0G       918M       1.1G       1.4M        38M       289M
-/+ buffers/cache:       590M       1.4G
Swap:         8.0G         0B       8.0G

             total       used       free     shared    buffers     cached
Mem:          2.0G       934M       1.0G       1.4M        38M       289M
-/+ buffers/cache:       606M       1.4G
Swap:         8.0G         0B       8.0G

             total       used       free     shared    buffers     cached
Mem:          2.0G       951M       1.0G       1.4M        38M       289M
-/+ buffers/cache:       623M       1.3G
Swap:         8.0G         0B       8.0G

             total       used       free     shared    buffers     cached
Mem:          2.0G       967M       1.0G       1.4M        38M       289M
-/+ buffers/cache:       639M       1.3G
Swap:         8.0G         0B       8.0G

             total       used       free     shared    buffers     cached
Mem:          2.0G       983M       1.0G       1.4M        38M       289M
-/+ buffers/cache:       655M       1.3G
Swap:         8.0G         0B       8.0G

             total       used       free     shared    buffers     cached
Mem:          2.0G       998M       1.0G       1.4M        38M       289M
-/+ buffers/cache:       670M       1.3G
Swap:         8.0G         0B       8.0G

             total       used       free     shared    buffers     cached
Mem:          2.0G       1.0G       984M       1.4M        38M       289M
-/+ buffers/cache:       687M       1.3G
Swap:         8.0G         0B       8.0G

             total       used       free     shared    buffers     cached
Mem:          2.0G       1.0G       969M       1.4M        38M       289M
-/+ buffers/cache:       702M       1.3G
Swap:         8.0G         0B       8.0G

             total       used       free     shared    buffers     cached
Mem:          2.0G       1.0G       955M       1.4M        38M       289M
-/+ buffers/cache:       716M       1.3G
Swap:         8.0G         0B       8.0G

             total       used       free     shared    buffers     cached
Mem:          2.0G       1.0G       940M       1.4M        38M       289M
-/+ buffers/cache:       731M       1.2G
Swap:         8.0G         0B       8.0G

             total       used       free     shared    buffers     cached
Mem:          2.0G       1.1G       924M       1.4M        38M       289M
-/+ buffers/cache:       747M       1.2G
Swap:         8.0G         0B       8.0G

             total       used       free     shared    buffers     cached
Mem:          2.0G       1.1G       909M       1.4M        38M       289M
-/+ buffers/cache:       762M       1.2G
Swap:         8.0G         0B       8.0G

             total       used       free     shared    buffers     cached
Mem:          2.0G       1.1G       893M       1.4M        38M       289M
-/+ buffers/cache:       778M       1.2G
Swap:         8.0G         0B       8.0G

             total       used       free     shared    buffers     cached
Mem:          2.0G       1.1G       879M       1.4M        38M       289M
-/+ buffers/cache:       792M       1.2G
Swap:         8.0G         0B       8.0G

             total       used       free     shared    buffers     cached
Mem:          2.0G       1.1G       868M       1.4M        38M       289M
-/+ buffers/cache:       802M       1.2G
Swap:         8.0G         0B       8.0G

             total       used       free     shared    buffers     cached
Mem:          2.0G       1.1G       853M       1.4M        38M       289M
-/+ buffers/cache:       817M       1.2G
Swap:         8.0G         0B       8.0G

             total       used       free     shared    buffers     cached
Mem:          2.0G       1.1G       839M       1.4M        38M       289M
-/+ buffers/cache:       831M       1.1G
Swap:         8.0G         0B       8.0G

             total       used       free     shared    buffers     cached
Mem:          2.0G       1.1G       824M       1.4M        38M       289M
-/+ buffers/cache:       846M       1.1G
Swap:         8.0G         0B       8.0G

             total       used       free     shared    buffers     cached
Mem:          2.0G       1.2G       810M       1.4M        38M       289M
-/+ buffers/cache:       860M       1.1G
Swap:         8.0G         0B       8.0G

             total       used       free     shared    buffers     cached
Mem:          2.0G       1.2G       796M       1.4M        38M       289M
-/+ buffers/cache:       874M       1.1G
Swap:         8.0G         0B       8.0G

             total       used       free     shared    buffers     cached
Mem:          2.0G       1.2G       781M       1.4M        38M       289M
-/+ buffers/cache:       889M       1.1G
Swap:         8.0G         0B       8.0G

             total       used       free     shared    buffers     cached
Mem:          2.0G       1.2G       764M       1.4M        38M       290M
-/+ buffers/cache:       906M       1.1G
Swap:         8.0G         0B       8.0G

             total       used       free     shared    buffers     cached
Mem:          2.0G       1.2G       749M       1.4M        38M       290M
-/+ buffers/cache:       921M       1.1G
Swap:         8.0G         0B       8.0G

             total       used       free     shared    buffers     cached
Mem:          2.0G       1.2G       734M       1.4M        38M       290M
-/+ buffers/cache:       936M       1.0G
Swap:         8.0G         0B       8.0G

             total       used       free     shared    buffers     cached
Mem:          2.0G       1.3G       718M       1.4M        38M       290M
-/+ buffers/cache:       952M       1.0G
Swap:         8.0G         0B       8.0G

             total       used       free     shared    buffers     cached
Mem:          2.0G       1.3G       702M       1.4M        38M       290M
-/+ buffers/cache:       968M       1.0G
Swap:         8.0G         0B       8.0G

             total       used       free     shared    buffers     cached
Mem:          2.0G       1.3G       687M       1.4M        38M       290M
-/+ buffers/cache:       983M       1.0G
Swap:         8.0G         0B       8.0G

             total       used       free     shared    buffers     cached
Mem:          2.0G       1.3G       671M       1.4M        38M       290M
-/+ buffers/cache:       999M       1.0G
Swap:         8.0G         0B       8.0G

             total       used       free     shared    buffers     cached
Mem:          2.0G       1.3G       656M       1.4M        38M       290M
-/+ buffers/cache:       1.0G       985M
Swap:         8.0G         0B       8.0G

             total       used       free     shared    buffers     cached
Mem:          2.0G       1.3G       641M       1.4M        38M       290M
-/+ buffers/cache:       1.0G       970M
Swap:         8.0G         0B       8.0G

             total       used       free     shared    buffers     cached
Mem:          2.0G       1.3G       627M       1.4M        38M       290M
-/+ buffers/cache:       1.0G       956M
Swap:         8.0G         0B       8.0G

             total       used       free     shared    buffers     cached
Mem:          2.0G       1.4G       611M       1.4M        38M       290M
-/+ buffers/cache:       1.0G       940M
Swap:         8.0G         0B       8.0G

             total       used       free     shared    buffers     cached
Mem:          2.0G       1.4G       595M       1.4M        38M       290M
-/+ buffers/cache:       1.1G       924M
Swap:         8.0G         0B       8.0G

             total       used       free     shared    buffers     cached
Mem:          2.0G       1.4G       578M       1.4M        38M       290M
-/+ buffers/cache:       1.1G       907M
Swap:         8.0G         0B       8.0G

             total       used       free     shared    buffers     cached
Mem:          2.0G       1.4G       562M       1.4M        38M       290M
-/+ buffers/cache:       1.1G       891M
Swap:         8.0G         0B       8.0G

             total       used       free     shared    buffers     cached
Mem:          2.0G       1.4G       547M       1.4M        38M       290M
-/+ buffers/cache:       1.1G       876M
Swap:         8.0G         0B       8.0G

             total       used       free     shared    buffers     cached
Mem:          2.0G       1.4G       532M       1.4M        38M       290M
-/+ buffers/cache:       1.1G       861M
Swap:         8.0G         0B       8.0G

             total       used       free     shared    buffers     cached
Mem:          2.0G       1.4G       517M       1.4M        38M       290M
-/+ buffers/cache:       1.1G       846M
Swap:         8.0G         0B       8.0G

             total       used       free     shared    buffers     cached
Mem:          2.0G       1.5G       502M       1.4M        38M       290M
-/+ buffers/cache:       1.1G       831M
Swap:         8.0G         0B       8.0G

             total       used       free     shared    buffers     cached
Mem:          2.0G       1.5G       486M       1.4M        38M       290M
-/+ buffers/cache:       1.2G       815M
Swap:         8.0G         0B       8.0G

             total       used       free     shared    buffers     cached
Mem:          2.0G       1.5G       471M       1.4M        38M       290M
-/+ buffers/cache:       1.2G       800M
Swap:         8.0G         0B       8.0G

             total       used       free     shared    buffers     cached
Mem:          2.0G       1.5G       456M       1.4M        38M       290M
-/+ buffers/cache:       1.2G       785M
Swap:         8.0G         0B       8.0G

             total       used       free     shared    buffers     cached
Mem:          2.0G       1.5G       441M       1.4M        38M       290M
-/+ buffers/cache:       1.2G       770M
Swap:         8.0G         0B       8.0G

             total       used       free     shared    buffers     cached
Mem:          2.0G       1.5G       429M       1.4M        38M       290M
-/+ buffers/cache:       1.2G       758M
Swap:         8.0G         0B       8.0G

             total       used       free     shared    buffers     cached
Mem:          2.0G       1.5G       423M       1.4M        38M       290M
-/+ buffers/cache:       1.2G       752M
Swap:         8.0G         0B       8.0G

             total       used       free     shared    buffers     cached
Mem:          2.0G       1.6G       406M       1.4M        38M       290M
-/+ buffers/cache:       1.2G       735M
Swap:         8.0G         0B       8.0G

             total       used       free     shared    buffers     cached
Mem:          2.0G       1.6G       390M       1.4M        38M       290M
-/+ buffers/cache:       1.3G       719M
Swap:         8.0G         0B       8.0G

             total       used       free     shared    buffers     cached
Mem:          2.0G       1.6G       375M       1.4M        38M       290M
-/+ buffers/cache:       1.3G       704M
Swap:         8.0G         0B       8.0G

             total       used       free     shared    buffers     cached
Mem:          2.0G       1.6G       359M       1.4M        38M       290M
-/+ buffers/cache:       1.3G       688M
Swap:         8.0G         0B       8.0G

             total       used       free     shared    buffers     cached
Mem:          2.0G       1.6G       343M       1.4M        38M       290M
-/+ buffers/cache:       1.3G       672M
Swap:         8.0G         0B       8.0G

             total       used       free     shared    buffers     cached
Mem:          2.0G       1.6G       328M       1.4M        38M       290M
-/+ buffers/cache:       1.3G       657M
Swap:         8.0G         0B       8.0G

             total       used       free     shared    buffers     cached
Mem:          2.0G       1.6G       312M       1.4M        38M       290M
-/+ buffers/cache:       1.3G       641M
Swap:         8.0G         0B       8.0G

             total       used       free     shared    buffers     cached
Mem:          2.0G       1.7G       297M       1.4M        38M       290M
-/+ buffers/cache:       1.3G       626M
Swap:         8.0G         0B       8.0G

             total       used       free     shared    buffers     cached
Mem:          2.0G       1.7G       282M       1.4M        38M       290M
-/+ buffers/cache:       1.4G       611M
Swap:         8.0G         0B       8.0G

             total       used       free     shared    buffers     cached
Mem:          2.0G       1.7G       266M       1.4M        38M       290M
-/+ buffers/cache:       1.4G       595M
Swap:         8.0G         0B       8.0G

             total       used       free     shared    buffers     cached
Mem:          2.0G       1.7G       252M       1.4M        38M       290M
-/+ buffers/cache:       1.4G       581M
Swap:         8.0G         0B       8.0G

             total       used       free     shared    buffers     cached
Mem:          2.0G       1.7G       237M       1.4M        38M       290M
-/+ buffers/cache:       1.4G       566M
Swap:         8.0G         0B       8.0G

             total       used       free     shared    buffers     cached
Mem:          2.0G       1.7G       222M       1.4M        38M       290M
-/+ buffers/cache:       1.4G       551M
Swap:         8.0G         0B       8.0G

             total       used       free     shared    buffers     cached
Mem:          2.0G       1.7G       208M       1.4M        38M       290M
-/+ buffers/cache:       1.4G       537M
Swap:         8.0G         0B       8.0G

             total       used       free     shared    buffers     cached
Mem:          2.0G       1.8G       192M       1.4M        38M       290M
-/+ buffers/cache:       1.4G       521M
Swap:         8.0G         0B       8.0G

             total       used       free     shared    buffers     cached
Mem:          2.0G       1.8G       177M       1.4M        38M       290M
-/+ buffers/cache:       1.5G       506M
Swap:         8.0G         0B       8.0G

             total       used       free     shared    buffers     cached
Mem:          2.0G       1.8G       162M       1.4M        38M       290M
-/+ buffers/cache:       1.5G       491M
Swap:         8.0G         0B       8.0G

             total       used       free     shared    buffers     cached
Mem:          2.0G       1.8G       148M       1.4M        38M       290M
-/+ buffers/cache:       1.5G       477M
Swap:         8.0G         0B       8.0G

             total       used       free     shared    buffers     cached
Mem:          2.0G       1.8G       134M       1.4M        38M       290M
-/+ buffers/cache:       1.5G       463M
Swap:         8.0G         0B       8.0G

             total       used       free     shared    buffers     cached
Mem:          2.0G       1.8G       117M       1.4M        38M       290M
-/+ buffers/cache:       1.5G       446M
Swap:         8.0G         0B       8.0G

             total       used       free     shared    buffers     cached
Mem:          2.0G       1.9G       102M       1.4M        38M       290M
-/+ buffers/cache:       1.5G       431M
Swap:         8.0G         0B       8.0G

             total       used       free     shared    buffers     cached
Mem:          2.0G       1.9G        87M       1.4M        38M       290M
-/+ buffers/cache:       1.5G       416M
Swap:         8.0G         0B       8.0G

             total       used       free     shared    buffers     cached
Mem:          2.0G       1.9G        71M       1.4M        38M       290M
-/+ buffers/cache:       1.6G       400M
Swap:         8.0G         0B       8.0G

             total       used       free     shared    buffers     cached
Mem:          2.0G       1.9G        71M       1.4M        21M       288M
-/+ buffers/cache:       1.6G       382M
Swap:         8.0G         0B       8.0G

             total       used       free     shared    buffers     cached
Mem:          2.0G       1.9G        72M       1.4M        10M       282M
-/+ buffers/cache:       1.6G       365M
Swap:         8.0G         0B       8.0G

             total       used       free     shared    buffers     cached
Mem:          2.0G       1.9G        73M       1.4M       9.8M       265M
-/+ buffers/cache:       1.6G       349M
Swap:         8.0G        76K       8.0G

             total       used       free     shared    buffers     cached
Mem:          2.0G       1.9G        77M       1.2M       9.8M       245M
-/+ buffers/cache:       1.6G       332M
Swap:         8.0G       568K       8.0G

             total       used       free     shared    buffers     cached
Mem:          2.0G       1.9G        77M       1.2M       9.8M       233M
-/+ buffers/cache:       1.6G       320M
Swap:         8.0G       6.3M       8.0G

             total       used       free     shared    buffers     cached
Mem:          2.0G       1.9G        95M       1.2M       8.8M       206M
-/+ buffers/cache:       1.6G       311M
Swap:         8.0G        11M       8.0G

             total       used       free     shared    buffers     cached
Mem:          2.0G       1.9G        78M       1.1M       8.8M       206M
-/+ buffers/cache:       1.7G       294M
Swap:         8.0G        11M       8.0G

             total       used       free     shared    buffers     cached
Mem:          2.0G       1.9G        76M       1.1M       2.7M       199M
-/+ buffers/cache:       1.7G       279M
Swap:         8.0G        11M       8.0G

             total       used       free     shared    buffers     cached
Mem:          2.0G       1.9G        72M       1.1M       1.3M       189M
-/+ buffers/cache:       1.7G       262M
Swap:         8.0G        11M       8.0G

             total       used       free     shared    buffers     cached
Mem:          2.0G       1.9G        77M       1.1M       336K       167M
-/+ buffers/cache:       1.7G       245M
Swap:         8.0G        11M       8.0G

             total       used       free     shared    buffers     cached
Mem:          2.0G       1.9G        83M       1.1M       320K       147M
-/+ buffers/cache:       1.7G       230M
Swap:         8.0G        11M       8.0G

             total       used       free     shared    buffers     cached
Mem:          2.0G       1.9G        66M       1.1M       320K       147M
-/+ buffers/cache:       1.7G       213M
Swap:         8.0G        11M       8.0G

             total       used       free     shared    buffers     cached
Mem:          2.0G       1.9G        67M       1.1M       316K       129M
-/+ buffers/cache:       1.8G       198M
Swap:         8.0G        11M       8.0G

             total       used       free     shared    buffers     cached
Mem:          2.0G       1.9G        69M       1.1M       228K       115M
-/+ buffers/cache:       1.8G       185M
Swap:         8.0G        11M       8.0G

             total       used       free     shared    buffers     cached
Mem:          2.0G       1.9G        70M       1.1M       232K       101M
-/+ buffers/cache:       1.8G       172M
Swap:         8.0G        11M       8.0G

             total       used       free     shared    buffers     cached
Mem:          2.0G       1.9G        68M       1.1M       240K        89M
-/+ buffers/cache:       1.8G       158M
Swap:         8.0G        11M       8.0G

             total       used       free     shared    buffers     cached
Mem:          2.0G       1.9G        74M       1.1M       232K        69M
-/+ buffers/cache:       1.8G       143M
Swap:         8.0G        11M       8.0G

             total       used       free     shared    buffers     cached
Mem:          2.0G       1.9G        75M       1.1M       236K        53M
-/+ buffers/cache:       1.8G       129M
Swap:         8.0G        11M       8.0G

             total       used       free     shared    buffers     cached
Mem:          2.0G       1.9G        73M       1.1M       236K        40M
-/+ buffers/cache:       1.8G       114M
Swap:         8.0G        11M       8.0G

             total       used       free     shared    buffers     cached
Mem:          2.0G       1.9G        74M       1.1M       508K        23M
-/+ buffers/cache:       1.9G        98M
Swap:         8.0G        11M       8.0G

             total       used       free     shared    buffers     cached
Mem:          2.0G       1.9G        72M       1.1M       516K        10M
-/+ buffers/cache:       1.9G        84M
Swap:         8.0G        11M       8.0G

             total       used       free     shared    buffers     cached
Mem:          2.0G       1.9G        75M       1.0M        80K       2.5M
-/+ buffers/cache:       1.9G        78M
Swap:         8.0G        19M       8.0G

             total       used       free     shared    buffers     cached
Mem:          2.0G       1.9G        66M       708K        84K       3.6M
-/+ buffers/cache:       1.9G        70M
Swap:         8.0G        32M       8.0G

             total       used       free     shared    buffers     cached
Mem:          2.0G       1.9G        65M       696K        84K       3.2M
-/+ buffers/cache:       1.9G        68M
Swap:         8.0G        69M       7.9G

             total       used       free     shared    buffers     cached
Mem:          2.0G       1.9G        77M       696K        84K       3.4M
-/+ buffers/cache:       1.9G        80M
Swap:         8.0G        69M       7.9G

             total       used       free     shared    buffers     cached
Mem:          2.0G       1.9G        73M       696K        84K       3.6M
-/+ buffers/cache:       1.9G        77M
Swap:         8.0G        91M       7.9G

             total       used       free     shared    buffers     cached
Mem:          2.0G       1.9G        75M       664K        92K       3.6M
-/+ buffers/cache:       1.9G        79M
Swap:         8.0G        98M       7.9G

             total       used       free     shared    buffers     cached
Mem:          2.0G       1.9G        76M       664K        92K       3.5M
-/+ buffers/cache:       1.9G        80M
Swap:         8.0G       117M       7.9G

             total       used       free     shared    buffers     cached
Mem:          2.0G       1.9G        75M       656K        92K       3.5M
-/+ buffers/cache:       1.9G        79M
Swap:         8.0G       127M       7.9G

             total       used       free     shared    buffers     cached
Mem:          2.0G       1.9G        80M       592K        92K       3.3M
-/+ buffers/cache:       1.9G        83M
Swap:         8.0G       160M       7.8G

             total       used       free     shared    buffers     cached
Mem:          2.0G       1.9G        65M       588K        92K       3.8M
-/+ buffers/cache:       1.9G        69M
Swap:         8.0G       160M       7.8G

             total       used       free     shared    buffers     cached
Mem:          2.0G       1.9G        69M       588K       100K       3.8M
-/+ buffers/cache:       1.9G        73M
Swap:         8.0G       160M       7.8G

             total       used       free     shared    buffers     cached
Mem:          2.0G       1.9G        74M       588K        88K       3.7M
-/+ buffers/cache:       1.9G        78M
Swap:         8.0G       190M       7.8G

             total       used       free     shared    buffers     cached
Mem:          2.0G       1.9G        71M       564K        88K       3.7M
-/+ buffers/cache:       1.9G        75M
Swap:         8.0G       191M       7.8G

             total       used       free     shared    buffers     cached
Mem:          2.0G       1.9G        80M       564K        88K       3.7M
-/+ buffers/cache:       1.9G        84M
Swap:         8.0G       243M       7.8G

             total       used       free     shared    buffers     cached
Mem:          2.0G       1.9G        74M       560K        88K       3.7M
-/+ buffers/cache:       1.9G        78M
Swap:         8.0G       243M       7.8G

             total       used       free     shared    buffers     cached
Mem:          2.0G       1.9G        67M       560K        96K       3.7M
-/+ buffers/cache:       1.9G        71M
Swap:         8.0G       243M       7.8G

             total       used       free     shared    buffers     cached
Mem:          2.0G       1.9G        75M       560K        96K       3.7M
-/+ buffers/cache:       1.9G        79M
Swap:         8.0G       243M       7.8G

             total       used       free     shared    buffers     cached
Mem:          2.0G       1.9G        72M       560K        96K       3.7M
-/+ buffers/cache:       1.9G        76M
Swap:         8.0G       243M       7.8G

             total       used       free     shared    buffers     cached
Mem:          2.0G       1.9G        71M       560K        96K       3.6M
-/+ buffers/cache:       1.9G        75M
Swap:         8.0G       257M       7.7G

             total       used       free     shared    buffers     cached
Mem:          2.0G       1.8G       120M       536K        96K       3.6M
-/+ buffers/cache:       1.8G       124M
Swap:         8.0G       347M       7.7G

             total       used       free     shared    buffers     cached
Mem:          2.0G       1.8G       111M       536K        96K       3.6M
-/+ buffers/cache:       1.8G       115M
Swap:         8.0G       347M       7.7G

             total       used       free     shared    buffers     cached
Mem:          2.0G       1.8G       107M       536K       104K       3.6M
-/+ buffers/cache:       1.8G       111M
Swap:         8.0G       347M       7.7G

             total       used       free     shared    buffers     cached
Mem:          2.0G       1.8G       107M       536K       104K       3.6M
-/+ buffers/cache:       1.8G       110M
Swap:         8.0G       347M       7.7G

             total       used       free     shared    buffers     cached
Mem:          2.0G       1.8G       106M       536K       104K       3.6M
-/+ buffers/cache:       1.8G       110M
Swap:         8.0G       346M       7.7G

             total       used       free     shared    buffers     cached
Mem:          2.0G       1.9G       105M       536K       104K       3.6M
-/+ buffers/cache:       1.8G       109M
Swap:         8.0G       346M       7.7G

             total       used       free     shared    buffers     cached
Mem:          2.0G       1.9G       104M       536K       104K       3.6M
-/+ buffers/cache:       1.8G       108M
Swap:         8.0G       345M       7.7G

             total       used       free     shared    buffers     cached
Mem:          2.0G       1.9G       104M       536K       112K       3.6M
-/+ buffers/cache:       1.8G       107M
Swap:         8.0G       345M       7.7G

             total       used       free     shared    buffers     cached
Mem:          2.0G       1.9G       103M       536K       112K       3.6M
-/+ buffers/cache:       1.8G       107M
Swap:         8.0G       344M       7.7G

             total       used       free     shared    buffers     cached
Mem:          2.0G       1.9G       103M       536K       112K       3.6M
-/+ buffers/cache:       1.8G       106M
Swap:         8.0G       344M       7.7G

             total       used       free     shared    buffers     cached
Mem:          2.0G       1.9G       102M       536K       112K       3.6M
-/+ buffers/cache:       1.8G       105M
Swap:         8.0G       343M       7.7G

             total       used       free     shared    buffers     cached
Mem:          2.0G       1.9G       101M       536K       112K       3.6M
-/+ buffers/cache:       1.9G       105M
Swap:         8.0G       343M       7.7G

             total       used       free     shared    buffers     cached
Mem:          2.0G       1.9G       100M       536K       120K       3.7M
-/+ buffers/cache:       1.9G       104M
Swap:         8.0G       342M       7.7G

             total       used       free     shared    buffers     cached
Mem:          2.0G       1.9G       100M       536K       120K       3.7M
-/+ buffers/cache:       1.9G       104M
Swap:         8.0G       342M       7.7G

             total       used       free     shared    buffers     cached
Mem:          2.0G       1.9G        99M       536K       120K       3.7M
-/+ buffers/cache:       1.9G       103M
Swap:         8.0G       342M       7.7G

             total       used       free     shared    buffers     cached
Mem:          2.0G       1.9G        99M       536K       120K       3.7M
-/+ buffers/cache:       1.9G       102M
Swap:         8.0G       341M       7.7G

             total       used       free     shared    buffers     cached
Mem:          2.0G       1.9G        91M       536K       120K       8.1M
-/+ buffers/cache:       1.9G        99M
Swap:         8.0G       340M       7.7G

             total       used       free     shared    buffers     cached
Mem:          2.0G       1.9G        79M       536K       248K        20M
-/+ buffers/cache:       1.9G       100M
Swap:         8.0G       331M       7.7G

             total       used       free     shared    buffers     cached
Mem:          2.0G       1.9G        78M       536K       572K        20M
-/+ buffers/cache:       1.9G        99M
Swap:         8.0G       330M       7.7G

             total       used       free     shared    buffers     cached
Mem:          2.0G       1.9G        77M       536K       580K        20M
-/+ buffers/cache:       1.9G        99M
Swap:         8.0G       330M       7.7G

             total       used       free     shared    buffers     cached
Mem:          2.0G       1.9G        77M       536K       580K        20M
-/+ buffers/cache:       1.9G        98M
Swap:         8.0G       330M       7.7G

             total       used       free     shared    buffers     cached
Mem:          2.0G       1.9G        76M       536K       580K        20M
-/+ buffers/cache:       1.9G        97M
Swap:         8.0G       329M       7.7G

             total       used       free     shared    buffers     cached
Mem:          2.0G       1.9G        75M       536K       580K        20M
-/+ buffers/cache:       1.9G        97M
Swap:         8.0G       329M       7.7G

             total       used       free     shared    buffers     cached
Mem:          2.0G       1.9G        75M       536K       588K        20M
-/+ buffers/cache:       1.9G        96M
Swap:         8.0G       329M       7.7G

             total       used       free     shared    buffers     cached
Mem:          2.0G       1.9G        72M       536K       880K        21M
-/+ buffers/cache:       1.9G        94M
Swap:         8.0G       328M       7.7G

             total       used       free     shared    buffers     cached
Mem:          2.0G       1.9G        77M       536K       996K        28M
-/+ buffers/cache:       1.8G       107M
Swap:         8.0G       337M       7.7G

             total       used       free     shared    buffers     cached
Mem:          2.0G       1.9G        77M       540K       996K        28M
-/+ buffers/cache:       1.8G       107M
Swap:         8.0G       336M       7.7G

             total       used       free     shared    buffers     cached
Mem:          2.0G       1.9G        76M       540K       996K        28M
-/+ buffers/cache:       1.8G       106M
Swap:         8.0G       336M       7.7G

             total       used       free     shared    buffers     cached
Mem:          2.0G       1.9G        75M       540K       996K        28M
-/+ buffers/cache:       1.9G       105M
Swap:         8.0G       335M       7.7G

             total       used       free     shared    buffers     cached
Mem:          2.0G       1.9G        75M       540K       1.0M        28M
-/+ buffers/cache:       1.9G       104M
Swap:         8.0G       335M       7.7G

             total       used       free     shared    buffers     cached
Mem:          2.0G       1.9G        73M       540K       1.0M        29M
-/+ buffers/cache:       1.9G       103M
Swap:         8.0G       335M       7.7G

             total       used       free     shared    buffers     cached
Mem:          2.0G       1.9G        72M       540K       1.0M        30M
-/+ buffers/cache:       1.9G       103M
Swap:         8.0G       334M       7.7G

             total       used       free     shared    buffers     cached
Mem:          2.0G       1.9G        71M       540K       1.0M        29M
-/+ buffers/cache:       1.9G       102M
Swap:         8.0G       334M       7.7G

             total       used       free     shared    buffers     cached
Mem:          2.0G       1.9G        70M       540K       1.0M        30M
-/+ buffers/cache:       1.9G       102M
Swap:         8.0G       334M       7.7G

             total       used       free     shared    buffers     cached
Mem:          2.0G       1.9G        69M       540K       1.0M        30M
-/+ buffers/cache:       1.9G       101M
Swap:         8.0G       333M       7.7G

             total       used       free     shared    buffers     cached
Mem:          2.0G       1.9G        69M       540K       1.0M        31M
-/+ buffers/cache:       1.9G       101M
Swap:         8.0G       333M       7.7G

             total       used       free     shared    buffers     cached
Mem:          2.0G       1.9G        68M       540K       1.0M        31M
-/+ buffers/cache:       1.9G       100M
Swap:         8.0G       333M       7.7G

             total       used       free     shared    buffers     cached
Mem:          2.0G       1.9G        68M       540K       1.0M        31M
-/+ buffers/cache:       1.9G       100M
Swap:         8.0G       332M       7.7G

             total       used       free     shared    buffers     cached
Mem:          2.0G       1.9G        67M       540K       1.0M        31M
-/+ buffers/cache:       1.9G        99M
Swap:         8.0G       332M       7.7G

             total       used       free     shared    buffers     cached
Mem:          2.0G       1.9G        67M       540K       1.0M        31M
-/+ buffers/cache:       1.9G        99M
Swap:         8.0G       332M       7.7G

             total       used       free     shared    buffers     cached
Mem:          2.0G       1.9G        66M       540K       1.0M        31M
-/+ buffers/cache:       1.9G        98M
Swap:         8.0G       332M       7.7G

             total       used       free     shared    buffers     cached
Mem:          2.0G       1.9G        66M       540K       1.0M        31M
-/+ buffers/cache:       1.9G        98M
Swap:         8.0G       331M       7.7G

             total       used       free     shared    buffers     cached
Mem:          2.0G       1.9G        65M       540K       1.0M        31M
-/+ buffers/cache:       1.9G        97M
Swap:         8.0G       331M       7.7G

             total       used       free     shared    buffers     cached
Mem:          2.0G       1.9G        65M       540K       1.0M        31M
-/+ buffers/cache:       1.9G        97M
Swap:         8.0G       331M       7.7G

             total       used       free     shared    buffers     cached
Mem:          2.0G       1.9G        77M       540K       1.0M        28M
-/+ buffers/cache:       1.8G       106M
Swap:         8.0G       350M       7.7G

             total       used       free     shared    buffers     cached
Mem:          2.0G       1.9G        76M       540K       1.0M        28M
-/+ buffers/cache:       1.8G       105M
Swap:         8.0G       349M       7.7G

             total       used       free     shared    buffers     cached
Mem:          2.0G       1.9G        76M       540K       1.0M        28M
-/+ buffers/cache:       1.9G       105M
Swap:         8.0G       349M       7.7G

             total       used       free     shared    buffers     cached
Mem:          2.0G       1.9G        75M       540K       1.0M        28M
-/+ buffers/cache:       1.9G       104M
Swap:         8.0G       348M       7.7G

             total       used       free     shared    buffers     cached
Mem:          2.0G       1.9G        75M       540K       1.0M        28M
-/+ buffers/cache:       1.9G       104M
Swap:         8.0G       348M       7.7G

             total       used       free     shared    buffers     cached
Mem:          2.0G       1.9G        74M       540K       1.0M        28M
-/+ buffers/cache:       1.9G       103M
Swap:         8.0G       348M       7.7G

             total       used       free     shared    buffers     cached
Mem:          2.0G       1.9G        73M       540K       1.0M        28M
-/+ buffers/cache:       1.9G       102M
Swap:         8.0G       347M       7.7G

             total       used       free     shared    buffers     cached
Mem:          2.0G       1.9G        73M       540K       1.0M        28M
-/+ buffers/cache:       1.9G       102M
Swap:         8.0G       347M       7.7G

             total       used       free     shared    buffers     cached
Mem:          2.0G       1.9G        72M       540K       1.0M        28M
-/+ buffers/cache:       1.9G       101M
Swap:         8.0G       347M       7.7G

             total       used       free     shared    buffers     cached
Mem:          2.0G       1.9G        71M       540K       1.0M        28M
-/+ buffers/cache:       1.9G       101M
Swap:         8.0G       346M       7.7G

             total       used       free     shared    buffers     cached
Mem:          2.0G       1.9G        71M       540K       1.0M        28M
-/+ buffers/cache:       1.9G       100M
Swap:         8.0G       346M       7.7G

             total       used       free     shared    buffers     cached
Mem:          2.0G       1.9G        70M       540K       1.0M        28M
-/+ buffers/cache:       1.9G        99M
Swap:         8.0G       346M       7.7G

             total       used       free     shared    buffers     cached
Mem:          2.0G       1.9G        70M       540K       1.0M        28M
-/+ buffers/cache:       1.9G        99M
Swap:         8.0G       345M       7.7G

             total       used       free     shared    buffers     cached
Mem:          2.0G       1.9G        69M       540K       1.0M        28M
-/+ buffers/cache:       1.9G        98M
Swap:         8.0G       345M       7.7G

             total       used       free     shared    buffers     cached
Mem:          2.0G       1.9G        69M       540K       1.0M        28M
-/+ buffers/cache:       1.9G        98M
Swap:         8.0G       345M       7.7G

             total       used       free     shared    buffers     cached
Mem:          2.0G       1.9G        68M       540K       1.0M        28M
-/+ buffers/cache:       1.9G        97M
Swap:         8.0G       344M       7.7G

             total       used       free     shared    buffers     cached
Mem:          2.0G       1.9G        67M       540K       1.0M        28M
-/+ buffers/cache:       1.9G        97M
Swap:         8.0G       344M       7.7G

             total       used       free     shared    buffers     cached
Mem:          2.0G       1.9G        67M       540K       1.0M        28M
-/+ buffers/cache:       1.9G        96M
Swap:         8.0G       344M       7.7G

             total       used       free     shared    buffers     cached
Mem:          2.0G       1.9G        66M       540K       1.0M        28M
-/+ buffers/cache:       1.9G        96M
Swap:         8.0G       343M       7.7G

             total       used       free     shared    buffers     cached
Mem:          2.0G       1.9G        66M       540K       1.0M        28M
-/+ buffers/cache:       1.9G        95M
Swap:         8.0G       343M       7.7G

             total       used       free     shared    buffers     cached
Mem:          2.0G       1.9G        65M       540K       1.0M        28M
-/+ buffers/cache:       1.9G        94M
Swap:         8.0G       343M       7.7G

             total       used       free     shared    buffers     cached
Mem:          2.0G       1.9G        65M       540K       1.0M        28M
-/+ buffers/cache:       1.9G        94M
Swap:         8.0G       342M       7.7G

             total       used       free     shared    buffers     cached
Mem:          2.0G       1.9G        76M       540K       1.0M        26M
-/+ buffers/cache:       1.9G       104M
Swap:         8.0G       351M       7.7G

             total       used       free     shared    buffers     cached
Mem:          2.0G       1.9G        75M       540K       1.0M        26M
-/+ buffers/cache:       1.9G       103M
Swap:         8.0G       351M       7.7G

             total       used       free     shared    buffers     cached
Mem:          2.0G       1.9G        75M       540K       1.0M        26M
-/+ buffers/cache:       1.9G       103M
Swap:         8.0G       351M       7.7G

             total       used       free     shared    buffers     cached
Mem:          2.0G       1.9G        74M       540K       1.0M        26M
-/+ buffers/cache:       1.9G       102M
Swap:         8.0G       350M       7.7G

             total       used       free     shared    buffers     cached
Mem:          2.0G       1.9G        73M       540K       1.0M        27M
-/+ buffers/cache:       1.9G       101M
Swap:         8.0G       350M       7.7G

             total       used       free     shared    buffers     cached
Mem:          2.0G       1.9G        73M       540K       1.0M        27M
-/+ buffers/cache:       1.9G       101M
Swap:         8.0G       350M       7.7G

             total       used       free     shared    buffers     cached
Mem:          2.0G       1.9G        72M       540K       1.0M        27M
-/+ buffers/cache:       1.9G       100M
Swap:         8.0G       349M       7.7G

             total       used       free     shared    buffers     cached
Mem:          2.0G       1.9G        72M       540K       1.0M        26M
-/+ buffers/cache:       1.9G       100M
Swap:         8.0G       349M       7.7G

             total       used       free     shared    buffers     cached
Mem:          2.0G       1.9G        71M       540K       1.0M        26M
-/+ buffers/cache:       1.9G        99M
Swap:         8.0G       348M       7.7G

             total       used       free     shared    buffers     cached
Mem:          2.0G       1.9G        70M       540K       1.0M        26M
-/+ buffers/cache:       1.9G        98M
Swap:         8.0G       348M       7.7G

             total       used       free     shared    buffers     cached
Mem:          2.0G       1.9G        66M       540K       1.0M        30M
-/+ buffers/cache:       1.9G        98M
Swap:         8.0G       348M       7.7G

             total       used       free     shared    buffers     cached
Mem:          2.0G       1.9G        82M       540K       1.0M        29M
-/+ buffers/cache:       1.8G       113M
Swap:         8.0G       368M       7.6G

             total       used       free     shared    buffers     cached
Mem:          2.0G       1.9G        81M       540K       1.1M        29M
-/+ buffers/cache:       1.8G       112M
Swap:         8.0G       368M       7.6G

             total       used       free     shared    buffers     cached
Mem:          2.0G       1.9G        80M       540K       1.1M        29M
-/+ buffers/cache:       1.8G       111M
Swap:         8.0G       367M       7.6G

             total       used       free     shared    buffers     cached
Mem:          2.0G       1.9G        79M       540K       1.1M        30M
-/+ buffers/cache:       1.8G       110M
Swap:         8.0G       367M       7.6G

             total       used       free     shared    buffers     cached
Mem:          2.0G       1.9G        79M       540K       1.1M        29M
-/+ buffers/cache:       1.8G       110M
Swap:         8.0G       367M       7.6G

             total       used       free     shared    buffers     cached
Mem:          2.0G       1.9G        78M       540K       1.1M        29M
-/+ buffers/cache:       1.8G       109M
Swap:         8.0G       366M       7.6G

             total       used       free     shared    buffers     cached
Mem:          2.0G       1.9G        77M       540K       1.1M        29M
-/+ buffers/cache:       1.8G       108M
Swap:         8.0G       366M       7.6G

             total       used       free     shared    buffers     cached
Mem:          2.0G       1.9G        77M       540K       1.1M        29M
-/+ buffers/cache:       1.8G       108M
Swap:         8.0G       365M       7.6G

             total       used       free     shared    buffers     cached
Mem:          2.0G       1.9G        76M       540K       1.1M        29M
-/+ buffers/cache:       1.8G       107M
Swap:         8.0G       365M       7.6G

             total       used       free     shared    buffers     cached
Mem:          2.0G       1.9G        75M       540K       1.1M        29M
-/+ buffers/cache:       1.8G       106M
Swap:         8.0G       364M       7.6G

             total       used       free     shared    buffers     cached
Mem:          2.0G       1.9G        75M       540K       1.1M        29M
-/+ buffers/cache:       1.8G       106M
Swap:         8.0G       364M       7.6G

             total       used       free     shared    buffers     cached
Mem:          2.0G       1.9G        74M       540K       1.1M        30M
-/+ buffers/cache:       1.9G       105M
Swap:         8.0G       364M       7.6G

             total       used       free     shared    buffers     cached
Mem:          2.0G       1.9G        73M       540K       1.1M        30M
-/+ buffers/cache:       1.9G       104M
Swap:         8.0G       363M       7.6G

             total       used       free     shared    buffers     cached
Mem:          2.0G       1.9G        71M       540K       1.2M        31M
-/+ buffers/cache:       1.9G       103M
Swap:         8.0G       363M       7.6G

             total       used       free     shared    buffers     cached
Mem:          2.0G       1.9G        70M       544K       1.2M        31M
-/+ buffers/cache:       1.9G       103M
Swap:         8.0G       362M       7.6G

             total       used       free     shared    buffers     cached
Mem:          2.0G       1.9G        70M       544K       1.2M        31M
-/+ buffers/cache:       1.9G       102M
Swap:         8.0G       362M       7.6G

             total       used       free     shared    buffers     cached
Mem:          2.0G       1.9G        76M       544K       476K        31M
-/+ buffers/cache:       1.8G       108M
Swap:         8.0G       365M       7.6G

             total       used       free     shared    buffers     cached
Mem:          2.0G       1.9G        75M       544K       476K        31M
-/+ buffers/cache:       1.8G       107M
Swap:         8.0G       364M       7.6G

             total       used       free     shared    buffers     cached
Mem:          2.0G       1.9G        69M       544K       484K        33M
-/+ buffers/cache:       1.9G       103M
Swap:         8.0G       362M       7.6G

             total       used       free     shared    buffers     cached
Mem:          2.0G       1.9G        68M       544K       484K        33M
-/+ buffers/cache:       1.9G       102M
Swap:         8.0G       361M       7.6G

             total       used       free     shared    buffers     cached
Mem:          2.0G       1.9G        68M       544K       484K        33M
-/+ buffers/cache:       1.9G       102M
Swap:         8.0G       361M       7.6G

             total       used       free     shared    buffers     cached
Mem:          2.0G       1.9G        67M       544K       484K        33M
-/+ buffers/cache:       1.9G       102M
Swap:         8.0G       361M       7.6G

             total       used       free     shared    buffers     cached
Mem:          2.0G       1.9G        67M       544K       484K        33M
-/+ buffers/cache:       1.9G       101M
Swap:         8.0G       361M       7.6G

             total       used       free     shared    buffers     cached
Mem:          2.0G       1.9G        66M       544K       492K        33M
-/+ buffers/cache:       1.9G       101M
Swap:         8.0G       360M       7.6G

             total       used       free     shared    buffers     cached
Mem:          2.0G       1.9G        66M       544K       492K        33M
-/+ buffers/cache:       1.9G       100M
Swap:         8.0G       360M       7.6G

             total       used       free     shared    buffers     cached
Mem:          2.0G       1.9G        65M       544K       492K        33M
-/+ buffers/cache:       1.9G       100M
Swap:         8.0G       360M       7.6G

             total       used       free     shared    buffers     cached
Mem:          2.0G       1.9G        65M       544K       492K        34M
-/+ buffers/cache:       1.9G        99M
Swap:         8.0G       359M       7.6G

             total       used       free     shared    buffers     cached
Mem:          2.0G       1.9G        64M       544K       492K        34M
-/+ buffers/cache:       1.9G        99M
Swap:         8.0G       359M       7.6G

             total       used       free     shared    buffers     cached
Mem:          2.0G       1.9G        75M       544K       312K        31M
-/+ buffers/cache:       1.8G       107M
Swap:         8.0G       369M       7.6G

             total       used       free     shared    buffers     cached
Mem:          2.0G       1.9G        81M       4.2M       3.1M        45M
-/+ buffers/cache:       1.8G       129M
Swap:         8.0G       417M       7.6G

             total       used       free     shared    buffers     cached
Mem:          2.0G       1.9G        79M       4.3M       3.8M        57M
-/+ buffers/cache:       1.8G       140M
Swap:         8.0G       419M       7.6G

             total       used       free     shared    buffers     cached
Mem:          2.0G       1.9G        83M       656K       3.4M        60M
-/+ buffers/cache:       1.8G       146M
Swap:         8.0G       442M       7.6G

             total       used       free     shared    buffers     cached
Mem:          2.0G       1.9G        81M       644K       3.4M        60M
-/+ buffers/cache:       1.8G       145M
Swap:         8.0G       441M       7.6G

             total       used       free     shared    buffers     cached
Mem:          2.0G       1.9G        80M       644K       3.4M        60M
-/+ buffers/cache:       1.8G       144M
Swap:         8.0G       441M       7.6G

             total       used       free     shared    buffers     cached
Mem:          2.0G       1.9G        80M       644K       3.4M        60M
-/+ buffers/cache:       1.8G       143M
Swap:         8.0G       441M       7.6G

             total       used       free     shared    buffers     cached
Mem:          2.0G       1.9G        79M       644K       3.4M        60M
-/+ buffers/cache:       1.8G       143M
Swap:         8.0G       440M       7.6G

             total       used       free     shared    buffers     cached
Mem:          2.0G       1.9G        77M       644K       3.6M        61M
-/+ buffers/cache:       1.8G       141M
Swap:         8.0G       440M       7.6G

             total       used       free     shared    buffers     cached
Mem:          2.0G       1.9G        75M       644K       3.6M        61M
-/+ buffers/cache:       1.8G       140M
Swap:         8.0G       439M       7.6G

             total       used       free     shared    buffers     cached
Mem:          2.0G       1.9G        74M       644K       3.6M        61M
-/+ buffers/cache:       1.8G       139M
Swap:         8.0G       439M       7.6G

             total       used       free     shared    buffers     cached
Mem:          2.0G       1.9G        73M       644K       3.6M        61M
-/+ buffers/cache:       1.8G       138M
Swap:         8.0G       438M       7.6G

             total       used       free     shared    buffers     cached
Mem:          2.0G       1.9G        72M       644K       3.6M        61M
-/+ buffers/cache:       1.8G       137M
Swap:         8.0G       438M       7.6G

             total       used       free     shared    buffers     cached
Mem:          2.0G       1.9G        71M       644K       3.6M        61M
-/+ buffers/cache:       1.8G       136M
Swap:         8.0G       437M       7.6G

             total       used       free     shared    buffers     cached
Mem:          2.0G       1.9G        70M       644K       3.6M        61M
-/+ buffers/cache:       1.8G       135M
Swap:         8.0G       436M       7.6G

             total       used       free     shared    buffers     cached
Mem:          2.0G       1.9G        69M       644K       3.6M        61M
-/+ buffers/cache:       1.8G       134M
Swap:         8.0G       436M       7.6G

             total       used       free     shared    buffers     cached
Mem:          2.0G       1.9G        68M       644K       3.6M        61M
-/+ buffers/cache:       1.8G       133M
Swap:         8.0G       434M       7.6G

             total       used       free     shared    buffers     cached
Mem:          2.0G       1.9G        67M       644K       3.6M        61M
-/+ buffers/cache:       1.8G       132M
Swap:         8.0G       433M       7.6G

             total       used       free     shared    buffers     cached
Mem:          2.0G       1.9G        66M       644K       3.6M        61M
-/+ buffers/cache:       1.8G       131M
Swap:         8.0G       432M       7.6G

             total       used       free     shared    buffers     cached
Mem:          2.0G       1.9G        65M       644K       3.6M        61M
-/+ buffers/cache:       1.8G       130M
Swap:         8.0G       431M       7.6G

             total       used       free     shared    buffers     cached
Mem:          2.0G       1.9G        76M       644K       2.8M        60M
-/+ buffers/cache:       1.8G       139M
Swap:         8.0G       429M       7.6G

             total       used       free     shared    buffers     cached
Mem:          2.0G       1.9G        75M       644K       2.8M        60M
-/+ buffers/cache:       1.8G       139M
Swap:         8.0G       428M       7.6G

             total       used       free     shared    buffers     cached
Mem:          2.0G       1.9G        74M       644K       2.8M        60M
-/+ buffers/cache:       1.8G       137M
Swap:         8.0G       427M       7.6G

             total       used       free     shared    buffers     cached
Mem:          2.0G       1.9G        73M       644K       2.8M        60M
-/+ buffers/cache:       1.8G       136M
Swap:         8.0G       426M       7.6G

             total       used       free     shared    buffers     cached
Mem:          2.0G       1.9G        72M       644K       2.8M        60M
-/+ buffers/cache:       1.8G       135M
Swap:         8.0G       425M       7.6G

             total       used       free     shared    buffers     cached
Mem:          2.0G       1.9G        70M       644K       2.8M        60M
-/+ buffers/cache:       1.8G       134M
Swap:         8.0G       423M       7.6G

             total       used       free     shared    buffers     cached
Mem:          2.0G       1.9G        69M       644K       2.8M        60M
-/+ buffers/cache:       1.8G       133M
Swap:         8.0G       422M       7.6G

             total       used       free     shared    buffers     cached
Mem:          2.0G       1.9G        68M       644K       2.8M        60M
-/+ buffers/cache:       1.8G       132M
Swap:         8.0G       421M       7.6G

             total       used       free     shared    buffers     cached
Mem:          2.0G       1.9G        67M       644K       2.8M        60M
-/+ buffers/cache:       1.8G       131M
Swap:         8.0G       420M       7.6G

             total       used       free     shared    buffers     cached
Mem:          2.0G       1.9G        66M       644K       2.8M        60M
-/+ buffers/cache:       1.8G       130M
Swap:         8.0G       419M       7.6G

             total       used       free     shared    buffers     cached
Mem:          2.0G       1.9G        65M       644K       2.8M        60M
-/+ buffers/cache:       1.8G       129M
Swap:         8.0G       417M       7.6G

             total       used       free     shared    buffers     cached
Mem:          2.0G       1.9G        68M       708K       4.7M        67M
-/+ buffers/cache:       1.8G       140M
Swap:         8.0G       434M       7.6G

             total       used       free     shared    buffers     cached
Mem:          2.0G       1.9G        76M       692K       6.0M        66M
-/+ buffers/cache:       1.8G       149M
Swap:         8.0G       455M       7.6G
