             total       used       free     shared    buffers     cached
Mem:          992M       659M       332M       3.2M        38M       289M
-/+ buffers/cache:       331M       661M
Swap:         8.0G         0B       8.0G

             total       used       free     shared    buffers     cached
Mem:          992M       658M       333M       3.2M        38M       289M
-/+ buffers/cache:       330M       661M
Swap:         8.0G         0B       8.0G

             total       used       free     shared    buffers     cached
Mem:          992M       658M       333M       3.2M        38M       289M
-/+ buffers/cache:       330M       661M
Swap:         8.0G         0B       8.0G

             total       used       free     shared    buffers     cached
Mem:          992M       658M       333M       3.2M        38M       289M
-/+ buffers/cache:       330M       661M
Swap:         8.0G         0B       8.0G

             total       used       free     shared    buffers     cached
Mem:          992M       658M       333M       3.2M        38M       289M
-/+ buffers/cache:       330M       661M
Swap:         8.0G         0B       8.0G

             total       used       free     shared    buffers     cached
Mem:          992M       658M       333M       3.2M        38M       289M
-/+ buffers/cache:       330M       661M
Swap:         8.0G         0B       8.0G

             total       used       free     shared    buffers     cached
Mem:          992M       658M       333M       3.2M        38M       289M
-/+ buffers/cache:       330M       661M
Swap:         8.0G         0B       8.0G

             total       used       free     shared    buffers     cached
Mem:          992M       658M       333M       3.2M        38M       289M
-/+ buffers/cache:       330M       662M
Swap:         8.0G         0B       8.0G

             total       used       free     shared    buffers     cached
Mem:          992M       658M       333M       3.2M        38M       289M
-/+ buffers/cache:       329M       662M
Swap:         8.0G         0B       8.0G

             total       used       free     shared    buffers     cached
Mem:          992M       658M       333M       3.2M        38M       289M
-/+ buffers/cache:       329M       662M
Swap:         8.0G         0B       8.0G

             total       used       free     shared    buffers     cached
Mem:          992M       658M       333M       3.2M        38M       290M
-/+ buffers/cache:       329M       662M
Swap:         8.0G         0B       8.0G

             total       used       free     shared    buffers     cached
Mem:          992M       667M       324M       3.2M        38M       290M
-/+ buffers/cache:       338M       654M
Swap:         8.0G         0B       8.0G

             total       used       free     shared    buffers     cached
Mem:          992M       700M       291M       3.2M        38M       290M
-/+ buffers/cache:       370M       621M
Swap:         8.0G         0B       8.0G

             total       used       free     shared    buffers     cached
Mem:          992M       667M       324M       3.2M        38M       291M
-/+ buffers/cache:       337M       654M
Swap:         8.0G         0B       8.0G

             total       used       free     shared    buffers     cached
Mem:          992M       669M       322M       3.2M        38M       291M
-/+ buffers/cache:       339M       652M
Swap:         8.0G         0B       8.0G

             total       used       free     shared    buffers     cached
Mem:          992M       668M       324M       3.2M        38M       291M
-/+ buffers/cache:       337M       654M
Swap:         8.0G         0B       8.0G

             total       used       free     shared    buffers     cached
Mem:          992M       668M       324M       3.2M        38M       291M
-/+ buffers/cache:       337M       654M
Swap:         8.0G         0B       8.0G

             total       used       free     shared    buffers     cached
Mem:          992M       668M       324M       3.2M        38M       291M
-/+ buffers/cache:       337M       654M
Swap:         8.0G         0B       8.0G

             total       used       free     shared    buffers     cached
Mem:          992M       668M       324M       3.2M        38M       291M
-/+ buffers/cache:       337M       654M
Swap:         8.0G         0B       8.0G

             total       used       free     shared    buffers     cached
Mem:          992M       668M       324M       3.2M        38M       291M
-/+ buffers/cache:       337M       654M
Swap:         8.0G         0B       8.0G

             total       used       free     shared    buffers     cached
Mem:          992M       668M       324M       3.2M        38M       291M
-/+ buffers/cache:       337M       654M
Swap:         8.0G         0B       8.0G

             total       used       free     shared    buffers     cached
Mem:          992M       668M       323M       3.2M        38M       291M
-/+ buffers/cache:       338M       654M
Swap:         8.0G         0B       8.0G

             total       used       free     shared    buffers     cached
Mem:          992M       668M       323M       3.2M        38M       291M
-/+ buffers/cache:       337M       654M
Swap:         8.0G         0B       8.0G

             total       used       free     shared    buffers     cached
Mem:          992M       668M       323M       3.2M        38M       291M
-/+ buffers/cache:       337M       654M
Swap:         8.0G         0B       8.0G

             total       used       free     shared    buffers     cached
Mem:          992M       668M       323M       3.2M        38M       291M
-/+ buffers/cache:       337M       654M
Swap:         8.0G         0B       8.0G

             total       used       free     shared    buffers     cached
Mem:          992M       668M       323M       3.2M        38M       291M
-/+ buffers/cache:       337M       654M
Swap:         8.0G         0B       8.0G

             total       used       free     shared    buffers     cached
Mem:          992M       668M       323M       3.2M        38M       291M
-/+ buffers/cache:       337M       654M
Swap:         8.0G         0B       8.0G

             total       used       free     shared    buffers     cached
Mem:          992M       668M       323M       3.2M        38M       291M
-/+ buffers/cache:       337M       654M
Swap:         8.0G         0B       8.0G

             total       used       free     shared    buffers     cached
Mem:          992M       668M       323M       3.2M        38M       291M
-/+ buffers/cache:       337M       654M
Swap:         8.0G         0B       8.0G

             total       used       free     shared    buffers     cached
Mem:          992M       668M       323M       3.2M        38M       291M
-/+ buffers/cache:       337M       654M
Swap:         8.0G         0B       8.0G

             total       used       free     shared    buffers     cached
Mem:          992M       668M       323M       3.2M        38M       291M
-/+ buffers/cache:       337M       654M
Swap:         8.0G         0B       8.0G

             total       used       free     shared    buffers     cached
Mem:          992M       668M       323M       3.2M        38M       291M
-/+ buffers/cache:       337M       654M
Swap:         8.0G         0B       8.0G

             total       used       free     shared    buffers     cached
Mem:          992M       668M       323M       3.2M        38M       291M
-/+ buffers/cache:       337M       654M
Swap:         8.0G         0B       8.0G

             total       used       free     shared    buffers     cached
Mem:          992M       673M       318M       3.2M        38M       291M
-/+ buffers/cache:       343M       649M
Swap:         8.0G         0B       8.0G

             total       used       free     shared    buffers     cached
Mem:          992M       691M       300M       3.2M        38M       291M
-/+ buffers/cache:       361M       631M
Swap:         8.0G         0B       8.0G

             total       used       free     shared    buffers     cached
Mem:          992M       707M       284M       3.2M        38M       291M
-/+ buffers/cache:       377M       614M
Swap:         8.0G         0B       8.0G

             total       used       free     shared    buffers     cached
Mem:          992M       724M       267M       3.2M        38M       291M
-/+ buffers/cache:       394M       597M
Swap:         8.0G         0B       8.0G

             total       used       free     shared    buffers     cached
Mem:          992M       743M       248M       3.2M        38M       291M
-/+ buffers/cache:       413M       578M
Swap:         8.0G         0B       8.0G

             total       used       free     shared    buffers     cached
Mem:          992M       760M       231M       3.2M        38M       291M
-/+ buffers/cache:       430M       562M
Swap:         8.0G         0B       8.0G

             total       used       free     shared    buffers     cached
Mem:          992M       777M       214M       3.2M        38M       291M
-/+ buffers/cache:       447M       544M
Swap:         8.0G         0B       8.0G

             total       used       free     shared    buffers     cached
Mem:          992M       794M       197M       3.2M        38M       291M
-/+ buffers/cache:       463M       528M
Swap:         8.0G         0B       8.0G

             total       used       free     shared    buffers     cached
Mem:          992M       813M       178M       3.2M        38M       291M
-/+ buffers/cache:       482M       509M
Swap:         8.0G         0B       8.0G

             total       used       free     shared    buffers     cached
Mem:          992M       830M       161M       3.2M        38M       291M
-/+ buffers/cache:       499M       492M
Swap:         8.0G         0B       8.0G

             total       used       free     shared    buffers     cached
Mem:          992M       846M       145M       3.2M        38M       291M
-/+ buffers/cache:       516M       476M
Swap:         8.0G         0B       8.0G

             total       used       free     shared    buffers     cached
Mem:          992M       863M       128M       3.2M        38M       291M
-/+ buffers/cache:       532M       459M
Swap:         8.0G         0B       8.0G

             total       used       free     shared    buffers     cached
Mem:          992M       880M       111M       3.2M        38M       291M
-/+ buffers/cache:       549M       442M
Swap:         8.0G         0B       8.0G

             total       used       free     shared    buffers     cached
Mem:          992M       895M        96M       3.2M        38M       291M
-/+ buffers/cache:       564M       427M
Swap:         8.0G         0B       8.0G

             total       used       free     shared    buffers     cached
Mem:          992M       913M        78M       3.2M        38M       291M
-/+ buffers/cache:       583M       409M
Swap:         8.0G         0B       8.0G

             total       used       free     shared    buffers     cached
Mem:          992M       932M        59M       3.2M        38M       291M
-/+ buffers/cache:       602M       390M
Swap:         8.0G         0B       8.0G

             total       used       free     shared    buffers     cached
Mem:          992M       922M        69M       3.2M        11M       290M
-/+ buffers/cache:       620M       371M
Swap:         8.0G         0B       8.0G

             total       used       free     shared    buffers     cached
Mem:          992M       928M        63M       3.2M        10M       281M
-/+ buffers/cache:       637M       354M
Swap:         8.0G         0B       8.0G

             total       used       free     shared    buffers     cached
Mem:          992M       930M        62M       3.1M       9.8M       265M
-/+ buffers/cache:       655M       336M
Swap:         8.0G       172K       8.0G

             total       used       free     shared    buffers     cached
Mem:          992M       927M        64M       3.1M       9.8M       246M
-/+ buffers/cache:       671M       321M
Swap:         8.0G       172K       8.0G

             total       used       free     shared    buffers     cached
Mem:          992M       927M        64M       3.0M       9.8M       234M
-/+ buffers/cache:       683M       308M
Swap:         8.0G       5.3M       8.0G

             total       used       free     shared    buffers     cached
Mem:          992M       913M        79M       2.9M       8.8M       208M
-/+ buffers/cache:       695M       296M
Swap:         8.0G        10M       8.0G

             total       used       free     shared    buffers     cached
Mem:          992M       928M        63M       2.9M       8.8M       208M
-/+ buffers/cache:       710M       281M
Swap:         8.0G        10M       8.0G

             total       used       free     shared    buffers     cached
Mem:          992M       930M        61M       2.9M       2.7M       201M
-/+ buffers/cache:       725M       266M
Swap:         8.0G        10M       8.0G

             total       used       free     shared    buffers     cached
Mem:          992M       927M        64M       2.9M       880K       184M
-/+ buffers/cache:       742M       249M
Swap:         8.0G        10M       8.0G

             total       used       free     shared    buffers     cached
Mem:          992M       919M        72M       2.9M       240K       163M
-/+ buffers/cache:       756M       235M
Swap:         8.0G        10M       8.0G

             total       used       free     shared    buffers     cached
Mem:          992M       917M        74M       2.9M       224K       143M
-/+ buffers/cache:       773M       219M
Swap:         8.0G        10M       8.0G

             total       used       free     shared    buffers     cached
Mem:          992M       926M        66M       2.9M       224K       143M
-/+ buffers/cache:       782M       210M
Swap:         8.0G        10M       8.0G

             total       used       free     shared    buffers     cached
Mem:          992M       927M        64M       2.9M        96K       127M
-/+ buffers/cache:       799M       192M
Swap:         8.0G        10M       8.0G

             total       used       free     shared    buffers     cached
Mem:          992M       926M        65M       2.9M        96K       112M
-/+ buffers/cache:       813M       178M
Swap:         8.0G        10M       8.0G

             total       used       free     shared    buffers     cached
Mem:          992M       926M        65M       2.9M        96K        99M
-/+ buffers/cache:       826M       165M
Swap:         8.0G        10M       8.0G

             total       used       free     shared    buffers     cached
Mem:          992M       927M        64M       2.9M        96K        87M
-/+ buffers/cache:       839M       152M
Swap:         8.0G        10M       8.0G

             total       used       free     shared    buffers     cached
Mem:          992M       921M        70M       2.9M        96K        68M
-/+ buffers/cache:       853M       139M
Swap:         8.0G        10M       8.0G

             total       used       free     shared    buffers     cached
Mem:          992M       919M        73M       2.9M       104K        51M
-/+ buffers/cache:       867M       124M
Swap:         8.0G        10M       8.0G

             total       used       free     shared    buffers     cached
Mem:          992M       912M        79M       2.9M       112K        30M
-/+ buffers/cache:       881M       110M
Swap:         8.0G        10M       8.0G

             total       used       free     shared    buffers     cached
Mem:          992M       926M        65M       2.9M       388K        30M
-/+ buffers/cache:       895M        96M
Swap:         8.0G        10M       8.0G

             total       used       free     shared    buffers     cached
Mem:          992M       927M        65M       2.9M       388K        16M
-/+ buffers/cache:       909M        82M
Swap:         8.0G        10M       8.0G

             total       used       free     shared    buffers     cached
Mem:          992M       930M        61M       2.8M       524K        10M
-/+ buffers/cache:       920M        71M
Swap:         8.0G        17M       8.0G

             total       used       free     shared    buffers     cached
Mem:          992M       923M        69M       2.5M       2.7M        13M
-/+ buffers/cache:       906M        85M
Swap:         8.0G        46M       8.0G

             total       used       free     shared    buffers     cached
Mem:          992M       920M        71M       2.5M       2.5M        13M
-/+ buffers/cache:       905M        87M
Swap:         8.0G        59M       7.9G

             total       used       free     shared    buffers     cached
Mem:          992M       924M        67M       2.5M       2.3M        13M
-/+ buffers/cache:       908M        83M
Swap:         8.0G        64M       7.9G

             total       used       free     shared    buffers     cached
Mem:          992M       922M        69M       2.5M       604K        12M
-/+ buffers/cache:       909M        82M
Swap:         8.0G        84M       7.9G

             total       used       free     shared    buffers     cached
Mem:          992M       921M        71M       2.5M       212K       7.5M
-/+ buffers/cache:       913M        78M
Swap:         8.0G        87M       7.9G

             total       used       free     shared    buffers     cached
Mem:          992M       922M        69M       2.5M       460K       4.7M
-/+ buffers/cache:       917M        75M
Swap:         8.0G       107M       7.9G

             total       used       free     shared    buffers     cached
Mem:          992M       920M        71M       2.4M       600K       4.7M
-/+ buffers/cache:       915M        76M
Swap:         8.0G       109M       7.9G

             total       used       free     shared    buffers     cached
Mem:          992M       925M        66M       2.4M       596K       4.6M
-/+ buffers/cache:       920M        71M
Swap:         8.0G       120M       7.9G

             total       used       free     shared    buffers     cached
Mem:          992M       925M        66M       2.4M       592K       4.6M
-/+ buffers/cache:       920M        72M
Swap:         8.0G       139M       7.9G

             total       used       free     shared    buffers     cached
Mem:          992M       922M        69M       2.4M       588K       4.7M
-/+ buffers/cache:       917M        74M
Swap:         8.0G       145M       7.9G

             total       used       free     shared    buffers     cached
Mem:          992M       903M        88M       2.4M       544K       4.4M
-/+ buffers/cache:       898M        93M
Swap:         8.0G       184M       7.8G

             total       used       free     shared    buffers     cached
Mem:          992M       918M        74M       2.4M       552K       4.4M
-/+ buffers/cache:       913M        79M
Swap:         8.0G       184M       7.8G

             total       used       free     shared    buffers     cached
Mem:          992M       925M        66M       2.4M       552K       4.4M
-/+ buffers/cache:       920M        71M
Swap:         8.0G       189M       7.8G

             total       used       free     shared    buffers     cached
Mem:          992M       928M        63M       2.4M       540K       4.4M
-/+ buffers/cache:       923M        68M
Swap:         8.0G       206M       7.8G

             total       used       free     shared    buffers     cached
Mem:          992M       930M        61M       2.4M       536K       4.4M
-/+ buffers/cache:       925M        66M
Swap:         8.0G       214M       7.8G

             total       used       free     shared    buffers     cached
Mem:          992M       914M        77M       2.4M       500K       4.7M
-/+ buffers/cache:       909M        82M
Swap:         8.0G       242M       7.8G

             total       used       free     shared    buffers     cached
Mem:          992M       930M        62M       2.3M       500K       4.7M
-/+ buffers/cache:       924M        67M
Swap:         8.0G       242M       7.8G

             total       used       free     shared    buffers     cached
Mem:          992M       926M        65M       2.3M       496K       5.0M
-/+ buffers/cache:       921M        71M
Swap:         8.0G       254M       7.7G

             total       used       free     shared    buffers     cached
Mem:          992M       915M        76M       2.3M       468K       4.8M
-/+ buffers/cache:       910M        81M
Swap:         8.0G       273M       7.7G

             total       used       free     shared    buffers     cached
Mem:          992M       923M        68M       2.3M       468K       4.8M
-/+ buffers/cache:       918M        73M
Swap:         8.0G       273M       7.7G

             total       used       free     shared    buffers     cached
Mem:          992M       930M        61M       2.3M       468K       4.8M
-/+ buffers/cache:       925M        67M
Swap:         8.0G       273M       7.7G

             total       used       free     shared    buffers     cached
Mem:          992M       921M        71M       2.3M       464K       4.7M
-/+ buffers/cache:       916M        76M
Swap:         8.0G       285M       7.7G

             total       used       free     shared    buffers     cached
Mem:          992M       925M        66M       2.3M       472K       4.7M
-/+ buffers/cache:       920M        71M
Swap:         8.0G       285M       7.7G

             total       used       free     shared    buffers     cached
Mem:          992M       926M        66M       2.3M       472K       4.7M
-/+ buffers/cache:       921M        71M
Swap:         8.0G       296M       7.7G

             total       used       free     shared    buffers     cached
Mem:          992M       930M        61M       2.3M        76K        21M
-/+ buffers/cache:       908M        83M
Swap:         8.0G       315M       7.7G

             total       used       free     shared    buffers     cached
Mem:          992M       923M        68M       700K       540K        19M
-/+ buffers/cache:       903M        88M
Swap:         8.0G       331M       7.7G

             total       used       free     shared    buffers     cached
Mem:          992M       926M        65M       700K       540K        19M
-/+ buffers/cache:       906M        85M
Swap:         8.0G       331M       7.7G

             total       used       free     shared    buffers     cached
Mem:          992M       929M        62M       700K       548K        19M
-/+ buffers/cache:       909M        82M
Swap:         8.0G       331M       7.7G

             total       used       free     shared    buffers     cached
Mem:          992M       920M        71M       700K       548K        15M
-/+ buffers/cache:       904M        88M
Swap:         8.0G       336M       7.7G

             total       used       free     shared    buffers     cached
Mem:          992M       924M        67M       700K       548K        15M
-/+ buffers/cache:       908M        83M
Swap:         8.0G       336M       7.7G

             total       used       free     shared    buffers     cached
Mem:          992M       929M        63M       700K       548K        15M
-/+ buffers/cache:       912M        79M
Swap:         8.0G       336M       7.7G

             total       used       free     shared    buffers     cached
Mem:          992M       918M        73M        24K       548K        10M
-/+ buffers/cache:       907M        84M
Swap:         8.0G       347M       7.7G

             total       used       free     shared    buffers     cached
Mem:          992M       924M        67M         8K       548K        10M
-/+ buffers/cache:       913M        78M
Swap:         8.0G       343M       7.7G

             total       used       free     shared    buffers     cached
Mem:          992M       920M        71M         8K       368K       1.8M
-/+ buffers/cache:       918M        74M
Swap:         8.0G       341M       7.7G

             total       used       free     shared    buffers     cached
Mem:          992M       920M        71M         8K       368K       1.6M
-/+ buffers/cache:       918M        73M
Swap:         8.0G       332M       7.7G

             total       used       free     shared    buffers     cached
Mem:          992M       922M        69M         8K       352K       1.8M
-/+ buffers/cache:       920M        71M
Swap:         8.0G       329M       7.7G

             total       used       free     shared    buffers     cached
Mem:          992M       921M        71M         8K       316K       1.8M
-/+ buffers/cache:       919M        73M
Swap:         8.0G       328M       7.7G

             total       used       free     shared    buffers     cached
Mem:          992M       922M        69M         0B        80K       1.9M
-/+ buffers/cache:       920M        71M
Swap:         8.0G       327M       7.7G

             total       used       free     shared    buffers     cached
Mem:          992M       921M        70M         0B        88K       1.8M
-/+ buffers/cache:       919M        72M
Swap:         8.0G       335M       7.7G

             total       used       free     shared    buffers     cached
Mem:          992M       921M        70M         0B        88K       1.9M
-/+ buffers/cache:       919M        72M
Swap:         8.0G       335M       7.7G

             total       used       free     shared    buffers     cached
Mem:          992M       917M        75M         0B        88K       1.7M
-/+ buffers/cache:       915M        76M
Swap:         8.0G       339M       7.7G

             total       used       free     shared    buffers     cached
Mem:          992M       926M        65M         0B        88K       2.2M
-/+ buffers/cache:       924M        67M
Swap:         8.0G       334M       7.7G

             total       used       free     shared    buffers     cached
Mem:          992M       921M        71M         0B        76K       2.0M
-/+ buffers/cache:       919M        73M
Swap:         8.0G       335M       7.7G

             total       used       free     shared    buffers     cached
Mem:          992M       920M        71M         0B        84K       1.9M
-/+ buffers/cache:       918M        73M
Swap:         8.0G       339M       7.7G

             total       used       free     shared    buffers     cached
Mem:          992M       920M        71M         0B        84K       1.9M
-/+ buffers/cache:       918M        73M
Swap:         8.0G       340M       7.7G

             total       used       free     shared    buffers     cached
Mem:          992M       930M        61M         0B        84K       1.9M
-/+ buffers/cache:       928M        63M
Swap:         8.0G       336M       7.7G

             total       used       free     shared    buffers     cached
Mem:          992M       922M        69M         0B        84K       1.8M
-/+ buffers/cache:       920M        71M
Swap:         8.0G       349M       7.7G

             total       used       free     shared    buffers     cached
Mem:          992M       924M        67M         0B        84K       1.7M
-/+ buffers/cache:       922M        69M
Swap:         8.0G       355M       7.6G

             total       used       free     shared    buffers     cached
Mem:          992M       919M        72M         0B        84K       2.0M
-/+ buffers/cache:       917M        74M
Swap:         8.0G       350M       7.7G

             total       used       free     shared    buffers     cached
Mem:          992M       925M        67M         0B        92K       2.0M
-/+ buffers/cache:       923M        69M
Swap:         8.0G       348M       7.7G

             total       used       free     shared    buffers     cached
Mem:          992M       930M        61M         0B        92K       2.0M
-/+ buffers/cache:       928M        63M
Swap:         8.0G       348M       7.7G

             total       used       free     shared    buffers     cached
Mem:          992M       919M        73M         0B        92K       2.0M
-/+ buffers/cache:       917M        75M
Swap:         8.0G       373M       7.6G

             total       used       free     shared    buffers     cached
Mem:          992M       924M        67M         0B        92K       2.0M
-/+ buffers/cache:       922M        69M
Swap:         8.0G       373M       7.6G

             total       used       free     shared    buffers     cached
Mem:          992M       931M        60M         0B        92K       2.0M
-/+ buffers/cache:       929M        62M
Swap:         8.0G       373M       7.6G

             total       used       free     shared    buffers     cached
Mem:          992M       925M        66M         0B       100K       1.9M
-/+ buffers/cache:       923M        68M
Swap:         8.0G       373M       7.6G

             total       used       free     shared    buffers     cached
Mem:          992M       922M        69M         0B       100K       2.0M
-/+ buffers/cache:       920M        71M
Swap:         8.0G       381M       7.6G

             total       used       free     shared    buffers     cached
Mem:          992M       920M        71M         0B        76K       1.9M
-/+ buffers/cache:       918M        73M
Swap:         8.0G       390M       7.6G

             total       used       free     shared    buffers     cached
Mem:          992M       922M        69M         0B        76K       2.0M
-/+ buffers/cache:       920M        71M
Swap:         8.0G       389M       7.6G

             total       used       free     shared    buffers     cached
Mem:          992M       925M        66M         0B        76K       1.9M
-/+ buffers/cache:       923M        68M
Swap:         8.0G       388M       7.6G

             total       used       free     shared    buffers     cached
Mem:          992M       928M        63M         0B       224K       2.7M
-/+ buffers/cache:       925M        66M
Swap:         8.0G       387M       7.6G

             total       used       free     shared    buffers     cached
Mem:          992M       931M        60M         0B       224K       2.8M
-/+ buffers/cache:       928M        63M
Swap:         8.0G       386M       7.6G

             total       used       free     shared    buffers     cached
Mem:          992M       918M        74M         0B       220K       2.7M
-/+ buffers/cache:       915M        77M
Swap:         8.0G       396M       7.6G

             total       used       free     shared    buffers     cached
Mem:          992M       920M        71M         0B       220K       2.7M
-/+ buffers/cache:       917M        74M
Swap:         8.0G       395M       7.6G

             total       used       free     shared    buffers     cached
Mem:          992M       923M        69M         0B       220K       3.0M
-/+ buffers/cache:       919M        72M
Swap:         8.0G       394M       7.6G

             total       used       free     shared    buffers     cached
Mem:          992M       925M        66M         0B       220K       3.0M
-/+ buffers/cache:       922M        70M
Swap:         8.0G       393M       7.6G

             total       used       free     shared    buffers     cached
Mem:          992M       928M        64M         0B       228K       3.0M
-/+ buffers/cache:       924M        67M
Swap:         8.0G       392M       7.6G

             total       used       free     shared    buffers     cached
Mem:          992M       930M        61M         0B       228K       3.0M
-/+ buffers/cache:       926M        65M
Swap:         8.0G       391M       7.6G

             total       used       free     shared    buffers     cached
Mem:          992M       920M        71M         0B       228K       3.0M
-/+ buffers/cache:       917M        74M
Swap:         8.0G       401M       7.6G

             total       used       free     shared    buffers     cached
Mem:          992M       922M        69M         0B       228K       3.0M
-/+ buffers/cache:       919M        72M
Swap:         8.0G       400M       7.6G

             total       used       free     shared    buffers     cached
Mem:          992M       925M        66M         0B       228K       3.0M
-/+ buffers/cache:       922M        69M
Swap:         8.0G       399M       7.6G

             total       used       free     shared    buffers     cached
Mem:          992M       927M        64M         0B       236K       3.1M
-/+ buffers/cache:       924M        67M
Swap:         8.0G       398M       7.6G

             total       used       free     shared    buffers     cached
Mem:          992M       930M        62M         0B       236K       3.2M
-/+ buffers/cache:       926M        65M
Swap:         8.0G       397M       7.6G

             total       used       free     shared    buffers     cached
Mem:          992M       919M        72M         0B       228K       3.1M
-/+ buffers/cache:       915M        76M
Swap:         8.0G       412M       7.6G

             total       used       free     shared    buffers     cached
Mem:          992M       921M        70M         0B       228K       3.1M
-/+ buffers/cache:       918M        73M
Swap:         8.0G       411M       7.6G

             total       used       free     shared    buffers     cached
Mem:          992M       923M        68M         0B       228K       3.1M
-/+ buffers/cache:       920M        71M
Swap:         8.0G       410M       7.6G

             total       used       free     shared    buffers     cached
Mem:          992M       926M        66M         0B       236K       3.1M
-/+ buffers/cache:       922M        69M
Swap:         8.0G       409M       7.6G

             total       used       free     shared    buffers     cached
Mem:          992M       928M        63M         0B       236K       3.1M
-/+ buffers/cache:       925M        66M
Swap:         8.0G       408M       7.6G

             total       used       free     shared    buffers     cached
Mem:          992M       931M        61M         0B       236K       3.1M
-/+ buffers/cache:       927M        64M
Swap:         8.0G       406M       7.6G

             total       used       free     shared    buffers     cached
Mem:          992M       910M        81M         0B       236K       2.9M
-/+ buffers/cache:       907M        84M
Swap:         8.0G       428M       7.6G

             total       used       free     shared    buffers     cached
Mem:          992M       912M        79M         0B       236K       3.0M
-/+ buffers/cache:       909M        82M
Swap:         8.0G       427M       7.6G

             total       used       free     shared    buffers     cached
Mem:          992M       914M        77M         0B       244K       3.0M
-/+ buffers/cache:       911M        80M
Swap:         8.0G       427M       7.6G

             total       used       free     shared    buffers     cached
Mem:          992M       916M        75M         0B       244K       3.0M
-/+ buffers/cache:       913M        78M
Swap:         8.0G       426M       7.6G

             total       used       free     shared    buffers     cached
Mem:          992M       919M        73M         0B       244K       2.9M
-/+ buffers/cache:       915M        76M
Swap:         8.0G       425M       7.6G

             total       used       free     shared    buffers     cached
Mem:          992M       921M        70M         0B       244K       3.0M
-/+ buffers/cache:       918M        74M
Swap:         8.0G       424M       7.6G

             total       used       free     shared    buffers     cached
Mem:          992M       927M        64M         0B        76K        21M
-/+ buffers/cache:       906M        85M
Swap:         8.0G       431M       7.6G

             total       used       free     shared    buffers     cached
Mem:          992M       915M        76M         0B       552K        20M
-/+ buffers/cache:       894M        97M
Swap:         8.0G       445M       7.6G

             total       used       free     shared    buffers     cached
Mem:          992M       917M        75M         0B       552K        20M
-/+ buffers/cache:       895M        96M
Swap:         8.0G       445M       7.6G

             total       used       free     shared    buffers     cached
Mem:          992M       919M        73M         0B       556K        20M
-/+ buffers/cache:       897M        94M
Swap:         8.0G       444M       7.6G

             total       used       free     shared    buffers     cached
Mem:          992M       920M        71M         0B       556K        20M
-/+ buffers/cache:       899M        92M
Swap:         8.0G       443M       7.6G

             total       used       free     shared    buffers     cached
Mem:          992M       922M        69M         0B       556K        20M
-/+ buffers/cache:       901M        90M
Swap:         8.0G       443M       7.6G

             total       used       free     shared    buffers     cached
Mem:          992M       925M        67M         0B       556K        20M
-/+ buffers/cache:       903M        88M
Swap:         8.0G       442M       7.6G

             total       used       free     shared    buffers     cached
Mem:          992M       926M        65M         0B       564K        20M
-/+ buffers/cache:       905M        86M
Swap:         8.0G       441M       7.6G

             total       used       free     shared    buffers     cached
Mem:          992M       928M        63M         0B       564K        20M
-/+ buffers/cache:       907M        85M
Swap:         8.0G       440M       7.6G

             total       used       free     shared    buffers     cached
Mem:          992M       930M        61M         0B       564K        20M
-/+ buffers/cache:       908M        83M
Swap:         8.0G       440M       7.6G

             total       used       free     shared    buffers     cached
Mem:          992M       912M        80M         0B       564K        20M
-/+ buffers/cache:       891M       101M
Swap:         8.0G       469M       7.5G

             total       used       free     shared    buffers     cached
Mem:          992M       913M        78M         0B       564K        20M
-/+ buffers/cache:       892M        99M
Swap:         8.0G       468M       7.5G

             total       used       free     shared    buffers     cached
Mem:          992M       915M        77M         0B       572K        20M
-/+ buffers/cache:       894M        98M
Swap:         8.0G       467M       7.5G

             total       used       free     shared    buffers     cached
Mem:          992M       916M        75M         0B       572K        20M
-/+ buffers/cache:       895M        96M
Swap:         8.0G       467M       7.5G

             total       used       free     shared    buffers     cached
Mem:          992M       918M        73M         0B       572K        20M
-/+ buffers/cache:       897M        94M
Swap:         8.0G       466M       7.5G

             total       used       free     shared    buffers     cached
Mem:          992M       920M        72M         0B       572K        20M
-/+ buffers/cache:       899M        93M
Swap:         8.0G       465M       7.5G

             total       used       free     shared    buffers     cached
Mem:          992M       921M        70M         0B       572K        20M
-/+ buffers/cache:       900M        91M
Swap:         8.0G       465M       7.5G

             total       used       free     shared    buffers     cached
Mem:          992M       923M        69M         0B       580K        20M
-/+ buffers/cache:       902M        90M
Swap:         8.0G       464M       7.5G

             total       used       free     shared    buffers     cached
Mem:          992M       924M        67M         0B       580K        20M
-/+ buffers/cache:       903M        88M
Swap:         8.0G       463M       7.5G

             total       used       free     shared    buffers     cached
Mem:          992M       926M        65M         0B       580K        20M
-/+ buffers/cache:       905M        86M
Swap:         8.0G       462M       7.5G

             total       used       free     shared    buffers     cached
Mem:          992M       928M        63M         0B       580K        20M
-/+ buffers/cache:       907M        84M
Swap:         8.0G       462M       7.5G

             total       used       free     shared    buffers     cached
Mem:          992M       930M        61M         0B       580K        21M
-/+ buffers/cache:       908M        83M
Swap:         8.0G       461M       7.5G

             total       used       free     shared    buffers     cached
Mem:          992M       917M        74M         0B       580K        20M
-/+ buffers/cache:       895M        96M
Swap:         8.0G       462M       7.5G

             total       used       free     shared    buffers     cached
Mem:          992M       918M        73M         0B       588K        20M
-/+ buffers/cache:       896M        95M
Swap:         8.0G       461M       7.5G

             total       used       free     shared    buffers     cached
Mem:          992M       919M        72M         0B       588K        20M
-/+ buffers/cache:       897M        94M
Swap:         8.0G       461M       7.5G

             total       used       free     shared    buffers     cached
Mem:          992M       913M        78M         0B       1.1M        25M
-/+ buffers/cache:       887M       105M
Swap:         8.0G       481M       7.5G

             total       used       free     shared    buffers     cached
Mem:          992M       909M        82M        16K       1.1M        32M
-/+ buffers/cache:       876M       116M
Swap:         8.0G       492M       7.5G

             total       used       free     shared    buffers     cached
Mem:          992M       910M        81M        16K       1.1M        32M
-/+ buffers/cache:       877M       114M
Swap:         8.0G       491M       7.5G

             total       used       free     shared    buffers     cached
Mem:          992M       911M        80M        16K       1.1M        32M
-/+ buffers/cache:       878M       113M
Swap:         8.0G       491M       7.5G

             total       used       free     shared    buffers     cached
Mem:          992M       913M        79M        16K       1.1M        32M
-/+ buffers/cache:       879M       112M
Swap:         8.0G       490M       7.5G

             total       used       free     shared    buffers     cached
Mem:          992M       914M        77M        16K       1.1M        32M
-/+ buffers/cache:       881M       110M
Swap:         8.0G       490M       7.5G

             total       used       free     shared    buffers     cached
Mem:          992M       915M        76M        16K       1.1M        32M
-/+ buffers/cache:       882M       110M
Swap:         8.0G       489M       7.5G

             total       used       free     shared    buffers     cached
Mem:          992M       916M        75M        16K       1.1M        32M
-/+ buffers/cache:       883M       108M
Swap:         8.0G       488M       7.5G

             total       used       free     shared    buffers     cached
Mem:          992M       918M        73M        16K       1.1M        32M
-/+ buffers/cache:       884M       107M
Swap:         8.0G       488M       7.5G

             total       used       free     shared    buffers     cached
Mem:          992M       920M        72M        16K       1.1M        32M
-/+ buffers/cache:       886M       105M
Swap:         8.0G       487M       7.5G

             total       used       free     shared    buffers     cached
Mem:          992M       921M        70M        16K       1.1M        32M
-/+ buffers/cache:       887M       104M
Swap:         8.0G       487M       7.5G

             total       used       free     shared    buffers     cached
Mem:          992M       923M        68M        16K       1.1M        32M
-/+ buffers/cache:       889M       102M
Swap:         8.0G       486M       7.5G

             total       used       free     shared    buffers     cached
Mem:          992M       925M        66M        16K       1.1M        33M
-/+ buffers/cache:       891M       100M
Swap:         8.0G       485M       7.5G

             total       used       free     shared    buffers     cached
Mem:          992M       926M        65M        16K       1.1M        33M
-/+ buffers/cache:       892M        99M
Swap:         8.0G       484M       7.5G

             total       used       free     shared    buffers     cached
Mem:          992M       927M        64M        16K       1.1M        33M
-/+ buffers/cache:       893M        98M
Swap:         8.0G       484M       7.5G

             total       used       free     shared    buffers     cached
Mem:          992M       929M        63M        16K       1.1M        33M
-/+ buffers/cache:       894M        97M
Swap:         8.0G       483M       7.5G

             total       used       free     shared    buffers     cached
Mem:          992M       930M        61M        16K       1.1M        33M
-/+ buffers/cache:       896M        95M
Swap:         8.0G       482M       7.5G

             total       used       free     shared    buffers     cached
Mem:          992M       918M        73M        16K       1.1M        30M
-/+ buffers/cache:       886M       105M
Swap:         8.0G       493M       7.5G

             total       used       free     shared    buffers     cached
Mem:          992M       919M        72M        16K       1.1M        30M
-/+ buffers/cache:       887M       104M
Swap:         8.0G       492M       7.5G

             total       used       free     shared    buffers     cached
Mem:          992M       921M        71M        16K       1.1M        30M
-/+ buffers/cache:       889M       103M
Swap:         8.0G       492M       7.5G

             total       used       free     shared    buffers     cached
Mem:          992M       922M        69M        16K       1.1M        30M
-/+ buffers/cache:       890M       101M
Swap:         8.0G       491M       7.5G

             total       used       free     shared    buffers     cached
Mem:          992M       923M        68M        16K       1.1M        30M
-/+ buffers/cache:       891M       100M
Swap:         8.0G       491M       7.5G

             total       used       free     shared    buffers     cached
Mem:          992M       925M        66M        16K       1.1M        30M
-/+ buffers/cache:       893M        98M
Swap:         8.0G       490M       7.5G

             total       used       free     shared    buffers     cached
Mem:          992M       926M        65M        16K       1.1M        30M
-/+ buffers/cache:       894M        97M
Swap:         8.0G       489M       7.5G

             total       used       free     shared    buffers     cached
Mem:          992M       928M        63M        16K       1.1M        30M
-/+ buffers/cache:       896M        96M
Swap:         8.0G       489M       7.5G

             total       used       free     shared    buffers     cached
Mem:          992M       929M        62M        16K       1.2M        30M
-/+ buffers/cache:       897M        94M
Swap:         8.0G       488M       7.5G

             total       used       free     shared    buffers     cached
Mem:          992M       930M        61M        16K       1.2M        30M
-/+ buffers/cache:       898M        93M
Swap:         8.0G       488M       7.5G

             total       used       free     shared    buffers     cached
Mem:          992M       905M        86M        16K       696K        29M
-/+ buffers/cache:       875M       116M
Swap:         8.0G       508M       7.5G

             total       used       free     shared    buffers     cached
Mem:          992M       906M        85M        16K       696K        29M
-/+ buffers/cache:       877M       115M
Swap:         8.0G       507M       7.5G

             total       used       free     shared    buffers     cached
Mem:          992M       908M        83M        16K       696K        29M
-/+ buffers/cache:       878M       113M
Swap:         8.0G       507M       7.5G

             total       used       free     shared    buffers     cached
Mem:          992M       909M        82M        16K       696K        29M
-/+ buffers/cache:       879M       112M
Swap:         8.0G       506M       7.5G

             total       used       free     shared    buffers     cached
Mem:          992M       910M        81M        16K       704K        29M
-/+ buffers/cache:       880M       111M
Swap:         8.0G       506M       7.5G

             total       used       free     shared    buffers     cached
Mem:          992M       912M        79M        16K       704K        29M
-/+ buffers/cache:       882M       109M
Swap:         8.0G       505M       7.5G

             total       used       free     shared    buffers     cached
Mem:          992M       913M        78M        16K       704K        29M
-/+ buffers/cache:       883M       108M
Swap:         8.0G       504M       7.5G

             total       used       free     shared    buffers     cached
Mem:          992M       914M        77M        16K       704K        29M
-/+ buffers/cache:       885M       107M
Swap:         8.0G       504M       7.5G

             total       used       free     shared    buffers     cached
Mem:          992M       921M        70M        16K       704K        34M
-/+ buffers/cache:       886M       105M
Swap:         8.0G       503M       7.5G

             total       used       free     shared    buffers     cached
Mem:          992M       923M        69M        16K       712K        34M
-/+ buffers/cache:       887M       104M
Swap:         8.0G       502M       7.5G

             total       used       free     shared    buffers     cached
Mem:          992M       924M        67M        16K       712K        34M
-/+ buffers/cache:       889M       102M
Swap:         8.0G       502M       7.5G

             total       used       free     shared    buffers     cached
Mem:          992M       925M        66M        16K       712K        34M
-/+ buffers/cache:       890M       101M
Swap:         8.0G       501M       7.5G

             total       used       free     shared    buffers     cached
Mem:          992M       927M        64M        16K       712K        34M
-/+ buffers/cache:       892M        99M
Swap:         8.0G       500M       7.5G

             total       used       free     shared    buffers     cached
Mem:          992M       928M        63M        16K       712K        34M
-/+ buffers/cache:       893M        98M
Swap:         8.0G       500M       7.5G

             total       used       free     shared    buffers     cached
Mem:          992M       929M        62M        16K       712K        34M
-/+ buffers/cache:       894M        97M
Swap:         8.0G       499M       7.5G

             total       used       free     shared    buffers     cached
Mem:          992M       931M        61M        16K       720K        34M
-/+ buffers/cache:       896M        96M
Swap:         8.0G       498M       7.5G

             total       used       free     shared    buffers     cached
Mem:          992M       916M        75M        16K       704K        32M
-/+ buffers/cache:       883M       109M
Swap:         8.0G       508M       7.5G

             total       used       free     shared    buffers     cached
Mem:          992M       917M        74M        16K       704K        32M
-/+ buffers/cache:       884M       108M
Swap:         8.0G       507M       7.5G

             total       used       free     shared    buffers     cached
Mem:          992M       919M        73M        16K       704K        32M
-/+ buffers/cache:       885M       106M
Swap:         8.0G       507M       7.5G

             total       used       free     shared    buffers     cached
Mem:          992M       920M        71M        16K       704K        32M
-/+ buffers/cache:       887M       105M
Swap:         8.0G       506M       7.5G

             total       used       free     shared    buffers     cached
Mem:          992M       921M        70M        16K       712K        32M
-/+ buffers/cache:       888M       103M
Swap:         8.0G       505M       7.5G

             total       used       free     shared    buffers     cached
Mem:          992M       923M        69M        16K       712K        32M
-/+ buffers/cache:       889M       102M
Swap:         8.0G       505M       7.5G

             total       used       free     shared    buffers     cached
Mem:          992M       924M        67M        16K       712K        32M
-/+ buffers/cache:       890M       101M
Swap:         8.0G       504M       7.5G

             total       used       free     shared    buffers     cached
Mem:          992M       925M        66M        16K       712K        32M
-/+ buffers/cache:       892M       100M
Swap:         8.0G       503M       7.5G

             total       used       free     shared    buffers     cached
Mem:          992M       927M        65M        16K       712K        32M
-/+ buffers/cache:       893M        98M
Swap:         8.0G       503M       7.5G

             total       used       free     shared    buffers     cached
Mem:          992M       928M        64M        16K       712K        32M
-/+ buffers/cache:       894M        97M
Swap:         8.0G       502M       7.5G

             total       used       free     shared    buffers     cached
Mem:          992M       929M        62M        16K       720K        32M
-/+ buffers/cache:       896M        96M
Swap:         8.0G       501M       7.5G

             total       used       free     shared    buffers     cached
Mem:          992M       931M        61M        16K       720K        32M
-/+ buffers/cache:       897M        94M
Swap:         8.0G       500M       7.5G

             total       used       free     shared    buffers     cached
Mem:          992M       911M        80M        16K       116K        30M
-/+ buffers/cache:       881M       110M
Swap:         8.0G       522M       7.5G

             total       used       free     shared    buffers     cached
Mem:          992M       913M        79M        16K       116K        30M
-/+ buffers/cache:       882M       109M
Swap:         8.0G       522M       7.5G

             total       used       free     shared    buffers     cached
Mem:          992M       914M        77M        16K       116K        30M
-/+ buffers/cache:       884M       108M
Swap:         8.0G       521M       7.5G

             total       used       free     shared    buffers     cached
Mem:          992M       915M        76M        16K       124K        30M
-/+ buffers/cache:       885M       106M
Swap:         8.0G       521M       7.5G

             total       used       free     shared    buffers     cached
Mem:          992M       917M        75M        16K       124K        30M
-/+ buffers/cache:       886M       105M
Swap:         8.0G       520M       7.5G

             total       used       free     shared    buffers     cached
Mem:          992M       918M        73M        16K       124K        30M
-/+ buffers/cache:       888M       104M
Swap:         8.0G       519M       7.5G

             total       used       free     shared    buffers     cached
Mem:          992M       919M        72M        16K       124K        30M
-/+ buffers/cache:       889M       102M
Swap:         8.0G       519M       7.5G

             total       used       free     shared    buffers     cached
Mem:          992M       921M        71M        16K       124K        30M
-/+ buffers/cache:       890M       101M
Swap:         8.0G       518M       7.5G

             total       used       free     shared    buffers     cached
Mem:          992M       922M        69M        16K       124K        30M
-/+ buffers/cache:       892M       100M
Swap:         8.0G       517M       7.5G

             total       used       free     shared    buffers     cached
Mem:          992M       924M        67M        16K       132K        30M
-/+ buffers/cache:       893M        98M
Swap:         8.0G       517M       7.5G

             total       used       free     shared    buffers     cached
Mem:          992M       925M        66M        16K       132K        30M
-/+ buffers/cache:       895M        96M
Swap:         8.0G       516M       7.5G

             total       used       free     shared    buffers     cached
Mem:          992M       928M        63M        16K       268K        31M
-/+ buffers/cache:       896M        95M
Swap:         8.0G       515M       7.5G

             total       used       free     shared    buffers     cached
Mem:          992M       930M        62M        20K       268K        31M
-/+ buffers/cache:       898M        93M
Swap:         8.0G       514M       7.5G

             total       used       free     shared    buffers     cached
Mem:          992M       919M        72M        20K       268K        30M
-/+ buffers/cache:       889M       103M
Swap:         8.0G       514M       7.5G

             total       used       free     shared    buffers     cached
Mem:          992M       920M        71M        20K       276K        30M
-/+ buffers/cache:       890M       101M
Swap:         8.0G       514M       7.5G

             total       used       free     shared    buffers     cached
Mem:          992M       922M        69M        20K       276K        30M
-/+ buffers/cache:       892M        99M
Swap:         8.0G       513M       7.5G

             total       used       free     shared    buffers     cached
Mem:          992M       930M        62M        20K       276K        31M
-/+ buffers/cache:       897M        94M
Swap:         8.0G       510M       7.5G

             total       used       free     shared    buffers     cached
Mem:          992M       916M        75M        20K       276K        27M
-/+ buffers/cache:       888M       103M
Swap:         8.0G       522M       7.5G

             total       used       free     shared    buffers     cached
Mem:          992M       917M        74M        20K       276K        27M
-/+ buffers/cache:       889M       102M
Swap:         8.0G       521M       7.5G

             total       used       free     shared    buffers     cached
Mem:          992M       926M        65M        20K       276K        30M
-/+ buffers/cache:       895M        96M
Swap:         8.0G       518M       7.5G

             total       used       free     shared    buffers     cached
Mem:          992M       927M        65M        20K       284K        30M
-/+ buffers/cache:       895M        96M
Swap:         8.0G       518M       7.5G

             total       used       free     shared    buffers     cached
Mem:          992M       927M        64M        20K       284K        30M
-/+ buffers/cache:       896M        95M
Swap:         8.0G       518M       7.5G

             total       used       free     shared    buffers     cached
Mem:          992M       928M        63M        20K       284K        30M
-/+ buffers/cache:       897M        95M
Swap:         8.0G       517M       7.5G

             total       used       free     shared    buffers     cached
Mem:          992M       928M        63M        20K       284K        30M
-/+ buffers/cache:       897M        94M
Swap:         8.0G       517M       7.5G

             total       used       free     shared    buffers     cached
Mem:          992M       929M        62M        20K       284K        30M
-/+ buffers/cache:       898M        93M
Swap:         8.0G       517M       7.5G

             total       used       free     shared    buffers     cached
Mem:          992M       930M        61M        20K       292K        30M
-/+ buffers/cache:       899M        92M
Swap:         8.0G       516M       7.5G

             total       used       free     shared    buffers     cached
Mem:          992M       931M        60M        20K       292K        30M
-/+ buffers/cache:       900M        92M
Swap:         8.0G       516M       7.5G

             total       used       free     shared    buffers     cached
Mem:          992M       917M        74M        20K       260K        25M
-/+ buffers/cache:       891M       100M
Swap:         8.0G       529M       7.5G

             total       used       free     shared    buffers     cached
Mem:          992M       918M        74M        20K       260K        25M
-/+ buffers/cache:       892M       100M
Swap:         8.0G       529M       7.5G

             total       used       free     shared    buffers     cached
Mem:          992M       922M        69M       176K       860K        36M
-/+ buffers/cache:       884M       107M
Swap:         8.0G       528M       7.5G

             total       used       free     shared    buffers     cached
Mem:          992M       912M        79M       3.9M       5.0M        53M
-/+ buffers/cache:       854M       137M
Swap:         8.0G       569M       7.4G

             total       used       free     shared    buffers     cached
Mem:          992M       917M        75M       3.9M       4.8M        62M
-/+ buffers/cache:       849M       142M
Swap:         8.0G       572M       7.4G

             total       used       free     shared    buffers     cached
Mem:          992M       928M        63M       256K       5.1M        62M
-/+ buffers/cache:       861M       131M
Swap:         8.0G       569M       7.4G

             total       used       free     shared    buffers     cached
Mem:          992M       930M        61M       224K       5.1M        62M
-/+ buffers/cache:       862M       129M
Swap:         8.0G       568M       7.4G

             total       used       free     shared    buffers     cached
Mem:          992M       914M        77M       224K       4.1M        59M
-/+ buffers/cache:       851M       141M
Swap:         8.0G       586M       7.4G

             total       used       free     shared    buffers     cached
Mem:          992M       915M        76M       224K       4.1M        59M
-/+ buffers/cache:       852M       140M
Swap:         8.0G       586M       7.4G

             total       used       free     shared    buffers     cached
Mem:          992M       918M        74M       224K       4.2M        60M
-/+ buffers/cache:       853M       138M
Swap:         8.0G       585M       7.4G

             total       used       free     shared    buffers     cached
Mem:          992M       919M        73M       224K       4.2M        60M
-/+ buffers/cache:       854M       137M
Swap:         8.0G       584M       7.4G

             total       used       free     shared    buffers     cached
Mem:          992M       920M        71M       224K       4.2M        60M
-/+ buffers/cache:       855M       136M
Swap:         8.0G       583M       7.4G

             total       used       free     shared    buffers     cached
Mem:          992M       921M        70M       224K       4.2M        60M
-/+ buffers/cache:       857M       135M
Swap:         8.0G       583M       7.4G

             total       used       free     shared    buffers     cached
Mem:          992M       923M        68M       224K       4.2M        61M
-/+ buffers/cache:       858M       133M
Swap:         8.0G       582M       7.4G

             total       used       free     shared    buffers     cached
Mem:          992M       925M        66M       224K       4.2M        61M
-/+ buffers/cache:       860M       132M
Swap:         8.0G       581M       7.4G

             total       used       free     shared    buffers     cached
Mem:          992M       926M        65M       224K       4.2M        61M
-/+ buffers/cache:       861M       130M
Swap:         8.0G       581M       7.4G

             total       used       free     shared    buffers     cached
Mem:          992M       928M        64M       224K       4.2M        61M
-/+ buffers/cache:       862M       129M
Swap:         8.0G       580M       7.4G

             total       used       free     shared    buffers     cached
Mem:          992M       929M        63M       224K       4.2M        61M
-/+ buffers/cache:       863M       128M
Swap:         8.0G       579M       7.4G

             total       used       free     shared    buffers     cached
Mem:          992M       930M        61M       224K       4.2M        61M
-/+ buffers/cache:       865M       127M
Swap:         8.0G       578M       7.4G

             total       used       free     shared    buffers     cached
Mem:          992M       919M        72M       224K       4.2M        60M
-/+ buffers/cache:       854M       137M
Swap:         8.0G       580M       7.4G

             total       used       free     shared    buffers     cached
Mem:          992M       920M        71M       224K       4.2M        60M
-/+ buffers/cache:       855M       136M
Swap:         8.0G       579M       7.4G

             total       used       free     shared    buffers     cached
Mem:          992M       921M        70M       224K       4.2M        60M
-/+ buffers/cache:       856M       135M
Swap:         8.0G       578M       7.4G

             total       used       free     shared    buffers     cached
Mem:          992M       923M        69M       224K       4.2M        60M
-/+ buffers/cache:       857M       134M
Swap:         8.0G       578M       7.4G

             total       used       free     shared    buffers     cached
Mem:          992M       924M        67M       224K       4.2M        60M
-/+ buffers/cache:       859M       132M
Swap:         8.0G       577M       7.4G

             total       used       free     shared    buffers     cached
Mem:          992M       925M        66M       224K       4.2M        60M
-/+ buffers/cache:       860M       131M
Swap:         8.0G       576M       7.4G

             total       used       free     shared    buffers     cached
Mem:          992M       926M        65M       224K       4.2M        60M
-/+ buffers/cache:       861M       130M
Swap:         8.0G       576M       7.4G

             total       used       free     shared    buffers     cached
Mem:          992M       928M        63M       224K       4.2M        60M
-/+ buffers/cache:       863M       128M
Swap:         8.0G       575M       7.4G

             total       used       free     shared    buffers     cached
Mem:          992M       929M        62M       224K       4.2M        60M
-/+ buffers/cache:       864M       127M
Swap:         8.0G       574M       7.4G

             total       used       free     shared    buffers     cached
Mem:          992M       930M        61M       224K       4.2M        60M
-/+ buffers/cache:       865M       126M
Swap:         8.0G       574M       7.4G

             total       used       free     shared    buffers     cached
Mem:          992M       918M        73M       224K       4.2M        60M
-/+ buffers/cache:       854M       138M
Swap:         8.0G       580M       7.4G

             total       used       free     shared    buffers     cached
Mem:          992M       919M        72M       224K       4.2M        60M
-/+ buffers/cache:       855M       136M
Swap:         8.0G       579M       7.4G

             total       used       free     shared    buffers     cached
Mem:          992M       928M        64M       224K       5.3M        64M
-/+ buffers/cache:       858M       133M
Swap:         8.0G       579M       7.4G

             total       used       free     shared    buffers     cached
Mem:          992M       908M        83M       296K       9.3M        70M
-/+ buffers/cache:       828M       163M
Swap:         8.0G       599M       7.4G
