             total       used       free     shared    buffers     cached
Mem:          992M       658M       334M       3.2M        38M       289M
-/+ buffers/cache:       330M       661M
Swap:         8.0G         0B       8.0G

             total       used       free     shared    buffers     cached
Mem:          992M       657M       335M       1.4M        38M       287M
-/+ buffers/cache:       330M       661M
Swap:         8.0G         0B       8.0G

             total       used       free     shared    buffers     cached
Mem:          992M       656M       335M       1.4M        38M       287M
-/+ buffers/cache:       330M       661M
Swap:         8.0G         0B       8.0G

             total       used       free     shared    buffers     cached
Mem:          992M       656M       335M       1.4M        38M       287M
-/+ buffers/cache:       330M       661M
Swap:         8.0G         0B       8.0G

             total       used       free     shared    buffers     cached
Mem:          992M       656M       335M       1.4M        38M       287M
-/+ buffers/cache:       330M       661M
Swap:         8.0G         0B       8.0G

             total       used       free     shared    buffers     cached
Mem:          992M       656M       335M       1.4M        38M       287M
-/+ buffers/cache:       330M       661M
Swap:         8.0G         0B       8.0G

             total       used       free     shared    buffers     cached
Mem:          992M       656M       335M       1.4M        38M       287M
-/+ buffers/cache:       329M       662M
Swap:         8.0G         0B       8.0G

             total       used       free     shared    buffers     cached
Mem:          992M       656M       335M       1.4M        38M       288M
-/+ buffers/cache:       329M       662M
Swap:         8.0G         0B       8.0G

             total       used       free     shared    buffers     cached
Mem:          992M       656M       335M       1.4M        38M       288M
-/+ buffers/cache:       329M       662M
Swap:         8.0G         0B       8.0G

             total       used       free     shared    buffers     cached
Mem:          992M       657M       334M       1.4M        38M       288M
-/+ buffers/cache:       330M       661M
Swap:         8.0G         0B       8.0G

             total       used       free     shared    buffers     cached
Mem:          992M       662M       329M       1.4M        38M       288M
-/+ buffers/cache:       335M       656M
Swap:         8.0G         0B       8.0G

             total       used       free     shared    buffers     cached
Mem:          992M       681M       310M       1.4M        38M       288M
-/+ buffers/cache:       354M       638M
Swap:         8.0G         0B       8.0G

             total       used       free     shared    buffers     cached
Mem:          992M       665M       326M       1.4M        38M       289M
-/+ buffers/cache:       337M       654M
Swap:         8.0G         0B       8.0G

             total       used       free     shared    buffers     cached
Mem:          992M       668M       323M       1.4M        38M       289M
-/+ buffers/cache:       340M       651M
Swap:         8.0G         0B       8.0G

             total       used       free     shared    buffers     cached
Mem:          992M       666M       326M       1.4M        38M       289M
-/+ buffers/cache:       337M       654M
Swap:         8.0G         0B       8.0G

             total       used       free     shared    buffers     cached
Mem:          992M       666M       326M       1.4M        38M       289M
-/+ buffers/cache:       337M       654M
Swap:         8.0G         0B       8.0G

             total       used       free     shared    buffers     cached
Mem:          992M       666M       326M       1.4M        38M       289M
-/+ buffers/cache:       337M       654M
Swap:         8.0G         0B       8.0G

             total       used       free     shared    buffers     cached
Mem:          992M       666M       326M       1.4M        38M       289M
-/+ buffers/cache:       337M       654M
Swap:         8.0G         0B       8.0G

             total       used       free     shared    buffers     cached
Mem:          992M       666M       326M       1.4M        38M       289M
-/+ buffers/cache:       337M       654M
Swap:         8.0G         0B       8.0G

             total       used       free     shared    buffers     cached
Mem:          992M       666M       326M       1.4M        38M       289M
-/+ buffers/cache:       337M       654M
Swap:         8.0G         0B       8.0G

             total       used       free     shared    buffers     cached
Mem:          992M       666M       326M       1.4M        38M       289M
-/+ buffers/cache:       337M       654M
Swap:         8.0G         0B       8.0G

             total       used       free     shared    buffers     cached
Mem:          992M       666M       325M       1.4M        38M       289M
-/+ buffers/cache:       337M       654M
Swap:         8.0G         0B       8.0G

             total       used       free     shared    buffers     cached
Mem:          992M       666M       326M       1.4M        38M       289M
-/+ buffers/cache:       337M       654M
Swap:         8.0G         0B       8.0G

             total       used       free     shared    buffers     cached
Mem:          992M       666M       326M       1.4M        38M       289M
-/+ buffers/cache:       337M       654M
Swap:         8.0G         0B       8.0G

             total       used       free     shared    buffers     cached
Mem:          992M       666M       326M       1.4M        38M       289M
-/+ buffers/cache:       337M       654M
Swap:         8.0G         0B       8.0G

             total       used       free     shared    buffers     cached
Mem:          992M       666M       326M       1.4M        38M       289M
-/+ buffers/cache:       337M       654M
Swap:         8.0G         0B       8.0G

             total       used       free     shared    buffers     cached
Mem:          992M       666M       326M       1.4M        38M       289M
-/+ buffers/cache:       337M       654M
Swap:         8.0G         0B       8.0G

             total       used       free     shared    buffers     cached
Mem:          992M       666M       326M       1.4M        38M       289M
-/+ buffers/cache:       337M       654M
Swap:         8.0G         0B       8.0G

             total       used       free     shared    buffers     cached
Mem:          992M       666M       326M       1.4M        38M       289M
-/+ buffers/cache:       337M       654M
Swap:         8.0G         0B       8.0G

             total       used       free     shared    buffers     cached
Mem:          992M       666M       326M       1.4M        38M       289M
-/+ buffers/cache:       337M       654M
Swap:         8.0G         0B       8.0G

             total       used       free     shared    buffers     cached
Mem:          992M       666M       326M       1.4M        38M       289M
-/+ buffers/cache:       337M       654M
Swap:         8.0G         0B       8.0G

             total       used       free     shared    buffers     cached
Mem:          992M       666M       326M       1.4M        38M       289M
-/+ buffers/cache:       337M       654M
Swap:         8.0G         0B       8.0G

             total       used       free     shared    buffers     cached
Mem:          992M       666M       326M       1.4M        38M       289M
-/+ buffers/cache:       337M       654M
Swap:         8.0G         0B       8.0G

             total       used       free     shared    buffers     cached
Mem:          992M       673M       318M       1.4M        38M       289M
-/+ buffers/cache:       345M       647M
Swap:         8.0G         0B       8.0G

             total       used       free     shared    buffers     cached
Mem:          992M       691M       300M       1.4M        38M       289M
-/+ buffers/cache:       363M       629M
Swap:         8.0G         0B       8.0G

             total       used       free     shared    buffers     cached
Mem:          992M       710M       281M       1.4M        38M       289M
-/+ buffers/cache:       382M       610M
Swap:         8.0G         0B       8.0G

             total       used       free     shared    buffers     cached
Mem:          992M       727M       264M       1.4M        38M       289M
-/+ buffers/cache:       399M       593M
Swap:         8.0G         0B       8.0G

             total       used       free     shared    buffers     cached
Mem:          992M       744M       247M       1.4M        38M       289M
-/+ buffers/cache:       416M       576M
Swap:         8.0G         0B       8.0G

             total       used       free     shared    buffers     cached
Mem:          992M       760M       231M       1.4M        38M       289M
-/+ buffers/cache:       432M       559M
Swap:         8.0G         0B       8.0G

             total       used       free     shared    buffers     cached
Mem:          992M       777M       214M       1.4M        38M       289M
-/+ buffers/cache:       449M       543M
Swap:         8.0G         0B       8.0G

             total       used       free     shared    buffers     cached
Mem:          992M       792M       200M       1.4M        38M       289M
-/+ buffers/cache:       463M       528M
Swap:         8.0G         0B       8.0G

             total       used       free     shared    buffers     cached
Mem:          992M       808M       184M       1.4M        38M       289M
-/+ buffers/cache:       479M       512M
Swap:         8.0G         0B       8.0G

             total       used       free     shared    buffers     cached
Mem:          992M       824M       167M       1.4M        38M       289M
-/+ buffers/cache:       495M       496M
Swap:         8.0G         0B       8.0G

             total       used       free     shared    buffers     cached
Mem:          992M       843M       148M       1.4M        38M       289M
-/+ buffers/cache:       514M       477M
Swap:         8.0G         0B       8.0G

             total       used       free     shared    buffers     cached
Mem:          992M       860M       131M       1.4M        38M       289M
-/+ buffers/cache:       531M       460M
Swap:         8.0G         0B       8.0G

             total       used       free     shared    buffers     cached
Mem:          992M       878M       113M       1.4M        38M       289M
-/+ buffers/cache:       549M       442M
Swap:         8.0G         0B       8.0G

             total       used       free     shared    buffers     cached
Mem:          992M       891M       100M       1.4M        38M       289M
-/+ buffers/cache:       563M       428M
Swap:         8.0G         0B       8.0G

             total       used       free     shared    buffers     cached
Mem:          992M       908M        83M       1.4M        38M       289M
-/+ buffers/cache:       580M       411M
Swap:         8.0G         0B       8.0G

             total       used       free     shared    buffers     cached
Mem:          992M       925M        66M       1.4M        38M       289M
-/+ buffers/cache:       597M       395M
Swap:         8.0G         0B       8.0G

             total       used       free     shared    buffers     cached
Mem:          992M       924M        67M       1.4M        20M       288M
-/+ buffers/cache:       615M       376M
Swap:         8.0G         0B       8.0G

             total       used       free     shared    buffers     cached
Mem:          992M       927M        64M       1.4M        10M       284M
-/+ buffers/cache:       632M       360M
Swap:         8.0G         0B       8.0G

             total       used       free     shared    buffers     cached
Mem:          992M       926M        65M       1.4M        10M       267M
-/+ buffers/cache:       649M       343M
Swap:         8.0G        92K       8.0G

             total       used       free     shared    buffers     cached
Mem:          992M       922M        70M       1.3M       9.6M       248M
-/+ buffers/cache:       664M       327M
Swap:         8.0G       436K       8.0G

             total       used       free     shared    buffers     cached
Mem:          992M       923M        69M       1.2M       9.6M       233M
-/+ buffers/cache:       679M       312M
Swap:         8.0G       4.6M       8.0G

             total       used       free     shared    buffers     cached
Mem:          992M       910M        81M       1.2M       9.6M       210M
-/+ buffers/cache:       691M       301M
Swap:         8.0G       8.9M       8.0G

             total       used       free     shared    buffers     cached
Mem:          992M       926M        65M       1.2M       9.6M       210M
-/+ buffers/cache:       706M       285M
Swap:         8.0G       8.9M       8.0G

             total       used       free     shared    buffers     cached
Mem:          992M       929M        62M       1.2M       2.9M       203M
-/+ buffers/cache:       723M       269M
Swap:         8.0G       8.9M       8.0G

             total       used       free     shared    buffers     cached
Mem:          992M       932M        59M       1.2M       1.9M       192M
-/+ buffers/cache:       738M       254M
Swap:         8.0G       8.9M       8.0G

             total       used       free     shared    buffers     cached
Mem:          992M       925M        66M       1.2M       216K       172M
-/+ buffers/cache:       752M       239M
Swap:         8.0G       8.9M       8.0G

             total       used       free     shared    buffers     cached
Mem:          992M       920M        71M       1.2M       200K       151M
-/+ buffers/cache:       768M       223M
Swap:         8.0G       8.9M       8.0G

             total       used       free     shared    buffers     cached
Mem:          992M       932M        59M       1.2M       208K       151M
-/+ buffers/cache:       780M       211M
Swap:         8.0G       8.9M       8.0G

             total       used       free     shared    buffers     cached
Mem:          992M       927M        64M       1.2M       364K       133M
-/+ buffers/cache:       793M       199M
Swap:         8.0G       8.9M       8.0G

             total       used       free     shared    buffers     cached
Mem:          992M       927M        64M       1.2M       224K       118M
-/+ buffers/cache:       809M       183M
Swap:         8.0G       8.9M       8.0G

             total       used       free     shared    buffers     cached
Mem:          992M       929M        62M       1.2M       216K       104M
-/+ buffers/cache:       825M       167M
Swap:         8.0G       8.9M       8.0G

             total       used       free     shared    buffers     cached
Mem:          992M       928M        63M       1.2M       216K        89M
-/+ buffers/cache:       838M       153M
Swap:         8.0G       8.9M       8.0G

             total       used       free     shared    buffers     cached
Mem:          992M       923M        68M       1.2M       216K        69M
-/+ buffers/cache:       854M       138M
Swap:         8.0G       8.9M       8.0G

             total       used       free     shared    buffers     cached
Mem:          992M       923M        68M       1.2M       220K        53M
-/+ buffers/cache:       869M       122M
Swap:         8.0G       8.9M       8.0G

             total       used       free     shared    buffers     cached
Mem:          992M       928M        63M       1.2M       640K        41M
-/+ buffers/cache:       886M       106M
Swap:         8.0G       8.9M       8.0G

             total       used       free     shared    buffers     cached
Mem:          992M       929M        62M       1.2M       644K        26M
-/+ buffers/cache:       902M        89M
Swap:         8.0G       8.9M       8.0G

             total       used       free     shared    buffers     cached
Mem:          992M       927M        64M       1.2M       644K       8.2M
-/+ buffers/cache:       918M        73M
Swap:         8.0G       8.9M       8.0G

             total       used       free     shared    buffers     cached
Mem:          992M       922M        69M       712K       1.8M        13M
-/+ buffers/cache:       907M        84M
Swap:         8.0G        41M       8.0G

             total       used       free     shared    buffers     cached
Mem:          992M       926M        65M       712K       1.8M        13M
-/+ buffers/cache:       911M        80M
Swap:         8.0G        53M       7.9G

             total       used       free     shared    buffers     cached
Mem:          992M       928M        63M       708K       204K        10M
-/+ buffers/cache:       918M        74M
Swap:         8.0G        62M       7.9G

             total       used       free     shared    buffers     cached
Mem:          992M       929M        62M       708K        96K       3.7M
-/+ buffers/cache:       925M        66M
Swap:         8.0G        62M       7.9G

             total       used       free     shared    buffers     cached
Mem:          992M       920M        71M       704K       380K       3.7M
-/+ buffers/cache:       916M        75M
Swap:         8.0G        87M       7.9G

             total       used       free     shared    buffers     cached
Mem:          992M       925M        66M       680K       372K       3.6M
-/+ buffers/cache:       921M        70M
Swap:         8.0G       108M       7.9G

             total       used       free     shared    buffers     cached
Mem:          992M       910M        81M       676K       372K       3.1M
-/+ buffers/cache:       907M        84M
Swap:         8.0G       141M       7.9G

             total       used       free     shared    buffers     cached
Mem:          992M       924M        67M       676K       372K       3.1M
-/+ buffers/cache:       921M        71M
Swap:         8.0G       141M       7.9G

             total       used       free     shared    buffers     cached
Mem:          992M       922M        69M       676K       372K       3.0M
-/+ buffers/cache:       918M        73M
Swap:         8.0G       149M       7.9G

             total       used       free     shared    buffers     cached
Mem:          992M       920M        71M       616K       372K       3.0M
-/+ buffers/cache:       917M        74M
Swap:         8.0G       163M       7.8G

             total       used       free     shared    buffers     cached
Mem:          992M       918M        74M       600K       380K       2.9M
-/+ buffers/cache:       914M        77M
Swap:         8.0G       190M       7.8G

             total       used       free     shared    buffers     cached
Mem:          992M       919M        73M       580K       380K       2.9M
-/+ buffers/cache:       915M        76M
Swap:         8.0G       190M       7.8G

             total       used       free     shared    buffers     cached
Mem:          992M       914M        77M       580K       380K       2.8M
-/+ buffers/cache:       911M        80M
Swap:         8.0G       232M       7.8G

             total       used       free     shared    buffers     cached
Mem:          992M       930M        61M       572K       380K       2.8M
-/+ buffers/cache:       927M        64M
Swap:         8.0G       232M       7.8G

             total       used       free     shared    buffers     cached
Mem:          992M       919M        73M       572K       380K       2.7M
-/+ buffers/cache:       915M        76M
Swap:         8.0G       244M       7.8G

             total       used       free     shared    buffers     cached
Mem:          992M       919M        72M       548K       372K       2.8M
-/+ buffers/cache:       916M        75M
Swap:         8.0G       260M       7.7G

             total       used       free     shared    buffers     cached
Mem:          992M       925M        66M       548K       380K       2.8M
-/+ buffers/cache:       922M        69M
Swap:         8.0G       260M       7.7G

             total       used       free     shared    buffers     cached
Mem:          992M       916M        75M       548K       344K       2.6M
-/+ buffers/cache:       913M        78M
Swap:         8.0G       278M       7.7G

             total       used       free     shared    buffers     cached
Mem:          992M       923M        68M       548K       344K       2.6M
-/+ buffers/cache:       920M        71M
Swap:         8.0G       278M       7.7G

             total       used       free     shared    buffers     cached
Mem:          992M       929M        62M       548K       344K       2.6M
-/+ buffers/cache:       926M        65M
Swap:         8.0G       278M       7.7G

             total       used       free     shared    buffers     cached
Mem:          992M       918M        73M       548K       220K       2.6M
-/+ buffers/cache:       915M        76M
Swap:         8.0G       294M       7.7G

             total       used       free     shared    buffers     cached
Mem:          992M       923M        68M       548K       228K       2.6M
-/+ buffers/cache:       920M        71M
Swap:         8.0G       294M       7.7G

             total       used       free     shared    buffers     cached
Mem:          992M       929M        62M       548K       228K       2.6M
-/+ buffers/cache:       926M        65M
Swap:         8.0G       294M       7.7G

             total       used       free     shared    buffers     cached
Mem:          992M       921M        70M       548K       136K       2.6M
-/+ buffers/cache:       919M        72M
Swap:         8.0G       302M       7.7G

             total       used       free     shared    buffers     cached
Mem:          992M       926M        65M       548K       136K       2.5M
-/+ buffers/cache:       924M        67M
Swap:         8.0G       302M       7.7G

             total       used       free     shared    buffers     cached
Mem:          992M       916M        75M       548K        76K       2.6M
-/+ buffers/cache:       913M        78M
Swap:         8.0G       319M       7.7G

             total       used       free     shared    buffers     cached
Mem:          992M       919M        72M       548K        84K       2.6M
-/+ buffers/cache:       917M        75M
Swap:         8.0G       319M       7.7G

             total       used       free     shared    buffers     cached
Mem:          992M       924M        68M       548K        84K       2.6M
-/+ buffers/cache:       921M        70M
Swap:         8.0G       319M       7.7G

             total       used       free     shared    buffers     cached
Mem:          992M       929M        62M       548K        84K       2.6M
-/+ buffers/cache:       926M        65M
Swap:         8.0G       319M       7.7G

             total       used       free     shared    buffers     cached
Mem:          992M       909M        82M        28K        84K       1.9M
-/+ buffers/cache:       907M        84M
Swap:         8.0G       340M       7.7G

             total       used       free     shared    buffers     cached
Mem:          992M       925M        66M        16K        84K       1.8M
-/+ buffers/cache:       923M        68M
Swap:         8.0G       325M       7.7G

             total       used       free     shared    buffers     cached
Mem:          992M       921M        70M        16K        84K       1.6M
-/+ buffers/cache:       920M        72M
Swap:         8.0G       318M       7.7G

             total       used       free     shared    buffers     cached
Mem:          992M       922M        69M         0B        76K       1.4M
-/+ buffers/cache:       921M        70M
Swap:         8.0G       322M       7.7G

             total       used       free     shared    buffers     cached
Mem:          992M       919M        72M         0B        76K       1.3M
-/+ buffers/cache:       918M        73M
Swap:         8.0G       323M       7.7G

             total       used       free     shared    buffers     cached
Mem:          992M       920M        72M         0B        76K       1.3M
-/+ buffers/cache:       918M        73M
Swap:         8.0G       334M       7.7G

             total       used       free     shared    buffers     cached
Mem:          992M       923M        68M         0B        76K       1.3M
-/+ buffers/cache:       921M        70M
Swap:         8.0G       321M       7.7G

             total       used       free     shared    buffers     cached
Mem:          992M       920M        72M         0B        76K       1.2M
-/+ buffers/cache:       918M        73M
Swap:         8.0G       329M       7.7G

             total       used       free     shared    buffers     cached
Mem:          992M       916M        76M         0B        84K       1.4M
-/+ buffers/cache:       914M        77M
Swap:         8.0G       346M       7.7G

             total       used       free     shared    buffers     cached
Mem:          992M       921M        70M         0B        84K       1.4M
-/+ buffers/cache:       920M        72M
Swap:         8.0G       334M       7.7G

             total       used       free     shared    buffers     cached
Mem:          992M       927M        64M         0B        84K       1.4M
-/+ buffers/cache:       925M        66M
Swap:         8.0G       330M       7.7G

             total       used       free     shared    buffers     cached
Mem:          992M       923M        68M         0B        84K       1.8M
-/+ buffers/cache:       921M        70M
Swap:         8.0G       334M       7.7G

             total       used       free     shared    buffers     cached
Mem:          992M       929M        62M         0B        84K       1.8M
-/+ buffers/cache:       927M        64M
Swap:         8.0G       332M       7.7G

             total       used       free     shared    buffers     cached
Mem:          992M       916M        75M         0B        92K       6.4M
-/+ buffers/cache:       910M        82M
Swap:         8.0G       359M       7.6G

             total       used       free     shared    buffers     cached
Mem:          992M       915M        76M         0B       216K        15M
-/+ buffers/cache:       900M        92M
Swap:         8.0G       389M       7.6G

             total       used       free     shared    buffers     cached
Mem:          992M       922M        70M         0B       560K        15M
-/+ buffers/cache:       905M        86M
Swap:         8.0G       389M       7.6G

             total       used       free     shared    buffers     cached
Mem:          992M       927M        64M         0B       560K        15M
-/+ buffers/cache:       911M        80M
Swap:         8.0G       389M       7.6G

             total       used       free     shared    buffers     cached
Mem:          992M       921M        70M         0B       560K        14M
-/+ buffers/cache:       906M        85M
Swap:         8.0G       389M       7.6G

             total       used       free     shared    buffers     cached
Mem:          992M       926M        66M         0B       560K        14M
-/+ buffers/cache:       911M        80M
Swap:         8.0G       389M       7.6G

             total       used       free     shared    buffers     cached
Mem:          992M       911M        80M         0B       520K       8.2M
-/+ buffers/cache:       903M        89M
Swap:         8.0G       409M       7.6G

             total       used       free     shared    buffers     cached
Mem:          992M       915M        76M         0B       520K       8.3M
-/+ buffers/cache:       906M        85M
Swap:         8.0G       409M       7.6G

             total       used       free     shared    buffers     cached
Mem:          992M       917M        75M         0B       520K       8.3M
-/+ buffers/cache:       908M        83M
Swap:         8.0G       408M       7.6G

             total       used       free     shared    buffers     cached
Mem:          992M       918M        73M         0B       520K       8.3M
-/+ buffers/cache:       910M        82M
Swap:         8.0G       406M       7.6G

             total       used       free     shared    buffers     cached
Mem:          992M       920M        71M         0B       520K       8.3M
-/+ buffers/cache:       912M        80M
Swap:         8.0G       405M       7.6G

             total       used       free     shared    buffers     cached
Mem:          992M       922M        69M         0B       528K       8.3M
-/+ buffers/cache:       913M        78M
Swap:         8.0G       405M       7.6G

             total       used       free     shared    buffers     cached
Mem:          992M       923M        68M         0B       528K       8.3M
-/+ buffers/cache:       915M        77M
Swap:         8.0G       404M       7.6G

             total       used       free     shared    buffers     cached
Mem:          992M       925M        66M         0B       528K       8.3M
-/+ buffers/cache:       917M        75M
Swap:         8.0G       403M       7.6G

             total       used       free     shared    buffers     cached
Mem:          992M       927M        64M         0B       528K       8.2M
-/+ buffers/cache:       919M        73M
Swap:         8.0G       403M       7.6G

             total       used       free     shared    buffers     cached
Mem:          992M       929M        62M         0B       528K       8.2M
-/+ buffers/cache:       920M        71M
Swap:         8.0G       402M       7.6G

             total       used       free     shared    buffers     cached
Mem:          992M       920M        72M         0B       536K       7.9M
-/+ buffers/cache:       911M        80M
Swap:         8.0G       402M       7.6G

             total       used       free     shared    buffers     cached
Mem:          992M       922M        70M         0B       536K       7.8M
-/+ buffers/cache:       913M        78M
Swap:         8.0G       401M       7.6G

             total       used       free     shared    buffers     cached
Mem:          992M       924M        68M         0B       536K       8.0M
-/+ buffers/cache:       915M        76M
Swap:         8.0G       401M       7.6G

             total       used       free     shared    buffers     cached
Mem:          992M       925M        66M         0B       536K       8.0M
-/+ buffers/cache:       917M        75M
Swap:         8.0G       400M       7.6G

             total       used       free     shared    buffers     cached
Mem:          992M       927M        64M         0B       536K       8.0M
-/+ buffers/cache:       919M        73M
Swap:         8.0G       400M       7.6G

             total       used       free     shared    buffers     cached
Mem:          992M       929M        62M         0B       536K       8.0M
-/+ buffers/cache:       920M        71M
Swap:         8.0G       399M       7.6G

             total       used       free     shared    buffers     cached
Mem:          992M       931M        61M         0B       544K       8.0M
-/+ buffers/cache:       922M        69M
Swap:         8.0G       399M       7.6G

             total       used       free     shared    buffers     cached
Mem:          992M       921M        70M         0B       360K       2.7M
-/+ buffers/cache:       918M        73M
Swap:         8.0G       406M       7.6G

             total       used       free     shared    buffers     cached
Mem:          992M       923M        68M         0B       360K       2.7M
-/+ buffers/cache:       920M        71M
Swap:         8.0G       405M       7.6G

             total       used       free     shared    buffers     cached
Mem:          992M       925M        66M         0B       360K       2.7M
-/+ buffers/cache:       922M        70M
Swap:         8.0G       405M       7.6G

             total       used       free     shared    buffers     cached
Mem:          992M       927M        65M         0B       360K       2.7M
-/+ buffers/cache:       924M        68M
Swap:         8.0G       404M       7.6G

             total       used       free     shared    buffers     cached
Mem:          992M       928M        63M         0B       368K       2.6M
-/+ buffers/cache:       925M        66M
Swap:         8.0G       404M       7.6G

             total       used       free     shared    buffers     cached
Mem:          992M       930M        61M         0B       368K       2.8M
-/+ buffers/cache:       927M        64M
Swap:         8.0G       403M       7.6G

             total       used       free     shared    buffers     cached
Mem:          992M       915M        76M         0B       368K       2.6M
-/+ buffers/cache:       912M        79M
Swap:         8.0G       414M       7.6G

             total       used       free     shared    buffers     cached
Mem:          992M       918M        73M         0B       368K       2.6M
-/+ buffers/cache:       915M        76M
Swap:         8.0G       413M       7.6G

             total       used       free     shared    buffers     cached
Mem:          992M       920M        72M         0B       368K       2.7M
-/+ buffers/cache:       917M        75M
Swap:         8.0G       412M       7.6G

             total       used       free     shared    buffers     cached
Mem:          992M       922M        70M         0B       376K       2.6M
-/+ buffers/cache:       919M        73M
Swap:         8.0G       411M       7.6G

             total       used       free     shared    buffers     cached
Mem:          992M       924M        67M         0B       384K       2.7M
-/+ buffers/cache:       921M        70M
Swap:         8.0G       410M       7.6G

             total       used       free     shared    buffers     cached
Mem:          992M       926M        65M         0B       384K       2.7M
-/+ buffers/cache:       923M        68M
Swap:         8.0G       409M       7.6G

             total       used       free     shared    buffers     cached
Mem:          992M       929M        62M         0B       384K       2.7M
-/+ buffers/cache:       926M        65M
Swap:         8.0G       408M       7.6G

             total       used       free     shared    buffers     cached
Mem:          992M       929M        62M         0B       384K       2.6M
-/+ buffers/cache:       926M        65M
Swap:         8.0G       412M       7.6G

             total       used       free     shared    buffers     cached
Mem:          992M       918M        73M         0B       356K       2.2M
-/+ buffers/cache:       916M        75M
Swap:         8.0G       426M       7.6G

             total       used       free     shared    buffers     cached
Mem:          992M       920M        71M         0B       364K       2.2M
-/+ buffers/cache:       918M        74M
Swap:         8.0G       426M       7.6G

             total       used       free     shared    buffers     cached
Mem:          992M       922M        69M         0B       364K       2.2M
-/+ buffers/cache:       920M        71M
Swap:         8.0G       424M       7.6G

             total       used       free     shared    buffers     cached
Mem:          992M       924M        67M         0B       364K       2.2M
-/+ buffers/cache:       922M        69M
Swap:         8.0G       423M       7.6G

             total       used       free     shared    buffers     cached
Mem:          992M       927M        64M         0B       364K       2.2M
-/+ buffers/cache:       924M        67M
Swap:         8.0G       422M       7.6G

             total       used       free     shared    buffers     cached
Mem:          992M       929M        62M         0B       364K       2.2M
-/+ buffers/cache:       927M        65M
Swap:         8.0G       421M       7.6G

             total       used       free     shared    buffers     cached
Mem:          992M       919M        73M         0B       372K       2.2M
-/+ buffers/cache:       916M        75M
Swap:         8.0G       427M       7.6G

             total       used       free     shared    buffers     cached
Mem:          992M       920M        71M         0B       372K       2.2M
-/+ buffers/cache:       918M        73M
Swap:         8.0G       426M       7.6G

             total       used       free     shared    buffers     cached
Mem:          992M       923M        69M         0B       372K       2.2M
-/+ buffers/cache:       920M        71M
Swap:         8.0G       425M       7.6G

             total       used       free     shared    buffers     cached
Mem:          992M       925M        66M         0B       372K       2.2M
-/+ buffers/cache:       922M        69M
Swap:         8.0G       424M       7.6G

             total       used       free     shared    buffers     cached
Mem:          992M       927M        64M         0B       372K       2.2M
-/+ buffers/cache:       924M        67M
Swap:         8.0G       423M       7.6G

             total       used       free     shared    buffers     cached
Mem:          992M       929M        62M         0B       380K       2.2M
-/+ buffers/cache:       927M        65M
Swap:         8.0G       422M       7.6G

             total       used       free     shared    buffers     cached
Mem:          992M       909M        82M         0B       376K       2.0M
-/+ buffers/cache:       906M        85M
Swap:         8.0G       456M       7.6G

             total       used       free     shared    buffers     cached
Mem:          992M       911M        80M         0B       376K       2.0M
-/+ buffers/cache:       909M        82M
Swap:         8.0G       455M       7.6G

             total       used       free     shared    buffers     cached
Mem:          992M       913M        78M         0B       376K       2.0M
-/+ buffers/cache:       911M        80M
Swap:         8.0G       454M       7.6G

             total       used       free     shared    buffers     cached
Mem:          992M       916M        76M         0B       376K       2.0M
-/+ buffers/cache:       913M        78M
Swap:         8.0G       453M       7.6G

             total       used       free     shared    buffers     cached
Mem:          992M       918M        73M         0B       376K       2.0M
-/+ buffers/cache:       916M        76M
Swap:         8.0G       451M       7.6G

             total       used       free     shared    buffers     cached
Mem:          992M       919M        72M         0B       384K       2.0M
-/+ buffers/cache:       917M        74M
Swap:         8.0G       450M       7.6G

             total       used       free     shared    buffers     cached
Mem:          992M       922M        69M         0B       384K       2.0M
-/+ buffers/cache:       919M        72M
Swap:         8.0G       449M       7.6G

             total       used       free     shared    buffers     cached
Mem:          992M       924M        67M         0B       384K       2.0M
-/+ buffers/cache:       922M        69M
Swap:         8.0G       448M       7.6G

             total       used       free     shared    buffers     cached
Mem:          992M       927M        64M         0B       384K       2.0M
-/+ buffers/cache:       925M        67M
Swap:         8.0G       446M       7.6G

             total       used       free     shared    buffers     cached
Mem:          992M       930M        62M         0B       384K       2.0M
-/+ buffers/cache:       927M        64M
Swap:         8.0G       445M       7.6G

             total       used       free     shared    buffers     cached
Mem:          992M       919M        72M         0B       392K       1.9M
-/+ buffers/cache:       917M        74M
Swap:         8.0G       444M       7.6G

             total       used       free     shared    buffers     cached
Mem:          992M       936M        55M         0B       376K        20M
-/+ buffers/cache:       915M        76M
Swap:         8.0G       444M       7.6G

             total       used       free     shared    buffers     cached
Mem:          992M       905M        86M         0B       216K        18M
-/+ buffers/cache:       886M       105M
Swap:         8.0G       485M       7.5G

             total       used       free     shared    buffers     cached
Mem:          992M       908M        83M         0B       560K        18M
-/+ buffers/cache:       889M       102M
Swap:         8.0G       484M       7.5G

             total       used       free     shared    buffers     cached
Mem:          992M       910M        81M         0B       564K        18M
-/+ buffers/cache:       891M       100M
Swap:         8.0G       483M       7.5G

             total       used       free     shared    buffers     cached
Mem:          992M       912M        79M         0B       572K        18M
-/+ buffers/cache:       892M        99M
Swap:         8.0G       482M       7.5G

             total       used       free     shared    buffers     cached
Mem:          992M       913M        78M         0B       572K        18M
-/+ buffers/cache:       894M        97M
Swap:         8.0G       481M       7.5G

             total       used       free     shared    buffers     cached
Mem:          992M       917M        74M         0B       572K        20M
-/+ buffers/cache:       896M        95M
Swap:         8.0G       480M       7.5G

             total       used       free     shared    buffers     cached
Mem:          992M       918M        73M         0B       572K        20M
-/+ buffers/cache:       897M        94M
Swap:         8.0G       479M       7.5G

             total       used       free     shared    buffers     cached
Mem:          992M       921M        70M         0B       860K        20M
-/+ buffers/cache:       900M        91M
Swap:         8.0G       479M       7.5G

             total       used       free     shared    buffers     cached
Mem:          992M       920M        71M         0B       1.0M        26M
-/+ buffers/cache:       892M        99M
Swap:         8.0G       476M       7.5G

             total       used       free     shared    buffers     cached
Mem:          992M       915M        77M        16K       1.0M        26M
-/+ buffers/cache:       887M       104M
Swap:         8.0G       488M       7.5G

             total       used       free     shared    buffers     cached
Mem:          992M       916M        75M        16K       1.0M        26M
-/+ buffers/cache:       888M       103M
Swap:         8.0G       487M       7.5G

             total       used       free     shared    buffers     cached
Mem:          992M       917M        74M        16K       1.0M        26M
-/+ buffers/cache:       890M       102M
Swap:         8.0G       487M       7.5G

             total       used       free     shared    buffers     cached
Mem:          992M       918M        73M        16K       1.0M        26M
-/+ buffers/cache:       891M       101M
Swap:         8.0G       486M       7.5G

             total       used       free     shared    buffers     cached
Mem:          992M       919M        72M        16K       1.0M        26M
-/+ buffers/cache:       892M        99M
Swap:         8.0G       486M       7.5G

             total       used       free     shared    buffers     cached
Mem:          992M       921M        70M        16K       1.0M        26M
-/+ buffers/cache:       893M        98M
Swap:         8.0G       485M       7.5G

             total       used       free     shared    buffers     cached
Mem:          992M       922M        69M        16K       1.0M        26M
-/+ buffers/cache:       895M        96M
Swap:         8.0G       484M       7.5G

             total       used       free     shared    buffers     cached
Mem:          992M       924M        67M        16K       1.0M        26M
-/+ buffers/cache:       896M        95M
Swap:         8.0G       483M       7.5G

             total       used       free     shared    buffers     cached
Mem:          992M       908M        83M        16K       1.0M        24M
-/+ buffers/cache:       882M       109M
Swap:         8.0G       497M       7.5G

             total       used       free     shared    buffers     cached
Mem:          992M       909M        82M        16K       1.0M        24M
-/+ buffers/cache:       883M       108M
Swap:         8.0G       496M       7.5G

             total       used       free     shared    buffers     cached
Mem:          992M       911M        81M        16K       1.0M        24M
-/+ buffers/cache:       885M       106M
Swap:         8.0G       495M       7.5G

             total       used       free     shared    buffers     cached
Mem:          992M       912M        79M        16K       1.0M        24M
-/+ buffers/cache:       886M       105M
Swap:         8.0G       495M       7.5G

             total       used       free     shared    buffers     cached
Mem:          992M       913M        78M        16K       1.0M        24M
-/+ buffers/cache:       887M       104M
Swap:         8.0G       494M       7.5G

             total       used       free     shared    buffers     cached
Mem:          992M       914M        77M        16K       1.0M        24M
-/+ buffers/cache:       889M       103M
Swap:         8.0G       493M       7.5G

             total       used       free     shared    buffers     cached
Mem:          992M       916M        75M        16K       1.0M        24M
-/+ buffers/cache:       890M       101M
Swap:         8.0G       493M       7.5G

             total       used       free     shared    buffers     cached
Mem:          992M       917M        74M        16K       1.0M        24M
-/+ buffers/cache:       891M       100M
Swap:         8.0G       492M       7.5G

             total       used       free     shared    buffers     cached
Mem:          992M       918M        73M        16K       1.0M        24M
-/+ buffers/cache:       893M        99M
Swap:         8.0G       491M       7.5G

             total       used       free     shared    buffers     cached
Mem:          992M       919M        72M        16K       1.0M        24M
-/+ buffers/cache:       894M        97M
Swap:         8.0G       491M       7.5G

             total       used       free     shared    buffers     cached
Mem:          992M       921M        70M        16K       1.0M        24M
-/+ buffers/cache:       895M        96M
Swap:         8.0G       490M       7.5G

             total       used       free     shared    buffers     cached
Mem:          992M       922M        69M        16K       1.0M        24M
-/+ buffers/cache:       896M        95M
Swap:         8.0G       490M       7.5G

             total       used       free     shared    buffers     cached
Mem:          992M       924M        68M        16K       1.0M        24M
-/+ buffers/cache:       898M        93M
Swap:         8.0G       489M       7.5G

             total       used       free     shared    buffers     cached
Mem:          992M       925M        66M        16K       1.0M        24M
-/+ buffers/cache:       899M        92M
Swap:         8.0G       488M       7.5G

             total       used       free     shared    buffers     cached
Mem:          992M       926M        65M        16K       1.0M        24M
-/+ buffers/cache:       900M        91M
Swap:         8.0G       487M       7.5G

             total       used       free     shared    buffers     cached
Mem:          992M       914M        77M        16K       1.0M        22M
-/+ buffers/cache:       890M       101M
Swap:         8.0G       491M       7.5G

             total       used       free     shared    buffers     cached
Mem:          992M       915M        76M        16K       1.0M        22M
-/+ buffers/cache:       891M       100M
Swap:         8.0G       490M       7.5G

             total       used       free     shared    buffers     cached
Mem:          992M       916M        75M        16K       1.0M        22M
-/+ buffers/cache:       892M        99M
Swap:         8.0G       490M       7.5G

             total       used       free     shared    buffers     cached
Mem:          992M       918M        74M        16K       1.0M        22M
-/+ buffers/cache:       894M        98M
Swap:         8.0G       489M       7.5G

             total       used       free     shared    buffers     cached
Mem:          992M       919M        72M        16K       1.0M        22M
-/+ buffers/cache:       895M        96M
Swap:         8.0G       488M       7.5G

             total       used       free     shared    buffers     cached
Mem:          992M       920M        71M        16K       1.0M        22M
-/+ buffers/cache:       896M        95M
Swap:         8.0G       487M       7.5G

             total       used       free     shared    buffers     cached
Mem:          992M       922M        70M        16K       1.0M        22M
-/+ buffers/cache:       898M        93M
Swap:         8.0G       487M       7.5G

             total       used       free     shared    buffers     cached
Mem:          992M       923M        68M        16K       1.0M        22M
-/+ buffers/cache:       899M        92M
Swap:         8.0G       486M       7.5G

             total       used       free     shared    buffers     cached
Mem:          992M       924M        67M        16K       1.0M        22M
-/+ buffers/cache:       900M        91M
Swap:         8.0G       485M       7.5G

             total       used       free     shared    buffers     cached
Mem:          992M       926M        66M        16K       1.0M        22M
-/+ buffers/cache:       902M        90M
Swap:         8.0G       485M       7.5G

             total       used       free     shared    buffers     cached
Mem:          992M       927M        64M        16K       1.0M        22M
-/+ buffers/cache:       903M        88M
Swap:         8.0G       484M       7.5G

             total       used       free     shared    buffers     cached
Mem:          992M       901M        91M        16K       108K        17M
-/+ buffers/cache:       883M       108M
Swap:         8.0G       514M       7.5G

             total       used       free     shared    buffers     cached
Mem:          992M       902M        89M        16K       108K        17M
-/+ buffers/cache:       884M       107M
Swap:         8.0G       513M       7.5G

             total       used       free     shared    buffers     cached
Mem:          992M       903M        88M        16K       108K        17M
-/+ buffers/cache:       886M       106M
Swap:         8.0G       513M       7.5G

             total       used       free     shared    buffers     cached
Mem:          992M       905M        87M        16K       108K        17M
-/+ buffers/cache:       887M       104M
Swap:         8.0G       512M       7.5G

             total       used       free     shared    buffers     cached
Mem:          992M       905M        86M        16K       116K        17M
-/+ buffers/cache:       888M       104M
Swap:         8.0G       511M       7.5G

             total       used       free     shared    buffers     cached
Mem:          992M       907M        84M        16K       116K        17M
-/+ buffers/cache:       889M       102M
Swap:         8.0G       511M       7.5G

             total       used       free     shared    buffers     cached
Mem:          992M       908M        83M        16K       116K        17M
-/+ buffers/cache:       890M       101M
Swap:         8.0G       510M       7.5G

             total       used       free     shared    buffers     cached
Mem:          992M       910M        82M        16K       116K        17M
-/+ buffers/cache:       892M        99M
Swap:         8.0G       509M       7.5G

             total       used       free     shared    buffers     cached
Mem:          992M       911M        80M        16K       116K        17M
-/+ buffers/cache:       893M        98M
Swap:         8.0G       508M       7.5G

             total       used       free     shared    buffers     cached
Mem:          992M       912M        79M        16K       116K        17M
-/+ buffers/cache:       894M        97M
Swap:         8.0G       508M       7.5G

             total       used       free     shared    buffers     cached
Mem:          992M       914M        78M        16K       124K        17M
-/+ buffers/cache:       896M        95M
Swap:         8.0G       507M       7.5G

             total       used       free     shared    buffers     cached
Mem:          992M       915M        76M        16K       124K        17M
-/+ buffers/cache:       897M        94M
Swap:         8.0G       506M       7.5G

             total       used       free     shared    buffers     cached
Mem:          992M       916M        75M        16K       124K        17M
-/+ buffers/cache:       898M        93M
Swap:         8.0G       506M       7.5G

             total       used       free     shared    buffers     cached
Mem:          992M       918M        74M        16K       124K        17M
-/+ buffers/cache:       900M        91M
Swap:         8.0G       505M       7.5G

             total       used       free     shared    buffers     cached
Mem:          992M       919M        72M        16K       124K        17M
-/+ buffers/cache:       901M        90M
Swap:         8.0G       504M       7.5G

             total       used       free     shared    buffers     cached
Mem:          992M       920M        71M        16K       132K        17M
-/+ buffers/cache:       902M        89M
Swap:         8.0G       503M       7.5G

             total       used       free     shared    buffers     cached
Mem:          992M       926M        65M        16K       132K        22M
-/+ buffers/cache:       904M        87M
Swap:         8.0G       503M       7.5G

             total       used       free     shared    buffers     cached
Mem:          992M       911M        80M        16K       232K        20M
-/+ buffers/cache:       890M       102M
Swap:         8.0G       512M       7.5G

             total       used       free     shared    buffers     cached
Mem:          992M       913M        78M        16K       840K        21M
-/+ buffers/cache:       891M       100M
Swap:         8.0G       511M       7.5G

             total       used       free     shared    buffers     cached
Mem:          992M       914M        77M        16K       840K        21M
-/+ buffers/cache:       892M        99M
Swap:         8.0G       510M       7.5G

             total       used       free     shared    buffers     cached
Mem:          992M       916M        75M        16K       840K        21M
-/+ buffers/cache:       894M        97M
Swap:         8.0G       509M       7.5G

             total       used       free     shared    buffers     cached
Mem:          992M       917M        74M        16K       848K        21M
-/+ buffers/cache:       895M        96M
Swap:         8.0G       509M       7.5G

             total       used       free     shared    buffers     cached
Mem:          992M       919M        73M        16K       848K        21M
-/+ buffers/cache:       897M        94M
Swap:         8.0G       508M       7.5G

             total       used       free     shared    buffers     cached
Mem:          992M       920M        71M        16K       848K        21M
-/+ buffers/cache:       898M        93M
Swap:         8.0G       507M       7.5G

             total       used       free     shared    buffers     cached
Mem:          992M       921M        70M        16K       848K        21M
-/+ buffers/cache:       900M        92M
Swap:         8.0G       506M       7.5G

             total       used       free     shared    buffers     cached
Mem:          992M       923M        68M        16K       848K        21M
-/+ buffers/cache:       901M        90M
Swap:         8.0G       506M       7.5G

             total       used       free     shared    buffers     cached
Mem:          992M       924M        67M        16K       856K        21M
-/+ buffers/cache:       902M        89M
Swap:         8.0G       505M       7.5G

             total       used       free     shared    buffers     cached
Mem:          992M       925M        66M        16K       856K        21M
-/+ buffers/cache:       904M        88M
Swap:         8.0G       504M       7.5G

             total       used       free     shared    buffers     cached
Mem:          992M       911M        80M        16K       812K        19M
-/+ buffers/cache:       891M       100M
Swap:         8.0G       525M       7.5G

             total       used       free     shared    buffers     cached
Mem:          992M       913M        79M        16K       812K        19M
-/+ buffers/cache:       892M        99M
Swap:         8.0G       524M       7.5G

             total       used       free     shared    buffers     cached
Mem:          992M       916M        75M        20K       948K        20M
-/+ buffers/cache:       894M        97M
Swap:         8.0G       523M       7.5G

             total       used       free     shared    buffers     cached
Mem:          992M       917M        74M        20K       948K        20M
-/+ buffers/cache:       896M        96M
Swap:         8.0G       523M       7.5G

             total       used       free     shared    buffers     cached
Mem:          992M       919M        73M        20K       960K        20M
-/+ buffers/cache:       897M        94M
Swap:         8.0G       522M       7.5G

             total       used       free     shared    buffers     cached
Mem:          992M       914M        77M        20K       960K        23M
-/+ buffers/cache:       889M       102M
Swap:         8.0G       519M       7.5G

             total       used       free     shared    buffers     cached
Mem:          992M       915M        76M        20K       960K        23M
-/+ buffers/cache:       891M       101M
Swap:         8.0G       519M       7.5G

             total       used       free     shared    buffers     cached
Mem:          992M       924M        67M        20K       960K        26M
-/+ buffers/cache:       896M        95M
Swap:         8.0G       516M       7.5G

             total       used       free     shared    buffers     cached
Mem:          992M       925M        66M        20K       960K        26M
-/+ buffers/cache:       897M        94M
Swap:         8.0G       515M       7.5G

             total       used       free     shared    buffers     cached
Mem:          992M       926M        65M        20K       968K        26M
-/+ buffers/cache:       898M        93M
Swap:         8.0G       515M       7.5G

             total       used       free     shared    buffers     cached
Mem:          992M       926M        65M        20K       968K        26M
-/+ buffers/cache:       899M        93M
Swap:         8.0G       515M       7.5G

             total       used       free     shared    buffers     cached
Mem:          992M       908M        83M        20K       968K        24M
-/+ buffers/cache:       883M       108M
Swap:         8.0G       527M       7.5G

             total       used       free     shared    buffers     cached
Mem:          992M       909M        82M        20K       968K        24M
-/+ buffers/cache:       884M       107M
Swap:         8.0G       527M       7.5G

             total       used       free     shared    buffers     cached
Mem:          992M       910M        81M        20K       968K        24M
-/+ buffers/cache:       885M       106M
Swap:         8.0G       527M       7.5G

             total       used       free     shared    buffers     cached
Mem:          992M       911M        81M        20K       968K        24M
-/+ buffers/cache:       886M       106M
Swap:         8.0G       526M       7.5G

             total       used       free     shared    buffers     cached
Mem:          992M       911M        80M        20K       976K        24M
-/+ buffers/cache:       886M       105M
Swap:         8.0G       526M       7.5G

             total       used       free     shared    buffers     cached
Mem:          992M       912M        79M        20K       976K        24M
-/+ buffers/cache:       887M       104M
Swap:         8.0G       526M       7.5G

             total       used       free     shared    buffers     cached
Mem:          992M       919M        73M       176K       976K        28M
-/+ buffers/cache:       889M       102M
Swap:         8.0G       525M       7.5G

             total       used       free     shared    buffers     cached
Mem:          992M       912M        79M       3.9M       5.0M        53M
-/+ buffers/cache:       853M       138M
Swap:         8.0G       576M       7.4G

             total       used       free     shared    buffers     cached
Mem:          992M       918M        73M       204K       5.0M        64M
-/+ buffers/cache:       849M       143M
Swap:         8.0G       592M       7.4G

             total       used       free     shared    buffers     cached
Mem:          992M       917M        74M       264K       5.3M        63M
-/+ buffers/cache:       848M       143M
Swap:         8.0G       587M       7.4G

             total       used       free     shared    buffers     cached
Mem:          992M       918M        74M       248K       5.3M        63M
-/+ buffers/cache:       849M       142M
Swap:         8.0G       586M       7.4G

             total       used       free     shared    buffers     cached
Mem:          992M       919M        72M       248K       5.3M        63M
-/+ buffers/cache:       850M       141M
Swap:         8.0G       586M       7.4G

             total       used       free     shared    buffers     cached
Mem:          992M       920M        71M       248K       5.3M        63M
-/+ buffers/cache:       852M       139M
Swap:         8.0G       585M       7.4G

             total       used       free     shared    buffers     cached
Mem:          992M       922M        70M       248K       5.3M        63M
-/+ buffers/cache:       853M       138M
Swap:         8.0G       585M       7.4G

             total       used       free     shared    buffers     cached
Mem:          992M       923M        68M       248K       5.3M        63M
-/+ buffers/cache:       855M       137M
Swap:         8.0G       584M       7.4G

             total       used       free     shared    buffers     cached
Mem:          992M       926M        65M       248K       5.4M        64M
-/+ buffers/cache:       856M       135M
Swap:         8.0G       584M       7.4G

             total       used       free     shared    buffers     cached
Mem:          992M       910M        81M       248K       5.4M        61M
-/+ buffers/cache:       843M       148M
Swap:         8.0G       599M       7.4G

             total       used       free     shared    buffers     cached
Mem:          992M       912M        79M       248K       5.4M        61M
-/+ buffers/cache:       845M       147M
Swap:         8.0G       598M       7.4G

             total       used       free     shared    buffers     cached
Mem:          992M       913M        78M       248K       5.4M        61M
-/+ buffers/cache:       846M       145M
Swap:         8.0G       597M       7.4G

             total       used       free     shared    buffers     cached
Mem:          992M       915M        77M       248K       5.4M        61M
-/+ buffers/cache:       847M       144M
Swap:         8.0G       597M       7.4G

             total       used       free     shared    buffers     cached
Mem:          992M       916M        75M       248K       5.4M        61M
-/+ buffers/cache:       849M       142M
Swap:         8.0G       596M       7.4G

             total       used       free     shared    buffers     cached
Mem:          992M       918M        73M       248K       5.4M        62M
-/+ buffers/cache:       850M       141M
Swap:         8.0G       596M       7.4G

             total       used       free     shared    buffers     cached
Mem:          992M       919M        72M       248K       5.4M        62M
-/+ buffers/cache:       852M       140M
Swap:         8.0G       595M       7.4G

             total       used       free     shared    buffers     cached
Mem:          992M       921M        71M       248K       5.4M        62M
-/+ buffers/cache:       853M       138M
Swap:         8.0G       594M       7.4G

             total       used       free     shared    buffers     cached
Mem:          992M       922M        69M       248K       5.4M        62M
-/+ buffers/cache:       854M       137M
Swap:         8.0G       594M       7.4G

             total       used       free     shared    buffers     cached
Mem:          992M       924M        68M       248K       5.4M        62M
-/+ buffers/cache:       856M       135M
Swap:         8.0G       593M       7.4G

             total       used       free     shared    buffers     cached
Mem:          992M       925M        66M       248K       5.4M        62M
-/+ buffers/cache:       857M       134M
Swap:         8.0G       593M       7.4G

             total       used       free     shared    buffers     cached
Mem:          992M       927M        64M       248K       5.4M        62M
-/+ buffers/cache:       859M       132M
Swap:         8.0G       592M       7.4G

             total       used       free     shared    buffers     cached
Mem:          992M       911M        80M       248K       5.4M        61M
-/+ buffers/cache:       844M       147M
Swap:         8.0G       606M       7.4G

             total       used       free     shared    buffers     cached
Mem:          992M       913M        79M       248K       5.4M        61M
-/+ buffers/cache:       846M       146M
Swap:         8.0G       605M       7.4G

             total       used       free     shared    buffers     cached
Mem:          992M       914M        77M       248K       5.4M        61M
-/+ buffers/cache:       847M       144M
Swap:         8.0G       605M       7.4G

             total       used       free     shared    buffers     cached
Mem:          992M       916M        75M       248K       5.4M        61M
-/+ buffers/cache:       849M       142M
Swap:         8.0G       604M       7.4G

             total       used       free     shared    buffers     cached
Mem:          992M       917M        74M       248K       5.4M        61M
-/+ buffers/cache:       850M       141M
Swap:         8.0G       603M       7.4G

             total       used       free     shared    buffers     cached
Mem:          992M       919M        73M       248K       5.4M        61M
-/+ buffers/cache:       852M       140M
Swap:         8.0G       603M       7.4G

             total       used       free     shared    buffers     cached
Mem:          992M       920M        71M       248K       5.4M        61M
-/+ buffers/cache:       853M       138M
Swap:         8.0G       602M       7.4G

             total       used       free     shared    buffers     cached
Mem:          992M       921M        70M       248K       5.4M        61M
-/+ buffers/cache:       854M       137M
Swap:         8.0G       602M       7.4G

             total       used       free     shared    buffers     cached
Mem:          992M       922M        69M       248K       5.4M        61M
-/+ buffers/cache:       855M       136M
Swap:         8.0G       601M       7.4G

             total       used       free     shared    buffers     cached
Mem:          992M       924M        67M       248K       5.5M        61M
-/+ buffers/cache:       857M       134M
Swap:         8.0G       601M       7.4G

             total       used       free     shared    buffers     cached
Mem:          992M       927M        64M       248K       5.6M        62M
-/+ buffers/cache:       859M       132M
Swap:         8.0G       600M       7.4G

             total       used       free     shared    buffers     cached
Mem:          992M       910M        81M       248K       3.9M        61M
-/+ buffers/cache:       845M       146M
Swap:         8.0G       607M       7.4G

             total       used       free     shared    buffers     cached
Mem:          992M       912M        80M       248K       3.9M        61M
-/+ buffers/cache:       846M       145M
Swap:         8.0G       606M       7.4G

             total       used       free     shared    buffers     cached
Mem:          992M       913M        78M       248K       3.9M        61M
-/+ buffers/cache:       848M       143M
Swap:         8.0G       606M       7.4G

             total       used       free     shared    buffers     cached
Mem:          992M       922M        69M       248K       5.0M        65M
-/+ buffers/cache:       851M       140M
Swap:         8.0G       605M       7.4G

             total       used       free     shared    buffers     cached
Mem:          992M       904M        87M       256K       6.9M        69M
-/+ buffers/cache:       828M       163M
Swap:         8.0G       636M       7.4G

             total       used       free     shared    buffers     cached
Mem:          992M       906M        86M       288K       6.9M        69M
-/+ buffers/cache:       830M       162M
Swap:         8.0G       635M       7.4G
