             total       used       free     shared    buffers     cached
Mem:          2.0G       657M       1.3G       3.2M        38M       289M
-/+ buffers/cache:       329M       1.6G
Swap:         8.0G         0B       8.0G

             total       used       free     shared    buffers     cached
Mem:          2.0G       656M       1.3G       1.4M        38M       287M
-/+ buffers/cache:       330M       1.6G
Swap:         8.0G         0B       8.0G

             total       used       free     shared    buffers     cached
Mem:          2.0G       656M       1.3G       1.4M        38M       287M
-/+ buffers/cache:       330M       1.6G
Swap:         8.0G         0B       8.0G

             total       used       free     shared    buffers     cached
Mem:          2.0G       656M       1.3G       1.4M        38M       287M
-/+ buffers/cache:       330M       1.6G
Swap:         8.0G         0B       8.0G

             total       used       free     shared    buffers     cached
Mem:          2.0G       656M       1.3G       1.4M        38M       287M
-/+ buffers/cache:       330M       1.6G
Swap:         8.0G         0B       8.0G

             total       used       free     shared    buffers     cached
Mem:          2.0G       656M       1.3G       1.4M        38M       287M
-/+ buffers/cache:       330M       1.6G
Swap:         8.0G         0B       8.0G

             total       used       free     shared    buffers     cached
Mem:          2.0G       656M       1.3G       1.4M        38M       287M
-/+ buffers/cache:       330M       1.6G
Swap:         8.0G         0B       8.0G

             total       used       free     shared    buffers     cached
Mem:          2.0G       656M       1.3G       1.4M        38M       287M
-/+ buffers/cache:       329M       1.6G
Swap:         8.0G         0B       8.0G

             total       used       free     shared    buffers     cached
Mem:          2.0G       656M       1.3G       1.4M        38M       288M
-/+ buffers/cache:       329M       1.6G
Swap:         8.0G         0B       8.0G

             total       used       free     shared    buffers     cached
Mem:          2.0G       659M       1.3G       1.4M        38M       288M
-/+ buffers/cache:       332M       1.6G
Swap:         8.0G         0B       8.0G

             total       used       free     shared    buffers     cached
Mem:          2.0G       676M       1.3G       1.4M        38M       288M
-/+ buffers/cache:       349M       1.6G
Swap:         8.0G         0B       8.0G

             total       used       free     shared    buffers     cached
Mem:          2.0G       686M       1.3G       1.4M        38M       288M
-/+ buffers/cache:       359M       1.6G
Swap:         8.0G         0B       8.0G

             total       used       free     shared    buffers     cached
Mem:          2.0G       665M       1.3G       1.4M        38M       289M
-/+ buffers/cache:       337M       1.6G
Swap:         8.0G         0B       8.0G

             total       used       free     shared    buffers     cached
Mem:          2.0G       665M       1.3G       1.4M        38M       289M
-/+ buffers/cache:       337M       1.6G
Swap:         8.0G         0B       8.0G

             total       used       free     shared    buffers     cached
Mem:          2.0G       665M       1.3G       1.4M        38M       289M
-/+ buffers/cache:       337M       1.6G
Swap:         8.0G         0B       8.0G

             total       used       free     shared    buffers     cached
Mem:          2.0G       665M       1.3G       1.4M        38M       289M
-/+ buffers/cache:       337M       1.6G
Swap:         8.0G         0B       8.0G

             total       used       free     shared    buffers     cached
Mem:          2.0G       665M       1.3G       1.4M        38M       289M
-/+ buffers/cache:       337M       1.6G
Swap:         8.0G         0B       8.0G

             total       used       free     shared    buffers     cached
Mem:          2.0G       665M       1.3G       1.4M        38M       289M
-/+ buffers/cache:       337M       1.6G
Swap:         8.0G         0B       8.0G

             total       used       free     shared    buffers     cached
Mem:          2.0G       665M       1.3G       1.4M        38M       289M
-/+ buffers/cache:       337M       1.6G
Swap:         8.0G         0B       8.0G

             total       used       free     shared    buffers     cached
Mem:          2.0G       665M       1.3G       1.4M        38M       289M
-/+ buffers/cache:       337M       1.6G
Swap:         8.0G         0B       8.0G

             total       used       free     shared    buffers     cached
Mem:          2.0G       665M       1.3G       1.4M        38M       289M
-/+ buffers/cache:       337M       1.6G
Swap:         8.0G         0B       8.0G

             total       used       free     shared    buffers     cached
Mem:          2.0G       665M       1.3G       1.4M        38M       289M
-/+ buffers/cache:       337M       1.6G
Swap:         8.0G         0B       8.0G

             total       used       free     shared    buffers     cached
Mem:          2.0G       665M       1.3G       1.4M        38M       289M
-/+ buffers/cache:       337M       1.6G
Swap:         8.0G         0B       8.0G

             total       used       free     shared    buffers     cached
Mem:          2.0G       665M       1.3G       1.4M        38M       289M
-/+ buffers/cache:       337M       1.6G
Swap:         8.0G         0B       8.0G

             total       used       free     shared    buffers     cached
Mem:          2.0G       665M       1.3G       1.4M        38M       289M
-/+ buffers/cache:       337M       1.6G
Swap:         8.0G         0B       8.0G

             total       used       free     shared    buffers     cached
Mem:          2.0G       665M       1.3G       1.4M        38M       289M
-/+ buffers/cache:       337M       1.6G
Swap:         8.0G         0B       8.0G

             total       used       free     shared    buffers     cached
Mem:          2.0G       665M       1.3G       1.4M        38M       289M
-/+ buffers/cache:       337M       1.6G
Swap:         8.0G         0B       8.0G

             total       used       free     shared    buffers     cached
Mem:          2.0G       665M       1.3G       1.4M        38M       289M
-/+ buffers/cache:       337M       1.6G
Swap:         8.0G         0B       8.0G

             total       used       free     shared    buffers     cached
Mem:          2.0G       665M       1.3G       1.4M        38M       289M
-/+ buffers/cache:       337M       1.6G
Swap:         8.0G         0B       8.0G

             total       used       free     shared    buffers     cached
Mem:          2.0G       665M       1.3G       1.4M        38M       289M
-/+ buffers/cache:       337M       1.6G
Swap:         8.0G         0B       8.0G

             total       used       free     shared    buffers     cached
Mem:          2.0G       665M       1.3G       1.4M        38M       289M
-/+ buffers/cache:       337M       1.6G
Swap:         8.0G         0B       8.0G

             total       used       free     shared    buffers     cached
Mem:          2.0G       665M       1.3G       1.4M        38M       289M
-/+ buffers/cache:       337M       1.6G
Swap:         8.0G         0B       8.0G

             total       used       free     shared    buffers     cached
Mem:          2.0G       665M       1.3G       1.4M        38M       289M
-/+ buffers/cache:       337M       1.6G
Swap:         8.0G         0B       8.0G

             total       used       free     shared    buffers     cached
Mem:          2.0G       673M       1.3G       1.4M        38M       289M
-/+ buffers/cache:       344M       1.6G
Swap:         8.0G         0B       8.0G

             total       used       free     shared    buffers     cached
Mem:          2.0G       692M       1.3G       1.4M        38M       289M
-/+ buffers/cache:       363M       1.6G
Swap:         8.0G         0B       8.0G

             total       used       free     shared    buffers     cached
Mem:          2.0G       710M       1.3G       1.4M        38M       289M
-/+ buffers/cache:       382M       1.6G
Swap:         8.0G         0B       8.0G

             total       used       free     shared    buffers     cached
Mem:          2.0G       729M       1.2G       1.4M        38M       289M
-/+ buffers/cache:       400M       1.6G
Swap:         8.0G         0B       8.0G

             total       used       free     shared    buffers     cached
Mem:          2.0G       748M       1.2G       1.4M        38M       289M
-/+ buffers/cache:       419M       1.5G
Swap:         8.0G         0B       8.0G

             total       used       free     shared    buffers     cached
Mem:          2.0G       766M       1.2G       1.4M        38M       289M
-/+ buffers/cache:       437M       1.5G
Swap:         8.0G         0B       8.0G

             total       used       free     shared    buffers     cached
Mem:          2.0G       781M       1.2G       1.4M        38M       289M
-/+ buffers/cache:       453M       1.5G
Swap:         8.0G         0B       8.0G

             total       used       free     shared    buffers     cached
Mem:          2.0G       798M       1.2G       1.4M        38M       289M
-/+ buffers/cache:       469M       1.5G
Swap:         8.0G         0B       8.0G

             total       used       free     shared    buffers     cached
Mem:          2.0G       811M       1.2G       1.4M        38M       289M
-/+ buffers/cache:       483M       1.5G
Swap:         8.0G         0B       8.0G

             total       used       free     shared    buffers     cached
Mem:          2.0G       828M       1.1G       1.4M        38M       289M
-/+ buffers/cache:       500M       1.5G
Swap:         8.0G         0B       8.0G

             total       used       free     shared    buffers     cached
Mem:          2.0G       852M       1.1G       1.4M        38M       289M
-/+ buffers/cache:       523M       1.4G
Swap:         8.0G         0B       8.0G

             total       used       free     shared    buffers     cached
Mem:          2.0G       870M       1.1G       1.4M        38M       289M
-/+ buffers/cache:       542M       1.4G
Swap:         8.0G         0B       8.0G

             total       used       free     shared    buffers     cached
Mem:          2.0G       889M       1.1G       1.4M        38M       289M
-/+ buffers/cache:       560M       1.4G
Swap:         8.0G         0B       8.0G

             total       used       free     shared    buffers     cached
Mem:          2.0G       905M       1.1G       1.4M        38M       289M
-/+ buffers/cache:       576M       1.4G
Swap:         8.0G         0B       8.0G

             total       used       free     shared    buffers     cached
Mem:          2.0G       926M       1.0G       1.4M        38M       289M
-/+ buffers/cache:       597M       1.4G
Swap:         8.0G         0B       8.0G

             total       used       free     shared    buffers     cached
Mem:          2.0G       946M       1.0G       1.4M        38M       289M
-/+ buffers/cache:       617M       1.4G
Swap:         8.0G         0B       8.0G

             total       used       free     shared    buffers     cached
Mem:          2.0G       966M       1.0G       1.4M        38M       289M
-/+ buffers/cache:       637M       1.3G
Swap:         8.0G         0B       8.0G

             total       used       free     shared    buffers     cached
Mem:          2.0G       985M       1.0G       1.4M        38M       289M
-/+ buffers/cache:       656M       1.3G
Swap:         8.0G         0B       8.0G

             total       used       free     shared    buffers     cached
Mem:          2.0G       1.0G       995M       1.4M        38M       289M
-/+ buffers/cache:       675M       1.3G
Swap:         8.0G         0B       8.0G

             total       used       free     shared    buffers     cached
Mem:          2.0G       1.0G       977M       1.4M        38M       289M
-/+ buffers/cache:       694M       1.3G
Swap:         8.0G         0B       8.0G

             total       used       free     shared    buffers     cached
Mem:          2.0G       1.0G       956M       1.4M        38M       289M
-/+ buffers/cache:       714M       1.3G
Swap:         8.0G         0B       8.0G

             total       used       free     shared    buffers     cached
Mem:          2.0G       1.0G       939M       1.4M        38M       289M
-/+ buffers/cache:       732M       1.2G
Swap:         8.0G         0B       8.0G

             total       used       free     shared    buffers     cached
Mem:          2.0G       1.1G       921M       1.4M        38M       289M
-/+ buffers/cache:       750M       1.2G
Swap:         8.0G         0B       8.0G

             total       used       free     shared    buffers     cached
Mem:          2.0G       1.1G       903M       1.4M        38M       289M
-/+ buffers/cache:       768M       1.2G
Swap:         8.0G         0B       8.0G

             total       used       free     shared    buffers     cached
Mem:          2.0G       1.1G       885M       1.4M        38M       289M
-/+ buffers/cache:       786M       1.2G
Swap:         8.0G         0B       8.0G

             total       used       free     shared    buffers     cached
Mem:          2.0G       1.1G       872M       1.4M        38M       289M
-/+ buffers/cache:       799M       1.2G
Swap:         8.0G         0B       8.0G

             total       used       free     shared    buffers     cached
Mem:          2.0G       1.1G       853M       1.4M        38M       289M
-/+ buffers/cache:       817M       1.2G
Swap:         8.0G         0B       8.0G

             total       used       free     shared    buffers     cached
Mem:          2.0G       1.1G       833M       1.4M        38M       289M
-/+ buffers/cache:       838M       1.1G
Swap:         8.0G         0B       8.0G

             total       used       free     shared    buffers     cached
Mem:          2.0G       1.2G       816M       1.4M        38M       289M
-/+ buffers/cache:       855M       1.1G
Swap:         8.0G         0B       8.0G

             total       used       free     shared    buffers     cached
Mem:          2.0G       1.2G       801M       1.4M        38M       289M
-/+ buffers/cache:       869M       1.1G
Swap:         8.0G         0B       8.0G

             total       used       free     shared    buffers     cached
Mem:          2.0G       1.2G       786M       1.4M        38M       289M
-/+ buffers/cache:       885M       1.1G
Swap:         8.0G         0B       8.0G

             total       used       free     shared    buffers     cached
Mem:          2.0G       1.2G       770M       1.4M        38M       289M
-/+ buffers/cache:       901M       1.1G
Swap:         8.0G         0B       8.0G

             total       used       free     shared    buffers     cached
Mem:          2.0G       1.2G       754M       1.4M        38M       289M
-/+ buffers/cache:       917M       1.1G
Swap:         8.0G         0B       8.0G

             total       used       free     shared    buffers     cached
Mem:          2.0G       1.2G       737M       1.4M        38M       289M
-/+ buffers/cache:       934M       1.0G
Swap:         8.0G         0B       8.0G

             total       used       free     shared    buffers     cached
Mem:          2.0G       1.2G       721M       1.4M        38M       289M
-/+ buffers/cache:       950M       1.0G
Swap:         8.0G         0B       8.0G

             total       used       free     shared    buffers     cached
Mem:          2.0G       1.3G       705M       1.4M        38M       289M
-/+ buffers/cache:       966M       1.0G
Swap:         8.0G         0B       8.0G

             total       used       free     shared    buffers     cached
Mem:          2.0G       1.3G       686M       1.4M        38M       290M
-/+ buffers/cache:       985M       1.0G
Swap:         8.0G         0B       8.0G

             total       used       free     shared    buffers     cached
Mem:          2.0G       1.3G       668M       1.4M        38M       290M
-/+ buffers/cache:       1.0G       997M
Swap:         8.0G         0B       8.0G

             total       used       free     shared    buffers     cached
Mem:          2.0G       1.3G       648M       1.4M        38M       290M
-/+ buffers/cache:       1.0G       977M
Swap:         8.0G         0B       8.0G

             total       used       free     shared    buffers     cached
Mem:          2.0G       1.3G       630M       1.4M        38M       290M
-/+ buffers/cache:       1.0G       959M
Swap:         8.0G         0B       8.0G

             total       used       free     shared    buffers     cached
Mem:          2.0G       1.4G       613M       1.4M        38M       290M
-/+ buffers/cache:       1.0G       942M
Swap:         8.0G         0B       8.0G

             total       used       free     shared    buffers     cached
Mem:          2.0G       1.4G       593M       1.4M        38M       290M
-/+ buffers/cache:       1.1G       922M
Swap:         8.0G         0B       8.0G

             total       used       free     shared    buffers     cached
Mem:          2.0G       1.4G       574M       1.4M        38M       290M
-/+ buffers/cache:       1.1G       903M
Swap:         8.0G         0B       8.0G

             total       used       free     shared    buffers     cached
Mem:          2.0G       1.4G       554M       1.4M        38M       290M
-/+ buffers/cache:       1.1G       883M
Swap:         8.0G         0B       8.0G

             total       used       free     shared    buffers     cached
Mem:          2.0G       1.4G       536M       1.4M        38M       290M
-/+ buffers/cache:       1.1G       865M
Swap:         8.0G         0B       8.0G

             total       used       free     shared    buffers     cached
Mem:          2.0G       1.4G       517M       1.4M        38M       290M
-/+ buffers/cache:       1.1G       846M
Swap:         8.0G         0B       8.0G

             total       used       free     shared    buffers     cached
Mem:          2.0G       1.5G       499M       1.4M        38M       290M
-/+ buffers/cache:       1.1G       828M
Swap:         8.0G         0B       8.0G

             total       used       free     shared    buffers     cached
Mem:          2.0G       1.5G       482M       1.4M        38M       290M
-/+ buffers/cache:       1.2G       810M
Swap:         8.0G         0B       8.0G

             total       used       free     shared    buffers     cached
Mem:          2.0G       1.5G       466M       1.4M        38M       290M
-/+ buffers/cache:       1.2G       795M
Swap:         8.0G         0B       8.0G

             total       used       free     shared    buffers     cached
Mem:          2.0G       1.5G       447M       1.4M        38M       290M
-/+ buffers/cache:       1.2G       776M
Swap:         8.0G         0B       8.0G

             total       used       free     shared    buffers     cached
Mem:          2.0G       1.5G       434M       1.4M        38M       290M
-/+ buffers/cache:       1.2G       763M
Swap:         8.0G         0B       8.0G

             total       used       free     shared    buffers     cached
Mem:          2.0G       1.5G       427M       1.4M        38M       290M
-/+ buffers/cache:       1.2G       756M
Swap:         8.0G         0B       8.0G

             total       used       free     shared    buffers     cached
Mem:          2.0G       1.6G       412M       1.4M        38M       290M
-/+ buffers/cache:       1.2G       741M
Swap:         8.0G         0B       8.0G

             total       used       free     shared    buffers     cached
Mem:          2.0G       1.6G       397M       1.4M        38M       290M
-/+ buffers/cache:       1.2G       726M
Swap:         8.0G         0B       8.0G

             total       used       free     shared    buffers     cached
Mem:          2.0G       1.6G       382M       1.4M        38M       290M
-/+ buffers/cache:       1.3G       711M
Swap:         8.0G         0B       8.0G

             total       used       free     shared    buffers     cached
Mem:          2.0G       1.6G       364M       1.4M        38M       290M
-/+ buffers/cache:       1.3G       693M
Swap:         8.0G         0B       8.0G

             total       used       free     shared    buffers     cached
Mem:          2.0G       1.6G       345M       1.4M        38M       290M
-/+ buffers/cache:       1.3G       674M
Swap:         8.0G         0B       8.0G

             total       used       free     shared    buffers     cached
Mem:          2.0G       1.6G       325M       1.4M        38M       290M
-/+ buffers/cache:       1.3G       654M
Swap:         8.0G         0B       8.0G

             total       used       free     shared    buffers     cached
Mem:          2.0G       1.7G       306M       1.4M        38M       290M
-/+ buffers/cache:       1.3G       635M
Swap:         8.0G         0B       8.0G

             total       used       free     shared    buffers     cached
Mem:          2.0G       1.7G       286M       1.4M        38M       290M
-/+ buffers/cache:       1.4G       614M
Swap:         8.0G         0B       8.0G

             total       used       free     shared    buffers     cached
Mem:          2.0G       1.7G       268M       1.4M        38M       290M
-/+ buffers/cache:       1.4G       597M
Swap:         8.0G         0B       8.0G

             total       used       free     shared    buffers     cached
Mem:          2.0G       1.7G       249M       1.4M        38M       290M
-/+ buffers/cache:       1.4G       577M
Swap:         8.0G         0B       8.0G

             total       used       free     shared    buffers     cached
Mem:          2.0G       1.7G       228M       1.4M        38M       290M
-/+ buffers/cache:       1.4G       557M
Swap:         8.0G         0B       8.0G

             total       used       free     shared    buffers     cached
Mem:          2.0G       1.7G       208M       1.4M        38M       290M
-/+ buffers/cache:       1.4G       537M
Swap:         8.0G         0B       8.0G

             total       used       free     shared    buffers     cached
Mem:          2.0G       1.8G       188M       1.4M        38M       290M
-/+ buffers/cache:       1.4G       517M
Swap:         8.0G         0B       8.0G

             total       used       free     shared    buffers     cached
Mem:          2.0G       1.8G       171M       1.4M        38M       290M
-/+ buffers/cache:       1.5G       500M
Swap:         8.0G         0B       8.0G

             total       used       free     shared    buffers     cached
Mem:          2.0G       1.8G       155M       1.4M        38M       290M
-/+ buffers/cache:       1.5G       484M
Swap:         8.0G         0B       8.0G

             total       used       free     shared    buffers     cached
Mem:          2.0G       1.8G       138M       1.4M        38M       290M
-/+ buffers/cache:       1.5G       467M
Swap:         8.0G         0B       8.0G

             total       used       free     shared    buffers     cached
Mem:          2.0G       1.8G       124M       1.4M        38M       290M
-/+ buffers/cache:       1.5G       452M
Swap:         8.0G         0B       8.0G

             total       used       free     shared    buffers     cached
Mem:          2.0G       1.8G       109M       1.4M        38M       290M
-/+ buffers/cache:       1.5G       438M
Swap:         8.0G         0B       8.0G

             total       used       free     shared    buffers     cached
Mem:          2.0G       1.9G        93M       1.4M        38M       290M
-/+ buffers/cache:       1.5G       422M
Swap:         8.0G         0B       8.0G

             total       used       free     shared    buffers     cached
Mem:          2.0G       1.9G        77M       1.4M        38M       290M
-/+ buffers/cache:       1.6G       406M
Swap:         8.0G         0B       8.0G

             total       used       free     shared    buffers     cached
Mem:          2.0G       1.9G        72M       1.4M        28M       288M
-/+ buffers/cache:       1.6G       390M
Swap:         8.0G         0B       8.0G

             total       used       free     shared    buffers     cached
Mem:          2.0G       1.9G        74M       1.4M        10M       288M
-/+ buffers/cache:       1.6G       373M
Swap:         8.0G         0B       8.0G

             total       used       free     shared    buffers     cached
Mem:          2.0G       1.9G        75M       1.4M        10M       268M
-/+ buffers/cache:       1.6G       353M
Swap:         8.0G        76K       8.0G

             total       used       free     shared    buffers     cached
Mem:          2.0G       1.9G        76M       1.2M       9.7M       248M
-/+ buffers/cache:       1.6G       335M
Swap:         8.0G       552K       8.0G

             total       used       free     shared    buffers     cached
Mem:          2.0G       1.9G        76M       1.2M       9.7M       233M
-/+ buffers/cache:       1.6G       319M
Swap:         8.0G       5.7M       8.0G

             total       used       free     shared    buffers     cached
Mem:          2.0G       1.9G        86M       1.0M       9.8M       209M
-/+ buffers/cache:       1.7G       305M
Swap:         8.0G        12M       8.0G

             total       used       free     shared    buffers     cached
Mem:          2.0G       1.9G        67M       1.0M       9.8M       209M
-/+ buffers/cache:       1.7G       286M
Swap:         8.0G        12M       8.0G

             total       used       free     shared    buffers     cached
Mem:          2.0G       1.9G        68M       1.0M       2.5M       198M
-/+ buffers/cache:       1.7G       268M
Swap:         8.0G        12M       8.0G

             total       used       free     shared    buffers     cached
Mem:          2.0G       1.9G        74M       1.0M       320K       174M
-/+ buffers/cache:       1.7G       249M
Swap:         8.0G        12M       8.0G

             total       used       free     shared    buffers     cached
Mem:          2.0G       1.9G        64M       1.0M       320K       166M
-/+ buffers/cache:       1.7G       231M
Swap:         8.0G        12M       8.0G

             total       used       free     shared    buffers     cached
Mem:          2.0G       1.9G        66M       1.0M       324K       146M
-/+ buffers/cache:       1.7G       213M
Swap:         8.0G        12M       8.0G

             total       used       free     shared    buffers     cached
Mem:          2.0G       1.9G        65M       1.0M       312K       129M
-/+ buffers/cache:       1.8G       195M
Swap:         8.0G        12M       8.0G

             total       used       free     shared    buffers     cached
Mem:          2.0G       1.9G        62M       1.0M        76K       114M
-/+ buffers/cache:       1.8G       177M
Swap:         8.0G        12M       8.0G

             total       used       free     shared    buffers     cached
Mem:          2.0G       1.9G        74M       1.0M        80K        84M
-/+ buffers/cache:       1.8G       159M
Swap:         8.0G        12M       8.0G

             total       used       free     shared    buffers     cached
Mem:          2.0G       1.9G        74M       1.0M        80K        66M
-/+ buffers/cache:       1.8G       140M
Swap:         8.0G        12M       8.0G

             total       used       free     shared    buffers     cached
Mem:          2.0G       1.9G        74M       1.0M        92K        46M
-/+ buffers/cache:       1.8G       121M
Swap:         8.0G        12M       8.0G

             total       used       free     shared    buffers     cached
Mem:          2.0G       1.9G        78M       1.0M       100K        27M
-/+ buffers/cache:       1.8G       105M
Swap:         8.0G        12M       8.0G

             total       used       free     shared    buffers     cached
Mem:          2.0G       1.9G        74M       1.0M       232K        10M
-/+ buffers/cache:       1.9G        85M
Swap:         8.0G        12M       8.0G

             total       used       free     shared    buffers     cached
Mem:          2.0G       1.9G        73M       1.0M       232K       5.1M
-/+ buffers/cache:       1.9G        79M
Swap:         8.0G        18M       8.0G

             total       used       free     shared    buffers     cached
Mem:          2.0G       1.9G        75M       724K       500K       2.8M
-/+ buffers/cache:       1.9G        78M
Swap:         8.0G        49M       7.9G

             total       used       free     shared    buffers     cached
Mem:          2.0G       1.9G        71M       660K       500K       2.7M
-/+ buffers/cache:       1.9G        74M
Swap:         8.0G        58M       7.9G

             total       used       free     shared    buffers     cached
Mem:          2.0G       1.9G        73M       648K       508K       2.4M
-/+ buffers/cache:       1.9G        76M
Swap:         8.0G       101M       7.9G

             total       used       free     shared    buffers     cached
Mem:          2.0G       1.9G        70M       648K       508K       2.4M
-/+ buffers/cache:       1.9G        73M
Swap:         8.0G       101M       7.9G

             total       used       free     shared    buffers     cached
Mem:          2.0G       1.9G        79M       648K       508K       2.3M
-/+ buffers/cache:       1.9G        81M
Swap:         8.0G       158M       7.8G

             total       used       free     shared    buffers     cached
Mem:          2.0G       1.9G        74M       632K       508K       3.2M
-/+ buffers/cache:       1.9G        78M
Swap:         8.0G       158M       7.8G

             total       used       free     shared    buffers     cached
Mem:          2.0G       1.9G        76M       632K       508K       3.0M
-/+ buffers/cache:       1.9G        80M
Swap:         8.0G       158M       7.8G

             total       used       free     shared    buffers     cached
Mem:          2.0G       1.9G        72M       568K       344K       2.8M
-/+ buffers/cache:       1.9G        75M
Swap:         8.0G       168M       7.8G

             total       used       free     shared    buffers     cached
Mem:          2.0G       1.9G        77M       576K       344K       2.7M
-/+ buffers/cache:       1.9G        81M
Swap:         8.0G       220M       7.8G

             total       used       free     shared    buffers     cached
Mem:          2.0G       1.9G        77M       564K       344K       2.7M
-/+ buffers/cache:       1.9G        80M
Swap:         8.0G       220M       7.8G

             total       used       free     shared    buffers     cached
Mem:          2.0G       1.9G        67M       564K       344K       2.8M
-/+ buffers/cache:       1.9G        70M
Swap:         8.0G       220M       7.8G

             total       used       free     shared    buffers     cached
Mem:          2.0G       1.9G        74M       564K       344K       2.8M
-/+ buffers/cache:       1.9G        77M
Swap:         8.0G       220M       7.8G

             total       used       free     shared    buffers     cached
Mem:          2.0G       1.9G        71M       564K       344K       2.8M
-/+ buffers/cache:       1.9G        74M
Swap:         8.0G       220M       7.8G

             total       used       free     shared    buffers     cached
Mem:          2.0G       1.9G        75M       564K       352K       2.8M
-/+ buffers/cache:       1.9G        78M
Swap:         8.0G       241M       7.8G

             total       used       free     shared    buffers     cached
Mem:          2.0G       1.9G        71M       564K       240K       2.7M
-/+ buffers/cache:       1.9G        74M
Swap:         8.0G       248M       7.8G

             total       used       free     shared    buffers     cached
Mem:          2.0G       1.9G        90M       540K       240K       2.7M
-/+ buffers/cache:       1.9G        92M
Swap:         8.0G       314M       7.7G

             total       used       free     shared    buffers     cached
Mem:          2.0G       1.9G        80M       540K       240K       2.7M
-/+ buffers/cache:       1.9G        83M
Swap:         8.0G       314M       7.7G

             total       used       free     shared    buffers     cached
Mem:          2.0G       1.9G        79M       540K       240K       2.8M
-/+ buffers/cache:       1.9G        82M
Swap:         8.0G       314M       7.7G

             total       used       free     shared    buffers     cached
Mem:          2.0G       1.9G        79M       540K       248K       2.8M
-/+ buffers/cache:       1.9G        82M
Swap:         8.0G       313M       7.7G

             total       used       free     shared    buffers     cached
Mem:          2.0G       1.9G        79M       540K       248K       2.8M
-/+ buffers/cache:       1.9G        82M
Swap:         8.0G       313M       7.7G

             total       used       free     shared    buffers     cached
Mem:          2.0G       1.9G        78M       540K       248K       2.8M
-/+ buffers/cache:       1.9G        81M
Swap:         8.0G       312M       7.7G

             total       used       free     shared    buffers     cached
Mem:          2.0G       1.9G        77M       540K       248K       2.8M
-/+ buffers/cache:       1.9G        80M
Swap:         8.0G       311M       7.7G

             total       used       free     shared    buffers     cached
Mem:          2.0G       1.9G        77M       540K       248K       2.8M
-/+ buffers/cache:       1.9G        80M
Swap:         8.0G       311M       7.7G

             total       used       free     shared    buffers     cached
Mem:          2.0G       1.9G        76M       540K       256K       2.8M
-/+ buffers/cache:       1.9G        79M
Swap:         8.0G       311M       7.7G

             total       used       free     shared    buffers     cached
Mem:          2.0G       1.9G        76M       540K       256K       2.8M
-/+ buffers/cache:       1.9G        79M
Swap:         8.0G       310M       7.7G

             total       used       free     shared    buffers     cached
Mem:          2.0G       1.9G        76M       540K       256K       2.8M
-/+ buffers/cache:       1.9G        79M
Swap:         8.0G       310M       7.7G

             total       used       free     shared    buffers     cached
Mem:          2.0G       1.9G        75M       540K       256K       2.8M
-/+ buffers/cache:       1.9G        78M
Swap:         8.0G       309M       7.7G

             total       used       free     shared    buffers     cached
Mem:          2.0G       1.9G        75M       540K       256K       2.8M
-/+ buffers/cache:       1.9G        78M
Swap:         8.0G       309M       7.7G

             total       used       free     shared    buffers     cached
Mem:          2.0G       1.9G        74M       540K       256K       2.8M
-/+ buffers/cache:       1.9G        77M
Swap:         8.0G       308M       7.7G

             total       used       free     shared    buffers     cached
Mem:          2.0G       1.9G        74M       540K       264K       2.8M
-/+ buffers/cache:       1.9G        77M
Swap:         8.0G       308M       7.7G

             total       used       free     shared    buffers     cached
Mem:          2.0G       1.9G        73M       540K       264K       2.8M
-/+ buffers/cache:       1.9G        76M
Swap:         8.0G       307M       7.7G

             total       used       free     shared    buffers     cached
Mem:          2.0G       1.9G        73M       540K       264K       2.8M
-/+ buffers/cache:       1.9G        76M
Swap:         8.0G       307M       7.7G

             total       used       free     shared    buffers     cached
Mem:          2.0G       1.9G        72M       540K       264K       2.8M
-/+ buffers/cache:       1.9G        75M
Swap:         8.0G       306M       7.7G

             total       used       free     shared    buffers     cached
Mem:          2.0G       1.9G        72M       540K       264K       2.8M
-/+ buffers/cache:       1.9G        75M
Swap:         8.0G       305M       7.7G

             total       used       free     shared    buffers     cached
Mem:          2.0G       1.9G        71M       540K       272K       2.8M
-/+ buffers/cache:       1.9G        74M
Swap:         8.0G       305M       7.7G

             total       used       free     shared    buffers     cached
Mem:          2.0G       1.9G        71M       540K       272K       2.8M
-/+ buffers/cache:       1.9G        74M
Swap:         8.0G       304M       7.7G

             total       used       free     shared    buffers     cached
Mem:          2.0G       1.9G        70M       540K       272K       2.8M
-/+ buffers/cache:       1.9G        74M
Swap:         8.0G       304M       7.7G

             total       used       free     shared    buffers     cached
Mem:          2.0G       1.9G        70M       540K       272K       2.8M
-/+ buffers/cache:       1.9G        73M
Swap:         8.0G       303M       7.7G

             total       used       free     shared    buffers     cached
Mem:          2.0G       1.9G        70M       540K       272K       2.8M
-/+ buffers/cache:       1.9G        73M
Swap:         8.0G       303M       7.7G

             total       used       free     shared    buffers     cached
Mem:          2.0G       1.9G        69M       540K       280K       2.8M
-/+ buffers/cache:       1.9G        72M
Swap:         8.0G       302M       7.7G

             total       used       free     shared    buffers     cached
Mem:          2.0G       1.9G        69M       540K       280K       2.8M
-/+ buffers/cache:       1.9G        72M
Swap:         8.0G       302M       7.7G

             total       used       free     shared    buffers     cached
Mem:          2.0G       1.9G        68M       540K       280K       2.8M
-/+ buffers/cache:       1.9G        71M
Swap:         8.0G       301M       7.7G

             total       used       free     shared    buffers     cached
Mem:          2.0G       1.9G        68M       540K       280K       2.8M
-/+ buffers/cache:       1.9G        71M
Swap:         8.0G       301M       7.7G

             total       used       free     shared    buffers     cached
Mem:          2.0G       1.9G        67M       540K       280K       2.8M
-/+ buffers/cache:       1.9G        71M
Swap:         8.0G       300M       7.7G

             total       used       free     shared    buffers     cached
Mem:          2.0G       1.9G        67M       540K       280K       2.8M
-/+ buffers/cache:       1.9G        70M
Swap:         8.0G       300M       7.7G

             total       used       free     shared    buffers     cached
Mem:          2.0G       1.9G        83M       540K        84K        20M
-/+ buffers/cache:       1.9G       104M
Swap:         8.0G       326M       7.7G

             total       used       free     shared    buffers     cached
Mem:          2.0G       1.9G        81M       540K       544K        20M
-/+ buffers/cache:       1.9G       103M
Swap:         8.0G       326M       7.7G

             total       used       free     shared    buffers     cached
Mem:          2.0G       1.9G        80M       540K       544K        20M
-/+ buffers/cache:       1.9G       102M
Swap:         8.0G       325M       7.7G

             total       used       free     shared    buffers     cached
Mem:          2.0G       1.9G        79M       540K       544K        21M
-/+ buffers/cache:       1.9G       101M
Swap:         8.0G       325M       7.7G

             total       used       free     shared    buffers     cached
Mem:          2.0G       1.9G        78M       540K       544K        21M
-/+ buffers/cache:       1.9G        99M
Swap:         8.0G       324M       7.7G

             total       used       free     shared    buffers     cached
Mem:          2.0G       1.9G        77M       540K       552K        21M
-/+ buffers/cache:       1.9G        99M
Swap:         8.0G       324M       7.7G

             total       used       free     shared    buffers     cached
Mem:          2.0G       1.9G        77M       540K       552K        21M
-/+ buffers/cache:       1.9G        98M
Swap:         8.0G       323M       7.7G

             total       used       free     shared    buffers     cached
Mem:          2.0G       1.9G        76M       540K       552K        21M
-/+ buffers/cache:       1.9G        98M
Swap:         8.0G       323M       7.7G

             total       used       free     shared    buffers     cached
Mem:          2.0G       1.9G        75M       540K       552K        21M
-/+ buffers/cache:       1.9G        97M
Swap:         8.0G       323M       7.7G

             total       used       free     shared    buffers     cached
Mem:          2.0G       1.9G        75M       540K       552K        21M
-/+ buffers/cache:       1.9G        96M
Swap:         8.0G       322M       7.7G

             total       used       free     shared    buffers     cached
Mem:          2.0G       1.9G        74M       540K       560K        21M
-/+ buffers/cache:       1.9G        96M
Swap:         8.0G       322M       7.7G

             total       used       free     shared    buffers     cached
Mem:          2.0G       1.9G        71M       540K       848K        21M
-/+ buffers/cache:       1.9G        94M
Swap:         8.0G       321M       7.7G

             total       used       free     shared    buffers     cached
Mem:          2.0G       1.9G        77M       544K       980K        25M
-/+ buffers/cache:       1.9G       104M
Swap:         8.0G       348M       7.7G

             total       used       free     shared    buffers     cached
Mem:          2.0G       1.9G        76M       544K       984K        25M
-/+ buffers/cache:       1.9G       103M
Swap:         8.0G       347M       7.7G

             total       used       free     shared    buffers     cached
Mem:          2.0G       1.9G        75M       544K       984K        25M
-/+ buffers/cache:       1.9G       102M
Swap:         8.0G       347M       7.7G

             total       used       free     shared    buffers     cached
Mem:          2.0G       1.9G        74M       544K       984K        25M
-/+ buffers/cache:       1.9G       101M
Swap:         8.0G       346M       7.7G

             total       used       free     shared    buffers     cached
Mem:          2.0G       1.9G        74M       544K       992K        25M
-/+ buffers/cache:       1.9G       101M
Swap:         8.0G       346M       7.7G

             total       used       free     shared    buffers     cached
Mem:          2.0G       1.9G        73M       544K       992K        25M
-/+ buffers/cache:       1.9G       100M
Swap:         8.0G       345M       7.7G

             total       used       free     shared    buffers     cached
Mem:          2.0G       1.9G        73M       544K       992K        25M
-/+ buffers/cache:       1.9G        99M
Swap:         8.0G       345M       7.7G

             total       used       free     shared    buffers     cached
Mem:          2.0G       1.9G        70M       544K       992K        27M
-/+ buffers/cache:       1.9G        98M
Swap:         8.0G       344M       7.7G

             total       used       free     shared    buffers     cached
Mem:          2.0G       1.9G        69M       544K       992K        27M
-/+ buffers/cache:       1.9G        98M
Swap:         8.0G       343M       7.7G

             total       used       free     shared    buffers     cached
Mem:          2.0G       1.9G        68M       544K       1.0M        27M
-/+ buffers/cache:       1.9G        97M
Swap:         8.0G       343M       7.7G

             total       used       free     shared    buffers     cached
Mem:          2.0G       1.9G        67M       544K       1.0M        28M
-/+ buffers/cache:       1.9G        96M
Swap:         8.0G       343M       7.7G

             total       used       free     shared    buffers     cached
Mem:          2.0G       1.9G        67M       544K       1.0M        28M
-/+ buffers/cache:       1.9G        96M
Swap:         8.0G       342M       7.7G

             total       used       free     shared    buffers     cached
Mem:          2.0G       1.9G        66M       544K       1.0M        28M
-/+ buffers/cache:       1.9G        95M
Swap:         8.0G       342M       7.7G

             total       used       free     shared    buffers     cached
Mem:          2.0G       1.9G        66M       544K       1.0M        28M
-/+ buffers/cache:       1.9G        95M
Swap:         8.0G       342M       7.7G

             total       used       free     shared    buffers     cached
Mem:          2.0G       1.9G        65M       544K       1.0M        28M
-/+ buffers/cache:       1.9G        94M
Swap:         8.0G       341M       7.7G

             total       used       free     shared    buffers     cached
Mem:          2.0G       1.9G        64M       544K       1.0M        28M
-/+ buffers/cache:       1.9G        94M
Swap:         8.0G       341M       7.7G

             total       used       free     shared    buffers     cached
Mem:          2.0G       1.9G        78M       544K       1.0M        26M
-/+ buffers/cache:       1.9G       105M
Swap:         8.0G       343M       7.7G

             total       used       free     shared    buffers     cached
Mem:          2.0G       1.9G        77M       544K       1.0M        26M
-/+ buffers/cache:       1.9G       105M
Swap:         8.0G       342M       7.7G

             total       used       free     shared    buffers     cached
Mem:          2.0G       1.9G        77M       544K       1.0M        26M
-/+ buffers/cache:       1.9G       104M
Swap:         8.0G       342M       7.7G

             total       used       free     shared    buffers     cached
Mem:          2.0G       1.9G        76M       544K       1.0M        26M
-/+ buffers/cache:       1.9G       103M
Swap:         8.0G       341M       7.7G

             total       used       free     shared    buffers     cached
Mem:          2.0G       1.9G        75M       544K       1.0M        26M
-/+ buffers/cache:       1.9G       102M
Swap:         8.0G       340M       7.7G

             total       used       free     shared    buffers     cached
Mem:          2.0G       1.9G        74M       544K       1.0M        26M
-/+ buffers/cache:       1.9G       101M
Swap:         8.0G       339M       7.7G

             total       used       free     shared    buffers     cached
Mem:          2.0G       1.9G        73M       544K       1.0M        26M
-/+ buffers/cache:       1.9G       101M
Swap:         8.0G       338M       7.7G

             total       used       free     shared    buffers     cached
Mem:          2.0G       1.9G        73M       544K       1.0M        26M
-/+ buffers/cache:       1.9G       100M
Swap:         8.0G       336M       7.7G

             total       used       free     shared    buffers     cached
Mem:          2.0G       1.9G        72M       544K       1.0M        26M
-/+ buffers/cache:       1.9G        99M
Swap:         8.0G       335M       7.7G

             total       used       free     shared    buffers     cached
Mem:          2.0G       1.9G        71M       544K       1.0M        26M
-/+ buffers/cache:       1.9G        98M
Swap:         8.0G       334M       7.7G

             total       used       free     shared    buffers     cached
Mem:          2.0G       1.9G        70M       544K       1.0M        26M
-/+ buffers/cache:       1.9G        97M
Swap:         8.0G       333M       7.7G

             total       used       free     shared    buffers     cached
Mem:          2.0G       1.9G        69M       544K       1.0M        26M
-/+ buffers/cache:       1.9G        96M
Swap:         8.0G       332M       7.7G

             total       used       free     shared    buffers     cached
Mem:          2.0G       1.9G        68M       544K       1.0M        26M
-/+ buffers/cache:       1.9G        95M
Swap:         8.0G       330M       7.7G

             total       used       free     shared    buffers     cached
Mem:          2.0G       1.9G        67M       544K       1.0M        26M
-/+ buffers/cache:       1.9G        94M
Swap:         8.0G       329M       7.7G

             total       used       free     shared    buffers     cached
Mem:          2.0G       1.9G        66M       544K       1.0M        26M
-/+ buffers/cache:       1.9G        93M
Swap:         8.0G       328M       7.7G

             total       used       free     shared    buffers     cached
Mem:          2.0G       1.9G        65M       544K       1.0M        26M
-/+ buffers/cache:       1.9G        92M
Swap:         8.0G       326M       7.7G

             total       used       free     shared    buffers     cached
Mem:          2.0G       1.9G        80M       544K       104K        17M
-/+ buffers/cache:       1.9G        97M
Swap:         8.0G       337M       7.7G

             total       used       free     shared    buffers     cached
Mem:          2.0G       1.9G        79M       544K       104K        17M
-/+ buffers/cache:       1.9G        97M
Swap:         8.0G       336M       7.7G

             total       used       free     shared    buffers     cached
Mem:          2.0G       1.9G        78M       544K       104K        17M
-/+ buffers/cache:       1.9G        96M
Swap:         8.0G       335M       7.7G

             total       used       free     shared    buffers     cached
Mem:          2.0G       1.9G        77M       544K       104K        17M
-/+ buffers/cache:       1.9G        95M
Swap:         8.0G       334M       7.7G

             total       used       free     shared    buffers     cached
Mem:          2.0G       1.9G        77M       544K       104K        17M
-/+ buffers/cache:       1.9G        94M
Swap:         8.0G       332M       7.7G

             total       used       free     shared    buffers     cached
Mem:          2.0G       1.9G        75M       544K       112K        17M
-/+ buffers/cache:       1.9G        93M
Swap:         8.0G       331M       7.7G

             total       used       free     shared    buffers     cached
Mem:          2.0G       1.9G        74M       544K       112K        17M
-/+ buffers/cache:       1.9G        92M
Swap:         8.0G       330M       7.7G

             total       used       free     shared    buffers     cached
Mem:          2.0G       1.9G        74M       544K       112K        17M
-/+ buffers/cache:       1.9G        91M
Swap:         8.0G       328M       7.7G

             total       used       free     shared    buffers     cached
Mem:          2.0G       1.9G        73M       544K       112K        17M
-/+ buffers/cache:       1.9G        90M
Swap:         8.0G       327M       7.7G

             total       used       free     shared    buffers     cached
Mem:          2.0G       1.9G        72M       544K       112K        17M
-/+ buffers/cache:       1.9G        89M
Swap:         8.0G       326M       7.7G

             total       used       free     shared    buffers     cached
Mem:          2.0G       1.9G        71M       544K       120K        17M
-/+ buffers/cache:       1.9G        89M
Swap:         8.0G       325M       7.7G

             total       used       free     shared    buffers     cached
Mem:          2.0G       1.9G        70M       544K       120K        17M
-/+ buffers/cache:       1.9G        88M
Swap:         8.0G       324M       7.7G

             total       used       free     shared    buffers     cached
Mem:          2.0G       1.9G        70M       544K       120K        17M
-/+ buffers/cache:       1.9G        87M
Swap:         8.0G       323M       7.7G

             total       used       free     shared    buffers     cached
Mem:          2.0G       1.9G        69M       544K       120K        17M
-/+ buffers/cache:       1.9G        87M
Swap:         8.0G       322M       7.7G

             total       used       free     shared    buffers     cached
Mem:          2.0G       1.9G        68M       544K       120K        17M
-/+ buffers/cache:       1.9G        86M
Swap:         8.0G       321M       7.7G

             total       used       free     shared    buffers     cached
Mem:          2.0G       1.9G        68M       544K       120K        17M
-/+ buffers/cache:       1.9G        85M
Swap:         8.0G       320M       7.7G

             total       used       free     shared    buffers     cached
Mem:          2.0G       1.9G        80M       544K        84K        18M
-/+ buffers/cache:       1.9G        98M
Swap:         8.0G       329M       7.7G

             total       used       free     shared    buffers     cached
Mem:          2.0G       1.9G        79M       544K       536K        18M
-/+ buffers/cache:       1.9G        98M
Swap:         8.0G       328M       7.7G

             total       used       free     shared    buffers     cached
Mem:          2.0G       1.9G        78M       544K       536K        18M
-/+ buffers/cache:       1.9G        97M
Swap:         8.0G       327M       7.7G

             total       used       free     shared    buffers     cached
Mem:          2.0G       1.9G        77M       544K       692K        18M
-/+ buffers/cache:       1.9G        96M
Swap:         8.0G       326M       7.7G

             total       used       free     shared    buffers     cached
Mem:          2.0G       1.9G        76M       544K       692K        18M
-/+ buffers/cache:       1.9G        96M
Swap:         8.0G       325M       7.7G

             total       used       free     shared    buffers     cached
Mem:          2.0G       1.9G        76M       544K       700K        18M
-/+ buffers/cache:       1.9G        95M
Swap:         8.0G       324M       7.7G

             total       used       free     shared    buffers     cached
Mem:          2.0G       1.9G        75M       544K       700K        18M
-/+ buffers/cache:       1.9G        94M
Swap:         8.0G       323M       7.7G

             total       used       free     shared    buffers     cached
Mem:          2.0G       1.9G        74M       544K       700K        18M
-/+ buffers/cache:       1.9G        94M
Swap:         8.0G       322M       7.7G

             total       used       free     shared    buffers     cached
Mem:          2.0G       1.9G        73M       544K       700K        18M
-/+ buffers/cache:       1.9G        93M
Swap:         8.0G       321M       7.7G

             total       used       free     shared    buffers     cached
Mem:          2.0G       1.9G        73M       544K       700K        18M
-/+ buffers/cache:       1.9G        92M
Swap:         8.0G       320M       7.7G

             total       used       free     shared    buffers     cached
Mem:          2.0G       1.9G        72M       544K       700K        18M
-/+ buffers/cache:       1.9G        92M
Swap:         8.0G       319M       7.7G

             total       used       free     shared    buffers     cached
Mem:          2.0G       1.9G        71M       544K       708K        18M
-/+ buffers/cache:       1.9G        91M
Swap:         8.0G       318M       7.7G

             total       used       free     shared    buffers     cached
Mem:          2.0G       1.9G        70M       544K       708K        18M
-/+ buffers/cache:       1.9G        90M
Swap:         8.0G       317M       7.7G

             total       used       free     shared    buffers     cached
Mem:          2.0G       1.9G        70M       544K       708K        18M
-/+ buffers/cache:       1.9G        89M
Swap:         8.0G       316M       7.7G

             total       used       free     shared    buffers     cached
Mem:          2.0G       1.9G        69M       544K       708K        18M
-/+ buffers/cache:       1.9G        89M
Swap:         8.0G       316M       7.7G

             total       used       free     shared    buffers     cached
Mem:          2.0G       1.9G        68M       544K       708K        19M
-/+ buffers/cache:       1.9G        88M
Swap:         8.0G       315M       7.7G

             total       used       free     shared    buffers     cached
Mem:          2.0G       1.9G        67M       544K       716K        19M
-/+ buffers/cache:       1.9G        87M
Swap:         8.0G       313M       7.7G

             total       used       free     shared    buffers     cached
Mem:          2.0G       1.9G        65M       544K       852K        19M
-/+ buffers/cache:       1.9G        86M
Swap:         8.0G       312M       7.7G

             total       used       free     shared    buffers     cached
Mem:          2.0G       1.9G        64M       548K       852K        20M
-/+ buffers/cache:       1.9G        85M
Swap:         8.0G       311M       7.7G

             total       used       free     shared    buffers     cached
Mem:          2.0G       1.9G        82M       492K       852K        16M
-/+ buffers/cache:       1.9G       100M
Swap:         8.0G       334M       7.7G

             total       used       free     shared    buffers     cached
Mem:          2.0G       1.9G        81M       492K       852K        16M
-/+ buffers/cache:       1.9G        99M
Swap:         8.0G       333M       7.7G

             total       used       free     shared    buffers     cached
Mem:          2.0G       1.9G        73M       492K       852K        20M
-/+ buffers/cache:       1.9G        94M
Swap:         8.0G       330M       7.7G

             total       used       free     shared    buffers     cached
Mem:          2.0G       1.9G        72M       492K       860K        20M
-/+ buffers/cache:       1.9G        94M
Swap:         8.0G       330M       7.7G

             total       used       free     shared    buffers     cached
Mem:          2.0G       1.9G        78M       492K       836K        20M
-/+ buffers/cache:       1.9G       100M
Swap:         8.0G       329M       7.7G

             total       used       free     shared    buffers     cached
Mem:          2.0G       1.9G        78M       492K       836K        20M
-/+ buffers/cache:       1.9G       100M
Swap:         8.0G       329M       7.7G

             total       used       free     shared    buffers     cached
Mem:          2.0G       1.9G        78M       492K       836K        20M
-/+ buffers/cache:       1.9G        99M
Swap:         8.0G       328M       7.7G

             total       used       free     shared    buffers     cached
Mem:          2.0G       1.9G        77M       492K       836K        20M
-/+ buffers/cache:       1.9G        99M
Swap:         8.0G       328M       7.7G

             total       used       free     shared    buffers     cached
Mem:          2.0G       1.9G        77M       492K       844K        20M
-/+ buffers/cache:       1.9G        98M
Swap:         8.0G       327M       7.7G

             total       used       free     shared    buffers     cached
Mem:          2.0G       1.9G        76M       492K       844K        20M
-/+ buffers/cache:       1.9G        97M
Swap:         8.0G       327M       7.7G

             total       used       free     shared    buffers     cached
Mem:          2.0G       1.9G        76M       492K       844K        20M
-/+ buffers/cache:       1.9G        97M
Swap:         8.0G       326M       7.7G

             total       used       free     shared    buffers     cached
Mem:          2.0G       1.9G        75M       492K       844K        20M
-/+ buffers/cache:       1.9G        96M
Swap:         8.0G       326M       7.7G

             total       used       free     shared    buffers     cached
Mem:          2.0G       1.9G        74M       492K       844K        20M
-/+ buffers/cache:       1.9G        96M
Swap:         8.0G       326M       7.7G

             total       used       free     shared    buffers     cached
Mem:          2.0G       1.9G        74M       492K       844K        20M
-/+ buffers/cache:       1.9G        95M
Swap:         8.0G       325M       7.7G

             total       used       free     shared    buffers     cached
Mem:          2.0G       1.9G        68M       556K       756K        33M
-/+ buffers/cache:       1.9G       102M
Swap:         8.0G       359M       7.6G

             total       used       free     shared    buffers     cached
Mem:          2.0G       1.9G        78M       4.2M       5.3M        55M
-/+ buffers/cache:       1.8G       138M
Swap:         8.0G       388M       7.6G

             total       used       free     shared    buffers     cached
Mem:          2.0G       1.9G        67M       584K       4.8M        64M
-/+ buffers/cache:       1.8G       136M
Swap:         8.0G       391M       7.6G

             total       used       free     shared    buffers     cached
Mem:          2.0G       1.9G        80M       588K       4.2M        61M
-/+ buffers/cache:       1.8G       146M
Swap:         8.0G       421M       7.6G

             total       used       free     shared    buffers     cached
Mem:          2.0G       1.9G        79M       588K       4.2M        61M
-/+ buffers/cache:       1.8G       145M
Swap:         8.0G       420M       7.6G

             total       used       free     shared    buffers     cached
Mem:          2.0G       1.9G        78M       588K       4.2M        61M
-/+ buffers/cache:       1.8G       144M
Swap:         8.0G       420M       7.6G

             total       used       free     shared    buffers     cached
Mem:          2.0G       1.9G        78M       588K       4.2M        61M
-/+ buffers/cache:       1.8G       144M
Swap:         8.0G       419M       7.6G

             total       used       free     shared    buffers     cached
Mem:          2.0G       1.9G        77M       588K       4.2M        61M
-/+ buffers/cache:       1.8G       143M
Swap:         8.0G       419M       7.6G

             total       used       free     shared    buffers     cached
Mem:          2.0G       1.9G        75M       588K       4.4M        62M
-/+ buffers/cache:       1.8G       142M
Swap:         8.0G       418M       7.6G

             total       used       free     shared    buffers     cached
Mem:          2.0G       1.9G        73M       588K       4.4M        62M
-/+ buffers/cache:       1.8G       140M
Swap:         8.0G       417M       7.6G

             total       used       free     shared    buffers     cached
Mem:          2.0G       1.9G        72M       588K       4.4M        62M
-/+ buffers/cache:       1.8G       139M
Swap:         8.0G       416M       7.6G

             total       used       free     shared    buffers     cached
Mem:          2.0G       1.9G        71M       588K       4.4M        62M
-/+ buffers/cache:       1.8G       138M
Swap:         8.0G       416M       7.6G

             total       used       free     shared    buffers     cached
Mem:          2.0G       1.9G        70M       588K       4.4M        62M
-/+ buffers/cache:       1.8G       137M
Swap:         8.0G       415M       7.6G

             total       used       free     shared    buffers     cached
Mem:          2.0G       1.9G        69M       588K       4.4M        62M
-/+ buffers/cache:       1.8G       136M
Swap:         8.0G       414M       7.6G

             total       used       free     shared    buffers     cached
Mem:          2.0G       1.9G        68M       588K       4.4M        62M
-/+ buffers/cache:       1.8G       135M
Swap:         8.0G       414M       7.6G

             total       used       free     shared    buffers     cached
Mem:          2.0G       1.9G        67M       588K       4.4M        62M
-/+ buffers/cache:       1.8G       134M
Swap:         8.0G       413M       7.6G

             total       used       free     shared    buffers     cached
Mem:          2.0G       1.9G        65M       588K       4.4M        62M
-/+ buffers/cache:       1.8G       132M
Swap:         8.0G       412M       7.6G

             total       used       free     shared    buffers     cached
Mem:          2.0G       1.9G        83M       588K       4.2M        62M
-/+ buffers/cache:       1.8G       150M
Swap:         8.0G       412M       7.6G

             total       used       free     shared    buffers     cached
Mem:          2.0G       1.9G        83M       588K       4.2M        62M
-/+ buffers/cache:       1.8G       149M
Swap:         8.0G       411M       7.6G

             total       used       free     shared    buffers     cached
Mem:          2.0G       1.9G        82M       588K       4.2M        62M
-/+ buffers/cache:       1.8G       148M
Swap:         8.0G       410M       7.6G

             total       used       free     shared    buffers     cached
Mem:          2.0G       1.9G        81M       588K       4.2M        62M
-/+ buffers/cache:       1.8G       147M
Swap:         8.0G       410M       7.6G

             total       used       free     shared    buffers     cached
Mem:          2.0G       1.9G        80M       588K       4.2M        62M
-/+ buffers/cache:       1.8G       146M
Swap:         8.0G       409M       7.6G

             total       used       free     shared    buffers     cached
Mem:          2.0G       1.9G        78M       588K       4.2M        62M
-/+ buffers/cache:       1.8G       145M
Swap:         8.0G       408M       7.6G

             total       used       free     shared    buffers     cached
Mem:          2.0G       1.9G        77M       588K       4.2M        62M
-/+ buffers/cache:       1.8G       143M
Swap:         8.0G       407M       7.6G

             total       used       free     shared    buffers     cached
Mem:          2.0G       1.9G        75M       588K       4.2M        62M
-/+ buffers/cache:       1.8G       142M
Swap:         8.0G       407M       7.6G

             total       used       free     shared    buffers     cached
Mem:          2.0G       1.9G        74M       588K       4.2M        62M
-/+ buffers/cache:       1.8G       141M
Swap:         8.0G       406M       7.6G

             total       used       free     shared    buffers     cached
Mem:          2.0G       1.9G        73M       588K       4.2M        62M
-/+ buffers/cache:       1.8G       140M
Swap:         8.0G       405M       7.6G

             total       used       free     shared    buffers     cached
Mem:          2.0G       1.9G        71M       588K       4.2M        63M
-/+ buffers/cache:       1.8G       139M
Swap:         8.0G       405M       7.6G

             total       used       free     shared    buffers     cached
Mem:          2.0G       1.9G        70M       588K       4.2M        63M
-/+ buffers/cache:       1.8G       138M
Swap:         8.0G       404M       7.6G

             total       used       free     shared    buffers     cached
Mem:          2.0G       1.9G        69M       588K       4.2M        63M
-/+ buffers/cache:       1.8G       136M
Swap:         8.0G       403M       7.6G

             total       used       free     shared    buffers     cached
Mem:          2.0G       1.9G        68M       588K       4.2M        63M
-/+ buffers/cache:       1.8G       135M
Swap:         8.0G       402M       7.6G

             total       used       free     shared    buffers     cached
Mem:          2.0G       1.9G        67M       588K       4.2M        63M
-/+ buffers/cache:       1.8G       134M
Swap:         8.0G       402M       7.6G

             total       used       free     shared    buffers     cached
Mem:          2.0G       1.9G        66M       588K       4.2M        63M
-/+ buffers/cache:       1.8G       133M
Swap:         8.0G       401M       7.6G

             total       used       free     shared    buffers     cached
Mem:          2.0G       1.9G        64M       588K       4.2M        63M
-/+ buffers/cache:       1.8G       132M
Swap:         8.0G       400M       7.6G

             total       used       free     shared    buffers     cached
Mem:          2.0G       1.9G        86M       588K       3.4M        60M
-/+ buffers/cache:       1.8G       150M
Swap:         8.0G       428M       7.6G

             total       used       free     shared    buffers     cached
Mem:          2.0G       1.9G        85M       588K       3.4M        60M
-/+ buffers/cache:       1.8G       149M
Swap:         8.0G       428M       7.6G

             total       used       free     shared    buffers     cached
Mem:          2.0G       1.9G        83M       588K       3.4M        60M
-/+ buffers/cache:       1.8G       148M
Swap:         8.0G       427M       7.6G

             total       used       free     shared    buffers     cached
Mem:          2.0G       1.9G        82M       588K       3.4M        60M
-/+ buffers/cache:       1.8G       146M
Swap:         8.0G       426M       7.6G

             total       used       free     shared    buffers     cached
Mem:          2.0G       1.9G        81M       588K       3.4M        60M
-/+ buffers/cache:       1.8G       145M
Swap:         8.0G       425M       7.6G

             total       used       free     shared    buffers     cached
Mem:          2.0G       1.9G        80M       588K       3.4M        60M
-/+ buffers/cache:       1.8G       144M
Swap:         8.0G       425M       7.6G

             total       used       free     shared    buffers     cached
Mem:          2.0G       1.9G        78M       588K       3.4M        60M
-/+ buffers/cache:       1.8G       142M
Swap:         8.0G       424M       7.6G

             total       used       free     shared    buffers     cached
Mem:          2.0G       1.9G        76M       652K       5.9M        71M
-/+ buffers/cache:       1.8G       152M
Swap:         8.0G       433M       7.6G

             total       used       free     shared    buffers     cached
Mem:          2.0G       1.9G        75M       648K       8.1M        75M
-/+ buffers/cache:       1.8G       159M
Swap:         8.0G       447M       7.6G
