             total       used       free     shared    buffers     cached
Mem:          2.0G       655M       1.3G       3.2M        38M       286M
-/+ buffers/cache:       330M       1.6G
Swap:         8.0G         0B       8.0G

             total       used       free     shared    buffers     cached
Mem:          2.0G       654M       1.3G       1.4M        38M       285M
-/+ buffers/cache:       329M       1.6G
Swap:         8.0G         0B       8.0G

             total       used       free     shared    buffers     cached
Mem:          2.0G       653M       1.3G       1.4M        38M       285M
-/+ buffers/cache:       329M       1.6G
Swap:         8.0G         0B       8.0G

             total       used       free     shared    buffers     cached
Mem:          2.0G       653M       1.3G       1.4M        38M       285M
-/+ buffers/cache:       329M       1.6G
Swap:         8.0G         0B       8.0G

             total       used       free     shared    buffers     cached
Mem:          2.0G       653M       1.3G       1.4M        38M       285M
-/+ buffers/cache:       329M       1.6G
Swap:         8.0G         0B       8.0G

             total       used       free     shared    buffers     cached
Mem:          2.0G       653M       1.3G       1.4M        38M       285M
-/+ buffers/cache:       329M       1.6G
Swap:         8.0G         0B       8.0G

             total       used       free     shared    buffers     cached
Mem:          2.0G       653M       1.3G       1.4M        38M       285M
-/+ buffers/cache:       329M       1.6G
Swap:         8.0G         0B       8.0G

             total       used       free     shared    buffers     cached
Mem:          2.0G       653M       1.3G       1.4M        38M       285M
-/+ buffers/cache:       328M       1.6G
Swap:         8.0G         0B       8.0G

             total       used       free     shared    buffers     cached
Mem:          2.0G       653M       1.3G       1.4M        39M       285M
-/+ buffers/cache:       329M       1.6G
Swap:         8.0G         0B       8.0G

             total       used       free     shared    buffers     cached
Mem:          2.0G       654M       1.3G       1.4M        39M       285M
-/+ buffers/cache:       329M       1.6G
Swap:         8.0G         0B       8.0G

             total       used       free     shared    buffers     cached
Mem:          2.0G       657M       1.3G       1.5M        39M       285M
-/+ buffers/cache:       332M       1.6G
Swap:         8.0G         0B       8.0G

             total       used       free     shared    buffers     cached
Mem:          2.0G       673M       1.3G       1.5M        39M       286M
-/+ buffers/cache:       348M       1.6G
Swap:         8.0G         0B       8.0G

             total       used       free     shared    buffers     cached
Mem:          2.0G       684M       1.3G       1.5M        39M       286M
-/+ buffers/cache:       359M       1.6G
Swap:         8.0G         0B       8.0G

             total       used       free     shared    buffers     cached
Mem:          2.0G       683M       1.3G       1.5M        39M       289M
-/+ buffers/cache:       354M       1.6G
Swap:         8.0G         0B       8.0G

             total       used       free     shared    buffers     cached
Mem:          2.0G       722M       1.2G       1.5M        39M       290M
-/+ buffers/cache:       392M       1.6G
Swap:         8.0G         0B       8.0G

             total       used       free     shared    buffers     cached
Mem:          2.0G       733M       1.2G       1.5M        39M       290M
-/+ buffers/cache:       403M       1.6G
Swap:         8.0G         0B       8.0G

             total       used       free     shared    buffers     cached
Mem:          2.0G       735M       1.2G       1.5M        39M       290M
-/+ buffers/cache:       405M       1.6G
Swap:         8.0G         0B       8.0G

             total       used       free     shared    buffers     cached
Mem:          2.0G       721M       1.2G       1.5M        39M       295M
-/+ buffers/cache:       386M       1.6G
Swap:         8.0G         0B       8.0G

             total       used       free     shared    buffers     cached
Mem:          2.0G       721M       1.2G       1.5M        39M       295M
-/+ buffers/cache:       386M       1.6G
Swap:         8.0G         0B       8.0G

             total       used       free     shared    buffers     cached
Mem:          2.0G       721M       1.2G       1.5M        39M       295M
-/+ buffers/cache:       386M       1.6G
Swap:         8.0G         0B       8.0G

             total       used       free     shared    buffers     cached
Mem:          2.0G       721M       1.2G       1.5M        39M       295M
-/+ buffers/cache:       386M       1.6G
Swap:         8.0G         0B       8.0G

             total       used       free     shared    buffers     cached
Mem:          2.0G       721M       1.2G       1.5M        39M       295M
-/+ buffers/cache:       386M       1.6G
Swap:         8.0G         0B       8.0G

             total       used       free     shared    buffers     cached
Mem:          2.0G       721M       1.2G       1.5M        39M       295M
-/+ buffers/cache:       386M       1.6G
Swap:         8.0G         0B       8.0G

             total       used       free     shared    buffers     cached
Mem:          2.0G       721M       1.2G       1.5M        39M       295M
-/+ buffers/cache:       386M       1.6G
Swap:         8.0G         0B       8.0G

             total       used       free     shared    buffers     cached
Mem:          2.0G       721M       1.2G       1.5M        39M       295M
-/+ buffers/cache:       386M       1.6G
Swap:         8.0G         0B       8.0G

             total       used       free     shared    buffers     cached
Mem:          2.0G       721M       1.2G       1.5M        39M       295M
-/+ buffers/cache:       386M       1.6G
Swap:         8.0G         0B       8.0G

             total       used       free     shared    buffers     cached
Mem:          2.0G       721M       1.2G       1.5M        39M       295M
-/+ buffers/cache:       386M       1.6G
Swap:         8.0G         0B       8.0G

             total       used       free     shared    buffers     cached
Mem:          2.0G       721M       1.2G       1.5M        39M       295M
-/+ buffers/cache:       386M       1.6G
Swap:         8.0G         0B       8.0G

             total       used       free     shared    buffers     cached
Mem:          2.0G       721M       1.2G       1.5M        39M       295M
-/+ buffers/cache:       386M       1.6G
Swap:         8.0G         0B       8.0G

             total       used       free     shared    buffers     cached
Mem:          2.0G       721M       1.2G       1.5M        39M       295M
-/+ buffers/cache:       386M       1.6G
Swap:         8.0G         0B       8.0G

             total       used       free     shared    buffers     cached
Mem:          2.0G       721M       1.2G       1.5M        39M       295M
-/+ buffers/cache:       386M       1.6G
Swap:         8.0G         0B       8.0G

             total       used       free     shared    buffers     cached
Mem:          2.0G       721M       1.2G       1.5M        39M       295M
-/+ buffers/cache:       386M       1.6G
Swap:         8.0G         0B       8.0G

             total       used       free     shared    buffers     cached
Mem:          2.0G       721M       1.2G       1.5M        39M       295M
-/+ buffers/cache:       386M       1.6G
Swap:         8.0G         0B       8.0G

             total       used       free     shared    buffers     cached
Mem:          2.0G       728M       1.2G       1.5M        39M       295M
-/+ buffers/cache:       393M       1.6G
Swap:         8.0G         0B       8.0G

             total       used       free     shared    buffers     cached
Mem:          2.0G       734M       1.2G       1.5M        39M       295M
-/+ buffers/cache:       399M       1.6G
Swap:         8.0G         0B       8.0G

             total       used       free     shared    buffers     cached
Mem:          2.0G       746M       1.2G       1.5M        39M       295M
-/+ buffers/cache:       411M       1.6G
Swap:         8.0G         0B       8.0G

             total       used       free     shared    buffers     cached
Mem:          2.0G       753M       1.2G       1.5M        39M       295M
-/+ buffers/cache:       418M       1.5G
Swap:         8.0G         0B       8.0G

             total       used       free     shared    buffers     cached
Mem:          2.0G       769M       1.2G       1.5M        39M       295M
-/+ buffers/cache:       435M       1.5G
Swap:         8.0G         0B       8.0G

             total       used       free     shared    buffers     cached
Mem:          2.0G       783M       1.2G       1.5M        39M       295M
-/+ buffers/cache:       449M       1.5G
Swap:         8.0G         0B       8.0G

             total       used       free     shared    buffers     cached
Mem:          2.0G       801M       1.2G       1.5M        39M       295M
-/+ buffers/cache:       467M       1.5G
Swap:         8.0G         0B       8.0G

             total       used       free     shared    buffers     cached
Mem:          2.0G       820M       1.2G       1.5M        39M       295M
-/+ buffers/cache:       486M       1.5G
Swap:         8.0G         0B       8.0G

             total       used       free     shared    buffers     cached
Mem:          2.0G       836M       1.1G       1.5M        39M       295M
-/+ buffers/cache:       501M       1.5G
Swap:         8.0G         0B       8.0G

             total       used       free     shared    buffers     cached
Mem:          2.0G       856M       1.1G       1.5M        39M       295M
-/+ buffers/cache:       521M       1.4G
Swap:         8.0G         0B       8.0G

             total       used       free     shared    buffers     cached
Mem:          2.0G       874M       1.1G       1.5M        39M       295M
-/+ buffers/cache:       539M       1.4G
Swap:         8.0G         0B       8.0G

             total       used       free     shared    buffers     cached
Mem:          2.0G       890M       1.1G       1.5M        39M       295M
-/+ buffers/cache:       555M       1.4G
Swap:         8.0G         0B       8.0G

             total       used       free     shared    buffers     cached
Mem:          2.0G       904M       1.1G       1.5M        39M       295M
-/+ buffers/cache:       569M       1.4G
Swap:         8.0G         0B       8.0G

             total       used       free     shared    buffers     cached
Mem:          2.0G       923M       1.1G       1.5M        39M       295M
-/+ buffers/cache:       588M       1.4G
Swap:         8.0G         0B       8.0G

             total       used       free     shared    buffers     cached
Mem:          2.0G       940M       1.0G       1.5M        39M       295M
-/+ buffers/cache:       605M       1.4G
Swap:         8.0G         0B       8.0G

             total       used       free     shared    buffers     cached
Mem:          2.0G       955M       1.0G       1.5M        39M       295M
-/+ buffers/cache:       620M       1.3G
Swap:         8.0G         0B       8.0G

             total       used       free     shared    buffers     cached
Mem:          2.0G       973M       1.0G       1.5M        39M       295M
-/+ buffers/cache:       638M       1.3G
Swap:         8.0G         0B       8.0G

             total       used       free     shared    buffers     cached
Mem:          2.0G       992M       1.0G       1.5M        39M       295M
-/+ buffers/cache:       657M       1.3G
Swap:         8.0G         0B       8.0G

             total       used       free     shared    buffers     cached
Mem:          2.0G       1.0G       988M       1.5M        39M       295M
-/+ buffers/cache:       676M       1.3G
Swap:         8.0G         0B       8.0G

             total       used       free     shared    buffers     cached
Mem:          2.0G       1.0G       971M       1.5M        39M       295M
-/+ buffers/cache:       693M       1.3G
Swap:         8.0G         0B       8.0G

             total       used       free     shared    buffers     cached
Mem:          2.0G       1.0G       953M       1.5M        39M       295M
-/+ buffers/cache:       711M       1.3G
Swap:         8.0G         0B       8.0G

             total       used       free     shared    buffers     cached
Mem:          2.0G       1.0G       935M       1.5M        39M       295M
-/+ buffers/cache:       729M       1.2G
Swap:         8.0G         0B       8.0G

             total       used       free     shared    buffers     cached
Mem:          2.0G       1.1G       918M       1.5M        39M       295M
-/+ buffers/cache:       747M       1.2G
Swap:         8.0G         0B       8.0G

             total       used       free     shared    buffers     cached
Mem:          2.0G       1.1G       902M       1.5M        39M       295M
-/+ buffers/cache:       762M       1.2G
Swap:         8.0G         0B       8.0G

             total       used       free     shared    buffers     cached
Mem:          2.0G       1.1G       885M       1.5M        39M       295M
-/+ buffers/cache:       779M       1.2G
Swap:         8.0G         0B       8.0G

             total       used       free     shared    buffers     cached
Mem:          2.0G       1.1G       867M       1.5M        39M       295M
-/+ buffers/cache:       798M       1.2G
Swap:         8.0G         0B       8.0G

             total       used       free     shared    buffers     cached
Mem:          2.0G       1.1G       852M       1.5M        39M       295M
-/+ buffers/cache:       813M       1.2G
Swap:         8.0G         0B       8.0G

             total       used       free     shared    buffers     cached
Mem:          2.0G       1.1G       832M       1.5M        39M       295M
-/+ buffers/cache:       833M       1.1G
Swap:         8.0G         0B       8.0G

             total       used       free     shared    buffers     cached
Mem:          2.0G       1.1G       825M       1.5M        39M       295M
-/+ buffers/cache:       840M       1.1G
Swap:         8.0G         0B       8.0G

             total       used       free     shared    buffers     cached
Mem:          2.0G       1.2G       805M       1.5M        39M       295M
-/+ buffers/cache:       860M       1.1G
Swap:         8.0G         0B       8.0G

             total       used       free     shared    buffers     cached
Mem:          2.0G       1.2G       785M       1.5M        39M       295M
-/+ buffers/cache:       879M       1.1G
Swap:         8.0G         0B       8.0G

             total       used       free     shared    buffers     cached
Mem:          2.0G       1.2G       768M       1.5M        39M       295M
-/+ buffers/cache:       897M       1.1G
Swap:         8.0G         0B       8.0G

             total       used       free     shared    buffers     cached
Mem:          2.0G       1.2G       748M       1.5M        39M       295M
-/+ buffers/cache:       917M       1.1G
Swap:         8.0G         0B       8.0G

             total       used       free     shared    buffers     cached
Mem:          2.0G       1.2G       730M       1.5M        39M       295M
-/+ buffers/cache:       934M       1.0G
Swap:         8.0G         0B       8.0G

             total       used       free     shared    buffers     cached
Mem:          2.0G       1.3G       712M       1.5M        39M       295M
-/+ buffers/cache:       952M       1.0G
Swap:         8.0G         0B       8.0G

             total       used       free     shared    buffers     cached
Mem:          2.0G       1.3G       691M       1.5M        39M       295M
-/+ buffers/cache:       973M       1.0G
Swap:         8.0G         0B       8.0G

             total       used       free     shared    buffers     cached
Mem:          2.0G       1.3G       670M       1.5M        39M       295M
-/+ buffers/cache:       994M       1.0G
Swap:         8.0G         0B       8.0G

             total       used       free     shared    buffers     cached
Mem:          2.0G       1.3G       650M       1.5M        39M       295M
-/+ buffers/cache:       1.0G       986M
Swap:         8.0G         0B       8.0G

             total       used       free     shared    buffers     cached
Mem:          2.0G       1.3G       631M       1.5M        39M       295M
-/+ buffers/cache:       1.0G       967M
Swap:         8.0G         0B       8.0G

             total       used       free     shared    buffers     cached
Mem:          2.0G       1.4G       614M       1.5M        39M       295M
-/+ buffers/cache:       1.0G       949M
Swap:         8.0G         0B       8.0G

             total       used       free     shared    buffers     cached
Mem:          2.0G       1.4G       594M       1.5M        39M       295M
-/+ buffers/cache:       1.0G       930M
Swap:         8.0G         0B       8.0G

             total       used       free     shared    buffers     cached
Mem:          2.0G       1.4G       576M       1.5M        39M       295M
-/+ buffers/cache:       1.1G       912M
Swap:         8.0G         0B       8.0G

             total       used       free     shared    buffers     cached
Mem:          2.0G       1.4G       557M       1.5M        39M       295M
-/+ buffers/cache:       1.1G       893M
Swap:         8.0G         0B       8.0G

             total       used       free     shared    buffers     cached
Mem:          2.0G       1.4G       538M       1.5M        39M       295M
-/+ buffers/cache:       1.1G       874M
Swap:         8.0G         0B       8.0G

             total       used       free     shared    buffers     cached
Mem:          2.0G       1.4G       522M       1.5M        39M       295M
-/+ buffers/cache:       1.1G       858M
Swap:         8.0G         0B       8.0G

             total       used       free     shared    buffers     cached
Mem:          2.0G       1.5G       505M       1.5M        39M       295M
-/+ buffers/cache:       1.1G       841M
Swap:         8.0G         0B       8.0G

             total       used       free     shared    buffers     cached
Mem:          2.0G       1.5G       487M       1.5M        39M       295M
-/+ buffers/cache:       1.1G       823M
Swap:         8.0G         0B       8.0G

             total       used       free     shared    buffers     cached
Mem:          2.0G       1.5G       469M       1.5M        39M       295M
-/+ buffers/cache:       1.2G       804M
Swap:         8.0G         0B       8.0G

             total       used       free     shared    buffers     cached
Mem:          2.0G       1.5G       451M       1.5M        39M       295M
-/+ buffers/cache:       1.2G       786M
Swap:         8.0G         0B       8.0G

             total       used       free     shared    buffers     cached
Mem:          2.0G       1.5G       431M       1.5M        39M       295M
-/+ buffers/cache:       1.2G       767M
Swap:         8.0G         0B       8.0G

             total       used       free     shared    buffers     cached
Mem:          2.0G       1.5G       414M       1.5M        39M       295M
-/+ buffers/cache:       1.2G       749M
Swap:         8.0G         0B       8.0G

             total       used       free     shared    buffers     cached
Mem:          2.0G       1.6G       396M       1.5M        39M       295M
-/+ buffers/cache:       1.2G       732M
Swap:         8.0G         0B       8.0G

             total       used       free     shared    buffers     cached
Mem:          2.0G       1.6G       381M       1.5M        39M       295M
-/+ buffers/cache:       1.3G       716M
Swap:         8.0G         0B       8.0G

             total       used       free     shared    buffers     cached
Mem:          2.0G       1.6G       374M       1.5M        39M       295M
-/+ buffers/cache:       1.3G       710M
Swap:         8.0G         0B       8.0G

             total       used       free     shared    buffers     cached
Mem:          2.0G       1.6G       373M       1.5M        39M       295M
-/+ buffers/cache:       1.3G       709M
Swap:         8.0G         0B       8.0G

             total       used       free     shared    buffers     cached
Mem:          2.0G       1.6G       363M       1.5M        39M       295M
-/+ buffers/cache:       1.3G       698M
Swap:         8.0G         0B       8.0G

             total       used       free     shared    buffers     cached
Mem:          2.0G       1.6G       342M       1.5M        39M       295M
-/+ buffers/cache:       1.3G       678M
Swap:         8.0G         0B       8.0G

             total       used       free     shared    buffers     cached
Mem:          2.0G       1.6G       325M       1.5M        39M       295M
-/+ buffers/cache:       1.3G       661M
Swap:         8.0G         0B       8.0G

             total       used       free     shared    buffers     cached
Mem:          2.0G       1.7G       310M       1.5M        39M       295M
-/+ buffers/cache:       1.3G       645M
Swap:         8.0G         0B       8.0G

             total       used       free     shared    buffers     cached
Mem:          2.0G       1.7G       293M       1.5M        39M       295M
-/+ buffers/cache:       1.3G       628M
Swap:         8.0G         0B       8.0G

             total       used       free     shared    buffers     cached
Mem:          2.0G       1.7G       283M       1.5M        39M       295M
-/+ buffers/cache:       1.3G       618M
Swap:         8.0G         0B       8.0G

             total       used       free     shared    buffers     cached
Mem:          2.0G       1.7G       263M       1.5M        39M       295M
-/+ buffers/cache:       1.4G       598M
Swap:         8.0G         0B       8.0G

             total       used       free     shared    buffers     cached
Mem:          2.0G       1.7G       244M       1.5M        39M       295M
-/+ buffers/cache:       1.4G       579M
Swap:         8.0G         0B       8.0G

             total       used       free     shared    buffers     cached
Mem:          2.0G       1.7G       226M       1.5M        39M       295M
-/+ buffers/cache:       1.4G       561M
Swap:         8.0G         0B       8.0G

             total       used       free     shared    buffers     cached
Mem:          2.0G       1.7G       208M       1.5M        39M       295M
-/+ buffers/cache:       1.4G       544M
Swap:         8.0G         0B       8.0G

             total       used       free     shared    buffers     cached
Mem:          2.0G       1.8G       188M       1.5M        39M       295M
-/+ buffers/cache:       1.4G       523M
Swap:         8.0G         0B       8.0G

             total       used       free     shared    buffers     cached
Mem:          2.0G       1.8G       169M       1.5M        39M       295M
-/+ buffers/cache:       1.5G       504M
Swap:         8.0G         0B       8.0G

             total       used       free     shared    buffers     cached
Mem:          2.0G       1.8G       148M       1.5M        39M       295M
-/+ buffers/cache:       1.5G       483M
Swap:         8.0G         0B       8.0G

             total       used       free     shared    buffers     cached
Mem:          2.0G       1.8G       124M       1.5M        39M       295M
-/+ buffers/cache:       1.5G       459M
Swap:         8.0G         0B       8.0G

             total       used       free     shared    buffers     cached
Mem:          2.0G       1.9G       102M       1.5M        39M       295M
-/+ buffers/cache:       1.5G       437M
Swap:         8.0G         0B       8.0G

             total       used       free     shared    buffers     cached
Mem:          2.0G       1.9G        83M       1.5M        39M       295M
-/+ buffers/cache:       1.5G       418M
Swap:         8.0G         0B       8.0G

             total       used       free     shared    buffers     cached
Mem:          2.0G       1.9G        64M       1.5M        39M       295M
-/+ buffers/cache:       1.6G       399M
Swap:         8.0G         0B       8.0G

             total       used       free     shared    buffers     cached
Mem:          2.0G       1.9G        73M       1.5M        12M       294M
-/+ buffers/cache:       1.6G       379M
Swap:         8.0G         0B       8.0G

             total       used       free     shared    buffers     cached
Mem:          2.0G       1.9G        64M       1.5M        11M       286M
-/+ buffers/cache:       1.6G       362M
Swap:         8.0G         0B       8.0G

             total       used       free     shared    buffers     cached
Mem:          2.0G       1.9G        65M       1.4M        11M       268M
-/+ buffers/cache:       1.6G       345M
Swap:         8.0G        76K       8.0G

             total       used       free     shared    buffers     cached
Mem:          2.0G       1.9G        67M       1.3M        11M       248M
-/+ buffers/cache:       1.6G       327M
Swap:         8.0G       1.2M       8.0G

             total       used       free     shared    buffers     cached
Mem:          2.0G       1.9G        71M       1.1M        11M       237M
-/+ buffers/cache:       1.6G       319M
Swap:         8.0G       9.7M       8.0G

             total       used       free     shared    buffers     cached
Mem:          2.0G       1.9G        68M       1.1M        11M       237M
-/+ buffers/cache:       1.6G       316M
Swap:         8.0G       9.7M       8.0G

             total       used       free     shared    buffers     cached
Mem:          2.0G       1.9G        65M       1.1M        11M       237M
-/+ buffers/cache:       1.6G       314M
Swap:         8.0G       9.7M       8.0G

             total       used       free     shared    buffers     cached
Mem:          2.0G       1.9G        63M       1.1M        11M       237M
-/+ buffers/cache:       1.6G       311M
Swap:         8.0G       9.7M       8.0G

             total       used       free     shared    buffers     cached
Mem:          2.0G       1.9G        74M       1.1M        11M       231M
-/+ buffers/cache:       1.6G       317M
Swap:         8.0G       9.9M       8.0G

             total       used       free     shared    buffers     cached
Mem:          2.0G       1.9G        71M       1.1M        11M       231M
-/+ buffers/cache:       1.6G       314M
Swap:         8.0G       9.9M       8.0G

             total       used       free     shared    buffers     cached
Mem:          2.0G       1.9G        69M       1.1M        11M       231M
-/+ buffers/cache:       1.6G       312M
Swap:         8.0G       9.9M       8.0G

             total       used       free     shared    buffers     cached
Mem:          2.0G       1.9G        65M       1.1M        11M       231M
-/+ buffers/cache:       1.7G       308M
Swap:         8.0G       9.9M       8.0G

             total       used       free     shared    buffers     cached
Mem:          2.0G       1.9G        78M       1.1M        11M       214M
-/+ buffers/cache:       1.7G       304M
Swap:         8.0G        18M       8.0G

             total       used       free     shared    buffers     cached
Mem:          2.0G       1.9G        72M       1.1M        11M       214M
-/+ buffers/cache:       1.7G       297M
Swap:         8.0G        18M       8.0G

             total       used       free     shared    buffers     cached
Mem:          2.0G       1.9G        65M       1.1M        11M       214M
-/+ buffers/cache:       1.7G       290M
Swap:         8.0G        18M       8.0G

             total       used       free     shared    buffers     cached
Mem:          2.0G       1.9G        81M       1.1M       3.1M       198M
-/+ buffers/cache:       1.7G       283M
Swap:         8.0G        18M       8.0G

             total       used       free     shared    buffers     cached
Mem:          2.0G       1.9G        77M       1.1M       3.1M       198M
-/+ buffers/cache:       1.7G       278M
Swap:         8.0G        18M       8.0G

             total       used       free     shared    buffers     cached
Mem:          2.0G       1.9G        66M       1.1M       3.1M       198M
-/+ buffers/cache:       1.7G       267M
Swap:         8.0G        17M       8.0G

             total       used       free     shared    buffers     cached
Mem:          2.0G       1.9G        67M       1.1M       1.2M       182M
-/+ buffers/cache:       1.7G       250M
Swap:         8.0G        17M       8.0G

             total       used       free     shared    buffers     cached
Mem:          2.0G       1.9G        76M       1.1M       1.0M       160M
-/+ buffers/cache:       1.7G       237M
Swap:         8.0G        17M       8.0G

             total       used       free     shared    buffers     cached
Mem:          2.0G       1.9G        63M       1.1M       1.0M       160M
-/+ buffers/cache:       1.7G       225M
Swap:         8.0G        17M       8.0G

             total       used       free     shared    buffers     cached
Mem:          2.0G       1.9G        74M       1.1M       1.1M       141M
-/+ buffers/cache:       1.7G       217M
Swap:         8.0G        17M       8.0G

             total       used       free     shared    buffers     cached
Mem:          2.0G       1.9G        64M       1.1M       1.1M       141M
-/+ buffers/cache:       1.8G       207M
Swap:         8.0G        17M       8.0G

             total       used       free     shared    buffers     cached
Mem:          2.0G       1.9G        70M       1.1M        84K       125M
-/+ buffers/cache:       1.8G       196M
Swap:         8.0G        17M       8.0G

             total       used       free     shared    buffers     cached
Mem:          2.0G       1.9G        71M       1.1M       224K       111M
-/+ buffers/cache:       1.8G       183M
Swap:         8.0G        17M       8.0G

             total       used       free     shared    buffers     cached
Mem:          2.0G       1.9G        70M       1.1M       228K        98M
-/+ buffers/cache:       1.8G       169M
Swap:         8.0G        17M       8.0G

             total       used       free     shared    buffers     cached
Mem:          2.0G       1.9G        62M       1.1M       236K        98M
-/+ buffers/cache:       1.8G       161M
Swap:         8.0G        17M       8.0G

             total       used       free     shared    buffers     cached
Mem:          2.0G       1.9G        81M       1.1M       236K        76M
-/+ buffers/cache:       1.8G       158M
Swap:         8.0G        17M       8.0G

             total       used       free     shared    buffers     cached
Mem:          2.0G       1.9G        79M       1.1M       236K        76M
-/+ buffers/cache:       1.8G       156M
Swap:         8.0G        17M       8.0G

             total       used       free     shared    buffers     cached
Mem:          2.0G       1.9G        78M       1.1M       236K        76M
-/+ buffers/cache:       1.8G       155M
Swap:         8.0G        17M       8.0G

             total       used       free     shared    buffers     cached
Mem:          2.0G       1.9G        65M       1.1M       236K        84M
-/+ buffers/cache:       1.8G       150M
Swap:         8.0G        17M       8.0G

             total       used       free     shared    buffers     cached
Mem:          2.0G       1.9G        66M       1.1M       548K        66M
-/+ buffers/cache:       1.8G       133M
Swap:         8.0G        17M       8.0G

             total       used       free     shared    buffers     cached
Mem:          2.0G       1.9G        73M       1.1M       556K        51M
-/+ buffers/cache:       1.8G       126M
Swap:         8.0G        17M       8.0G

             total       used       free     shared    buffers     cached
Mem:          2.0G       1.9G        74M       1.1M       820K        30M
-/+ buffers/cache:       1.9G       105M
Swap:         8.0G        17M       8.0G

             total       used       free     shared    buffers     cached
Mem:          2.0G       1.9G        71M       1.1M       812K        18M
-/+ buffers/cache:       1.9G        90M
Swap:         8.0G        19M       8.0G

             total       used       free     shared    buffers     cached
Mem:          2.0G       1.9G        67M       1.1M       228K       7.3M
-/+ buffers/cache:       1.9G        75M
Swap:         8.0G        19M       8.0G

             total       used       free     shared    buffers     cached
Mem:          2.0G       1.9G        72M       688K       228K       7.1M
-/+ buffers/cache:       1.9G        79M
Swap:         8.0G       258M       7.7G

             total       used       free     shared    buffers     cached
Mem:          2.0G       1.9G        93M       664K       232K       3.0M
-/+ buffers/cache:       1.9G        96M
Swap:         8.0G       258M       7.7G

             total       used       free     shared    buffers     cached
Mem:          2.0G       1.9G        77M       664K       236K       3.1M
-/+ buffers/cache:       1.9G        80M
Swap:         8.0G       258M       7.7G

             total       used       free     shared    buffers     cached
Mem:          2.0G       1.9G        78M       664K       236K       3.2M
-/+ buffers/cache:       1.9G        81M
Swap:         8.0G       258M       7.7G

             total       used       free     shared    buffers     cached
Mem:          2.0G       1.9G        78M       664K       236K       3.2M
-/+ buffers/cache:       1.9G        81M
Swap:         8.0G       258M       7.7G

             total       used       free     shared    buffers     cached
Mem:          2.0G       1.9G        76M       664K       236K       3.1M
-/+ buffers/cache:       1.9G        79M
Swap:         8.0G       258M       7.7G

             total       used       free     shared    buffers     cached
Mem:          2.0G       1.9G        76M       664K       244K       3.0M
-/+ buffers/cache:       1.9G        79M
Swap:         8.0G       258M       7.7G

             total       used       free     shared    buffers     cached
Mem:          2.0G       1.9G        70M       664K       244K       2.9M
-/+ buffers/cache:       1.9G        73M
Swap:         8.0G       258M       7.7G

             total       used       free     shared    buffers     cached
Mem:          2.0G       1.9G        77M       664K       244K       2.7M
-/+ buffers/cache:       1.9G        80M
Swap:         8.0G       258M       7.7G

             total       used       free     shared    buffers     cached
Mem:          2.0G       1.9G        71M       664K       244K       2.7M
-/+ buffers/cache:       1.9G        74M
Swap:         8.0G       258M       7.7G

             total       used       free     shared    buffers     cached
Mem:          2.0G       1.9G        69M       664K       244K       2.6M
-/+ buffers/cache:       1.9G        72M
Swap:         8.0G       258M       7.7G

             total       used       free     shared    buffers     cached
Mem:          2.0G       1.9G        73M       664K       244K       2.6M
-/+ buffers/cache:       1.9G        76M
Swap:         8.0G       258M       7.7G

             total       used       free     shared    buffers     cached
Mem:          2.0G       1.9G        75M       664K       252K       2.5M
-/+ buffers/cache:       1.9G        78M
Swap:         8.0G       258M       7.7G

             total       used       free     shared    buffers     cached
Mem:          2.0G       1.9G        74M       664K       252K       2.6M
-/+ buffers/cache:       1.9G        77M
Swap:         8.0G       258M       7.7G

             total       used       free     shared    buffers     cached
Mem:          2.0G       1.9G        68M       664K       252K       3.2M
-/+ buffers/cache:       1.9G        72M
Swap:         8.0G       258M       7.7G

             total       used       free     shared    buffers     cached
Mem:          2.0G       1.9G        91M       652K        80K       3.8M
-/+ buffers/cache:       1.9G        95M
Swap:         8.0G       296M       7.7G

             total       used       free     shared    buffers     cached
Mem:          2.0G       1.9G        70M       652K       220K        18M
-/+ buffers/cache:       1.9G        89M
Swap:         8.0G       293M       7.7G

             total       used       free     shared    buffers     cached
Mem:          2.0G       1.9G        65M       648K       148K       4.2M
-/+ buffers/cache:       1.9G        70M
Swap:         8.0G       335M       7.7G

             total       used       free     shared    buffers     cached
Mem:          2.0G       1.9G        58M       648K       276K       7.3M
-/+ buffers/cache:       1.9G        66M
Swap:         8.0G       384M       7.6G

             total       used       free     shared    buffers     cached
Mem:          2.0G       1.9G        55M       648K       384K       8.1M
-/+ buffers/cache:       1.9G        63M
Swap:         8.0G       432M       7.6G

             total       used       free     shared    buffers     cached
Mem:          2.0G       1.9G        78M       648K       368K       7.4M
-/+ buffers/cache:       1.9G        86M
Swap:         8.0G       456M       7.6G

             total       used       free     shared    buffers     cached
Mem:          2.0G       1.9G        87M       648K       480K       7.4M
-/+ buffers/cache:       1.9G        94M
Swap:         8.0G       456M       7.6G

             total       used       free     shared    buffers     cached
Mem:          2.0G       1.9G        87M       648K       484K       8.2M
-/+ buffers/cache:       1.9G        95M
Swap:         8.0G       456M       7.6G

             total       used       free     shared    buffers     cached
Mem:          2.0G       1.9G        87M       648K       492K       8.5M
-/+ buffers/cache:       1.9G        96M
Swap:         8.0G       456M       7.6G

             total       used       free     shared    buffers     cached
Mem:          2.0G       1.9G        89M       648K       492K       9.2M
-/+ buffers/cache:       1.9G        99M
Swap:         8.0G       455M       7.6G

             total       used       free     shared    buffers     cached
Mem:          2.0G       1.9G        87M       648K       492K        11M
-/+ buffers/cache:       1.9G        99M
Swap:         8.0G       455M       7.6G

             total       used       free     shared    buffers     cached
Mem:          2.0G       1.8G       107M       652K       228K        27M
-/+ buffers/cache:       1.8G       134M
Swap:         8.0G       450M       7.6G

             total       used       free     shared    buffers     cached
Mem:          2.0G       1.9G       100M       652K       228K        27M
-/+ buffers/cache:       1.8G       127M
Swap:         8.0G       450M       7.6G

             total       used       free     shared    buffers     cached
Mem:          2.0G       1.9G        92M       652K       236K        27M
-/+ buffers/cache:       1.8G       119M
Swap:         8.0G       450M       7.6G

             total       used       free     shared    buffers     cached
Mem:          2.0G       1.9G        85M       652K       236K        27M
-/+ buffers/cache:       1.8G       112M
Swap:         8.0G       450M       7.6G

             total       used       free     shared    buffers     cached
Mem:          2.0G       1.9G        78M       652K       236K        27M
-/+ buffers/cache:       1.8G       106M
Swap:         8.0G       450M       7.6G

             total       used       free     shared    buffers     cached
Mem:          2.0G       1.9G        77M       652K       236K        27M
-/+ buffers/cache:       1.9G       105M
Swap:         8.0G       449M       7.6G

             total       used       free     shared    buffers     cached
Mem:          2.0G       1.9G        76M       652K       236K        27M
-/+ buffers/cache:       1.9G       104M
Swap:         8.0G       449M       7.6G

             total       used       free     shared    buffers     cached
Mem:          2.0G       1.9G        75M       652K       244K        27M
-/+ buffers/cache:       1.9G       102M
Swap:         8.0G       448M       7.6G

             total       used       free     shared    buffers     cached
Mem:          2.0G       1.9G        74M       652K       244K        27M
-/+ buffers/cache:       1.9G       101M
Swap:         8.0G       447M       7.6G

             total       used       free     shared    buffers     cached
Mem:          2.0G       1.9G        73M       652K       244K        27M
-/+ buffers/cache:       1.9G       100M
Swap:         8.0G       446M       7.6G

             total       used       free     shared    buffers     cached
Mem:          2.0G       1.9G        72M       652K       244K        27M
-/+ buffers/cache:       1.9G        99M
Swap:         8.0G       445M       7.6G

             total       used       free     shared    buffers     cached
Mem:          2.0G       1.9G        71M       652K       244K        27M
-/+ buffers/cache:       1.9G        98M
Swap:         8.0G       444M       7.6G

             total       used       free     shared    buffers     cached
Mem:          2.0G       1.9G        70M       652K       244K        27M
-/+ buffers/cache:       1.9G        97M
Swap:         8.0G       443M       7.6G

             total       used       free     shared    buffers     cached
Mem:          2.0G       1.9G        69M       652K       252K        27M
-/+ buffers/cache:       1.9G        96M
Swap:         8.0G       442M       7.6G

             total       used       free     shared    buffers     cached
Mem:          2.0G       1.9G        89M       652K       484K        24M
-/+ buffers/cache:       1.8G       114M
Swap:         8.0G       441M       7.6G

             total       used       free     shared    buffers     cached
Mem:          2.0G       1.9G        88M       652K       484K        24M
-/+ buffers/cache:       1.8G       114M
Swap:         8.0G       440M       7.6G

             total       used       free     shared    buffers     cached
Mem:          2.0G       1.9G        87M       652K       484K        24M
-/+ buffers/cache:       1.8G       113M
Swap:         8.0G       440M       7.6G

             total       used       free     shared    buffers     cached
Mem:          2.0G       1.9G        86M       652K       484K        24M
-/+ buffers/cache:       1.8G       111M
Swap:         8.0G       439M       7.6G

             total       used       free     shared    buffers     cached
Mem:          2.0G       1.9G        85M       652K       492K        24M
-/+ buffers/cache:       1.8G       111M
Swap:         8.0G       438M       7.6G

             total       used       free     shared    buffers     cached
Mem:          2.0G       1.9G        84M       652K       492K        24M
-/+ buffers/cache:       1.8G       109M
Swap:         8.0G       438M       7.6G

             total       used       free     shared    buffers     cached
Mem:          2.0G       1.9G        83M       652K       492K        24M
-/+ buffers/cache:       1.8G       108M
Swap:         8.0G       437M       7.6G

             total       used       free     shared    buffers     cached
Mem:          2.0G       1.9G        73M       652K       3.4M        42M
-/+ buffers/cache:       1.8G       119M
Swap:         8.0G       433M       7.6G

             total       used       free     shared    buffers     cached
Mem:          2.0G       1.9G        69M       1.2M       5.8M        53M
-/+ buffers/cache:       1.8G       128M
Swap:         8.0G       431M       7.6G

             total       used       free     shared    buffers     cached
Mem:          2.0G       1.9G        68M       1.2M       5.8M        53M
-/+ buffers/cache:       1.8G       127M
Swap:         8.0G       430M       7.6G

             total       used       free     shared    buffers     cached
Mem:          2.0G       1.9G        67M       1.2M       5.8M        53M
-/+ buffers/cache:       1.8G       126M
Swap:         8.0G       430M       7.6G

             total       used       free     shared    buffers     cached
Mem:          2.0G       1.9G        71M       1.2M       4.7M        39M
-/+ buffers/cache:       1.8G       115M
Swap:         8.0G       630M       7.4G

             total       used       free     shared    buffers     cached
Mem:          2.0G       1.9G        84M       1.2M       136K        33M
-/+ buffers/cache:       1.8G       118M
Swap:         8.0G       630M       7.4G

             total       used       free     shared    buffers     cached
Mem:          2.0G       1.9G        87M       1.2M       144K        33M
-/+ buffers/cache:       1.8G       121M
Swap:         8.0G       630M       7.4G

             total       used       free     shared    buffers     cached
Mem:          2.0G       1.9G        91M       1.2M       596K        35M
-/+ buffers/cache:       1.8G       127M
Swap:         8.0G       630M       7.4G

             total       used       free     shared    buffers     cached
Mem:          2.0G       1.9G        91M       1.2M       600K        35M
-/+ buffers/cache:       1.8G       127M
Swap:         8.0G       630M       7.4G

             total       used       free     shared    buffers     cached
Mem:          2.0G       1.9G        89M       1.2M       608K        35M
-/+ buffers/cache:       1.8G       126M
Swap:         8.0G       629M       7.4G

             total       used       free     shared    buffers     cached
Mem:          2.0G       1.9G        88M       1.2M       608K        35M
-/+ buffers/cache:       1.8G       124M
Swap:         8.0G       628M       7.4G

             total       used       free     shared    buffers     cached
Mem:          2.0G       1.9G        86M       1.2M       608K        36M
-/+ buffers/cache:       1.8G       123M
Swap:         8.0G       627M       7.4G

             total       used       free     shared    buffers     cached
Mem:          2.0G       1.9G        85M       1.2M       616K        36M
-/+ buffers/cache:       1.8G       122M
Swap:         8.0G       626M       7.4G

             total       used       free     shared    buffers     cached
Mem:          2.0G       1.9G        84M       1.2M       616K        36M
-/+ buffers/cache:       1.8G       121M
Swap:         8.0G       626M       7.4G

             total       used       free     shared    buffers     cached
Mem:          2.0G       1.9G        83M       1.2M       616K        36M
-/+ buffers/cache:       1.8G       120M
Swap:         8.0G       625M       7.4G

             total       used       free     shared    buffers     cached
Mem:          2.0G       1.9G        82M       1.2M       616K        36M
-/+ buffers/cache:       1.8G       119M
Swap:         8.0G       624M       7.4G

             total       used       free     shared    buffers     cached
Mem:          2.0G       1.9G        81M       1.2M       616K        36M
-/+ buffers/cache:       1.8G       118M
Swap:         8.0G       623M       7.4G

             total       used       free     shared    buffers     cached
Mem:          2.0G       1.9G        80M       1.2M       616K        36M
-/+ buffers/cache:       1.8G       117M
Swap:         8.0G       622M       7.4G

             total       used       free     shared    buffers     cached
Mem:          2.0G       1.9G        78M       1.2M       624K        36M
-/+ buffers/cache:       1.8G       115M
Swap:         8.0G       621M       7.4G

             total       used       free     shared    buffers     cached
Mem:          2.0G       1.9G        77M       1.2M       624K        36M
-/+ buffers/cache:       1.8G       114M
Swap:         8.0G       621M       7.4G

             total       used       free     shared    buffers     cached
Mem:          2.0G       1.9G        76M       1.2M       624K        36M
-/+ buffers/cache:       1.8G       113M
Swap:         8.0G       620M       7.4G

             total       used       free     shared    buffers     cached
Mem:          2.0G       1.9G        75M       1.2M       624K        36M
-/+ buffers/cache:       1.8G       112M
Swap:         8.0G       619M       7.4G

             total       used       free     shared    buffers     cached
Mem:          2.0G       1.9G        74M       1.2M       624K        36M
-/+ buffers/cache:       1.8G       111M
Swap:         8.0G       618M       7.4G

             total       used       free     shared    buffers     cached
Mem:          2.0G       1.9G        72M       1.2M       632K        36M
-/+ buffers/cache:       1.8G       110M
Swap:         8.0G       617M       7.4G

             total       used       free     shared    buffers     cached
Mem:          2.0G       1.9G        71M       1.2M       632K        36M
-/+ buffers/cache:       1.8G       109M
Swap:         8.0G       616M       7.4G

             total       used       free     shared    buffers     cached
Mem:          2.0G       1.9G        70M       1.2M       632K        36M
-/+ buffers/cache:       1.8G       107M
Swap:         8.0G       615M       7.4G

             total       used       free     shared    buffers     cached
Mem:          2.0G       1.9G        69M       1.2M       632K        36M
-/+ buffers/cache:       1.8G       106M
Swap:         8.0G       614M       7.4G

             total       used       free     shared    buffers     cached
Mem:          2.0G       1.9G        68M       1.2M       632K        36M
-/+ buffers/cache:       1.8G       106M
Swap:         8.0G       614M       7.4G

             total       used       free     shared    buffers     cached
Mem:          2.0G       1.9G        68M       1.2M       632K        36M
-/+ buffers/cache:       1.9G       105M
Swap:         8.0G       613M       7.4G

             total       used       free     shared    buffers     cached
Mem:          2.0G       1.9G        68M       1.2M       640K        36M
-/+ buffers/cache:       1.9G       105M
Swap:         8.0G       613M       7.4G

             total       used       free     shared    buffers     cached
Mem:          2.0G       1.9G        68M       1.2M       640K        36M
-/+ buffers/cache:       1.9G       105M
Swap:         8.0G       613M       7.4G

             total       used       free     shared    buffers     cached
Mem:          2.0G       1.9G        68M       1.2M       640K        36M
-/+ buffers/cache:       1.9G       105M
Swap:         8.0G       613M       7.4G

             total       used       free     shared    buffers     cached
Mem:          2.0G       1.9G        67M       1.2M       640K        36M
-/+ buffers/cache:       1.9G       104M
Swap:         8.0G       613M       7.4G

             total       used       free     shared    buffers     cached
Mem:          2.0G       1.9G        67M       1.2M       640K        36M
-/+ buffers/cache:       1.9G       104M
Swap:         8.0G       612M       7.4G

             total       used       free     shared    buffers     cached
Mem:          2.0G       1.9G        96M       1.2M       604K        31M
-/+ buffers/cache:       1.8G       128M
Swap:         8.0G       611M       7.4G

             total       used       free     shared    buffers     cached
Mem:          2.0G       1.9G        95M       1.2M       604K        31M
-/+ buffers/cache:       1.8G       127M
Swap:         8.0G       611M       7.4G

             total       used       free     shared    buffers     cached
Mem:          2.0G       1.9G        94M       1.2M       604K        31M
-/+ buffers/cache:       1.8G       126M
Swap:         8.0G       610M       7.4G

             total       used       free     shared    buffers     cached
Mem:          2.0G       1.9G        93M       1.2M       604K        31M
-/+ buffers/cache:       1.8G       125M
Swap:         8.0G       609M       7.4G

             total       used       free     shared    buffers     cached
Mem:          2.0G       1.9G        92M       1.2M       604K        31M
-/+ buffers/cache:       1.8G       124M
Swap:         8.0G       608M       7.4G

             total       used       free     shared    buffers     cached
Mem:          2.0G       1.9G        91M       1.2M       604K        31M
-/+ buffers/cache:       1.8G       123M
Swap:         8.0G       607M       7.4G

             total       used       free     shared    buffers     cached
Mem:          2.0G       1.9G        90M       1.2M       612K        31M
-/+ buffers/cache:       1.8G       122M
Swap:         8.0G       606M       7.4G

             total       used       free     shared    buffers     cached
Mem:          2.0G       1.9G        88M       1.2M       612K        31M
-/+ buffers/cache:       1.8G       120M
Swap:         8.0G       605M       7.4G

             total       used       free     shared    buffers     cached
Mem:          2.0G       1.9G        88M       1.2M       612K        31M
-/+ buffers/cache:       1.8G       120M
Swap:         8.0G       604M       7.4G

             total       used       free     shared    buffers     cached
Mem:          2.0G       1.9G        87M       1.2M       612K        31M
-/+ buffers/cache:       1.8G       119M
Swap:         8.0G       604M       7.4G

             total       used       free     shared    buffers     cached
Mem:          2.0G       1.9G        86M       1.2M       612K        31M
-/+ buffers/cache:       1.8G       118M
Swap:         8.0G       603M       7.4G

             total       used       free     shared    buffers     cached
Mem:          2.0G       1.9G        84M       1.2M       620K        31M
-/+ buffers/cache:       1.8G       117M
Swap:         8.0G       602M       7.4G

             total       used       free     shared    buffers     cached
Mem:          2.0G       1.9G        83M       1.2M       620K        31M
-/+ buffers/cache:       1.8G       115M
Swap:         8.0G       601M       7.4G

             total       used       free     shared    buffers     cached
Mem:          2.0G       1.9G        82M       1.2M       620K        31M
-/+ buffers/cache:       1.8G       114M
Swap:         8.0G       600M       7.4G

             total       used       free     shared    buffers     cached
Mem:          2.0G       1.9G        81M       1.2M       620K        31M
-/+ buffers/cache:       1.8G       113M
Swap:         8.0G       599M       7.4G

             total       used       free     shared    buffers     cached
Mem:          2.0G       1.9G        85M       1.2M       3.0M        40M
-/+ buffers/cache:       1.8G       128M
Swap:         8.0G       594M       7.4G

             total       used       free     shared    buffers     cached
Mem:          2.0G       1.9G        69M       1.2M       5.4M        47M
-/+ buffers/cache:       1.8G       122M
Swap:         8.0G       593M       7.4G
