             total       used       free     shared    buffers     cached
Mem:          992M       576M       415M       3.2M        38M       268M
-/+ buffers/cache:       269M       722M
Swap:         8.0G         0B       8.0G

             total       used       free     shared    buffers     cached
Mem:          992M       577M       414M       3.2M        38M       269M
-/+ buffers/cache:       269M       722M
Swap:         8.0G         0B       8.0G

             total       used       free     shared    buffers     cached
Mem:          992M       577M       415M       3.2M        38M       269M
-/+ buffers/cache:       269M       722M
Swap:         8.0G         0B       8.0G

             total       used       free     shared    buffers     cached
Mem:          992M       577M       415M       3.2M        38M       269M
-/+ buffers/cache:       269M       722M
Swap:         8.0G         0B       8.0G

             total       used       free     shared    buffers     cached
Mem:          992M       577M       415M       3.2M        38M       269M
-/+ buffers/cache:       269M       722M
Swap:         8.0G         0B       8.0G

             total       used       free     shared    buffers     cached
Mem:          992M       577M       415M       3.2M        38M       269M
-/+ buffers/cache:       269M       722M
Swap:         8.0G         0B       8.0G

             total       used       free     shared    buffers     cached
Mem:          992M       576M       415M       3.2M        38M       269M
-/+ buffers/cache:       268M       723M
Swap:         8.0G         0B       8.0G

             total       used       free     shared    buffers     cached
Mem:          992M       576M       415M       3.2M        38M       269M
-/+ buffers/cache:       268M       723M
Swap:         8.0G         0B       8.0G

             total       used       free     shared    buffers     cached
Mem:          992M       576M       415M       3.2M        38M       269M
-/+ buffers/cache:       268M       723M
Swap:         8.0G         0B       8.0G

             total       used       free     shared    buffers     cached
Mem:          992M       580M       412M       3.2M        38M       269M
-/+ buffers/cache:       272M       720M
Swap:         8.0G         0B       8.0G

             total       used       free     shared    buffers     cached
Mem:          992M       596M       395M       3.2M        38M       269M
-/+ buffers/cache:       288M       703M
Swap:         8.0G         0B       8.0G

             total       used       free     shared    buffers     cached
Mem:          992M       603M       388M       3.2M        38M       269M
-/+ buffers/cache:       295M       696M
Swap:         8.0G         0B       8.0G

             total       used       free     shared    buffers     cached
Mem:          992M       586M       406M       3.2M        38M       270M
-/+ buffers/cache:       276M       715M
Swap:         8.0G         0B       8.0G

             total       used       free     shared    buffers     cached
Mem:          992M       586M       406M       3.2M        38M       270M
-/+ buffers/cache:       276M       715M
Swap:         8.0G         0B       8.0G

             total       used       free     shared    buffers     cached
Mem:          992M       595M       396M       3.2M        38M       271M
-/+ buffers/cache:       286M       705M
Swap:         8.0G         0B       8.0G

             total       used       free     shared    buffers     cached
Mem:          992M       586M       405M       3.2M        38M       271M
-/+ buffers/cache:       276M       715M
Swap:         8.0G         0B       8.0G

             total       used       free     shared    buffers     cached
Mem:          992M       586M       405M       3.2M        38M       271M
-/+ buffers/cache:       276M       715M
Swap:         8.0G         0B       8.0G

             total       used       free     shared    buffers     cached
Mem:          992M       586M       405M       3.2M        38M       271M
-/+ buffers/cache:       276M       715M
Swap:         8.0G         0B       8.0G

             total       used       free     shared    buffers     cached
Mem:          992M       586M       405M       3.2M        38M       271M
-/+ buffers/cache:       276M       715M
Swap:         8.0G         0B       8.0G

             total       used       free     shared    buffers     cached
Mem:          992M       586M       405M       3.2M        38M       271M
-/+ buffers/cache:       276M       715M
Swap:         8.0G         0B       8.0G

             total       used       free     shared    buffers     cached
Mem:          992M       586M       405M       3.2M        38M       271M
-/+ buffers/cache:       276M       715M
Swap:         8.0G         0B       8.0G

             total       used       free     shared    buffers     cached
Mem:          992M       586M       405M       3.2M        38M       271M
-/+ buffers/cache:       277M       715M
Swap:         8.0G         0B       8.0G

             total       used       free     shared    buffers     cached
Mem:          992M       586M       405M       3.2M        38M       271M
-/+ buffers/cache:       276M       715M
Swap:         8.0G         0B       8.0G

             total       used       free     shared    buffers     cached
Mem:          992M       586M       405M       3.2M        38M       271M
-/+ buffers/cache:       276M       715M
Swap:         8.0G         0B       8.0G

             total       used       free     shared    buffers     cached
Mem:          992M       586M       405M       3.2M        38M       271M
-/+ buffers/cache:       276M       715M
Swap:         8.0G         0B       8.0G

             total       used       free     shared    buffers     cached
Mem:          992M       586M       405M       3.2M        38M       271M
-/+ buffers/cache:       276M       715M
Swap:         8.0G         0B       8.0G

             total       used       free     shared    buffers     cached
Mem:          992M       586M       405M       3.2M        38M       271M
-/+ buffers/cache:       276M       715M
Swap:         8.0G         0B       8.0G

             total       used       free     shared    buffers     cached
Mem:          992M       586M       405M       3.2M        38M       271M
-/+ buffers/cache:       276M       715M
Swap:         8.0G         0B       8.0G

             total       used       free     shared    buffers     cached
Mem:          992M       586M       405M       3.2M        38M       271M
-/+ buffers/cache:       276M       715M
Swap:         8.0G         0B       8.0G

             total       used       free     shared    buffers     cached
Mem:          992M       586M       405M       3.2M        38M       271M
-/+ buffers/cache:       276M       715M
Swap:         8.0G         0B       8.0G

             total       used       free     shared    buffers     cached
Mem:          992M       586M       405M       3.2M        38M       271M
-/+ buffers/cache:       276M       715M
Swap:         8.0G         0B       8.0G

             total       used       free     shared    buffers     cached
Mem:          992M       586M       405M       3.2M        38M       271M
-/+ buffers/cache:       276M       715M
Swap:         8.0G         0B       8.0G

             total       used       free     shared    buffers     cached
Mem:          992M       586M       405M       3.2M        38M       271M
-/+ buffers/cache:       276M       715M
Swap:         8.0G         0B       8.0G

             total       used       free     shared    buffers     cached
Mem:          992M       594M       397M       3.2M        38M       271M
-/+ buffers/cache:       285M       707M
Swap:         8.0G         0B       8.0G

             total       used       free     shared    buffers     cached
Mem:          992M       611M       380M       3.2M        38M       271M
-/+ buffers/cache:       302M       689M
Swap:         8.0G         0B       8.0G

             total       used       free     shared    buffers     cached
Mem:          992M       628M       363M       3.2M        38M       271M
-/+ buffers/cache:       319M       673M
Swap:         8.0G         0B       8.0G

             total       used       free     shared    buffers     cached
Mem:          992M       643M       348M       3.2M        38M       271M
-/+ buffers/cache:       334M       657M
Swap:         8.0G         0B       8.0G

             total       used       free     shared    buffers     cached
Mem:          992M       663M       328M       3.2M        38M       271M
-/+ buffers/cache:       354M       637M
Swap:         8.0G         0B       8.0G

             total       used       free     shared    buffers     cached
Mem:          992M       683M       309M       3.2M        38M       271M
-/+ buffers/cache:       373M       618M
Swap:         8.0G         0B       8.0G

             total       used       free     shared    buffers     cached
Mem:          992M       700M       292M       3.2M        38M       271M
-/+ buffers/cache:       390M       601M
Swap:         8.0G         0B       8.0G

             total       used       free     shared    buffers     cached
Mem:          992M       716M       275M       3.2M        38M       271M
-/+ buffers/cache:       406M       585M
Swap:         8.0G         0B       8.0G

             total       used       free     shared    buffers     cached
Mem:          992M       736M       255M       3.2M        38M       271M
-/+ buffers/cache:       427M       565M
Swap:         8.0G         0B       8.0G

             total       used       free     shared    buffers     cached
Mem:          992M       755M       236M       3.2M        38M       271M
-/+ buffers/cache:       445M       546M
Swap:         8.0G         0B       8.0G

             total       used       free     shared    buffers     cached
Mem:          992M       777M       215M       3.2M        38M       271M
-/+ buffers/cache:       467M       524M
Swap:         8.0G         0B       8.0G

             total       used       free     shared    buffers     cached
Mem:          992M       795M       196M       3.2M        38M       271M
-/+ buffers/cache:       485M       506M
Swap:         8.0G         0B       8.0G

             total       used       free     shared    buffers     cached
Mem:          992M       812M       179M       3.2M        38M       271M
-/+ buffers/cache:       502M       489M
Swap:         8.0G         0B       8.0G

             total       used       free     shared    buffers     cached
Mem:          992M       832M       159M       3.2M        38M       271M
-/+ buffers/cache:       523M       469M
Swap:         8.0G         0B       8.0G

             total       used       free     shared    buffers     cached
Mem:          992M       852M       139M       3.2M        38M       271M
-/+ buffers/cache:       543M       449M
Swap:         8.0G         0B       8.0G

             total       used       free     shared    buffers     cached
Mem:          992M       870M       121M       3.2M        38M       271M
-/+ buffers/cache:       560M       431M
Swap:         8.0G         0B       8.0G

             total       used       free     shared    buffers     cached
Mem:          992M       887M       104M       3.2M        38M       271M
-/+ buffers/cache:       578M       414M
Swap:         8.0G         0B       8.0G

             total       used       free     shared    buffers     cached
Mem:          992M       907M        84M       3.2M        38M       271M
-/+ buffers/cache:       598M       394M
Swap:         8.0G         0B       8.0G

             total       used       free     shared    buffers     cached
Mem:          992M       925M        66M       3.2M        38M       271M
-/+ buffers/cache:       616M       375M
Swap:         8.0G         0B       8.0G

             total       used       free     shared    buffers     cached
Mem:          992M       923M        68M       3.2M        19M       269M
-/+ buffers/cache:       634M       357M
Swap:         8.0G         0B       8.0G

             total       used       free     shared    buffers     cached
Mem:          992M       922M        70M       3.2M        10M       261M
-/+ buffers/cache:       650M       341M
Swap:         8.0G         8K       8.0G

             total       used       free     shared    buffers     cached
Mem:          992M       919M        72M       3.1M        10M       242M
-/+ buffers/cache:       667M       324M
Swap:         8.0G       136K       8.0G

             total       used       free     shared    buffers     cached
Mem:          992M       920M        71M       3.0M       9.5M       225M
-/+ buffers/cache:       685M       306M
Swap:         8.0G       280K       8.0G

             total       used       free     shared    buffers     cached
Mem:          992M       920M        71M       3.0M       9.5M       209M
-/+ buffers/cache:       701M       291M
Swap:         8.0G       3.1M       8.0G

             total       used       free     shared    buffers     cached
Mem:          992M       922M        69M       2.9M       9.5M       197M
-/+ buffers/cache:       715M       276M
Swap:         8.0G       4.1M       8.0G

             total       used       free     shared    buffers     cached
Mem:          992M       931M        60M       2.9M       9.5M       197M
-/+ buffers/cache:       724M       267M
Swap:         8.0G       4.1M       8.0G

             total       used       free     shared    buffers     cached
Mem:          992M       927M        64M       2.9M       2.9M       181M
-/+ buffers/cache:       743M       248M
Swap:         8.0G       4.1M       8.0G

             total       used       free     shared    buffers     cached
Mem:          992M       924M        68M       2.9M       836K       161M
-/+ buffers/cache:       761M       231M
Swap:         8.0G       4.1M       8.0G

             total       used       free     shared    buffers     cached
Mem:          992M       924M        67M       2.9M       240K       143M
-/+ buffers/cache:       780M       211M
Swap:         8.0G       4.1M       8.0G

             total       used       free     shared    buffers     cached
Mem:          992M       926M        65M       2.9M       372K       126M
-/+ buffers/cache:       799M       192M
Swap:         8.0G       4.1M       8.0G

             total       used       free     shared    buffers     cached
Mem:          992M       929M        62M       2.9M       356K       111M
-/+ buffers/cache:       817M       174M
Swap:         8.0G       4.1M       8.0G

             total       used       free     shared    buffers     cached
Mem:          992M       908M        83M       2.9M       196K        76M
-/+ buffers/cache:       831M       160M
Swap:         8.0G       4.1M       8.0G

             total       used       free     shared    buffers     cached
Mem:          992M       927M        64M       2.9M       208K        76M
-/+ buffers/cache:       850M       141M
Swap:         8.0G       4.1M       8.0G

             total       used       free     shared    buffers     cached
Mem:          992M       927M        64M       2.9M       208K        59M
-/+ buffers/cache:       867M       124M
Swap:         8.0G       4.1M       8.0G

             total       used       free     shared    buffers     cached
Mem:          992M       928M        63M       2.9M       224K        46M
-/+ buffers/cache:       881M       110M
Swap:         8.0G       4.1M       8.0G

             total       used       free     shared    buffers     cached
Mem:          992M       930M        61M       2.9M       364K        32M
-/+ buffers/cache:       898M        93M
Swap:         8.0G       4.1M       8.0G

             total       used       free     shared    buffers     cached
Mem:          992M       914M        78M       2.7M       1.0M        12M
-/+ buffers/cache:       900M        91M
Swap:         8.0G        26M       8.0G

             total       used       free     shared    buffers     cached
Mem:          992M       930M        61M       2.7M       612K        12M
-/+ buffers/cache:       916M        75M
Swap:         8.0G        26M       8.0G

             total       used       free     shared    buffers     cached
Mem:          992M       929M        62M       2.4M       188K       8.6M
-/+ buffers/cache:       920M        71M
Swap:         8.0G        57M       7.9G

             total       used       free     shared    buffers     cached
Mem:          992M       920M        71M       2.4M       188K       7.1M
-/+ buffers/cache:       912M        79M
Swap:         8.0G        60M       7.9G

             total       used       free     shared    buffers     cached
Mem:          992M       910M        81M       2.4M        88K       4.5M
-/+ buffers/cache:       906M        86M
Swap:         8.0G        83M       7.9G

             total       used       free     shared    buffers     cached
Mem:          992M       918M        73M       2.4M       188K       8.2M
-/+ buffers/cache:       909M        82M
Swap:         8.0G       105M       7.9G

             total       used       free     shared    buffers     cached
Mem:          992M       922M        69M       2.4M       180K       8.4M
-/+ buffers/cache:       913M        78M
Swap:         8.0G       110M       7.9G

             total       used       free     shared    buffers     cached
Mem:          992M       886M       105M       2.3M       1.8M       8.7M
-/+ buffers/cache:       876M       115M
Swap:         8.0G       305M       7.7G

             total       used       free     shared    buffers     cached
Mem:          992M       871M       120M       2.3M       1.8M       8.7M
-/+ buffers/cache:       860M       131M
Swap:         8.0G       305M       7.7G

             total       used       free     shared    buffers     cached
Mem:          992M       875M       116M       2.3M       1.8M       8.9M
-/+ buffers/cache:       864M       127M
Swap:         8.0G       305M       7.7G

             total       used       free     shared    buffers     cached
Mem:          992M       880M       112M       2.3M       1.8M       9.1M
-/+ buffers/cache:       869M       123M
Swap:         8.0G       305M       7.7G

             total       used       free     shared    buffers     cached
Mem:          992M       884M       108M       2.3M       1.8M       9.1M
-/+ buffers/cache:       873M       119M
Swap:         8.0G       305M       7.7G

             total       used       free     shared    buffers     cached
Mem:          992M       889M       103M       2.3M       1.8M       9.1M
-/+ buffers/cache:       878M       114M
Swap:         8.0G       305M       7.7G

             total       used       free     shared    buffers     cached
Mem:          992M       894M        97M       2.3M       1.8M       9.1M
-/+ buffers/cache:       883M       108M
Swap:         8.0G       305M       7.7G

             total       used       free     shared    buffers     cached
Mem:          992M       898M        93M       2.3M       1.8M       9.1M
-/+ buffers/cache:       887M       104M
Swap:         8.0G       305M       7.7G

             total       used       free     shared    buffers     cached
Mem:          992M       903M        88M       2.3M       1.8M       9.1M
-/+ buffers/cache:       893M        99M
Swap:         8.0G       305M       7.7G

             total       used       free     shared    buffers     cached
Mem:          992M       908M        83M       2.3M       1.8M       9.1M
-/+ buffers/cache:       897M        94M
Swap:         8.0G       305M       7.7G

             total       used       free     shared    buffers     cached
Mem:          992M       913M        78M       2.3M       1.8M       9.1M
-/+ buffers/cache:       902M        89M
Swap:         8.0G       305M       7.7G

             total       used       free     shared    buffers     cached
Mem:          992M       918M        73M       2.3M       1.8M       9.1M
-/+ buffers/cache:       907M        84M
Swap:         8.0G       305M       7.7G

             total       used       free     shared    buffers     cached
Mem:          992M       923M        68M       2.3M       1.8M       9.1M
-/+ buffers/cache:       912M        79M
Swap:         8.0G       305M       7.7G

             total       used       free     shared    buffers     cached
Mem:          992M       928M        63M       2.3M       1.8M       9.1M
-/+ buffers/cache:       917M        74M
Swap:         8.0G       305M       7.7G

             total       used       free     shared    buffers     cached
Mem:          992M       914M        77M       2.3M       1.4M       7.7M
-/+ buffers/cache:       905M        87M
Swap:         8.0G       305M       7.7G

             total       used       free     shared    buffers     cached
Mem:          992M       918M        73M       2.3M       1.4M       7.8M
-/+ buffers/cache:       909M        83M
Swap:         8.0G       305M       7.7G

             total       used       free     shared    buffers     cached
Mem:          992M       922M        69M       2.3M       1.4M       7.8M
-/+ buffers/cache:       913M        78M
Swap:         8.0G       305M       7.7G

             total       used       free     shared    buffers     cached
Mem:          992M       926M        65M       2.3M       1.4M       7.8M
-/+ buffers/cache:       917M        74M
Swap:         8.0G       305M       7.7G

             total       used       free     shared    buffers     cached
Mem:          992M       919M        72M       2.3M       248K       6.8M
-/+ buffers/cache:       912M        79M
Swap:         8.0G       305M       7.7G

             total       used       free     shared    buffers     cached
Mem:          992M       923M        69M       2.3M       248K       6.8M
-/+ buffers/cache:       916M        76M
Swap:         8.0G       305M       7.7G

             total       used       free     shared    buffers     cached
Mem:          992M       928M        63M       2.3M       248K       6.8M
-/+ buffers/cache:       921M        70M
Swap:         8.0G       305M       7.7G

             total       used       free     shared    buffers     cached
Mem:          992M       920M        72M       2.3M       256K       6.7M
-/+ buffers/cache:       913M        79M
Swap:         8.0G       305M       7.7G

             total       used       free     shared    buffers     cached
Mem:          992M       924M        68M       2.3M       256K       6.7M
-/+ buffers/cache:       917M        75M
Swap:         8.0G       305M       7.7G

             total       used       free     shared    buffers     cached
Mem:          992M       928M        63M       2.3M       256K       6.7M
-/+ buffers/cache:       921M        70M
Swap:         8.0G       305M       7.7G

             total       used       free     shared    buffers     cached
Mem:          992M       917M        75M       2.3M       256K       6.5M
-/+ buffers/cache:       910M        81M
Swap:         8.0G       305M       7.7G

             total       used       free     shared    buffers     cached
Mem:          992M       921M        70M       2.3M       256K       6.5M
-/+ buffers/cache:       914M        77M
Swap:         8.0G       305M       7.7G

             total       used       free     shared    buffers     cached
Mem:          992M       925M        66M       2.3M       264K       6.5M
-/+ buffers/cache:       919M        73M
Swap:         8.0G       305M       7.7G

             total       used       free     shared    buffers     cached
Mem:          992M       931M        60M       2.3M       264K       6.5M
-/+ buffers/cache:       924M        67M
Swap:         8.0G       305M       7.7G

             total       used       free     shared    buffers     cached
Mem:          992M       919M        73M       2.3M       264K       6.4M
-/+ buffers/cache:       912M        79M
Swap:         8.0G       305M       7.7G

             total       used       free     shared    buffers     cached
Mem:          992M       923M        69M       2.3M       264K       6.4M
-/+ buffers/cache:       916M        75M
Swap:         8.0G       305M       7.7G

             total       used       free     shared    buffers     cached
Mem:          992M       927M        64M       2.3M       264K       6.4M
-/+ buffers/cache:       920M        71M
Swap:         8.0G       305M       7.7G

             total       used       free     shared    buffers     cached
Mem:          992M       931M        60M       2.3M       264K       6.4M
-/+ buffers/cache:       924M        67M
Swap:         8.0G       305M       7.7G

             total       used       free     shared    buffers     cached
Mem:          992M       923M        68M       2.3M       272K       6.4M
-/+ buffers/cache:       917M        74M
Swap:         8.0G       305M       7.7G

             total       used       free     shared    buffers     cached
Mem:          992M       929M        62M       2.3M       272K       6.3M
-/+ buffers/cache:       922M        69M
Swap:         8.0G       305M       7.7G

             total       used       free     shared    buffers     cached
Mem:          992M       922M        69M       2.3M       272K       6.3M
-/+ buffers/cache:       916M        75M
Swap:         8.0G       305M       7.7G

             total       used       free     shared    buffers     cached
Mem:          992M       928M        64M       2.3M       272K       6.3M
-/+ buffers/cache:       921M        70M
Swap:         8.0G       305M       7.7G

             total       used       free     shared    buffers     cached
Mem:          992M       920M        71M       2.3M       272K       6.3M
-/+ buffers/cache:       913M        78M
Swap:         8.0G       305M       7.7G

             total       used       free     shared    buffers     cached
Mem:          992M       925M        66M       2.3M       280K       6.2M
-/+ buffers/cache:       918M        73M
Swap:         8.0G       305M       7.7G

             total       used       free     shared    buffers     cached
Mem:          992M       929M        62M       2.3M       280K       6.3M
-/+ buffers/cache:       922M        69M
Swap:         8.0G       305M       7.7G

             total       used       free     shared    buffers     cached
Mem:          992M       919M        72M       2.3M       280K       5.7M
-/+ buffers/cache:       913M        78M
Swap:         8.0G       324M       7.7G

             total       used       free     shared    buffers     cached
Mem:          992M       923M        68M       2.3M       280K       5.7M
-/+ buffers/cache:       917M        74M
Swap:         8.0G       324M       7.7G

             total       used       free     shared    buffers     cached
Mem:          992M       920M        72M       2.3M       224K       4.3M
-/+ buffers/cache:       915M        76M
Swap:         8.0G       308M       7.7G

             total       used       free     shared    buffers     cached
Mem:          992M       919M        72M       2.3M       232K       3.8M
-/+ buffers/cache:       915M        76M
Swap:         8.0G       294M       7.7G

             total       used       free     shared    buffers     cached
Mem:          992M       919M        72M        28K       232K       1.4M
-/+ buffers/cache:       917M        74M
Swap:         8.0G       296M       7.7G

             total       used       free     shared    buffers     cached
Mem:          992M       922M        69M         8K       164K       1.1M
-/+ buffers/cache:       921M        71M
Swap:         8.0G       270M       7.7G

             total       used       free     shared    buffers     cached
Mem:          992M       920M        71M         8K       124K       1.2M
-/+ buffers/cache:       919M        72M
Swap:         8.0G       266M       7.7G

             total       used       free     shared    buffers     cached
Mem:          992M       922M        69M         0B        76K       1.2M
-/+ buffers/cache:       921M        70M
Swap:         8.0G       271M       7.7G

             total       used       free     shared    buffers     cached
Mem:          992M       921M        70M         0B        76K       1.2M
-/+ buffers/cache:       919M        72M
Swap:         8.0G       262M       7.7G

             total       used       free     shared    buffers     cached
Mem:          992M       887M       104M         0B        84K       1.2M
-/+ buffers/cache:       886M       105M
Swap:         8.0G       362M       7.6G

             total       used       free     shared    buffers     cached
Mem:          992M       918M        73M         0B       108K       1.4M
-/+ buffers/cache:       917M        74M
Swap:         8.0G       291M       7.7G

             total       used       free     shared    buffers     cached
Mem:          992M       919M        73M         0B       116K       1.5M
-/+ buffers/cache:       917M        74M
Swap:         8.0G       267M       7.7G

             total       used       free     shared    buffers     cached
Mem:          992M       923M        68M         0B       116K       1.5M
-/+ buffers/cache:       921M        70M
Swap:         8.0G       265M       7.7G

             total       used       free     shared    buffers     cached
Mem:          992M       923M        68M         0B       212K       2.5M
-/+ buffers/cache:       921M        70M
Swap:         8.0G       263M       7.7G

             total       used       free     shared    buffers     cached
Mem:          992M       929M        62M         0B       220K       2.4M
-/+ buffers/cache:       926M        65M
Swap:         8.0G       262M       7.7G

             total       used       free     shared    buffers     cached
Mem:          992M       922M        70M         0B       220K       2.4M
-/+ buffers/cache:       919M        72M
Swap:         8.0G       283M       7.7G

             total       used       free     shared    buffers     cached
Mem:          992M       928M        63M         0B       220K       2.4M
-/+ buffers/cache:       925M        66M
Swap:         8.0G       282M       7.7G

             total       used       free     shared    buffers     cached
Mem:          992M       920M        71M         0B       220K       2.3M
-/+ buffers/cache:       918M        74M
Swap:         8.0G       291M       7.7G

             total       used       free     shared    buffers     cached
Mem:          992M       926M        65M         0B       220K       2.3M
-/+ buffers/cache:       924M        67M
Swap:         8.0G       291M       7.7G

             total       used       free     shared    buffers     cached
Mem:          992M       908M        83M         0B        96K       6.4M
-/+ buffers/cache:       902M        89M
Swap:         8.0G       315M       7.7G

             total       used       free     shared    buffers     cached
Mem:          992M       914M        77M         0B       500K       7.2M
-/+ buffers/cache:       906M        85M
Swap:         8.0G       315M       7.7G

             total       used       free     shared    buffers     cached
Mem:          992M       918M        73M         0B       500K       7.2M
-/+ buffers/cache:       910M        81M
Swap:         8.0G       315M       7.7G

             total       used       free     shared    buffers     cached
Mem:          992M       920M        71M         0B       788K       7.3M
-/+ buffers/cache:       912M        79M
Swap:         8.0G       314M       7.7G

             total       used       free     shared    buffers     cached
Mem:          992M       921M        70M         0B       792K       7.3M
-/+ buffers/cache:       913M        78M
Swap:         8.0G       314M       7.7G

             total       used       free     shared    buffers     cached
Mem:          992M       923M        68M         0B       792K       7.4M
-/+ buffers/cache:       915M        76M
Swap:         8.0G       313M       7.7G

             total       used       free     shared    buffers     cached
Mem:          992M       925M        66M         0B       800K       7.4M
-/+ buffers/cache:       917M        74M
Swap:         8.0G       313M       7.7G

             total       used       free     shared    buffers     cached
Mem:          992M       927M        65M         0B       800K       7.4M
-/+ buffers/cache:       918M        73M
Swap:         8.0G       312M       7.7G

             total       used       free     shared    buffers     cached
Mem:          992M       928M        63M         0B       800K       7.4M
-/+ buffers/cache:       920M        71M
Swap:         8.0G       312M       7.7G

             total       used       free     shared    buffers     cached
Mem:          992M       930M        62M         0B       800K       7.4M
-/+ buffers/cache:       921M        70M
Swap:         8.0G       311M       7.7G

             total       used       free     shared    buffers     cached
Mem:          992M       910M        81M         0B       800K       6.4M
-/+ buffers/cache:       903M        88M
Swap:         8.0G       345M       7.7G

             total       used       free     shared    buffers     cached
Mem:          992M       912M        79M         0B       808K       6.4M
-/+ buffers/cache:       905M        86M
Swap:         8.0G       344M       7.7G

             total       used       free     shared    buffers     cached
Mem:          992M       914M        78M         0B       808K       6.4M
-/+ buffers/cache:       906M        85M
Swap:         8.0G       343M       7.7G

             total       used       free     shared    buffers     cached
Mem:          992M       916M        76M         0B       808K       6.4M
-/+ buffers/cache:       908M        83M
Swap:         8.0G       342M       7.7G

             total       used       free     shared    buffers     cached
Mem:          992M       917M        74M         0B       808K       6.4M
-/+ buffers/cache:       910M        81M
Swap:         8.0G       341M       7.7G

             total       used       free     shared    buffers     cached
Mem:          992M       919M        72M         0B       808K       6.4M
-/+ buffers/cache:       912M        79M
Swap:         8.0G       341M       7.7G

             total       used       free     shared    buffers     cached
Mem:          992M       921M        70M         0B       816K       6.4M
-/+ buffers/cache:       914M        77M
Swap:         8.0G       340M       7.7G

             total       used       free     shared    buffers     cached
Mem:          992M       923M        68M         0B       816K       6.4M
-/+ buffers/cache:       916M        76M
Swap:         8.0G       339M       7.7G

             total       used       free     shared    buffers     cached
Mem:          992M       925M        66M         0B       816K       6.4M
-/+ buffers/cache:       918M        74M
Swap:         8.0G       338M       7.7G

             total       used       free     shared    buffers     cached
Mem:          992M       926M        65M         0B       816K       6.4M
-/+ buffers/cache:       919M        72M
Swap:         8.0G       337M       7.7G

             total       used       free     shared    buffers     cached
Mem:          992M       928M        63M         0B       816K       6.4M
-/+ buffers/cache:       921M        70M
Swap:         8.0G       336M       7.7G

             total       used       free     shared    buffers     cached
Mem:          992M       930M        61M         0B       816K       6.4M
-/+ buffers/cache:       923M        68M
Swap:         8.0G       335M       7.7G

             total       used       free     shared    buffers     cached
Mem:          992M       917M        74M         0B       824K       6.3M
-/+ buffers/cache:       910M        81M
Swap:         8.0G       334M       7.7G

             total       used       free     shared    buffers     cached
Mem:          992M       919M        72M         0B       824K       6.3M
-/+ buffers/cache:       912M        79M
Swap:         8.0G       333M       7.7G

             total       used       free     shared    buffers     cached
Mem:          992M       921M        70M         0B       824K       6.3M
-/+ buffers/cache:       914M        77M
Swap:         8.0G       332M       7.7G

             total       used       free     shared    buffers     cached
Mem:          992M       923M        69M         0B       824K       6.3M
-/+ buffers/cache:       915M        76M
Swap:         8.0G       331M       7.7G

             total       used       free     shared    buffers     cached
Mem:          992M       924M        67M         0B       824K       6.3M
-/+ buffers/cache:       917M        74M
Swap:         8.0G       331M       7.7G

             total       used       free     shared    buffers     cached
Mem:          992M       926M        65M         0B       840K       6.3M
-/+ buffers/cache:       919M        72M
Swap:         8.0G       330M       7.7G

             total       used       free     shared    buffers     cached
Mem:          992M       928M        63M         0B       840K       6.4M
-/+ buffers/cache:       921M        70M
Swap:         8.0G       329M       7.7G

             total       used       free     shared    buffers     cached
Mem:          992M       930M        61M         0B       840K       6.3M
-/+ buffers/cache:       923M        69M
Swap:         8.0G       328M       7.7G

             total       used       free     shared    buffers     cached
Mem:          992M       917M        75M         0B       840K       5.8M
-/+ buffers/cache:       910M        81M
Swap:         8.0G       348M       7.7G

             total       used       free     shared    buffers     cached
Mem:          992M       919M        73M         0B       840K       5.8M
-/+ buffers/cache:       912M        79M
Swap:         8.0G       347M       7.7G

             total       used       free     shared    buffers     cached
Mem:          992M       920M        71M         0B       848K       5.8M
-/+ buffers/cache:       914M        78M
Swap:         8.0G       346M       7.7G

             total       used       free     shared    buffers     cached
Mem:          992M       922M        69M         0B       848K       5.8M
-/+ buffers/cache:       915M        76M
Swap:         8.0G       345M       7.7G

             total       used       free     shared    buffers     cached
Mem:          992M       923M        68M         0B       848K       5.8M
-/+ buffers/cache:       917M        74M
Swap:         8.0G       345M       7.7G

             total       used       free     shared    buffers     cached
Mem:          992M       924M        67M         0B       848K       5.8M
-/+ buffers/cache:       918M        73M
Swap:         8.0G       344M       7.7G

             total       used       free     shared    buffers     cached
Mem:          992M       925M        66M         0B       848K       5.8M
-/+ buffers/cache:       919M        72M
Swap:         8.0G       343M       7.7G

             total       used       free     shared    buffers     cached
Mem:          992M       926M        65M         0B       848K       5.8M
-/+ buffers/cache:       920M        71M
Swap:         8.0G       343M       7.7G

             total       used       free     shared    buffers     cached
Mem:          992M       927M        64M         0B       856K       5.8M
-/+ buffers/cache:       920M        71M
Swap:         8.0G       343M       7.7G

             total       used       free     shared    buffers     cached
Mem:          992M       928M        63M         0B       856K       5.8M
-/+ buffers/cache:       921M        70M
Swap:         8.0G       342M       7.7G

             total       used       free     shared    buffers     cached
Mem:          992M       929M        62M         0B       856K       5.8M
-/+ buffers/cache:       922M        69M
Swap:         8.0G       342M       7.7G

             total       used       free     shared    buffers     cached
Mem:          992M       929M        62M         0B       856K       5.8M
-/+ buffers/cache:       923M        68M
Swap:         8.0G       342M       7.7G

             total       used       free     shared    buffers     cached
Mem:          992M       930M        61M         0B       856K       5.8M
-/+ buffers/cache:       924M        68M
Swap:         8.0G       341M       7.7G

             total       used       free     shared    buffers     cached
Mem:          992M       920M        71M         0B       812K       5.3M
-/+ buffers/cache:       914M        77M
Swap:         8.0G       346M       7.7G

             total       used       free     shared    buffers     cached
Mem:          992M       922M        69M         0B       812K       6.7M
-/+ buffers/cache:       915M        76M
Swap:         8.0G       346M       7.7G

             total       used       free     shared    buffers     cached
Mem:          992M       923M        68M         0B       812K       6.7M
-/+ buffers/cache:       916M        75M
Swap:         8.0G       345M       7.7G

             total       used       free     shared    buffers     cached
Mem:          992M       904M        88M         0B       700K        10M
-/+ buffers/cache:       893M        99M
Swap:         8.0G       380M       7.6G

             total       used       free     shared    buffers     cached
Mem:          992M       911M        81M         4K       700K        14M
-/+ buffers/cache:       896M        95M
Swap:         8.0G       379M       7.6G

             total       used       free     shared    buffers     cached
Mem:          992M       911M        80M         4K       708K        14M
-/+ buffers/cache:       896M        95M
Swap:         8.0G       379M       7.6G

             total       used       free     shared    buffers     cached
Mem:          992M       912M        79M         4K       708K        14M
-/+ buffers/cache:       897M        94M
Swap:         8.0G       378M       7.6G

             total       used       free     shared    buffers     cached
Mem:          992M       913M        78M         4K       708K        14M
-/+ buffers/cache:       898M        93M
Swap:         8.0G       378M       7.6G

             total       used       free     shared    buffers     cached
Mem:          992M       914M        77M         4K       708K        14M
-/+ buffers/cache:       899M        92M
Swap:         8.0G       377M       7.6G

             total       used       free     shared    buffers     cached
Mem:          992M       915M        76M         4K       708K        14M
-/+ buffers/cache:       900M        91M
Swap:         8.0G       377M       7.6G

             total       used       free     shared    buffers     cached
Mem:          992M       916M        75M         4K       708K        14M
-/+ buffers/cache:       901M        90M
Swap:         8.0G       376M       7.6G

             total       used       free     shared    buffers     cached
Mem:          992M       917M        74M         4K       716K        14M
-/+ buffers/cache:       902M        89M
Swap:         8.0G       376M       7.6G

             total       used       free     shared    buffers     cached
Mem:          992M       920M        71M         4K       716K        15M
-/+ buffers/cache:       904M        87M
Swap:         8.0G       375M       7.6G

             total       used       free     shared    buffers     cached
Mem:          992M       921M        70M         4K       716K        15M
-/+ buffers/cache:       905M        86M
Swap:         8.0G       374M       7.6G

             total       used       free     shared    buffers     cached
Mem:          992M       922M        69M         4K       720K        15M
-/+ buffers/cache:       906M        86M
Swap:         8.0G       374M       7.6G

             total       used       free     shared    buffers     cached
Mem:          992M       923M        69M         4K       720K        15M
-/+ buffers/cache:       906M        85M
Swap:         8.0G       373M       7.6G

             total       used       free     shared    buffers     cached
Mem:          992M       924M        67M         4K       728K        15M
-/+ buffers/cache:       908M        84M
Swap:         8.0G       373M       7.6G

             total       used       free     shared    buffers     cached
Mem:          992M       926M        66M         4K       728K        16M
-/+ buffers/cache:       908M        83M
Swap:         8.0G       372M       7.6G

             total       used       free     shared    buffers     cached
Mem:          992M       927M        65M         4K       728K        16M
-/+ buffers/cache:       909M        82M
Swap:         8.0G       372M       7.6G

             total       used       free     shared    buffers     cached
Mem:          992M       928M        63M         4K       728K        16M
-/+ buffers/cache:       910M        81M
Swap:         8.0G       371M       7.6G

             total       used       free     shared    buffers     cached
Mem:          992M       929M        62M         4K       728K        16M
-/+ buffers/cache:       912M        80M
Swap:         8.0G       370M       7.6G

             total       used       free     shared    buffers     cached
Mem:          992M       930M        61M         4K       728K        16M
-/+ buffers/cache:       913M        79M
Swap:         8.0G       370M       7.6G

             total       used       free     shared    buffers     cached
Mem:          992M       931M        61M         4K       736K        16M
-/+ buffers/cache:       913M        78M
Swap:         8.0G       369M       7.6G

             total       used       free     shared    buffers     cached
Mem:          992M       918M        73M         4K       552K        15M
-/+ buffers/cache:       902M        89M
Swap:         8.0G       382M       7.6G

             total       used       free     shared    buffers     cached
Mem:          992M       919M        72M         4K       552K        15M
-/+ buffers/cache:       903M        88M
Swap:         8.0G       381M       7.6G

             total       used       free     shared    buffers     cached
Mem:          992M       920M        71M         4K       552K        15M
-/+ buffers/cache:       904M        87M
Swap:         8.0G       381M       7.6G

             total       used       free     shared    buffers     cached
Mem:          992M       921M        70M         4K       552K        15M
-/+ buffers/cache:       905M        86M
Swap:         8.0G       380M       7.6G

             total       used       free     shared    buffers     cached
Mem:          992M       922M        69M         4K       560K        15M
-/+ buffers/cache:       906M        85M
Swap:         8.0G       380M       7.6G

             total       used       free     shared    buffers     cached
Mem:          992M       923M        68M         4K       560K        15M
-/+ buffers/cache:       907M        84M
Swap:         8.0G       379M       7.6G

             total       used       free     shared    buffers     cached
Mem:          992M       924M        67M         4K       560K        15M
-/+ buffers/cache:       908M        83M
Swap:         8.0G       379M       7.6G

             total       used       free     shared    buffers     cached
Mem:          992M       925M        66M         4K       560K        15M
-/+ buffers/cache:       909M        82M
Swap:         8.0G       378M       7.6G

             total       used       free     shared    buffers     cached
Mem:          992M       926M        66M         4K       560K        15M
-/+ buffers/cache:       910M        82M
Swap:         8.0G       378M       7.6G

             total       used       free     shared    buffers     cached
Mem:          992M       927M        65M         4K       560K        15M
-/+ buffers/cache:       911M        80M
Swap:         8.0G       377M       7.6G

             total       used       free     shared    buffers     cached
Mem:          992M       928M        63M         4K       568K        15M
-/+ buffers/cache:       912M        79M
Swap:         8.0G       377M       7.6G

             total       used       free     shared    buffers     cached
Mem:          992M       929M        63M         4K       568K        15M
-/+ buffers/cache:       913M        79M
Swap:         8.0G       376M       7.6G

             total       used       free     shared    buffers     cached
Mem:          992M       930M        62M         4K       568K        15M
-/+ buffers/cache:       914M        78M
Swap:         8.0G       376M       7.6G

             total       used       free     shared    buffers     cached
Mem:          992M       931M        61M         4K       568K        15M
-/+ buffers/cache:       915M        77M
Swap:         8.0G       375M       7.6G

             total       used       free     shared    buffers     cached
Mem:          992M       919M        72M         4K       132K        15M
-/+ buffers/cache:       904M        88M
Swap:         8.0G       376M       7.6G

             total       used       free     shared    buffers     cached
Mem:          992M       920M        71M         4K       140K        15M
-/+ buffers/cache:       905M        87M
Swap:         8.0G       376M       7.6G

             total       used       free     shared    buffers     cached
Mem:          992M       921M        70M         4K       140K        15M
-/+ buffers/cache:       905M        86M
Swap:         8.0G       375M       7.6G

             total       used       free     shared    buffers     cached
Mem:          992M       922M        69M         4K       140K        15M
-/+ buffers/cache:       906M        85M
Swap:         8.0G       375M       7.6G

             total       used       free     shared    buffers     cached
Mem:          992M       923M        68M         4K       140K        15M
-/+ buffers/cache:       908M        84M
Swap:         8.0G       374M       7.6G

             total       used       free     shared    buffers     cached
Mem:          992M       924M        67M         4K       140K        15M
-/+ buffers/cache:       909M        83M
Swap:         8.0G       374M       7.6G

             total       used       free     shared    buffers     cached
Mem:          992M       925M        66M         4K       140K        15M
-/+ buffers/cache:       910M        82M
Swap:         8.0G       373M       7.6G

             total       used       free     shared    buffers     cached
Mem:          992M       926M        65M         4K       148K        15M
-/+ buffers/cache:       911M        80M
Swap:         8.0G       372M       7.6G

             total       used       free     shared    buffers     cached
Mem:          992M       928M        63M         4K       148K        15M
-/+ buffers/cache:       912M        79M
Swap:         8.0G       372M       7.6G

             total       used       free     shared    buffers     cached
Mem:          992M       929M        62M         4K       148K        15M
-/+ buffers/cache:       914M        78M
Swap:         8.0G       371M       7.6G

             total       used       free     shared    buffers     cached
Mem:          992M       931M        60M         4K       148K        15M
-/+ buffers/cache:       915M        76M
Swap:         8.0G       370M       7.6G

             total       used       free     shared    buffers     cached
Mem:          992M       912M        79M         4K       148K        14M
-/+ buffers/cache:       898M        94M
Swap:         8.0G       399M       7.6G

             total       used       free     shared    buffers     cached
Mem:          992M       914M        78M         4K       156K        14M
-/+ buffers/cache:       899M        92M
Swap:         8.0G       399M       7.6G

             total       used       free     shared    buffers     cached
Mem:          992M       915M        76M         4K       156K        14M
-/+ buffers/cache:       900M        91M
Swap:         8.0G       398M       7.6G

             total       used       free     shared    buffers     cached
Mem:          992M       916M        75M         4K       156K        14M
-/+ buffers/cache:       902M        90M
Swap:         8.0G       397M       7.6G

             total       used       free     shared    buffers     cached
Mem:          992M       918M        73M         4K       156K        14M
-/+ buffers/cache:       903M        88M
Swap:         8.0G       396M       7.6G

             total       used       free     shared    buffers     cached
Mem:          992M       920M        72M         4K       156K        14M
-/+ buffers/cache:       905M        86M
Swap:         8.0G       395M       7.6G

             total       used       free     shared    buffers     cached
Mem:          992M       921M        70M         4K       164K        14M
-/+ buffers/cache:       906M        85M
Swap:         8.0G       395M       7.6G

             total       used       free     shared    buffers     cached
Mem:          992M       923M        68M         4K       164K        14M
-/+ buffers/cache:       908M        83M
Swap:         8.0G       394M       7.6G

             total       used       free     shared    buffers     cached
Mem:          992M       925M        67M         4K       164K        14M
-/+ buffers/cache:       910M        81M
Swap:         8.0G       393M       7.6G

             total       used       free     shared    buffers     cached
Mem:          992M       926M        65M         4K       164K        14M
-/+ buffers/cache:       911M        80M
Swap:         8.0G       392M       7.6G

             total       used       free     shared    buffers     cached
Mem:          992M       927M        64M         4K       164K        14M
-/+ buffers/cache:       912M        79M
Swap:         8.0G       391M       7.6G

             total       used       free     shared    buffers     cached
Mem:          992M       929M        62M         4K       164K        14M
-/+ buffers/cache:       914M        77M
Swap:         8.0G       391M       7.6G

             total       used       free     shared    buffers     cached
Mem:          992M       930M        61M         4K       172K        14M
-/+ buffers/cache:       916M        76M
Swap:         8.0G       390M       7.6G

             total       used       free     shared    buffers     cached
Mem:          992M       920M        71M         4K       172K        14M
-/+ buffers/cache:       905M        86M
Swap:         8.0G       391M       7.6G

             total       used       free     shared    buffers     cached
Mem:          992M       921M        70M         4K       172K        14M
-/+ buffers/cache:       907M        85M
Swap:         8.0G       391M       7.6G

             total       used       free     shared    buffers     cached
Mem:          992M       923M        68M         4K       172K        14M
-/+ buffers/cache:       908M        83M
Swap:         8.0G       390M       7.6G

             total       used       free     shared    buffers     cached
Mem:          992M       924M        67M         4K       172K        14M
-/+ buffers/cache:       910M        82M
Swap:         8.0G       389M       7.6G

             total       used       free     shared    buffers     cached
Mem:          992M       926M        66M         4K       180K        14M
-/+ buffers/cache:       911M        80M
Swap:         8.0G       388M       7.6G

             total       used       free     shared    buffers     cached
Mem:          992M       927M        64M         4K       180K        14M
-/+ buffers/cache:       913M        79M
Swap:         8.0G       387M       7.6G

             total       used       free     shared    buffers     cached
Mem:          992M       929M        62M         4K       180K        14M
-/+ buffers/cache:       914M        77M
Swap:         8.0G       386M       7.6G

             total       used       free     shared    buffers     cached
Mem:          992M       931M        60M         4K       180K        14M
-/+ buffers/cache:       916M        75M
Swap:         8.0G       385M       7.6G

             total       used       free     shared    buffers     cached
Mem:          992M       921M        70M         4K       316K        16M
-/+ buffers/cache:       904M        87M
Swap:         8.0G       406M       7.6G

             total       used       free     shared    buffers     cached
Mem:          992M       920M        72M         8K       712K        19M
-/+ buffers/cache:       899M        92M
Swap:         8.0G       409M       7.6G

             total       used       free     shared    buffers     cached
Mem:          992M       921M        70M         8K       720K        19M
-/+ buffers/cache:       901M        90M
Swap:         8.0G       408M       7.6G

             total       used       free     shared    buffers     cached
Mem:          992M       928M        63M         8K       720K        21M
-/+ buffers/cache:       905M        86M
Swap:         8.0G       406M       7.6G

             total       used       free     shared    buffers     cached
Mem:          992M       929M        62M         8K       720K        21M
-/+ buffers/cache:       907M        84M
Swap:         8.0G       405M       7.6G

             total       used       free     shared    buffers     cached
Mem:          992M       931M        60M         8K       720K        21M
-/+ buffers/cache:       908M        83M
Swap:         8.0G       404M       7.6G

             total       used       free     shared    buffers     cached
Mem:          992M       917M        74M         8K       668K        20M
-/+ buffers/cache:       895M        96M
Swap:         8.0G       419M       7.6G

             total       used       free     shared    buffers     cached
Mem:          992M       918M        73M         8K       676K        20M
-/+ buffers/cache:       897M        95M
Swap:         8.0G       418M       7.6G

             total       used       free     shared    buffers     cached
Mem:          992M       920M        71M         8K       676K        21M
-/+ buffers/cache:       898M        93M
Swap:         8.0G       417M       7.6G

             total       used       free     shared    buffers     cached
Mem:          992M       922M        69M         8K       676K        21M
-/+ buffers/cache:       900M        91M
Swap:         8.0G       416M       7.6G

             total       used       free     shared    buffers     cached
Mem:          992M       923M        68M         8K       676K        21M
-/+ buffers/cache:       901M        90M
Swap:         8.0G       416M       7.6G

             total       used       free     shared    buffers     cached
Mem:          992M       920M        71M       1.8M       2.0M        27M
-/+ buffers/cache:       891M       100M
Swap:         8.0G       438M       7.6G

             total       used       free     shared    buffers     cached
Mem:          992M       922M        69M       1.8M       2.0M        27M
-/+ buffers/cache:       893M        99M
Swap:         8.0G       437M       7.6G

             total       used       free     shared    buffers     cached
Mem:          992M       923M        68M       1.8M       2.0M        27M
-/+ buffers/cache:       894M        97M
Swap:         8.0G       436M       7.6G

             total       used       free     shared    buffers     cached
Mem:          992M       925M        67M       1.8M       2.0M        27M
-/+ buffers/cache:       895M        96M
Swap:         8.0G       436M       7.6G

             total       used       free     shared    buffers     cached
Mem:          992M       926M        65M       1.8M       2.0M        27M
-/+ buffers/cache:       897M        94M
Swap:         8.0G       435M       7.6G

             total       used       free     shared    buffers     cached
Mem:          992M       928M        64M       1.8M       2.0M        27M
-/+ buffers/cache:       898M        93M
Swap:         8.0G       434M       7.6G

             total       used       free     shared    buffers     cached
Mem:          992M       929M        62M       1.8M       2.0M        27M
-/+ buffers/cache:       900M        91M
Swap:         8.0G       433M       7.6G

             total       used       free     shared    buffers     cached
Mem:          992M       931M        61M       1.8M       2.0M        27M
-/+ buffers/cache:       901M        90M
Swap:         8.0G       433M       7.6G

             total       used       free     shared    buffers     cached
Mem:          992M       917M        74M       1.8M       2.0M        26M
-/+ buffers/cache:       888M       103M
Swap:         8.0G       432M       7.6G

             total       used       free     shared    buffers     cached
Mem:          992M       919M        72M       1.8M       2.0M        26M
-/+ buffers/cache:       890M       101M
Swap:         8.0G       431M       7.6G

             total       used       free     shared    buffers     cached
Mem:          992M       920M        71M       1.8M       2.0M        26M
-/+ buffers/cache:       892M       100M
Swap:         8.0G       431M       7.6G

             total       used       free     shared    buffers     cached
Mem:          992M       922M        69M       1.8M       2.0M        26M
-/+ buffers/cache:       893M        98M
Swap:         8.0G       430M       7.6G

             total       used       free     shared    buffers     cached
Mem:          992M       924M        67M       1.8M       2.0M        26M
-/+ buffers/cache:       895M        96M
Swap:         8.0G       429M       7.6G

             total       used       free     shared    buffers     cached
Mem:          992M       927M        64M       1.8M       2.2M        27M
-/+ buffers/cache:       897M        94M
Swap:         8.0G       428M       7.6G

             total       used       free     shared    buffers     cached
Mem:          992M       929M        62M       1.8M       2.2M        27M
-/+ buffers/cache:       899M        92M
Swap:         8.0G       427M       7.6G

             total       used       free     shared    buffers     cached
Mem:          992M       930M        61M       1.8M       2.2M        27M
-/+ buffers/cache:       900M        91M
Swap:         8.0G       427M       7.6G

             total       used       free     shared    buffers     cached
Mem:          992M       914M        78M       1.8M       2.2M        26M
-/+ buffers/cache:       885M       107M
Swap:         8.0G       446M       7.6G

             total       used       free     shared    buffers     cached
Mem:          992M       915M        76M       1.8M       2.2M        26M
-/+ buffers/cache:       886M       105M
Swap:         8.0G       446M       7.6G

             total       used       free     shared    buffers     cached
Mem:          992M       917M        75M       1.8M       2.2M        26M
-/+ buffers/cache:       888M       104M
Swap:         8.0G       445M       7.6G

             total       used       free     shared    buffers     cached
Mem:          992M       918M        73M       1.8M       2.2M        26M
-/+ buffers/cache:       889M       102M
Swap:         8.0G       444M       7.6G

             total       used       free     shared    buffers     cached
Mem:          992M       920M        71M       1.8M       2.2M        26M
-/+ buffers/cache:       891M       101M
Swap:         8.0G       444M       7.6G

             total       used       free     shared    buffers     cached
Mem:          992M       921M        70M       1.8M       2.2M        26M
-/+ buffers/cache:       892M        99M
Swap:         8.0G       443M       7.6G

             total       used       free     shared    buffers     cached
Mem:          992M       923M        68M       1.8M       2.2M        26M
-/+ buffers/cache:       894M        97M
Swap:         8.0G       442M       7.6G

             total       used       free     shared    buffers     cached
Mem:          992M       925M        67M       1.8M       2.2M        26M
-/+ buffers/cache:       896M        96M
Swap:         8.0G       441M       7.6G

             total       used       free     shared    buffers     cached
Mem:          992M       926M        65M       1.8M       2.2M        26M
-/+ buffers/cache:       897M        95M
Swap:         8.0G       441M       7.6G

             total       used       free     shared    buffers     cached
Mem:          992M       927M        64M       1.8M       2.2M        26M
-/+ buffers/cache:       898M        93M
Swap:         8.0G       440M       7.6G

             total       used       free     shared    buffers     cached
Mem:          992M       929M        62M       1.8M       2.2M        26M
-/+ buffers/cache:       900M        91M
Swap:         8.0G       439M       7.6G

             total       used       free     shared    buffers     cached
Mem:          992M       930M        61M       1.8M       2.2M        26M
-/+ buffers/cache:       901M        90M
Swap:         8.0G       439M       7.6G

             total       used       free     shared    buffers     cached
Mem:          992M       916M        75M       1.8M       1.6M        24M
-/+ buffers/cache:       890M       101M
Swap:         8.0G       444M       7.6G

             total       used       free     shared    buffers     cached
Mem:          992M       918M        74M       1.8M       1.6M        24M
-/+ buffers/cache:       892M        99M
Swap:         8.0G       444M       7.6G

             total       used       free     shared    buffers     cached
Mem:          992M       919M        72M       1.8M       1.6M        24M
-/+ buffers/cache:       893M        98M
Swap:         8.0G       443M       7.6G

             total       used       free     shared    buffers     cached
Mem:          992M       921M        70M       1.8M       1.6M        24M
-/+ buffers/cache:       895M        96M
Swap:         8.0G       442M       7.6G

             total       used       free     shared    buffers     cached
Mem:          992M       922M        69M       1.8M       1.6M        24M
-/+ buffers/cache:       896M        95M
Swap:         8.0G       442M       7.6G

             total       used       free     shared    buffers     cached
Mem:          992M       924M        67M       1.8M       1.6M        24M
-/+ buffers/cache:       898M        93M
Swap:         8.0G       441M       7.6G

             total       used       free     shared    buffers     cached
Mem:          992M       926M        66M       1.8M       1.6M        24M
-/+ buffers/cache:       900M        92M
Swap:         8.0G       440M       7.6G

             total       used       free     shared    buffers     cached
Mem:          992M       927M        64M       1.8M       1.7M        24M
-/+ buffers/cache:       901M        90M
Swap:         8.0G       440M       7.6G

             total       used       free     shared    buffers     cached
Mem:          992M       929M        62M       1.8M       1.7M        24M
-/+ buffers/cache:       903M        88M
Swap:         8.0G       439M       7.6G

             total       used       free     shared    buffers     cached
Mem:          992M       930M        61M       1.8M       1.7M        24M
-/+ buffers/cache:       905M        87M
Swap:         8.0G       438M       7.6G

             total       used       free     shared    buffers     cached
Mem:          992M       914M        77M       1.8M       1.6M        22M
-/+ buffers/cache:       891M       100M
Swap:         8.0G       459M       7.5G

             total       used       free     shared    buffers     cached
Mem:          992M       916M        75M       1.8M       1.6M        22M
-/+ buffers/cache:       893M        98M
Swap:         8.0G       458M       7.5G

             total       used       free     shared    buffers     cached
Mem:          992M       921M        70M       1.8M       2.2M        24M
-/+ buffers/cache:       895M        97M
Swap:         8.0G       458M       7.5G

             total       used       free     shared    buffers     cached
Mem:          992M       919M        72M       1.9M       5.9M        32M
-/+ buffers/cache:       881M       110M
Swap:         8.0G       465M       7.5G
