             total       used       free     shared    buffers     cached
Mem:          992M       655M       336M       3.2M        38M       289M
-/+ buffers/cache:       327M       664M
Swap:         8.0G         0B       8.0G

             total       used       free     shared    buffers     cached
Mem:          992M       653M       338M       1.4M        38M       287M
-/+ buffers/cache:       326M       665M
Swap:         8.0G         0B       8.0G

             total       used       free     shared    buffers     cached
Mem:          992M       653M       338M       1.4M        38M       287M
-/+ buffers/cache:       326M       665M
Swap:         8.0G         0B       8.0G

             total       used       free     shared    buffers     cached
Mem:          992M       653M       338M       1.4M        38M       287M
-/+ buffers/cache:       326M       665M
Swap:         8.0G         0B       8.0G

             total       used       free     shared    buffers     cached
Mem:          992M       653M       338M       1.4M        38M       287M
-/+ buffers/cache:       326M       665M
Swap:         8.0G         0B       8.0G

             total       used       free     shared    buffers     cached
Mem:          992M       653M       338M       1.4M        38M       287M
-/+ buffers/cache:       326M       665M
Swap:         8.0G         0B       8.0G

             total       used       free     shared    buffers     cached
Mem:          992M       652M       339M       1.4M        38M       287M
-/+ buffers/cache:       326M       665M
Swap:         8.0G         0B       8.0G

             total       used       free     shared    buffers     cached
Mem:          992M       652M       339M       1.4M        38M       288M
-/+ buffers/cache:       326M       666M
Swap:         8.0G         0B       8.0G

             total       used       free     shared    buffers     cached
Mem:          992M       652M       339M       1.4M        38M       288M
-/+ buffers/cache:       325M       666M
Swap:         8.0G         0B       8.0G

             total       used       free     shared    buffers     cached
Mem:          992M       655M       336M       1.4M        38M       288M
-/+ buffers/cache:       329M       662M
Swap:         8.0G         0B       8.0G

             total       used       free     shared    buffers     cached
Mem:          992M       675M       317M       1.4M        38M       288M
-/+ buffers/cache:       348M       643M
Swap:         8.0G         0B       8.0G

             total       used       free     shared    buffers     cached
Mem:          992M       661M       330M       1.4M        38M       289M
-/+ buffers/cache:       334M       658M
Swap:         8.0G         0B       8.0G

             total       used       free     shared    buffers     cached
Mem:          992M       661M       330M       1.4M        38M       289M
-/+ buffers/cache:       334M       658M
Swap:         8.0G         0B       8.0G

             total       used       free     shared    buffers     cached
Mem:          992M       662M       329M       1.4M        38M       289M
-/+ buffers/cache:       334M       657M
Swap:         8.0G         0B       8.0G

             total       used       free     shared    buffers     cached
Mem:          992M       662M       329M       1.4M        38M       289M
-/+ buffers/cache:       334M       657M
Swap:         8.0G         0B       8.0G

             total       used       free     shared    buffers     cached
Mem:          992M       662M       329M       1.4M        38M       289M
-/+ buffers/cache:       334M       657M
Swap:         8.0G         0B       8.0G

             total       used       free     shared    buffers     cached
Mem:          992M       662M       329M       1.4M        38M       289M
-/+ buffers/cache:       334M       658M
Swap:         8.0G         0B       8.0G

             total       used       free     shared    buffers     cached
Mem:          992M       662M       329M       1.4M        38M       289M
-/+ buffers/cache:       334M       658M
Swap:         8.0G         0B       8.0G

             total       used       free     shared    buffers     cached
Mem:          992M       662M       329M       1.4M        38M       289M
-/+ buffers/cache:       334M       658M
Swap:         8.0G         0B       8.0G

             total       used       free     shared    buffers     cached
Mem:          992M       662M       329M       1.4M        38M       289M
-/+ buffers/cache:       334M       658M
Swap:         8.0G         0B       8.0G

             total       used       free     shared    buffers     cached
Mem:          992M       662M       329M       1.4M        38M       289M
-/+ buffers/cache:       334M       658M
Swap:         8.0G         0B       8.0G

             total       used       free     shared    buffers     cached
Mem:          992M       662M       329M       1.4M        38M       289M
-/+ buffers/cache:       334M       657M
Swap:         8.0G         0B       8.0G

             total       used       free     shared    buffers     cached
Mem:          992M       662M       329M       1.4M        38M       289M
-/+ buffers/cache:       334M       657M
Swap:         8.0G         0B       8.0G

             total       used       free     shared    buffers     cached
Mem:          992M       662M       329M       1.4M        38M       289M
-/+ buffers/cache:       334M       657M
Swap:         8.0G         0B       8.0G

             total       used       free     shared    buffers     cached
Mem:          992M       662M       329M       1.4M        38M       289M
-/+ buffers/cache:       334M       657M
Swap:         8.0G         0B       8.0G

             total       used       free     shared    buffers     cached
Mem:          992M       662M       329M       1.4M        38M       289M
-/+ buffers/cache:       334M       657M
Swap:         8.0G         0B       8.0G

             total       used       free     shared    buffers     cached
Mem:          992M       662M       329M       1.4M        38M       289M
-/+ buffers/cache:       334M       658M
Swap:         8.0G         0B       8.0G

             total       used       free     shared    buffers     cached
Mem:          992M       662M       329M       1.4M        38M       289M
-/+ buffers/cache:       334M       658M
Swap:         8.0G         0B       8.0G

             total       used       free     shared    buffers     cached
Mem:          992M       662M       329M       1.4M        38M       289M
-/+ buffers/cache:       334M       658M
Swap:         8.0G         0B       8.0G

             total       used       free     shared    buffers     cached
Mem:          992M       662M       329M       1.4M        38M       289M
-/+ buffers/cache:       334M       658M
Swap:         8.0G         0B       8.0G

             total       used       free     shared    buffers     cached
Mem:          992M       662M       329M       1.4M        38M       289M
-/+ buffers/cache:       334M       658M
Swap:         8.0G         0B       8.0G

             total       used       free     shared    buffers     cached
Mem:          992M       662M       329M       1.4M        38M       289M
-/+ buffers/cache:       334M       658M
Swap:         8.0G         0B       8.0G

             total       used       free     shared    buffers     cached
Mem:          992M       662M       329M       1.4M        38M       289M
-/+ buffers/cache:       334M       658M
Swap:         8.0G         0B       8.0G

             total       used       free     shared    buffers     cached
Mem:          992M       666M       325M       1.4M        38M       289M
-/+ buffers/cache:       338M       653M
Swap:         8.0G         0B       8.0G

             total       used       free     shared    buffers     cached
Mem:          992M       683M       308M       1.4M        38M       289M
-/+ buffers/cache:       355M       636M
Swap:         8.0G         0B       8.0G

             total       used       free     shared    buffers     cached
Mem:          992M       700M       291M       1.4M        38M       289M
-/+ buffers/cache:       372M       619M
Swap:         8.0G         0B       8.0G

             total       used       free     shared    buffers     cached
Mem:          992M       717M       274M       1.4M        38M       289M
-/+ buffers/cache:       389M       602M
Swap:         8.0G         0B       8.0G

             total       used       free     shared    buffers     cached
Mem:          992M       734M       257M       1.4M        38M       289M
-/+ buffers/cache:       406M       585M
Swap:         8.0G         0B       8.0G

             total       used       free     shared    buffers     cached
Mem:          992M       749M       242M       1.4M        38M       289M
-/+ buffers/cache:       421M       570M
Swap:         8.0G         0B       8.0G

             total       used       free     shared    buffers     cached
Mem:          992M       766M       226M       1.4M        38M       289M
-/+ buffers/cache:       437M       554M
Swap:         8.0G         0B       8.0G

             total       used       free     shared    buffers     cached
Mem:          992M       780M       211M       1.4M        38M       289M
-/+ buffers/cache:       452M       540M
Swap:         8.0G         0B       8.0G

             total       used       free     shared    buffers     cached
Mem:          992M       795M       196M       1.4M        38M       289M
-/+ buffers/cache:       467M       524M
Swap:         8.0G         0B       8.0G

             total       used       free     shared    buffers     cached
Mem:          992M       812M       179M       1.4M        38M       289M
-/+ buffers/cache:       484M       508M
Swap:         8.0G         0B       8.0G

             total       used       free     shared    buffers     cached
Mem:          992M       832M       159M       1.4M        38M       289M
-/+ buffers/cache:       504M       487M
Swap:         8.0G         0B       8.0G

             total       used       free     shared    buffers     cached
Mem:          992M       848M       143M       1.4M        38M       289M
-/+ buffers/cache:       520M       472M
Swap:         8.0G         0B       8.0G

             total       used       free     shared    buffers     cached
Mem:          992M       865M       126M       1.4M        38M       289M
-/+ buffers/cache:       537M       454M
Swap:         8.0G         0B       8.0G

             total       used       free     shared    buffers     cached
Mem:          992M       881M       110M       1.4M        38M       289M
-/+ buffers/cache:       553M       438M
Swap:         8.0G         0B       8.0G

             total       used       free     shared    buffers     cached
Mem:          992M       894M        97M       1.4M        38M       289M
-/+ buffers/cache:       566M       425M
Swap:         8.0G         0B       8.0G

             total       used       free     shared    buffers     cached
Mem:          992M       911M        80M       1.4M        38M       289M
-/+ buffers/cache:       583M       408M
Swap:         8.0G         0B       8.0G

             total       used       free     shared    buffers     cached
Mem:          992M       929M        62M       1.4M        38M       289M
-/+ buffers/cache:       601M       390M
Swap:         8.0G         0B       8.0G

             total       used       free     shared    buffers     cached
Mem:          992M       925M        66M       1.4M        17M       288M
-/+ buffers/cache:       620M       372M
Swap:         8.0G         0B       8.0G

             total       used       free     shared    buffers     cached
Mem:          992M       924M        67M       1.4M        10M       278M
-/+ buffers/cache:       635M       356M
Swap:         8.0G         0B       8.0G

             total       used       free     shared    buffers     cached
Mem:          992M       924M        67M       1.4M       9.6M       262M
-/+ buffers/cache:       651M       340M
Swap:         8.0G       140K       8.0G

             total       used       free     shared    buffers     cached
Mem:          992M       922M        69M       1.3M       9.6M       244M
-/+ buffers/cache:       668M       323M
Swap:         8.0G       396K       8.0G

             total       used       free     shared    buffers     cached
Mem:          992M       924M        67M       1.2M       9.6M       232M
-/+ buffers/cache:       682M       309M
Swap:         8.0G       4.5M       8.0G

             total       used       free     shared    buffers     cached
Mem:          992M       907M        84M       1.2M       9.5M       205M
-/+ buffers/cache:       692M       299M
Swap:         8.0G       8.7M       8.0G

             total       used       free     shared    buffers     cached
Mem:          992M       922M        69M       1.2M       9.5M       205M
-/+ buffers/cache:       707M       284M
Swap:         8.0G       8.7M       8.0G

             total       used       free     shared    buffers     cached
Mem:          992M       924M        67M       1.2M       2.7M       199M
-/+ buffers/cache:       722M       269M
Swap:         8.0G       8.7M       8.0G

             total       used       free     shared    buffers     cached
Mem:          992M       928M        63M       1.2M       1.7M       188M
-/+ buffers/cache:       738M       253M
Swap:         8.0G       8.7M       8.0G

             total       used       free     shared    buffers     cached
Mem:          992M       928M        63M       1.2M       196K       174M
-/+ buffers/cache:       754M       237M
Swap:         8.0G       8.7M       8.0G

             total       used       free     shared    buffers     cached
Mem:          992M       923M        68M       1.2M       204K       153M
-/+ buffers/cache:       769M       222M
Swap:         8.0G       8.7M       8.0G

             total       used       free     shared    buffers     cached
Mem:          992M       913M        78M       1.2M       208K       135M
-/+ buffers/cache:       778M       213M
Swap:         8.0G       8.7M       8.0G

             total       used       free     shared    buffers     cached
Mem:          992M       928M        63M       1.2M       372K       135M
-/+ buffers/cache:       792M       199M
Swap:         8.0G       8.7M       8.0G

             total       used       free     shared    buffers     cached
Mem:          992M       927M        65M       1.2M       216K       119M
-/+ buffers/cache:       807M       184M
Swap:         8.0G       8.7M       8.0G

             total       used       free     shared    buffers     cached
Mem:          992M       927M        64M       1.2M       216K       105M
-/+ buffers/cache:       822M       170M
Swap:         8.0G       8.7M       8.0G

             total       used       free     shared    buffers     cached
Mem:          992M       929M        62M       1.2M       216K        93M
-/+ buffers/cache:       835M       156M
Swap:         8.0G       8.7M       8.0G

             total       used       free     shared    buffers     cached
Mem:          992M       922M        69M       1.2M       220K        72M
-/+ buffers/cache:       850M       142M
Swap:         8.0G       8.7M       8.0G

             total       used       free     shared    buffers     cached
Mem:          992M       921M        71M       1.2M       228K        55M
-/+ buffers/cache:       865M       126M
Swap:         8.0G       8.7M       8.0G

             total       used       free     shared    buffers     cached
Mem:          992M       924M        67M       1.2M       368K        44M
-/+ buffers/cache:       879M       112M
Swap:         8.0G       8.7M       8.0G

             total       used       free     shared    buffers     cached
Mem:          992M       923M        69M       1.2M       3.1M        24M
-/+ buffers/cache:       895M        97M
Swap:         8.0G       8.7M       8.0G

             total       used       free     shared    buffers     cached
Mem:          992M       921M        70M       1.0M       2.9M        12M
-/+ buffers/cache:       906M        86M
Swap:         8.0G        12M       8.0G

             total       used       free     shared    buffers     cached
Mem:          992M       920M        71M       1.0M        92K       8.9M
-/+ buffers/cache:       911M        80M
Swap:         8.0G        23M       8.0G

             total       used       free     shared    buffers     cached
Mem:          992M       921M        70M       688K       100K       4.7M
-/+ buffers/cache:       916M        75M
Swap:         8.0G        76M       7.9G

             total       used       free     shared    buffers     cached
Mem:          992M       914M        77M       688K       104K        24M
-/+ buffers/cache:       890M       101M
Swap:         8.0G        77M       7.9G

             total       used       free     shared    buffers     cached
Mem:          992M       930M        62M       680K       372K        24M
-/+ buffers/cache:       905M        86M
Swap:         8.0G        77M       7.9G

             total       used       free     shared    buffers     cached
Mem:          992M       927M        64M       680K       772K        20M
-/+ buffers/cache:       906M        85M
Swap:         8.0G       103M       7.9G

             total       used       free     shared    buffers     cached
Mem:          992M       926M        65M       672K       772K        19M
-/+ buffers/cache:       906M        86M
Swap:         8.0G       109M       7.9G

             total       used       free     shared    buffers     cached
Mem:          992M       921M        70M       672K       488K        16M
-/+ buffers/cache:       904M        87M
Swap:         8.0G       131M       7.9G

             total       used       free     shared    buffers     cached
Mem:          992M       920M        71M       656K       496K       9.9M
-/+ buffers/cache:       909M        82M
Swap:         8.0G       131M       7.9G

             total       used       free     shared    buffers     cached
Mem:          992M       927M        65M       656K       516K       6.0M
-/+ buffers/cache:       920M        71M
Swap:         8.0G       131M       7.9G

             total       used       free     shared    buffers     cached
Mem:          992M       926M        65M       604K        80K       3.7M
-/+ buffers/cache:       922M        69M
Swap:         8.0G       156M       7.8G

             total       used       free     shared    buffers     cached
Mem:          992M       925M        66M       588K        80K       3.7M
-/+ buffers/cache:       921M        70M
Swap:         8.0G       156M       7.8G

             total       used       free     shared    buffers     cached
Mem:          992M       923M        68M       588K       348K       3.6M
-/+ buffers/cache:       920M        72M
Swap:         8.0G       201M       7.8G

             total       used       free     shared    buffers     cached
Mem:          992M       926M        65M       576K       356K       3.5M
-/+ buffers/cache:       922M        69M
Swap:         8.0G       201M       7.8G

             total       used       free     shared    buffers     cached
Mem:          992M       925M        66M       576K       356K       3.7M
-/+ buffers/cache:       921M        70M
Swap:         8.0G       201M       7.8G

             total       used       free     shared    buffers     cached
Mem:          992M       927M        64M       576K       356K       3.7M
-/+ buffers/cache:       923M        68M
Swap:         8.0G       231M       7.8G

             total       used       free     shared    buffers     cached
Mem:          992M       925M        67M       548K       356K       3.6M
-/+ buffers/cache:       921M        71M
Swap:         8.0G       231M       7.8G

             total       used       free     shared    buffers     cached
Mem:          992M       918M        73M       548K       356K       3.2M
-/+ buffers/cache:       915M        76M
Swap:         8.0G       260M       7.7G

             total       used       free     shared    buffers     cached
Mem:          992M       925M        66M       548K       364K       3.1M
-/+ buffers/cache:       922M        70M
Swap:         8.0G       260M       7.7G

             total       used       free     shared    buffers     cached
Mem:          992M       921M        70M       548K       364K       3.2M
-/+ buffers/cache:       917M        74M
Swap:         8.0G       260M       7.7G

             total       used       free     shared    buffers     cached
Mem:          992M       928M        63M       548K       364K       3.2M
-/+ buffers/cache:       924M        67M
Swap:         8.0G       260M       7.7G

             total       used       free     shared    buffers     cached
Mem:          992M       917M        74M       548K       364K       2.8M
-/+ buffers/cache:       914M        77M
Swap:         8.0G       287M       7.7G

             total       used       free     shared    buffers     cached
Mem:          992M       923M        68M       548K       364K       2.8M
-/+ buffers/cache:       920M        71M
Swap:         8.0G       287M       7.7G

             total       used       free     shared    buffers     cached
Mem:          992M       928M        63M       548K       364K       2.8M
-/+ buffers/cache:       925M        66M
Swap:         8.0G       287M       7.7G

             total       used       free     shared    buffers     cached
Mem:          992M       920M        71M       548K       372K       2.7M
-/+ buffers/cache:       917M        74M
Swap:         8.0G       290M       7.7G

             total       used       free     shared    buffers     cached
Mem:          992M       924M        67M       548K       372K       2.7M
-/+ buffers/cache:       921M        70M
Swap:         8.0G       290M       7.7G

             total       used       free     shared    buffers     cached
Mem:          992M       929M        62M       548K       372K       2.7M
-/+ buffers/cache:       926M        65M
Swap:         8.0G       290M       7.7G

             total       used       free     shared    buffers     cached
Mem:          992M       919M        72M       548K       372K       2.7M
-/+ buffers/cache:       916M        75M
Swap:         8.0G       307M       7.7G

             total       used       free     shared    buffers     cached
Mem:          992M       925M        66M       548K       372K       2.7M
-/+ buffers/cache:       922M        70M
Swap:         8.0G       307M       7.7G

             total       used       free     shared    buffers     cached
Mem:          992M       929M        63M       548K       380K       2.7M
-/+ buffers/cache:       926M        66M
Swap:         8.0G       307M       7.7G

             total       used       free     shared    buffers     cached
Mem:          992M       916M        75M        28K       380K       2.1M
-/+ buffers/cache:       914M        77M
Swap:         8.0G       327M       7.7G

             total       used       free     shared    buffers     cached
Mem:          992M       921M        71M         4K       380K       2.1M
-/+ buffers/cache:       918M        73M
Swap:         8.0G       327M       7.7G

             total       used       free     shared    buffers     cached
Mem:          992M       925M        66M         4K       380K       2.1M
-/+ buffers/cache:       922M        69M
Swap:         8.0G       327M       7.7G

             total       used       free     shared    buffers     cached
Mem:          992M       918M        73M         4K       372K       2.0M
-/+ buffers/cache:       916M        75M
Swap:         8.0G       332M       7.7G

             total       used       free     shared    buffers     cached
Mem:          992M       930M        62M         4K       348K       1.5M
-/+ buffers/cache:       928M        63M
Swap:         8.0G       461M       7.5G

             total       used       free     shared    buffers     cached
Mem:          992M       871M       120M         0B       220K       1.5M
-/+ buffers/cache:       869M       122M
Swap:         8.0G       437M       7.6G

             total       used       free     shared    buffers     cached
Mem:          992M       875M       116M         0B       220K       1.5M
-/+ buffers/cache:       873M       118M
Swap:         8.0G       432M       7.6G

             total       used       free     shared    buffers     cached
Mem:          992M       918M        73M         0B       220K       1.5M
-/+ buffers/cache:       917M        74M
Swap:         8.0G       366M       7.6G

             total       used       free     shared    buffers     cached
Mem:          992M       919M        72M         0B       188K       1.5M
-/+ buffers/cache:       918M        74M
Swap:         8.0G       317M       7.7G

             total       used       free     shared    buffers     cached
Mem:          992M       921M        70M         0B        84K       1.5M
-/+ buffers/cache:       919M        72M
Swap:         8.0G       315M       7.7G

             total       used       free     shared    buffers     cached
Mem:          992M       902M        89M         0B       496K       7.0M
-/+ buffers/cache:       895M        97M
Swap:         8.0G       442M       7.6G

             total       used       free     shared    buffers     cached
Mem:          992M       902M        89M         0B       496K       7.2M
-/+ buffers/cache:       894M        97M
Swap:         8.0G       442M       7.6G

             total       used       free     shared    buffers     cached
Mem:          992M       919M        72M         0B       468K       6.3M
-/+ buffers/cache:       912M        79M
Swap:         8.0G       375M       7.6G

             total       used       free     shared    buffers     cached
Mem:          992M       922M        69M         0B       472K       6.1M
-/+ buffers/cache:       916M        75M
Swap:         8.0G       321M       7.7G

             total       used       free     shared    buffers     cached
Mem:          992M       921M        70M         0B        76K       5.5M
-/+ buffers/cache:       915M        76M
Swap:         8.0G       318M       7.7G

             total       used       free     shared    buffers     cached
Mem:          992M       933M        58M         0B       100K       2.3M
-/+ buffers/cache:       930M        61M
Swap:         8.0G       431M       7.6G

             total       used       free     shared    buffers     cached
Mem:          992M       877M       114M         0B       100K       2.8M
-/+ buffers/cache:       874M       117M
Swap:         8.0G       409M       7.6G

             total       used       free     shared    buffers     cached
Mem:          992M       894M        97M         0B       100K       2.8M
-/+ buffers/cache:       891M       100M
Swap:         8.0G       387M       7.6G

             total       used       free     shared    buffers     cached
Mem:          992M       897M        94M         0B       100K       3.2M
-/+ buffers/cache:       894M        98M
Swap:         8.0G       380M       7.6G

             total       used       free     shared    buffers     cached
Mem:          992M       900M        92M         0B       100K       3.2M
-/+ buffers/cache:       896M        95M
Swap:         8.0G       379M       7.6G

             total       used       free     shared    buffers     cached
Mem:          992M       903M        88M         0B       100K       3.2M
-/+ buffers/cache:       900M        91M
Swap:         8.0G       378M       7.6G

             total       used       free     shared    buffers     cached
Mem:          992M       909M        82M         0B       108K       3.2M
-/+ buffers/cache:       905M        86M
Swap:         8.0G       377M       7.6G

             total       used       free     shared    buffers     cached
Mem:          992M       915M        76M         0B       108K       3.2M
-/+ buffers/cache:       912M        79M
Swap:         8.0G       377M       7.6G

             total       used       free     shared    buffers     cached
Mem:          992M       920M        71M         0B       108K       3.2M
-/+ buffers/cache:       917M        74M
Swap:         8.0G       377M       7.6G

             total       used       free     shared    buffers     cached
Mem:          992M       925M        66M         0B       108K       3.2M
-/+ buffers/cache:       922M        69M
Swap:         8.0G       377M       7.6G

             total       used       free     shared    buffers     cached
Mem:          992M       898M        93M         0B        76K       2.2M
-/+ buffers/cache:       896M        95M
Swap:         8.0G       377M       7.6G

             total       used       free     shared    buffers     cached
Mem:          992M       903M        88M         0B        84K       2.2M
-/+ buffers/cache:       901M        90M
Swap:         8.0G       377M       7.6G

             total       used       free     shared    buffers     cached
Mem:          992M       906M        85M         0B        84K       2.2M
-/+ buffers/cache:       904M        87M
Swap:         8.0G       377M       7.6G

             total       used       free     shared    buffers     cached
Mem:          992M       908M        83M         0B        84K       2.2M
-/+ buffers/cache:       906M        86M
Swap:         8.0G       376M       7.6G

             total       used       free     shared    buffers     cached
Mem:          992M       910M        81M         0B       228K       3.0M
-/+ buffers/cache:       907M        84M
Swap:         8.0G       375M       7.6G

             total       used       free     shared    buffers     cached
Mem:          992M       912M        79M         0B       228K       3.0M
-/+ buffers/cache:       909M        82M
Swap:         8.0G       374M       7.6G

             total       used       free     shared    buffers     cached
Mem:          992M       914M        77M         0B       236K       3.2M
-/+ buffers/cache:       911M        81M
Swap:         8.0G       373M       7.6G

             total       used       free     shared    buffers     cached
Mem:          992M       916M        76M         0B       236K       3.3M
-/+ buffers/cache:       912M        79M
Swap:         8.0G       372M       7.6G

             total       used       free     shared    buffers     cached
Mem:          992M       925M        66M         0B       224K        12M
-/+ buffers/cache:       913M        78M
Swap:         8.0G       371M       7.6G

             total       used       free     shared    buffers     cached
Mem:          992M       918M        73M         0B       184K        16M
-/+ buffers/cache:       901M        90M
Swap:         8.0G       394M       7.6G

             total       used       free     shared    buffers     cached
Mem:          992M       922M        69M         0B       656K        18M
-/+ buffers/cache:       903M        88M
Swap:         8.0G       393M       7.6G

             total       used       free     shared    buffers     cached
Mem:          992M       924M        68M         0B       656K        18M
-/+ buffers/cache:       905M        86M
Swap:         8.0G       392M       7.6G

             total       used       free     shared    buffers     cached
Mem:          992M       925M        67M         0B       668K        18M
-/+ buffers/cache:       906M        85M
Swap:         8.0G       392M       7.6G

             total       used       free     shared    buffers     cached
Mem:          992M       926M        65M         0B       668K        18M
-/+ buffers/cache:       907M        84M
Swap:         8.0G       391M       7.6G

             total       used       free     shared    buffers     cached
Mem:          992M       928M        64M         0B       668K        18M
-/+ buffers/cache:       909M        82M
Swap:         8.0G       390M       7.6G

             total       used       free     shared    buffers     cached
Mem:          992M       930M        62M         0B       668K        18M
-/+ buffers/cache:       911M        80M
Swap:         8.0G       389M       7.6G

             total       used       free     shared    buffers     cached
Mem:          992M       917M        74M         0B       660K        17M
-/+ buffers/cache:       898M        93M
Swap:         8.0G       402M       7.6G

             total       used       free     shared    buffers     cached
Mem:          992M       918M        73M         0B       672K        17M
-/+ buffers/cache:       900M        92M
Swap:         8.0G       401M       7.6G

             total       used       free     shared    buffers     cached
Mem:          992M       920M        71M         0B       672K        17M
-/+ buffers/cache:       901M        90M
Swap:         8.0G       400M       7.6G

             total       used       free     shared    buffers     cached
Mem:          992M       921M        70M         0B       672K        17M
-/+ buffers/cache:       903M        89M
Swap:         8.0G       399M       7.6G

             total       used       free     shared    buffers     cached
Mem:          992M       923M        69M         0B       672K        17M
-/+ buffers/cache:       904M        87M
Swap:         8.0G       398M       7.6G

             total       used       free     shared    buffers     cached
Mem:          992M       924M        67M         0B       672K        17M
-/+ buffers/cache:       906M        85M
Swap:         8.0G       398M       7.6G

             total       used       free     shared    buffers     cached
Mem:          992M       926M        65M         0B       680K        17M
-/+ buffers/cache:       907M        84M
Swap:         8.0G       397M       7.6G

             total       used       free     shared    buffers     cached
Mem:          992M       928M        63M         0B       680K        17M
-/+ buffers/cache:       909M        82M
Swap:         8.0G       396M       7.6G

             total       used       free     shared    buffers     cached
Mem:          992M       929M        62M         0B       680K        17M
-/+ buffers/cache:       911M        80M
Swap:         8.0G       395M       7.6G

             total       used       free     shared    buffers     cached
Mem:          992M       931M        60M         0B       680K        17M
-/+ buffers/cache:       912M        79M
Swap:         8.0G       394M       7.6G

             total       used       free     shared    buffers     cached
Mem:          992M       918M        73M         0B       680K        17M
-/+ buffers/cache:       900M        92M
Swap:         8.0G       410M       7.6G

             total       used       free     shared    buffers     cached
Mem:          992M       919M        72M         0B       680K        17M
-/+ buffers/cache:       901M        90M
Swap:         8.0G       409M       7.6G

             total       used       free     shared    buffers     cached
Mem:          992M       921M        70M         0B       688K        17M
-/+ buffers/cache:       903M        89M
Swap:         8.0G       408M       7.6G

             total       used       free     shared    buffers     cached
Mem:          992M       922M        69M         0B       688K        17M
-/+ buffers/cache:       904M        87M
Swap:         8.0G       407M       7.6G

             total       used       free     shared    buffers     cached
Mem:          992M       924M        67M         0B       688K        17M
-/+ buffers/cache:       906M        86M
Swap:         8.0G       406M       7.6G

             total       used       free     shared    buffers     cached
Mem:          992M       926M        66M         0B       688K        17M
-/+ buffers/cache:       907M        84M
Swap:         8.0G       405M       7.6G

             total       used       free     shared    buffers     cached
Mem:          992M       928M        64M         0B       688K        17M
-/+ buffers/cache:       909M        82M
Swap:         8.0G       404M       7.6G

             total       used       free     shared    buffers     cached
Mem:          992M       929M        62M         0B       696K        17M
-/+ buffers/cache:       911M        80M
Swap:         8.0G       403M       7.6G

             total       used       free     shared    buffers     cached
Mem:          992M       931M        61M         0B       696K        17M
-/+ buffers/cache:       912M        79M
Swap:         8.0G       402M       7.6G

             total       used       free     shared    buffers     cached
Mem:          992M       917M        75M         0B       696K        17M
-/+ buffers/cache:       899M        93M
Swap:         8.0G       416M       7.6G

             total       used       free     shared    buffers     cached
Mem:          992M       918M        73M         0B       696K        17M
-/+ buffers/cache:       900M        91M
Swap:         8.0G       415M       7.6G

             total       used       free     shared    buffers     cached
Mem:          992M       920M        71M         0B       696K        17M
-/+ buffers/cache:       902M        89M
Swap:         8.0G       414M       7.6G

             total       used       free     shared    buffers     cached
Mem:          992M       921M        70M         0B       704K        17M
-/+ buffers/cache:       903M        88M
Swap:         8.0G       413M       7.6G

             total       used       free     shared    buffers     cached
Mem:          992M       923M        68M         0B       704K        17M
-/+ buffers/cache:       905M        86M
Swap:         8.0G       412M       7.6G

             total       used       free     shared    buffers     cached
Mem:          992M       925M        67M         0B       704K        17M
-/+ buffers/cache:       906M        85M
Swap:         8.0G       411M       7.6G

             total       used       free     shared    buffers     cached
Mem:          992M       926M        65M         0B       704K        17M
-/+ buffers/cache:       908M        83M
Swap:         8.0G       410M       7.6G

             total       used       free     shared    buffers     cached
Mem:          992M       928M        63M         0B       704K        17M
-/+ buffers/cache:       910M        82M
Swap:         8.0G       409M       7.6G

             total       used       free     shared    buffers     cached
Mem:          992M       930M        62M         0B       704K        17M
-/+ buffers/cache:       911M        80M
Swap:         8.0G       408M       7.6G

             total       used       free     shared    buffers     cached
Mem:          992M       918M        74M         0B       712K        17M
-/+ buffers/cache:       900M        91M
Swap:         8.0G       421M       7.6G

             total       used       free     shared    buffers     cached
Mem:          992M       919M        72M         0B       712K        17M
-/+ buffers/cache:       901M        90M
Swap:         8.0G       420M       7.6G

             total       used       free     shared    buffers     cached
Mem:          992M       921M        71M         0B       712K        17M
-/+ buffers/cache:       903M        88M
Swap:         8.0G       419M       7.6G

             total       used       free     shared    buffers     cached
Mem:          992M       922M        69M         0B       712K        17M
-/+ buffers/cache:       905M        87M
Swap:         8.0G       418M       7.6G

             total       used       free     shared    buffers     cached
Mem:          992M       924M        67M         0B       712K        17M
-/+ buffers/cache:       906M        85M
Swap:         8.0G       417M       7.6G

             total       used       free     shared    buffers     cached
Mem:          992M       926M        65M         0B       720K        18M
-/+ buffers/cache:       907M        84M
Swap:         8.0G       416M       7.6G

             total       used       free     shared    buffers     cached
Mem:          992M       927M        65M         0B       720K        18M
-/+ buffers/cache:       908M        84M
Swap:         8.0G       416M       7.6G

             total       used       free     shared    buffers     cached
Mem:          992M       927M        64M         0B       720K        18M
-/+ buffers/cache:       908M        83M
Swap:         8.0G       415M       7.6G

             total       used       free     shared    buffers     cached
Mem:          992M       928M        63M         0B       720K        18M
-/+ buffers/cache:       909M        82M
Swap:         8.0G       415M       7.6G

             total       used       free     shared    buffers     cached
Mem:          992M       928M        63M         0B       720K        18M
-/+ buffers/cache:       909M        82M
Swap:         8.0G       415M       7.6G

             total       used       free     shared    buffers     cached
Mem:          992M       929M        62M         0B       728K        18M
-/+ buffers/cache:       910M        81M
Swap:         8.0G       414M       7.6G

             total       used       free     shared    buffers     cached
Mem:          992M       918M        73M         0B       1.0M        17M
-/+ buffers/cache:       900M        92M
Swap:         8.0G       424M       7.6G

             total       used       free     shared    buffers     cached
Mem:          992M       921M        70M         4K       1.1M        27M
-/+ buffers/cache:       892M        99M
Swap:         8.0G       443M       7.6G

             total       used       free     shared    buffers     cached
Mem:          992M       923M        68M        16K       1.1M        28M
-/+ buffers/cache:       893M        98M
Swap:         8.0G       442M       7.6G

             total       used       free     shared    buffers     cached
Mem:          992M       924M        67M        16K       1.1M        28M
-/+ buffers/cache:       894M        97M
Swap:         8.0G       442M       7.6G

             total       used       free     shared    buffers     cached
Mem:          992M       924M        67M        16K       1.1M        28M
-/+ buffers/cache:       895M        96M
Swap:         8.0G       442M       7.6G

             total       used       free     shared    buffers     cached
Mem:          992M       926M        66M        16K       1.1M        28M
-/+ buffers/cache:       896M        95M
Swap:         8.0G       441M       7.6G

             total       used       free     shared    buffers     cached
Mem:          992M       926M        65M        16K       1.1M        28M
-/+ buffers/cache:       897M        94M
Swap:         8.0G       440M       7.6G

             total       used       free     shared    buffers     cached
Mem:          992M       927M        64M        16K       1.1M        28M
-/+ buffers/cache:       898M        93M
Swap:         8.0G       440M       7.6G

             total       used       free     shared    buffers     cached
Mem:          992M       928M        63M        16K       1.1M        28M
-/+ buffers/cache:       899M        93M
Swap:         8.0G       439M       7.6G

             total       used       free     shared    buffers     cached
Mem:          992M       931M        61M        16K       1.1M        29M
-/+ buffers/cache:       900M        91M
Swap:         8.0G       438M       7.6G

             total       used       free     shared    buffers     cached
Mem:          992M       915M        76M        16K       808K        26M
-/+ buffers/cache:       888M       103M
Swap:         8.0G       443M       7.6G

             total       used       free     shared    buffers     cached
Mem:          992M       916M        75M        16K       808K        26M
-/+ buffers/cache:       889M       102M
Swap:         8.0G       442M       7.6G

             total       used       free     shared    buffers     cached
Mem:          992M       917M        74M        16K       808K        26M
-/+ buffers/cache:       890M       101M
Swap:         8.0G       442M       7.6G

             total       used       free     shared    buffers     cached
Mem:          992M       923M        68M        16K       808K        31M
-/+ buffers/cache:       891M       100M
Swap:         8.0G       441M       7.6G

             total       used       free     shared    buffers     cached
Mem:          992M       924M        67M        16K       808K        31M
-/+ buffers/cache:       892M        99M
Swap:         8.0G       440M       7.6G

             total       used       free     shared    buffers     cached
Mem:          992M       925M        66M        16K       824K        31M
-/+ buffers/cache:       893M        98M
Swap:         8.0G       440M       7.6G

             total       used       free     shared    buffers     cached
Mem:          992M       926M        65M        16K       824K        31M
-/+ buffers/cache:       894M        97M
Swap:         8.0G       439M       7.6G

             total       used       free     shared    buffers     cached
Mem:          992M       927M        64M        16K       824K        31M
-/+ buffers/cache:       895M        96M
Swap:         8.0G       438M       7.6G

             total       used       free     shared    buffers     cached
Mem:          992M       928M        63M        16K       824K        31M
-/+ buffers/cache:       896M        95M
Swap:         8.0G       438M       7.6G

             total       used       free     shared    buffers     cached
Mem:          992M       929M        62M        16K       824K        31M
-/+ buffers/cache:       897M        94M
Swap:         8.0G       437M       7.6G

             total       used       free     shared    buffers     cached
Mem:          992M       930M        61M        16K       832K        31M
-/+ buffers/cache:       898M        93M
Swap:         8.0G       437M       7.6G

             total       used       free     shared    buffers     cached
Mem:          992M       914M        78M        16K       564K        28M
-/+ buffers/cache:       884M       107M
Swap:         8.0G       457M       7.5G

             total       used       free     shared    buffers     cached
Mem:          992M       915M        76M        16K       564K        28M
-/+ buffers/cache:       885M       106M
Swap:         8.0G       457M       7.6G

             total       used       free     shared    buffers     cached
Mem:          992M       916M        76M        16K       564K        28M
-/+ buffers/cache:       886M       105M
Swap:         8.0G       456M       7.6G

             total       used       free     shared    buffers     cached
Mem:          992M       917M        75M        16K       564K        28M
-/+ buffers/cache:       887M       104M
Swap:         8.0G       455M       7.6G

             total       used       free     shared    buffers     cached
Mem:          992M       917M        74M        16K       564K        28M
-/+ buffers/cache:       888M       103M
Swap:         8.0G       455M       7.6G

             total       used       free     shared    buffers     cached
Mem:          992M       919M        73M        16K       572K        28M
-/+ buffers/cache:       889M       102M
Swap:         8.0G       454M       7.6G

             total       used       free     shared    buffers     cached
Mem:          992M       920M        72M        16K       572K        28M
-/+ buffers/cache:       890M       101M
Swap:         8.0G       453M       7.6G

             total       used       free     shared    buffers     cached
Mem:          992M       921M        70M        16K       572K        28M
-/+ buffers/cache:       892M       100M
Swap:         8.0G       453M       7.6G

             total       used       free     shared    buffers     cached
Mem:          992M       922M        69M        16K       572K        28M
-/+ buffers/cache:       893M        98M
Swap:         8.0G       452M       7.6G

             total       used       free     shared    buffers     cached
Mem:          992M       923M        68M        16K       572K        28M
-/+ buffers/cache:       894M        97M
Swap:         8.0G       451M       7.6G

             total       used       free     shared    buffers     cached
Mem:          992M       924M        67M        16K       580K        28M
-/+ buffers/cache:       895M        96M
Swap:         8.0G       451M       7.6G

             total       used       free     shared    buffers     cached
Mem:          992M       925M        66M        16K       580K        28M
-/+ buffers/cache:       896M        95M
Swap:         8.0G       450M       7.6G

             total       used       free     shared    buffers     cached
Mem:          992M       926M        65M        16K       580K        28M
-/+ buffers/cache:       897M        94M
Swap:         8.0G       449M       7.6G

             total       used       free     shared    buffers     cached
Mem:          992M       927M        64M        16K       580K        28M
-/+ buffers/cache:       898M        93M
Swap:         8.0G       449M       7.6G

             total       used       free     shared    buffers     cached
Mem:          992M       928M        63M        16K       580K        28M
-/+ buffers/cache:       899M        92M
Swap:         8.0G       448M       7.6G

             total       used       free     shared    buffers     cached
Mem:          992M       930M        61M        16K       580K        28M
-/+ buffers/cache:       900M        91M
Swap:         8.0G       447M       7.6G

             total       used       free     shared    buffers     cached
Mem:          992M       931M        61M        16K       588K        28M
-/+ buffers/cache:       901M        90M
Swap:         8.0G       446M       7.6G

             total       used       free     shared    buffers     cached
Mem:          992M       920M        71M        16K       588K        27M
-/+ buffers/cache:       891M       100M
Swap:         8.0G       452M       7.6G

             total       used       free     shared    buffers     cached
Mem:          992M       921M        70M        16K       588K        27M
-/+ buffers/cache:       893M        99M
Swap:         8.0G       451M       7.6G

             total       used       free     shared    buffers     cached
Mem:          992M       922M        69M        16K       588K        27M
-/+ buffers/cache:       894M        98M
Swap:         8.0G       451M       7.6G

             total       used       free     shared    buffers     cached
Mem:          992M       923M        68M        16K       588K        27M
-/+ buffers/cache:       895M        96M
Swap:         8.0G       450M       7.6G

             total       used       free     shared    buffers     cached
Mem:          992M       924M        67M        16K       596K        27M
-/+ buffers/cache:       896M        95M
Swap:         8.0G       449M       7.6G

             total       used       free     shared    buffers     cached
Mem:          992M       925M        66M        16K       596K        27M
-/+ buffers/cache:       897M        94M
Swap:         8.0G       449M       7.6G

             total       used       free     shared    buffers     cached
Mem:          992M       926M        65M        16K       596K        27M
-/+ buffers/cache:       898M        93M
Swap:         8.0G       448M       7.6G

             total       used       free     shared    buffers     cached
Mem:          992M       928M        64M        16K       596K        27M
-/+ buffers/cache:       899M        92M
Swap:         8.0G       447M       7.6G

             total       used       free     shared    buffers     cached
Mem:          992M       929M        63M        16K       596K        27M
-/+ buffers/cache:       900M        91M
Swap:         8.0G       446M       7.6G

             total       used       free     shared    buffers     cached
Mem:          992M       930M        61M        16K       596K        27M
-/+ buffers/cache:       902M        90M
Swap:         8.0G       446M       7.6G

             total       used       free     shared    buffers     cached
Mem:          992M       919M        72M        16K       588K        26M
-/+ buffers/cache:       892M        99M
Swap:         8.0G       464M       7.5G

             total       used       free     shared    buffers     cached
Mem:          992M       920M        71M        16K       588K        26M
-/+ buffers/cache:       894M        98M
Swap:         8.0G       463M       7.5G

             total       used       free     shared    buffers     cached
Mem:          992M       921M        70M        16K       588K        26M
-/+ buffers/cache:       895M        97M
Swap:         8.0G       462M       7.5G

             total       used       free     shared    buffers     cached
Mem:          992M       923M        68M        16K       588K        26M
-/+ buffers/cache:       896M        95M
Swap:         8.0G       462M       7.5G

             total       used       free     shared    buffers     cached
Mem:          992M       924M        67M        16K       588K        26M
-/+ buffers/cache:       897M        94M
Swap:         8.0G       461M       7.5G

             total       used       free     shared    buffers     cached
Mem:          992M       925M        66M        16K       596K        26M
-/+ buffers/cache:       898M        93M
Swap:         8.0G       460M       7.5G

             total       used       free     shared    buffers     cached
Mem:          992M       927M        65M        16K       596K        26M
-/+ buffers/cache:       900M        92M
Swap:         8.0G       459M       7.5G

             total       used       free     shared    buffers     cached
Mem:          992M       928M        64M        16K       596K        26M
-/+ buffers/cache:       901M        90M
Swap:         8.0G       458M       7.5G

             total       used       free     shared    buffers     cached
Mem:          992M       929M        62M        16K       596K        26M
-/+ buffers/cache:       902M        89M
Swap:         8.0G       458M       7.5G

             total       used       free     shared    buffers     cached
Mem:          992M       930M        61M        16K       596K        26M
-/+ buffers/cache:       903M        88M
Swap:         8.0G       457M       7.6G

             total       used       free     shared    buffers     cached
Mem:          992M       916M        75M        16K       292K        26M
-/+ buffers/cache:       890M       101M
Swap:         8.0G       457M       7.6G

             total       used       free     shared    buffers     cached
Mem:          992M       917M        74M        16K       300K        26M
-/+ buffers/cache:       891M       100M
Swap:         8.0G       456M       7.6G

             total       used       free     shared    buffers     cached
Mem:          992M       919M        73M        16K       300K        26M
-/+ buffers/cache:       892M        99M
Swap:         8.0G       455M       7.6G

             total       used       free     shared    buffers     cached
Mem:          992M       920M        71M        16K       300K        26M
-/+ buffers/cache:       893M        98M
Swap:         8.0G       454M       7.6G

             total       used       free     shared    buffers     cached
Mem:          992M       921M        70M        16K       300K        26M
-/+ buffers/cache:       895M        96M
Swap:         8.0G       454M       7.6G

             total       used       free     shared    buffers     cached
Mem:          992M       922M        69M        16K       300K        26M
-/+ buffers/cache:       896M        95M
Swap:         8.0G       453M       7.6G

             total       used       free     shared    buffers     cached
Mem:          992M       924M        67M        16K       308K        26M
-/+ buffers/cache:       897M        94M
Swap:         8.0G       452M       7.6G

             total       used       free     shared    buffers     cached
Mem:          992M       926M        65M        16K       444K        26M
-/+ buffers/cache:       898M        93M
Swap:         8.0G       451M       7.6G

             total       used       free     shared    buffers     cached
Mem:          992M       927M        64M        20K       444K        27M
-/+ buffers/cache:       900M        92M
Swap:         8.0G       451M       7.6G

             total       used       free     shared    buffers     cached
Mem:          992M       929M        63M        20K       444K        27M
-/+ buffers/cache:       901M        90M
Swap:         8.0G       450M       7.6G

             total       used       free     shared    buffers     cached
Mem:          992M       930M        61M        20K       444K        27M
-/+ buffers/cache:       902M        89M
Swap:         8.0G       449M       7.6G

             total       used       free     shared    buffers     cached
Mem:          992M       918M        73M        20K       236K        22M
-/+ buffers/cache:       896M        95M
Swap:         8.0G       461M       7.5G

             total       used       free     shared    buffers     cached
Mem:          992M       919M        72M        20K       244K        22M
-/+ buffers/cache:       897M        94M
Swap:         8.0G       461M       7.5G

             total       used       free     shared    buffers     cached
Mem:          992M       928M        63M        20K       244K        25M
-/+ buffers/cache:       902M        89M
Swap:         8.0G       458M       7.5G

             total       used       free     shared    buffers     cached
Mem:          992M       929M        62M        20K       244K        25M
-/+ buffers/cache:       903M        88M
Swap:         8.0G       457M       7.6G

             total       used       free     shared    buffers     cached
Mem:          992M       930M        61M        20K       244K        26M
-/+ buffers/cache:       903M        88M
Swap:         8.0G       457M       7.6G

             total       used       free     shared    buffers     cached
Mem:          992M       916M        76M        20K       264K        22M
-/+ buffers/cache:       893M        98M
Swap:         8.0G       476M       7.5G

             total       used       free     shared    buffers     cached
Mem:          992M       916M        75M        20K       272K        22M
-/+ buffers/cache:       894M        97M
Swap:         8.0G       476M       7.5G

             total       used       free     shared    buffers     cached
Mem:          992M       917M        74M        20K       276K        22M
-/+ buffers/cache:       895M        97M
Swap:         8.0G       475M       7.5G

             total       used       free     shared    buffers     cached
Mem:          992M       917M        74M        20K       276K        22M
-/+ buffers/cache:       895M        96M
Swap:         8.0G       475M       7.5G

             total       used       free     shared    buffers     cached
Mem:          992M       918M        73M        20K       276K        22M
-/+ buffers/cache:       896M        95M
Swap:         8.0G       474M       7.5G

             total       used       free     shared    buffers     cached
Mem:          992M       919M        72M        20K       276K        22M
-/+ buffers/cache:       896M        95M
Swap:         8.0G       474M       7.5G

             total       used       free     shared    buffers     cached
Mem:          992M       919M        72M        20K       276K        22M
-/+ buffers/cache:       897M        94M
Swap:         8.0G       474M       7.5G

             total       used       free     shared    buffers     cached
Mem:          992M       921M        70M       192K       324K        31M
-/+ buffers/cache:       890M       101M
Swap:         8.0G       470M       7.5G

             total       used       free     shared    buffers     cached
Mem:          992M       928M        63M       3.9M       4.6M        52M
-/+ buffers/cache:       870M       121M
Swap:         8.0G       511M       7.5G

             total       used       free     shared    buffers     cached
Mem:          992M       919M        73M       216K       5.3M        63M
-/+ buffers/cache:       849M       142M
Swap:         8.0G       535M       7.5G

             total       used       free     shared    buffers     cached
Mem:          992M       924M        67M       216K       5.3M        64M
-/+ buffers/cache:       854M       138M
Swap:         8.0G       533M       7.5G

             total       used       free     shared    buffers     cached
Mem:          992M       925M        66M       216K       5.3M        64M
-/+ buffers/cache:       855M       136M
Swap:         8.0G       533M       7.5G

             total       used       free     shared    buffers     cached
Mem:          992M       926M        65M       216K       5.3M        64M
-/+ buffers/cache:       856M       136M
Swap:         8.0G       532M       7.5G

             total       used       free     shared    buffers     cached
Mem:          992M       927M        64M       216K       5.3M        64M
-/+ buffers/cache:       857M       134M
Swap:         8.0G       532M       7.5G

             total       used       free     shared    buffers     cached
Mem:          992M       928M        63M       216K       5.3M        64M
-/+ buffers/cache:       858M       133M
Swap:         8.0G       531M       7.5G

             total       used       free     shared    buffers     cached
Mem:          992M       931M        61M       216K       5.4M        65M
-/+ buffers/cache:       859M       132M
Swap:         8.0G       530M       7.5G

             total       used       free     shared    buffers     cached
Mem:          992M       914M        78M       216K       4.2M        60M
-/+ buffers/cache:       849M       143M
Swap:         8.0G       543M       7.5G

             total       used       free     shared    buffers     cached
Mem:          992M       915M        77M       216K       4.2M        60M
-/+ buffers/cache:       850M       142M
Swap:         8.0G       543M       7.5G

             total       used       free     shared    buffers     cached
Mem:          992M       916M        75M       216K       4.2M        60M
-/+ buffers/cache:       851M       140M
Swap:         8.0G       542M       7.5G

             total       used       free     shared    buffers     cached
Mem:          992M       917M        74M       216K       4.2M        60M
-/+ buffers/cache:       852M       139M
Swap:         8.0G       541M       7.5G

             total       used       free     shared    buffers     cached
Mem:          992M       919M        73M       216K       4.2M        60M
-/+ buffers/cache:       854M       138M
Swap:         8.0G       540M       7.5G

             total       used       free     shared    buffers     cached
Mem:          992M       920M        72M       216K       4.2M        60M
-/+ buffers/cache:       855M       137M
Swap:         8.0G       540M       7.5G

             total       used       free     shared    buffers     cached
Mem:          992M       921M        70M       216K       4.2M        60M
-/+ buffers/cache:       856M       135M
Swap:         8.0G       539M       7.5G

             total       used       free     shared    buffers     cached
Mem:          992M       922M        69M       216K       4.2M        60M
-/+ buffers/cache:       857M       134M
Swap:         8.0G       538M       7.5G

             total       used       free     shared    buffers     cached
Mem:          992M       924M        67M       216K       4.2M        60M
-/+ buffers/cache:       859M       133M
Swap:         8.0G       538M       7.5G

             total       used       free     shared    buffers     cached
Mem:          992M       925M        66M       216K       4.2M        60M
-/+ buffers/cache:       860M       131M
Swap:         8.0G       537M       7.5G

             total       used       free     shared    buffers     cached
Mem:          992M       926M        65M       216K       4.3M        60M
-/+ buffers/cache:       861M       130M
Swap:         8.0G       536M       7.5G

             total       used       free     shared    buffers     cached
Mem:          992M       928M        64M       216K       4.3M        60M
-/+ buffers/cache:       862M       129M
Swap:         8.0G       535M       7.5G

             total       used       free     shared    buffers     cached
Mem:          992M       929M        62M       216K       4.3M        60M
-/+ buffers/cache:       864M       127M
Swap:         8.0G       535M       7.5G

             total       used       free     shared    buffers     cached
Mem:          992M       930M        61M       216K       4.3M        60M
-/+ buffers/cache:       865M       126M
Swap:         8.0G       534M       7.5G

             total       used       free     shared    buffers     cached
Mem:          992M       917M        75M       216K       4.2M        59M
-/+ buffers/cache:       853M       139M
Swap:         8.0G       547M       7.5G

             total       used       free     shared    buffers     cached
Mem:          992M       918M        74M       216K       4.2M        59M
-/+ buffers/cache:       854M       137M
Swap:         8.0G       546M       7.5G

             total       used       free     shared    buffers     cached
Mem:          992M       919M        72M       216K       4.2M        59M
-/+ buffers/cache:       855M       136M
Swap:         8.0G       546M       7.5G

             total       used       free     shared    buffers     cached
Mem:          992M       920M        71M       216K       4.2M        59M
-/+ buffers/cache:       856M       135M
Swap:         8.0G       545M       7.5G

             total       used       free     shared    buffers     cached
Mem:          992M       922M        70M       216K       4.2M        59M
-/+ buffers/cache:       858M       133M
Swap:         8.0G       544M       7.5G

             total       used       free     shared    buffers     cached
Mem:          992M       923M        68M       216K       4.2M        59M
-/+ buffers/cache:       859M       132M
Swap:         8.0G       544M       7.5G

             total       used       free     shared    buffers     cached
Mem:          992M       924M        67M       216K       4.2M        59M
-/+ buffers/cache:       860M       131M
Swap:         8.0G       543M       7.5G

             total       used       free     shared    buffers     cached
Mem:          992M       925M        66M       216K       4.2M        59M
-/+ buffers/cache:       861M       130M
Swap:         8.0G       542M       7.5G

             total       used       free     shared    buffers     cached
Mem:          992M       925M        66M       268K       5.7M        67M
-/+ buffers/cache:       852M       140M
Swap:         8.0G       553M       7.5G

             total       used       free     shared    buffers     cached
Mem:          992M       913M        79M       256K       8.4M        74M
-/+ buffers/cache:       830M       161M
Swap:         8.0G       573M       7.4G
