             total       used       free     shared    buffers     cached
Mem:          2.0G       660M       1.3G       3.2M        38M       289M
-/+ buffers/cache:       332M       1.6G
Swap:         8.0G         0B       8.0G

             total       used       free     shared    buffers     cached
Mem:          2.0G       659M       1.3G       1.4M        38M       287M
-/+ buffers/cache:       333M       1.6G
Swap:         8.0G         0B       8.0G

             total       used       free     shared    buffers     cached
Mem:          2.0G       659M       1.3G       1.4M        38M       287M
-/+ buffers/cache:       333M       1.6G
Swap:         8.0G         0B       8.0G

             total       used       free     shared    buffers     cached
Mem:          2.0G       659M       1.3G       1.4M        38M       287M
-/+ buffers/cache:       333M       1.6G
Swap:         8.0G         0B       8.0G

             total       used       free     shared    buffers     cached
Mem:          2.0G       659M       1.3G       1.4M        38M       287M
-/+ buffers/cache:       333M       1.6G
Swap:         8.0G         0B       8.0G

             total       used       free     shared    buffers     cached
Mem:          2.0G       659M       1.3G       1.4M        38M       287M
-/+ buffers/cache:       333M       1.6G
Swap:         8.0G         0B       8.0G

             total       used       free     shared    buffers     cached
Mem:          2.0G       659M       1.3G       1.4M        38M       287M
-/+ buffers/cache:       332M       1.6G
Swap:         8.0G         0B       8.0G

             total       used       free     shared    buffers     cached
Mem:          2.0G       659M       1.3G       1.4M        38M       288M
-/+ buffers/cache:       332M       1.6G
Swap:         8.0G         0B       8.0G

             total       used       free     shared    buffers     cached
Mem:          2.0G       659M       1.3G       1.4M        38M       288M
-/+ buffers/cache:       332M       1.6G
Swap:         8.0G         0B       8.0G

             total       used       free     shared    buffers     cached
Mem:          2.0G       662M       1.3G       1.4M        38M       288M
-/+ buffers/cache:       335M       1.6G
Swap:         8.0G         0B       8.0G

             total       used       free     shared    buffers     cached
Mem:          2.0G       679M       1.3G       1.4M        38M       288M
-/+ buffers/cache:       352M       1.6G
Swap:         8.0G         0B       8.0G

             total       used       free     shared    buffers     cached
Mem:          2.0G       686M       1.3G       1.4M        38M       288M
-/+ buffers/cache:       359M       1.6G
Swap:         8.0G         0B       8.0G

             total       used       free     shared    buffers     cached
Mem:          2.0G       668M       1.3G       1.4M        38M       289M
-/+ buffers/cache:       340M       1.6G
Swap:         8.0G         0B       8.0G

             total       used       free     shared    buffers     cached
Mem:          2.0G       668M       1.3G       1.4M        38M       289M
-/+ buffers/cache:       340M       1.6G
Swap:         8.0G         0B       8.0G

             total       used       free     shared    buffers     cached
Mem:          2.0G       679M       1.3G       1.4M        38M       289M
-/+ buffers/cache:       350M       1.6G
Swap:         8.0G         0B       8.0G

             total       used       free     shared    buffers     cached
Mem:          2.0G       668M       1.3G       1.4M        38M       289M
-/+ buffers/cache:       340M       1.6G
Swap:         8.0G         0B       8.0G

             total       used       free     shared    buffers     cached
Mem:          2.0G       668M       1.3G       1.4M        38M       289M
-/+ buffers/cache:       340M       1.6G
Swap:         8.0G         0B       8.0G

             total       used       free     shared    buffers     cached
Mem:          2.0G       668M       1.3G       1.4M        38M       289M
-/+ buffers/cache:       340M       1.6G
Swap:         8.0G         0B       8.0G

             total       used       free     shared    buffers     cached
Mem:          2.0G       668M       1.3G       1.4M        38M       289M
-/+ buffers/cache:       340M       1.6G
Swap:         8.0G         0B       8.0G

             total       used       free     shared    buffers     cached
Mem:          2.0G       668M       1.3G       1.4M        38M       289M
-/+ buffers/cache:       340M       1.6G
Swap:         8.0G         0B       8.0G

             total       used       free     shared    buffers     cached
Mem:          2.0G       668M       1.3G       1.4M        38M       289M
-/+ buffers/cache:       340M       1.6G
Swap:         8.0G         0B       8.0G

             total       used       free     shared    buffers     cached
Mem:          2.0G       668M       1.3G       1.4M        38M       289M
-/+ buffers/cache:       340M       1.6G
Swap:         8.0G         0B       8.0G

             total       used       free     shared    buffers     cached
Mem:          2.0G       668M       1.3G       1.4M        38M       289M
-/+ buffers/cache:       340M       1.6G
Swap:         8.0G         0B       8.0G

             total       used       free     shared    buffers     cached
Mem:          2.0G       668M       1.3G       1.4M        38M       289M
-/+ buffers/cache:       340M       1.6G
Swap:         8.0G         0B       8.0G

             total       used       free     shared    buffers     cached
Mem:          2.0G       668M       1.3G       1.4M        38M       289M
-/+ buffers/cache:       340M       1.6G
Swap:         8.0G         0B       8.0G

             total       used       free     shared    buffers     cached
Mem:          2.0G       668M       1.3G       1.4M        38M       289M
-/+ buffers/cache:       340M       1.6G
Swap:         8.0G         0B       8.0G

             total       used       free     shared    buffers     cached
Mem:          2.0G       668M       1.3G       1.4M        38M       289M
-/+ buffers/cache:       340M       1.6G
Swap:         8.0G         0B       8.0G

             total       used       free     shared    buffers     cached
Mem:          2.0G       668M       1.3G       1.4M        38M       289M
-/+ buffers/cache:       340M       1.6G
Swap:         8.0G         0B       8.0G

             total       used       free     shared    buffers     cached
Mem:          2.0G       668M       1.3G       1.4M        38M       289M
-/+ buffers/cache:       340M       1.6G
Swap:         8.0G         0B       8.0G

             total       used       free     shared    buffers     cached
Mem:          2.0G       668M       1.3G       1.4M        38M       289M
-/+ buffers/cache:       340M       1.6G
Swap:         8.0G         0B       8.0G

             total       used       free     shared    buffers     cached
Mem:          2.0G       668M       1.3G       1.4M        38M       289M
-/+ buffers/cache:       340M       1.6G
Swap:         8.0G         0B       8.0G

             total       used       free     shared    buffers     cached
Mem:          2.0G       668M       1.3G       1.4M        38M       289M
-/+ buffers/cache:       340M       1.6G
Swap:         8.0G         0B       8.0G

             total       used       free     shared    buffers     cached
Mem:          2.0G       668M       1.3G       1.4M        38M       289M
-/+ buffers/cache:       340M       1.6G
Swap:         8.0G         0B       8.0G

             total       used       free     shared    buffers     cached
Mem:          2.0G       676M       1.3G       1.4M        38M       289M
-/+ buffers/cache:       347M       1.6G
Swap:         8.0G         0B       8.0G

             total       used       free     shared    buffers     cached
Mem:          2.0G       696M       1.3G       1.4M        38M       289M
-/+ buffers/cache:       367M       1.6G
Swap:         8.0G         0B       8.0G

             total       used       free     shared    buffers     cached
Mem:          2.0G       715M       1.3G       1.4M        38M       289M
-/+ buffers/cache:       386M       1.6G
Swap:         8.0G         0B       8.0G

             total       used       free     shared    buffers     cached
Mem:          2.0G       734M       1.2G       1.4M        38M       289M
-/+ buffers/cache:       405M       1.6G
Swap:         8.0G         0B       8.0G

             total       used       free     shared    buffers     cached
Mem:          2.0G       754M       1.2G       1.4M        38M       289M
-/+ buffers/cache:       425M       1.5G
Swap:         8.0G         0B       8.0G

             total       used       free     shared    buffers     cached
Mem:          2.0G       776M       1.2G       1.4M        38M       289M
-/+ buffers/cache:       447M       1.5G
Swap:         8.0G         0B       8.0G

             total       used       free     shared    buffers     cached
Mem:          2.0G       795M       1.2G       1.4M        38M       289M
-/+ buffers/cache:       467M       1.5G
Swap:         8.0G         0B       8.0G

             total       used       free     shared    buffers     cached
Mem:          2.0G       817M       1.2G       1.4M        38M       289M
-/+ buffers/cache:       489M       1.5G
Swap:         8.0G         0B       8.0G

             total       used       free     shared    buffers     cached
Mem:          2.0G       839M       1.1G       1.4M        38M       289M
-/+ buffers/cache:       510M       1.5G
Swap:         8.0G         0B       8.0G

             total       used       free     shared    buffers     cached
Mem:          2.0G       862M       1.1G       1.4M        38M       289M
-/+ buffers/cache:       533M       1.4G
Swap:         8.0G         0B       8.0G

             total       used       free     shared    buffers     cached
Mem:          2.0G       883M       1.1G       1.4M        38M       289M
-/+ buffers/cache:       555M       1.4G
Swap:         8.0G         0B       8.0G

             total       used       free     shared    buffers     cached
Mem:          2.0G       899M       1.1G       1.4M        38M       289M
-/+ buffers/cache:       570M       1.4G
Swap:         8.0G         0B       8.0G

             total       used       free     shared    buffers     cached
Mem:          2.0G       921M       1.1G       1.4M        38M       289M
-/+ buffers/cache:       592M       1.4G
Swap:         8.0G         0B       8.0G

             total       used       free     shared    buffers     cached
Mem:          2.0G       941M       1.0G       1.4M        38M       289M
-/+ buffers/cache:       612M       1.4G
Swap:         8.0G         0B       8.0G

             total       used       free     shared    buffers     cached
Mem:          2.0G       962M       1.0G       1.4M        38M       289M
-/+ buffers/cache:       633M       1.3G
Swap:         8.0G         0B       8.0G

             total       used       free     shared    buffers     cached
Mem:          2.0G       983M       1.0G       1.4M        38M       289M
-/+ buffers/cache:       654M       1.3G
Swap:         8.0G         0B       8.0G

             total       used       free     shared    buffers     cached
Mem:          2.0G       1.0G       996M       1.4M        38M       289M
-/+ buffers/cache:       674M       1.3G
Swap:         8.0G         0B       8.0G

             total       used       free     shared    buffers     cached
Mem:          2.0G       1.0G       977M       1.4M        38M       289M
-/+ buffers/cache:       694M       1.3G
Swap:         8.0G         0B       8.0G

             total       used       free     shared    buffers     cached
Mem:          2.0G       1.0G       957M       1.4M        38M       289M
-/+ buffers/cache:       713M       1.3G
Swap:         8.0G         0B       8.0G

             total       used       free     shared    buffers     cached
Mem:          2.0G       1.0G       937M       1.4M        38M       289M
-/+ buffers/cache:       733M       1.2G
Swap:         8.0G         0B       8.0G

             total       used       free     shared    buffers     cached
Mem:          2.0G       1.1G       919M       1.4M        38M       289M
-/+ buffers/cache:       752M       1.2G
Swap:         8.0G         0B       8.0G

             total       used       free     shared    buffers     cached
Mem:          2.0G       1.1G       901M       1.4M        38M       289M
-/+ buffers/cache:       769M       1.2G
Swap:         8.0G         0B       8.0G

             total       used       free     shared    buffers     cached
Mem:          2.0G       1.1G       883M       1.4M        38M       289M
-/+ buffers/cache:       788M       1.2G
Swap:         8.0G         0B       8.0G

             total       used       free     shared    buffers     cached
Mem:          2.0G       1.1G       870M       1.4M        38M       289M
-/+ buffers/cache:       800M       1.2G
Swap:         8.0G         0B       8.0G

             total       used       free     shared    buffers     cached
Mem:          2.0G       1.1G       853M       1.4M        38M       289M
-/+ buffers/cache:       817M       1.2G
Swap:         8.0G         0B       8.0G

             total       used       free     shared    buffers     cached
Mem:          2.0G       1.1G       833M       1.4M        38M       289M
-/+ buffers/cache:       837M       1.1G
Swap:         8.0G         0B       8.0G

             total       used       free     shared    buffers     cached
Mem:          2.0G       1.2G       809M       1.4M        38M       289M
-/+ buffers/cache:       862M       1.1G
Swap:         8.0G         0B       8.0G

             total       used       free     shared    buffers     cached
Mem:          2.0G       1.2G       788M       1.4M        38M       289M
-/+ buffers/cache:       883M       1.1G
Swap:         8.0G         0B       8.0G

             total       used       free     shared    buffers     cached
Mem:          2.0G       1.2G       767M       1.4M        38M       289M
-/+ buffers/cache:       904M       1.1G
Swap:         8.0G         0B       8.0G

             total       used       free     shared    buffers     cached
Mem:          2.0G       1.2G       748M       1.4M        38M       289M
-/+ buffers/cache:       923M       1.1G
Swap:         8.0G         0B       8.0G

             total       used       free     shared    buffers     cached
Mem:          2.0G       1.2G       729M       1.4M        38M       289M
-/+ buffers/cache:       942M       1.0G
Swap:         8.0G         0B       8.0G

             total       used       free     shared    buffers     cached
Mem:          2.0G       1.3G       706M       1.4M        38M       289M
-/+ buffers/cache:       965M       1.0G
Swap:         8.0G         0B       8.0G

             total       used       free     shared    buffers     cached
Mem:          2.0G       1.3G       684M       1.4M        38M       289M
-/+ buffers/cache:       987M       1.0G
Swap:         8.0G         0B       8.0G

             total       used       free     shared    buffers     cached
Mem:          2.0G       1.3G       663M       1.4M        38M       289M
-/+ buffers/cache:       1.0G       991M
Swap:         8.0G         0B       8.0G

             total       used       free     shared    buffers     cached
Mem:          2.0G       1.3G       641M       1.4M        38M       289M
-/+ buffers/cache:       1.0G       969M
Swap:         8.0G         0B       8.0G

             total       used       free     shared    buffers     cached
Mem:          2.0G       1.3G       618M       1.4M        38M       289M
-/+ buffers/cache:       1.0G       946M
Swap:         8.0G         0B       8.0G

             total       used       free     shared    buffers     cached
Mem:          2.0G       1.4G       597M       1.4M        38M       290M
-/+ buffers/cache:       1.0G       926M
Swap:         8.0G         0B       8.0G

             total       used       free     shared    buffers     cached
Mem:          2.0G       1.4G       577M       1.4M        38M       290M
-/+ buffers/cache:       1.1G       906M
Swap:         8.0G         0B       8.0G

             total       used       free     shared    buffers     cached
Mem:          2.0G       1.4G       558M       1.4M        38M       290M
-/+ buffers/cache:       1.1G       887M
Swap:         8.0G         0B       8.0G

             total       used       free     shared    buffers     cached
Mem:          2.0G       1.4G       540M       1.4M        38M       290M
-/+ buffers/cache:       1.1G       869M
Swap:         8.0G         0B       8.0G

             total       used       free     shared    buffers     cached
Mem:          2.0G       1.4G       516M       1.4M        38M       290M
-/+ buffers/cache:       1.1G       845M
Swap:         8.0G         0B       8.0G

             total       used       free     shared    buffers     cached
Mem:          2.0G       1.5G       496M       1.4M        38M       290M
-/+ buffers/cache:       1.1G       825M
Swap:         8.0G         0B       8.0G

             total       used       free     shared    buffers     cached
Mem:          2.0G       1.5G       475M       1.4M        38M       290M
-/+ buffers/cache:       1.2G       804M
Swap:         8.0G         0B       8.0G

             total       used       free     shared    buffers     cached
Mem:          2.0G       1.5G       455M       1.4M        38M       290M
-/+ buffers/cache:       1.2G       784M
Swap:         8.0G         0B       8.0G

             total       used       free     shared    buffers     cached
Mem:          2.0G       1.5G       434M       1.4M        38M       290M
-/+ buffers/cache:       1.2G       763M
Swap:         8.0G         0B       8.0G

             total       used       free     shared    buffers     cached
Mem:          2.0G       1.5G       430M       1.4M        38M       290M
-/+ buffers/cache:       1.2G       759M
Swap:         8.0G         0B       8.0G

             total       used       free     shared    buffers     cached
Mem:          2.0G       1.6G       410M       1.4M        38M       290M
-/+ buffers/cache:       1.2G       739M
Swap:         8.0G         0B       8.0G

             total       used       free     shared    buffers     cached
Mem:          2.0G       1.6G       391M       1.4M        38M       290M
-/+ buffers/cache:       1.3G       720M
Swap:         8.0G         0B       8.0G

             total       used       free     shared    buffers     cached
Mem:          2.0G       1.6G       369M       1.4M        38M       290M
-/+ buffers/cache:       1.3G       698M
Swap:         8.0G         0B       8.0G

             total       used       free     shared    buffers     cached
Mem:          2.0G       1.6G       349M       1.4M        38M       290M
-/+ buffers/cache:       1.3G       678M
Swap:         8.0G         0B       8.0G

             total       used       free     shared    buffers     cached
Mem:          2.0G       1.6G       328M       1.4M        38M       290M
-/+ buffers/cache:       1.3G       657M
Swap:         8.0G         0B       8.0G

             total       used       free     shared    buffers     cached
Mem:          2.0G       1.7G       310M       1.4M        38M       290M
-/+ buffers/cache:       1.3G       639M
Swap:         8.0G         0B       8.0G

             total       used       free     shared    buffers     cached
Mem:          2.0G       1.7G       292M       1.4M        38M       290M
-/+ buffers/cache:       1.3G       621M
Swap:         8.0G         0B       8.0G

             total       used       free     shared    buffers     cached
Mem:          2.0G       1.7G       270M       1.4M        38M       290M
-/+ buffers/cache:       1.4G       599M
Swap:         8.0G         0B       8.0G

             total       used       free     shared    buffers     cached
Mem:          2.0G       1.7G       253M       1.4M        38M       290M
-/+ buffers/cache:       1.4G       581M
Swap:         8.0G         0B       8.0G

             total       used       free     shared    buffers     cached
Mem:          2.0G       1.7G       234M       1.4M        38M       290M
-/+ buffers/cache:       1.4G       563M
Swap:         8.0G         0B       8.0G

             total       used       free     shared    buffers     cached
Mem:          2.0G       1.7G       215M       1.4M        38M       290M
-/+ buffers/cache:       1.4G       544M
Swap:         8.0G         0B       8.0G

             total       used       free     shared    buffers     cached
Mem:          2.0G       1.8G       194M       1.4M        38M       290M
-/+ buffers/cache:       1.4G       523M
Swap:         8.0G         0B       8.0G

             total       used       free     shared    buffers     cached
Mem:          2.0G       1.8G       175M       1.4M        38M       290M
-/+ buffers/cache:       1.5G       504M
Swap:         8.0G         0B       8.0G

             total       used       free     shared    buffers     cached
Mem:          2.0G       1.8G       153M       1.4M        38M       290M
-/+ buffers/cache:       1.5G       482M
Swap:         8.0G         0B       8.0G

             total       used       free     shared    buffers     cached
Mem:          2.0G       1.8G       131M       1.4M        38M       290M
-/+ buffers/cache:       1.5G       460M
Swap:         8.0G         0B       8.0G

             total       used       free     shared    buffers     cached
Mem:          2.0G       1.8G       111M       1.4M        38M       290M
-/+ buffers/cache:       1.5G       440M
Swap:         8.0G         0B       8.0G

             total       used       free     shared    buffers     cached
Mem:          2.0G       1.9G        93M       1.4M        38M       290M
-/+ buffers/cache:       1.5G       422M
Swap:         8.0G         0B       8.0G

             total       used       free     shared    buffers     cached
Mem:          2.0G       1.9G        74M       1.4M        38M       290M
-/+ buffers/cache:       1.6G       403M
Swap:         8.0G         0B       8.0G

             total       used       free     shared    buffers     cached
Mem:          2.0G       1.9G        72M       1.4M        21M       288M
-/+ buffers/cache:       1.6G       383M
Swap:         8.0G         0B       8.0G

             total       used       free     shared    buffers     cached
Mem:          2.0G       1.9G        74M       1.4M        10M       278M
-/+ buffers/cache:       1.6G       362M
Swap:         8.0G         0B       8.0G

             total       used       free     shared    buffers     cached
Mem:          2.0G       1.9G        69M       1.3M       9.7M       262M
-/+ buffers/cache:       1.6G       341M
Swap:         8.0G       168K       8.0G

             total       used       free     shared    buffers     cached
Mem:          2.0G       1.9G        67M       1.3M       9.7M       244M
-/+ buffers/cache:       1.6G       321M
Swap:         8.0G       1.3M       8.0G

             total       used       free     shared    buffers     cached
Mem:          2.0G       1.9G        76M       1.1M       9.7M       223M
-/+ buffers/cache:       1.7G       310M
Swap:         8.0G         9M       8.0G

             total       used       free     shared    buffers     cached
Mem:          2.0G       1.9G        76M       1.1M       9.7M       206M
-/+ buffers/cache:       1.7G       292M
Swap:         8.0G        11M       8.0G

             total       used       free     shared    buffers     cached
Mem:          2.0G       1.9G        73M       1.1M       2.4M       197M
-/+ buffers/cache:       1.7G       273M
Swap:         8.0G        11M       8.0G

             total       used       free     shared    buffers     cached
Mem:          2.0G       1.9G        77M       1.1M       300K       176M
-/+ buffers/cache:       1.7G       254M
Swap:         8.0G        11M       8.0G

             total       used       free     shared    buffers     cached
Mem:          2.0G       1.9G        72M       1.1M       300K       165M
-/+ buffers/cache:       1.7G       237M
Swap:         8.0G        11M       8.0G

             total       used       free     shared    buffers     cached
Mem:          2.0G       1.9G        73M       1.1M       296K       145M
-/+ buffers/cache:       1.7G       219M
Swap:         8.0G        11M       8.0G

             total       used       free     shared    buffers     cached
Mem:          2.0G       1.9G        71M       1.1M        88K       128M
-/+ buffers/cache:       1.8G       199M
Swap:         8.0G        11M       8.0G

             total       used       free     shared    buffers     cached
Mem:          2.0G       1.9G        68M       1.1M        88K       113M
-/+ buffers/cache:       1.8G       181M
Swap:         8.0G        11M       8.0G

             total       used       free     shared    buffers     cached
Mem:          2.0G       1.9G        75M       1.1M        96K        87M
-/+ buffers/cache:       1.8G       163M
Swap:         8.0G        11M       8.0G

             total       used       free     shared    buffers     cached
Mem:          2.0G       1.9G        75M       1.1M       108K        67M
-/+ buffers/cache:       1.8G       143M
Swap:         8.0G        11M       8.0G

             total       used       free     shared    buffers     cached
Mem:          2.0G       1.9G        71M       1.1M       108K        51M
-/+ buffers/cache:       1.8G       123M
Swap:         8.0G        11M       8.0G

             total       used       free     shared    buffers     cached
Mem:          2.0G       1.9G        76M       1.1M       116K        27M
-/+ buffers/cache:       1.9G       104M
Swap:         8.0G        11M       8.0G

             total       used       free     shared    buffers     cached
Mem:          2.0G       1.9G        76M       1.1M       116K       7.9M
-/+ buffers/cache:       1.9G        84M
Swap:         8.0G        11M       8.0G

             total       used       free     shared    buffers     cached
Mem:          2.0G       1.9G        69M       1.0M       384K       2.9M
-/+ buffers/cache:       1.9G        72M
Swap:         8.0G        27M       8.0G

             total       used       free     shared    buffers     cached
Mem:          2.0G       1.9G        71M       724K       392K       2.4M
-/+ buffers/cache:       1.9G        73M
Swap:         8.0G        55M       7.9G

             total       used       free     shared    buffers     cached
Mem:          2.0G       1.9G        75M       680K       392K       2.2M
-/+ buffers/cache:       1.9G        78M
Swap:         8.0G        69M       7.9G

             total       used       free     shared    buffers     cached
Mem:          2.0G       1.9G        67M       692K       392K       2.2M
-/+ buffers/cache:       1.9G        70M
Swap:         8.0G        93M       7.9G

             total       used       free     shared    buffers     cached
Mem:          2.0G       1.9G        76M       672K       392K       2.1M
-/+ buffers/cache:       1.9G        79M
Swap:         8.0G       120M       7.9G

             total       used       free     shared    buffers     cached
Mem:          2.0G       1.9G        70M       660K       392K       2.1M
-/+ buffers/cache:       1.9G        73M
Swap:         8.0G       120M       7.9G

             total       used       free     shared    buffers     cached
Mem:          2.0G       1.9G        67M       660K       400K       2.0M
-/+ buffers/cache:       1.9G        69M
Swap:         8.0G       141M       7.9G

             total       used       free     shared    buffers     cached
Mem:          2.0G       1.9G        82M       592K       400K       1.9M
-/+ buffers/cache:       1.9G        84M
Swap:         8.0G       178M       7.8G

             total       used       free     shared    buffers     cached
Mem:          2.0G       1.9G        79M       572K       400K       1.9M
-/+ buffers/cache:       1.9G        82M
Swap:         8.0G       178M       7.8G

             total       used       free     shared    buffers     cached
Mem:          2.0G       1.9G        91M       572K       332K       2.3M
-/+ buffers/cache:       1.9G        93M
Swap:         8.0G       228M       7.8G

             total       used       free     shared    buffers     cached
Mem:          2.0G       1.9G        74M       560K       332K       2.3M
-/+ buffers/cache:       1.9G        76M
Swap:         8.0G       228M       7.8G

             total       used       free     shared    buffers     cached
Mem:          2.0G       1.9G        67M       560K       340K       2.4M
-/+ buffers/cache:       1.9G        70M
Swap:         8.0G       228M       7.8G

             total       used       free     shared    buffers     cached
Mem:          2.0G       1.9G        76M       560K       332K       2.4M
-/+ buffers/cache:       1.9G        78M
Swap:         8.0G       228M       7.8G

             total       used       free     shared    buffers     cached
Mem:          2.0G       1.9G        78M       560K        76K        19M
-/+ buffers/cache:       1.9G        97M
Swap:         8.0G       243M       7.8G

             total       used       free     shared    buffers     cached
Mem:          2.0G       1.9G        68M       532K       216K        20M
-/+ buffers/cache:       1.9G        89M
Swap:         8.0G       243M       7.8G

             total       used       free     shared    buffers     cached
Mem:          2.0G       1.9G        73M       532K       220K       6.0M
-/+ buffers/cache:       1.9G        79M
Swap:         8.0G       252M       7.8G

             total       used       free     shared    buffers     cached
Mem:          2.0G       1.9G        92M       532K       388K       6.5M
-/+ buffers/cache:       1.9G        99M
Swap:         8.0G       301M       7.7G

             total       used       free     shared    buffers     cached
Mem:          2.0G       1.9G        85M       532K       388K       6.5M
-/+ buffers/cache:       1.9G        92M
Swap:         8.0G       301M       7.7G

             total       used       free     shared    buffers     cached
Mem:          2.0G       1.9G        74M       532K       388K       6.5M
-/+ buffers/cache:       1.9G        81M
Swap:         8.0G       301M       7.7G

             total       used       free     shared    buffers     cached
Mem:          2.0G       1.9G        80M       532K       388K       6.5M
-/+ buffers/cache:       1.9G        87M
Swap:         8.0G       301M       7.7G

             total       used       free     shared    buffers     cached
Mem:          2.0G       1.9G        78M       532K       388K       6.5M
-/+ buffers/cache:       1.9G        85M
Swap:         8.0G       300M       7.7G

             total       used       free     shared    buffers     cached
Mem:          2.0G       1.9G        78M       532K       388K       6.5M
-/+ buffers/cache:       1.9G        85M
Swap:         8.0G       300M       7.7G

             total       used       free     shared    buffers     cached
Mem:          2.0G       1.9G        77M       532K       396K       6.5M
-/+ buffers/cache:       1.9G        84M
Swap:         8.0G       300M       7.7G

             total       used       free     shared    buffers     cached
Mem:          2.0G       1.9G        76M       532K       396K       6.5M
-/+ buffers/cache:       1.9G        83M
Swap:         8.0G       299M       7.7G

             total       used       free     shared    buffers     cached
Mem:          2.0G       1.9G        75M       532K       396K       6.5M
-/+ buffers/cache:       1.9G        82M
Swap:         8.0G       299M       7.7G

             total       used       free     shared    buffers     cached
Mem:          2.0G       1.9G        75M       532K       396K       6.5M
-/+ buffers/cache:       1.9G        82M
Swap:         8.0G       298M       7.7G

             total       used       free     shared    buffers     cached
Mem:          2.0G       1.9G        74M       532K       396K       6.6M
-/+ buffers/cache:       1.9G        81M
Swap:         8.0G       298M       7.7G

             total       used       free     shared    buffers     cached
Mem:          2.0G       1.9G        73M       532K       404K       6.6M
-/+ buffers/cache:       1.9G        80M
Swap:         8.0G       298M       7.7G

             total       used       free     shared    buffers     cached
Mem:          2.0G       1.9G        72M       532K       404K       6.6M
-/+ buffers/cache:       1.9G        79M
Swap:         8.0G       297M       7.7G

             total       used       free     shared    buffers     cached
Mem:          2.0G       1.9G        72M       532K       404K       6.6M
-/+ buffers/cache:       1.9G        79M
Swap:         8.0G       297M       7.7G

             total       used       free     shared    buffers     cached
Mem:          2.0G       1.9G        71M       532K       404K       6.6M
-/+ buffers/cache:       1.9G        78M
Swap:         8.0G       297M       7.7G

             total       used       free     shared    buffers     cached
Mem:          2.0G       1.9G        70M       532K       404K       6.6M
-/+ buffers/cache:       1.9G        78M
Swap:         8.0G       296M       7.7G

             total       used       free     shared    buffers     cached
Mem:          2.0G       1.9G        70M       532K       412K       6.7M
-/+ buffers/cache:       1.9G        77M
Swap:         8.0G       296M       7.7G

             total       used       free     shared    buffers     cached
Mem:          2.0G       1.9G        69M       532K       412K       6.7M
-/+ buffers/cache:       1.9G        76M
Swap:         8.0G       296M       7.7G

             total       used       free     shared    buffers     cached
Mem:          2.0G       1.9G        68M       532K       412K       6.7M
-/+ buffers/cache:       1.9G        75M
Swap:         8.0G       295M       7.7G

             total       used       free     shared    buffers     cached
Mem:          2.0G       1.9G        68M       532K       412K       6.7M
-/+ buffers/cache:       1.9G        75M
Swap:         8.0G       295M       7.7G

             total       used       free     shared    buffers     cached
Mem:          2.0G       1.9G        67M       532K       412K       6.7M
-/+ buffers/cache:       1.9G        74M
Swap:         8.0G       294M       7.7G

             total       used       free     shared    buffers     cached
Mem:          2.0G       1.9G        66M       532K       412K       6.7M
-/+ buffers/cache:       1.9G        73M
Swap:         8.0G       294M       7.7G

             total       used       free     shared    buffers     cached
Mem:          2.0G       1.9G        88M       532K       364K       5.9M
-/+ buffers/cache:       1.9G        95M
Swap:         8.0G       341M       7.7G

             total       used       free     shared    buffers     cached
Mem:          2.0G       1.9G        88M       532K       364K       5.9M
-/+ buffers/cache:       1.9G        94M
Swap:         8.0G       341M       7.7G

             total       used       free     shared    buffers     cached
Mem:          2.0G       1.9G        87M       532K       364K       5.9M
-/+ buffers/cache:       1.9G        93M
Swap:         8.0G       340M       7.7G

             total       used       free     shared    buffers     cached
Mem:          2.0G       1.9G        86M       532K       364K       5.9M
-/+ buffers/cache:       1.9G        92M
Swap:         8.0G       339M       7.7G

             total       used       free     shared    buffers     cached
Mem:          2.0G       1.9G        85M       532K       364K       5.9M
-/+ buffers/cache:       1.9G        91M
Swap:         8.0G       339M       7.7G

             total       used       free     shared    buffers     cached
Mem:          2.0G       1.9G        84M       532K       372K       5.9M
-/+ buffers/cache:       1.9G        91M
Swap:         8.0G       338M       7.7G

             total       used       free     shared    buffers     cached
Mem:          2.0G       1.9G        84M       532K       372K       5.9M
-/+ buffers/cache:       1.9G        90M
Swap:         8.0G       337M       7.7G

             total       used       free     shared    buffers     cached
Mem:          2.0G       1.9G        83M       532K       372K       5.9M
-/+ buffers/cache:       1.9G        89M
Swap:         8.0G       337M       7.7G

             total       used       free     shared    buffers     cached
Mem:          2.0G       1.9G        82M       532K       372K       5.9M
-/+ buffers/cache:       1.9G        88M
Swap:         8.0G       336M       7.7G

             total       used       free     shared    buffers     cached
Mem:          2.0G       1.9G        81M       532K       372K       5.9M
-/+ buffers/cache:       1.9G        87M
Swap:         8.0G       335M       7.7G

             total       used       free     shared    buffers     cached
Mem:          2.0G       1.9G        80M       532K       380K       5.9M
-/+ buffers/cache:       1.9G        86M
Swap:         8.0G       335M       7.7G

             total       used       free     shared    buffers     cached
Mem:          2.0G       1.9G        79M       532K       380K       5.9M
-/+ buffers/cache:       1.9G        86M
Swap:         8.0G       334M       7.7G

             total       used       free     shared    buffers     cached
Mem:          2.0G       1.9G        79M       532K       380K       5.9M
-/+ buffers/cache:       1.9G        85M
Swap:         8.0G       333M       7.7G

             total       used       free     shared    buffers     cached
Mem:          2.0G       1.9G        78M       532K       380K       5.9M
-/+ buffers/cache:       1.9G        84M
Swap:         8.0G       332M       7.7G

             total       used       free     shared    buffers     cached
Mem:          2.0G       1.9G        77M       532K       380K       5.9M
-/+ buffers/cache:       1.9G        83M
Swap:         8.0G       332M       7.7G

             total       used       free     shared    buffers     cached
Mem:          2.0G       1.9G        76M       532K       388K       5.9M
-/+ buffers/cache:       1.9G        82M
Swap:         8.0G       331M       7.7G

             total       used       free     shared    buffers     cached
Mem:          2.0G       1.9G        76M       532K       388K       5.9M
-/+ buffers/cache:       1.9G        82M
Swap:         8.0G       331M       7.7G

             total       used       free     shared    buffers     cached
Mem:          2.0G       1.9G        76M       532K       388K       5.9M
-/+ buffers/cache:       1.9G        82M
Swap:         8.0G       331M       7.7G

             total       used       free     shared    buffers     cached
Mem:          2.0G       1.9G        76M       532K       392K       5.9M
-/+ buffers/cache:       1.9G        82M
Swap:         8.0G       331M       7.7G

             total       used       free     shared    buffers     cached
Mem:          2.0G       1.9G        75M       532K       404K       6.1M
-/+ buffers/cache:       1.9G        82M
Swap:         8.0G       331M       7.7G

             total       used       free     shared    buffers     cached
Mem:          2.0G       1.9G        75M       532K       404K       6.0M
-/+ buffers/cache:       1.9G        82M
Swap:         8.0G       331M       7.7G

             total       used       free     shared    buffers     cached
Mem:          2.0G       1.9G        75M       532K       408K       6.0M
-/+ buffers/cache:       1.9G        81M
Swap:         8.0G       331M       7.7G

             total       used       free     shared    buffers     cached
Mem:          2.0G       1.9G        76M       532K       388K        28M
-/+ buffers/cache:       1.8G       105M
Swap:         8.0G       342M       7.7G

             total       used       free     shared    buffers     cached
Mem:          2.0G       1.9G        79M       536K       396K        34M
-/+ buffers/cache:       1.8G       113M
Swap:         8.0G       344M       7.7G

             total       used       free     shared    buffers     cached
Mem:          2.0G       1.9G        78M       536K       408K        34M
-/+ buffers/cache:       1.8G       113M
Swap:         8.0G       344M       7.7G

             total       used       free     shared    buffers     cached
Mem:          2.0G       1.9G        77M       536K       412K        34M
-/+ buffers/cache:       1.8G       112M
Swap:         8.0G       344M       7.7G

             total       used       free     shared    buffers     cached
Mem:          2.0G       1.9G        87M       536K       104K        35M
-/+ buffers/cache:       1.8G       122M
Swap:         8.0G       366M       7.6G

             total       used       free     shared    buffers     cached
Mem:          2.0G       1.9G        85M       536K       104K        35M
-/+ buffers/cache:       1.8G       121M
Swap:         8.0G       365M       7.6G

             total       used       free     shared    buffers     cached
Mem:          2.0G       1.9G        83M       536K       524K        36M
-/+ buffers/cache:       1.8G       119M
Swap:         8.0G       364M       7.6G

             total       used       free     shared    buffers     cached
Mem:          2.0G       1.9G        79M       536K       540K        37M
-/+ buffers/cache:       1.8G       117M
Swap:         8.0G       362M       7.6G

             total       used       free     shared    buffers     cached
Mem:          2.0G       1.9G        78M       536K       540K        37M
-/+ buffers/cache:       1.8G       116M
Swap:         8.0G       362M       7.6G

             total       used       free     shared    buffers     cached
Mem:          2.0G       1.9G        77M       536K       540K        37M
-/+ buffers/cache:       1.8G       115M
Swap:         8.0G       361M       7.6G

             total       used       free     shared    buffers     cached
Mem:          2.0G       1.9G        76M       536K       552K        37M
-/+ buffers/cache:       1.8G       114M
Swap:         8.0G       361M       7.6G

             total       used       free     shared    buffers     cached
Mem:          2.0G       1.9G        75M       536K       552K        37M
-/+ buffers/cache:       1.8G       114M
Swap:         8.0G       361M       7.6G

             total       used       free     shared    buffers     cached
Mem:          2.0G       1.9G        74M       536K       552K        37M
-/+ buffers/cache:       1.8G       113M
Swap:         8.0G       360M       7.6G

             total       used       free     shared    buffers     cached
Mem:          2.0G       1.9G        74M       536K       552K        37M
-/+ buffers/cache:       1.8G       112M
Swap:         8.0G       360M       7.6G

             total       used       free     shared    buffers     cached
Mem:          2.0G       1.9G        73M       536K       552K        37M
-/+ buffers/cache:       1.8G       111M
Swap:         8.0G       359M       7.6G

             total       used       free     shared    buffers     cached
Mem:          2.0G       1.9G        72M       536K       560K        37M
-/+ buffers/cache:       1.8G       111M
Swap:         8.0G       359M       7.6G

             total       used       free     shared    buffers     cached
Mem:          2.0G       1.9G        71M       536K       560K        37M
-/+ buffers/cache:       1.8G       110M
Swap:         8.0G       358M       7.6G

             total       used       free     shared    buffers     cached
Mem:          2.0G       1.9G        71M       536K       560K        37M
-/+ buffers/cache:       1.8G       109M
Swap:         8.0G       358M       7.6G

             total       used       free     shared    buffers     cached
Mem:          2.0G       1.9G        70M       536K       560K        37M
-/+ buffers/cache:       1.8G       108M
Swap:         8.0G       358M       7.6G

             total       used       free     shared    buffers     cached
Mem:          2.0G       1.9G        69M       536K       560K        37M
-/+ buffers/cache:       1.8G       108M
Swap:         8.0G       357M       7.6G

             total       used       free     shared    buffers     cached
Mem:          2.0G       1.9G        68M       536K       560K        37M
-/+ buffers/cache:       1.8G       107M
Swap:         8.0G       357M       7.6G

             total       used       free     shared    buffers     cached
Mem:          2.0G       1.9G        68M       536K       568K        37M
-/+ buffers/cache:       1.8G       106M
Swap:         8.0G       356M       7.6G

             total       used       free     shared    buffers     cached
Mem:          2.0G       1.9G        67M       536K       568K        37M
-/+ buffers/cache:       1.8G       105M
Swap:         8.0G       356M       7.6G

             total       used       free     shared    buffers     cached
Mem:          2.0G       1.9G        66M       536K       568K        37M
-/+ buffers/cache:       1.9G       105M
Swap:         8.0G       356M       7.6G

             total       used       free     shared    buffers     cached
Mem:          2.0G       1.9G        77M       536K       568K        37M
-/+ buffers/cache:       1.8G       115M
Swap:         8.0G       364M       7.6G

             total       used       free     shared    buffers     cached
Mem:          2.0G       1.9G        77M       536K       568K        37M
-/+ buffers/cache:       1.8G       115M
Swap:         8.0G       364M       7.6G

             total       used       free     shared    buffers     cached
Mem:          2.0G       1.9G        76M       536K       576K        37M
-/+ buffers/cache:       1.8G       114M
Swap:         8.0G       364M       7.6G

             total       used       free     shared    buffers     cached
Mem:          2.0G       1.9G        76M       536K       576K        37M
-/+ buffers/cache:       1.8G       113M
Swap:         8.0G       363M       7.6G

             total       used       free     shared    buffers     cached
Mem:          2.0G       1.9G        75M       536K       576K        37M
-/+ buffers/cache:       1.8G       113M
Swap:         8.0G       363M       7.6G

             total       used       free     shared    buffers     cached
Mem:          2.0G       1.9G        74M       536K       576K        37M
-/+ buffers/cache:       1.8G       112M
Swap:         8.0G       362M       7.6G

             total       used       free     shared    buffers     cached
Mem:          2.0G       1.9G        73M       536K       576K        37M
-/+ buffers/cache:       1.8G       111M
Swap:         8.0G       362M       7.6G

             total       used       free     shared    buffers     cached
Mem:          2.0G       1.9G        73M       536K       576K        37M
-/+ buffers/cache:       1.8G       110M
Swap:         8.0G       362M       7.6G

             total       used       free     shared    buffers     cached
Mem:          2.0G       1.9G        72M       536K       584K        37M
-/+ buffers/cache:       1.8G       110M
Swap:         8.0G       361M       7.6G

             total       used       free     shared    buffers     cached
Mem:          2.0G       1.9G        71M       536K       584K        37M
-/+ buffers/cache:       1.8G       109M
Swap:         8.0G       361M       7.6G

             total       used       free     shared    buffers     cached
Mem:          2.0G       1.9G        70M       536K       584K        37M
-/+ buffers/cache:       1.8G       108M
Swap:         8.0G       360M       7.6G

             total       used       free     shared    buffers     cached
Mem:          2.0G       1.9G        70M       536K       592K        37M
-/+ buffers/cache:       1.8G       107M
Swap:         8.0G       360M       7.6G

             total       used       free     shared    buffers     cached
Mem:          2.0G       1.9G        69M       536K       592K        37M
-/+ buffers/cache:       1.8G       106M
Swap:         8.0G       359M       7.6G

             total       used       free     shared    buffers     cached
Mem:          2.0G       1.9G        68M       536K       600K        37M
-/+ buffers/cache:       1.8G       106M
Swap:         8.0G       359M       7.6G

             total       used       free     shared    buffers     cached
Mem:          2.0G       1.9G        67M       536K       600K        37M
-/+ buffers/cache:       1.9G       105M
Swap:         8.0G       358M       7.6G

             total       used       free     shared    buffers     cached
Mem:          2.0G       1.9G        66M       536K       600K        37M
-/+ buffers/cache:       1.9G       104M
Swap:         8.0G       358M       7.6G

             total       used       free     shared    buffers     cached
Mem:          2.0G       1.9G        83M       536K       600K        35M
-/+ buffers/cache:       1.8G       119M
Swap:         8.0G       379M       7.6G

             total       used       free     shared    buffers     cached
Mem:          2.0G       1.9G        82M       536K       600K        35M
-/+ buffers/cache:       1.8G       118M
Swap:         8.0G       379M       7.6G

             total       used       free     shared    buffers     cached
Mem:          2.0G       1.9G        81M       536K       600K        35M
-/+ buffers/cache:       1.8G       118M
Swap:         8.0G       378M       7.6G

             total       used       free     shared    buffers     cached
Mem:          2.0G       1.9G        80M       536K       608K        35M
-/+ buffers/cache:       1.8G       117M
Swap:         8.0G       378M       7.6G

             total       used       free     shared    buffers     cached
Mem:          2.0G       1.9G        79M       536K       608K        35M
-/+ buffers/cache:       1.8G       116M
Swap:         8.0G       377M       7.6G

             total       used       free     shared    buffers     cached
Mem:          2.0G       1.9G        79M       536K       608K        35M
-/+ buffers/cache:       1.8G       115M
Swap:         8.0G       377M       7.6G

             total       used       free     shared    buffers     cached
Mem:          2.0G       1.9G        78M       536K       608K        35M
-/+ buffers/cache:       1.8G       114M
Swap:         8.0G       376M       7.6G

             total       used       free     shared    buffers     cached
Mem:          2.0G       1.9G        77M       536K       608K        35M
-/+ buffers/cache:       1.8G       114M
Swap:         8.0G       376M       7.6G

             total       used       free     shared    buffers     cached
Mem:          2.0G       1.9G        76M       536K       616K        35M
-/+ buffers/cache:       1.8G       113M
Swap:         8.0G       375M       7.6G

             total       used       free     shared    buffers     cached
Mem:          2.0G       1.9G        76M       536K       616K        35M
-/+ buffers/cache:       1.8G       112M
Swap:         8.0G       375M       7.6G

             total       used       free     shared    buffers     cached
Mem:          2.0G       1.9G        75M       536K       616K        35M
-/+ buffers/cache:       1.8G       111M
Swap:         8.0G       374M       7.6G

             total       used       free     shared    buffers     cached
Mem:          2.0G       1.9G        74M       536K       616K        35M
-/+ buffers/cache:       1.8G       110M
Swap:         8.0G       374M       7.6G

             total       used       free     shared    buffers     cached
Mem:          2.0G       1.9G        73M       536K       616K        35M
-/+ buffers/cache:       1.8G       109M
Swap:         8.0G       373M       7.6G

             total       used       free     shared    buffers     cached
Mem:          2.0G       1.9G        72M       536K       616K        35M
-/+ buffers/cache:       1.8G       109M
Swap:         8.0G       373M       7.6G

             total       used       free     shared    buffers     cached
Mem:          2.0G       1.9G        72M       536K       624K        35M
-/+ buffers/cache:       1.8G       108M
Swap:         8.0G       372M       7.6G

             total       used       free     shared    buffers     cached
Mem:          2.0G       1.9G        71M       536K       624K        35M
-/+ buffers/cache:       1.8G       107M
Swap:         8.0G       372M       7.6G

             total       used       free     shared    buffers     cached
Mem:          2.0G       1.9G        70M       536K       624K        35M
-/+ buffers/cache:       1.8G       106M
Swap:         8.0G       371M       7.6G

             total       used       free     shared    buffers     cached
Mem:          2.0G       1.9G        69M       536K       624K        35M
-/+ buffers/cache:       1.8G       106M
Swap:         8.0G       370M       7.6G

             total       used       free     shared    buffers     cached
Mem:          2.0G       1.9G        68M       536K       624K        36M
-/+ buffers/cache:       1.9G       105M
Swap:         8.0G       370M       7.6G

             total       used       free     shared    buffers     cached
Mem:          2.0G       1.9G        66M       536K       768K        36M
-/+ buffers/cache:       1.9G       104M
Swap:         8.0G       369M       7.6G

             total       used       free     shared    buffers     cached
Mem:          2.0G       1.9G        78M       540K       768K        35M
-/+ buffers/cache:       1.8G       114M
Swap:         8.0G       375M       7.6G

             total       used       free     shared    buffers     cached
Mem:          2.0G       1.9G        77M       540K       768K        35M
-/+ buffers/cache:       1.8G       113M
Swap:         8.0G       374M       7.6G

             total       used       free     shared    buffers     cached
Mem:          2.0G       1.9G        71M       540K       768K        37M
-/+ buffers/cache:       1.8G       109M
Swap:         8.0G       372M       7.6G

             total       used       free     shared    buffers     cached
Mem:          2.0G       1.9G        70M       540K       768K        37M
-/+ buffers/cache:       1.8G       108M
Swap:         8.0G       371M       7.6G

             total       used       free     shared    buffers     cached
Mem:          2.0G       1.9G        69M       540K       768K        37M
-/+ buffers/cache:       1.8G       107M
Swap:         8.0G       370M       7.6G

             total       used       free     shared    buffers     cached
Mem:          2.0G       1.9G        68M       540K       776K        37M
-/+ buffers/cache:       1.8G       106M
Swap:         8.0G       370M       7.6G

             total       used       free     shared    buffers     cached
Mem:          2.0G       1.9G        67M       540K       776K        37M
-/+ buffers/cache:       1.8G       105M
Swap:         8.0G       369M       7.6G

             total       used       free     shared    buffers     cached
Mem:          2.0G       1.9G        67M       540K       776K        37M
-/+ buffers/cache:       1.9G       105M
Swap:         8.0G       369M       7.6G

             total       used       free     shared    buffers     cached
Mem:          2.0G       1.9G        80M       540K       776K        33M
-/+ buffers/cache:       1.8G       115M
Swap:         8.0G       383M       7.6G

             total       used       free     shared    buffers     cached
Mem:          2.0G       1.9G        79M       540K       776K        33M
-/+ buffers/cache:       1.8G       113M
Swap:         8.0G       382M       7.6G

             total       used       free     shared    buffers     cached
Mem:          2.0G       1.9G        78M       540K       784K        33M
-/+ buffers/cache:       1.8G       113M
Swap:         8.0G       381M       7.6G

             total       used       free     shared    buffers     cached
Mem:          2.0G       1.9G        77M       540K       784K        33M
-/+ buffers/cache:       1.8G       112M
Swap:         8.0G       380M       7.6G

             total       used       free     shared    buffers     cached
Mem:          2.0G       1.9G        76M       540K       784K        33M
-/+ buffers/cache:       1.8G       111M
Swap:         8.0G       379M       7.6G

             total       used       free     shared    buffers     cached
Mem:          2.0G       1.9G        75M       540K       784K        33M
-/+ buffers/cache:       1.8G       110M
Swap:         8.0G       378M       7.6G

             total       used       free     shared    buffers     cached
Mem:          2.0G       1.9G        74M       540K       784K        33M
-/+ buffers/cache:       1.8G       109M
Swap:         8.0G       376M       7.6G

             total       used       free     shared    buffers     cached
Mem:          2.0G       1.9G        73M       540K       784K        33M
-/+ buffers/cache:       1.8G       108M
Swap:         8.0G       375M       7.6G

             total       used       free     shared    buffers     cached
Mem:          2.0G       1.9G        72M       540K       792K        33M
-/+ buffers/cache:       1.8G       107M
Swap:         8.0G       374M       7.6G

             total       used       free     shared    buffers     cached
Mem:          2.0G       1.9G        72M       540K       792K        33M
-/+ buffers/cache:       1.8G       106M
Swap:         8.0G       373M       7.6G

             total       used       free     shared    buffers     cached
Mem:          2.0G       1.9G        71M       540K       792K        33M
-/+ buffers/cache:       1.9G       105M
Swap:         8.0G       372M       7.6G

             total       used       free     shared    buffers     cached
Mem:          2.0G       1.9G        69M       540K       792K        33M
-/+ buffers/cache:       1.9G       104M
Swap:         8.0G       370M       7.6G

             total       used       free     shared    buffers     cached
Mem:          2.0G       1.9G        68M       540K       792K        33M
-/+ buffers/cache:       1.9G       103M
Swap:         8.0G       369M       7.6G

             total       used       free     shared    buffers     cached
Mem:          2.0G       1.9G        67M       540K       800K        33M
-/+ buffers/cache:       1.9G       102M
Swap:         8.0G       368M       7.6G

             total       used       free     shared    buffers     cached
Mem:          2.0G       1.9G        67M       540K       800K        33M
-/+ buffers/cache:       1.9G       101M
Swap:         8.0G       367M       7.6G

             total       used       free     shared    buffers     cached
Mem:          2.0G       1.9G        81M       540K       912K        30M
-/+ buffers/cache:       1.8G       112M
Swap:         8.0G       375M       7.6G

             total       used       free     shared    buffers     cached
Mem:          2.0G       1.9G        80M       540K       912K        30M
-/+ buffers/cache:       1.8G       111M
Swap:         8.0G       374M       7.6G

             total       used       free     shared    buffers     cached
Mem:          2.0G       1.9G        78M       540K       912K        30M
-/+ buffers/cache:       1.8G       110M
Swap:         8.0G       373M       7.6G

             total       used       free     shared    buffers     cached
Mem:          2.0G       1.9G        78M       540K       912K        30M
-/+ buffers/cache:       1.8G       109M
Swap:         8.0G       372M       7.6G

             total       used       free     shared    buffers     cached
Mem:          2.0G       1.9G        77M       540K       912K        30M
-/+ buffers/cache:       1.8G       108M
Swap:         8.0G       371M       7.6G

             total       used       free     shared    buffers     cached
Mem:          2.0G       1.9G        76M       540K       912K        30M
-/+ buffers/cache:       1.8G       107M
Swap:         8.0G       370M       7.6G

             total       used       free     shared    buffers     cached
Mem:          2.0G       1.9G        75M       540K       920K        30M
-/+ buffers/cache:       1.8G       106M
Swap:         8.0G       369M       7.6G

             total       used       free     shared    buffers     cached
Mem:          2.0G       1.9G        74M       540K       920K        30M
-/+ buffers/cache:       1.9G       105M
Swap:         8.0G       368M       7.6G

             total       used       free     shared    buffers     cached
Mem:          2.0G       1.9G        73M       540K       920K        30M
-/+ buffers/cache:       1.9G       104M
Swap:         8.0G       367M       7.6G

             total       used       free     shared    buffers     cached
Mem:          2.0G       1.9G        72M       540K       920K        30M
-/+ buffers/cache:       1.9G       103M
Swap:         8.0G       366M       7.6G

             total       used       free     shared    buffers     cached
Mem:          2.0G       1.9G        71M       540K       920K        30M
-/+ buffers/cache:       1.9G       102M
Swap:         8.0G       364M       7.6G

             total       used       free     shared    buffers     cached
Mem:          2.0G       1.9G        70M       540K       928K        30M
-/+ buffers/cache:       1.9G       102M
Swap:         8.0G       363M       7.6G

             total       used       free     shared    buffers     cached
Mem:          2.0G       1.9G        70M       540K       928K        30M
-/+ buffers/cache:       1.9G       101M
Swap:         8.0G       362M       7.6G

             total       used       free     shared    buffers     cached
Mem:          2.0G       1.9G        69M       540K       928K        30M
-/+ buffers/cache:       1.9G       100M
Swap:         8.0G       361M       7.6G

             total       used       free     shared    buffers     cached
Mem:          2.0G       1.9G        68M       540K       928K        30M
-/+ buffers/cache:       1.9G        99M
Swap:         8.0G       360M       7.6G

             total       used       free     shared    buffers     cached
Mem:          2.0G       1.9G        67M       540K       928K        30M
-/+ buffers/cache:       1.9G        98M
Swap:         8.0G       359M       7.6G

             total       used       free     shared    buffers     cached
Mem:          2.0G       1.9G        81M       540K       924K        26M
-/+ buffers/cache:       1.8G       108M
Swap:         8.0G       373M       7.6G

             total       used       free     shared    buffers     cached
Mem:          2.0G       1.9G        80M       540K       932K        26M
-/+ buffers/cache:       1.8G       108M
Swap:         8.0G       372M       7.6G

             total       used       free     shared    buffers     cached
Mem:          2.0G       1.9G        79M       540K       932K        26M
-/+ buffers/cache:       1.8G       107M
Swap:         8.0G       371M       7.6G

             total       used       free     shared    buffers     cached
Mem:          2.0G       1.9G        78M       540K       932K        26M
-/+ buffers/cache:       1.8G       106M
Swap:         8.0G       370M       7.6G

             total       used       free     shared    buffers     cached
Mem:          2.0G       1.9G        77M       540K       932K        26M
-/+ buffers/cache:       1.9G       105M
Swap:         8.0G       369M       7.6G

             total       used       free     shared    buffers     cached
Mem:          2.0G       1.9G        76M       540K       932K        26M
-/+ buffers/cache:       1.9G       104M
Swap:         8.0G       368M       7.6G

             total       used       free     shared    buffers     cached
Mem:          2.0G       1.9G        76M       540K       940K        26M
-/+ buffers/cache:       1.9G       103M
Swap:         8.0G       367M       7.6G

             total       used       free     shared    buffers     cached
Mem:          2.0G       1.9G        75M       540K       940K        26M
-/+ buffers/cache:       1.9G       102M
Swap:         8.0G       366M       7.6G

             total       used       free     shared    buffers     cached
Mem:          2.0G       1.9G        74M       540K       940K        26M
-/+ buffers/cache:       1.9G       101M
Swap:         8.0G       365M       7.6G

             total       used       free     shared    buffers     cached
Mem:          2.0G       1.9G        73M       540K       940K        26M
-/+ buffers/cache:       1.9G       100M
Swap:         8.0G       364M       7.6G

             total       used       free     shared    buffers     cached
Mem:          2.0G       1.9G        72M       540K       940K        26M
-/+ buffers/cache:       1.9G        99M
Swap:         8.0G       363M       7.6G

             total       used       free     shared    buffers     cached
Mem:          2.0G       1.9G        71M       540K       940K        26M
-/+ buffers/cache:       1.9G        98M
Swap:         8.0G       362M       7.6G

             total       used       free     shared    buffers     cached
Mem:          2.0G       1.9G        87M       604K       5.7M        26M
-/+ buffers/cache:       1.8G       119M
Swap:         8.0G       392M       7.6G

             total       used       free     shared    buffers     cached
Mem:          2.0G       1.9G        83M       588K       6.2M        30M
-/+ buffers/cache:       1.8G       120M
Swap:         8.0G       391M       7.6G
