             total       used       free     shared    buffers     cached
Mem:          2.0G       661M       1.3G       3.2M        38M       289M
-/+ buffers/cache:       332M       1.6G
Swap:         8.0G         0B       8.0G

             total       used       free     shared    buffers     cached
Mem:          2.0G       660M       1.3G       3.2M        38M       289M
-/+ buffers/cache:       331M       1.6G
Swap:         8.0G         0B       8.0G

             total       used       free     shared    buffers     cached
Mem:          2.0G       660M       1.3G       3.2M        38M       289M
-/+ buffers/cache:       331M       1.6G
Swap:         8.0G         0B       8.0G

             total       used       free     shared    buffers     cached
Mem:          2.0G       660M       1.3G       3.2M        38M       289M
-/+ buffers/cache:       331M       1.6G
Swap:         8.0G         0B       8.0G

             total       used       free     shared    buffers     cached
Mem:          2.0G       660M       1.3G       3.2M        38M       289M
-/+ buffers/cache:       331M       1.6G
Swap:         8.0G         0B       8.0G

             total       used       free     shared    buffers     cached
Mem:          2.0G       660M       1.3G       3.2M        38M       289M
-/+ buffers/cache:       331M       1.6G
Swap:         8.0G         0B       8.0G

             total       used       free     shared    buffers     cached
Mem:          2.0G       660M       1.3G       3.2M        38M       289M
-/+ buffers/cache:       331M       1.6G
Swap:         8.0G         0B       8.0G

             total       used       free     shared    buffers     cached
Mem:          2.0G       660M       1.3G       3.2M        38M       289M
-/+ buffers/cache:       331M       1.6G
Swap:         8.0G         0B       8.0G

             total       used       free     shared    buffers     cached
Mem:          2.0G       659M       1.3G       3.2M        38M       289M
-/+ buffers/cache:       331M       1.6G
Swap:         8.0G         0B       8.0G

             total       used       free     shared    buffers     cached
Mem:          2.0G       659M       1.3G       3.2M        38M       289M
-/+ buffers/cache:       331M       1.6G
Swap:         8.0G         0B       8.0G

             total       used       free     shared    buffers     cached
Mem:          2.0G       659M       1.3G       3.2M        38M       289M
-/+ buffers/cache:       331M       1.6G
Swap:         8.0G         0B       8.0G

             total       used       free     shared    buffers     cached
Mem:          2.0G       665M       1.3G       3.2M        38M       290M
-/+ buffers/cache:       336M       1.6G
Swap:         8.0G         0B       8.0G

             total       used       free     shared    buffers     cached
Mem:          2.0G       684M       1.3G       3.2M        38M       290M
-/+ buffers/cache:       355M       1.6G
Swap:         8.0G         0B       8.0G

             total       used       free     shared    buffers     cached
Mem:          2.0G       669M       1.3G       3.2M        38M       291M
-/+ buffers/cache:       339M       1.6G
Swap:         8.0G         0B       8.0G

             total       used       free     shared    buffers     cached
Mem:          2.0G       669M       1.3G       3.2M        38M       291M
-/+ buffers/cache:       339M       1.6G
Swap:         8.0G         0B       8.0G

             total       used       free     shared    buffers     cached
Mem:          2.0G       669M       1.3G       3.2M        38M       291M
-/+ buffers/cache:       339M       1.6G
Swap:         8.0G         0B       8.0G

             total       used       free     shared    buffers     cached
Mem:          2.0G       669M       1.3G       3.2M        38M       291M
-/+ buffers/cache:       339M       1.6G
Swap:         8.0G         0B       8.0G

             total       used       free     shared    buffers     cached
Mem:          2.0G       669M       1.3G       3.2M        38M       291M
-/+ buffers/cache:       339M       1.6G
Swap:         8.0G         0B       8.0G

             total       used       free     shared    buffers     cached
Mem:          2.0G       669M       1.3G       3.2M        38M       291M
-/+ buffers/cache:       339M       1.6G
Swap:         8.0G         0B       8.0G

             total       used       free     shared    buffers     cached
Mem:          2.0G       669M       1.3G       3.2M        38M       291M
-/+ buffers/cache:       339M       1.6G
Swap:         8.0G         0B       8.0G

             total       used       free     shared    buffers     cached
Mem:          2.0G       669M       1.3G       3.2M        38M       291M
-/+ buffers/cache:       339M       1.6G
Swap:         8.0G         0B       8.0G

             total       used       free     shared    buffers     cached
Mem:          2.0G       670M       1.3G       3.2M        38M       291M
-/+ buffers/cache:       339M       1.6G
Swap:         8.0G         0B       8.0G

             total       used       free     shared    buffers     cached
Mem:          2.0G       670M       1.3G       3.2M        38M       291M
-/+ buffers/cache:       339M       1.6G
Swap:         8.0G         0B       8.0G

             total       used       free     shared    buffers     cached
Mem:          2.0G       670M       1.3G       3.2M        38M       291M
-/+ buffers/cache:       339M       1.6G
Swap:         8.0G         0B       8.0G

             total       used       free     shared    buffers     cached
Mem:          2.0G       670M       1.3G       3.2M        38M       291M
-/+ buffers/cache:       339M       1.6G
Swap:         8.0G         0B       8.0G

             total       used       free     shared    buffers     cached
Mem:          2.0G       670M       1.3G       3.2M        38M       291M
-/+ buffers/cache:       339M       1.6G
Swap:         8.0G         0B       8.0G

             total       used       free     shared    buffers     cached
Mem:          2.0G       670M       1.3G       3.2M        38M       291M
-/+ buffers/cache:       339M       1.6G
Swap:         8.0G         0B       8.0G

             total       used       free     shared    buffers     cached
Mem:          2.0G       669M       1.3G       3.2M        38M       291M
-/+ buffers/cache:       339M       1.6G
Swap:         8.0G         0B       8.0G

             total       used       free     shared    buffers     cached
Mem:          2.0G       669M       1.3G       3.2M        38M       291M
-/+ buffers/cache:       339M       1.6G
Swap:         8.0G         0B       8.0G

             total       used       free     shared    buffers     cached
Mem:          2.0G       669M       1.3G       3.2M        38M       291M
-/+ buffers/cache:       339M       1.6G
Swap:         8.0G         0B       8.0G

             total       used       free     shared    buffers     cached
Mem:          2.0G       669M       1.3G       3.2M        38M       291M
-/+ buffers/cache:       339M       1.6G
Swap:         8.0G         0B       8.0G

             total       used       free     shared    buffers     cached
Mem:          2.0G       669M       1.3G       3.2M        38M       291M
-/+ buffers/cache:       339M       1.6G
Swap:         8.0G         0B       8.0G

             total       used       free     shared    buffers     cached
Mem:          2.0G       669M       1.3G       3.2M        38M       291M
-/+ buffers/cache:       339M       1.6G
Swap:         8.0G         0B       8.0G

             total       used       free     shared    buffers     cached
Mem:          2.0G       674M       1.3G       3.2M        38M       291M
-/+ buffers/cache:       343M       1.6G
Swap:         8.0G         0B       8.0G

             total       used       free     shared    buffers     cached
Mem:          2.0G       690M       1.3G       3.2M        38M       291M
-/+ buffers/cache:       359M       1.6G
Swap:         8.0G         0B       8.0G

             total       used       free     shared    buffers     cached
Mem:          2.0G       708M       1.3G       3.2M        38M       291M
-/+ buffers/cache:       377M       1.6G
Swap:         8.0G         0B       8.0G

             total       used       free     shared    buffers     cached
Mem:          2.0G       724M       1.2G       3.2M        38M       291M
-/+ buffers/cache:       393M       1.6G
Swap:         8.0G         0B       8.0G

             total       used       free     shared    buffers     cached
Mem:          2.0G       739M       1.2G       3.2M        38M       291M
-/+ buffers/cache:       408M       1.6G
Swap:         8.0G         0B       8.0G

             total       used       free     shared    buffers     cached
Mem:          2.0G       755M       1.2G       3.2M        38M       291M
-/+ buffers/cache:       424M       1.5G
Swap:         8.0G         0B       8.0G

             total       used       free     shared    buffers     cached
Mem:          2.0G       772M       1.2G       3.2M        38M       291M
-/+ buffers/cache:       441M       1.5G
Swap:         8.0G         0B       8.0G

             total       used       free     shared    buffers     cached
Mem:          2.0G       785M       1.2G       3.2M        38M       291M
-/+ buffers/cache:       455M       1.5G
Swap:         8.0G         0B       8.0G

             total       used       free     shared    buffers     cached
Mem:          2.0G       803M       1.2G       3.2M        38M       291M
-/+ buffers/cache:       472M       1.5G
Swap:         8.0G         0B       8.0G

             total       used       free     shared    buffers     cached
Mem:          2.0G       820M       1.2G       3.2M        38M       291M
-/+ buffers/cache:       490M       1.5G
Swap:         8.0G         0B       8.0G

             total       used       free     shared    buffers     cached
Mem:          2.0G       837M       1.1G       3.2M        38M       291M
-/+ buffers/cache:       507M       1.5G
Swap:         8.0G         0B       8.0G

             total       used       free     shared    buffers     cached
Mem:          2.0G       856M       1.1G       3.2M        38M       291M
-/+ buffers/cache:       525M       1.4G
Swap:         8.0G         0B       8.0G

             total       used       free     shared    buffers     cached
Mem:          2.0G       869M       1.1G       3.2M        38M       291M
-/+ buffers/cache:       539M       1.4G
Swap:         8.0G         0B       8.0G

             total       used       free     shared    buffers     cached
Mem:          2.0G       885M       1.1G       3.2M        38M       291M
-/+ buffers/cache:       555M       1.4G
Swap:         8.0G         0B       8.0G

             total       used       free     shared    buffers     cached
Mem:          2.0G       899M       1.1G       3.2M        38M       291M
-/+ buffers/cache:       569M       1.4G
Swap:         8.0G         0B       8.0G

             total       used       free     shared    buffers     cached
Mem:          2.0G       919M       1.1G       3.2M        38M       291M
-/+ buffers/cache:       588M       1.4G
Swap:         8.0G         0B       8.0G

             total       used       free     shared    buffers     cached
Mem:          2.0G       932M       1.0G       3.2M        38M       291M
-/+ buffers/cache:       601M       1.4G
Swap:         8.0G         0B       8.0G

             total       used       free     shared    buffers     cached
Mem:          2.0G       948M       1.0G       3.2M        38M       291M
-/+ buffers/cache:       617M       1.4G
Swap:         8.0G         0B       8.0G

             total       used       free     shared    buffers     cached
Mem:          2.0G       962M       1.0G       3.2M        38M       291M
-/+ buffers/cache:       631M       1.3G
Swap:         8.0G         0B       8.0G

             total       used       free     shared    buffers     cached
Mem:          2.0G       980M       1.0G       3.2M        38M       291M
-/+ buffers/cache:       649M       1.3G
Swap:         8.0G         0B       8.0G

             total       used       free     shared    buffers     cached
Mem:          2.0G       998M       1.0G       3.2M        38M       291M
-/+ buffers/cache:       667M       1.3G
Swap:         8.0G         0B       8.0G

             total       used       free     shared    buffers     cached
Mem:          2.0G       1.0G       984M       3.2M        38M       291M
-/+ buffers/cache:       685M       1.3G
Swap:         8.0G         0B       8.0G

             total       used       free     shared    buffers     cached
Mem:          2.0G       1.0G       965M       3.2M        38M       291M
-/+ buffers/cache:       703M       1.3G
Swap:         8.0G         0B       8.0G

             total       used       free     shared    buffers     cached
Mem:          2.0G       1.0G       947M       3.2M        38M       291M
-/+ buffers/cache:       721M       1.2G
Swap:         8.0G         0B       8.0G

             total       used       free     shared    buffers     cached
Mem:          2.0G       1.0G       932M       3.2M        38M       291M
-/+ buffers/cache:       736M       1.2G
Swap:         8.0G         0B       8.0G

             total       used       free     shared    buffers     cached
Mem:          2.0G       1.1G       916M       3.2M        38M       291M
-/+ buffers/cache:       752M       1.2G
Swap:         8.0G         0B       8.0G

             total       used       free     shared    buffers     cached
Mem:          2.0G       1.1G       901M       3.2M        38M       291M
-/+ buffers/cache:       767M       1.2G
Swap:         8.0G         0B       8.0G

             total       used       free     shared    buffers     cached
Mem:          2.0G       1.1G       885M       3.2M        38M       291M
-/+ buffers/cache:       783M       1.2G
Swap:         8.0G         0B       8.0G

             total       used       free     shared    buffers     cached
Mem:          2.0G       1.1G       876M       3.2M        38M       291M
-/+ buffers/cache:       792M       1.2G
Swap:         8.0G         0B       8.0G

             total       used       free     shared    buffers     cached
Mem:          2.0G       1.1G       862M       3.2M        38M       291M
-/+ buffers/cache:       806M       1.2G
Swap:         8.0G         0B       8.0G

             total       used       free     shared    buffers     cached
Mem:          2.0G       1.1G       847M       3.2M        38M       291M
-/+ buffers/cache:       821M       1.2G
Swap:         8.0G         0B       8.0G

             total       used       free     shared    buffers     cached
Mem:          2.0G       1.1G       830M       3.2M        38M       291M
-/+ buffers/cache:       838M       1.1G
Swap:         8.0G         0B       8.0G

             total       used       free     shared    buffers     cached
Mem:          2.0G       1.2G       814M       3.2M        38M       291M
-/+ buffers/cache:       854M       1.1G
Swap:         8.0G         0B       8.0G

             total       used       free     shared    buffers     cached
Mem:          2.0G       1.2G       796M       3.2M        38M       291M
-/+ buffers/cache:       873M       1.1G
Swap:         8.0G         0B       8.0G

             total       used       free     shared    buffers     cached
Mem:          2.0G       1.2G       780M       3.2M        38M       291M
-/+ buffers/cache:       889M       1.1G
Swap:         8.0G         0B       8.0G

             total       used       free     shared    buffers     cached
Mem:          2.0G       1.2G       764M       3.2M        38M       291M
-/+ buffers/cache:       905M       1.1G
Swap:         8.0G         0B       8.0G

             total       used       free     shared    buffers     cached
Mem:          2.0G       1.2G       750M       3.2M        38M       291M
-/+ buffers/cache:       919M       1.1G
Swap:         8.0G         0B       8.0G

             total       used       free     shared    buffers     cached
Mem:          2.0G       1.2G       737M       3.2M        38M       291M
-/+ buffers/cache:       932M       1.0G
Swap:         8.0G         0B       8.0G

             total       used       free     shared    buffers     cached
Mem:          2.0G       1.2G       721M       3.2M        38M       291M
-/+ buffers/cache:       947M       1.0G
Swap:         8.0G         0B       8.0G

             total       used       free     shared    buffers     cached
Mem:          2.0G       1.3G       706M       3.2M        38M       291M
-/+ buffers/cache:       962M       1.0G
Swap:         8.0G         0B       8.0G

             total       used       free     shared    buffers     cached
Mem:          2.0G       1.3G       691M       3.2M        38M       292M
-/+ buffers/cache:       977M       1.0G
Swap:         8.0G         0B       8.0G

             total       used       free     shared    buffers     cached
Mem:          2.0G       1.3G       677M       3.2M        38M       292M
-/+ buffers/cache:       991M       1.0G
Swap:         8.0G         0B       8.0G

             total       used       free     shared    buffers     cached
Mem:          2.0G       1.3G       660M       3.2M        38M       292M
-/+ buffers/cache:       1.0G       991M
Swap:         8.0G         0B       8.0G

             total       used       free     shared    buffers     cached
Mem:          2.0G       1.3G       646M       3.2M        38M       292M
-/+ buffers/cache:       1.0G       977M
Swap:         8.0G         0B       8.0G

             total       used       free     shared    buffers     cached
Mem:          2.0G       1.3G       631M       3.2M        38M       291M
-/+ buffers/cache:       1.0G       962M
Swap:         8.0G         0B       8.0G

             total       used       free     shared    buffers     cached
Mem:          2.0G       1.4G       615M       3.2M        38M       292M
-/+ buffers/cache:       1.0G       946M
Swap:         8.0G         0B       8.0G

             total       used       free     shared    buffers     cached
Mem:          2.0G       1.4G       600M       3.2M        38M       292M
-/+ buffers/cache:       1.0G       931M
Swap:         8.0G         0B       8.0G

             total       used       free     shared    buffers     cached
Mem:          2.0G       1.4G       585M       3.2M        38M       292M
-/+ buffers/cache:       1.1G       916M
Swap:         8.0G         0B       8.0G

             total       used       free     shared    buffers     cached
Mem:          2.0G       1.4G       571M       3.2M        38M       292M
-/+ buffers/cache:       1.1G       902M
Swap:         8.0G         0B       8.0G

             total       used       free     shared    buffers     cached
Mem:          2.0G       1.4G       556M       3.2M        38M       292M
-/+ buffers/cache:       1.1G       887M
Swap:         8.0G         0B       8.0G

             total       used       free     shared    buffers     cached
Mem:          2.0G       1.4G       542M       3.2M        38M       292M
-/+ buffers/cache:       1.1G       873M
Swap:         8.0G         0B       8.0G

             total       used       free     shared    buffers     cached
Mem:          2.0G       1.4G       527M       3.2M        38M       292M
-/+ buffers/cache:       1.1G       858M
Swap:         8.0G         0B       8.0G

             total       used       free     shared    buffers     cached
Mem:          2.0G       1.5G       513M       3.2M        38M       292M
-/+ buffers/cache:       1.1G       844M
Swap:         8.0G         0B       8.0G

             total       used       free     shared    buffers     cached
Mem:          2.0G       1.5G       498M       3.2M        38M       292M
-/+ buffers/cache:       1.1G       829M
Swap:         8.0G         0B       8.0G

             total       used       free     shared    buffers     cached
Mem:          2.0G       1.5G       484M       3.2M        38M       292M
-/+ buffers/cache:       1.2G       815M
Swap:         8.0G         0B       8.0G

             total       used       free     shared    buffers     cached
Mem:          2.0G       1.5G       469M       3.2M        38M       291M
-/+ buffers/cache:       1.2G       800M
Swap:         8.0G         0B       8.0G

             total       used       free     shared    buffers     cached
Mem:          2.0G       1.5G       454M       3.2M        38M       292M
-/+ buffers/cache:       1.2G       785M
Swap:         8.0G         0B       8.0G

             total       used       free     shared    buffers     cached
Mem:          2.0G       1.5G       438M       3.2M        38M       292M
-/+ buffers/cache:       1.2G       769M
Swap:         8.0G         0B       8.0G

             total       used       free     shared    buffers     cached
Mem:          2.0G       1.5G       428M       3.2M        38M       292M
-/+ buffers/cache:       1.2G       759M
Swap:         8.0G         0B       8.0G

             total       used       free     shared    buffers     cached
Mem:          2.0G       1.5G       416M       3.2M        38M       292M
-/+ buffers/cache:       1.2G       747M
Swap:         8.0G         0B       8.0G

             total       used       free     shared    buffers     cached
Mem:          2.0G       1.6G       402M       3.2M        38M       292M
-/+ buffers/cache:       1.2G       733M
Swap:         8.0G         0B       8.0G

             total       used       free     shared    buffers     cached
Mem:          2.0G       1.6G       387M       3.2M        38M       292M
-/+ buffers/cache:       1.3G       718M
Swap:         8.0G         0B       8.0G

             total       used       free     shared    buffers     cached
Mem:          2.0G       1.6G       373M       3.2M        38M       292M
-/+ buffers/cache:       1.3G       704M
Swap:         8.0G         0B       8.0G

             total       used       free     shared    buffers     cached
Mem:          2.0G       1.6G       358M       3.2M        38M       292M
-/+ buffers/cache:       1.3G       689M
Swap:         8.0G         0B       8.0G

             total       used       free     shared    buffers     cached
Mem:          2.0G       1.6G       344M       3.2M        38M       292M
-/+ buffers/cache:       1.3G       675M
Swap:         8.0G         0B       8.0G

             total       used       free     shared    buffers     cached
Mem:          2.0G       1.6G       329M       3.2M        38M       292M
-/+ buffers/cache:       1.3G       660M
Swap:         8.0G         0B       8.0G

             total       used       free     shared    buffers     cached
Mem:          2.0G       1.6G       314M       3.2M        38M       292M
-/+ buffers/cache:       1.3G       645M
Swap:         8.0G         0B       8.0G

             total       used       free     shared    buffers     cached
Mem:          2.0G       1.7G       299M       3.2M        38M       292M
-/+ buffers/cache:       1.3G       630M
Swap:         8.0G         0B       8.0G

             total       used       free     shared    buffers     cached
Mem:          2.0G       1.7G       285M       3.2M        38M       292M
-/+ buffers/cache:       1.4G       616M
Swap:         8.0G         0B       8.0G

             total       used       free     shared    buffers     cached
Mem:          2.0G       1.7G       271M       3.2M        38M       292M
-/+ buffers/cache:       1.4G       602M
Swap:         8.0G         0B       8.0G

             total       used       free     shared    buffers     cached
Mem:          2.0G       1.7G       255M       3.2M        38M       292M
-/+ buffers/cache:       1.4G       586M
Swap:         8.0G         0B       8.0G

             total       used       free     shared    buffers     cached
Mem:          2.0G       1.7G       241M       3.2M        38M       292M
-/+ buffers/cache:       1.4G       572M
Swap:         8.0G         0B       8.0G

             total       used       free     shared    buffers     cached
Mem:          2.0G       1.7G       225M       3.2M        38M       292M
-/+ buffers/cache:       1.4G       556M
Swap:         8.0G         0B       8.0G

             total       used       free     shared    buffers     cached
Mem:          2.0G       1.7G       211M       3.2M        38M       292M
-/+ buffers/cache:       1.4G       542M
Swap:         8.0G         0B       8.0G

             total       used       free     shared    buffers     cached
Mem:          2.0G       1.8G       197M       3.2M        38M       292M
-/+ buffers/cache:       1.4G       528M
Swap:         8.0G         0B       8.0G

             total       used       free     shared    buffers     cached
Mem:          2.0G       1.8G       182M       3.2M        38M       292M
-/+ buffers/cache:       1.5G       513M
Swap:         8.0G         0B       8.0G

             total       used       free     shared    buffers     cached
Mem:          2.0G       1.8G       165M       3.2M        38M       292M
-/+ buffers/cache:       1.5G       496M
Swap:         8.0G         0B       8.0G

             total       used       free     shared    buffers     cached
Mem:          2.0G       1.8G       150M       3.2M        38M       292M
-/+ buffers/cache:       1.5G       481M
Swap:         8.0G         0B       8.0G

             total       used       free     shared    buffers     cached
Mem:          2.0G       1.8G       135M       3.2M        38M       292M
-/+ buffers/cache:       1.5G       466M
Swap:         8.0G         0B       8.0G

             total       used       free     shared    buffers     cached
Mem:          2.0G       1.8G       119M       3.2M        38M       292M
-/+ buffers/cache:       1.5G       450M
Swap:         8.0G         0B       8.0G

             total       used       free     shared    buffers     cached
Mem:          2.0G       1.9G       103M       3.2M        38M       292M
-/+ buffers/cache:       1.5G       434M
Swap:         8.0G         0B       8.0G

             total       used       free     shared    buffers     cached
Mem:          2.0G       1.9G        87M       3.2M        38M       292M
-/+ buffers/cache:       1.5G       418M
Swap:         8.0G         0B       8.0G

             total       used       free     shared    buffers     cached
Mem:          2.0G       1.9G        72M       3.2M        38M       292M
-/+ buffers/cache:       1.6G       403M
Swap:         8.0G         0B       8.0G

             total       used       free     shared    buffers     cached
Mem:          2.0G       1.9G        80M       3.2M        17M       290M
-/+ buffers/cache:       1.6G       388M
Swap:         8.0G         0B       8.0G

             total       used       free     shared    buffers     cached
Mem:          2.0G       1.9G        65M       3.2M        17M       290M
-/+ buffers/cache:       1.6G       373M
Swap:         8.0G         0B       8.0G

             total       used       free     shared    buffers     cached
Mem:          2.0G       1.9G        66M       3.2M        10M       281M
-/+ buffers/cache:       1.6G       358M
Swap:         8.0G         0B       8.0G

             total       used       free     shared    buffers     cached
Mem:          2.0G       1.9G        66M       3.1M       9.9M       265M
-/+ buffers/cache:       1.6G       341M
Swap:         8.0G       104K       8.0G

             total       used       free     shared    buffers     cached
Mem:          2.0G       1.9G        68M       3.1M       9.9M       246M
-/+ buffers/cache:       1.6G       325M
Swap:         8.0G       236K       8.0G

             total       used       free     shared    buffers     cached
Mem:          2.0G       1.9G        64M       2.9M       9.9M       234M
-/+ buffers/cache:       1.7G       309M
Swap:         8.0G       5.5M       8.0G

             total       used       free     shared    buffers     cached
Mem:          2.0G       1.9G        81M       2.9M       8.3M       208M
-/+ buffers/cache:       1.7G       298M
Swap:         8.0G        10M       8.0G

             total       used       free     shared    buffers     cached
Mem:          2.0G       1.9G        65M       2.9M       8.3M       208M
-/+ buffers/cache:       1.7G       282M
Swap:         8.0G        10M       8.0G

             total       used       free     shared    buffers     cached
Mem:          2.0G       1.9G        62M       2.9M       2.5M       201M
-/+ buffers/cache:       1.7G       266M
Swap:         8.0G        10M       8.0G

             total       used       free     shared    buffers     cached
Mem:          2.0G       1.9G        72M       2.9M       536K       179M
-/+ buffers/cache:       1.7G       253M
Swap:         8.0G        10M       8.0G

             total       used       free     shared    buffers     cached
Mem:          2.0G       1.9G        82M       2.9M       364K       156M
-/+ buffers/cache:       1.7G       239M
Swap:         8.0G        10M       8.0G

             total       used       free     shared    buffers     cached
Mem:          2.0G       1.9G        66M       2.9M       364K       156M
-/+ buffers/cache:       1.7G       223M
Swap:         8.0G        10M       8.0G

             total       used       free     shared    buffers     cached
Mem:          2.0G       1.9G        69M       2.9M       332K       138M
-/+ buffers/cache:       1.8G       208M
Swap:         8.0G        10M       8.0G

             total       used       free     shared    buffers     cached
Mem:          2.0G       1.9G        73M       2.9M        76K       122M
-/+ buffers/cache:       1.8G       195M
Swap:         8.0G        10M       8.0G

             total       used       free     shared    buffers     cached
Mem:          2.0G       1.9G        74M       2.9M       108K       109M
-/+ buffers/cache:       1.8G       183M
Swap:         8.0G        10M       8.0G

             total       used       free     shared    buffers     cached
Mem:          2.0G       1.9G        74M       2.9M       108K        98M
-/+ buffers/cache:       1.8G       173M
Swap:         8.0G        10M       8.0G

             total       used       free     shared    buffers     cached
Mem:          2.0G       1.9G        83M       2.9M       112K        77M
-/+ buffers/cache:       1.8G       161M
Swap:         8.0G        10M       8.0G

             total       used       free     shared    buffers     cached
Mem:          2.0G       1.9G        70M       2.9M       112K        77M
-/+ buffers/cache:       1.8G       148M
Swap:         8.0G        10M       8.0G

             total       used       free     shared    buffers     cached
Mem:          2.0G       1.9G        74M       2.9M       112K        61M
-/+ buffers/cache:       1.8G       136M
Swap:         8.0G        10M       8.0G

             total       used       free     shared    buffers     cached
Mem:          2.0G       1.9G        75M       2.9M       112K        48M
-/+ buffers/cache:       1.8G       123M
Swap:         8.0G        10M       8.0G

             total       used       free     shared    buffers     cached
Mem:          2.0G       1.9G        64M       2.9M       124K        48M
-/+ buffers/cache:       1.8G       112M
Swap:         8.0G        10M       8.0G

             total       used       free     shared    buffers     cached
Mem:          2.0G       1.9G        71M       2.9M       256K        28M
-/+ buffers/cache:       1.9G       100M
Swap:         8.0G        10M       8.0G

             total       used       free     shared    buffers     cached
Mem:          2.0G       1.9G        72M       2.9M       528K        16M
-/+ buffers/cache:       1.9G        89M
Swap:         8.0G        10M       8.0G

             total       used       free     shared    buffers     cached
Mem:          2.0G       1.9G        72M       2.8M       144K       6.5M
-/+ buffers/cache:       1.9G        79M
Swap:         8.0G        18M       8.0G

             total       used       free     shared    buffers     cached
Mem:          2.0G       1.9G        74M       2.5M       328K       6.2M
-/+ buffers/cache:       1.9G        80M
Swap:         8.0G        32M       8.0G

             total       used       free     shared    buffers     cached
Mem:          2.0G       1.9G        75M       2.5M       336K       6.3M
-/+ buffers/cache:       1.9G        82M
Swap:         8.0G        49M       7.9G

             total       used       free     shared    buffers     cached
Mem:          2.0G       1.9G        63M       2.5M       336K       6.3M
-/+ buffers/cache:       1.9G        70M
Swap:         8.0G        49M       7.9G

             total       used       free     shared    buffers     cached
Mem:          2.0G       1.9G        63M       2.5M       260K       4.6M
-/+ buffers/cache:       1.9G        68M
Swap:         8.0G        55M       7.9G

             total       used       free     shared    buffers     cached
Mem:          2.0G       1.9G        67M       2.4M       260K       4.6M
-/+ buffers/cache:       1.9G        71M
Swap:         8.0G        76M       7.9G

             total       used       free     shared    buffers     cached
Mem:          2.0G       1.9G        69M       2.4M       260K       4.6M
-/+ buffers/cache:       1.9G        74M
Swap:         8.0G        87M       7.9G

             total       used       free     shared    buffers     cached
Mem:          2.0G       1.9G        75M       2.4M       268K       4.5M
-/+ buffers/cache:       1.9G        80M
Swap:         8.0G       108M       7.9G

             total       used       free     shared    buffers     cached
Mem:          2.0G       1.9G        64M       2.4M       268K       4.5M
-/+ buffers/cache:       1.9G        69M
Swap:         8.0G       108M       7.9G

             total       used       free     shared    buffers     cached
Mem:          2.0G       1.9G        69M       2.4M       268K       4.4M
-/+ buffers/cache:       1.9G        74M
Swap:         8.0G       119M       7.9G

             total       used       free     shared    buffers     cached
Mem:          2.0G       1.9G        81M       2.4M       268K       4.3M
-/+ buffers/cache:       1.9G        85M
Swap:         8.0G       167M       7.8G

             total       used       free     shared    buffers     cached
Mem:          2.0G       1.9G        68M       2.4M       268K       4.3M
-/+ buffers/cache:       1.9G        72M
Swap:         8.0G       167M       7.8G

             total       used       free     shared    buffers     cached
Mem:          2.0G       1.9G        67M       2.4M       268K       4.3M
-/+ buffers/cache:       1.9G        71M
Swap:         8.0G       167M       7.8G

             total       used       free     shared    buffers     cached
Mem:          2.0G       1.9G        68M       2.4M       276K       4.3M
-/+ buffers/cache:       1.9G        73M
Swap:         8.0G       167M       7.8G

             total       used       free     shared    buffers     cached
Mem:          2.0G       1.9G        72M       2.4M       276K       4.3M
-/+ buffers/cache:       1.9G        77M
Swap:         8.0G       202M       7.8G

             total       used       free     shared    buffers     cached
Mem:          2.0G       1.9G        73M       2.3M       276K       4.3M
-/+ buffers/cache:       1.9G        78M
Swap:         8.0G       202M       7.8G

             total       used       free     shared    buffers     cached
Mem:          2.0G       1.9G        65M       2.3M       276K       4.4M
-/+ buffers/cache:       1.9G        70M
Swap:         8.0G       202M       7.8G

             total       used       free     shared    buffers     cached
Mem:          2.0G       1.9G        72M       2.3M       276K       4.3M
-/+ buffers/cache:       1.9G        76M
Swap:         8.0G       234M       7.8G

             total       used       free     shared    buffers     cached
Mem:          2.0G       1.9G        73M       2.3M       284K       4.3M
-/+ buffers/cache:       1.9G        78M
Swap:         8.0G       234M       7.8G

             total       used       free     shared    buffers     cached
Mem:          2.0G       1.9G        73M       2.3M       284K       4.3M
-/+ buffers/cache:       1.9G        77M
Swap:         8.0G       234M       7.8G

             total       used       free     shared    buffers     cached
Mem:          2.0G       1.9G        71M       2.3M       284K       4.2M
-/+ buffers/cache:       1.9G        75M
Swap:         8.0G       243M       7.8G

             total       used       free     shared    buffers     cached
Mem:          2.0G       1.9G        92M       2.3M       284K       4.2M
-/+ buffers/cache:       1.9G        96M
Swap:         8.0G       304M       7.7G

             total       used       free     shared    buffers     cached
Mem:          2.0G       1.9G        83M       2.3M       284K       4.2M
-/+ buffers/cache:       1.9G        87M
Swap:         8.0G       304M       7.7G

             total       used       free     shared    buffers     cached
Mem:          2.0G       1.9G        77M       2.3M       292K       4.2M
-/+ buffers/cache:       1.9G        82M
Swap:         8.0G       304M       7.7G

             total       used       free     shared    buffers     cached
Mem:          2.0G       1.9G        69M       2.3M       292K       4.2M
-/+ buffers/cache:       1.9G        74M
Swap:         8.0G       304M       7.7G

             total       used       free     shared    buffers     cached
Mem:          2.0G       1.9G        68M       2.3M       292K       4.2M
-/+ buffers/cache:       1.9G        72M
Swap:         8.0G       304M       7.7G

             total       used       free     shared    buffers     cached
Mem:          2.0G       1.9G        67M       2.3M       292K       4.2M
-/+ buffers/cache:       1.9G        72M
Swap:         8.0G       303M       7.7G

             total       used       free     shared    buffers     cached
Mem:          2.0G       1.9G        67M       2.3M       292K       4.2M
-/+ buffers/cache:       1.9G        71M
Swap:         8.0G       303M       7.7G

             total       used       free     shared    buffers     cached
Mem:          2.0G       1.9G        66M       2.3M       292K       4.2M
-/+ buffers/cache:       1.9G        71M
Swap:         8.0G       303M       7.7G

             total       used       free     shared    buffers     cached
Mem:          2.0G       1.9G        66M       2.3M       300K       4.2M
-/+ buffers/cache:       1.9G        70M
Swap:         8.0G       302M       7.7G

             total       used       free     shared    buffers     cached
Mem:          2.0G       1.9G        65M       2.3M       300K       4.2M
-/+ buffers/cache:       1.9G        70M
Swap:         8.0G       302M       7.7G

             total       used       free     shared    buffers     cached
Mem:          2.0G       1.9G        65M       2.3M       300K       4.2M
-/+ buffers/cache:       1.9G        69M
Swap:         8.0G       301M       7.7G

             total       used       free     shared    buffers     cached
Mem:          2.0G       1.9G        65M       2.3M       300K       4.2M
-/+ buffers/cache:       1.9G        69M
Swap:         8.0G       301M       7.7G

             total       used       free     shared    buffers     cached
Mem:          2.0G       1.9G        64M       2.3M       300K       4.2M
-/+ buffers/cache:       1.9G        69M
Swap:         8.0G       300M       7.7G

             total       used       free     shared    buffers     cached
Mem:          2.0G       1.9G        64M       2.3M       308K       4.2M
-/+ buffers/cache:       1.9G        69M
Swap:         8.0G       300M       7.7G

             total       used       free     shared    buffers     cached
Mem:          2.0G       1.9G        64M       2.3M       308K       4.2M
-/+ buffers/cache:       1.9G        68M
Swap:         8.0G       300M       7.7G

             total       used       free     shared    buffers     cached
Mem:          2.0G       1.9G        63M       2.3M       308K       4.2M
-/+ buffers/cache:       1.9G        68M
Swap:         8.0G       299M       7.7G

             total       used       free     shared    buffers     cached
Mem:          2.0G       1.9G        63M       2.3M       308K       4.2M
-/+ buffers/cache:       1.9G        67M
Swap:         8.0G       299M       7.7G

             total       used       free     shared    buffers     cached
Mem:          2.0G       1.9G        63M       2.3M       308K       4.2M
-/+ buffers/cache:       1.9G        67M
Swap:         8.0G       298M       7.7G

             total       used       free     shared    buffers     cached
Mem:          2.0G       1.9G        74M       2.3M       316K       4.2M
-/+ buffers/cache:       1.9G        79M
Swap:         8.0G       298M       7.7G

             total       used       free     shared    buffers     cached
Mem:          2.0G       1.9G        74M       2.3M       316K       4.2M
-/+ buffers/cache:       1.9G        79M
Swap:         8.0G       298M       7.7G

             total       used       free     shared    buffers     cached
Mem:          2.0G       1.9G        58M       2.3M       232K        27M
-/+ buffers/cache:       1.9G        85M
Swap:         8.0G       308M       7.7G

             total       used       free     shared    buffers     cached
Mem:          2.0G       1.9G        95M       2.3M       248K        29M
-/+ buffers/cache:       1.8G       124M
Swap:         8.0G       350M       7.7G

             total       used       free     shared    buffers     cached
Mem:          2.0G       1.9G        94M       2.3M       516K        29M
-/+ buffers/cache:       1.8G       123M
Swap:         8.0G       349M       7.7G

             total       used       free     shared    buffers     cached
Mem:          2.0G       1.9G        93M       2.3M       516K        29M
-/+ buffers/cache:       1.8G       123M
Swap:         8.0G       349M       7.7G

             total       used       free     shared    buffers     cached
Mem:          2.0G       1.9G        92M       2.3M       516K        29M
-/+ buffers/cache:       1.8G       122M
Swap:         8.0G       348M       7.7G

             total       used       free     shared    buffers     cached
Mem:          2.0G       1.9G        91M       2.3M       516K        29M
-/+ buffers/cache:       1.8G       121M
Swap:         8.0G       348M       7.7G

             total       used       free     shared    buffers     cached
Mem:          2.0G       1.9G        91M       2.3M       524K        29M
-/+ buffers/cache:       1.8G       121M
Swap:         8.0G       348M       7.7G

             total       used       free     shared    buffers     cached
Mem:          2.0G       1.9G        90M       2.3M       524K        29M
-/+ buffers/cache:       1.8G       120M
Swap:         8.0G       348M       7.7G

             total       used       free     shared    buffers     cached
Mem:          2.0G       1.9G        89M       2.3M       524K        29M
-/+ buffers/cache:       1.8G       119M
Swap:         8.0G       347M       7.7G

             total       used       free     shared    buffers     cached
Mem:          2.0G       1.9G        87M       2.3M       524K        30M
-/+ buffers/cache:       1.8G       119M
Swap:         8.0G       347M       7.7G

             total       used       free     shared    buffers     cached
Mem:          2.0G       1.9G        85M       2.3M       524K        32M
-/+ buffers/cache:       1.8G       118M
Swap:         8.0G       346M       7.7G

             total       used       free     shared    buffers     cached
Mem:          2.0G       1.9G        77M       2.3M       532K        37M
-/+ buffers/cache:       1.8G       114M
Swap:         8.0G       344M       7.7G

             total       used       free     shared    buffers     cached
Mem:          2.0G       1.9G        72M       2.3M       2.1M        39M
-/+ buffers/cache:       1.8G       113M
Swap:         8.0G       344M       7.7G

             total       used       free     shared    buffers     cached
Mem:          2.0G       1.9G        71M       2.3M       2.1M        39M
-/+ buffers/cache:       1.8G       112M
Swap:         8.0G       343M       7.7G

             total       used       free     shared    buffers     cached
Mem:          2.0G       1.9G        70M       2.3M       2.1M        39M
-/+ buffers/cache:       1.8G       112M
Swap:         8.0G       343M       7.7G

             total       used       free     shared    buffers     cached
Mem:          2.0G       1.9G        70M       2.3M       2.1M        39M
-/+ buffers/cache:       1.8G       111M
Swap:         8.0G       343M       7.7G

             total       used       free     shared    buffers     cached
Mem:          2.0G       1.9G        69M       2.3M       2.1M        39M
-/+ buffers/cache:       1.8G       111M
Swap:         8.0G       342M       7.7G

             total       used       free     shared    buffers     cached
Mem:          2.0G       1.9G        69M       2.3M       2.1M        39M
-/+ buffers/cache:       1.8G       110M
Swap:         8.0G       342M       7.7G

             total       used       free     shared    buffers     cached
Mem:          2.0G       1.9G        68M       2.3M       2.1M        39M
-/+ buffers/cache:       1.8G       110M
Swap:         8.0G       342M       7.7G

             total       used       free     shared    buffers     cached
Mem:          2.0G       1.9G        67M       2.3M       2.1M        39M
-/+ buffers/cache:       1.8G       109M
Swap:         8.0G       341M       7.7G

             total       used       free     shared    buffers     cached
Mem:          2.0G       1.9G        67M       2.3M       2.1M        39M
-/+ buffers/cache:       1.8G       108M
Swap:         8.0G       341M       7.7G

             total       used       free     shared    buffers     cached
Mem:          2.0G       1.9G        66M       2.3M       2.1M        39M
-/+ buffers/cache:       1.8G       108M
Swap:         8.0G       341M       7.7G

             total       used       free     shared    buffers     cached
Mem:          2.0G       1.9G        66M       2.3M       2.1M        39M
-/+ buffers/cache:       1.8G       107M
Swap:         8.0G       340M       7.7G

             total       used       free     shared    buffers     cached
Mem:          2.0G       1.9G        65M       2.3M       2.1M        39M
-/+ buffers/cache:       1.8G       107M
Swap:         8.0G       340M       7.7G

             total       used       free     shared    buffers     cached
Mem:          2.0G       1.9G        64M       2.3M       2.1M        39M
-/+ buffers/cache:       1.8G       106M
Swap:         8.0G       340M       7.7G

             total       used       free     shared    buffers     cached
Mem:          2.0G       1.9G        76M       2.3M       2.1M        37M
-/+ buffers/cache:       1.8G       116M
Swap:         8.0G       349M       7.7G

             total       used       free     shared    buffers     cached
Mem:          2.0G       1.9G        75M       2.3M       2.1M        37M
-/+ buffers/cache:       1.8G       115M
Swap:         8.0G       349M       7.7G

             total       used       free     shared    buffers     cached
Mem:          2.0G       1.9G        75M       2.3M       2.1M        37M
-/+ buffers/cache:       1.8G       115M
Swap:         8.0G       348M       7.7G

             total       used       free     shared    buffers     cached
Mem:          2.0G       1.9G        74M       2.3M       2.1M        37M
-/+ buffers/cache:       1.8G       114M
Swap:         8.0G       348M       7.7G

             total       used       free     shared    buffers     cached
Mem:          2.0G       1.9G        74M       2.3M       2.1M        37M
-/+ buffers/cache:       1.8G       114M
Swap:         8.0G       347M       7.7G

             total       used       free     shared    buffers     cached
Mem:          2.0G       1.9G        73M       2.3M       2.1M        37M
-/+ buffers/cache:       1.8G       113M
Swap:         8.0G       347M       7.7G

             total       used       free     shared    buffers     cached
Mem:          2.0G       1.9G        73M       2.3M       2.1M        37M
-/+ buffers/cache:       1.8G       112M
Swap:         8.0G       347M       7.7G

             total       used       free     shared    buffers     cached
Mem:          2.0G       1.9G        72M       2.3M       2.1M        37M
-/+ buffers/cache:       1.8G       112M
Swap:         8.0G       346M       7.7G

             total       used       free     shared    buffers     cached
Mem:          2.0G       1.9G        71M       2.3M       2.1M        37M
-/+ buffers/cache:       1.8G       111M
Swap:         8.0G       346M       7.7G

             total       used       free     shared    buffers     cached
Mem:          2.0G       1.9G        71M       2.3M       2.1M        37M
-/+ buffers/cache:       1.8G       111M
Swap:         8.0G       346M       7.7G

             total       used       free     shared    buffers     cached
Mem:          2.0G       1.9G        70M       2.3M       2.1M        37M
-/+ buffers/cache:       1.8G       110M
Swap:         8.0G       345M       7.7G

             total       used       free     shared    buffers     cached
Mem:          2.0G       1.9G        70M       2.3M       2.1M        37M
-/+ buffers/cache:       1.8G       109M
Swap:         8.0G       345M       7.7G

             total       used       free     shared    buffers     cached
Mem:          2.0G       1.9G        69M       2.3M       2.1M        37M
-/+ buffers/cache:       1.8G       109M
Swap:         8.0G       345M       7.7G

             total       used       free     shared    buffers     cached
Mem:          2.0G       1.9G        69M       2.3M       2.1M        37M
-/+ buffers/cache:       1.8G       109M
Swap:         8.0G       344M       7.7G

             total       used       free     shared    buffers     cached
Mem:          2.0G       1.9G        68M       2.3M       2.1M        37M
-/+ buffers/cache:       1.8G       108M
Swap:         8.0G       344M       7.7G

             total       used       free     shared    buffers     cached
Mem:          2.0G       1.9G        67M       2.3M       2.1M        37M
-/+ buffers/cache:       1.8G       107M
Swap:         8.0G       344M       7.7G

             total       used       free     shared    buffers     cached
Mem:          2.0G       1.9G        67M       2.3M       2.1M        37M
-/+ buffers/cache:       1.8G       107M
Swap:         8.0G       343M       7.7G

             total       used       free     shared    buffers     cached
Mem:          2.0G       1.9G        66M       2.3M       2.1M        37M
-/+ buffers/cache:       1.8G       106M
Swap:         8.0G       343M       7.7G

             total       used       free     shared    buffers     cached
Mem:          2.0G       1.9G        66M       2.3M       2.1M        37M
-/+ buffers/cache:       1.8G       106M
Swap:         8.0G       343M       7.7G

             total       used       free     shared    buffers     cached
Mem:          2.0G       1.9G        65M       2.3M       2.1M        37M
-/+ buffers/cache:       1.9G       105M
Swap:         8.0G       342M       7.7G

             total       used       free     shared    buffers     cached
Mem:          2.0G       1.9G        64M       2.3M       2.1M        37M
-/+ buffers/cache:       1.9G       104M
Swap:         8.0G       342M       7.7G

             total       used       free     shared    buffers     cached
Mem:          2.0G       1.9G        82M       2.3M       2.0M        34M
-/+ buffers/cache:       1.8G       118M
Swap:         8.0G       361M       7.6G

             total       used       free     shared    buffers     cached
Mem:          2.0G       1.9G        81M       2.3M       2.0M        34M
-/+ buffers/cache:       1.8G       118M
Swap:         8.0G       361M       7.6G

             total       used       free     shared    buffers     cached
Mem:          2.0G       1.9G        81M       2.3M       2.0M        34M
-/+ buffers/cache:       1.8G       117M
Swap:         8.0G       360M       7.6G

             total       used       free     shared    buffers     cached
Mem:          2.0G       1.9G        80M       2.3M       2.0M        34M
-/+ buffers/cache:       1.8G       116M
Swap:         8.0G       360M       7.6G

             total       used       free     shared    buffers     cached
Mem:          2.0G       1.9G        80M       2.3M       2.1M        34M
-/+ buffers/cache:       1.8G       116M
Swap:         8.0G       360M       7.6G

             total       used       free     shared    buffers     cached
Mem:          2.0G       1.9G        79M       2.3M       2.1M        34M
-/+ buffers/cache:       1.8G       115M
Swap:         8.0G       359M       7.6G

             total       used       free     shared    buffers     cached
Mem:          2.0G       1.9G        78M       2.3M       2.1M        34M
-/+ buffers/cache:       1.8G       115M
Swap:         8.0G       359M       7.6G

             total       used       free     shared    buffers     cached
Mem:          2.0G       1.9G        78M       2.3M       2.1M        34M
-/+ buffers/cache:       1.8G       114M
Swap:         8.0G       359M       7.6G

             total       used       free     shared    buffers     cached
Mem:          2.0G       1.9G        77M       2.3M       2.1M        34M
-/+ buffers/cache:       1.8G       113M
Swap:         8.0G       358M       7.6G

             total       used       free     shared    buffers     cached
Mem:          2.0G       1.9G        76M       2.3M       2.1M        34M
-/+ buffers/cache:       1.8G       113M
Swap:         8.0G       358M       7.6G

             total       used       free     shared    buffers     cached
Mem:          2.0G       1.9G        76M       2.3M       2.1M        34M
-/+ buffers/cache:       1.8G       112M
Swap:         8.0G       358M       7.6G

             total       used       free     shared    buffers     cached
Mem:          2.0G       1.9G        75M       2.3M       2.1M        34M
-/+ buffers/cache:       1.8G       111M
Swap:         8.0G       357M       7.6G

             total       used       free     shared    buffers     cached
Mem:          2.0G       1.9G        74M       2.3M       2.1M        34M
-/+ buffers/cache:       1.8G       111M
Swap:         8.0G       357M       7.6G

             total       used       free     shared    buffers     cached
Mem:          2.0G       1.9G        74M       2.3M       2.1M        34M
-/+ buffers/cache:       1.8G       110M
Swap:         8.0G       356M       7.6G

             total       used       free     shared    buffers     cached
Mem:          2.0G       1.9G        73M       2.3M       2.1M        34M
-/+ buffers/cache:       1.8G       109M
Swap:         8.0G       356M       7.6G

             total       used       free     shared    buffers     cached
Mem:          2.0G       1.9G        72M       2.3M       2.1M        34M
-/+ buffers/cache:       1.8G       109M
Swap:         8.0G       355M       7.6G

             total       used       free     shared    buffers     cached
Mem:          2.0G       1.9G        72M       2.3M       2.1M        34M
-/+ buffers/cache:       1.8G       108M
Swap:         8.0G       355M       7.6G

             total       used       free     shared    buffers     cached
Mem:          2.0G       1.9G        71M       2.3M       2.1M        34M
-/+ buffers/cache:       1.8G       107M
Swap:         8.0G       355M       7.7G

             total       used       free     shared    buffers     cached
Mem:          2.0G       1.9G        71M       2.3M       2.1M        34M
-/+ buffers/cache:       1.8G       107M
Swap:         8.0G       354M       7.7G

             total       used       free     shared    buffers     cached
Mem:          2.0G       1.9G        70M       2.3M       2.1M        34M
-/+ buffers/cache:       1.8G       106M
Swap:         8.0G       354M       7.7G

             total       used       free     shared    buffers     cached
Mem:          2.0G       1.9G        68M       2.3M       2.1M        35M
-/+ buffers/cache:       1.8G       105M
Swap:         8.0G       353M       7.7G

             total       used       free     shared    buffers     cached
Mem:          2.0G       1.9G        67M       2.3M       2.1M        35M
-/+ buffers/cache:       1.9G       105M
Swap:         8.0G       353M       7.7G

             total       used       free     shared    buffers     cached
Mem:          2.0G       1.9G        67M       2.3M       2.1M        35M
-/+ buffers/cache:       1.9G       104M
Swap:         8.0G       352M       7.7G

             total       used       free     shared    buffers     cached
Mem:          2.0G       1.9G        66M       2.3M       2.1M        35M
-/+ buffers/cache:       1.9G       103M
Swap:         8.0G       352M       7.7G

             total       used       free     shared    buffers     cached
Mem:          2.0G       1.9G        66M       2.3M       2.1M        35M
-/+ buffers/cache:       1.9G       103M
Swap:         8.0G       352M       7.7G

             total       used       free     shared    buffers     cached
Mem:          2.0G       1.9G        76M       2.3M       2.1M        34M
-/+ buffers/cache:       1.8G       113M
Swap:         8.0G       364M       7.6G

             total       used       free     shared    buffers     cached
Mem:          2.0G       1.9G        75M       2.3M       2.1M        34M
-/+ buffers/cache:       1.8G       112M
Swap:         8.0G       364M       7.6G

             total       used       free     shared    buffers     cached
Mem:          2.0G       1.9G        75M       2.3M       2.1M        34M
-/+ buffers/cache:       1.8G       112M
Swap:         8.0G       363M       7.6G

             total       used       free     shared    buffers     cached
Mem:          2.0G       1.9G        68M       2.3M       2.1M        37M
-/+ buffers/cache:       1.8G       107M
Swap:         8.0G       361M       7.6G

             total       used       free     shared    buffers     cached
Mem:          2.0G       1.9G        68M       2.3M       2.1M        37M
-/+ buffers/cache:       1.8G       107M
Swap:         8.0G       361M       7.6G

             total       used       free     shared    buffers     cached
Mem:          2.0G       1.9G        67M       2.3M       2.1M        37M
-/+ buffers/cache:       1.8G       107M
Swap:         8.0G       361M       7.6G

             total       used       free     shared    buffers     cached
Mem:          2.0G       1.9G        67M       2.3M       2.1M        37M
-/+ buffers/cache:       1.8G       106M
Swap:         8.0G       360M       7.6G

             total       used       free     shared    buffers     cached
Mem:          2.0G       1.9G        67M       2.3M       2.1M        37M
-/+ buffers/cache:       1.8G       106M
Swap:         8.0G       360M       7.6G

             total       used       free     shared    buffers     cached
Mem:          2.0G       1.9G        66M       2.3M       2.1M        37M
-/+ buffers/cache:       1.8G       106M
Swap:         8.0G       360M       7.6G

             total       used       free     shared    buffers     cached
Mem:          2.0G       1.9G        66M       2.3M       2.1M        37M
-/+ buffers/cache:       1.8G       105M
Swap:         8.0G       360M       7.6G

             total       used       free     shared    buffers     cached
Mem:          2.0G       1.9G        65M       2.3M       2.1M        37M
-/+ buffers/cache:       1.9G       105M
Swap:         8.0G       359M       7.6G

             total       used       free     shared    buffers     cached
Mem:          2.0G       1.9G        65M       2.3M       2.1M        37M
-/+ buffers/cache:       1.9G       105M
Swap:         8.0G       359M       7.6G

             total       used       free     shared    buffers     cached
Mem:          2.0G       1.9G        65M       2.3M       2.1M        37M
-/+ buffers/cache:       1.9G       104M
Swap:         8.0G       359M       7.6G

             total       used       free     shared    buffers     cached
Mem:          2.0G       1.9G        74M       2.4M       2.8M        48M
-/+ buffers/cache:       1.8G       124M
Swap:         8.0G       381M       7.6G

             total       used       free     shared    buffers     cached
Mem:          2.0G       1.9G        65M       6.1M       5.1M        56M
-/+ buffers/cache:       1.8G       127M
Swap:         8.0G       414M       7.6G

             total       used       free     shared    buffers     cached
Mem:          2.0G       1.9G        74M       6.1M       4.4M        65M
-/+ buffers/cache:       1.8G       145M
Swap:         8.0G       422M       7.6G

             total       used       free     shared    buffers     cached
Mem:          2.0G       1.9G        76M       2.4M       3.9M        64M
-/+ buffers/cache:       1.8G       144M
Swap:         8.0G       432M       7.6G

             total       used       free     shared    buffers     cached
Mem:          2.0G       1.9G        75M       2.4M       3.9M        64M
-/+ buffers/cache:       1.8G       143M
Swap:         8.0G       432M       7.6G

             total       used       free     shared    buffers     cached
Mem:          2.0G       1.9G        74M       2.4M       3.9M        64M
-/+ buffers/cache:       1.8G       142M
Swap:         8.0G       431M       7.6G

             total       used       free     shared    buffers     cached
Mem:          2.0G       1.9G        73M       2.4M       3.9M        64M
-/+ buffers/cache:       1.8G       141M
Swap:         8.0G       431M       7.6G

             total       used       free     shared    buffers     cached
Mem:          2.0G       1.9G        71M       2.4M       4.0M        65M
-/+ buffers/cache:       1.8G       140M
Swap:         8.0G       430M       7.6G

             total       used       free     shared    buffers     cached
Mem:          2.0G       1.9G        70M       2.4M       4.0M        65M
-/+ buffers/cache:       1.8G       139M
Swap:         8.0G       430M       7.6G

             total       used       free     shared    buffers     cached
Mem:          2.0G       1.9G        69M       2.4M       4.0M        65M
-/+ buffers/cache:       1.8G       138M
Swap:         8.0G       429M       7.6G

             total       used       free     shared    buffers     cached
Mem:          2.0G       1.9G        68M       2.4M       4.0M        65M
-/+ buffers/cache:       1.8G       137M
Swap:         8.0G       429M       7.6G

             total       used       free     shared    buffers     cached
Mem:          2.0G       1.9G        67M       2.4M       4.0M        65M
-/+ buffers/cache:       1.8G       136M
Swap:         8.0G       428M       7.6G

             total       used       free     shared    buffers     cached
Mem:          2.0G       1.9G        66M       2.4M       4.0M        65M
-/+ buffers/cache:       1.8G       135M
Swap:         8.0G       428M       7.6G

             total       used       free     shared    buffers     cached
Mem:          2.0G       1.9G        65M       2.4M       4.0M        65M
-/+ buffers/cache:       1.8G       134M
Swap:         8.0G       427M       7.6G

             total       used       free     shared    buffers     cached
Mem:          2.0G       1.9G        76M       2.4M       4.0M        64M
-/+ buffers/cache:       1.8G       145M
Swap:         8.0G       427M       7.6G

             total       used       free     shared    buffers     cached
Mem:          2.0G       1.9G        76M       2.4M       4.0M        64M
-/+ buffers/cache:       1.8G       145M
Swap:         8.0G       427M       7.6G

             total       used       free     shared    buffers     cached
Mem:          2.0G       1.9G        75M       2.4M       4.0M        64M
-/+ buffers/cache:       1.8G       144M
Swap:         8.0G       426M       7.6G

             total       used       free     shared    buffers     cached
Mem:          2.0G       1.9G        74M       2.4M       4.0M        64M
-/+ buffers/cache:       1.8G       143M
Swap:         8.0G       426M       7.6G

             total       used       free     shared    buffers     cached
Mem:          2.0G       1.9G        73M       2.4M       4.0M        64M
-/+ buffers/cache:       1.8G       142M
Swap:         8.0G       425M       7.6G

             total       used       free     shared    buffers     cached
Mem:          2.0G       1.9G        72M       2.4M       4.0M        64M
-/+ buffers/cache:       1.8G       141M
Swap:         8.0G       425M       7.6G

             total       used       free     shared    buffers     cached
Mem:          2.0G       1.9G        71M       2.4M       4.0M        64M
-/+ buffers/cache:       1.8G       140M
Swap:         8.0G       425M       7.6G

             total       used       free     shared    buffers     cached
Mem:          2.0G       1.9G        70M       2.4M       4.0M        65M
-/+ buffers/cache:       1.8G       139M
Swap:         8.0G       424M       7.6G

             total       used       free     shared    buffers     cached
Mem:          2.0G       1.9G        69M       2.4M       4.0M        65M
-/+ buffers/cache:       1.8G       138M
Swap:         8.0G       423M       7.6G

             total       used       free     shared    buffers     cached
Mem:          2.0G       1.9G        68M       2.4M       4.1M        65M
-/+ buffers/cache:       1.8G       137M
Swap:         8.0G       423M       7.6G

             total       used       free     shared    buffers     cached
Mem:          2.0G       1.9G        67M       2.4M       4.1M        65M
-/+ buffers/cache:       1.8G       136M
Swap:         8.0G       423M       7.6G

             total       used       free     shared    buffers     cached
Mem:          2.0G       1.9G        66M       2.4M       4.1M        65M
-/+ buffers/cache:       1.8G       135M
Swap:         8.0G       422M       7.6G

             total       used       free     shared    buffers     cached
Mem:          2.0G       1.9G        65M       2.4M       4.1M        65M
-/+ buffers/cache:       1.8G       134M
Swap:         8.0G       422M       7.6G

             total       used       free     shared    buffers     cached
Mem:          2.0G       1.9G        83M       2.4M       3.1M        62M
-/+ buffers/cache:       1.8G       149M
Swap:         8.0G       447M       7.6G

             total       used       free     shared    buffers     cached
Mem:          2.0G       1.9G        76M       2.4M       4.2M        66M
-/+ buffers/cache:       1.8G       147M
Swap:         8.0G       446M       7.6G

             total       used       free     shared    buffers     cached
Mem:          2.0G       1.9G        78M       2.4M       8.3M        76M
-/+ buffers/cache:       1.8G       163M
Swap:         8.0G       454M       7.6G
