             total       used       free     shared    buffers     cached
Mem:          992M       659M       332M       3.2M        38M       289M
-/+ buffers/cache:       331M       660M
Swap:         8.0G         0B       8.0G

             total       used       free     shared    buffers     cached
Mem:          992M       659M       333M       3.2M        38M       289M
-/+ buffers/cache:       330M       661M
Swap:         8.0G         0B       8.0G

             total       used       free     shared    buffers     cached
Mem:          992M       659M       333M       3.2M        38M       289M
-/+ buffers/cache:       330M       661M
Swap:         8.0G         0B       8.0G

             total       used       free     shared    buffers     cached
Mem:          992M       659M       333M       3.2M        38M       289M
-/+ buffers/cache:       330M       661M
Swap:         8.0G         0B       8.0G

             total       used       free     shared    buffers     cached
Mem:          992M       659M       333M       3.2M        38M       289M
-/+ buffers/cache:       330M       661M
Swap:         8.0G         0B       8.0G

             total       used       free     shared    buffers     cached
Mem:          992M       659M       333M       3.2M        38M       289M
-/+ buffers/cache:       330M       661M
Swap:         8.0G         0B       8.0G

             total       used       free     shared    buffers     cached
Mem:          992M       659M       333M       3.2M        38M       289M
-/+ buffers/cache:       330M       661M
Swap:         8.0G         0B       8.0G

             total       used       free     shared    buffers     cached
Mem:          992M       659M       333M       3.2M        38M       289M
-/+ buffers/cache:       330M       661M
Swap:         8.0G         0B       8.0G

             total       used       free     shared    buffers     cached
Mem:          992M       658M       333M       3.2M        38M       289M
-/+ buffers/cache:       330M       662M
Swap:         8.0G         0B       8.0G

             total       used       free     shared    buffers     cached
Mem:          992M       658M       333M       3.2M        38M       289M
-/+ buffers/cache:       330M       662M
Swap:         8.0G         0B       8.0G

             total       used       free     shared    buffers     cached
Mem:          992M       662M       329M       3.2M        38M       290M
-/+ buffers/cache:       333M       658M
Swap:         8.0G         0B       8.0G

             total       used       free     shared    buffers     cached
Mem:          992M       686M       305M       3.2M        38M       290M
-/+ buffers/cache:       357M       634M
Swap:         8.0G         0B       8.0G

             total       used       free     shared    buffers     cached
Mem:          992M       668M       323M       3.2M        38M       291M
-/+ buffers/cache:       338M       653M
Swap:         8.0G         0B       8.0G

             total       used       free     shared    buffers     cached
Mem:          992M       668M       324M       3.2M        38M       291M
-/+ buffers/cache:       338M       654M
Swap:         8.0G         0B       8.0G

             total       used       free     shared    buffers     cached
Mem:          992M       668M       323M       3.2M        38M       291M
-/+ buffers/cache:       338M       653M
Swap:         8.0G         0B       8.0G

             total       used       free     shared    buffers     cached
Mem:          992M       668M       323M       3.2M        38M       291M
-/+ buffers/cache:       338M       653M
Swap:         8.0G         0B       8.0G

             total       used       free     shared    buffers     cached
Mem:          992M       668M       323M       3.2M        38M       291M
-/+ buffers/cache:       338M       653M
Swap:         8.0G         0B       8.0G

             total       used       free     shared    buffers     cached
Mem:          992M       668M       323M       3.2M        38M       291M
-/+ buffers/cache:       338M       653M
Swap:         8.0G         0B       8.0G

             total       used       free     shared    buffers     cached
Mem:          992M       668M       323M       3.2M        38M       291M
-/+ buffers/cache:       338M       653M
Swap:         8.0G         0B       8.0G

             total       used       free     shared    buffers     cached
Mem:          992M       668M       323M       3.2M        38M       291M
-/+ buffers/cache:       338M       653M
Swap:         8.0G         0B       8.0G

             total       used       free     shared    buffers     cached
Mem:          992M       668M       323M       3.2M        38M       291M
-/+ buffers/cache:       338M       653M
Swap:         8.0G         0B       8.0G

             total       used       free     shared    buffers     cached
Mem:          992M       668M       323M       3.2M        38M       291M
-/+ buffers/cache:       338M       653M
Swap:         8.0G         0B       8.0G

             total       used       free     shared    buffers     cached
Mem:          992M       668M       323M       3.2M        38M       291M
-/+ buffers/cache:       338M       653M
Swap:         8.0G         0B       8.0G

             total       used       free     shared    buffers     cached
Mem:          992M       668M       323M       3.2M        38M       291M
-/+ buffers/cache:       338M       653M
Swap:         8.0G         0B       8.0G

             total       used       free     shared    buffers     cached
Mem:          992M       668M       323M       3.2M        38M       291M
-/+ buffers/cache:       338M       653M
Swap:         8.0G         0B       8.0G

             total       used       free     shared    buffers     cached
Mem:          992M       668M       323M       3.2M        38M       291M
-/+ buffers/cache:       338M       653M
Swap:         8.0G         0B       8.0G

             total       used       free     shared    buffers     cached
Mem:          992M       668M       323M       3.2M        38M       291M
-/+ buffers/cache:       338M       653M
Swap:         8.0G         0B       8.0G

             total       used       free     shared    buffers     cached
Mem:          992M       668M       323M       3.2M        38M       291M
-/+ buffers/cache:       338M       653M
Swap:         8.0G         0B       8.0G

             total       used       free     shared    buffers     cached
Mem:          992M       668M       323M       3.2M        38M       291M
-/+ buffers/cache:       338M       653M
Swap:         8.0G         0B       8.0G

             total       used       free     shared    buffers     cached
Mem:          992M       668M       323M       3.2M        38M       291M
-/+ buffers/cache:       338M       653M
Swap:         8.0G         0B       8.0G

             total       used       free     shared    buffers     cached
Mem:          992M       668M       323M       3.2M        38M       291M
-/+ buffers/cache:       338M       653M
Swap:         8.0G         0B       8.0G

             total       used       free     shared    buffers     cached
Mem:          992M       668M       323M       3.2M        38M       291M
-/+ buffers/cache:       338M       653M
Swap:         8.0G         0B       8.0G

             total       used       free     shared    buffers     cached
Mem:          992M       679M       313M       3.2M        38M       291M
-/+ buffers/cache:       348M       643M
Swap:         8.0G         0B       8.0G

             total       used       free     shared    buffers     cached
Mem:          992M       694M       297M       3.2M        38M       291M
-/+ buffers/cache:       363M       628M
Swap:         8.0G         0B       8.0G

             total       used       free     shared    buffers     cached
Mem:          992M       711M       281M       3.2M        38M       291M
-/+ buffers/cache:       380M       611M
Swap:         8.0G         0B       8.0G

             total       used       free     shared    buffers     cached
Mem:          992M       728M       263M       3.2M        38M       291M
-/+ buffers/cache:       397M       594M
Swap:         8.0G         0B       8.0G

             total       used       free     shared    buffers     cached
Mem:          992M       746M       245M       3.2M        38M       291M
-/+ buffers/cache:       415M       576M
Swap:         8.0G         0B       8.0G

             total       used       free     shared    buffers     cached
Mem:          992M       763M       228M       3.2M        38M       291M
-/+ buffers/cache:       432M       559M
Swap:         8.0G         0B       8.0G

             total       used       free     shared    buffers     cached
Mem:          992M       780M       211M       3.2M        38M       291M
-/+ buffers/cache:       449M       542M
Swap:         8.0G         0B       8.0G

             total       used       free     shared    buffers     cached
Mem:          992M       794M       197M       3.2M        38M       291M
-/+ buffers/cache:       464M       527M
Swap:         8.0G         0B       8.0G

             total       used       free     shared    buffers     cached
Mem:          992M       810M       181M       3.2M        38M       291M
-/+ buffers/cache:       480M       511M
Swap:         8.0G         0B       8.0G

             total       used       free     shared    buffers     cached
Mem:          992M       826M       165M       3.2M        38M       291M
-/+ buffers/cache:       496M       495M
Swap:         8.0G         0B       8.0G

             total       used       free     shared    buffers     cached
Mem:          992M       844M       148M       3.2M        38M       291M
-/+ buffers/cache:       513M       478M
Swap:         8.0G         0B       8.0G

             total       used       free     shared    buffers     cached
Mem:          992M       860M       131M       3.2M        38M       291M
-/+ buffers/cache:       530M       461M
Swap:         8.0G         0B       8.0G

             total       used       free     shared    buffers     cached
Mem:          992M       877M       115M       3.2M        38M       291M
-/+ buffers/cache:       546M       445M
Swap:         8.0G         0B       8.0G

             total       used       free     shared    buffers     cached
Mem:          992M       893M        98M       3.2M        38M       291M
-/+ buffers/cache:       562M       429M
Swap:         8.0G         0B       8.0G

             total       used       free     shared    buffers     cached
Mem:          992M       907M        84M       3.2M        38M       291M
-/+ buffers/cache:       576M       415M
Swap:         8.0G         0B       8.0G

             total       used       free     shared    buffers     cached
Mem:          992M       922M        69M       3.2M        38M       291M
-/+ buffers/cache:       591M       400M
Swap:         8.0G         0B       8.0G

             total       used       free     shared    buffers     cached
Mem:          992M       917M        75M       3.2M        17M       290M
-/+ buffers/cache:       609M       382M
Swap:         8.0G         0B       8.0G

             total       used       free     shared    buffers     cached
Mem:          992M       931M        60M       3.2M        17M       290M
-/+ buffers/cache:       624M       368M
Swap:         8.0G         0B       8.0G

             total       used       free     shared    buffers     cached
Mem:          992M       932M        59M       3.2M        10M       281M
-/+ buffers/cache:       640M       351M
Swap:         8.0G         0B       8.0G

             total       used       free     shared    buffers     cached
Mem:          992M       931M        60M       3.1M       9.8M       264M
-/+ buffers/cache:       656M       335M
Swap:         8.0G        84K       8.0G

             total       used       free     shared    buffers     cached
Mem:          992M       929M        62M       3.1M       9.8M       246M
-/+ buffers/cache:       673M       318M
Swap:         8.0G       172K       8.0G

             total       used       free     shared    buffers     cached
Mem:          992M       931M        60M       3.0M       9.8M       234M
-/+ buffers/cache:       687M       304M
Swap:         8.0G       3.8M       8.0G

             total       used       free     shared    buffers     cached
Mem:          992M       916M        75M       2.9M       8.7M       207M
-/+ buffers/cache:       700M       292M
Swap:         8.0G       8.0M       8.0G

             total       used       free     shared    buffers     cached
Mem:          992M       932M        59M       2.9M       8.7M       207M
-/+ buffers/cache:       716M       276M
Swap:         8.0G       8.0M       8.0G

             total       used       free     shared    buffers     cached
Mem:          992M       922M        70M       2.9M       1.3M       189M
-/+ buffers/cache:       730M       261M
Swap:         8.0G       8.0M       8.0G

             total       used       free     shared    buffers     cached
Mem:          992M       922M        70M       2.9M       256K       175M
-/+ buffers/cache:       746M       245M
Swap:         8.0G       8.0M       8.0G

             total       used       free     shared    buffers     cached
Mem:          992M       933M        58M       2.9M       252K       172M
-/+ buffers/cache:       760M       231M
Swap:         8.0G       8.0M       8.0G

             total       used       free     shared    buffers     cached
Mem:          992M       927M        64M       2.9M       228K       151M
-/+ buffers/cache:       775M       216M
Swap:         8.0G       8.0M       8.0G

             total       used       free     shared    buffers     cached
Mem:          992M       918M        73M       2.9M       228K       134M
-/+ buffers/cache:       784M       208M
Swap:         8.0G       8.0M       8.0G

             total       used       free     shared    buffers     cached
Mem:          992M       931M        60M       2.9M       244K       134M
-/+ buffers/cache:       797M       194M
Swap:         8.0G       8.0M       8.0G

             total       used       free     shared    buffers     cached
Mem:          992M       929M        62M       2.9M        84K       118M
-/+ buffers/cache:       811M       181M
Swap:         8.0G       8.0M       8.0G

             total       used       free     shared    buffers     cached
Mem:          992M       930M        61M       2.9M        84K       104M
-/+ buffers/cache:       825M       166M
Swap:         8.0G       8.0M       8.0G

             total       used       free     shared    buffers     cached
Mem:          992M       932M        59M       2.9M        84K        92M
-/+ buffers/cache:       839M       152M
Swap:         8.0G       8.0M       8.0G

             total       used       free     shared    buffers     cached
Mem:          992M       926M        65M       2.9M        84K        71M
-/+ buffers/cache:       854M       137M
Swap:         8.0G       8.0M       8.0G

             total       used       free     shared    buffers     cached
Mem:          992M       926M        66M       2.9M        96K        55M
-/+ buffers/cache:       870M       122M
Swap:         8.0G       8.0M       8.0G

             total       used       free     shared    buffers     cached
Mem:          992M       926M        65M       2.9M       104K        43M
-/+ buffers/cache:       883M       108M
Swap:         8.0G       8.0M       8.0G

             total       used       free     shared    buffers     cached
Mem:          992M       924M        67M       2.9M       104K        26M
-/+ buffers/cache:       898M        93M
Swap:         8.0G       8.0M       8.0G

             total       used       free     shared    buffers     cached
Mem:          992M       927M        64M       2.9M       512K        13M
-/+ buffers/cache:       913M        78M
Swap:         8.0G       8.0M       8.0G

             total       used       free     shared    buffers     cached
Mem:          992M       928M        63M       2.8M       2.7M        16M
-/+ buffers/cache:       908M        83M
Swap:         8.0G        27M       8.0G

             total       used       free     shared    buffers     cached
Mem:          992M       912M        80M       2.4M       2.3M        14M
-/+ buffers/cache:       895M        96M
Swap:         8.0G        84M       7.9G

             total       used       free     shared    buffers     cached
Mem:          992M       925M        67M       2.4M       2.3M        14M
-/+ buffers/cache:       908M        83M
Swap:         8.0G        84M       7.9G

             total       used       free     shared    buffers     cached
Mem:          992M       920M        71M       2.4M       2.3M        14M
-/+ buffers/cache:       904M        88M
Swap:         8.0G        84M       7.9G

             total       used       free     shared    buffers     cached
Mem:          992M       911M        80M       2.4M       1.4M        13M
-/+ buffers/cache:       897M        95M
Swap:         8.0G       106M       7.9G

             total       used       free     shared    buffers     cached
Mem:          992M       926M        66M       2.4M       1.4M        13M
-/+ buffers/cache:       911M        81M
Swap:         8.0G       106M       7.9G

             total       used       free     shared    buffers     cached
Mem:          992M       916M        75M       2.4M       220K       5.0M
-/+ buffers/cache:       911M        80M
Swap:         8.0G       111M       7.9G

             total       used       free     shared    buffers     cached
Mem:          992M       930M        61M       2.4M       500K       5.0M
-/+ buffers/cache:       925M        66M
Swap:         8.0G       111M       7.9G

             total       used       free     shared    buffers     cached
Mem:          992M       924M        67M       2.4M       500K       4.6M
-/+ buffers/cache:       919M        72M
Swap:         8.0G       139M       7.9G

             total       used       free     shared    buffers     cached
Mem:          992M       927M        64M       2.4M       500K       4.8M
-/+ buffers/cache:       922M        69M
Swap:         8.0G       140M       7.9G

             total       used       free     shared    buffers     cached
Mem:          992M       914M        78M       2.4M       488K       4.4M
-/+ buffers/cache:       909M        83M
Swap:         8.0G       174M       7.8G

             total       used       free     shared    buffers     cached
Mem:          992M       929M        63M       2.4M       488K       4.4M
-/+ buffers/cache:       924M        67M
Swap:         8.0G       174M       7.8G

             total       used       free     shared    buffers     cached
Mem:          992M       927M        64M       2.4M       476K       4.4M
-/+ buffers/cache:       922M        69M
Swap:         8.0G       195M       7.8G

             total       used       free     shared    buffers     cached
Mem:          992M       916M        75M       2.4M       272K       6.3M
-/+ buffers/cache:       910M        82M
Swap:         8.0G       210M       7.8G

             total       used       free     shared    buffers     cached
Mem:          992M       920M        71M       2.3M       216K        22M
-/+ buffers/cache:       897M        94M
Swap:         8.0G       241M       7.8G

             total       used       free     shared    buffers     cached
Mem:          992M       913M        78M       2.3M       512K        19M
-/+ buffers/cache:       892M        99M
Swap:         8.0G       264M       7.7G

             total       used       free     shared    buffers     cached
Mem:          992M       921M        70M       2.3M       512K        20M
-/+ buffers/cache:       900M        91M
Swap:         8.0G       264M       7.7G

             total       used       free     shared    buffers     cached
Mem:          992M       928M        63M       2.3M       512K        20M
-/+ buffers/cache:       908M        83M
Swap:         8.0G       264M       7.7G

             total       used       free     shared    buffers     cached
Mem:          992M       921M        70M       2.3M       500K        12M
-/+ buffers/cache:       908M        83M
Swap:         8.0G       264M       7.7G

             total       used       free     shared    buffers     cached
Mem:          992M       928M        63M       2.3M       512K        12M
-/+ buffers/cache:       915M        76M
Swap:         8.0G       264M       7.7G

             total       used       free     shared    buffers     cached
Mem:          992M       922M        70M       2.3M       472K       4.7M
-/+ buffers/cache:       916M        75M
Swap:         8.0G       268M       7.7G

             total       used       free     shared    buffers     cached
Mem:          992M       927M        64M       2.3M       472K       4.6M
-/+ buffers/cache:       922M        69M
Swap:         8.0G       268M       7.7G

             total       used       free     shared    buffers     cached
Mem:          992M       914M        77M       2.3M       436K       4.0M
-/+ buffers/cache:       909M        82M
Swap:         8.0G       294M       7.7G

             total       used       free     shared    buffers     cached
Mem:          992M       917M        74M       2.3M       448K       3.9M
-/+ buffers/cache:       913M        78M
Swap:         8.0G       294M       7.7G

             total       used       free     shared    buffers     cached
Mem:          992M       923M        68M       2.3M       448K       3.9M
-/+ buffers/cache:       919M        72M
Swap:         8.0G       294M       7.7G

             total       used       free     shared    buffers     cached
Mem:          992M       928M        63M       2.3M       448K       4.0M
-/+ buffers/cache:       924M        67M
Swap:         8.0G       294M       7.7G

             total       used       free     shared    buffers     cached
Mem:          992M       919M        72M       2.3M       444K       3.9M
-/+ buffers/cache:       915M        76M
Swap:         8.0G       304M       7.7G

             total       used       free     shared    buffers     cached
Mem:          992M       923M        68M       2.3M       444K       4.0M
-/+ buffers/cache:       919M        72M
Swap:         8.0G       304M       7.7G

             total       used       free     shared    buffers     cached
Mem:          992M       928M        63M       2.3M       452K       3.9M
-/+ buffers/cache:       924M        67M
Swap:         8.0G       304M       7.7G

             total       used       free     shared    buffers     cached
Mem:          992M       920M        71M       2.3M       444K       3.9M
-/+ buffers/cache:       916M        75M
Swap:         8.0G       315M       7.7G

             total       used       free     shared    buffers     cached
Mem:          992M       924M        67M       2.3M       444K       3.9M
-/+ buffers/cache:       920M        71M
Swap:         8.0G       315M       7.7G

             total       used       free     shared    buffers     cached
Mem:          992M       928M        63M       2.3M       444K       3.9M
-/+ buffers/cache:       924M        67M
Swap:         8.0G       315M       7.7G

             total       used       free     shared    buffers     cached
Mem:          992M       921M        71M       2.2M       444K       3.7M
-/+ buffers/cache:       916M        75M
Swap:         8.0G       328M       7.7G

             total       used       free     shared    buffers     cached
Mem:          992M       925M        66M       2.2M       448K       3.7M
-/+ buffers/cache:       921M        71M
Swap:         8.0G       328M       7.7G

             total       used       free     shared    buffers     cached
Mem:          992M       928M        63M       2.2M       456K       3.7M
-/+ buffers/cache:       924M        67M
Swap:         8.0G       328M       7.7G

             total       used       free     shared    buffers     cached
Mem:          992M       918M        73M        28K       456K       1.5M
-/+ buffers/cache:       916M        75M
Swap:         8.0G       344M       7.7G

             total       used       free     shared    buffers     cached
Mem:          992M       921M        70M        28K       456K       1.5M
-/+ buffers/cache:       919M        72M
Swap:         8.0G       344M       7.7G

             total       used       free     shared    buffers     cached
Mem:          992M       917M        74M        28K       456K       1.5M
-/+ buffers/cache:       915M        76M
Swap:         8.0G       342M       7.7G

             total       used       free     shared    buffers     cached
Mem:          992M       929M        63M        28K       444K       1.5M
-/+ buffers/cache:       927M        64M
Swap:         8.0G       327M       7.7G

             total       used       free     shared    buffers     cached
Mem:          992M       929M        62M        28K       420K       1.5M
-/+ buffers/cache:       927M        64M
Swap:         8.0G       326M       7.7G

             total       used       free     shared    buffers     cached
Mem:          992M       929M        62M         8K       312K       1.5M
-/+ buffers/cache:       927M        64M
Swap:         8.0G       331M       7.7G

             total       used       free     shared    buffers     cached
Mem:          992M       919M        72M         4K       180K       1.5M
-/+ buffers/cache:       917M        74M
Swap:         8.0G       331M       7.7G

             total       used       free     shared    buffers     cached
Mem:          992M       920M        71M         4K        76K       1.3M
-/+ buffers/cache:       919M        73M
Swap:         8.0G       333M       7.7G

             total       used       free     shared    buffers     cached
Mem:          992M       919M        72M         4K        76K       1.3M
-/+ buffers/cache:       918M        73M
Swap:         8.0G       332M       7.7G

             total       used       free     shared    buffers     cached
Mem:          992M       916M        75M         4K        84K       1.3M
-/+ buffers/cache:       915M        76M
Swap:         8.0G       336M       7.7G

             total       used       free     shared    buffers     cached
Mem:          992M       914M        77M         4K        84K       1.3M
-/+ buffers/cache:       913M        79M
Swap:         8.0G       342M       7.7G

             total       used       free     shared    buffers     cached
Mem:          992M       924M        67M         4K        84K       1.2M
-/+ buffers/cache:       923M        68M
Swap:         8.0G       331M       7.7G

             total       used       free     shared    buffers     cached
Mem:          992M       917M        75M         0B        84K       1.2M
-/+ buffers/cache:       915M        76M
Swap:         8.0G       343M       7.7G

             total       used       free     shared    buffers     cached
Mem:          992M       919M        72M         0B        84K       1.2M
-/+ buffers/cache:       918M        73M
Swap:         8.0G       339M       7.7G

             total       used       free     shared    buffers     cached
Mem:          992M       920M        71M         0B        84K       1.2M
-/+ buffers/cache:       919M        72M
Swap:         8.0G       335M       7.7G

             total       used       free     shared    buffers     cached
Mem:          992M       880M       111M         0B        76K       1.2M
-/+ buffers/cache:       879M       113M
Swap:         8.0G       422M       7.6G

             total       used       free     shared    buffers     cached
Mem:          992M       921M        70M         0B        76K       1.2M
-/+ buffers/cache:       920M        71M
Swap:         8.0G       373M       7.6G

             total       used       free     shared    buffers     cached
Mem:          992M       916M        75M         0B        76K       1.2M
-/+ buffers/cache:       915M        77M
Swap:         8.0G       363M       7.6G

             total       used       free     shared    buffers     cached
Mem:          992M       915M        76M         0B        76K       1.6M
-/+ buffers/cache:       914M        78M
Swap:         8.0G       345M       7.7G

             total       used       free     shared    buffers     cached
Mem:          992M       919M        73M         0B        76K       1.6M
-/+ buffers/cache:       917M        74M
Swap:         8.0G       343M       7.7G

             total       used       free     shared    buffers     cached
Mem:          992M       923M        68M         0B        84K       1.6M
-/+ buffers/cache:       922M        70M
Swap:         8.0G       342M       7.7G

             total       used       free     shared    buffers     cached
Mem:          992M       912M        79M         0B        84K       1.6M
-/+ buffers/cache:       910M        81M
Swap:         8.0G       364M       7.6G

             total       used       free     shared    buffers     cached
Mem:          992M       919M        73M         0B        84K       1.6M
-/+ buffers/cache:       917M        74M
Swap:         8.0G       364M       7.6G

             total       used       free     shared    buffers     cached
Mem:          992M       924M        67M         0B        84K       1.6M
-/+ buffers/cache:       922M        69M
Swap:         8.0G       364M       7.6G

             total       used       free     shared    buffers     cached
Mem:          992M       919M        73M         0B       224K       2.3M
-/+ buffers/cache:       916M        75M
Swap:         8.0G       372M       7.6G

             total       used       free     shared    buffers     cached
Mem:          992M       924M        67M         0B       232K       2.3M
-/+ buffers/cache:       921M        70M
Swap:         8.0G       372M       7.6G

             total       used       free     shared    buffers     cached
Mem:          992M       909M        82M         0B       232K       2.4M
-/+ buffers/cache:       907M        84M
Swap:         8.0G       397M       7.6G

             total       used       free     shared    buffers     cached
Mem:          992M       912M        79M         0B       232K       2.4M
-/+ buffers/cache:       909M        82M
Swap:         8.0G       397M       7.6G

             total       used       free     shared    buffers     cached
Mem:          992M       914M        77M         0B       232K       2.4M
-/+ buffers/cache:       911M        80M
Swap:         8.0G       396M       7.6G

             total       used       free     shared    buffers     cached
Mem:          992M       916M        75M         0B       232K       2.4M
-/+ buffers/cache:       914M        77M
Swap:         8.0G       395M       7.6G

             total       used       free     shared    buffers     cached
Mem:          992M       918M        73M         0B       232K       2.4M
-/+ buffers/cache:       916M        76M
Swap:         8.0G       394M       7.6G

             total       used       free     shared    buffers     cached
Mem:          992M       920M        71M         0B       240K       2.4M
-/+ buffers/cache:       917M        74M
Swap:         8.0G       393M       7.6G

             total       used       free     shared    buffers     cached
Mem:          992M       922M        69M         0B       240K       2.4M
-/+ buffers/cache:       920M        72M
Swap:         8.0G       392M       7.6G

             total       used       free     shared    buffers     cached
Mem:          992M       924M        67M         0B       240K       2.4M
-/+ buffers/cache:       922M        70M
Swap:         8.0G       391M       7.6G

             total       used       free     shared    buffers     cached
Mem:          992M       926M        65M         0B       240K       2.4M
-/+ buffers/cache:       924M        68M
Swap:         8.0G       390M       7.6G

             total       used       free     shared    buffers     cached
Mem:          992M       929M        63M         0B       240K       2.5M
-/+ buffers/cache:       926M        65M
Swap:         8.0G       389M       7.6G

             total       used       free     shared    buffers     cached
Mem:          992M       917M        74M         0B       248K       2.5M
-/+ buffers/cache:       914M        77M
Swap:         8.0G       400M       7.6G

             total       used       free     shared    buffers     cached
Mem:          992M       919M        73M         0B       248K       2.4M
-/+ buffers/cache:       916M        75M
Swap:         8.0G       400M       7.6G

             total       used       free     shared    buffers     cached
Mem:          992M       925M        67M         0B       248K       4.7M
-/+ buffers/cache:       920M        72M
Swap:         8.0G       398M       7.6G

             total       used       free     shared    buffers     cached
Mem:          992M       919M        72M         0B        76K        21M
-/+ buffers/cache:       897M        94M
Swap:         8.0G       422M       7.6G

             total       used       free     shared    buffers     cached
Mem:          992M       922M        69M         0B       512K        21M
-/+ buffers/cache:       900M        92M
Swap:         8.0G       421M       7.6G

             total       used       free     shared    buffers     cached
Mem:          992M       923M        68M         0B       520K        21M
-/+ buffers/cache:       901M        90M
Swap:         8.0G       421M       7.6G

             total       used       free     shared    buffers     cached
Mem:          992M       925M        66M         0B       520K        21M
-/+ buffers/cache:       903M        88M
Swap:         8.0G       420M       7.6G

             total       used       free     shared    buffers     cached
Mem:          992M       928M        63M         0B       520K        21M
-/+ buffers/cache:       906M        86M
Swap:         8.0G       419M       7.6G

             total       used       free     shared    buffers     cached
Mem:          992M       916M        75M         0B       520K        20M
-/+ buffers/cache:       895M        96M
Swap:         8.0G       435M       7.6G

             total       used       free     shared    buffers     cached
Mem:          992M       918M        73M         0B       520K        20M
-/+ buffers/cache:       897M        94M
Swap:         8.0G       434M       7.6G

             total       used       free     shared    buffers     cached
Mem:          992M       919M        72M         0B       528K        20M
-/+ buffers/cache:       898M        93M
Swap:         8.0G       433M       7.6G

             total       used       free     shared    buffers     cached
Mem:          992M       921M        70M         0B       528K        20M
-/+ buffers/cache:       900M        91M
Swap:         8.0G       432M       7.6G

             total       used       free     shared    buffers     cached
Mem:          992M       923M        68M         0B       528K        20M
-/+ buffers/cache:       902M        89M
Swap:         8.0G       431M       7.6G

             total       used       free     shared    buffers     cached
Mem:          992M       925M        66M         0B       528K        20M
-/+ buffers/cache:       904M        87M
Swap:         8.0G       431M       7.6G

             total       used       free     shared    buffers     cached
Mem:          992M       927M        64M         0B       528K        20M
-/+ buffers/cache:       906M        85M
Swap:         8.0G       430M       7.6G

             total       used       free     shared    buffers     cached
Mem:          992M       929M        62M         0B       528K        20M
-/+ buffers/cache:       908M        83M
Swap:         8.0G       429M       7.6G

             total       used       free     shared    buffers     cached
Mem:          992M       918M        73M         0B       528K        20M
-/+ buffers/cache:       898M        94M
Swap:         8.0G       429M       7.6G

             total       used       free     shared    buffers     cached
Mem:          992M       920M        71M         0B       528K        20M
-/+ buffers/cache:       899M        92M
Swap:         8.0G       428M       7.6G

             total       used       free     shared    buffers     cached
Mem:          992M       922M        69M         0B       528K        20M
-/+ buffers/cache:       901M        90M
Swap:         8.0G       427M       7.6G

             total       used       free     shared    buffers     cached
Mem:          992M       924M        67M         0B       528K        20M
-/+ buffers/cache:       903M        88M
Swap:         8.0G       427M       7.6G

             total       used       free     shared    buffers     cached
Mem:          992M       926M        65M         0B       528K        20M
-/+ buffers/cache:       905M        86M
Swap:         8.0G       426M       7.6G

             total       used       free     shared    buffers     cached
Mem:          992M       928M        63M         0B       536K        20M
-/+ buffers/cache:       907M        84M
Swap:         8.0G       425M       7.6G

             total       used       free     shared    buffers     cached
Mem:          992M       916M        75M         0B       528K        18M
-/+ buffers/cache:       898M        94M
Swap:         8.0G       446M       7.6G

             total       used       free     shared    buffers     cached
Mem:          992M       918M        73M         0B       528K        18M
-/+ buffers/cache:       899M        92M
Swap:         8.0G       445M       7.6G

             total       used       free     shared    buffers     cached
Mem:          992M       920M        71M         0B       528K        18M
-/+ buffers/cache:       901M        90M
Swap:         8.0G       444M       7.6G

             total       used       free     shared    buffers     cached
Mem:          992M       922M        69M         0B       528K        18M
-/+ buffers/cache:       903M        88M
Swap:         8.0G       443M       7.6G

             total       used       free     shared    buffers     cached
Mem:          992M       924M        67M         0B       536K        18M
-/+ buffers/cache:       905M        86M
Swap:         8.0G       442M       7.6G

             total       used       free     shared    buffers     cached
Mem:          992M       926M        65M         0B       536K        18M
-/+ buffers/cache:       907M        84M
Swap:         8.0G       441M       7.6G

             total       used       free     shared    buffers     cached
Mem:          992M       928M        64M         0B       536K        18M
-/+ buffers/cache:       909M        82M
Swap:         8.0G       440M       7.6G

             total       used       free     shared    buffers     cached
Mem:          992M       916M        75M         0B       532K        17M
-/+ buffers/cache:       898M        93M
Swap:         8.0G       439M       7.6G

             total       used       free     shared    buffers     cached
Mem:          992M       918M        74M         0B       532K        17M
-/+ buffers/cache:       899M        92M
Swap:         8.0G       438M       7.6G

             total       used       free     shared    buffers     cached
Mem:          992M       919M        72M         0B       532K        17M
-/+ buffers/cache:       901M        90M
Swap:         8.0G       438M       7.6G

             total       used       free     shared    buffers     cached
Mem:          992M       922M        69M         0B       556K        18M
-/+ buffers/cache:       903M        89M
Swap:         8.0G       437M       7.6G

             total       used       free     shared    buffers     cached
Mem:          992M       923M        68M         0B       556K        18M
-/+ buffers/cache:       904M        88M
Swap:         8.0G       436M       7.6G

             total       used       free     shared    buffers     cached
Mem:          992M       924M        67M         0B       556K        18M
-/+ buffers/cache:       905M        87M
Swap:         8.0G       436M       7.6G

             total       used       free     shared    buffers     cached
Mem:          992M       925M        66M         0B       556K        18M
-/+ buffers/cache:       906M        86M
Swap:         8.0G       436M       7.6G

             total       used       free     shared    buffers     cached
Mem:          992M       926M        65M         0B       556K        18M
-/+ buffers/cache:       907M        85M
Swap:         8.0G       435M       7.6G

             total       used       free     shared    buffers     cached
Mem:          992M       927M        64M         0B       564K        18M
-/+ buffers/cache:       908M        83M
Swap:         8.0G       435M       7.6G

             total       used       free     shared    buffers     cached
Mem:          992M       928M        63M         0B       564K        18M
-/+ buffers/cache:       909M        82M
Swap:         8.0G       434M       7.6G

             total       used       free     shared    buffers     cached
Mem:          992M       914M        77M         0B       820K        16M
-/+ buffers/cache:       896M        95M
Swap:         8.0G       458M       7.5G

             total       used       free     shared    buffers     cached
Mem:          992M       927M        64M         0B       1.0M        25M
-/+ buffers/cache:       901M        90M
Swap:         8.0G       457M       7.6G

             total       used       free     shared    buffers     cached
Mem:          992M       917M        74M        16K       560K        31M
-/+ buffers/cache:       885M       106M
Swap:         8.0G       470M       7.5G

             total       used       free     shared    buffers     cached
Mem:          992M       918M        73M        16K       568K        31M
-/+ buffers/cache:       886M       106M
Swap:         8.0G       470M       7.5G

             total       used       free     shared    buffers     cached
Mem:          992M       919M        72M        16K       568K        31M
-/+ buffers/cache:       887M       105M
Swap:         8.0G       469M       7.5G

             total       used       free     shared    buffers     cached
Mem:          992M       920M        71M        16K       572K        31M
-/+ buffers/cache:       888M       103M
Swap:         8.0G       469M       7.5G

             total       used       free     shared    buffers     cached
Mem:          992M       921M        70M        16K       572K        31M
-/+ buffers/cache:       889M       102M
Swap:         8.0G       468M       7.5G

             total       used       free     shared    buffers     cached
Mem:          992M       922M        69M        16K       572K        31M
-/+ buffers/cache:       890M       101M
Swap:         8.0G       468M       7.5G

             total       used       free     shared    buffers     cached
Mem:          992M       924M        68M        16K       572K        31M
-/+ buffers/cache:       891M       100M
Swap:         8.0G       467M       7.5G

             total       used       free     shared    buffers     cached
Mem:          992M       925M        66M        16K       580K        32M
-/+ buffers/cache:       893M        99M
Swap:         8.0G       467M       7.5G

             total       used       free     shared    buffers     cached
Mem:          992M       928M        63M        16K       580K        32M
-/+ buffers/cache:       895M        97M
Swap:         8.0G       466M       7.5G

             total       used       free     shared    buffers     cached
Mem:          992M       912M        79M        16K       564K        29M
-/+ buffers/cache:       883M       108M
Swap:         8.0G       477M       7.5G

             total       used       free     shared    buffers     cached
Mem:          992M       913M        78M        16K       564K        29M
-/+ buffers/cache:       884M       108M
Swap:         8.0G       486M       7.5G

             total       used       free     shared    buffers     cached
Mem:          992M       915M        77M        16K       564K        29M
-/+ buffers/cache:       885M       106M
Swap:         8.0G       486M       7.5G

             total       used       free     shared    buffers     cached
Mem:          992M       916M        76M        16K       572K        29M
-/+ buffers/cache:       886M       105M
Swap:         8.0G       485M       7.5G

             total       used       free     shared    buffers     cached
Mem:          992M       917M        74M        16K       572K        29M
-/+ buffers/cache:       887M       104M
Swap:         8.0G       485M       7.5G

             total       used       free     shared    buffers     cached
Mem:          992M       918M        73M        16K       572K        29M
-/+ buffers/cache:       888M       103M
Swap:         8.0G       484M       7.5G

             total       used       free     shared    buffers     cached
Mem:          992M       919M        72M        16K       572K        29M
-/+ buffers/cache:       889M       102M
Swap:         8.0G       484M       7.5G

             total       used       free     shared    buffers     cached
Mem:          992M       920M        71M        16K       572K        29M
-/+ buffers/cache:       891M       100M
Swap:         8.0G       483M       7.5G

             total       used       free     shared    buffers     cached
Mem:          992M       922M        69M        16K       572K        29M
-/+ buffers/cache:       892M        99M
Swap:         8.0G       483M       7.5G

             total       used       free     shared    buffers     cached
Mem:          992M       923M        68M        16K       580K        29M
-/+ buffers/cache:       893M        98M
Swap:         8.0G       482M       7.5G

             total       used       free     shared    buffers     cached
Mem:          992M       924M        67M        16K       580K        29M
-/+ buffers/cache:       895M        97M
Swap:         8.0G       482M       7.5G

             total       used       free     shared    buffers     cached
Mem:          992M       925M        66M        16K       580K        29M
-/+ buffers/cache:       896M        95M
Swap:         8.0G       481M       7.5G

             total       used       free     shared    buffers     cached
Mem:          992M       927M        64M        16K       580K        29M
-/+ buffers/cache:       897M        94M
Swap:         8.0G       480M       7.5G

             total       used       free     shared    buffers     cached
Mem:          992M       918M        73M        16K       580K        34M
-/+ buffers/cache:       884M       107M
Swap:         8.0G       480M       7.5G

             total       used       free     shared    buffers     cached
Mem:          992M       920M        71M        16K       600K        34M
-/+ buffers/cache:       885M       106M
Swap:         8.0G       480M       7.5G

             total       used       free     shared    buffers     cached
Mem:          992M       921M        70M        16K       600K        34M
-/+ buffers/cache:       886M       105M
Swap:         8.0G       479M       7.5G

             total       used       free     shared    buffers     cached
Mem:          992M       922M        69M        16K       600K        34M
-/+ buffers/cache:       888M       104M
Swap:         8.0G       478M       7.5G

             total       used       free     shared    buffers     cached
Mem:          992M       923M        68M        16K       600K        34M
-/+ buffers/cache:       889M       102M
Swap:         8.0G       478M       7.5G

             total       used       free     shared    buffers     cached
Mem:          992M       925M        67M        16K       600K        34M
-/+ buffers/cache:       890M       101M
Swap:         8.0G       477M       7.5G

             total       used       free     shared    buffers     cached
Mem:          992M       926M        65M        16K       600K        34M
-/+ buffers/cache:       891M       100M
Swap:         8.0G       477M       7.5G

             total       used       free     shared    buffers     cached
Mem:          992M       927M        64M        16K       608K        34M
-/+ buffers/cache:       893M        98M
Swap:         8.0G       476M       7.5G

             total       used       free     shared    buffers     cached
Mem:          992M       929M        62M        16K       608K        34M
-/+ buffers/cache:       894M        97M
Swap:         8.0G       476M       7.5G

             total       used       free     shared    buffers     cached
Mem:          992M       904M        87M        16K       608K        32M
-/+ buffers/cache:       871M       120M
Swap:         8.0G       505M       7.5G

             total       used       free     shared    buffers     cached
Mem:          992M       905M        86M        16K       608K        32M
-/+ buffers/cache:       872M       119M
Swap:         8.0G       505M       7.5G

             total       used       free     shared    buffers     cached
Mem:          992M       907M        85M        16K       608K        32M
-/+ buffers/cache:       874M       118M
Swap:         8.0G       504M       7.5G

             total       used       free     shared    buffers     cached
Mem:          992M       908M        83M        16K       616K        32M
-/+ buffers/cache:       875M       117M
Swap:         8.0G       504M       7.5G

             total       used       free     shared    buffers     cached
Mem:          992M       909M        82M        16K       616K        32M
-/+ buffers/cache:       876M       115M
Swap:         8.0G       503M       7.5G

             total       used       free     shared    buffers     cached
Mem:          992M       910M        81M        16K       616K        32M
-/+ buffers/cache:       877M       114M
Swap:         8.0G       503M       7.5G

             total       used       free     shared    buffers     cached
Mem:          992M       912M        80M        16K       616K        32M
-/+ buffers/cache:       879M       113M
Swap:         8.0G       502M       7.5G

             total       used       free     shared    buffers     cached
Mem:          992M       913M        78M        16K       616K        32M
-/+ buffers/cache:       880M       111M
Swap:         8.0G       501M       7.5G

             total       used       free     shared    buffers     cached
Mem:          992M       914M        77M        16K       616K        32M
-/+ buffers/cache:       881M       110M
Swap:         8.0G       501M       7.5G

             total       used       free     shared    buffers     cached
Mem:          992M       916M        76M        16K       624K        32M
-/+ buffers/cache:       883M       109M
Swap:         8.0G       500M       7.5G

             total       used       free     shared    buffers     cached
Mem:          992M       917M        75M        16K       624K        32M
-/+ buffers/cache:       884M       108M
Swap:         8.0G       500M       7.5G

             total       used       free     shared    buffers     cached
Mem:          992M       918M        73M        16K       624K        32M
-/+ buffers/cache:       885M       106M
Swap:         8.0G       499M       7.5G

             total       used       free     shared    buffers     cached
Mem:          992M       919M        72M        16K       624K        32M
-/+ buffers/cache:       886M       105M
Swap:         8.0G       499M       7.5G

             total       used       free     shared    buffers     cached
Mem:          992M       921M        70M        16K       624K        32M
-/+ buffers/cache:       888M       103M
Swap:         8.0G       498M       7.5G

             total       used       free     shared    buffers     cached
Mem:          992M       922M        69M        16K       632K        32M
-/+ buffers/cache:       889M       102M
Swap:         8.0G       497M       7.5G

             total       used       free     shared    buffers     cached
Mem:          992M       924M        67M        16K       632K        32M
-/+ buffers/cache:       891M       100M
Swap:         8.0G       497M       7.5G

             total       used       free     shared    buffers     cached
Mem:          992M       925M        66M        16K       632K        32M
-/+ buffers/cache:       892M        99M
Swap:         8.0G       496M       7.5G

             total       used       free     shared    buffers     cached
Mem:          992M       926M        65M        16K       632K        32M
-/+ buffers/cache:       893M        98M
Swap:         8.0G       496M       7.5G

             total       used       free     shared    buffers     cached
Mem:          992M       928M        64M        16K       632K        32M
-/+ buffers/cache:       895M        97M
Swap:         8.0G       495M       7.5G

             total       used       free     shared    buffers     cached
Mem:          992M       929M        62M        16K       632K        32M
-/+ buffers/cache:       896M        96M
Swap:         8.0G       494M       7.5G

             total       used       free     shared    buffers     cached
Mem:          992M       914M        77M        16K       320K        31M
-/+ buffers/cache:       883M       108M
Swap:         8.0G       504M       7.5G

             total       used       free     shared    buffers     cached
Mem:          992M       916M        75M        16K       320K        31M
-/+ buffers/cache:       884M       107M
Swap:         8.0G       503M       7.5G

             total       used       free     shared    buffers     cached
Mem:          992M       917M        74M        16K       320K        31M
-/+ buffers/cache:       886M       106M
Swap:         8.0G       503M       7.5G

             total       used       free     shared    buffers     cached
Mem:          992M       918M        73M        16K       320K        31M
-/+ buffers/cache:       887M       104M
Swap:         8.0G       502M       7.5G

             total       used       free     shared    buffers     cached
Mem:          992M       920M        71M        16K       320K        31M
-/+ buffers/cache:       888M       103M
Swap:         8.0G       501M       7.5G

             total       used       free     shared    buffers     cached
Mem:          992M       922M        70M        16K       328K        31M
-/+ buffers/cache:       890M       101M
Swap:         8.0G       501M       7.5G

             total       used       free     shared    buffers     cached
Mem:          992M       923M        69M        16K       328K        31M
-/+ buffers/cache:       891M       100M
Swap:         8.0G       500M       7.5G

             total       used       free     shared    buffers     cached
Mem:          992M       924M        67M        16K       328K        31M
-/+ buffers/cache:       893M        99M
Swap:         8.0G       499M       7.5G

             total       used       free     shared    buffers     cached
Mem:          992M       925M        66M        16K       328K        31M
-/+ buffers/cache:       894M        98M
Swap:         8.0G       499M       7.5G

             total       used       free     shared    buffers     cached
Mem:          992M       927M        64M        16K       328K        31M
-/+ buffers/cache:       895M        96M
Swap:         8.0G       498M       7.5G

             total       used       free     shared    buffers     cached
Mem:          992M       928M        63M        16K       328K        31M
-/+ buffers/cache:       896M        95M
Swap:         8.0G       497M       7.5G

             total       used       free     shared    buffers     cached
Mem:          992M       917M        75M        16K       156K        30M
-/+ buffers/cache:       886M       105M
Swap:         8.0G       505M       7.5G

             total       used       free     shared    buffers     cached
Mem:          992M       919M        72M        20K       292K        31M
-/+ buffers/cache:       887M       104M
Swap:         8.0G       504M       7.5G

             total       used       free     shared    buffers     cached
Mem:          992M       921M        71M        20K       292K        31M
-/+ buffers/cache:       889M       102M
Swap:         8.0G       503M       7.5G

             total       used       free     shared    buffers     cached
Mem:          992M       922M        69M        20K       292K        31M
-/+ buffers/cache:       890M       101M
Swap:         8.0G       503M       7.5G

             total       used       free     shared    buffers     cached
Mem:          992M       923M        68M        20K       292K        31M
-/+ buffers/cache:       891M       100M
Swap:         8.0G       502M       7.5G

             total       used       free     shared    buffers     cached
Mem:          992M       925M        66M        20K       300K        31M
-/+ buffers/cache:       893M        98M
Swap:         8.0G       501M       7.5G

             total       used       free     shared    buffers     cached
Mem:          992M       909M        82M        20K       288K        31M
-/+ buffers/cache:       878M       114M
Swap:         8.0G       521M       7.5G

             total       used       free     shared    buffers     cached
Mem:          992M       910M        81M        20K       288K        31M
-/+ buffers/cache:       879M       112M
Swap:         8.0G       520M       7.5G

             total       used       free     shared    buffers     cached
Mem:          992M       912M        80M        20K       288K        31M
-/+ buffers/cache:       880M       111M
Swap:         8.0G       519M       7.5G

             total       used       free     shared    buffers     cached
Mem:          992M       919M        73M        20K       288K        33M
-/+ buffers/cache:       885M       106M
Swap:         8.0G       517M       7.5G

             total       used       free     shared    buffers     cached
Mem:          992M       920M        72M        20K       288K        33M
-/+ buffers/cache:       886M       105M
Swap:         8.0G       517M       7.5G

             total       used       free     shared    buffers     cached
Mem:          992M       920M        71M        20K       296K        33M
-/+ buffers/cache:       887M       105M
Swap:         8.0G       516M       7.5G

             total       used       free     shared    buffers     cached
Mem:          992M       921M        70M        20K       296K        33M
-/+ buffers/cache:       887M       104M
Swap:         8.0G       516M       7.5G

             total       used       free     shared    buffers     cached
Mem:          992M       921M        70M        20K       296K        33M
-/+ buffers/cache:       888M       103M
Swap:         8.0G       516M       7.5G

             total       used       free     shared    buffers     cached
Mem:          992M       922M        69M        20K       296K        33M
-/+ buffers/cache:       889M       102M
Swap:         8.0G       515M       7.5G

             total       used       free     shared    buffers     cached
Mem:          992M       923M        68M        20K       296K        33M
-/+ buffers/cache:       890M       102M
Swap:         8.0G       515M       7.5G

             total       used       free     shared    buffers     cached
Mem:          992M       924M        68M        20K       304K        33M
-/+ buffers/cache:       890M       101M
Swap:         8.0G       515M       7.5G

             total       used       free     shared    buffers     cached
Mem:          992M       924M        67M        20K       304K        33M
-/+ buffers/cache:       891M       100M
Swap:         8.0G       514M       7.5G

             total       used       free     shared    buffers     cached
Mem:          992M       925M        66M        20K       304K        33M
-/+ buffers/cache:       892M       100M
Swap:         8.0G       514M       7.5G

             total       used       free     shared    buffers     cached
Mem:          992M       919M        72M       180K       588K        36M
-/+ buffers/cache:       882M       109M
Swap:         8.0G       519M       7.5G

             total       used       free     shared    buffers     cached
Mem:          992M       918M        74M       3.9M       5.0M        54M
-/+ buffers/cache:       858M       133M
Swap:         8.0G       556M       7.5G

             total       used       free     shared    buffers     cached
Mem:          992M       918M        73M       3.9M       3.7M        62M
-/+ buffers/cache:       852M       140M
Swap:         8.0G       566M       7.4G

             total       used       free     shared    buffers     cached
Mem:          992M       923M        68M       212K       4.0M        61M
-/+ buffers/cache:       857M       134M
Swap:         8.0G       565M       7.4G

             total       used       free     shared    buffers     cached
Mem:          992M       928M        64M       204K       4.0M        62M
-/+ buffers/cache:       861M       130M
Swap:         8.0G       563M       7.4G

             total       used       free     shared    buffers     cached
Mem:          992M       929M        62M       204K       4.0M        62M
-/+ buffers/cache:       862M       129M
Swap:         8.0G       562M       7.4G

             total       used       free     shared    buffers     cached
Mem:          992M       917M        74M       204K       4.0M        60M
-/+ buffers/cache:       853M       138M
Swap:         8.0G       568M       7.4G

             total       used       free     shared    buffers     cached
Mem:          992M       920M        71M       204K       4.1M        61M
-/+ buffers/cache:       854M       137M
Swap:         8.0G       567M       7.4G

             total       used       free     shared    buffers     cached
Mem:          992M       921M        70M       204K       4.1M        61M
-/+ buffers/cache:       855M       136M
Swap:         8.0G       566M       7.4G

             total       used       free     shared    buffers     cached
Mem:          992M       923M        69M       204K       4.1M        61M
-/+ buffers/cache:       857M       134M
Swap:         8.0G       565M       7.4G

             total       used       free     shared    buffers     cached
Mem:          992M       924M        67M       204K       4.1M        61M
-/+ buffers/cache:       858M       133M
Swap:         8.0G       565M       7.4G

             total       used       free     shared    buffers     cached
Mem:          992M       925M        66M       204K       4.1M        61M
-/+ buffers/cache:       859M       132M
Swap:         8.0G       564M       7.4G

             total       used       free     shared    buffers     cached
Mem:          992M       927M        64M       204K       4.1M        61M
-/+ buffers/cache:       861M       130M
Swap:         8.0G       564M       7.4G

             total       used       free     shared    buffers     cached
Mem:          992M       928M        63M       204K       4.1M        61M
-/+ buffers/cache:       862M       129M
Swap:         8.0G       563M       7.4G

             total       used       free     shared    buffers     cached
Mem:          992M       911M        81M       204K       4.1M        59M
-/+ buffers/cache:       847M       145M
Swap:         8.0G       583M       7.4G

             total       used       free     shared    buffers     cached
Mem:          992M       912M        79M       204K       4.1M        59M
-/+ buffers/cache:       848M       143M
Swap:         8.0G       583M       7.4G

             total       used       free     shared    buffers     cached
Mem:          992M       913M        78M       204K       4.1M        59M
-/+ buffers/cache:       850M       142M
Swap:         8.0G       582M       7.4G

             total       used       free     shared    buffers     cached
Mem:          992M       915M        77M       204K       4.1M        59M
-/+ buffers/cache:       851M       141M
Swap:         8.0G       581M       7.4G

             total       used       free     shared    buffers     cached
Mem:          992M       916M        76M       204K       4.2M        59M
-/+ buffers/cache:       852M       139M
Swap:         8.0G       581M       7.4G

             total       used       free     shared    buffers     cached
Mem:          992M       917M        74M       204K       4.2M        59M
-/+ buffers/cache:       853M       138M
Swap:         8.0G       580M       7.4G

             total       used       free     shared    buffers     cached
Mem:          992M       918M        73M       204K       4.2M        59M
-/+ buffers/cache:       854M       137M
Swap:         8.0G       580M       7.4G

             total       used       free     shared    buffers     cached
Mem:          992M       920M        72M       204K       4.2M        59M
-/+ buffers/cache:       856M       136M
Swap:         8.0G       579M       7.4G

             total       used       free     shared    buffers     cached
Mem:          992M       921M        70M       204K       4.2M        59M
-/+ buffers/cache:       857M       134M
Swap:         8.0G       578M       7.4G

             total       used       free     shared    buffers     cached
Mem:          992M       922M        69M       204K       4.2M        59M
-/+ buffers/cache:       858M       133M
Swap:         8.0G       578M       7.4G

             total       used       free     shared    buffers     cached
Mem:          992M       929M        62M       260K       8.1M        69M
-/+ buffers/cache:       851M       140M
Swap:         8.0G       586M       7.4G

             total       used       free     shared    buffers     cached
Mem:          992M       913M        79M       248K       8.3M        71M
-/+ buffers/cache:       832M       159M
Swap:         8.0G       593M       7.4G
