             total       used       free     shared    buffers     cached
Mem:          992M       656M       335M       3.2M        38M       289M
-/+ buffers/cache:       328M       663M
Swap:         8.0G         0B       8.0G

             total       used       free     shared    buffers     cached
Mem:          992M       655M       336M       1.4M        38M       287M
-/+ buffers/cache:       328M       663M
Swap:         8.0G         0B       8.0G

             total       used       free     shared    buffers     cached
Mem:          992M       655M       337M       1.4M        38M       287M
-/+ buffers/cache:       328M       663M
Swap:         8.0G         0B       8.0G

             total       used       free     shared    buffers     cached
Mem:          992M       655M       337M       1.4M        38M       287M
-/+ buffers/cache:       328M       663M
Swap:         8.0G         0B       8.0G

             total       used       free     shared    buffers     cached
Mem:          992M       655M       337M       1.4M        38M       287M
-/+ buffers/cache:       328M       663M
Swap:         8.0G         0B       8.0G

             total       used       free     shared    buffers     cached
Mem:          992M       655M       337M       1.4M        38M       287M
-/+ buffers/cache:       328M       663M
Swap:         8.0G         0B       8.0G

             total       used       free     shared    buffers     cached
Mem:          992M       654M       337M       1.4M        38M       287M
-/+ buffers/cache:       328M       663M
Swap:         8.0G         0B       8.0G

             total       used       free     shared    buffers     cached
Mem:          992M       654M       337M       1.4M        38M       288M
-/+ buffers/cache:       327M       664M
Swap:         8.0G         0B       8.0G

             total       used       free     shared    buffers     cached
Mem:          992M       654M       337M       1.4M        38M       288M
-/+ buffers/cache:       327M       664M
Swap:         8.0G         0B       8.0G

             total       used       free     shared    buffers     cached
Mem:          992M       658M       334M       1.4M        38M       288M
-/+ buffers/cache:       331M       660M
Swap:         8.0G         0B       8.0G

             total       used       free     shared    buffers     cached
Mem:          992M       674M       317M       1.4M        38M       288M
-/+ buffers/cache:       347M       644M
Swap:         8.0G         0B       8.0G

             total       used       free     shared    buffers     cached
Mem:          992M       680M       311M       1.4M        38M       288M
-/+ buffers/cache:       353M       638M
Swap:         8.0G         0B       8.0G

             total       used       free     shared    buffers     cached
Mem:          992M       663M       328M       1.4M        38M       289M
-/+ buffers/cache:       335M       656M
Swap:         8.0G         0B       8.0G

             total       used       free     shared    buffers     cached
Mem:          992M       663M       328M       1.4M        38M       289M
-/+ buffers/cache:       335M       656M
Swap:         8.0G         0B       8.0G

             total       used       free     shared    buffers     cached
Mem:          992M       671M       320M       1.4M        38M       289M
-/+ buffers/cache:       343M       648M
Swap:         8.0G         0B       8.0G

             total       used       free     shared    buffers     cached
Mem:          992M       664M       327M       1.4M        38M       289M
-/+ buffers/cache:       336M       656M
Swap:         8.0G         0B       8.0G

             total       used       free     shared    buffers     cached
Mem:          992M       664M       327M       1.4M        38M       289M
-/+ buffers/cache:       336M       656M
Swap:         8.0G         0B       8.0G

             total       used       free     shared    buffers     cached
Mem:          992M       664M       327M       1.4M        38M       289M
-/+ buffers/cache:       336M       656M
Swap:         8.0G         0B       8.0G

             total       used       free     shared    buffers     cached
Mem:          992M       664M       327M       1.4M        38M       289M
-/+ buffers/cache:       336M       656M
Swap:         8.0G         0B       8.0G

             total       used       free     shared    buffers     cached
Mem:          992M       664M       327M       1.4M        38M       289M
-/+ buffers/cache:       336M       656M
Swap:         8.0G         0B       8.0G

             total       used       free     shared    buffers     cached
Mem:          992M       664M       327M       1.4M        38M       289M
-/+ buffers/cache:       336M       656M
Swap:         8.0G         0B       8.0G

             total       used       free     shared    buffers     cached
Mem:          992M       664M       327M       1.4M        38M       289M
-/+ buffers/cache:       336M       656M
Swap:         8.0G         0B       8.0G

             total       used       free     shared    buffers     cached
Mem:          992M       664M       327M       1.4M        38M       289M
-/+ buffers/cache:       336M       655M
Swap:         8.0G         0B       8.0G

             total       used       free     shared    buffers     cached
Mem:          992M       664M       327M       1.4M        38M       289M
-/+ buffers/cache:       336M       655M
Swap:         8.0G         0B       8.0G

             total       used       free     shared    buffers     cached
Mem:          992M       664M       327M       1.4M        38M       289M
-/+ buffers/cache:       336M       656M
Swap:         8.0G         0B       8.0G

             total       used       free     shared    buffers     cached
Mem:          992M       664M       327M       1.4M        38M       289M
-/+ buffers/cache:       336M       656M
Swap:         8.0G         0B       8.0G

             total       used       free     shared    buffers     cached
Mem:          992M       664M       327M       1.4M        38M       289M
-/+ buffers/cache:       336M       656M
Swap:         8.0G         0B       8.0G

             total       used       free     shared    buffers     cached
Mem:          992M       664M       327M       1.4M        38M       289M
-/+ buffers/cache:       336M       656M
Swap:         8.0G         0B       8.0G

             total       used       free     shared    buffers     cached
Mem:          992M       664M       327M       1.4M        38M       289M
-/+ buffers/cache:       336M       656M
Swap:         8.0G         0B       8.0G

             total       used       free     shared    buffers     cached
Mem:          992M       664M       327M       1.4M        38M       289M
-/+ buffers/cache:       336M       656M
Swap:         8.0G         0B       8.0G

             total       used       free     shared    buffers     cached
Mem:          992M       664M       327M       1.4M        38M       289M
-/+ buffers/cache:       336M       656M
Swap:         8.0G         0B       8.0G

             total       used       free     shared    buffers     cached
Mem:          992M       664M       327M       1.4M        38M       289M
-/+ buffers/cache:       336M       656M
Swap:         8.0G         0B       8.0G

             total       used       free     shared    buffers     cached
Mem:          992M       664M       327M       1.4M        38M       289M
-/+ buffers/cache:       336M       656M
Swap:         8.0G         0B       8.0G

             total       used       free     shared    buffers     cached
Mem:          992M       670M       321M       1.4M        38M       289M
-/+ buffers/cache:       342M       649M
Swap:         8.0G         0B       8.0G

             total       used       free     shared    buffers     cached
Mem:          992M       688M       303M       1.4M        38M       289M
-/+ buffers/cache:       360M       631M
Swap:         8.0G         0B       8.0G

             total       used       free     shared    buffers     cached
Mem:          992M       706M       285M       1.4M        38M       289M
-/+ buffers/cache:       378M       613M
Swap:         8.0G         0B       8.0G

             total       used       free     shared    buffers     cached
Mem:          992M       722M       269M       1.4M        38M       289M
-/+ buffers/cache:       394M       597M
Swap:         8.0G         0B       8.0G

             total       used       free     shared    buffers     cached
Mem:          992M       737M       254M       1.4M        38M       289M
-/+ buffers/cache:       409M       582M
Swap:         8.0G         0B       8.0G

             total       used       free     shared    buffers     cached
Mem:          992M       752M       239M       1.4M        38M       289M
-/+ buffers/cache:       424M       567M
Swap:         8.0G         0B       8.0G

             total       used       free     shared    buffers     cached
Mem:          992M       768M       223M       1.4M        38M       289M
-/+ buffers/cache:       440M       551M
Swap:         8.0G         0B       8.0G

             total       used       free     shared    buffers     cached
Mem:          992M       781M       210M       1.4M        38M       289M
-/+ buffers/cache:       453M       539M
Swap:         8.0G         0B       8.0G

             total       used       free     shared    buffers     cached
Mem:          992M       795M       196M       1.4M        38M       289M
-/+ buffers/cache:       467M       524M
Swap:         8.0G         0B       8.0G

             total       used       free     shared    buffers     cached
Mem:          992M       811M       180M       1.4M        38M       289M
-/+ buffers/cache:       483M       509M
Swap:         8.0G         0B       8.0G

             total       used       free     shared    buffers     cached
Mem:          992M       830M       161M       1.4M        38M       289M
-/+ buffers/cache:       502M       490M
Swap:         8.0G         0B       8.0G

             total       used       free     shared    buffers     cached
Mem:          992M       845M       146M       1.4M        38M       289M
-/+ buffers/cache:       517M       474M
Swap:         8.0G         0B       8.0G

             total       used       free     shared    buffers     cached
Mem:          992M       861M       130M       1.4M        38M       289M
-/+ buffers/cache:       533M       459M
Swap:         8.0G         0B       8.0G

             total       used       free     shared    buffers     cached
Mem:          992M       877M       114M       1.4M        38M       289M
-/+ buffers/cache:       549M       442M
Swap:         8.0G         0B       8.0G

             total       used       free     shared    buffers     cached
Mem:          992M       890M       102M       1.4M        38M       289M
-/+ buffers/cache:       561M       430M
Swap:         8.0G         0B       8.0G

             total       used       free     shared    buffers     cached
Mem:          992M       907M        84M       1.4M        38M       289M
-/+ buffers/cache:       579M       412M
Swap:         8.0G         0B       8.0G

             total       used       free     shared    buffers     cached
Mem:          992M       922M        69M       1.4M        38M       289M
-/+ buffers/cache:       594M       398M
Swap:         8.0G         0B       8.0G

             total       used       free     shared    buffers     cached
Mem:          992M       915M        76M       1.4M        17M       288M
-/+ buffers/cache:       609M       382M
Swap:         8.0G         0B       8.0G

             total       used       free     shared    buffers     cached
Mem:          992M       930M        61M       1.4M        17M       288M
-/+ buffers/cache:       624M       367M
Swap:         8.0G         0B       8.0G

             total       used       free     shared    buffers     cached
Mem:          992M       929M        62M       1.4M        10M       279M
-/+ buffers/cache:       640M       351M
Swap:         8.0G         0B       8.0G

             total       used       free     shared    buffers     cached
Mem:          992M       926M        65M       1.4M       9.7M       262M
-/+ buffers/cache:       654M       337M
Swap:         8.0G        76K       8.0G

             total       used       free     shared    buffers     cached
Mem:          992M       923M        68M       1.3M       9.7M       244M
-/+ buffers/cache:       669M       322M
Swap:         8.0G       412K       8.0G

             total       used       free     shared    buffers     cached
Mem:          992M       921M        70M       1.2M       9.7M       230M
-/+ buffers/cache:       681M       310M
Swap:         8.0G       4.9M       8.0G

             total       used       free     shared    buffers     cached
Mem:          992M       905M        86M       1.1M       7.3M       205M
-/+ buffers/cache:       693M       299M
Swap:         8.0G       9.3M       8.0G

             total       used       free     shared    buffers     cached
Mem:          992M       921M        70M       1.1M       7.3M       205M
-/+ buffers/cache:       709M       283M
Swap:         8.0G       9.3M       8.0G

             total       used       free     shared    buffers     cached
Mem:          992M       923M        68M       1.1M       2.3M       197M
-/+ buffers/cache:       724M       267M
Swap:         8.0G       9.3M       8.0G

             total       used       free     shared    buffers     cached
Mem:          992M       927M        64M       1.1M       1.1M       186M
-/+ buffers/cache:       740M       252M
Swap:         8.0G       9.3M       8.0G

             total       used       free     shared    buffers     cached
Mem:          992M       920M        71M       1.1M       204K       164M
-/+ buffers/cache:       755M       237M
Swap:         8.0G       9.3M       8.0G

             total       used       free     shared    buffers     cached
Mem:          992M       914M        78M       1.1M       204K       145M
-/+ buffers/cache:       768M       223M
Swap:         8.0G       9.3M       8.0G

             total       used       free     shared    buffers     cached
Mem:          992M       923M        68M       1.1M       364K       145M
-/+ buffers/cache:       778M       213M
Swap:         8.0G       9.3M       8.0G

             total       used       free     shared    buffers     cached
Mem:          992M       916M        75M       1.1M       204K       128M
-/+ buffers/cache:       788M       203M
Swap:         8.0G       9.3M       8.0G

             total       used       free     shared    buffers     cached
Mem:          992M       916M        75M       1.1M       204K       113M
-/+ buffers/cache:       803M       189M
Swap:         8.0G       9.3M       8.0G

             total       used       free     shared    buffers     cached
Mem:          992M       917M        74M       1.1M       204K        99M
-/+ buffers/cache:       817M       174M
Swap:         8.0G       9.3M       8.0G

             total       used       free     shared    buffers     cached
Mem:          992M       920M        71M       1.1M       216K        88M
-/+ buffers/cache:       832M       160M
Swap:         8.0G       9.3M       8.0G

             total       used       free     shared    buffers     cached
Mem:          992M       916M        75M       1.1M       216K        68M
-/+ buffers/cache:       848M       143M
Swap:         8.0G       9.3M       8.0G

             total       used       free     shared    buffers     cached
Mem:          992M       920M        72M       1.1M       364K        54M
-/+ buffers/cache:       864M       127M
Swap:         8.0G       9.3M       8.0G

             total       used       free     shared    buffers     cached
Mem:          992M       920M        71M       1.1M       2.9M        38M
-/+ buffers/cache:       879M       112M
Swap:         8.0G       9.3M       8.0G

             total       used       free     shared    buffers     cached
Mem:          992M       920M        71M       1.0M       2.9M        25M
-/+ buffers/cache:       891M       100M
Swap:         8.0G        11M       8.0G

             total       used       free     shared    buffers     cached
Mem:          992M       929M        62M       980K       2.9M        24M
-/+ buffers/cache:       901M        90M
Swap:         8.0G        18M       8.0G

             total       used       free     shared    buffers     cached
Mem:          992M       925M        66M       684K       2.9M        19M
-/+ buffers/cache:       903M        89M
Swap:         8.0G        34M       8.0G

             total       used       free     shared    buffers     cached
Mem:          992M       920M        71M       684K       1.2M        11M
-/+ buffers/cache:       908M        84M
Swap:         8.0G        36M       8.0G

             total       used       free     shared    buffers     cached
Mem:          992M       926M        65M       680K        96K        10M
-/+ buffers/cache:       915M        76M
Swap:         8.0G        44M       8.0G

             total       used       free     shared    buffers     cached
Mem:          992M       924M        67M       680K       492K       3.3M
-/+ buffers/cache:       920M        71M
Swap:         8.0G        66M       7.9G

             total       used       free     shared    buffers     cached
Mem:          992M       924M        67M       676K       492K       3.2M
-/+ buffers/cache:       921M        71M
Swap:         8.0G        69M       7.9G

             total       used       free     shared    buffers     cached
Mem:          992M       922M        69M       676K       492K       3.2M
-/+ buffers/cache:       918M        73M
Swap:         8.0G       102M       7.9G

             total       used       free     shared    buffers     cached
Mem:          992M       922M        69M       648K       500K       3.2M
-/+ buffers/cache:       918M        73M
Swap:         8.0G       102M       7.9G

             total       used       free     shared    buffers     cached
Mem:          992M       912M        79M       596K       500K       2.9M
-/+ buffers/cache:       908M        83M
Swap:         8.0G       148M       7.9G

             total       used       free     shared    buffers     cached
Mem:          992M       927M        65M       604K       500K       2.9M
-/+ buffers/cache:       923M        68M
Swap:         8.0G       148M       7.9G

             total       used       free     shared    buffers     cached
Mem:          992M       925M        66M       604K       500K       2.9M
-/+ buffers/cache:       922M        69M
Swap:         8.0G       148M       7.9G

             total       used       free     shared    buffers     cached
Mem:          992M       927M        64M       604K       500K       2.8M
-/+ buffers/cache:       924M        67M
Swap:         8.0G       157M       7.8G

             total       used       free     shared    buffers     cached
Mem:          992M       918M        73M       572K       500K       2.5M
-/+ buffers/cache:       915M        76M
Swap:         8.0G       198M       7.8G

             total       used       free     shared    buffers     cached
Mem:          992M       919M        72M       572K       500K       2.5M
-/+ buffers/cache:       916M        75M
Swap:         8.0G       198M       7.8G

             total       used       free     shared    buffers     cached
Mem:          992M       917M        74M       572K       488K       2.9M
-/+ buffers/cache:       914M        77M
Swap:         8.0G       205M       7.8G

             total       used       free     shared    buffers     cached
Mem:          992M       911M        80M       520K       488K       2.8M
-/+ buffers/cache:       908M        83M
Swap:         8.0G       247M       7.8G

             total       used       free     shared    buffers     cached
Mem:          992M       927M        64M       536K       488K       2.8M
-/+ buffers/cache:       924M        68M
Swap:         8.0G       247M       7.8G

             total       used       free     shared    buffers     cached
Mem:          992M       925M        66M       536K       496K       2.7M
-/+ buffers/cache:       922M        69M
Swap:         8.0G       247M       7.8G

             total       used       free     shared    buffers     cached
Mem:          992M       920M        72M       536K       476K       2.6M
-/+ buffers/cache:       916M        75M
Swap:         8.0G       253M       7.7G

             total       used       free     shared    buffers     cached
Mem:          992M       928M        64M       536K       476K       2.7M
-/+ buffers/cache:       925M        67M
Swap:         8.0G       255M       7.7G

             total       used       free     shared    buffers     cached
Mem:          992M       921M        71M       536K       468K       2.6M
-/+ buffers/cache:       918M        74M
Swap:         8.0G       275M       7.7G

             total       used       free     shared    buffers     cached
Mem:          992M       928M        63M       536K       468K       2.6M
-/+ buffers/cache:       925M        66M
Swap:         8.0G       275M       7.7G

             total       used       free     shared    buffers     cached
Mem:          992M       916M        75M       536K       336K       2.5M
-/+ buffers/cache:       913M        78M
Swap:         8.0G       293M       7.7G

             total       used       free     shared    buffers     cached
Mem:          992M       921M        70M       528K       344K       2.6M
-/+ buffers/cache:       918M        73M
Swap:         8.0G       293M       7.7G

             total       used       free     shared    buffers     cached
Mem:          992M       926M        65M       528K       344K       2.6M
-/+ buffers/cache:       923M        68M
Swap:         8.0G       293M       7.7G

             total       used       free     shared    buffers     cached
Mem:          992M       914M        77M       528K       344K       2.5M
-/+ buffers/cache:       911M        80M
Swap:         8.0G       308M       7.7G

             total       used       free     shared    buffers     cached
Mem:          992M       919M        73M       528K       344K       2.5M
-/+ buffers/cache:       916M        76M
Swap:         8.0G       308M       7.7G

             total       used       free     shared    buffers     cached
Mem:          992M       925M        66M       528K       344K       2.5M
-/+ buffers/cache:       922M        69M
Swap:         8.0G       308M       7.7G

             total       used       free     shared    buffers     cached
Mem:          992M       919M        72M        60K        80K        18M
-/+ buffers/cache:       901M        90M
Swap:         8.0G       350M       7.7G

             total       used       free     shared    buffers     cached
Mem:          992M       923M        68M        64K       220K        19M
-/+ buffers/cache:       904M        88M
Swap:         8.0G       341M       7.7G

             total       used       free     shared    buffers     cached
Mem:          992M       917M        74M         0B       528K        15M
-/+ buffers/cache:       901M        90M
Swap:         8.0G       354M       7.7G

             total       used       free     shared    buffers     cached
Mem:          992M       922M        69M         4K        80K       2.2M
-/+ buffers/cache:       920M        71M
Swap:         8.0G       331M       7.7G

             total       used       free     shared    buffers     cached
Mem:          992M       920M        71M         0B       476K       1.3M
-/+ buffers/cache:       918M        73M
Swap:         8.0G       327M       7.7G

             total       used       free     shared    buffers     cached
Mem:          992M       921M        70M         0B       484K       1.4M
-/+ buffers/cache:       919M        72M
Swap:         8.0G       326M       7.7G

             total       used       free     shared    buffers     cached
Mem:          992M       924M        68M         0B       484K       1.5M
-/+ buffers/cache:       922M        70M
Swap:         8.0G       327M       7.7G

             total       used       free     shared    buffers     cached
Mem:          992M       921M        70M         0B       436K       1.6M
-/+ buffers/cache:       919M        72M
Swap:         8.0G       330M       7.7G

             total       used       free     shared    buffers     cached
Mem:          992M       921M        70M         0B       212K       1.6M
-/+ buffers/cache:       919M        72M
Swap:         8.0G       329M       7.7G

             total       used       free     shared    buffers     cached
Mem:          992M       922M        69M         0B        76K       1.6M
-/+ buffers/cache:       920M        71M
Swap:         8.0G       333M       7.7G

             total       used       free     shared    buffers     cached
Mem:          992M       919M        72M         0B        80K       1.7M
-/+ buffers/cache:       917M        74M
Swap:         8.0G       339M       7.7G

             total       used       free     shared    buffers     cached
Mem:          992M       908M        83M         0B        88K       1.6M
-/+ buffers/cache:       906M        85M
Swap:         8.0G       420M       7.6G

             total       used       free     shared    buffers     cached
Mem:          992M       921M        70M         0B        88K       1.6M
-/+ buffers/cache:       919M        72M
Swap:         8.0G       402M       7.6G

             total       used       free     shared    buffers     cached
Mem:          992M       920M        71M         0B        88K       1.6M
-/+ buffers/cache:       919M        73M
Swap:         8.0G       340M       7.7G

             total       used       free     shared    buffers     cached
Mem:          992M       919M        72M         0B        88K       1.9M
-/+ buffers/cache:       917M        74M
Swap:         8.0G       338M       7.7G

             total       used       free     shared    buffers     cached
Mem:          992M       924M        67M         0B        88K       2.0M
-/+ buffers/cache:       922M        69M
Swap:         8.0G       336M       7.7G

             total       used       free     shared    buffers     cached
Mem:          992M       930M        61M         0B        96K       1.9M
-/+ buffers/cache:       928M        63M
Swap:         8.0G       334M       7.7G

             total       used       free     shared    buffers     cached
Mem:          992M       917M        74M         0B        96K       1.8M
-/+ buffers/cache:       915M        76M
Swap:         8.0G       359M       7.6G

             total       used       free     shared    buffers     cached
Mem:          992M       923M        68M         0B        96K       1.8M
-/+ buffers/cache:       921M        70M
Swap:         8.0G       359M       7.6G

             total       used       free     shared    buffers     cached
Mem:          992M       930M        61M         0B        96K       1.8M
-/+ buffers/cache:       928M        63M
Swap:         8.0G       359M       7.6G

             total       used       free     shared    buffers     cached
Mem:          992M       924M        67M         0B        96K       1.8M
-/+ buffers/cache:       922M        69M
Swap:         8.0G       365M       7.6G

             total       used       free     shared    buffers     cached
Mem:          992M       929M        62M         0B       104K       1.8M
-/+ buffers/cache:       928M        64M
Swap:         8.0G       365M       7.6G

             total       used       free     shared    buffers     cached
Mem:          992M       916M        75M         0B       104K       1.7M
-/+ buffers/cache:       914M        77M
Swap:         8.0G       384M       7.6G

             total       used       free     shared    buffers     cached
Mem:          992M       918M        73M         0B       104K       1.7M
-/+ buffers/cache:       917M        75M
Swap:         8.0G       384M       7.6G

             total       used       free     shared    buffers     cached
Mem:          992M       921M        70M         0B       104K       1.7M
-/+ buffers/cache:       919M        72M
Swap:         8.0G       382M       7.6G

             total       used       free     shared    buffers     cached
Mem:          992M       923M        68M         0B       104K       1.7M
-/+ buffers/cache:       921M        70M
Swap:         8.0G       381M       7.6G

             total       used       free     shared    buffers     cached
Mem:          992M       926M        65M         0B       104K       1.8M
-/+ buffers/cache:       924M        67M
Swap:         8.0G       380M       7.6G

             total       used       free     shared    buffers     cached
Mem:          992M       928M        63M         0B       112K       1.8M
-/+ buffers/cache:       926M        65M
Swap:         8.0G       379M       7.6G

             total       used       free     shared    buffers     cached
Mem:          992M       930M        61M         0B       112K       1.8M
-/+ buffers/cache:       928M        63M
Swap:         8.0G       378M       7.6G

             total       used       free     shared    buffers     cached
Mem:          992M       918M        73M         0B       252K       2.5M
-/+ buffers/cache:       915M        76M
Swap:         8.0G       396M       7.6G

             total       used       free     shared    buffers     cached
Mem:          992M       920M        71M         0B       252K       2.5M
-/+ buffers/cache:       918M        74M
Swap:         8.0G       395M       7.6G

             total       used       free     shared    buffers     cached
Mem:          992M       923M        69M         0B       252K       2.5M
-/+ buffers/cache:       920M        71M
Swap:         8.0G       394M       7.6G

             total       used       free     shared    buffers     cached
Mem:          992M       925M        66M         0B       260K       2.6M
-/+ buffers/cache:       922M        69M
Swap:         8.0G       393M       7.6G

             total       used       free     shared    buffers     cached
Mem:          992M       927M        64M         0B       260K       2.6M
-/+ buffers/cache:       924M        67M
Swap:         8.0G       392M       7.6G

             total       used       free     shared    buffers     cached
Mem:          992M       930M        62M         0B       260K       2.6M
-/+ buffers/cache:       927M        64M
Swap:         8.0G       391M       7.6G

             total       used       free     shared    buffers     cached
Mem:          992M       906M        85M         0B       200K       2.4M
-/+ buffers/cache:       904M        88M
Swap:         8.0G       412M       7.6G

             total       used       free     shared    buffers     cached
Mem:          992M       908M        83M         0B       200K       2.3M
-/+ buffers/cache:       906M        86M
Swap:         8.0G       411M       7.6G

             total       used       free     shared    buffers     cached
Mem:          992M       910M        81M         0B       208K       2.3M
-/+ buffers/cache:       907M        84M
Swap:         8.0G       410M       7.6G

             total       used       free     shared    buffers     cached
Mem:          992M       912M        79M         0B       208K       2.4M
-/+ buffers/cache:       909M        82M
Swap:         8.0G       409M       7.6G

             total       used       free     shared    buffers     cached
Mem:          992M       915M        77M         0B       208K       2.4M
-/+ buffers/cache:       912M        79M
Swap:         8.0G       408M       7.6G

             total       used       free     shared    buffers     cached
Mem:          992M       917M        74M         0B       208K       2.3M
-/+ buffers/cache:       914M        77M
Swap:         8.0G       407M       7.6G

             total       used       free     shared    buffers     cached
Mem:          992M       919M        72M         0B       208K       2.5M
-/+ buffers/cache:       917M        75M
Swap:         8.0G       407M       7.6G

             total       used       free     shared    buffers     cached
Mem:          992M       921M        70M         0B       208K       2.5M
-/+ buffers/cache:       919M        73M
Swap:         8.0G       406M       7.6G

             total       used       free     shared    buffers     cached
Mem:          992M       923M        68M         0B       216K       2.5M
-/+ buffers/cache:       920M        71M
Swap:         8.0G       405M       7.6G

             total       used       free     shared    buffers     cached
Mem:          992M       926M        66M         0B       216K       2.5M
-/+ buffers/cache:       923M        68M
Swap:         8.0G       404M       7.6G

             total       used       free     shared    buffers     cached
Mem:          992M       928M        64M         0B       224K       2.5M
-/+ buffers/cache:       925M        66M
Swap:         8.0G       403M       7.6G

             total       used       free     shared    buffers     cached
Mem:          992M       930M        61M         0B       224K       2.5M
-/+ buffers/cache:       927M        64M
Swap:         8.0G       402M       7.6G

             total       used       free     shared    buffers     cached
Mem:          992M       919M        72M         0B       224K       2.5M
-/+ buffers/cache:       917M        75M
Swap:         8.0G       409M       7.6G

             total       used       free     shared    buffers     cached
Mem:          992M       922M        70M         0B       232K       2.4M
-/+ buffers/cache:       919M        72M
Swap:         8.0G       408M       7.6G

             total       used       free     shared    buffers     cached
Mem:          992M       924M        67M         0B       232K       2.5M
-/+ buffers/cache:       921M        70M
Swap:         8.0G       407M       7.6G

             total       used       free     shared    buffers     cached
Mem:          992M       926M        65M         0B       232K       2.5M
-/+ buffers/cache:       923M        68M
Swap:         8.0G       406M       7.6G

             total       used       free     shared    buffers     cached
Mem:          992M       928M        63M         0B       232K       2.4M
-/+ buffers/cache:       925M        66M
Swap:         8.0G       405M       7.6G

             total       used       free     shared    buffers     cached
Mem:          992M       930M        61M         0B       232K       2.5M
-/+ buffers/cache:       927M        64M
Swap:         8.0G       404M       7.6G

             total       used       free     shared    buffers     cached
Mem:          992M       918M        73M         0B       240K       2.4M
-/+ buffers/cache:       915M        76M
Swap:         8.0G       412M       7.6G

             total       used       free     shared    buffers     cached
Mem:          992M       920M        71M         0B       240K       2.5M
-/+ buffers/cache:       918M        74M
Swap:         8.0G       411M       7.6G

             total       used       free     shared    buffers     cached
Mem:          992M       922M        69M         0B       240K       2.4M
-/+ buffers/cache:       920M        72M
Swap:         8.0G       410M       7.6G

             total       used       free     shared    buffers     cached
Mem:          992M       924M        67M         0B       240K       2.4M
-/+ buffers/cache:       922M        70M
Swap:         8.0G       409M       7.6G

             total       used       free     shared    buffers     cached
Mem:          992M       926M        65M         0B       240K       2.5M
-/+ buffers/cache:       924M        68M
Swap:         8.0G       408M       7.6G

             total       used       free     shared    buffers     cached
Mem:          992M       928M        63M         0B       240K       2.5M
-/+ buffers/cache:       925M        66M
Swap:         8.0G       407M       7.6G

             total       used       free     shared    buffers     cached
Mem:          992M       930M        61M         0B       248K       2.4M
-/+ buffers/cache:       928M        64M
Swap:         8.0G       406M       7.6G

             total       used       free     shared    buffers     cached
Mem:          992M       924M        68M         0B        76K        19M
-/+ buffers/cache:       904M        87M
Swap:         8.0G       436M       7.6G

             total       used       free     shared    buffers     cached
Mem:          992M       921M        71M         0B       216K        19M
-/+ buffers/cache:       901M        90M
Swap:         8.0G       444M       7.6G

             total       used       free     shared    buffers     cached
Mem:          992M       923M        68M         0B       532K        19M
-/+ buffers/cache:       903M        88M
Swap:         8.0G       443M       7.6G

             total       used       free     shared    buffers     cached
Mem:          992M       926M        66M         0B       824K        19M
-/+ buffers/cache:       905M        86M
Swap:         8.0G       442M       7.6G

             total       used       free     shared    buffers     cached
Mem:          992M       927M        64M         0B       832K        19M
-/+ buffers/cache:       907M        85M
Swap:         8.0G       441M       7.6G

             total       used       free     shared    buffers     cached
Mem:          992M       929M        62M         0B       832K        19M
-/+ buffers/cache:       909M        82M
Swap:         8.0G       440M       7.6G

             total       used       free     shared    buffers     cached
Mem:          992M       912M        79M         0B       832K        18M
-/+ buffers/cache:       892M        99M
Swap:         8.0G       468M       7.5G

             total       used       free     shared    buffers     cached
Mem:          992M       914M        77M         0B       832K        18M
-/+ buffers/cache:       895M        97M
Swap:         8.0G       467M       7.5G

             total       used       free     shared    buffers     cached
Mem:          992M       916M        75M         0B       832K        18M
-/+ buffers/cache:       897M        94M
Swap:         8.0G       466M       7.5G

             total       used       free     shared    buffers     cached
Mem:          992M       918M        73M         0B       840K        18M
-/+ buffers/cache:       899M        92M
Swap:         8.0G       465M       7.5G

             total       used       free     shared    buffers     cached
Mem:          992M       921M        71M         0B       840K        18M
-/+ buffers/cache:       901M        90M
Swap:         8.0G       464M       7.5G

             total       used       free     shared    buffers     cached
Mem:          992M       923M        68M         0B       840K        18M
-/+ buffers/cache:       903M        88M
Swap:         8.0G       463M       7.5G

             total       used       free     shared    buffers     cached
Mem:          992M       925M        66M         0B       840K        18M
-/+ buffers/cache:       906M        86M
Swap:         8.0G       461M       7.5G

             total       used       free     shared    buffers     cached
Mem:          992M       928M        64M         0B       840K        18M
-/+ buffers/cache:       908M        83M
Swap:         8.0G       460M       7.5G

             total       used       free     shared    buffers     cached
Mem:          992M       930M        61M         0B       840K        18M
-/+ buffers/cache:       910M        81M
Swap:         8.0G       459M       7.5G

             total       used       free     shared    buffers     cached
Mem:          992M       918M        73M         0B       852K        18M
-/+ buffers/cache:       898M        93M
Swap:         8.0G       458M       7.5G

             total       used       free     shared    buffers     cached
Mem:          992M       920M        71M         0B       852K        18M
-/+ buffers/cache:       901M        90M
Swap:         8.0G       457M       7.6G

             total       used       free     shared    buffers     cached
Mem:          992M       923M        69M         0B       852K        18M
-/+ buffers/cache:       903M        88M
Swap:         8.0G       456M       7.6G

             total       used       free     shared    buffers     cached
Mem:          992M       925M        66M         0B       852K        18M
-/+ buffers/cache:       905M        86M
Swap:         8.0G       455M       7.6G

             total       used       free     shared    buffers     cached
Mem:          992M       929M        63M         0B       852K        19M
-/+ buffers/cache:       908M        83M
Swap:         8.0G       454M       7.6G

             total       used       free     shared    buffers     cached
Mem:          992M       930M        61M         0B       860K        19M
-/+ buffers/cache:       909M        82M
Swap:         8.0G       453M       7.6G

             total       used       free     shared    buffers     cached
Mem:          992M       918M        73M         0B       1.1M        19M
-/+ buffers/cache:       897M        94M
Swap:         8.0G       474M       7.5G

             total       used       free     shared    buffers     cached
Mem:          992M       930M        61M         0B       1.3M        26M
-/+ buffers/cache:       903M        89M
Swap:         8.0G       472M       7.5G

             total       used       free     shared    buffers     cached
Mem:          992M       919M        72M        16K       1.2M        29M
-/+ buffers/cache:       889M       103M
Swap:         8.0G       483M       7.5G

             total       used       free     shared    buffers     cached
Mem:          992M       920M        71M        16K       1.2M        29M
-/+ buffers/cache:       890M       101M
Swap:         8.0G       483M       7.5G

             total       used       free     shared    buffers     cached
Mem:          992M       921M        70M        16K       1.2M        29M
-/+ buffers/cache:       891M       101M
Swap:         8.0G       482M       7.5G

             total       used       free     shared    buffers     cached
Mem:          992M       922M        69M        16K       1.2M        29M
-/+ buffers/cache:       892M        99M
Swap:         8.0G       482M       7.5G

             total       used       free     shared    buffers     cached
Mem:          992M       924M        68M        16K       1.2M        29M
-/+ buffers/cache:       893M        98M
Swap:         8.0G       481M       7.5G

             total       used       free     shared    buffers     cached
Mem:          992M       925M        66M        16K       1.2M        29M
-/+ buffers/cache:       895M        97M
Swap:         8.0G       481M       7.5G

             total       used       free     shared    buffers     cached
Mem:          992M       926M        65M        16K       1.2M        29M
-/+ buffers/cache:       896M        96M
Swap:         8.0G       480M       7.5G

             total       used       free     shared    buffers     cached
Mem:          992M       929M        62M        16K       1.2M        29M
-/+ buffers/cache:       898M        93M
Swap:         8.0G       479M       7.5G

             total       used       free     shared    buffers     cached
Mem:          992M       930M        61M        16K       1.3M        29M
-/+ buffers/cache:       899M        92M
Swap:         8.0G       478M       7.5G

             total       used       free     shared    buffers     cached
Mem:          992M       905M        86M        16K       432K        23M
-/+ buffers/cache:       881M       110M
Swap:         8.0G       510M       7.5G

             total       used       free     shared    buffers     cached
Mem:          992M       907M        85M        16K       432K        23M
-/+ buffers/cache:       882M       109M
Swap:         8.0G       509M       7.5G

             total       used       free     shared    buffers     cached
Mem:          992M       908M        83M        16K       432K        23M
-/+ buffers/cache:       884M       107M
Swap:         8.0G       508M       7.5G

             total       used       free     shared    buffers     cached
Mem:          992M       910M        82M        16K       436K        23M
-/+ buffers/cache:       885M       106M
Swap:         8.0G       508M       7.5G

             total       used       free     shared    buffers     cached
Mem:          992M       911M        80M        16K       436K        23M
-/+ buffers/cache:       887M       105M
Swap:         8.0G       507M       7.5G

             total       used       free     shared    buffers     cached
Mem:          992M       912M        79M        16K       448K        23M
-/+ buffers/cache:       888M       104M
Swap:         8.0G       506M       7.5G

             total       used       free     shared    buffers     cached
Mem:          992M       913M        78M        16K       448K        23M
-/+ buffers/cache:       889M       102M
Swap:         8.0G       506M       7.5G

             total       used       free     shared    buffers     cached
Mem:          992M       915M        77M        16K       448K        23M
-/+ buffers/cache:       890M       101M
Swap:         8.0G       505M       7.5G

             total       used       free     shared    buffers     cached
Mem:          992M       916M        75M        16K       448K        23M
-/+ buffers/cache:       891M       100M
Swap:         8.0G       504M       7.5G

             total       used       free     shared    buffers     cached
Mem:          992M       917M        74M        16K       448K        23M
-/+ buffers/cache:       893M        98M
Swap:         8.0G       504M       7.5G

             total       used       free     shared    buffers     cached
Mem:          992M       919M        73M        16K       456K        23M
-/+ buffers/cache:       894M        97M
Swap:         8.0G       503M       7.5G

             total       used       free     shared    buffers     cached
Mem:          992M       920M        71M        16K       456K        23M
-/+ buffers/cache:       896M        95M
Swap:         8.0G       502M       7.5G

             total       used       free     shared    buffers     cached
Mem:          992M       922M        70M        16K       456K        23M
-/+ buffers/cache:       897M        94M
Swap:         8.0G       502M       7.5G

             total       used       free     shared    buffers     cached
Mem:          992M       923M        68M        16K       456K        23M
-/+ buffers/cache:       898M        93M
Swap:         8.0G       501M       7.5G

             total       used       free     shared    buffers     cached
Mem:          992M       924M        67M        16K       456K        23M
-/+ buffers/cache:       900M        92M
Swap:         8.0G       500M       7.5G

             total       used       free     shared    buffers     cached
Mem:          992M       926M        65M        16K       456K        23M
-/+ buffers/cache:       901M        90M
Swap:         8.0G       500M       7.5G

             total       used       free     shared    buffers     cached
Mem:          992M       927M        64M        16K       464K        23M
-/+ buffers/cache:       903M        88M
Swap:         8.0G       499M       7.5G

             total       used       free     shared    buffers     cached
Mem:          992M       929M        62M        16K       464K        23M
-/+ buffers/cache:       904M        87M
Swap:         8.0G       498M       7.5G

             total       used       free     shared    buffers     cached
Mem:          992M       930M        61M        16K       464K        23M
-/+ buffers/cache:       906M        85M
Swap:         8.0G       497M       7.5G

             total       used       free     shared    buffers     cached
Mem:          992M       916M        75M        16K       464K        23M
-/+ buffers/cache:       892M        99M
Swap:         8.0G       497M       7.5G

             total       used       free     shared    buffers     cached
Mem:          992M       918M        74M        16K       464K        23M
-/+ buffers/cache:       893M        98M
Swap:         8.0G       496M       7.5G

             total       used       free     shared    buffers     cached
Mem:          992M       919M        72M        16K       472K        23M
-/+ buffers/cache:       895M        97M
Swap:         8.0G       495M       7.5G

             total       used       free     shared    buffers     cached
Mem:          992M       920M        71M        16K       472K        23M
-/+ buffers/cache:       896M        95M
Swap:         8.0G       495M       7.5G

             total       used       free     shared    buffers     cached
Mem:          992M       922M        70M        16K       472K        23M
-/+ buffers/cache:       897M        94M
Swap:         8.0G       494M       7.5G

             total       used       free     shared    buffers     cached
Mem:          992M       923M        68M        16K       472K        23M
-/+ buffers/cache:       899M        92M
Swap:         8.0G       493M       7.5G

             total       used       free     shared    buffers     cached
Mem:          992M       924M        67M        16K       472K        23M
-/+ buffers/cache:       900M        91M
Swap:         8.0G       492M       7.5G

             total       used       free     shared    buffers     cached
Mem:          992M       926M        66M        16K       472K        23M
-/+ buffers/cache:       902M        90M
Swap:         8.0G       492M       7.5G

             total       used       free     shared    buffers     cached
Mem:          992M       927M        64M        16K       480K        23M
-/+ buffers/cache:       903M        88M
Swap:         8.0G       491M       7.5G

             total       used       free     shared    buffers     cached
Mem:          992M       919M        72M        16K       884K        30M
-/+ buffers/cache:       888M       103M
Swap:         8.0G       506M       7.5G

             total       used       free     shared    buffers     cached
Mem:          992M       920M        71M        16K       888K        30M
-/+ buffers/cache:       889M       102M
Swap:         8.0G       505M       7.5G

             total       used       free     shared    buffers     cached
Mem:          992M       926M        65M        16K       2.2M        32M
-/+ buffers/cache:       891M       100M
Swap:         8.0G       504M       7.5G

             total       used       free     shared    buffers     cached
Mem:          992M       928M        64M        20K       2.2M        32M
-/+ buffers/cache:       892M        99M
Swap:         8.0G       503M       7.5G

             total       used       free     shared    buffers     cached
Mem:          992M       929M        62M        20K       2.2M        32M
-/+ buffers/cache:       894M        97M
Swap:         8.0G       502M       7.5G

             total       used       free     shared    buffers     cached
Mem:          992M       930M        61M        20K       2.2M        32M
-/+ buffers/cache:       895M        96M
Swap:         8.0G       502M       7.5G

             total       used       free     shared    buffers     cached
Mem:          992M       911M        81M        20K       1.9M        29M
-/+ buffers/cache:       879M       112M
Swap:         8.0G       519M       7.5G

             total       used       free     shared    buffers     cached
Mem:          992M       912M        79M        20K       1.9M        29M
-/+ buffers/cache:       880M       111M
Swap:         8.0G       518M       7.5G

             total       used       free     shared    buffers     cached
Mem:          992M       913M        78M        20K       1.9M        29M
-/+ buffers/cache:       881M       110M
Swap:         8.0G       517M       7.5G

             total       used       free     shared    buffers     cached
Mem:          992M       915M        77M        20K       1.9M        29M
-/+ buffers/cache:       883M       108M
Swap:         8.0G       517M       7.5G

             total       used       free     shared    buffers     cached
Mem:          992M       916M        75M        20K       1.9M        29M
-/+ buffers/cache:       884M       107M
Swap:         8.0G       516M       7.5G

             total       used       free     shared    buffers     cached
Mem:          992M       917M        74M        20K       1.9M        29M
-/+ buffers/cache:       885M       106M
Swap:         8.0G       515M       7.5G

             total       used       free     shared    buffers     cached
Mem:          992M       919M        72M        20K       1.9M        29M
-/+ buffers/cache:       887M       104M
Swap:         8.0G       514M       7.5G

             total       used       free     shared    buffers     cached
Mem:          992M       920M        71M        20K       1.9M        29M
-/+ buffers/cache:       889M       103M
Swap:         8.0G       514M       7.5G

             total       used       free     shared    buffers     cached
Mem:          992M       922M        70M        20K       1.9M        29M
-/+ buffers/cache:       890M       101M
Swap:         8.0G       513M       7.5G

             total       used       free     shared    buffers     cached
Mem:          992M       923M        68M        20K       1.9M        29M
-/+ buffers/cache:       891M       100M
Swap:         8.0G       512M       7.5G

             total       used       free     shared    buffers     cached
Mem:          992M       924M        67M        20K       1.9M        29M
-/+ buffers/cache:       893M        99M
Swap:         8.0G       512M       7.5G

             total       used       free     shared    buffers     cached
Mem:          992M       926M        66M        20K       1.9M        29M
-/+ buffers/cache:       894M        97M
Swap:         8.0G       511M       7.5G

             total       used       free     shared    buffers     cached
Mem:          992M       927M        64M        20K       1.9M        29M
-/+ buffers/cache:       895M        96M
Swap:         8.0G       510M       7.5G

             total       used       free     shared    buffers     cached
Mem:          992M       928M        63M        20K       1.9M        29M
-/+ buffers/cache:       897M        95M
Swap:         8.0G       510M       7.5G

             total       used       free     shared    buffers     cached
Mem:          992M       930M        62M        20K       1.9M        29M
-/+ buffers/cache:       898M        93M
Swap:         8.0G       509M       7.5G

             total       used       free     shared    buffers     cached
Mem:          992M       917M        75M        20K       1.9M        28M
-/+ buffers/cache:       886M       105M
Swap:         8.0G       521M       7.5G

             total       used       free     shared    buffers     cached
Mem:          992M       917M        74M        20K       1.9M        28M
-/+ buffers/cache:       887M       104M
Swap:         8.0G       520M       7.5G

             total       used       free     shared    buffers     cached
Mem:          992M       919M        72M        20K       1.9M        28M
-/+ buffers/cache:       888M       103M
Swap:         8.0G       520M       7.5G

             total       used       free     shared    buffers     cached
Mem:          992M       920M        71M        20K       1.9M        28M
-/+ buffers/cache:       890M       101M
Swap:         8.0G       519M       7.5G

             total       used       free     shared    buffers     cached
Mem:          992M       922M        69M        20K       1.9M        28M
-/+ buffers/cache:       891M       100M
Swap:         8.0G       519M       7.5G

             total       used       free     shared    buffers     cached
Mem:          992M       923M        68M        20K       1.9M        28M
-/+ buffers/cache:       893M        99M
Swap:         8.0G       518M       7.5G

             total       used       free     shared    buffers     cached
Mem:          992M       925M        66M        20K       1.9M        29M
-/+ buffers/cache:       894M        97M
Swap:         8.0G       517M       7.5G

             total       used       free     shared    buffers     cached
Mem:          992M       928M        63M        20K       1.9M        29M
-/+ buffers/cache:       896M        95M
Swap:         8.0G       517M       7.5G

             total       used       free     shared    buffers     cached
Mem:          992M       929M        62M        24K       1.9M        29M
-/+ buffers/cache:       897M        94M
Swap:         8.0G       516M       7.5G

             total       used       free     shared    buffers     cached
Mem:          992M       919M        73M        24K       1.9M        29M
-/+ buffers/cache:       887M       104M
Swap:         8.0G       523M       7.5G

             total       used       free     shared    buffers     cached
Mem:          992M       920M        71M        24K       1.9M        29M
-/+ buffers/cache:       889M       103M
Swap:         8.0G       522M       7.5G

             total       used       free     shared    buffers     cached
Mem:          992M       928M        63M        24K       1.9M        32M
-/+ buffers/cache:       894M        97M
Swap:         8.0G       519M       7.5G

             total       used       free     shared    buffers     cached
Mem:          992M       929M        62M        24K       1.9M        32M
-/+ buffers/cache:       895M        96M
Swap:         8.0G       519M       7.5G

             total       used       free     shared    buffers     cached
Mem:          992M       930M        61M        24K       1.9M        32M
-/+ buffers/cache:       896M        95M
Swap:         8.0G       519M       7.5G

             total       used       free     shared    buffers     cached
Mem:          992M       931M        61M        24K       1.9M        32M
-/+ buffers/cache:       897M        95M
Swap:         8.0G       518M       7.5G

             total       used       free     shared    buffers     cached
Mem:          992M       917M        74M        24K       1.9M        28M
-/+ buffers/cache:       887M       105M
Swap:         8.0G       536M       7.5G

             total       used       free     shared    buffers     cached
Mem:          992M       918M        73M        24K       1.9M        28M
-/+ buffers/cache:       887M       104M
Swap:         8.0G       535M       7.5G

             total       used       free     shared    buffers     cached
Mem:          992M       919M        72M        24K       1.9M        28M
-/+ buffers/cache:       888M       103M
Swap:         8.0G       535M       7.5G

             total       used       free     shared    buffers     cached
Mem:          992M       920M        72M        24K       1.9M        28M
-/+ buffers/cache:       889M       102M
Swap:         8.0G       535M       7.5G

             total       used       free     shared    buffers     cached
Mem:          992M       920M        71M        24K       1.9M        28M
-/+ buffers/cache:       890M       101M
Swap:         8.0G       534M       7.5G

             total       used       free     shared    buffers     cached
Mem:          992M       921M        70M        24K       1.9M        28M
-/+ buffers/cache:       890M       101M
Swap:         8.0G       534M       7.5G

             total       used       free     shared    buffers     cached
Mem:          992M       922M        69M        24K       1.9M        29M
-/+ buffers/cache:       891M       100M
Swap:         8.0G       534M       7.5G

             total       used       free     shared    buffers     cached
Mem:          992M       928M        63M       196K       2.3M        48M
-/+ buffers/cache:       878M       113M
Swap:         8.0G       551M       7.5G

             total       used       free     shared    buffers     cached
Mem:          992M       925M        66M       3.9M       4.8M        69M
-/+ buffers/cache:       850M       141M
Swap:         8.0G       576M       7.4G

             total       used       free     shared    buffers     cached
Mem:          992M       921M        70M       228K       4.9M        63M
-/+ buffers/cache:       853M       138M
Swap:         8.0G       573M       7.4G

             total       used       free     shared    buffers     cached
Mem:          992M       923M        68M       220K       4.9M        63M
-/+ buffers/cache:       855M       136M
Swap:         8.0G       572M       7.4G

             total       used       free     shared    buffers     cached
Mem:          992M       925M        66M       220K       4.9M        63M
-/+ buffers/cache:       857M       134M
Swap:         8.0G       572M       7.4G

             total       used       free     shared    buffers     cached
Mem:          992M       925M        66M       220K       4.9M        63M
-/+ buffers/cache:       857M       134M
Swap:         8.0G       571M       7.4G

             total       used       free     shared    buffers     cached
Mem:          992M       927M        65M       220K       4.9M        63M
-/+ buffers/cache:       859M       133M
Swap:         8.0G       571M       7.4G

             total       used       free     shared    buffers     cached
Mem:          992M       928M        63M       220K       4.9M        63M
-/+ buffers/cache:       860M       131M
Swap:         8.0G       570M       7.4G

             total       used       free     shared    buffers     cached
Mem:          992M       931M        61M       220K       5.0M        63M
-/+ buffers/cache:       862M       130M
Swap:         8.0G       570M       7.4G

             total       used       free     shared    buffers     cached
Mem:          992M       914M        78M       220K       4.4M        58M
-/+ buffers/cache:       850M       141M
Swap:         8.0G       595M       7.4G

             total       used       free     shared    buffers     cached
Mem:          992M       915M        76M       220K       4.4M        58M
-/+ buffers/cache:       852M       140M
Swap:         8.0G       594M       7.4G

             total       used       free     shared    buffers     cached
Mem:          992M       917M        75M       220K       4.4M        58M
-/+ buffers/cache:       853M       138M
Swap:         8.0G       594M       7.4G

             total       used       free     shared    buffers     cached
Mem:          992M       918M        74M       220K       4.4M        58M
-/+ buffers/cache:       854M       137M
Swap:         8.0G       593M       7.4G

             total       used       free     shared    buffers     cached
Mem:          992M       919M        72M       220K       4.4M        58M
-/+ buffers/cache:       856M       136M
Swap:         8.0G       592M       7.4G

             total       used       free     shared    buffers     cached
Mem:          992M       921M        70M       220K       4.4M        59M
-/+ buffers/cache:       857M       134M
Swap:         8.0G       592M       7.4G

             total       used       free     shared    buffers     cached
Mem:          992M       922M        69M       220K       4.4M        59M
-/+ buffers/cache:       859M       133M
Swap:         8.0G       591M       7.4G

             total       used       free     shared    buffers     cached
Mem:          992M       924M        68M       220K       4.4M        59M
-/+ buffers/cache:       860M       131M
Swap:         8.0G       590M       7.4G

             total       used       free     shared    buffers     cached
Mem:          992M       925M        66M       220K       4.4M        59M
-/+ buffers/cache:       861M       130M
Swap:         8.0G       590M       7.4G

             total       used       free     shared    buffers     cached
Mem:          992M       927M        64M       220K       4.4M        59M
-/+ buffers/cache:       863M       129M
Swap:         8.0G       589M       7.4G

             total       used       free     shared    buffers     cached
Mem:          992M       928M        63M       220K       4.4M        59M
-/+ buffers/cache:       864M       127M
Swap:         8.0G       589M       7.4G

             total       used       free     shared    buffers     cached
Mem:          992M       929M        62M       220K       4.4M        59M
-/+ buffers/cache:       865M       126M
Swap:         8.0G       588M       7.4G

             total       used       free     shared    buffers     cached
Mem:          992M       917M        74M       220K       4.4M        59M
-/+ buffers/cache:       854M       138M
Swap:         8.0G       588M       7.4G

             total       used       free     shared    buffers     cached
Mem:          992M       918M        73M       220K       4.4M        59M
-/+ buffers/cache:       854M       137M
Swap:         8.0G       588M       7.4G

             total       used       free     shared    buffers     cached
Mem:          992M       919M        72M       220K       4.4M        59M
-/+ buffers/cache:       856M       136M
Swap:         8.0G       588M       7.4G

             total       used       free     shared    buffers     cached
Mem:          992M       921M        70M       220K       4.4M        59M
-/+ buffers/cache:       857M       134M
Swap:         8.0G       587M       7.4G

             total       used       free     shared    buffers     cached
Mem:          992M       922M        69M       220K       4.4M        59M
-/+ buffers/cache:       858M       133M
Swap:         8.0G       586M       7.4G

             total       used       free     shared    buffers     cached
Mem:          992M       924M        67M       220K       4.4M        59M
-/+ buffers/cache:       860M       131M
Swap:         8.0G       586M       7.4G

             total       used       free     shared    buffers     cached
Mem:          992M       925M        66M       220K       4.4M        59M
-/+ buffers/cache:       861M       130M
Swap:         8.0G       585M       7.4G

             total       used       free     shared    buffers     cached
Mem:          992M       927M        65M       220K       4.4M        59M
-/+ buffers/cache:       863M       129M
Swap:         8.0G       584M       7.4G

             total       used       free     shared    buffers     cached
Mem:          992M       928M        64M       220K       4.4M        59M
-/+ buffers/cache:       864M       127M
Swap:         8.0G       584M       7.4G

             total       used       free     shared    buffers     cached
Mem:          992M       929M        62M       220K       4.4M        59M
-/+ buffers/cache:       865M       126M
Swap:         8.0G       583M       7.4G

             total       used       free     shared    buffers     cached
Mem:          992M       930M        61M       220K       4.4M        59M
-/+ buffers/cache:       867M       125M
Swap:         8.0G       583M       7.4G

             total       used       free     shared    buffers     cached
Mem:          992M       909M        82M       220K       4.4M        58M
-/+ buffers/cache:       846M       145M
Swap:         8.0G       604M       7.4G

             total       used       free     shared    buffers     cached
Mem:          992M       910M        81M       216K       4.4M        58M
-/+ buffers/cache:       848M       143M
Swap:         8.0G       603M       7.4G

             total       used       free     shared    buffers     cached
Mem:          992M       912M        79M       216K       4.4M        58M
-/+ buffers/cache:       849M       142M
Swap:         8.0G       602M       7.4G

             total       used       free     shared    buffers     cached
Mem:          992M       913M        78M       216K       4.4M        58M
-/+ buffers/cache:       850M       141M
Swap:         8.0G       602M       7.4G

             total       used       free     shared    buffers     cached
Mem:          992M       925M        66M       268K       7.7M        71M
-/+ buffers/cache:       846M       145M
Swap:         8.0G       605M       7.4G

             total       used       free     shared    buffers     cached
Mem:          992M       926M        65M       256K       8.1M        73M
-/+ buffers/cache:       845M       147M
Swap:         8.0G       604M       7.4G
