             total       used       free     shared    buffers     cached
Mem:          2.0G       662M       1.3G       3.2M        38M       289M
-/+ buffers/cache:       335M       1.6G
Swap:         8.0G         0B       8.0G

             total       used       free     shared    buffers     cached
Mem:          2.0G       662M       1.3G       1.4M        38M       287M
-/+ buffers/cache:       335M       1.6G
Swap:         8.0G         0B       8.0G

             total       used       free     shared    buffers     cached
Mem:          2.0G       661M       1.3G       1.4M        38M       287M
-/+ buffers/cache:       335M       1.6G
Swap:         8.0G         0B       8.0G

             total       used       free     shared    buffers     cached
Mem:          2.0G       661M       1.3G       1.4M        38M       287M
-/+ buffers/cache:       335M       1.6G
Swap:         8.0G         0B       8.0G

             total       used       free     shared    buffers     cached
Mem:          2.0G       661M       1.3G       1.4M        38M       287M
-/+ buffers/cache:       335M       1.6G
Swap:         8.0G         0B       8.0G

             total       used       free     shared    buffers     cached
Mem:          2.0G       661M       1.3G       1.4M        38M       287M
-/+ buffers/cache:       335M       1.6G
Swap:         8.0G         0B       8.0G

             total       used       free     shared    buffers     cached
Mem:          2.0G       661M       1.3G       1.4M        38M       287M
-/+ buffers/cache:       335M       1.6G
Swap:         8.0G         0B       8.0G

             total       used       free     shared    buffers     cached
Mem:          2.0G       661M       1.3G       1.4M        38M       287M
-/+ buffers/cache:       334M       1.6G
Swap:         8.0G         0B       8.0G

             total       used       free     shared    buffers     cached
Mem:          2.0G       661M       1.3G       1.4M        38M       288M
-/+ buffers/cache:       334M       1.6G
Swap:         8.0G         0B       8.0G

             total       used       free     shared    buffers     cached
Mem:          2.0G       662M       1.3G       1.4M        38M       288M
-/+ buffers/cache:       335M       1.6G
Swap:         8.0G         0B       8.0G

             total       used       free     shared    buffers     cached
Mem:          2.0G       667M       1.3G       1.4M        38M       288M
-/+ buffers/cache:       340M       1.6G
Swap:         8.0G         0B       8.0G

             total       used       free     shared    buffers     cached
Mem:          2.0G       685M       1.3G       1.4M        38M       288M
-/+ buffers/cache:       358M       1.6G
Swap:         8.0G         0B       8.0G

             total       used       free     shared    buffers     cached
Mem:          2.0G       670M       1.3G       1.4M        38M       289M
-/+ buffers/cache:       342M       1.6G
Swap:         8.0G         0B       8.0G

             total       used       free     shared    buffers     cached
Mem:          2.0G       672M       1.3G       1.4M        38M       289M
-/+ buffers/cache:       344M       1.6G
Swap:         8.0G         0B       8.0G

             total       used       free     shared    buffers     cached
Mem:          2.0G       670M       1.3G       1.4M        38M       289M
-/+ buffers/cache:       342M       1.6G
Swap:         8.0G         0B       8.0G

             total       used       free     shared    buffers     cached
Mem:          2.0G       670M       1.3G       1.4M        38M       289M
-/+ buffers/cache:       342M       1.6G
Swap:         8.0G         0B       8.0G

             total       used       free     shared    buffers     cached
Mem:          2.0G       670M       1.3G       1.4M        38M       289M
-/+ buffers/cache:       342M       1.6G
Swap:         8.0G         0B       8.0G

             total       used       free     shared    buffers     cached
Mem:          2.0G       670M       1.3G       1.4M        38M       289M
-/+ buffers/cache:       342M       1.6G
Swap:         8.0G         0B       8.0G

             total       used       free     shared    buffers     cached
Mem:          2.0G       670M       1.3G       1.4M        38M       289M
-/+ buffers/cache:       342M       1.6G
Swap:         8.0G         0B       8.0G

             total       used       free     shared    buffers     cached
Mem:          2.0G       670M       1.3G       1.4M        38M       289M
-/+ buffers/cache:       342M       1.6G
Swap:         8.0G         0B       8.0G

             total       used       free     shared    buffers     cached
Mem:          2.0G       670M       1.3G       1.4M        38M       289M
-/+ buffers/cache:       342M       1.6G
Swap:         8.0G         0B       8.0G

             total       used       free     shared    buffers     cached
Mem:          2.0G       671M       1.3G       1.4M        38M       289M
-/+ buffers/cache:       342M       1.6G
Swap:         8.0G         0B       8.0G

             total       used       free     shared    buffers     cached
Mem:          2.0G       671M       1.3G       1.4M        38M       289M
-/+ buffers/cache:       342M       1.6G
Swap:         8.0G         0B       8.0G

             total       used       free     shared    buffers     cached
Mem:          2.0G       671M       1.3G       1.4M        38M       289M
-/+ buffers/cache:       342M       1.6G
Swap:         8.0G         0B       8.0G

             total       used       free     shared    buffers     cached
Mem:          2.0G       671M       1.3G       1.4M        38M       289M
-/+ buffers/cache:       342M       1.6G
Swap:         8.0G         0B       8.0G

             total       used       free     shared    buffers     cached
Mem:          2.0G       671M       1.3G       1.4M        38M       289M
-/+ buffers/cache:       342M       1.6G
Swap:         8.0G         0B       8.0G

             total       used       free     shared    buffers     cached
Mem:          2.0G       671M       1.3G       1.4M        38M       289M
-/+ buffers/cache:       342M       1.6G
Swap:         8.0G         0B       8.0G

             total       used       free     shared    buffers     cached
Mem:          2.0G       671M       1.3G       1.4M        38M       289M
-/+ buffers/cache:       342M       1.6G
Swap:         8.0G         0B       8.0G

             total       used       free     shared    buffers     cached
Mem:          2.0G       671M       1.3G       1.4M        38M       289M
-/+ buffers/cache:       342M       1.6G
Swap:         8.0G         0B       8.0G

             total       used       free     shared    buffers     cached
Mem:          2.0G       671M       1.3G       1.4M        38M       289M
-/+ buffers/cache:       342M       1.6G
Swap:         8.0G         0B       8.0G

             total       used       free     shared    buffers     cached
Mem:          2.0G       671M       1.3G       1.4M        38M       289M
-/+ buffers/cache:       342M       1.6G
Swap:         8.0G         0B       8.0G

             total       used       free     shared    buffers     cached
Mem:          2.0G       671M       1.3G       1.4M        38M       289M
-/+ buffers/cache:       342M       1.6G
Swap:         8.0G         0B       8.0G

             total       used       free     shared    buffers     cached
Mem:          2.0G       671M       1.3G       1.4M        38M       289M
-/+ buffers/cache:       342M       1.6G
Swap:         8.0G         0B       8.0G

             total       used       free     shared    buffers     cached
Mem:          2.0G       678M       1.3G       1.4M        38M       289M
-/+ buffers/cache:       349M       1.6G
Swap:         8.0G         0B       8.0G

             total       used       free     shared    buffers     cached
Mem:          2.0G       694M       1.3G       1.4M        38M       289M
-/+ buffers/cache:       365M       1.6G
Swap:         8.0G         0B       8.0G

             total       used       free     shared    buffers     cached
Mem:          2.0G       708M       1.3G       1.4M        38M       289M
-/+ buffers/cache:       379M       1.6G
Swap:         8.0G         0B       8.0G

             total       used       free     shared    buffers     cached
Mem:          2.0G       725M       1.2G       1.4M        38M       289M
-/+ buffers/cache:       396M       1.6G
Swap:         8.0G         0B       8.0G

             total       used       free     shared    buffers     cached
Mem:          2.0G       740M       1.2G       1.4M        38M       289M
-/+ buffers/cache:       411M       1.6G
Swap:         8.0G         0B       8.0G

             total       used       free     shared    buffers     cached
Mem:          2.0G       754M       1.2G       1.4M        38M       289M
-/+ buffers/cache:       425M       1.5G
Swap:         8.0G         0B       8.0G

             total       used       free     shared    buffers     cached
Mem:          2.0G       769M       1.2G       1.4M        38M       289M
-/+ buffers/cache:       441M       1.5G
Swap:         8.0G         0B       8.0G

             total       used       free     shared    buffers     cached
Mem:          2.0G       784M       1.2G       1.4M        38M       289M
-/+ buffers/cache:       456M       1.5G
Swap:         8.0G         0B       8.0G

             total       used       free     shared    buffers     cached
Mem:          2.0G       803M       1.2G       1.4M        38M       289M
-/+ buffers/cache:       474M       1.5G
Swap:         8.0G         0B       8.0G

             total       used       free     shared    buffers     cached
Mem:          2.0G       820M       1.2G       1.4M        38M       289M
-/+ buffers/cache:       492M       1.5G
Swap:         8.0G         0B       8.0G

             total       used       free     shared    buffers     cached
Mem:          2.0G       842M       1.1G       1.4M        38M       289M
-/+ buffers/cache:       513M       1.5G
Swap:         8.0G         0B       8.0G

             total       used       free     shared    buffers     cached
Mem:          2.0G       861M       1.1G       1.4M        38M       289M
-/+ buffers/cache:       532M       1.4G
Swap:         8.0G         0B       8.0G

             total       used       free     shared    buffers     cached
Mem:          2.0G       877M       1.1G       1.4M        38M       289M
-/+ buffers/cache:       548M       1.4G
Swap:         8.0G         0B       8.0G

             total       used       free     shared    buffers     cached
Mem:          2.0G       894M       1.1G       1.4M        38M       289M
-/+ buffers/cache:       565M       1.4G
Swap:         8.0G         0B       8.0G

             total       used       free     shared    buffers     cached
Mem:          2.0G       909M       1.1G       1.4M        38M       289M
-/+ buffers/cache:       580M       1.4G
Swap:         8.0G         0B       8.0G

             total       used       free     shared    buffers     cached
Mem:          2.0G       928M       1.0G       1.4M        38M       289M
-/+ buffers/cache:       599M       1.4G
Swap:         8.0G         0B       8.0G

             total       used       free     shared    buffers     cached
Mem:          2.0G       947M       1.0G       1.4M        38M       289M
-/+ buffers/cache:       618M       1.3G
Swap:         8.0G         0B       8.0G

             total       used       free     shared    buffers     cached
Mem:          2.0G       965M       1.0G       1.4M        38M       289M
-/+ buffers/cache:       636M       1.3G
Swap:         8.0G         0B       8.0G

             total       used       free     shared    buffers     cached
Mem:          2.0G       984M       1.0G       1.4M        38M       289M
-/+ buffers/cache:       655M       1.3G
Swap:         8.0G         0B       8.0G

             total       used       free     shared    buffers     cached
Mem:          2.0G       1.0G       996M       1.4M        38M       289M
-/+ buffers/cache:       674M       1.3G
Swap:         8.0G         0B       8.0G

             total       used       free     shared    buffers     cached
Mem:          2.0G       1.0G       979M       1.4M        38M       289M
-/+ buffers/cache:       691M       1.3G
Swap:         8.0G         0B       8.0G

             total       used       free     shared    buffers     cached
Mem:          2.0G       1.0G       963M       1.4M        38M       289M
-/+ buffers/cache:       707M       1.3G
Swap:         8.0G         0B       8.0G

             total       used       free     shared    buffers     cached
Mem:          2.0G       1.0G       948M       1.4M        38M       289M
-/+ buffers/cache:       723M       1.2G
Swap:         8.0G         0B       8.0G

             total       used       free     shared    buffers     cached
Mem:          2.0G       1.0G       931M       1.4M        38M       289M
-/+ buffers/cache:       739M       1.2G
Swap:         8.0G         0B       8.0G

             total       used       free     shared    buffers     cached
Mem:          2.0G       1.1G       915M       1.4M        38M       289M
-/+ buffers/cache:       755M       1.2G
Swap:         8.0G         0B       8.0G

             total       used       free     shared    buffers     cached
Mem:          2.0G       1.1G       898M       1.4M        38M       289M
-/+ buffers/cache:       773M       1.2G
Swap:         8.0G         0B       8.0G

             total       used       free     shared    buffers     cached
Mem:          2.0G       1.1G       880M       1.4M        38M       289M
-/+ buffers/cache:       791M       1.2G
Swap:         8.0G         0B       8.0G

             total       used       free     shared    buffers     cached
Mem:          2.0G       1.1G       867M       1.4M        38M       289M
-/+ buffers/cache:       803M       1.2G
Swap:         8.0G         0B       8.0G

             total       used       free     shared    buffers     cached
Mem:          2.0G       1.1G       849M       1.4M        38M       289M
-/+ buffers/cache:       822M       1.2G
Swap:         8.0G         0B       8.0G

             total       used       free     shared    buffers     cached
Mem:          2.0G       1.1G       831M       1.4M        38M       289M
-/+ buffers/cache:       840M       1.1G
Swap:         8.0G         0B       8.0G

             total       used       free     shared    buffers     cached
Mem:          2.0G       1.2G       814M       1.4M        38M       289M
-/+ buffers/cache:       857M       1.1G
Swap:         8.0G         0B       8.0G

             total       used       free     shared    buffers     cached
Mem:          2.0G       1.2G       797M       1.4M        38M       289M
-/+ buffers/cache:       874M       1.1G
Swap:         8.0G         0B       8.0G

             total       used       free     shared    buffers     cached
Mem:          2.0G       1.2G       781M       1.4M        38M       289M
-/+ buffers/cache:       890M       1.1G
Swap:         8.0G         0B       8.0G

             total       used       free     shared    buffers     cached
Mem:          2.0G       1.2G       765M       1.4M        38M       289M
-/+ buffers/cache:       906M       1.1G
Swap:         8.0G         0B       8.0G

             total       used       free     shared    buffers     cached
Mem:          2.0G       1.2G       750M       1.4M        38M       289M
-/+ buffers/cache:       921M       1.1G
Swap:         8.0G         0B       8.0G

             total       used       free     shared    buffers     cached
Mem:          2.0G       1.2G       733M       1.4M        38M       289M
-/+ buffers/cache:       938M       1.0G
Swap:         8.0G         0B       8.0G

             total       used       free     shared    buffers     cached
Mem:          2.0G       1.3G       715M       1.4M        38M       289M
-/+ buffers/cache:       955M       1.0G
Swap:         8.0G         0B       8.0G

             total       used       free     shared    buffers     cached
Mem:          2.0G       1.3G       697M       1.4M        38M       290M
-/+ buffers/cache:       973M       1.0G
Swap:         8.0G         0B       8.0G

             total       used       free     shared    buffers     cached
Mem:          2.0G       1.3G       679M       1.4M        38M       290M
-/+ buffers/cache:       991M       1.0G
Swap:         8.0G         0B       8.0G

             total       used       free     shared    buffers     cached
Mem:          2.0G       1.3G       662M       1.4M        38M       290M
-/+ buffers/cache:       1.0G       991M
Swap:         8.0G         0B       8.0G

             total       used       free     shared    buffers     cached
Mem:          2.0G       1.3G       647M       1.4M        38M       290M
-/+ buffers/cache:       1.0G       976M
Swap:         8.0G         0B       8.0G

             total       used       free     shared    buffers     cached
Mem:          2.0G       1.3G       630M       1.4M        38M       290M
-/+ buffers/cache:       1.0G       959M
Swap:         8.0G         0B       8.0G

             total       used       free     shared    buffers     cached
Mem:          2.0G       1.4G       616M       1.4M        38M       290M
-/+ buffers/cache:       1.0G       945M
Swap:         8.0G         0B       8.0G

             total       used       free     shared    buffers     cached
Mem:          2.0G       1.4G       601M       1.4M        38M       290M
-/+ buffers/cache:       1.0G       930M
Swap:         8.0G         0B       8.0G

             total       used       free     shared    buffers     cached
Mem:          2.0G       1.4G       586M       1.4M        38M       290M
-/+ buffers/cache:       1.1G       915M
Swap:         8.0G         0B       8.0G

             total       used       free     shared    buffers     cached
Mem:          2.0G       1.4G       570M       1.4M        38M       290M
-/+ buffers/cache:       1.1G       899M
Swap:         8.0G         0B       8.0G

             total       used       free     shared    buffers     cached
Mem:          2.0G       1.4G       555M       1.4M        38M       290M
-/+ buffers/cache:       1.1G       884M
Swap:         8.0G         0B       8.0G

             total       used       free     shared    buffers     cached
Mem:          2.0G       1.4G       539M       1.4M        38M       290M
-/+ buffers/cache:       1.1G       868M
Swap:         8.0G         0B       8.0G

             total       used       free     shared    buffers     cached
Mem:          2.0G       1.4G       523M       1.4M        38M       290M
-/+ buffers/cache:       1.1G       852M
Swap:         8.0G         0B       8.0G

             total       used       free     shared    buffers     cached
Mem:          2.0G       1.5G       507M       1.4M        38M       290M
-/+ buffers/cache:       1.1G       836M
Swap:         8.0G         0B       8.0G

             total       used       free     shared    buffers     cached
Mem:          2.0G       1.5G       492M       1.4M        38M       290M
-/+ buffers/cache:       1.2G       821M
Swap:         8.0G         0B       8.0G

             total       used       free     shared    buffers     cached
Mem:          2.0G       1.5G       476M       1.4M        38M       290M
-/+ buffers/cache:       1.2G       805M
Swap:         8.0G         0B       8.0G

             total       used       free     shared    buffers     cached
Mem:          2.0G       1.5G       460M       1.4M        38M       290M
-/+ buffers/cache:       1.2G       789M
Swap:         8.0G         0B       8.0G

             total       used       free     shared    buffers     cached
Mem:          2.0G       1.5G       444M       1.4M        38M       290M
-/+ buffers/cache:       1.2G       773M
Swap:         8.0G         0B       8.0G

             total       used       free     shared    buffers     cached
Mem:          2.0G       1.5G       432M       1.4M        38M       290M
-/+ buffers/cache:       1.2G       761M
Swap:         8.0G         0B       8.0G

             total       used       free     shared    buffers     cached
Mem:          2.0G       1.5G       428M       1.4M        38M       290M
-/+ buffers/cache:       1.2G       757M
Swap:         8.0G         0B       8.0G

             total       used       free     shared    buffers     cached
Mem:          2.0G       1.5G       413M       1.4M        38M       290M
-/+ buffers/cache:       1.2G       742M
Swap:         8.0G         0B       8.0G

             total       used       free     shared    buffers     cached
Mem:          2.0G       1.6G       398M       1.4M        38M       290M
-/+ buffers/cache:       1.2G       727M
Swap:         8.0G         0B       8.0G

             total       used       free     shared    buffers     cached
Mem:          2.0G       1.6G       383M       1.4M        38M       290M
-/+ buffers/cache:       1.3G       712M
Swap:         8.0G         0B       8.0G

             total       used       free     shared    buffers     cached
Mem:          2.0G       1.6G       368M       1.4M        38M       290M
-/+ buffers/cache:       1.3G       697M
Swap:         8.0G         0B       8.0G

             total       used       free     shared    buffers     cached
Mem:          2.0G       1.6G       350M       1.4M        38M       290M
-/+ buffers/cache:       1.3G       679M
Swap:         8.0G         0B       8.0G

             total       used       free     shared    buffers     cached
Mem:          2.0G       1.6G       334M       1.4M        38M       290M
-/+ buffers/cache:       1.3G       663M
Swap:         8.0G         0B       8.0G

             total       used       free     shared    buffers     cached
Mem:          2.0G       1.6G       320M       1.4M        38M       290M
-/+ buffers/cache:       1.3G       649M
Swap:         8.0G         0B       8.0G

             total       used       free     shared    buffers     cached
Mem:          2.0G       1.7G       305M       1.4M        38M       290M
-/+ buffers/cache:       1.3G       634M
Swap:         8.0G         0B       8.0G

             total       used       free     shared    buffers     cached
Mem:          2.0G       1.7G       288M       1.4M        38M       290M
-/+ buffers/cache:       1.3G       617M
Swap:         8.0G         0B       8.0G

             total       used       free     shared    buffers     cached
Mem:          2.0G       1.7G       273M       1.4M        38M       290M
-/+ buffers/cache:       1.4G       602M
Swap:         8.0G         0B       8.0G

             total       used       free     shared    buffers     cached
Mem:          2.0G       1.7G       258M       1.4M        38M       290M
-/+ buffers/cache:       1.4G       587M
Swap:         8.0G         0B       8.0G

             total       used       free     shared    buffers     cached
Mem:          2.0G       1.7G       241M       1.4M        38M       290M
-/+ buffers/cache:       1.4G       570M
Swap:         8.0G         0B       8.0G

             total       used       free     shared    buffers     cached
Mem:          2.0G       1.7G       224M       1.4M        38M       290M
-/+ buffers/cache:       1.4G       553M
Swap:         8.0G         0B       8.0G

             total       used       free     shared    buffers     cached
Mem:          2.0G       1.8G       207M       1.4M        38M       290M
-/+ buffers/cache:       1.4G       536M
Swap:         8.0G         0B       8.0G

             total       used       free     shared    buffers     cached
Mem:          2.0G       1.8G       192M       1.4M        38M       290M
-/+ buffers/cache:       1.4G       521M
Swap:         8.0G         0B       8.0G

             total       used       free     shared    buffers     cached
Mem:          2.0G       1.8G       174M       1.4M        38M       290M
-/+ buffers/cache:       1.5G       503M
Swap:         8.0G         0B       8.0G

             total       used       free     shared    buffers     cached
Mem:          2.0G       1.8G       158M       1.4M        38M       290M
-/+ buffers/cache:       1.5G       487M
Swap:         8.0G         0B       8.0G

             total       used       free     shared    buffers     cached
Mem:          2.0G       1.8G       143M       1.4M        38M       290M
-/+ buffers/cache:       1.5G       472M
Swap:         8.0G         0B       8.0G

             total       used       free     shared    buffers     cached
Mem:          2.0G       1.8G       128M       1.4M        38M       290M
-/+ buffers/cache:       1.5G       457M
Swap:         8.0G         0B       8.0G

             total       used       free     shared    buffers     cached
Mem:          2.0G       1.8G       112M       1.4M        38M       290M
-/+ buffers/cache:       1.5G       441M
Swap:         8.0G         0B       8.0G

             total       used       free     shared    buffers     cached
Mem:          2.0G       1.9G        99M       1.4M        38M       290M
-/+ buffers/cache:       1.5G       428M
Swap:         8.0G         0B       8.0G

             total       used       free     shared    buffers     cached
Mem:          2.0G       1.9G        83M       1.4M        38M       290M
-/+ buffers/cache:       1.6G       412M
Swap:         8.0G         0B       8.0G

             total       used       free     shared    buffers     cached
Mem:          2.0G       1.9G        66M       1.4M        38M       290M
-/+ buffers/cache:       1.6G       395M
Swap:         8.0G         0B       8.0G

             total       used       free     shared    buffers     cached
Mem:          2.0G       1.9G        70M       1.4M        17M       288M
-/+ buffers/cache:       1.6G       377M
Swap:         8.0G         0B       8.0G

             total       used       free     shared    buffers     cached
Mem:          2.0G       1.9G        69M       1.4M        10M       279M
-/+ buffers/cache:       1.6G       359M
Swap:         8.0G         0B       8.0G

             total       used       free     shared    buffers     cached
Mem:          2.0G       1.9G        68M       1.4M       9.8M       262M
-/+ buffers/cache:       1.6G       341M
Swap:         8.0G        76K       8.0G

             total       used       free     shared    buffers     cached
Mem:          2.0G       1.9G        68M       1.3M       9.8M       244M
-/+ buffers/cache:       1.6G       322M
Swap:         8.0G       856K       8.0G

             total       used       free     shared    buffers     cached
Mem:          2.0G       1.9G        76M       1.2M       9.8M       224M
-/+ buffers/cache:       1.6G       310M
Swap:         8.0G       7.4M       8.0G

             total       used       free     shared    buffers     cached
Mem:          2.0G       1.9G        80M       1.1M       7.6M       205M
-/+ buffers/cache:       1.7G       293M
Swap:         8.0G       9.1M       8.0G

             total       used       free     shared    buffers     cached
Mem:          2.0G       1.9G        73M       1.1M       2.4M       197M
-/+ buffers/cache:       1.7G       272M
Swap:         8.0G       9.1M       8.0G

             total       used       free     shared    buffers     cached
Mem:          2.0G       1.9G        75M       1.1M       696K       181M
-/+ buffers/cache:       1.7G       257M
Swap:         8.0G       9.1M       8.0G

             total       used       free     shared    buffers     cached
Mem:          2.0G       1.9G        84M       1.1M       336K       157M
-/+ buffers/cache:       1.7G       242M
Swap:         8.0G       9.1M       8.0G

             total       used       free     shared    buffers     cached
Mem:          2.0G       1.9G        67M       1.1M       344K       157M
-/+ buffers/cache:       1.7G       225M
Swap:         8.0G       9.1M       8.0G

             total       used       free     shared    buffers     cached
Mem:          2.0G       1.9G        71M       1.1M       344K       139M
-/+ buffers/cache:       1.7G       210M
Swap:         8.0G       9.1M       8.0G

             total       used       free     shared    buffers     cached
Mem:          2.0G       1.9G        70M       1.1M       112K       122M
-/+ buffers/cache:       1.8G       193M
Swap:         8.0G       9.1M       8.0G

             total       used       free     shared    buffers     cached
Mem:          2.0G       1.9G        70M       1.1M       104K       108M
-/+ buffers/cache:       1.8G       178M
Swap:         8.0G       9.1M       8.0G

             total       used       free     shared    buffers     cached
Mem:          2.0G       1.9G        67M       1.1M       100K        95M
-/+ buffers/cache:       1.8G       163M
Swap:         8.0G       9.1M       8.0G

             total       used       free     shared    buffers     cached
Mem:          2.0G       1.9G        74M       1.1M       112K        73M
-/+ buffers/cache:       1.8G       148M
Swap:         8.0G       9.1M       8.0G

             total       used       free     shared    buffers     cached
Mem:          2.0G       1.9G        77M       1.1M       112K        56M
-/+ buffers/cache:       1.8G       133M
Swap:         8.0G       9.1M       8.0G

             total       used       free     shared    buffers     cached
Mem:          2.0G       1.9G        75M       1.1M       112K        43M
-/+ buffers/cache:       1.8G       119M
Swap:         8.0G       9.1M       8.0G

             total       used       free     shared    buffers     cached
Mem:          2.0G       1.9G        78M       1.1M       248K        25M
-/+ buffers/cache:       1.9G       104M
Swap:         8.0G       9.1M       8.0G

             total       used       free     shared    buffers     cached
Mem:          2.0G       1.9G        75M       1.1M       520K        14M
-/+ buffers/cache:       1.9G        91M
Swap:         8.0G       9.1M       8.0G

             total       used       free     shared    buffers     cached
Mem:          2.0G       1.9G        65M       1.1M       528K        10M
-/+ buffers/cache:       1.9G        76M
Swap:         8.0G       9.1M       8.0G

             total       used       free     shared    buffers     cached
Mem:          2.0G       1.9G        68M       672K       528K       9.1M
-/+ buffers/cache:       1.9G        78M
Swap:         8.0G        76M       7.9G

             total       used       free     shared    buffers     cached
Mem:          2.0G       1.9G        67M       672K       528K       4.2M
-/+ buffers/cache:       1.9G        72M
Swap:         8.0G        76M       7.9G

             total       used       free     shared    buffers     cached
Mem:          2.0G       1.9G        67M       672K       528K       4.0M
-/+ buffers/cache:       1.9G        72M
Swap:         8.0G        76M       7.9G

             total       used       free     shared    buffers     cached
Mem:          2.0G       1.9G        82M       672K       256K       2.5M
-/+ buffers/cache:       1.9G        84M
Swap:         8.0G        76M       7.9G

             total       used       free     shared    buffers     cached
Mem:          2.0G       1.9G        65M       672K       256K       2.5M
-/+ buffers/cache:       1.9G        67M
Swap:         8.0G        76M       7.9G

             total       used       free     shared    buffers     cached
Mem:          2.0G       1.9G        74M       632K       264K       2.4M
-/+ buffers/cache:       1.9G        77M
Swap:         8.0G       133M       7.9G

             total       used       free     shared    buffers     cached
Mem:          2.0G       1.9G        75M       632K       260K       2.5M
-/+ buffers/cache:       1.9G        78M
Swap:         8.0G       133M       7.9G

             total       used       free     shared    buffers     cached
Mem:          2.0G       1.9G        74M       632K       256K       2.5M
-/+ buffers/cache:       1.9G        77M
Swap:         8.0G       133M       7.9G

             total       used       free     shared    buffers     cached
Mem:          2.0G       1.9G        68M       632K       200K       2.5M
-/+ buffers/cache:       1.9G        70M
Swap:         8.0G       143M       7.9G

             total       used       free     shared    buffers     cached
Mem:          2.0G       1.9G        65M       572K       200K       2.5M
-/+ buffers/cache:       1.9G        67M
Swap:         8.0G       181M       7.8G

             total       used       free     shared    buffers     cached
Mem:          2.0G       1.9G        77M       572K       208K       2.5M
-/+ buffers/cache:       1.9G        80M
Swap:         8.0G       181M       7.8G

             total       used       free     shared    buffers     cached
Mem:          2.0G       1.9G        74M       572K       140K       2.5M
-/+ buffers/cache:       1.9G        77M
Swap:         8.0G       235M       7.8G

             total       used       free     shared    buffers     cached
Mem:          2.0G       1.9G        74M       560K       116K       2.6M
-/+ buffers/cache:       1.9G        77M
Swap:         8.0G       235M       7.8G

             total       used       free     shared    buffers     cached
Mem:          2.0G       1.9G        67M       560K       116K       2.6M
-/+ buffers/cache:       1.9G        70M
Swap:         8.0G       235M       7.8G

             total       used       free     shared    buffers     cached
Mem:          2.0G       1.9G        79M       560K       116K       2.6M
-/+ buffers/cache:       1.9G        82M
Swap:         8.0G       235M       7.8G

             total       used       free     shared    buffers     cached
Mem:          2.0G       1.9G        74M       560K       124K       2.6M
-/+ buffers/cache:       1.9G        77M
Swap:         8.0G       236M       7.8G

             total       used       free     shared    buffers     cached
Mem:          2.0G       1.9G        75M       560K       124K       2.6M
-/+ buffers/cache:       1.9G        78M
Swap:         8.0G       254M       7.7G

             total       used       free     shared    buffers     cached
Mem:          2.0G       1.9G        97M       536K       124K       2.6M
-/+ buffers/cache:       1.9G       100M
Swap:         8.0G       334M       7.7G

             total       used       free     shared    buffers     cached
Mem:          2.0G       1.9G        89M       532K       124K       2.6M
-/+ buffers/cache:       1.9G        92M
Swap:         8.0G       334M       7.7G

             total       used       free     shared    buffers     cached
Mem:          2.0G       1.9G        86M       532K       124K       2.6M
-/+ buffers/cache:       1.9G        89M
Swap:         8.0G       334M       7.7G

             total       used       free     shared    buffers     cached
Mem:          2.0G       1.9G        86M       532K       124K       2.6M
-/+ buffers/cache:       1.9G        89M
Swap:         8.0G       333M       7.7G

             total       used       free     shared    buffers     cached
Mem:          2.0G       1.9G        85M       532K       132K       2.6M
-/+ buffers/cache:       1.9G        88M
Swap:         8.0G       333M       7.7G

             total       used       free     shared    buffers     cached
Mem:          2.0G       1.9G        85M       532K       132K       2.6M
-/+ buffers/cache:       1.9G        87M
Swap:         8.0G       332M       7.7G

             total       used       free     shared    buffers     cached
Mem:          2.0G       1.9G        84M       532K       132K       2.6M
-/+ buffers/cache:       1.9G        87M
Swap:         8.0G       331M       7.7G

             total       used       free     shared    buffers     cached
Mem:          2.0G       1.9G        84M       532K       132K       2.6M
-/+ buffers/cache:       1.9G        86M
Swap:         8.0G       331M       7.7G

             total       used       free     shared    buffers     cached
Mem:          2.0G       1.9G        83M       532K       132K       2.6M
-/+ buffers/cache:       1.9G        86M
Swap:         8.0G       330M       7.7G

             total       used       free     shared    buffers     cached
Mem:          2.0G       1.9G        80M       532K        84K        17M
-/+ buffers/cache:       1.9G        98M
Swap:         8.0G       327M       7.7G

             total       used       free     shared    buffers     cached
Mem:          2.0G       1.9G        81M       532K       676K        20M
-/+ buffers/cache:       1.9G       102M
Swap:         8.0G       319M       7.7G

             total       used       free     shared    buffers     cached
Mem:          2.0G       1.9G        80M       532K       676K        20M
-/+ buffers/cache:       1.9G       101M
Swap:         8.0G       319M       7.7G

             total       used       free     shared    buffers     cached
Mem:          2.0G       1.9G        79M       532K       676K        20M
-/+ buffers/cache:       1.9G       100M
Swap:         8.0G       319M       7.7G

             total       used       free     shared    buffers     cached
Mem:          2.0G       1.9G        78M       532K       680K        20M
-/+ buffers/cache:       1.9G        99M
Swap:         8.0G       318M       7.7G

             total       used       free     shared    buffers     cached
Mem:          2.0G       1.9G        77M       532K       688K        20M
-/+ buffers/cache:       1.9G        98M
Swap:         8.0G       318M       7.7G

             total       used       free     shared    buffers     cached
Mem:          2.0G       1.9G        77M       532K       688K        20M
-/+ buffers/cache:       1.9G        98M
Swap:         8.0G       318M       7.7G

             total       used       free     shared    buffers     cached
Mem:          2.0G       1.9G        76M       532K       688K        20M
-/+ buffers/cache:       1.9G        97M
Swap:         8.0G       317M       7.7G

             total       used       free     shared    buffers     cached
Mem:          2.0G       1.9G        75M       532K       688K        20M
-/+ buffers/cache:       1.9G        96M
Swap:         8.0G       317M       7.7G

             total       used       free     shared    buffers     cached
Mem:          2.0G       1.9G        74M       532K       688K        20M
-/+ buffers/cache:       1.9G        95M
Swap:         8.0G       316M       7.7G

             total       used       free     shared    buffers     cached
Mem:          2.0G       1.9G        73M       532K       688K        20M
-/+ buffers/cache:       1.9G        94M
Swap:         8.0G       316M       7.7G

             total       used       free     shared    buffers     cached
Mem:          2.0G       1.9G        72M       532K       696K        20M
-/+ buffers/cache:       1.9G        93M
Swap:         8.0G       315M       7.7G

             total       used       free     shared    buffers     cached
Mem:          2.0G       1.9G        72M       532K       696K        20M
-/+ buffers/cache:       1.9G        93M
Swap:         8.0G       315M       7.7G

             total       used       free     shared    buffers     cached
Mem:          2.0G       1.9G        71M       532K       696K        20M
-/+ buffers/cache:       1.9G        92M
Swap:         8.0G       315M       7.7G

             total       used       free     shared    buffers     cached
Mem:          2.0G       1.9G        70M       532K       696K        20M
-/+ buffers/cache:       1.9G        91M
Swap:         8.0G       314M       7.7G

             total       used       free     shared    buffers     cached
Mem:          2.0G       1.9G        69M       532K       696K        20M
-/+ buffers/cache:       1.9G        90M
Swap:         8.0G       314M       7.7G

             total       used       free     shared    buffers     cached
Mem:          2.0G       1.9G        69M       532K       704K        20M
-/+ buffers/cache:       1.9G        90M
Swap:         8.0G       314M       7.7G

             total       used       free     shared    buffers     cached
Mem:          2.0G       1.9G        69M       532K       716K        20M
-/+ buffers/cache:       1.9G        90M
Swap:         8.0G       314M       7.7G

             total       used       free     shared    buffers     cached
Mem:          2.0G       1.9G        69M       532K       716K        20M
-/+ buffers/cache:       1.9G        90M
Swap:         8.0G       314M       7.7G

             total       used       free     shared    buffers     cached
Mem:          2.0G       1.9G        68M       532K       716K        20M
-/+ buffers/cache:       1.9G        89M
Swap:         8.0G       313M       7.7G

             total       used       free     shared    buffers     cached
Mem:          2.0G       1.9G        68M       532K       716K        20M
-/+ buffers/cache:       1.9G        89M
Swap:         8.0G       313M       7.7G

             total       used       free     shared    buffers     cached
Mem:          2.0G       1.9G        68M       532K       724K        20M
-/+ buffers/cache:       1.9G        89M
Swap:         8.0G       313M       7.7G

             total       used       free     shared    buffers     cached
Mem:          2.0G       1.9G        65M       532K       1.0M        21M
-/+ buffers/cache:       1.9G        87M
Swap:         8.0G       313M       7.7G

             total       used       free     shared    buffers     cached
Mem:          2.0G       1.9G        80M       532K       1.2M        27M
-/+ buffers/cache:       1.8G       109M
Swap:         8.0G       338M       7.7G

             total       used       free     shared    buffers     cached
Mem:          2.0G       1.9G        80M       536K       1.2M        27M
-/+ buffers/cache:       1.8G       109M
Swap:         8.0G       337M       7.7G

             total       used       free     shared    buffers     cached
Mem:          2.0G       1.9G        79M       536K       1.2M        27M
-/+ buffers/cache:       1.8G       108M
Swap:         8.0G       337M       7.7G

             total       used       free     shared    buffers     cached
Mem:          2.0G       1.9G        79M       536K       1.2M        27M
-/+ buffers/cache:       1.8G       108M
Swap:         8.0G       337M       7.7G

             total       used       free     shared    buffers     cached
Mem:          2.0G       1.9G        79M       536K       1.2M        27M
-/+ buffers/cache:       1.8G       107M
Swap:         8.0G       337M       7.7G

             total       used       free     shared    buffers     cached
Mem:          2.0G       1.9G        78M       536K       1.2M        27M
-/+ buffers/cache:       1.8G       107M
Swap:         8.0G       337M       7.7G

             total       used       free     shared    buffers     cached
Mem:          2.0G       1.9G        78M       536K       1.2M        27M
-/+ buffers/cache:       1.8G       107M
Swap:         8.0G       336M       7.7G

             total       used       free     shared    buffers     cached
Mem:          2.0G       1.9G        77M       536K       1.2M        27M
-/+ buffers/cache:       1.8G       106M
Swap:         8.0G       336M       7.7G

             total       used       free     shared    buffers     cached
Mem:          2.0G       1.9G        77M       536K       1.2M        27M
-/+ buffers/cache:       1.8G       106M
Swap:         8.0G       336M       7.7G

             total       used       free     shared    buffers     cached
Mem:          2.0G       1.9G        75M       536K       1.2M        28M
-/+ buffers/cache:       1.9G       105M
Swap:         8.0G       336M       7.7G

             total       used       free     shared    buffers     cached
Mem:          2.0G       1.9G        75M       536K       1.2M        28M
-/+ buffers/cache:       1.9G       105M
Swap:         8.0G       335M       7.7G

             total       used       free     shared    buffers     cached
Mem:          2.0G       1.9G        73M       536K       1.2M        30M
-/+ buffers/cache:       1.9G       104M
Swap:         8.0G       335M       7.7G

             total       used       free     shared    buffers     cached
Mem:          2.0G       1.9G        73M       536K       1.2M        30M
-/+ buffers/cache:       1.9G       104M
Swap:         8.0G       335M       7.7G

             total       used       free     shared    buffers     cached
Mem:          2.0G       1.9G        72M       536K       1.2M        30M
-/+ buffers/cache:       1.9G       104M
Swap:         8.0G       335M       7.7G

             total       used       free     shared    buffers     cached
Mem:          2.0G       1.9G        72M       536K       1.2M        30M
-/+ buffers/cache:       1.9G       103M
Swap:         8.0G       335M       7.7G

             total       used       free     shared    buffers     cached
Mem:          2.0G       1.9G        72M       536K       1.2M        30M
-/+ buffers/cache:       1.9G       103M
Swap:         8.0G       335M       7.7G

             total       used       free     shared    buffers     cached
Mem:          2.0G       1.9G        72M       536K       1.2M        30M
-/+ buffers/cache:       1.9G       103M
Swap:         8.0G       334M       7.7G

             total       used       free     shared    buffers     cached
Mem:          2.0G       1.9G        71M       536K       1.2M        29M
-/+ buffers/cache:       1.9G       102M
Swap:         8.0G       334M       7.7G

             total       used       free     shared    buffers     cached
Mem:          2.0G       1.9G        71M       536K       1.2M        29M
-/+ buffers/cache:       1.9G       102M
Swap:         8.0G       334M       7.7G

             total       used       free     shared    buffers     cached
Mem:          2.0G       1.9G        70M       536K       1.2M        30M
-/+ buffers/cache:       1.9G       101M
Swap:         8.0G       334M       7.7G

             total       used       free     shared    buffers     cached
Mem:          2.0G       1.9G        69M       536K       1.2M        30M
-/+ buffers/cache:       1.9G       101M
Swap:         8.0G       333M       7.7G

             total       used       free     shared    buffers     cached
Mem:          2.0G       1.9G        69M       536K       1.2M        30M
-/+ buffers/cache:       1.9G       100M
Swap:         8.0G       333M       7.7G

             total       used       free     shared    buffers     cached
Mem:          2.0G       1.9G        68M       536K       1.2M        30M
-/+ buffers/cache:       1.9G       100M
Swap:         8.0G       333M       7.7G

             total       used       free     shared    buffers     cached
Mem:          2.0G       1.9G        68M       536K       1.2M        30M
-/+ buffers/cache:       1.9G        99M
Swap:         8.0G       332M       7.7G

             total       used       free     shared    buffers     cached
Mem:          2.0G       1.9G        67M       536K       1.2M        30M
-/+ buffers/cache:       1.9G        99M
Swap:         8.0G       332M       7.7G

             total       used       free     shared    buffers     cached
Mem:          2.0G       1.9G        67M       536K       1.2M        30M
-/+ buffers/cache:       1.9G        98M
Swap:         8.0G       332M       7.7G

             total       used       free     shared    buffers     cached
Mem:          2.0G       1.9G        66M       536K       1.2M        30M
-/+ buffers/cache:       1.9G        97M
Swap:         8.0G       331M       7.7G

             total       used       free     shared    buffers     cached
Mem:          2.0G       1.9G        66M       536K       1.2M        30M
-/+ buffers/cache:       1.9G        97M
Swap:         8.0G       331M       7.7G

             total       used       free     shared    buffers     cached
Mem:          2.0G       1.9G        65M       536K       1.2M        30M
-/+ buffers/cache:       1.9G        97M
Swap:         8.0G       331M       7.7G

             total       used       free     shared    buffers     cached
Mem:          2.0G       1.9G        65M       536K       1.2M        30M
-/+ buffers/cache:       1.9G        96M
Swap:         8.0G       331M       7.7G

             total       used       free     shared    buffers     cached
Mem:          2.0G       1.9G        64M       536K       1.2M        30M
-/+ buffers/cache:       1.9G        96M
Swap:         8.0G       331M       7.7G

             total       used       free     shared    buffers     cached
Mem:          2.0G       1.9G        83M       536K       284K        25M
-/+ buffers/cache:       1.8G       109M
Swap:         8.0G       355M       7.6G

             total       used       free     shared    buffers     cached
Mem:          2.0G       1.9G        83M       536K       284K        25M
-/+ buffers/cache:       1.8G       109M
Swap:         8.0G       355M       7.7G

             total       used       free     shared    buffers     cached
Mem:          2.0G       1.9G        82M       536K       292K        25M
-/+ buffers/cache:       1.8G       108M
Swap:         8.0G       355M       7.7G

             total       used       free     shared    buffers     cached
Mem:          2.0G       1.9G        82M       536K       292K        25M
-/+ buffers/cache:       1.8G       108M
Swap:         8.0G       354M       7.7G

             total       used       free     shared    buffers     cached
Mem:          2.0G       1.9G        81M       536K       292K        25M
-/+ buffers/cache:       1.8G       107M
Swap:         8.0G       354M       7.7G

             total       used       free     shared    buffers     cached
Mem:          2.0G       1.9G        81M       536K       292K        25M
-/+ buffers/cache:       1.8G       107M
Swap:         8.0G       354M       7.7G

             total       used       free     shared    buffers     cached
Mem:          2.0G       1.9G        74M       536K       300K        31M
-/+ buffers/cache:       1.8G       106M
Swap:         8.0G       353M       7.7G

             total       used       free     shared    buffers     cached
Mem:          2.0G       1.9G        74M       536K       312K        31M
-/+ buffers/cache:       1.8G       105M
Swap:         8.0G       353M       7.7G

             total       used       free     shared    buffers     cached
Mem:          2.0G       1.9G        73M       536K       312K        31M
-/+ buffers/cache:       1.9G       105M
Swap:         8.0G       353M       7.7G

             total       used       free     shared    buffers     cached
Mem:          2.0G       1.9G        72M       536K       312K        31M
-/+ buffers/cache:       1.9G       104M
Swap:         8.0G       352M       7.7G

             total       used       free     shared    buffers     cached
Mem:          2.0G       1.9G        72M       536K       312K        31M
-/+ buffers/cache:       1.9G       103M
Swap:         8.0G       352M       7.7G

             total       used       free     shared    buffers     cached
Mem:          2.0G       1.9G        71M       536K       320K        31M
-/+ buffers/cache:       1.9G       103M
Swap:         8.0G       351M       7.7G

             total       used       free     shared    buffers     cached
Mem:          2.0G       1.9G        71M       536K       320K        31M
-/+ buffers/cache:       1.9G       102M
Swap:         8.0G       351M       7.7G

             total       used       free     shared    buffers     cached
Mem:          2.0G       1.9G        70M       536K       320K        31M
-/+ buffers/cache:       1.9G       102M
Swap:         8.0G       351M       7.7G

             total       used       free     shared    buffers     cached
Mem:          2.0G       1.9G        69M       536K       320K        31M
-/+ buffers/cache:       1.9G       101M
Swap:         8.0G       350M       7.7G

             total       used       free     shared    buffers     cached
Mem:          2.0G       1.9G        69M       536K       320K        31M
-/+ buffers/cache:       1.9G       101M
Swap:         8.0G       350M       7.7G

             total       used       free     shared    buffers     cached
Mem:          2.0G       1.9G        68M       536K       320K        31M
-/+ buffers/cache:       1.9G       100M
Swap:         8.0G       350M       7.7G

             total       used       free     shared    buffers     cached
Mem:          2.0G       1.9G        68M       536K       328K        31M
-/+ buffers/cache:       1.9G        99M
Swap:         8.0G       349M       7.7G

             total       used       free     shared    buffers     cached
Mem:          2.0G       1.9G        67M       536K       328K        31M
-/+ buffers/cache:       1.9G        99M
Swap:         8.0G       349M       7.7G

             total       used       free     shared    buffers     cached
Mem:          2.0G       1.9G        67M       536K       328K        31M
-/+ buffers/cache:       1.9G        98M
Swap:         8.0G       349M       7.7G

             total       used       free     shared    buffers     cached
Mem:          2.0G       1.9G        66M       536K       328K        31M
-/+ buffers/cache:       1.9G        98M
Swap:         8.0G       348M       7.7G

             total       used       free     shared    buffers     cached
Mem:          2.0G       1.9G        65M       536K       328K        31M
-/+ buffers/cache:       1.9G        97M
Swap:         8.0G       348M       7.7G

             total       used       free     shared    buffers     cached
Mem:          2.0G       1.9G        65M       536K       336K        31M
-/+ buffers/cache:       1.9G        96M
Swap:         8.0G       348M       7.7G

             total       used       free     shared    buffers     cached
Mem:          2.0G       1.9G        76M       536K       240K        30M
-/+ buffers/cache:       1.8G       107M
Swap:         8.0G       355M       7.7G

             total       used       free     shared    buffers     cached
Mem:          2.0G       1.9G        76M       536K       240K        30M
-/+ buffers/cache:       1.8G       107M
Swap:         8.0G       354M       7.7G

             total       used       free     shared    buffers     cached
Mem:          2.0G       1.9G        75M       536K       240K        30M
-/+ buffers/cache:       1.8G       106M
Swap:         8.0G       354M       7.7G

             total       used       free     shared    buffers     cached
Mem:          2.0G       1.9G        75M       536K       240K        30M
-/+ buffers/cache:       1.9G       105M
Swap:         8.0G       354M       7.7G

             total       used       free     shared    buffers     cached
Mem:          2.0G       1.9G        74M       536K       240K        30M
-/+ buffers/cache:       1.9G       105M
Swap:         8.0G       353M       7.7G

             total       used       free     shared    buffers     cached
Mem:          2.0G       1.9G        73M       536K       248K        30M
-/+ buffers/cache:       1.9G       104M
Swap:         8.0G       353M       7.7G

             total       used       free     shared    buffers     cached
Mem:          2.0G       1.9G        73M       536K       248K        30M
-/+ buffers/cache:       1.9G       103M
Swap:         8.0G       352M       7.7G

             total       used       free     shared    buffers     cached
Mem:          2.0G       1.9G        72M       536K       248K        30M
-/+ buffers/cache:       1.9G       103M
Swap:         8.0G       352M       7.7G

             total       used       free     shared    buffers     cached
Mem:          2.0G       1.9G        71M       536K       248K        30M
-/+ buffers/cache:       1.9G       102M
Swap:         8.0G       352M       7.7G

             total       used       free     shared    buffers     cached
Mem:          2.0G       1.9G        70M       536K       248K        30M
-/+ buffers/cache:       1.9G       101M
Swap:         8.0G       351M       7.7G

             total       used       free     shared    buffers     cached
Mem:          2.0G       1.9G        70M       536K       256K        30M
-/+ buffers/cache:       1.9G       101M
Swap:         8.0G       351M       7.7G

             total       used       free     shared    buffers     cached
Mem:          2.0G       1.9G        68M       536K       392K        31M
-/+ buffers/cache:       1.9G       100M
Swap:         8.0G       350M       7.7G

             total       used       free     shared    buffers     cached
Mem:          2.0G       1.9G        67M       540K       392K        31M
-/+ buffers/cache:       1.9G        99M
Swap:         8.0G       350M       7.7G

             total       used       free     shared    buffers     cached
Mem:          2.0G       1.9G        67M       540K       392K        31M
-/+ buffers/cache:       1.9G        98M
Swap:         8.0G       350M       7.7G

             total       used       free     shared    buffers     cached
Mem:          2.0G       1.9G        65M       540K       392K        31M
-/+ buffers/cache:       1.9G        97M
Swap:         8.0G       349M       7.7G

             total       used       free     shared    buffers     cached
Mem:          2.0G       1.9G        75M       540K       328K        30M
-/+ buffers/cache:       1.8G       106M
Swap:         8.0G       364M       7.6G

             total       used       free     shared    buffers     cached
Mem:          2.0G       1.9G        74M       540K       336K        30M
-/+ buffers/cache:       1.8G       105M
Swap:         8.0G       364M       7.6G

             total       used       free     shared    buffers     cached
Mem:          2.0G       1.9G        68M       540K       336K        33M
-/+ buffers/cache:       1.9G       101M
Swap:         8.0G       361M       7.6G

             total       used       free     shared    buffers     cached
Mem:          2.0G       1.9G        67M       540K       336K        33M
-/+ buffers/cache:       1.9G       101M
Swap:         8.0G       361M       7.6G

             total       used       free     shared    buffers     cached
Mem:          2.0G       1.9G        67M       540K       336K        33M
-/+ buffers/cache:       1.9G       100M
Swap:         8.0G       361M       7.6G

             total       used       free     shared    buffers     cached
Mem:          2.0G       1.9G        66M       540K       336K        33M
-/+ buffers/cache:       1.9G       100M
Swap:         8.0G       361M       7.6G

             total       used       free     shared    buffers     cached
Mem:          2.0G       1.9G        66M       540K       344K        33M
-/+ buffers/cache:       1.9G        99M
Swap:         8.0G       360M       7.6G

             total       used       free     shared    buffers     cached
Mem:          2.0G       1.9G        65M       540K       344K        33M
-/+ buffers/cache:       1.9G        99M
Swap:         8.0G       360M       7.6G

             total       used       free     shared    buffers     cached
Mem:          2.0G       1.9G        65M       540K       344K        33M
-/+ buffers/cache:       1.9G        98M
Swap:         8.0G       360M       7.6G

             total       used       free     shared    buffers     cached
Mem:          2.0G       1.9G        64M       540K       344K        33M
-/+ buffers/cache:       1.9G        98M
Swap:         8.0G       359M       7.6G

             total       used       free     shared    buffers     cached
Mem:          2.0G       1.9G        76M       540K       328K        31M
-/+ buffers/cache:       1.8G       107M
Swap:         8.0G       364M       7.6G

             total       used       free     shared    buffers     cached
Mem:          2.0G       1.9G        76M       540K       328K        31M
-/+ buffers/cache:       1.8G       107M
Swap:         8.0G       363M       7.6G

             total       used       free     shared    buffers     cached
Mem:          2.0G       1.9G        74M       604K       852K        36M
-/+ buffers/cache:       1.8G       111M
Swap:         8.0G       373M       7.6G

             total       used       free     shared    buffers     cached
Mem:          2.0G       1.9G        78M       4.3M       5.0M        52M
-/+ buffers/cache:       1.8G       135M
Swap:         8.0G       411M       7.6G

             total       used       free     shared    buffers     cached
Mem:          2.0G       1.9G        84M       668K       2.7M        55M
-/+ buffers/cache:       1.8G       142M
Swap:         8.0G       436M       7.6G

             total       used       free     shared    buffers     cached
Mem:          2.0G       1.9G        80M       628K       2.7M        56M
-/+ buffers/cache:       1.8G       140M
Swap:         8.0G       435M       7.6G

             total       used       free     shared    buffers     cached
Mem:          2.0G       1.9G        79M       628K       2.7M        56M
-/+ buffers/cache:       1.8G       138M
Swap:         8.0G       435M       7.6G

             total       used       free     shared    buffers     cached
Mem:          2.0G       1.9G        78M       628K       2.7M        56M
-/+ buffers/cache:       1.8G       138M
Swap:         8.0G       434M       7.6G

             total       used       free     shared    buffers     cached
Mem:          2.0G       1.9G        77M       628K       2.7M        56M
-/+ buffers/cache:       1.8G       137M
Swap:         8.0G       434M       7.6G

             total       used       free     shared    buffers     cached
Mem:          2.0G       1.9G        77M       628K       2.7M        56M
-/+ buffers/cache:       1.8G       136M
Swap:         8.0G       433M       7.6G

             total       used       free     shared    buffers     cached
Mem:          2.0G       1.9G        74M       628K       2.9M        57M
-/+ buffers/cache:       1.8G       135M
Swap:         8.0G       433M       7.6G

             total       used       free     shared    buffers     cached
Mem:          2.0G       1.9G        73M       628K       2.9M        57M
-/+ buffers/cache:       1.8G       134M
Swap:         8.0G       432M       7.6G

             total       used       free     shared    buffers     cached
Mem:          2.0G       1.9G        72M       628K       2.9M        57M
-/+ buffers/cache:       1.8G       133M
Swap:         8.0G       432M       7.6G

             total       used       free     shared    buffers     cached
Mem:          2.0G       1.9G        71M       628K       2.9M        57M
-/+ buffers/cache:       1.8G       132M
Swap:         8.0G       431M       7.6G

             total       used       free     shared    buffers     cached
Mem:          2.0G       1.9G        70M       628K       2.9M        57M
-/+ buffers/cache:       1.8G       131M
Swap:         8.0G       431M       7.6G

             total       used       free     shared    buffers     cached
Mem:          2.0G       1.9G        69M       628K       2.9M        57M
-/+ buffers/cache:       1.8G       130M
Swap:         8.0G       430M       7.6G

             total       used       free     shared    buffers     cached
Mem:          2.0G       1.9G        68M       628K       2.9M        57M
-/+ buffers/cache:       1.8G       129M
Swap:         8.0G       430M       7.6G

             total       used       free     shared    buffers     cached
Mem:          2.0G       1.9G        67M       628K       2.9M        57M
-/+ buffers/cache:       1.8G       128M
Swap:         8.0G       429M       7.6G

             total       used       free     shared    buffers     cached
Mem:          2.0G       1.9G        66M       628K       2.9M        58M
-/+ buffers/cache:       1.8G       127M
Swap:         8.0G       429M       7.6G

             total       used       free     shared    buffers     cached
Mem:          2.0G       1.9G        65M       628K       2.9M        58M
-/+ buffers/cache:       1.8G       126M
Swap:         8.0G       428M       7.6G

             total       used       free     shared    buffers     cached
Mem:          2.0G       1.9G        77M       628K       2.9M        57M
-/+ buffers/cache:       1.8G       137M
Swap:         8.0G       427M       7.6G

             total       used       free     shared    buffers     cached
Mem:          2.0G       1.9G        77M       628K       2.9M        57M
-/+ buffers/cache:       1.8G       137M
Swap:         8.0G       426M       7.6G

             total       used       free     shared    buffers     cached
Mem:          2.0G       1.9G        76M       628K       2.9M        57M
-/+ buffers/cache:       1.8G       136M
Swap:         8.0G       425M       7.6G

             total       used       free     shared    buffers     cached
Mem:          2.0G       1.9G        75M       628K       2.9M        57M
-/+ buffers/cache:       1.8G       135M
Swap:         8.0G       424M       7.6G

             total       used       free     shared    buffers     cached
Mem:          2.0G       1.9G        74M       628K       2.9M        57M
-/+ buffers/cache:       1.8G       134M
Swap:         8.0G       424M       7.6G

             total       used       free     shared    buffers     cached
Mem:          2.0G       1.9G        73M       628K       2.9M        57M
-/+ buffers/cache:       1.8G       133M
Swap:         8.0G       423M       7.6G

             total       used       free     shared    buffers     cached
Mem:          2.0G       1.9G        72M       628K       2.9M        57M
-/+ buffers/cache:       1.8G       132M
Swap:         8.0G       422M       7.6G

             total       used       free     shared    buffers     cached
Mem:          2.0G       1.9G        71M       628K       2.9M        57M
-/+ buffers/cache:       1.8G       131M
Swap:         8.0G       421M       7.6G

             total       used       free     shared    buffers     cached
Mem:          2.0G       1.9G        70M       628K       2.9M        57M
-/+ buffers/cache:       1.8G       130M
Swap:         8.0G       420M       7.6G

             total       used       free     shared    buffers     cached
Mem:          2.0G       1.9G        69M       628K       2.9M        57M
-/+ buffers/cache:       1.8G       129M
Swap:         8.0G       419M       7.6G

             total       used       free     shared    buffers     cached
Mem:          2.0G       1.9G        68M       628K       2.9M        57M
-/+ buffers/cache:       1.8G       128M
Swap:         8.0G       418M       7.6G

             total       used       free     shared    buffers     cached
Mem:          2.0G       1.9G        67M       628K       2.9M        57M
-/+ buffers/cache:       1.8G       127M
Swap:         8.0G       416M       7.6G

             total       used       free     shared    buffers     cached
Mem:          2.0G       1.9G        65M       628K       2.9M        57M
-/+ buffers/cache:       1.8G       126M
Swap:         8.0G       415M       7.6G

             total       used       free     shared    buffers     cached
Mem:          2.0G       1.9G        64M       628K       2.9M        57M
-/+ buffers/cache:       1.8G       125M
Swap:         8.0G       414M       7.6G

             total       used       free     shared    buffers     cached
Mem:          2.0G       1.9G        89M       628K       2.9M        51M
-/+ buffers/cache:       1.8G       143M
Swap:         8.0G       438M       7.6G

             total       used       free     shared    buffers     cached
Mem:          2.0G       1.9G        87M       628K       2.9M        51M
-/+ buffers/cache:       1.8G       142M
Swap:         8.0G       437M       7.6G

             total       used       free     shared    buffers     cached
Mem:          2.0G       1.9G        87M       628K       2.9M        51M
-/+ buffers/cache:       1.8G       141M
Swap:         8.0G       436M       7.6G

             total       used       free     shared    buffers     cached
Mem:          2.0G       1.9G        85M       628K       2.9M        51M
-/+ buffers/cache:       1.8G       139M
Swap:         8.0G       434M       7.6G

             total       used       free     shared    buffers     cached
Mem:          2.0G       1.9G        84M       628K       2.9M        51M
-/+ buffers/cache:       1.8G       138M
Swap:         8.0G       433M       7.6G

             total       used       free     shared    buffers     cached
Mem:          2.0G       1.9G        83M       628K       2.9M        51M
-/+ buffers/cache:       1.8G       137M
Swap:         8.0G       432M       7.6G

             total       used       free     shared    buffers     cached
Mem:          2.0G       1.9G        82M       628K       2.9M        51M
-/+ buffers/cache:       1.8G       136M
Swap:         8.0G       431M       7.6G

             total       used       free     shared    buffers     cached
Mem:          2.0G       1.9G        81M       628K       2.9M        51M
-/+ buffers/cache:       1.8G       135M
Swap:         8.0G       430M       7.6G

             total       used       free     shared    buffers     cached
Mem:          2.0G       1.9G        73M       628K       4.0M        55M
-/+ buffers/cache:       1.8G       133M
Swap:         8.0G       428M       7.6G

             total       used       free     shared    buffers     cached
Mem:          2.0G       1.9G        70M       676K       6.2M        65M
-/+ buffers/cache:       1.8G       142M
Swap:         8.0G       439M       7.6G
