             total       used       free     shared    buffers     cached
Mem:          992M       664M       327M       3.2M        39M       286M
-/+ buffers/cache:       339M       652M
Swap:         8.0G         0B       8.0G

             total       used       free     shared    buffers     cached
Mem:          992M       664M       327M       3.2M        39M       286M
-/+ buffers/cache:       339M       653M
Swap:         8.0G         0B       8.0G

             total       used       free     shared    buffers     cached
Mem:          992M       664M       327M       3.2M        39M       286M
-/+ buffers/cache:       339M       653M
Swap:         8.0G         0B       8.0G

             total       used       free     shared    buffers     cached
Mem:          992M       664M       327M       3.2M        39M       286M
-/+ buffers/cache:       339M       653M
Swap:         8.0G         0B       8.0G

             total       used       free     shared    buffers     cached
Mem:          992M       664M       327M       3.2M        39M       286M
-/+ buffers/cache:       339M       653M
Swap:         8.0G         0B       8.0G

             total       used       free     shared    buffers     cached
Mem:          992M       665M       326M       3.2M        39M       286M
-/+ buffers/cache:       339M       652M
Swap:         8.0G         0B       8.0G

             total       used       free     shared    buffers     cached
Mem:          992M       660M       331M       3.2M        39M       289M
-/+ buffers/cache:       332M       659M
Swap:         8.0G         0B       8.0G

             total       used       free     shared    buffers     cached
Mem:          992M       660M       331M       3.2M        39M       289M
-/+ buffers/cache:       332M       659M
Swap:         8.0G         0B       8.0G

             total       used       free     shared    buffers     cached
Mem:          992M       660M       331M       3.2M        39M       289M
-/+ buffers/cache:       332M       659M
Swap:         8.0G         0B       8.0G

             total       used       free     shared    buffers     cached
Mem:          992M       660M       331M       3.2M        39M       289M
-/+ buffers/cache:       332M       659M
Swap:         8.0G         0B       8.0G

             total       used       free     shared    buffers     cached
Mem:          992M       660M       331M       3.2M        39M       289M
-/+ buffers/cache:       332M       659M
Swap:         8.0G         0B       8.0G

             total       used       free     shared    buffers     cached
Mem:          992M       662M       329M       3.2M        39M       289M
-/+ buffers/cache:       334M       657M
Swap:         8.0G         0B       8.0G

             total       used       free     shared    buffers     cached
Mem:          992M       661M       330M       3.2M        39M       290M
-/+ buffers/cache:       332M       659M
Swap:         8.0G         0B       8.0G

             total       used       free     shared    buffers     cached
Mem:          992M       661M       330M       3.2M        39M       290M
-/+ buffers/cache:       332M       659M
Swap:         8.0G         0B       8.0G

             total       used       free     shared    buffers     cached
Mem:          992M       661M       330M       3.2M        39M       290M
-/+ buffers/cache:       332M       660M
Swap:         8.0G         0B       8.0G

             total       used       free     shared    buffers     cached
Mem:          992M       661M       330M       3.2M        39M       290M
-/+ buffers/cache:       332M       660M
Swap:         8.0G         0B       8.0G

             total       used       free     shared    buffers     cached
Mem:          992M       661M       330M       3.2M        39M       290M
-/+ buffers/cache:       332M       660M
Swap:         8.0G         0B       8.0G

             total       used       free     shared    buffers     cached
Mem:          992M       662M       329M       3.2M        39M       290M
-/+ buffers/cache:       332M       659M
Swap:         8.0G         0B       8.0G

             total       used       free     shared    buffers     cached
Mem:          992M       662M       330M       3.2M        39M       290M
-/+ buffers/cache:       332M       660M
Swap:         8.0G         0B       8.0G

             total       used       free     shared    buffers     cached
Mem:          992M       662M       330M       3.2M        39M       290M
-/+ buffers/cache:       332M       660M
Swap:         8.0G         0B       8.0G

             total       used       free     shared    buffers     cached
Mem:          992M       665M       326M       3.2M        39M       290M
-/+ buffers/cache:       335M       656M
Swap:         8.0G         0B       8.0G

             total       used       free     shared    buffers     cached
Mem:          992M       665M       326M       3.2M        39M       290M
-/+ buffers/cache:       335M       656M
Swap:         8.0G         0B       8.0G

             total       used       free     shared    buffers     cached
Mem:          992M       676M       316M       3.2M        39M       290M
-/+ buffers/cache:       346M       646M
Swap:         8.0G         0B       8.0G

             total       used       free     shared    buffers     cached
Mem:          992M       683M       309M       3.3M        39M       290M
-/+ buffers/cache:       353M       639M
Swap:         8.0G         0B       8.0G

             total       used       free     shared    buffers     cached
Mem:          992M       683M       308M       3.2M        39M       290M
-/+ buffers/cache:       353M       639M
Swap:         8.0G         0B       8.0G

             total       used       free     shared    buffers     cached
Mem:          992M       685M       307M       3.2M        39M       290M
-/+ buffers/cache:       354M       637M
Swap:         8.0G         0B       8.0G

             total       used       free     shared    buffers     cached
Mem:          992M       691M       300M       3.2M        39M       290M
-/+ buffers/cache:       361M       631M
Swap:         8.0G         0B       8.0G

             total       used       free     shared    buffers     cached
Mem:          992M       691M       300M       3.2M        39M       290M
-/+ buffers/cache:       361M       631M
Swap:         8.0G         0B       8.0G

             total       used       free     shared    buffers     cached
Mem:          992M       704M       287M       3.2M        39M       290M
-/+ buffers/cache:       374M       618M
Swap:         8.0G         0B       8.0G

             total       used       free     shared    buffers     cached
Mem:          992M       670M       321M       3.2M        39M       292M
-/+ buffers/cache:       338M       653M
Swap:         8.0G         0B       8.0G

             total       used       free     shared    buffers     cached
Mem:          992M       680M       311M       3.2M        39M       292M
-/+ buffers/cache:       348M       643M
Swap:         8.0G         0B       8.0G

             total       used       free     shared    buffers     cached
Mem:          992M       688M       303M       3.2M        39M       294M
-/+ buffers/cache:       354M       637M
Swap:         8.0G         0B       8.0G

             total       used       free     shared    buffers     cached
Mem:          992M       695M       296M       3.3M        39M       294M
-/+ buffers/cache:       361M       630M
Swap:         8.0G         0B       8.0G

             total       used       free     shared    buffers     cached
Mem:          992M       698M       293M       3.3M        39M       294M
-/+ buffers/cache:       364M       628M
Swap:         8.0G         0B       8.0G

             total       used       free     shared    buffers     cached
Mem:          992M       698M       293M       3.3M        39M       294M
-/+ buffers/cache:       364M       627M
Swap:         8.0G         0B       8.0G

             total       used       free     shared    buffers     cached
Mem:          992M       714M       277M       3.3M        39M       294M
-/+ buffers/cache:       380M       612M
Swap:         8.0G         0B       8.0G

             total       used       free     shared    buffers     cached
Mem:          992M       723M       268M       3.3M        39M       294M
-/+ buffers/cache:       388M       603M
Swap:         8.0G         0B       8.0G

             total       used       free     shared    buffers     cached
Mem:          992M       724M       267M       3.3M        39M       294M
-/+ buffers/cache:       389M       602M
Swap:         8.0G         0B       8.0G

             total       used       free     shared    buffers     cached
Mem:          992M       739M       252M       3.3M        39M       294M
-/+ buffers/cache:       405M       586M
Swap:         8.0G         0B       8.0G

             total       used       free     shared    buffers     cached
Mem:          992M       739M       252M       3.3M        39M       294M
-/+ buffers/cache:       405M       586M
Swap:         8.0G         0B       8.0G

             total       used       free     shared    buffers     cached
Mem:          992M       739M       252M       3.3M        39M       294M
-/+ buffers/cache:       405M       586M
Swap:         8.0G         0B       8.0G

             total       used       free     shared    buffers     cached
Mem:          992M       739M       252M       3.3M        39M       294M
-/+ buffers/cache:       405M       586M
Swap:         8.0G         0B       8.0G

             total       used       free     shared    buffers     cached
Mem:          992M       739M       252M       3.3M        39M       294M
-/+ buffers/cache:       405M       586M
Swap:         8.0G         0B       8.0G

             total       used       free     shared    buffers     cached
Mem:          992M       742M       250M       3.3M        39M       294M
-/+ buffers/cache:       407M       584M
Swap:         8.0G         0B       8.0G

             total       used       free     shared    buffers     cached
Mem:          992M       742M       250M       3.3M        39M       294M
-/+ buffers/cache:       407M       584M
Swap:         8.0G         0B       8.0G

             total       used       free     shared    buffers     cached
Mem:          992M       742M       250M       3.3M        39M       294M
-/+ buffers/cache:       407M       584M
Swap:         8.0G         0B       8.0G

             total       used       free     shared    buffers     cached
Mem:          992M       742M       250M       3.3M        39M       294M
-/+ buffers/cache:       407M       584M
Swap:         8.0G         0B       8.0G

             total       used       free     shared    buffers     cached
Mem:          992M       722M       269M       3.3M        39M       295M
-/+ buffers/cache:       387M       604M
Swap:         8.0G         0B       8.0G

             total       used       free     shared    buffers     cached
Mem:          992M       726M       265M       3.3M        39M       297M
-/+ buffers/cache:       389M       602M
Swap:         8.0G         0B       8.0G

             total       used       free     shared    buffers     cached
Mem:          992M       726M       265M       3.3M        39M       299M
-/+ buffers/cache:       387M       604M
Swap:         8.0G         0B       8.0G

             total       used       free     shared    buffers     cached
Mem:          992M       727M       264M       3.3M        39M       299M
-/+ buffers/cache:       388M       603M
Swap:         8.0G         0B       8.0G

             total       used       free     shared    buffers     cached
Mem:          992M       727M       264M       3.3M        39M       299M
-/+ buffers/cache:       388M       603M
Swap:         8.0G         0B       8.0G

             total       used       free     shared    buffers     cached
Mem:          992M       727M       264M       3.3M        39M       299M
-/+ buffers/cache:       388M       603M
Swap:         8.0G         0B       8.0G

             total       used       free     shared    buffers     cached
Mem:          992M       727M       264M       3.3M        39M       299M
-/+ buffers/cache:       388M       603M
Swap:         8.0G         0B       8.0G

             total       used       free     shared    buffers     cached
Mem:          992M       727M       264M       3.3M        39M       299M
-/+ buffers/cache:       388M       603M
Swap:         8.0G         0B       8.0G

             total       used       free     shared    buffers     cached
Mem:          992M       727M       264M       3.3M        39M       299M
-/+ buffers/cache:       388M       603M
Swap:         8.0G         0B       8.0G

             total       used       free     shared    buffers     cached
Mem:          992M       727M       264M       3.3M        39M       299M
-/+ buffers/cache:       388M       603M
Swap:         8.0G         0B       8.0G

             total       used       free     shared    buffers     cached
Mem:          992M       727M       264M       3.3M        39M       299M
-/+ buffers/cache:       388M       603M
Swap:         8.0G         0B       8.0G

             total       used       free     shared    buffers     cached
Mem:          992M       727M       264M       3.3M        39M       299M
-/+ buffers/cache:       388M       603M
Swap:         8.0G         0B       8.0G

             total       used       free     shared    buffers     cached
Mem:          992M       727M       264M       3.3M        39M       299M
-/+ buffers/cache:       388M       603M
Swap:         8.0G         0B       8.0G

             total       used       free     shared    buffers     cached
Mem:          992M       727M       264M       3.3M        39M       299M
-/+ buffers/cache:       388M       603M
Swap:         8.0G         0B       8.0G

             total       used       free     shared    buffers     cached
Mem:          992M       727M       264M       3.3M        39M       299M
-/+ buffers/cache:       388M       603M
Swap:         8.0G         0B       8.0G

             total       used       free     shared    buffers     cached
Mem:          992M       727M       264M       3.3M        39M       299M
-/+ buffers/cache:       388M       603M
Swap:         8.0G         0B       8.0G

             total       used       free     shared    buffers     cached
Mem:          992M       727M       264M       3.3M        39M       299M
-/+ buffers/cache:       388M       603M
Swap:         8.0G         0B       8.0G

             total       used       free     shared    buffers     cached
Mem:          992M       727M       264M       3.3M        39M       299M
-/+ buffers/cache:       388M       604M
Swap:         8.0G         0B       8.0G

             total       used       free     shared    buffers     cached
Mem:          992M       727M       264M       3.3M        39M       299M
-/+ buffers/cache:       388M       604M
Swap:         8.0G         0B       8.0G

             total       used       free     shared    buffers     cached
Mem:          992M       727M       264M       3.3M        39M       299M
-/+ buffers/cache:       388M       604M
Swap:         8.0G         0B       8.0G

             total       used       free     shared    buffers     cached
Mem:          992M       727M       264M       3.3M        39M       299M
-/+ buffers/cache:       388M       604M
Swap:         8.0G         0B       8.0G

             total       used       free     shared    buffers     cached
Mem:          992M       727M       264M       3.3M        39M       299M
-/+ buffers/cache:       388M       604M
Swap:         8.0G         0B       8.0G

             total       used       free     shared    buffers     cached
Mem:          992M       727M       264M       3.3M        39M       299M
-/+ buffers/cache:       388M       604M
Swap:         8.0G         0B       8.0G

             total       used       free     shared    buffers     cached
Mem:          992M       727M       264M       3.3M        39M       299M
-/+ buffers/cache:       388M       604M
Swap:         8.0G         0B       8.0G

             total       used       free     shared    buffers     cached
Mem:          992M       727M       264M       3.3M        39M       299M
-/+ buffers/cache:       388M       604M
Swap:         8.0G         0B       8.0G

             total       used       free     shared    buffers     cached
Mem:          992M       727M       264M       3.3M        39M       299M
-/+ buffers/cache:       388M       604M
Swap:         8.0G         0B       8.0G

             total       used       free     shared    buffers     cached
Mem:          992M       727M       264M       3.3M        39M       299M
-/+ buffers/cache:       388M       604M
Swap:         8.0G         0B       8.0G

             total       used       free     shared    buffers     cached
Mem:          992M       727M       264M       3.3M        39M       299M
-/+ buffers/cache:       388M       604M
Swap:         8.0G         0B       8.0G

             total       used       free     shared    buffers     cached
Mem:          992M       727M       264M       3.3M        39M       299M
-/+ buffers/cache:       388M       604M
Swap:         8.0G         0B       8.0G

             total       used       free     shared    buffers     cached
Mem:          992M       727M       264M       3.3M        39M       299M
-/+ buffers/cache:       388M       604M
Swap:         8.0G         0B       8.0G

             total       used       free     shared    buffers     cached
Mem:          992M       727M       264M       3.3M        39M       299M
-/+ buffers/cache:       388M       604M
Swap:         8.0G         0B       8.0G

             total       used       free     shared    buffers     cached
Mem:          992M       727M       264M       3.3M        39M       299M
-/+ buffers/cache:       388M       604M
Swap:         8.0G         0B       8.0G

             total       used       free     shared    buffers     cached
Mem:          992M       727M       264M       3.3M        39M       299M
-/+ buffers/cache:       388M       604M
Swap:         8.0G         0B       8.0G

             total       used       free     shared    buffers     cached
Mem:          992M       729M       262M       3.3M        39M       300M
-/+ buffers/cache:       389M       602M
Swap:         8.0G         0B       8.0G

             total       used       free     shared    buffers     cached
Mem:          992M       729M       262M       3.3M        39M       300M
-/+ buffers/cache:       389M       602M
Swap:         8.0G         0B       8.0G

             total       used       free     shared    buffers     cached
Mem:          992M       729M       262M       3.3M        39M       300M
-/+ buffers/cache:       389M       602M
Swap:         8.0G         0B       8.0G

             total       used       free     shared    buffers     cached
Mem:          992M       729M       262M       3.3M        39M       300M
-/+ buffers/cache:       389M       602M
Swap:         8.0G         0B       8.0G

             total       used       free     shared    buffers     cached
Mem:          992M       729M       262M       3.3M        39M       300M
-/+ buffers/cache:       389M       602M
Swap:         8.0G         0B       8.0G

             total       used       free     shared    buffers     cached
Mem:          992M       729M       262M       3.3M        39M       300M
-/+ buffers/cache:       389M       602M
Swap:         8.0G         0B       8.0G

             total       used       free     shared    buffers     cached
Mem:          992M       728M       264M       1.5M        39M       298M
-/+ buffers/cache:       389M       602M
Swap:         8.0G         0B       8.0G

             total       used       free     shared    buffers     cached
Mem:          992M       728M       264M       1.5M        39M       298M
-/+ buffers/cache:       389M       602M
Swap:         8.0G         0B       8.0G

             total       used       free     shared    buffers     cached
Mem:          992M       728M       264M       1.5M        39M       298M
-/+ buffers/cache:       389M       602M
Swap:         8.0G         0B       8.0G

             total       used       free     shared    buffers     cached
Mem:          992M       728M       264M       1.5M        39M       298M
-/+ buffers/cache:       389M       602M
Swap:         8.0G         0B       8.0G

             total       used       free     shared    buffers     cached
Mem:          992M       728M       264M       1.5M        40M       298M
-/+ buffers/cache:       389M       602M
Swap:         8.0G         0B       8.0G

             total       used       free     shared    buffers     cached
Mem:          992M       728M       264M       1.5M        40M       298M
-/+ buffers/cache:       389M       602M
Swap:         8.0G         0B       8.0G

             total       used       free     shared    buffers     cached
Mem:          992M       728M       264M       1.5M        40M       298M
-/+ buffers/cache:       389M       602M
Swap:         8.0G         0B       8.0G

             total       used       free     shared    buffers     cached
Mem:          992M       728M       264M       1.5M        40M       298M
-/+ buffers/cache:       389M       602M
Swap:         8.0G         0B       8.0G

             total       used       free     shared    buffers     cached
Mem:          992M       728M       264M       1.5M        40M       298M
-/+ buffers/cache:       389M       602M
Swap:         8.0G         0B       8.0G

             total       used       free     shared    buffers     cached
Mem:          992M       728M       264M       1.5M        40M       298M
-/+ buffers/cache:       389M       602M
Swap:         8.0G         0B       8.0G

             total       used       free     shared    buffers     cached
Mem:          992M       728M       264M       1.5M        40M       298M
-/+ buffers/cache:       389M       602M
Swap:         8.0G         0B       8.0G

             total       used       free     shared    buffers     cached
Mem:          992M       728M       264M       1.5M        40M       298M
-/+ buffers/cache:       389M       602M
Swap:         8.0G         0B       8.0G

             total       used       free     shared    buffers     cached
Mem:          992M       728M       264M       1.5M        40M       298M
-/+ buffers/cache:       389M       602M
Swap:         8.0G         0B       8.0G

             total       used       free     shared    buffers     cached
Mem:          992M       728M       264M       1.5M        40M       298M
-/+ buffers/cache:       389M       602M
Swap:         8.0G         0B       8.0G

             total       used       free     shared    buffers     cached
Mem:          992M       728M       264M       1.5M        40M       298M
-/+ buffers/cache:       389M       602M
Swap:         8.0G         0B       8.0G

             total       used       free     shared    buffers     cached
Mem:          992M       728M       264M       1.5M        40M       298M
-/+ buffers/cache:       389M       602M
Swap:         8.0G         0B       8.0G

             total       used       free     shared    buffers     cached
Mem:          992M       727M       264M       1.5M        40M       298M
-/+ buffers/cache:       389M       602M
Swap:         8.0G         0B       8.0G

             total       used       free     shared    buffers     cached
Mem:          992M       727M       264M       1.5M        40M       298M
-/+ buffers/cache:       389M       602M
Swap:         8.0G         0B       8.0G

             total       used       free     shared    buffers     cached
Mem:          992M       727M       264M       1.5M        40M       298M
-/+ buffers/cache:       389M       602M
Swap:         8.0G         0B       8.0G

             total       used       free     shared    buffers     cached
Mem:          992M       727M       264M       1.5M        40M       298M
-/+ buffers/cache:       389M       602M
Swap:         8.0G         0B       8.0G

             total       used       free     shared    buffers     cached
Mem:          992M       727M       264M       1.5M        40M       298M
-/+ buffers/cache:       389M       602M
Swap:         8.0G         0B       8.0G

             total       used       free     shared    buffers     cached
Mem:          992M       727M       264M       1.5M        40M       298M
-/+ buffers/cache:       389M       602M
Swap:         8.0G         0B       8.0G

             total       used       free     shared    buffers     cached
Mem:          992M       727M       264M       1.5M        40M       298M
-/+ buffers/cache:       389M       602M
Swap:         8.0G         0B       8.0G

             total       used       free     shared    buffers     cached
Mem:          992M       727M       264M       1.5M        40M       298M
-/+ buffers/cache:       389M       602M
Swap:         8.0G         0B       8.0G

             total       used       free     shared    buffers     cached
Mem:          992M       727M       264M       1.5M        40M       298M
-/+ buffers/cache:       389M       602M
Swap:         8.0G         0B       8.0G

             total       used       free     shared    buffers     cached
Mem:          992M       727M       264M       1.5M        40M       298M
-/+ buffers/cache:       389M       602M
Swap:         8.0G         0B       8.0G

             total       used       free     shared    buffers     cached
Mem:          992M       727M       264M       1.5M        40M       298M
-/+ buffers/cache:       389M       602M
Swap:         8.0G         0B       8.0G

             total       used       free     shared    buffers     cached
Mem:          992M       727M       264M       1.5M        40M       298M
-/+ buffers/cache:       389M       602M
Swap:         8.0G         0B       8.0G

             total       used       free     shared    buffers     cached
Mem:          992M       727M       264M       1.5M        40M       298M
-/+ buffers/cache:       389M       602M
Swap:         8.0G         0B       8.0G

             total       used       free     shared    buffers     cached
Mem:          992M       727M       264M       1.5M        40M       298M
-/+ buffers/cache:       389M       602M
Swap:         8.0G         0B       8.0G

             total       used       free     shared    buffers     cached
Mem:          992M       727M       264M       1.5M        40M       298M
-/+ buffers/cache:       389M       602M
Swap:         8.0G         0B       8.0G

             total       used       free     shared    buffers     cached
Mem:          992M       727M       264M       1.5M        40M       298M
-/+ buffers/cache:       389M       602M
Swap:         8.0G         0B       8.0G

             total       used       free     shared    buffers     cached
Mem:          992M       727M       264M       1.5M        40M       298M
-/+ buffers/cache:       389M       602M
Swap:         8.0G         0B       8.0G

             total       used       free     shared    buffers     cached
Mem:          992M       727M       264M       1.5M        40M       298M
-/+ buffers/cache:       389M       602M
Swap:         8.0G         0B       8.0G

             total       used       free     shared    buffers     cached
Mem:          992M       727M       264M       1.5M        40M       298M
-/+ buffers/cache:       389M       602M
Swap:         8.0G         0B       8.0G

             total       used       free     shared    buffers     cached
Mem:          992M       727M       264M       1.5M        40M       298M
-/+ buffers/cache:       389M       602M
Swap:         8.0G         0B       8.0G

             total       used       free     shared    buffers     cached
Mem:          992M       727M       264M       1.5M        40M       298M
-/+ buffers/cache:       389M       602M
Swap:         8.0G         0B       8.0G

             total       used       free     shared    buffers     cached
Mem:          992M       727M       264M       1.5M        40M       298M
-/+ buffers/cache:       389M       602M
Swap:         8.0G         0B       8.0G

             total       used       free     shared    buffers     cached
Mem:          992M       727M       264M       1.5M        40M       298M
-/+ buffers/cache:       389M       602M
Swap:         8.0G         0B       8.0G

             total       used       free     shared    buffers     cached
Mem:          992M       727M       264M       1.5M        40M       298M
-/+ buffers/cache:       389M       602M
Swap:         8.0G         0B       8.0G

             total       used       free     shared    buffers     cached
Mem:          992M       727M       264M       1.5M        40M       298M
-/+ buffers/cache:       389M       602M
Swap:         8.0G         0B       8.0G

             total       used       free     shared    buffers     cached
Mem:          992M       727M       264M       1.5M        40M       298M
-/+ buffers/cache:       389M       602M
Swap:         8.0G         0B       8.0G

             total       used       free     shared    buffers     cached
Mem:          992M       727M       264M       1.5M        40M       298M
-/+ buffers/cache:       389M       602M
Swap:         8.0G         0B       8.0G

             total       used       free     shared    buffers     cached
Mem:          992M       727M       264M       1.5M        40M       298M
-/+ buffers/cache:       389M       602M
Swap:         8.0G         0B       8.0G

             total       used       free     shared    buffers     cached
Mem:          992M       727M       264M       1.5M        40M       298M
-/+ buffers/cache:       389M       602M
Swap:         8.0G         0B       8.0G

             total       used       free     shared    buffers     cached
Mem:          992M       727M       264M       1.5M        40M       298M
-/+ buffers/cache:       389M       602M
Swap:         8.0G         0B       8.0G

             total       used       free     shared    buffers     cached
Mem:          992M       727M       264M       1.5M        40M       298M
-/+ buffers/cache:       389M       602M
Swap:         8.0G         0B       8.0G

             total       used       free     shared    buffers     cached
Mem:          992M       727M       264M       1.5M        40M       298M
-/+ buffers/cache:       389M       602M
Swap:         8.0G         0B       8.0G

             total       used       free     shared    buffers     cached
Mem:          992M       727M       264M       1.5M        40M       298M
-/+ buffers/cache:       389M       602M
Swap:         8.0G         0B       8.0G

             total       used       free     shared    buffers     cached
Mem:          992M       727M       264M       1.5M        40M       298M
-/+ buffers/cache:       389M       602M
Swap:         8.0G         0B       8.0G

             total       used       free     shared    buffers     cached
Mem:          992M       727M       264M       1.5M        40M       298M
-/+ buffers/cache:       389M       602M
Swap:         8.0G         0B       8.0G

             total       used       free     shared    buffers     cached
Mem:          992M       727M       264M       1.5M        40M       298M
-/+ buffers/cache:       389M       602M
Swap:         8.0G         0B       8.0G

             total       used       free     shared    buffers     cached
Mem:          992M       727M       264M       1.5M        40M       298M
-/+ buffers/cache:       389M       602M
Swap:         8.0G         0B       8.0G

             total       used       free     shared    buffers     cached
Mem:          992M       727M       264M       1.5M        40M       298M
-/+ buffers/cache:       389M       602M
Swap:         8.0G         0B       8.0G

             total       used       free     shared    buffers     cached
Mem:          992M       727M       264M       1.5M        40M       298M
-/+ buffers/cache:       389M       602M
Swap:         8.0G         0B       8.0G

             total       used       free     shared    buffers     cached
Mem:          992M       727M       264M       1.5M        40M       298M
-/+ buffers/cache:       389M       602M
Swap:         8.0G         0B       8.0G

             total       used       free     shared    buffers     cached
Mem:          992M       727M       264M       1.5M        40M       298M
-/+ buffers/cache:       389M       602M
Swap:         8.0G         0B       8.0G

             total       used       free     shared    buffers     cached
Mem:          992M       727M       264M       1.5M        40M       298M
-/+ buffers/cache:       389M       602M
Swap:         8.0G         0B       8.0G

             total       used       free     shared    buffers     cached
Mem:          992M       728M       264M       1.5M        40M       298M
-/+ buffers/cache:       389M       602M
Swap:         8.0G         0B       8.0G

             total       used       free     shared    buffers     cached
Mem:          992M       728M       264M       1.5M        40M       298M
-/+ buffers/cache:       389M       602M
Swap:         8.0G         0B       8.0G

             total       used       free     shared    buffers     cached
Mem:          992M       728M       264M       1.5M        40M       298M
-/+ buffers/cache:       389M       602M
Swap:         8.0G         0B       8.0G

             total       used       free     shared    buffers     cached
Mem:          992M       728M       264M       1.5M        40M       298M
-/+ buffers/cache:       389M       602M
Swap:         8.0G         0B       8.0G

             total       used       free     shared    buffers     cached
Mem:          992M       728M       264M       1.5M        40M       298M
-/+ buffers/cache:       389M       602M
Swap:         8.0G         0B       8.0G

             total       used       free     shared    buffers     cached
Mem:          992M       728M       264M       1.5M        40M       298M
-/+ buffers/cache:       389M       602M
Swap:         8.0G         0B       8.0G

             total       used       free     shared    buffers     cached
Mem:          992M       728M       264M       1.5M        40M       298M
-/+ buffers/cache:       389M       602M
Swap:         8.0G         0B       8.0G

             total       used       free     shared    buffers     cached
Mem:          992M       728M       264M       1.5M        40M       298M
-/+ buffers/cache:       389M       602M
Swap:         8.0G         0B       8.0G

             total       used       free     shared    buffers     cached
Mem:          992M       728M       264M       1.5M        40M       298M
-/+ buffers/cache:       389M       602M
Swap:         8.0G         0B       8.0G

             total       used       free     shared    buffers     cached
Mem:          992M       728M       264M       1.5M        40M       298M
-/+ buffers/cache:       389M       602M
Swap:         8.0G         0B       8.0G

             total       used       free     shared    buffers     cached
Mem:          992M       728M       264M       1.5M        40M       298M
-/+ buffers/cache:       389M       602M
Swap:         8.0G         0B       8.0G

             total       used       free     shared    buffers     cached
Mem:          992M       728M       264M       1.5M        40M       298M
-/+ buffers/cache:       389M       602M
Swap:         8.0G         0B       8.0G

             total       used       free     shared    buffers     cached
Mem:          992M       728M       264M       1.5M        40M       298M
-/+ buffers/cache:       389M       602M
Swap:         8.0G         0B       8.0G

             total       used       free     shared    buffers     cached
Mem:          992M       728M       264M       1.5M        40M       298M
-/+ buffers/cache:       389M       602M
Swap:         8.0G         0B       8.0G

             total       used       free     shared    buffers     cached
Mem:          992M       728M       264M       1.5M        40M       298M
-/+ buffers/cache:       389M       602M
Swap:         8.0G         0B       8.0G

             total       used       free     shared    buffers     cached
Mem:          992M       728M       264M       1.5M        40M       298M
-/+ buffers/cache:       389M       602M
Swap:         8.0G         0B       8.0G

             total       used       free     shared    buffers     cached
Mem:          992M       728M       264M       1.5M        40M       298M
-/+ buffers/cache:       389M       602M
Swap:         8.0G         0B       8.0G

             total       used       free     shared    buffers     cached
Mem:          992M       728M       264M       1.5M        40M       298M
-/+ buffers/cache:       389M       602M
Swap:         8.0G         0B       8.0G

             total       used       free     shared    buffers     cached
Mem:          992M       728M       264M       1.5M        40M       298M
-/+ buffers/cache:       389M       602M
Swap:         8.0G         0B       8.0G

             total       used       free     shared    buffers     cached
Mem:          992M       728M       264M       1.5M        40M       298M
-/+ buffers/cache:       389M       602M
Swap:         8.0G         0B       8.0G

             total       used       free     shared    buffers     cached
Mem:          992M       728M       264M       1.5M        40M       298M
-/+ buffers/cache:       389M       602M
Swap:         8.0G         0B       8.0G

             total       used       free     shared    buffers     cached
Mem:          992M       728M       264M       1.5M        40M       298M
-/+ buffers/cache:       389M       602M
Swap:         8.0G         0B       8.0G

             total       used       free     shared    buffers     cached
Mem:          992M       728M       264M       1.5M        40M       298M
-/+ buffers/cache:       389M       602M
Swap:         8.0G         0B       8.0G

             total       used       free     shared    buffers     cached
Mem:          992M       728M       264M       1.5M        40M       298M
-/+ buffers/cache:       389M       602M
Swap:         8.0G         0B       8.0G

             total       used       free     shared    buffers     cached
Mem:          992M       728M       264M       1.5M        40M       298M
-/+ buffers/cache:       389M       602M
Swap:         8.0G         0B       8.0G

             total       used       free     shared    buffers     cached
Mem:          992M       728M       264M       1.5M        40M       298M
-/+ buffers/cache:       389M       602M
Swap:         8.0G         0B       8.0G

             total       used       free     shared    buffers     cached
Mem:          992M       728M       264M       1.5M        40M       298M
-/+ buffers/cache:       389M       602M
Swap:         8.0G         0B       8.0G

             total       used       free     shared    buffers     cached
Mem:          992M       728M       264M       1.5M        40M       298M
-/+ buffers/cache:       389M       602M
Swap:         8.0G         0B       8.0G

             total       used       free     shared    buffers     cached
Mem:          992M       728M       264M       1.5M        40M       298M
-/+ buffers/cache:       389M       602M
Swap:         8.0G         0B       8.0G

             total       used       free     shared    buffers     cached
Mem:          992M       728M       264M       1.5M        40M       298M
-/+ buffers/cache:       389M       602M
Swap:         8.0G         0B       8.0G

             total       used       free     shared    buffers     cached
Mem:          992M       728M       264M       1.5M        40M       298M
-/+ buffers/cache:       389M       602M
Swap:         8.0G         0B       8.0G

             total       used       free     shared    buffers     cached
Mem:          992M       728M       264M       1.5M        40M       298M
-/+ buffers/cache:       389M       602M
Swap:         8.0G         0B       8.0G

             total       used       free     shared    buffers     cached
Mem:          992M       728M       264M       1.5M        40M       298M
-/+ buffers/cache:       389M       602M
Swap:         8.0G         0B       8.0G

             total       used       free     shared    buffers     cached
Mem:          992M       728M       264M       1.5M        40M       298M
-/+ buffers/cache:       389M       602M
Swap:         8.0G         0B       8.0G

             total       used       free     shared    buffers     cached
Mem:          992M       728M       264M       1.5M        40M       298M
-/+ buffers/cache:       389M       602M
Swap:         8.0G         0B       8.0G

             total       used       free     shared    buffers     cached
Mem:          992M       728M       264M       1.5M        40M       298M
-/+ buffers/cache:       389M       602M
Swap:         8.0G         0B       8.0G

             total       used       free     shared    buffers     cached
Mem:          992M       728M       264M       1.5M        40M       298M
-/+ buffers/cache:       389M       602M
Swap:         8.0G         0B       8.0G

             total       used       free     shared    buffers     cached
Mem:          992M       728M       264M       1.5M        40M       298M
-/+ buffers/cache:       389M       602M
Swap:         8.0G         0B       8.0G

             total       used       free     shared    buffers     cached
Mem:          992M       728M       264M       1.5M        40M       298M
-/+ buffers/cache:       389M       602M
Swap:         8.0G         0B       8.0G

             total       used       free     shared    buffers     cached
Mem:          992M       728M       264M       1.5M        40M       298M
-/+ buffers/cache:       389M       602M
Swap:         8.0G         0B       8.0G

             total       used       free     shared    buffers     cached
Mem:          992M       728M       264M       1.5M        40M       298M
-/+ buffers/cache:       389M       602M
Swap:         8.0G         0B       8.0G

             total       used       free     shared    buffers     cached
Mem:          992M       728M       264M       1.5M        40M       298M
-/+ buffers/cache:       389M       602M
Swap:         8.0G         0B       8.0G

             total       used       free     shared    buffers     cached
Mem:          992M       728M       264M       1.5M        40M       298M
-/+ buffers/cache:       389M       602M
Swap:         8.0G         0B       8.0G

             total       used       free     shared    buffers     cached
Mem:          992M       728M       264M       1.5M        40M       298M
-/+ buffers/cache:       389M       602M
Swap:         8.0G         0B       8.0G

             total       used       free     shared    buffers     cached
Mem:          992M       728M       264M       1.5M        40M       298M
-/+ buffers/cache:       389M       602M
Swap:         8.0G         0B       8.0G

             total       used       free     shared    buffers     cached
Mem:          992M       728M       264M       1.5M        40M       298M
-/+ buffers/cache:       389M       602M
Swap:         8.0G         0B       8.0G

             total       used       free     shared    buffers     cached
Mem:          992M       728M       264M       1.5M        40M       298M
-/+ buffers/cache:       389M       602M
Swap:         8.0G         0B       8.0G

             total       used       free     shared    buffers     cached
Mem:          992M       728M       264M       1.5M        40M       298M
-/+ buffers/cache:       389M       602M
Swap:         8.0G         0B       8.0G

             total       used       free     shared    buffers     cached
Mem:          992M       728M       264M       1.5M        40M       298M
-/+ buffers/cache:       389M       602M
Swap:         8.0G         0B       8.0G

             total       used       free     shared    buffers     cached
Mem:          992M       728M       264M       1.5M        40M       298M
-/+ buffers/cache:       389M       602M
Swap:         8.0G         0B       8.0G

             total       used       free     shared    buffers     cached
Mem:          992M       735M       256M       2.0M        40M       299M
-/+ buffers/cache:       396M       596M
Swap:         8.0G         0B       8.0G

             total       used       free     shared    buffers     cached
Mem:          992M       735M       256M       2.0M        40M       299M
-/+ buffers/cache:       396M       596M
Swap:         8.0G         0B       8.0G

             total       used       free     shared    buffers     cached
Mem:          992M       735M       256M       2.0M        40M       299M
-/+ buffers/cache:       396M       596M
Swap:         8.0G         0B       8.0G

             total       used       free     shared    buffers     cached
Mem:          992M       735M       256M       2.0M        40M       299M
-/+ buffers/cache:       396M       596M
Swap:         8.0G         0B       8.0G

             total       used       free     shared    buffers     cached
Mem:          992M       735M       256M       2.0M        40M       299M
-/+ buffers/cache:       396M       596M
Swap:         8.0G         0B       8.0G

             total       used       free     shared    buffers     cached
Mem:          992M       735M       256M       2.0M        40M       299M
-/+ buffers/cache:       396M       596M
Swap:         8.0G         0B       8.0G

             total       used       free     shared    buffers     cached
Mem:          992M       735M       256M       2.0M        40M       299M
-/+ buffers/cache:       396M       596M
Swap:         8.0G         0B       8.0G

             total       used       free     shared    buffers     cached
Mem:          992M       736M       255M       2.0M        40M       299M
-/+ buffers/cache:       396M       595M
Swap:         8.0G         0B       8.0G

             total       used       free     shared    buffers     cached
Mem:          992M       736M       255M       2.0M        40M       299M
-/+ buffers/cache:       396M       595M
Swap:         8.0G         0B       8.0G
