             total       used       free     shared    buffers     cached
Mem:          992M       717M       274M       3.2M        39M       293M
-/+ buffers/cache:       384M       607M
Swap:         8.0G         0B       8.0G

             total       used       free     shared    buffers     cached
Mem:          992M       719M       272M       3.3M        39M       296M
-/+ buffers/cache:       384M       608M
Swap:         8.0G         0B       8.0G

             total       used       free     shared    buffers     cached
Mem:          992M       721M       270M       3.3M        39M       296M
-/+ buffers/cache:       385M       606M
Swap:         8.0G         0B       8.0G

             total       used       free     shared    buffers     cached
Mem:          992M       721M       271M       3.3M        39M       296M
-/+ buffers/cache:       385M       606M
Swap:         8.0G         0B       8.0G

             total       used       free     shared    buffers     cached
Mem:          992M       721M       271M       3.3M        39M       296M
-/+ buffers/cache:       385M       606M
Swap:         8.0G         0B       8.0G

             total       used       free     shared    buffers     cached
Mem:          992M       721M       271M       3.3M        39M       296M
-/+ buffers/cache:       385M       606M
Swap:         8.0G         0B       8.0G

             total       used       free     shared    buffers     cached
Mem:          992M       721M       271M       3.3M        39M       296M
-/+ buffers/cache:       385M       606M
Swap:         8.0G         0B       8.0G

             total       used       free     shared    buffers     cached
Mem:          992M       721M       271M       3.3M        39M       296M
-/+ buffers/cache:       385M       606M
Swap:         8.0G         0B       8.0G

             total       used       free     shared    buffers     cached
Mem:          992M       721M       271M       3.3M        39M       296M
-/+ buffers/cache:       385M       606M
Swap:         8.0G         0B       8.0G

             total       used       free     shared    buffers     cached
Mem:          992M       721M       271M       3.3M        39M       296M
-/+ buffers/cache:       385M       606M
Swap:         8.0G         0B       8.0G

             total       used       free     shared    buffers     cached
Mem:          992M       721M       271M       3.3M        39M       296M
-/+ buffers/cache:       385M       606M
Swap:         8.0G         0B       8.0G

             total       used       free     shared    buffers     cached
Mem:          992M       723M       269M       3.3M        39M       296M
-/+ buffers/cache:       386M       605M
Swap:         8.0G         0B       8.0G

             total       used       free     shared    buffers     cached
Mem:          992M       723M       269M       3.3M        39M       296M
-/+ buffers/cache:       387M       605M
Swap:         8.0G         0B       8.0G

             total       used       free     shared    buffers     cached
Mem:          992M       723M       269M       3.3M        39M       296M
-/+ buffers/cache:       386M       605M
Swap:         8.0G         0B       8.0G

             total       used       free     shared    buffers     cached
Mem:          992M       723M       269M       3.3M        39M       296M
-/+ buffers/cache:       386M       605M
Swap:         8.0G         0B       8.0G

             total       used       free     shared    buffers     cached
Mem:          992M       723M       269M       3.3M        39M       296M
-/+ buffers/cache:       386M       605M
Swap:         8.0G         0B       8.0G

             total       used       free     shared    buffers     cached
Mem:          992M       722M       269M       3.3M        39M       296M
-/+ buffers/cache:       386M       605M
Swap:         8.0G         0B       8.0G

             total       used       free     shared    buffers     cached
Mem:          992M       723M       269M       3.3M        39M       296M
-/+ buffers/cache:       387M       605M
Swap:         8.0G         0B       8.0G

             total       used       free     shared    buffers     cached
Mem:          992M       723M       269M       3.3M        39M       296M
-/+ buffers/cache:       387M       605M
Swap:         8.0G         0B       8.0G

             total       used       free     shared    buffers     cached
Mem:          992M       723M       269M       3.3M        39M       296M
-/+ buffers/cache:       387M       605M
Swap:         8.0G         0B       8.0G

             total       used       free     shared    buffers     cached
Mem:          992M       723M       269M       3.3M        39M       296M
-/+ buffers/cache:       387M       605M
Swap:         8.0G         0B       8.0G

             total       used       free     shared    buffers     cached
Mem:          992M       723M       268M       3.3M        39M       296M
-/+ buffers/cache:       387M       604M
Swap:         8.0G         0B       8.0G

             total       used       free     shared    buffers     cached
Mem:          992M       723M       268M       3.3M        39M       296M
-/+ buffers/cache:       387M       604M
Swap:         8.0G         0B       8.0G

             total       used       free     shared    buffers     cached
Mem:          992M       723M       268M       3.3M        39M       296M
-/+ buffers/cache:       387M       604M
Swap:         8.0G         0B       8.0G

             total       used       free     shared    buffers     cached
Mem:          992M       723M       268M       3.3M        39M       296M
-/+ buffers/cache:       387M       604M
Swap:         8.0G         0B       8.0G

             total       used       free     shared    buffers     cached
Mem:          992M       723M       268M       3.3M        39M       296M
-/+ buffers/cache:       387M       604M
Swap:         8.0G         0B       8.0G

             total       used       free     shared    buffers     cached
Mem:          992M       723M       268M       3.3M        39M       296M
-/+ buffers/cache:       387M       604M
Swap:         8.0G         0B       8.0G

             total       used       free     shared    buffers     cached
Mem:          992M       723M       268M       3.3M        39M       296M
-/+ buffers/cache:       387M       604M
Swap:         8.0G         0B       8.0G

             total       used       free     shared    buffers     cached
Mem:          992M       723M       268M       3.3M        39M       296M
-/+ buffers/cache:       387M       604M
Swap:         8.0G         0B       8.0G

             total       used       free     shared    buffers     cached
Mem:          992M       723M       268M       3.3M        39M       296M
-/+ buffers/cache:       387M       604M
Swap:         8.0G         0B       8.0G

             total       used       free     shared    buffers     cached
Mem:          992M       723M       268M       3.3M        39M       296M
-/+ buffers/cache:       387M       604M
Swap:         8.0G         0B       8.0G

             total       used       free     shared    buffers     cached
Mem:          992M       723M       268M       3.3M        39M       296M
-/+ buffers/cache:       387M       604M
Swap:         8.0G         0B       8.0G

             total       used       free     shared    buffers     cached
Mem:          992M       723M       268M       3.3M        39M       296M
-/+ buffers/cache:       387M       604M
Swap:         8.0G         0B       8.0G

             total       used       free     shared    buffers     cached
Mem:          992M       727M       264M       3.3M        39M       296M
-/+ buffers/cache:       391M       600M
Swap:         8.0G         0B       8.0G

             total       used       free     shared    buffers     cached
Mem:          992M       743M       248M       3.3M        39M       296M
-/+ buffers/cache:       407M       584M
Swap:         8.0G         0B       8.0G

             total       used       free     shared    buffers     cached
Mem:          992M       758M       234M       3.3M        39M       296M
-/+ buffers/cache:       421M       570M
Swap:         8.0G         0B       8.0G

             total       used       free     shared    buffers     cached
Mem:          992M       772M       219M       3.3M        39M       296M
-/+ buffers/cache:       436M       555M
Swap:         8.0G         0B       8.0G

             total       used       free     shared    buffers     cached
Mem:          992M       787M       205M       3.3M        39M       296M
-/+ buffers/cache:       450M       541M
Swap:         8.0G         0B       8.0G

             total       used       free     shared    buffers     cached
Mem:          992M       801M       190M       3.3M        39M       296M
-/+ buffers/cache:       465M       526M
Swap:         8.0G         0B       8.0G

             total       used       free     shared    buffers     cached
Mem:          992M       817M       175M       3.3M        39M       296M
-/+ buffers/cache:       481M       511M
Swap:         8.0G         0B       8.0G

             total       used       free     shared    buffers     cached
Mem:          992M       831M       161M       3.3M        39M       296M
-/+ buffers/cache:       494M       497M
Swap:         8.0G         0B       8.0G

             total       used       free     shared    buffers     cached
Mem:          992M       844M       147M       3.3M        39M       296M
-/+ buffers/cache:       508M       483M
Swap:         8.0G         0B       8.0G

             total       used       free     shared    buffers     cached
Mem:          992M       859M       132M       3.3M        39M       296M
-/+ buffers/cache:       523M       468M
Swap:         8.0G         0B       8.0G

             total       used       free     shared    buffers     cached
Mem:          992M       875M       116M       3.3M        39M       296M
-/+ buffers/cache:       539M       452M
Swap:         8.0G         0B       8.0G

             total       used       free     shared    buffers     cached
Mem:          992M       890M       101M       3.3M        39M       296M
-/+ buffers/cache:       554M       437M
Swap:         8.0G         0B       8.0G

             total       used       free     shared    buffers     cached
Mem:          992M       905M        86M       3.3M        39M       296M
-/+ buffers/cache:       569M       422M
Swap:         8.0G         0B       8.0G

             total       used       free     shared    buffers     cached
Mem:          992M       920M        71M       3.3M        39M       296M
-/+ buffers/cache:       584M       407M
Swap:         8.0G         0B       8.0G

             total       used       free     shared    buffers     cached
Mem:          992M       923M        68M       3.3M        27M       295M
-/+ buffers/cache:       600M       391M
Swap:         8.0G         0B       8.0G

             total       used       free     shared    buffers     cached
Mem:          992M       921M        70M       3.3M        13M       295M
-/+ buffers/cache:       613M       379M
Swap:         8.0G         0B       8.0G

             total       used       free     shared    buffers     cached
Mem:          992M       920M        72M       3.3M        11M       283M
-/+ buffers/cache:       625M       366M
Swap:         8.0G         0B       8.0G

             total       used       free     shared    buffers     cached
Mem:          992M       931M        60M       3.3M        11M       281M
-/+ buffers/cache:       638M       353M
Swap:         8.0G        36K       8.0G

             total       used       free     shared    buffers     cached
Mem:          992M       925M        66M       3.1M        10M       262M
-/+ buffers/cache:       652M       339M
Swap:         8.0G       188K       8.0G

             total       used       free     shared    buffers     cached
Mem:          992M       924M        67M       3.1M        10M       246M
-/+ buffers/cache:       666M       325M
Swap:         8.0G       232K       8.0G

             total       used       free     shared    buffers     cached
Mem:          992M       898M        93M       2.9M        10M       211M
-/+ buffers/cache:       677M       314M
Swap:         8.0G        22M       8.0G

             total       used       free     shared    buffers     cached
Mem:          992M       915M        76M       2.9M        10M       212M
-/+ buffers/cache:       692M       299M
Swap:         8.0G        22M       8.0G

             total       used       free     shared    buffers     cached
Mem:          992M       919M        72M       2.9M        10M       212M
-/+ buffers/cache:       696M       295M
Swap:         8.0G        22M       8.0G

             total       used       free     shared    buffers     cached
Mem:          992M       919M        72M       2.9M        10M       212M
-/+ buffers/cache:       696M       295M
Swap:         8.0G        22M       8.0G

             total       used       free     shared    buffers     cached
Mem:          992M       919M        72M       2.9M        10M       212M
-/+ buffers/cache:       696M       295M
Swap:         8.0G        22M       8.0G

             total       used       free     shared    buffers     cached
Mem:          992M       921M        70M       2.9M        10M       212M
-/+ buffers/cache:       698M       293M
Swap:         8.0G        22M       8.0G

             total       used       free     shared    buffers     cached
Mem:          992M       929M        62M       2.9M        10M       212M
-/+ buffers/cache:       706M       285M
Swap:         8.0G        22M       8.0G

             total       used       free     shared    buffers     cached
Mem:          992M       922M        69M       2.9M       3.6M       206M
-/+ buffers/cache:       712M       279M
Swap:         8.0G        22M       8.0G

             total       used       free     shared    buffers     cached
Mem:          992M       923M        69M       2.9M       1.9M       196M
-/+ buffers/cache:       725M       267M
Swap:         8.0G        22M       8.0G

             total       used       free     shared    buffers     cached
Mem:          992M       923M        68M       2.9M       1.2M       179M
-/+ buffers/cache:       742M       249M
Swap:         8.0G        22M       8.0G

             total       used       free     shared    buffers     cached
Mem:          992M       910M        81M       2.9M       1.4M       158M
-/+ buffers/cache:       751M       241M
Swap:         8.0G        22M       8.0G

             total       used       free     shared    buffers     cached
Mem:          992M       926M        65M       2.9M       1.4M       158M
-/+ buffers/cache:       767M       225M
Swap:         8.0G        22M       8.0G

             total       used       free     shared    buffers     cached
Mem:          992M       922M        69M       2.9M       720K       140M
-/+ buffers/cache:       781M       210M
Swap:         8.0G        22M       8.0G

             total       used       free     shared    buffers     cached
Mem:          992M       922M        69M       2.9M       536K       124M
-/+ buffers/cache:       797M       194M
Swap:         8.0G        22M       8.0G

             total       used       free     shared    buffers     cached
Mem:          992M       925M        66M       2.9M       520K       111M
-/+ buffers/cache:       812M       179M
Swap:         8.0G        22M       8.0G

             total       used       free     shared    buffers     cached
Mem:          992M       927M        64M       2.9M       528K        98M
-/+ buffers/cache:       828M       164M
Swap:         8.0G        22M       8.0G

             total       used       free     shared    buffers     cached
Mem:          992M       923M        68M       2.9M       528K        87M
-/+ buffers/cache:       835M       156M
Swap:         8.0G        22M       8.0G

             total       used       free     shared    buffers     cached
Mem:          992M       924M        67M       2.9M       528K        72M
-/+ buffers/cache:       851M       140M
Swap:         8.0G        22M       8.0G

             total       used       free     shared    buffers     cached
Mem:          992M       918M        73M       2.9M       980K        57M
-/+ buffers/cache:       860M       131M
Swap:         8.0G        22M       8.0G

             total       used       free     shared    buffers     cached
Mem:          992M       920M        71M       2.9M       988K        43M
-/+ buffers/cache:       875M       116M
Swap:         8.0G        22M       8.0G

             total       used       free     shared    buffers     cached
Mem:          992M       929M        62M       2.9M       996K        37M
-/+ buffers/cache:       890M       101M
Swap:         8.0G        22M       8.0G

             total       used       free     shared    buffers     cached
Mem:          992M       929M        63M       2.9M       996K        22M
-/+ buffers/cache:       905M        86M
Swap:         8.0G        22M       8.0G

             total       used       free     shared    buffers     cached
Mem:          992M       930M        61M       2.9M       820K        19M
-/+ buffers/cache:       910M        81M
Swap:         8.0G        22M       8.0G

             total       used       free     shared    buffers     cached
Mem:          992M       928M        63M       2.9M       512K       4.5M
-/+ buffers/cache:       923M        68M
Swap:         8.0G        22M       8.0G

             total       used       free     shared    buffers     cached
Mem:          992M       942M        49M       2.4M       512K       4.1M
-/+ buffers/cache:       937M        54M
Swap:         8.0G       138M       7.9G

             total       used       free     shared    buffers     cached
Mem:          992M       926M        66M       2.4M       512K       4.1M
-/+ buffers/cache:       921M        70M
Swap:         8.0G       191M       7.8G

             total       used       free     shared    buffers     cached
Mem:          992M       939M        52M       2.4M       520K       4.1M
-/+ buffers/cache:       935M        57M
Swap:         8.0G       191M       7.8G

             total       used       free     shared    buffers     cached
Mem:          992M       942M        49M       2.4M       520K       4.1M
-/+ buffers/cache:       937M        54M
Swap:         8.0G       191M       7.8G

             total       used       free     shared    buffers     cached
Mem:          992M       886M       105M       2.4M       520K       4.1M
-/+ buffers/cache:       881M       110M
Swap:         8.0G       191M       7.8G

             total       used       free     shared    buffers     cached
Mem:          992M       899M        92M       2.4M       520K       4.1M
-/+ buffers/cache:       894M        97M
Swap:         8.0G       191M       7.8G

             total       used       free     shared    buffers     cached
Mem:          992M       915M        76M       2.4M       520K       4.1M
-/+ buffers/cache:       910M        81M
Swap:         8.0G       191M       7.8G

             total       used       free     shared    buffers     cached
Mem:          992M       931M        61M       2.4M       528K       4.1M
-/+ buffers/cache:       926M        65M
Swap:         8.0G       191M       7.8G

             total       used       free     shared    buffers     cached
Mem:          992M       922M        69M       2.4M       528K       4.1M
-/+ buffers/cache:       917M        74M
Swap:         8.0G       191M       7.8G

             total       used       free     shared    buffers     cached
Mem:          992M       927M        64M       2.4M       528K       4.7M
-/+ buffers/cache:       922M        69M
Swap:         8.0G       191M       7.8G

             total       used       free     shared    buffers     cached
Mem:          992M       924M        67M       2.4M       528K       4.7M
-/+ buffers/cache:       919M        72M
Swap:         8.0G       191M       7.8G

             total       used       free     shared    buffers     cached
Mem:          992M       916M        75M       2.4M       492K       4.3M
-/+ buffers/cache:       911M        80M
Swap:         8.0G       199M       7.8G

             total       used       free     shared    buffers     cached
Mem:          992M       931M        60M       2.4M       500K       4.3M
-/+ buffers/cache:       926M        65M
Swap:         8.0G       199M       7.8G

             total       used       free     shared    buffers     cached
Mem:          992M       942M        49M       2.4M       500K       4.3M
-/+ buffers/cache:       937M        54M
Swap:         8.0G       303M       7.7G

             total       used       free     shared    buffers     cached
Mem:          992M       941M        50M       2.4M       500K       4.3M
-/+ buffers/cache:       937M        55M
Swap:         8.0G       303M       7.7G

             total       used       free     shared    buffers     cached
Mem:          992M       925M        66M       2.4M       500K       4.3M
-/+ buffers/cache:       920M        71M
Swap:         8.0G       377M       7.6G

             total       used       free     shared    buffers     cached
Mem:          992M       924M        67M       2.4M       500K       4.3M
-/+ buffers/cache:       919M        72M
Swap:         8.0G       377M       7.6G

             total       used       free     shared    buffers     cached
Mem:          992M       852M       139M       2.4M       500K       4.2M
-/+ buffers/cache:       847M       144M
Swap:         8.0G       378M       7.6G

             total       used       free     shared    buffers     cached
Mem:          992M       852M       139M       2.4M       504K       4.3M
-/+ buffers/cache:       847M       144M
Swap:         8.0G       378M       7.6G

             total       used       free     shared    buffers     cached
Mem:          992M       865M       126M       2.4M       792K        11M
-/+ buffers/cache:       853M       138M
Swap:         8.0G       377M       7.6G

             total       used       free     shared    buffers     cached
Mem:          992M       906M        86M       2.4M       804K        34M
-/+ buffers/cache:       870M       121M
Swap:         8.0G       368M       7.6G

             total       used       free     shared    buffers     cached
Mem:          992M       912M        80M       2.4M       804K        34M
-/+ buffers/cache:       876M       115M
Swap:         8.0G       368M       7.6G

             total       used       free     shared    buffers     cached
Mem:          992M       917M        75M       2.4M       804K        34M
-/+ buffers/cache:       881M       110M
Swap:         8.0G       368M       7.6G

             total       used       free     shared    buffers     cached
Mem:          992M       921M        70M       2.4M       812K        34M
-/+ buffers/cache:       886M       105M
Swap:         8.0G       368M       7.6G

             total       used       free     shared    buffers     cached
Mem:          992M       924M        67M       2.4M       812K        34M
-/+ buffers/cache:       888M       103M
Swap:         8.0G       368M       7.6G

             total       used       free     shared    buffers     cached
Mem:          992M       928M        64M       2.4M       812K        34M
-/+ buffers/cache:       892M        99M
Swap:         8.0G       368M       7.6G

             total       used       free     shared    buffers     cached
Mem:          992M       919M        72M       2.4M       652K        29M
-/+ buffers/cache:       888M       103M
Swap:         8.0G       367M       7.6G

             total       used       free     shared    buffers     cached
Mem:          992M       920M        71M       2.4M       784K        29M
-/+ buffers/cache:       890M       102M
Swap:         8.0G       367M       7.6G

             total       used       free     shared    buffers     cached
Mem:          992M       924M        67M       2.4M       784K        29M
-/+ buffers/cache:       893M        98M
Swap:         8.0G       367M       7.6G

             total       used       free     shared    buffers     cached
Mem:          992M       928M        63M       2.4M       792K        29M
-/+ buffers/cache:       897M        94M
Swap:         8.0G       367M       7.6G

             total       used       free     shared    buffers     cached
Mem:          992M       918M        73M       2.4M       792K        29M
-/+ buffers/cache:       888M       103M
Swap:         8.0G       368M       7.6G

             total       used       free     shared    buffers     cached
Mem:          992M       921M        70M       2.4M       792K        29M
-/+ buffers/cache:       891M       100M
Swap:         8.0G       368M       7.6G

             total       used       free     shared    buffers     cached
Mem:          992M       921M        70M       2.4M       792K        29M
-/+ buffers/cache:       891M       100M
Swap:         8.0G       368M       7.6G

             total       used       free     shared    buffers     cached
Mem:          992M       921M        70M       2.4M       796K        29M
-/+ buffers/cache:       891M       100M
Swap:         8.0G       368M       7.6G

             total       used       free     shared    buffers     cached
Mem:          992M       925M        66M       2.4M       800K        31M
-/+ buffers/cache:       893M        98M
Swap:         8.0G       365M       7.6G

             total       used       free     shared    buffers     cached
Mem:          992M       925M        66M       2.4M       800K        31M
-/+ buffers/cache:       893M        98M
Swap:         8.0G       365M       7.6G

             total       used       free     shared    buffers     cached
Mem:          992M       926M        65M       2.4M       800K        31M
-/+ buffers/cache:       894M        97M
Swap:         8.0G       365M       7.6G

             total       used       free     shared    buffers     cached
Mem:          992M       929M        62M       2.4M       800K        31M
-/+ buffers/cache:       897M        94M
Swap:         8.0G       365M       7.6G

             total       used       free     shared    buffers     cached
Mem:          992M       915M        77M       2.4M       808K        30M
-/+ buffers/cache:       883M       108M
Swap:         8.0G       365M       7.6G

             total       used       free     shared    buffers     cached
Mem:          992M       916M        75M       2.4M       808K        30M
-/+ buffers/cache:       885M       106M
Swap:         8.0G       365M       7.6G

             total       used       free     shared    buffers     cached
Mem:          992M       919M        72M       2.4M       808K        30M
-/+ buffers/cache:       888M       103M
Swap:         8.0G       365M       7.6G

             total       used       free     shared    buffers     cached
Mem:          992M       919M        72M       2.4M       388K        34M
-/+ buffers/cache:       884M       107M
Swap:         8.0G       363M       7.6G

             total       used       free     shared    buffers     cached
Mem:          992M       925M        66M       2.4M       388K        34M
-/+ buffers/cache:       890M       102M
Swap:         8.0G       362M       7.6G

             total       used       free     shared    buffers     cached
Mem:          992M       929M        63M       2.4M       388K        34M
-/+ buffers/cache:       894M        98M
Swap:         8.0G       362M       7.6G

             total       used       free     shared    buffers     cached
Mem:          992M       930M        61M       2.4M       396K        34M
-/+ buffers/cache:       895M        96M
Swap:         8.0G       362M       7.6G

             total       used       free     shared    buffers     cached
Mem:          992M       921M        70M       2.4M       384K        34M
-/+ buffers/cache:       887M       105M
Swap:         8.0G       362M       7.6G

             total       used       free     shared    buffers     cached
Mem:          992M       924M        67M       2.4M       384K        40M
-/+ buffers/cache:       884M       107M
Swap:         8.0G       362M       7.6G

             total       used       free     shared    buffers     cached
Mem:          992M       927M        64M       2.4M       384K        40M
-/+ buffers/cache:       887M       104M
Swap:         8.0G       362M       7.6G

             total       used       free     shared    buffers     cached
Mem:          992M       930M        61M       2.4M       700K        40M
-/+ buffers/cache:       889M       102M
Swap:         8.0G       362M       7.6G

             total       used       free     shared    buffers     cached
Mem:          992M       925M        66M       228K       708K        31M
-/+ buffers/cache:       893M        98M
Swap:         8.0G       458M       7.5G

             total       used       free     shared    buffers     cached
Mem:          992M       904M        87M       228K       380K        27M
-/+ buffers/cache:       876M       115M
Swap:         8.0G       480M       7.5G

             total       used       free     shared    buffers     cached
Mem:          992M       899M        92M       228K       384K        27M
-/+ buffers/cache:       872M       119M
Swap:         8.0G       480M       7.5G

             total       used       free     shared    buffers     cached
Mem:          992M       902M        89M       228K       396K        27M
-/+ buffers/cache:       874M       117M
Swap:         8.0G       480M       7.5G

             total       used       free     shared    buffers     cached
Mem:          992M       905M        87M       228K       400K        27M
-/+ buffers/cache:       877M       115M
Swap:         8.0G       480M       7.5G

             total       used       free     shared    buffers     cached
Mem:          992M       908M        83M       228K       564K        27M
-/+ buffers/cache:       880M       112M
Swap:         8.0G       480M       7.5G

             total       used       free     shared    buffers     cached
Mem:          992M       908M        83M       228K       564K        27M
-/+ buffers/cache:       880M       112M
Swap:         8.0G       480M       7.5G

             total       used       free     shared    buffers     cached
Mem:          992M       911M        81M       228K       564K        27M
-/+ buffers/cache:       882M       109M
Swap:         8.0G       480M       7.5G

             total       used       free     shared    buffers     cached
Mem:          992M       913M        78M       228K       564K        27M
-/+ buffers/cache:       885M       106M
Swap:         8.0G       480M       7.5G

             total       used       free     shared    buffers     cached
Mem:          992M       916M        75M       228K       564K        27M
-/+ buffers/cache:       888M       103M
Swap:         8.0G       480M       7.5G

             total       used       free     shared    buffers     cached
Mem:          992M       919M        72M       228K       564K        27M
-/+ buffers/cache:       891M       100M
Swap:         8.0G       480M       7.5G

             total       used       free     shared    buffers     cached
Mem:          992M       921M        70M       228K       572K        27M
-/+ buffers/cache:       893M        99M
Swap:         8.0G       480M       7.5G

             total       used       free     shared    buffers     cached
Mem:          992M       924M        67M       228K       572K        27M
-/+ buffers/cache:       896M        96M
Swap:         8.0G       480M       7.5G

             total       used       free     shared    buffers     cached
Mem:          992M       927M        65M       228K       572K        27M
-/+ buffers/cache:       898M        93M
Swap:         8.0G       480M       7.5G

             total       used       free     shared    buffers     cached
Mem:          992M       929M        62M       228K       572K        27M
-/+ buffers/cache:       901M        90M
Swap:         8.0G       480M       7.5G

             total       used       free     shared    buffers     cached
Mem:          992M       916M        76M       228K       552K        25M
-/+ buffers/cache:       890M       102M
Swap:         8.0G       479M       7.5G

             total       used       free     shared    buffers     cached
Mem:          992M       918M        73M       228K       560K        25M
-/+ buffers/cache:       893M        99M
Swap:         8.0G       479M       7.5G

             total       used       free     shared    buffers     cached
Mem:          992M       921M        71M       228K       560K        25M
-/+ buffers/cache:       895M        97M
Swap:         8.0G       479M       7.5G

             total       used       free     shared    buffers     cached
Mem:          992M       924M        67M       228K       560K        25M
-/+ buffers/cache:       898M        93M
Swap:         8.0G       479M       7.5G

             total       used       free     shared    buffers     cached
Mem:          992M       929M        62M       228K       560K        25M
-/+ buffers/cache:       903M        88M
Swap:         8.0G       479M       7.5G

             total       used       free     shared    buffers     cached
Mem:          992M       919M        72M       228K       552K        23M
-/+ buffers/cache:       895M        96M
Swap:         8.0G       479M       7.5G

             total       used       free     shared    buffers     cached
Mem:          992M       922M        69M       228K       560K        23M
-/+ buffers/cache:       898M        93M
Swap:         8.0G       479M       7.5G

             total       used       free     shared    buffers     cached
Mem:          992M       924M        67M       228K       560K        23M
-/+ buffers/cache:       900M        91M
Swap:         8.0G       479M       7.5G

             total       used       free     shared    buffers     cached
Mem:          992M       927M        64M       228K       560K        23M
-/+ buffers/cache:       903M        88M
Swap:         8.0G       479M       7.5G

             total       used       free     shared    buffers     cached
Mem:          992M       930M        61M       228K       560K        23M
-/+ buffers/cache:       906M        85M
Swap:         8.0G       479M       7.5G

             total       used       free     shared    buffers     cached
Mem:          992M       914M        77M       228K       236K        22M
-/+ buffers/cache:       891M       100M
Swap:         8.0G       479M       7.5G

             total       used       free     shared    buffers     cached
Mem:          992M       917M        74M       228K       236K        22M
-/+ buffers/cache:       894M        97M
Swap:         8.0G       479M       7.5G

             total       used       free     shared    buffers     cached
Mem:          992M       919M        72M       228K       244K        22M
-/+ buffers/cache:       896M        95M
Swap:         8.0G       479M       7.5G

             total       used       free     shared    buffers     cached
Mem:          992M       922M        70M       228K       244K        22M
-/+ buffers/cache:       899M        92M
Swap:         8.0G       479M       7.5G

             total       used       free     shared    buffers     cached
Mem:          992M       924M        68M       228K       244K        22M
-/+ buffers/cache:       901M        90M
Swap:         8.0G       479M       7.5G

             total       used       free     shared    buffers     cached
Mem:          992M       927M        65M       228K       244K        22M
-/+ buffers/cache:       904M        87M
Swap:         8.0G       479M       7.5G

             total       used       free     shared    buffers     cached
Mem:          992M       930M        62M       228K       244K        22M
-/+ buffers/cache:       907M        84M
Swap:         8.0G       479M       7.5G

             total       used       free     shared    buffers     cached
Mem:          992M       915M        76M       228K       252K        21M
-/+ buffers/cache:       894M        97M
Swap:         8.0G       479M       7.5G

             total       used       free     shared    buffers     cached
Mem:          992M       918M        73M       228K       252K        21M
-/+ buffers/cache:       897M        94M
Swap:         8.0G       479M       7.5G

             total       used       free     shared    buffers     cached
Mem:          992M       920M        71M       228K       252K        21M
-/+ buffers/cache:       899M        92M
Swap:         8.0G       479M       7.5G

             total       used       free     shared    buffers     cached
Mem:          992M       924M        68M       228K       252K        21M
-/+ buffers/cache:       902M        89M
Swap:         8.0G       479M       7.5G

             total       used       free     shared    buffers     cached
Mem:          992M       927M        64M       228K       252K        21M
-/+ buffers/cache:       905M        86M
Swap:         8.0G       479M       7.5G

             total       used       free     shared    buffers     cached
Mem:          992M       930M        61M       228K       260K        21M
-/+ buffers/cache:       909M        83M
Swap:         8.0G       479M       7.5G

             total       used       free     shared    buffers     cached
Mem:          992M       915M        76M       228K       260K        19M
-/+ buffers/cache:       895M        96M
Swap:         8.0G       480M       7.5G

             total       used       free     shared    buffers     cached
Mem:          992M       918M        73M       228K       260K        19M
-/+ buffers/cache:       898M        93M
Swap:         8.0G       480M       7.5G

             total       used       free     shared    buffers     cached
Mem:          992M       920M        71M       228K       260K        19M
-/+ buffers/cache:       900M        91M
Swap:         8.0G       480M       7.5G

             total       used       free     shared    buffers     cached
Mem:          992M       924M        67M       228K       260K        20M
-/+ buffers/cache:       903M        88M
Swap:         8.0G       479M       7.5G

             total       used       free     shared    buffers     cached
Mem:          992M       918M        73M       228K       1.4M        10M
-/+ buffers/cache:       906M        86M
Swap:         8.0G       526M       7.5G

             total       used       free     shared    buffers     cached
Mem:          992M       918M        73M       228K       1.5M        11M
-/+ buffers/cache:       905M        86M
Swap:         8.0G       526M       7.5G

             total       used       free     shared    buffers     cached
Mem:          992M       918M        73M       232K       2.6M        30M
-/+ buffers/cache:       885M       107M
Swap:         8.0G       526M       7.5G

             total       used       free     shared    buffers     cached
Mem:          992M       908M        83M       240K       4.4M        34M
-/+ buffers/cache:       869M       122M
Swap:         8.0G       533M       7.5G

             total       used       free     shared    buffers     cached
Mem:          992M       927M        64M       772K       5.0M        47M
-/+ buffers/cache:       874M       117M
Swap:         8.0G       531M       7.5G

             total       used       free     shared    buffers     cached
Mem:          992M       930M        61M       772K       5.0M        47M
-/+ buffers/cache:       877M       114M
Swap:         8.0G       530M       7.5G

             total       used       free     shared    buffers     cached
Mem:          992M       927M        64M       772K       5.0M        45M
-/+ buffers/cache:       877M       114M
Swap:         8.0G       529M       7.5G

             total       used       free     shared    buffers     cached
Mem:          992M       931M        60M       772K       4.3M        44M
-/+ buffers/cache:       882M       109M
Swap:         8.0G       503M       7.5G

             total       used       free     shared    buffers     cached
Mem:          992M       911M        81M       772K       212K        27M
-/+ buffers/cache:       883M       109M
Swap:         8.0G       585M       7.4G

             total       used       free     shared    buffers     cached
Mem:          992M       908M        83M       772K       356K        27M
-/+ buffers/cache:       880M       111M
Swap:         8.0G       585M       7.4G

             total       used       free     shared    buffers     cached
Mem:          992M       922M        69M       772K       364K        27M
-/+ buffers/cache:       894M        97M
Swap:         8.0G       558M       7.5G

             total       used       free     shared    buffers     cached
Mem:          992M       919M        72M       772K       256K       5.3M
-/+ buffers/cache:       914M        77M
Swap:         8.0G       517M       7.5G

             total       used       free     shared    buffers     cached
Mem:          992M       886M       105M       772K       320K       3.0M
-/+ buffers/cache:       882M       109M
Swap:         8.0G       478M       7.5G

             total       used       free     shared    buffers     cached
Mem:          992M       920M        71M       776K        96K        20M
-/+ buffers/cache:       899M        92M
Swap:         8.0G       492M       7.5G

             total       used       free     shared    buffers     cached
Mem:          992M       930M        61M       776K       264K        23M
-/+ buffers/cache:       906M        85M
Swap:         8.0G       478M       7.5G

             total       used       free     shared    buffers     cached
Mem:          992M       918M        73M       776K       264K        22M
-/+ buffers/cache:       895M        96M
Swap:         8.0G       467M       7.5G

             total       used       free     shared    buffers     cached
Mem:          992M       919M        72M       776K       580K        21M
-/+ buffers/cache:       897M        94M
Swap:         8.0G       450M       7.6G

             total       used       free     shared    buffers     cached
Mem:          992M       919M        72M       772K       348K        12M
-/+ buffers/cache:       906M        85M
Swap:         8.0G       471M       7.5G

             total       used       free     shared    buffers     cached
Mem:          992M       918M        73M       772K       336K       6.6M
-/+ buffers/cache:       911M        80M
Swap:         8.0G       452M       7.6G

             total       used       free     shared    buffers     cached
Mem:          992M       918M        73M       772K       332K       6.4M
-/+ buffers/cache:       912M        79M
Swap:         8.0G       424M       7.6G

             total       used       free     shared    buffers     cached
Mem:          992M       925M        67M       624K       332K       5.9M
-/+ buffers/cache:       919M        73M
Swap:         8.0G       523M       7.5G

             total       used       free     shared    buffers     cached
Mem:          992M       901M        90M       624K       332K       5.4M
-/+ buffers/cache:       896M        96M
Swap:         8.0G       523M       7.5G

             total       used       free     shared    buffers     cached
Mem:          992M       898M        93M       624K       332K       5.4M
-/+ buffers/cache:       892M        99M
Swap:         8.0G       523M       7.5G

             total       used       free     shared    buffers     cached
Mem:          992M       920M        72M       624K       332K       5.4M
-/+ buffers/cache:       914M        77M
Swap:         8.0G       488M       7.5G

             total       used       free     shared    buffers     cached
Mem:          992M       910M        81M       624K        84K       4.5M
-/+ buffers/cache:       906M        86M
Swap:         8.0G       464M       7.5G

             total       used       free     shared    buffers     cached
Mem:          992M       922M        70M       624K        80K       3.8M
-/+ buffers/cache:       918M        74M
Swap:         8.0G       418M       7.6G

             total       used       free     shared    buffers     cached
Mem:          992M       918M        73M       572K        80K       2.8M
-/+ buffers/cache:       915M        76M
Swap:         8.0G       501M       7.5G

             total       used       free     shared    buffers     cached
Mem:          992M       917M        75M       552K        80K       2.8M
-/+ buffers/cache:       914M        77M
Swap:         8.0G       501M       7.5G

             total       used       free     shared    buffers     cached
Mem:          992M       915M        76M       552K        80K       3.0M
-/+ buffers/cache:       912M        79M
Swap:         8.0G       501M       7.5G

             total       used       free     shared    buffers     cached
Mem:          992M       920M        71M       552K        80K       2.9M
-/+ buffers/cache:       917M        74M
Swap:         8.0G       453M       7.6G

             total       used       free     shared    buffers     cached
Mem:          992M       931M        60M       552K        88K       2.9M
-/+ buffers/cache:       928M        63M
Swap:         8.0G       438M       7.6G

             total       used       free     shared    buffers     cached
Mem:          992M       923M        68M       552K        88K       2.8M
-/+ buffers/cache:       920M        71M
Swap:         8.0G       396M       7.6G

             total       used       free     shared    buffers     cached
Mem:          992M       919M        73M        12K        80K       1.4M
-/+ buffers/cache:       917M        74M
Swap:         8.0G       471M       7.5G

             total       used       free     shared    buffers     cached
Mem:          992M       915M        77M        12K        80K       1.4M
-/+ buffers/cache:       913M        78M
Swap:         8.0G       471M       7.5G

             total       used       free     shared    buffers     cached
Mem:          992M       920M        72M        12K        80K       1.4M
-/+ buffers/cache:       918M        73M
Swap:         8.0G       462M       7.5G

             total       used       free     shared    buffers     cached
Mem:          992M       922M        69M        12K        88K       1.4M
-/+ buffers/cache:       921M        70M
Swap:         8.0G       415M       7.6G

             total       used       free     shared    buffers     cached
Mem:          992M       860M       132M        12K        80K       1.3M
-/+ buffers/cache:       858M       133M
Swap:         8.0G       467M       7.5G

             total       used       free     shared    buffers     cached
Mem:          992M       904M        87M        12K        80K       1.2M
-/+ buffers/cache:       902M        89M
Swap:         8.0G       419M       7.6G

             total       used       free     shared    buffers     cached
Mem:          992M       919M        72M         0B        80K       1.6M
-/+ buffers/cache:       918M        74M
Swap:         8.0G       380M       7.6G

             total       used       free     shared    buffers     cached
Mem:          992M       924M        67M         0B        80K       2.1M
-/+ buffers/cache:       922M        69M
Swap:         8.0G       378M       7.6G

             total       used       free     shared    buffers     cached
Mem:          992M       929M        62M         0B        80K       2.2M
-/+ buffers/cache:       927M        64M
Swap:         8.0G       377M       7.6G

             total       used       free     shared    buffers     cached
Mem:          992M       929M        62M         0B        88K       2.2M
-/+ buffers/cache:       927M        64M
Swap:         8.0G       377M       7.6G

             total       used       free     shared    buffers     cached
Mem:          992M       918M        73M         0B        88K       2.1M
-/+ buffers/cache:       916M        75M
Swap:         8.0G       398M       7.6G

             total       used       free     shared    buffers     cached
Mem:          992M       925M        67M         0B        88K       2.1M
-/+ buffers/cache:       922M        69M
Swap:         8.0G       398M       7.6G

             total       used       free     shared    buffers     cached
Mem:          992M       916M        75M         0B        88K       2.0M
-/+ buffers/cache:       914M        77M
Swap:         8.0G       413M       7.6G

             total       used       free     shared    buffers     cached
Mem:          992M       921M        70M         0B        88K       2.3M
-/+ buffers/cache:       919M        72M
Swap:         8.0G       413M       7.6G

             total       used       free     shared    buffers     cached
Mem:          992M       925M        66M         0B       100K       2.3M
-/+ buffers/cache:       923M        68M
Swap:         8.0G       413M       7.6G

             total       used       free     shared    buffers     cached
Mem:          992M       916M        75M         0B       100K       2.3M
-/+ buffers/cache:       914M        77M
Swap:         8.0G       422M       7.6G

             total       used       free     shared    buffers     cached
Mem:          992M       918M        73M         0B       100K       2.3M
-/+ buffers/cache:       916M        75M
Swap:         8.0G       422M       7.6G

             total       used       free     shared    buffers     cached
Mem:          992M       920M        71M         0B       100K       2.3M
-/+ buffers/cache:       917M        74M
Swap:         8.0G       422M       7.6G

             total       used       free     shared    buffers     cached
Mem:          992M       921M        70M         0B       100K       2.3M
-/+ buffers/cache:       919M        73M
Swap:         8.0G       421M       7.6G

             total       used       free     shared    buffers     cached
Mem:          992M       922M        69M         0B       100K       2.3M
-/+ buffers/cache:       920M        71M
Swap:         8.0G       420M       7.6G

             total       used       free     shared    buffers     cached
Mem:          992M       924M        68M         0B       108K       2.3M
-/+ buffers/cache:       921M        70M
Swap:         8.0G       420M       7.6G

             total       used       free     shared    buffers     cached
Mem:          992M       925M        66M         0B       108K       2.2M
-/+ buffers/cache:       923M        69M
Swap:         8.0G       419M       7.6G

             total       used       free     shared    buffers     cached
Mem:          992M       926M        65M         0B       108K       2.2M
-/+ buffers/cache:       924M        67M
Swap:         8.0G       419M       7.6G

             total       used       free     shared    buffers     cached
Mem:          992M       928M        63M         0B       108K       2.5M
-/+ buffers/cache:       925M        66M
Swap:         8.0G       418M       7.6G

             total       used       free     shared    buffers     cached
Mem:          992M       919M        72M         4K       2.7M        10M
-/+ buffers/cache:       906M        86M
Swap:         8.0G       454M       7.6G

             total       used       free     shared    buffers     cached
Mem:          992M       942M        50M         4K       2.0M        38M
-/+ buffers/cache:       901M        90M
Swap:         8.0G       460M       7.5G

             total       used       free     shared    buffers     cached
Mem:          992M       913M        78M         4K       2.1M        50M
-/+ buffers/cache:       861M       130M
Swap:         8.0G       486M       7.5G

             total       used       free     shared    buffers     cached
Mem:          992M       924M        67M         4K       2.1M        55M
-/+ buffers/cache:       867M       124M
Swap:         8.0G       483M       7.5G

             total       used       free     shared    buffers     cached
Mem:          992M       925M        66M         4K       2.1M        55M
-/+ buffers/cache:       868M       123M
Swap:         8.0G       482M       7.5G

             total       used       free     shared    buffers     cached
Mem:          992M       927M        64M         4K       2.1M        55M
-/+ buffers/cache:       870M       121M
Swap:         8.0G       481M       7.5G

             total       used       free     shared    buffers     cached
Mem:          992M       916M        75M         4K       1.5M        43M
-/+ buffers/cache:       871M       120M
Swap:         8.0G       481M       7.5G

             total       used       free     shared    buffers     cached
Mem:          992M       917M        75M        56K       5.1M        35M
-/+ buffers/cache:       876M       116M
Swap:         8.0G       484M       7.5G
