             total       used       free     shared    buffers     cached
Mem:          992M       660M       331M       3.2M        38M       289M
-/+ buffers/cache:       332M       659M
Swap:         8.0G         0B       8.0G

             total       used       free     shared    buffers     cached
Mem:          992M       659M       332M       1.4M        38M       287M
-/+ buffers/cache:       332M       659M
Swap:         8.0G         0B       8.0G

             total       used       free     shared    buffers     cached
Mem:          992M       659M       332M       1.4M        38M       287M
-/+ buffers/cache:       332M       659M
Swap:         8.0G         0B       8.0G

             total       used       free     shared    buffers     cached
Mem:          992M       659M       332M       1.4M        38M       287M
-/+ buffers/cache:       332M       659M
Swap:         8.0G         0B       8.0G

             total       used       free     shared    buffers     cached
Mem:          992M       659M       332M       1.4M        38M       287M
-/+ buffers/cache:       332M       659M
Swap:         8.0G         0B       8.0G

             total       used       free     shared    buffers     cached
Mem:          992M       659M       332M       1.4M        38M       287M
-/+ buffers/cache:       332M       659M
Swap:         8.0G         0B       8.0G

             total       used       free     shared    buffers     cached
Mem:          992M       658M       333M       1.4M        38M       287M
-/+ buffers/cache:       332M       659M
Swap:         8.0G         0B       8.0G

             total       used       free     shared    buffers     cached
Mem:          992M       658M       333M       1.4M        38M       288M
-/+ buffers/cache:       331M       660M
Swap:         8.0G         0B       8.0G

             total       used       free     shared    buffers     cached
Mem:          992M       658M       333M       1.4M        38M       288M
-/+ buffers/cache:       331M       660M
Swap:         8.0G         0B       8.0G

             total       used       free     shared    buffers     cached
Mem:          992M       662M       330M       1.4M        38M       288M
-/+ buffers/cache:       335M       656M
Swap:         8.0G         0B       8.0G

             total       used       free     shared    buffers     cached
Mem:          992M       681M       311M       1.4M        38M       288M
-/+ buffers/cache:       354M       637M
Swap:         8.0G         0B       8.0G

             total       used       free     shared    buffers     cached
Mem:          992M       667M       324M       1.4M        38M       289M
-/+ buffers/cache:       339M       652M
Swap:         8.0G         0B       8.0G

             total       used       free     shared    buffers     cached
Mem:          992M       667M       324M       1.4M        38M       289M
-/+ buffers/cache:       339M       652M
Swap:         8.0G         0B       8.0G

             total       used       free     shared    buffers     cached
Mem:          992M       668M       323M       1.4M        38M       289M
-/+ buffers/cache:       340M       652M
Swap:         8.0G         0B       8.0G

             total       used       free     shared    buffers     cached
Mem:          992M       668M       323M       1.4M        38M       289M
-/+ buffers/cache:       340M       652M
Swap:         8.0G         0B       8.0G

             total       used       free     shared    buffers     cached
Mem:          992M       668M       323M       1.4M        38M       289M
-/+ buffers/cache:       340M       652M
Swap:         8.0G         0B       8.0G

             total       used       free     shared    buffers     cached
Mem:          992M       668M       323M       1.4M        38M       289M
-/+ buffers/cache:       340M       652M
Swap:         8.0G         0B       8.0G

             total       used       free     shared    buffers     cached
Mem:          992M       668M       323M       1.4M        38M       289M
-/+ buffers/cache:       340M       652M
Swap:         8.0G         0B       8.0G

             total       used       free     shared    buffers     cached
Mem:          992M       668M       323M       1.4M        38M       289M
-/+ buffers/cache:       340M       652M
Swap:         8.0G         0B       8.0G

             total       used       free     shared    buffers     cached
Mem:          992M       668M       323M       1.4M        38M       289M
-/+ buffers/cache:       340M       652M
Swap:         8.0G         0B       8.0G

             total       used       free     shared    buffers     cached
Mem:          992M       668M       323M       1.4M        38M       289M
-/+ buffers/cache:       340M       652M
Swap:         8.0G         0B       8.0G

             total       used       free     shared    buffers     cached
Mem:          992M       668M       323M       1.4M        38M       289M
-/+ buffers/cache:       340M       651M
Swap:         8.0G         0B       8.0G

             total       used       free     shared    buffers     cached
Mem:          992M       668M       323M       1.4M        38M       289M
-/+ buffers/cache:       340M       651M
Swap:         8.0G         0B       8.0G

             total       used       free     shared    buffers     cached
Mem:          992M       668M       323M       1.4M        38M       289M
-/+ buffers/cache:       340M       651M
Swap:         8.0G         0B       8.0G

             total       used       free     shared    buffers     cached
Mem:          992M       668M       323M       1.4M        38M       289M
-/+ buffers/cache:       340M       651M
Swap:         8.0G         0B       8.0G

             total       used       free     shared    buffers     cached
Mem:          992M       668M       323M       1.4M        38M       289M
-/+ buffers/cache:       340M       651M
Swap:         8.0G         0B       8.0G

             total       used       free     shared    buffers     cached
Mem:          992M       668M       323M       1.4M        38M       289M
-/+ buffers/cache:       340M       651M
Swap:         8.0G         0B       8.0G

             total       used       free     shared    buffers     cached
Mem:          992M       668M       323M       1.4M        38M       289M
-/+ buffers/cache:       340M       651M
Swap:         8.0G         0B       8.0G

             total       used       free     shared    buffers     cached
Mem:          992M       668M       323M       1.4M        38M       289M
-/+ buffers/cache:       340M       652M
Swap:         8.0G         0B       8.0G

             total       used       free     shared    buffers     cached
Mem:          992M       668M       323M       1.4M        38M       289M
-/+ buffers/cache:       340M       652M
Swap:         8.0G         0B       8.0G

             total       used       free     shared    buffers     cached
Mem:          992M       668M       323M       1.4M        38M       289M
-/+ buffers/cache:       340M       652M
Swap:         8.0G         0B       8.0G

             total       used       free     shared    buffers     cached
Mem:          992M       668M       323M       1.4M        38M       289M
-/+ buffers/cache:       340M       652M
Swap:         8.0G         0B       8.0G

             total       used       free     shared    buffers     cached
Mem:          992M       668M       323M       1.4M        38M       289M
-/+ buffers/cache:       340M       652M
Swap:         8.0G         0B       8.0G

             total       used       free     shared    buffers     cached
Mem:          992M       673M       318M       1.4M        38M       289M
-/+ buffers/cache:       345M       646M
Swap:         8.0G         0B       8.0G

             total       used       free     shared    buffers     cached
Mem:          992M       694M       297M       1.4M        38M       289M
-/+ buffers/cache:       366M       625M
Swap:         8.0G         0B       8.0G

             total       used       free     shared    buffers     cached
Mem:          992M       711M       280M       1.4M        38M       289M
-/+ buffers/cache:       383M       608M
Swap:         8.0G         0B       8.0G

             total       used       free     shared    buffers     cached
Mem:          992M       727M       264M       1.4M        38M       289M
-/+ buffers/cache:       399M       592M
Swap:         8.0G         0B       8.0G

             total       used       free     shared    buffers     cached
Mem:          992M       746M       245M       1.4M        38M       289M
-/+ buffers/cache:       418M       574M
Swap:         8.0G         0B       8.0G

             total       used       free     shared    buffers     cached
Mem:          992M       763M       228M       1.4M        38M       289M
-/+ buffers/cache:       435M       556M
Swap:         8.0G         0B       8.0G

             total       used       free     shared    buffers     cached
Mem:          992M       781M       210M       1.4M        38M       289M
-/+ buffers/cache:       453M       538M
Swap:         8.0G         0B       8.0G

             total       used       free     shared    buffers     cached
Mem:          992M       800M       191M       1.4M        38M       289M
-/+ buffers/cache:       472M       519M
Swap:         8.0G         0B       8.0G

             total       used       free     shared    buffers     cached
Mem:          992M       819M       172M       1.4M        38M       289M
-/+ buffers/cache:       491M       500M
Swap:         8.0G         0B       8.0G

             total       used       free     shared    buffers     cached
Mem:          992M       834M       157M       1.4M        38M       289M
-/+ buffers/cache:       506M       485M
Swap:         8.0G         0B       8.0G

             total       used       free     shared    buffers     cached
Mem:          992M       851M       140M       1.4M        38M       289M
-/+ buffers/cache:       523M       468M
Swap:         8.0G         0B       8.0G

             total       used       free     shared    buffers     cached
Mem:          992M       866M       125M       1.4M        38M       289M
-/+ buffers/cache:       538M       453M
Swap:         8.0G         0B       8.0G

             total       used       free     shared    buffers     cached
Mem:          992M       885M       106M       1.4M        38M       289M
-/+ buffers/cache:       557M       434M
Swap:         8.0G         0B       8.0G

             total       used       free     shared    buffers     cached
Mem:          992M       899M        92M       1.4M        38M       289M
-/+ buffers/cache:       571M       420M
Swap:         8.0G         0B       8.0G

             total       used       free     shared    buffers     cached
Mem:          992M       920M        71M       1.4M        38M       289M
-/+ buffers/cache:       592M       399M
Swap:         8.0G         0B       8.0G

             total       used       free     shared    buffers     cached
Mem:          992M       923M        68M       1.4M        20M       288M
-/+ buffers/cache:       615M       377M
Swap:         8.0G         0B       8.0G

             total       used       free     shared    buffers     cached
Mem:          992M       922M        69M       1.4M        10M       278M
-/+ buffers/cache:       633M       358M
Swap:         8.0G         0B       8.0G

             total       used       free     shared    buffers     cached
Mem:          992M       922M        69M       1.3M       9.6M       258M
-/+ buffers/cache:       654M       337M
Swap:         8.0G       324K       8.0G

             total       used       free     shared    buffers     cached
Mem:          992M       925M        66M       1.3M       9.6M       242M
-/+ buffers/cache:       673M       318M
Swap:         8.0G       1.6M       8.0G

             total       used       free     shared    buffers     cached
Mem:          992M       930M        61M       1.2M       9.6M       229M
-/+ buffers/cache:       690M       301M
Swap:         8.0G       7.0M       8.0G

             total       used       free     shared    buffers     cached
Mem:          992M       914M        77M       1.2M       4.6M       204M
-/+ buffers/cache:       705M       286M
Swap:         8.0G        11M       8.0G

             total       used       free     shared    buffers     cached
Mem:          992M       932M        59M       1.2M       4.6M       204M
-/+ buffers/cache:       723M       269M
Swap:         8.0G        11M       8.0G

             total       used       free     shared    buffers     cached
Mem:          992M       922M        69M       1.2M       352K       177M
-/+ buffers/cache:       744M       248M
Swap:         8.0G        11M       8.0G

             total       used       free     shared    buffers     cached
Mem:          992M       928M        63M       1.2M       224K       165M
-/+ buffers/cache:       763M       229M
Swap:         8.0G        11M       8.0G

             total       used       free     shared    buffers     cached
Mem:          992M       926M        65M       1.2M       200K       145M
-/+ buffers/cache:       780M       211M
Swap:         8.0G        11M       8.0G

             total       used       free     shared    buffers     cached
Mem:          992M       926M        65M       1.2M        80K       128M
-/+ buffers/cache:       797M       194M
Swap:         8.0G        11M       8.0G

             total       used       free     shared    buffers     cached
Mem:          992M       917M        74M       1.2M        92K        99M
-/+ buffers/cache:       817M       174M
Swap:         8.0G        11M       8.0G

             total       used       free     shared    buffers     cached
Mem:          992M       915M        76M       1.2M       100K        77M
-/+ buffers/cache:       838M       154M
Swap:         8.0G        11M       8.0G

             total       used       free     shared    buffers     cached
Mem:          992M       919M        72M       1.2M       100K        59M
-/+ buffers/cache:       859M       132M
Swap:         8.0G        11M       8.0G

             total       used       free     shared    buffers     cached
Mem:          992M       922M        69M       1.2M       460K        47M
-/+ buffers/cache:       875M       116M
Swap:         8.0G        11M       8.0G

             total       used       free     shared    buffers     cached
Mem:          992M       922M        69M       1.2M       732K        28M
-/+ buffers/cache:       893M        98M
Swap:         8.0G        11M       8.0G

             total       used       free     shared    buffers     cached
Mem:          992M       918M        73M       1.2M       732K       8.3M
-/+ buffers/cache:       909M        82M
Swap:         8.0G        11M       8.0G

             total       used       free     shared    buffers     cached
Mem:          992M       918M        73M       1.0M       320K       3.4M
-/+ buffers/cache:       914M        77M
Swap:         8.0G        23M       8.0G

             total       used       free     shared    buffers     cached
Mem:          992M       918M        73M       756K       220K       3.1M
-/+ buffers/cache:       915M        76M
Swap:         8.0G        43M       8.0G

             total       used       free     shared    buffers     cached
Mem:          992M       919M        72M       728K       172K       3.1M
-/+ buffers/cache:       916M        75M
Swap:         8.0G        55M       7.9G

             total       used       free     shared    buffers     cached
Mem:          992M       927M        64M       716K       172K       2.9M
-/+ buffers/cache:       924M        68M
Swap:         8.0G        70M       7.9G

             total       used       free     shared    buffers     cached
Mem:          992M       898M        93M       652K       2.4M        15M
-/+ buffers/cache:       880M       111M
Swap:         8.0G       130M       7.9G

             total       used       free     shared    buffers     cached
Mem:          992M       913M        78M       652K       2.4M        15M
-/+ buffers/cache:       895M        96M
Swap:         8.0G       130M       7.9G

             total       used       free     shared    buffers     cached
Mem:          992M       926M        65M       652K       2.2M        15M
-/+ buffers/cache:       909M        83M
Swap:         8.0G       136M       7.9G

             total       used       free     shared    buffers     cached
Mem:          992M       927M        64M       592K       2.2M        14M
-/+ buffers/cache:       910M        81M
Swap:         8.0G       160M       7.8G

             total       used       free     shared    buffers     cached
Mem:          992M       929M        62M       592K       2.1M        28M
-/+ buffers/cache:       898M        93M
Swap:         8.0G       187M       7.8G

             total       used       free     shared    buffers     cached
Mem:          992M       914M        77M       576K       152K        25M
-/+ buffers/cache:       889M       103M
Swap:         8.0G       204M       7.8G

             total       used       free     shared    buffers     cached
Mem:          992M       920M        72M       576K       1.5M        27M
-/+ buffers/cache:       891M       100M
Swap:         8.0G       220M       7.8G

             total       used       free     shared    buffers     cached
Mem:          992M       920M        71M       580K       1.5M        26M
-/+ buffers/cache:       892M       100M
Swap:         8.0G       232M       7.8G

             total       used       free     shared    buffers     cached
Mem:          992M       922M        69M       568K       1.5M        26M
-/+ buffers/cache:       894M        97M
Swap:         8.0G       239M       7.8G

             total       used       free     shared    buffers     cached
Mem:          992M       912M        79M       556K       1.4M        18M
-/+ buffers/cache:       893M        98M
Swap:         8.0G       257M       7.7G

             total       used       free     shared    buffers     cached
Mem:          992M       921M        70M       556K       1.4M        18M
-/+ buffers/cache:       901M        90M
Swap:         8.0G       257M       7.7G

             total       used       free     shared    buffers     cached
Mem:          992M       914M        77M       556K       676K        11M
-/+ buffers/cache:       903M        89M
Swap:         8.0G       258M       7.7G

             total       used       free     shared    buffers     cached
Mem:          992M       921M        71M       556K       684K        11M
-/+ buffers/cache:       909M        82M
Swap:         8.0G       258M       7.7G

             total       used       free     shared    buffers     cached
Mem:          992M       927M        64M       556K       712K        11M
-/+ buffers/cache:       915M        76M
Swap:         8.0G       258M       7.7G

             total       used       free     shared    buffers     cached
Mem:          992M       922M        69M       556K       496K       4.6M
-/+ buffers/cache:       917M        74M
Swap:         8.0G       268M       7.7G

             total       used       free     shared    buffers     cached
Mem:          992M       917M        74M       556K       488K       2.3M
-/+ buffers/cache:       914M        77M
Swap:         8.0G       280M       7.7G

             total       used       free     shared    buffers     cached
Mem:          992M       923M        69M       556K       488K       2.3M
-/+ buffers/cache:       920M        71M
Swap:         8.0G       280M       7.7G

             total       used       free     shared    buffers     cached
Mem:          992M       928M        63M       556K       488K       2.3M
-/+ buffers/cache:       926M        66M
Swap:         8.0G       280M       7.7G

             total       used       free     shared    buffers     cached
Mem:          992M       919M        72M       556K       256K       2.1M
-/+ buffers/cache:       917M        74M
Swap:         8.0G       290M       7.7G

             total       used       free     shared    buffers     cached
Mem:          992M       923M        68M       556K       264K       2.1M
-/+ buffers/cache:       921M        70M
Swap:         8.0G       290M       7.7G

             total       used       free     shared    buffers     cached
Mem:          992M       911M        80M       556K        88K       2.1M
-/+ buffers/cache:       909M        82M
Swap:         8.0G       308M       7.7G

             total       used       free     shared    buffers     cached
Mem:          992M       915M        76M       552K        88K       2.0M
-/+ buffers/cache:       913M        78M
Swap:         8.0G       308M       7.7G

             total       used       free     shared    buffers     cached
Mem:          992M       920M        71M       552K        88K       2.1M
-/+ buffers/cache:       918M        73M
Swap:         8.0G       308M       7.7G

             total       used       free     shared    buffers     cached
Mem:          992M       925M        66M       552K        88K       2.1M
-/+ buffers/cache:       923M        68M
Swap:         8.0G       308M       7.7G

             total       used       free     shared    buffers     cached
Mem:          992M       911M        80M        32K        84K       1.5M
-/+ buffers/cache:       909M        82M
Swap:         8.0G       325M       7.7G

             total       used       free     shared    buffers     cached
Mem:          992M       915M        77M         8K        84K       1.6M
-/+ buffers/cache:       913M        78M
Swap:         8.0G       325M       7.7G

             total       used       free     shared    buffers     cached
Mem:          992M       918M        73M         8K        84K       1.6M
-/+ buffers/cache:       916M        75M
Swap:         8.0G       325M       7.7G

             total       used       free     shared    buffers     cached
Mem:          992M       923M        68M         8K        84K       1.6M
-/+ buffers/cache:       922M        70M
Swap:         8.0G       325M       7.7G

             total       used       free     shared    buffers     cached
Mem:          992M       928M        64M         8K        84K       1.6M
-/+ buffers/cache:       926M        65M
Swap:         8.0G       325M       7.7G

             total       used       free     shared    buffers     cached
Mem:          992M       909M        82M         4K        84K       1.6M
-/+ buffers/cache:       908M        84M
Swap:         8.0G       354M       7.7G

             total       used       free     shared    buffers     cached
Mem:          992M       920M        71M         4K        92K       1.6M
-/+ buffers/cache:       918M        73M
Swap:         8.0G       343M       7.7G

             total       used       free     shared    buffers     cached
Mem:          992M       918M        74M         4K        92K       1.6M
-/+ buffers/cache:       916M        75M
Swap:         8.0G       333M       7.7G

             total       used       free     shared    buffers     cached
Mem:          992M       921M        71M         4K        92K       1.5M
-/+ buffers/cache:       919M        72M
Swap:         8.0G       329M       7.7G

             total       used       free     shared    buffers     cached
Mem:          992M       918M        73M         4K        92K       1.4M
-/+ buffers/cache:       916M        75M
Swap:         8.0G       337M       7.7G

             total       used       free     shared    buffers     cached
Mem:          992M       925M        67M         0B        76K       1.3M
-/+ buffers/cache:       923M        68M
Swap:         8.0G       327M       7.7G

             total       used       free     shared    buffers     cached
Mem:          992M       926M        65M         0B        84K       1.2M
-/+ buffers/cache:       924M        67M
Swap:         8.0G       433M       7.6G

             total       used       free     shared    buffers     cached
Mem:          992M       888M       103M         0B        84K       1.3M
-/+ buffers/cache:       887M       104M
Swap:         8.0G       421M       7.6G

             total       used       free     shared    buffers     cached
Mem:          992M       919M        72M         0B        80K        25M
-/+ buffers/cache:       893M        98M
Swap:         8.0G       356M       7.6G

             total       used       free     shared    buffers     cached
Mem:          992M       915M        77M        16K       188K        16M
-/+ buffers/cache:       898M        94M
Swap:         8.0G       373M       7.6G

             total       used       free     shared    buffers     cached
Mem:          992M       930M        61M        16K        92K        27M
-/+ buffers/cache:       903M        89M
Swap:         8.0G       355M       7.7G

             total       used       free     shared    buffers     cached
Mem:          992M       919M        72M        40K       100K        25M
-/+ buffers/cache:       894M        97M
Swap:         8.0G       363M       7.6G

             total       used       free     shared    buffers     cached
Mem:          992M       925M        66M        40K       396K        25M
-/+ buffers/cache:       899M        92M
Swap:         8.0G       358M       7.6G

             total       used       free     shared    buffers     cached
Mem:          992M       918M        73M        40K       340K        11M
-/+ buffers/cache:       906M        85M
Swap:         8.0G       347M       7.7G

             total       used       free     shared    buffers     cached
Mem:          992M       921M        70M        40K        84K       1.6M
-/+ buffers/cache:       920M        72M
Swap:         8.0G       340M       7.7G

             total       used       free     shared    buffers     cached
Mem:          992M       918M        73M        40K        84K       3.0M
-/+ buffers/cache:       915M        76M
Swap:         8.0G       344M       7.7G

             total       used       free     shared    buffers     cached
Mem:          992M       920M        71M        40K       196K       3.4M
-/+ buffers/cache:       917M        75M
Swap:         8.0G       343M       7.7G

             total       used       free     shared    buffers     cached
Mem:          992M       921M        70M        40K       208K       3.6M
-/+ buffers/cache:       917M        74M
Swap:         8.0G       343M       7.7G

             total       used       free     shared    buffers     cached
Mem:          992M       926M        66M        40K       208K       3.6M
-/+ buffers/cache:       922M        69M
Swap:         8.0G       341M       7.7G

             total       used       free     shared    buffers     cached
Mem:          992M       918M        73M        40K       192K       3.4M
-/+ buffers/cache:       915M        76M
Swap:         8.0G       355M       7.7G

             total       used       free     shared    buffers     cached
Mem:          992M       924M        67M        40K       192K       3.4M
-/+ buffers/cache:       920M        71M
Swap:         8.0G       354M       7.7G

             total       used       free     shared    buffers     cached
Mem:          992M       929M        63M        40K       192K       3.4M
-/+ buffers/cache:       925M        66M
Swap:         8.0G       354M       7.7G

             total       used       free     shared    buffers     cached
Mem:          992M       917M        74M        40K       200K       3.1M
-/+ buffers/cache:       914M        77M
Swap:         8.0G       369M       7.6G

             total       used       free     shared    buffers     cached
Mem:          992M       923M        69M        40K       200K       3.1M
-/+ buffers/cache:       919M        72M
Swap:         8.0G       369M       7.6G

             total       used       free     shared    buffers     cached
Mem:          992M       927M        64M        40K       200K       3.1M
-/+ buffers/cache:       924M        68M
Swap:         8.0G       369M       7.6G

             total       used       free     shared    buffers     cached
Mem:          992M       919M        72M        40K       200K       3.0M
-/+ buffers/cache:       916M        75M
Swap:         8.0G       383M       7.6G

             total       used       free     shared    buffers     cached
Mem:          992M       925M        66M        40K       200K       3.1M
-/+ buffers/cache:       922M        69M
Swap:         8.0G       382M       7.6G

             total       used       free     shared    buffers     cached
Mem:          992M       927M        65M        40K       200K       3.1M
-/+ buffers/cache:       923M        68M
Swap:         8.0G       382M       7.6G

             total       used       free     shared    buffers     cached
Mem:          992M       928M        63M        40K       208K       3.1M
-/+ buffers/cache:       925M        66M
Swap:         8.0G       381M       7.6G

             total       used       free     shared    buffers     cached
Mem:          992M       917M        74M        40K       208K       3.0M
-/+ buffers/cache:       914M        77M
Swap:         8.0G       393M       7.6G

             total       used       free     shared    buffers     cached
Mem:          992M       919M        72M        40K       208K       3.0M
-/+ buffers/cache:       916M        75M
Swap:         8.0G       392M       7.6G

             total       used       free     shared    buffers     cached
Mem:          992M       922M        69M        40K       348K       3.6M
-/+ buffers/cache:       918M        73M
Swap:         8.0G       391M       7.6G

             total       used       free     shared    buffers     cached
Mem:          992M       924M        67M        40K       348K       3.6M
-/+ buffers/cache:       920M        71M
Swap:         8.0G       390M       7.6G

             total       used       free     shared    buffers     cached
Mem:          992M       926M        65M        40K       356K       3.8M
-/+ buffers/cache:       922M        69M
Swap:         8.0G       389M       7.6G

             total       used       free     shared    buffers     cached
Mem:          992M       928M        63M        40K       356K       3.8M
-/+ buffers/cache:       924M        67M
Swap:         8.0G       389M       7.6G

             total       used       free     shared    buffers     cached
Mem:          992M       925M        67M        40K        80K        16M
-/+ buffers/cache:       908M        83M
Swap:         8.0G       410M       7.6G

             total       used       free     shared    buffers     cached
Mem:          992M       920M        71M        40K       380K        18M
-/+ buffers/cache:       902M        90M
Swap:         8.0G       411M       7.6G

             total       used       free     shared    buffers     cached
Mem:          992M       923M        68M        40K       780K        19M
-/+ buffers/cache:       904M        88M
Swap:         8.0G       410M       7.6G

             total       used       free     shared    buffers     cached
Mem:          992M       925M        66M        40K       788K        19M
-/+ buffers/cache:       905M        86M
Swap:         8.0G       409M       7.6G

             total       used       free     shared    buffers     cached
Mem:          992M       927M        64M        40K       788K        19M
-/+ buffers/cache:       907M        84M
Swap:         8.0G       409M       7.6G

             total       used       free     shared    buffers     cached
Mem:          992M       929M        62M        40K       788K        19M
-/+ buffers/cache:       909M        82M
Swap:         8.0G       408M       7.6G

             total       used       free     shared    buffers     cached
Mem:          992M       917M        74M        40K       788K        16M
-/+ buffers/cache:       900M        91M
Swap:         8.0G       422M       7.6G

             total       used       free     shared    buffers     cached
Mem:          992M       919M        72M        40K       788K        16M
-/+ buffers/cache:       902M        89M
Swap:         8.0G       421M       7.6G

             total       used       free     shared    buffers     cached
Mem:          992M       921M        70M        40K       788K        16M
-/+ buffers/cache:       904M        87M
Swap:         8.0G       420M       7.6G

             total       used       free     shared    buffers     cached
Mem:          992M       923M        68M        40K       796K        16M
-/+ buffers/cache:       906M        86M
Swap:         8.0G       419M       7.6G

             total       used       free     shared    buffers     cached
Mem:          992M       925M        66M        40K       796K        16M
-/+ buffers/cache:       908M        84M
Swap:         8.0G       418M       7.6G

             total       used       free     shared    buffers     cached
Mem:          992M       927M        64M        40K       796K        16M
-/+ buffers/cache:       910M        82M
Swap:         8.0G       417M       7.6G

             total       used       free     shared    buffers     cached
Mem:          992M       929M        62M        40K       796K        16M
-/+ buffers/cache:       912M        80M
Swap:         8.0G       416M       7.6G

             total       used       free     shared    buffers     cached
Mem:          992M       918M        73M        40K       744K        11M
-/+ buffers/cache:       906M        85M
Swap:         8.0G       423M       7.6G

             total       used       free     shared    buffers     cached
Mem:          992M       920M        71M        40K       752K        11M
-/+ buffers/cache:       908M        83M
Swap:         8.0G       422M       7.6G

             total       used       free     shared    buffers     cached
Mem:          992M       922M        69M        40K       752K        11M
-/+ buffers/cache:       910M        81M
Swap:         8.0G       421M       7.6G

             total       used       free     shared    buffers     cached
Mem:          992M       924M        67M        40K       752K        11M
-/+ buffers/cache:       912M        79M
Swap:         8.0G       420M       7.6G

             total       used       free     shared    buffers     cached
Mem:          992M       926M        65M        40K       760K        11M
-/+ buffers/cache:       914M        78M
Swap:         8.0G       419M       7.6G

             total       used       free     shared    buffers     cached
Mem:          992M       928M        63M        40K       760K        11M
-/+ buffers/cache:       916M        76M
Swap:         8.0G       418M       7.6G

             total       used       free     shared    buffers     cached
Mem:          992M       914M        77M        40K       768K       9.4M
-/+ buffers/cache:       904M        88M
Swap:         8.0G       429M       7.6G

             total       used       free     shared    buffers     cached
Mem:          992M       916M        75M        40K       768K       9.5M
-/+ buffers/cache:       906M        85M
Swap:         8.0G       428M       7.6G

             total       used       free     shared    buffers     cached
Mem:          992M       918M        73M        40K       768K       9.5M
-/+ buffers/cache:       908M        83M
Swap:         8.0G       427M       7.6G

             total       used       free     shared    buffers     cached
Mem:          992M       920M        71M        40K       768K       9.5M
-/+ buffers/cache:       910M        82M
Swap:         8.0G       427M       7.6G

             total       used       free     shared    buffers     cached
Mem:          992M       922M        69M        40K       768K       9.4M
-/+ buffers/cache:       912M        80M
Swap:         8.0G       426M       7.6G

             total       used       free     shared    buffers     cached
Mem:          992M       924M        68M        40K       768K       9.5M
-/+ buffers/cache:       913M        78M
Swap:         8.0G       425M       7.6G

             total       used       free     shared    buffers     cached
Mem:          992M       926M        66M        40K       776K       9.4M
-/+ buffers/cache:       915M        76M
Swap:         8.0G       424M       7.6G

             total       used       free     shared    buffers     cached
Mem:          992M       928M        64M        40K       776K       9.5M
-/+ buffers/cache:       917M        74M
Swap:         8.0G       423M       7.6G

             total       used       free     shared    buffers     cached
Mem:          992M       916M        75M        40K        76K       2.0M
-/+ buffers/cache:       914M        77M
Swap:         8.0G       429M       7.6G

             total       used       free     shared    buffers     cached
Mem:          992M       918M        73M        40K       208K       2.2M
-/+ buffers/cache:       916M        76M
Swap:         8.0G       428M       7.6G

             total       used       free     shared    buffers     cached
Mem:          992M       920M        71M        40K       488K       2.2M
-/+ buffers/cache:       917M        74M
Swap:         8.0G       428M       7.6G

             total       used       free     shared    buffers     cached
Mem:          992M       922M        70M        40K       496K       2.2M
-/+ buffers/cache:       919M        72M
Swap:         8.0G       427M       7.6G

             total       used       free     shared    buffers     cached
Mem:          992M       923M        68M        40K       496K       2.2M
-/+ buffers/cache:       921M        71M
Swap:         8.0G       426M       7.6G

             total       used       free     shared    buffers     cached
Mem:          992M       925M        66M        40K       496K       2.2M
-/+ buffers/cache:       923M        69M
Swap:         8.0G       425M       7.6G

             total       used       free     shared    buffers     cached
Mem:          992M       927M        64M        40K       496K       2.2M
-/+ buffers/cache:       924M        67M
Swap:         8.0G       424M       7.6G

             total       used       free     shared    buffers     cached
Mem:          992M       929M        62M        40K       496K       2.2M
-/+ buffers/cache:       926M        65M
Swap:         8.0G       423M       7.6G

             total       used       free     shared    buffers     cached
Mem:          992M       909M        82M        40K       484K       1.5M
-/+ buffers/cache:       907M        84M
Swap:         8.0G       453M       7.6G

             total       used       free     shared    buffers     cached
Mem:          992M       912M        79M        40K       484K       1.5M
-/+ buffers/cache:       910M        81M
Swap:         8.0G       452M       7.6G

             total       used       free     shared    buffers     cached
Mem:          992M       914M        77M        40K       484K       1.5M
-/+ buffers/cache:       912M        79M
Swap:         8.0G       451M       7.6G

             total       used       free     shared    buffers     cached
Mem:          992M       916M        76M        40K       484K       1.5M
-/+ buffers/cache:       914M        78M
Swap:         8.0G       450M       7.6G

             total       used       free     shared    buffers     cached
Mem:          992M       918M        73M        40K       484K       1.5M
-/+ buffers/cache:       916M        75M
Swap:         8.0G       449M       7.6G

             total       used       free     shared    buffers     cached
Mem:          992M       920M        71M        40K       484K       1.5M
-/+ buffers/cache:       918M        73M
Swap:         8.0G       448M       7.6G

             total       used       free     shared    buffers     cached
Mem:          992M       921M        71M        40K       492K       1.5M
-/+ buffers/cache:       919M        73M
Swap:         8.0G       447M       7.6G

             total       used       free     shared    buffers     cached
Mem:          992M       921M        70M        40K       492K       1.5M
-/+ buffers/cache:       919M        72M
Swap:         8.0G       447M       7.6G

             total       used       free     shared    buffers     cached
Mem:          992M       918M        73M        40K       108K        27M
-/+ buffers/cache:       890M       101M
Swap:         8.0G       458M       7.5G

             total       used       free     shared    buffers     cached
Mem:          992M       920M        72M        40K       248K        28M
-/+ buffers/cache:       891M       100M
Swap:         8.0G       457M       7.5G

             total       used       free     shared    buffers     cached
Mem:          992M       921M        71M        40K       248K        28M
-/+ buffers/cache:       892M        99M
Swap:         8.0G       457M       7.6G

             total       used       free     shared    buffers     cached
Mem:          992M       922M        70M        40K       260K        28M
-/+ buffers/cache:       893M        98M
Swap:         8.0G       456M       7.6G

             total       used       free     shared    buffers     cached
Mem:          992M       923M        68M        40K       264K        28M
-/+ buffers/cache:       895M        97M
Swap:         8.0G       456M       7.6G

             total       used       free     shared    buffers     cached
Mem:          992M       926M        65M        40K       552K        28M
-/+ buffers/cache:       897M        95M
Swap:         8.0G       455M       7.6G

             total       used       free     shared    buffers     cached
Mem:          992M       929M        63M        40K       564K        29M
-/+ buffers/cache:       898M        93M
Swap:         8.0G       454M       7.6G

             total       used       free     shared    buffers     cached
Mem:          992M       910M        81M        40K       548K        28M
-/+ buffers/cache:       882M       109M
Swap:         8.0G       487M       7.5G

             total       used       free     shared    buffers     cached
Mem:          992M       913M        78M        40K       548K        28M
-/+ buffers/cache:       884M       108M
Swap:         8.0G       486M       7.5G

             total       used       free     shared    buffers     cached
Mem:          992M       915M        76M        40K       548K        29M
-/+ buffers/cache:       885M       106M
Swap:         8.0G       485M       7.5G

             total       used       free     shared    buffers     cached
Mem:          992M       916M        75M        40K       548K        29M
-/+ buffers/cache:       886M       105M
Swap:         8.0G       484M       7.5G

             total       used       free     shared    buffers     cached
Mem:          992M       917M        74M        40K       556K        29M
-/+ buffers/cache:       887M       104M
Swap:         8.0G       484M       7.5G

             total       used       free     shared    buffers     cached
Mem:          992M       918M        73M        40K       556K        29M
-/+ buffers/cache:       888M       103M
Swap:         8.0G       483M       7.5G

             total       used       free     shared    buffers     cached
Mem:          992M       924M        68M        40K       556K        33M
-/+ buffers/cache:       890M       102M
Swap:         8.0G       483M       7.5G

             total       used       free     shared    buffers     cached
Mem:          992M       925M        66M        40K       556K        33M
-/+ buffers/cache:       891M       101M
Swap:         8.0G       482M       7.5G

             total       used       free     shared    buffers     cached
Mem:          992M       926M        65M        40K       872K        33M
-/+ buffers/cache:       892M       100M
Swap:         8.0G       481M       7.5G

             total       used       free     shared    buffers     cached
Mem:          992M       927M        64M        40K       872K        33M
-/+ buffers/cache:       893M        98M
Swap:         8.0G       481M       7.5G

             total       used       free     shared    buffers     cached
Mem:          992M       928M        63M        40K       880K        33M
-/+ buffers/cache:       894M        97M
Swap:         8.0G       480M       7.5G

             total       used       free     shared    buffers     cached
Mem:          992M       913M        78M        40K       880K        33M
-/+ buffers/cache:       879M       112M
Swap:         8.0G       480M       7.5G

             total       used       free     shared    buffers     cached
Mem:          992M       915M        77M        40K       880K        33M
-/+ buffers/cache:       880M       111M
Swap:         8.0G       480M       7.5G

             total       used       free     shared    buffers     cached
Mem:          992M       916M        75M        40K       880K        33M
-/+ buffers/cache:       882M       110M
Swap:         8.0G       479M       7.5G

             total       used       free     shared    buffers     cached
Mem:          992M       917M        74M        40K       880K        33M
-/+ buffers/cache:       883M       108M
Swap:         8.0G       478M       7.5G

             total       used       free     shared    buffers     cached
Mem:          992M       918M        73M        40K       888K        33M
-/+ buffers/cache:       884M       107M
Swap:         8.0G       478M       7.5G

             total       used       free     shared    buffers     cached
Mem:          992M       920M        72M        40K       888K        33M
-/+ buffers/cache:       885M       106M
Swap:         8.0G       477M       7.5G

             total       used       free     shared    buffers     cached
Mem:          992M       921M        71M        40K       888K        33M
-/+ buffers/cache:       886M       105M
Swap:         8.0G       477M       7.5G

             total       used       free     shared    buffers     cached
Mem:          992M       922M        69M        40K       888K        33M
-/+ buffers/cache:       888M       103M
Swap:         8.0G       476M       7.5G

             total       used       free     shared    buffers     cached
Mem:          992M       923M        68M        40K       888K        33M
-/+ buffers/cache:       889M       102M
Swap:         8.0G       475M       7.5G

             total       used       free     shared    buffers     cached
Mem:          992M       924M        67M        40K       888K        33M
-/+ buffers/cache:       890M       101M
Swap:         8.0G       475M       7.5G

             total       used       free     shared    buffers     cached
Mem:          992M       926M        66M        40K       896K        33M
-/+ buffers/cache:       891M       100M
Swap:         8.0G       474M       7.5G

             total       used       free     shared    buffers     cached
Mem:          992M       927M        64M        40K       896K        33M
-/+ buffers/cache:       893M        99M
Swap:         8.0G       473M       7.5G

             total       used       free     shared    buffers     cached
Mem:          992M       928M        63M        40K       896K        33M
-/+ buffers/cache:       894M        97M
Swap:         8.0G       473M       7.5G

             total       used       free     shared    buffers     cached
Mem:          992M       913M        78M        40K       896K        31M
-/+ buffers/cache:       880M       111M
Swap:         8.0G       497M       7.5G

             total       used       free     shared    buffers     cached
Mem:          992M       914M        77M        40K       896K        31M
-/+ buffers/cache:       881M       110M
Swap:         8.0G       496M       7.5G

             total       used       free     shared    buffers     cached
Mem:          992M       915M        77M        40K       904K        31M
-/+ buffers/cache:       882M       109M
Swap:         8.0G       496M       7.5G

             total       used       free     shared    buffers     cached
Mem:          992M       916M        75M        40K       904K        31M
-/+ buffers/cache:       883M       108M
Swap:         8.0G       495M       7.5G

             total       used       free     shared    buffers     cached
Mem:          992M       917M        74M        40K       904K        31M
-/+ buffers/cache:       884M       107M
Swap:         8.0G       495M       7.5G

             total       used       free     shared    buffers     cached
Mem:          992M       918M        73M        40K       904K        31M
-/+ buffers/cache:       886M       106M
Swap:         8.0G       494M       7.5G

             total       used       free     shared    buffers     cached
Mem:          992M       920M        71M        40K       904K        31M
-/+ buffers/cache:       887M       104M
Swap:         8.0G       493M       7.5G

             total       used       free     shared    buffers     cached
Mem:          992M       921M        70M        40K       904K        31M
-/+ buffers/cache:       888M       103M
Swap:         8.0G       493M       7.5G

             total       used       free     shared    buffers     cached
Mem:          992M       922M        69M        40K       912K        31M
-/+ buffers/cache:       889M       102M
Swap:         8.0G       492M       7.5G

             total       used       free     shared    buffers     cached
Mem:          992M       923M        68M        40K       912K        31M
-/+ buffers/cache:       890M       101M
Swap:         8.0G       492M       7.5G

             total       used       free     shared    buffers     cached
Mem:          992M       924M        67M        40K       912K        31M
-/+ buffers/cache:       892M        99M
Swap:         8.0G       491M       7.5G

             total       used       free     shared    buffers     cached
Mem:          992M       926M        65M        40K       912K        31M
-/+ buffers/cache:       893M        98M
Swap:         8.0G       490M       7.5G

             total       used       free     shared    buffers     cached
Mem:          992M       927M        64M        40K       912K        31M
-/+ buffers/cache:       894M        97M
Swap:         8.0G       490M       7.5G

             total       used       free     shared    buffers     cached
Mem:          992M       928M        63M        40K       920K        31M
-/+ buffers/cache:       895M        96M
Swap:         8.0G       489M       7.5G

             total       used       free     shared    buffers     cached
Mem:          992M       918M        73M        40K       920K        31M
-/+ buffers/cache:       885M       106M
Swap:         8.0G       493M       7.5G

             total       used       free     shared    buffers     cached
Mem:          992M       919M        72M        40K       920K        31M
-/+ buffers/cache:       886M       105M
Swap:         8.0G       492M       7.5G

             total       used       free     shared    buffers     cached
Mem:          992M       920M        71M        40K       920K        31M
-/+ buffers/cache:       888M       104M
Swap:         8.0G       492M       7.5G

             total       used       free     shared    buffers     cached
Mem:          992M       921M        70M        40K       920K        31M
-/+ buffers/cache:       889M       102M
Swap:         8.0G       491M       7.5G

             total       used       free     shared    buffers     cached
Mem:          992M       923M        68M        40K       920K        31M
-/+ buffers/cache:       890M       101M
Swap:         8.0G       490M       7.5G

             total       used       free     shared    buffers     cached
Mem:          992M       924M        67M        40K       928K        31M
-/+ buffers/cache:       891M       100M
Swap:         8.0G       490M       7.5G

             total       used       free     shared    buffers     cached
Mem:          992M       925M        66M        40K       928K        31M
-/+ buffers/cache:       893M        98M
Swap:         8.0G       489M       7.5G

             total       used       free     shared    buffers     cached
Mem:          992M       926M        65M        40K       928K        31M
-/+ buffers/cache:       894M        97M
Swap:         8.0G       488M       7.5G

             total       used       free     shared    buffers     cached
Mem:          992M       928M        64M        40K       928K        31M
-/+ buffers/cache:       895M        96M
Swap:         8.0G       488M       7.5G

             total       used       free     shared    buffers     cached
Mem:          992M       929M        63M        40K       928K        31M
-/+ buffers/cache:       896M        95M
Swap:         8.0G       487M       7.5G

             total       used       free     shared    buffers     cached
Mem:          992M       911M        80M        40K       928K        29M
-/+ buffers/cache:       881M       111M
Swap:         8.0G       507M       7.5G

             total       used       free     shared    buffers     cached
Mem:          992M       912M        79M        40K       928K        29M
-/+ buffers/cache:       882M       109M
Swap:         8.0G       506M       7.5G

             total       used       free     shared    buffers     cached
Mem:          992M       914M        77M        40K       928K        29M
-/+ buffers/cache:       883M       108M
Swap:         8.0G       506M       7.5G

             total       used       free     shared    buffers     cached
Mem:          992M       915M        76M        40K       928K        29M
-/+ buffers/cache:       885M       107M
Swap:         8.0G       505M       7.5G

             total       used       free     shared    buffers     cached
Mem:          992M       917M        75M        40K       928K        29M
-/+ buffers/cache:       886M       105M
Swap:         8.0G       504M       7.5G

             total       used       free     shared    buffers     cached
Mem:          992M       918M        73M        40K       928K        29M
-/+ buffers/cache:       887M       104M
Swap:         8.0G       504M       7.5G

             total       used       free     shared    buffers     cached
Mem:          992M       919M        72M        40K       936K        29M
-/+ buffers/cache:       889M       103M
Swap:         8.0G       503M       7.5G

             total       used       free     shared    buffers     cached
Mem:          992M       920M        71M        40K       936K        29M
-/+ buffers/cache:       890M       101M
Swap:         8.0G       502M       7.5G

             total       used       free     shared    buffers     cached
Mem:          992M       922M        70M        40K       936K        29M
-/+ buffers/cache:       891M       100M
Swap:         8.0G       502M       7.5G

             total       used       free     shared    buffers     cached
Mem:          992M       923M        68M        40K       936K        29M
-/+ buffers/cache:       892M        99M
Swap:         8.0G       501M       7.5G

             total       used       free     shared    buffers     cached
Mem:          992M       924M        67M        40K       936K        30M
-/+ buffers/cache:       893M        98M
Swap:         8.0G       501M       7.5G

             total       used       free     shared    buffers     cached
Mem:          992M       927M        64M        44K       1.1M        30M
-/+ buffers/cache:       895M        96M
Swap:         8.0G       500M       7.5G

             total       used       free     shared    buffers     cached
Mem:          992M       928M        63M        44K       1.1M        30M
-/+ buffers/cache:       896M        95M
Swap:         8.0G       499M       7.5G

             total       used       free     shared    buffers     cached
Mem:          992M       917M        74M        44K       1.0M        30M
-/+ buffers/cache:       886M       105M
Swap:         8.0G       505M       7.5G

             total       used       free     shared    buffers     cached
Mem:          992M       925M        66M        44K       1.0M        32M
-/+ buffers/cache:       892M        99M
Swap:         8.0G       502M       7.5G

             total       used       free     shared    buffers     cached
Mem:          992M       927M        64M        44K       1.0M        32M
-/+ buffers/cache:       893M        98M
Swap:         8.0G       501M       7.5G

             total       used       free     shared    buffers     cached
Mem:          992M       905M        86M        44K       580K        28M
-/+ buffers/cache:       876M       115M
Swap:         8.0G       525M       7.5G

             total       used       free     shared    buffers     cached
Mem:          992M       906M        85M        44K       600K        28M
-/+ buffers/cache:       877M       114M
Swap:         8.0G       524M       7.5G

             total       used       free     shared    buffers     cached
Mem:          992M       907M        85M        44K       600K        28M
-/+ buffers/cache:       878M       114M
Swap:         8.0G       524M       7.5G

             total       used       free     shared    buffers     cached
Mem:          992M       907M        84M        44K       600K        28M
-/+ buffers/cache:       878M       113M
Swap:         8.0G       523M       7.5G

             total       used       free     shared    buffers     cached
Mem:          992M       908M        84M        44K       600K        28M
-/+ buffers/cache:       879M       112M
Swap:         8.0G       523M       7.5G

             total       used       free     shared    buffers     cached
Mem:          992M       909M        83M        44K       600K        28M
-/+ buffers/cache:       880M       112M
Swap:         8.0G       523M       7.5G

             total       used       free     shared    buffers     cached
Mem:          992M       909M        82M        44K       608K        28M
-/+ buffers/cache:       880M       111M
Swap:         8.0G       522M       7.5G

             total       used       free     shared    buffers     cached
Mem:          992M       910M        81M        44K       608K        28M
-/+ buffers/cache:       881M       110M
Swap:         8.0G       522M       7.5G

             total       used       free     shared    buffers     cached
Mem:          992M       911M        81M        44K       608K        28M
-/+ buffers/cache:       882M       110M
Swap:         8.0G       521M       7.5G

             total       used       free     shared    buffers     cached
Mem:          992M       911M        80M        44K       608K        28M
-/+ buffers/cache:       882M       109M
Swap:         8.0G       521M       7.5G

             total       used       free     shared    buffers     cached
Mem:          992M       917M        74M       220K       608K        32M
-/+ buffers/cache:       884M       107M
Swap:         8.0G       520M       7.5G

             total       used       free     shared    buffers     cached
Mem:          992M       915M        76M       3.9M       5.0M        53M
-/+ buffers/cache:       857M       135M
Swap:         8.0G       551M       7.5G

             total       used       free     shared    buffers     cached
Mem:          992M       917M        74M       3.9M       5.0M        64M
-/+ buffers/cache:       848M       143M
Swap:         8.0G       565M       7.4G

             total       used       free     shared    buffers     cached
Mem:          992M       916M        75M       256K       4.4M        62M
-/+ buffers/cache:       849M       142M
Swap:         8.0G       560M       7.4G

             total       used       free     shared    buffers     cached
Mem:          992M       917M        74M       256K       4.2M        62M
-/+ buffers/cache:       850M       141M
Swap:         8.0G       565M       7.4G

             total       used       free     shared    buffers     cached
Mem:          992M       918M        73M       256K       4.2M        62M
-/+ buffers/cache:       851M       140M
Swap:         8.0G       564M       7.4G

             total       used       free     shared    buffers     cached
Mem:          992M       919M        72M       256K       4.2M        62M
-/+ buffers/cache:       853M       139M
Swap:         8.0G       563M       7.4G

             total       used       free     shared    buffers     cached
Mem:          992M       920M        71M       256K       4.2M        62M
-/+ buffers/cache:       854M       137M
Swap:         8.0G       563M       7.4G

             total       used       free     shared    buffers     cached
Mem:          992M       923M        68M       256K       4.3M        63M
-/+ buffers/cache:       855M       136M
Swap:         8.0G       562M       7.4G

             total       used       free     shared    buffers     cached
Mem:          992M       924M        67M       256K       4.3M        63M
-/+ buffers/cache:       857M       135M
Swap:         8.0G       561M       7.4G

             total       used       free     shared    buffers     cached
Mem:          992M       925M        66M       256K       4.3M        63M
-/+ buffers/cache:       858M       133M
Swap:         8.0G       561M       7.4G

             total       used       free     shared    buffers     cached
Mem:          992M       926M        65M       256K       4.3M        63M
-/+ buffers/cache:       859M       132M
Swap:         8.0G       560M       7.4G

             total       used       free     shared    buffers     cached
Mem:          992M       928M        63M       256K       4.3M        63M
-/+ buffers/cache:       860M       131M
Swap:         8.0G       559M       7.5G

             total       used       free     shared    buffers     cached
Mem:          992M       906M        85M       256K       4.2M        61M
-/+ buffers/cache:       841M       151M
Swap:         8.0G       580M       7.4G

             total       used       free     shared    buffers     cached
Mem:          992M       907M        84M       256K       4.2M        61M
-/+ buffers/cache:       841M       150M
Swap:         8.0G       579M       7.4G

             total       used       free     shared    buffers     cached
Mem:          992M       909M        83M       256K       4.2M        61M
-/+ buffers/cache:       843M       148M
Swap:         8.0G       578M       7.4G

             total       used       free     shared    buffers     cached
Mem:          992M       910M        81M       256K       4.2M        61M
-/+ buffers/cache:       844M       147M
Swap:         8.0G       578M       7.4G

             total       used       free     shared    buffers     cached
Mem:          992M       911M        80M       256K       4.2M        61M
-/+ buffers/cache:       845M       146M
Swap:         8.0G       577M       7.4G

             total       used       free     shared    buffers     cached
Mem:          992M       913M        79M       256K       4.2M        61M
-/+ buffers/cache:       847M       145M
Swap:         8.0G       576M       7.4G

             total       used       free     shared    buffers     cached
Mem:          992M       914M        77M       256K       4.2M        61M
-/+ buffers/cache:       848M       143M
Swap:         8.0G       575M       7.4G

             total       used       free     shared    buffers     cached
Mem:          992M       915M        76M       256K       4.2M        61M
-/+ buffers/cache:       849M       142M
Swap:         8.0G       575M       7.4G

             total       used       free     shared    buffers     cached
Mem:          992M       917M        74M       256K       4.2M        61M
-/+ buffers/cache:       851M       140M
Swap:         8.0G       574M       7.4G

             total       used       free     shared    buffers     cached
Mem:          992M       918M        73M       256K       4.2M        61M
-/+ buffers/cache:       852M       139M
Swap:         8.0G       573M       7.4G

             total       used       free     shared    buffers     cached
Mem:          992M       919M        72M       256K       4.2M        61M
-/+ buffers/cache:       853M       138M
Swap:         8.0G       573M       7.4G

             total       used       free     shared    buffers     cached
Mem:          992M       921M        70M       256K       4.2M        61M
-/+ buffers/cache:       855M       136M
Swap:         8.0G       572M       7.4G

             total       used       free     shared    buffers     cached
Mem:          992M       922M        69M       256K       4.2M        61M
-/+ buffers/cache:       856M       135M
Swap:         8.0G       571M       7.4G

             total       used       free     shared    buffers     cached
Mem:          992M       923M        68M       256K       4.2M        61M
-/+ buffers/cache:       857M       134M
Swap:         8.0G       570M       7.4G

             total       used       free     shared    buffers     cached
Mem:          992M       925M        66M       256K       4.2M        61M
-/+ buffers/cache:       859M       132M
Swap:         8.0G       570M       7.4G

             total       used       free     shared    buffers     cached
Mem:          992M       926M        65M       256K       4.2M        61M
-/+ buffers/cache:       860M       131M
Swap:         8.0G       569M       7.4G

             total       used       free     shared    buffers     cached
Mem:          992M       927M        64M       256K       4.2M        61M
-/+ buffers/cache:       861M       130M
Swap:         8.0G       569M       7.4G

             total       used       free     shared    buffers     cached
Mem:          992M       928M        63M       256K       4.2M        61M
-/+ buffers/cache:       862M       129M
Swap:         8.0G       568M       7.4G

             total       used       free     shared    buffers     cached
Mem:          992M       900M        91M       256K       3.3M        59M
-/+ buffers/cache:       837M       154M
Swap:         8.0G       597M       7.4G

             total       used       free     shared    buffers     cached
Mem:          992M       901M        90M       256K       3.3M        59M
-/+ buffers/cache:       838M       153M
Swap:         8.0G       596M       7.4G

             total       used       free     shared    buffers     cached
Mem:          992M       903M        89M       256K       3.3M        59M
-/+ buffers/cache:       840M       151M
Swap:         8.0G       596M       7.4G

             total       used       free     shared    buffers     cached
Mem:          992M       904M        87M       256K       3.3M        59M
-/+ buffers/cache:       841M       150M
Swap:         8.0G       595M       7.4G

             total       used       free     shared    buffers     cached
Mem:          992M       905M        86M       256K       3.3M        59M
-/+ buffers/cache:       842M       149M
Swap:         8.0G       595M       7.4G

             total       used       free     shared    buffers     cached
Mem:          992M       906M        85M       256K       3.3M        59M
-/+ buffers/cache:       843M       148M
Swap:         8.0G       594M       7.4G

             total       used       free     shared    buffers     cached
Mem:          992M       907M        84M       256K       3.3M        59M
-/+ buffers/cache:       844M       147M
Swap:         8.0G       593M       7.4G

             total       used       free     shared    buffers     cached
Mem:          992M       909M        83M       256K       3.3M        59M
-/+ buffers/cache:       846M       145M
Swap:         8.0G       593M       7.4G

             total       used       free     shared    buffers     cached
Mem:          992M       910M        81M       256K       3.3M        59M
-/+ buffers/cache:       847M       144M
Swap:         8.0G       592M       7.4G

             total       used       free     shared    buffers     cached
Mem:          992M       911M        80M       256K       3.3M        59M
-/+ buffers/cache:       848M       143M
Swap:         8.0G       591M       7.4G

             total       used       free     shared    buffers     cached
Mem:          992M       913M        79M       256K       3.3M        59M
-/+ buffers/cache:       850M       141M
Swap:         8.0G       591M       7.4G

             total       used       free     shared    buffers     cached
Mem:          992M       919M        72M       328K       7.8M        73M
-/+ buffers/cache:       839M       153M
Swap:         8.0G       592M       7.4G

             total       used       free     shared    buffers     cached
Mem:          992M       922M        69M       336K       8.3M        75M
-/+ buffers/cache:       838M       153M
Swap:         8.0G       592M       7.4G
