             total       used       free     shared    buffers     cached
Mem:          992M       522M       469M       1.4M        41M       245M
-/+ buffers/cache:       235M       756M
Swap:         8.0G         0B       8.0G

             total       used       free     shared    buffers     cached
Mem:          992M       521M       470M       1.4M        41M       246M
-/+ buffers/cache:       234M       757M
Swap:         8.0G         0B       8.0G

             total       used       free     shared    buffers     cached
Mem:          992M       521M       470M       1.4M        41M       246M
-/+ buffers/cache:       234M       757M
Swap:         8.0G         0B       8.0G

             total       used       free     shared    buffers     cached
Mem:          992M       521M       470M       1.4M        41M       246M
-/+ buffers/cache:       234M       757M
Swap:         8.0G         0B       8.0G

             total       used       free     shared    buffers     cached
Mem:          992M       521M       470M       1.4M        41M       246M
-/+ buffers/cache:       234M       757M
Swap:         8.0G         0B       8.0G

             total       used       free     shared    buffers     cached
Mem:          992M       521M       470M       1.4M        41M       246M
-/+ buffers/cache:       234M       757M
Swap:         8.0G         0B       8.0G

             total       used       free     shared    buffers     cached
Mem:          992M       521M       470M       1.4M        41M       246M
-/+ buffers/cache:       234M       757M
Swap:         8.0G         0B       8.0G

             total       used       free     shared    buffers     cached
Mem:          992M       521M       470M       1.4M        41M       246M
-/+ buffers/cache:       234M       757M
Swap:         8.0G         0B       8.0G

             total       used       free     shared    buffers     cached
Mem:          992M       521M       470M       1.4M        41M       246M
-/+ buffers/cache:       234M       757M
Swap:         8.0G         0B       8.0G

             total       used       free     shared    buffers     cached
Mem:          992M       522M       469M       1.4M        41M       246M
-/+ buffers/cache:       234M       757M
Swap:         8.0G         0B       8.0G

             total       used       free     shared    buffers     cached
Mem:          992M       521M       470M       1.4M        41M       246M
-/+ buffers/cache:       234M       757M
Swap:         8.0G         0B       8.0G

             total       used       free     shared    buffers     cached
Mem:          992M       523M       468M       1.4M        41M       246M
-/+ buffers/cache:       235M       756M
Swap:         8.0G         0B       8.0G

             total       used       free     shared    buffers     cached
Mem:          992M       523M       468M       1.4M        41M       246M
-/+ buffers/cache:       235M       756M
Swap:         8.0G         0B       8.0G

             total       used       free     shared    buffers     cached
Mem:          992M       523M       468M       1.4M        41M       246M
-/+ buffers/cache:       235M       756M
Swap:         8.0G         0B       8.0G

             total       used       free     shared    buffers     cached
Mem:          992M       523M       468M       1.4M        41M       246M
-/+ buffers/cache:       235M       756M
Swap:         8.0G         0B       8.0G

             total       used       free     shared    buffers     cached
Mem:          992M       523M       468M       1.4M        41M       246M
-/+ buffers/cache:       235M       756M
Swap:         8.0G         0B       8.0G

             total       used       free     shared    buffers     cached
Mem:          992M       523M       468M       1.4M        41M       246M
-/+ buffers/cache:       235M       756M
Swap:         8.0G         0B       8.0G

             total       used       free     shared    buffers     cached
Mem:          992M       523M       468M       1.4M        41M       246M
-/+ buffers/cache:       235M       756M
Swap:         8.0G         0B       8.0G

             total       used       free     shared    buffers     cached
Mem:          992M       523M       468M       1.4M        41M       246M
-/+ buffers/cache:       235M       756M
Swap:         8.0G         0B       8.0G

             total       used       free     shared    buffers     cached
Mem:          992M       523M       468M       1.4M        41M       246M
-/+ buffers/cache:       235M       756M
Swap:         8.0G         0B       8.0G

             total       used       free     shared    buffers     cached
Mem:          992M       523M       468M       1.4M        41M       246M
-/+ buffers/cache:       235M       756M
Swap:         8.0G         0B       8.0G

             total       used       free     shared    buffers     cached
Mem:          992M       524M       468M       1.4M        41M       246M
-/+ buffers/cache:       236M       756M
Swap:         8.0G         0B       8.0G

             total       used       free     shared    buffers     cached
Mem:          992M       524M       468M       1.4M        41M       246M
-/+ buffers/cache:       236M       756M
Swap:         8.0G         0B       8.0G

             total       used       free     shared    buffers     cached
Mem:          992M       524M       468M       1.4M        41M       246M
-/+ buffers/cache:       236M       756M
Swap:         8.0G         0B       8.0G

             total       used       free     shared    buffers     cached
Mem:          992M       524M       468M       1.4M        41M       246M
-/+ buffers/cache:       236M       756M
Swap:         8.0G         0B       8.0G

             total       used       free     shared    buffers     cached
Mem:          992M       524M       468M       1.4M        41M       246M
-/+ buffers/cache:       236M       756M
Swap:         8.0G         0B       8.0G

             total       used       free     shared    buffers     cached
Mem:          992M       524M       468M       1.4M        41M       246M
-/+ buffers/cache:       236M       756M
Swap:         8.0G         0B       8.0G

             total       used       free     shared    buffers     cached
Mem:          992M       524M       468M       1.4M        41M       246M
-/+ buffers/cache:       236M       756M
Swap:         8.0G         0B       8.0G

             total       used       free     shared    buffers     cached
Mem:          992M       524M       468M       1.4M        41M       246M
-/+ buffers/cache:       236M       756M
Swap:         8.0G         0B       8.0G

             total       used       free     shared    buffers     cached
Mem:          992M       524M       468M       1.4M        41M       246M
-/+ buffers/cache:       236M       756M
Swap:         8.0G         0B       8.0G

             total       used       free     shared    buffers     cached
Mem:          992M       524M       468M       1.4M        41M       246M
-/+ buffers/cache:       236M       756M
Swap:         8.0G         0B       8.0G

             total       used       free     shared    buffers     cached
Mem:          992M       524M       468M       1.4M        41M       246M
-/+ buffers/cache:       236M       756M
Swap:         8.0G         0B       8.0G

             total       used       free     shared    buffers     cached
Mem:          992M       524M       468M       1.4M        41M       246M
-/+ buffers/cache:       236M       756M
Swap:         8.0G         0B       8.0G

             total       used       free     shared    buffers     cached
Mem:          992M       532M       459M       1.4M        41M       246M
-/+ buffers/cache:       244M       747M
Swap:         8.0G         0B       8.0G

             total       used       free     shared    buffers     cached
Mem:          992M       546M       445M       1.4M        41M       246M
-/+ buffers/cache:       258M       733M
Swap:         8.0G         0B       8.0G

             total       used       free     shared    buffers     cached
Mem:          992M       560M       431M       1.4M        41M       246M
-/+ buffers/cache:       272M       719M
Swap:         8.0G         0B       8.0G

             total       used       free     shared    buffers     cached
Mem:          992M       574M       417M       1.4M        41M       246M
-/+ buffers/cache:       286M       705M
Swap:         8.0G         0B       8.0G

             total       used       free     shared    buffers     cached
Mem:          992M       588M       403M       1.4M        41M       246M
-/+ buffers/cache:       300M       691M
Swap:         8.0G         0B       8.0G

             total       used       free     shared    buffers     cached
Mem:          992M       603M       388M       1.4M        41M       246M
-/+ buffers/cache:       315M       676M
Swap:         8.0G         0B       8.0G

             total       used       free     shared    buffers     cached
Mem:          992M       617M       374M       1.4M        41M       246M
-/+ buffers/cache:       329M       662M
Swap:         8.0G         0B       8.0G

             total       used       free     shared    buffers     cached
Mem:          992M       530M       462M       1.4M        41M       247M
-/+ buffers/cache:       241M       751M
Swap:         8.0G         0B       8.0G

             total       used       free     shared    buffers     cached
Mem:          992M       538M       453M       1.4M        41M       249M
-/+ buffers/cache:       247M       744M
Swap:         8.0G         0B       8.0G

             total       used       free     shared    buffers     cached
Mem:          992M       578M       413M       1.7M        41M       254M
-/+ buffers/cache:       282M       709M
Swap:         8.0G         0B       8.0G

             total       used       free     shared    buffers     cached
Mem:          992M       587M       404M       1.7M        41M       254M
-/+ buffers/cache:       292M       700M
Swap:         8.0G         0B       8.0G

             total       used       free     shared    buffers     cached
Mem:          992M       601M       390M       1.6M        41M       254M
-/+ buffers/cache:       306M       685M
Swap:         8.0G         0B       8.0G

             total       used       free     shared    buffers     cached
Mem:          992M       616M       375M       1.6M        41M       254M
-/+ buffers/cache:       321M       670M
Swap:         8.0G         0B       8.0G

             total       used       free     shared    buffers     cached
Mem:          992M       631M       360M       1.6M        41M       254M
-/+ buffers/cache:       336M       655M
Swap:         8.0G         0B       8.0G

             total       used       free     shared    buffers     cached
Mem:          992M       645M       346M       1.6M        41M       254M
-/+ buffers/cache:       350M       641M
Swap:         8.0G         0B       8.0G

             total       used       free     shared    buffers     cached
Mem:          992M       659M       332M       1.6M        41M       254M
-/+ buffers/cache:       364M       628M
Swap:         8.0G         0B       8.0G

             total       used       free     shared    buffers     cached
Mem:          992M       671M       320M       1.6M        41M       254M
-/+ buffers/cache:       376M       616M
Swap:         8.0G         0B       8.0G

             total       used       free     shared    buffers     cached
Mem:          992M       683M       308M       1.6M        41M       254M
-/+ buffers/cache:       388M       603M
Swap:         8.0G         0B       8.0G

             total       used       free     shared    buffers     cached
Mem:          992M       698M       293M       1.6M        41M       254M
-/+ buffers/cache:       403M       588M
Swap:         8.0G         0B       8.0G

             total       used       free     shared    buffers     cached
Mem:          992M       711M       280M       1.6M        41M       254M
-/+ buffers/cache:       415M       576M
Swap:         8.0G         0B       8.0G

             total       used       free     shared    buffers     cached
Mem:          992M       725M       266M       1.6M        41M       254M
-/+ buffers/cache:       429M       562M
Swap:         8.0G         0B       8.0G

             total       used       free     shared    buffers     cached
Mem:          992M       740M       251M       1.6M        41M       254M
-/+ buffers/cache:       444M       547M
Swap:         8.0G         0B       8.0G

             total       used       free     shared    buffers     cached
Mem:          992M       754M       237M       1.6M        41M       254M
-/+ buffers/cache:       458M       533M
Swap:         8.0G         0B       8.0G

             total       used       free     shared    buffers     cached
Mem:          992M       768M       223M       1.6M        41M       254M
-/+ buffers/cache:       472M       519M
Swap:         8.0G         0B       8.0G

             total       used       free     shared    buffers     cached
Mem:          992M       783M       209M       1.6M        41M       254M
-/+ buffers/cache:       487M       504M
Swap:         8.0G         0B       8.0G

             total       used       free     shared    buffers     cached
Mem:          992M       798M       194M       1.6M        41M       254M
-/+ buffers/cache:       502M       489M
Swap:         8.0G         0B       8.0G

             total       used       free     shared    buffers     cached
Mem:          992M       813M       179M       1.6M        41M       254M
-/+ buffers/cache:       517M       474M
Swap:         8.0G         0B       8.0G

             total       used       free     shared    buffers     cached
Mem:          992M       827M       164M       1.6M        41M       254M
-/+ buffers/cache:       531M       460M
Swap:         8.0G         0B       8.0G

             total       used       free     shared    buffers     cached
Mem:          992M       841M       151M       1.6M        41M       254M
-/+ buffers/cache:       545M       446M
Swap:         8.0G         0B       8.0G

             total       used       free     shared    buffers     cached
Mem:          992M       855M       136M       1.6M        41M       254M
-/+ buffers/cache:       559M       432M
Swap:         8.0G         0B       8.0G

             total       used       free     shared    buffers     cached
Mem:          992M       868M       123M       1.6M        41M       254M
-/+ buffers/cache:       572M       419M
Swap:         8.0G         0B       8.0G

             total       used       free     shared    buffers     cached
Mem:          992M       882M       109M       1.6M        41M       254M
-/+ buffers/cache:       586M       405M
Swap:         8.0G         0B       8.0G

             total       used       free     shared    buffers     cached
Mem:          992M       893M        98M       1.6M        41M       254M
-/+ buffers/cache:       598M       394M
Swap:         8.0G         0B       8.0G

             total       used       free     shared    buffers     cached
Mem:          992M       903M        88M       1.6M        41M       254M
-/+ buffers/cache:       607M       384M
Swap:         8.0G         0B       8.0G

             total       used       free     shared    buffers     cached
Mem:          992M       916M        75M       1.6M        41M       254M
-/+ buffers/cache:       620M       371M
Swap:         8.0G         0B       8.0G

             total       used       free     shared    buffers     cached
Mem:          992M       929M        62M       1.6M        41M       254M
-/+ buffers/cache:       633M       358M
Swap:         8.0G         0B       8.0G

             total       used       free     shared    buffers     cached
Mem:          992M       921M        70M       1.6M        20M       252M
-/+ buffers/cache:       648M       343M
Swap:         8.0G         0B       8.0G

             total       used       free     shared    buffers     cached
Mem:          992M       916M        75M       1.6M        13M       240M
-/+ buffers/cache:       662M       329M
Swap:         8.0G         0B       8.0G

             total       used       free     shared    buffers     cached
Mem:          992M       932M        59M       1.6M        13M       240M
-/+ buffers/cache:       678M       313M
Swap:         8.0G         0B       8.0G

             total       used       free     shared    buffers     cached
Mem:          992M       922M        69M       1.6M        12M       216M
-/+ buffers/cache:       693M       299M
Swap:         8.0G         0B       8.0G

             total       used       free     shared    buffers     cached
Mem:          992M       922M        69M       1.5M        12M       202M
-/+ buffers/cache:       707M       284M
Swap:         8.0G        64K       8.0G

             total       used       free     shared    buffers     cached
Mem:          992M       931M        60M       1.5M        12M       196M
-/+ buffers/cache:       722M       269M
Swap:         8.0G        64K       8.0G

             total       used       free     shared    buffers     cached
Mem:          992M       933M        59M       1.5M        12M       183M
-/+ buffers/cache:       736M       255M
Swap:         8.0G        64K       8.0G

             total       used       free     shared    buffers     cached
Mem:          992M       928M        64M       1.3M        12M       165M
-/+ buffers/cache:       750M       241M
Swap:         8.0G       1.7M       8.0G

             total       used       free     shared    buffers     cached
Mem:          992M       922M        69M       1.3M        12M       147M
-/+ buffers/cache:       762M       229M
Swap:         8.0G       4.0M       8.0G

             total       used       free     shared    buffers     cached
Mem:          992M       918M        73M       1.2M        12M       132M
-/+ buffers/cache:       774M       217M
Swap:         8.0G       6.4M       8.0G

             total       used       free     shared    buffers     cached
Mem:          992M       933M        59M       1.2M        12M       132M
-/+ buffers/cache:       788M       203M
Swap:         8.0G       6.4M       8.0G

             total       used       free     shared    buffers     cached
Mem:          992M       930M        62M       1.2M        12M       118M
-/+ buffers/cache:       799M       193M
Swap:         8.0G       8.7M       8.0G

             total       used       free     shared    buffers     cached
Mem:          992M       928M        63M       1.2M       3.6M       114M
-/+ buffers/cache:       810M       181M
Swap:         8.0G       9.5M       8.0G

             total       used       free     shared    buffers     cached
Mem:          992M       927M        64M       1.2M       1.9M       102M
-/+ buffers/cache:       823M       168M
Swap:         8.0G       9.6M       8.0G

             total       used       free     shared    buffers     cached
Mem:          992M       928M        63M       1.2M       920K        90M
-/+ buffers/cache:       836M       155M
Swap:         8.0G       9.6M       8.0G

             total       used       free     shared    buffers     cached
Mem:          992M       920M        71M       1.2M       472K        70M
-/+ buffers/cache:       850M       142M
Swap:         8.0G       9.6M       8.0G

             total       used       free     shared    buffers     cached
Mem:          992M       916M        75M       1.2M        80K        54M
-/+ buffers/cache:       862M       130M
Swap:         8.0G       9.6M       8.0G

             total       used       free     shared    buffers     cached
Mem:          992M       931M        60M       1.2M        80K        54M
-/+ buffers/cache:       877M       115M
Swap:         8.0G       9.6M       8.0G

             total       used       free     shared    buffers     cached
Mem:          992M       932M        59M       1.2M        80K        42M
-/+ buffers/cache:       890M       102M
Swap:         8.0G       9.6M       8.0G

             total       used       free     shared    buffers     cached
Mem:          992M       926M        65M       1.2M       220K        24M
-/+ buffers/cache:       901M        90M
Swap:         8.0G       9.6M       8.0G

             total       used       free     shared    buffers     cached
Mem:          992M       924M        68M       1.2M       216K       8.3M
-/+ buffers/cache:       915M        76M
Swap:         8.0G       9.8M       8.0G

             total       used       free     shared    buffers     cached
Mem:          992M       922M        69M       1.0M       208K       2.2M
-/+ buffers/cache:       919M        72M
Swap:         8.0G        21M       8.0G

             total       used       free     shared    buffers     cached
Mem:          992M       921M        70M       640K       216K       1.9M
-/+ buffers/cache:       919M        72M
Swap:         8.0G        38M       8.0G

             total       used       free     shared    buffers     cached
Mem:          992M       926M        65M       648K       216K       1.9M
-/+ buffers/cache:       924M        67M
Swap:         8.0G        46M       8.0G

             total       used       free     shared    buffers     cached
Mem:          992M       920M        71M       636K       216K       1.5M
-/+ buffers/cache:       918M        73M
Swap:         8.0G        61M       7.9G

             total       used       free     shared    buffers     cached
Mem:          992M       928M        64M       636K       216K       1.4M
-/+ buffers/cache:       926M        65M
Swap:         8.0G        61M       7.9G

             total       used       free     shared    buffers     cached
Mem:          992M       919M        72M       636K       216K       1.4M
-/+ buffers/cache:       918M        74M
Swap:         8.0G        78M       7.9G

             total       used       free     shared    buffers     cached
Mem:          992M       922M        69M       620K       224K       1.4M
-/+ buffers/cache:       921M        70M
Swap:         8.0G        78M       7.9G

             total       used       free     shared    buffers     cached
Mem:          992M       929M        62M       620K       224K       1.4M
-/+ buffers/cache:       928M        64M
Swap:         8.0G        78M       7.9G

             total       used       free     shared    buffers     cached
Mem:          992M       913M        78M       620K       224K       1.4M
-/+ buffers/cache:       911M        80M
Swap:         8.0G       122M       7.9G

             total       used       free     shared    buffers     cached
Mem:          992M       920M        72M       588K       224K       1.4M
-/+ buffers/cache:       918M        73M
Swap:         8.0G       122M       7.9G

             total       used       free     shared    buffers     cached
Mem:          992M       915M        77M       588K        76K        13M
-/+ buffers/cache:       901M        91M
Swap:         8.0G       134M       7.9G

             total       used       free     shared    buffers     cached
Mem:          992M       920M        71M       588K       508K        14M
-/+ buffers/cache:       905M        86M
Swap:         8.0G       134M       7.9G

             total       used       free     shared    buffers     cached
Mem:          992M       926M        66M       588K       696K        14M
-/+ buffers/cache:       910M        81M
Swap:         8.0G       133M       7.9G

             total       used       free     shared    buffers     cached
Mem:          992M       932M        60M       588K       696K        14M
-/+ buffers/cache:       916M        75M
Swap:         8.0G       133M       7.9G

             total       used       free     shared    buffers     cached
Mem:          992M       925M        66M       588K       696K        14M
-/+ buffers/cache:       910M        81M
Swap:         8.0G       139M       7.9G

             total       used       free     shared    buffers     cached
Mem:          992M       931M        60M       588K       696K        14M
-/+ buffers/cache:       916M        75M
Swap:         8.0G       139M       7.9G

             total       used       free     shared    buffers     cached
Mem:          992M       924M        68M       588K       696K        13M
-/+ buffers/cache:       910M        82M
Swap:         8.0G       158M       7.8G

             total       used       free     shared    buffers     cached
Mem:          992M       920M        71M       588K        76K       3.4M
-/+ buffers/cache:       917M        74M
Swap:         8.0G       147M       7.9G

             total       used       free     shared    buffers     cached
Mem:          992M       924M        67M       588K        96K       1.7M
-/+ buffers/cache:       922M        69M
Swap:         8.0G       128M       7.9G

             total       used       free     shared    buffers     cached
Mem:          992M       922M        69M        12K        80K       1.3M
-/+ buffers/cache:       921M        70M
Swap:         8.0G       132M       7.9G

             total       used       free     shared    buffers     cached
Mem:          992M       925M        66M         0B        80K       1.3M
-/+ buffers/cache:       924M        68M
Swap:         8.0G       133M       7.9G

             total       used       free     shared    buffers     cached
Mem:          992M       919M        72M         0B        80K       1.7M
-/+ buffers/cache:       918M        74M
Swap:         8.0G       146M       7.9G

             total       used       free     shared    buffers     cached
Mem:          992M       925M        67M         0B        80K       1.7M
-/+ buffers/cache:       923M        68M
Swap:         8.0G       148M       7.9G

             total       used       free     shared    buffers     cached
Mem:          992M       924M        67M         0B        80K       1.7M
-/+ buffers/cache:       923M        69M
Swap:         8.0G       252M       7.8G

             total       used       free     shared    buffers     cached
Mem:          992M       921M        70M         0B        88K       1.7M
-/+ buffers/cache:       919M        72M
Swap:         8.0G       246M       7.8G

             total       used       free     shared    buffers     cached
Mem:          992M       922M        69M         0B        88K       1.8M
-/+ buffers/cache:       920M        71M
Swap:         8.0G       240M       7.8G

             total       used       free     shared    buffers     cached
Mem:          992M       930M        62M         0B        88K       1.8M
-/+ buffers/cache:       928M        63M
Swap:         8.0G       238M       7.8G

             total       used       free     shared    buffers     cached
Mem:          992M       925M        67M         0B        88K       1.8M
-/+ buffers/cache:       923M        68M
Swap:         8.0G       238M       7.8G

             total       used       free     shared    buffers     cached
Mem:          992M       932M        59M         0B        96K       1.8M
-/+ buffers/cache:       930M        61M
Swap:         8.0G       238M       7.8G

             total       used       free     shared    buffers     cached
Mem:          992M       927M        64M         0B        96K       1.8M
-/+ buffers/cache:       925M        66M
Swap:         8.0G       238M       7.8G

             total       used       free     shared    buffers     cached
Mem:          992M       923M        68M         0B        96K       1.8M
-/+ buffers/cache:       921M        70M
Swap:         8.0G       238M       7.8G

             total       used       free     shared    buffers     cached
Mem:          992M       926M        65M         0B        96K       1.8M
-/+ buffers/cache:       924M        67M
Swap:         8.0G       237M       7.8G

             total       used       free     shared    buffers     cached
Mem:          992M       928M        64M         0B        96K       1.8M
-/+ buffers/cache:       926M        66M
Swap:         8.0G       236M       7.8G

             total       used       free     shared    buffers     cached
Mem:          992M       930M        62M         0B       104K       1.8M
-/+ buffers/cache:       928M        64M
Swap:         8.0G       235M       7.8G

             total       used       free     shared    buffers     cached
Mem:          992M       932M        60M         0B       104K       1.8M
-/+ buffers/cache:       930M        61M
Swap:         8.0G       235M       7.8G

             total       used       free     shared    buffers     cached
Mem:          992M       920M        71M         0B       104K       1.8M
-/+ buffers/cache:       918M        73M
Swap:         8.0G       234M       7.8G

             total       used       free     shared    buffers     cached
Mem:          992M       922M        69M         0B       104K       1.8M
-/+ buffers/cache:       920M        71M
Swap:         8.0G       233M       7.8G

             total       used       free     shared    buffers     cached
Mem:          992M       924M        67M         0B       104K       1.8M
-/+ buffers/cache:       922M        69M
Swap:         8.0G       232M       7.8G

             total       used       free     shared    buffers     cached
Mem:          992M       926M        65M         0B       112K       1.8M
-/+ buffers/cache:       924M        67M
Swap:         8.0G       231M       7.8G

             total       used       free     shared    buffers     cached
Mem:          992M       928M        63M         0B       120K       1.8M
-/+ buffers/cache:       926M        65M
Swap:         8.0G       230M       7.8G

             total       used       free     shared    buffers     cached
Mem:          992M       930M        61M         0B       120K       1.8M
-/+ buffers/cache:       928M        63M
Swap:         8.0G       229M       7.8G

             total       used       free     shared    buffers     cached
Mem:          992M       920M        71M         0B       120K       1.8M
-/+ buffers/cache:       918M        73M
Swap:         8.0G       228M       7.8G

             total       used       free     shared    buffers     cached
Mem:          992M       922M        69M         0B       120K       1.8M
-/+ buffers/cache:       920M        71M
Swap:         8.0G       227M       7.8G

             total       used       free     shared    buffers     cached
Mem:          992M       924M        67M         0B       128K       1.8M
-/+ buffers/cache:       922M        69M
Swap:         8.0G       226M       7.8G

             total       used       free     shared    buffers     cached
Mem:          992M       926M        65M         0B       128K       1.8M
-/+ buffers/cache:       924M        67M
Swap:         8.0G       225M       7.8G

             total       used       free     shared    buffers     cached
Mem:          992M       928M        63M         0B       128K       1.8M
-/+ buffers/cache:       926M        65M
Swap:         8.0G       224M       7.8G

             total       used       free     shared    buffers     cached
Mem:          992M       930M        61M         0B       128K       1.8M
-/+ buffers/cache:       928M        63M
Swap:         8.0G       223M       7.8G

             total       used       free     shared    buffers     cached
Mem:          992M       920M        72M         0B       128K       1.8M
-/+ buffers/cache:       918M        73M
Swap:         8.0G       223M       7.8G

             total       used       free     shared    buffers     cached
Mem:          992M       922M        69M         0B       136K       1.8M
-/+ buffers/cache:       920M        71M
Swap:         8.0G       222M       7.8G

             total       used       free     shared    buffers     cached
Mem:          992M       924M        67M         0B       136K       1.8M
-/+ buffers/cache:       922M        69M
Swap:         8.0G       221M       7.8G

             total       used       free     shared    buffers     cached
Mem:          992M       926M        65M         0B       136K       1.8M
-/+ buffers/cache:       924M        67M
Swap:         8.0G       220M       7.8G

             total       used       free     shared    buffers     cached
Mem:          992M       929M        63M         0B       136K       2.2M
-/+ buffers/cache:       926M        65M
Swap:         8.0G       219M       7.8G

             total       used       free     shared    buffers     cached
Mem:          992M       930M        61M         0B       136K       2.2M
-/+ buffers/cache:       928M        63M
Swap:         8.0G       218M       7.8G

             total       used       free     shared    buffers     cached
Mem:          992M       919M        72M         0B       136K       2.2M
-/+ buffers/cache:       917M        75M
Swap:         8.0G       232M       7.8G

             total       used       free     shared    buffers     cached
Mem:          992M       921M        70M         0B       144K       2.2M
-/+ buffers/cache:       918M        73M
Swap:         8.0G       232M       7.8G

             total       used       free     shared    buffers     cached
Mem:          992M       923M        68M         0B       144K       2.2M
-/+ buffers/cache:       921M        70M
Swap:         8.0G       231M       7.8G

             total       used       free     shared    buffers     cached
Mem:          992M       925M        66M         0B       144K       2.2M
-/+ buffers/cache:       923M        68M
Swap:         8.0G       230M       7.8G

             total       used       free     shared    buffers     cached
Mem:          992M       927M        64M         0B       144K       2.2M
-/+ buffers/cache:       925M        66M
Swap:         8.0G       229M       7.8G

             total       used       free     shared    buffers     cached
Mem:          992M       929M        62M         0B       144K       2.2M
-/+ buffers/cache:       927M        64M
Swap:         8.0G       228M       7.8G

             total       used       free     shared    buffers     cached
Mem:          992M       919M        73M         0B       152K       2.1M
-/+ buffers/cache:       916M        75M
Swap:         8.0G       237M       7.8G

             total       used       free     shared    buffers     cached
Mem:          992M       921M        71M         0B       152K       2.1M
-/+ buffers/cache:       918M        73M
Swap:         8.0G       236M       7.8G

             total       used       free     shared    buffers     cached
Mem:          992M       923M        68M         0B       152K       2.1M
-/+ buffers/cache:       921M        71M
Swap:         8.0G       235M       7.8G

             total       used       free     shared    buffers     cached
Mem:          992M       925M        66M         0B       152K       2.2M
-/+ buffers/cache:       923M        68M
Swap:         8.0G       234M       7.8G

             total       used       free     shared    buffers     cached
Mem:          992M       927M        64M         0B       152K       2.2M
-/+ buffers/cache:       925M        66M
Swap:         8.0G       232M       7.8G

             total       used       free     shared    buffers     cached
Mem:          992M       929M        62M         0B       160K       2.1M
-/+ buffers/cache:       927M        64M
Swap:         8.0G       231M       7.8G

             total       used       free     shared    buffers     cached
Mem:          992M       918M        73M         0B       160K       2.1M
-/+ buffers/cache:       915M        76M
Swap:         8.0G       239M       7.8G

             total       used       free     shared    buffers     cached
Mem:          992M       920M        71M         0B       160K       2.1M
-/+ buffers/cache:       918M        73M
Swap:         8.0G       238M       7.8G

             total       used       free     shared    buffers     cached
Mem:          992M       923M        69M         0B       160K       2.1M
-/+ buffers/cache:       920M        71M
Swap:         8.0G       236M       7.8G

             total       used       free     shared    buffers     cached
Mem:          992M       925M        66M         0B       160K       2.1M
-/+ buffers/cache:       923M        69M
Swap:         8.0G       235M       7.8G

             total       used       free     shared    buffers     cached
Mem:          992M       919M        72M         0B        84K        13M
-/+ buffers/cache:       906M        86M
Swap:         8.0G       259M       7.7G

             total       used       free     shared    buffers     cached
Mem:          992M       930M        62M         4K       1.7M        18M
-/+ buffers/cache:       909M        82M
Swap:         8.0G       257M       7.7G

             total       used       free     shared    buffers     cached
Mem:          992M       916M        75M         8K       1.7M        18M
-/+ buffers/cache:       896M        95M
Swap:         8.0G       278M       7.7G

             total       used       free     shared    buffers     cached
Mem:          992M       919M        73M         8K       1.7M        18M
-/+ buffers/cache:       899M        92M
Swap:         8.0G       277M       7.7G

             total       used       free     shared    buffers     cached
Mem:          992M       921M        70M         8K       1.7M        18M
-/+ buffers/cache:       901M        90M
Swap:         8.0G       276M       7.7G

             total       used       free     shared    buffers     cached
Mem:          992M       923M        68M         8K       1.7M        18M
-/+ buffers/cache:       904M        88M
Swap:         8.0G       275M       7.7G

             total       used       free     shared    buffers     cached
Mem:          992M       926M        66M         8K       1.7M        18M
-/+ buffers/cache:       906M        85M
Swap:         8.0G       274M       7.7G

             total       used       free     shared    buffers     cached
Mem:          992M       928M        63M         8K       1.7M        18M
-/+ buffers/cache:       908M        83M
Swap:         8.0G       273M       7.7G

             total       used       free     shared    buffers     cached
Mem:          992M       931M        61M         8K       1.7M        18M
-/+ buffers/cache:       911M        80M
Swap:         8.0G       271M       7.7G

             total       used       free     shared    buffers     cached
Mem:          992M       919M        72M         8K       1.7M        17M
-/+ buffers/cache:       899M        92M
Swap:         8.0G       271M       7.7G

             total       used       free     shared    buffers     cached
Mem:          992M       921M        70M         8K       1.7M        17M
-/+ buffers/cache:       901M        90M
Swap:         8.0G       270M       7.7G

             total       used       free     shared    buffers     cached
Mem:          992M       923M        68M         8K       1.7M        17M
-/+ buffers/cache:       904M        88M
Swap:         8.0G       269M       7.7G

             total       used       free     shared    buffers     cached
Mem:          992M       925M        66M         8K       1.7M        17M
-/+ buffers/cache:       906M        85M
Swap:         8.0G       268M       7.7G

             total       used       free     shared    buffers     cached
Mem:          992M       927M        64M         8K       1.7M        17M
-/+ buffers/cache:       908M        83M
Swap:         8.0G       267M       7.7G

             total       used       free     shared    buffers     cached
Mem:          992M       917M        74M         8K       1.7M        14M
-/+ buffers/cache:       901M        91M
Swap:         8.0G       279M       7.7G

             total       used       free     shared    buffers     cached
Mem:          992M       919M        73M         8K       1.7M        14M
-/+ buffers/cache:       903M        89M
Swap:         8.0G       278M       7.7G

             total       used       free     shared    buffers     cached
Mem:          992M       921M        70M         8K       1.7M        14M
-/+ buffers/cache:       905M        87M
Swap:         8.0G       277M       7.7G

             total       used       free     shared    buffers     cached
Mem:          992M       923M        68M         8K       1.7M        14M
-/+ buffers/cache:       907M        84M
Swap:         8.0G       276M       7.7G

             total       used       free     shared    buffers     cached
Mem:          992M       926M        65M         8K       1.7M        15M
-/+ buffers/cache:       909M        83M
Swap:         8.0G       275M       7.7G

             total       used       free     shared    buffers     cached
Mem:          992M       927M        64M         8K       1.7M        15M
-/+ buffers/cache:       910M        82M
Swap:         8.0G       275M       7.7G

             total       used       free     shared    buffers     cached
Mem:          992M       928M        63M         8K       1.7M        15M
-/+ buffers/cache:       911M        80M
Swap:         8.0G       275M       7.7G

             total       used       free     shared    buffers     cached
Mem:          992M       916M        75M         8K       240K       9.0M
-/+ buffers/cache:       907M        84M
Swap:         8.0G       281M       7.7G

             total       used       free     shared    buffers     cached
Mem:          992M       918M        74M         8K       948K       9.1M
-/+ buffers/cache:       908M        84M
Swap:         8.0G       280M       7.7G

             total       used       free     shared    buffers     cached
Mem:          992M       919M        72M         8K       952K       9.1M
-/+ buffers/cache:       909M        82M
Swap:         8.0G       280M       7.7G

             total       used       free     shared    buffers     cached
Mem:          992M       919M        72M         8K       952K       9.1M
-/+ buffers/cache:       909M        82M
Swap:         8.0G       280M       7.7G

             total       used       free     shared    buffers     cached
Mem:          992M       921M        70M         8K       952K       9.1M
-/+ buffers/cache:       911M        80M
Swap:         8.0G       279M       7.7G

             total       used       free     shared    buffers     cached
Mem:          992M       922M        69M         8K       952K       9.0M
-/+ buffers/cache:       912M        79M
Swap:         8.0G       279M       7.7G

             total       used       free     shared    buffers     cached
Mem:          992M       923M        68M         8K       952K       9.1M
-/+ buffers/cache:       913M        78M
Swap:         8.0G       278M       7.7G

             total       used       free     shared    buffers     cached
Mem:          992M       924M        67M         8K       960K       9.0M
-/+ buffers/cache:       914M        77M
Swap:         8.0G       278M       7.7G

             total       used       free     shared    buffers     cached
Mem:          992M       925M        67M         8K       960K       9.0M
-/+ buffers/cache:       915M        77M
Swap:         8.0G       278M       7.7G

             total       used       free     shared    buffers     cached
Mem:          992M       926M        66M         8K       960K       9.0M
-/+ buffers/cache:       916M        76M
Swap:         8.0G       277M       7.7G

             total       used       free     shared    buffers     cached
Mem:          992M       927M        64M         8K       960K       9.1M
-/+ buffers/cache:       917M        74M
Swap:         8.0G       277M       7.7G

             total       used       free     shared    buffers     cached
Mem:          992M       928M        63M         8K       960K       9.1M
-/+ buffers/cache:       918M        73M
Swap:         8.0G       277M       7.7G

             total       used       free     shared    buffers     cached
Mem:          992M       929M        62M         8K       968K       9.1M
-/+ buffers/cache:       919M        72M
Swap:         8.0G       276M       7.7G

             total       used       free     shared    buffers     cached
Mem:          992M       918M        74M         8K       932K       5.2M
-/+ buffers/cache:       912M        80M
Swap:         8.0G       277M       7.7G

             total       used       free     shared    buffers     cached
Mem:          992M       919M        72M         8K       932K       5.2M
-/+ buffers/cache:       913M        78M
Swap:         8.0G       277M       7.7G

             total       used       free     shared    buffers     cached
Mem:          992M       920M        71M         8K       932K       5.2M
-/+ buffers/cache:       914M        77M
Swap:         8.0G       277M       7.7G

             total       used       free     shared    buffers     cached
Mem:          992M       921M        70M         8K       932K       5.2M
-/+ buffers/cache:       915M        76M
Swap:         8.0G       276M       7.7G

             total       used       free     shared    buffers     cached
Mem:          992M       922M        69M         8K       932K       5.2M
-/+ buffers/cache:       916M        75M
Swap:         8.0G       276M       7.7G

             total       used       free     shared    buffers     cached
Mem:          992M       923M        68M         8K       940K       5.2M
-/+ buffers/cache:       917M        74M
Swap:         8.0G       276M       7.7G

             total       used       free     shared    buffers     cached
Mem:          992M       925M        66M         8K       940K       5.2M
-/+ buffers/cache:       919M        73M
Swap:         8.0G       275M       7.7G

             total       used       free     shared    buffers     cached
Mem:          992M       926M        65M         8K       940K       5.2M
-/+ buffers/cache:       920M        71M
Swap:         8.0G       275M       7.7G

             total       used       free     shared    buffers     cached
Mem:          992M       927M        64M         8K       940K       5.2M
-/+ buffers/cache:       921M        70M
Swap:         8.0G       274M       7.7G

             total       used       free     shared    buffers     cached
Mem:          992M       928M        63M         8K       940K       5.3M
-/+ buffers/cache:       922M        69M
Swap:         8.0G       274M       7.7G

             total       used       free     shared    buffers     cached
Mem:          992M       917M        75M         8K       240K       1.4M
-/+ buffers/cache:       915M        76M
Swap:         8.0G       278M       7.7G

             total       used       free     shared    buffers     cached
Mem:          992M       917M        74M         8K       240K       1.4M
-/+ buffers/cache:       915M        76M
Swap:         8.0G       277M       7.7G

             total       used       free     shared    buffers     cached
Mem:          992M       918M        73M         8K       240K       1.4M
-/+ buffers/cache:       917M        75M
Swap:         8.0G       277M       7.7G

             total       used       free     shared    buffers     cached
Mem:          992M       919M        72M         8K       240K       1.4M
-/+ buffers/cache:       918M        73M
Swap:         8.0G       276M       7.7G

             total       used       free     shared    buffers     cached
Mem:          992M       920M        71M         8K       240K       1.4M
-/+ buffers/cache:       919M        72M
Swap:         8.0G       276M       7.7G

             total       used       free     shared    buffers     cached
Mem:          992M       921M        70M         8K       240K       1.4M
-/+ buffers/cache:       920M        71M
Swap:         8.0G       276M       7.7G

             total       used       free     shared    buffers     cached
Mem:          992M       923M        69M         8K       248K       1.4M
-/+ buffers/cache:       921M        70M
Swap:         8.0G       275M       7.7G

             total       used       free     shared    buffers     cached
Mem:          992M       924M        68M         8K       248K       1.3M
-/+ buffers/cache:       922M        69M
Swap:         8.0G       275M       7.7G

             total       used       free     shared    buffers     cached
Mem:          992M       924M        67M         8K       248K       1.4M
-/+ buffers/cache:       923M        68M
Swap:         8.0G       275M       7.7G

             total       used       free     shared    buffers     cached
Mem:          992M       925M        66M         8K       248K       1.4M
-/+ buffers/cache:       924M        67M
Swap:         8.0G       274M       7.7G

             total       used       free     shared    buffers     cached
Mem:          992M       927M        65M         8K       248K       1.4M
-/+ buffers/cache:       925M        66M
Swap:         8.0G       274M       7.7G

             total       used       free     shared    buffers     cached
Mem:          992M       928M        64M         8K       256K       1.4M
-/+ buffers/cache:       926M        65M
Swap:         8.0G       273M       7.7G

             total       used       free     shared    buffers     cached
Mem:          992M       929M        62M         8K       256K       1.4M
-/+ buffers/cache:       927M        64M
Swap:         8.0G       273M       7.7G

             total       used       free     shared    buffers     cached
Mem:          992M       911M        81M         8K       100K       1.3M
-/+ buffers/cache:       909M        82M
Swap:         8.0G       289M       7.7G

             total       used       free     shared    buffers     cached
Mem:          992M       912M        80M         8K       100K       1.3M
-/+ buffers/cache:       910M        81M
Swap:         8.0G       289M       7.7G

             total       used       free     shared    buffers     cached
Mem:          992M       913M        79M         8K       100K       1.3M
-/+ buffers/cache:       911M        80M
Swap:         8.0G       288M       7.7G

             total       used       free     shared    buffers     cached
Mem:          992M       928M        63M         8K       100K        15M
-/+ buffers/cache:       913M        79M
Swap:         8.0G       288M       7.7G

             total       used       free     shared    buffers     cached
Mem:          992M       915M        76M         8K        88K        11M
-/+ buffers/cache:       904M        87M
Swap:         8.0G       296M       7.7G

             total       used       free     shared    buffers     cached
Mem:          992M       917M        75M         8K        96K        11M
-/+ buffers/cache:       905M        86M
Swap:         8.0G       295M       7.7G

             total       used       free     shared    buffers     cached
Mem:          992M       918M        74M         8K       100K        11M
-/+ buffers/cache:       906M        85M
Swap:         8.0G       295M       7.7G

             total       used       free     shared    buffers     cached
Mem:          992M       919M        73M         8K       100K        11M
-/+ buffers/cache:       907M        84M
Swap:         8.0G       295M       7.7G

             total       used       free     shared    buffers     cached
Mem:          992M       919M        72M         8K       100K        11M
-/+ buffers/cache:       908M        84M
Swap:         8.0G       294M       7.7G

             total       used       free     shared    buffers     cached
Mem:          992M       921M        71M         8K       108K        11M
-/+ buffers/cache:       909M        82M
Swap:         8.0G       294M       7.7G

             total       used       free     shared    buffers     cached
Mem:          992M       922M        70M         8K       108K        11M
-/+ buffers/cache:       910M        81M
Swap:         8.0G       294M       7.7G

             total       used       free     shared    buffers     cached
Mem:          992M       923M        69M         8K       108K        11M
-/+ buffers/cache:       911M        80M
Swap:         8.0G       293M       7.7G

             total       used       free     shared    buffers     cached
Mem:          992M       924M        67M         8K       108K        11M
-/+ buffers/cache:       912M        79M
Swap:         8.0G       293M       7.7G

             total       used       free     shared    buffers     cached
Mem:          992M       925M        67M         8K       108K        11M
-/+ buffers/cache:       913M        78M
Swap:         8.0G       293M       7.7G

             total       used       free     shared    buffers     cached
Mem:          992M       926M        65M         8K       108K        11M
-/+ buffers/cache:       914M        77M
Swap:         8.0G       292M       7.7G

             total       used       free     shared    buffers     cached
Mem:          992M       927M        64M         8K       116K        11M
-/+ buffers/cache:       915M        76M
Swap:         8.0G       292M       7.7G

             total       used       free     shared    buffers     cached
Mem:          992M       928M        63M         8K       116K        11M
-/+ buffers/cache:       916M        75M
Swap:         8.0G       291M       7.7G

             total       used       free     shared    buffers     cached
Mem:          992M       918M        73M         8K       116K       2.1M
-/+ buffers/cache:       916M        76M
Swap:         8.0G       291M       7.7G

             total       used       free     shared    buffers     cached
Mem:          992M       919M        73M         8K       248K       2.1M
-/+ buffers/cache:       916M        75M
Swap:         8.0G       291M       7.7G

             total       used       free     shared    buffers     cached
Mem:          992M       920M        71M         8K       248K       2.1M
-/+ buffers/cache:       917M        74M
Swap:         8.0G       291M       7.7G

             total       used       free     shared    buffers     cached
Mem:          992M       921M        71M         8K       256K       2.1M
-/+ buffers/cache:       918M        73M
Swap:         8.0G       290M       7.7G

             total       used       free     shared    buffers     cached
Mem:          992M       922M        70M         8K       256K       2.1M
-/+ buffers/cache:       919M        72M
Swap:         8.0G       290M       7.7G

             total       used       free     shared    buffers     cached
Mem:          992M       923M        68M         8K       256K       2.1M
-/+ buffers/cache:       920M        71M
Swap:         8.0G       289M       7.7G

             total       used       free     shared    buffers     cached
Mem:          992M       924M        67M         8K       256K       2.1M
-/+ buffers/cache:       921M        70M
Swap:         8.0G       289M       7.7G

             total       used       free     shared    buffers     cached
Mem:          992M       925M        67M         8K       256K       2.1M
-/+ buffers/cache:       922M        69M
Swap:         8.0G       288M       7.7G

             total       used       free     shared    buffers     cached
Mem:          992M       926M        66M         8K       256K       2.1M
-/+ buffers/cache:       923M        68M
Swap:         8.0G       288M       7.7G

             total       used       free     shared    buffers     cached
Mem:          992M       927M        65M         8K       264K       2.1M
-/+ buffers/cache:       924M        67M
Swap:         8.0G       288M       7.7G

             total       used       free     shared    buffers     cached
Mem:          992M       927M        64M         8K       264K       2.1M
-/+ buffers/cache:       925M        66M
Swap:         8.0G       287M       7.7G

             total       used       free     shared    buffers     cached
Mem:          992M       918M        74M         8K       264K       1.4M
-/+ buffers/cache:       916M        75M
Swap:         8.0G       296M       7.7G

             total       used       free     shared    buffers     cached
Mem:          992M       919M        72M         4K       400K       2.2M
-/+ buffers/cache:       917M        74M
Swap:         8.0G       296M       7.7G

             total       used       free     shared    buffers     cached
Mem:          992M       927M        64M         8K       3.8M        18M
-/+ buffers/cache:       905M        86M
Swap:         8.0G       319M       7.7G

             total       used       free     shared    buffers     cached
Mem:          992M       916M        75M         8K       104K        44M
-/+ buffers/cache:       872M       119M
Swap:         8.0G       348M       7.7G

             total       used       free     shared    buffers     cached
Mem:          992M       916M        76M         8K       2.3M        48M
-/+ buffers/cache:       865M       126M
Swap:         8.0G       348M       7.7G

             total       used       free     shared    buffers     cached
Mem:          992M       925M        67M         8K       2.3M        53M
-/+ buffers/cache:       869M       122M
Swap:         8.0G       346M       7.7G

             total       used       free     shared    buffers     cached
Mem:          992M       926M        65M         8K       2.3M        53M
-/+ buffers/cache:       871M       120M
Swap:         8.0G       345M       7.7G

             total       used       free     shared    buffers     cached
Mem:          992M       927M        64M         8K       2.3M        53M
-/+ buffers/cache:       872M       119M
Swap:         8.0G       344M       7.7G

             total       used       free     shared    buffers     cached
Mem:          992M       929M        62M         8K       2.3M        53M
-/+ buffers/cache:       873M       118M
Swap:         8.0G       344M       7.7G

             total       used       free     shared    buffers     cached
Mem:          992M       930M        61M         8K       2.3M        53M
-/+ buffers/cache:       874M       117M
Swap:         8.0G       343M       7.7G

             total       used       free     shared    buffers     cached
Mem:          992M       917M        74M         8K       2.3M        51M
-/+ buffers/cache:       863M       128M
Swap:         8.0G       345M       7.7G

             total       used       free     shared    buffers     cached
Mem:          992M       918M        73M         8K       2.3M        51M
-/+ buffers/cache:       865M       127M
Swap:         8.0G       344M       7.7G

             total       used       free     shared    buffers     cached
Mem:          992M       920M        71M         8K       2.3M        51M
-/+ buffers/cache:       866M       125M
Swap:         8.0G       344M       7.7G

             total       used       free     shared    buffers     cached
Mem:          992M       922M        70M         8K       2.3M        51M
-/+ buffers/cache:       868M       123M
Swap:         8.0G       343M       7.7G

             total       used       free     shared    buffers     cached
Mem:          992M       923M        68M         8K       2.3M        51M
-/+ buffers/cache:       869M       122M
Swap:         8.0G       343M       7.7G

             total       used       free     shared    buffers     cached
Mem:          992M       924M        67M         8K       2.3M        51M
-/+ buffers/cache:       871M       121M
Swap:         8.0G       342M       7.7G

             total       used       free     shared    buffers     cached
Mem:          992M       926M        65M         8K       2.3M        51M
-/+ buffers/cache:       872M       119M
Swap:         8.0G       341M       7.7G

             total       used       free     shared    buffers     cached
Mem:          992M       927M        64M         8K       2.3M        51M
-/+ buffers/cache:       874M       118M
Swap:         8.0G       340M       7.7G

             total       used       free     shared    buffers     cached
Mem:          992M       929M        62M         8K       2.3M        51M
-/+ buffers/cache:       875M       116M
Swap:         8.0G       340M       7.7G

             total       used       free     shared    buffers     cached
Mem:          992M       930M        61M         8K       2.3M        51M
-/+ buffers/cache:       877M       115M
Swap:         8.0G       339M       7.7G

             total       used       free     shared    buffers     cached
Mem:          992M       913M        78M         8K       2.3M        43M
-/+ buffers/cache:       867M       124M
Swap:         8.0G       354M       7.7G

             total       used       free     shared    buffers     cached
Mem:          992M       914M        77M         8K       2.3M        43M
-/+ buffers/cache:       868M       123M
Swap:         8.0G       353M       7.7G

             total       used       free     shared    buffers     cached
Mem:          992M       916M        75M         8K       2.3M        43M
-/+ buffers/cache:       870M       121M
Swap:         8.0G       352M       7.7G

             total       used       free     shared    buffers     cached
Mem:          992M       917M        74M         8K       2.3M        43M
-/+ buffers/cache:       871M       120M
Swap:         8.0G       352M       7.7G

             total       used       free     shared    buffers     cached
Mem:          992M       919M        73M         8K       2.3M        43M
-/+ buffers/cache:       873M       119M
Swap:         8.0G       351M       7.7G

             total       used       free     shared    buffers     cached
Mem:          992M       914M        78M         8K       2.3M        37M
-/+ buffers/cache:       874M       117M
Swap:         8.0G       354M       7.7G

             total       used       free     shared    buffers     cached
Mem:          992M       916M        76M        24K       2.3M        37M
-/+ buffers/cache:       876M       116M
Swap:         8.0G       353M       7.7G

             total       used       free     shared    buffers     cached
Mem:          992M       917M        74M        24K       2.3M        37M
-/+ buffers/cache:       877M       114M
Swap:         8.0G       352M       7.7G

             total       used       free     shared    buffers     cached
Mem:          992M       919M        72M        24K       2.3M        37M
-/+ buffers/cache:       879M       112M
Swap:         8.0G       351M       7.7G

             total       used       free     shared    buffers     cached
Mem:          992M       921M        71M        24K       2.3M        37M
-/+ buffers/cache:       881M       110M
Swap:         8.0G       350M       7.7G

             total       used       free     shared    buffers     cached
Mem:          992M       923M        69M        24K       2.3M        37M
-/+ buffers/cache:       882M       109M
Swap:         8.0G       349M       7.7G

             total       used       free     shared    buffers     cached
Mem:          992M       924M        67M        24K       2.3M        37M
-/+ buffers/cache:       884M       107M
Swap:         8.0G       349M       7.7G

             total       used       free     shared    buffers     cached
Mem:          992M       925M        66M        24K       2.3M        37M
-/+ buffers/cache:       885M       106M
Swap:         8.0G       348M       7.7G

             total       used       free     shared    buffers     cached
Mem:          992M       927M        64M        24K       2.3M        37M
-/+ buffers/cache:       887M       104M
Swap:         8.0G       348M       7.7G

             total       used       free     shared    buffers     cached
Mem:          992M       928M        63M        24K       2.3M        37M
-/+ buffers/cache:       888M       103M
Swap:         8.0G       347M       7.7G

             total       used       free     shared    buffers     cached
Mem:          992M       919M        72M        24K       2.1M        27M
-/+ buffers/cache:       889M       102M
Swap:         8.0G       346M       7.7G

             total       used       free     shared    buffers     cached
Mem:          992M       920M        71M        24K       2.3M        27M
-/+ buffers/cache:       890M       101M
Swap:         8.0G       346M       7.7G

             total       used       free     shared    buffers     cached
Mem:          992M       922M        69M        24K       2.3M        27M
-/+ buffers/cache:       892M        99M
Swap:         8.0G       345M       7.7G

             total       used       free     shared    buffers     cached
Mem:          992M       924M        67M        24K       2.3M        27M
-/+ buffers/cache:       894M        98M
Swap:         8.0G       344M       7.7G

             total       used       free     shared    buffers     cached
Mem:          992M       925M        66M        24K       2.3M        27M
-/+ buffers/cache:       895M        96M
Swap:         8.0G       344M       7.7G

             total       used       free     shared    buffers     cached
Mem:          992M       927M        64M        24K       2.3M        27M
-/+ buffers/cache:       896M        95M
Swap:         8.0G       343M       7.7G

             total       used       free     shared    buffers     cached
Mem:          992M       928M        63M        24K       2.3M        27M
-/+ buffers/cache:       898M        93M
Swap:         8.0G       342M       7.7G

             total       used       free     shared    buffers     cached
Mem:          992M       930M        62M        24K       2.3M        27M
-/+ buffers/cache:       899M        92M
Swap:         8.0G       341M       7.7G

             total       used       free     shared    buffers     cached
Mem:          992M       920M        71M        24K       2.3M        27M
-/+ buffers/cache:       890M       101M
Swap:         8.0G       352M       7.7G

             total       used       free     shared    buffers     cached
Mem:          992M       922M        70M        24K       2.3M        27M
-/+ buffers/cache:       892M        99M
Swap:         8.0G       350M       7.7G

             total       used       free     shared    buffers     cached
Mem:          992M       923M        68M        24K       2.3M        27M
-/+ buffers/cache:       893M        98M
Swap:         8.0G       349M       7.7G

             total       used       free     shared    buffers     cached
Mem:          992M       925M        66M        24K       2.3M        27M
-/+ buffers/cache:       895M        96M
Swap:         8.0G       348M       7.7G

             total       used       free     shared    buffers     cached
Mem:          992M       926M        65M        24K       2.3M        27M
-/+ buffers/cache:       897M        94M
Swap:         8.0G       346M       7.7G

             total       used       free     shared    buffers     cached
Mem:          992M       928M        63M        24K       2.3M        27M
-/+ buffers/cache:       899M        93M
Swap:         8.0G       345M       7.7G

             total       used       free     shared    buffers     cached
Mem:          992M       930M        62M        24K       2.3M        27M
-/+ buffers/cache:       900M        91M
Swap:         8.0G       344M       7.7G

             total       used       free     shared    buffers     cached
Mem:          992M       915M        76M        24K       2.1M        25M
-/+ buffers/cache:       887M       104M
Swap:         8.0G       353M       7.7G

             total       used       free     shared    buffers     cached
Mem:          992M       916M        75M        24K       2.1M        25M
-/+ buffers/cache:       889M       103M
Swap:         8.0G       352M       7.7G

             total       used       free     shared    buffers     cached
Mem:          992M       909M        83M       232K       4.2M        29M
-/+ buffers/cache:       875M       117M
Swap:         8.0G       367M       7.6G

             total       used       free     shared    buffers     cached
Mem:          992M       916M        75M       240K       5.2M        33M
-/+ buffers/cache:       877M       114M
Swap:         8.0G       366M       7.6G
