             total       used       free     shared    buffers     cached
Mem:          992M       656M       336M       3.2M        38M       289M
-/+ buffers/cache:       328M       663M
Swap:         8.0G         0B       8.0G

             total       used       free     shared    buffers     cached
Mem:          992M       654M       337M       1.4M        38M       287M
-/+ buffers/cache:       328M       663M
Swap:         8.0G         0B       8.0G

             total       used       free     shared    buffers     cached
Mem:          992M       654M       337M       1.4M        38M       287M
-/+ buffers/cache:       328M       663M
Swap:         8.0G         0B       8.0G

             total       used       free     shared    buffers     cached
Mem:          992M       654M       337M       1.4M        38M       287M
-/+ buffers/cache:       328M       663M
Swap:         8.0G         0B       8.0G

             total       used       free     shared    buffers     cached
Mem:          992M       654M       337M       1.4M        38M       287M
-/+ buffers/cache:       328M       663M
Swap:         8.0G         0B       8.0G

             total       used       free     shared    buffers     cached
Mem:          992M       654M       337M       1.4M        38M       287M
-/+ buffers/cache:       328M       663M
Swap:         8.0G         0B       8.0G

             total       used       free     shared    buffers     cached
Mem:          992M       654M       337M       1.4M        38M       287M
-/+ buffers/cache:       327M       664M
Swap:         8.0G         0B       8.0G

             total       used       free     shared    buffers     cached
Mem:          992M       654M       338M       1.4M        38M       287M
-/+ buffers/cache:       327M       664M
Swap:         8.0G         0B       8.0G

             total       used       free     shared    buffers     cached
Mem:          992M       654M       338M       1.4M        38M       288M
-/+ buffers/cache:       327M       664M
Swap:         8.0G         0B       8.0G

             total       used       free     shared    buffers     cached
Mem:          992M       657M       334M       1.4M        38M       288M
-/+ buffers/cache:       330M       661M
Swap:         8.0G         0B       8.0G

             total       used       free     shared    buffers     cached
Mem:          992M       674M       317M       1.4M        38M       288M
-/+ buffers/cache:       347M       644M
Swap:         8.0G         0B       8.0G

             total       used       free     shared    buffers     cached
Mem:          992M       682M       309M       1.4M        38M       288M
-/+ buffers/cache:       356M       636M
Swap:         8.0G         0B       8.0G

             total       used       free     shared    buffers     cached
Mem:          992M       663M       328M       1.4M        38M       289M
-/+ buffers/cache:       335M       656M
Swap:         8.0G         0B       8.0G

             total       used       free     shared    buffers     cached
Mem:          992M       671M       320M       1.4M        38M       289M
-/+ buffers/cache:       343M       649M
Swap:         8.0G         0B       8.0G

             total       used       free     shared    buffers     cached
Mem:          992M       663M       328M       1.4M        38M       289M
-/+ buffers/cache:       335M       656M
Swap:         8.0G         0B       8.0G

             total       used       free     shared    buffers     cached
Mem:          992M       663M       328M       1.4M        38M       289M
-/+ buffers/cache:       335M       656M
Swap:         8.0G         0B       8.0G

             total       used       free     shared    buffers     cached
Mem:          992M       663M       328M       1.4M        38M       289M
-/+ buffers/cache:       335M       656M
Swap:         8.0G         0B       8.0G

             total       used       free     shared    buffers     cached
Mem:          992M       663M       328M       1.4M        38M       289M
-/+ buffers/cache:       335M       656M
Swap:         8.0G         0B       8.0G

             total       used       free     shared    buffers     cached
Mem:          992M       663M       328M       1.4M        38M       289M
-/+ buffers/cache:       335M       656M
Swap:         8.0G         0B       8.0G

             total       used       free     shared    buffers     cached
Mem:          992M       663M       328M       1.4M        38M       289M
-/+ buffers/cache:       335M       656M
Swap:         8.0G         0B       8.0G

             total       used       free     shared    buffers     cached
Mem:          992M       663M       328M       1.4M        38M       289M
-/+ buffers/cache:       335M       656M
Swap:         8.0G         0B       8.0G

             total       used       free     shared    buffers     cached
Mem:          992M       664M       328M       1.4M        38M       289M
-/+ buffers/cache:       335M       656M
Swap:         8.0G         0B       8.0G

             total       used       free     shared    buffers     cached
Mem:          992M       664M       328M       1.4M        38M       289M
-/+ buffers/cache:       335M       656M
Swap:         8.0G         0B       8.0G

             total       used       free     shared    buffers     cached
Mem:          992M       664M       328M       1.4M        38M       289M
-/+ buffers/cache:       335M       656M
Swap:         8.0G         0B       8.0G

             total       used       free     shared    buffers     cached
Mem:          992M       664M       328M       1.4M        38M       289M
-/+ buffers/cache:       335M       656M
Swap:         8.0G         0B       8.0G

             total       used       free     shared    buffers     cached
Mem:          992M       664M       328M       1.4M        38M       289M
-/+ buffers/cache:       335M       656M
Swap:         8.0G         0B       8.0G

             total       used       free     shared    buffers     cached
Mem:          992M       664M       328M       1.4M        38M       289M
-/+ buffers/cache:       335M       656M
Swap:         8.0G         0B       8.0G

             total       used       free     shared    buffers     cached
Mem:          992M       664M       328M       1.4M        38M       289M
-/+ buffers/cache:       335M       656M
Swap:         8.0G         0B       8.0G

             total       used       free     shared    buffers     cached
Mem:          992M       664M       328M       1.4M        38M       289M
-/+ buffers/cache:       335M       656M
Swap:         8.0G         0B       8.0G

             total       used       free     shared    buffers     cached
Mem:          992M       664M       328M       1.4M        38M       289M
-/+ buffers/cache:       335M       656M
Swap:         8.0G         0B       8.0G

             total       used       free     shared    buffers     cached
Mem:          992M       664M       328M       1.4M        38M       289M
-/+ buffers/cache:       335M       656M
Swap:         8.0G         0B       8.0G

             total       used       free     shared    buffers     cached
Mem:          992M       664M       328M       1.4M        38M       289M
-/+ buffers/cache:       335M       656M
Swap:         8.0G         0B       8.0G

             total       used       free     shared    buffers     cached
Mem:          992M       664M       328M       1.4M        38M       289M
-/+ buffers/cache:       335M       656M
Swap:         8.0G         0B       8.0G

             total       used       free     shared    buffers     cached
Mem:          992M       671M       321M       1.4M        38M       289M
-/+ buffers/cache:       342M       649M
Swap:         8.0G         0B       8.0G

             total       used       free     shared    buffers     cached
Mem:          992M       690M       301M       1.4M        38M       289M
-/+ buffers/cache:       361M       630M
Swap:         8.0G         0B       8.0G

             total       used       free     shared    buffers     cached
Mem:          992M       708M       283M       1.4M        38M       289M
-/+ buffers/cache:       379M       612M
Swap:         8.0G         0B       8.0G

             total       used       free     shared    buffers     cached
Mem:          992M       727M       264M       1.4M        38M       289M
-/+ buffers/cache:       399M       593M
Swap:         8.0G         0B       8.0G

             total       used       free     shared    buffers     cached
Mem:          992M       747M       244M       1.4M        38M       289M
-/+ buffers/cache:       419M       573M
Swap:         8.0G         0B       8.0G

             total       used       free     shared    buffers     cached
Mem:          992M       762M       229M       1.4M        38M       289M
-/+ buffers/cache:       434M       557M
Swap:         8.0G         0B       8.0G

             total       used       free     shared    buffers     cached
Mem:          992M       777M       214M       1.4M        38M       289M
-/+ buffers/cache:       449M       543M
Swap:         8.0G         0B       8.0G

             total       used       free     shared    buffers     cached
Mem:          992M       793M       198M       1.4M        38M       289M
-/+ buffers/cache:       465M       527M
Swap:         8.0G         0B       8.0G

             total       used       free     shared    buffers     cached
Mem:          992M       811M       181M       1.4M        38M       289M
-/+ buffers/cache:       482M       509M
Swap:         8.0G         0B       8.0G

             total       used       free     shared    buffers     cached
Mem:          992M       830M       161M       1.4M        38M       289M
-/+ buffers/cache:       502M       489M
Swap:         8.0G         0B       8.0G

             total       used       free     shared    buffers     cached
Mem:          992M       848M       144M       1.4M        38M       289M
-/+ buffers/cache:       519M       472M
Swap:         8.0G         0B       8.0G

             total       used       free     shared    buffers     cached
Mem:          992M       867M       125M       1.4M        38M       289M
-/+ buffers/cache:       538M       453M
Swap:         8.0G         0B       8.0G

             total       used       free     shared    buffers     cached
Mem:          992M       886M       105M       1.4M        38M       289M
-/+ buffers/cache:       558M       434M
Swap:         8.0G         0B       8.0G

             total       used       free     shared    buffers     cached
Mem:          992M       903M        88M       1.4M        38M       289M
-/+ buffers/cache:       574M       417M
Swap:         8.0G         0B       8.0G

             total       used       free     shared    buffers     cached
Mem:          992M       923M        69M       1.4M        38M       289M
-/+ buffers/cache:       594M       397M
Swap:         8.0G         0B       8.0G

             total       used       free     shared    buffers     cached
Mem:          992M       924M        67M       1.4M        21M       288M
-/+ buffers/cache:       614M       377M
Swap:         8.0G         0B       8.0G

             total       used       free     shared    buffers     cached
Mem:          992M       922M        69M       1.4M        10M       281M
-/+ buffers/cache:       630M       361M
Swap:         8.0G         0B       8.0G

             total       used       free     shared    buffers     cached
Mem:          992M       920M        71M       1.4M       9.9M       264M
-/+ buffers/cache:       647M       345M
Swap:         8.0G        76K       8.0G

             total       used       free     shared    buffers     cached
Mem:          992M       915M        76M       1.3M       9.6M       243M
-/+ buffers/cache:       662M       330M
Swap:         8.0G       224K       8.0G

             total       used       free     shared    buffers     cached
Mem:          992M       932M        59M       1.3M       9.6M       243M
-/+ buffers/cache:       679M       313M
Swap:         8.0G       224K       8.0G

             total       used       free     shared    buffers     cached
Mem:          992M       907M        84M       1.1M       9.6M       205M
-/+ buffers/cache:       691M       300M
Swap:         8.0G       8.0M       8.0G

             total       used       free     shared    buffers     cached
Mem:          992M       926M        65M       1.1M       9.6M       205M
-/+ buffers/cache:       711M       281M
Swap:         8.0G       8.0M       8.0G

             total       used       free     shared    buffers     cached
Mem:          992M       928M        63M       1.1M       2.8M       199M
-/+ buffers/cache:       725M       266M
Swap:         8.0G       8.0M       8.0G

             total       used       free     shared    buffers     cached
Mem:          992M       929M        62M       1.1M       1.2M       187M
-/+ buffers/cache:       740M       251M
Swap:         8.0G       8.0M       8.0G

             total       used       free     shared    buffers     cached
Mem:          992M       924M        68M       1.1M       196K       166M
-/+ buffers/cache:       757M       234M
Swap:         8.0G       8.0M       8.0G

             total       used       free     shared    buffers     cached
Mem:          992M       919M        72M       1.1M       204K       146M
-/+ buffers/cache:       772M       219M
Swap:         8.0G       8.0M       8.0G

             total       used       free     shared    buffers     cached
Mem:          992M       927M        64M       1.1M       204K       146M
-/+ buffers/cache:       780M       211M
Swap:         8.0G       8.0M       8.0G

             total       used       free     shared    buffers     cached
Mem:          992M       927M        64M       1.1M       212K       128M
-/+ buffers/cache:       798M       193M
Swap:         8.0G       8.0M       8.0G

             total       used       free     shared    buffers     cached
Mem:          992M       927M        64M       1.1M       284K       114M
-/+ buffers/cache:       813M       179M
Swap:         8.0G       8.0M       8.0G

             total       used       free     shared    buffers     cached
Mem:          992M       929M        62M       1.1M       288K       100M
-/+ buffers/cache:       827M       164M
Swap:         8.0G       8.0M       8.0G

             total       used       free     shared    buffers     cached
Mem:          992M       912M        79M       1.1M       288K        68M
-/+ buffers/cache:       843M       148M
Swap:         8.0G       8.0M       8.0G

             total       used       free     shared    buffers     cached
Mem:          992M       930M        61M       1.1M       288K        68M
-/+ buffers/cache:       861M       130M
Swap:         8.0G       8.0M       8.0G

             total       used       free     shared    buffers     cached
Mem:          992M       919M        72M       1.1M       288K        41M
-/+ buffers/cache:       878M       114M
Swap:         8.0G       8.0M       8.0G

             total       used       free     shared    buffers     cached
Mem:          992M       919M        73M       1.1M       432K        23M
-/+ buffers/cache:       895M        97M
Swap:         8.0G       8.0M       8.0G

             total       used       free     shared    buffers     cached
Mem:          992M       922M        69M       1.1M       448K        10M
-/+ buffers/cache:       911M        81M
Swap:         8.0G       8.0M       8.0G

             total       used       free     shared    buffers     cached
Mem:          992M       920M        71M       1.0M       216K       5.2M
-/+ buffers/cache:       915M        76M
Swap:         8.0G        27M       8.0G

             total       used       free     shared    buffers     cached
Mem:          992M       920M        72M       768K       2.9M        13M
-/+ buffers/cache:       903M        88M
Swap:         8.0G        56M       7.9G

             total       used       free     shared    buffers     cached
Mem:          992M       905M        86M       688K       480K        24M
-/+ buffers/cache:       880M       112M
Swap:         8.0G        86M       7.9G

             total       used       free     shared    buffers     cached
Mem:          992M       920M        71M       692K       492K        25M
-/+ buffers/cache:       895M        96M
Swap:         8.0G        86M       7.9G

             total       used       free     shared    buffers     cached
Mem:          992M       922M        70M       692K       944K        23M
-/+ buffers/cache:       897M        94M
Swap:         8.0G       107M       7.9G

             total       used       free     shared    buffers     cached
Mem:          992M       923M        69M       660K       944K        23M
-/+ buffers/cache:       898M        93M
Swap:         8.0G       110M       7.9G

             total       used       free     shared    buffers     cached
Mem:          992M       922M        69M       660K       520K        20M
-/+ buffers/cache:       901M        90M
Swap:         8.0G       130M       7.9G

             total       used       free     shared    buffers     cached
Mem:          992M       919M        72M       660K       324K       8.5M
-/+ buffers/cache:       910M        81M
Swap:         8.0G       130M       7.9G

             total       used       free     shared    buffers     cached
Mem:          992M       921M        71M       660K       316K       5.3M
-/+ buffers/cache:       915M        76M
Swap:         8.0G       138M       7.9G

             total       used       free     shared    buffers     cached
Mem:          992M       916M        76M       608K       328K       4.4M
-/+ buffers/cache:       911M        80M
Swap:         8.0G       169M       7.8G

             total       used       free     shared    buffers     cached
Mem:          992M       931M        61M       572K       328K       4.5M
-/+ buffers/cache:       926M        65M
Swap:         8.0G       169M       7.8G

             total       used       free     shared    buffers     cached
Mem:          992M       925M        66M       572K       328K       3.9M
-/+ buffers/cache:       921M        70M
Swap:         8.0G       182M       7.8G

             total       used       free     shared    buffers     cached
Mem:          992M       923M        68M       572K       328K       3.9M
-/+ buffers/cache:       919M        72M
Swap:         8.0G       213M       7.8G

             total       used       free     shared    buffers     cached
Mem:          992M       919M        73M       572K       328K       2.7M
-/+ buffers/cache:       916M        76M
Swap:         8.0G       220M       7.8G

             total       used       free     shared    buffers     cached
Mem:          992M       920M        71M       572K       328K       2.7M
-/+ buffers/cache:       917M        74M
Swap:         8.0G       227M       7.8G

             total       used       free     shared    buffers     cached
Mem:          992M       927M        65M       540K       336K       2.6M
-/+ buffers/cache:       924M        68M
Swap:         8.0G       235M       7.8G

             total       used       free     shared    buffers     cached
Mem:          992M       922M        69M       536K       336K       2.5M
-/+ buffers/cache:       920M        72M
Swap:         8.0G       251M       7.8G

             total       used       free     shared    buffers     cached
Mem:          992M       930M        61M       536K       336K       2.7M
-/+ buffers/cache:       927M        64M
Swap:         8.0G       251M       7.8G

             total       used       free     shared    buffers     cached
Mem:          992M       922M        69M       536K       332K       2.6M
-/+ buffers/cache:       920M        72M
Swap:         8.0G       266M       7.7G

             total       used       free     shared    buffers     cached
Mem:          992M       928M        63M       536K       332K       2.6M
-/+ buffers/cache:       925M        66M
Swap:         8.0G       266M       7.7G

             total       used       free     shared    buffers     cached
Mem:          992M       912M        79M       536K       128K       2.6M
-/+ buffers/cache:       909M        82M
Swap:         8.0G       288M       7.7G

             total       used       free     shared    buffers     cached
Mem:          992M       918M        73M       536K       128K       2.6M
-/+ buffers/cache:       916M        76M
Swap:         8.0G       288M       7.7G

             total       used       free     shared    buffers     cached
Mem:          992M       923M        68M       536K       128K       2.6M
-/+ buffers/cache:       921M        70M
Swap:         8.0G       288M       7.7G

             total       used       free     shared    buffers     cached
Mem:          992M       927M        64M       536K       128K       2.6M
-/+ buffers/cache:       925M        67M
Swap:         8.0G       288M       7.7G

             total       used       free     shared    buffers     cached
Mem:          992M       920M        71M       536K        80K       2.6M
-/+ buffers/cache:       917M        74M
Swap:         8.0G       307M       7.7G

             total       used       free     shared    buffers     cached
Mem:          992M       924M        67M       536K        88K       2.6M
-/+ buffers/cache:       921M        70M
Swap:         8.0G       307M       7.7G

             total       used       free     shared    buffers     cached
Mem:          992M       929M        62M       536K        88K       2.7M
-/+ buffers/cache:       926M        65M
Swap:         8.0G       307M       7.7G

             total       used       free     shared    buffers     cached
Mem:          992M       920M        71M       536K        84K       2.6M
-/+ buffers/cache:       917M        74M
Swap:         8.0G       315M       7.7G

             total       used       free     shared    buffers     cached
Mem:          992M       924M        67M       536K        84K       2.6M
-/+ buffers/cache:       922M        70M
Swap:         8.0G       315M       7.7G

             total       used       free     shared    buffers     cached
Mem:          992M       929M        63M       536K        84K       2.6M
-/+ buffers/cache:       926M        65M
Swap:         8.0G       315M       7.7G

             total       used       free     shared    buffers     cached
Mem:          992M       913M        78M        68K        84K       2.0M
-/+ buffers/cache:       911M        80M
Swap:         8.0G       342M       7.7G

             total       used       free     shared    buffers     cached
Mem:          992M       916M        75M        48K        96K       2.0M
-/+ buffers/cache:       914M        77M
Swap:         8.0G       342M       7.7G

             total       used       free     shared    buffers     cached
Mem:          992M       927M        64M         0B        96K       2.0M
-/+ buffers/cache:       925M        66M
Swap:         8.0G       320M       7.7G

             total       used       free     shared    buffers     cached
Mem:          992M       909M        82M        12K        96K       1.9M
-/+ buffers/cache:       907M        84M
Swap:         8.0G       340M       7.7G

             total       used       free     shared    buffers     cached
Mem:          992M       920M        71M        12K        96K       1.8M
-/+ buffers/cache:       918M        73M
Swap:         8.0G       323M       7.7G

             total       used       free     shared    buffers     cached
Mem:          992M       920M        71M         8K        96K       1.6M
-/+ buffers/cache:       918M        73M
Swap:         8.0G       320M       7.7G

             total       used       free     shared    buffers     cached
Mem:          992M       925M        66M         0B        84K       1.3M
-/+ buffers/cache:       923M        68M
Swap:         8.0G       423M       7.6G

             total       used       free     shared    buffers     cached
Mem:          992M       925M        66M         0B        84K       1.4M
-/+ buffers/cache:       923M        68M
Swap:         8.0G       423M       7.6G

             total       used       free     shared    buffers     cached
Mem:          992M       919M        72M         0B        84K       1.5M
-/+ buffers/cache:       917M        74M
Swap:         8.0G       353M       7.7G

             total       used       free     shared    buffers     cached
Mem:          992M       920M        71M         0B        84K       1.7M
-/+ buffers/cache:       918M        73M
Swap:         8.0G       338M       7.7G

             total       used       free     shared    buffers     cached
Mem:          992M       918M        73M         0B        76K       1.7M
-/+ buffers/cache:       917M        75M
Swap:         8.0G       329M       7.7G

             total       used       free     shared    buffers     cached
Mem:          992M       920M        72M         0B        84K       1.7M
-/+ buffers/cache:       918M        73M
Swap:         8.0G       325M       7.7G

             total       used       free     shared    buffers     cached
Mem:          992M       918M        73M         0B        84K       1.7M
-/+ buffers/cache:       916M        75M
Swap:         8.0G       331M       7.7G

             total       used       free     shared    buffers     cached
Mem:          992M       920M        71M         0B        84K       2.1M
-/+ buffers/cache:       918M        74M
Swap:         8.0G       330M       7.7G

             total       used       free     shared    buffers     cached
Mem:          992M       925M        66M         0B        84K       2.0M
-/+ buffers/cache:       923M        69M
Swap:         8.0G       328M       7.7G

             total       used       free     shared    buffers     cached
Mem:          992M       912M        79M         0B        84K       1.9M
-/+ buffers/cache:       910M        81M
Swap:         8.0G       348M       7.7G

             total       used       free     shared    buffers     cached
Mem:          992M       918M        73M         0B        84K       2.0M
-/+ buffers/cache:       916M        75M
Swap:         8.0G       348M       7.7G

             total       used       free     shared    buffers     cached
Mem:          992M       919M        73M         0B        92K       1.9M
-/+ buffers/cache:       916M        75M
Swap:         8.0G       348M       7.7G

             total       used       free     shared    buffers     cached
Mem:          992M       925M        66M         0B        92K       1.9M
-/+ buffers/cache:       923M        68M
Swap:         8.0G       348M       7.7G

             total       used       free     shared    buffers     cached
Mem:          992M       917M        74M         0B        84K       1.9M
-/+ buffers/cache:       915M        76M
Swap:         8.0G       357M       7.6G

             total       used       free     shared    buffers     cached
Mem:          992M       922M        69M         0B        84K       1.9M
-/+ buffers/cache:       920M        71M
Swap:         8.0G       357M       7.6G

             total       used       free     shared    buffers     cached
Mem:          992M       927M        64M         0B        84K       1.9M
-/+ buffers/cache:       925M        66M
Swap:         8.0G       357M       7.6G

             total       used       free     shared    buffers     cached
Mem:          992M       931M        60M         0B        92K       1.9M
-/+ buffers/cache:       929M        62M
Swap:         8.0G       357M       7.6G

             total       used       free     shared    buffers     cached
Mem:          992M       913M        78M         0B        92K       1.9M
-/+ buffers/cache:       911M        80M
Swap:         8.0G       382M       7.6G

             total       used       free     shared    buffers     cached
Mem:          992M       915M        76M         0B        92K       1.9M
-/+ buffers/cache:       913M        78M
Swap:         8.0G       382M       7.6G

             total       used       free     shared    buffers     cached
Mem:          992M       917M        74M         0B        92K       1.9M
-/+ buffers/cache:       915M        76M
Swap:         8.0G       381M       7.6G

             total       used       free     shared    buffers     cached
Mem:          992M       918M        73M         0B        92K       1.9M
-/+ buffers/cache:       916M        75M
Swap:         8.0G       381M       7.6G

             total       used       free     shared    buffers     cached
Mem:          992M       920M        72M         0B       100K       1.9M
-/+ buffers/cache:       918M        73M
Swap:         8.0G       380M       7.6G

             total       used       free     shared    buffers     cached
Mem:          992M       922M        70M         0B       100K       1.9M
-/+ buffers/cache:       920M        72M
Swap:         8.0G       380M       7.6G

             total       used       free     shared    buffers     cached
Mem:          992M       923M        68M         0B       100K       1.9M
-/+ buffers/cache:       921M        70M
Swap:         8.0G       379M       7.6G

             total       used       free     shared    buffers     cached
Mem:          992M       927M        65M         0B       240K       2.6M
-/+ buffers/cache:       924M        67M
Swap:         8.0G       378M       7.6G

             total       used       free     shared    buffers     cached
Mem:          992M       928M        63M         0B       240K       2.6M
-/+ buffers/cache:       925M        66M
Swap:         8.0G       378M       7.6G

             total       used       free     shared    buffers     cached
Mem:          992M       914M        77M         0B        80K        16M
-/+ buffers/cache:       898M        94M
Swap:         8.0G       418M       7.6G

             total       used       free     shared    buffers     cached
Mem:          992M       919M        72M         0B       380K        21M
-/+ buffers/cache:       897M        94M
Swap:         8.0G       411M       7.6G

             total       used       free     shared    buffers     cached
Mem:          992M       922M        70M         0B       772K        21M
-/+ buffers/cache:       900M        92M
Swap:         8.0G       410M       7.6G

             total       used       free     shared    buffers     cached
Mem:          992M       924M        67M         0B       776K        21M
-/+ buffers/cache:       902M        89M
Swap:         8.0G       409M       7.6G

             total       used       free     shared    buffers     cached
Mem:          992M       926M        65M         0B       780K        21M
-/+ buffers/cache:       904M        87M
Swap:         8.0G       408M       7.6G

             total       used       free     shared    buffers     cached
Mem:          992M       929M        63M         0B       780K        21M
-/+ buffers/cache:       906M        85M
Swap:         8.0G       407M       7.6G

             total       used       free     shared    buffers     cached
Mem:          992M       931M        60M         0B       788K        21M
-/+ buffers/cache:       908M        83M
Swap:         8.0G       406M       7.6G

             total       used       free     shared    buffers     cached
Mem:          992M       920M        71M         0B       788K        20M
-/+ buffers/cache:       898M        93M
Swap:         8.0G       427M       7.6G

             total       used       free     shared    buffers     cached
Mem:          992M       922M        69M         0B       788K        20M
-/+ buffers/cache:       900M        91M
Swap:         8.0G       426M       7.6G

             total       used       free     shared    buffers     cached
Mem:          992M       924M        67M         0B       788K        20M
-/+ buffers/cache:       902M        89M
Swap:         8.0G       425M       7.6G

             total       used       free     shared    buffers     cached
Mem:          992M       926M        65M         0B       788K        20M
-/+ buffers/cache:       905M        86M
Swap:         8.0G       424M       7.6G

             total       used       free     shared    buffers     cached
Mem:          992M       929M        62M         0B       796K        20M
-/+ buffers/cache:       907M        84M
Swap:         8.0G       423M       7.6G

             total       used       free     shared    buffers     cached
Mem:          992M       918M        73M         0B       796K        20M
-/+ buffers/cache:       897M        94M
Swap:         8.0G       424M       7.6G

             total       used       free     shared    buffers     cached
Mem:          992M       920M        71M         0B       796K        20M
-/+ buffers/cache:       899M        92M
Swap:         8.0G       423M       7.6G

             total       used       free     shared    buffers     cached
Mem:          992M       923M        69M         0B       796K        20M
-/+ buffers/cache:       901M        90M
Swap:         8.0G       422M       7.6G

             total       used       free     shared    buffers     cached
Mem:          992M       925M        66M         0B       796K        20M
-/+ buffers/cache:       904M        88M
Swap:         8.0G       421M       7.6G

             total       used       free     shared    buffers     cached
Mem:          992M       927M        64M         0B       796K        20M
-/+ buffers/cache:       906M        86M
Swap:         8.0G       420M       7.6G

             total       used       free     shared    buffers     cached
Mem:          992M       929M        62M         0B       804K        20M
-/+ buffers/cache:       908M        83M
Swap:         8.0G       419M       7.6G

             total       used       free     shared    buffers     cached
Mem:          992M       917M        74M         0B       756K        18M
-/+ buffers/cache:       898M        93M
Swap:         8.0G       439M       7.6G

             total       used       free     shared    buffers     cached
Mem:          992M       919M        72M         0B       756K        18M
-/+ buffers/cache:       900M        91M
Swap:         8.0G       438M       7.6G

             total       used       free     shared    buffers     cached
Mem:          992M       921M        70M         0B       756K        18M
-/+ buffers/cache:       902M        89M
Swap:         8.0G       438M       7.6G

             total       used       free     shared    buffers     cached
Mem:          992M       923M        69M         0B       756K        18M
-/+ buffers/cache:       904M        87M
Swap:         8.0G       437M       7.6G

             total       used       free     shared    buffers     cached
Mem:          992M       925M        66M         0B       764K        18M
-/+ buffers/cache:       906M        85M
Swap:         8.0G       436M       7.6G

             total       used       free     shared    buffers     cached
Mem:          992M       927M        65M         0B       764K        18M
-/+ buffers/cache:       908M        83M
Swap:         8.0G       435M       7.6G

             total       used       free     shared    buffers     cached
Mem:          992M       929M        63M         0B       764K        18M
-/+ buffers/cache:       910M        81M
Swap:         8.0G       434M       7.6G

             total       used       free     shared    buffers     cached
Mem:          992M       931M        61M         0B       764K        18M
-/+ buffers/cache:       912M        79M
Swap:         8.0G       433M       7.6G

             total       used       free     shared    buffers     cached
Mem:          992M       920M        71M         0B       764K        17M
-/+ buffers/cache:       902M        89M
Swap:         8.0G       433M       7.6G

             total       used       free     shared    buffers     cached
Mem:          992M       922M        69M         0B       772K        17M
-/+ buffers/cache:       904M        87M
Swap:         8.0G       432M       7.6G

             total       used       free     shared    buffers     cached
Mem:          992M       925M        67M         0B       772K        17M
-/+ buffers/cache:       906M        85M
Swap:         8.0G       431M       7.6G

             total       used       free     shared    buffers     cached
Mem:          992M       927M        65M         0B       772K        17M
-/+ buffers/cache:       908M        83M
Swap:         8.0G       431M       7.6G

             total       used       free     shared    buffers     cached
Mem:          992M       929M        62M         0B       772K        17M
-/+ buffers/cache:       911M        80M
Swap:         8.0G       430M       7.6G

             total       used       free     shared    buffers     cached
Mem:          992M       920M        71M         0B       764K        16M
-/+ buffers/cache:       902M        89M
Swap:         8.0G       437M       7.6G

             total       used       free     shared    buffers     cached
Mem:          992M       922M        70M         0B       764K        16M
-/+ buffers/cache:       904M        87M
Swap:         8.0G       436M       7.6G

             total       used       free     shared    buffers     cached
Mem:          992M       924M        67M         0B       772K        16M
-/+ buffers/cache:       906M        85M
Swap:         8.0G       435M       7.6G

             total       used       free     shared    buffers     cached
Mem:          992M       926M        65M         0B       772K        16M
-/+ buffers/cache:       908M        83M
Swap:         8.0G       434M       7.6G

             total       used       free     shared    buffers     cached
Mem:          992M       928M        63M         0B       772K        16M
-/+ buffers/cache:       911M        81M
Swap:         8.0G       433M       7.6G

             total       used       free     shared    buffers     cached
Mem:          992M       930M        61M         0B       772K        16M
-/+ buffers/cache:       913M        79M
Swap:         8.0G       432M       7.6G

             total       used       free     shared    buffers     cached
Mem:          992M       917M        74M         0B       772K        10M
-/+ buffers/cache:       906M        85M
Swap:         8.0G       448M       7.6G

             total       used       free     shared    buffers     cached
Mem:          992M       918M        73M         0B       780K        10M
-/+ buffers/cache:       907M        84M
Swap:         8.0G       447M       7.6G

             total       used       free     shared    buffers     cached
Mem:          992M       918M        73M         0B       784K        10M
-/+ buffers/cache:       907M        84M
Swap:         8.0G       447M       7.6G

             total       used       free     shared    buffers     cached
Mem:          992M       920M        71M        52K       448K        29M
-/+ buffers/cache:       890M       101M
Swap:         8.0G       462M       7.5G

             total       used       free     shared    buffers     cached
Mem:          992M       921M        70M        40K       448K        29M
-/+ buffers/cache:       891M       100M
Swap:         8.0G       462M       7.5G

             total       used       free     shared    buffers     cached
Mem:          992M       922M        69M        40K       448K        29M
-/+ buffers/cache:       892M        99M
Swap:         8.0G       461M       7.5G

             total       used       free     shared    buffers     cached
Mem:          992M       924M        68M        40K       452K        30M
-/+ buffers/cache:       893M        98M
Swap:         8.0G       461M       7.5G

             total       used       free     shared    buffers     cached
Mem:          992M       925M        67M        40K       460K        30M
-/+ buffers/cache:       894M        97M
Swap:         8.0G       460M       7.5G

             total       used       free     shared    buffers     cached
Mem:          992M       925M        66M        40K       460K        30M
-/+ buffers/cache:       895M        96M
Swap:         8.0G       460M       7.5G

             total       used       free     shared    buffers     cached
Mem:          992M       927M        64M        40K       460K        30M
-/+ buffers/cache:       897M        95M
Swap:         8.0G       459M       7.5G

             total       used       free     shared    buffers     cached
Mem:          992M       928M        63M        40K       460K        30M
-/+ buffers/cache:       898M        94M
Swap:         8.0G       458M       7.5G

             total       used       free     shared    buffers     cached
Mem:          992M       929M        62M        40K       460K        30M
-/+ buffers/cache:       899M        92M
Swap:         8.0G       458M       7.5G

             total       used       free     shared    buffers     cached
Mem:          992M       915M        76M        40K       872K        29M
-/+ buffers/cache:       885M       106M
Swap:         8.0G       477M       7.5G

             total       used       free     shared    buffers     cached
Mem:          992M       913M        78M        40K       880K        29M
-/+ buffers/cache:       884M       108M
Swap:         8.0G       480M       7.5G

             total       used       free     shared    buffers     cached
Mem:          992M       915M        76M        40K       880K        29M
-/+ buffers/cache:       885M       106M
Swap:         8.0G       479M       7.5G

             total       used       free     shared    buffers     cached
Mem:          992M       918M        73M        40K       880K        29M
-/+ buffers/cache:       887M       104M
Swap:         8.0G       478M       7.5G

             total       used       free     shared    buffers     cached
Mem:          992M       924M        67M        40K       880K        34M
-/+ buffers/cache:       889M       102M
Swap:         8.0G       477M       7.5G

             total       used       free     shared    buffers     cached
Mem:          992M       925M        66M        40K       892K        34M
-/+ buffers/cache:       890M       101M
Swap:         8.0G       477M       7.5G

             total       used       free     shared    buffers     cached
Mem:          992M       927M        64M        40K       900K        34M
-/+ buffers/cache:       891M       100M
Swap:         8.0G       476M       7.5G

             total       used       free     shared    buffers     cached
Mem:          992M       928M        63M        40K       900K        34M
-/+ buffers/cache:       893M        98M
Swap:         8.0G       475M       7.5G

             total       used       free     shared    buffers     cached
Mem:          992M       929M        62M        40K       900K        34M
-/+ buffers/cache:       894M        97M
Swap:         8.0G       474M       7.5G

             total       used       free     shared    buffers     cached
Mem:          992M       931M        60M        40K       900K        34M
-/+ buffers/cache:       896M        96M
Swap:         8.0G       474M       7.5G

             total       used       free     shared    buffers     cached
Mem:          992M       918M        73M        40K       520K        33M
-/+ buffers/cache:       884M       107M
Swap:         8.0G       484M       7.5G

             total       used       free     shared    buffers     cached
Mem:          992M       919M        72M        40K       520K        33M
-/+ buffers/cache:       885M       106M
Swap:         8.0G       483M       7.5G

             total       used       free     shared    buffers     cached
Mem:          992M       920M        71M        40K       528K        33M
-/+ buffers/cache:       886M       105M
Swap:         8.0G       483M       7.5G

             total       used       free     shared    buffers     cached
Mem:          992M       922M        69M        40K       528K        33M
-/+ buffers/cache:       888M       103M
Swap:         8.0G       482M       7.5G

             total       used       free     shared    buffers     cached
Mem:          992M       923M        68M        40K       528K        33M
-/+ buffers/cache:       889M       102M
Swap:         8.0G       481M       7.5G

             total       used       free     shared    buffers     cached
Mem:          992M       924M        67M        40K       528K        33M
-/+ buffers/cache:       891M       101M
Swap:         8.0G       481M       7.5G

             total       used       free     shared    buffers     cached
Mem:          992M       926M        65M        40K       528K        33M
-/+ buffers/cache:       892M        99M
Swap:         8.0G       480M       7.5G

             total       used       free     shared    buffers     cached
Mem:          992M       927M        64M        40K       536K        33M
-/+ buffers/cache:       893M        98M
Swap:         8.0G       479M       7.5G

             total       used       free     shared    buffers     cached
Mem:          992M       928M        63M        40K       536K        33M
-/+ buffers/cache:       894M        97M
Swap:         8.0G       479M       7.5G

             total       used       free     shared    buffers     cached
Mem:          992M       930M        61M        40K       536K        33M
-/+ buffers/cache:       896M        95M
Swap:         8.0G       478M       7.5G

             total       used       free     shared    buffers     cached
Mem:          992M       916M        75M        40K       536K        32M
-/+ buffers/cache:       884M       107M
Swap:         8.0G       493M       7.5G

             total       used       free     shared    buffers     cached
Mem:          992M       917M        74M        40K       536K        32M
-/+ buffers/cache:       885M       106M
Swap:         8.0G       492M       7.5G

             total       used       free     shared    buffers     cached
Mem:          992M       919M        73M        40K       536K        32M
-/+ buffers/cache:       886M       105M
Swap:         8.0G       491M       7.5G

             total       used       free     shared    buffers     cached
Mem:          992M       920M        71M        40K       544K        32M
-/+ buffers/cache:       888M       104M
Swap:         8.0G       491M       7.5G

             total       used       free     shared    buffers     cached
Mem:          992M       922M        70M        40K       544K        32M
-/+ buffers/cache:       889M       102M
Swap:         8.0G       490M       7.5G

             total       used       free     shared    buffers     cached
Mem:          992M       923M        68M        40K       544K        32M
-/+ buffers/cache:       890M       101M
Swap:         8.0G       489M       7.5G

             total       used       free     shared    buffers     cached
Mem:          992M       924M        67M        40K       544K        32M
-/+ buffers/cache:       892M       100M
Swap:         8.0G       489M       7.5G

             total       used       free     shared    buffers     cached
Mem:          992M       925M        66M        40K       544K        32M
-/+ buffers/cache:       893M        98M
Swap:         8.0G       488M       7.5G

             total       used       free     shared    buffers     cached
Mem:          992M       927M        64M        40K       552K        32M
-/+ buffers/cache:       894M        97M
Swap:         8.0G       487M       7.5G

             total       used       free     shared    buffers     cached
Mem:          992M       928M        63M        40K       552K        32M
-/+ buffers/cache:       896M        95M
Swap:         8.0G       487M       7.5G

             total       used       free     shared    buffers     cached
Mem:          992M       930M        62M        40K       552K        32M
-/+ buffers/cache:       897M        94M
Swap:         8.0G       486M       7.5G

             total       used       free     shared    buffers     cached
Mem:          992M       931M        60M        40K       552K        32M
-/+ buffers/cache:       898M        93M
Swap:         8.0G       485M       7.5G

             total       used       free     shared    buffers     cached
Mem:          992M       914M        77M        40K       532K        31M
-/+ buffers/cache:       882M       109M
Swap:         8.0G       503M       7.5G

             total       used       free     shared    buffers     cached
Mem:          992M       915M        76M        40K       532K        31M
-/+ buffers/cache:       883M       108M
Swap:         8.0G       502M       7.5G

             total       used       free     shared    buffers     cached
Mem:          992M       917M        74M        40K       540K        31M
-/+ buffers/cache:       885M       106M
Swap:         8.0G       502M       7.5G

             total       used       free     shared    buffers     cached
Mem:          992M       918M        73M        40K       540K        31M
-/+ buffers/cache:       886M       105M
Swap:         8.0G       501M       7.5G

             total       used       free     shared    buffers     cached
Mem:          992M       920M        72M        40K       540K        31M
-/+ buffers/cache:       888M       104M
Swap:         8.0G       500M       7.5G

             total       used       free     shared    buffers     cached
Mem:          992M       921M        70M        40K       540K        31M
-/+ buffers/cache:       889M       102M
Swap:         8.0G       500M       7.5G

             total       used       free     shared    buffers     cached
Mem:          992M       922M        69M        40K       540K        31M
-/+ buffers/cache:       890M       101M
Swap:         8.0G       499M       7.5G

             total       used       free     shared    buffers     cached
Mem:          992M       924M        68M        40K       548K        31M
-/+ buffers/cache:       892M       100M
Swap:         8.0G       499M       7.5G

             total       used       free     shared    buffers     cached
Mem:          992M       925M        66M        40K       548K        31M
-/+ buffers/cache:       893M        98M
Swap:         8.0G       498M       7.5G

             total       used       free     shared    buffers     cached
Mem:          992M       926M        65M        40K       548K        31M
-/+ buffers/cache:       894M        97M
Swap:         8.0G       497M       7.5G

             total       used       free     shared    buffers     cached
Mem:          992M       927M        65M        40K       548K        31M
-/+ buffers/cache:       895M        97M
Swap:         8.0G       497M       7.5G

             total       used       free     shared    buffers     cached
Mem:          992M       927M        64M        40K       548K        31M
-/+ buffers/cache:       895M        96M
Swap:         8.0G       497M       7.5G

             total       used       free     shared    buffers     cached
Mem:          992M       928M        64M        40K       548K        31M
-/+ buffers/cache:       896M        96M
Swap:         8.0G       496M       7.5G

             total       used       free     shared    buffers     cached
Mem:          992M       929M        62M        40K       556K        31M
-/+ buffers/cache:       897M        94M
Swap:         8.0G       496M       7.5G

             total       used       free     shared    buffers     cached
Mem:          992M       931M        61M        40K       556K        31M
-/+ buffers/cache:       899M        93M
Swap:         8.0G       495M       7.5G

             total       used       free     shared    buffers     cached
Mem:          992M       920M        71M        40K       556K        31M
-/+ buffers/cache:       888M       103M
Swap:         8.0G       495M       7.5G

             total       used       free     shared    buffers     cached
Mem:          992M       922M        69M        40K       556K        31M
-/+ buffers/cache:       890M       101M
Swap:         8.0G       494M       7.5G

             total       used       free     shared    buffers     cached
Mem:          992M       922M        69M        40K       556K        31M
-/+ buffers/cache:       890M       101M
Swap:         8.0G       494M       7.5G

             total       used       free     shared    buffers     cached
Mem:          992M       923M        68M        40K       564K        31M
-/+ buffers/cache:       891M       101M
Swap:         8.0G       494M       7.5G

             total       used       free     shared    buffers     cached
Mem:          992M       923M        68M        40K       564K        31M
-/+ buffers/cache:       891M       101M
Swap:         8.0G       494M       7.5G

             total       used       free     shared    buffers     cached
Mem:          992M       923M        68M        40K       564K        31M
-/+ buffers/cache:       891M       101M
Swap:         8.0G       494M       7.5G

             total       used       free     shared    buffers     cached
Mem:          992M       924M        68M        40K       564K        31M
-/+ buffers/cache:       891M       100M
Swap:         8.0G       494M       7.5G

             total       used       free     shared    buffers     cached
Mem:          992M       925M        66M        40K       564K        31M
-/+ buffers/cache:       893M        99M
Swap:         8.0G       493M       7.5G

             total       used       free     shared    buffers     cached
Mem:          992M       926M        65M        40K       564K        31M
-/+ buffers/cache:       894M        98M
Swap:         8.0G       492M       7.5G

             total       used       free     shared    buffers     cached
Mem:          992M       927M        64M        40K       572K        31M
-/+ buffers/cache:       895M        96M
Swap:         8.0G       492M       7.5G

             total       used       free     shared    buffers     cached
Mem:          992M       928M        63M        40K       572K        31M
-/+ buffers/cache:       896M        95M
Swap:         8.0G       491M       7.5G

             total       used       free     shared    buffers     cached
Mem:          992M       930M        61M        40K       572K        32M
-/+ buffers/cache:       898M        94M
Swap:         8.0G       491M       7.5G

             total       used       free     shared    buffers     cached
Mem:          992M       911M        81M        40K       708K        30M
-/+ buffers/cache:       879M       112M
Swap:         8.0G       511M       7.5G

             total       used       free     shared    buffers     cached
Mem:          992M       912M        79M        44K       708K        30M
-/+ buffers/cache:       880M       111M
Swap:         8.0G       511M       7.5G

             total       used       free     shared    buffers     cached
Mem:          992M       913M        78M        44K       716K        30M
-/+ buffers/cache:       882M       110M
Swap:         8.0G       510M       7.5G

             total       used       free     shared    buffers     cached
Mem:          992M       918M        74M        44K       716K        31M
-/+ buffers/cache:       885M       106M
Swap:         8.0G       508M       7.5G

             total       used       free     shared    buffers     cached
Mem:          992M       922M        69M        44K       716K        32M
-/+ buffers/cache:       889M       102M
Swap:         8.0G       506M       7.5G

             total       used       free     shared    buffers     cached
Mem:          992M       924M        67M        44K       716K        32M
-/+ buffers/cache:       891M       101M
Swap:         8.0G       506M       7.5G

             total       used       free     shared    buffers     cached
Mem:          992M       930M        61M        44K       716K        34M
-/+ buffers/cache:       895M        96M
Swap:         8.0G       504M       7.5G

             total       used       free     shared    buffers     cached
Mem:          992M       931M        60M        44K       716K        34M
-/+ buffers/cache:       896M        96M
Swap:         8.0G       503M       7.5G

             total       used       free     shared    buffers     cached
Mem:          992M       912M        79M        44K       724K        32M
-/+ buffers/cache:       878M       113M
Swap:         8.0G       520M       7.5G

             total       used       free     shared    buffers     cached
Mem:          992M       913M        79M        44K       724K        32M
-/+ buffers/cache:       879M       112M
Swap:         8.0G       520M       7.5G

             total       used       free     shared    buffers     cached
Mem:          992M       913M        78M        44K       724K        33M
-/+ buffers/cache:       879M       112M
Swap:         8.0G       519M       7.5G

             total       used       free     shared    buffers     cached
Mem:          992M       914M        77M        44K       724K        33M
-/+ buffers/cache:       880M       111M
Swap:         8.0G       519M       7.5G

             total       used       free     shared    buffers     cached
Mem:          992M       915M        77M        44K       724K        32M
-/+ buffers/cache:       881M       110M
Swap:         8.0G       519M       7.5G

             total       used       free     shared    buffers     cached
Mem:          992M       915M        77M        44K       732K        33M
-/+ buffers/cache:       881M       110M
Swap:         8.0G       518M       7.5G

             total       used       free     shared    buffers     cached
Mem:          992M       915M        76M        44K       732K        33M
-/+ buffers/cache:       881M       110M
Swap:         8.0G       518M       7.5G

             total       used       free     shared    buffers     cached
Mem:          992M       916M        76M        44K       732K        32M
-/+ buffers/cache:       882M       109M
Swap:         8.0G       518M       7.5G

             total       used       free     shared    buffers     cached
Mem:          992M       931M        60M       204K       1.0M        38M
-/+ buffers/cache:       891M       100M
Swap:         8.0G       513M       7.5G

             total       used       free     shared    buffers     cached
Mem:          992M       924M        68M       3.9M       5.0M        55M
-/+ buffers/cache:       863M       128M
Swap:         8.0G       551M       7.5G

             total       used       free     shared    buffers     cached
Mem:          992M       919M        72M       236K       4.8M        63M
-/+ buffers/cache:       850M       141M
Swap:         8.0G       562M       7.4G

             total       used       free     shared    buffers     cached
Mem:          992M       926M        65M       228K       4.9M        65M
-/+ buffers/cache:       855M       136M
Swap:         8.0G       559M       7.5G

             total       used       free     shared    buffers     cached
Mem:          992M       927M        64M       228K       4.9M        65M
-/+ buffers/cache:       857M       134M
Swap:         8.0G       558M       7.5G

             total       used       free     shared    buffers     cached
Mem:          992M       929M        63M       228K       4.9M        65M
-/+ buffers/cache:       858M       133M
Swap:         8.0G       558M       7.5G

             total       used       free     shared    buffers     cached
Mem:          992M       930M        62M       228K       4.9M        65M
-/+ buffers/cache:       859M       132M
Swap:         8.0G       557M       7.5G

             total       used       free     shared    buffers     cached
Mem:          992M       930M        61M       228K       4.9M        65M
-/+ buffers/cache:       860M       132M
Swap:         8.0G       557M       7.5G

             total       used       free     shared    buffers     cached
Mem:          992M       913M        78M       228K       4.8M        64M
-/+ buffers/cache:       845M       147M
Swap:         8.0G       581M       7.4G

             total       used       free     shared    buffers     cached
Mem:          992M       914M        77M       228K       4.8M        64M
-/+ buffers/cache:       845M       146M
Swap:         8.0G       581M       7.4G

             total       used       free     shared    buffers     cached
Mem:          992M       916M        75M       228K       4.8M        64M
-/+ buffers/cache:       847M       144M
Swap:         8.0G       580M       7.4G

             total       used       free     shared    buffers     cached
Mem:          992M       917M        74M       228K       4.8M        64M
-/+ buffers/cache:       848M       143M
Swap:         8.0G       579M       7.4G

             total       used       free     shared    buffers     cached
Mem:          992M       919M        73M       228K       4.8M        64M
-/+ buffers/cache:       850M       142M
Swap:         8.0G       579M       7.4G

             total       used       free     shared    buffers     cached
Mem:          992M       920M        71M       228K       4.8M        64M
-/+ buffers/cache:       851M       140M
Swap:         8.0G       578M       7.4G

             total       used       free     shared    buffers     cached
Mem:          992M       922M        70M       228K       4.8M        64M
-/+ buffers/cache:       853M       139M
Swap:         8.0G       577M       7.4G

             total       used       free     shared    buffers     cached
Mem:          992M       923M        68M       228K       4.8M        64M
-/+ buffers/cache:       854M       137M
Swap:         8.0G       576M       7.4G

             total       used       free     shared    buffers     cached
Mem:          992M       924M        67M       228K       4.8M        64M
-/+ buffers/cache:       856M       136M
Swap:         8.0G       575M       7.4G

             total       used       free     shared    buffers     cached
Mem:          992M       926M        65M       228K       4.8M        64M
-/+ buffers/cache:       857M       134M
Swap:         8.0G       575M       7.4G

             total       used       free     shared    buffers     cached
Mem:          992M       927M        64M       228K       4.8M        64M
-/+ buffers/cache:       859M       133M
Swap:         8.0G       574M       7.4G

             total       used       free     shared    buffers     cached
Mem:          992M       929M        62M       228K       4.8M        64M
-/+ buffers/cache:       860M       131M
Swap:         8.0G       573M       7.4G

             total       used       free     shared    buffers     cached
Mem:          992M       930M        61M       228K       4.8M        64M
-/+ buffers/cache:       861M       130M
Swap:         8.0G       572M       7.4G

             total       used       free     shared    buffers     cached
Mem:          992M       917M        74M       228K       3.9M        63M
-/+ buffers/cache:       850M       141M
Swap:         8.0G       575M       7.4G

             total       used       free     shared    buffers     cached
Mem:          992M       919M        73M       228K       3.9M        63M
-/+ buffers/cache:       851M       140M
Swap:         8.0G       574M       7.4G

             total       used       free     shared    buffers     cached
Mem:          992M       920M        71M       228K       3.9M        63M
-/+ buffers/cache:       853M       138M
Swap:         8.0G       573M       7.4G

             total       used       free     shared    buffers     cached
Mem:          992M       921M        70M       228K       3.9M        63M
-/+ buffers/cache:       854M       137M
Swap:         8.0G       573M       7.4G

             total       used       free     shared    buffers     cached
Mem:          992M       923M        68M       228K       3.9M        63M
-/+ buffers/cache:       856M       135M
Swap:         8.0G       572M       7.4G

             total       used       free     shared    buffers     cached
Mem:          992M       924M        67M       228K       3.9M        63M
-/+ buffers/cache:       857M       134M
Swap:         8.0G       571M       7.4G

             total       used       free     shared    buffers     cached
Mem:          992M       926M        65M       228K       3.9M        63M
-/+ buffers/cache:       859M       133M
Swap:         8.0G       571M       7.4G

             total       used       free     shared    buffers     cached
Mem:          992M       927M        64M       228K       3.9M        63M
-/+ buffers/cache:       860M       131M
Swap:         8.0G       570M       7.4G

             total       used       free     shared    buffers     cached
Mem:          992M       929M        62M       228K       3.9M        63M
-/+ buffers/cache:       862M       130M
Swap:         8.0G       569M       7.4G

             total       used       free     shared    buffers     cached
Mem:          992M       930M        61M       228K       3.9M        63M
-/+ buffers/cache:       863M       128M
Swap:         8.0G       569M       7.4G

             total       used       free     shared    buffers     cached
Mem:          992M       910M        82M       228K       3.8M        59M
-/+ buffers/cache:       846M       145M
Swap:         8.0G       583M       7.4G

             total       used       free     shared    buffers     cached
Mem:          992M       911M        80M       228K       3.8M        59M
-/+ buffers/cache:       847M       144M
Swap:         8.0G       583M       7.4G

             total       used       free     shared    buffers     cached
Mem:          992M       912M        80M       228K       3.8M        59M
-/+ buffers/cache:       848M       143M
Swap:         8.0G       582M       7.4G

             total       used       free     shared    buffers     cached
Mem:          992M       913M        78M       228K       3.8M        59M
-/+ buffers/cache:       850M       142M
Swap:         8.0G       582M       7.4G

             total       used       free     shared    buffers     cached
Mem:          992M       914M        77M       228K       3.8M        59M
-/+ buffers/cache:       851M       140M
Swap:         8.0G       581M       7.4G

             total       used       free     shared    buffers     cached
Mem:          992M       923M        69M       232K       5.0M        63M
-/+ buffers/cache:       854M       137M
Swap:         8.0G       580M       7.4G

             total       used       free     shared    buffers     cached
Mem:          992M       924M        68M       232K       5.0M        63M
-/+ buffers/cache:       855M       136M
Swap:         8.0G       580M       7.4G

             total       used       free     shared    buffers     cached
Mem:          992M       925M        66M       232K       5.0M        63M
-/+ buffers/cache:       857M       135M
Swap:         8.0G       579M       7.4G

             total       used       free     shared    buffers     cached
Mem:          992M       927M        65M       232K       5.0M        63M
-/+ buffers/cache:       858M       133M
Swap:         8.0G       579M       7.4G

             total       used       free     shared    buffers     cached
Mem:          992M       928M        63M       232K       5.0M        63M
-/+ buffers/cache:       859M       132M
Swap:         8.0G       578M       7.4G

             total       used       free     shared    buffers     cached
Mem:          992M       930M        61M       232K       5.0M        64M
-/+ buffers/cache:       861M       131M
Swap:         8.0G       578M       7.4G

             total       used       free     shared    buffers     cached
Mem:          992M       919M        72M       232K       4.6M        63M
-/+ buffers/cache:       852M       139M
Swap:         8.0G       583M       7.4G

             total       used       free     shared    buffers     cached
Mem:          992M       921M        71M       232K       4.6M        63M
-/+ buffers/cache:       853M       138M
Swap:         8.0G       583M       7.4G

             total       used       free     shared    buffers     cached
Mem:          992M       922M        69M       232K       4.6M        63M
-/+ buffers/cache:       854M       137M
Swap:         8.0G       582M       7.4G

             total       used       free     shared    buffers     cached
Mem:          992M       923M        68M       232K       4.6M        63M
-/+ buffers/cache:       856M       136M
Swap:         8.0G       581M       7.4G

             total       used       free     shared    buffers     cached
Mem:          992M       922M        70M       276K       7.9M        68M
-/+ buffers/cache:       845M       146M
Swap:         8.0G       605M       7.4G

             total       used       free     shared    buffers     cached
Mem:          992M       922M        69M       272K       8.3M        70M
-/+ buffers/cache:       843M       148M
Swap:         8.0G       604M       7.4G
