             total       used       free     shared    buffers     cached
Mem:          2.0G       659M       1.3G       3.2M        38M       289M
-/+ buffers/cache:       331M       1.6G
Swap:         8.0G         0B       8.0G

             total       used       free     shared    buffers     cached
Mem:          2.0G       659M       1.3G       3.2M        38M       289M
-/+ buffers/cache:       330M       1.6G
Swap:         8.0G         0B       8.0G

             total       used       free     shared    buffers     cached
Mem:          2.0G       659M       1.3G       3.2M        38M       289M
-/+ buffers/cache:       330M       1.6G
Swap:         8.0G         0B       8.0G

             total       used       free     shared    buffers     cached
Mem:          2.0G       659M       1.3G       3.2M        38M       289M
-/+ buffers/cache:       330M       1.6G
Swap:         8.0G         0B       8.0G

             total       used       free     shared    buffers     cached
Mem:          2.0G       659M       1.3G       3.2M        38M       289M
-/+ buffers/cache:       330M       1.6G
Swap:         8.0G         0B       8.0G

             total       used       free     shared    buffers     cached
Mem:          2.0G       659M       1.3G       3.2M        38M       289M
-/+ buffers/cache:       330M       1.6G
Swap:         8.0G         0B       8.0G

             total       used       free     shared    buffers     cached
Mem:          2.0G       659M       1.3G       3.2M        38M       289M
-/+ buffers/cache:       330M       1.6G
Swap:         8.0G         0B       8.0G

             total       used       free     shared    buffers     cached
Mem:          2.0G       658M       1.3G       3.2M        38M       289M
-/+ buffers/cache:       330M       1.6G
Swap:         8.0G         0B       8.0G

             total       used       free     shared    buffers     cached
Mem:          2.0G       658M       1.3G       3.2M        38M       289M
-/+ buffers/cache:       330M       1.6G
Swap:         8.0G         0B       8.0G

             total       used       free     shared    buffers     cached
Mem:          2.0G       658M       1.3G       3.2M        38M       289M
-/+ buffers/cache:       330M       1.6G
Swap:         8.0G         0B       8.0G

             total       used       free     shared    buffers     cached
Mem:          2.0G       658M       1.3G       3.2M        38M       289M
-/+ buffers/cache:       330M       1.6G
Swap:         8.0G         0B       8.0G

             total       used       free     shared    buffers     cached
Mem:          2.0G       664M       1.3G       3.2M        38M       290M
-/+ buffers/cache:       335M       1.6G
Swap:         8.0G         0B       8.0G

             total       used       free     shared    buffers     cached
Mem:          2.0G       683M       1.3G       3.2M        38M       290M
-/+ buffers/cache:       354M       1.6G
Swap:         8.0G         0B       8.0G

             total       used       free     shared    buffers     cached
Mem:          2.0G       667M       1.3G       3.2M        38M       291M
-/+ buffers/cache:       337M       1.6G
Swap:         8.0G         0B       8.0G

             total       used       free     shared    buffers     cached
Mem:          2.0G       667M       1.3G       3.2M        38M       291M
-/+ buffers/cache:       337M       1.6G
Swap:         8.0G         0B       8.0G

             total       used       free     shared    buffers     cached
Mem:          2.0G       668M       1.3G       3.2M        38M       291M
-/+ buffers/cache:       338M       1.6G
Swap:         8.0G         0B       8.0G

             total       used       free     shared    buffers     cached
Mem:          2.0G       668M       1.3G       3.2M        38M       291M
-/+ buffers/cache:       338M       1.6G
Swap:         8.0G         0B       8.0G

             total       used       free     shared    buffers     cached
Mem:          2.0G       668M       1.3G       3.2M        38M       291M
-/+ buffers/cache:       338M       1.6G
Swap:         8.0G         0B       8.0G

             total       used       free     shared    buffers     cached
Mem:          2.0G       668M       1.3G       3.2M        38M       291M
-/+ buffers/cache:       338M       1.6G
Swap:         8.0G         0B       8.0G

             total       used       free     shared    buffers     cached
Mem:          2.0G       668M       1.3G       3.2M        38M       291M
-/+ buffers/cache:       338M       1.6G
Swap:         8.0G         0B       8.0G

             total       used       free     shared    buffers     cached
Mem:          2.0G       668M       1.3G       3.2M        38M       291M
-/+ buffers/cache:       338M       1.6G
Swap:         8.0G         0B       8.0G

             total       used       free     shared    buffers     cached
Mem:          2.0G       668M       1.3G       3.2M        38M       291M
-/+ buffers/cache:       338M       1.6G
Swap:         8.0G         0B       8.0G

             total       used       free     shared    buffers     cached
Mem:          2.0G       668M       1.3G       3.2M        38M       291M
-/+ buffers/cache:       338M       1.6G
Swap:         8.0G         0B       8.0G

             total       used       free     shared    buffers     cached
Mem:          2.0G       668M       1.3G       3.2M        38M       291M
-/+ buffers/cache:       338M       1.6G
Swap:         8.0G         0B       8.0G

             total       used       free     shared    buffers     cached
Mem:          2.0G       668M       1.3G       3.2M        38M       291M
-/+ buffers/cache:       338M       1.6G
Swap:         8.0G         0B       8.0G

             total       used       free     shared    buffers     cached
Mem:          2.0G       668M       1.3G       3.2M        38M       291M
-/+ buffers/cache:       338M       1.6G
Swap:         8.0G         0B       8.0G

             total       used       free     shared    buffers     cached
Mem:          2.0G       668M       1.3G       3.2M        38M       291M
-/+ buffers/cache:       338M       1.6G
Swap:         8.0G         0B       8.0G

             total       used       free     shared    buffers     cached
Mem:          2.0G       668M       1.3G       3.2M        38M       291M
-/+ buffers/cache:       338M       1.6G
Swap:         8.0G         0B       8.0G

             total       used       free     shared    buffers     cached
Mem:          2.0G       668M       1.3G       3.2M        38M       291M
-/+ buffers/cache:       338M       1.6G
Swap:         8.0G         0B       8.0G

             total       used       free     shared    buffers     cached
Mem:          2.0G       668M       1.3G       3.2M        38M       291M
-/+ buffers/cache:       338M       1.6G
Swap:         8.0G         0B       8.0G

             total       used       free     shared    buffers     cached
Mem:          2.0G       668M       1.3G       3.2M        38M       291M
-/+ buffers/cache:       338M       1.6G
Swap:         8.0G         0B       8.0G

             total       used       free     shared    buffers     cached
Mem:          2.0G       668M       1.3G       3.2M        38M       291M
-/+ buffers/cache:       338M       1.6G
Swap:         8.0G         0B       8.0G

             total       used       free     shared    buffers     cached
Mem:          2.0G       668M       1.3G       3.2M        38M       291M
-/+ buffers/cache:       338M       1.6G
Swap:         8.0G         0B       8.0G

             total       used       free     shared    buffers     cached
Mem:          2.0G       672M       1.3G       3.2M        38M       291M
-/+ buffers/cache:       342M       1.6G
Swap:         8.0G         0B       8.0G

             total       used       free     shared    buffers     cached
Mem:          2.0G       687M       1.3G       3.2M        38M       291M
-/+ buffers/cache:       356M       1.6G
Swap:         8.0G         0B       8.0G

             total       used       free     shared    buffers     cached
Mem:          2.0G       701M       1.3G       3.2M        38M       291M
-/+ buffers/cache:       371M       1.6G
Swap:         8.0G         0B       8.0G

             total       used       free     shared    buffers     cached
Mem:          2.0G       717M       1.3G       3.2M        38M       291M
-/+ buffers/cache:       387M       1.6G
Swap:         8.0G         0B       8.0G

             total       used       free     shared    buffers     cached
Mem:          2.0G       732M       1.2G       3.2M        38M       291M
-/+ buffers/cache:       402M       1.6G
Swap:         8.0G         0B       8.0G

             total       used       free     shared    buffers     cached
Mem:          2.0G       746M       1.2G       3.2M        38M       291M
-/+ buffers/cache:       416M       1.5G
Swap:         8.0G         0B       8.0G

             total       used       free     shared    buffers     cached
Mem:          2.0G       762M       1.2G       3.2M        38M       291M
-/+ buffers/cache:       432M       1.5G
Swap:         8.0G         0B       8.0G

             total       used       free     shared    buffers     cached
Mem:          2.0G       776M       1.2G       3.2M        38M       291M
-/+ buffers/cache:       446M       1.5G
Swap:         8.0G         0B       8.0G

             total       used       free     shared    buffers     cached
Mem:          2.0G       790M       1.2G       3.2M        38M       291M
-/+ buffers/cache:       459M       1.5G
Swap:         8.0G         0B       8.0G

             total       used       free     shared    buffers     cached
Mem:          2.0G       805M       1.2G       3.2M        38M       291M
-/+ buffers/cache:       475M       1.5G
Swap:         8.0G         0B       8.0G

             total       used       free     shared    buffers     cached
Mem:          2.0G       824M       1.1G       3.2M        38M       291M
-/+ buffers/cache:       494M       1.5G
Swap:         8.0G         0B       8.0G

             total       used       free     shared    buffers     cached
Mem:          2.0G       840M       1.1G       3.2M        38M       291M
-/+ buffers/cache:       510M       1.5G
Swap:         8.0G         0B       8.0G

             total       used       free     shared    buffers     cached
Mem:          2.0G       855M       1.1G       3.2M        38M       291M
-/+ buffers/cache:       525M       1.4G
Swap:         8.0G         0B       8.0G

             total       used       free     shared    buffers     cached
Mem:          2.0G       868M       1.1G       3.2M        38M       291M
-/+ buffers/cache:       538M       1.4G
Swap:         8.0G         0B       8.0G

             total       used       free     shared    buffers     cached
Mem:          2.0G       883M       1.1G       3.2M        38M       291M
-/+ buffers/cache:       553M       1.4G
Swap:         8.0G         0B       8.0G

             total       used       free     shared    buffers     cached
Mem:          2.0G       896M       1.1G       3.2M        38M       291M
-/+ buffers/cache:       566M       1.4G
Swap:         8.0G         0B       8.0G

             total       used       free     shared    buffers     cached
Mem:          2.0G       912M       1.1G       3.2M        38M       291M
-/+ buffers/cache:       582M       1.4G
Swap:         8.0G         0B       8.0G

             total       used       free     shared    buffers     cached
Mem:          2.0G       927M       1.0G       3.2M        38M       291M
-/+ buffers/cache:       597M       1.4G
Swap:         8.0G         0B       8.0G

             total       used       free     shared    buffers     cached
Mem:          2.0G       943M       1.0G       3.2M        38M       291M
-/+ buffers/cache:       613M       1.4G
Swap:         8.0G         0B       8.0G

             total       used       free     shared    buffers     cached
Mem:          2.0G       959M       1.0G       3.2M        38M       291M
-/+ buffers/cache:       629M       1.3G
Swap:         8.0G         0B       8.0G

             total       used       free     shared    buffers     cached
Mem:          2.0G       973M       1.0G       3.2M        38M       291M
-/+ buffers/cache:       643M       1.3G
Swap:         8.0G         0B       8.0G

             total       used       free     shared    buffers     cached
Mem:          2.0G       988M       1.0G       3.2M        38M       291M
-/+ buffers/cache:       658M       1.3G
Swap:         8.0G         0B       8.0G

             total       used       free     shared    buffers     cached
Mem:          2.0G       1.0G       995M       3.2M        38M       291M
-/+ buffers/cache:       674M       1.3G
Swap:         8.0G         0B       8.0G

             total       used       free     shared    buffers     cached
Mem:          2.0G       1.0G       980M       3.2M        38M       291M
-/+ buffers/cache:       689M       1.3G
Swap:         8.0G         0B       8.0G

             total       used       free     shared    buffers     cached
Mem:          2.0G       1.0G       963M       3.2M        38M       291M
-/+ buffers/cache:       706M       1.3G
Swap:         8.0G         0B       8.0G

             total       used       free     shared    buffers     cached
Mem:          2.0G       1.0G       949M       3.2M        38M       291M
-/+ buffers/cache:       720M       1.2G
Swap:         8.0G         0B       8.0G

             total       used       free     shared    buffers     cached
Mem:          2.0G       1.0G       932M       3.2M        38M       291M
-/+ buffers/cache:       737M       1.2G
Swap:         8.0G         0B       8.0G

             total       used       free     shared    buffers     cached
Mem:          2.0G       1.1G       916M       3.2M        38M       291M
-/+ buffers/cache:       753M       1.2G
Swap:         8.0G         0B       8.0G

             total       used       free     shared    buffers     cached
Mem:          2.0G       1.1G       901M       3.2M        38M       291M
-/+ buffers/cache:       768M       1.2G
Swap:         8.0G         0B       8.0G

             total       used       free     shared    buffers     cached
Mem:          2.0G       1.1G       886M       3.2M        38M       291M
-/+ buffers/cache:       783M       1.2G
Swap:         8.0G         0B       8.0G

             total       used       free     shared    buffers     cached
Mem:          2.0G       1.1G       876M       3.2M        38M       291M
-/+ buffers/cache:       793M       1.2G
Swap:         8.0G         0B       8.0G

             total       used       free     shared    buffers     cached
Mem:          2.0G       1.1G       860M       3.2M        38M       291M
-/+ buffers/cache:       809M       1.2G
Swap:         8.0G         0B       8.0G

             total       used       free     shared    buffers     cached
Mem:          2.0G       1.1G       843M       3.2M        38M       291M
-/+ buffers/cache:       826M       1.1G
Swap:         8.0G         0B       8.0G

             total       used       free     shared    buffers     cached
Mem:          2.0G       1.1G       827M       3.2M        38M       291M
-/+ buffers/cache:       842M       1.1G
Swap:         8.0G         0B       8.0G

             total       used       free     shared    buffers     cached
Mem:          2.0G       1.2G       810M       3.2M        38M       291M
-/+ buffers/cache:       858M       1.1G
Swap:         8.0G         0B       8.0G

             total       used       free     shared    buffers     cached
Mem:          2.0G       1.2G       794M       3.2M        38M       291M
-/+ buffers/cache:       874M       1.1G
Swap:         8.0G         0B       8.0G

             total       used       free     shared    buffers     cached
Mem:          2.0G       1.2G       780M       3.2M        38M       291M
-/+ buffers/cache:       889M       1.1G
Swap:         8.0G         0B       8.0G

             total       used       free     shared    buffers     cached
Mem:          2.0G       1.2G       765M       3.2M        38M       291M
-/+ buffers/cache:       904M       1.1G
Swap:         8.0G         0B       8.0G

             total       used       free     shared    buffers     cached
Mem:          2.0G       1.2G       749M       3.2M        38M       291M
-/+ buffers/cache:       919M       1.1G
Swap:         8.0G         0B       8.0G

             total       used       free     shared    buffers     cached
Mem:          2.0G       1.2G       734M       3.2M        38M       291M
-/+ buffers/cache:       934M       1.0G
Swap:         8.0G         0B       8.0G

             total       used       free     shared    buffers     cached
Mem:          2.0G       1.2G       720M       3.2M        38M       291M
-/+ buffers/cache:       948M       1.0G
Swap:         8.0G         0B       8.0G

             total       used       free     shared    buffers     cached
Mem:          2.0G       1.3G       705M       3.2M        38M       291M
-/+ buffers/cache:       963M       1.0G
Swap:         8.0G         0B       8.0G

             total       used       free     shared    buffers     cached
Mem:          2.0G       1.3G       691M       3.2M        38M       291M
-/+ buffers/cache:       977M       1.0G
Swap:         8.0G         0B       8.0G

             total       used       free     shared    buffers     cached
Mem:          2.0G       1.3G       675M       3.2M        38M       291M
-/+ buffers/cache:       993M       1.0G
Swap:         8.0G         0B       8.0G

             total       used       free     shared    buffers     cached
Mem:          2.0G       1.3G       661M       3.2M        38M       291M
-/+ buffers/cache:       1.0G       992M
Swap:         8.0G         0B       8.0G

             total       used       free     shared    buffers     cached
Mem:          2.0G       1.3G       647M       3.2M        38M       291M
-/+ buffers/cache:       1.0G       978M
Swap:         8.0G         0B       8.0G

             total       used       free     shared    buffers     cached
Mem:          2.0G       1.3G       633M       3.2M        38M       291M
-/+ buffers/cache:       1.0G       964M
Swap:         8.0G         0B       8.0G

             total       used       free     shared    buffers     cached
Mem:          2.0G       1.3G       620M       3.2M        38M       291M
-/+ buffers/cache:       1.0G       951M
Swap:         8.0G         0B       8.0G

             total       used       free     shared    buffers     cached
Mem:          2.0G       1.4G       606M       3.2M        38M       291M
-/+ buffers/cache:       1.0G       937M
Swap:         8.0G         0B       8.0G

             total       used       free     shared    buffers     cached
Mem:          2.0G       1.4G       591M       3.2M        38M       291M
-/+ buffers/cache:       1.1G       922M
Swap:         8.0G         0B       8.0G

             total       used       free     shared    buffers     cached
Mem:          2.0G       1.4G       577M       3.2M        38M       291M
-/+ buffers/cache:       1.1G       908M
Swap:         8.0G         0B       8.0G

             total       used       free     shared    buffers     cached
Mem:          2.0G       1.4G       563M       3.2M        38M       291M
-/+ buffers/cache:       1.1G       894M
Swap:         8.0G         0B       8.0G

             total       used       free     shared    buffers     cached
Mem:          2.0G       1.4G       549M       3.2M        38M       291M
-/+ buffers/cache:       1.1G       880M
Swap:         8.0G         0B       8.0G

             total       used       free     shared    buffers     cached
Mem:          2.0G       1.4G       536M       3.2M        38M       291M
-/+ buffers/cache:       1.1G       867M
Swap:         8.0G         0B       8.0G

             total       used       free     shared    buffers     cached
Mem:          2.0G       1.4G       521M       3.2M        38M       291M
-/+ buffers/cache:       1.1G       852M
Swap:         8.0G         0B       8.0G

             total       used       free     shared    buffers     cached
Mem:          2.0G       1.5G       506M       3.2M        38M       291M
-/+ buffers/cache:       1.1G       837M
Swap:         8.0G         0B       8.0G

             total       used       free     shared    buffers     cached
Mem:          2.0G       1.5G       492M       3.2M        38M       291M
-/+ buffers/cache:       1.1G       823M
Swap:         8.0G         0B       8.0G

             total       used       free     shared    buffers     cached
Mem:          2.0G       1.5G       477M       3.2M        38M       291M
-/+ buffers/cache:       1.2G       808M
Swap:         8.0G         0B       8.0G

             total       used       free     shared    buffers     cached
Mem:          2.0G       1.5G       464M       3.2M        38M       291M
-/+ buffers/cache:       1.2G       795M
Swap:         8.0G         0B       8.0G

             total       used       free     shared    buffers     cached
Mem:          2.0G       1.5G       450M       3.2M        38M       291M
-/+ buffers/cache:       1.2G       781M
Swap:         8.0G         0B       8.0G

             total       used       free     shared    buffers     cached
Mem:          2.0G       1.5G       437M       3.2M        38M       291M
-/+ buffers/cache:       1.2G       768M
Swap:         8.0G         0B       8.0G

             total       used       free     shared    buffers     cached
Mem:          2.0G       1.5G       429M       3.2M        38M       291M
-/+ buffers/cache:       1.2G       759M
Swap:         8.0G         0B       8.0G

             total       used       free     shared    buffers     cached
Mem:          2.0G       1.5G       420M       3.2M        38M       291M
-/+ buffers/cache:       1.2G       751M
Swap:         8.0G         0B       8.0G

             total       used       free     shared    buffers     cached
Mem:          2.0G       1.6G       406M       3.2M        38M       291M
-/+ buffers/cache:       1.2G       737M
Swap:         8.0G         0B       8.0G

             total       used       free     shared    buffers     cached
Mem:          2.0G       1.6G       390M       3.2M        38M       291M
-/+ buffers/cache:       1.2G       721M
Swap:         8.0G         0B       8.0G

             total       used       free     shared    buffers     cached
Mem:          2.0G       1.6G       374M       3.2M        38M       291M
-/+ buffers/cache:       1.3G       705M
Swap:         8.0G         0B       8.0G

             total       used       free     shared    buffers     cached
Mem:          2.0G       1.6G       358M       3.2M        38M       291M
-/+ buffers/cache:       1.3G       689M
Swap:         8.0G         0B       8.0G

             total       used       free     shared    buffers     cached
Mem:          2.0G       1.6G       343M       3.2M        38M       291M
-/+ buffers/cache:       1.3G       674M
Swap:         8.0G         0B       8.0G

             total       used       free     shared    buffers     cached
Mem:          2.0G       1.6G       326M       3.2M        38M       291M
-/+ buffers/cache:       1.3G       657M
Swap:         8.0G         0B       8.0G

             total       used       free     shared    buffers     cached
Mem:          2.0G       1.7G       309M       3.2M        38M       291M
-/+ buffers/cache:       1.3G       640M
Swap:         8.0G         0B       8.0G

             total       used       free     shared    buffers     cached
Mem:          2.0G       1.7G       293M       3.2M        38M       291M
-/+ buffers/cache:       1.3G       624M
Swap:         8.0G         0B       8.0G

             total       used       free     shared    buffers     cached
Mem:          2.0G       1.7G       277M       3.2M        38M       291M
-/+ buffers/cache:       1.4G       608M
Swap:         8.0G         0B       8.0G

             total       used       free     shared    buffers     cached
Mem:          2.0G       1.7G       260M       3.2M        38M       291M
-/+ buffers/cache:       1.4G       591M
Swap:         8.0G         0B       8.0G

             total       used       free     shared    buffers     cached
Mem:          2.0G       1.7G       244M       3.2M        38M       291M
-/+ buffers/cache:       1.4G       575M
Swap:         8.0G         0B       8.0G

             total       used       free     shared    buffers     cached
Mem:          2.0G       1.7G       229M       3.2M        38M       291M
-/+ buffers/cache:       1.4G       560M
Swap:         8.0G         0B       8.0G

             total       used       free     shared    buffers     cached
Mem:          2.0G       1.7G       214M       3.2M        38M       291M
-/+ buffers/cache:       1.4G       545M
Swap:         8.0G         0B       8.0G

             total       used       free     shared    buffers     cached
Mem:          2.0G       1.8G       199M       3.2M        38M       291M
-/+ buffers/cache:       1.4G       530M
Swap:         8.0G         0B       8.0G

             total       used       free     shared    buffers     cached
Mem:          2.0G       1.8G       184M       3.2M        38M       291M
-/+ buffers/cache:       1.5G       515M
Swap:         8.0G         0B       8.0G

             total       used       free     shared    buffers     cached
Mem:          2.0G       1.8G       168M       3.2M        38M       291M
-/+ buffers/cache:       1.5G       499M
Swap:         8.0G         0B       8.0G

             total       used       free     shared    buffers     cached
Mem:          2.0G       1.8G       151M       3.2M        38M       291M
-/+ buffers/cache:       1.5G       482M
Swap:         8.0G         0B       8.0G

             total       used       free     shared    buffers     cached
Mem:          2.0G       1.8G       134M       3.2M        38M       291M
-/+ buffers/cache:       1.5G       465M
Swap:         8.0G         0B       8.0G

             total       used       free     shared    buffers     cached
Mem:          2.0G       1.8G       120M       3.2M        38M       291M
-/+ buffers/cache:       1.5G       451M
Swap:         8.0G         0B       8.0G

             total       used       free     shared    buffers     cached
Mem:          2.0G       1.8G       106M       3.2M        38M       291M
-/+ buffers/cache:       1.5G       437M
Swap:         8.0G         0B       8.0G

             total       used       free     shared    buffers     cached
Mem:          2.0G       1.9G        91M       3.2M        38M       291M
-/+ buffers/cache:       1.5G       422M
Swap:         8.0G         0B       8.0G

             total       used       free     shared    buffers     cached
Mem:          2.0G       1.9G        76M       3.2M        38M       291M
-/+ buffers/cache:       1.6G       407M
Swap:         8.0G         0B       8.0G

             total       used       free     shared    buffers     cached
Mem:          2.0G       1.9G        84M       3.2M        17M       290M
-/+ buffers/cache:       1.6G       392M
Swap:         8.0G         0B       8.0G

             total       used       free     shared    buffers     cached
Mem:          2.0G       1.9G        70M       3.2M        17M       290M
-/+ buffers/cache:       1.6G       378M
Swap:         8.0G         0B       8.0G

             total       used       free     shared    buffers     cached
Mem:          2.0G       1.9G        72M       3.2M        10M       281M
-/+ buffers/cache:       1.6G       363M
Swap:         8.0G         0B       8.0G

             total       used       free     shared    buffers     cached
Mem:          2.0G       1.9G        73M       3.2M       9.9M       265M
-/+ buffers/cache:       1.6G       349M
Swap:         8.0G        76K       8.0G

             total       used       free     shared    buffers     cached
Mem:          2.0G       1.9G        77M       3.1M       9.9M       246M
-/+ buffers/cache:       1.6G       334M
Swap:         8.0G       220K       8.0G

             total       used       free     shared    buffers     cached
Mem:          2.0G       1.9G        63M       3.1M       9.9M       246M
-/+ buffers/cache:       1.6G       320M
Swap:         8.0G       220K       8.0G

             total       used       free     shared    buffers     cached
Mem:          2.0G       1.9G        94M       3.0M       8.4M       208M
-/+ buffers/cache:       1.6G       311M
Swap:         8.0G        10M       8.0G

             total       used       free     shared    buffers     cached
Mem:          2.0G       1.9G        78M       3.0M       8.4M       208M
-/+ buffers/cache:       1.7G       295M
Swap:         8.0G        10M       8.0G

             total       used       free     shared    buffers     cached
Mem:          2.0G       1.9G        63M       3.0M       8.4M       208M
-/+ buffers/cache:       1.7G       280M
Swap:         8.0G        10M       8.0G

             total       used       free     shared    buffers     cached
Mem:          2.0G       1.9G        74M       3.0M       1.3M       190M
-/+ buffers/cache:       1.7G       266M
Swap:         8.0G        10M       8.0G

             total       used       free     shared    buffers     cached
Mem:          2.0G       1.9G        67M       3.0M       808K       182M
-/+ buffers/cache:       1.7G       250M
Swap:         8.0G        10M       8.0G

             total       used       free     shared    buffers     cached
Mem:          2.0G       1.9G        73M       3.0M       372K       161M
-/+ buffers/cache:       1.7G       235M
Swap:         8.0G        10M       8.0G

             total       used       free     shared    buffers     cached
Mem:          2.0G       1.9G        77M       3.0M       356K       142M
-/+ buffers/cache:       1.7G       220M
Swap:         8.0G        10M       8.0G

             total       used       free     shared    buffers     cached
Mem:          2.0G       1.9G        78M       3.0M        76K       126M
-/+ buffers/cache:       1.8G       205M
Swap:         8.0G        10M       8.0G

             total       used       free     shared    buffers     cached
Mem:          2.0G       1.9G        63M       3.0M        84K       125M
-/+ buffers/cache:       1.8G       189M
Swap:         8.0G        10M       8.0G

             total       used       free     shared    buffers     cached
Mem:          2.0G       1.9G        65M       3.0M        84K       111M
-/+ buffers/cache:       1.8G       176M
Swap:         8.0G        10M       8.0G

             total       used       free     shared    buffers     cached
Mem:          2.0G       1.9G        63M       3.0M        92K        98M
-/+ buffers/cache:       1.8G       162M
Swap:         8.0G        10M       8.0G

             total       used       free     shared    buffers     cached
Mem:          2.0G       1.9G        72M       3.0M        92K        76M
-/+ buffers/cache:       1.8G       149M
Swap:         8.0G        10M       8.0G

             total       used       free     shared    buffers     cached
Mem:          2.0G       1.9G        75M       3.0M        96K        59M
-/+ buffers/cache:       1.8G       134M
Swap:         8.0G        10M       8.0G

             total       used       free     shared    buffers     cached
Mem:          2.0G       1.9G        75M       3.0M       104K        46M
-/+ buffers/cache:       1.8G       121M
Swap:         8.0G        10M       8.0G

             total       used       free     shared    buffers     cached
Mem:          2.0G       1.9G        78M       3.0M       112K        28M
-/+ buffers/cache:       1.8G       106M
Swap:         8.0G        10M       8.0G

             total       used       free     shared    buffers     cached
Mem:          2.0G       1.9G        63M       3.0M       244K        28M
-/+ buffers/cache:       1.9G        91M
Swap:         8.0G        10M       8.0G

             total       used       free     shared    buffers     cached
Mem:          2.0G       1.9G        65M       3.0M       508K        11M
-/+ buffers/cache:       1.9G        77M
Swap:         8.0G        11M       8.0G

             total       used       free     shared    buffers     cached
Mem:          2.0G       1.9G        64M       2.8M       508K       5.2M
-/+ buffers/cache:       1.9G        70M
Swap:         8.0G        17M       8.0G

             total       used       free     shared    buffers     cached
Mem:          2.0G       1.9G        62M       2.5M       516K       4.4M
-/+ buffers/cache:       1.9G        67M
Swap:         8.0G        38M       8.0G

             total       used       free     shared    buffers     cached
Mem:          2.0G       1.9G        63M       2.5M       516K       4.3M
-/+ buffers/cache:       1.9G        68M
Swap:         8.0G        45M       8.0G

             total       used       free     shared    buffers     cached
Mem:          2.0G       1.9G        63M       2.5M       516K       4.3M
-/+ buffers/cache:       1.9G        67M
Swap:         8.0G        66M       7.9G

             total       used       free     shared    buffers     cached
Mem:          2.0G       1.9G        63M       2.5M       516K       4.2M
-/+ buffers/cache:       1.9G        68M
Swap:         8.0G        69M       7.9G

             total       used       free     shared    buffers     cached
Mem:          2.0G       1.9G        74M       2.4M       516K       4.1M
-/+ buffers/cache:       1.9G        79M
Swap:         8.0G        94M       7.9G

             total       used       free     shared    buffers     cached
Mem:          2.0G       1.9G        73M       2.4M       524K       4.1M
-/+ buffers/cache:       1.9G        77M
Swap:         8.0G       123M       7.9G

             total       used       free     shared    buffers     cached
Mem:          2.0G       1.9G        72M       2.4M       524K       4.1M
-/+ buffers/cache:       1.9G        76M
Swap:         8.0G       123M       7.9G

             total       used       free     shared    buffers     cached
Mem:          2.0G       1.9G        75M       2.4M       524K       4.0M
-/+ buffers/cache:       1.9G        80M
Swap:         8.0G       153M       7.8G

             total       used       free     shared    buffers     cached
Mem:          2.0G       1.9G        63M       2.4M       524K       4.1M
-/+ buffers/cache:       1.9G        67M
Swap:         8.0G       153M       7.8G

             total       used       free     shared    buffers     cached
Mem:          2.0G       1.9G        73M       2.4M       524K       4.0M
-/+ buffers/cache:       1.9G        78M
Swap:         8.0G       167M       7.8G

             total       used       free     shared    buffers     cached
Mem:          2.0G       1.9G        76M       2.4M       524K       4.0M
-/+ buffers/cache:       1.9G        81M
Swap:         8.0G       185M       7.8G

             total       used       free     shared    buffers     cached
Mem:          2.0G       1.9G        71M       2.4M        88K        21M
-/+ buffers/cache:       1.9G        93M
Swap:         8.0G       232M       7.8G

             total       used       free     shared    buffers     cached
Mem:          2.0G       1.9G        66M       2.4M       664K        23M
-/+ buffers/cache:       1.9G        91M
Swap:         8.0G       232M       7.8G

             total       used       free     shared    buffers     cached
Mem:          2.0G       1.9G        74M       2.4M       664K        23M
-/+ buffers/cache:       1.9G        98M
Swap:         8.0G       233M       7.8G

             total       used       free     shared    buffers     cached
Mem:          2.0G       1.9G        67M       2.3M       664K        23M
-/+ buffers/cache:       1.9G        91M
Swap:         8.0G       233M       7.8G

             total       used       free     shared    buffers     cached
Mem:          2.0G       1.9G        63M       2.3M       664K        23M
-/+ buffers/cache:       1.9G        87M
Swap:         8.0G       233M       7.8G

             total       used       free     shared    buffers     cached
Mem:          2.0G       1.9G        74M       2.3M       184K       8.0M
-/+ buffers/cache:       1.9G        82M
Swap:         8.0G       242M       7.8G

             total       used       free     shared    buffers     cached
Mem:          2.0G       1.9G        86M       2.3M       180K       6.0M
-/+ buffers/cache:       1.9G        92M
Swap:         8.0G       282M       7.7G

             total       used       free     shared    buffers     cached
Mem:          2.0G       1.9G        76M       2.3M       180K       6.2M
-/+ buffers/cache:       1.9G        82M
Swap:         8.0G       282M       7.7G

             total       used       free     shared    buffers     cached
Mem:          2.0G       1.9G        65M       2.3M       180K       6.2M
-/+ buffers/cache:       1.9G        71M
Swap:         8.0G       282M       7.7G

             total       used       free     shared    buffers     cached
Mem:          2.0G       1.9G        68M       2.3M       180K       6.4M
-/+ buffers/cache:       1.9G        75M
Swap:         8.0G       282M       7.7G

             total       used       free     shared    buffers     cached
Mem:          2.0G       1.9G        67M       2.3M       188K       6.5M
-/+ buffers/cache:       1.9G        74M
Swap:         8.0G       282M       7.7G

             total       used       free     shared    buffers     cached
Mem:          2.0G       1.9G        66M       2.3M       188K       6.5M
-/+ buffers/cache:       1.9G        73M
Swap:         8.0G       282M       7.7G

             total       used       free     shared    buffers     cached
Mem:          2.0G       1.9G        65M       2.3M       188K       6.5M
-/+ buffers/cache:       1.9G        72M
Swap:         8.0G       282M       7.7G

             total       used       free     shared    buffers     cached
Mem:          2.0G       1.9G        65M       2.3M       188K       6.5M
-/+ buffers/cache:       1.9G        72M
Swap:         8.0G       281M       7.7G

             total       used       free     shared    buffers     cached
Mem:          2.0G       1.9G        64M       2.3M       188K       6.5M
-/+ buffers/cache:       1.9G        71M
Swap:         8.0G       281M       7.7G

             total       used       free     shared    buffers     cached
Mem:          2.0G       1.9G        64M       2.3M       188K       6.5M
-/+ buffers/cache:       1.9G        70M
Swap:         8.0G       281M       7.7G

             total       used       free     shared    buffers     cached
Mem:          2.0G       1.9G        63M       2.3M       196K       6.5M
-/+ buffers/cache:       1.9G        70M
Swap:         8.0G       280M       7.7G

             total       used       free     shared    buffers     cached
Mem:          2.0G       1.9G        63M       2.3M       196K       6.5M
-/+ buffers/cache:       1.9G        69M
Swap:         8.0G       280M       7.7G

             total       used       free     shared    buffers     cached
Mem:          2.0G       1.9G        79M       2.3M       188K       6.1M
-/+ buffers/cache:       1.9G        86M
Swap:         8.0G       314M       7.7G

             total       used       free     shared    buffers     cached
Mem:          2.0G       1.9G        79M       2.3M       188K       6.1M
-/+ buffers/cache:       1.9G        85M
Swap:         8.0G       313M       7.7G

             total       used       free     shared    buffers     cached
Mem:          2.0G       1.9G        78M       2.3M       188K       6.1M
-/+ buffers/cache:       1.9G        84M
Swap:         8.0G       313M       7.7G

             total       used       free     shared    buffers     cached
Mem:          2.0G       1.9G        77M       2.3M       196K       6.1M
-/+ buffers/cache:       1.9G        84M
Swap:         8.0G       312M       7.7G

             total       used       free     shared    buffers     cached
Mem:          2.0G       1.9G        77M       2.3M       196K       6.1M
-/+ buffers/cache:       1.9G        84M
Swap:         8.0G       312M       7.7G

             total       used       free     shared    buffers     cached
Mem:          2.0G       1.9G        77M       2.3M       208K       6.1M
-/+ buffers/cache:       1.9G        83M
Swap:         8.0G       312M       7.7G

             total       used       free     shared    buffers     cached
Mem:          2.0G       1.9G        76M       2.3M       208K       6.1M
-/+ buffers/cache:       1.9G        83M
Swap:         8.0G       312M       7.7G

             total       used       free     shared    buffers     cached
Mem:          2.0G       1.9G        76M       2.3M       208K       6.2M
-/+ buffers/cache:       1.9G        83M
Swap:         8.0G       311M       7.7G

             total       used       free     shared    buffers     cached
Mem:          2.0G       1.9G        76M       2.3M       216K       6.1M
-/+ buffers/cache:       1.9G        82M
Swap:         8.0G       311M       7.7G

             total       used       free     shared    buffers     cached
Mem:          2.0G       1.9G        70M       2.3M       588K        35M
-/+ buffers/cache:       1.8G       106M
Swap:         8.0G       321M       7.7G

             total       used       free     shared    buffers     cached
Mem:          2.0G       1.9G        77M       2.3M       588K        34M
-/+ buffers/cache:       1.8G       112M
Swap:         8.0G       333M       7.7G

             total       used       free     shared    buffers     cached
Mem:          2.0G       1.9G        76M       2.3M       600K        34M
-/+ buffers/cache:       1.8G       111M
Swap:         8.0G       333M       7.7G

             total       used       free     shared    buffers     cached
Mem:          2.0G       1.9G        76M       2.3M       600K        34M
-/+ buffers/cache:       1.8G       111M
Swap:         8.0G       333M       7.7G

             total       used       free     shared    buffers     cached
Mem:          2.0G       1.9G        75M       2.3M       600K        34M
-/+ buffers/cache:       1.8G       110M
Swap:         8.0G       332M       7.7G

             total       used       free     shared    buffers     cached
Mem:          2.0G       1.9G        75M       2.3M       608K        34M
-/+ buffers/cache:       1.8G       110M
Swap:         8.0G       332M       7.7G

             total       used       free     shared    buffers     cached
Mem:          2.0G       1.9G        74M       2.3M       608K        34M
-/+ buffers/cache:       1.8G       109M
Swap:         8.0G       332M       7.7G

             total       used       free     shared    buffers     cached
Mem:          2.0G       1.9G        74M       2.3M       608K        34M
-/+ buffers/cache:       1.8G       109M
Swap:         8.0G       332M       7.7G

             total       used       free     shared    buffers     cached
Mem:          2.0G       1.9G        72M       2.3M       608K        35M
-/+ buffers/cache:       1.8G       108M
Swap:         8.0G       331M       7.7G

             total       used       free     shared    buffers     cached
Mem:          2.0G       1.9G        71M       2.3M       608K        35M
-/+ buffers/cache:       1.8G       107M
Swap:         8.0G       331M       7.7G

             total       used       free     shared    buffers     cached
Mem:          2.0G       1.9G        70M       2.3M       716K        35M
-/+ buffers/cache:       1.8G       107M
Swap:         8.0G       330M       7.7G

             total       used       free     shared    buffers     cached
Mem:          2.0G       1.9G        69M       2.3M       716K        36M
-/+ buffers/cache:       1.8G       106M
Swap:         8.0G       330M       7.7G

             total       used       free     shared    buffers     cached
Mem:          2.0G       1.9G        68M       2.3M       716K        36M
-/+ buffers/cache:       1.8G       106M
Swap:         8.0G       330M       7.7G

             total       used       free     shared    buffers     cached
Mem:          2.0G       1.9G        68M       2.3M       716K        36M
-/+ buffers/cache:       1.9G       105M
Swap:         8.0G       330M       7.7G

             total       used       free     shared    buffers     cached
Mem:          2.0G       1.9G        67M       2.3M       716K        36M
-/+ buffers/cache:       1.9G       104M
Swap:         8.0G       329M       7.7G

             total       used       free     shared    buffers     cached
Mem:          2.0G       1.9G        67M       2.3M       716K        36M
-/+ buffers/cache:       1.9G       104M
Swap:         8.0G       329M       7.7G

             total       used       free     shared    buffers     cached
Mem:          2.0G       1.9G        66M       2.3M       724K        36M
-/+ buffers/cache:       1.9G       103M
Swap:         8.0G       329M       7.7G

             total       used       free     shared    buffers     cached
Mem:          2.0G       1.9G        65M       2.3M       724K        36M
-/+ buffers/cache:       1.9G       103M
Swap:         8.0G       328M       7.7G

             total       used       free     shared    buffers     cached
Mem:          2.0G       1.9G        65M       2.3M       724K        36M
-/+ buffers/cache:       1.9G       102M
Swap:         8.0G       328M       7.7G

             total       used       free     shared    buffers     cached
Mem:          2.0G       1.9G        64M       2.3M       724K        36M
-/+ buffers/cache:       1.9G       102M
Swap:         8.0G       328M       7.7G

             total       used       free     shared    buffers     cached
Mem:          2.0G       1.9G        83M       2.3M       232K        34M
-/+ buffers/cache:       1.8G       118M
Swap:         8.0G       352M       7.7G

             total       used       free     shared    buffers     cached
Mem:          2.0G       1.9G        82M       2.3M       240K        34M
-/+ buffers/cache:       1.8G       117M
Swap:         8.0G       351M       7.7G

             total       used       free     shared    buffers     cached
Mem:          2.0G       1.9G        82M       2.3M       240K        34M
-/+ buffers/cache:       1.8G       117M
Swap:         8.0G       351M       7.7G

             total       used       free     shared    buffers     cached
Mem:          2.0G       1.9G        81M       2.3M       240K        34M
-/+ buffers/cache:       1.8G       116M
Swap:         8.0G       351M       7.7G

             total       used       free     shared    buffers     cached
Mem:          2.0G       1.9G        80M       2.3M       240K        34M
-/+ buffers/cache:       1.8G       115M
Swap:         8.0G       350M       7.7G

             total       used       free     shared    buffers     cached
Mem:          2.0G       1.9G        80M       2.3M       240K        34M
-/+ buffers/cache:       1.8G       115M
Swap:         8.0G       350M       7.7G

             total       used       free     shared    buffers     cached
Mem:          2.0G       1.9G        79M       2.3M       240K        34M
-/+ buffers/cache:       1.8G       114M
Swap:         8.0G       350M       7.7G

             total       used       free     shared    buffers     cached
Mem:          2.0G       1.9G        79M       2.3M       248K        34M
-/+ buffers/cache:       1.8G       113M
Swap:         8.0G       349M       7.7G

             total       used       free     shared    buffers     cached
Mem:          2.0G       1.9G        78M       2.3M       248K        34M
-/+ buffers/cache:       1.8G       113M
Swap:         8.0G       349M       7.7G

             total       used       free     shared    buffers     cached
Mem:          2.0G       1.9G        77M       2.3M       248K        34M
-/+ buffers/cache:       1.8G       112M
Swap:         8.0G       349M       7.7G

             total       used       free     shared    buffers     cached
Mem:          2.0G       1.9G        77M       2.3M       248K        34M
-/+ buffers/cache:       1.8G       112M
Swap:         8.0G       348M       7.7G

             total       used       free     shared    buffers     cached
Mem:          2.0G       1.9G        76M       2.3M       248K        34M
-/+ buffers/cache:       1.8G       111M
Swap:         8.0G       348M       7.7G

             total       used       free     shared    buffers     cached
Mem:          2.0G       1.9G        76M       2.3M       256K        34M
-/+ buffers/cache:       1.8G       111M
Swap:         8.0G       348M       7.7G

             total       used       free     shared    buffers     cached
Mem:          2.0G       1.9G        71M       2.3M       256K        38M
-/+ buffers/cache:       1.8G       110M
Swap:         8.0G       347M       7.7G

             total       used       free     shared    buffers     cached
Mem:          2.0G       1.9G        70M       2.3M       400K        38M
-/+ buffers/cache:       1.8G       109M
Swap:         8.0G       347M       7.7G

             total       used       free     shared    buffers     cached
Mem:          2.0G       1.9G        70M       2.3M       400K        38M
-/+ buffers/cache:       1.8G       108M
Swap:         8.0G       346M       7.7G

             total       used       free     shared    buffers     cached
Mem:          2.0G       1.9G        69M       2.3M       400K        38M
-/+ buffers/cache:       1.8G       108M
Swap:         8.0G       346M       7.7G

             total       used       free     shared    buffers     cached
Mem:          2.0G       1.9G        68M       2.3M       400K        38M
-/+ buffers/cache:       1.8G       107M
Swap:         8.0G       345M       7.7G

             total       used       free     shared    buffers     cached
Mem:          2.0G       1.9G        68M       2.3M       408K        38M
-/+ buffers/cache:       1.8G       107M
Swap:         8.0G       345M       7.7G

             total       used       free     shared    buffers     cached
Mem:          2.0G       1.9G        67M       2.3M       408K        38M
-/+ buffers/cache:       1.8G       106M
Swap:         8.0G       345M       7.7G

             total       used       free     shared    buffers     cached
Mem:          2.0G       1.9G        67M       2.3M       408K        38M
-/+ buffers/cache:       1.8G       106M
Swap:         8.0G       344M       7.7G

             total       used       free     shared    buffers     cached
Mem:          2.0G       1.9G        66M       2.3M       408K        38M
-/+ buffers/cache:       1.9G       105M
Swap:         8.0G       344M       7.7G

             total       used       free     shared    buffers     cached
Mem:          2.0G       1.9G        66M       2.3M       408K        38M
-/+ buffers/cache:       1.9G       105M
Swap:         8.0G       344M       7.7G

             total       used       free     shared    buffers     cached
Mem:          2.0G       1.9G        65M       2.3M       416K        38M
-/+ buffers/cache:       1.9G       104M
Swap:         8.0G       343M       7.7G

             total       used       free     shared    buffers     cached
Mem:          2.0G       1.9G        65M       2.3M       416K        38M
-/+ buffers/cache:       1.9G       103M
Swap:         8.0G       343M       7.7G

             total       used       free     shared    buffers     cached
Mem:          2.0G       1.9G        77M       2.3M       408K        37M
-/+ buffers/cache:       1.8G       114M
Swap:         8.0G       347M       7.7G

             total       used       free     shared    buffers     cached
Mem:          2.0G       1.9G        76M       2.3M       408K        37M
-/+ buffers/cache:       1.8G       114M
Swap:         8.0G       346M       7.7G

             total       used       free     shared    buffers     cached
Mem:          2.0G       1.9G        76M       2.3M       408K        37M
-/+ buffers/cache:       1.8G       113M
Swap:         8.0G       346M       7.7G

             total       used       free     shared    buffers     cached
Mem:          2.0G       1.9G        75M       2.3M       408K        37M
-/+ buffers/cache:       1.8G       113M
Swap:         8.0G       346M       7.7G

             total       used       free     shared    buffers     cached
Mem:          2.0G       1.9G        74M       2.3M       416K        37M
-/+ buffers/cache:       1.8G       112M
Swap:         8.0G       345M       7.7G

             total       used       free     shared    buffers     cached
Mem:          2.0G       1.9G        74M       2.3M       416K        37M
-/+ buffers/cache:       1.8G       111M
Swap:         8.0G       345M       7.7G

             total       used       free     shared    buffers     cached
Mem:          2.0G       1.9G        73M       2.3M       416K        37M
-/+ buffers/cache:       1.8G       111M
Swap:         8.0G       345M       7.7G

             total       used       free     shared    buffers     cached
Mem:          2.0G       1.9G        73M       2.3M       416K        37M
-/+ buffers/cache:       1.8G       110M
Swap:         8.0G       344M       7.7G

             total       used       free     shared    buffers     cached
Mem:          2.0G       1.9G        72M       2.3M       416K        37M
-/+ buffers/cache:       1.8G       110M
Swap:         8.0G       344M       7.7G

             total       used       free     shared    buffers     cached
Mem:          2.0G       1.9G        72M       2.3M       424K        37M
-/+ buffers/cache:       1.8G       109M
Swap:         8.0G       343M       7.7G

             total       used       free     shared    buffers     cached
Mem:          2.0G       1.9G        71M       2.3M       424K        37M
-/+ buffers/cache:       1.8G       108M
Swap:         8.0G       343M       7.7G

             total       used       free     shared    buffers     cached
Mem:          2.0G       1.9G        70M       2.3M       424K        37M
-/+ buffers/cache:       1.8G       108M
Swap:         8.0G       343M       7.7G

             total       used       free     shared    buffers     cached
Mem:          2.0G       1.9G        69M       2.3M       424K        37M
-/+ buffers/cache:       1.8G       107M
Swap:         8.0G       342M       7.7G

             total       used       free     shared    buffers     cached
Mem:          2.0G       1.9G        69M       2.3M       424K        37M
-/+ buffers/cache:       1.8G       106M
Swap:         8.0G       342M       7.7G

             total       used       free     shared    buffers     cached
Mem:          2.0G       1.9G        68M       2.3M       424K        37M
-/+ buffers/cache:       1.8G       106M
Swap:         8.0G       342M       7.7G

             total       used       free     shared    buffers     cached
Mem:          2.0G       1.9G        68M       2.3M       432K        37M
-/+ buffers/cache:       1.9G       105M
Swap:         8.0G       341M       7.7G

             total       used       free     shared    buffers     cached
Mem:          2.0G       1.9G        67M       2.3M       432K        37M
-/+ buffers/cache:       1.9G       104M
Swap:         8.0G       341M       7.7G

             total       used       free     shared    buffers     cached
Mem:          2.0G       1.9G        66M       2.3M       432K        37M
-/+ buffers/cache:       1.9G       104M
Swap:         8.0G       340M       7.7G

             total       used       free     shared    buffers     cached
Mem:          2.0G       1.9G        66M       2.3M       432K        37M
-/+ buffers/cache:       1.9G       103M
Swap:         8.0G       340M       7.7G

             total       used       free     shared    buffers     cached
Mem:          2.0G       1.9G        65M       2.3M       432K        37M
-/+ buffers/cache:       1.9G       102M
Swap:         8.0G       340M       7.7G

             total       used       free     shared    buffers     cached
Mem:          2.0G       1.9G        64M       2.3M       440K        37M
-/+ buffers/cache:       1.9G       102M
Swap:         8.0G       339M       7.7G

             total       used       free     shared    buffers     cached
Mem:          2.0G       1.9G        79M       2.3M       580K        35M
-/+ buffers/cache:       1.8G       114M
Swap:         8.0G       362M       7.6G

             total       used       free     shared    buffers     cached
Mem:          2.0G       1.9G        78M       2.3M       580K        35M
-/+ buffers/cache:       1.8G       114M
Swap:         8.0G       361M       7.6G

             total       used       free     shared    buffers     cached
Mem:          2.0G       1.9G        78M       2.3M       580K        35M
-/+ buffers/cache:       1.8G       113M
Swap:         8.0G       361M       7.6G

             total       used       free     shared    buffers     cached
Mem:          2.0G       1.9G        77M       2.3M       580K        35M
-/+ buffers/cache:       1.8G       113M
Swap:         8.0G       360M       7.6G

             total       used       free     shared    buffers     cached
Mem:          2.0G       1.9G        75M       2.3M       580K        35M
-/+ buffers/cache:       1.8G       111M
Swap:         8.0G       360M       7.6G

             total       used       free     shared    buffers     cached
Mem:          2.0G       1.9G        70M       2.3M       588K        36M
-/+ buffers/cache:       1.8G       107M
Swap:         8.0G       357M       7.6G

             total       used       free     shared    buffers     cached
Mem:          2.0G       1.9G        69M       2.3M       588K        36M
-/+ buffers/cache:       1.8G       107M
Swap:         8.0G       357M       7.6G

             total       used       free     shared    buffers     cached
Mem:          2.0G       1.9G        68M       2.3M       588K        36M
-/+ buffers/cache:       1.8G       106M
Swap:         8.0G       356M       7.6G

             total       used       free     shared    buffers     cached
Mem:          2.0G       1.9G        75M       2.3M       588K        38M
-/+ buffers/cache:       1.8G       114M
Swap:         8.0G       355M       7.6G

             total       used       free     shared    buffers     cached
Mem:          2.0G       1.9G        74M       2.3M       588K        38M
-/+ buffers/cache:       1.8G       114M
Swap:         8.0G       355M       7.7G

             total       used       free     shared    buffers     cached
Mem:          2.0G       1.9G        74M       2.3M       596K        38M
-/+ buffers/cache:       1.8G       113M
Swap:         8.0G       354M       7.7G

             total       used       free     shared    buffers     cached
Mem:          2.0G       1.9G        74M       2.3M       596K        38M
-/+ buffers/cache:       1.8G       113M
Swap:         8.0G       354M       7.7G

             total       used       free     shared    buffers     cached
Mem:          2.0G       1.9G        73M       2.3M       596K        38M
-/+ buffers/cache:       1.8G       113M
Swap:         8.0G       354M       7.7G

             total       used       free     shared    buffers     cached
Mem:          2.0G       1.9G        73M       2.3M       596K        38M
-/+ buffers/cache:       1.8G       112M
Swap:         8.0G       354M       7.7G

             total       used       free     shared    buffers     cached
Mem:          2.0G       1.9G        72M       2.3M       596K        38M
-/+ buffers/cache:       1.8G       112M
Swap:         8.0G       353M       7.7G

             total       used       free     shared    buffers     cached
Mem:          2.0G       1.9G        72M       2.3M       604K        38M
-/+ buffers/cache:       1.8G       111M
Swap:         8.0G       353M       7.7G

             total       used       free     shared    buffers     cached
Mem:          2.0G       1.9G        71M       2.3M       604K        38M
-/+ buffers/cache:       1.8G       111M
Swap:         8.0G       353M       7.7G

             total       used       free     shared    buffers     cached
Mem:          2.0G       1.9G        71M       2.3M       604K        38M
-/+ buffers/cache:       1.8G       110M
Swap:         8.0G       353M       7.7G

             total       used       free     shared    buffers     cached
Mem:          2.0G       1.9G        70M       2.4M       2.2M        53M
-/+ buffers/cache:       1.8G       125M
Swap:         8.0G       377M       7.6G

             total       used       free     shared    buffers     cached
Mem:          2.0G       1.9G        76M       6.1M       4.8M        58M
-/+ buffers/cache:       1.8G       140M
Swap:         8.0G       407M       7.6G

             total       used       free     shared    buffers     cached
Mem:          2.0G       1.9G        72M       2.5M       4.7M        63M
-/+ buffers/cache:       1.8G       140M
Swap:         8.0G       410M       7.6G

             total       used       free     shared    buffers     cached
Mem:          2.0G       1.9G        78M       2.4M       3.6M        63M
-/+ buffers/cache:       1.8G       144M
Swap:         8.0G       423M       7.6G

             total       used       free     shared    buffers     cached
Mem:          2.0G       1.9G        77M       2.4M       3.6M        63M
-/+ buffers/cache:       1.8G       143M
Swap:         8.0G       422M       7.6G

             total       used       free     shared    buffers     cached
Mem:          2.0G       1.9G        76M       2.4M       3.6M        63M
-/+ buffers/cache:       1.8G       142M
Swap:         8.0G       422M       7.6G

             total       used       free     shared    buffers     cached
Mem:          2.0G       1.9G        75M       2.4M       3.6M        63M
-/+ buffers/cache:       1.8G       141M
Swap:         8.0G       421M       7.6G

             total       used       free     shared    buffers     cached
Mem:          2.0G       1.9G        73M       2.4M       3.8M        63M
-/+ buffers/cache:       1.8G       140M
Swap:         8.0G       421M       7.6G

             total       used       free     shared    buffers     cached
Mem:          2.0G       1.9G        71M       2.4M       3.8M        63M
-/+ buffers/cache:       1.8G       139M
Swap:         8.0G       420M       7.6G

             total       used       free     shared    buffers     cached
Mem:          2.0G       1.9G        70M       2.4M       3.8M        64M
-/+ buffers/cache:       1.8G       138M
Swap:         8.0G       419M       7.6G

             total       used       free     shared    buffers     cached
Mem:          2.0G       1.9G        67M       2.4M       4.7M        65M
-/+ buffers/cache:       1.8G       137M
Swap:         8.0G       419M       7.6G

             total       used       free     shared    buffers     cached
Mem:          2.0G       1.9G        65M       2.4M       4.8M        65M
-/+ buffers/cache:       1.8G       136M
Swap:         8.0G       418M       7.6G

             total       used       free     shared    buffers     cached
Mem:          2.0G       1.9G        64M       2.4M       4.8M        65M
-/+ buffers/cache:       1.8G       135M
Swap:         8.0G       417M       7.6G

             total       used       free     shared    buffers     cached
Mem:          2.0G       1.9G        76M       2.4M       4.8M        64M
-/+ buffers/cache:       1.8G       146M
Swap:         8.0G       428M       7.6G

             total       used       free     shared    buffers     cached
Mem:          2.0G       1.9G        75M       2.4M       4.8M        64M
-/+ buffers/cache:       1.8G       145M
Swap:         8.0G       427M       7.6G

             total       used       free     shared    buffers     cached
Mem:          2.0G       1.9G        74M       2.4M       4.8M        64M
-/+ buffers/cache:       1.8G       144M
Swap:         8.0G       427M       7.6G

             total       used       free     shared    buffers     cached
Mem:          2.0G       1.9G        73M       2.4M       4.8M        64M
-/+ buffers/cache:       1.8G       143M
Swap:         8.0G       426M       7.6G

             total       used       free     shared    buffers     cached
Mem:          2.0G       1.9G        72M       2.4M       4.8M        64M
-/+ buffers/cache:       1.8G       142M
Swap:         8.0G       426M       7.6G

             total       used       free     shared    buffers     cached
Mem:          2.0G       1.9G        72M       2.4M       4.8M        64M
-/+ buffers/cache:       1.8G       141M
Swap:         8.0G       425M       7.6G

             total       used       free     shared    buffers     cached
Mem:          2.0G       1.9G        71M       2.4M       4.8M        64M
-/+ buffers/cache:       1.8G       140M
Swap:         8.0G       425M       7.6G

             total       used       free     shared    buffers     cached
Mem:          2.0G       1.9G        70M       2.4M       4.8M        64M
-/+ buffers/cache:       1.8G       139M
Swap:         8.0G       424M       7.6G

             total       used       free     shared    buffers     cached
Mem:          2.0G       1.9G        69M       2.4M       4.8M        64M
-/+ buffers/cache:       1.8G       138M
Swap:         8.0G       424M       7.6G

             total       used       free     shared    buffers     cached
Mem:          2.0G       1.9G        67M       2.4M       4.8M        64M
-/+ buffers/cache:       1.8G       137M
Swap:         8.0G       423M       7.6G

             total       used       free     shared    buffers     cached
Mem:          2.0G       1.9G        66M       2.4M       4.8M        64M
-/+ buffers/cache:       1.8G       136M
Swap:         8.0G       422M       7.6G

             total       used       free     shared    buffers     cached
Mem:          2.0G       1.9G        65M       2.4M       4.8M        64M
-/+ buffers/cache:       1.8G       135M
Swap:         8.0G       422M       7.6G

             total       used       free     shared    buffers     cached
Mem:          2.0G       1.9G        64M       2.4M       4.8M        64M
-/+ buffers/cache:       1.8G       134M
Swap:         8.0G       421M       7.6G

             total       used       free     shared    buffers     cached
Mem:          2.0G       1.9G        78M       2.4M       4.0M        62M
-/+ buffers/cache:       1.8G       145M
Swap:         8.0G       433M       7.6G

             total       used       free     shared    buffers     cached
Mem:          2.0G       1.9G        77M       2.4M       4.0M        62M
-/+ buffers/cache:       1.8G       143M
Swap:         8.0G       432M       7.6G

             total       used       free     shared    buffers     cached
Mem:          2.0G       1.9G        76M       2.4M       4.0M        62M
-/+ buffers/cache:       1.8G       143M
Swap:         8.0G       432M       7.6G

             total       used       free     shared    buffers     cached
Mem:          2.0G       1.9G        75M       2.4M       4.0M        62M
-/+ buffers/cache:       1.8G       142M
Swap:         8.0G       431M       7.6G

             total       used       free     shared    buffers     cached
Mem:          2.0G       1.9G        74M       2.4M       4.0M        62M
-/+ buffers/cache:       1.8G       141M
Swap:         8.0G       431M       7.6G

             total       used       free     shared    buffers     cached
Mem:          2.0G       1.9G        73M       2.4M       4.0M        62M
-/+ buffers/cache:       1.8G       140M
Swap:         8.0G       430M       7.6G

             total       used       free     shared    buffers     cached
Mem:          2.0G       1.9G        72M       2.4M       4.0M        62M
-/+ buffers/cache:       1.8G       139M
Swap:         8.0G       429M       7.6G

             total       used       free     shared    buffers     cached
Mem:          2.0G       1.9G        71M       2.4M       4.0M        62M
-/+ buffers/cache:       1.8G       138M
Swap:         8.0G       429M       7.6G

             total       used       free     shared    buffers     cached
Mem:          2.0G       1.9G        70M       2.4M       4.0M        62M
-/+ buffers/cache:       1.8G       137M
Swap:         8.0G       428M       7.6G

             total       used       free     shared    buffers     cached
Mem:          2.0G       1.9G        81M       2.5M       6.2M        69M
-/+ buffers/cache:       1.8G       156M
Swap:         8.0G       453M       7.6G
