             total       used       free     shared    buffers     cached
Mem:          2.0G       661M       1.3G       3.2M        38M       289M
-/+ buffers/cache:       333M       1.6G
Swap:         8.0G         0B       8.0G

             total       used       free     shared    buffers     cached
Mem:          2.0G       660M       1.3G       1.4M        38M       287M
-/+ buffers/cache:       333M       1.6G
Swap:         8.0G         0B       8.0G

             total       used       free     shared    buffers     cached
Mem:          2.0G       659M       1.3G       1.4M        38M       287M
-/+ buffers/cache:       333M       1.6G
Swap:         8.0G         0B       8.0G

             total       used       free     shared    buffers     cached
Mem:          2.0G       659M       1.3G       1.4M        38M       287M
-/+ buffers/cache:       333M       1.6G
Swap:         8.0G         0B       8.0G

             total       used       free     shared    buffers     cached
Mem:          2.0G       659M       1.3G       1.4M        38M       287M
-/+ buffers/cache:       333M       1.6G
Swap:         8.0G         0B       8.0G

             total       used       free     shared    buffers     cached
Mem:          2.0G       659M       1.3G       1.4M        38M       287M
-/+ buffers/cache:       333M       1.6G
Swap:         8.0G         0B       8.0G

             total       used       free     shared    buffers     cached
Mem:          2.0G       659M       1.3G       1.4M        38M       287M
-/+ buffers/cache:       333M       1.6G
Swap:         8.0G         0B       8.0G

             total       used       free     shared    buffers     cached
Mem:          2.0G       659M       1.3G       1.4M        38M       288M
-/+ buffers/cache:       332M       1.6G
Swap:         8.0G         0B       8.0G

             total       used       free     shared    buffers     cached
Mem:          2.0G       659M       1.3G       1.4M        38M       288M
-/+ buffers/cache:       332M       1.6G
Swap:         8.0G         0B       8.0G

             total       used       free     shared    buffers     cached
Mem:          2.0G       662M       1.3G       1.4M        38M       288M
-/+ buffers/cache:       336M       1.6G
Swap:         8.0G         0B       8.0G

             total       used       free     shared    buffers     cached
Mem:          2.0G       679M       1.3G       1.4M        38M       288M
-/+ buffers/cache:       353M       1.6G
Swap:         8.0G         0B       8.0G

             total       used       free     shared    buffers     cached
Mem:          2.0G       705M       1.3G       1.4M        38M       288M
-/+ buffers/cache:       378M       1.6G
Swap:         8.0G         0B       8.0G

             total       used       free     shared    buffers     cached
Mem:          2.0G       668M       1.3G       1.4M        38M       289M
-/+ buffers/cache:       340M       1.6G
Swap:         8.0G         0B       8.0G

             total       used       free     shared    buffers     cached
Mem:          2.0G       669M       1.3G       1.4M        38M       289M
-/+ buffers/cache:       340M       1.6G
Swap:         8.0G         0B       8.0G

             total       used       free     shared    buffers     cached
Mem:          2.0G       669M       1.3G       1.4M        38M       289M
-/+ buffers/cache:       340M       1.6G
Swap:         8.0G         0B       8.0G

             total       used       free     shared    buffers     cached
Mem:          2.0G       669M       1.3G       1.4M        38M       289M
-/+ buffers/cache:       340M       1.6G
Swap:         8.0G         0B       8.0G

             total       used       free     shared    buffers     cached
Mem:          2.0G       669M       1.3G       1.4M        38M       289M
-/+ buffers/cache:       340M       1.6G
Swap:         8.0G         0B       8.0G

             total       used       free     shared    buffers     cached
Mem:          2.0G       669M       1.3G       1.4M        38M       289M
-/+ buffers/cache:       340M       1.6G
Swap:         8.0G         0B       8.0G

             total       used       free     shared    buffers     cached
Mem:          2.0G       669M       1.3G       1.4M        38M       289M
-/+ buffers/cache:       340M       1.6G
Swap:         8.0G         0B       8.0G

             total       used       free     shared    buffers     cached
Mem:          2.0G       669M       1.3G       1.4M        38M       289M
-/+ buffers/cache:       340M       1.6G
Swap:         8.0G         0B       8.0G

             total       used       free     shared    buffers     cached
Mem:          2.0G       669M       1.3G       1.4M        38M       289M
-/+ buffers/cache:       340M       1.6G
Swap:         8.0G         0B       8.0G

             total       used       free     shared    buffers     cached
Mem:          2.0G       669M       1.3G       1.4M        38M       289M
-/+ buffers/cache:       341M       1.6G
Swap:         8.0G         0B       8.0G

             total       used       free     shared    buffers     cached
Mem:          2.0G       669M       1.3G       1.4M        38M       289M
-/+ buffers/cache:       340M       1.6G
Swap:         8.0G         0B       8.0G

             total       used       free     shared    buffers     cached
Mem:          2.0G       669M       1.3G       1.4M        38M       289M
-/+ buffers/cache:       341M       1.6G
Swap:         8.0G         0B       8.0G

             total       used       free     shared    buffers     cached
Mem:          2.0G       669M       1.3G       1.4M        38M       289M
-/+ buffers/cache:       340M       1.6G
Swap:         8.0G         0B       8.0G

             total       used       free     shared    buffers     cached
Mem:          2.0G       669M       1.3G       1.4M        38M       289M
-/+ buffers/cache:       340M       1.6G
Swap:         8.0G         0B       8.0G

             total       used       free     shared    buffers     cached
Mem:          2.0G       669M       1.3G       1.4M        38M       289M
-/+ buffers/cache:       340M       1.6G
Swap:         8.0G         0B       8.0G

             total       used       free     shared    buffers     cached
Mem:          2.0G       669M       1.3G       1.4M        38M       289M
-/+ buffers/cache:       340M       1.6G
Swap:         8.0G         0B       8.0G

             total       used       free     shared    buffers     cached
Mem:          2.0G       669M       1.3G       1.4M        38M       289M
-/+ buffers/cache:       340M       1.6G
Swap:         8.0G         0B       8.0G

             total       used       free     shared    buffers     cached
Mem:          2.0G       669M       1.3G       1.4M        38M       289M
-/+ buffers/cache:       340M       1.6G
Swap:         8.0G         0B       8.0G

             total       used       free     shared    buffers     cached
Mem:          2.0G       669M       1.3G       1.4M        38M       289M
-/+ buffers/cache:       340M       1.6G
Swap:         8.0G         0B       8.0G

             total       used       free     shared    buffers     cached
Mem:          2.0G       669M       1.3G       1.4M        38M       289M
-/+ buffers/cache:       340M       1.6G
Swap:         8.0G         0B       8.0G

             total       used       free     shared    buffers     cached
Mem:          2.0G       669M       1.3G       1.4M        38M       289M
-/+ buffers/cache:       340M       1.6G
Swap:         8.0G         0B       8.0G

             total       used       free     shared    buffers     cached
Mem:          2.0G       675M       1.3G       1.4M        38M       289M
-/+ buffers/cache:       346M       1.6G
Swap:         8.0G         0B       8.0G

             total       used       free     shared    buffers     cached
Mem:          2.0G       690M       1.3G       1.4M        38M       289M
-/+ buffers/cache:       362M       1.6G
Swap:         8.0G         0B       8.0G

             total       used       free     shared    buffers     cached
Mem:          2.0G       705M       1.3G       1.4M        38M       289M
-/+ buffers/cache:       377M       1.6G
Swap:         8.0G         0B       8.0G

             total       used       free     shared    buffers     cached
Mem:          2.0G       720M       1.2G       1.4M        38M       289M
-/+ buffers/cache:       392M       1.6G
Swap:         8.0G         0B       8.0G

             total       used       free     shared    buffers     cached
Mem:          2.0G       735M       1.2G       1.4M        38M       289M
-/+ buffers/cache:       407M       1.6G
Swap:         8.0G         0B       8.0G

             total       used       free     shared    buffers     cached
Mem:          2.0G       750M       1.2G       1.4M        38M       289M
-/+ buffers/cache:       422M       1.5G
Swap:         8.0G         0B       8.0G

             total       used       free     shared    buffers     cached
Mem:          2.0G       764M       1.2G       1.4M        38M       289M
-/+ buffers/cache:       436M       1.5G
Swap:         8.0G         0B       8.0G

             total       used       free     shared    buffers     cached
Mem:          2.0G       778M       1.2G       1.4M        38M       289M
-/+ buffers/cache:       450M       1.5G
Swap:         8.0G         0B       8.0G

             total       used       free     shared    buffers     cached
Mem:          2.0G       792M       1.2G       1.4M        38M       289M
-/+ buffers/cache:       463M       1.5G
Swap:         8.0G         0B       8.0G

             total       used       free     shared    buffers     cached
Mem:          2.0G       807M       1.2G       1.4M        38M       289M
-/+ buffers/cache:       478M       1.5G
Swap:         8.0G         0B       8.0G

             total       used       free     shared    buffers     cached
Mem:          2.0G       824M       1.1G       1.4M        38M       289M
-/+ buffers/cache:       495M       1.5G
Swap:         8.0G         0B       8.0G

             total       used       free     shared    buffers     cached
Mem:          2.0G       839M       1.1G       1.4M        38M       289M
-/+ buffers/cache:       510M       1.5G
Swap:         8.0G         0B       8.0G

             total       used       free     shared    buffers     cached
Mem:          2.0G       854M       1.1G       1.4M        38M       289M
-/+ buffers/cache:       525M       1.4G
Swap:         8.0G         0B       8.0G

             total       used       free     shared    buffers     cached
Mem:          2.0G       868M       1.1G       1.4M        38M       289M
-/+ buffers/cache:       539M       1.4G
Swap:         8.0G         0B       8.0G

             total       used       free     shared    buffers     cached
Mem:          2.0G       882M       1.1G       1.4M        38M       289M
-/+ buffers/cache:       554M       1.4G
Swap:         8.0G         0B       8.0G

             total       used       free     shared    buffers     cached
Mem:          2.0G       895M       1.1G       1.4M        38M       289M
-/+ buffers/cache:       566M       1.4G
Swap:         8.0G         0B       8.0G

             total       used       free     shared    buffers     cached
Mem:          2.0G       909M       1.1G       1.4M        38M       289M
-/+ buffers/cache:       581M       1.4G
Swap:         8.0G         0B       8.0G

             total       used       free     shared    buffers     cached
Mem:          2.0G       924M       1.1G       1.4M        38M       289M
-/+ buffers/cache:       596M       1.4G
Swap:         8.0G         0B       8.0G

             total       used       free     shared    buffers     cached
Mem:          2.0G       939M       1.0G       1.4M        38M       289M
-/+ buffers/cache:       610M       1.4G
Swap:         8.0G         0B       8.0G

             total       used       free     shared    buffers     cached
Mem:          2.0G       954M       1.0G       1.4M        38M       289M
-/+ buffers/cache:       625M       1.3G
Swap:         8.0G         0B       8.0G

             total       used       free     shared    buffers     cached
Mem:          2.0G       969M       1.0G       1.4M        38M       289M
-/+ buffers/cache:       641M       1.3G
Swap:         8.0G         0B       8.0G

             total       used       free     shared    buffers     cached
Mem:          2.0G       985M       1.0G       1.4M        38M       289M
-/+ buffers/cache:       657M       1.3G
Swap:         8.0G         0B       8.0G

             total       used       free     shared    buffers     cached
Mem:          2.0G       1.0G       999M       1.4M        38M       289M
-/+ buffers/cache:       672M       1.3G
Swap:         8.0G         0B       8.0G

             total       used       free     shared    buffers     cached
Mem:          2.0G       1.0G       985M       1.4M        38M       289M
-/+ buffers/cache:       686M       1.3G
Swap:         8.0G         0B       8.0G

             total       used       free     shared    buffers     cached
Mem:          2.0G       1.0G       970M       1.4M        38M       289M
-/+ buffers/cache:       701M       1.3G
Swap:         8.0G         0B       8.0G

             total       used       free     shared    buffers     cached
Mem:          2.0G       1.0G       955M       1.4M        38M       289M
-/+ buffers/cache:       716M       1.3G
Swap:         8.0G         0B       8.0G

             total       used       free     shared    buffers     cached
Mem:          2.0G       1.0G       941M       1.4M        38M       289M
-/+ buffers/cache:       730M       1.2G
Swap:         8.0G         0B       8.0G

             total       used       free     shared    buffers     cached
Mem:          2.0G       1.0G       927M       1.4M        38M       289M
-/+ buffers/cache:       744M       1.2G
Swap:         8.0G         0B       8.0G

             total       used       free     shared    buffers     cached
Mem:          2.0G       1.1G       913M       1.4M        38M       289M
-/+ buffers/cache:       758M       1.2G
Swap:         8.0G         0B       8.0G

             total       used       free     shared    buffers     cached
Mem:          2.0G       1.1G       899M       1.4M        38M       289M
-/+ buffers/cache:       772M       1.2G
Swap:         8.0G         0B       8.0G

             total       used       free     shared    buffers     cached
Mem:          2.0G       1.1G       885M       1.4M        38M       289M
-/+ buffers/cache:       786M       1.2G
Swap:         8.0G         0B       8.0G

             total       used       free     shared    buffers     cached
Mem:          2.0G       1.1G       877M       1.4M        38M       289M
-/+ buffers/cache:       794M       1.2G
Swap:         8.0G         0B       8.0G

             total       used       free     shared    buffers     cached
Mem:          2.0G       1.1G       862M       1.4M        38M       289M
-/+ buffers/cache:       809M       1.2G
Swap:         8.0G         0B       8.0G

             total       used       free     shared    buffers     cached
Mem:          2.0G       1.1G       848M       1.4M        38M       289M
-/+ buffers/cache:       823M       1.1G
Swap:         8.0G         0B       8.0G

             total       used       free     shared    buffers     cached
Mem:          2.0G       1.1G       834M       1.4M        38M       289M
-/+ buffers/cache:       837M       1.1G
Swap:         8.0G         0B       8.0G

             total       used       free     shared    buffers     cached
Mem:          2.0G       1.2G       819M       1.4M        38M       289M
-/+ buffers/cache:       852M       1.1G
Swap:         8.0G         0B       8.0G

             total       used       free     shared    buffers     cached
Mem:          2.0G       1.2G       802M       1.4M        38M       290M
-/+ buffers/cache:       868M       1.1G
Swap:         8.0G         0B       8.0G

             total       used       free     shared    buffers     cached
Mem:          2.0G       1.2G       788M       1.4M        38M       290M
-/+ buffers/cache:       883M       1.1G
Swap:         8.0G         0B       8.0G

             total       used       free     shared    buffers     cached
Mem:          2.0G       1.2G       774M       1.4M        38M       290M
-/+ buffers/cache:       896M       1.1G
Swap:         8.0G         0B       8.0G

             total       used       free     shared    buffers     cached
Mem:          2.0G       1.2G       761M       1.4M        38M       290M
-/+ buffers/cache:       910M       1.1G
Swap:         8.0G         0B       8.0G

             total       used       free     shared    buffers     cached
Mem:          2.0G       1.2G       747M       1.4M        38M       290M
-/+ buffers/cache:       924M       1.1G
Swap:         8.0G         0B       8.0G

             total       used       free     shared    buffers     cached
Mem:          2.0G       1.2G       733M       1.4M        38M       290M
-/+ buffers/cache:       938M       1.0G
Swap:         8.0G         0B       8.0G

             total       used       free     shared    buffers     cached
Mem:          2.0G       1.3G       719M       1.4M        38M       290M
-/+ buffers/cache:       952M       1.0G
Swap:         8.0G         0B       8.0G

             total       used       free     shared    buffers     cached
Mem:          2.0G       1.3G       705M       1.4M        38M       290M
-/+ buffers/cache:       966M       1.0G
Swap:         8.0G         0B       8.0G

             total       used       free     shared    buffers     cached
Mem:          2.0G       1.3G       691M       1.4M        38M       290M
-/+ buffers/cache:       980M       1.0G
Swap:         8.0G         0B       8.0G

             total       used       free     shared    buffers     cached
Mem:          2.0G       1.3G       676M       1.4M        38M       290M
-/+ buffers/cache:       995M       1.0G
Swap:         8.0G         0B       8.0G

             total       used       free     shared    buffers     cached
Mem:          2.0G       1.3G       662M       1.4M        38M       290M
-/+ buffers/cache:       1.0G       991M
Swap:         8.0G         0B       8.0G

             total       used       free     shared    buffers     cached
Mem:          2.0G       1.3G       649M       1.4M        38M       290M
-/+ buffers/cache:       1.0G       977M
Swap:         8.0G         0B       8.0G

             total       used       free     shared    buffers     cached
Mem:          2.0G       1.3G       635M       1.4M        38M       290M
-/+ buffers/cache:       1.0G       964M
Swap:         8.0G         0B       8.0G

             total       used       free     shared    buffers     cached
Mem:          2.0G       1.3G       621M       1.4M        38M       290M
-/+ buffers/cache:       1.0G       950M
Swap:         8.0G         0B       8.0G

             total       used       free     shared    buffers     cached
Mem:          2.0G       1.4G       607M       1.4M        38M       290M
-/+ buffers/cache:       1.0G       936M
Swap:         8.0G         0B       8.0G

             total       used       free     shared    buffers     cached
Mem:          2.0G       1.4G       593M       1.4M        38M       290M
-/+ buffers/cache:       1.1G       921M
Swap:         8.0G         0B       8.0G

             total       used       free     shared    buffers     cached
Mem:          2.0G       1.4G       578M       1.4M        38M       290M
-/+ buffers/cache:       1.1G       906M
Swap:         8.0G         0B       8.0G

             total       used       free     shared    buffers     cached
Mem:          2.0G       1.4G       564M       1.4M        38M       290M
-/+ buffers/cache:       1.1G       893M
Swap:         8.0G         0B       8.0G

             total       used       free     shared    buffers     cached
Mem:          2.0G       1.4G       550M       1.4M        38M       290M
-/+ buffers/cache:       1.1G       879M
Swap:         8.0G         0B       8.0G

             total       used       free     shared    buffers     cached
Mem:          2.0G       1.4G       536M       1.4M        38M       290M
-/+ buffers/cache:       1.1G       865M
Swap:         8.0G         0B       8.0G

             total       used       free     shared    buffers     cached
Mem:          2.0G       1.4G       521M       1.4M        38M       290M
-/+ buffers/cache:       1.1G       850M
Swap:         8.0G         0B       8.0G

             total       used       free     shared    buffers     cached
Mem:          2.0G       1.5G       506M       1.4M        38M       290M
-/+ buffers/cache:       1.1G       834M
Swap:         8.0G         0B       8.0G

             total       used       free     shared    buffers     cached
Mem:          2.0G       1.5G       492M       1.4M        38M       290M
-/+ buffers/cache:       1.2G       820M
Swap:         8.0G         0B       8.0G

             total       used       free     shared    buffers     cached
Mem:          2.0G       1.5G       476M       1.4M        38M       290M
-/+ buffers/cache:       1.2G       805M
Swap:         8.0G         0B       8.0G

             total       used       free     shared    buffers     cached
Mem:          2.0G       1.5G       461M       1.4M        38M       290M
-/+ buffers/cache:       1.2G       790M
Swap:         8.0G         0B       8.0G

             total       used       free     shared    buffers     cached
Mem:          2.0G       1.5G       446M       1.4M        38M       290M
-/+ buffers/cache:       1.2G       775M
Swap:         8.0G         0B       8.0G

             total       used       free     shared    buffers     cached
Mem:          2.0G       1.5G       433M       1.4M        38M       290M
-/+ buffers/cache:       1.2G       762M
Swap:         8.0G         0B       8.0G

             total       used       free     shared    buffers     cached
Mem:          2.0G       1.5G       430M       1.4M        38M       290M
-/+ buffers/cache:       1.2G       759M
Swap:         8.0G         0B       8.0G

             total       used       free     shared    buffers     cached
Mem:          2.0G       1.5G       414M       1.4M        38M       290M
-/+ buffers/cache:       1.2G       743M
Swap:         8.0G         0B       8.0G

             total       used       free     shared    buffers     cached
Mem:          2.0G       1.6G       398M       1.4M        38M       290M
-/+ buffers/cache:       1.2G       727M
Swap:         8.0G         0B       8.0G

             total       used       free     shared    buffers     cached
Mem:          2.0G       1.6G       385M       1.4M        38M       290M
-/+ buffers/cache:       1.3G       713M
Swap:         8.0G         0B       8.0G

             total       used       free     shared    buffers     cached
Mem:          2.0G       1.6G       369M       1.4M        38M       290M
-/+ buffers/cache:       1.3G       698M
Swap:         8.0G         0B       8.0G

             total       used       free     shared    buffers     cached
Mem:          2.0G       1.6G       354M       1.4M        38M       290M
-/+ buffers/cache:       1.3G       683M
Swap:         8.0G         0B       8.0G

             total       used       free     shared    buffers     cached
Mem:          2.0G       1.6G       339M       1.4M        38M       290M
-/+ buffers/cache:       1.3G       668M
Swap:         8.0G         0B       8.0G

             total       used       free     shared    buffers     cached
Mem:          2.0G       1.6G       324M       1.4M        38M       290M
-/+ buffers/cache:       1.3G       653M
Swap:         8.0G         0B       8.0G

             total       used       free     shared    buffers     cached
Mem:          2.0G       1.7G       309M       1.4M        38M       290M
-/+ buffers/cache:       1.3G       638M
Swap:         8.0G         0B       8.0G

             total       used       free     shared    buffers     cached
Mem:          2.0G       1.7G       294M       1.4M        38M       290M
-/+ buffers/cache:       1.3G       623M
Swap:         8.0G         0B       8.0G

             total       used       free     shared    buffers     cached
Mem:          2.0G       1.7G       278M       1.4M        38M       290M
-/+ buffers/cache:       1.4G       607M
Swap:         8.0G         0B       8.0G

             total       used       free     shared    buffers     cached
Mem:          2.0G       1.7G       263M       1.4M        38M       290M
-/+ buffers/cache:       1.4G       592M
Swap:         8.0G         0B       8.0G

             total       used       free     shared    buffers     cached
Mem:          2.0G       1.7G       248M       1.4M        38M       290M
-/+ buffers/cache:       1.4G       577M
Swap:         8.0G         0B       8.0G

             total       used       free     shared    buffers     cached
Mem:          2.0G       1.7G       234M       1.4M        38M       290M
-/+ buffers/cache:       1.4G       563M
Swap:         8.0G         0B       8.0G

             total       used       free     shared    buffers     cached
Mem:          2.0G       1.7G       219M       1.4M        38M       290M
-/+ buffers/cache:       1.4G       548M
Swap:         8.0G         0B       8.0G

             total       used       free     shared    buffers     cached
Mem:          2.0G       1.8G       203M       1.4M        38M       290M
-/+ buffers/cache:       1.4G       532M
Swap:         8.0G         0B       8.0G

             total       used       free     shared    buffers     cached
Mem:          2.0G       1.8G       188M       1.4M        38M       290M
-/+ buffers/cache:       1.4G       517M
Swap:         8.0G         0B       8.0G

             total       used       free     shared    buffers     cached
Mem:          2.0G       1.8G       174M       1.4M        38M       290M
-/+ buffers/cache:       1.5G       503M
Swap:         8.0G         0B       8.0G

             total       used       free     shared    buffers     cached
Mem:          2.0G       1.8G       158M       1.4M        38M       290M
-/+ buffers/cache:       1.5G       487M
Swap:         8.0G         0B       8.0G

             total       used       free     shared    buffers     cached
Mem:          2.0G       1.8G       143M       1.4M        38M       290M
-/+ buffers/cache:       1.5G       472M
Swap:         8.0G         0B       8.0G

             total       used       free     shared    buffers     cached
Mem:          2.0G       1.8G       128M       1.4M        38M       290M
-/+ buffers/cache:       1.5G       457M
Swap:         8.0G         0B       8.0G

             total       used       free     shared    buffers     cached
Mem:          2.0G       1.8G       113M       1.4M        38M       290M
-/+ buffers/cache:       1.5G       442M
Swap:         8.0G         0B       8.0G

             total       used       free     shared    buffers     cached
Mem:          2.0G       1.9G        97M       1.4M        38M       290M
-/+ buffers/cache:       1.5G       426M
Swap:         8.0G         0B       8.0G

             total       used       free     shared    buffers     cached
Mem:          2.0G       1.9G        83M       1.4M        38M       290M
-/+ buffers/cache:       1.6G       412M
Swap:         8.0G         0B       8.0G

             total       used       free     shared    buffers     cached
Mem:          2.0G       1.9G        67M       1.4M        38M       290M
-/+ buffers/cache:       1.6G       396M
Swap:         8.0G         0B       8.0G

             total       used       free     shared    buffers     cached
Mem:          2.0G       1.9G        71M       1.4M        21M       288M
-/+ buffers/cache:       1.6G       381M
Swap:         8.0G         0B       8.0G

             total       used       free     shared    buffers     cached
Mem:          2.0G       1.9G        71M       1.4M        10M       285M
-/+ buffers/cache:       1.6G       367M
Swap:         8.0G         0B       8.0G

             total       used       free     shared    buffers     cached
Mem:          2.0G       1.9G        75M       1.4M        10M       267M
-/+ buffers/cache:       1.6G       353M
Swap:         8.0G        80K       8.0G

             total       used       free     shared    buffers     cached
Mem:          2.0G       1.9G        80M       1.2M       9.8M       248M
-/+ buffers/cache:       1.6G       338M
Swap:         8.0G       696K       8.0G

             total       used       free     shared    buffers     cached
Mem:          2.0G       1.9G        65M       1.3M       9.8M       248M
-/+ buffers/cache:       1.6G       323M
Swap:         8.0G       696K       8.0G

             total       used       free     shared    buffers     cached
Mem:          2.0G       1.9G        67M       1.2M       9.8M       233M
-/+ buffers/cache:       1.6G       310M
Swap:         8.0G       6.3M       8.0G

             total       used       free     shared    buffers     cached
Mem:          2.0G       1.9G        82M       1.1M       9.8M       209M
-/+ buffers/cache:       1.7G       301M
Swap:         8.0G        11M       8.0G

             total       used       free     shared    buffers     cached
Mem:          2.0G       1.9G        68M       1.1M       9.8M       209M
-/+ buffers/cache:       1.7G       287M
Swap:         8.0G        11M       8.0G

             total       used       free     shared    buffers     cached
Mem:          2.0G       1.9G        66M       1.1M       3.1M       203M
-/+ buffers/cache:       1.7G       273M
Swap:         8.0G        11M       8.0G

             total       used       free     shared    buffers     cached
Mem:          2.0G       1.9G        76M       1.1M       744K       181M
-/+ buffers/cache:       1.7G       258M
Swap:         8.0G        11M       8.0G

             total       used       free     shared    buffers     cached
Mem:          2.0G       1.9G        65M       1.1M       464K       177M
-/+ buffers/cache:       1.7G       244M
Swap:         8.0G        11M       8.0G

             total       used       free     shared    buffers     cached
Mem:          2.0G       1.9G        72M       1.1M       332K       156M
-/+ buffers/cache:       1.7G       229M
Swap:         8.0G        11M       8.0G

             total       used       free     shared    buffers     cached
Mem:          2.0G       1.9G        77M       1.1M       336K       138M
-/+ buffers/cache:       1.7G       215M
Swap:         8.0G        11M       8.0G

             total       used       free     shared    buffers     cached
Mem:          2.0G       1.9G        78M       1.1M        76K       122M
-/+ buffers/cache:       1.8G       201M
Swap:         8.0G        11M       8.0G

             total       used       free     shared    buffers     cached
Mem:          2.0G       1.9G        64M       1.1M        88K       122M
-/+ buffers/cache:       1.8G       187M
Swap:         8.0G        11M       8.0G

             total       used       free     shared    buffers     cached
Mem:          2.0G       1.9G        65M       1.1M        88K       108M
-/+ buffers/cache:       1.8G       173M
Swap:         8.0G        11M       8.0G

             total       used       free     shared    buffers     cached
Mem:          2.0G       1.9G        65M       1.1M        96K        95M
-/+ buffers/cache:       1.8G       160M
Swap:         8.0G        11M       8.0G

             total       used       free     shared    buffers     cached
Mem:          2.0G       1.9G        72M       1.1M       100K        74M
-/+ buffers/cache:       1.8G       146M
Swap:         8.0G        11M       8.0G

             total       used       free     shared    buffers     cached
Mem:          2.0G       1.9G        75M       1.1M       100K        57M
-/+ buffers/cache:       1.8G       133M
Swap:         8.0G        11M       8.0G

             total       used       free     shared    buffers     cached
Mem:          2.0G       1.9G        75M       1.1M       100K        44M
-/+ buffers/cache:       1.8G       120M
Swap:         8.0G        11M       8.0G

             total       used       free     shared    buffers     cached
Mem:          2.0G       1.9G        78M       1.1M       232K        26M
-/+ buffers/cache:       1.9G       105M
Swap:         8.0G        11M       8.0G

             total       used       free     shared    buffers     cached
Mem:          2.0G       1.9G        75M       1.1M       512K        14M
-/+ buffers/cache:       1.9G        90M
Swap:         8.0G        11M       8.0G

             total       used       free     shared    buffers     cached
Mem:          2.0G       1.9G        75M       1.0M       424K       3.0M
-/+ buffers/cache:       1.9G        79M
Swap:         8.0G        12M       8.0G

             total       used       free     shared    buffers     cached
Mem:          2.0G       1.9G        70M       988K       460K       2.9M
-/+ buffers/cache:       1.9G        74M
Swap:         8.0G        21M       8.0G

             total       used       free     shared    buffers     cached
Mem:          2.0G       1.9G        92M       656K       464K       2.6M
-/+ buffers/cache:       1.9G        95M
Swap:         8.0G        93M       7.9G

             total       used       free     shared    buffers     cached
Mem:          2.0G       1.9G        78M       644K       464K       2.6M
-/+ buffers/cache:       1.9G        81M
Swap:         8.0G        93M       7.9G

             total       used       free     shared    buffers     cached
Mem:          2.0G       1.9G        80M       644K       420K       2.7M
-/+ buffers/cache:       1.9G        83M
Swap:         8.0G        93M       7.9G

             total       used       free     shared    buffers     cached
Mem:          2.0G       1.9G        66M       644K       420K       2.7M
-/+ buffers/cache:       1.9G        69M
Swap:         8.0G        93M       7.9G

             total       used       free     shared    buffers     cached
Mem:          2.0G       1.9G        65M       644K       420K       2.7M
-/+ buffers/cache:       1.9G        68M
Swap:         8.0G        93M       7.9G

             total       used       free     shared    buffers     cached
Mem:          2.0G       1.9G        69M       636K       416K       2.4M
-/+ buffers/cache:       1.9G        72M
Swap:         8.0G       145M       7.9G

             total       used       free     shared    buffers     cached
Mem:          2.0G       1.9G        67M       636K       416K       2.4M
-/+ buffers/cache:       1.9G        70M
Swap:         8.0G       145M       7.9G

             total       used       free     shared    buffers     cached
Mem:          2.0G       1.9G        67M       636K       416K       2.4M
-/+ buffers/cache:       1.9G        69M
Swap:         8.0G       145M       7.9G

             total       used       free     shared    buffers     cached
Mem:          2.0G       1.9G        67M       636K       424K       2.4M
-/+ buffers/cache:       1.9G        70M
Swap:         8.0G       148M       7.9G

             total       used       free     shared    buffers     cached
Mem:          2.0G       1.9G        68M       556K       424K       2.2M
-/+ buffers/cache:       1.9G        70M
Swap:         8.0G       184M       7.8G

             total       used       free     shared    buffers     cached
Mem:          2.0G       1.9G        69M       556K       424K       2.2M
-/+ buffers/cache:       1.9G        71M
Swap:         8.0G       184M       7.8G

             total       used       free     shared    buffers     cached
Mem:          2.0G       1.9G        74M       556K       424K       2.2M
-/+ buffers/cache:       1.9G        77M
Swap:         8.0G       200M       7.8G

             total       used       free     shared    buffers     cached
Mem:          2.0G       1.9G        72M       556K       424K       2.3M
-/+ buffers/cache:       1.9G        75M
Swap:         8.0G       206M       7.8G

             total       used       free     shared    buffers     cached
Mem:          2.0G       1.9G        66M       556K       432K       2.3M
-/+ buffers/cache:       1.9G        68M
Swap:         8.0G       206M       7.8G

             total       used       free     shared    buffers     cached
Mem:          2.0G       1.9G        77M       528K       432K       2.3M
-/+ buffers/cache:       1.9G        80M
Swap:         8.0G       243M       7.8G

             total       used       free     shared    buffers     cached
Mem:          2.0G       1.9G        76M       528K       432K       2.3M
-/+ buffers/cache:       1.9G        79M
Swap:         8.0G       243M       7.8G

             total       used       free     shared    buffers     cached
Mem:          2.0G       1.9G        74M       528K        76K       1.9M
-/+ buffers/cache:       1.9G        76M
Swap:         8.0G       243M       7.8G

             total       used       free     shared    buffers     cached
Mem:          2.0G       1.9G        78M       528K        76K       6.7M
-/+ buffers/cache:       1.9G        84M
Swap:         8.0G       268M       7.7G

             total       used       free     shared    buffers     cached
Mem:          2.0G       1.9G        69M       528K       216K       6.7M
-/+ buffers/cache:       1.9G        76M
Swap:         8.0G       268M       7.7G

             total       used       free     shared    buffers     cached
Mem:          2.0G       1.9G        76M       528K       216K       6.4M
-/+ buffers/cache:       1.9G        83M
Swap:         8.0G       294M       7.7G

             total       used       free     shared    buffers     cached
Mem:          2.0G       1.9G        72M       528K       220K       6.5M
-/+ buffers/cache:       1.9G        79M
Swap:         8.0G       293M       7.7G

             total       used       free     shared    buffers     cached
Mem:          2.0G       1.9G        72M       528K       220K       6.5M
-/+ buffers/cache:       1.9G        78M
Swap:         8.0G       293M       7.7G

             total       used       free     shared    buffers     cached
Mem:          2.0G       1.9G        71M       528K       220K       6.6M
-/+ buffers/cache:       1.9G        78M
Swap:         8.0G       293M       7.7G

             total       used       free     shared    buffers     cached
Mem:          2.0G       1.9G        70M       528K       220K       6.6M
-/+ buffers/cache:       1.9G        77M
Swap:         8.0G       292M       7.7G

             total       used       free     shared    buffers     cached
Mem:          2.0G       1.9G        69M       528K       228K       6.6M
-/+ buffers/cache:       1.9G        76M
Swap:         8.0G       292M       7.7G

             total       used       free     shared    buffers     cached
Mem:          2.0G       1.9G        69M       528K       228K       6.6M
-/+ buffers/cache:       1.9G        76M
Swap:         8.0G       291M       7.7G

             total       used       free     shared    buffers     cached
Mem:          2.0G       1.9G        68M       528K       228K       6.6M
-/+ buffers/cache:       1.9G        75M
Swap:         8.0G       291M       7.7G

             total       used       free     shared    buffers     cached
Mem:          2.0G       1.9G        67M       528K       228K       6.6M
-/+ buffers/cache:       1.9G        74M
Swap:         8.0G       291M       7.7G

             total       used       free     shared    buffers     cached
Mem:          2.0G       1.9G        67M       528K       228K       6.6M
-/+ buffers/cache:       1.9G        74M
Swap:         8.0G       290M       7.7G

             total       used       free     shared    buffers     cached
Mem:          2.0G       1.9G        66M       528K       252K       6.6M
-/+ buffers/cache:       1.9G        73M
Swap:         8.0G       290M       7.7G

             total       used       free     shared    buffers     cached
Mem:          2.0G       1.9G        66M       528K       256K       6.6M
-/+ buffers/cache:       1.9G        73M
Swap:         8.0G       290M       7.7G

             total       used       free     shared    buffers     cached
Mem:          2.0G       1.9G        75M       532K       416K        26M
-/+ buffers/cache:       1.9G       102M
Swap:         8.0G       329M       7.7G

             total       used       free     shared    buffers     cached
Mem:          2.0G       1.9G        75M       532K       228K        24M
-/+ buffers/cache:       1.9G       101M
Swap:         8.0G       322M       7.7G

             total       used       free     shared    buffers     cached
Mem:          2.0G       1.9G        75M       532K       228K        25M
-/+ buffers/cache:       1.9G       101M
Swap:         8.0G       322M       7.7G

             total       used       free     shared    buffers     cached
Mem:          2.0G       1.9G        74M       532K       228K        26M
-/+ buffers/cache:       1.9G       100M
Swap:         8.0G       322M       7.7G

             total       used       free     shared    buffers     cached
Mem:          2.0G       1.9G        78M       532K       536K        30M
-/+ buffers/cache:       1.8G       109M
Swap:         8.0G       339M       7.7G

             total       used       free     shared    buffers     cached
Mem:          2.0G       1.9G        72M       536K       2.3M        33M
-/+ buffers/cache:       1.8G       108M
Swap:         8.0G       338M       7.7G

             total       used       free     shared    buffers     cached
Mem:          2.0G       1.9G        71M       536K       2.3M        33M
-/+ buffers/cache:       1.8G       107M
Swap:         8.0G       338M       7.7G

             total       used       free     shared    buffers     cached
Mem:          2.0G       1.9G        71M       536K       2.3M        33M
-/+ buffers/cache:       1.8G       106M
Swap:         8.0G       338M       7.7G

             total       used       free     shared    buffers     cached
Mem:          2.0G       1.9G        70M       536K       2.3M        33M
-/+ buffers/cache:       1.8G       106M
Swap:         8.0G       337M       7.7G

             total       used       free     shared    buffers     cached
Mem:          2.0G       1.9G        69M       536K       2.3M        33M
-/+ buffers/cache:       1.9G       105M
Swap:         8.0G       337M       7.7G

             total       used       free     shared    buffers     cached
Mem:          2.0G       1.9G        68M       536K       2.3M        33M
-/+ buffers/cache:       1.9G       104M
Swap:         8.0G       336M       7.7G

             total       used       free     shared    buffers     cached
Mem:          2.0G       1.9G        68M       536K       2.3M        33M
-/+ buffers/cache:       1.9G       104M
Swap:         8.0G       336M       7.7G

             total       used       free     shared    buffers     cached
Mem:          2.0G       1.9G        67M       536K       2.3M        33M
-/+ buffers/cache:       1.9G       103M
Swap:         8.0G       336M       7.7G

             total       used       free     shared    buffers     cached
Mem:          2.0G       1.9G        66M       536K       2.3M        33M
-/+ buffers/cache:       1.9G       102M
Swap:         8.0G       335M       7.7G

             total       used       free     shared    buffers     cached
Mem:          2.0G       1.9G        65M       536K       2.3M        33M
-/+ buffers/cache:       1.9G       101M
Swap:         8.0G       335M       7.7G

             total       used       free     shared    buffers     cached
Mem:          2.0G       1.9G        65M       536K       2.3M        33M
-/+ buffers/cache:       1.9G       101M
Swap:         8.0G       334M       7.7G

             total       used       free     shared    buffers     cached
Mem:          2.0G       1.9G        78M       536K       2.3M        33M
-/+ buffers/cache:       1.8G       113M
Swap:         8.0G       335M       7.7G

             total       used       free     shared    buffers     cached
Mem:          2.0G       1.9G        77M       536K       2.3M        33M
-/+ buffers/cache:       1.8G       113M
Swap:         8.0G       334M       7.7G

             total       used       free     shared    buffers     cached
Mem:          2.0G       1.9G        76M       536K       2.3M        33M
-/+ buffers/cache:       1.8G       112M
Swap:         8.0G       334M       7.7G

             total       used       free     shared    buffers     cached
Mem:          2.0G       1.9G        75M       536K       2.3M        33M
-/+ buffers/cache:       1.8G       111M
Swap:         8.0G       333M       7.7G

             total       used       free     shared    buffers     cached
Mem:          2.0G       1.9G        74M       536K       2.3M        33M
-/+ buffers/cache:       1.8G       110M
Swap:         8.0G       333M       7.7G

             total       used       free     shared    buffers     cached
Mem:          2.0G       1.9G        74M       536K       2.3M        33M
-/+ buffers/cache:       1.8G       109M
Swap:         8.0G       333M       7.7G

             total       used       free     shared    buffers     cached
Mem:          2.0G       1.9G        73M       536K       2.3M        33M
-/+ buffers/cache:       1.8G       109M
Swap:         8.0G       332M       7.7G

             total       used       free     shared    buffers     cached
Mem:          2.0G       1.9G        72M       536K       2.3M        33M
-/+ buffers/cache:       1.8G       108M
Swap:         8.0G       332M       7.7G

             total       used       free     shared    buffers     cached
Mem:          2.0G       1.9G        72M       536K       2.3M        33M
-/+ buffers/cache:       1.8G       107M
Swap:         8.0G       331M       7.7G

             total       used       free     shared    buffers     cached
Mem:          2.0G       1.9G        71M       536K       2.3M        33M
-/+ buffers/cache:       1.8G       106M
Swap:         8.0G       331M       7.7G

             total       used       free     shared    buffers     cached
Mem:          2.0G       1.9G        70M       536K       2.3M        33M
-/+ buffers/cache:       1.8G       106M
Swap:         8.0G       331M       7.7G

             total       used       free     shared    buffers     cached
Mem:          2.0G       1.9G        69M       536K       2.3M        33M
-/+ buffers/cache:       1.9G       105M
Swap:         8.0G       330M       7.7G

             total       used       free     shared    buffers     cached
Mem:          2.0G       1.9G        68M       536K       2.3M        33M
-/+ buffers/cache:       1.9G       104M
Swap:         8.0G       330M       7.7G

             total       used       free     shared    buffers     cached
Mem:          2.0G       1.9G        68M       536K       2.3M        33M
-/+ buffers/cache:       1.9G       103M
Swap:         8.0G       329M       7.7G

             total       used       free     shared    buffers     cached
Mem:          2.0G       1.9G        67M       536K       2.3M        33M
-/+ buffers/cache:       1.9G       102M
Swap:         8.0G       329M       7.7G

             total       used       free     shared    buffers     cached
Mem:          2.0G       1.9G        66M       536K       2.3M        33M
-/+ buffers/cache:       1.9G       102M
Swap:         8.0G       328M       7.7G

             total       used       free     shared    buffers     cached
Mem:          2.0G       1.9G        66M       536K       2.3M        33M
-/+ buffers/cache:       1.9G       101M
Swap:         8.0G       328M       7.7G

             total       used       free     shared    buffers     cached
Mem:          2.0G       1.9G        65M       536K       2.3M        33M
-/+ buffers/cache:       1.9G       100M
Swap:         8.0G       328M       7.7G

             total       used       free     shared    buffers     cached
Mem:          2.0G       1.9G        81M       536K       2.3M        31M
-/+ buffers/cache:       1.8G       115M
Swap:         8.0G       357M       7.6G

             total       used       free     shared    buffers     cached
Mem:          2.0G       1.9G        81M       536K       2.3M        31M
-/+ buffers/cache:       1.8G       115M
Swap:         8.0G       357M       7.6G

             total       used       free     shared    buffers     cached
Mem:          2.0G       1.9G        80M       536K       2.3M        31M
-/+ buffers/cache:       1.8G       114M
Swap:         8.0G       356M       7.6G

             total       used       free     shared    buffers     cached
Mem:          2.0G       1.9G        79M       536K       2.3M        31M
-/+ buffers/cache:       1.8G       113M
Swap:         8.0G       356M       7.6G

             total       used       free     shared    buffers     cached
Mem:          2.0G       1.9G        78M       536K       2.3M        31M
-/+ buffers/cache:       1.8G       112M
Swap:         8.0G       355M       7.6G

             total       used       free     shared    buffers     cached
Mem:          2.0G       1.9G        77M       536K       2.3M        31M
-/+ buffers/cache:       1.8G       111M
Swap:         8.0G       355M       7.7G

             total       used       free     shared    buffers     cached
Mem:          2.0G       1.9G        77M       536K       2.3M        31M
-/+ buffers/cache:       1.8G       110M
Swap:         8.0G       354M       7.7G

             total       used       free     shared    buffers     cached
Mem:          2.0G       1.9G        76M       536K       2.3M        31M
-/+ buffers/cache:       1.8G       110M
Swap:         8.0G       354M       7.7G

             total       used       free     shared    buffers     cached
Mem:          2.0G       1.9G        75M       536K       2.3M        31M
-/+ buffers/cache:       1.8G       109M
Swap:         8.0G       353M       7.7G

             total       used       free     shared    buffers     cached
Mem:          2.0G       1.9G        74M       536K       2.3M        31M
-/+ buffers/cache:       1.8G       108M
Swap:         8.0G       353M       7.7G

             total       used       free     shared    buffers     cached
Mem:          2.0G       1.9G        73M       536K       2.3M        31M
-/+ buffers/cache:       1.8G       107M
Swap:         8.0G       352M       7.7G

             total       used       free     shared    buffers     cached
Mem:          2.0G       1.9G        73M       536K       2.3M        31M
-/+ buffers/cache:       1.8G       106M
Swap:         8.0G       351M       7.7G

             total       used       free     shared    buffers     cached
Mem:          2.0G       1.9G        72M       536K       2.3M        31M
-/+ buffers/cache:       1.8G       106M
Swap:         8.0G       351M       7.7G

             total       used       free     shared    buffers     cached
Mem:          2.0G       1.9G        71M       536K       2.3M        31M
-/+ buffers/cache:       1.9G       105M
Swap:         8.0G       350M       7.7G

             total       used       free     shared    buffers     cached
Mem:          2.0G       1.9G        70M       536K       2.3M        31M
-/+ buffers/cache:       1.9G       104M
Swap:         8.0G       350M       7.7G

             total       used       free     shared    buffers     cached
Mem:          2.0G       1.9G        69M       536K       2.3M        31M
-/+ buffers/cache:       1.9G       103M
Swap:         8.0G       349M       7.7G

             total       used       free     shared    buffers     cached
Mem:          2.0G       1.9G        68M       536K       2.3M        31M
-/+ buffers/cache:       1.9G       102M
Swap:         8.0G       349M       7.7G

             total       used       free     shared    buffers     cached
Mem:          2.0G       1.9G        68M       536K       2.3M        31M
-/+ buffers/cache:       1.9G       101M
Swap:         8.0G       348M       7.7G

             total       used       free     shared    buffers     cached
Mem:          2.0G       1.9G        67M       536K       2.3M        31M
-/+ buffers/cache:       1.9G       101M
Swap:         8.0G       348M       7.7G

             total       used       free     shared    buffers     cached
Mem:          2.0G       1.9G        66M       536K       2.3M        31M
-/+ buffers/cache:       1.9G       100M
Swap:         8.0G       347M       7.7G

             total       used       free     shared    buffers     cached
Mem:          2.0G       1.9G        65M       536K       2.3M        31M
-/+ buffers/cache:       1.9G        99M
Swap:         8.0G       347M       7.7G

             total       used       free     shared    buffers     cached
Mem:          2.0G       1.9G        65M       536K       2.3M        31M
-/+ buffers/cache:       1.9G        98M
Swap:         8.0G       346M       7.7G

             total       used       free     shared    buffers     cached
Mem:          2.0G       1.9G        76M       536K       2.3M        31M
-/+ buffers/cache:       1.8G       110M
Swap:         8.0G       348M       7.7G

             total       used       free     shared    buffers     cached
Mem:          2.0G       1.9G        75M       536K       2.3M        31M
-/+ buffers/cache:       1.8G       109M
Swap:         8.0G       347M       7.7G

             total       used       free     shared    buffers     cached
Mem:          2.0G       1.9G        74M       536K       2.3M        31M
-/+ buffers/cache:       1.8G       108M
Swap:         8.0G       347M       7.7G

             total       used       free     shared    buffers     cached
Mem:          2.0G       1.9G        73M       536K       2.3M        31M
-/+ buffers/cache:       1.8G       107M
Swap:         8.0G       346M       7.7G

             total       used       free     shared    buffers     cached
Mem:          2.0G       1.9G        71M       540K       2.3M        32M
-/+ buffers/cache:       1.8G       106M
Swap:         8.0G       346M       7.7G

             total       used       free     shared    buffers     cached
Mem:          2.0G       1.9G        70M       540K       2.3M        32M
-/+ buffers/cache:       1.9G       105M
Swap:         8.0G       345M       7.7G

             total       used       free     shared    buffers     cached
Mem:          2.0G       1.9G        79M       540K       2.3M        31M
-/+ buffers/cache:       1.8G       113M
Swap:         8.0G       365M       7.6G

             total       used       free     shared    buffers     cached
Mem:          2.0G       1.9G        79M       540K       2.3M        31M
-/+ buffers/cache:       1.8G       112M
Swap:         8.0G       365M       7.6G

             total       used       free     shared    buffers     cached
Mem:          2.0G       1.9G        71M       540K       2.3M        34M
-/+ buffers/cache:       1.8G       108M
Swap:         8.0G       362M       7.6G

             total       used       free     shared    buffers     cached
Mem:          2.0G       1.9G        71M       540K       2.3M        34M
-/+ buffers/cache:       1.8G       107M
Swap:         8.0G       362M       7.6G

             total       used       free     shared    buffers     cached
Mem:          2.0G       1.9G        71M       540K       2.3M        34M
-/+ buffers/cache:       1.8G       107M
Swap:         8.0G       361M       7.6G

             total       used       free     shared    buffers     cached
Mem:          2.0G       1.9G        70M       540K       2.3M        34M
-/+ buffers/cache:       1.8G       106M
Swap:         8.0G       361M       7.6G

             total       used       free     shared    buffers     cached
Mem:          2.0G       1.9G        69M       540K       2.3M        34M
-/+ buffers/cache:       1.8G       106M
Swap:         8.0G       361M       7.6G

             total       used       free     shared    buffers     cached
Mem:          2.0G       1.9G        69M       540K       2.3M        34M
-/+ buffers/cache:       1.9G       105M
Swap:         8.0G       360M       7.6G

             total       used       free     shared    buffers     cached
Mem:          2.0G       1.9G        68M       540K       2.3M        34M
-/+ buffers/cache:       1.9G       105M
Swap:         8.0G       360M       7.6G

             total       used       free     shared    buffers     cached
Mem:          2.0G       1.9G        68M       540K       2.3M        34M
-/+ buffers/cache:       1.9G       104M
Swap:         8.0G       360M       7.6G

             total       used       free     shared    buffers     cached
Mem:          2.0G       1.9G        67M       540K       2.3M        34M
-/+ buffers/cache:       1.9G       104M
Swap:         8.0G       359M       7.6G

             total       used       free     shared    buffers     cached
Mem:          2.0G       1.9G        67M       540K       2.3M        34M
-/+ buffers/cache:       1.9G       103M
Swap:         8.0G       359M       7.6G

             total       used       free     shared    buffers     cached
Mem:          2.0G       1.9G        76M       600K       2.2M        37M
-/+ buffers/cache:       1.8G       116M
Swap:         8.0G       367M       7.6G

             total       used       free     shared    buffers     cached
Mem:          2.0G       1.9G        71M       4.3M       3.9M        53M
-/+ buffers/cache:       1.8G       129M
Swap:         8.0G       396M       7.6G

             total       used       free     shared    buffers     cached
Mem:          2.0G       1.9G        78M       4.3M       4.8M        63M
-/+ buffers/cache:       1.8G       146M
Swap:         8.0G       415M       7.6G

             total       used       free     shared    buffers     cached
Mem:          2.0G       1.9G        93M       612K       4.4M        57M
-/+ buffers/cache:       1.8G       155M
Swap:         8.0G       443M       7.6G

             total       used       free     shared    buffers     cached
Mem:          2.0G       1.9G        92M       612K       4.4M        57M
-/+ buffers/cache:       1.8G       154M
Swap:         8.0G       442M       7.6G

             total       used       free     shared    buffers     cached
Mem:          2.0G       1.9G        91M       612K       4.4M        57M
-/+ buffers/cache:       1.8G       153M
Swap:         8.0G       442M       7.6G

             total       used       free     shared    buffers     cached
Mem:          2.0G       1.9G        90M       612K       4.4M        57M
-/+ buffers/cache:       1.8G       152M
Swap:         8.0G       441M       7.6G

             total       used       free     shared    buffers     cached
Mem:          2.0G       1.9G        89M       612K       4.4M        57M
-/+ buffers/cache:       1.8G       151M
Swap:         8.0G       441M       7.6G

             total       used       free     shared    buffers     cached
Mem:          2.0G       1.9G        87M       612K       4.5M        58M
-/+ buffers/cache:       1.8G       150M
Swap:         8.0G       440M       7.6G

             total       used       free     shared    buffers     cached
Mem:          2.0G       1.9G        86M       612K       4.5M        58M
-/+ buffers/cache:       1.8G       149M
Swap:         8.0G       439M       7.6G

             total       used       free     shared    buffers     cached
Mem:          2.0G       1.9G        85M       612K       4.5M        58M
-/+ buffers/cache:       1.8G       148M
Swap:         8.0G       439M       7.6G

             total       used       free     shared    buffers     cached
Mem:          2.0G       1.9G        83M       612K       4.5M        58M
-/+ buffers/cache:       1.8G       146M
Swap:         8.0G       438M       7.6G

             total       used       free     shared    buffers     cached
Mem:          2.0G       1.9G        82M       612K       4.5M        58M
-/+ buffers/cache:       1.8G       145M
Swap:         8.0G       438M       7.6G

             total       used       free     shared    buffers     cached
Mem:          2.0G       1.9G        81M       612K       4.6M        58M
-/+ buffers/cache:       1.8G       144M
Swap:         8.0G       437M       7.6G

             total       used       free     shared    buffers     cached
Mem:          2.0G       1.9G        80M       612K       4.6M        58M
-/+ buffers/cache:       1.8G       143M
Swap:         8.0G       437M       7.6G

             total       used       free     shared    buffers     cached
Mem:          2.0G       1.9G        79M       612K       4.6M        58M
-/+ buffers/cache:       1.8G       142M
Swap:         8.0G       436M       7.6G

             total       used       free     shared    buffers     cached
Mem:          2.0G       1.9G        78M       612K       4.6M        58M
-/+ buffers/cache:       1.8G       141M
Swap:         8.0G       436M       7.6G

             total       used       free     shared    buffers     cached
Mem:          2.0G       1.9G        77M       612K       4.6M        58M
-/+ buffers/cache:       1.8G       140M
Swap:         8.0G       435M       7.6G

             total       used       free     shared    buffers     cached
Mem:          2.0G       1.9G        76M       612K       4.6M        58M
-/+ buffers/cache:       1.8G       139M
Swap:         8.0G       435M       7.6G

             total       used       free     shared    buffers     cached
Mem:          2.0G       1.9G        75M       612K       4.6M        58M
-/+ buffers/cache:       1.8G       138M
Swap:         8.0G       434M       7.6G

             total       used       free     shared    buffers     cached
Mem:          2.0G       1.9G        74M       612K       4.6M        58M
-/+ buffers/cache:       1.8G       137M
Swap:         8.0G       433M       7.6G

             total       used       free     shared    buffers     cached
Mem:          2.0G       1.9G        72M       612K       4.6M        58M
-/+ buffers/cache:       1.8G       135M
Swap:         8.0G       433M       7.6G

             total       used       free     shared    buffers     cached
Mem:          2.0G       1.9G        71M       612K       4.6M        58M
-/+ buffers/cache:       1.8G       135M
Swap:         8.0G       432M       7.6G

             total       used       free     shared    buffers     cached
Mem:          2.0G       1.9G        70M       612K       4.6M        58M
-/+ buffers/cache:       1.8G       133M
Swap:         8.0G       431M       7.6G

             total       used       free     shared    buffers     cached
Mem:          2.0G       1.9G        69M       612K       4.6M        58M
-/+ buffers/cache:       1.8G       132M
Swap:         8.0G       431M       7.6G

             total       used       free     shared    buffers     cached
Mem:          2.0G       1.9G        68M       612K       4.6M        58M
-/+ buffers/cache:       1.8G       131M
Swap:         8.0G       430M       7.6G

             total       used       free     shared    buffers     cached
Mem:          2.0G       1.9G        67M       612K       4.6M        58M
-/+ buffers/cache:       1.8G       130M
Swap:         8.0G       430M       7.6G

             total       used       free     shared    buffers     cached
Mem:          2.0G       1.9G        66M       612K       4.6M        58M
-/+ buffers/cache:       1.8G       129M
Swap:         8.0G       429M       7.6G

             total       used       free     shared    buffers     cached
Mem:          2.0G       1.9G        64M       612K       4.6M        58M
-/+ buffers/cache:       1.8G       128M
Swap:         8.0G       428M       7.6G

             total       used       free     shared    buffers     cached
Mem:          2.0G       1.9G        77M       612K       4.6M        57M
-/+ buffers/cache:       1.8G       139M
Swap:         8.0G       436M       7.6G

             total       used       free     shared    buffers     cached
Mem:          2.0G       1.9G        76M       612K       4.6M        57M
-/+ buffers/cache:       1.8G       138M
Swap:         8.0G       435M       7.6G

             total       used       free     shared    buffers     cached
Mem:          2.0G       1.9G        75M       612K       4.6M        57M
-/+ buffers/cache:       1.8G       137M
Swap:         8.0G       435M       7.6G

             total       used       free     shared    buffers     cached
Mem:          2.0G       1.9G        74M       612K       4.6M        57M
-/+ buffers/cache:       1.8G       136M
Swap:         8.0G       434M       7.6G

             total       used       free     shared    buffers     cached
Mem:          2.0G       1.9G        72M       612K       4.6M        57M
-/+ buffers/cache:       1.8G       135M
Swap:         8.0G       433M       7.6G

             total       used       free     shared    buffers     cached
Mem:          2.0G       1.9G        71M       612K       4.6M        57M
-/+ buffers/cache:       1.8G       133M
Swap:         8.0G       433M       7.6G

             total       used       free     shared    buffers     cached
Mem:          2.0G       1.9G        70M       612K       4.6M        57M
-/+ buffers/cache:       1.8G       132M
Swap:         8.0G       432M       7.6G

             total       used       free     shared    buffers     cached
Mem:          2.0G       1.9G        69M       612K       4.6M        57M
-/+ buffers/cache:       1.8G       131M
Swap:         8.0G       432M       7.6G

             total       used       free     shared    buffers     cached
Mem:          2.0G       1.9G        68M       612K       4.6M        57M
-/+ buffers/cache:       1.8G       130M
Swap:         8.0G       431M       7.6G

             total       used       free     shared    buffers     cached
Mem:          2.0G       1.9G        67M       612K       4.6M        57M
-/+ buffers/cache:       1.8G       129M
Swap:         8.0G       430M       7.6G

             total       used       free     shared    buffers     cached
Mem:          2.0G       1.9G        65M       612K       4.6M        57M
-/+ buffers/cache:       1.8G       127M
Swap:         8.0G       430M       7.6G

             total       used       free     shared    buffers     cached
Mem:          2.0G       1.9G        77M       612K       4.6M        56M
-/+ buffers/cache:       1.8G       138M
Swap:         8.0G       443M       7.6G

             total       used       free     shared    buffers     cached
Mem:          2.0G       1.9G        76M       612K       4.6M        56M
-/+ buffers/cache:       1.8G       137M
Swap:         8.0G       443M       7.6G

             total       used       free     shared    buffers     cached
Mem:          2.0G       1.9G        67M       616K       5.4M        61M
-/+ buffers/cache:       1.8G       134M
Swap:         8.0G       442M       7.6G

             total       used       free     shared    buffers     cached
Mem:          2.0G       1.9G        77M       660K       5.9M        66M
-/+ buffers/cache:       1.8G       149M
Swap:         8.0G       452M       7.6G
