             total       used       free     shared    buffers     cached
Mem:          992M       659M       332M       3.3M        38M       289M
-/+ buffers/cache:       331M       661M
Swap:         8.0G         0B       8.0G

             total       used       free     shared    buffers     cached
Mem:          992M       658M       333M       3.4M        38M       289M
-/+ buffers/cache:       330M       661M
Swap:         8.0G         0B       8.0G

             total       used       free     shared    buffers     cached
Mem:          992M       658M       333M       3.4M        38M       289M
-/+ buffers/cache:       330M       661M
Swap:         8.0G         0B       8.0G

             total       used       free     shared    buffers     cached
Mem:          992M       658M       333M       3.4M        38M       289M
-/+ buffers/cache:       330M       661M
Swap:         8.0G         0B       8.0G

             total       used       free     shared    buffers     cached
Mem:          992M       658M       333M       3.4M        38M       289M
-/+ buffers/cache:       330M       661M
Swap:         8.0G         0B       8.0G

             total       used       free     shared    buffers     cached
Mem:          992M       659M       333M       3.4M        38M       289M
-/+ buffers/cache:       330M       661M
Swap:         8.0G         0B       8.0G

             total       used       free     shared    buffers     cached
Mem:          992M       659M       333M       3.4M        38M       289M
-/+ buffers/cache:       330M       661M
Swap:         8.0G         0B       8.0G

             total       used       free     shared    buffers     cached
Mem:          992M       658M       333M       3.4M        38M       289M
-/+ buffers/cache:       330M       662M
Swap:         8.0G         0B       8.0G

             total       used       free     shared    buffers     cached
Mem:          992M       658M       333M       3.4M        38M       290M
-/+ buffers/cache:       329M       662M
Swap:         8.0G         0B       8.0G

             total       used       free     shared    buffers     cached
Mem:          992M       658M       333M       3.4M        38M       290M
-/+ buffers/cache:       329M       662M
Swap:         8.0G         0B       8.0G

             total       used       free     shared    buffers     cached
Mem:          992M       658M       333M       3.4M        38M       290M
-/+ buffers/cache:       329M       662M
Swap:         8.0G         0B       8.0G

             total       used       free     shared    buffers     cached
Mem:          992M       664M       328M       3.4M        38M       290M
-/+ buffers/cache:       334M       657M
Swap:         8.0G         0B       8.0G

             total       used       free     shared    buffers     cached
Mem:          992M       683M       308M       3.4M        38M       290M
-/+ buffers/cache:       354M       638M
Swap:         8.0G         0B       8.0G

             total       used       free     shared    buffers     cached
Mem:          992M       667M       324M       3.4M        38M       291M
-/+ buffers/cache:       337M       654M
Swap:         8.0G         0B       8.0G

             total       used       free     shared    buffers     cached
Mem:          992M       667M       324M       3.4M        38M       291M
-/+ buffers/cache:       337M       654M
Swap:         8.0G         0B       8.0G

             total       used       free     shared    buffers     cached
Mem:          992M       668M       323M       3.4M        38M       291M
-/+ buffers/cache:       337M       654M
Swap:         8.0G         0B       8.0G

             total       used       free     shared    buffers     cached
Mem:          992M       668M       323M       3.4M        38M       291M
-/+ buffers/cache:       337M       654M
Swap:         8.0G         0B       8.0G

             total       used       free     shared    buffers     cached
Mem:          992M       668M       323M       3.4M        38M       291M
-/+ buffers/cache:       337M       654M
Swap:         8.0G         0B       8.0G

             total       used       free     shared    buffers     cached
Mem:          992M       668M       323M       3.4M        38M       291M
-/+ buffers/cache:       337M       654M
Swap:         8.0G         0B       8.0G

             total       used       free     shared    buffers     cached
Mem:          992M       668M       323M       3.4M        38M       291M
-/+ buffers/cache:       337M       654M
Swap:         8.0G         0B       8.0G

             total       used       free     shared    buffers     cached
Mem:          992M       668M       323M       3.4M        38M       291M
-/+ buffers/cache:       337M       654M
Swap:         8.0G         0B       8.0G

             total       used       free     shared    buffers     cached
Mem:          992M       668M       323M       3.4M        38M       291M
-/+ buffers/cache:       337M       654M
Swap:         8.0G         0B       8.0G

             total       used       free     shared    buffers     cached
Mem:          992M       668M       323M       3.4M        38M       291M
-/+ buffers/cache:       337M       654M
Swap:         8.0G         0B       8.0G

             total       used       free     shared    buffers     cached
Mem:          992M       668M       323M       3.4M        38M       291M
-/+ buffers/cache:       337M       654M
Swap:         8.0G         0B       8.0G

             total       used       free     shared    buffers     cached
Mem:          992M       668M       323M       3.4M        38M       291M
-/+ buffers/cache:       337M       654M
Swap:         8.0G         0B       8.0G

             total       used       free     shared    buffers     cached
Mem:          992M       668M       323M       3.4M        38M       291M
-/+ buffers/cache:       337M       654M
Swap:         8.0G         0B       8.0G

             total       used       free     shared    buffers     cached
Mem:          992M       668M       323M       3.4M        38M       291M
-/+ buffers/cache:       337M       654M
Swap:         8.0G         0B       8.0G

             total       used       free     shared    buffers     cached
Mem:          992M       668M       323M       3.4M        38M       291M
-/+ buffers/cache:       337M       654M
Swap:         8.0G         0B       8.0G

             total       used       free     shared    buffers     cached
Mem:          992M       668M       323M       3.4M        38M       291M
-/+ buffers/cache:       337M       654M
Swap:         8.0G         0B       8.0G

             total       used       free     shared    buffers     cached
Mem:          992M       668M       323M       3.4M        38M       291M
-/+ buffers/cache:       337M       654M
Swap:         8.0G         0B       8.0G

             total       used       free     shared    buffers     cached
Mem:          992M       668M       323M       3.4M        38M       291M
-/+ buffers/cache:       337M       654M
Swap:         8.0G         0B       8.0G

             total       used       free     shared    buffers     cached
Mem:          992M       668M       323M       3.4M        38M       291M
-/+ buffers/cache:       337M       654M
Swap:         8.0G         0B       8.0G

             total       used       free     shared    buffers     cached
Mem:          992M       668M       323M       3.4M        38M       291M
-/+ buffers/cache:       337M       654M
Swap:         8.0G         0B       8.0G

             total       used       free     shared    buffers     cached
Mem:          992M       674M       317M       3.4M        38M       291M
-/+ buffers/cache:       344M       648M
Swap:         8.0G         0B       8.0G

             total       used       free     shared    buffers     cached
Mem:          992M       691M       300M       3.4M        38M       291M
-/+ buffers/cache:       360M       631M
Swap:         8.0G         0B       8.0G

             total       used       free     shared    buffers     cached
Mem:          992M       709M       282M       3.4M        38M       291M
-/+ buffers/cache:       379M       613M
Swap:         8.0G         0B       8.0G

             total       used       free     shared    buffers     cached
Mem:          992M       727M       264M       3.4M        38M       291M
-/+ buffers/cache:       397M       594M
Swap:         8.0G         0B       8.0G

             total       used       free     shared    buffers     cached
Mem:          992M       744M       247M       3.4M        38M       291M
-/+ buffers/cache:       414M       578M
Swap:         8.0G         0B       8.0G

             total       used       free     shared    buffers     cached
Mem:          992M       762M       229M       3.4M        38M       291M
-/+ buffers/cache:       432M       559M
Swap:         8.0G         0B       8.0G

             total       used       free     shared    buffers     cached
Mem:          992M       779M       212M       3.4M        38M       291M
-/+ buffers/cache:       449M       542M
Swap:         8.0G         0B       8.0G

             total       used       free     shared    buffers     cached
Mem:          992M       796M       195M       3.4M        38M       291M
-/+ buffers/cache:       465M       526M
Swap:         8.0G         0B       8.0G

             total       used       free     shared    buffers     cached
Mem:          992M       816M       175M       3.4M        38M       291M
-/+ buffers/cache:       485M       506M
Swap:         8.0G         0B       8.0G

             total       used       free     shared    buffers     cached
Mem:          992M       833M       158M       3.4M        38M       291M
-/+ buffers/cache:       502M       489M
Swap:         8.0G         0B       8.0G

             total       used       free     shared    buffers     cached
Mem:          992M       850M       141M       3.4M        38M       291M
-/+ buffers/cache:       519M       472M
Swap:         8.0G         0B       8.0G

             total       used       free     shared    buffers     cached
Mem:          992M       867M       124M       3.4M        38M       291M
-/+ buffers/cache:       536M       455M
Swap:         8.0G         0B       8.0G

             total       used       free     shared    buffers     cached
Mem:          992M       884M       107M       3.4M        38M       291M
-/+ buffers/cache:       554M       437M
Swap:         8.0G         0B       8.0G

             total       used       free     shared    buffers     cached
Mem:          992M       897M        94M       3.4M        38M       291M
-/+ buffers/cache:       566M       425M
Swap:         8.0G         0B       8.0G

             total       used       free     shared    buffers     cached
Mem:          992M       914M        77M       3.4M        38M       291M
-/+ buffers/cache:       583M       408M
Swap:         8.0G         0B       8.0G

             total       used       free     shared    buffers     cached
Mem:          992M       931M        60M       3.4M        38M       291M
-/+ buffers/cache:       600M       391M
Swap:         8.0G         0B       8.0G

             total       used       free     shared    buffers     cached
Mem:          992M       921M        70M       3.4M        11M       290M
-/+ buffers/cache:       619M       372M
Swap:         8.0G         0B       8.0G

             total       used       free     shared    buffers     cached
Mem:          992M       917M        74M       3.4M        10M       271M
-/+ buffers/cache:       636M       356M
Swap:         8.0G        16K       8.0G

             total       used       free     shared    buffers     cached
Mem:          992M       916M        75M       3.2M       9.8M       252M
-/+ buffers/cache:       654M       337M
Swap:         8.0G       204K       8.0G

             total       used       free     shared    buffers     cached
Mem:          992M       919M        72M       3.2M       9.8M       236M
-/+ buffers/cache:       672M       319M
Swap:         8.0G       3.1M       8.0G

             total       used       free     shared    buffers     cached
Mem:          992M       908M        83M       3.0M       9.8M       212M
-/+ buffers/cache:       686M       306M
Swap:         8.0G       7.0M       8.0G

             total       used       free     shared    buffers     cached
Mem:          992M       922M        69M       3.0M       9.8M       212M
-/+ buffers/cache:       700M       292M
Swap:         8.0G       7.0M       8.0G

             total       used       free     shared    buffers     cached
Mem:          992M       923M        68M       3.0M       3.1M       206M
-/+ buffers/cache:       714M       278M
Swap:         8.0G       7.0M       8.0G

             total       used       free     shared    buffers     cached
Mem:          992M       925M        66M       3.0M       2.1M       194M
-/+ buffers/cache:       728M       263M
Swap:         8.0G       7.0M       8.0G

             total       used       free     shared    buffers     cached
Mem:          992M       925M        67M       3.0M       348K       179M
-/+ buffers/cache:       745M       246M
Swap:         8.0G       7.0M       8.0G

             total       used       free     shared    buffers     cached
Mem:          992M       920M        71M       3.0M       228K       158M
-/+ buffers/cache:       762M       229M
Swap:         8.0G       7.0M       8.0G

             total       used       free     shared    buffers     cached
Mem:          992M       920M        71M       3.0M       228K       139M
-/+ buffers/cache:       780M       211M
Swap:         8.0G       7.0M       8.0G

             total       used       free     shared    buffers     cached
Mem:          992M       926M        65M       3.0M       228K       139M
-/+ buffers/cache:       787M       205M
Swap:         8.0G       7.0M       8.0G

             total       used       free     shared    buffers     cached
Mem:          992M       928M        63M       3.0M        84K       123M
-/+ buffers/cache:       805M       187M
Swap:         8.0G       7.0M       8.0G

             total       used       free     shared    buffers     cached
Mem:          992M       917M        74M       3.0M        96K        99M
-/+ buffers/cache:       817M       174M
Swap:         8.0G       7.0M       8.0G

             total       used       free     shared    buffers     cached
Mem:          992M       912M        79M       3.0M        96K        78M
-/+ buffers/cache:       834M       158M
Swap:         8.0G       7.0M       8.0G

             total       used       free     shared    buffers     cached
Mem:          992M       914M        77M       3.0M       548K        61M
-/+ buffers/cache:       852M       140M
Swap:         8.0G       7.0M       8.0G

             total       used       free     shared    buffers     cached
Mem:          992M       929M        62M       3.0M       548K        61M
-/+ buffers/cache:       867M       125M
Swap:         8.0G       7.0M       8.0G

             total       used       free     shared    buffers     cached
Mem:          992M       931M        60M       3.0M       560K        47M
-/+ buffers/cache:       882M       109M
Swap:         8.0G       7.0M       8.0G

             total       used       free     shared    buffers     cached
Mem:          992M       928M        63M       3.0M       836K        28M
-/+ buffers/cache:       898M        93M
Swap:         8.0G       7.0M       8.0G

             total       used       free     shared    buffers     cached
Mem:          992M       930M        61M       3.0M       836K        16M
-/+ buffers/cache:       913M        79M
Swap:         8.0G       7.0M       8.0G

             total       used       free     shared    buffers     cached
Mem:          992M       911M        80M       2.5M        80K       4.6M
-/+ buffers/cache:       906M        85M
Swap:         8.0G        44M       8.0G

             total       used       free     shared    buffers     cached
Mem:          992M       916M        75M       2.5M       420K       7.9M
-/+ buffers/cache:       908M        83M
Swap:         8.0G        64M       7.9G

             total       used       free     shared    buffers     cached
Mem:          992M       924M        67M       2.5M       2.8M        18M
-/+ buffers/cache:       902M        89M
Swap:         8.0G        67M       7.9G

             total       used       free     shared    buffers     cached
Mem:          992M       921M        70M       2.4M       2.6M        17M
-/+ buffers/cache:       902M        90M
Swap:         8.0G        99M       7.9G

             total       used       free     shared    buffers     cached
Mem:          992M       924M        67M       2.4M       2.6M        17M
-/+ buffers/cache:       904M        87M
Swap:         8.0G        99M       7.9G

             total       used       free     shared    buffers     cached
Mem:          992M       926M        65M       2.4M       2.6M        16M
-/+ buffers/cache:       907M        84M
Swap:         8.0G       111M       7.9G

             total       used       free     shared    buffers     cached
Mem:          992M       917M        74M       2.4M       2.5M        15M
-/+ buffers/cache:       899M        92M
Swap:         8.0G       142M       7.9G

             total       used       free     shared    buffers     cached
Mem:          992M       918M        73M       2.4M       2.5M        15M
-/+ buffers/cache:       901M        91M
Swap:         8.0G       142M       7.9G

             total       used       free     shared    buffers     cached
Mem:          992M       931M        60M       2.4M       2.5M        15M
-/+ buffers/cache:       913M        78M
Swap:         8.0G       142M       7.9G

             total       used       free     shared    buffers     cached
Mem:          992M       924M        67M       2.4M       1.9M        13M
-/+ buffers/cache:       908M        83M
Swap:         8.0G       175M       7.8G

             total       used       free     shared    buffers     cached
Mem:          992M       925M        66M       2.4M       276K        12M
-/+ buffers/cache:       913M        79M
Swap:         8.0G       175M       7.8G

             total       used       free     shared    buffers     cached
Mem:          992M       920M        71M       2.4M       232K       5.7M
-/+ buffers/cache:       914M        77M
Swap:         8.0G       194M       7.8G

             total       used       free     shared    buffers     cached
Mem:          992M       921M        70M       2.4M       228K       5.4M
-/+ buffers/cache:       916M        76M
Swap:         8.0G       211M       7.8G

             total       used       free     shared    buffers     cached
Mem:          992M       923M        68M       2.4M       524K       5.3M
-/+ buffers/cache:       917M        74M
Swap:         8.0G       218M       7.8G

             total       used       free     shared    buffers     cached
Mem:          992M       924M        67M       2.3M       528K       5.2M
-/+ buffers/cache:       918M        73M
Swap:         8.0G       238M       7.8G

             total       used       free     shared    buffers     cached
Mem:          992M       924M        67M       2.3M       524K       4.9M
-/+ buffers/cache:       919M        72M
Swap:         8.0G       241M       7.8G

             total       used       free     shared    buffers     cached
Mem:          992M       919M        72M       2.3M       524K       4.8M
-/+ buffers/cache:       914M        77M
Swap:         8.0G       266M       7.7G

             total       used       free     shared    buffers     cached
Mem:          992M       926M        65M       2.3M       524K       5.2M
-/+ buffers/cache:       921M        71M
Swap:         8.0G       266M       7.7G

             total       used       free     shared    buffers     cached
Mem:          992M       921M        70M       2.3M       524K       5.0M
-/+ buffers/cache:       916M        75M
Swap:         8.0G       268M       7.7G

             total       used       free     shared    buffers     cached
Mem:          992M       927M        64M       2.3M       532K       5.1M
-/+ buffers/cache:       922M        70M
Swap:         8.0G       268M       7.7G

             total       used       free     shared    buffers     cached
Mem:          992M       919M        72M       2.3M       532K       4.9M
-/+ buffers/cache:       914M        77M
Swap:         8.0G       293M       7.7G

             total       used       free     shared    buffers     cached
Mem:          992M       924M        67M       2.3M       532K       4.9M
-/+ buffers/cache:       918M        73M
Swap:         8.0G       293M       7.7G

             total       used       free     shared    buffers     cached
Mem:          992M       929M        62M       2.3M       532K       4.9M
-/+ buffers/cache:       923M        68M
Swap:         8.0G       293M       7.7G

             total       used       free     shared    buffers     cached
Mem:          992M       922M        70M       2.3M       532K       4.9M
-/+ buffers/cache:       916M        75M
Swap:         8.0G       293M       7.7G

             total       used       free     shared    buffers     cached
Mem:          992M       925M        66M       2.3M       540K       4.9M
-/+ buffers/cache:       920M        71M
Swap:         8.0G       293M       7.7G

             total       used       free     shared    buffers     cached
Mem:          992M       930M        61M       2.3M       540K       4.9M
-/+ buffers/cache:       925M        66M
Swap:         8.0G       293M       7.7G

             total       used       free     shared    buffers     cached
Mem:          992M       922M        70M       1.9M       540K       4.4M
-/+ buffers/cache:       917M        75M
Swap:         8.0G       323M       7.7G

             total       used       free     shared    buffers     cached
Mem:          992M       926M        65M       1.9M       540K       4.5M
-/+ buffers/cache:       921M        70M
Swap:         8.0G       323M       7.7G

             total       used       free     shared    buffers     cached
Mem:          992M       930M        61M       1.9M       540K       4.5M
-/+ buffers/cache:       925M        66M
Swap:         8.0G       323M       7.7G

             total       used       free     shared    buffers     cached
Mem:          992M       921M        70M       1.9M       544K       4.4M
-/+ buffers/cache:       916M        75M
Swap:         8.0G       323M       7.7G

             total       used       free     shared    buffers     cached
Mem:          992M       925M        66M       1.9M       544K       4.4M
-/+ buffers/cache:       920M        71M
Swap:         8.0G       323M       7.7G

             total       used       free     shared    buffers     cached
Mem:          992M       929M        62M       1.9M       544K       4.4M
-/+ buffers/cache:       924M        67M
Swap:         8.0G       323M       7.7G

             total       used       free     shared    buffers     cached
Mem:          992M       925M        66M        24K       536K       2.4M
-/+ buffers/cache:       922M        69M
Swap:         8.0G       330M       7.7G

             total       used       free     shared    buffers     cached
Mem:          992M       921M        71M        24K       536K       2.2M
-/+ buffers/cache:       918M        73M
Swap:         8.0G       328M       7.7G

             total       used       free     shared    buffers     cached
Mem:          992M       920M        71M        20K       488K       1.8M
-/+ buffers/cache:       918M        74M
Swap:         8.0G       325M       7.7G

             total       used       free     shared    buffers     cached
Mem:          992M       928M        63M        20K       496K       1.8M
-/+ buffers/cache:       926M        66M
Swap:         8.0G       315M       7.7G

             total       used       free     shared    buffers     cached
Mem:          992M       917M        74M        16K       496K       1.7M
-/+ buffers/cache:       915M        76M
Swap:         8.0G       330M       7.7G

             total       used       free     shared    buffers     cached
Mem:          992M       921M        70M         0B       400K       1.6M
-/+ buffers/cache:       919M        72M
Swap:         8.0G       324M       7.7G

             total       used       free     shared    buffers     cached
Mem:          992M       920M        71M         0B       204K       1.6M
-/+ buffers/cache:       919M        73M
Swap:         8.0G       326M       7.7G

             total       used       free     shared    buffers     cached
Mem:          992M       930M        61M         0B        76K       1.5M
-/+ buffers/cache:       929M        63M
Swap:         8.0G       323M       7.7G

             total       used       free     shared    buffers     cached
Mem:          992M       923M        68M         0B        84K       1.4M
-/+ buffers/cache:       922M        69M
Swap:         8.0G       333M       7.7G

             total       used       free     shared    buffers     cached
Mem:          992M       927M        64M         0B        84K       1.4M
-/+ buffers/cache:       926M        66M
Swap:         8.0G       329M       7.7G

             total       used       free     shared    buffers     cached
Mem:          992M       921M        71M         0B        84K       1.4M
-/+ buffers/cache:       919M        72M
Swap:         8.0G       329M       7.7G

             total       used       free     shared    buffers     cached
Mem:          992M       919M        72M         0B        84K       1.4M
-/+ buffers/cache:       918M        74M
Swap:         8.0G       338M       7.7G

             total       used       free     shared    buffers     cached
Mem:          992M       920M        72M         0B        84K       1.3M
-/+ buffers/cache:       918M        73M
Swap:         8.0G       343M       7.7G

             total       used       free     shared    buffers     cached
Mem:          992M       914M        77M         0B        92K       1.2M
-/+ buffers/cache:       913M        79M
Swap:         8.0G       355M       7.6G

             total       used       free     shared    buffers     cached
Mem:          992M       919M        72M         0B        92K       1.6M
-/+ buffers/cache:       917M        74M
Swap:         8.0G       347M       7.7G

             total       used       free     shared    buffers     cached
Mem:          992M       923M        69M         0B        92K       1.5M
-/+ buffers/cache:       921M        70M
Swap:         8.0G       346M       7.7G

             total       used       free     shared    buffers     cached
Mem:          992M       927M        64M         0B        92K       1.5M
-/+ buffers/cache:       925M        66M
Swap:         8.0G       344M       7.7G

             total       used       free     shared    buffers     cached
Mem:          992M       921M        70M         0B        92K       1.5M
-/+ buffers/cache:       920M        71M
Swap:         8.0G       358M       7.6G

             total       used       free     shared    buffers     cached
Mem:          992M       928M        63M         0B        92K       1.5M
-/+ buffers/cache:       927M        65M
Swap:         8.0G       358M       7.6G

             total       used       free     shared    buffers     cached
Mem:          992M       920M        71M         0B       100K       1.5M
-/+ buffers/cache:       918M        73M
Swap:         8.0G       368M       7.6G

             total       used       free     shared    buffers     cached
Mem:          992M       927M        65M         0B       100K       1.5M
-/+ buffers/cache:       925M        66M
Swap:         8.0G       368M       7.6G

             total       used       free     shared    buffers     cached
Mem:          992M       888M       103M         0B        76K        22M
-/+ buffers/cache:       865M       126M
Swap:         8.0G       439M       7.6G

             total       used       free     shared    buffers     cached
Mem:          992M       903M        88M         0B       108K        23M
-/+ buffers/cache:       879M       112M
Swap:         8.0G       433M       7.6G

             total       used       free     shared    buffers     cached
Mem:          992M       910M        81M       252K       1.6M        26M
-/+ buffers/cache:       882M       109M
Swap:         8.0G       433M       7.6G

             total       used       free     shared    buffers     cached
Mem:          992M       911M        80M       252K       1.6M        26M
-/+ buffers/cache:       883M       108M
Swap:         8.0G       432M       7.6G

             total       used       free     shared    buffers     cached
Mem:          992M       912M        79M       252K       1.6M        26M
-/+ buffers/cache:       884M       107M
Swap:         8.0G       432M       7.6G

             total       used       free     shared    buffers     cached
Mem:          992M       914M        77M       252K       1.6M        26M
-/+ buffers/cache:       886M       105M
Swap:         8.0G       431M       7.6G

             total       used       free     shared    buffers     cached
Mem:          992M       916M        75M       252K       1.6M        26M
-/+ buffers/cache:       888M       104M
Swap:         8.0G       430M       7.6G

             total       used       free     shared    buffers     cached
Mem:          992M       918M        74M       252K       1.6M        26M
-/+ buffers/cache:       889M       102M
Swap:         8.0G       429M       7.6G

             total       used       free     shared    buffers     cached
Mem:          992M       920M        71M       252K       1.7M        26M
-/+ buffers/cache:       892M        99M
Swap:         8.0G       428M       7.6G

             total       used       free     shared    buffers     cached
Mem:          992M       922M        69M       252K       1.7M        26M
-/+ buffers/cache:       894M        97M
Swap:         8.0G       427M       7.6G

             total       used       free     shared    buffers     cached
Mem:          992M       924M        67M       252K       1.7M        26M
-/+ buffers/cache:       896M        96M
Swap:         8.0G       427M       7.6G

             total       used       free     shared    buffers     cached
Mem:          992M       926M        65M       252K       1.7M        26M
-/+ buffers/cache:       898M        93M
Swap:         8.0G       426M       7.6G

             total       used       free     shared    buffers     cached
Mem:          992M       928M        63M       252K       1.7M        26M
-/+ buffers/cache:       899M        92M
Swap:         8.0G       425M       7.6G

             total       used       free     shared    buffers     cached
Mem:          992M       930M        62M       252K       1.7M        26M
-/+ buffers/cache:       901M        90M
Swap:         8.0G       424M       7.6G

             total       used       free     shared    buffers     cached
Mem:          992M       918M        73M       252K       1.7M        23M
-/+ buffers/cache:       893M        98M
Swap:         8.0G       425M       7.6G

             total       used       free     shared    buffers     cached
Mem:          992M       920M        71M       252K       1.7M        23M
-/+ buffers/cache:       895M        96M
Swap:         8.0G       425M       7.6G

             total       used       free     shared    buffers     cached
Mem:          992M       921M        70M       252K       1.7M        23M
-/+ buffers/cache:       897M        95M
Swap:         8.0G       424M       7.6G

             total       used       free     shared    buffers     cached
Mem:          992M       924M        68M       252K       1.7M        23M
-/+ buffers/cache:       899M        92M
Swap:         8.0G       423M       7.6G

             total       used       free     shared    buffers     cached
Mem:          992M       925M        66M       252K       1.7M        23M
-/+ buffers/cache:       900M        91M
Swap:         8.0G       422M       7.6G

             total       used       free     shared    buffers     cached
Mem:          992M       927M        64M       252K       1.7M        23M
-/+ buffers/cache:       902M        89M
Swap:         8.0G       421M       7.6G

             total       used       free     shared    buffers     cached
Mem:          992M       929M        62M       252K       1.7M        23M
-/+ buffers/cache:       904M        87M
Swap:         8.0G       420M       7.6G

             total       used       free     shared    buffers     cached
Mem:          992M       917M        75M       252K       1.7M        21M
-/+ buffers/cache:       893M        98M
Swap:         8.0G       435M       7.6G

             total       used       free     shared    buffers     cached
Mem:          992M       918M        73M       252K       1.7M        21M
-/+ buffers/cache:       895M        96M
Swap:         8.0G       434M       7.6G

             total       used       free     shared    buffers     cached
Mem:          992M       920M        71M       252K       1.7M        21M
-/+ buffers/cache:       897M        95M
Swap:         8.0G       433M       7.6G

             total       used       free     shared    buffers     cached
Mem:          992M       922M        70M       252K       1.7M        21M
-/+ buffers/cache:       898M        93M
Swap:         8.0G       432M       7.6G

             total       used       free     shared    buffers     cached
Mem:          992M       924M        68M       252K       1.7M        21M
-/+ buffers/cache:       900M        91M
Swap:         8.0G       432M       7.6G

             total       used       free     shared    buffers     cached
Mem:          992M       925M        66M       252K       1.7M        21M
-/+ buffers/cache:       902M        89M
Swap:         8.0G       431M       7.6G

             total       used       free     shared    buffers     cached
Mem:          992M       927M        64M       252K       1.7M        21M
-/+ buffers/cache:       904M        87M
Swap:         8.0G       430M       7.6G

             total       used       free     shared    buffers     cached
Mem:          992M       929M        62M       252K       1.7M        21M
-/+ buffers/cache:       906M        85M
Swap:         8.0G       429M       7.6G

             total       used       free     shared    buffers     cached
Mem:          992M       918M        73M       252K        76K        19M
-/+ buffers/cache:       899M        92M
Swap:         8.0G       438M       7.6G

             total       used       free     shared    buffers     cached
Mem:          992M       920M        72M       252K        84K        19M
-/+ buffers/cache:       900M        91M
Swap:         8.0G       438M       7.6G

             total       used       free     shared    buffers     cached
Mem:          992M       922M        70M       252K        84K        19M
-/+ buffers/cache:       902M        89M
Swap:         8.0G       437M       7.6G

             total       used       free     shared    buffers     cached
Mem:          992M       924M        68M       252K        84K        19M
-/+ buffers/cache:       904M        87M
Swap:         8.0G       436M       7.6G

             total       used       free     shared    buffers     cached
Mem:          992M       925M        66M       252K        84K        19M
-/+ buffers/cache:       906M        85M
Swap:         8.0G       435M       7.6G

             total       used       free     shared    buffers     cached
Mem:          992M       927M        64M       252K        84K        19M
-/+ buffers/cache:       908M        83M
Swap:         8.0G       434M       7.6G

             total       used       free     shared    buffers     cached
Mem:          992M       929M        62M       252K        92K        19M
-/+ buffers/cache:       910M        81M
Swap:         8.0G       433M       7.6G

             total       used       free     shared    buffers     cached
Mem:          992M       918M        73M       252K        92K       6.3M
-/+ buffers/cache:       912M        80M
Swap:         8.0G       433M       7.6G

             total       used       free     shared    buffers     cached
Mem:          992M       920M        71M       252K       492K       6.3M
-/+ buffers/cache:       913M        78M
Swap:         8.0G       432M       7.6G

             total       used       free     shared    buffers     cached
Mem:          992M       922M        69M       252K       492K       6.3M
-/+ buffers/cache:       915M        76M
Swap:         8.0G       431M       7.6G

             total       used       free     shared    buffers     cached
Mem:          992M       924M        67M       252K       492K       6.4M
-/+ buffers/cache:       917M        74M
Swap:         8.0G       430M       7.6G

             total       used       free     shared    buffers     cached
Mem:          992M       926M        65M       252K       504K       6.4M
-/+ buffers/cache:       919M        72M
Swap:         8.0G       429M       7.6G

             total       used       free     shared    buffers     cached
Mem:          992M       928M        63M       252K       504K       6.4M
-/+ buffers/cache:       921M        70M
Swap:         8.0G       428M       7.6G

             total       used       free     shared    buffers     cached
Mem:          992M       930M        61M       252K       504K       6.3M
-/+ buffers/cache:       923M        68M
Swap:         8.0G       427M       7.6G

             total       used       free     shared    buffers     cached
Mem:          992M       919M        72M       252K       468K       3.7M
-/+ buffers/cache:       915M        76M
Swap:         8.0G       427M       7.6G

             total       used       free     shared    buffers     cached
Mem:          992M       921M        70M       252K       476K       3.7M
-/+ buffers/cache:       917M        74M
Swap:         8.0G       425M       7.6G

             total       used       free     shared    buffers     cached
Mem:          992M       923M        68M       252K       476K       3.7M
-/+ buffers/cache:       919M        72M
Swap:         8.0G       424M       7.6G

             total       used       free     shared    buffers     cached
Mem:          992M       925M        66M       252K       484K       3.7M
-/+ buffers/cache:       921M        70M
Swap:         8.0G       423M       7.6G

             total       used       free     shared    buffers     cached
Mem:          992M       928M        64M       252K       484K       3.7M
-/+ buffers/cache:       923M        68M
Swap:         8.0G       422M       7.6G

             total       used       free     shared    buffers     cached
Mem:          992M       929M        62M       252K       484K       3.7M
-/+ buffers/cache:       925M        66M
Swap:         8.0G       421M       7.6G

             total       used       free     shared    buffers     cached
Mem:          992M       919M        72M       252K       484K       3.0M
-/+ buffers/cache:       916M        75M
Swap:         8.0G       432M       7.6G

             total       used       free     shared    buffers     cached
Mem:          992M       921M        70M       252K       484K       2.9M
-/+ buffers/cache:       918M        73M
Swap:         8.0G       431M       7.6G

             total       used       free     shared    buffers     cached
Mem:          992M       923M        68M       252K       492K       2.9M
-/+ buffers/cache:       920M        71M
Swap:         8.0G       430M       7.6G

             total       used       free     shared    buffers     cached
Mem:          992M       925M        66M       252K       492K       2.9M
-/+ buffers/cache:       922M        69M
Swap:         8.0G       429M       7.6G

             total       used       free     shared    buffers     cached
Mem:          992M       927M        64M       252K       500K       3.0M
-/+ buffers/cache:       924M        67M
Swap:         8.0G       428M       7.6G

             total       used       free     shared    buffers     cached
Mem:          992M       930M        62M       252K       500K       2.9M
-/+ buffers/cache:       926M        65M
Swap:         8.0G       427M       7.6G

             total       used       free     shared    buffers     cached
Mem:          992M       919M        72M       252K       500K       2.9M
-/+ buffers/cache:       915M        76M
Swap:         8.0G       445M       7.6G

             total       used       free     shared    buffers     cached
Mem:          992M       920M        71M       252K       508K       3.0M
-/+ buffers/cache:       917M        74M
Swap:         8.0G       445M       7.6G

             total       used       free     shared    buffers     cached
Mem:          992M       923M        68M       252K       508K       3.0M
-/+ buffers/cache:       919M        72M
Swap:         8.0G       444M       7.6G

             total       used       free     shared    buffers     cached
Mem:          992M       927M        64M       252K       808K       4.2M
-/+ buffers/cache:       922M        69M
Swap:         8.0G       442M       7.6G

             total       used       free     shared    buffers     cached
Mem:          992M       927M        64M       252K       1.1M        15M
-/+ buffers/cache:       911M        80M
Swap:         8.0G       454M       7.6G

             total       used       free     shared    buffers     cached
Mem:          992M       933M        58M       268K       252K        34M
-/+ buffers/cache:       898M        93M
Swap:         8.0G       466M       7.5G

             total       used       free     shared    buffers     cached
Mem:          992M       919M        72M       268K       252K        32M
-/+ buffers/cache:       886M       105M
Swap:         8.0G       476M       7.5G

             total       used       free     shared    buffers     cached
Mem:          992M       921M        70M       268K       568K        32M
-/+ buffers/cache:       888M       103M
Swap:         8.0G       476M       7.5G

             total       used       free     shared    buffers     cached
Mem:          992M       922M        69M       268K       568K        32M
-/+ buffers/cache:       889M       102M
Swap:         8.0G       475M       7.5G

             total       used       free     shared    buffers     cached
Mem:          992M       923M        68M       268K       568K        32M
-/+ buffers/cache:       890M       101M
Swap:         8.0G       475M       7.5G

             total       used       free     shared    buffers     cached
Mem:          992M       925M        67M       268K       576K        32M
-/+ buffers/cache:       891M       100M
Swap:         8.0G       474M       7.5G

             total       used       free     shared    buffers     cached
Mem:          992M       926M        65M       268K       576K        32M
-/+ buffers/cache:       893M        98M
Swap:         8.0G       474M       7.5G

             total       used       free     shared    buffers     cached
Mem:          992M       927M        64M       268K       576K        32M
-/+ buffers/cache:       894M        97M
Swap:         8.0G       473M       7.5G

             total       used       free     shared    buffers     cached
Mem:          992M       929M        62M       268K       576K        32M
-/+ buffers/cache:       895M        96M
Swap:         8.0G       472M       7.5G

             total       used       free     shared    buffers     cached
Mem:          992M       918M        73M       268K       560K        32M
-/+ buffers/cache:       885M       107M
Swap:         8.0G       486M       7.5G

             total       used       free     shared    buffers     cached
Mem:          992M       919M        72M       268K       560K        32M
-/+ buffers/cache:       886M       105M
Swap:         8.0G       486M       7.5G

             total       used       free     shared    buffers     cached
Mem:          992M       921M        71M       268K       568K        32M
-/+ buffers/cache:       887M       104M
Swap:         8.0G       485M       7.5G

             total       used       free     shared    buffers     cached
Mem:          992M       922M        69M       268K       568K        32M
-/+ buffers/cache:       889M       103M
Swap:         8.0G       485M       7.5G

             total       used       free     shared    buffers     cached
Mem:          992M       924M        67M       268K       568K        32M
-/+ buffers/cache:       890M       101M
Swap:         8.0G       484M       7.5G

             total       used       free     shared    buffers     cached
Mem:          992M       925M        66M       268K       568K        32M
-/+ buffers/cache:       892M        99M
Swap:         8.0G       483M       7.5G

             total       used       free     shared    buffers     cached
Mem:          992M       927M        64M       268K       568K        32M
-/+ buffers/cache:       893M        98M
Swap:         8.0G       483M       7.5G

             total       used       free     shared    buffers     cached
Mem:          992M       928M        63M       268K       576K        32M
-/+ buffers/cache:       895M        96M
Swap:         8.0G       482M       7.5G

             total       used       free     shared    buffers     cached
Mem:          992M       929M        62M       268K       576K        32M
-/+ buffers/cache:       896M        95M
Swap:         8.0G       481M       7.5G

             total       used       free     shared    buffers     cached
Mem:          992M       921M        70M       268K       576K        32M
-/+ buffers/cache:       888M       103M
Swap:         8.0G       486M       7.5G

             total       used       free     shared    buffers     cached
Mem:          992M       918M        73M       268K       576K        32M
-/+ buffers/cache:       885M       106M
Swap:         8.0G       493M       7.5G

             total       used       free     shared    buffers     cached
Mem:          992M       920M        71M       268K       576K        32M
-/+ buffers/cache:       887M       104M
Swap:         8.0G       492M       7.5G

             total       used       free     shared    buffers     cached
Mem:          992M       921M        70M       268K       576K        32M
-/+ buffers/cache:       888M       103M
Swap:         8.0G       491M       7.5G

             total       used       free     shared    buffers     cached
Mem:          992M       922M        69M       268K       584K        32M
-/+ buffers/cache:       889M       102M
Swap:         8.0G       491M       7.5G

             total       used       free     shared    buffers     cached
Mem:          992M       923M        68M       268K       584K        32M
-/+ buffers/cache:       890M       101M
Swap:         8.0G       490M       7.5G

             total       used       free     shared    buffers     cached
Mem:          992M       925M        66M       268K       584K        32M
-/+ buffers/cache:       892M        99M
Swap:         8.0G       489M       7.5G

             total       used       free     shared    buffers     cached
Mem:          992M       926M        65M       268K       584K        32M
-/+ buffers/cache:       893M        98M
Swap:         8.0G       489M       7.5G

             total       used       free     shared    buffers     cached
Mem:          992M       928M        63M       268K       584K        32M
-/+ buffers/cache:       895M        96M
Swap:         8.0G       488M       7.5G

             total       used       free     shared    buffers     cached
Mem:          992M       929M        62M       268K       592K        32M
-/+ buffers/cache:       896M        95M
Swap:         8.0G       487M       7.5G

             total       used       free     shared    buffers     cached
Mem:          992M       931M        61M       268K       592K        32M
-/+ buffers/cache:       898M        94M
Swap:         8.0G       487M       7.5G

             total       used       free     shared    buffers     cached
Mem:          992M       920M        72M       268K       592K        31M
-/+ buffers/cache:       887M       104M
Swap:         8.0G       498M       7.5G

             total       used       free     shared    buffers     cached
Mem:          992M       921M        70M       268K       592K        31M
-/+ buffers/cache:       889M       102M
Swap:         8.0G       497M       7.5G

             total       used       free     shared    buffers     cached
Mem:          992M       923M        69M       268K       592K        31M
-/+ buffers/cache:       890M       101M
Swap:         8.0G       496M       7.5G

             total       used       free     shared    buffers     cached
Mem:          992M       924M        67M       268K       592K        31M
-/+ buffers/cache:       892M        99M
Swap:         8.0G       496M       7.5G

             total       used       free     shared    buffers     cached
Mem:          992M       926M        66M       268K       604K        31M
-/+ buffers/cache:       893M        98M
Swap:         8.0G       495M       7.5G

             total       used       free     shared    buffers     cached
Mem:          992M       927M        64M       268K       604K        31M
-/+ buffers/cache:       895M        96M
Swap:         8.0G       494M       7.5G

             total       used       free     shared    buffers     cached
Mem:          992M       928M        63M       268K       604K        31M
-/+ buffers/cache:       896M        95M
Swap:         8.0G       494M       7.5G

             total       used       free     shared    buffers     cached
Mem:          992M       930M        61M       268K       604K        31M
-/+ buffers/cache:       898M        94M
Swap:         8.0G       493M       7.5G

             total       used       free     shared    buffers     cached
Mem:          992M       920M        72M       268K       604K        31M
-/+ buffers/cache:       888M       103M
Swap:         8.0G       504M       7.5G

             total       used       free     shared    buffers     cached
Mem:          992M       921M        70M       268K       612K        31M
-/+ buffers/cache:       889M       102M
Swap:         8.0G       504M       7.5G

             total       used       free     shared    buffers     cached
Mem:          992M       923M        69M       268K       612K        31M
-/+ buffers/cache:       891M       100M
Swap:         8.0G       503M       7.5G

             total       used       free     shared    buffers     cached
Mem:          992M       924M        67M       268K       612K        31M
-/+ buffers/cache:       892M        99M
Swap:         8.0G       502M       7.5G

             total       used       free     shared    buffers     cached
Mem:          992M       926M        66M       268K       612K        31M
-/+ buffers/cache:       894M        97M
Swap:         8.0G       501M       7.5G

             total       used       free     shared    buffers     cached
Mem:          992M       927M        64M       268K       612K        31M
-/+ buffers/cache:       896M        96M
Swap:         8.0G       501M       7.5G

             total       used       free     shared    buffers     cached
Mem:          992M       929M        63M       268K       612K        31M
-/+ buffers/cache:       897M        94M
Swap:         8.0G       500M       7.5G

             total       used       free     shared    buffers     cached
Mem:          992M       930M        61M       268K       620K        31M
-/+ buffers/cache:       899M        93M
Swap:         8.0G       499M       7.5G

             total       used       free     shared    buffers     cached
Mem:          992M       918M        73M       268K       620K        29M
-/+ buffers/cache:       888M       103M
Swap:         8.0G       509M       7.5G

             total       used       free     shared    buffers     cached
Mem:          992M       919M        72M       268K       620K        29M
-/+ buffers/cache:       890M       102M
Swap:         8.0G       509M       7.5G

             total       used       free     shared    buffers     cached
Mem:          992M       921M        70M       268K       620K        29M
-/+ buffers/cache:       891M       100M
Swap:         8.0G       508M       7.5G

             total       used       free     shared    buffers     cached
Mem:          992M       923M        68M       268K       620K        29M
-/+ buffers/cache:       893M        98M
Swap:         8.0G       507M       7.5G

             total       used       free     shared    buffers     cached
Mem:          992M       924M        67M       268K       628K        29M
-/+ buffers/cache:       894M        97M
Swap:         8.0G       506M       7.5G

             total       used       free     shared    buffers     cached
Mem:          992M       926M        66M       268K       628K        29M
-/+ buffers/cache:       896M        95M
Swap:         8.0G       506M       7.5G

             total       used       free     shared    buffers     cached
Mem:          992M       927M        64M       268K       628K        29M
-/+ buffers/cache:       898M        94M
Swap:         8.0G       505M       7.5G

             total       used       free     shared    buffers     cached
Mem:          992M       929M        62M       268K       628K        29M
-/+ buffers/cache:       899M        92M
Swap:         8.0G       504M       7.5G

             total       used       free     shared    buffers     cached
Mem:          992M       931M        60M       268K       628K        29M
-/+ buffers/cache:       901M        90M
Swap:         8.0G       503M       7.5G

             total       used       free     shared    buffers     cached
Mem:          992M       917M        75M       264K       560K        25M
-/+ buffers/cache:       891M       100M
Swap:         8.0G       505M       7.5G

             total       used       free     shared    buffers     cached
Mem:          992M       918M        73M       264K       568K        25M
-/+ buffers/cache:       893M        99M
Swap:         8.0G       504M       7.5G

             total       used       free     shared    buffers     cached
Mem:          992M       920M        72M       264K       568K        25M
-/+ buffers/cache:       894M        97M
Swap:         8.0G       503M       7.5G

             total       used       free     shared    buffers     cached
Mem:          992M       921M        70M       264K       568K        25M
-/+ buffers/cache:       896M        95M
Swap:         8.0G       503M       7.5G

             total       used       free     shared    buffers     cached
Mem:          992M       923M        68M       264K       568K        25M
-/+ buffers/cache:       898M        94M
Swap:         8.0G       502M       7.5G

             total       used       free     shared    buffers     cached
Mem:          992M       925M        67M       264K       568K        25M
-/+ buffers/cache:       899M        92M
Swap:         8.0G       501M       7.5G

             total       used       free     shared    buffers     cached
Mem:          992M       926M        65M       264K       576K        25M
-/+ buffers/cache:       901M        90M
Swap:         8.0G       500M       7.5G

             total       used       free     shared    buffers     cached
Mem:          992M       928M        63M       264K       576K        25M
-/+ buffers/cache:       902M        89M
Swap:         8.0G       499M       7.5G

             total       used       free     shared    buffers     cached
Mem:          992M       930M        62M       264K       576K        25M
-/+ buffers/cache:       904M        87M
Swap:         8.0G       499M       7.5G

             total       used       free     shared    buffers     cached
Mem:          992M       917M        74M       264K       444K        15M
-/+ buffers/cache:       901M        90M
Swap:         8.0G       502M       7.5G

             total       used       free     shared    buffers     cached
Mem:          992M       921M        71M       264K       860K        16M
-/+ buffers/cache:       903M        88M
Swap:         8.0G       501M       7.5G

             total       used       free     shared    buffers     cached
Mem:          992M       922M        69M       268K       864K        16M
-/+ buffers/cache:       905M        86M
Swap:         8.0G       500M       7.5G

             total       used       free     shared    buffers     cached
Mem:          992M       923M        68M       268K       872K        16M
-/+ buffers/cache:       906M        85M
Swap:         8.0G       499M       7.5G

             total       used       free     shared    buffers     cached
Mem:          992M       925M        66M       268K       872K        16M
-/+ buffers/cache:       908M        83M
Swap:         8.0G       499M       7.5G

             total       used       free     shared    buffers     cached
Mem:          992M       926M        65M       268K       872K        16M
-/+ buffers/cache:       909M        82M
Swap:         8.0G       498M       7.5G

             total       used       free     shared    buffers     cached
Mem:          992M       921M        70M       268K       632K        12M
-/+ buffers/cache:       907M        84M
Swap:         8.0G       503M       7.5G

             total       used       free     shared    buffers     cached
Mem:          992M       923M        68M       268K       632K        12M
-/+ buffers/cache:       909M        82M
Swap:         8.0G       502M       7.5G

             total       used       free     shared    buffers     cached
Mem:          992M       924M        67M       268K       640K        12M
-/+ buffers/cache:       911M        81M
Swap:         8.0G       501M       7.5G

             total       used       free     shared    buffers     cached
Mem:          992M       917M        74M       268K       600K        16M
-/+ buffers/cache:       900M        91M
Swap:         8.0G       509M       7.5G

             total       used       free     shared    buffers     cached
Mem:          992M       918M        74M       268K       600K        16M
-/+ buffers/cache:       901M        90M
Swap:         8.0G       508M       7.5G

             total       used       free     shared    buffers     cached
Mem:          992M       918M        73M       268K       600K        15M
-/+ buffers/cache:       902M        89M
Swap:         8.0G       508M       7.5G

             total       used       free     shared    buffers     cached
Mem:          992M       919M        72M       268K       600K        15M
-/+ buffers/cache:       903M        88M
Swap:         8.0G       507M       7.5G

             total       used       free     shared    buffers     cached
Mem:          992M       920M        71M       268K       600K        16M
-/+ buffers/cache:       903M        88M
Swap:         8.0G       507M       7.5G

             total       used       free     shared    buffers     cached
Mem:          992M       921M        71M       268K       608K        16M
-/+ buffers/cache:       904M        87M
Swap:         8.0G       506M       7.5G

             total       used       free     shared    buffers     cached
Mem:          992M       921M        70M       268K       608K        15M
-/+ buffers/cache:       905M        86M
Swap:         8.0G       506M       7.5G

             total       used       free     shared    buffers     cached
Mem:          992M       922M        69M       268K       608K        16M
-/+ buffers/cache:       905M        86M
Swap:         8.0G       506M       7.5G

             total       used       free     shared    buffers     cached
Mem:          992M       923M        68M       268K       608K        15M
-/+ buffers/cache:       906M        85M
Swap:         8.0G       505M       7.5G

             total       used       free     shared    buffers     cached
Mem:          992M       924M        67M       268K       608K        16M
-/+ buffers/cache:       907M        84M
Swap:         8.0G       505M       7.5G

             total       used       free     shared    buffers     cached
Mem:          992M       914M        77M       320K       172K        22M
-/+ buffers/cache:       891M       100M
Swap:         8.0G       528M       7.5G

             total       used       free     shared    buffers     cached
Mem:          992M       921M        70M       4.0M       4.7M        52M
-/+ buffers/cache:       864M       127M
Swap:         8.0G       557M       7.5G

             total       used       free     shared    buffers     cached
Mem:          992M       921M        70M       4.0M       5.2M        64M
-/+ buffers/cache:       852M       139M
Swap:         8.0G       570M       7.4G

             total       used       free     shared    buffers     cached
Mem:          992M       930M        61M       340K       5.5M        64M
-/+ buffers/cache:       860M       131M
Swap:         8.0G       566M       7.4G

             total       used       free     shared    buffers     cached
Mem:          992M       913M        79M       340K       4.1M        60M
-/+ buffers/cache:       848M       143M
Swap:         8.0G       580M       7.4G

             total       used       free     shared    buffers     cached
Mem:          992M       914M        77M       340K       4.1M        60M
-/+ buffers/cache:       850M       142M
Swap:         8.0G       579M       7.4G

             total       used       free     shared    buffers     cached
Mem:          992M       914M        77M       340K       4.1M        60M
-/+ buffers/cache:       850M       141M
Swap:         8.0G       579M       7.4G

             total       used       free     shared    buffers     cached
Mem:          992M       916M        75M       340K       4.1M        60M
-/+ buffers/cache:       852M       140M
Swap:         8.0G       578M       7.4G

             total       used       free     shared    buffers     cached
Mem:          992M       919M        73M       340K       4.3M        61M
-/+ buffers/cache:       853M       138M
Swap:         8.0G       577M       7.4G

             total       used       free     shared    buffers     cached
Mem:          992M       920M        71M       340K       4.3M        61M
-/+ buffers/cache:       855M       136M
Swap:         8.0G       576M       7.4G

             total       used       free     shared    buffers     cached
Mem:          992M       922M        70M       340K       4.3M        61M
-/+ buffers/cache:       856M       135M
Swap:         8.0G       576M       7.4G

             total       used       free     shared    buffers     cached
Mem:          992M       923M        68M       340K       4.3M        61M
-/+ buffers/cache:       858M       134M
Swap:         8.0G       575M       7.4G

             total       used       free     shared    buffers     cached
Mem:          992M       925M        67M       340K       4.3M        61M
-/+ buffers/cache:       859M       132M
Swap:         8.0G       574M       7.4G

             total       used       free     shared    buffers     cached
Mem:          992M       926M        65M       340K       4.3M        61M
-/+ buffers/cache:       860M       131M
Swap:         8.0G       574M       7.4G

             total       used       free     shared    buffers     cached
Mem:          992M       927M        64M       340K       4.3M        61M
-/+ buffers/cache:       862M       130M
Swap:         8.0G       573M       7.4G

             total       used       free     shared    buffers     cached
Mem:          992M       929M        62M       340K       4.3M        61M
-/+ buffers/cache:       863M       128M
Swap:         8.0G       572M       7.4G

             total       used       free     shared    buffers     cached
Mem:          992M       930M        61M       340K       4.3M        61M
-/+ buffers/cache:       865M       127M
Swap:         8.0G       572M       7.4G

             total       used       free     shared    buffers     cached
Mem:          992M       919M        72M       340K       4.3M        61M
-/+ buffers/cache:       854M       137M
Swap:         8.0G       579M       7.4G

             total       used       free     shared    buffers     cached
Mem:          992M       921M        70M       340K       4.3M        61M
-/+ buffers/cache:       856M       136M
Swap:         8.0G       578M       7.4G

             total       used       free     shared    buffers     cached
Mem:          992M       922M        69M       340K       4.3M        61M
-/+ buffers/cache:       857M       134M
Swap:         8.0G       577M       7.4G

             total       used       free     shared    buffers     cached
Mem:          992M       924M        67M       340K       4.3M        61M
-/+ buffers/cache:       858M       133M
Swap:         8.0G       577M       7.4G

             total       used       free     shared    buffers     cached
Mem:          992M       925M        66M       340K       4.3M        61M
-/+ buffers/cache:       860M       132M
Swap:         8.0G       576M       7.4G

             total       used       free     shared    buffers     cached
Mem:          992M       927M        65M       340K       4.3M        61M
-/+ buffers/cache:       861M       130M
Swap:         8.0G       575M       7.4G

             total       used       free     shared    buffers     cached
Mem:          992M       928M        63M       340K       4.3M        61M
-/+ buffers/cache:       862M       129M
Swap:         8.0G       574M       7.4G

             total       used       free     shared    buffers     cached
Mem:          992M       929M        62M       340K       4.3M        61M
-/+ buffers/cache:       864M       127M
Swap:         8.0G       574M       7.4G

             total       used       free     shared    buffers     cached
Mem:          992M       931M        60M       340K       4.3M        61M
-/+ buffers/cache:       866M       126M
Swap:         8.0G       573M       7.4G

             total       used       free     shared    buffers     cached
Mem:          992M       904M        88M       340K       4.1M        58M
-/+ buffers/cache:       841M       150M
Swap:         8.0G       595M       7.4G

             total       used       free     shared    buffers     cached
Mem:          992M       905M        86M       340K       4.1M        58M
-/+ buffers/cache:       842M       149M
Swap:         8.0G       595M       7.4G

             total       used       free     shared    buffers     cached
Mem:          992M       906M        85M       340K       4.1M        58M
-/+ buffers/cache:       844M       148M
Swap:         8.0G       594M       7.4G

             total       used       free     shared    buffers     cached
Mem:          992M       907M        84M       340K       4.1M        58M
-/+ buffers/cache:       845M       146M
Swap:         8.0G       594M       7.4G

             total       used       free     shared    buffers     cached
Mem:          992M       908M        83M       340K       4.1M        58M
-/+ buffers/cache:       846M       145M
Swap:         8.0G       593M       7.4G

             total       used       free     shared    buffers     cached
Mem:          992M       910M        82M       340K       4.1M        58M
-/+ buffers/cache:       847M       144M
Swap:         8.0G       593M       7.4G

             total       used       free     shared    buffers     cached
Mem:          992M       911M        80M       340K       4.1M        58M
-/+ buffers/cache:       848M       143M
Swap:         8.0G       592M       7.4G

             total       used       free     shared    buffers     cached
Mem:          992M       912M        79M       340K       4.1M        58M
-/+ buffers/cache:       850M       142M
Swap:         8.0G       592M       7.4G

             total       used       free     shared    buffers     cached
Mem:          992M       920M        71M       340K       5.2M        62M
-/+ buffers/cache:       852M       139M
Swap:         8.0G       591M       7.4G

             total       used       free     shared    buffers     cached
Mem:          992M       917M        74M       416K       9.0M        72M
-/+ buffers/cache:       836M       155M
Swap:         8.0G       598M       7.4G
