             total       used       free     shared    buffers     cached
Mem:          992M       654M       337M       3.2M        38M       286M
-/+ buffers/cache:       329M       662M
Swap:         8.0G         0B       8.0G

             total       used       free     shared    buffers     cached
Mem:          992M       653M       338M       1.4M        38M       285M
-/+ buffers/cache:       329M       662M
Swap:         8.0G         0B       8.0G

             total       used       free     shared    buffers     cached
Mem:          992M       653M       338M       1.4M        38M       285M
-/+ buffers/cache:       329M       662M
Swap:         8.0G         0B       8.0G

             total       used       free     shared    buffers     cached
Mem:          992M       653M       338M       1.4M        38M       285M
-/+ buffers/cache:       329M       662M
Swap:         8.0G         0B       8.0G

             total       used       free     shared    buffers     cached
Mem:          992M       653M       338M       1.4M        38M       285M
-/+ buffers/cache:       329M       662M
Swap:         8.0G         0B       8.0G

             total       used       free     shared    buffers     cached
Mem:          992M       653M       338M       1.4M        38M       285M
-/+ buffers/cache:       329M       662M
Swap:         8.0G         0B       8.0G

             total       used       free     shared    buffers     cached
Mem:          992M       653M       338M       1.4M        38M       285M
-/+ buffers/cache:       329M       662M
Swap:         8.0G         0B       8.0G

             total       used       free     shared    buffers     cached
Mem:          992M       653M       339M       1.4M        38M       285M
-/+ buffers/cache:       329M       663M
Swap:         8.0G         0B       8.0G

             total       used       free     shared    buffers     cached
Mem:          992M       653M       338M       1.4M        38M       285M
-/+ buffers/cache:       329M       662M
Swap:         8.0G         0B       8.0G

             total       used       free     shared    buffers     cached
Mem:          992M       657M       334M       1.4M        38M       285M
-/+ buffers/cache:       333M       658M
Swap:         8.0G         0B       8.0G

             total       used       free     shared    buffers     cached
Mem:          992M       682M       310M       1.4M        38M       285M
-/+ buffers/cache:       357M       634M
Swap:         8.0G         0B       8.0G

             total       used       free     shared    buffers     cached
Mem:          992M       675M       316M       1.4M        38M       288M
-/+ buffers/cache:       348M       643M
Swap:         8.0G         0B       8.0G

             total       used       free     shared    buffers     cached
Mem:          992M       711M       280M       1.4M        38M       289M
-/+ buffers/cache:       382M       609M
Swap:         8.0G         0B       8.0G

             total       used       free     shared    buffers     cached
Mem:          992M       733M       259M       1.5M        38M       290M
-/+ buffers/cache:       404M       588M
Swap:         8.0G         0B       8.0G

             total       used       free     shared    buffers     cached
Mem:          992M       735M       256M       1.5M        38M       290M
-/+ buffers/cache:       406M       585M
Swap:         8.0G         0B       8.0G

             total       used       free     shared    buffers     cached
Mem:          992M       718M       273M       1.5M        39M       293M
-/+ buffers/cache:       385M       606M
Swap:         8.0G         0B       8.0G

             total       used       free     shared    buffers     cached
Mem:          992M       721M       271M       1.5M        39M       294M
-/+ buffers/cache:       386M       605M
Swap:         8.0G         0B       8.0G

             total       used       free     shared    buffers     cached
Mem:          992M       721M       271M       1.5M        39M       294M
-/+ buffers/cache:       386M       605M
Swap:         8.0G         0B       8.0G

             total       used       free     shared    buffers     cached
Mem:          992M       721M       271M       1.5M        39M       294M
-/+ buffers/cache:       386M       605M
Swap:         8.0G         0B       8.0G

             total       used       free     shared    buffers     cached
Mem:          992M       721M       271M       1.5M        39M       294M
-/+ buffers/cache:       386M       605M
Swap:         8.0G         0B       8.0G

             total       used       free     shared    buffers     cached
Mem:          992M       721M       271M       1.5M        39M       294M
-/+ buffers/cache:       386M       605M
Swap:         8.0G         0B       8.0G

             total       used       free     shared    buffers     cached
Mem:          992M       721M       270M       1.5M        39M       294M
-/+ buffers/cache:       387M       605M
Swap:         8.0G         0B       8.0G

             total       used       free     shared    buffers     cached
Mem:          992M       721M       270M       1.5M        39M       294M
-/+ buffers/cache:       387M       605M
Swap:         8.0G         0B       8.0G

             total       used       free     shared    buffers     cached
Mem:          992M       721M       270M       1.5M        39M       294M
-/+ buffers/cache:       387M       605M
Swap:         8.0G         0B       8.0G

             total       used       free     shared    buffers     cached
Mem:          992M       721M       270M       1.5M        39M       294M
-/+ buffers/cache:       387M       605M
Swap:         8.0G         0B       8.0G

             total       used       free     shared    buffers     cached
Mem:          992M       721M       270M       1.5M        39M       294M
-/+ buffers/cache:       386M       605M
Swap:         8.0G         0B       8.0G

             total       used       free     shared    buffers     cached
Mem:          992M       721M       270M       1.5M        39M       294M
-/+ buffers/cache:       386M       605M
Swap:         8.0G         0B       8.0G

             total       used       free     shared    buffers     cached
Mem:          992M       721M       270M       1.5M        39M       294M
-/+ buffers/cache:       386M       605M
Swap:         8.0G         0B       8.0G

             total       used       free     shared    buffers     cached
Mem:          992M       721M       270M       1.5M        39M       294M
-/+ buffers/cache:       386M       605M
Swap:         8.0G         0B       8.0G

             total       used       free     shared    buffers     cached
Mem:          992M       721M       270M       1.5M        39M       294M
-/+ buffers/cache:       386M       605M
Swap:         8.0G         0B       8.0G

             total       used       free     shared    buffers     cached
Mem:          992M       721M       270M       1.5M        39M       294M
-/+ buffers/cache:       386M       605M
Swap:         8.0G         0B       8.0G

             total       used       free     shared    buffers     cached
Mem:          992M       721M       270M       1.5M        39M       294M
-/+ buffers/cache:       386M       605M
Swap:         8.0G         0B       8.0G

             total       used       free     shared    buffers     cached
Mem:          992M       721M       271M       1.5M        39M       294M
-/+ buffers/cache:       386M       605M
Swap:         8.0G         0B       8.0G

             total       used       free     shared    buffers     cached
Mem:          992M       724M       267M       1.5M        39M       294M
-/+ buffers/cache:       390M       602M
Swap:         8.0G         0B       8.0G

             total       used       free     shared    buffers     cached
Mem:          992M       743M       248M       1.5M        39M       294M
-/+ buffers/cache:       409M       583M
Swap:         8.0G         0B       8.0G

             total       used       free     shared    buffers     cached
Mem:          992M       762M       229M       1.5M        39M       294M
-/+ buffers/cache:       428M       564M
Swap:         8.0G         0B       8.0G

             total       used       free     shared    buffers     cached
Mem:          992M       783M       208M       1.5M        39M       294M
-/+ buffers/cache:       449M       543M
Swap:         8.0G         0B       8.0G

             total       used       free     shared    buffers     cached
Mem:          992M       805M       186M       1.5M        39M       294M
-/+ buffers/cache:       471M       520M
Swap:         8.0G         0B       8.0G

             total       used       free     shared    buffers     cached
Mem:          992M       825M       166M       1.5M        39M       294M
-/+ buffers/cache:       491M       500M
Swap:         8.0G         0B       8.0G

             total       used       free     shared    buffers     cached
Mem:          992M       844M       148M       1.5M        39M       294M
-/+ buffers/cache:       509M       482M
Swap:         8.0G         0B       8.0G

             total       used       free     shared    buffers     cached
Mem:          992M       864M       128M       1.5M        39M       294M
-/+ buffers/cache:       529M       462M
Swap:         8.0G         0B       8.0G

             total       used       free     shared    buffers     cached
Mem:          992M       883M       108M       1.5M        39M       294M
-/+ buffers/cache:       549M       443M
Swap:         8.0G         0B       8.0G

             total       used       free     shared    buffers     cached
Mem:          992M       903M        88M       1.5M        39M       294M
-/+ buffers/cache:       568M       423M
Swap:         8.0G         0B       8.0G

             total       used       free     shared    buffers     cached
Mem:          992M       925M        66M       1.5M        39M       294M
-/+ buffers/cache:       590M       401M
Swap:         8.0G         0B       8.0G

             total       used       free     shared    buffers     cached
Mem:          992M       923M        68M       1.5M        20M       293M
-/+ buffers/cache:       609M       382M
Swap:         8.0G         0B       8.0G

             total       used       free     shared    buffers     cached
Mem:          992M       917M        74M       1.5M        11M       282M
-/+ buffers/cache:       624M       367M
Swap:         8.0G        12K       8.0G

             total       used       free     shared    buffers     cached
Mem:          992M       922M        69M       1.4M        10M       266M
-/+ buffers/cache:       645M       347M
Swap:         8.0G       132K       8.0G

             total       used       free     shared    buffers     cached
Mem:          992M       919M        73M       1.3M        10M       247M
-/+ buffers/cache:       661M       331M
Swap:         8.0G       888K       8.0G

             total       used       free     shared    buffers     cached
Mem:          992M       901M        90M       1.0M        10M       214M
-/+ buffers/cache:       676M       315M
Swap:         8.0G        19M       8.0G

             total       used       free     shared    buffers     cached
Mem:          992M       919M        73M       1.0M        10M       214M
-/+ buffers/cache:       694M       297M
Swap:         8.0G        19M       8.0G

             total       used       free     shared    buffers     cached
Mem:          992M       923M        69M       1.0M       3.8M       208M
-/+ buffers/cache:       710M       281M
Swap:         8.0G        19M       8.0G

             total       used       free     shared    buffers     cached
Mem:          992M       920M        72M       1.0M       1.5M       188M
-/+ buffers/cache:       729M       262M
Swap:         8.0G        19M       8.0G

             total       used       free     shared    buffers     cached
Mem:          992M       912M        79M       1.0M       976K       164M
-/+ buffers/cache:       747M       244M
Swap:         8.0G        19M       8.0G

             total       used       free     shared    buffers     cached
Mem:          992M       912M        79M       1.0M       988K       144M
-/+ buffers/cache:       766M       225M
Swap:         8.0G        19M       8.0G

             total       used       free     shared    buffers     cached
Mem:          992M       927M        64M       1.0M       992K       144M
-/+ buffers/cache:       781M       210M
Swap:         8.0G        19M       8.0G

             total       used       free     shared    buffers     cached
Mem:          992M       928M        63M       1.0M        92K       124M
-/+ buffers/cache:       803M       188M
Swap:         8.0G        19M       8.0G

             total       used       free     shared    buffers     cached
Mem:          992M       920M        71M       1.0M        84K        99M
-/+ buffers/cache:       821M       171M
Swap:         8.0G        19M       8.0G

             total       used       free     shared    buffers     cached
Mem:          992M       930M        61M       1.0M        88K        96M
-/+ buffers/cache:       833M       158M
Swap:         8.0G        19M       8.0G

             total       used       free     shared    buffers     cached
Mem:          992M       924M        67M       1.0M        96K        74M
-/+ buffers/cache:       849M       142M
Swap:         8.0G        19M       8.0G

             total       used       free     shared    buffers     cached
Mem:          992M       928M        63M       1.0M       236K        57M
-/+ buffers/cache:       870M       121M
Swap:         8.0G        19M       8.0G

             total       used       free     shared    buffers     cached
Mem:          992M       917M        74M       1.0M       236K        25M
-/+ buffers/cache:       891M       100M
Swap:         8.0G        19M       8.0G

             total       used       free     shared    buffers     cached
Mem:          992M       920M        71M       1.0M       508K        10M
-/+ buffers/cache:       909M        82M
Swap:         8.0G        19M       8.0G

             total       used       free     shared    buffers     cached
Mem:          992M       918M        73M       720K       836K       4.8M
-/+ buffers/cache:       912M        79M
Swap:         8.0G        29M       8.0G

             total       used       free     shared    buffers     cached
Mem:          992M       923M        68M       736K       836K       4.0M
-/+ buffers/cache:       918M        73M
Swap:         8.0G        45M       8.0G

             total       used       free     shared    buffers     cached
Mem:          992M       926M        65M       588K       224K        15M
-/+ buffers/cache:       910M        81M
Swap:         8.0G       309M       7.7G

             total       used       free     shared    buffers     cached
Mem:          992M       925M        66M       592K       228K        15M
-/+ buffers/cache:       909M        82M
Swap:         8.0G       309M       7.7G

             total       used       free     shared    buffers     cached
Mem:          992M       922M        69M       592K       236K        15M
-/+ buffers/cache:       906M        85M
Swap:         8.0G       309M       7.7G

             total       used       free     shared    buffers     cached
Mem:          992M       921M        70M       592K       380K        15M
-/+ buffers/cache:       905M        86M
Swap:         8.0G       309M       7.7G

             total       used       free     shared    buffers     cached
Mem:          992M       928M        63M       592K       556K        21M
-/+ buffers/cache:       906M        85M
Swap:         8.0G       304M       7.7G

             total       used       free     shared    buffers     cached
Mem:          992M       895M        96M       592K       516K        20M
-/+ buffers/cache:       874M       117M
Swap:         8.0G       302M       7.7G

             total       used       free     shared    buffers     cached
Mem:          992M       915M        76M       592K       2.9M        31M
-/+ buffers/cache:       881M       110M
Swap:         8.0G       299M       7.7G

             total       used       free     shared    buffers     cached
Mem:          992M       924M        67M       604K       2.9M        31M
-/+ buffers/cache:       890M       101M
Swap:         8.0G       299M       7.7G

             total       used       free     shared    buffers     cached
Mem:          992M       902M        89M       604K       2.9M        28M
-/+ buffers/cache:       871M       120M
Swap:         8.0G       299M       7.7G

             total       used       free     shared    buffers     cached
Mem:          992M       909M        82M       604K       2.9M        28M
-/+ buffers/cache:       878M       113M
Swap:         8.0G       299M       7.7G

             total       used       free     shared    buffers     cached
Mem:          992M       918M        73M       604K       2.9M        28M
-/+ buffers/cache:       887M       104M
Swap:         8.0G       299M       7.7G

             total       used       free     shared    buffers     cached
Mem:          992M       929M        62M       604K       2.9M        28M
-/+ buffers/cache:       898M        94M
Swap:         8.0G       299M       7.7G

             total       used       free     shared    buffers     cached
Mem:          992M       924M        67M       604K       2.9M        28M
-/+ buffers/cache:       893M        98M
Swap:         8.0G       299M       7.7G

             total       used       free     shared    buffers     cached
Mem:          992M       920M        71M       604K       2.9M        27M
-/+ buffers/cache:       890M       101M
Swap:         8.0G       299M       7.7G

             total       used       free     shared    buffers     cached
Mem:          992M       930M        61M       604K       2.9M        27M
-/+ buffers/cache:       900M        91M
Swap:         8.0G       299M       7.7G

             total       used       free     shared    buffers     cached
Mem:          992M       919M        72M       604K       2.9M        25M
-/+ buffers/cache:       891M       100M
Swap:         8.0G       299M       7.7G

             total       used       free     shared    buffers     cached
Mem:          992M       929M        62M       604K       2.9M        25M
-/+ buffers/cache:       901M        91M
Swap:         8.0G       299M       7.7G

             total       used       free     shared    buffers     cached
Mem:          992M       915M        76M       604K       2.9M        24M
-/+ buffers/cache:       888M       103M
Swap:         8.0G       299M       7.7G

             total       used       free     shared    buffers     cached
Mem:          992M       925M        66M       604K       2.9M        24M
-/+ buffers/cache:       898M        93M
Swap:         8.0G       299M       7.7G

             total       used       free     shared    buffers     cached
Mem:          992M       913M        78M       604K       2.9M        22M
-/+ buffers/cache:       887M       104M
Swap:         8.0G       299M       7.7G

             total       used       free     shared    buffers     cached
Mem:          992M       924M        68M       604K       2.9M        22M
-/+ buffers/cache:       898M        93M
Swap:         8.0G       299M       7.7G

             total       used       free     shared    buffers     cached
Mem:          992M       920M        71M       604K       2.9M        21M
-/+ buffers/cache:       895M        96M
Swap:         8.0G       299M       7.7G

             total       used       free     shared    buffers     cached
Mem:          992M       929M        62M       604K       2.9M        21M
-/+ buffers/cache:       905M        87M
Swap:         8.0G       299M       7.7G

             total       used       free     shared    buffers     cached
Mem:          992M       913M        79M       600K       116K        14M
-/+ buffers/cache:       897M        94M
Swap:         8.0G       300M       7.7G

             total       used       free     shared    buffers     cached
Mem:          992M       924M        67M       600K       124K        14M
-/+ buffers/cache:       909M        82M
Swap:         8.0G       300M       7.7G

             total       used       free     shared    buffers     cached
Mem:          992M       922M        69M       600K       276K       5.2M
-/+ buffers/cache:       917M        75M
Swap:         8.0G       300M       7.7G

             total       used       free     shared    buffers     cached
Mem:          992M       920M        71M       600K       272K       4.2M
-/+ buffers/cache:       916M        75M
Swap:         8.0G       301M       7.7G

             total       used       free     shared    buffers     cached
Mem:          992M       918M        73M       600K       272K       3.8M
-/+ buffers/cache:       914M        77M
Swap:         8.0G       301M       7.7G

             total       used       free     shared    buffers     cached
Mem:          992M       931M        60M       600K       272K       3.8M
-/+ buffers/cache:       927M        64M
Swap:         8.0G       301M       7.7G

             total       used       free     shared    buffers     cached
Mem:          992M       927M        64M       600K       280K       3.1M
-/+ buffers/cache:       924M        67M
Swap:         8.0G       301M       7.7G

             total       used       free     shared    buffers     cached
Mem:          992M       926M        65M       600K       280K       3.1M
-/+ buffers/cache:       922M        69M
Swap:         8.0G       301M       7.7G

             total       used       free     shared    buffers     cached
Mem:          992M       934M        57M        28K       280K       2.6M
-/+ buffers/cache:       932M        60M
Swap:         8.0G       414M       7.6G

             total       used       free     shared    buffers     cached
Mem:          992M       903M        88M         4K       280K       2.5M
-/+ buffers/cache:       900M        91M
Swap:         8.0G       430M       7.6G

             total       used       free     shared    buffers     cached
Mem:          992M       901M        91M         4K       280K       2.6M
-/+ buffers/cache:       898M        93M
Swap:         8.0G       430M       7.6G

             total       used       free     shared    buffers     cached
Mem:          992M       901M        90M         4K       280K       2.6M
-/+ buffers/cache:       899M        93M
Swap:         8.0G       430M       7.6G

             total       used       free     shared    buffers     cached
Mem:          992M       904M        87M         4K       288K       2.6M
-/+ buffers/cache:       901M        90M
Swap:         8.0G       430M       7.6G

             total       used       free     shared    buffers     cached
Mem:          992M       910M        81M         4K       288K       2.6M
-/+ buffers/cache:       907M        84M
Swap:         8.0G       430M       7.6G

             total       used       free     shared    buffers     cached
Mem:          992M       915M        77M         4K       288K       2.5M
-/+ buffers/cache:       912M        79M
Swap:         8.0G       430M       7.6G

             total       used       free     shared    buffers     cached
Mem:          992M       921M        71M         4K       288K       2.5M
-/+ buffers/cache:       918M        74M
Swap:         8.0G       430M       7.6G

             total       used       free     shared    buffers     cached
Mem:          992M       926M        65M         4K       288K       2.5M
-/+ buffers/cache:       924M        68M
Swap:         8.0G       430M       7.6G

             total       used       free     shared    buffers     cached
Mem:          992M       920M        71M         4K       296K       2.6M
-/+ buffers/cache:       917M        74M
Swap:         8.0G       430M       7.6G

             total       used       free     shared    buffers     cached
Mem:          992M       925M        67M         4K       296K       2.6M
-/+ buffers/cache:       922M        69M
Swap:         8.0G       430M       7.6G

             total       used       free     shared    buffers     cached
Mem:          992M       931M        60M         4K       296K       2.5M
-/+ buffers/cache:       928M        63M
Swap:         8.0G       430M       7.6G

             total       used       free     shared    buffers     cached
Mem:          992M       923M        68M         4K       276K       2.5M
-/+ buffers/cache:       921M        71M
Swap:         8.0G       430M       7.6G

             total       used       free     shared    buffers     cached
Mem:          992M       928M        63M         4K       276K       2.6M
-/+ buffers/cache:       925M        66M
Swap:         8.0G       430M       7.6G

             total       used       free     shared    buffers     cached
Mem:          992M       921M        70M         4K       284K       2.5M
-/+ buffers/cache:       918M        73M
Swap:         8.0G       430M       7.6G

             total       used       free     shared    buffers     cached
Mem:          992M       925M        66M         4K       284K       2.5M
-/+ buffers/cache:       922M        69M
Swap:         8.0G       430M       7.6G

             total       used       free     shared    buffers     cached
Mem:          992M       930M        61M         4K       284K       2.5M
-/+ buffers/cache:       928M        64M
Swap:         8.0G       430M       7.6G

             total       used       free     shared    buffers     cached
Mem:          992M       920M        71M         4K       284K       2.4M
-/+ buffers/cache:       918M        74M
Swap:         8.0G       430M       7.6G

             total       used       free     shared    buffers     cached
Mem:          992M       925M        67M         4K       284K       2.4M
-/+ buffers/cache:       922M        69M
Swap:         8.0G       430M       7.6G

             total       used       free     shared    buffers     cached
Mem:          992M       929M        62M         4K       292K       2.4M
-/+ buffers/cache:       926M        65M
Swap:         8.0G       430M       7.6G

             total       used       free     shared    buffers     cached
Mem:          992M       919M        72M         4K       292K       2.3M
-/+ buffers/cache:       917M        74M
Swap:         8.0G       430M       7.6G

             total       used       free     shared    buffers     cached
Mem:          992M       932M        59M         4K       292K       2.1M
-/+ buffers/cache:       929M        62M
Swap:         8.0G       539M       7.5G

             total       used       free     shared    buffers     cached
Mem:          992M       870M       121M         0B       292K       2.1M
-/+ buffers/cache:       868M       124M
Swap:         8.0G       565M       7.4G

             total       used       free     shared    buffers     cached
Mem:          992M       868M       123M         0B       292K       2.2M
-/+ buffers/cache:       866M       125M
Swap:         8.0G       565M       7.4G

             total       used       free     shared    buffers     cached
Mem:          992M       865M       126M         0B       292K       2.1M
-/+ buffers/cache:       862M       129M
Swap:         8.0G       565M       7.4G

             total       used       free     shared    buffers     cached
Mem:          992M       876M       115M         0B       300K       2.2M
-/+ buffers/cache:       874M       117M
Swap:         8.0G       542M       7.5G

             total       used       free     shared    buffers     cached
Mem:          992M       918M        73M         0B       300K       2.2M
-/+ buffers/cache:       916M        75M
Swap:         8.0G       463M       7.5G

             total       used       free     shared    buffers     cached
Mem:          992M       920M        71M         0B       300K       1.9M
-/+ buffers/cache:       918M        73M
Swap:         8.0G       394M       7.6G

             total       used       free     shared    buffers     cached
Mem:          992M       919M        73M         0B       300K       1.4M
-/+ buffers/cache:       917M        74M
Swap:         8.0G       413M       7.6G

             total       used       free     shared    buffers     cached
Mem:          992M       923M        68M         0B       220K        16M
-/+ buffers/cache:       906M        85M
Swap:         8.0G       417M       7.6G

             total       used       free     shared    buffers     cached
Mem:          992M       920M        71M        24K        92K        10M
-/+ buffers/cache:       910M        81M
Swap:         8.0G       426M       7.6G

             total       used       free     shared    buffers     cached
Mem:          992M       923M        68M        24K       648K        17M
-/+ buffers/cache:       905M        87M
Swap:         8.0G       404M       7.6G

             total       used       free     shared    buffers     cached
Mem:          992M       925M        67M        24K        88K        12M
-/+ buffers/cache:       912M        79M
Swap:         8.0G       509M       7.5G

             total       used       free     shared    buffers     cached
Mem:          992M       919M        73M        24K       104K       9.4M
-/+ buffers/cache:       909M        82M
Swap:         8.0G       509M       7.5G

             total       used       free     shared    buffers     cached
Mem:          992M       915M        76M        24K       112K       9.6M
-/+ buffers/cache:       906M        86M
Swap:         8.0G       509M       7.5G

             total       used       free     shared    buffers     cached
Mem:          992M       887M       104M        24K       248K       4.2M
-/+ buffers/cache:       882M       109M
Swap:         8.0G       479M       7.5G

             total       used       free     shared    buffers     cached
Mem:          992M       928M        63M        24K       248K       4.3M
-/+ buffers/cache:       923M        68M
Swap:         8.0G       423M       7.6G

             total       used       free     shared    buffers     cached
Mem:          992M       923M        68M        24K       196K       1.7M
-/+ buffers/cache:       921M        70M
Swap:         8.0G       410M       7.6G

             total       used       free     shared    buffers     cached
Mem:          992M       919M        72M        12K       376K       1.6M
-/+ buffers/cache:       917M        74M
Swap:         8.0G       436M       7.6G

             total       used       free     shared    buffers     cached
Mem:          992M       920M        71M        12K       376K       1.7M
-/+ buffers/cache:       918M        74M
Swap:         8.0G       433M       7.6G

             total       used       free     shared    buffers     cached
Mem:          992M       923M        68M        12K       384K       1.7M
-/+ buffers/cache:       921M        70M
Swap:         8.0G       389M       7.6G

             total       used       free     shared    buffers     cached
Mem:          992M       926M        65M        12K       384K       1.7M
-/+ buffers/cache:       924M        67M
Swap:         8.0G       487M       7.5G

             total       used       free     shared    buffers     cached
Mem:          992M       901M        90M        12K       384K       1.7M
-/+ buffers/cache:       899M        92M
Swap:         8.0G       506M       7.5G

             total       used       free     shared    buffers     cached
Mem:          992M       898M        93M        12K       384K       1.7M
-/+ buffers/cache:       896M        95M
Swap:         8.0G       506M       7.5G

             total       used       free     shared    buffers     cached
Mem:          992M       914M        78M        12K       384K       1.7M
-/+ buffers/cache:       911M        80M
Swap:         8.0G       477M       7.5G

             total       used       free     shared    buffers     cached
Mem:          992M       918M        73M        12K       392K       2.2M
-/+ buffers/cache:       915M        76M
Swap:         8.0G       449M       7.6G

             total       used       free     shared    buffers     cached
Mem:          992M       920M        72M        12K       392K       2.2M
-/+ buffers/cache:       917M        74M
Swap:         8.0G       392M       7.6G

             total       used       free     shared    buffers     cached
Mem:          992M       919M        72M        12K       392K       2.2M
-/+ buffers/cache:       916M        75M
Swap:         8.0G       387M       7.6G

             total       used       free     shared    buffers     cached
Mem:          992M       920M        71M        12K       392K       2.1M
-/+ buffers/cache:       918M        74M
Swap:         8.0G       386M       7.6G

             total       used       free     shared    buffers     cached
Mem:          992M       921M        70M        12K       392K       2.2M
-/+ buffers/cache:       918M        73M
Swap:         8.0G       388M       7.6G

             total       used       free     shared    buffers     cached
Mem:          992M       925M        66M        12K       400K       2.2M
-/+ buffers/cache:       923M        69M
Swap:         8.0G       387M       7.6G

             total       used       free     shared    buffers     cached
Mem:          992M       930M        61M        12K       400K       2.2M
-/+ buffers/cache:       927M        64M
Swap:         8.0G       386M       7.6G

             total       used       free     shared    buffers     cached
Mem:          992M       920M        72M        12K       112K       2.1M
-/+ buffers/cache:       917M        74M
Swap:         8.0G       402M       7.6G

             total       used       free     shared    buffers     cached
Mem:          992M       926M        65M        12K       112K       2.1M
-/+ buffers/cache:       924M        67M
Swap:         8.0G       402M       7.6G

             total       used       free     shared    buffers     cached
Mem:          992M       930M        61M        12K       112K       2.1M
-/+ buffers/cache:       928M        63M
Swap:         8.0G       402M       7.6G

             total       used       free     shared    buffers     cached
Mem:          992M       923M        68M        12K       112K       2.1M
-/+ buffers/cache:       921M        70M
Swap:         8.0G       402M       7.6G

             total       used       free     shared    buffers     cached
Mem:          992M       929M        62M        12K       120K       2.1M
-/+ buffers/cache:       927M        65M
Swap:         8.0G       402M       7.6G

             total       used       free     shared    buffers     cached
Mem:          992M       916M        76M        12K        88K       2.1M
-/+ buffers/cache:       913M        78M
Swap:         8.0G       429M       7.6G

             total       used       free     shared    buffers     cached
Mem:          992M       921M        70M        12K        88K       2.1M
-/+ buffers/cache:       919M        72M
Swap:         8.0G       429M       7.6G

             total       used       free     shared    buffers     cached
Mem:          992M       923M        69M        12K        88K       2.1M
-/+ buffers/cache:       920M        71M
Swap:         8.0G       428M       7.6G

             total       used       free     shared    buffers     cached
Mem:          992M       924M        67M        12K        88K       2.1M
-/+ buffers/cache:       922M        69M
Swap:         8.0G       428M       7.6G

             total       used       free     shared    buffers     cached
Mem:          992M       926M        66M        12K        96K       2.1M
-/+ buffers/cache:       923M        68M
Swap:         8.0G       427M       7.6G

             total       used       free     shared    buffers     cached
Mem:          992M       927M        64M        12K        96K       2.1M
-/+ buffers/cache:       925M        66M
Swap:         8.0G       426M       7.6G

             total       used       free     shared    buffers     cached
Mem:          992M       929M        62M        12K        96K       2.1M
-/+ buffers/cache:       927M        65M
Swap:         8.0G       426M       7.6G

             total       used       free     shared    buffers     cached
Mem:          992M       930M        61M        12K        96K       2.1M
-/+ buffers/cache:       928M        63M
Swap:         8.0G       425M       7.6G

             total       used       free     shared    buffers     cached
Mem:          992M       918M        73M        12K        96K       2.1M
-/+ buffers/cache:       916M        75M
Swap:         8.0G       430M       7.6G

             total       used       free     shared    buffers     cached
Mem:          992M       920M        72M        12K       104K       2.1M
-/+ buffers/cache:       917M        74M
Swap:         8.0G       430M       7.6G

             total       used       free     shared    buffers     cached
Mem:          992M       921M        70M        12K       104K       2.1M
-/+ buffers/cache:       919M        72M
Swap:         8.0G       429M       7.6G

             total       used       free     shared    buffers     cached
Mem:          992M       923M        68M        12K       104K       2.1M
-/+ buffers/cache:       921M        71M
Swap:         8.0G       428M       7.6G

             total       used       free     shared    buffers     cached
Mem:          992M       925M        67M        12K       104K       2.1M
-/+ buffers/cache:       922M        69M
Swap:         8.0G       427M       7.6G

             total       used       free     shared    buffers     cached
Mem:          992M       926M        65M        12K       104K       2.1M
-/+ buffers/cache:       924M        67M
Swap:         8.0G       426M       7.6G

             total       used       free     shared    buffers     cached
Mem:          992M       928M        63M        12K       104K       2.1M
-/+ buffers/cache:       926M        65M
Swap:         8.0G       425M       7.6G

             total       used       free     shared    buffers     cached
Mem:          992M       929M        62M        12K       112K       2.1M
-/+ buffers/cache:       927M        64M
Swap:         8.0G       425M       7.6G

             total       used       free     shared    buffers     cached
Mem:          992M       929M        62M        12K       112K       2.2M
-/+ buffers/cache:       927M        64M
Swap:         8.0G       425M       7.6G

             total       used       free     shared    buffers     cached
Mem:          992M       917M        74M        12K       420K        25M
-/+ buffers/cache:       891M       100M
Swap:         8.0G       471M       7.5G

             total       used       free     shared    buffers     cached
Mem:          992M       913M        78M        40K        80K        25M
-/+ buffers/cache:       888M       104M
Swap:         8.0G       477M       7.5G

             total       used       free     shared    buffers     cached
Mem:          992M       915M        76M        40K        80K        25M
-/+ buffers/cache:       889M       102M
Swap:         8.0G       476M       7.5G

             total       used       free     shared    buffers     cached
Mem:          992M       916M        75M        40K        84K        25M
-/+ buffers/cache:       890M       101M
Swap:         8.0G       476M       7.5G

             total       used       free     shared    buffers     cached
Mem:          992M       917M        74M        40K        96K        25M
-/+ buffers/cache:       891M       100M
Swap:         8.0G       476M       7.5G

             total       used       free     shared    buffers     cached
Mem:          992M       918M        73M        40K       104K        25M
-/+ buffers/cache:       892M        99M
Swap:         8.0G       475M       7.5G

             total       used       free     shared    buffers     cached
Mem:          992M       930M        61M        40K       104K        30M
-/+ buffers/cache:       899M        92M
Swap:         8.0G       471M       7.5G

             total       used       free     shared    buffers     cached
Mem:          992M       920M        71M        40K       548K        30M
-/+ buffers/cache:       889M       103M
Swap:         8.0G       472M       7.5G

             total       used       free     shared    buffers     cached
Mem:          992M       921M        70M        40K       548K        30M
-/+ buffers/cache:       890M       102M
Swap:         8.0G       472M       7.5G

             total       used       free     shared    buffers     cached
Mem:          992M       922M        69M        40K       548K        30M
-/+ buffers/cache:       891M       101M
Swap:         8.0G       472M       7.5G

             total       used       free     shared    buffers     cached
Mem:          992M       923M        68M        40K       556K        30M
-/+ buffers/cache:       892M       100M
Swap:         8.0G       471M       7.5G

             total       used       free     shared    buffers     cached
Mem:          992M       926M        65M        40K       844K        31M
-/+ buffers/cache:       894M        97M
Swap:         8.0G       470M       7.5G

             total       used       free     shared    buffers     cached
Mem:          992M       929M        62M        40K       848K        32M
-/+ buffers/cache:       895M        96M
Swap:         8.0G       470M       7.5G

             total       used       free     shared    buffers     cached
Mem:          992M       926M        65M        40K       3.4M        44M
-/+ buffers/cache:       879M       113M
Swap:         8.0G       499M       7.5G

             total       used       free     shared    buffers     cached
Mem:          992M       922M        69M        56K       5.3M        49M
-/+ buffers/cache:       868M       124M
Swap:         8.0G       508M       7.5G

             total       used       free     shared    buffers     cached
Mem:          992M       905M        87M       588K       6.1M        52M
-/+ buffers/cache:       846M       145M
Swap:         8.0G       538M       7.5G

             total       used       free     shared    buffers     cached
Mem:          992M       906M        86M       588K       6.1M        52M
-/+ buffers/cache:       847M       144M
Swap:         8.0G       538M       7.5G

             total       used       free     shared    buffers     cached
Mem:          992M       907M        84M       588K       6.1M        52M
-/+ buffers/cache:       849M       143M
Swap:         8.0G       537M       7.5G

             total       used       free     shared    buffers     cached
Mem:          992M       908M        83M       588K       6.1M        52M
-/+ buffers/cache:       850M       142M
Swap:         8.0G       537M       7.5G

             total       used       free     shared    buffers     cached
Mem:          992M       909M        82M       588K       6.1M        52M
-/+ buffers/cache:       851M       140M
Swap:         8.0G       536M       7.5G

             total       used       free     shared    buffers     cached
Mem:          992M       910M        81M       588K       6.1M        52M
-/+ buffers/cache:       852M       139M
Swap:         8.0G       536M       7.5G

             total       used       free     shared    buffers     cached
Mem:          992M       911M        80M       588K       6.1M        52M
-/+ buffers/cache:       853M       138M
Swap:         8.0G       536M       7.5G

             total       used       free     shared    buffers     cached
Mem:          992M       912M        79M       588K       6.1M        52M
-/+ buffers/cache:       854M       137M
Swap:         8.0G       535M       7.5G

             total       used       free     shared    buffers     cached
Mem:          992M       913M        78M       588K       6.1M        52M
-/+ buffers/cache:       855M       136M
Swap:         8.0G       535M       7.5G

             total       used       free     shared    buffers     cached
Mem:          992M       915M        77M       588K       6.1M        52M
-/+ buffers/cache:       856M       135M
Swap:         8.0G       534M       7.5G

             total       used       free     shared    buffers     cached
Mem:          992M       915M        76M       588K       6.1M        52M
-/+ buffers/cache:       857M       134M
Swap:         8.0G       534M       7.5G

             total       used       free     shared    buffers     cached
Mem:          992M       917M        75M       588K       6.1M        52M
-/+ buffers/cache:       858M       133M
Swap:         8.0G       534M       7.5G

             total       used       free     shared    buffers     cached
Mem:          992M       918M        74M       588K       6.1M        52M
-/+ buffers/cache:       859M       132M
Swap:         8.0G       533M       7.5G

             total       used       free     shared    buffers     cached
Mem:          992M       919M        72M       588K       6.1M        52M
-/+ buffers/cache:       860M       131M
Swap:         8.0G       533M       7.5G

             total       used       free     shared    buffers     cached
Mem:          992M       920M        71M       588K       6.1M        52M
-/+ buffers/cache:       861M       130M
Swap:         8.0G       532M       7.5G

             total       used       free     shared    buffers     cached
Mem:          992M       921M        70M       588K       6.1M        52M
-/+ buffers/cache:       862M       129M
Swap:         8.0G       532M       7.5G

             total       used       free     shared    buffers     cached
Mem:          992M       922M        69M       588K       6.1M        52M
-/+ buffers/cache:       863M       128M
Swap:         8.0G       532M       7.5G

             total       used       free     shared    buffers     cached
Mem:          992M       923M        68M       588K       6.1M        52M
-/+ buffers/cache:       864M       127M
Swap:         8.0G       531M       7.5G

             total       used       free     shared    buffers     cached
Mem:          992M       924M        67M       588K       6.1M        52M
-/+ buffers/cache:       866M       126M
Swap:         8.0G       531M       7.5G

             total       used       free     shared    buffers     cached
Mem:          992M       925M        66M       588K       6.1M        52M
-/+ buffers/cache:       867M       124M
Swap:         8.0G       530M       7.5G

             total       used       free     shared    buffers     cached
Mem:          992M       926M        65M       588K       6.1M        52M
-/+ buffers/cache:       868M       123M
Swap:         8.0G       530M       7.5G

             total       used       free     shared    buffers     cached
Mem:          992M       928M        64M       588K       6.1M        52M
-/+ buffers/cache:       869M       122M
Swap:         8.0G       529M       7.5G

             total       used       free     shared    buffers     cached
Mem:          992M       929M        62M       588K       6.1M        52M
-/+ buffers/cache:       870M       121M
Swap:         8.0G       529M       7.5G

             total       used       free     shared    buffers     cached
Mem:          992M       930M        61M       588K       6.1M        52M
-/+ buffers/cache:       872M       120M
Swap:         8.0G       528M       7.5G

             total       used       free     shared    buffers     cached
Mem:          992M       914M        77M       588K       6.1M        50M
-/+ buffers/cache:       857M       134M
Swap:         8.0G       546M       7.5G

             total       used       free     shared    buffers     cached
Mem:          992M       915M        76M       588K       6.1M        50M
-/+ buffers/cache:       858M       133M
Swap:         8.0G       545M       7.5G

             total       used       free     shared    buffers     cached
Mem:          992M       916M        75M       588K       6.1M        50M
-/+ buffers/cache:       859M       132M
Swap:         8.0G       545M       7.5G

             total       used       free     shared    buffers     cached
Mem:          992M       917M        74M       588K       6.1M        50M
-/+ buffers/cache:       860M       131M
Swap:         8.0G       544M       7.5G

             total       used       free     shared    buffers     cached
Mem:          992M       918M        73M       588K       6.1M        50M
-/+ buffers/cache:       862M       129M
Swap:         8.0G       544M       7.5G

             total       used       free     shared    buffers     cached
Mem:          992M       920M        72M       588K       6.1M        50M
-/+ buffers/cache:       863M       128M
Swap:         8.0G       543M       7.5G

             total       used       free     shared    buffers     cached
Mem:          992M       921M        70M       588K       6.1M        50M
-/+ buffers/cache:       864M       127M
Swap:         8.0G       543M       7.5G

             total       used       free     shared    buffers     cached
Mem:          992M       922M        69M       588K       6.1M        50M
-/+ buffers/cache:       865M       126M
Swap:         8.0G       542M       7.5G

             total       used       free     shared    buffers     cached
Mem:          992M       923M        68M       588K       6.1M        50M
-/+ buffers/cache:       867M       125M
Swap:         8.0G       542M       7.5G

             total       used       free     shared    buffers     cached
Mem:          992M       925M        67M       588K       6.1M        50M
-/+ buffers/cache:       868M       123M
Swap:         8.0G       541M       7.5G

             total       used       free     shared    buffers     cached
Mem:          992M       926M        65M       588K       6.1M        50M
-/+ buffers/cache:       869M       122M
Swap:         8.0G       541M       7.5G

             total       used       free     shared    buffers     cached
Mem:          992M       927M        64M       588K       6.1M        50M
-/+ buffers/cache:       870M       121M
Swap:         8.0G       540M       7.5G

             total       used       free     shared    buffers     cached
Mem:          992M       928M        63M       588K       6.1M        50M
-/+ buffers/cache:       871M       120M
Swap:         8.0G       540M       7.5G

             total       used       free     shared    buffers     cached
Mem:          992M       929M        62M       588K       6.1M        50M
-/+ buffers/cache:       873M       119M
Swap:         8.0G       539M       7.5G

             total       used       free     shared    buffers     cached
Mem:          992M       931M        61M       588K       6.1M        50M
-/+ buffers/cache:       874M       117M
Swap:         8.0G       539M       7.5G

             total       used       free     shared    buffers     cached
Mem:          992M       915M        77M       588K       6.1M        49M
-/+ buffers/cache:       859M       132M
Swap:         8.0G       553M       7.5G

             total       used       free     shared    buffers     cached
Mem:          992M       916M        75M       588K       6.1M        49M
-/+ buffers/cache:       860M       131M
Swap:         8.0G       553M       7.5G

             total       used       free     shared    buffers     cached
Mem:          992M       917M        74M       588K       6.1M        49M
-/+ buffers/cache:       861M       130M
Swap:         8.0G       552M       7.5G

             total       used       free     shared    buffers     cached
Mem:          992M       918M        73M       588K       6.1M        49M
-/+ buffers/cache:       863M       129M
Swap:         8.0G       552M       7.5G

             total       used       free     shared    buffers     cached
Mem:          992M       919M        72M       588K       6.1M        49M
-/+ buffers/cache:       864M       128M
Swap:         8.0G       551M       7.5G

             total       used       free     shared    buffers     cached
Mem:          992M       920M        71M       588K       6.2M        49M
-/+ buffers/cache:       865M       126M
Swap:         8.0G       551M       7.5G

             total       used       free     shared    buffers     cached
Mem:          992M       922M        70M       588K       6.2M        49M
-/+ buffers/cache:       866M       125M
Swap:         8.0G       550M       7.5G

             total       used       free     shared    buffers     cached
Mem:          992M       923M        69M       588K       6.2M        49M
-/+ buffers/cache:       867M       124M
Swap:         8.0G       550M       7.5G

             total       used       free     shared    buffers     cached
Mem:          992M       924M        68M       588K       6.2M        49M
-/+ buffers/cache:       868M       123M
Swap:         8.0G       549M       7.5G

             total       used       free     shared    buffers     cached
Mem:          992M       925M        66M       588K       6.2M        49M
-/+ buffers/cache:       869M       122M
Swap:         8.0G       549M       7.5G

             total       used       free     shared    buffers     cached
Mem:          992M       926M        65M       588K       6.2M        49M
-/+ buffers/cache:       870M       121M
Swap:         8.0G       548M       7.5G

             total       used       free     shared    buffers     cached
Mem:          992M       927M        64M       588K       6.2M        49M
-/+ buffers/cache:       872M       120M
Swap:         8.0G       548M       7.5G

             total       used       free     shared    buffers     cached
Mem:          992M       929M        63M       588K       6.2M        49M
-/+ buffers/cache:       873M       118M
Swap:         8.0G       547M       7.5G

             total       used       free     shared    buffers     cached
Mem:          992M       930M        61M       588K       6.2M        49M
-/+ buffers/cache:       874M       117M
Swap:         8.0G       547M       7.5G

             total       used       free     shared    buffers     cached
Mem:          992M       914M        77M       588K       6.2M        48M
-/+ buffers/cache:       859M       132M
Swap:         8.0G       559M       7.5G

             total       used       free     shared    buffers     cached
Mem:          992M       912M        79M       592K       4.9M        46M
-/+ buffers/cache:       860M       131M
Swap:         8.0G       641M       7.4G

             total       used       free     shared    buffers     cached
Mem:          992M       911M        80M       592K       4.9M        46M
-/+ buffers/cache:       860M       132M
Swap:         8.0G       641M       7.4G

             total       used       free     shared    buffers     cached
Mem:          992M       911M        80M       592K       4.9M        46M
-/+ buffers/cache:       860M       132M
Swap:         8.0G       641M       7.4G

             total       used       free     shared    buffers     cached
Mem:          992M       910M        81M       592K       4.9M        47M
-/+ buffers/cache:       858M       133M
Swap:         8.0G       641M       7.4G

             total       used       free     shared    buffers     cached
Mem:          992M       920M        71M       592K       1.9M        69M
-/+ buffers/cache:       848M       143M
Swap:         8.0G       637M       7.4G

             total       used       free     shared    buffers     cached
Mem:          992M       915M        76M       592K       2.8M        70M
-/+ buffers/cache:       841M       150M
Swap:         8.0G       637M       7.4G

             total       used       free     shared    buffers     cached
Mem:          992M       915M        76M       592K       2.8M        70M
-/+ buffers/cache:       842M       150M
Swap:         8.0G       636M       7.4G

             total       used       free     shared    buffers     cached
Mem:          992M       916M        75M       592K       2.9M        70M
-/+ buffers/cache:       842M       149M
Swap:         8.0G       636M       7.4G

             total       used       free     shared    buffers     cached
Mem:          992M       917M        74M       592K       2.9M        70M
-/+ buffers/cache:       843M       148M
Swap:         8.0G       636M       7.4G

             total       used       free     shared    buffers     cached
Mem:          992M       917M        74M       592K       2.9M        70M
-/+ buffers/cache:       844M       148M
Swap:         8.0G       635M       7.4G

             total       used       free     shared    buffers     cached
Mem:          992M       918M        73M       592K       2.9M        70M
-/+ buffers/cache:       844M       147M
Swap:         8.0G       635M       7.4G

             total       used       free     shared    buffers     cached
Mem:          992M       919M        73M       592K       2.9M        70M
-/+ buffers/cache:       845M       146M
Swap:         8.0G       635M       7.4G

             total       used       free     shared    buffers     cached
Mem:          992M       919M        72M       592K       2.9M        70M
-/+ buffers/cache:       845M       146M
Swap:         8.0G       634M       7.4G

             total       used       free     shared    buffers     cached
Mem:          992M       920M        71M       592K       2.9M        70M
-/+ buffers/cache:       846M       145M
Swap:         8.0G       634M       7.4G

             total       used       free     shared    buffers     cached
Mem:          992M       914M        77M       784K       2.2M        78M
-/+ buffers/cache:       833M       158M
Swap:         8.0G       631M       7.4G

             total       used       free     shared    buffers     cached
Mem:          992M       919M        72M       4.4M       5.7M        95M
-/+ buffers/cache:       818M       173M
Swap:         8.0G       624M       7.4G

             total       used       free     shared    buffers     cached
Mem:          992M       930M        62M       808K       5.8M       102M
-/+ buffers/cache:       821M       170M
Swap:         8.0G       627M       7.4G

             total       used       free     shared    buffers     cached
Mem:          992M       918M        73M       804K       5.8M        92M
-/+ buffers/cache:       819M       172M
Swap:         8.0G       630M       7.4G

             total       used       free     shared    buffers     cached
Mem:          992M       919M        72M       804K       5.8M        92M
-/+ buffers/cache:       821M       171M
Swap:         8.0G       629M       7.4G

             total       used       free     shared    buffers     cached
Mem:          992M       921M        70M       804K       5.8M        92M
-/+ buffers/cache:       822M       169M
Swap:         8.0G       628M       7.4G

             total       used       free     shared    buffers     cached
Mem:          992M       922M        69M       804K       5.8M        92M
-/+ buffers/cache:       824M       167M
Swap:         8.0G       628M       7.4G

             total       used       free     shared    buffers     cached
Mem:          992M       924M        67M       804K       5.8M        92M
-/+ buffers/cache:       825M       166M
Swap:         8.0G       627M       7.4G

             total       used       free     shared    buffers     cached
Mem:          992M       926M        65M       804K       5.9M        93M
-/+ buffers/cache:       827M       165M
Swap:         8.0G       626M       7.4G

             total       used       free     shared    buffers     cached
Mem:          992M       928M        63M       804K       5.9M        93M
-/+ buffers/cache:       828M       163M
Swap:         8.0G       626M       7.4G

             total       used       free     shared    buffers     cached
Mem:          992M       929M        62M       804K       5.9M        93M
-/+ buffers/cache:       829M       162M
Swap:         8.0G       625M       7.4G

             total       used       free     shared    buffers     cached
Mem:          992M       930M        61M       804K       5.9M        93M
-/+ buffers/cache:       831M       161M
Swap:         8.0G       625M       7.4G

             total       used       free     shared    buffers     cached
Mem:          992M       920M        71M       804K       5.9M        82M
-/+ buffers/cache:       831M       160M
Swap:         8.0G       624M       7.4G

             total       used       free     shared    buffers     cached
Mem:          992M       922M        70M       804K       5.9M        82M
-/+ buffers/cache:       833M       158M
Swap:         8.0G       624M       7.4G

             total       used       free     shared    buffers     cached
Mem:          992M       923M        69M       804K       5.9M        82M
-/+ buffers/cache:       834M       157M
Swap:         8.0G       623M       7.4G

             total       used       free     shared    buffers     cached
Mem:          992M       924M        67M       804K       5.9M        82M
-/+ buffers/cache:       835M       156M
Swap:         8.0G       623M       7.4G

             total       used       free     shared    buffers     cached
Mem:          992M       925M        66M       804K       5.9M        82M
-/+ buffers/cache:       837M       155M
Swap:         8.0G       622M       7.4G

             total       used       free     shared    buffers     cached
Mem:          992M       927M        64M       804K       6.2M        82M
-/+ buffers/cache:       838M       153M
Swap:         8.0G       622M       7.4G

             total       used       free     shared    buffers     cached
Mem:          992M       928M        63M       804K       6.2M        82M
-/+ buffers/cache:       839M       152M
Swap:         8.0G       621M       7.4G

             total       used       free     shared    buffers     cached
Mem:          992M       930M        62M       804K       6.2M        82M
-/+ buffers/cache:       841M       151M
Swap:         8.0G       620M       7.4G

             total       used       free     shared    buffers     cached
Mem:          992M       931M        60M       804K       6.2M        82M
-/+ buffers/cache:       842M       149M
Swap:         8.0G       620M       7.4G

             total       used       free     shared    buffers     cached
Mem:          992M       918M        73M       804K       6.2M        77M
-/+ buffers/cache:       835M       157M
Swap:         8.0G       629M       7.4G

             total       used       free     shared    buffers     cached
Mem:          992M       919M        72M       804K       6.2M        77M
-/+ buffers/cache:       836M       155M
Swap:         8.0G       629M       7.4G

             total       used       free     shared    buffers     cached
Mem:          992M       921M        71M       804K       6.2M        77M
-/+ buffers/cache:       837M       154M
Swap:         8.0G       628M       7.4G

             total       used       free     shared    buffers     cached
Mem:          992M       922M        69M       804K       6.2M        77M
-/+ buffers/cache:       838M       153M
Swap:         8.0G       628M       7.4G

             total       used       free     shared    buffers     cached
Mem:          992M       923M        68M       804K       6.2M        77M
-/+ buffers/cache:       839M       152M
Swap:         8.0G       627M       7.4G

             total       used       free     shared    buffers     cached
Mem:          992M       924M        67M       804K       6.2M        77M
-/+ buffers/cache:       841M       150M
Swap:         8.0G       626M       7.4G

             total       used       free     shared    buffers     cached
Mem:          992M       926M        65M       804K       6.2M        77M
-/+ buffers/cache:       842M       149M
Swap:         8.0G       626M       7.4G

             total       used       free     shared    buffers     cached
Mem:          992M       927M        64M       804K       6.2M        77M
-/+ buffers/cache:       843M       148M
Swap:         8.0G       625M       7.4G

             total       used       free     shared    buffers     cached
Mem:          992M       928M        63M       804K       6.2M        77M
-/+ buffers/cache:       845M       146M
Swap:         8.0G       624M       7.4G

             total       used       free     shared    buffers     cached
Mem:          992M       930M        62M       804K       6.2M        77M
-/+ buffers/cache:       846M       145M
Swap:         8.0G       624M       7.4G

             total       used       free     shared    buffers     cached
Mem:          992M       919M        72M       804K       6.2M        73M
-/+ buffers/cache:       839M       152M
Swap:         8.0G       623M       7.4G

             total       used       free     shared    buffers     cached
Mem:          992M       920M        71M       804K       6.2M        73M
-/+ buffers/cache:       840M       151M
Swap:         8.0G       622M       7.4G

             total       used       free     shared    buffers     cached
Mem:          992M       921M        70M       804K       6.2M        73M
-/+ buffers/cache:       841M       150M
Swap:         8.0G       622M       7.4G

             total       used       free     shared    buffers     cached
Mem:          992M       923M        69M       804K       6.2M        73M
-/+ buffers/cache:       843M       149M
Swap:         8.0G       621M       7.4G

             total       used       free     shared    buffers     cached
Mem:          992M       924M        67M       804K       6.2M        73M
-/+ buffers/cache:       844M       147M
Swap:         8.0G       621M       7.4G

             total       used       free     shared    buffers     cached
Mem:          992M       925M        66M       804K       6.2M        73M
-/+ buffers/cache:       845M       146M
Swap:         8.0G       620M       7.4G

             total       used       free     shared    buffers     cached
Mem:          992M       917M        74M       876K       4.5M        62M
-/+ buffers/cache:       850M       141M
Swap:         8.0G       620M       7.4G
