             total       used       free     shared    buffers     cached
Mem:          2.0G       658M       1.3G       3.2M        38M       289M
-/+ buffers/cache:       330M       1.6G
Swap:         8.0G         0B       8.0G

             total       used       free     shared    buffers     cached
Mem:          2.0G       657M       1.3G       3.2M        38M       289M
-/+ buffers/cache:       329M       1.6G
Swap:         8.0G         0B       8.0G

             total       used       free     shared    buffers     cached
Mem:          2.0G       657M       1.3G       3.2M        38M       289M
-/+ buffers/cache:       329M       1.6G
Swap:         8.0G         0B       8.0G

             total       used       free     shared    buffers     cached
Mem:          2.0G       657M       1.3G       3.2M        38M       289M
-/+ buffers/cache:       329M       1.6G
Swap:         8.0G         0B       8.0G

             total       used       free     shared    buffers     cached
Mem:          2.0G       657M       1.3G       3.2M        38M       289M
-/+ buffers/cache:       329M       1.6G
Swap:         8.0G         0B       8.0G

             total       used       free     shared    buffers     cached
Mem:          2.0G       657M       1.3G       3.2M        38M       289M
-/+ buffers/cache:       329M       1.6G
Swap:         8.0G         0B       8.0G

             total       used       free     shared    buffers     cached
Mem:          2.0G       657M       1.3G       3.2M        38M       289M
-/+ buffers/cache:       329M       1.6G
Swap:         8.0G         0B       8.0G

             total       used       free     shared    buffers     cached
Mem:          2.0G       657M       1.3G       3.2M        38M       289M
-/+ buffers/cache:       329M       1.6G
Swap:         8.0G         0B       8.0G

             total       used       free     shared    buffers     cached
Mem:          2.0G       657M       1.3G       3.2M        38M       289M
-/+ buffers/cache:       328M       1.6G
Swap:         8.0G         0B       8.0G

             total       used       free     shared    buffers     cached
Mem:          2.0G       657M       1.3G       3.2M        38M       289M
-/+ buffers/cache:       328M       1.6G
Swap:         8.0G         0B       8.0G

             total       used       free     shared    buffers     cached
Mem:          2.0G       660M       1.3G       3.2M        38M       290M
-/+ buffers/cache:       331M       1.6G
Swap:         8.0G         0B       8.0G

             total       used       free     shared    buffers     cached
Mem:          2.0G       681M       1.3G       3.2M        38M       290M
-/+ buffers/cache:       352M       1.6G
Swap:         8.0G         0B       8.0G

             total       used       free     shared    buffers     cached
Mem:          2.0G       666M       1.3G       3.2M        38M       291M
-/+ buffers/cache:       336M       1.6G
Swap:         8.0G         0B       8.0G

             total       used       free     shared    buffers     cached
Mem:          2.0G       666M       1.3G       3.2M        38M       291M
-/+ buffers/cache:       336M       1.6G
Swap:         8.0G         0B       8.0G

             total       used       free     shared    buffers     cached
Mem:          2.0G       667M       1.3G       3.2M        38M       291M
-/+ buffers/cache:       336M       1.6G
Swap:         8.0G         0B       8.0G

             total       used       free     shared    buffers     cached
Mem:          2.0G       667M       1.3G       3.2M        38M       291M
-/+ buffers/cache:       336M       1.6G
Swap:         8.0G         0B       8.0G

             total       used       free     shared    buffers     cached
Mem:          2.0G       667M       1.3G       3.2M        38M       291M
-/+ buffers/cache:       336M       1.6G
Swap:         8.0G         0B       8.0G

             total       used       free     shared    buffers     cached
Mem:          2.0G       667M       1.3G       3.2M        38M       291M
-/+ buffers/cache:       336M       1.6G
Swap:         8.0G         0B       8.0G

             total       used       free     shared    buffers     cached
Mem:          2.0G       667M       1.3G       3.2M        38M       291M
-/+ buffers/cache:       336M       1.6G
Swap:         8.0G         0B       8.0G

             total       used       free     shared    buffers     cached
Mem:          2.0G       667M       1.3G       3.2M        38M       291M
-/+ buffers/cache:       336M       1.6G
Swap:         8.0G         0B       8.0G

             total       used       free     shared    buffers     cached
Mem:          2.0G       667M       1.3G       3.2M        38M       291M
-/+ buffers/cache:       336M       1.6G
Swap:         8.0G         0B       8.0G

             total       used       free     shared    buffers     cached
Mem:          2.0G       667M       1.3G       3.2M        38M       291M
-/+ buffers/cache:       337M       1.6G
Swap:         8.0G         0B       8.0G

             total       used       free     shared    buffers     cached
Mem:          2.0G       667M       1.3G       3.2M        38M       291M
-/+ buffers/cache:       336M       1.6G
Swap:         8.0G         0B       8.0G

             total       used       free     shared    buffers     cached
Mem:          2.0G       667M       1.3G       3.2M        38M       291M
-/+ buffers/cache:       336M       1.6G
Swap:         8.0G         0B       8.0G

             total       used       free     shared    buffers     cached
Mem:          2.0G       667M       1.3G       3.2M        38M       291M
-/+ buffers/cache:       336M       1.6G
Swap:         8.0G         0B       8.0G

             total       used       free     shared    buffers     cached
Mem:          2.0G       667M       1.3G       3.2M        38M       291M
-/+ buffers/cache:       336M       1.6G
Swap:         8.0G         0B       8.0G

             total       used       free     shared    buffers     cached
Mem:          2.0G       667M       1.3G       3.2M        38M       291M
-/+ buffers/cache:       336M       1.6G
Swap:         8.0G         0B       8.0G

             total       used       free     shared    buffers     cached
Mem:          2.0G       667M       1.3G       3.2M        38M       291M
-/+ buffers/cache:       336M       1.6G
Swap:         8.0G         0B       8.0G

             total       used       free     shared    buffers     cached
Mem:          2.0G       667M       1.3G       3.2M        38M       291M
-/+ buffers/cache:       336M       1.6G
Swap:         8.0G         0B       8.0G

             total       used       free     shared    buffers     cached
Mem:          2.0G       667M       1.3G       3.2M        38M       291M
-/+ buffers/cache:       336M       1.6G
Swap:         8.0G         0B       8.0G

             total       used       free     shared    buffers     cached
Mem:          2.0G       667M       1.3G       3.2M        38M       291M
-/+ buffers/cache:       336M       1.6G
Swap:         8.0G         0B       8.0G

             total       used       free     shared    buffers     cached
Mem:          2.0G       667M       1.3G       3.2M        38M       291M
-/+ buffers/cache:       336M       1.6G
Swap:         8.0G         0B       8.0G

             total       used       free     shared    buffers     cached
Mem:          2.0G       667M       1.3G       3.2M        38M       291M
-/+ buffers/cache:       336M       1.6G
Swap:         8.0G         0B       8.0G

             total       used       free     shared    buffers     cached
Mem:          2.0G       673M       1.3G       3.2M        38M       291M
-/+ buffers/cache:       343M       1.6G
Swap:         8.0G         0B       8.0G

             total       used       free     shared    buffers     cached
Mem:          2.0G       690M       1.3G       3.2M        38M       291M
-/+ buffers/cache:       360M       1.6G
Swap:         8.0G         0B       8.0G

             total       used       free     shared    buffers     cached
Mem:          2.0G       707M       1.3G       3.2M        38M       291M
-/+ buffers/cache:       377M       1.6G
Swap:         8.0G         0B       8.0G

             total       used       free     shared    buffers     cached
Mem:          2.0G       721M       1.2G       3.2M        38M       291M
-/+ buffers/cache:       391M       1.6G
Swap:         8.0G         0B       8.0G

             total       used       free     shared    buffers     cached
Mem:          2.0G       735M       1.2G       3.2M        38M       291M
-/+ buffers/cache:       405M       1.6G
Swap:         8.0G         0B       8.0G

             total       used       free     shared    buffers     cached
Mem:          2.0G       750M       1.2G       3.2M        38M       291M
-/+ buffers/cache:       420M       1.5G
Swap:         8.0G         0B       8.0G

             total       used       free     shared    buffers     cached
Mem:          2.0G       765M       1.2G       3.2M        38M       291M
-/+ buffers/cache:       435M       1.5G
Swap:         8.0G         0B       8.0G

             total       used       free     shared    buffers     cached
Mem:          2.0G       780M       1.2G       3.2M        38M       291M
-/+ buffers/cache:       450M       1.5G
Swap:         8.0G         0B       8.0G

             total       used       free     shared    buffers     cached
Mem:          2.0G       795M       1.2G       3.2M        38M       291M
-/+ buffers/cache:       464M       1.5G
Swap:         8.0G         0B       8.0G

             total       used       free     shared    buffers     cached
Mem:          2.0G       810M       1.2G       3.2M        38M       291M
-/+ buffers/cache:       479M       1.5G
Swap:         8.0G         0B       8.0G

             total       used       free     shared    buffers     cached
Mem:          2.0G       827M       1.1G       3.2M        38M       291M
-/+ buffers/cache:       496M       1.5G
Swap:         8.0G         0B       8.0G

             total       used       free     shared    buffers     cached
Mem:          2.0G       842M       1.1G       3.2M        38M       291M
-/+ buffers/cache:       511M       1.5G
Swap:         8.0G         0B       8.0G

             total       used       free     shared    buffers     cached
Mem:          2.0G       856M       1.1G       3.2M        38M       291M
-/+ buffers/cache:       525M       1.4G
Swap:         8.0G         0B       8.0G

             total       used       free     shared    buffers     cached
Mem:          2.0G       871M       1.1G       3.2M        38M       291M
-/+ buffers/cache:       541M       1.4G
Swap:         8.0G         0B       8.0G

             total       used       free     shared    buffers     cached
Mem:          2.0G       887M       1.1G       3.2M        38M       291M
-/+ buffers/cache:       557M       1.4G
Swap:         8.0G         0B       8.0G

             total       used       free     shared    buffers     cached
Mem:          2.0G       899M       1.1G       3.2M        38M       291M
-/+ buffers/cache:       569M       1.4G
Swap:         8.0G         0B       8.0G

             total       used       free     shared    buffers     cached
Mem:          2.0G       914M       1.1G       3.2M        38M       291M
-/+ buffers/cache:       584M       1.4G
Swap:         8.0G         0B       8.0G

             total       used       free     shared    buffers     cached
Mem:          2.0G       929M       1.0G       3.2M        38M       291M
-/+ buffers/cache:       599M       1.4G
Swap:         8.0G         0B       8.0G

             total       used       free     shared    buffers     cached
Mem:          2.0G       944M       1.0G       3.2M        38M       291M
-/+ buffers/cache:       614M       1.4G
Swap:         8.0G         0B       8.0G

             total       used       free     shared    buffers     cached
Mem:          2.0G       959M       1.0G       3.2M        38M       291M
-/+ buffers/cache:       629M       1.3G
Swap:         8.0G         0B       8.0G

             total       used       free     shared    buffers     cached
Mem:          2.0G       972M       1.0G       3.2M        38M       291M
-/+ buffers/cache:       642M       1.3G
Swap:         8.0G         0B       8.0G

             total       used       free     shared    buffers     cached
Mem:          2.0G       986M       1.0G       3.2M        38M       291M
-/+ buffers/cache:       655M       1.3G
Swap:         8.0G         0B       8.0G

             total       used       free     shared    buffers     cached
Mem:          2.0G       999M       1.0G       3.2M        38M       291M
-/+ buffers/cache:       669M       1.3G
Swap:         8.0G         0B       8.0G

             total       used       free     shared    buffers     cached
Mem:          2.0G       1.0G       986M       3.2M        38M       291M
-/+ buffers/cache:       683M       1.3G
Swap:         8.0G         0B       8.0G

             total       used       free     shared    buffers     cached
Mem:          2.0G       1.0G       972M       3.2M        38M       291M
-/+ buffers/cache:       697M       1.3G
Swap:         8.0G         0B       8.0G

             total       used       free     shared    buffers     cached
Mem:          2.0G       1.0G       958M       3.2M        38M       291M
-/+ buffers/cache:       711M       1.3G
Swap:         8.0G         0B       8.0G

             total       used       free     shared    buffers     cached
Mem:          2.0G       1.0G       943M       3.2M        38M       291M
-/+ buffers/cache:       726M       1.2G
Swap:         8.0G         0B       8.0G

             total       used       free     shared    buffers     cached
Mem:          2.0G       1.0G       927M       3.2M        38M       291M
-/+ buffers/cache:       742M       1.2G
Swap:         8.0G         0B       8.0G

             total       used       free     shared    buffers     cached
Mem:          2.0G       1.1G       913M       3.2M        38M       291M
-/+ buffers/cache:       756M       1.2G
Swap:         8.0G         0B       8.0G

             total       used       free     shared    buffers     cached
Mem:          2.0G       1.1G       896M       3.2M        38M       291M
-/+ buffers/cache:       773M       1.2G
Swap:         8.0G         0B       8.0G

             total       used       free     shared    buffers     cached
Mem:          2.0G       1.1G       883M       3.2M        38M       291M
-/+ buffers/cache:       786M       1.2G
Swap:         8.0G         0B       8.0G

             total       used       free     shared    buffers     cached
Mem:          2.0G       1.1G       872M       3.2M        38M       291M
-/+ buffers/cache:       797M       1.2G
Swap:         8.0G         0B       8.0G

             total       used       free     shared    buffers     cached
Mem:          2.0G       1.1G       856M       3.2M        38M       291M
-/+ buffers/cache:       813M       1.2G
Swap:         8.0G         0B       8.0G

             total       used       free     shared    buffers     cached
Mem:          2.0G       1.1G       840M       3.2M        38M       291M
-/+ buffers/cache:       829M       1.1G
Swap:         8.0G         0B       8.0G

             total       used       free     shared    buffers     cached
Mem:          2.0G       1.1G       825M       3.2M        38M       291M
-/+ buffers/cache:       844M       1.1G
Swap:         8.0G         0B       8.0G

             total       used       free     shared    buffers     cached
Mem:          2.0G       1.2G       808M       3.2M        38M       291M
-/+ buffers/cache:       860M       1.1G
Swap:         8.0G         0B       8.0G

             total       used       free     shared    buffers     cached
Mem:          2.0G       1.2G       793M       3.2M        38M       291M
-/+ buffers/cache:       876M       1.1G
Swap:         8.0G         0B       8.0G

             total       used       free     shared    buffers     cached
Mem:          2.0G       1.2G       776M       3.2M        38M       291M
-/+ buffers/cache:       893M       1.1G
Swap:         8.0G         0B       8.0G

             total       used       free     shared    buffers     cached
Mem:          2.0G       1.2G       761M       3.2M        38M       291M
-/+ buffers/cache:       908M       1.1G
Swap:         8.0G         0B       8.0G

             total       used       free     shared    buffers     cached
Mem:          2.0G       1.2G       746M       3.2M        38M       291M
-/+ buffers/cache:       923M       1.1G
Swap:         8.0G         0B       8.0G

             total       used       free     shared    buffers     cached
Mem:          2.0G       1.2G       731M       3.2M        38M       291M
-/+ buffers/cache:       938M       1.0G
Swap:         8.0G         0B       8.0G

             total       used       free     shared    buffers     cached
Mem:          2.0G       1.3G       715M       3.2M        38M       291M
-/+ buffers/cache:       954M       1.0G
Swap:         8.0G         0B       8.0G

             total       used       free     shared    buffers     cached
Mem:          2.0G       1.3G       700M       3.2M        38M       291M
-/+ buffers/cache:       969M       1.0G
Swap:         8.0G         0B       8.0G

             total       used       free     shared    buffers     cached
Mem:          2.0G       1.3G       684M       3.2M        38M       291M
-/+ buffers/cache:       985M       1.0G
Swap:         8.0G         0B       8.0G

             total       used       free     shared    buffers     cached
Mem:          2.0G       1.3G       670M       3.2M        38M       291M
-/+ buffers/cache:       999M       1.0G
Swap:         8.0G         0B       8.0G

             total       used       free     shared    buffers     cached
Mem:          2.0G       1.3G       656M       3.2M        38M       291M
-/+ buffers/cache:       1.0G       987M
Swap:         8.0G         0B       8.0G

             total       used       free     shared    buffers     cached
Mem:          2.0G       1.3G       642M       3.2M        38M       291M
-/+ buffers/cache:       1.0G       972M
Swap:         8.0G         0B       8.0G

             total       used       free     shared    buffers     cached
Mem:          2.0G       1.3G       628M       3.2M        38M       291M
-/+ buffers/cache:       1.0G       958M
Swap:         8.0G         0B       8.0G

             total       used       free     shared    buffers     cached
Mem:          2.0G       1.4G       613M       3.2M        38M       291M
-/+ buffers/cache:       1.0G       944M
Swap:         8.0G         0B       8.0G

             total       used       free     shared    buffers     cached
Mem:          2.0G       1.4G       597M       3.2M        38M       291M
-/+ buffers/cache:       1.0G       928M
Swap:         8.0G         0B       8.0G

             total       used       free     shared    buffers     cached
Mem:          2.0G       1.4G       580M       3.2M        38M       291M
-/+ buffers/cache:       1.1G       910M
Swap:         8.0G         0B       8.0G

             total       used       free     shared    buffers     cached
Mem:          2.0G       1.4G       563M       3.2M        38M       291M
-/+ buffers/cache:       1.1G       894M
Swap:         8.0G         0B       8.0G

             total       used       free     shared    buffers     cached
Mem:          2.0G       1.4G       551M       3.2M        38M       291M
-/+ buffers/cache:       1.1G       881M
Swap:         8.0G         0B       8.0G

             total       used       free     shared    buffers     cached
Mem:          2.0G       1.4G       537M       3.2M        38M       291M
-/+ buffers/cache:       1.1G       867M
Swap:         8.0G         0B       8.0G

             total       used       free     shared    buffers     cached
Mem:          2.0G       1.4G       522M       3.2M        38M       291M
-/+ buffers/cache:       1.1G       853M
Swap:         8.0G         0B       8.0G

             total       used       free     shared    buffers     cached
Mem:          2.0G       1.5G       506M       3.2M        38M       291M
-/+ buffers/cache:       1.1G       837M
Swap:         8.0G         0B       8.0G

             total       used       free     shared    buffers     cached
Mem:          2.0G       1.5G       491M       3.2M        38M       292M
-/+ buffers/cache:       1.1G       822M
Swap:         8.0G         0B       8.0G

             total       used       free     shared    buffers     cached
Mem:          2.0G       1.5G       475M       3.2M        38M       292M
-/+ buffers/cache:       1.2G       806M
Swap:         8.0G         0B       8.0G

             total       used       free     shared    buffers     cached
Mem:          2.0G       1.5G       462M       3.2M        38M       292M
-/+ buffers/cache:       1.2G       793M
Swap:         8.0G         0B       8.0G

             total       used       free     shared    buffers     cached
Mem:          2.0G       1.5G       447M       3.2M        38M       291M
-/+ buffers/cache:       1.2G       778M
Swap:         8.0G         0B       8.0G

             total       used       free     shared    buffers     cached
Mem:          2.0G       1.5G       435M       3.2M        38M       292M
-/+ buffers/cache:       1.2G       766M
Swap:         8.0G         0B       8.0G

             total       used       free     shared    buffers     cached
Mem:          2.0G       1.5G       431M       3.2M        38M       292M
-/+ buffers/cache:       1.2G       762M
Swap:         8.0G         0B       8.0G

             total       used       free     shared    buffers     cached
Mem:          2.0G       1.5G       417M       3.2M        38M       292M
-/+ buffers/cache:       1.2G       748M
Swap:         8.0G         0B       8.0G

             total       used       free     shared    buffers     cached
Mem:          2.0G       1.6G       402M       3.2M        38M       292M
-/+ buffers/cache:       1.2G       733M
Swap:         8.0G         0B       8.0G

             total       used       free     shared    buffers     cached
Mem:          2.0G       1.6G       388M       3.2M        38M       292M
-/+ buffers/cache:       1.3G       719M
Swap:         8.0G         0B       8.0G

             total       used       free     shared    buffers     cached
Mem:          2.0G       1.6G       374M       3.2M        38M       292M
-/+ buffers/cache:       1.3G       705M
Swap:         8.0G         0B       8.0G

             total       used       free     shared    buffers     cached
Mem:          2.0G       1.6G       360M       3.2M        38M       292M
-/+ buffers/cache:       1.3G       691M
Swap:         8.0G         0B       8.0G

             total       used       free     shared    buffers     cached
Mem:          2.0G       1.6G       344M       3.2M        38M       292M
-/+ buffers/cache:       1.3G       675M
Swap:         8.0G         0B       8.0G

             total       used       free     shared    buffers     cached
Mem:          2.0G       1.6G       329M       3.2M        38M       292M
-/+ buffers/cache:       1.3G       660M
Swap:         8.0G         0B       8.0G

             total       used       free     shared    buffers     cached
Mem:          2.0G       1.6G       314M       3.2M        38M       292M
-/+ buffers/cache:       1.3G       645M
Swap:         8.0G         0B       8.0G

             total       used       free     shared    buffers     cached
Mem:          2.0G       1.7G       299M       3.2M        38M       291M
-/+ buffers/cache:       1.3G       630M
Swap:         8.0G         0B       8.0G

             total       used       free     shared    buffers     cached
Mem:          2.0G       1.7G       283M       3.2M        38M       292M
-/+ buffers/cache:       1.4G       614M
Swap:         8.0G         0B       8.0G

             total       used       free     shared    buffers     cached
Mem:          2.0G       1.7G       269M       3.2M        38M       292M
-/+ buffers/cache:       1.4G       600M
Swap:         8.0G         0B       8.0G

             total       used       free     shared    buffers     cached
Mem:          2.0G       1.7G       255M       3.2M        38M       292M
-/+ buffers/cache:       1.4G       586M
Swap:         8.0G         0B       8.0G

             total       used       free     shared    buffers     cached
Mem:          2.0G       1.7G       239M       3.2M        38M       292M
-/+ buffers/cache:       1.4G       570M
Swap:         8.0G         0B       8.0G

             total       used       free     shared    buffers     cached
Mem:          2.0G       1.7G       224M       3.2M        38M       291M
-/+ buffers/cache:       1.4G       555M
Swap:         8.0G         0B       8.0G

             total       used       free     shared    buffers     cached
Mem:          2.0G       1.7G       208M       3.2M        38M       292M
-/+ buffers/cache:       1.4G       539M
Swap:         8.0G         0B       8.0G

             total       used       free     shared    buffers     cached
Mem:          2.0G       1.8G       192M       3.2M        38M       292M
-/+ buffers/cache:       1.4G       523M
Swap:         8.0G         0B       8.0G

             total       used       free     shared    buffers     cached
Mem:          2.0G       1.8G       177M       3.2M        38M       292M
-/+ buffers/cache:       1.5G       508M
Swap:         8.0G         0B       8.0G

             total       used       free     shared    buffers     cached
Mem:          2.0G       1.8G       162M       3.2M        38M       292M
-/+ buffers/cache:       1.5G       493M
Swap:         8.0G         0B       8.0G

             total       used       free     shared    buffers     cached
Mem:          2.0G       1.8G       146M       3.2M        38M       292M
-/+ buffers/cache:       1.5G       477M
Swap:         8.0G         0B       8.0G

             total       used       free     shared    buffers     cached
Mem:          2.0G       1.8G       130M       3.2M        38M       292M
-/+ buffers/cache:       1.5G       461M
Swap:         8.0G         0B       8.0G

             total       used       free     shared    buffers     cached
Mem:          2.0G       1.8G       114M       3.2M        38M       292M
-/+ buffers/cache:       1.5G       445M
Swap:         8.0G         0B       8.0G

             total       used       free     shared    buffers     cached
Mem:          2.0G       1.9G        98M       3.2M        38M       292M
-/+ buffers/cache:       1.5G       429M
Swap:         8.0G         0B       8.0G

             total       used       free     shared    buffers     cached
Mem:          2.0G       1.9G        84M       3.2M        38M       292M
-/+ buffers/cache:       1.5G       415M
Swap:         8.0G         0B       8.0G

             total       used       free     shared    buffers     cached
Mem:          2.0G       1.9G        71M       3.2M        38M       292M
-/+ buffers/cache:       1.6G       402M
Swap:         8.0G         0B       8.0G

             total       used       free     shared    buffers     cached
Mem:          2.0G       1.9G        71M       3.2M        25M       290M
-/+ buffers/cache:       1.6G       387M
Swap:         8.0G         0B       8.0G

             total       used       free     shared    buffers     cached
Mem:          2.0G       1.9G        72M       3.2M        10M       290M
-/+ buffers/cache:       1.6G       373M
Swap:         8.0G         0B       8.0G

             total       used       free     shared    buffers     cached
Mem:          2.0G       1.9G        66M       3.2M        10M       282M
-/+ buffers/cache:       1.6G       360M
Swap:         8.0G         0B       8.0G

             total       used       free     shared    buffers     cached
Mem:          2.0G       1.9G        69M       3.1M       9.8M       265M
-/+ buffers/cache:       1.6G       345M
Swap:         8.0G       104K       8.0G

             total       used       free     shared    buffers     cached
Mem:          2.0G       1.9G        74M       3.1M       9.8M       246M
-/+ buffers/cache:       1.6G       330M
Swap:         8.0G       220K       8.0G

             total       used       free     shared    buffers     cached
Mem:          2.0G       1.9G        73M       2.9M       9.9M       234M
-/+ buffers/cache:       1.6G       317M
Swap:         8.0G       6.6M       8.0G

             total       used       free     shared    buffers     cached
Mem:          2.0G       1.9G        72M       2.9M       9.9M       225M
-/+ buffers/cache:       1.7G       307M
Swap:         8.0G       8.3M       8.0G

             total       used       free     shared    buffers     cached
Mem:          2.0G       1.9G        73M       2.9M       9.9M       209M
-/+ buffers/cache:       1.7G       293M
Swap:         8.0G       9.5M       8.0G

             total       used       free     shared    buffers     cached
Mem:          2.0G       1.9G        66M       2.9M       7.3M       206M
-/+ buffers/cache:       1.7G       280M
Swap:         8.0G       9.5M       8.0G

             total       used       free     shared    buffers     cached
Mem:          2.0G       1.9G        76M       2.9M       1.2M       187M
-/+ buffers/cache:       1.7G       265M
Swap:         8.0G       9.5M       8.0G

             total       used       free     shared    buffers     cached
Mem:          2.0G       1.9G        85M       2.9M       316K       166M
-/+ buffers/cache:       1.7G       251M
Swap:         8.0G       9.5M       8.0G

             total       used       free     shared    buffers     cached
Mem:          2.0G       1.9G        71M       2.9M       336K       166M
-/+ buffers/cache:       1.7G       237M
Swap:         8.0G       9.5M       8.0G

             total       used       free     shared    buffers     cached
Mem:          2.0G       1.9G        78M       2.9M       336K       146M
-/+ buffers/cache:       1.7G       225M
Swap:         8.0G       9.5M       8.0G

             total       used       free     shared    buffers     cached
Mem:          2.0G       1.9G        81M       2.9M        76K       129M
-/+ buffers/cache:       1.7G       211M
Swap:         8.0G       9.5M       8.0G

             total       used       free     shared    buffers     cached
Mem:          2.0G       1.9G        68M       2.9M        84K       129M
-/+ buffers/cache:       1.8G       198M
Swap:         8.0G       9.5M       8.0G

             total       used       free     shared    buffers     cached
Mem:          2.0G       1.9G        70M       2.9M        84K       114M
-/+ buffers/cache:       1.8G       184M
Swap:         8.0G       9.5M       8.0G

             total       used       free     shared    buffers     cached
Mem:          2.0G       1.9G        70M       2.9M        96K       100M
-/+ buffers/cache:       1.8G       171M
Swap:         8.0G       9.5M       8.0G

             total       used       free     shared    buffers     cached
Mem:          2.0G       1.9G        69M       2.9M        96K        89M
-/+ buffers/cache:       1.8G       158M
Swap:         8.0G       9.5M       8.0G

             total       used       free     shared    buffers     cached
Mem:          2.0G       1.9G        76M       2.9M        96K        69M
-/+ buffers/cache:       1.8G       146M
Swap:         8.0G       9.5M       8.0G

             total       used       free     shared    buffers     cached
Mem:          2.0G       1.9G        78M       2.9M        96K        54M
-/+ buffers/cache:       1.8G       132M
Swap:         8.0G       9.5M       8.0G

             total       used       free     shared    buffers     cached
Mem:          2.0G       1.9G        76M       2.9M       100K        44M
-/+ buffers/cache:       1.8G       121M
Swap:         8.0G        10M       8.0G

             total       used       free     shared    buffers     cached
Mem:          2.0G       1.9G        76M       2.8M       556K        30M
-/+ buffers/cache:       1.8G       107M
Swap:         8.0G        11M       8.0G

             total       used       free     shared    buffers     cached
Mem:          2.0G       1.9G        70M       2.8M       828K        26M
-/+ buffers/cache:       1.9G        98M
Swap:         8.0G        16M       8.0G

             total       used       free     shared    buffers     cached
Mem:          2.0G       1.9G        69M       2.8M       768K        13M
-/+ buffers/cache:       1.9G        84M
Swap:         8.0G        16M       8.0G

             total       used       free     shared    buffers     cached
Mem:          2.0G       1.9G        70M       2.8M       184K       7.8M
-/+ buffers/cache:       1.9G        78M
Swap:         8.0G        25M       8.0G

             total       used       free     shared    buffers     cached
Mem:          2.0G       1.9G        73M       2.5M       184K       8.0M
-/+ buffers/cache:       1.9G        81M
Swap:         8.0G        52M       7.9G

             total       used       free     shared    buffers     cached
Mem:          2.0G       1.9G        72M       2.5M       304K       7.9M
-/+ buffers/cache:       1.9G        80M
Swap:         8.0G        60M       7.9G

             total       used       free     shared    buffers     cached
Mem:          2.0G       1.9G        72M       2.5M       316K       8.1M
-/+ buffers/cache:       1.9G        81M
Swap:         8.0G        69M       7.9G

             total       used       free     shared    buffers     cached
Mem:          2.0G       1.9G        74M       2.5M       320K       7.8M
-/+ buffers/cache:       1.9G        82M
Swap:         8.0G        97M       7.9G

             total       used       free     shared    buffers     cached
Mem:          2.0G       1.9G        75M       2.4M       320K       7.6M
-/+ buffers/cache:       1.9G        83M
Swap:         8.0G        97M       7.9G

             total       used       free     shared    buffers     cached
Mem:          2.0G       1.9G        80M       2.4M       320K       7.5M
-/+ buffers/cache:       1.9G        88M
Swap:         8.0G       115M       7.9G

             total       used       free     shared    buffers     cached
Mem:          2.0G       1.9G        67M       2.4M       320K       7.5M
-/+ buffers/cache:       1.9G        74M
Swap:         8.0G       115M       7.9G

             total       used       free     shared    buffers     cached
Mem:          2.0G       1.9G        69M       2.4M       328K       7.3M
-/+ buffers/cache:       1.9G        77M
Swap:         8.0G       140M       7.9G

             total       used       free     shared    buffers     cached
Mem:          2.0G       1.9G        71M       2.4M       328K       7.0M
-/+ buffers/cache:       1.9G        79M
Swap:         8.0G       155M       7.8G

             total       used       free     shared    buffers     cached
Mem:          2.0G       1.9G        74M       2.4M       328K       6.7M
-/+ buffers/cache:       1.9G        81M
Swap:         8.0G       169M       7.8G

             total       used       free     shared    buffers     cached
Mem:          2.0G       1.9G        74M       2.4M       328K       6.3M
-/+ buffers/cache:       1.9G        81M
Swap:         8.0G       182M       7.8G

             total       used       free     shared    buffers     cached
Mem:          2.0G       1.9G        74M       2.4M       328K       6.0M
-/+ buffers/cache:       1.9G        80M
Swap:         8.0G       193M       7.8G

             total       used       free     shared    buffers     cached
Mem:          2.0G       1.9G        74M       2.3M        76K       4.8M
-/+ buffers/cache:       1.9G        79M
Swap:         8.0G       239M       7.8G

             total       used       free     shared    buffers     cached
Mem:          2.0G       1.9G        71M       2.3M        76K       4.8M
-/+ buffers/cache:       1.9G        76M
Swap:         8.0G       239M       7.8G

             total       used       free     shared    buffers     cached
Mem:          2.0G       1.9G        65M       2.3M        76K       4.8M
-/+ buffers/cache:       1.9G        70M
Swap:         8.0G       239M       7.8G

             total       used       free     shared    buffers     cached
Mem:          2.0G       1.9G        81M       2.3M        76K       4.7M
-/+ buffers/cache:       1.9G        86M
Swap:         8.0G       239M       7.8G

             total       used       free     shared    buffers     cached
Mem:          2.0G       1.9G        66M       2.3M        76K       4.7M
-/+ buffers/cache:       1.9G        71M
Swap:         8.0G       239M       7.8G

             total       used       free     shared    buffers     cached
Mem:          2.0G       1.9G        68M       2.3M        76K       4.7M
-/+ buffers/cache:       1.9G        73M
Swap:         8.0G       239M       7.8G

             total       used       free     shared    buffers     cached
Mem:          2.0G       1.9G        70M       2.3M       216K       9.3M
-/+ buffers/cache:       1.9G        79M
Swap:         8.0G       284M       7.7G

             total       used       free     shared    buffers     cached
Mem:          2.0G       1.9G        70M       2.3M       204K       8.4M
-/+ buffers/cache:       1.9G        79M
Swap:         8.0G       284M       7.7G

             total       used       free     shared    buffers     cached
Mem:          2.0G       1.9G        80M       2.3M       204K       8.2M
-/+ buffers/cache:       1.9G        89M
Swap:         8.0G       284M       7.7G

             total       used       free     shared    buffers     cached
Mem:          2.0G       1.9G        74M       2.3M       204K       8.3M
-/+ buffers/cache:       1.9G        82M
Swap:         8.0G       284M       7.7G

             total       used       free     shared    buffers     cached
Mem:          2.0G       1.9G        73M       2.3M       204K       8.4M
-/+ buffers/cache:       1.9G        82M
Swap:         8.0G       284M       7.7G

             total       used       free     shared    buffers     cached
Mem:          2.0G       1.9G        72M       2.3M       212K       8.4M
-/+ buffers/cache:       1.9G        81M
Swap:         8.0G       283M       7.7G

             total       used       free     shared    buffers     cached
Mem:          2.0G       1.9G        72M       2.3M       212K       8.4M
-/+ buffers/cache:       1.9G        80M
Swap:         8.0G       283M       7.7G

             total       used       free     shared    buffers     cached
Mem:          2.0G       1.9G        71M       2.3M       212K       8.4M
-/+ buffers/cache:       1.9G        80M
Swap:         8.0G       283M       7.7G

             total       used       free     shared    buffers     cached
Mem:          2.0G       1.9G        71M       2.3M       212K       8.4M
-/+ buffers/cache:       1.9G        80M
Swap:         8.0G       283M       7.7G

             total       used       free     shared    buffers     cached
Mem:          2.0G       1.9G        71M       2.3M       212K       8.4M
-/+ buffers/cache:       1.9G        79M
Swap:         8.0G       283M       7.7G

             total       used       free     shared    buffers     cached
Mem:          2.0G       1.9G        71M       2.3M       220K       8.4M
-/+ buffers/cache:       1.9G        79M
Swap:         8.0G       283M       7.7G

             total       used       free     shared    buffers     cached
Mem:          2.0G       1.9G        70M       2.3M       220K       8.4M
-/+ buffers/cache:       1.9G        79M
Swap:         8.0G       283M       7.7G

             total       used       free     shared    buffers     cached
Mem:          2.0G       1.9G        70M       2.3M       220K       8.4M
-/+ buffers/cache:       1.9G        79M
Swap:         8.0G       282M       7.7G

             total       used       free     shared    buffers     cached
Mem:          2.0G       1.9G        70M       2.3M       236K       8.4M
-/+ buffers/cache:       1.9G        78M
Swap:         8.0G       282M       7.7G

             total       used       free     shared    buffers     cached
Mem:          2.0G       1.9G        70M       2.3M       236K       8.4M
-/+ buffers/cache:       1.9G        78M
Swap:         8.0G       282M       7.7G

             total       used       free     shared    buffers     cached
Mem:          2.0G       1.9G        69M       2.3M       236K       8.4M
-/+ buffers/cache:       1.9G        78M
Swap:         8.0G       282M       7.7G

             total       used       free     shared    buffers     cached
Mem:          2.0G       1.9G        69M       2.3M       244K       8.4M
-/+ buffers/cache:       1.9G        78M
Swap:         8.0G       282M       7.7G

             total       used       free     shared    buffers     cached
Mem:          2.0G       1.9G        69M       2.3M       244K       8.4M
-/+ buffers/cache:       1.9G        78M
Swap:         8.0G       282M       7.7G

             total       used       free     shared    buffers     cached
Mem:          2.0G       1.9G        67M       2.3M       532K       9.0M
-/+ buffers/cache:       1.9G        77M
Swap:         8.0G       282M       7.7G

             total       used       free     shared    buffers     cached
Mem:          2.0G       1.9G        87M       2.3M       788K        39M
-/+ buffers/cache:       1.8G       127M
Swap:         8.0G       347M       7.7G

             total       used       free     shared    buffers     cached
Mem:          2.0G       1.9G        86M       2.3M       800K        39M
-/+ buffers/cache:       1.8G       127M
Swap:         8.0G       347M       7.7G

             total       used       free     shared    buffers     cached
Mem:          2.0G       1.9G        86M       2.3M       808K        39M
-/+ buffers/cache:       1.8G       126M
Swap:         8.0G       347M       7.7G

             total       used       free     shared    buffers     cached
Mem:          2.0G       1.9G        86M       2.3M       808K        39M
-/+ buffers/cache:       1.8G       126M
Swap:         8.0G       347M       7.7G

             total       used       free     shared    buffers     cached
Mem:          2.0G       1.9G        85M       2.3M       808K        39M
-/+ buffers/cache:       1.8G       125M
Swap:         8.0G       346M       7.7G

             total       used       free     shared    buffers     cached
Mem:          2.0G       1.9G        84M       2.3M       808K        39M
-/+ buffers/cache:       1.8G       125M
Swap:         8.0G       346M       7.7G

             total       used       free     shared    buffers     cached
Mem:          2.0G       1.9G        84M       2.3M       808K        39M
-/+ buffers/cache:       1.8G       124M
Swap:         8.0G       346M       7.7G

             total       used       free     shared    buffers     cached
Mem:          2.0G       1.9G        83M       2.3M       808K        39M
-/+ buffers/cache:       1.8G       123M
Swap:         8.0G       345M       7.7G

             total       used       free     shared    buffers     cached
Mem:          2.0G       1.9G        81M       2.3M       816K        41M
-/+ buffers/cache:       1.8G       122M
Swap:         8.0G       345M       7.7G

             total       used       free     shared    buffers     cached
Mem:          2.0G       1.9G        79M       2.3M       944K        41M
-/+ buffers/cache:       1.8G       122M
Swap:         8.0G       344M       7.7G

             total       used       free     shared    buffers     cached
Mem:          2.0G       1.9G        78M       2.3M       944K        41M
-/+ buffers/cache:       1.8G       121M
Swap:         8.0G       344M       7.7G

             total       used       free     shared    buffers     cached
Mem:          2.0G       1.9G        78M       2.3M       944K        41M
-/+ buffers/cache:       1.8G       120M
Swap:         8.0G       343M       7.7G

             total       used       free     shared    buffers     cached
Mem:          2.0G       1.9G        77M       2.3M       944K        41M
-/+ buffers/cache:       1.8G       120M
Swap:         8.0G       343M       7.7G

             total       used       free     shared    buffers     cached
Mem:          2.0G       1.9G        76M       2.3M       952K        41M
-/+ buffers/cache:       1.8G       119M
Swap:         8.0G       343M       7.7G

             total       used       free     shared    buffers     cached
Mem:          2.0G       1.9G        76M       2.3M       952K        41M
-/+ buffers/cache:       1.8G       119M
Swap:         8.0G       343M       7.7G

             total       used       free     shared    buffers     cached
Mem:          2.0G       1.9G        75M       2.3M       952K        41M
-/+ buffers/cache:       1.8G       118M
Swap:         8.0G       342M       7.7G

             total       used       free     shared    buffers     cached
Mem:          2.0G       1.9G        75M       2.3M       952K        41M
-/+ buffers/cache:       1.8G       117M
Swap:         8.0G       342M       7.7G

             total       used       free     shared    buffers     cached
Mem:          2.0G       1.9G        74M       2.3M       952K        41M
-/+ buffers/cache:       1.8G       117M
Swap:         8.0G       342M       7.7G

             total       used       free     shared    buffers     cached
Mem:          2.0G       1.9G        69M       2.3M       952K        45M
-/+ buffers/cache:       1.8G       116M
Swap:         8.0G       341M       7.7G

             total       used       free     shared    buffers     cached
Mem:          2.0G       1.9G        84M       2.3M       2.9M        40M
-/+ buffers/cache:       1.8G       127M
Swap:         8.0G       365M       7.6G

             total       used       free     shared    buffers     cached
Mem:          2.0G       1.9G        82M       2.3M       2.9M        40M
-/+ buffers/cache:       1.8G       125M
Swap:         8.0G       363M       7.6G

             total       used       free     shared    buffers     cached
Mem:          2.0G       1.9G        79M       2.3M       3.2M        40M
-/+ buffers/cache:       1.8G       124M
Swap:         8.0G       363M       7.6G

             total       used       free     shared    buffers     cached
Mem:          2.0G       1.9G        79M       2.3M       3.2M        40M
-/+ buffers/cache:       1.8G       123M
Swap:         8.0G       362M       7.6G

             total       used       free     shared    buffers     cached
Mem:          2.0G       1.9G        78M       2.3M       3.2M        40M
-/+ buffers/cache:       1.8G       122M
Swap:         8.0G       362M       7.6G

             total       used       free     shared    buffers     cached
Mem:          2.0G       1.9G        78M       2.3M       3.2M        40M
-/+ buffers/cache:       1.8G       122M
Swap:         8.0G       362M       7.6G

             total       used       free     shared    buffers     cached
Mem:          2.0G       1.9G        77M       2.3M       3.2M        40M
-/+ buffers/cache:       1.8G       121M
Swap:         8.0G       361M       7.6G

             total       used       free     shared    buffers     cached
Mem:          2.0G       1.9G        76M       2.3M       3.2M        40M
-/+ buffers/cache:       1.8G       121M
Swap:         8.0G       361M       7.6G

             total       used       free     shared    buffers     cached
Mem:          2.0G       1.9G        76M       2.3M       3.2M        40M
-/+ buffers/cache:       1.8G       120M
Swap:         8.0G       361M       7.6G

             total       used       free     shared    buffers     cached
Mem:          2.0G       1.9G        75M       2.3M       3.2M        40M
-/+ buffers/cache:       1.8G       119M
Swap:         8.0G       360M       7.6G

             total       used       free     shared    buffers     cached
Mem:          2.0G       1.9G        75M       2.3M       3.2M        40M
-/+ buffers/cache:       1.8G       119M
Swap:         8.0G       360M       7.6G

             total       used       free     shared    buffers     cached
Mem:          2.0G       1.9G        74M       2.3M       3.2M        40M
-/+ buffers/cache:       1.8G       118M
Swap:         8.0G       359M       7.6G

             total       used       free     shared    buffers     cached
Mem:          2.0G       1.9G        74M       2.3M       3.2M        40M
-/+ buffers/cache:       1.8G       118M
Swap:         8.0G       359M       7.6G

             total       used       free     shared    buffers     cached
Mem:          2.0G       1.9G        73M       2.3M       3.2M        40M
-/+ buffers/cache:       1.8G       117M
Swap:         8.0G       359M       7.6G

             total       used       free     shared    buffers     cached
Mem:          2.0G       1.9G        72M       2.3M       3.2M        40M
-/+ buffers/cache:       1.8G       117M
Swap:         8.0G       358M       7.6G

             total       used       free     shared    buffers     cached
Mem:          2.0G       1.9G        72M       2.3M       3.2M        40M
-/+ buffers/cache:       1.8G       116M
Swap:         8.0G       358M       7.6G

             total       used       free     shared    buffers     cached
Mem:          2.0G       1.9G        71M       2.3M       3.2M        40M
-/+ buffers/cache:       1.8G       115M
Swap:         8.0G       358M       7.6G

             total       used       free     shared    buffers     cached
Mem:          2.0G       1.9G        70M       2.3M       3.2M        40M
-/+ buffers/cache:       1.8G       115M
Swap:         8.0G       357M       7.6G

             total       used       free     shared    buffers     cached
Mem:          2.0G       1.9G        70M       2.3M       3.2M        40M
-/+ buffers/cache:       1.8G       114M
Swap:         8.0G       357M       7.6G

             total       used       free     shared    buffers     cached
Mem:          2.0G       1.9G        70M       2.3M       3.2M        40M
-/+ buffers/cache:       1.8G       114M
Swap:         8.0G       357M       7.6G

             total       used       free     shared    buffers     cached
Mem:          2.0G       1.9G        69M       2.3M       3.2M        40M
-/+ buffers/cache:       1.8G       113M
Swap:         8.0G       356M       7.6G

             total       used       free     shared    buffers     cached
Mem:          2.0G       1.9G        68M       2.3M       3.2M        40M
-/+ buffers/cache:       1.8G       112M
Swap:         8.0G       356M       7.6G

             total       used       free     shared    buffers     cached
Mem:          2.0G       1.9G        68M       2.3M       3.2M        40M
-/+ buffers/cache:       1.8G       112M
Swap:         8.0G       355M       7.6G

             total       used       free     shared    buffers     cached
Mem:          2.0G       1.9G        67M       2.3M       3.2M        40M
-/+ buffers/cache:       1.8G       111M
Swap:         8.0G       355M       7.6G

             total       used       free     shared    buffers     cached
Mem:          2.0G       1.9G        66M       2.3M       3.2M        40M
-/+ buffers/cache:       1.8G       111M
Swap:         8.0G       355M       7.7G

             total       used       free     shared    buffers     cached
Mem:          2.0G       1.9G        66M       2.3M       3.2M        40M
-/+ buffers/cache:       1.8G       110M
Swap:         8.0G       354M       7.7G

             total       used       free     shared    buffers     cached
Mem:          2.0G       1.9G        65M       2.3M       3.2M        40M
-/+ buffers/cache:       1.8G       109M
Swap:         8.0G       354M       7.7G

             total       used       free     shared    buffers     cached
Mem:          2.0G       1.9G        65M       2.3M       3.2M        40M
-/+ buffers/cache:       1.8G       109M
Swap:         8.0G       353M       7.7G

             total       used       free     shared    buffers     cached
Mem:          2.0G       1.9G        76M       2.3M       3.2M        40M
-/+ buffers/cache:       1.8G       119M
Swap:         8.0G       353M       7.7G

             total       used       free     shared    buffers     cached
Mem:          2.0G       1.9G        75M       2.3M       3.2M        40M
-/+ buffers/cache:       1.8G       119M
Swap:         8.0G       352M       7.7G

             total       used       free     shared    buffers     cached
Mem:          2.0G       1.9G        75M       2.3M       3.2M        40M
-/+ buffers/cache:       1.8G       118M
Swap:         8.0G       352M       7.7G

             total       used       free     shared    buffers     cached
Mem:          2.0G       1.9G        74M       2.3M       3.2M        40M
-/+ buffers/cache:       1.8G       118M
Swap:         8.0G       352M       7.7G

             total       used       free     shared    buffers     cached
Mem:          2.0G       1.9G        73M       2.3M       3.2M        40M
-/+ buffers/cache:       1.8G       117M
Swap:         8.0G       351M       7.7G

             total       used       free     shared    buffers     cached
Mem:          2.0G       1.9G        73M       2.3M       3.2M        40M
-/+ buffers/cache:       1.8G       117M
Swap:         8.0G       351M       7.7G

             total       used       free     shared    buffers     cached
Mem:          2.0G       1.9G        72M       2.3M       3.2M        40M
-/+ buffers/cache:       1.8G       116M
Swap:         8.0G       351M       7.7G

             total       used       free     shared    buffers     cached
Mem:          2.0G       1.9G        71M       2.3M       3.2M        40M
-/+ buffers/cache:       1.8G       115M
Swap:         8.0G       350M       7.7G

             total       used       free     shared    buffers     cached
Mem:          2.0G       1.9G        71M       2.3M       3.2M        40M
-/+ buffers/cache:       1.8G       115M
Swap:         8.0G       350M       7.7G

             total       used       free     shared    buffers     cached
Mem:          2.0G       1.9G        70M       2.3M       3.2M        40M
-/+ buffers/cache:       1.8G       114M
Swap:         8.0G       349M       7.7G

             total       used       free     shared    buffers     cached
Mem:          2.0G       1.9G        70M       2.3M       3.2M        40M
-/+ buffers/cache:       1.8G       113M
Swap:         8.0G       349M       7.7G

             total       used       free     shared    buffers     cached
Mem:          2.0G       1.9G        69M       2.3M       3.2M        40M
-/+ buffers/cache:       1.8G       113M
Swap:         8.0G       349M       7.7G

             total       used       free     shared    buffers     cached
Mem:          2.0G       1.9G        68M       2.3M       3.2M        40M
-/+ buffers/cache:       1.8G       112M
Swap:         8.0G       348M       7.7G

             total       used       free     shared    buffers     cached
Mem:          2.0G       1.9G        68M       2.3M       3.2M        40M
-/+ buffers/cache:       1.8G       111M
Swap:         8.0G       348M       7.7G

             total       used       free     shared    buffers     cached
Mem:          2.0G       1.9G        67M       2.3M       3.2M        40M
-/+ buffers/cache:       1.8G       111M
Swap:         8.0G       347M       7.7G

             total       used       free     shared    buffers     cached
Mem:          2.0G       1.9G        67M       2.3M       3.2M        40M
-/+ buffers/cache:       1.8G       110M
Swap:         8.0G       347M       7.7G

             total       used       free     shared    buffers     cached
Mem:          2.0G       1.9G        66M       2.3M       3.2M        40M
-/+ buffers/cache:       1.8G       110M
Swap:         8.0G       347M       7.7G

             total       used       free     shared    buffers     cached
Mem:          2.0G       1.9G        64M       2.3M       3.2M        41M
-/+ buffers/cache:       1.8G       109M
Swap:         8.0G       346M       7.7G

             total       used       free     shared    buffers     cached
Mem:          2.0G       1.9G        75M       2.3M       848K        34M
-/+ buffers/cache:       1.8G       110M
Swap:         8.0G       346M       7.7G

             total       used       free     shared    buffers     cached
Mem:          2.0G       1.9G        74M       2.3M       864K        34M
-/+ buffers/cache:       1.8G       110M
Swap:         8.0G       345M       7.7G

             total       used       free     shared    buffers     cached
Mem:          2.0G       1.9G        74M       2.3M       864K        34M
-/+ buffers/cache:       1.8G       109M
Swap:         8.0G       345M       7.7G

             total       used       free     shared    buffers     cached
Mem:          2.0G       1.9G        73M       2.3M       872K        34M
-/+ buffers/cache:       1.8G       108M
Swap:         8.0G       345M       7.7G

             total       used       free     shared    buffers     cached
Mem:          2.0G       1.9G        67M       2.3M       872K        36M
-/+ buffers/cache:       1.9G       105M
Swap:         8.0G       342M       7.7G

             total       used       free     shared    buffers     cached
Mem:          2.0G       1.9G        67M       2.3M       872K        36M
-/+ buffers/cache:       1.9G       104M
Swap:         8.0G       342M       7.7G

             total       used       free     shared    buffers     cached
Mem:          2.0G       1.9G        66M       2.3M       872K        36M
-/+ buffers/cache:       1.9G       103M
Swap:         8.0G       341M       7.7G

             total       used       free     shared    buffers     cached
Mem:          2.0G       1.9G        75M       2.3M       872K        33M
-/+ buffers/cache:       1.8G       110M
Swap:         8.0G       346M       7.7G

             total       used       free     shared    buffers     cached
Mem:          2.0G       1.9G        75M       2.3M       872K        33M
-/+ buffers/cache:       1.8G       110M
Swap:         8.0G       346M       7.7G

             total       used       free     shared    buffers     cached
Mem:          2.0G       1.9G        75M       2.3M       880K        33M
-/+ buffers/cache:       1.8G       110M
Swap:         8.0G       346M       7.7G

             total       used       free     shared    buffers     cached
Mem:          2.0G       1.9G        74M       2.3M       880K        33M
-/+ buffers/cache:       1.8G       109M
Swap:         8.0G       346M       7.7G

             total       used       free     shared    buffers     cached
Mem:          2.0G       1.9G        74M       2.3M       880K        33M
-/+ buffers/cache:       1.8G       109M
Swap:         8.0G       345M       7.7G

             total       used       free     shared    buffers     cached
Mem:          2.0G       1.9G        74M       2.3M       880K        33M
-/+ buffers/cache:       1.8G       108M
Swap:         8.0G       345M       7.7G

             total       used       free     shared    buffers     cached
Mem:          2.0G       1.9G        71M       2.3M       880K        36M
-/+ buffers/cache:       1.8G       108M
Swap:         8.0G       345M       7.7G

             total       used       free     shared    buffers     cached
Mem:          2.0G       1.9G        70M       2.3M       1.2M        36M
-/+ buffers/cache:       1.8G       108M
Swap:         8.0G       345M       7.7G

             total       used       free     shared    buffers     cached
Mem:          2.0G       1.9G        69M       2.3M       1.2M        36M
-/+ buffers/cache:       1.8G       107M
Swap:         8.0G       344M       7.7G

             total       used       free     shared    buffers     cached
Mem:          2.0G       1.9G        69M       2.3M       1.2M        36M
-/+ buffers/cache:       1.8G       107M
Swap:         8.0G       344M       7.7G

             total       used       free     shared    buffers     cached
Mem:          2.0G       1.9G        70M       2.4M       2.9M        50M
-/+ buffers/cache:       1.8G       124M
Swap:         8.0G       381M       7.6G

             total       used       free     shared    buffers     cached
Mem:          2.0G       1.9G        76M       6.1M       4.2M        54M
-/+ buffers/cache:       1.8G       135M
Swap:         8.0G       404M       7.6G

             total       used       free     shared    buffers     cached
Mem:          2.0G       1.9G        75M       6.1M       4.8M        71M
-/+ buffers/cache:       1.8G       151M
Swap:         8.0G       410M       7.6G

             total       used       free     shared    buffers     cached
Mem:          2.0G       1.9G        67M       2.4M       5.0M        69M
-/+ buffers/cache:       1.8G       141M
Swap:         8.0G       408M       7.6G

             total       used       free     shared    buffers     cached
Mem:          2.0G       1.9G        78M       2.4M       4.1M        64M
-/+ buffers/cache:       1.8G       147M
Swap:         8.0G       426M       7.6G

             total       used       free     shared    buffers     cached
Mem:          2.0G       1.9G        77M       2.4M       4.1M        64M
-/+ buffers/cache:       1.8G       146M
Swap:         8.0G       426M       7.6G

             total       used       free     shared    buffers     cached
Mem:          2.0G       1.9G        76M       2.4M       4.1M        64M
-/+ buffers/cache:       1.8G       145M
Swap:         8.0G       425M       7.6G

             total       used       free     shared    buffers     cached
Mem:          2.0G       1.9G        74M       2.4M       4.3M        65M
-/+ buffers/cache:       1.8G       144M
Swap:         8.0G       425M       7.6G

             total       used       free     shared    buffers     cached
Mem:          2.0G       1.9G        73M       2.4M       4.3M        65M
-/+ buffers/cache:       1.8G       143M
Swap:         8.0G       424M       7.6G

             total       used       free     shared    buffers     cached
Mem:          2.0G       1.9G        72M       2.4M       4.3M        65M
-/+ buffers/cache:       1.8G       142M
Swap:         8.0G       424M       7.6G

             total       used       free     shared    buffers     cached
Mem:          2.0G       1.9G        71M       2.4M       4.3M        65M
-/+ buffers/cache:       1.8G       141M
Swap:         8.0G       423M       7.6G

             total       used       free     shared    buffers     cached
Mem:          2.0G       1.9G        70M       2.4M       4.3M        65M
-/+ buffers/cache:       1.8G       140M
Swap:         8.0G       423M       7.6G

             total       used       free     shared    buffers     cached
Mem:          2.0G       1.9G        69M       2.4M       4.3M        65M
-/+ buffers/cache:       1.8G       139M
Swap:         8.0G       422M       7.6G

             total       used       free     shared    buffers     cached
Mem:          2.0G       1.9G        68M       2.4M       4.3M        65M
-/+ buffers/cache:       1.8G       138M
Swap:         8.0G       422M       7.6G

             total       used       free     shared    buffers     cached
Mem:          2.0G       1.9G        67M       2.4M       4.3M        65M
-/+ buffers/cache:       1.8G       137M
Swap:         8.0G       421M       7.6G

             total       used       free     shared    buffers     cached
Mem:          2.0G       1.9G        66M       2.4M       4.3M        65M
-/+ buffers/cache:       1.8G       136M
Swap:         8.0G       421M       7.6G

             total       used       free     shared    buffers     cached
Mem:          2.0G       1.9G        65M       2.4M       4.3M        65M
-/+ buffers/cache:       1.8G       136M
Swap:         8.0G       420M       7.6G

             total       used       free     shared    buffers     cached
Mem:          2.0G       1.9G        64M       2.4M       4.3M        65M
-/+ buffers/cache:       1.8G       134M
Swap:         8.0G       420M       7.6G

             total       used       free     shared    buffers     cached
Mem:          2.0G       1.9G        77M       2.4M       4.3M        65M
-/+ buffers/cache:       1.8G       147M
Swap:         8.0G       428M       7.6G

             total       used       free     shared    buffers     cached
Mem:          2.0G       1.9G        76M       2.4M       4.3M        65M
-/+ buffers/cache:       1.8G       146M
Swap:         8.0G       428M       7.6G

             total       used       free     shared    buffers     cached
Mem:          2.0G       1.9G        75M       2.4M       4.3M        65M
-/+ buffers/cache:       1.8G       145M
Swap:         8.0G       427M       7.6G

             total       used       free     shared    buffers     cached
Mem:          2.0G       1.9G        74M       2.4M       4.3M        65M
-/+ buffers/cache:       1.8G       144M
Swap:         8.0G       427M       7.6G

             total       used       free     shared    buffers     cached
Mem:          2.0G       1.9G        73M       2.4M       4.3M        65M
-/+ buffers/cache:       1.8G       142M
Swap:         8.0G       426M       7.6G

             total       used       free     shared    buffers     cached
Mem:          2.0G       1.9G        72M       2.4M       4.3M        65M
-/+ buffers/cache:       1.8G       142M
Swap:         8.0G       426M       7.6G

             total       used       free     shared    buffers     cached
Mem:          2.0G       1.9G        71M       2.4M       4.3M        65M
-/+ buffers/cache:       1.8G       141M
Swap:         8.0G       425M       7.6G

             total       used       free     shared    buffers     cached
Mem:          2.0G       1.9G        70M       2.4M       4.3M        65M
-/+ buffers/cache:       1.8G       140M
Swap:         8.0G       424M       7.6G

             total       used       free     shared    buffers     cached
Mem:          2.0G       1.9G        69M       2.4M       4.3M        65M
-/+ buffers/cache:       1.8G       139M
Swap:         8.0G       424M       7.6G

             total       used       free     shared    buffers     cached
Mem:          2.0G       1.9G        68M       2.4M       4.3M        65M
-/+ buffers/cache:       1.8G       138M
Swap:         8.0G       423M       7.6G

             total       used       free     shared    buffers     cached
Mem:          2.0G       1.9G        67M       2.4M       4.3M        65M
-/+ buffers/cache:       1.8G       137M
Swap:         8.0G       423M       7.6G

             total       used       free     shared    buffers     cached
Mem:          2.0G       1.9G        79M       2.4M       4.9M        67M
-/+ buffers/cache:       1.8G       151M
Swap:         8.0G       434M       7.6G

             total       used       free     shared    buffers     cached
Mem:          2.0G       1.9G        78M       2.5M       9.1M        78M
-/+ buffers/cache:       1.8G       165M
Swap:         8.0G       453M       7.6G
