             total       used       free     shared    buffers     cached
Mem:          992M       658M       333M       3.2M        38M       289M
-/+ buffers/cache:       331M       661M
Swap:         8.0G         0B       8.0G

             total       used       free     shared    buffers     cached
Mem:          992M       657M       334M       1.4M        38M       287M
-/+ buffers/cache:       331M       660M
Swap:         8.0G         0B       8.0G

             total       used       free     shared    buffers     cached
Mem:          992M       657M       334M       1.4M        38M       287M
-/+ buffers/cache:       331M       660M
Swap:         8.0G         0B       8.0G

             total       used       free     shared    buffers     cached
Mem:          992M       657M       334M       1.4M        38M       287M
-/+ buffers/cache:       331M       661M
Swap:         8.0G         0B       8.0G

             total       used       free     shared    buffers     cached
Mem:          992M       657M       334M       1.4M        38M       287M
-/+ buffers/cache:       331M       661M
Swap:         8.0G         0B       8.0G

             total       used       free     shared    buffers     cached
Mem:          992M       657M       334M       1.4M        38M       287M
-/+ buffers/cache:       331M       661M
Swap:         8.0G         0B       8.0G

             total       used       free     shared    buffers     cached
Mem:          992M       657M       334M       1.4M        38M       287M
-/+ buffers/cache:       330M       661M
Swap:         8.0G         0B       8.0G

             total       used       free     shared    buffers     cached
Mem:          992M       656M       335M       1.4M        38M       288M
-/+ buffers/cache:       330M       661M
Swap:         8.0G         0B       8.0G

             total       used       free     shared    buffers     cached
Mem:          992M       656M       335M       1.4M        38M       288M
-/+ buffers/cache:       330M       661M
Swap:         8.0G         0B       8.0G

             total       used       free     shared    buffers     cached
Mem:          992M       660M       331M       1.4M        38M       288M
-/+ buffers/cache:       333M       658M
Swap:         8.0G         0B       8.0G

             total       used       free     shared    buffers     cached
Mem:          992M       679M       312M       1.4M        38M       288M
-/+ buffers/cache:       352M       639M
Swap:         8.0G         0B       8.0G

             total       used       free     shared    buffers     cached
Mem:          992M       706M       285M       1.4M        38M       289M
-/+ buffers/cache:       378M       613M
Swap:         8.0G         0B       8.0G

             total       used       free     shared    buffers     cached
Mem:          992M       666M       325M       1.4M        38M       289M
-/+ buffers/cache:       338M       653M
Swap:         8.0G         0B       8.0G

             total       used       free     shared    buffers     cached
Mem:          992M       666M       325M       1.4M        38M       289M
-/+ buffers/cache:       338M       653M
Swap:         8.0G         0B       8.0G

             total       used       free     shared    buffers     cached
Mem:          992M       666M       325M       1.4M        38M       289M
-/+ buffers/cache:       338M       653M
Swap:         8.0G         0B       8.0G

             total       used       free     shared    buffers     cached
Mem:          992M       666M       325M       1.4M        38M       289M
-/+ buffers/cache:       338M       653M
Swap:         8.0G         0B       8.0G

             total       used       free     shared    buffers     cached
Mem:          992M       666M       325M       1.4M        38M       289M
-/+ buffers/cache:       338M       653M
Swap:         8.0G         0B       8.0G

             total       used       free     shared    buffers     cached
Mem:          992M       666M       325M       1.4M        38M       289M
-/+ buffers/cache:       338M       653M
Swap:         8.0G         0B       8.0G

             total       used       free     shared    buffers     cached
Mem:          992M       666M       325M       1.4M        38M       289M
-/+ buffers/cache:       338M       653M
Swap:         8.0G         0B       8.0G

             total       used       free     shared    buffers     cached
Mem:          992M       666M       325M       1.4M        38M       289M
-/+ buffers/cache:       338M       653M
Swap:         8.0G         0B       8.0G

             total       used       free     shared    buffers     cached
Mem:          992M       666M       325M       1.4M        38M       289M
-/+ buffers/cache:       338M       653M
Swap:         8.0G         0B       8.0G

             total       used       free     shared    buffers     cached
Mem:          992M       666M       325M       1.4M        38M       289M
-/+ buffers/cache:       338M       653M
Swap:         8.0G         0B       8.0G

             total       used       free     shared    buffers     cached
Mem:          992M       666M       325M       1.4M        38M       289M
-/+ buffers/cache:       338M       653M
Swap:         8.0G         0B       8.0G

             total       used       free     shared    buffers     cached
Mem:          992M       666M       325M       1.4M        38M       289M
-/+ buffers/cache:       338M       653M
Swap:         8.0G         0B       8.0G

             total       used       free     shared    buffers     cached
Mem:          992M       666M       325M       1.4M        38M       289M
-/+ buffers/cache:       338M       653M
Swap:         8.0G         0B       8.0G

             total       used       free     shared    buffers     cached
Mem:          992M       666M       325M       1.4M        38M       289M
-/+ buffers/cache:       338M       653M
Swap:         8.0G         0B       8.0G

             total       used       free     shared    buffers     cached
Mem:          992M       666M       325M       1.4M        38M       289M
-/+ buffers/cache:       338M       653M
Swap:         8.0G         0B       8.0G

             total       used       free     shared    buffers     cached
Mem:          992M       666M       325M       1.4M        38M       289M
-/+ buffers/cache:       338M       653M
Swap:         8.0G         0B       8.0G

             total       used       free     shared    buffers     cached
Mem:          992M       666M       325M       1.4M        38M       289M
-/+ buffers/cache:       338M       653M
Swap:         8.0G         0B       8.0G

             total       used       free     shared    buffers     cached
Mem:          992M       666M       325M       1.4M        38M       289M
-/+ buffers/cache:       338M       653M
Swap:         8.0G         0B       8.0G

             total       used       free     shared    buffers     cached
Mem:          992M       666M       325M       1.4M        38M       289M
-/+ buffers/cache:       338M       653M
Swap:         8.0G         0B       8.0G

             total       used       free     shared    buffers     cached
Mem:          992M       666M       325M       1.4M        38M       289M
-/+ buffers/cache:       338M       653M
Swap:         8.0G         0B       8.0G

             total       used       free     shared    buffers     cached
Mem:          992M       666M       325M       1.4M        38M       289M
-/+ buffers/cache:       338M       653M
Swap:         8.0G         0B       8.0G

             total       used       free     shared    buffers     cached
Mem:          992M       674M       317M       1.4M        38M       289M
-/+ buffers/cache:       346M       645M
Swap:         8.0G         0B       8.0G

             total       used       free     shared    buffers     cached
Mem:          992M       694M       297M       1.4M        38M       289M
-/+ buffers/cache:       365M       626M
Swap:         8.0G         0B       8.0G

             total       used       free     shared    buffers     cached
Mem:          992M       713M       279M       1.4M        38M       289M
-/+ buffers/cache:       384M       607M
Swap:         8.0G         0B       8.0G

             total       used       free     shared    buffers     cached
Mem:          992M       733M       258M       1.4M        38M       289M
-/+ buffers/cache:       404M       587M
Swap:         8.0G         0B       8.0G

             total       used       free     shared    buffers     cached
Mem:          992M       752M       239M       1.4M        38M       289M
-/+ buffers/cache:       423M       568M
Swap:         8.0G         0B       8.0G

             total       used       free     shared    buffers     cached
Mem:          992M       771M       220M       1.4M        38M       289M
-/+ buffers/cache:       442M       549M
Swap:         8.0G         0B       8.0G

             total       used       free     shared    buffers     cached
Mem:          992M       787M       204M       1.4M        38M       289M
-/+ buffers/cache:       459M       532M
Swap:         8.0G         0B       8.0G

             total       used       free     shared    buffers     cached
Mem:          992M       807M       184M       1.4M        38M       289M
-/+ buffers/cache:       479M       512M
Swap:         8.0G         0B       8.0G

             total       used       free     shared    buffers     cached
Mem:          992M       828M       164M       1.4M        38M       289M
-/+ buffers/cache:       499M       492M
Swap:         8.0G         0B       8.0G

             total       used       free     shared    buffers     cached
Mem:          992M       846M       145M       1.4M        38M       289M
-/+ buffers/cache:       518M       473M
Swap:         8.0G         0B       8.0G

             total       used       free     shared    buffers     cached
Mem:          992M       868M       124M       1.4M        38M       289M
-/+ buffers/cache:       539M       452M
Swap:         8.0G         0B       8.0G

             total       used       free     shared    buffers     cached
Mem:          992M       887M       104M       1.4M        38M       289M
-/+ buffers/cache:       559M       432M
Swap:         8.0G         0B       8.0G

             total       used       free     shared    buffers     cached
Mem:          992M       904M        88M       1.4M        38M       289M
-/+ buffers/cache:       575M       416M
Swap:         8.0G         0B       8.0G

             total       used       free     shared    buffers     cached
Mem:          992M       921M        70M       1.4M        38M       289M
-/+ buffers/cache:       593M       398M
Swap:         8.0G         0B       8.0G

             total       used       free     shared    buffers     cached
Mem:          992M       918M        73M       1.4M        17M       288M
-/+ buffers/cache:       613M       378M
Swap:         8.0G         0B       8.0G

             total       used       free     shared    buffers     cached
Mem:          992M       922M        69M       1.4M        10M       279M
-/+ buffers/cache:       632M       359M
Swap:         8.0G         0B       8.0G

             total       used       free     shared    buffers     cached
Mem:          992M       924M        67M       1.4M       9.7M       263M
-/+ buffers/cache:       651M       340M
Swap:         8.0G       120K       8.0G

             total       used       free     shared    buffers     cached
Mem:          992M       925M        66M       1.3M       9.6M       245M
-/+ buffers/cache:       670M       321M
Swap:         8.0G       468K       8.0G

             total       used       free     shared    buffers     cached
Mem:          992M       928M        63M       1.1M       9.6M       230M
-/+ buffers/cache:       689M       303M
Swap:         8.0G       6.2M       8.0G

             total       used       free     shared    buffers     cached
Mem:          992M       928M        64M       1.1M       9.6M       217M
-/+ buffers/cache:       701M       291M
Swap:         8.0G       7.6M       8.0G

             total       used       free     shared    buffers     cached
Mem:          992M       919M        72M       1.1M       2.3M       198M
-/+ buffers/cache:       718M       273M
Swap:         8.0G       7.6M       8.0G

             total       used       free     shared    buffers     cached
Mem:          992M       922M        69M       1.1M       1.2M       187M
-/+ buffers/cache:       733M       258M
Swap:         8.0G       7.6M       8.0G

             total       used       free     shared    buffers     cached
Mem:          992M       920M        72M       1.1M       212K       170M
-/+ buffers/cache:       749M       242M
Swap:         8.0G       7.6M       8.0G

             total       used       free     shared    buffers     cached
Mem:          992M       911M        80M       1.1M       200K       146M
-/+ buffers/cache:       765M       226M
Swap:         8.0G       7.6M       8.0G

             total       used       free     shared    buffers     cached
Mem:          992M       926M        65M       1.1M       200K       146M
-/+ buffers/cache:       780M       212M
Swap:         8.0G       7.6M       8.0G

             total       used       free     shared    buffers     cached
Mem:          992M       921M        70M       1.1M       120K       128M
-/+ buffers/cache:       792M       199M
Swap:         8.0G       7.6M       8.0G

             total       used       free     shared    buffers     cached
Mem:          992M       925M        66M       1.1M        92K       113M
-/+ buffers/cache:       811M       180M
Swap:         8.0G       7.6M       8.0G

             total       used       free     shared    buffers     cached
Mem:          992M       930M        61M       1.1M        84K       100M
-/+ buffers/cache:       830M       161M
Swap:         8.0G       7.6M       8.0G

             total       used       free     shared    buffers     cached
Mem:          992M       915M        76M       1.1M        92K        65M
-/+ buffers/cache:       849M       142M
Swap:         8.0G       7.6M       8.0G

             total       used       free     shared    buffers     cached
Mem:          992M       919M        73M       1.1M       312K        51M
-/+ buffers/cache:       867M       124M
Swap:         8.0G       7.6M       8.0G

             total       used       free     shared    buffers     cached
Mem:          992M       916M        76M       1.1M       328K        30M
-/+ buffers/cache:       885M       107M
Swap:         8.0G       7.6M       8.0G

             total       used       free     shared    buffers     cached
Mem:          992M       921M        70M       1.1M       460K        17M
-/+ buffers/cache:       903M        89M
Swap:         8.0G       7.6M       8.0G

             total       used       free     shared    buffers     cached
Mem:          992M       920M        71M       996K       460K       5.3M
-/+ buffers/cache:       914M        77M
Swap:         8.0G        11M       8.0G

             total       used       free     shared    buffers     cached
Mem:          992M       909M        82M       696K       688K       3.2M
-/+ buffers/cache:       905M        86M
Swap:         8.0G        47M       8.0G

             total       used       free     shared    buffers     cached
Mem:          992M       924M        67M       696K       696K       3.2M
-/+ buffers/cache:       920M        71M
Swap:         8.0G        47M       8.0G

             total       used       free     shared    buffers     cached
Mem:          992M       923M        68M       696K       560K       3.0M
-/+ buffers/cache:       920M        72M
Swap:         8.0G        59M       7.9G

             total       used       free     shared    buffers     cached
Mem:          992M       920M        71M       692K       2.7M        15M
-/+ buffers/cache:       902M        89M
Swap:         8.0G        88M       7.9G

             total       used       free     shared    buffers     cached
Mem:          992M       920M        71M       668K       2.7M        15M
-/+ buffers/cache:       902M        89M
Swap:         8.0G       103M       7.9G

             total       used       free     shared    buffers     cached
Mem:          992M       928M        63M       664K       2.7M        15M
-/+ buffers/cache:       910M        81M
Swap:         8.0G       112M       7.9G

             total       used       free     shared    buffers     cached
Mem:          992M       912M        80M       568K       1.7M        13M
-/+ buffers/cache:       897M        95M
Swap:         8.0G       186M       7.8G

             total       used       free     shared    buffers     cached
Mem:          992M       924M        67M       568K       1.7M        13M
-/+ buffers/cache:       909M        83M
Swap:         8.0G       186M       7.8G

             total       used       free     shared    buffers     cached
Mem:          992M       912M        79M       568K       120K        23M
-/+ buffers/cache:       889M       102M
Swap:         8.0G       186M       7.8G

             total       used       free     shared    buffers     cached
Mem:          992M       927M        64M       568K       408K        23M
-/+ buffers/cache:       904M        88M
Swap:         8.0G       186M       7.8G

             total       used       free     shared    buffers     cached
Mem:          992M       926M        65M       568K       708K        22M
-/+ buffers/cache:       903M        89M
Swap:         8.0G       220M       7.8G

             total       used       free     shared    buffers     cached
Mem:          992M       928M        64M       568K       708K        22M
-/+ buffers/cache:       905M        87M
Swap:         8.0G       220M       7.8G

             total       used       free     shared    buffers     cached
Mem:          992M       924M        67M       552K       716K        21M
-/+ buffers/cache:       902M        90M
Swap:         8.0G       231M       7.8G

             total       used       free     shared    buffers     cached
Mem:          992M       923M        68M       552K       664K        14M
-/+ buffers/cache:       908M        84M
Swap:         8.0G       249M       7.8G

             total       used       free     shared    buffers     cached
Mem:          992M       921M        70M       532K       120K       5.1M
-/+ buffers/cache:       916M        75M
Swap:         8.0G       249M       7.8G

             total       used       free     shared    buffers     cached
Mem:          992M       930M        61M       532K       120K       5.1M
-/+ buffers/cache:       925M        66M
Swap:         8.0G       249M       7.8G

             total       used       free     shared    buffers     cached
Mem:          992M       921M        71M       532K       100K       3.6M
-/+ buffers/cache:       917M        74M
Swap:         8.0G       267M       7.7G

             total       used       free     shared    buffers     cached
Mem:          992M       925M        66M       532K       108K       3.6M
-/+ buffers/cache:       921M        70M
Swap:         8.0G       267M       7.7G

             total       used       free     shared    buffers     cached
Mem:          992M       919M        72M       532K       104K       2.6M
-/+ buffers/cache:       917M        75M
Swap:         8.0G       279M       7.7G

             total       used       free     shared    buffers     cached
Mem:          992M       924M        67M       528K       112K       2.7M
-/+ buffers/cache:       921M        70M
Swap:         8.0G       279M       7.7G

             total       used       free     shared    buffers     cached
Mem:          992M       929M        63M       528K       112K       2.7M
-/+ buffers/cache:       926M        65M
Swap:         8.0G       279M       7.7G

             total       used       free     shared    buffers     cached
Mem:          992M       920M        71M       528K       112K       2.5M
-/+ buffers/cache:       918M        73M
Swap:         8.0G       285M       7.7G

             total       used       free     shared    buffers     cached
Mem:          992M       925M        66M       528K       120K       2.6M
-/+ buffers/cache:       922M        69M
Swap:         8.0G       285M       7.7G

             total       used       free     shared    buffers     cached
Mem:          992M       930M        61M       528K       120K       2.6M
-/+ buffers/cache:       927M        64M
Swap:         8.0G       285M       7.7G

             total       used       free     shared    buffers     cached
Mem:          992M       919M        72M       528K       120K       2.6M
-/+ buffers/cache:       916M        75M
Swap:         8.0G       311M       7.7G

             total       used       free     shared    buffers     cached
Mem:          992M       923M        69M       528K       120K       2.5M
-/+ buffers/cache:       920M        71M
Swap:         8.0G       311M       7.7G

             total       used       free     shared    buffers     cached
Mem:          992M       928M        63M       528K       120K       2.5M
-/+ buffers/cache:       925M        66M
Swap:         8.0G       311M       7.7G

             total       used       free     shared    buffers     cached
Mem:          992M       920M        72M       528K       120K       2.6M
-/+ buffers/cache:       917M        74M
Swap:         8.0G       311M       7.7G

             total       used       free     shared    buffers     cached
Mem:          992M       923M        69M       528K       128K       2.6M
-/+ buffers/cache:       920M        71M
Swap:         8.0G       311M       7.7G

             total       used       free     shared    buffers     cached
Mem:          992M       927M        65M       528K       132K       2.6M
-/+ buffers/cache:       924M        67M
Swap:         8.0G       311M       7.7G

             total       used       free     shared    buffers     cached
Mem:          992M       931M        61M       528K       132K       2.6M
-/+ buffers/cache:       928M        63M
Swap:         8.0G       311M       7.7G

             total       used       free     shared    buffers     cached
Mem:          992M       921M        70M         4K       132K       2.1M
-/+ buffers/cache:       919M        72M
Swap:         8.0G       340M       7.7G

             total       used       free     shared    buffers     cached
Mem:          992M       925M        66M         4K       132K       2.1M
-/+ buffers/cache:       923M        68M
Swap:         8.0G       340M       7.7G

             total       used       free     shared    buffers     cached
Mem:          992M       928M        63M         4K       140K       2.1M
-/+ buffers/cache:       926M        66M
Swap:         8.0G       340M       7.7G

             total       used       free     shared    buffers     cached
Mem:          992M       918M        73M         4K       140K       2.0M
-/+ buffers/cache:       916M        75M
Swap:         8.0G       333M       7.7G

             total       used       free     shared    buffers     cached
Mem:          992M       920M        71M         4K       140K       1.9M
-/+ buffers/cache:       918M        73M
Swap:         8.0G       328M       7.7G

             total       used       free     shared    buffers     cached
Mem:          992M       921M        70M         4K       132K       1.8M
-/+ buffers/cache:       919M        72M
Swap:         8.0G       323M       7.7G

             total       used       free     shared    buffers     cached
Mem:          992M       922M        69M         0B       116K       1.5M
-/+ buffers/cache:       920M        71M
Swap:         8.0G       327M       7.7G

             total       used       free     shared    buffers     cached
Mem:          992M       916M        75M         0B       124K       1.4M
-/+ buffers/cache:       915M        77M
Swap:         8.0G       336M       7.7G

             total       used       free     shared    buffers     cached
Mem:          992M       916M        75M         0B       124K       1.4M
-/+ buffers/cache:       915M        77M
Swap:         8.0G       336M       7.7G

             total       used       free     shared    buffers     cached
Mem:          992M       926M        65M        16K       104K        20M
-/+ buffers/cache:       906M        85M
Swap:         8.0G       345M       7.7G

             total       used       free     shared    buffers     cached
Mem:          992M       922M        69M        16K        88K       5.4M
-/+ buffers/cache:       917M        75M
Swap:         8.0G       330M       7.7G

             total       used       free     shared    buffers     cached
Mem:          992M       924M        67M        16K        88K       2.2M
-/+ buffers/cache:       922M        69M
Swap:         8.0G       334M       7.7G

             total       used       free     shared    buffers     cached
Mem:          992M       921M        70M        16K       364K       2.2M
-/+ buffers/cache:       918M        73M
Swap:         8.0G       343M       7.7G

             total       used       free     shared    buffers     cached
Mem:          992M       922M        69M        16K       364K       2.1M
-/+ buffers/cache:       919M        72M
Swap:         8.0G       332M       7.7G

             total       used       free     shared    buffers     cached
Mem:          992M       923M        68M        16K       328K       1.8M
-/+ buffers/cache:       921M        70M
Swap:         8.0G       334M       7.7G

             total       used       free     shared    buffers     cached
Mem:          992M       914M        78M        16K        88K       1.8M
-/+ buffers/cache:       912M        79M
Swap:         8.0G       353M       7.7G

             total       used       free     shared    buffers     cached
Mem:          992M       922M        69M        16K        88K       2.2M
-/+ buffers/cache:       920M        71M
Swap:         8.0G       342M       7.7G

             total       used       free     shared    buffers     cached
Mem:          992M       925M        66M        16K        96K       2.2M
-/+ buffers/cache:       923M        68M
Swap:         8.0G       341M       7.7G

             total       used       free     shared    buffers     cached
Mem:          992M       928M        64M        16K        96K       2.2M
-/+ buffers/cache:       925M        66M
Swap:         8.0G       340M       7.7G

             total       used       free     shared    buffers     cached
Mem:          992M       917M        74M        16K        96K       1.9M
-/+ buffers/cache:       915M        76M
Swap:         8.0G       357M       7.6G

             total       used       free     shared    buffers     cached
Mem:          992M       921M        70M        16K        96K       1.9M
-/+ buffers/cache:       919M        72M
Swap:         8.0G       357M       7.6G

             total       used       free     shared    buffers     cached
Mem:          992M       926M        66M        16K        96K       1.9M
-/+ buffers/cache:       924M        68M
Swap:         8.0G       357M       7.6G

             total       used       free     shared    buffers     cached
Mem:          992M       921M        71M        16K        96K       1.9M
-/+ buffers/cache:       919M        73M
Swap:         8.0G       358M       7.6G

             total       used       free     shared    buffers     cached
Mem:          992M       923M        68M        16K       104K       1.9M
-/+ buffers/cache:       921M        70M
Swap:         8.0G       359M       7.6G

             total       used       free     shared    buffers     cached
Mem:          992M       930M        62M        16K       104K       2.0M
-/+ buffers/cache:       928M        64M
Swap:         8.0G       358M       7.6G

             total       used       free     shared    buffers     cached
Mem:          992M       917M        74M        16K       104K       1.9M
-/+ buffers/cache:       915M        76M
Swap:         8.0G       384M       7.6G

             total       used       free     shared    buffers     cached
Mem:          992M       921M        70M        16K       104K       1.9M
-/+ buffers/cache:       919M        72M
Swap:         8.0G       384M       7.6G

             total       used       free     shared    buffers     cached
Mem:          992M       924M        67M        16K       104K       2.0M
-/+ buffers/cache:       922M        69M
Swap:         8.0G       383M       7.6G

             total       used       free     shared    buffers     cached
Mem:          992M       925M        66M        16K       112K       2.0M
-/+ buffers/cache:       923M        68M
Swap:         8.0G       382M       7.6G

             total       used       free     shared    buffers     cached
Mem:          992M       927M        64M        16K       112K       2.0M
-/+ buffers/cache:       925M        66M
Swap:         8.0G       382M       7.6G

             total       used       free     shared    buffers     cached
Mem:          992M       929M        62M        16K       112K       2.0M
-/+ buffers/cache:       927M        64M
Swap:         8.0G       381M       7.6G

             total       used       free     shared    buffers     cached
Mem:          992M       915M        76M        16K       252K       2.6M
-/+ buffers/cache:       912M        79M
Swap:         8.0G       402M       7.6G

             total       used       free     shared    buffers     cached
Mem:          992M       917M        74M        16K       260K       2.6M
-/+ buffers/cache:       914M        77M
Swap:         8.0G       401M       7.6G

             total       used       free     shared    buffers     cached
Mem:          992M       919M        72M        16K       268K       2.8M
-/+ buffers/cache:       916M        75M
Swap:         8.0G       400M       7.6G

             total       used       free     shared    buffers     cached
Mem:          992M       920M        71M        16K       268K       2.8M
-/+ buffers/cache:       917M        74M
Swap:         8.0G       399M       7.6G

             total       used       free     shared    buffers     cached
Mem:          992M       922M        69M        16K       268K       2.8M
-/+ buffers/cache:       919M        72M
Swap:         8.0G       399M       7.6G

             total       used       free     shared    buffers     cached
Mem:          992M       924M        67M        16K       268K       2.8M
-/+ buffers/cache:       921M        70M
Swap:         8.0G       398M       7.6G

             total       used       free     shared    buffers     cached
Mem:          992M       919M        72M        16K       104K        20M
-/+ buffers/cache:       898M        93M
Swap:         8.0G       425M       7.6G

             total       used       free     shared    buffers     cached
Mem:          992M       922M        69M        16K       516K        21M
-/+ buffers/cache:       900M        91M
Swap:         8.0G       424M       7.6G

             total       used       free     shared    buffers     cached
Mem:          992M       923M        68M        16K       524K        21M
-/+ buffers/cache:       902M        90M
Swap:         8.0G       424M       7.6G

             total       used       free     shared    buffers     cached
Mem:          992M       925M        66M        16K       532K        21M
-/+ buffers/cache:       903M        88M
Swap:         8.0G       423M       7.6G

             total       used       free     shared    buffers     cached
Mem:          992M       927M        64M        16K       532K        21M
-/+ buffers/cache:       905M        86M
Swap:         8.0G       422M       7.6G

             total       used       free     shared    buffers     cached
Mem:          992M       929M        62M        16K       532K        21M
-/+ buffers/cache:       907M        84M
Swap:         8.0G       421M       7.6G

             total       used       free     shared    buffers     cached
Mem:          992M       931M        60M        16K       532K        21M
-/+ buffers/cache:       909M        83M
Swap:         8.0G       420M       7.6G

             total       used       free     shared    buffers     cached
Mem:          992M       917M        74M        16K       540K        21M
-/+ buffers/cache:       895M        96M
Swap:         8.0G       420M       7.6G

             total       used       free     shared    buffers     cached
Mem:          992M       919M        72M        16K       540K        21M
-/+ buffers/cache:       897M        94M
Swap:         8.0G       419M       7.6G

             total       used       free     shared    buffers     cached
Mem:          992M       921M        70M        16K       540K        21M
-/+ buffers/cache:       899M        92M
Swap:         8.0G       418M       7.6G

             total       used       free     shared    buffers     cached
Mem:          992M       923M        68M        16K       540K        21M
-/+ buffers/cache:       901M        90M
Swap:         8.0G       417M       7.6G

             total       used       free     shared    buffers     cached
Mem:          992M       925M        66M        16K       540K        21M
-/+ buffers/cache:       903M        88M
Swap:         8.0G       416M       7.6G

             total       used       free     shared    buffers     cached
Mem:          992M       927M        64M        16K       548K        21M
-/+ buffers/cache:       905M        86M
Swap:         8.0G       415M       7.6G

             total       used       free     shared    buffers     cached
Mem:          992M       929M        63M        16K       548K        21M
-/+ buffers/cache:       907M        85M
Swap:         8.0G       415M       7.6G

             total       used       free     shared    buffers     cached
Mem:          992M       930M        61M        16K       548K        21M
-/+ buffers/cache:       908M        83M
Swap:         8.0G       414M       7.6G

             total       used       free     shared    buffers     cached
Mem:          992M       915M        76M        16K       548K        20M
-/+ buffers/cache:       894M        98M
Swap:         8.0G       435M       7.6G

             total       used       free     shared    buffers     cached
Mem:          992M       916M        75M        16K       548K        20M
-/+ buffers/cache:       895M        96M
Swap:         8.0G       435M       7.6G

             total       used       free     shared    buffers     cached
Mem:          992M       918M        73M        16K       548K        20M
-/+ buffers/cache:       897M        94M
Swap:         8.0G       434M       7.6G

             total       used       free     shared    buffers     cached
Mem:          992M       920M        71M        16K       556K        20M
-/+ buffers/cache:       899M        92M
Swap:         8.0G       433M       7.6G

             total       used       free     shared    buffers     cached
Mem:          992M       922M        69M        16K       556K        20M
-/+ buffers/cache:       901M        90M
Swap:         8.0G       432M       7.6G

             total       used       free     shared    buffers     cached
Mem:          992M       924M        67M        16K       556K        20M
-/+ buffers/cache:       903M        89M
Swap:         8.0G       431M       7.6G

             total       used       free     shared    buffers     cached
Mem:          992M       926M        65M        16K       556K        20M
-/+ buffers/cache:       905M        87M
Swap:         8.0G       430M       7.6G

             total       used       free     shared    buffers     cached
Mem:          992M       927M        64M        16K       556K        20M
-/+ buffers/cache:       906M        85M
Swap:         8.0G       430M       7.6G

             total       used       free     shared    buffers     cached
Mem:          992M       929M        62M        16K       564K        20M
-/+ buffers/cache:       908M        83M
Swap:         8.0G       429M       7.6G

             total       used       free     shared    buffers     cached
Mem:          992M       931M        60M        16K       564K        20M
-/+ buffers/cache:       910M        82M
Swap:         8.0G       428M       7.6G

             total       used       free     shared    buffers     cached
Mem:          992M       919M        73M        16K       564K        20M
-/+ buffers/cache:       898M        93M
Swap:         8.0G       441M       7.6G

             total       used       free     shared    buffers     cached
Mem:          992M       920M        71M        16K       564K        20M
-/+ buffers/cache:       900M        92M
Swap:         8.0G       440M       7.6G

             total       used       free     shared    buffers     cached
Mem:          992M       922M        69M        16K       564K        20M
-/+ buffers/cache:       901M        90M
Swap:         8.0G       440M       7.6G

             total       used       free     shared    buffers     cached
Mem:          992M       924M        67M        16K       572K        20M
-/+ buffers/cache:       903M        88M
Swap:         8.0G       439M       7.6G

             total       used       free     shared    buffers     cached
Mem:          992M       926M        65M        16K       572K        20M
-/+ buffers/cache:       905M        86M
Swap:         8.0G       438M       7.6G

             total       used       free     shared    buffers     cached
Mem:          992M       928M        64M        16K       572K        20M
-/+ buffers/cache:       907M        84M
Swap:         8.0G       437M       7.6G

             total       used       free     shared    buffers     cached
Mem:          992M       930M        62M        16K       572K        20M
-/+ buffers/cache:       909M        82M
Swap:         8.0G       436M       7.6G

             total       used       free     shared    buffers     cached
Mem:          992M       918M        73M        16K       568K        19M
-/+ buffers/cache:       898M        93M
Swap:         8.0G       449M       7.6G

             total       used       free     shared    buffers     cached
Mem:          992M       920M        71M        16K       568K        19M
-/+ buffers/cache:       900M        92M
Swap:         8.0G       449M       7.6G

             total       used       free     shared    buffers     cached
Mem:          992M       922M        70M        16K       576K        19M
-/+ buffers/cache:       901M        90M
Swap:         8.0G       448M       7.6G

             total       used       free     shared    buffers     cached
Mem:          992M       924M        68M        16K       576K        19M
-/+ buffers/cache:       903M        88M
Swap:         8.0G       447M       7.6G

             total       used       free     shared    buffers     cached
Mem:          992M       925M        66M        16K       576K        19M
-/+ buffers/cache:       905M        86M
Swap:         8.0G       446M       7.6G

             total       used       free     shared    buffers     cached
Mem:          992M       927M        64M        16K       576K        19M
-/+ buffers/cache:       906M        85M
Swap:         8.0G       446M       7.6G

             total       used       free     shared    buffers     cached
Mem:          992M       929M        63M        16K       576K        19M
-/+ buffers/cache:       908M        83M
Swap:         8.0G       445M       7.6G

             total       used       free     shared    buffers     cached
Mem:          992M       930M        61M        16K       584K        19M
-/+ buffers/cache:       910M        81M
Swap:         8.0G       444M       7.6G

             total       used       free     shared    buffers     cached
Mem:          992M       918M        73M        16K       584K        18M
-/+ buffers/cache:       899M        92M
Swap:         8.0G       453M       7.6G

             total       used       free     shared    buffers     cached
Mem:          992M       920M        71M        16K       584K        18M
-/+ buffers/cache:       900M        91M
Swap:         8.0G       453M       7.6G

             total       used       free     shared    buffers     cached
Mem:          992M       922M        70M        16K       584K        18M
-/+ buffers/cache:       902M        89M
Swap:         8.0G       452M       7.6G

             total       used       free     shared    buffers     cached
Mem:          992M       923M        68M        16K       584K        18M
-/+ buffers/cache:       904M        88M
Swap:         8.0G       451M       7.6G

             total       used       free     shared    buffers     cached
Mem:          992M       925M        66M        16K       592K        18M
-/+ buffers/cache:       905M        86M
Swap:         8.0G       450M       7.6G

             total       used       free     shared    buffers     cached
Mem:          992M       926M        65M        16K       592K        18M
-/+ buffers/cache:       907M        85M
Swap:         8.0G       450M       7.6G

             total       used       free     shared    buffers     cached
Mem:          992M       931M        61M        16K       880K        21M
-/+ buffers/cache:       909M        83M
Swap:         8.0G       449M       7.6G

             total       used       free     shared    buffers     cached
Mem:          992M       906M        85M        28K       540K        23M
-/+ buffers/cache:       882M       109M
Swap:         8.0G       483M       7.5G

             total       used       free     shared    buffers     cached
Mem:          992M       907M        84M        28K       540K        23M
-/+ buffers/cache:       883M       108M
Swap:         8.0G       483M       7.5G

             total       used       free     shared    buffers     cached
Mem:          992M       908M        83M        28K       540K        23M
-/+ buffers/cache:       884M       107M
Swap:         8.0G       482M       7.5G

             total       used       free     shared    buffers     cached
Mem:          992M       909M        82M        28K       548K        23M
-/+ buffers/cache:       885M       106M
Swap:         8.0G       482M       7.5G

             total       used       free     shared    buffers     cached
Mem:          992M       910M        81M        28K       548K        23M
-/+ buffers/cache:       886M       105M
Swap:         8.0G       481M       7.5G

             total       used       free     shared    buffers     cached
Mem:          992M       911M        80M        28K       548K        23M
-/+ buffers/cache:       887M       104M
Swap:         8.0G       481M       7.5G

             total       used       free     shared    buffers     cached
Mem:          992M       913M        78M        28K       548K        23M
-/+ buffers/cache:       889M       103M
Swap:         8.0G       480M       7.5G

             total       used       free     shared    buffers     cached
Mem:          992M       916M        75M        28K       688K        24M
-/+ buffers/cache:       891M       101M
Swap:         8.0G       479M       7.5G

             total       used       free     shared    buffers     cached
Mem:          992M       917M        74M        28K       696K        24M
-/+ buffers/cache:       892M        99M
Swap:         8.0G       478M       7.5G

             total       used       free     shared    buffers     cached
Mem:          992M       919M        73M        28K       696K        25M
-/+ buffers/cache:       893M        98M
Swap:         8.0G       478M       7.5G

             total       used       free     shared    buffers     cached
Mem:          992M       920M        71M        28K       696K        25M
-/+ buffers/cache:       894M        97M
Swap:         8.0G       477M       7.5G

             total       used       free     shared    buffers     cached
Mem:          992M       921M        70M        28K       696K        25M
-/+ buffers/cache:       895M        96M
Swap:         8.0G       477M       7.5G

             total       used       free     shared    buffers     cached
Mem:          992M       922M        69M        28K       696K        25M
-/+ buffers/cache:       896M        95M
Swap:         8.0G       476M       7.5G

             total       used       free     shared    buffers     cached
Mem:          992M       928M        63M        28K       696K        30M
-/+ buffers/cache:       897M        94M
Swap:         8.0G       475M       7.5G

             total       used       free     shared    buffers     cached
Mem:          992M       930M        62M        28K       712K        30M
-/+ buffers/cache:       899M        93M
Swap:         8.0G       475M       7.5G

             total       used       free     shared    buffers     cached
Mem:          992M       931M        60M        28K       712K        30M
-/+ buffers/cache:       900M        91M
Swap:         8.0G       474M       7.5G

             total       used       free     shared    buffers     cached
Mem:          992M       917M        75M        28K       712K        29M
-/+ buffers/cache:       886M       105M
Swap:         8.0G       475M       7.5G

             total       used       free     shared    buffers     cached
Mem:          992M       918M        74M        28K       712K        29M
-/+ buffers/cache:       887M       104M
Swap:         8.0G       474M       7.5G

             total       used       free     shared    buffers     cached
Mem:          992M       919M        72M        28K       712K        29M
-/+ buffers/cache:       888M       103M
Swap:         8.0G       474M       7.5G

             total       used       free     shared    buffers     cached
Mem:          992M       920M        71M        28K       720K        29M
-/+ buffers/cache:       890M       102M
Swap:         8.0G       473M       7.5G

             total       used       free     shared    buffers     cached
Mem:          992M       921M        70M        28K       720K        29M
-/+ buffers/cache:       890M       101M
Swap:         8.0G       472M       7.5G

             total       used       free     shared    buffers     cached
Mem:          992M       922M        69M        28K       720K        29M
-/+ buffers/cache:       892M       100M
Swap:         8.0G       472M       7.5G

             total       used       free     shared    buffers     cached
Mem:          992M       924M        68M        28K       720K        29M
-/+ buffers/cache:       893M        98M
Swap:         8.0G       471M       7.5G

             total       used       free     shared    buffers     cached
Mem:          992M       925M        67M        28K       720K        29M
-/+ buffers/cache:       894M        97M
Swap:         8.0G       471M       7.5G

             total       used       free     shared    buffers     cached
Mem:          992M       926M        66M        28K       720K        29M
-/+ buffers/cache:       895M        96M
Swap:         8.0G       470M       7.5G

             total       used       free     shared    buffers     cached
Mem:          992M       927M        64M        28K       728K        29M
-/+ buffers/cache:       896M        95M
Swap:         8.0G       470M       7.5G

             total       used       free     shared    buffers     cached
Mem:          992M       928M        63M        28K       728K        29M
-/+ buffers/cache:       897M        94M
Swap:         8.0G       469M       7.5G

             total       used       free     shared    buffers     cached
Mem:          992M       929M        62M        28K       728K        29M
-/+ buffers/cache:       898M        93M
Swap:         8.0G       469M       7.5G

             total       used       free     shared    buffers     cached
Mem:          992M       930M        61M        28K       728K        29M
-/+ buffers/cache:       899M        92M
Swap:         8.0G       468M       7.5G

             total       used       free     shared    buffers     cached
Mem:          992M       915M        77M        16K       712K        26M
-/+ buffers/cache:       887M       104M
Swap:         8.0G       491M       7.5G

             total       used       free     shared    buffers     cached
Mem:          992M       915M        76M        16K       720K        26M
-/+ buffers/cache:       888M       103M
Swap:         8.0G       491M       7.5G

             total       used       free     shared    buffers     cached
Mem:          992M       917M        75M        16K       720K        26M
-/+ buffers/cache:       889M       102M
Swap:         8.0G       490M       7.5G

             total       used       free     shared    buffers     cached
Mem:          992M       918M        73M        16K       720K        26M
-/+ buffers/cache:       890M       101M
Swap:         8.0G       489M       7.5G

             total       used       free     shared    buffers     cached
Mem:          992M       919M        72M        16K       720K        26M
-/+ buffers/cache:       892M       100M
Swap:         8.0G       489M       7.5G

             total       used       free     shared    buffers     cached
Mem:          992M       920M        71M        16K       720K        26M
-/+ buffers/cache:       893M        98M
Swap:         8.0G       488M       7.5G

             total       used       free     shared    buffers     cached
Mem:          992M       922M        69M        16K       728K        26M
-/+ buffers/cache:       894M        97M
Swap:         8.0G       487M       7.5G

             total       used       free     shared    buffers     cached
Mem:          992M       923M        68M        16K       728K        26M
-/+ buffers/cache:       896M        96M
Swap:         8.0G       487M       7.5G

             total       used       free     shared    buffers     cached
Mem:          992M       924M        67M        16K       728K        26M
-/+ buffers/cache:       897M        95M
Swap:         8.0G       486M       7.5G

             total       used       free     shared    buffers     cached
Mem:          992M       925M        66M        16K       728K        26M
-/+ buffers/cache:       898M        94M
Swap:         8.0G       486M       7.5G

             total       used       free     shared    buffers     cached
Mem:          992M       926M        65M        16K       728K        26M
-/+ buffers/cache:       899M        92M
Swap:         8.0G       485M       7.5G

             total       used       free     shared    buffers     cached
Mem:          992M       927M        64M        16K       728K        26M
-/+ buffers/cache:       900M        91M
Swap:         8.0G       484M       7.5G

             total       used       free     shared    buffers     cached
Mem:          992M       928M        63M        16K       736K        26M
-/+ buffers/cache:       901M        90M
Swap:         8.0G       484M       7.5G

             total       used       free     shared    buffers     cached
Mem:          992M       930M        61M        16K       736K        26M
-/+ buffers/cache:       902M        89M
Swap:         8.0G       483M       7.5G

             total       used       free     shared    buffers     cached
Mem:          992M       919M        72M        16K       712K        26M
-/+ buffers/cache:       892M        99M
Swap:         8.0G       483M       7.5G

             total       used       free     shared    buffers     cached
Mem:          992M       920M        72M        16K       712K        26M
-/+ buffers/cache:       893M        98M
Swap:         8.0G       483M       7.5G

             total       used       free     shared    buffers     cached
Mem:          992M       921M        70M        16K       712K        26M
-/+ buffers/cache:       894M        97M
Swap:         8.0G       482M       7.5G

             total       used       free     shared    buffers     cached
Mem:          992M       922M        69M        16K       720K        26M
-/+ buffers/cache:       895M        96M
Swap:         8.0G       481M       7.5G

             total       used       free     shared    buffers     cached
Mem:          992M       923M        68M        16K       720K        26M
-/+ buffers/cache:       896M        95M
Swap:         8.0G       481M       7.5G

             total       used       free     shared    buffers     cached
Mem:          992M       924M        67M        16K       720K        26M
-/+ buffers/cache:       898M        94M
Swap:         8.0G       480M       7.5G

             total       used       free     shared    buffers     cached
Mem:          992M       925M        66M        16K       720K        26M
-/+ buffers/cache:       899M        93M
Swap:         8.0G       480M       7.5G

             total       used       free     shared    buffers     cached
Mem:          992M       927M        65M        16K       720K        26M
-/+ buffers/cache:       900M        91M
Swap:         8.0G       479M       7.5G

             total       used       free     shared    buffers     cached
Mem:          992M       928M        63M        16K       720K        26M
-/+ buffers/cache:       901M        90M
Swap:         8.0G       478M       7.5G

             total       used       free     shared    buffers     cached
Mem:          992M       929M        62M        16K       728K        26M
-/+ buffers/cache:       902M        89M
Swap:         8.0G       477M       7.5G

             total       used       free     shared    buffers     cached
Mem:          992M       930M        61M        16K       728K        26M
-/+ buffers/cache:       904M        87M
Swap:         8.0G       477M       7.5G

             total       used       free     shared    buffers     cached
Mem:          992M       907M        84M        16K       260K        23M
-/+ buffers/cache:       883M       108M
Swap:         8.0G       502M       7.5G

             total       used       free     shared    buffers     cached
Mem:          992M       908M        83M        16K       260K        23M
-/+ buffers/cache:       884M       107M
Swap:         8.0G       501M       7.5G

             total       used       free     shared    buffers     cached
Mem:          992M       910M        81M        16K       260K        23M
-/+ buffers/cache:       886M       105M
Swap:         8.0G       500M       7.5G

             total       used       free     shared    buffers     cached
Mem:          992M       911M        80M        16K       268K        23M
-/+ buffers/cache:       887M       104M
Swap:         8.0G       500M       7.5G

             total       used       free     shared    buffers     cached
Mem:          992M       912M        79M        16K       268K        23M
-/+ buffers/cache:       888M       103M
Swap:         8.0G       499M       7.5G

             total       used       free     shared    buffers     cached
Mem:          992M       914M        78M        16K       268K        23M
-/+ buffers/cache:       890M       102M
Swap:         8.0G       498M       7.5G

             total       used       free     shared    buffers     cached
Mem:          992M       915M        76M        16K       268K        23M
-/+ buffers/cache:       891M       100M
Swap:         8.0G       497M       7.5G

             total       used       free     shared    buffers     cached
Mem:          992M       916M        75M        16K       268K        23M
-/+ buffers/cache:       892M        99M
Swap:         8.0G       497M       7.5G

             total       used       free     shared    buffers     cached
Mem:          992M       918M        74M        16K       268K        23M
-/+ buffers/cache:       894M        98M
Swap:         8.0G       496M       7.5G

             total       used       free     shared    buffers     cached
Mem:          992M       919M        72M        16K       276K        24M
-/+ buffers/cache:       895M        96M
Swap:         8.0G       496M       7.5G

             total       used       free     shared    buffers     cached
Mem:          992M       921M        71M        16K       276K        24M
-/+ buffers/cache:       896M        95M
Swap:         8.0G       495M       7.5G

             total       used       free     shared    buffers     cached
Mem:          992M       923M        68M        20K       412K        25M
-/+ buffers/cache:       898M        94M
Swap:         8.0G       494M       7.5G

             total       used       free     shared    buffers     cached
Mem:          992M       924M        67M        20K       412K        25M
-/+ buffers/cache:       899M        92M
Swap:         8.0G       493M       7.5G

             total       used       free     shared    buffers     cached
Mem:          992M       926M        66M        20K       412K        25M
-/+ buffers/cache:       900M        91M
Swap:         8.0G       493M       7.5G

             total       used       free     shared    buffers     cached
Mem:          992M       921M        70M        20K       420K        25M
-/+ buffers/cache:       895M        96M
Swap:         8.0G       499M       7.5G

             total       used       free     shared    buffers     cached
Mem:          992M       922M        69M        20K       420K        25M
-/+ buffers/cache:       897M        95M
Swap:         8.0G       498M       7.5G

             total       used       free     shared    buffers     cached
Mem:          992M       930M        61M        20K       420K        27M
-/+ buffers/cache:       902M        89M
Swap:         8.0G       495M       7.5G

             total       used       free     shared    buffers     cached
Mem:          992M       931M        60M        20K       420K        27M
-/+ buffers/cache:       903M        89M
Swap:         8.0G       494M       7.5G

             total       used       free     shared    buffers     cached
Mem:          992M       904M        87M        20K       288K        20M
-/+ buffers/cache:       883M       108M
Swap:         8.0G       512M       7.5G

             total       used       free     shared    buffers     cached
Mem:          992M       905M        86M        20K       296K        21M
-/+ buffers/cache:       884M       107M
Swap:         8.0G       512M       7.5G

             total       used       free     shared    buffers     cached
Mem:          992M       906M        85M        20K       316K        21M
-/+ buffers/cache:       885M       107M
Swap:         8.0G       511M       7.5G

             total       used       free     shared    buffers     cached
Mem:          992M       907M        84M        20K       316K        21M
-/+ buffers/cache:       885M       106M
Swap:         8.0G       511M       7.5G

             total       used       free     shared    buffers     cached
Mem:          992M       908M        84M        20K       316K        21M
-/+ buffers/cache:       886M       105M
Swap:         8.0G       510M       7.5G

             total       used       free     shared    buffers     cached
Mem:          992M       908M        83M        20K       316K        21M
-/+ buffers/cache:       887M       104M
Swap:         8.0G       510M       7.5G

             total       used       free     shared    buffers     cached
Mem:          992M       909M        82M        20K       316K        21M
-/+ buffers/cache:       888M       104M
Swap:         8.0G       510M       7.5G

             total       used       free     shared    buffers     cached
Mem:          992M       910M        81M        20K       324K        21M
-/+ buffers/cache:       888M       103M
Swap:         8.0G       509M       7.5G

             total       used       free     shared    buffers     cached
Mem:          992M       927M        65M       180K       364K        30M
-/+ buffers/cache:       896M        95M
Swap:         8.0G       505M       7.5G

             total       used       free     shared    buffers     cached
Mem:          992M       920M        71M       3.9M       4.1M        49M
-/+ buffers/cache:       866M       125M
Swap:         8.0G       553M       7.5G

             total       used       free     shared    buffers     cached
Mem:          992M       921M        70M       232K       4.7M        63M
-/+ buffers/cache:       853M       138M
Swap:         8.0G       560M       7.4G

             total       used       free     shared    buffers     cached
Mem:          992M       922M        69M       260K       4.7M        61M
-/+ buffers/cache:       856M       136M
Swap:         8.0G       559M       7.5G

             total       used       free     shared    buffers     cached
Mem:          992M       924M        68M       260K       4.7M        61M
-/+ buffers/cache:       857M       134M
Swap:         8.0G       559M       7.5G

             total       used       free     shared    buffers     cached
Mem:          992M       924M        67M       260K       4.7M        61M
-/+ buffers/cache:       857M       134M
Swap:         8.0G       559M       7.5G

             total       used       free     shared    buffers     cached
Mem:          992M       925M        66M       260K       4.7M        61M
-/+ buffers/cache:       858M       133M
Swap:         8.0G       558M       7.5G

             total       used       free     shared    buffers     cached
Mem:          992M       926M        65M       260K       4.7M        61M
-/+ buffers/cache:       860M       131M
Swap:         8.0G       557M       7.5G

             total       used       free     shared    buffers     cached
Mem:          992M       929M        62M       260K       4.9M        62M
-/+ buffers/cache:       861M       130M
Swap:         8.0G       557M       7.5G

             total       used       free     shared    buffers     cached
Mem:          992M       930M        61M       260K       4.9M        62M
-/+ buffers/cache:       863M       129M
Swap:         8.0G       556M       7.5G

             total       used       free     shared    buffers     cached
Mem:          992M       906M        85M       260K       3.8M        60M
-/+ buffers/cache:       841M       150M
Swap:         8.0G       574M       7.4G

             total       used       free     shared    buffers     cached
Mem:          992M       907M        84M       260K       3.8M        61M
-/+ buffers/cache:       842M       149M
Swap:         8.0G       574M       7.4G

             total       used       free     shared    buffers     cached
Mem:          992M       909M        83M       260K       3.8M        61M
-/+ buffers/cache:       844M       147M
Swap:         8.0G       573M       7.4G

             total       used       free     shared    buffers     cached
Mem:          992M       910M        81M       260K       3.8M        60M
-/+ buffers/cache:       845M       146M
Swap:         8.0G       572M       7.4G

             total       used       free     shared    buffers     cached
Mem:          992M       911M        80M       260K       3.8M        60M
-/+ buffers/cache:       846M       145M
Swap:         8.0G       572M       7.4G

             total       used       free     shared    buffers     cached
Mem:          992M       912M        79M       260K       3.8M        60M
-/+ buffers/cache:       848M       144M
Swap:         8.0G       571M       7.4G

             total       used       free     shared    buffers     cached
Mem:          992M       914M        77M       260K       3.8M        61M
-/+ buffers/cache:       849M       142M
Swap:         8.0G       570M       7.4G

             total       used       free     shared    buffers     cached
Mem:          992M       915M        76M       260K       3.8M        61M
-/+ buffers/cache:       850M       141M
Swap:         8.0G       569M       7.4G

             total       used       free     shared    buffers     cached
Mem:          992M       917M        74M       260K       3.8M        61M
-/+ buffers/cache:       852M       140M
Swap:         8.0G       569M       7.4G

             total       used       free     shared    buffers     cached
Mem:          992M       918M        73M       260K       3.9M        61M
-/+ buffers/cache:       853M       138M
Swap:         8.0G       568M       7.4G

             total       used       free     shared    buffers     cached
Mem:          992M       919M        72M       260K       3.9M        61M
-/+ buffers/cache:       854M       137M
Swap:         8.0G       567M       7.4G

             total       used       free     shared    buffers     cached
Mem:          992M       920M        71M       260K       3.9M        61M
-/+ buffers/cache:       855M       136M
Swap:         8.0G       566M       7.4G

             total       used       free     shared    buffers     cached
Mem:          992M       922M        70M       260K       3.9M        61M
-/+ buffers/cache:       856M       135M
Swap:         8.0G       566M       7.4G

             total       used       free     shared    buffers     cached
Mem:          992M       923M        68M       260K       3.9M        61M
-/+ buffers/cache:       858M       134M
Swap:         8.0G       565M       7.4G

             total       used       free     shared    buffers     cached
Mem:          992M       924M        67M       260K       3.9M        61M
-/+ buffers/cache:       859M       132M
Swap:         8.0G       564M       7.4G

             total       used       free     shared    buffers     cached
Mem:          992M       925M        66M       260K       3.9M        61M
-/+ buffers/cache:       860M       131M
Swap:         8.0G       564M       7.4G

             total       used       free     shared    buffers     cached
Mem:          992M       927M        64M       260K       3.9M        61M
-/+ buffers/cache:       862M       130M
Swap:         8.0G       563M       7.4G

             total       used       free     shared    buffers     cached
Mem:          992M       928M        63M       260K       3.9M        61M
-/+ buffers/cache:       863M       128M
Swap:         8.0G       562M       7.4G

             total       used       free     shared    buffers     cached
Mem:          992M       930M        62M       260K       3.9M        61M
-/+ buffers/cache:       864M       127M
Swap:         8.0G       561M       7.4G

             total       used       free     shared    buffers     cached
Mem:          992M       931M        60M       260K       3.9M        61M
-/+ buffers/cache:       866M       126M
Swap:         8.0G       561M       7.4G

             total       used       free     shared    buffers     cached
Mem:          992M       909M        82M       260K       3.9M        59M
-/+ buffers/cache:       846M       145M
Swap:         8.0G       592M       7.4G

             total       used       free     shared    buffers     cached
Mem:          992M       911M        81M       260K       3.9M        59M
-/+ buffers/cache:       848M       144M
Swap:         8.0G       591M       7.4G

             total       used       free     shared    buffers     cached
Mem:          992M       912M        80M       260K       3.9M        59M
-/+ buffers/cache:       849M       143M
Swap:         8.0G       591M       7.4G

             total       used       free     shared    buffers     cached
Mem:          992M       913M        78M       260K       3.9M        59M
-/+ buffers/cache:       850M       141M
Swap:         8.0G       590M       7.4G

             total       used       free     shared    buffers     cached
Mem:          992M       914M        77M       260K       3.9M        59M
-/+ buffers/cache:       851M       140M
Swap:         8.0G       589M       7.4G

             total       used       free     shared    buffers     cached
Mem:          992M       916M        76M       260K       3.9M        59M
-/+ buffers/cache:       853M       139M
Swap:         8.0G       589M       7.4G

             total       used       free     shared    buffers     cached
Mem:          992M       917M        74M       260K       3.9M        59M
-/+ buffers/cache:       854M       137M
Swap:         8.0G       588M       7.4G

             total       used       free     shared    buffers     cached
Mem:          992M       918M        73M       260K       3.9M        59M
-/+ buffers/cache:       855M       136M
Swap:         8.0G       587M       7.4G

             total       used       free     shared    buffers     cached
Mem:          992M       919M        72M       260K       3.9M        59M
-/+ buffers/cache:       856M       135M
Swap:         8.0G       587M       7.4G

             total       used       free     shared    buffers     cached
Mem:          992M       921M        71M       260K       3.9M        59M
-/+ buffers/cache:       858M       134M
Swap:         8.0G       586M       7.4G

             total       used       free     shared    buffers     cached
Mem:          992M       922M        69M       260K       3.9M        59M
-/+ buffers/cache:       859M       132M
Swap:         8.0G       586M       7.4G

             total       used       free     shared    buffers     cached
Mem:          992M       923M        68M       260K       3.9M        59M
-/+ buffers/cache:       860M       131M
Swap:         8.0G       585M       7.4G

             total       used       free     shared    buffers     cached
Mem:          992M       923M        68M       304K       8.4M        72M
-/+ buffers/cache:       842M       149M
Swap:         8.0G       590M       7.4G
