             total       used       free     shared    buffers     cached
Mem:          992M       658M       333M       3.2M        38M       289M
-/+ buffers/cache:       330M       661M
Swap:         8.0G         0B       8.0G

             total       used       free     shared    buffers     cached
Mem:          992M       658M       333M       3.2M        38M       289M
-/+ buffers/cache:       329M       662M
Swap:         8.0G         0B       8.0G

             total       used       free     shared    buffers     cached
Mem:          992M       658M       333M       3.2M        38M       289M
-/+ buffers/cache:       329M       662M
Swap:         8.0G         0B       8.0G

             total       used       free     shared    buffers     cached
Mem:          992M       658M       333M       3.2M        38M       289M
-/+ buffers/cache:       329M       662M
Swap:         8.0G         0B       8.0G

             total       used       free     shared    buffers     cached
Mem:          992M       658M       333M       3.2M        38M       289M
-/+ buffers/cache:       329M       662M
Swap:         8.0G         0B       8.0G

             total       used       free     shared    buffers     cached
Mem:          992M       658M       333M       3.2M        38M       289M
-/+ buffers/cache:       329M       662M
Swap:         8.0G         0B       8.0G

             total       used       free     shared    buffers     cached
Mem:          992M       658M       333M       3.2M        38M       289M
-/+ buffers/cache:       329M       662M
Swap:         8.0G         0B       8.0G

             total       used       free     shared    buffers     cached
Mem:          992M       658M       334M       3.2M        38M       289M
-/+ buffers/cache:       329M       662M
Swap:         8.0G         0B       8.0G

             total       used       free     shared    buffers     cached
Mem:          992M       658M       333M       3.2M        38M       290M
-/+ buffers/cache:       329M       662M
Swap:         8.0G         0B       8.0G

             total       used       free     shared    buffers     cached
Mem:          992M       658M       334M       3.2M        38M       289M
-/+ buffers/cache:       329M       662M
Swap:         8.0G         0B       8.0G

             total       used       free     shared    buffers     cached
Mem:          992M       658M       334M       3.2M        38M       290M
-/+ buffers/cache:       329M       662M
Swap:         8.0G         0B       8.0G

             total       used       free     shared    buffers     cached
Mem:          992M       663M       328M       3.2M        38M       290M
-/+ buffers/cache:       334M       657M
Swap:         8.0G         0B       8.0G

             total       used       free     shared    buffers     cached
Mem:          992M       683M       308M       3.2M        38M       290M
-/+ buffers/cache:       353M       638M
Swap:         8.0G         0B       8.0G

             total       used       free     shared    buffers     cached
Mem:          992M       667M       324M       3.2M        38M       291M
-/+ buffers/cache:       337M       654M
Swap:         8.0G         0B       8.0G

             total       used       free     shared    buffers     cached
Mem:          992M       667M       324M       3.2M        38M       291M
-/+ buffers/cache:       337M       654M
Swap:         8.0G         0B       8.0G

             total       used       free     shared    buffers     cached
Mem:          992M       667M       324M       3.2M        38M       291M
-/+ buffers/cache:       337M       654M
Swap:         8.0G         0B       8.0G

             total       used       free     shared    buffers     cached
Mem:          992M       667M       324M       3.2M        38M       291M
-/+ buffers/cache:       337M       654M
Swap:         8.0G         0B       8.0G

             total       used       free     shared    buffers     cached
Mem:          992M       667M       324M       3.2M        38M       291M
-/+ buffers/cache:       337M       654M
Swap:         8.0G         0B       8.0G

             total       used       free     shared    buffers     cached
Mem:          992M       667M       324M       3.2M        38M       291M
-/+ buffers/cache:       337M       654M
Swap:         8.0G         0B       8.0G

             total       used       free     shared    buffers     cached
Mem:          992M       667M       324M       3.2M        38M       291M
-/+ buffers/cache:       337M       654M
Swap:         8.0G         0B       8.0G

             total       used       free     shared    buffers     cached
Mem:          992M       667M       324M       3.2M        38M       291M
-/+ buffers/cache:       337M       654M
Swap:         8.0G         0B       8.0G

             total       used       free     shared    buffers     cached
Mem:          992M       668M       324M       3.2M        38M       291M
-/+ buffers/cache:       337M       654M
Swap:         8.0G         0B       8.0G

             total       used       free     shared    buffers     cached
Mem:          992M       668M       324M       3.2M        38M       291M
-/+ buffers/cache:       337M       654M
Swap:         8.0G         0B       8.0G

             total       used       free     shared    buffers     cached
Mem:          992M       668M       324M       3.2M        38M       291M
-/+ buffers/cache:       337M       654M
Swap:         8.0G         0B       8.0G

             total       used       free     shared    buffers     cached
Mem:          992M       668M       324M       3.2M        38M       291M
-/+ buffers/cache:       337M       654M
Swap:         8.0G         0B       8.0G

             total       used       free     shared    buffers     cached
Mem:          992M       668M       324M       3.2M        38M       291M
-/+ buffers/cache:       337M       654M
Swap:         8.0G         0B       8.0G

             total       used       free     shared    buffers     cached
Mem:          992M       668M       324M       3.2M        38M       291M
-/+ buffers/cache:       337M       654M
Swap:         8.0G         0B       8.0G

             total       used       free     shared    buffers     cached
Mem:          992M       668M       324M       3.2M        38M       291M
-/+ buffers/cache:       337M       654M
Swap:         8.0G         0B       8.0G

             total       used       free     shared    buffers     cached
Mem:          992M       668M       324M       3.2M        38M       291M
-/+ buffers/cache:       337M       654M
Swap:         8.0G         0B       8.0G

             total       used       free     shared    buffers     cached
Mem:          992M       668M       324M       3.2M        38M       291M
-/+ buffers/cache:       337M       654M
Swap:         8.0G         0B       8.0G

             total       used       free     shared    buffers     cached
Mem:          992M       668M       324M       3.2M        38M       291M
-/+ buffers/cache:       337M       654M
Swap:         8.0G         0B       8.0G

             total       used       free     shared    buffers     cached
Mem:          992M       668M       324M       3.2M        38M       291M
-/+ buffers/cache:       337M       654M
Swap:         8.0G         0B       8.0G

             total       used       free     shared    buffers     cached
Mem:          992M       668M       324M       3.2M        38M       291M
-/+ buffers/cache:       337M       654M
Swap:         8.0G         0B       8.0G

             total       used       free     shared    buffers     cached
Mem:          992M       675M       316M       3.2M        38M       291M
-/+ buffers/cache:       344M       647M
Swap:         8.0G         0B       8.0G

             total       used       free     shared    buffers     cached
Mem:          992M       691M       301M       3.2M        38M       291M
-/+ buffers/cache:       360M       631M
Swap:         8.0G         0B       8.0G

             total       used       free     shared    buffers     cached
Mem:          992M       707M       284M       3.2M        38M       291M
-/+ buffers/cache:       376M       615M
Swap:         8.0G         0B       8.0G

             total       used       free     shared    buffers     cached
Mem:          992M       722M       269M       3.2M        38M       291M
-/+ buffers/cache:       391M       600M
Swap:         8.0G         0B       8.0G

             total       used       free     shared    buffers     cached
Mem:          992M       739M       252M       3.2M        38M       291M
-/+ buffers/cache:       408M       583M
Swap:         8.0G         0B       8.0G

             total       used       free     shared    buffers     cached
Mem:          992M       755M       236M       3.2M        38M       291M
-/+ buffers/cache:       424M       567M
Swap:         8.0G         0B       8.0G

             total       used       free     shared    buffers     cached
Mem:          992M       770M       221M       3.2M        38M       291M
-/+ buffers/cache:       439M       552M
Swap:         8.0G         0B       8.0G

             total       used       free     shared    buffers     cached
Mem:          992M       785M       206M       3.2M        38M       291M
-/+ buffers/cache:       455M       536M
Swap:         8.0G         0B       8.0G

             total       used       free     shared    buffers     cached
Mem:          992M       802M       190M       3.2M        38M       291M
-/+ buffers/cache:       471M       520M
Swap:         8.0G         0B       8.0G

             total       used       free     shared    buffers     cached
Mem:          992M       817M       174M       3.2M        38M       291M
-/+ buffers/cache:       486M       505M
Swap:         8.0G         0B       8.0G

             total       used       free     shared    buffers     cached
Mem:          992M       833M       158M       3.2M        38M       291M
-/+ buffers/cache:       502M       489M
Swap:         8.0G         0B       8.0G

             total       used       free     shared    buffers     cached
Mem:          992M       848M       144M       3.2M        38M       291M
-/+ buffers/cache:       517M       474M
Swap:         8.0G         0B       8.0G

             total       used       free     shared    buffers     cached
Mem:          992M       862M       130M       3.2M        39M       291M
-/+ buffers/cache:       531M       460M
Swap:         8.0G         0B       8.0G

             total       used       free     shared    buffers     cached
Mem:          992M       878M       113M       3.2M        39M       291M
-/+ buffers/cache:       547M       444M
Swap:         8.0G         0B       8.0G

             total       used       free     shared    buffers     cached
Mem:          992M       893M        98M       3.2M        39M       291M
-/+ buffers/cache:       562M       429M
Swap:         8.0G         0B       8.0G

             total       used       free     shared    buffers     cached
Mem:          992M       906M        86M       3.2M        39M       291M
-/+ buffers/cache:       575M       416M
Swap:         8.0G         0B       8.0G

             total       used       free     shared    buffers     cached
Mem:          992M       921M        70M       3.2M        39M       291M
-/+ buffers/cache:       590M       401M
Swap:         8.0G         0B       8.0G

             total       used       free     shared    buffers     cached
Mem:          992M       914M        78M       3.2M        17M       290M
-/+ buffers/cache:       606M       386M
Swap:         8.0G         0B       8.0G

             total       used       free     shared    buffers     cached
Mem:          992M       929M        63M       3.2M        17M       290M
-/+ buffers/cache:       621M       370M
Swap:         8.0G         0B       8.0G

             total       used       free     shared    buffers     cached
Mem:          992M       927M        65M       3.2M        10M       280M
-/+ buffers/cache:       635M       356M
Swap:         8.0G         0B       8.0G

             total       used       free     shared    buffers     cached
Mem:          992M       924M        68M       3.2M       9.9M       264M
-/+ buffers/cache:       649M       342M
Swap:         8.0G        76K       8.0G

             total       used       free     shared    buffers     cached
Mem:          992M       920M        71M       3.1M       9.9M       246M
-/+ buffers/cache:       664M       327M
Swap:         8.0G       172K       8.0G

             total       used       free     shared    buffers     cached
Mem:          992M       922M        69M       3.0M       9.9M       233M
-/+ buffers/cache:       678M       313M
Swap:         8.0G       3.8M       8.0G

             total       used       free     shared    buffers     cached
Mem:          992M       906M        85M       2.9M       8.7M       207M
-/+ buffers/cache:       690M       302M
Swap:         8.0G       8.0M       8.0G

             total       used       free     shared    buffers     cached
Mem:          992M       922M        70M       2.9M       8.7M       207M
-/+ buffers/cache:       706M       286M
Swap:         8.0G       8.0M       8.0G

             total       used       free     shared    buffers     cached
Mem:          992M       923M        69M       2.9M       2.7M       200M
-/+ buffers/cache:       719M       272M
Swap:         8.0G       8.0M       8.0G

             total       used       free     shared    buffers     cached
Mem:          992M       912M        79M       2.9M       512K       178M
-/+ buffers/cache:       733M       258M
Swap:         8.0G       8.0M       8.0G

             total       used       free     shared    buffers     cached
Mem:          992M       927M        64M       2.9M       512K       178M
-/+ buffers/cache:       747M       244M
Swap:         8.0G       8.0M       8.0G

             total       used       free     shared    buffers     cached
Mem:          992M       918M        73M       2.9M       220K       158M
-/+ buffers/cache:       760M       231M
Swap:         8.0G       8.0M       8.0G

             total       used       free     shared    buffers     cached
Mem:          992M       915M        77M       2.9M       224K       139M
-/+ buffers/cache:       775M       216M
Swap:         8.0G       8.0M       8.0G

             total       used       free     shared    buffers     cached
Mem:          992M       922M        69M       2.9M       224K       139M
-/+ buffers/cache:       783M       209M
Swap:         8.0G       8.0M       8.0G

             total       used       free     shared    buffers     cached
Mem:          992M       921M        70M       2.9M        76K       123M
-/+ buffers/cache:       798M       194M
Swap:         8.0G       8.0M       8.0G

             total       used       free     shared    buffers     cached
Mem:          992M       920M        71M       2.9M        80K       109M
-/+ buffers/cache:       811M       181M
Swap:         8.0G       8.0M       8.0G

             total       used       free     shared    buffers     cached
Mem:          992M       920M        71M       2.9M        80K        97M
-/+ buffers/cache:       823M       168M
Swap:         8.0G       8.0M       8.0G

             total       used       free     shared    buffers     cached
Mem:          992M       920M        71M       2.9M        88K        83M
-/+ buffers/cache:       836M       155M
Swap:         8.0G       8.0M       8.0G

             total       used       free     shared    buffers     cached
Mem:          992M       926M        66M       2.9M        92K        74M
-/+ buffers/cache:       851M       140M
Swap:         8.0G       8.0M       8.0G

             total       used       free     shared    buffers     cached
Mem:          992M       923M        68M       2.9M        92K        58M
-/+ buffers/cache:       864M       127M
Swap:         8.0G       8.0M       8.0G

             total       used       free     shared    buffers     cached
Mem:          992M       925M        66M       2.9M       232K        46M
-/+ buffers/cache:       878M       113M
Swap:         8.0G       8.0M       8.0G

             total       used       free     shared    buffers     cached
Mem:          992M       920M        71M       2.9M       3.0M        26M
-/+ buffers/cache:       891M       100M
Swap:         8.0G       9.4M       8.0G

             total       used       free     shared    buffers     cached
Mem:          992M       918M        73M       2.5M       3.0M        19M
-/+ buffers/cache:       896M        96M
Swap:         8.0G        34M       8.0G

             total       used       free     shared    buffers     cached
Mem:          992M       906M        86M       2.5M       2.1M        12M
-/+ buffers/cache:       891M       100M
Swap:         8.0G        37M       8.0G

             total       used       free     shared    buffers     cached
Mem:          992M       920M        71M       2.5M       2.1M        12M
-/+ buffers/cache:       906M        85M
Swap:         8.0G        37M       8.0G

             total       used       free     shared    buffers     cached
Mem:          992M       919M        72M       2.5M        76K       4.6M
-/+ buffers/cache:       915M        76M
Swap:         8.0G        41M       8.0G

             total       used       free     shared    buffers     cached
Mem:          992M       917M        74M       2.5M       488K       4.5M
-/+ buffers/cache:       912M        79M
Swap:         8.0G        70M       7.9G

             total       used       free     shared    buffers     cached
Mem:          992M       929M        62M       2.5M       496K       4.6M
-/+ buffers/cache:       924M        67M
Swap:         8.0G        70M       7.9G

             total       used       free     shared    buffers     cached
Mem:          992M       923M        68M       2.4M       496K       4.5M
-/+ buffers/cache:       918M        73M
Swap:         8.0G        81M       7.9G

             total       used       free     shared    buffers     cached
Mem:          992M       913M        79M       2.4M       496K       4.4M
-/+ buffers/cache:       908M        84M
Swap:         8.0G       105M       7.9G

             total       used       free     shared    buffers     cached
Mem:          992M       927M        64M       2.4M       496K       4.7M
-/+ buffers/cache:       922M        69M
Swap:         8.0G       105M       7.9G

             total       used       free     shared    buffers     cached
Mem:          992M       919M        72M       2.4M       496K       4.5M
-/+ buffers/cache:       914M        78M
Swap:         8.0G       124M       7.9G

             total       used       free     shared    buffers     cached
Mem:          992M       912M        79M       2.4M       496K       4.5M
-/+ buffers/cache:       907M        84M
Swap:         8.0G       154M       7.8G

             total       used       free     shared    buffers     cached
Mem:          992M       926M        65M       2.4M       504K       4.5M
-/+ buffers/cache:       921M        70M
Swap:         8.0G       154M       7.8G

             total       used       free     shared    buffers     cached
Mem:          992M       928M        64M       2.4M       504K       4.5M
-/+ buffers/cache:       923M        69M
Swap:         8.0G       154M       7.8G

             total       used       free     shared    buffers     cached
Mem:          992M       921M        70M       2.4M       504K       4.4M
-/+ buffers/cache:       916M        75M
Swap:         8.0G       181M       7.8G

             total       used       free     shared    buffers     cached
Mem:          992M       923M        68M       2.4M       504K       4.6M
-/+ buffers/cache:       918M        73M
Swap:         8.0G       194M       7.8G

             total       used       free     shared    buffers     cached
Mem:          992M       919M        72M       2.4M       504K       4.5M
-/+ buffers/cache:       914M        77M
Swap:         8.0G       213M       7.8G

             total       used       free     shared    buffers     cached
Mem:          992M       915M        76M       2.4M       512K       4.5M
-/+ buffers/cache:       910M        81M
Swap:         8.0G       223M       7.8G

             total       used       free     shared    buffers     cached
Mem:          992M       928M        63M       2.3M       512K       4.4M
-/+ buffers/cache:       923M        68M
Swap:         8.0G       223M       7.8G

             total       used       free     shared    buffers     cached
Mem:          992M       925M        66M       2.3M       512K       4.4M
-/+ buffers/cache:       920M        71M
Swap:         8.0G       239M       7.8G

             total       used       free     shared    buffers     cached
Mem:          992M       922M        69M       2.3M       496K       4.3M
-/+ buffers/cache:       918M        74M
Swap:         8.0G       250M       7.8G

             total       used       free     shared    buffers     cached
Mem:          992M       928M        63M       2.3M       496K       4.3M
-/+ buffers/cache:       923M        68M
Swap:         8.0G       254M       7.7G

             total       used       free     shared    buffers     cached
Mem:          992M       918M        73M       2.3M       472K       4.2M
-/+ buffers/cache:       914M        78M
Swap:         8.0G       274M       7.7G

             total       used       free     shared    buffers     cached
Mem:          992M       924M        67M       2.3M       472K       4.2M
-/+ buffers/cache:       919M        72M
Swap:         8.0G       274M       7.7G

             total       used       free     shared    buffers     cached
Mem:          992M       930M        61M       2.3M       472K       4.2M
-/+ buffers/cache:       925M        66M
Swap:         8.0G       274M       7.7G

             total       used       free     shared    buffers     cached
Mem:          992M       924M        67M       2.3M       472K       4.2M
-/+ buffers/cache:       919M        72M
Swap:         8.0G       280M       7.7G

             total       used       free     shared    buffers     cached
Mem:          992M       930M        61M       2.3M       472K       4.2M
-/+ buffers/cache:       925M        66M
Swap:         8.0G       280M       7.7G

             total       used       free     shared    buffers     cached
Mem:          992M       920M        71M       2.3M       472K       4.2M
-/+ buffers/cache:       915M        76M
Swap:         8.0G       294M       7.7G

             total       used       free     shared    buffers     cached
Mem:          992M       925M        67M       2.3M       480K       4.2M
-/+ buffers/cache:       920M        71M
Swap:         8.0G       294M       7.7G

             total       used       free     shared    buffers     cached
Mem:          992M       914M        77M       2.3M       480K       4.1M
-/+ buffers/cache:       910M        81M
Swap:         8.0G       311M       7.7G

             total       used       free     shared    buffers     cached
Mem:          992M       918M        73M       2.3M       480K       4.1M
-/+ buffers/cache:       913M        78M
Swap:         8.0G       311M       7.7G

             total       used       free     shared    buffers     cached
Mem:          992M       923M        68M       2.3M       480K       4.1M
-/+ buffers/cache:       918M        73M
Swap:         8.0G       311M       7.7G

             total       used       free     shared    buffers     cached
Mem:          992M       927M        64M       2.3M       480K       4.1M
-/+ buffers/cache:       923M        69M
Swap:         8.0G       311M       7.7G

             total       used       free     shared    buffers     cached
Mem:          992M       914M        78M        36K       444K       1.8M
-/+ buffers/cache:       911M        80M
Swap:         8.0G       340M       7.7G

             total       used       free     shared    buffers     cached
Mem:          992M       918M        74M        52K       444K       1.8M
-/+ buffers/cache:       915M        76M
Swap:         8.0G       340M       7.7G

             total       used       free     shared    buffers     cached
Mem:          992M       924M        67M        52K       444K       1.8M
-/+ buffers/cache:       922M        69M
Swap:         8.0G       335M       7.7G

             total       used       free     shared    buffers     cached
Mem:          992M       918M        74M        52K       328K       1.8M
-/+ buffers/cache:       915M        76M
Swap:         8.0G       328M       7.7G

             total       used       free     shared    buffers     cached
Mem:          992M       920M        71M        52K       148K       1.8M
-/+ buffers/cache:       918M        73M
Swap:         8.0G       323M       7.7G

             total       used       free     shared    buffers     cached
Mem:          992M       919M        72M         4K        84K       1.3M
-/+ buffers/cache:       917M        74M
Swap:         8.0G       481M       7.5G

             total       used       free     shared    buffers     cached
Mem:          992M       881M       110M         0B        84K       1.3M
-/+ buffers/cache:       880M       111M
Swap:         8.0G       468M       7.5G

             total       used       free     shared    buffers     cached
Mem:          992M       893M        99M         0B        84K       1.3M
-/+ buffers/cache:       891M       100M
Swap:         8.0G       446M       7.6G

             total       used       free     shared    buffers     cached
Mem:          992M       925M        66M         0B        96K       1.3M
-/+ buffers/cache:       923M        68M
Swap:         8.0G       384M       7.6G

             total       used       free     shared    buffers     cached
Mem:          992M       923M        68M         0B        96K       1.2M
-/+ buffers/cache:       922M        69M
Swap:         8.0G       331M       7.7G

             total       used       free     shared    buffers     cached
Mem:          992M       920M        71M         0B        84K       1.3M
-/+ buffers/cache:       918M        73M
Swap:         8.0G       319M       7.7G

             total       used       free     shared    buffers     cached
Mem:          992M       919M        73M         0B        92K       1.3M
-/+ buffers/cache:       917M        74M
Swap:         8.0G       320M       7.7G

             total       used       free     shared    buffers     cached
Mem:          992M       917M        74M         0B        76K       1.3M
-/+ buffers/cache:       916M        75M
Swap:         8.0G       328M       7.7G

             total       used       free     shared    buffers     cached
Mem:          992M       918M        73M         0B        76K       1.3M
-/+ buffers/cache:       916M        75M
Swap:         8.0G       326M       7.7G

             total       used       free     shared    buffers     cached
Mem:          992M       918M        73M         0B        76K       1.3M
-/+ buffers/cache:       917M        74M
Swap:         8.0G       323M       7.7G

             total       used       free     shared    buffers     cached
Mem:          992M       918M        73M         0B        76K       1.3M
-/+ buffers/cache:       917M        75M
Swap:         8.0G       330M       7.7G

             total       used       free     shared    buffers     cached
Mem:          992M       925M        66M         0B        84K       6.3M
-/+ buffers/cache:       919M        73M
Swap:         8.0G       319M       7.7G

             total       used       free     shared    buffers     cached
Mem:          992M       926M        65M         0B       536K       6.8M
-/+ buffers/cache:       919M        72M
Swap:         8.0G       319M       7.7G

             total       used       free     shared    buffers     cached
Mem:          992M       940M        51M         0B       480K        11M
-/+ buffers/cache:       928M        64M
Swap:         8.0G       407M       7.6G

             total       used       free     shared    buffers     cached
Mem:          992M       894M        97M         0B       408K        22M
-/+ buffers/cache:       871M       120M
Swap:         8.0G       415M       7.6G

             total       used       free     shared    buffers     cached
Mem:          992M       898M        93M         0B       564K        22M
-/+ buffers/cache:       876M       116M
Swap:         8.0G       414M       7.6G

             total       used       free     shared    buffers     cached
Mem:          992M       902M        90M         0B       572K        22M
-/+ buffers/cache:       879M       112M
Swap:         8.0G       413M       7.6G

             total       used       free     shared    buffers     cached
Mem:          992M       905M        86M         0B       572K        22M
-/+ buffers/cache:       882M       109M
Swap:         8.0G       413M       7.6G

             total       used       free     shared    buffers     cached
Mem:          992M       910M        81M         0B       572K        22M
-/+ buffers/cache:       887M       104M
Swap:         8.0G       413M       7.6G

             total       used       free     shared    buffers     cached
Mem:          992M       915M        76M         0B       572K        22M
-/+ buffers/cache:       892M        99M
Swap:         8.0G       413M       7.6G

             total       used       free     shared    buffers     cached
Mem:          992M       920M        72M         0B       572K        22M
-/+ buffers/cache:       897M        95M
Swap:         8.0G       413M       7.6G

             total       used       free     shared    buffers     cached
Mem:          992M       926M        66M         0B       572K        22M
-/+ buffers/cache:       903M        89M
Swap:         8.0G       412M       7.6G

             total       used       free     shared    buffers     cached
Mem:          992M       889M       102M         0B       220K        19M
-/+ buffers/cache:       869M       122M
Swap:         8.0G       418M       7.6G

             total       used       free     shared    buffers     cached
Mem:          992M       893M        98M         0B       220K        19M
-/+ buffers/cache:       873M       118M
Swap:         8.0G       418M       7.6G

             total       used       free     shared    buffers     cached
Mem:          992M       898M        93M         0B       220K        19M
-/+ buffers/cache:       878M       113M
Swap:         8.0G       418M       7.6G

             total       used       free     shared    buffers     cached
Mem:          992M       901M        90M         0B       220K        19M
-/+ buffers/cache:       881M       110M
Swap:         8.0G       418M       7.6G

             total       used       free     shared    buffers     cached
Mem:          992M       903M        89M         0B       220K        19M
-/+ buffers/cache:       883M       109M
Swap:         8.0G       417M       7.6G

             total       used       free     shared    buffers     cached
Mem:          992M       904M        87M         0B       228K        19M
-/+ buffers/cache:       884M       107M
Swap:         8.0G       416M       7.6G

             total       used       free     shared    buffers     cached
Mem:          992M       906M        85M         0B       228K        19M
-/+ buffers/cache:       886M       106M
Swap:         8.0G       415M       7.6G

             total       used       free     shared    buffers     cached
Mem:          992M       907M        84M         0B       228K        19M
-/+ buffers/cache:       887M       104M
Swap:         8.0G       415M       7.6G

             total       used       free     shared    buffers     cached
Mem:          992M       909M        82M         0B       228K        19M
-/+ buffers/cache:       889M       103M
Swap:         8.0G       414M       7.6G

             total       used       free     shared    buffers     cached
Mem:          992M       910M        81M         0B       228K        19M
-/+ buffers/cache:       890M       101M
Swap:         8.0G       413M       7.6G

             total       used       free     shared    buffers     cached
Mem:          992M       912M        79M         0B       236K        19M
-/+ buffers/cache:       892M        99M
Swap:         8.0G       413M       7.6G

             total       used       free     shared    buffers     cached
Mem:          992M       914M        77M         0B       236K        19M
-/+ buffers/cache:       894M        98M
Swap:         8.0G       412M       7.6G

             total       used       free     shared    buffers     cached
Mem:          992M       915M        76M         0B       236K        19M
-/+ buffers/cache:       895M        96M
Swap:         8.0G       411M       7.6G

             total       used       free     shared    buffers     cached
Mem:          992M       917M        74M         0B       236K        19M
-/+ buffers/cache:       897M        94M
Swap:         8.0G       411M       7.6G

             total       used       free     shared    buffers     cached
Mem:          992M       919M        73M         0B       236K        19M
-/+ buffers/cache:       898M        93M
Swap:         8.0G       410M       7.6G

             total       used       free     shared    buffers     cached
Mem:          992M       920M        71M         0B       236K        19M
-/+ buffers/cache:       900M        91M
Swap:         8.0G       409M       7.6G

             total       used       free     shared    buffers     cached
Mem:          992M       922M        70M         0B       244K        19M
-/+ buffers/cache:       901M        90M
Swap:         8.0G       409M       7.6G

             total       used       free     shared    buffers     cached
Mem:          992M       923M        68M         0B       244K        19M
-/+ buffers/cache:       903M        88M
Swap:         8.0G       408M       7.6G

             total       used       free     shared    buffers     cached
Mem:          992M       925M        66M         0B       244K        19M
-/+ buffers/cache:       905M        86M
Swap:         8.0G       407M       7.6G

             total       used       free     shared    buffers     cached
Mem:          992M       927M        65M         0B       244K        19M
-/+ buffers/cache:       906M        85M
Swap:         8.0G       407M       7.6G

             total       used       free     shared    buffers     cached
Mem:          992M       928M        63M         0B       244K        19M
-/+ buffers/cache:       908M        83M
Swap:         8.0G       406M       7.6G

             total       used       free     shared    buffers     cached
Mem:          992M       912M        79M         0B       252K        19M
-/+ buffers/cache:       893M        98M
Swap:         8.0G       426M       7.6G

             total       used       free     shared    buffers     cached
Mem:          992M       914M        77M         0B       252K        19M
-/+ buffers/cache:       895M        96M
Swap:         8.0G       425M       7.6G

             total       used       free     shared    buffers     cached
Mem:          992M       915M        76M         0B       252K        19M
-/+ buffers/cache:       896M        95M
Swap:         8.0G       425M       7.6G

             total       used       free     shared    buffers     cached
Mem:          992M       917M        74M         0B       252K        19M
-/+ buffers/cache:       898M        94M
Swap:         8.0G       425M       7.6G

             total       used       free     shared    buffers     cached
Mem:          992M       918M        73M         0B       252K        19M
-/+ buffers/cache:       899M        92M
Swap:         8.0G       424M       7.6G

             total       used       free     shared    buffers     cached
Mem:          992M       920M        71M         0B       260K        19M
-/+ buffers/cache:       901M        91M
Swap:         8.0G       424M       7.6G

             total       used       free     shared    buffers     cached
Mem:          992M       921M        70M         0B       260K        19M
-/+ buffers/cache:       902M        89M
Swap:         8.0G       423M       7.6G

             total       used       free     shared    buffers     cached
Mem:          992M       923M        68M         0B       260K        19M
-/+ buffers/cache:       904M        88M
Swap:         8.0G       423M       7.6G

             total       used       free     shared    buffers     cached
Mem:          992M       924M        67M         0B       260K        19M
-/+ buffers/cache:       905M        86M
Swap:         8.0G       422M       7.6G

             total       used       free     shared    buffers     cached
Mem:          992M       926M        65M         0B       260K        19M
-/+ buffers/cache:       907M        84M
Swap:         8.0G       421M       7.6G

             total       used       free     shared    buffers     cached
Mem:          992M       928M        63M         0B       260K        19M
-/+ buffers/cache:       908M        83M
Swap:         8.0G       420M       7.6G

             total       used       free     shared    buffers     cached
Mem:          992M       917M        74M         0B       268K        18M
-/+ buffers/cache:       899M        92M
Swap:         8.0G       430M       7.6G

             total       used       free     shared    buffers     cached
Mem:          992M       919M        72M         0B       268K        18M
-/+ buffers/cache:       900M        91M
Swap:         8.0G       429M       7.6G

             total       used       free     shared    buffers     cached
Mem:          992M       921M        70M         0B       268K        18M
-/+ buffers/cache:       902M        89M
Swap:         8.0G       428M       7.6G

             total       used       free     shared    buffers     cached
Mem:          992M       923M        69M         0B       268K        18M
-/+ buffers/cache:       904M        87M
Swap:         8.0G       427M       7.6G

             total       used       free     shared    buffers     cached
Mem:          992M       924M        67M         0B       268K        18M
-/+ buffers/cache:       906M        86M
Swap:         8.0G       426M       7.6G

             total       used       free     shared    buffers     cached
Mem:          992M       926M        65M         0B       276K        18M
-/+ buffers/cache:       907M        84M
Swap:         8.0G       426M       7.6G

             total       used       free     shared    buffers     cached
Mem:          992M       927M        64M         0B       276K        18M
-/+ buffers/cache:       909M        82M
Swap:         8.0G       425M       7.6G

             total       used       free     shared    buffers     cached
Mem:          992M       915M        76M         0B       276K        16M
-/+ buffers/cache:       898M        93M
Swap:         8.0G       432M       7.6G

             total       used       free     shared    buffers     cached
Mem:          992M       917M        74M         0B       276K        16M
-/+ buffers/cache:       900M        91M
Swap:         8.0G       431M       7.6G

             total       used       free     shared    buffers     cached
Mem:          992M       919M        73M         0B       276K        16M
-/+ buffers/cache:       902M        90M
Swap:         8.0G       430M       7.6G

             total       used       free     shared    buffers     cached
Mem:          992M       920M        71M         0B       284K        16M
-/+ buffers/cache:       903M        88M
Swap:         8.0G       429M       7.6G

             total       used       free     shared    buffers     cached
Mem:          992M       922M        69M         0B       284K        16M
-/+ buffers/cache:       905M        87M
Swap:         8.0G       428M       7.6G

             total       used       free     shared    buffers     cached
Mem:          992M       924M        68M         0B       284K        16M
-/+ buffers/cache:       906M        85M
Swap:         8.0G       427M       7.6G

             total       used       free     shared    buffers     cached
Mem:          992M       925M        66M         0B       284K        16M
-/+ buffers/cache:       908M        83M
Swap:         8.0G       426M       7.6G

             total       used       free     shared    buffers     cached
Mem:          992M       927M        64M         0B       284K        16M
-/+ buffers/cache:       910M        81M
Swap:         8.0G       425M       7.6G

             total       used       free     shared    buffers     cached
Mem:          992M       918M        73M         0B        88K       5.5M
-/+ buffers/cache:       912M        79M
Swap:         8.0G       424M       7.6G

             total       used       free     shared    buffers     cached
Mem:          992M       919M        72M         0B       104K       5.5M
-/+ buffers/cache:       914M        77M
Swap:         8.0G       424M       7.6G

             total       used       free     shared    buffers     cached
Mem:          992M       935M        56M         0B       708K        21M
-/+ buffers/cache:       913M        78M
Swap:         8.0G       423M       7.6G

             total       used       free     shared    buffers     cached
Mem:          992M       897M        94M         0B       816K        21M
-/+ buffers/cache:       875M       116M
Swap:         8.0G       463M       7.5G

             total       used       free     shared    buffers     cached
Mem:          992M       920M        71M         0B       1.1M        31M
-/+ buffers/cache:       888M       104M
Swap:         8.0G       465M       7.5G

             total       used       free     shared    buffers     cached
Mem:          992M       908M        84M        16K       1.1M        31M
-/+ buffers/cache:       875M       116M
Swap:         8.0G       476M       7.5G

             total       used       free     shared    buffers     cached
Mem:          992M       909M        82M        16K       1.1M        31M
-/+ buffers/cache:       876M       115M
Swap:         8.0G       475M       7.5G

             total       used       free     shared    buffers     cached
Mem:          992M       910M        82M        16K       1.1M        31M
-/+ buffers/cache:       877M       114M
Swap:         8.0G       475M       7.5G

             total       used       free     shared    buffers     cached
Mem:          992M       911M        81M        16K       1.1M        31M
-/+ buffers/cache:       878M       114M
Swap:         8.0G       474M       7.5G

             total       used       free     shared    buffers     cached
Mem:          992M       912M        80M        16K       1.1M        31M
-/+ buffers/cache:       879M       113M
Swap:         8.0G       474M       7.5G

             total       used       free     shared    buffers     cached
Mem:          992M       913M        79M        16K       1.1M        31M
-/+ buffers/cache:       880M       112M
Swap:         8.0G       473M       7.5G

             total       used       free     shared    buffers     cached
Mem:          992M       914M        78M        16K       1.1M        32M
-/+ buffers/cache:       881M       111M
Swap:         8.0G       473M       7.5G

             total       used       free     shared    buffers     cached
Mem:          992M       915M        76M        16K       1.1M        32M
-/+ buffers/cache:       882M       110M
Swap:         8.0G       472M       7.5G

             total       used       free     shared    buffers     cached
Mem:          992M       917M        74M        16K       1.1M        32M
-/+ buffers/cache:       884M       108M
Swap:         8.0G       471M       7.5G

             total       used       free     shared    buffers     cached
Mem:          992M       918M        73M        16K       1.1M        32M
-/+ buffers/cache:       884M       107M
Swap:         8.0G       470M       7.5G

             total       used       free     shared    buffers     cached
Mem:          992M       920M        71M        16K       1.1M        33M
-/+ buffers/cache:       886M       106M
Swap:         8.0G       470M       7.5G

             total       used       free     shared    buffers     cached
Mem:          992M       921M        70M        16K       1.1M        33M
-/+ buffers/cache:       887M       104M
Swap:         8.0G       469M       7.5G

             total       used       free     shared    buffers     cached
Mem:          992M       922M        69M        16K       1.1M        32M
-/+ buffers/cache:       888M       103M
Swap:         8.0G       468M       7.5G

             total       used       free     shared    buffers     cached
Mem:          992M       923M        68M        16K       1.1M        33M
-/+ buffers/cache:       889M       102M
Swap:         8.0G       468M       7.5G

             total       used       free     shared    buffers     cached
Mem:          992M       924M        67M        16K       1.1M        33M
-/+ buffers/cache:       890M       101M
Swap:         8.0G       467M       7.5G

             total       used       free     shared    buffers     cached
Mem:          992M       925M        66M        16K       1.1M        33M
-/+ buffers/cache:       891M       100M
Swap:         8.0G       467M       7.5G

             total       used       free     shared    buffers     cached
Mem:          992M       926M        65M        16K       1.1M        33M
-/+ buffers/cache:       892M        99M
Swap:         8.0G       466M       7.5G

             total       used       free     shared    buffers     cached
Mem:          992M       927M        64M        16K       1.1M        33M
-/+ buffers/cache:       893M        98M
Swap:         8.0G       466M       7.5G

             total       used       free     shared    buffers     cached
Mem:          992M       928M        63M        16K       1.1M        33M
-/+ buffers/cache:       894M        97M
Swap:         8.0G       465M       7.5G

             total       used       free     shared    buffers     cached
Mem:          992M       916M        75M        16K       1.1M        32M
-/+ buffers/cache:       882M       109M
Swap:         8.0G       475M       7.5G

             total       used       free     shared    buffers     cached
Mem:          992M       917M        75M        16K       1.1M        32M
-/+ buffers/cache:       883M       108M
Swap:         8.0G       475M       7.5G

             total       used       free     shared    buffers     cached
Mem:          992M       918M        73M        16K       1.1M        32M
-/+ buffers/cache:       884M       107M
Swap:         8.0G       474M       7.5G

             total       used       free     shared    buffers     cached
Mem:          992M       919M        72M        16K       1.1M        32M
-/+ buffers/cache:       885M       106M
Swap:         8.0G       473M       7.5G

             total       used       free     shared    buffers     cached
Mem:          992M       920M        71M        16K       1.1M        32M
-/+ buffers/cache:       886M       105M
Swap:         8.0G       473M       7.5G

             total       used       free     shared    buffers     cached
Mem:          992M       921M        70M        16K       1.1M        32M
-/+ buffers/cache:       887M       104M
Swap:         8.0G       472M       7.5G

             total       used       free     shared    buffers     cached
Mem:          992M       922M        69M        16K       1.1M        32M
-/+ buffers/cache:       888M       103M
Swap:         8.0G       471M       7.5G

             total       used       free     shared    buffers     cached
Mem:          992M       923M        68M        16K       1.1M        32M
-/+ buffers/cache:       889M       102M
Swap:         8.0G       471M       7.5G

             total       used       free     shared    buffers     cached
Mem:          992M       924M        67M        16K       1.1M        32M
-/+ buffers/cache:       891M       101M
Swap:         8.0G       470M       7.5G

             total       used       free     shared    buffers     cached
Mem:          992M       925M        66M        16K       1.1M        32M
-/+ buffers/cache:       891M       100M
Swap:         8.0G       469M       7.5G

             total       used       free     shared    buffers     cached
Mem:          992M       926M        65M        16K       1.1M        32M
-/+ buffers/cache:       893M        99M
Swap:         8.0G       469M       7.5G

             total       used       free     shared    buffers     cached
Mem:          992M       927M        64M        16K       1.1M        32M
-/+ buffers/cache:       894M        97M
Swap:         8.0G       468M       7.5G

             total       used       free     shared    buffers     cached
Mem:          992M       928M        63M        16K       1.1M        32M
-/+ buffers/cache:       895M        96M
Swap:         8.0G       467M       7.5G

             total       used       free     shared    buffers     cached
Mem:          992M       917M        74M        16K       1.1M        32M
-/+ buffers/cache:       884M       107M
Swap:         8.0G       478M       7.5G

             total       used       free     shared    buffers     cached
Mem:          992M       919M        73M        16K       1.1M        32M
-/+ buffers/cache:       886M       106M
Swap:         8.0G       477M       7.5G

             total       used       free     shared    buffers     cached
Mem:          992M       920M        71M        16K       1.1M        32M
-/+ buffers/cache:       887M       104M
Swap:         8.0G       477M       7.5G

             total       used       free     shared    buffers     cached
Mem:          992M       921M        70M        16K       1.1M        32M
-/+ buffers/cache:       888M       103M
Swap:         8.0G       476M       7.5G

             total       used       free     shared    buffers     cached
Mem:          992M       923M        69M        16K       1.1M        32M
-/+ buffers/cache:       889M       102M
Swap:         8.0G       475M       7.5G

             total       used       free     shared    buffers     cached
Mem:          992M       924M        67M        16K       1.1M        32M
-/+ buffers/cache:       891M       101M
Swap:         8.0G       474M       7.5G

             total       used       free     shared    buffers     cached
Mem:          992M       925M        66M        16K       1.1M        32M
-/+ buffers/cache:       892M        99M
Swap:         8.0G       474M       7.5G

             total       used       free     shared    buffers     cached
Mem:          992M       926M        65M        16K       1.1M        32M
-/+ buffers/cache:       893M        98M
Swap:         8.0G       473M       7.5G

             total       used       free     shared    buffers     cached
Mem:          992M       927M        64M        16K       1.1M        32M
-/+ buffers/cache:       894M        97M
Swap:         8.0G       472M       7.5G

             total       used       free     shared    buffers     cached
Mem:          992M       929M        63M        16K       1.2M        32M
-/+ buffers/cache:       895M        96M
Swap:         8.0G       472M       7.5G

             total       used       free     shared    buffers     cached
Mem:          992M       918M        73M        16K       1.2M        31M
-/+ buffers/cache:       885M       106M
Swap:         8.0G       483M       7.5G

             total       used       free     shared    buffers     cached
Mem:          992M       919M        72M        16K       1.2M        31M
-/+ buffers/cache:       886M       105M
Swap:         8.0G       482M       7.5G

             total       used       free     shared    buffers     cached
Mem:          992M       920M        71M        16K       1.2M        31M
-/+ buffers/cache:       887M       104M
Swap:         8.0G       482M       7.5G

             total       used       free     shared    buffers     cached
Mem:          992M       921M        70M        16K       1.2M        31M
-/+ buffers/cache:       889M       102M
Swap:         8.0G       481M       7.5G

             total       used       free     shared    buffers     cached
Mem:          992M       922M        69M        16K       1.2M        31M
-/+ buffers/cache:       890M       102M
Swap:         8.0G       480M       7.5G

             total       used       free     shared    buffers     cached
Mem:          992M       924M        68M        16K       1.2M        31M
-/+ buffers/cache:       891M       100M
Swap:         8.0G       480M       7.5G

             total       used       free     shared    buffers     cached
Mem:          992M       925M        66M        16K       1.2M        31M
-/+ buffers/cache:       892M        99M
Swap:         8.0G       479M       7.5G

             total       used       free     shared    buffers     cached
Mem:          992M       926M        65M        16K       1.2M        31M
-/+ buffers/cache:       893M        98M
Swap:         8.0G       478M       7.5G

             total       used       free     shared    buffers     cached
Mem:          992M       927M        64M        16K       1.2M        31M
-/+ buffers/cache:       895M        97M
Swap:         8.0G       478M       7.5G

             total       used       free     shared    buffers     cached
Mem:          992M       928M        63M        16K       1.2M        31M
-/+ buffers/cache:       896M        95M
Swap:         8.0G       477M       7.5G

             total       used       free     shared    buffers     cached
Mem:          992M       911M        80M        16K       1.2M        28M
-/+ buffers/cache:       881M       110M
Swap:         8.0G       495M       7.5G

             total       used       free     shared    buffers     cached
Mem:          992M       913M        79M        16K       1.2M        28M
-/+ buffers/cache:       883M       109M
Swap:         8.0G       494M       7.5G

             total       used       free     shared    buffers     cached
Mem:          992M       914M        77M        16K       1.2M        28M
-/+ buffers/cache:       884M       108M
Swap:         8.0G       493M       7.5G

             total       used       free     shared    buffers     cached
Mem:          992M       915M        76M        16K       1.2M        28M
-/+ buffers/cache:       885M       106M
Swap:         8.0G       493M       7.5G

             total       used       free     shared    buffers     cached
Mem:          992M       916M        75M        16K       1.2M        28M
-/+ buffers/cache:       886M       105M
Swap:         8.0G       492M       7.5G

             total       used       free     shared    buffers     cached
Mem:          992M       921M        70M        16K       1.2M        32M
-/+ buffers/cache:       887M       104M
Swap:         8.0G       491M       7.5G

             total       used       free     shared    buffers     cached
Mem:          992M       922M        69M        16K       1.2M        32M
-/+ buffers/cache:       888M       103M
Swap:         8.0G       491M       7.5G

             total       used       free     shared    buffers     cached
Mem:          992M       923M        68M        16K       1.2M        32M
-/+ buffers/cache:       889M       102M
Swap:         8.0G       490M       7.5G

             total       used       free     shared    buffers     cached
Mem:          992M       925M        67M        16K       1.2M        32M
-/+ buffers/cache:       891M       100M
Swap:         8.0G       489M       7.5G

             total       used       free     shared    buffers     cached
Mem:          992M       926M        65M        16K       1.2M        32M
-/+ buffers/cache:       892M        99M
Swap:         8.0G       489M       7.5G

             total       used       free     shared    buffers     cached
Mem:          992M       928M        64M        16K       1.2M        33M
-/+ buffers/cache:       893M        98M
Swap:         8.0G       488M       7.5G

             total       used       free     shared    buffers     cached
Mem:          992M       917M        74M        20K       1.3M        31M
-/+ buffers/cache:       884M       107M
Swap:         8.0G       487M       7.5G

             total       used       free     shared    buffers     cached
Mem:          992M       919M        72M        20K       1.3M        31M
-/+ buffers/cache:       886M       106M
Swap:         8.0G       486M       7.5G

             total       used       free     shared    buffers     cached
Mem:          992M       920M        71M        20K       1.3M        31M
-/+ buffers/cache:       887M       104M
Swap:         8.0G       486M       7.5G

             total       used       free     shared    buffers     cached
Mem:          992M       922M        70M        20K       1.3M        31M
-/+ buffers/cache:       888M       103M
Swap:         8.0G       485M       7.5G

             total       used       free     shared    buffers     cached
Mem:          992M       929M        62M        20K       1.3M        33M
-/+ buffers/cache:       894M        98M
Swap:         8.0G       482M       7.5G

             total       used       free     shared    buffers     cached
Mem:          992M       914M        77M        20K       260K        29M
-/+ buffers/cache:       884M       107M
Swap:         8.0G       493M       7.5G

             total       used       free     shared    buffers     cached
Mem:          992M       915M        76M        20K       268K        29M
-/+ buffers/cache:       885M       106M
Swap:         8.0G       492M       7.5G

             total       used       free     shared    buffers     cached
Mem:          992M       921M        70M        20K       268K        31M
-/+ buffers/cache:       889M       102M
Swap:         8.0G       490M       7.5G

             total       used       free     shared    buffers     cached
Mem:          992M       924M        67M        20K       268K        32M
-/+ buffers/cache:       892M       100M
Swap:         8.0G       489M       7.5G

             total       used       free     shared    buffers     cached
Mem:          992M       925M        66M        20K       268K        32M
-/+ buffers/cache:       892M        99M
Swap:         8.0G       489M       7.5G

             total       used       free     shared    buffers     cached
Mem:          992M       926M        66M        20K       268K        32M
-/+ buffers/cache:       893M        99M
Swap:         8.0G       488M       7.5G

             total       used       free     shared    buffers     cached
Mem:          992M       926M        65M        20K       276K        32M
-/+ buffers/cache:       893M        98M
Swap:         8.0G       488M       7.5G

             total       used       free     shared    buffers     cached
Mem:          992M       927M        64M        20K       276K        32M
-/+ buffers/cache:       894M        97M
Swap:         8.0G       487M       7.5G

             total       used       free     shared    buffers     cached
Mem:          992M       928M        63M        20K       276K        32M
-/+ buffers/cache:       895M        96M
Swap:         8.0G       487M       7.5G

             total       used       free     shared    buffers     cached
Mem:          992M       929M        63M        20K       276K        32M
-/+ buffers/cache:       896M        95M
Swap:         8.0G       487M       7.5G

             total       used       free     shared    buffers     cached
Mem:          992M       907M        84M        20K       248K        23M
-/+ buffers/cache:       884M       108M
Swap:         8.0G       503M       7.5G

             total       used       free     shared    buffers     cached
Mem:          992M       908M        83M        20K       248K        23M
-/+ buffers/cache:       884M       107M
Swap:         8.0G       503M       7.5G

             total       used       free     shared    buffers     cached
Mem:          992M       909M        83M        20K       256K        23M
-/+ buffers/cache:       885M       107M
Swap:         8.0G       503M       7.5G

             total       used       free     shared    buffers     cached
Mem:          992M       910M        81M       3.9M       3.2M        47M
-/+ buffers/cache:       860M       131M
Swap:         8.0G       539M       7.5G

             total       used       free     shared    buffers     cached
Mem:          992M       926M        65M       3.9M       5.3M        66M
-/+ buffers/cache:       854M       137M
Swap:         8.0G       551M       7.5G

             total       used       free     shared    buffers     cached
Mem:          992M       922M        69M       232K       5.0M        63M
-/+ buffers/cache:       854M       137M
Swap:         8.0G       547M       7.5G

             total       used       free     shared    buffers     cached
Mem:          992M       923M        68M       248K       5.0M        63M
-/+ buffers/cache:       855M       136M
Swap:         8.0G       547M       7.5G

             total       used       free     shared    buffers     cached
Mem:          992M       924M        67M       248K       5.0M        63M
-/+ buffers/cache:       856M       135M
Swap:         8.0G       546M       7.5G

             total       used       free     shared    buffers     cached
Mem:          992M       925M        66M       248K       5.0M        63M
-/+ buffers/cache:       857M       134M
Swap:         8.0G       546M       7.5G

             total       used       free     shared    buffers     cached
Mem:          992M       927M        64M       248K       5.0M        63M
-/+ buffers/cache:       859M       132M
Swap:         8.0G       545M       7.5G

             total       used       free     shared    buffers     cached
Mem:          992M       915M        76M       248K       5.2M        60M
-/+ buffers/cache:       850M       141M
Swap:         8.0G       563M       7.4G

             total       used       free     shared    buffers     cached
Mem:          992M       916M        75M       248K       5.2M        59M
-/+ buffers/cache:       851M       140M
Swap:         8.0G       562M       7.4G

             total       used       free     shared    buffers     cached
Mem:          992M       917M        74M       248K       5.2M        60M
-/+ buffers/cache:       852M       139M
Swap:         8.0G       561M       7.4G

             total       used       free     shared    buffers     cached
Mem:          992M       918M        73M       248K       5.2M        60M
-/+ buffers/cache:       853M       138M
Swap:         8.0G       561M       7.4G

             total       used       free     shared    buffers     cached
Mem:          992M       920M        71M       248K       5.2M        60M
-/+ buffers/cache:       855M       137M
Swap:         8.0G       560M       7.4G

             total       used       free     shared    buffers     cached
Mem:          992M       921M        70M       248K       5.2M        60M
-/+ buffers/cache:       856M       135M
Swap:         8.0G       559M       7.5G

             total       used       free     shared    buffers     cached
Mem:          992M       922M        69M       248K       5.2M        60M
-/+ buffers/cache:       857M       134M
Swap:         8.0G       559M       7.5G

             total       used       free     shared    buffers     cached
Mem:          992M       924M        67M       248K       5.2M        60M
-/+ buffers/cache:       858M       133M
Swap:         8.0G       558M       7.5G

             total       used       free     shared    buffers     cached
Mem:          992M       925M        66M       248K       5.2M        60M
-/+ buffers/cache:       859M       132M
Swap:         8.0G       558M       7.5G

             total       used       free     shared    buffers     cached
Mem:          992M       926M        65M       248K       5.2M        60M
-/+ buffers/cache:       861M       131M
Swap:         8.0G       557M       7.5G

             total       used       free     shared    buffers     cached
Mem:          992M       927M        64M       248K       5.2M        60M
-/+ buffers/cache:       862M       129M
Swap:         8.0G       556M       7.5G

             total       used       free     shared    buffers     cached
Mem:          992M       929M        62M       248K       5.2M        60M
-/+ buffers/cache:       863M       128M
Swap:         8.0G       556M       7.5G

             total       used       free     shared    buffers     cached
Mem:          992M       917M        74M       248K       5.2M        60M
-/+ buffers/cache:       852M       139M
Swap:         8.0G       555M       7.5G

             total       used       free     shared    buffers     cached
Mem:          992M       919M        72M       248K       5.2M        60M
-/+ buffers/cache:       853M       138M
Swap:         8.0G       554M       7.5G

             total       used       free     shared    buffers     cached
Mem:          992M       920M        71M       248K       5.2M        60M
-/+ buffers/cache:       855M       136M
Swap:         8.0G       554M       7.5G

             total       used       free     shared    buffers     cached
Mem:          992M       921M        70M       248K       5.2M        60M
-/+ buffers/cache:       856M       135M
Swap:         8.0G       553M       7.5G

             total       used       free     shared    buffers     cached
Mem:          992M       923M        68M       248K       5.2M        60M
-/+ buffers/cache:       858M       134M
Swap:         8.0G       552M       7.5G

             total       used       free     shared    buffers     cached
Mem:          992M       924M        67M       248K       5.2M        60M
-/+ buffers/cache:       859M       132M
Swap:         8.0G       552M       7.5G

             total       used       free     shared    buffers     cached
Mem:          992M       926M        66M       248K       5.2M        60M
-/+ buffers/cache:       860M       131M
Swap:         8.0G       551M       7.5G

             total       used       free     shared    buffers     cached
Mem:          992M       927M        65M       248K       5.2M        60M
-/+ buffers/cache:       861M       130M
Swap:         8.0G       551M       7.5G

             total       used       free     shared    buffers     cached
Mem:          992M       928M        63M       248K       5.2M        60M
-/+ buffers/cache:       862M       129M
Swap:         8.0G       550M       7.5G

             total       used       free     shared    buffers     cached
Mem:          992M       917M        74M       248K       5.2M        59M
-/+ buffers/cache:       852M       139M
Swap:         8.0G       561M       7.4G

             total       used       free     shared    buffers     cached
Mem:          992M       918M        74M       248K       5.2M        59M
-/+ buffers/cache:       853M       138M
Swap:         8.0G       561M       7.4G

             total       used       free     shared    buffers     cached
Mem:          992M       919M        72M       248K       5.2M        59M
-/+ buffers/cache:       854M       137M
Swap:         8.0G       560M       7.4G

             total       used       free     shared    buffers     cached
Mem:          992M       920M        71M       248K       5.2M        59M
-/+ buffers/cache:       856M       136M
Swap:         8.0G       559M       7.5G

             total       used       free     shared    buffers     cached
Mem:          992M       922M        70M       248K       5.2M        59M
-/+ buffers/cache:       857M       134M
Swap:         8.0G       559M       7.5G

             total       used       free     shared    buffers     cached
Mem:          992M       923M        68M       248K       5.2M        59M
-/+ buffers/cache:       858M       133M
Swap:         8.0G       558M       7.5G

             total       used       free     shared    buffers     cached
Mem:          992M       908M        83M       248K       4.6M        61M
-/+ buffers/cache:       843M       149M
Swap:         8.0G       582M       7.4G

             total       used       free     shared    buffers     cached
Mem:          992M       912M        79M       292K       8.5M        72M
-/+ buffers/cache:       831M       161M
Swap:         8.0G       591M       7.4G
