             total       used       free     shared    buffers     cached
Mem:          992M       657M       334M       3.2M        38M       289M
-/+ buffers/cache:       329M       662M
Swap:         8.0G         0B       8.0G

             total       used       free     shared    buffers     cached
Mem:          992M       657M       334M       3.2M        38M       289M
-/+ buffers/cache:       328M       663M
Swap:         8.0G         0B       8.0G

             total       used       free     shared    buffers     cached
Mem:          992M       657M       334M       3.2M        38M       289M
-/+ buffers/cache:       328M       663M
Swap:         8.0G         0B       8.0G

             total       used       free     shared    buffers     cached
Mem:          992M       657M       334M       3.2M        38M       289M
-/+ buffers/cache:       328M       663M
Swap:         8.0G         0B       8.0G

             total       used       free     shared    buffers     cached
Mem:          992M       657M       334M       3.2M        38M       289M
-/+ buffers/cache:       328M       663M
Swap:         8.0G         0B       8.0G

             total       used       free     shared    buffers     cached
Mem:          992M       657M       334M       3.2M        38M       289M
-/+ buffers/cache:       328M       663M
Swap:         8.0G         0B       8.0G

             total       used       free     shared    buffers     cached
Mem:          992M       657M       334M       3.2M        38M       289M
-/+ buffers/cache:       328M       663M
Swap:         8.0G         0B       8.0G

             total       used       free     shared    buffers     cached
Mem:          992M       657M       335M       3.2M        38M       289M
-/+ buffers/cache:       328M       663M
Swap:         8.0G         0B       8.0G

             total       used       free     shared    buffers     cached
Mem:          992M       656M       335M       3.2M        38M       289M
-/+ buffers/cache:       328M       664M
Swap:         8.0G         0B       8.0G

             total       used       free     shared    buffers     cached
Mem:          992M       656M       335M       3.2M        38M       289M
-/+ buffers/cache:       328M       664M
Swap:         8.0G         0B       8.0G

             total       used       free     shared    buffers     cached
Mem:          992M       656M       335M       3.2M        38M       289M
-/+ buffers/cache:       328M       664M
Swap:         8.0G         0B       8.0G

             total       used       free     shared    buffers     cached
Mem:          992M       662M       329M       3.2M        38M       290M
-/+ buffers/cache:       333M       658M
Swap:         8.0G         0B       8.0G

             total       used       free     shared    buffers     cached
Mem:          992M       679M       313M       3.2M        38M       290M
-/+ buffers/cache:       350M       642M
Swap:         8.0G         0B       8.0G

             total       used       free     shared    buffers     cached
Mem:          992M       666M       326M       3.2M        38M       291M
-/+ buffers/cache:       336M       656M
Swap:         8.0G         0B       8.0G

             total       used       free     shared    buffers     cached
Mem:          992M       665M       326M       3.2M        38M       291M
-/+ buffers/cache:       335M       656M
Swap:         8.0G         0B       8.0G

             total       used       free     shared    buffers     cached
Mem:          992M       666M       325M       3.2M        38M       291M
-/+ buffers/cache:       336M       656M
Swap:         8.0G         0B       8.0G

             total       used       free     shared    buffers     cached
Mem:          992M       666M       325M       3.2M        38M       291M
-/+ buffers/cache:       336M       656M
Swap:         8.0G         0B       8.0G

             total       used       free     shared    buffers     cached
Mem:          992M       666M       325M       3.2M        38M       291M
-/+ buffers/cache:       336M       656M
Swap:         8.0G         0B       8.0G

             total       used       free     shared    buffers     cached
Mem:          992M       666M       325M       3.2M        38M       291M
-/+ buffers/cache:       336M       656M
Swap:         8.0G         0B       8.0G

             total       used       free     shared    buffers     cached
Mem:          992M       666M       325M       3.2M        38M       291M
-/+ buffers/cache:       336M       656M
Swap:         8.0G         0B       8.0G

             total       used       free     shared    buffers     cached
Mem:          992M       666M       325M       3.2M        38M       291M
-/+ buffers/cache:       336M       656M
Swap:         8.0G         0B       8.0G

             total       used       free     shared    buffers     cached
Mem:          992M       666M       325M       3.2M        38M       291M
-/+ buffers/cache:       336M       655M
Swap:         8.0G         0B       8.0G

             total       used       free     shared    buffers     cached
Mem:          992M       666M       325M       3.2M        38M       291M
-/+ buffers/cache:       336M       655M
Swap:         8.0G         0B       8.0G

             total       used       free     shared    buffers     cached
Mem:          992M       666M       325M       3.2M        38M       291M
-/+ buffers/cache:       336M       655M
Swap:         8.0G         0B       8.0G

             total       used       free     shared    buffers     cached
Mem:          992M       666M       325M       3.2M        38M       291M
-/+ buffers/cache:       336M       655M
Swap:         8.0G         0B       8.0G

             total       used       free     shared    buffers     cached
Mem:          992M       666M       325M       3.2M        38M       291M
-/+ buffers/cache:       336M       655M
Swap:         8.0G         0B       8.0G

             total       used       free     shared    buffers     cached
Mem:          992M       666M       325M       3.2M        38M       291M
-/+ buffers/cache:       336M       655M
Swap:         8.0G         0B       8.0G

             total       used       free     shared    buffers     cached
Mem:          992M       666M       325M       3.2M        38M       291M
-/+ buffers/cache:       336M       655M
Swap:         8.0G         0B       8.0G

             total       used       free     shared    buffers     cached
Mem:          992M       666M       325M       3.2M        38M       291M
-/+ buffers/cache:       336M       655M
Swap:         8.0G         0B       8.0G

             total       used       free     shared    buffers     cached
Mem:          992M       666M       325M       3.2M        38M       291M
-/+ buffers/cache:       336M       655M
Swap:         8.0G         0B       8.0G

             total       used       free     shared    buffers     cached
Mem:          992M       666M       325M       3.2M        38M       291M
-/+ buffers/cache:       336M       655M
Swap:         8.0G         0B       8.0G

             total       used       free     shared    buffers     cached
Mem:          992M       666M       325M       3.2M        38M       291M
-/+ buffers/cache:       336M       655M
Swap:         8.0G         0B       8.0G

             total       used       free     shared    buffers     cached
Mem:          992M       666M       325M       3.2M        38M       291M
-/+ buffers/cache:       336M       655M
Swap:         8.0G         0B       8.0G

             total       used       free     shared    buffers     cached
Mem:          992M       672M       319M       3.2M        38M       291M
-/+ buffers/cache:       342M       649M
Swap:         8.0G         0B       8.0G

             total       used       free     shared    buffers     cached
Mem:          992M       688M       303M       3.2M        38M       291M
-/+ buffers/cache:       358M       633M
Swap:         8.0G         0B       8.0G

             total       used       free     shared    buffers     cached
Mem:          992M       704M       287M       3.2M        38M       291M
-/+ buffers/cache:       374M       617M
Swap:         8.0G         0B       8.0G

             total       used       free     shared    buffers     cached
Mem:          992M       719M       272M       3.2M        38M       291M
-/+ buffers/cache:       389M       602M
Swap:         8.0G         0B       8.0G

             total       used       free     shared    buffers     cached
Mem:          992M       736M       256M       3.2M        38M       291M
-/+ buffers/cache:       405M       586M
Swap:         8.0G         0B       8.0G

             total       used       free     shared    buffers     cached
Mem:          992M       751M       241M       3.2M        38M       291M
-/+ buffers/cache:       420M       571M
Swap:         8.0G         0B       8.0G

             total       used       free     shared    buffers     cached
Mem:          992M       765M       227M       3.2M        38M       291M
-/+ buffers/cache:       434M       557M
Swap:         8.0G         0B       8.0G

             total       used       free     shared    buffers     cached
Mem:          992M       779M       212M       3.2M        38M       291M
-/+ buffers/cache:       449M       542M
Swap:         8.0G         0B       8.0G

             total       used       free     shared    buffers     cached
Mem:          992M       793M       198M       3.2M        38M       291M
-/+ buffers/cache:       463M       528M
Swap:         8.0G         0B       8.0G

             total       used       free     shared    buffers     cached
Mem:          992M       808M       183M       3.2M        38M       291M
-/+ buffers/cache:       478M       513M
Swap:         8.0G         0B       8.0G

             total       used       free     shared    buffers     cached
Mem:          992M       825M       166M       3.2M        38M       291M
-/+ buffers/cache:       495M       497M
Swap:         8.0G         0B       8.0G

             total       used       free     shared    buffers     cached
Mem:          992M       841M       150M       3.2M        38M       291M
-/+ buffers/cache:       511M       480M
Swap:         8.0G         0B       8.0G

             total       used       free     shared    buffers     cached
Mem:          992M       857M       134M       3.2M        38M       291M
-/+ buffers/cache:       527M       464M
Swap:         8.0G         0B       8.0G

             total       used       free     shared    buffers     cached
Mem:          992M       871M       120M       3.2M        38M       291M
-/+ buffers/cache:       541M       450M
Swap:         8.0G         0B       8.0G

             total       used       free     shared    buffers     cached
Mem:          992M       887M       104M       3.2M        38M       291M
-/+ buffers/cache:       557M       434M
Swap:         8.0G         0B       8.0G

             total       used       free     shared    buffers     cached
Mem:          992M       899M        92M       3.2M        38M       291M
-/+ buffers/cache:       569M       422M
Swap:         8.0G         0B       8.0G

             total       used       free     shared    buffers     cached
Mem:          992M       913M        78M       3.2M        38M       291M
-/+ buffers/cache:       583M       408M
Swap:         8.0G         0B       8.0G

             total       used       free     shared    buffers     cached
Mem:          992M       928M        63M       3.2M        38M       291M
-/+ buffers/cache:       598M       393M
Swap:         8.0G         0B       8.0G

             total       used       free     shared    buffers     cached
Mem:          992M       926M        65M       3.2M        23M       290M
-/+ buffers/cache:       613M       379M
Swap:         8.0G         0B       8.0G

             total       used       free     shared    buffers     cached
Mem:          992M       921M        70M       3.2M        10M       283M
-/+ buffers/cache:       627M       364M
Swap:         8.0G         0B       8.0G

             total       used       free     shared    buffers     cached
Mem:          992M       919M        72M       3.2M        10M       266M
-/+ buffers/cache:       642M       349M
Swap:         8.0G       116K       8.0G

             total       used       free     shared    buffers     cached
Mem:          992M       913M        78M       3.1M       9.8M       246M
-/+ buffers/cache:       657M       334M
Swap:         8.0G       212K       8.0G

             total       used       free     shared    buffers     cached
Mem:          992M       928M        64M       3.1M       9.8M       246M
-/+ buffers/cache:       671M       320M
Swap:         8.0G       212K       8.0G

             total       used       free     shared    buffers     cached
Mem:          992M       923M        69M       3.0M       9.8M       229M
-/+ buffers/cache:       684M       307M
Swap:         8.0G       3.3M       8.0G

             total       used       free     shared    buffers     cached
Mem:          992M       922M        69M       3.0M       9.8M       217M
-/+ buffers/cache:       695M       296M
Swap:         8.0G       5.6M       8.0G

             total       used       free     shared    buffers     cached
Mem:          992M       921M        70M       3.0M       4.4M       206M
-/+ buffers/cache:       710M       282M
Swap:         8.0G       5.6M       8.0G

             total       used       free     shared    buffers     cached
Mem:          992M       923M        68M       3.0M       2.2M       196M
-/+ buffers/cache:       725M       267M
Swap:         8.0G       5.6M       8.0G

             total       used       free     shared    buffers     cached
Mem:          992M       920M        72M       3.0M       468K       179M
-/+ buffers/cache:       740M       252M
Swap:         8.0G       5.6M       8.0G

             total       used       free     shared    buffers     cached
Mem:          992M       928M        63M       3.0M       332K       173M
-/+ buffers/cache:       755M       236M
Swap:         8.0G       5.6M       8.0G

             total       used       free     shared    buffers     cached
Mem:          992M       923M        68M       3.0M       244K       152M
-/+ buffers/cache:       770M       221M
Swap:         8.0G       5.6M       8.0G

             total       used       free     shared    buffers     cached
Mem:          992M       915M        76M       3.0M       244K       134M
-/+ buffers/cache:       780M       211M
Swap:         8.0G       5.6M       8.0G

             total       used       free     shared    buffers     cached
Mem:          992M       928M        63M       3.0M       248K       134M
-/+ buffers/cache:       793M       198M
Swap:         8.0G       5.6M       8.0G

             total       used       free     shared    buffers     cached
Mem:          992M       927M        64M       3.0M        84K       119M
-/+ buffers/cache:       808M       183M
Swap:         8.0G       5.6M       8.0G

             total       used       free     shared    buffers     cached
Mem:          992M       927M        64M       3.0M        84K       105M
-/+ buffers/cache:       822M       169M
Swap:         8.0G       5.6M       8.0G

             total       used       free     shared    buffers     cached
Mem:          992M       929M        62M       3.0M        92K        92M
-/+ buffers/cache:       837M       155M
Swap:         8.0G       5.6M       8.0G

             total       used       free     shared    buffers     cached
Mem:          992M       923M        69M       3.0M        96K        72M
-/+ buffers/cache:       850M       141M
Swap:         8.0G       5.6M       8.0G

             total       used       free     shared    buffers     cached
Mem:          992M       923M        69M       3.0M        96K        57M
-/+ buffers/cache:       865M       126M
Swap:         8.0G       5.6M       8.0G

             total       used       free     shared    buffers     cached
Mem:          992M       920M        72M       3.0M       240K        40M
-/+ buffers/cache:       879M       112M
Swap:         8.0G       5.6M       8.0G

             total       used       free     shared    buffers     cached
Mem:          992M       924M        67M       3.0M       3.0M        25M
-/+ buffers/cache:       895M        96M
Swap:         8.0G       6.2M       8.0G

             total       used       free     shared    buffers     cached
Mem:          992M       922M        69M       2.8M       3.0M        16M
-/+ buffers/cache:       902M        89M
Swap:         8.0G        19M       8.0G

             total       used       free     shared    buffers     cached
Mem:          992M       925M        66M       2.8M       220K       8.7M
-/+ buffers/cache:       916M        75M
Swap:         8.0G        19M       8.0G

             total       used       free     shared    buffers     cached
Mem:          992M       922M        70M       2.5M       496K       5.9M
-/+ buffers/cache:       915M        76M
Swap:         8.0G        31M       8.0G

             total       used       free     shared    buffers     cached
Mem:          992M       924M        67M       2.5M       492K       6.0M
-/+ buffers/cache:       918M        74M
Swap:         8.0G        45M       8.0G

             total       used       free     shared    buffers     cached
Mem:          992M       922M        70M       2.5M       496K       5.7M
-/+ buffers/cache:       915M        76M
Swap:         8.0G        68M       7.9G

             total       used       free     shared    buffers     cached
Mem:          992M       918M        74M       2.5M       504K       5.7M
-/+ buffers/cache:       912M        80M
Swap:         8.0G        81M       7.9G

             total       used       free     shared    buffers     cached
Mem:          992M       919M        72M       2.5M       504K       5.1M
-/+ buffers/cache:       914M        78M
Swap:         8.0G       106M       7.9G

             total       used       free     shared    buffers     cached
Mem:          992M       916M        75M       2.4M       504K       5.0M
-/+ buffers/cache:       910M        81M
Swap:         8.0G       106M       7.9G

             total       used       free     shared    buffers     cached
Mem:          992M       930M        61M       2.4M       504K       5.2M
-/+ buffers/cache:       925M        67M
Swap:         8.0G       106M       7.9G

             total       used       free     shared    buffers     cached
Mem:          992M       926M        65M       2.4M       504K       5.1M
-/+ buffers/cache:       921M        71M
Swap:         8.0G       140M       7.9G

             total       used       free     shared    buffers     cached
Mem:          992M       924M        68M       2.4M       504K       5.0M
-/+ buffers/cache:       918M        73M
Swap:         8.0G       140M       7.9G

             total       used       free     shared    buffers     cached
Mem:          992M       919M        72M       2.4M       500K       4.9M
-/+ buffers/cache:       914M        77M
Swap:         8.0G       162M       7.8G

             total       used       free     shared    buffers     cached
Mem:          992M       921M        70M       2.4M       500K       4.8M
-/+ buffers/cache:       916M        75M
Swap:         8.0G       178M       7.8G

             total       used       free     shared    buffers     cached
Mem:          992M       923M        68M       2.4M       500K       4.7M
-/+ buffers/cache:       918M        74M
Swap:         8.0G       187M       7.8G

             total       used       free     shared    buffers     cached
Mem:          992M       926M        66M       2.4M       500K       4.7M
-/+ buffers/cache:       921M        71M
Swap:         8.0G       200M       7.8G

             total       used       free     shared    buffers     cached
Mem:          992M       924M        67M       2.4M       500K       4.9M
-/+ buffers/cache:       919M        73M
Swap:         8.0G       213M       7.8G

             total       used       free     shared    buffers     cached
Mem:          992M       925M        66M       2.4M       508K       4.9M
-/+ buffers/cache:       920M        72M
Swap:         8.0G       227M       7.8G

             total       used       free     shared    buffers     cached
Mem:          992M       930M        61M       2.3M       508K       9.7M
-/+ buffers/cache:       920M        71M
Swap:         8.0G       248M       7.8G

             total       used       free     shared    buffers     cached
Mem:          992M       924M        67M       2.3M       668K        20M
-/+ buffers/cache:       903M        89M
Swap:         8.0G       271M       7.7G

             total       used       free     shared    buffers     cached
Mem:          992M       918M        73M       2.3M       940K        22M
-/+ buffers/cache:       895M        96M
Swap:         8.0G       287M       7.7G

             total       used       free     shared    buffers     cached
Mem:          992M       923M        68M       2.3M       940K        22M
-/+ buffers/cache:       900M        91M
Swap:         8.0G       287M       7.7G

             total       used       free     shared    buffers     cached
Mem:          992M       927M        64M       2.3M       948K        22M
-/+ buffers/cache:       904M        87M
Swap:         8.0G       287M       7.7G

             total       used       free     shared    buffers     cached
Mem:          992M       931M        60M       2.3M       948K        22M
-/+ buffers/cache:       908M        84M
Swap:         8.0G       287M       7.7G

             total       used       free     shared    buffers     cached
Mem:          992M       918M        73M       2.3M       920K        18M
-/+ buffers/cache:       898M        93M
Swap:         8.0G       311M       7.7G

             total       used       free     shared    buffers     cached
Mem:          992M       922M        69M       2.3M       920K        18M
-/+ buffers/cache:       902M        89M
Swap:         8.0G       311M       7.7G

             total       used       free     shared    buffers     cached
Mem:          992M       927M        64M       2.3M       920K        18M
-/+ buffers/cache:       907M        84M
Swap:         8.0G       311M       7.7G

             total       used       free     shared    buffers     cached
Mem:          992M       920M        71M       2.3M       900K        15M
-/+ buffers/cache:       903M        88M
Swap:         8.0G       311M       7.7G

             total       used       free     shared    buffers     cached
Mem:          992M       923M        68M       2.3M       908K        15M
-/+ buffers/cache:       907M        84M
Swap:         8.0G       311M       7.7G

             total       used       free     shared    buffers     cached
Mem:          992M       928M        64M       2.3M       908K        15M
-/+ buffers/cache:       911M        80M
Swap:         8.0G       311M       7.7G

             total       used       free     shared    buffers     cached
Mem:          992M       920M        71M       2.3M        76K       9.8M
-/+ buffers/cache:       910M        81M
Swap:         8.0G       311M       7.7G

             total       used       free     shared    buffers     cached
Mem:          992M       925M        66M       2.3M       100K       9.8M
-/+ buffers/cache:       915M        76M
Swap:         8.0G       311M       7.7G

             total       used       free     shared    buffers     cached
Mem:          992M       929M        62M       2.3M       100K       9.7M
-/+ buffers/cache:       919M        72M
Swap:         8.0G       311M       7.7G

             total       used       free     shared    buffers     cached
Mem:          992M       921M        70M       2.3M       504K       4.7M
-/+ buffers/cache:       916M        75M
Swap:         8.0G       319M       7.7G

             total       used       free     shared    buffers     cached
Mem:          992M       925M        66M       2.3M       504K       4.7M
-/+ buffers/cache:       920M        71M
Swap:         8.0G       319M       7.7G

             total       used       free     shared    buffers     cached
Mem:          992M       931M        61M       2.3M       504K       4.8M
-/+ buffers/cache:       925M        66M
Swap:         8.0G       319M       7.7G

             total       used       free     shared    buffers     cached
Mem:          992M       914M        77M         8K       504K       2.4M
-/+ buffers/cache:       911M        80M
Swap:         8.0G       356M       7.6G

             total       used       free     shared    buffers     cached
Mem:          992M       918M        73M         8K       504K       2.4M
-/+ buffers/cache:       915M        76M
Swap:         8.0G       356M       7.6G

             total       used       free     shared    buffers     cached
Mem:          992M       921M        70M         8K       512K       2.4M
-/+ buffers/cache:       918M        73M
Swap:         8.0G       356M       7.6G

             total       used       free     shared    buffers     cached
Mem:          992M       919M        72M         8K       512K       2.5M
-/+ buffers/cache:       916M        75M
Swap:         8.0G       341M       7.7G

             total       used       free     shared    buffers     cached
Mem:          992M       924M        68M         8K       512K       2.4M
-/+ buffers/cache:       921M        71M
Swap:         8.0G       341M       7.7G

             total       used       free     shared    buffers     cached
Mem:          992M       921M        71M         8K       512K       2.0M
-/+ buffers/cache:       918M        73M
Swap:         8.0G       335M       7.7G

             total       used       free     shared    buffers     cached
Mem:          992M       920M        71M         8K       432K       1.5M
-/+ buffers/cache:       918M        73M
Swap:         8.0G       334M       7.7G

             total       used       free     shared    buffers     cached
Mem:          992M       922M        69M         4K       272K       1.4M
-/+ buffers/cache:       920M        71M
Swap:         8.0G       328M       7.7G

             total       used       free     shared    buffers     cached
Mem:          992M       920M        71M         4K       232K       1.4M
-/+ buffers/cache:       919M        72M
Swap:         8.0G       330M       7.7G

             total       used       free     shared    buffers     cached
Mem:          992M       922M        69M         0B       148K       1.3M
-/+ buffers/cache:       921M        70M
Swap:         8.0G       332M       7.7G

             total       used       free     shared    buffers     cached
Mem:          992M       921M        70M         0B        80K       1.4M
-/+ buffers/cache:       919M        72M
Swap:         8.0G       335M       7.7G

             total       used       free     shared    buffers     cached
Mem:          992M       921M        70M         0B        80K       1.3M
-/+ buffers/cache:       920M        71M
Swap:         8.0G       338M       7.7G

             total       used       free     shared    buffers     cached
Mem:          992M       920M        71M         0B        80K       1.3M
-/+ buffers/cache:       919M        72M
Swap:         8.0G       339M       7.7G

             total       used       free     shared    buffers     cached
Mem:          992M       918M        73M         0B        88K       1.3M
-/+ buffers/cache:       917M        74M
Swap:         8.0G       344M       7.7G

             total       used       free     shared    buffers     cached
Mem:          992M       924M        67M         0B        88K       1.3M
-/+ buffers/cache:       923M        69M
Swap:         8.0G       338M       7.7G

             total       used       free     shared    buffers     cached
Mem:          992M       921M        70M         0B        88K       1.3M
-/+ buffers/cache:       919M        72M
Swap:         8.0G       337M       7.7G

             total       used       free     shared    buffers     cached
Mem:          992M       924M        67M         0B        88K       1.3M
-/+ buffers/cache:       923M        68M
Swap:         8.0G       342M       7.7G

             total       used       free     shared    buffers     cached
Mem:          992M       919M        73M         0B        88K       1.2M
-/+ buffers/cache:       917M        74M
Swap:         8.0G       355M       7.6G

             total       used       free     shared    buffers     cached
Mem:          992M       920M        71M         0B        96K       1.6M
-/+ buffers/cache:       918M        73M
Swap:         8.0G       351M       7.7G

             total       used       free     shared    buffers     cached
Mem:          992M       921M        71M         0B        96K       1.6M
-/+ buffers/cache:       919M        72M
Swap:         8.0G       351M       7.7G

             total       used       free     shared    buffers     cached
Mem:          992M       927M        64M         0B        96K       1.6M
-/+ buffers/cache:       926M        66M
Swap:         8.0G       349M       7.7G

             total       used       free     shared    buffers     cached
Mem:          992M       913M        78M         0B        96K       1.6M
-/+ buffers/cache:       911M        80M
Swap:         8.0G       364M       7.6G

             total       used       free     shared    buffers     cached
Mem:          992M       920M        71M         0B        96K       1.5M
-/+ buffers/cache:       918M        73M
Swap:         8.0G       364M       7.6G

             total       used       free     shared    buffers     cached
Mem:          992M       927M        65M         0B       200K       2.3M
-/+ buffers/cache:       924M        67M
Swap:         8.0G       364M       7.6G

             total       used       free     shared    buffers     cached
Mem:          992M       915M        76M         0B       196K       2.3M
-/+ buffers/cache:       913M        79M
Swap:         8.0G       381M       7.6G

             total       used       free     shared    buffers     cached
Mem:          992M       922M        69M         0B       196K       2.3M
-/+ buffers/cache:       919M        72M
Swap:         8.0G       381M       7.6G

             total       used       free     shared    buffers     cached
Mem:          992M       928M        63M         0B       196K       2.5M
-/+ buffers/cache:       925M        66M
Swap:         8.0G       381M       7.6G

             total       used       free     shared    buffers     cached
Mem:          992M       915M        76M         0B       196K       2.4M
-/+ buffers/cache:       913M        79M
Swap:         8.0G       399M       7.6G

             total       used       free     shared    buffers     cached
Mem:          992M       915M        76M         0B       196K       2.8M
-/+ buffers/cache:       912M        79M
Swap:         8.0G       405M       7.6G

             total       used       free     shared    buffers     cached
Mem:          992M       917M        74M         0B       204K       2.8M
-/+ buffers/cache:       914M        77M
Swap:         8.0G       404M       7.6G

             total       used       free     shared    buffers     cached
Mem:          992M       919M        72M         0B       204K       2.8M
-/+ buffers/cache:       916M        75M
Swap:         8.0G       403M       7.6G

             total       used       free     shared    buffers     cached
Mem:          992M       922M        69M         0B       204K       2.8M
-/+ buffers/cache:       919M        72M
Swap:         8.0G       402M       7.6G

             total       used       free     shared    buffers     cached
Mem:          992M       924M        67M         0B       204K       2.8M
-/+ buffers/cache:       921M        70M
Swap:         8.0G       401M       7.6G

             total       used       free     shared    buffers     cached
Mem:          992M       926M        65M         0B       204K       2.8M
-/+ buffers/cache:       923M        68M
Swap:         8.0G       400M       7.6G

             total       used       free     shared    buffers     cached
Mem:          992M       929M        62M         0B       212K       2.9M
-/+ buffers/cache:       926M        65M
Swap:         8.0G       399M       7.6G

             total       used       free     shared    buffers     cached
Mem:          992M       919M        72M         0B       212K       2.9M
-/+ buffers/cache:       916M        75M
Swap:         8.0G       400M       7.6G

             total       used       free     shared    buffers     cached
Mem:          992M       922M        69M         0B       212K       2.9M
-/+ buffers/cache:       919M        72M
Swap:         8.0G       399M       7.6G

             total       used       free     shared    buffers     cached
Mem:          992M       924M        67M         0B       212K       2.9M
-/+ buffers/cache:       921M        70M
Swap:         8.0G       398M       7.6G

             total       used       free     shared    buffers     cached
Mem:          992M       927M        64M         0B       212K       2.9M
-/+ buffers/cache:       924M        68M
Swap:         8.0G       397M       7.6G

             total       used       free     shared    buffers     cached
Mem:          992M       929M        62M         0B       220K       2.9M
-/+ buffers/cache:       926M        65M
Swap:         8.0G       396M       7.6G

             total       used       free     shared    buffers     cached
Mem:          992M       910M        81M         0B       228K       2.9M
-/+ buffers/cache:       907M        84M
Swap:         8.0G       417M       7.6G

             total       used       free     shared    buffers     cached
Mem:          992M       912M        79M         0B       228K       2.9M
-/+ buffers/cache:       909M        82M
Swap:         8.0G       416M       7.6G

             total       used       free     shared    buffers     cached
Mem:          992M       924M        68M         0B       228K       7.4M
-/+ buffers/cache:       916M        75M
Swap:         8.0G       413M       7.6G

             total       used       free     shared    buffers     cached
Mem:          992M       918M        73M         0B       816K        18M
-/+ buffers/cache:       899M        92M
Swap:         8.0G       441M       7.6G

             total       used       free     shared    buffers     cached
Mem:          992M       921M        70M         0B       816K        18M
-/+ buffers/cache:       901M        90M
Swap:         8.0G       440M       7.6G

             total       used       free     shared    buffers     cached
Mem:          992M       923M        69M         0B       828K        18M
-/+ buffers/cache:       903M        88M
Swap:         8.0G       439M       7.6G

             total       used       free     shared    buffers     cached
Mem:          992M       925M        66M         0B       828K        19M
-/+ buffers/cache:       905M        86M
Swap:         8.0G       438M       7.6G

             total       used       free     shared    buffers     cached
Mem:          992M       927M        64M         0B       828K        18M
-/+ buffers/cache:       907M        84M
Swap:         8.0G       437M       7.6G

             total       used       free     shared    buffers     cached
Mem:          992M       929M        62M         0B       828K        18M
-/+ buffers/cache:       909M        82M
Swap:         8.0G       436M       7.6G

             total       used       free     shared    buffers     cached
Mem:          992M       916M        75M         0B       828K        18M
-/+ buffers/cache:       897M        94M
Swap:         8.0G       436M       7.6G

             total       used       free     shared    buffers     cached
Mem:          992M       918M        73M         0B       836K        18M
-/+ buffers/cache:       899M        93M
Swap:         8.0G       435M       7.6G

             total       used       free     shared    buffers     cached
Mem:          992M       921M        70M         0B       836K        19M
-/+ buffers/cache:       901M        90M
Swap:         8.0G       434M       7.6G

             total       used       free     shared    buffers     cached
Mem:          992M       923M        68M         0B       836K        19M
-/+ buffers/cache:       903M        88M
Swap:         8.0G       434M       7.6G

             total       used       free     shared    buffers     cached
Mem:          992M       925M        66M         0B       836K        19M
-/+ buffers/cache:       905M        86M
Swap:         8.0G       433M       7.6G

             total       used       free     shared    buffers     cached
Mem:          992M       928M        64M         0B       836K        19M
-/+ buffers/cache:       908M        84M
Swap:         8.0G       432M       7.6G

             total       used       free     shared    buffers     cached
Mem:          992M       930M        61M         0B       836K        19M
-/+ buffers/cache:       910M        81M
Swap:         8.0G       431M       7.6G

             total       used       free     shared    buffers     cached
Mem:          992M       920M        72M         0B       844K        18M
-/+ buffers/cache:       900M        91M
Swap:         8.0G       443M       7.6G

             total       used       free     shared    buffers     cached
Mem:          992M       922M        69M         0B       844K        18M
-/+ buffers/cache:       902M        89M
Swap:         8.0G       442M       7.6G

             total       used       free     shared    buffers     cached
Mem:          992M       924M        67M         0B       844K        18M
-/+ buffers/cache:       904M        87M
Swap:         8.0G       441M       7.6G

             total       used       free     shared    buffers     cached
Mem:          992M       926M        65M         0B       844K        18M
-/+ buffers/cache:       906M        85M
Swap:         8.0G       440M       7.6G

             total       used       free     shared    buffers     cached
Mem:          992M       928M        63M         0B       844K        18M
-/+ buffers/cache:       908M        83M
Swap:         8.0G       439M       7.6G

             total       used       free     shared    buffers     cached
Mem:          992M       930M        61M         0B       852K        18M
-/+ buffers/cache:       910M        81M
Swap:         8.0G       438M       7.6G

             total       used       free     shared    buffers     cached
Mem:          992M       919M        73M         0B       852K        18M
-/+ buffers/cache:       899M        92M
Swap:         8.0G       446M       7.6G

             total       used       free     shared    buffers     cached
Mem:          992M       921M        70M         0B       852K        18M
-/+ buffers/cache:       901M        90M
Swap:         8.0G       445M       7.6G

             total       used       free     shared    buffers     cached
Mem:          992M       923M        68M         0B       852K        18M
-/+ buffers/cache:       904M        88M
Swap:         8.0G       444M       7.6G

             total       used       free     shared    buffers     cached
Mem:          992M       925M        66M         0B       852K        18M
-/+ buffers/cache:       906M        85M
Swap:         8.0G       443M       7.6G

             total       used       free     shared    buffers     cached
Mem:          992M       927M        64M         0B       860K        18M
-/+ buffers/cache:       908M        83M
Swap:         8.0G       442M       7.6G

             total       used       free     shared    buffers     cached
Mem:          992M       929M        62M         0B       860K        18M
-/+ buffers/cache:       910M        81M
Swap:         8.0G       442M       7.6G

             total       used       free     shared    buffers     cached
Mem:          992M       926M        65M         0B       860K        18M
-/+ buffers/cache:       907M        84M
Swap:         8.0G       448M       7.6G

             total       used       free     shared    buffers     cached
Mem:          992M       912M        79M         0B       864K        17M
-/+ buffers/cache:       894M        97M
Swap:         8.0G       464M       7.5G

             total       used       free     shared    buffers     cached
Mem:          992M       914M        78M         0B       864K        17M
-/+ buffers/cache:       895M        96M
Swap:         8.0G       463M       7.5G

             total       used       free     shared    buffers     cached
Mem:          992M       915M        76M         0B       864K        17M
-/+ buffers/cache:       897M        95M
Swap:         8.0G       463M       7.5G

             total       used       free     shared    buffers     cached
Mem:          992M       916M        75M         0B       872K        17M
-/+ buffers/cache:       898M        93M
Swap:         8.0G       462M       7.5G

             total       used       free     shared    buffers     cached
Mem:          992M       919M        72M         0B       1.1M        18M
-/+ buffers/cache:       900M        91M
Swap:         8.0G       461M       7.5G

             total       used       free     shared    buffers     cached
Mem:          992M       918M        73M         0B       1.4M        31M
-/+ buffers/cache:       885M       106M
Swap:         8.0G       473M       7.5G

             total       used       free     shared    buffers     cached
Mem:          992M       919M        72M        16K       1.4M        31M
-/+ buffers/cache:       886M       105M
Swap:         8.0G       472M       7.5G

             total       used       free     shared    buffers     cached
Mem:          992M       920M        71M        16K       1.4M        31M
-/+ buffers/cache:       887M       104M
Swap:         8.0G       472M       7.5G

             total       used       free     shared    buffers     cached
Mem:          992M       921M        70M        16K       1.4M        31M
-/+ buffers/cache:       889M       103M
Swap:         8.0G       471M       7.5G

             total       used       free     shared    buffers     cached
Mem:          992M       923M        68M        16K       1.4M        31M
-/+ buffers/cache:       890M       101M
Swap:         8.0G       471M       7.5G

             total       used       free     shared    buffers     cached
Mem:          992M       924M        67M        16K       1.4M        31M
-/+ buffers/cache:       891M       100M
Swap:         8.0G       470M       7.5G

             total       used       free     shared    buffers     cached
Mem:          992M       925M        66M        16K       1.4M        31M
-/+ buffers/cache:       892M        99M
Swap:         8.0G       470M       7.5G

             total       used       free     shared    buffers     cached
Mem:          992M       927M        65M        16K       1.4M        31M
-/+ buffers/cache:       894M        98M
Swap:         8.0G       469M       7.5G

             total       used       free     shared    buffers     cached
Mem:          992M       928M        63M        16K       1.4M        31M
-/+ buffers/cache:       895M        96M
Swap:         8.0G       469M       7.5G

             total       used       free     shared    buffers     cached
Mem:          992M       929M        63M        16K       1.4M        31M
-/+ buffers/cache:       896M        96M
Swap:         8.0G       468M       7.5G

             total       used       free     shared    buffers     cached
Mem:          992M       919M        72M        16K       1.1M        29M
-/+ buffers/cache:       888M       103M
Swap:         8.0G       487M       7.5G

             total       used       free     shared    buffers     cached
Mem:          992M       920M        71M        16K       1.1M        29M
-/+ buffers/cache:       889M       102M
Swap:         8.0G       486M       7.5G

             total       used       free     shared    buffers     cached
Mem:          992M       922M        69M        16K       1.1M        29M
-/+ buffers/cache:       891M       100M
Swap:         8.0G       486M       7.5G

             total       used       free     shared    buffers     cached
Mem:          992M       923M        68M        16K       1.1M        29M
-/+ buffers/cache:       892M        99M
Swap:         8.0G       485M       7.5G

             total       used       free     shared    buffers     cached
Mem:          992M       924M        67M        16K       1.2M        29M
-/+ buffers/cache:       893M        98M
Swap:         8.0G       485M       7.5G

             total       used       free     shared    buffers     cached
Mem:          992M       925M        66M        16K       1.2M        29M
-/+ buffers/cache:       894M        97M
Swap:         8.0G       484M       7.5G

             total       used       free     shared    buffers     cached
Mem:          992M       926M        65M        16K       1.2M        29M
-/+ buffers/cache:       895M        96M
Swap:         8.0G       483M       7.5G

             total       used       free     shared    buffers     cached
Mem:          992M       928M        64M        16K       1.2M        29M
-/+ buffers/cache:       897M        94M
Swap:         8.0G       483M       7.5G

             total       used       free     shared    buffers     cached
Mem:          992M       929M        62M        16K       1.2M        29M
-/+ buffers/cache:       898M        93M
Swap:         8.0G       482M       7.5G

             total       used       free     shared    buffers     cached
Mem:          992M       931M        61M        16K       1.2M        29M
-/+ buffers/cache:       900M        92M
Swap:         8.0G       481M       7.5G

             total       used       free     shared    buffers     cached
Mem:          992M       920M        71M        16K       1.1M        29M
-/+ buffers/cache:       889M       102M
Swap:         8.0G       485M       7.5G

             total       used       free     shared    buffers     cached
Mem:          992M       921M        70M        16K       1.1M        29M
-/+ buffers/cache:       890M       101M
Swap:         8.0G       484M       7.5G

             total       used       free     shared    buffers     cached
Mem:          992M       922M        69M        16K       1.1M        29M
-/+ buffers/cache:       892M       100M
Swap:         8.0G       484M       7.5G

             total       used       free     shared    buffers     cached
Mem:          992M       924M        68M        16K       1.1M        29M
-/+ buffers/cache:       893M        98M
Swap:         8.0G       483M       7.5G

             total       used       free     shared    buffers     cached
Mem:          992M       925M        66M        16K       1.1M        29M
-/+ buffers/cache:       894M        97M
Swap:         8.0G       482M       7.5G

             total       used       free     shared    buffers     cached
Mem:          992M       927M        64M        16K       1.1M        29M
-/+ buffers/cache:       896M        95M
Swap:         8.0G       482M       7.5G

             total       used       free     shared    buffers     cached
Mem:          992M       928M        63M        16K       1.1M        29M
-/+ buffers/cache:       897M        94M
Swap:         8.0G       481M       7.5G

             total       used       free     shared    buffers     cached
Mem:          992M       929M        62M        16K       1.1M        29M
-/+ buffers/cache:       899M        93M
Swap:         8.0G       481M       7.5G

             total       used       free     shared    buffers     cached
Mem:          992M       919M        72M        16K       692K        31M
-/+ buffers/cache:       887M       105M
Swap:         8.0G       498M       7.5G

             total       used       free     shared    buffers     cached
Mem:          992M       921M        71M        16K       692K        33M
-/+ buffers/cache:       886M       105M
Swap:         8.0G       498M       7.5G

             total       used       free     shared    buffers     cached
Mem:          992M       922M        69M        16K       692K        33M
-/+ buffers/cache:       888M       103M
Swap:         8.0G       497M       7.5G

             total       used       free     shared    buffers     cached
Mem:          992M       923M        68M        16K       700K        33M
-/+ buffers/cache:       889M       102M
Swap:         8.0G       497M       7.5G

             total       used       free     shared    buffers     cached
Mem:          992M       924M        67M        16K       700K        33M
-/+ buffers/cache:       890M       101M
Swap:         8.0G       496M       7.5G

             total       used       free     shared    buffers     cached
Mem:          992M       926M        65M        16K       700K        33M
-/+ buffers/cache:       892M       100M
Swap:         8.0G       495M       7.5G

             total       used       free     shared    buffers     cached
Mem:          992M       927M        64M        16K       700K        33M
-/+ buffers/cache:       893M        98M
Swap:         8.0G       495M       7.5G

             total       used       free     shared    buffers     cached
Mem:          992M       929M        62M        16K       700K        33M
-/+ buffers/cache:       895M        97M
Swap:         8.0G       494M       7.5G

             total       used       free     shared    buffers     cached
Mem:          992M       930M        61M        16K       708K        33M
-/+ buffers/cache:       896M        95M
Swap:         8.0G       494M       7.5G

             total       used       free     shared    buffers     cached
Mem:          992M       917M        75M        16K       688K        32M
-/+ buffers/cache:       884M       108M
Swap:         8.0G       499M       7.5G

             total       used       free     shared    buffers     cached
Mem:          992M       918M        73M        16K       688K        32M
-/+ buffers/cache:       885M       106M
Swap:         8.0G       498M       7.5G

             total       used       free     shared    buffers     cached
Mem:          992M       919M        72M        16K       688K        32M
-/+ buffers/cache:       886M       105M
Swap:         8.0G       498M       7.5G

             total       used       free     shared    buffers     cached
Mem:          992M       920M        71M        16K       688K        32M
-/+ buffers/cache:       887M       104M
Swap:         8.0G       497M       7.5G

             total       used       free     shared    buffers     cached
Mem:          992M       922M        69M        16K       688K        32M
-/+ buffers/cache:       889M       102M
Swap:         8.0G       496M       7.5G

             total       used       free     shared    buffers     cached
Mem:          992M       923M        68M        16K       696K        32M
-/+ buffers/cache:       890M       101M
Swap:         8.0G       496M       7.5G

             total       used       free     shared    buffers     cached
Mem:          992M       925M        67M        16K       696K        32M
-/+ buffers/cache:       892M       100M
Swap:         8.0G       495M       7.5G

             total       used       free     shared    buffers     cached
Mem:          992M       926M        65M        16K       696K        32M
-/+ buffers/cache:       893M        98M
Swap:         8.0G       495M       7.5G

             total       used       free     shared    buffers     cached
Mem:          992M       927M        64M        16K       696K        32M
-/+ buffers/cache:       894M        97M
Swap:         8.0G       494M       7.5G

             total       used       free     shared    buffers     cached
Mem:          992M       929M        63M        16K       696K        32M
-/+ buffers/cache:       896M        96M
Swap:         8.0G       493M       7.5G

             total       used       free     shared    buffers     cached
Mem:          992M       930M        61M        16K       704K        32M
-/+ buffers/cache:       897M        94M
Swap:         8.0G       493M       7.5G

             total       used       free     shared    buffers     cached
Mem:          992M       911M        80M        16K       696K        30M
-/+ buffers/cache:       880M       111M
Swap:         8.0G       513M       7.5G

             total       used       free     shared    buffers     cached
Mem:          992M       913M        79M        16K       696K        30M
-/+ buffers/cache:       882M       109M
Swap:         8.0G       513M       7.5G

             total       used       free     shared    buffers     cached
Mem:          992M       914M        77M        16K       696K        30M
-/+ buffers/cache:       883M       108M
Swap:         8.0G       512M       7.5G

             total       used       free     shared    buffers     cached
Mem:          992M       915M        76M        16K       696K        30M
-/+ buffers/cache:       884M       107M
Swap:         8.0G       511M       7.5G

             total       used       free     shared    buffers     cached
Mem:          992M       917M        75M        16K       696K        30M
-/+ buffers/cache:       886M       105M
Swap:         8.0G       511M       7.5G

             total       used       free     shared    buffers     cached
Mem:          992M       918M        73M        16K       704K        30M
-/+ buffers/cache:       887M       104M
Swap:         8.0G       510M       7.5G

             total       used       free     shared    buffers     cached
Mem:          992M       919M        72M        16K       704K        30M
-/+ buffers/cache:       888M       103M
Swap:         8.0G       509M       7.5G

             total       used       free     shared    buffers     cached
Mem:          992M       921M        70M        16K       704K        30M
-/+ buffers/cache:       890M       101M
Swap:         8.0G       509M       7.5G

             total       used       free     shared    buffers     cached
Mem:          992M       922M        69M        16K       704K        30M
-/+ buffers/cache:       891M       100M
Swap:         8.0G       508M       7.5G

             total       used       free     shared    buffers     cached
Mem:          992M       924M        67M        16K       704K        30M
-/+ buffers/cache:       893M        98M
Swap:         8.0G       507M       7.5G

             total       used       free     shared    buffers     cached
Mem:          992M       925M        66M        16K       712K        30M
-/+ buffers/cache:       894M        97M
Swap:         8.0G       506M       7.5G

             total       used       free     shared    buffers     cached
Mem:          992M       927M        65M        16K       712K        30M
-/+ buffers/cache:       896M        96M
Swap:         8.0G       506M       7.5G

             total       used       free     shared    buffers     cached
Mem:          992M       928M        63M        16K       712K        30M
-/+ buffers/cache:       897M        94M
Swap:         8.0G       505M       7.5G

             total       used       free     shared    buffers     cached
Mem:          992M       930M        62M        16K       712K        30M
-/+ buffers/cache:       899M        92M
Swap:         8.0G       504M       7.5G

             total       used       free     shared    buffers     cached
Mem:          992M       917M        74M        16K       712K        29M
-/+ buffers/cache:       887M       104M
Swap:         8.0G       513M       7.5G

             total       used       free     shared    buffers     cached
Mem:          992M       919M        73M        16K       712K        29M
-/+ buffers/cache:       889M       103M
Swap:         8.0G       513M       7.5G

             total       used       free     shared    buffers     cached
Mem:          992M       920M        71M        16K       720K        29M
-/+ buffers/cache:       890M       101M
Swap:         8.0G       512M       7.5G

             total       used       free     shared    buffers     cached
Mem:          992M       923M        68M        20K       856K        30M
-/+ buffers/cache:       892M       100M
Swap:         8.0G       511M       7.5G

             total       used       free     shared    buffers     cached
Mem:          992M       924M        67M        20K       856K        30M
-/+ buffers/cache:       893M        98M
Swap:         8.0G       510M       7.5G

             total       used       free     shared    buffers     cached
Mem:          992M       925M        66M        20K       856K        30M
-/+ buffers/cache:       894M        97M
Swap:         8.0G       510M       7.5G

             total       used       free     shared    buffers     cached
Mem:          992M       927M        64M        20K       856K        30M
-/+ buffers/cache:       896M        95M
Swap:         8.0G       509M       7.5G

             total       used       free     shared    buffers     cached
Mem:          992M       930M        61M        20K       864K        30M
-/+ buffers/cache:       899M        92M
Swap:         8.0G       508M       7.5G

             total       used       free     shared    buffers     cached
Mem:          992M       917M        74M        20K       272K        29M
-/+ buffers/cache:       888M       104M
Swap:         8.0G       523M       7.5G

             total       used       free     shared    buffers     cached
Mem:          992M       919M        72M        20K       272K        29M
-/+ buffers/cache:       889M       102M
Swap:         8.0G       522M       7.5G

             total       used       free     shared    buffers     cached
Mem:          992M       920M        71M        20K       272K        29M
-/+ buffers/cache:       891M       101M
Swap:         8.0G       522M       7.5G

             total       used       free     shared    buffers     cached
Mem:          992M       928M        63M        20K       272K        32M
-/+ buffers/cache:       896M        95M
Swap:         8.0G       519M       7.5G

             total       used       free     shared    buffers     cached
Mem:          992M       929M        62M        20K       272K        32M
-/+ buffers/cache:       897M        95M
Swap:         8.0G       519M       7.5G

             total       used       free     shared    buffers     cached
Mem:          992M       930M        61M        20K       280K        32M
-/+ buffers/cache:       897M        94M
Swap:         8.0G       518M       7.5G

             total       used       free     shared    buffers     cached
Mem:          992M       931M        61M        20K       280K        32M
-/+ buffers/cache:       898M        93M
Swap:         8.0G       518M       7.5G

             total       used       free     shared    buffers     cached
Mem:          992M       917M        74M        20K       280K        30M
-/+ buffers/cache:       886M       105M
Swap:         8.0G       518M       7.5G

             total       used       free     shared    buffers     cached
Mem:          992M       918M        74M        20K       280K        30M
-/+ buffers/cache:       887M       104M
Swap:         8.0G       517M       7.5G

             total       used       free     shared    buffers     cached
Mem:          992M       918M        73M        20K       280K        30M
-/+ buffers/cache:       888M       103M
Swap:         8.0G       517M       7.5G

             total       used       free     shared    buffers     cached
Mem:          992M       919M        72M        20K       288K        30M
-/+ buffers/cache:       888M       103M
Swap:         8.0G       517M       7.5G

             total       used       free     shared    buffers     cached
Mem:          992M       920M        71M        20K       288K        30M
-/+ buffers/cache:       889M       102M
Swap:         8.0G       516M       7.5G

             total       used       free     shared    buffers     cached
Mem:          992M       921M        71M        20K       288K        30M
-/+ buffers/cache:       890M       101M
Swap:         8.0G       516M       7.5G

             total       used       free     shared    buffers     cached
Mem:          992M       919M        72M       176K       1.5M        43M
-/+ buffers/cache:       873M       118M
Swap:         8.0G       543M       7.5G

             total       used       free     shared    buffers     cached
Mem:          992M       920M        72M       3.9M       5.0M        54M
-/+ buffers/cache:       860M       131M
Swap:         8.0G       556M       7.5G

             total       used       free     shared    buffers     cached
Mem:          992M       924M        67M       240K       5.0M        63M
-/+ buffers/cache:       856M       135M
Swap:         8.0G       562M       7.4G

             total       used       free     shared    buffers     cached
Mem:          992M       916M        76M       284K       3.9M        62M
-/+ buffers/cache:       849M       142M
Swap:         8.0G       574M       7.4G

             total       used       free     shared    buffers     cached
Mem:          992M       917M        74M       268K       3.9M        62M
-/+ buffers/cache:       850M       141M
Swap:         8.0G       573M       7.4G

             total       used       free     shared    buffers     cached
Mem:          992M       918M        73M       268K       3.9M        62M
-/+ buffers/cache:       852M       140M
Swap:         8.0G       573M       7.4G

             total       used       free     shared    buffers     cached
Mem:          992M       920M        72M       268K       3.9M        62M
-/+ buffers/cache:       853M       138M
Swap:         8.0G       572M       7.4G

             total       used       free     shared    buffers     cached
Mem:          992M       921M        71M       268K       3.9M        62M
-/+ buffers/cache:       854M       137M
Swap:         8.0G       572M       7.4G

             total       used       free     shared    buffers     cached
Mem:          992M       923M        68M       268K       4.1M        63M
-/+ buffers/cache:       855M       136M
Swap:         8.0G       571M       7.4G

             total       used       free     shared    buffers     cached
Mem:          992M       925M        66M       268K       4.1M        64M
-/+ buffers/cache:       857M       134M
Swap:         8.0G       570M       7.4G

             total       used       free     shared    buffers     cached
Mem:          992M       926M        65M       268K       4.1M        63M
-/+ buffers/cache:       858M       133M
Swap:         8.0G       569M       7.4G

             total       used       free     shared    buffers     cached
Mem:          992M       928M        64M       268K       4.1M        63M
-/+ buffers/cache:       860M       132M
Swap:         8.0G       569M       7.4G

             total       used       free     shared    buffers     cached
Mem:          992M       929M        62M       268K       4.1M        63M
-/+ buffers/cache:       861M       130M
Swap:         8.0G       568M       7.4G

             total       used       free     shared    buffers     cached
Mem:          992M       930M        61M       268K       4.1M        63M
-/+ buffers/cache:       862M       129M
Swap:         8.0G       567M       7.4G

             total       used       free     shared    buffers     cached
Mem:          992M       917M        74M       268K       4.1M        63M
-/+ buffers/cache:       850M       141M
Swap:         8.0G       581M       7.4G

             total       used       free     shared    buffers     cached
Mem:          992M       919M        73M       268K       4.1M        63M
-/+ buffers/cache:       851M       140M
Swap:         8.0G       581M       7.4G

             total       used       free     shared    buffers     cached
Mem:          992M       920M        71M       268K       4.1M        63M
-/+ buffers/cache:       853M       139M
Swap:         8.0G       580M       7.4G

             total       used       free     shared    buffers     cached
Mem:          992M       921M        70M       268K       4.1M        63M
-/+ buffers/cache:       854M       137M
Swap:         8.0G       579M       7.4G

             total       used       free     shared    buffers     cached
Mem:          992M       923M        69M       268K       4.1M        63M
-/+ buffers/cache:       855M       136M
Swap:         8.0G       579M       7.4G

             total       used       free     shared    buffers     cached
Mem:          992M       924M        67M       268K       4.1M        63M
-/+ buffers/cache:       856M       135M
Swap:         8.0G       578M       7.4G

             total       used       free     shared    buffers     cached
Mem:          992M       925M        66M       268K       4.1M        63M
-/+ buffers/cache:       858M       133M
Swap:         8.0G       577M       7.4G

             total       used       free     shared    buffers     cached
Mem:          992M       927M        65M       268K       4.1M        63M
-/+ buffers/cache:       859M       132M
Swap:         8.0G       577M       7.4G

             total       used       free     shared    buffers     cached
Mem:          992M       928M        63M       268K       4.1M        63M
-/+ buffers/cache:       860M       131M
Swap:         8.0G       576M       7.4G

             total       used       free     shared    buffers     cached
Mem:          992M       929M        62M       268K       4.1M        63M
-/+ buffers/cache:       861M       130M
Swap:         8.0G       575M       7.4G

             total       used       free     shared    buffers     cached
Mem:          992M       931M        61M       268K       4.1M        63M
-/+ buffers/cache:       863M       128M
Swap:         8.0G       574M       7.4G

             total       used       free     shared    buffers     cached
Mem:          992M       920M        71M       268K       4.1M        62M
-/+ buffers/cache:       853M       138M
Swap:         8.0G       575M       7.4G

             total       used       free     shared    buffers     cached
Mem:          992M       921M        70M       268K       4.1M        62M
-/+ buffers/cache:       854M       137M
Swap:         8.0G       575M       7.4G

             total       used       free     shared    buffers     cached
Mem:          992M       923M        68M       268K       4.1M        62M
-/+ buffers/cache:       856M       136M
Swap:         8.0G       574M       7.4G

             total       used       free     shared    buffers     cached
Mem:          992M       924M        67M       268K       4.1M        62M
-/+ buffers/cache:       857M       134M
Swap:         8.0G       573M       7.4G

             total       used       free     shared    buffers     cached
Mem:          992M       906M        86M       268K       4.6M        63M
-/+ buffers/cache:       837M       154M
Swap:         8.0G       595M       7.4G

             total       used       free     shared    buffers     cached
Mem:          992M       920M        71M       316K       8.5M        76M
-/+ buffers/cache:       835M       156M
Swap:         8.0G       597M       7.4G
