             total       used       free     shared    buffers     cached
Mem:          992M       662M       330M       3.2M        38M       289M
-/+ buffers/cache:       334M       657M
Swap:         8.0G         0B       8.0G

             total       used       free     shared    buffers     cached
Mem:          992M       662M       329M       3.2M        38M       289M
-/+ buffers/cache:       334M       657M
Swap:         8.0G         0B       8.0G

             total       used       free     shared    buffers     cached
Mem:          992M       662M       329M       3.2M        38M       289M
-/+ buffers/cache:       334M       657M
Swap:         8.0G         0B       8.0G

             total       used       free     shared    buffers     cached
Mem:          992M       662M       329M       3.2M        38M       289M
-/+ buffers/cache:       334M       657M
Swap:         8.0G         0B       8.0G

             total       used       free     shared    buffers     cached
Mem:          992M       662M       329M       3.2M        38M       289M
-/+ buffers/cache:       334M       657M
Swap:         8.0G         0B       8.0G

             total       used       free     shared    buffers     cached
Mem:          992M       662M       329M       3.2M        38M       289M
-/+ buffers/cache:       334M       657M
Swap:         8.0G         0B       8.0G

             total       used       free     shared    buffers     cached
Mem:          992M       662M       329M       3.2M        38M       289M
-/+ buffers/cache:       334M       657M
Swap:         8.0G         0B       8.0G

             total       used       free     shared    buffers     cached
Mem:          992M       662M       329M       3.2M        38M       289M
-/+ buffers/cache:       333M       658M
Swap:         8.0G         0B       8.0G

             total       used       free     shared    buffers     cached
Mem:          992M       661M       330M       3.2M        38M       289M
-/+ buffers/cache:       333M       658M
Swap:         8.0G         0B       8.0G

             total       used       free     shared    buffers     cached
Mem:          992M       665M       326M       3.2M        38M       289M
-/+ buffers/cache:       336M       655M
Swap:         8.0G         0B       8.0G

             total       used       free     shared    buffers     cached
Mem:          992M       682M       310M       3.2M        38M       289M
-/+ buffers/cache:       353M       638M
Swap:         8.0G         0B       8.0G

             total       used       free     shared    buffers     cached
Mem:          992M       692M       299M       3.2M        38M       290M
-/+ buffers/cache:       363M       628M
Swap:         8.0G         0B       8.0G

             total       used       free     shared    buffers     cached
Mem:          992M       671M       320M       3.2M        38M       291M
-/+ buffers/cache:       341M       650M
Swap:         8.0G         0B       8.0G

             total       used       free     shared    buffers     cached
Mem:          992M       671M       320M       3.2M        38M       291M
-/+ buffers/cache:       341M       650M
Swap:         8.0G         0B       8.0G

             total       used       free     shared    buffers     cached
Mem:          992M       671M       320M       3.2M        38M       291M
-/+ buffers/cache:       341M       650M
Swap:         8.0G         0B       8.0G

             total       used       free     shared    buffers     cached
Mem:          992M       671M       320M       3.2M        38M       291M
-/+ buffers/cache:       341M       650M
Swap:         8.0G         0B       8.0G

             total       used       free     shared    buffers     cached
Mem:          992M       671M       320M       3.2M        38M       291M
-/+ buffers/cache:       341M       650M
Swap:         8.0G         0B       8.0G

             total       used       free     shared    buffers     cached
Mem:          992M       671M       320M       3.2M        38M       291M
-/+ buffers/cache:       341M       650M
Swap:         8.0G         0B       8.0G

             total       used       free     shared    buffers     cached
Mem:          992M       671M       320M       3.2M        38M       291M
-/+ buffers/cache:       341M       650M
Swap:         8.0G         0B       8.0G

             total       used       free     shared    buffers     cached
Mem:          992M       671M       320M       3.2M        38M       291M
-/+ buffers/cache:       341M       650M
Swap:         8.0G         0B       8.0G

             total       used       free     shared    buffers     cached
Mem:          992M       671M       320M       3.2M        38M       291M
-/+ buffers/cache:       341M       650M
Swap:         8.0G         0B       8.0G

             total       used       free     shared    buffers     cached
Mem:          992M       671M       320M       3.2M        38M       291M
-/+ buffers/cache:       341M       650M
Swap:         8.0G         0B       8.0G

             total       used       free     shared    buffers     cached
Mem:          992M       671M       320M       3.2M        38M       291M
-/+ buffers/cache:       341M       650M
Swap:         8.0G         0B       8.0G

             total       used       free     shared    buffers     cached
Mem:          992M       671M       320M       3.2M        38M       291M
-/+ buffers/cache:       341M       650M
Swap:         8.0G         0B       8.0G

             total       used       free     shared    buffers     cached
Mem:          992M       671M       320M       3.2M        38M       291M
-/+ buffers/cache:       341M       650M
Swap:         8.0G         0B       8.0G

             total       used       free     shared    buffers     cached
Mem:          992M       671M       320M       3.2M        38M       291M
-/+ buffers/cache:       341M       650M
Swap:         8.0G         0B       8.0G

             total       used       free     shared    buffers     cached
Mem:          992M       671M       320M       3.2M        38M       291M
-/+ buffers/cache:       341M       650M
Swap:         8.0G         0B       8.0G

             total       used       free     shared    buffers     cached
Mem:          992M       671M       320M       3.2M        38M       291M
-/+ buffers/cache:       341M       650M
Swap:         8.0G         0B       8.0G

             total       used       free     shared    buffers     cached
Mem:          992M       671M       320M       3.2M        38M       291M
-/+ buffers/cache:       341M       650M
Swap:         8.0G         0B       8.0G

             total       used       free     shared    buffers     cached
Mem:          992M       671M       320M       3.2M        38M       291M
-/+ buffers/cache:       341M       650M
Swap:         8.0G         0B       8.0G

             total       used       free     shared    buffers     cached
Mem:          992M       671M       320M       3.2M        38M       291M
-/+ buffers/cache:       341M       650M
Swap:         8.0G         0B       8.0G

             total       used       free     shared    buffers     cached
Mem:          992M       671M       320M       3.2M        38M       291M
-/+ buffers/cache:       341M       650M
Swap:         8.0G         0B       8.0G

             total       used       free     shared    buffers     cached
Mem:          992M       671M       320M       3.2M        38M       291M
-/+ buffers/cache:       341M       650M
Swap:         8.0G         0B       8.0G

             total       used       free     shared    buffers     cached
Mem:          992M       678M       314M       3.2M        38M       291M
-/+ buffers/cache:       347M       644M
Swap:         8.0G         0B       8.0G

             total       used       free     shared    buffers     cached
Mem:          992M       696M       296M       3.2M        38M       291M
-/+ buffers/cache:       365M       626M
Swap:         8.0G         0B       8.0G

             total       used       free     shared    buffers     cached
Mem:          992M       713M       279M       3.2M        38M       291M
-/+ buffers/cache:       383M       609M
Swap:         8.0G         0B       8.0G

             total       used       free     shared    buffers     cached
Mem:          992M       729M       262M       3.2M        38M       291M
-/+ buffers/cache:       399M       593M
Swap:         8.0G         0B       8.0G

             total       used       free     shared    buffers     cached
Mem:          992M       746M       245M       3.2M        38M       291M
-/+ buffers/cache:       416M       576M
Swap:         8.0G         0B       8.0G

             total       used       free     shared    buffers     cached
Mem:          992M       762M       229M       3.2M        38M       291M
-/+ buffers/cache:       432M       560M
Swap:         8.0G         0B       8.0G

             total       used       free     shared    buffers     cached
Mem:          992M       778M       213M       3.2M        38M       291M
-/+ buffers/cache:       448M       544M
Swap:         8.0G         0B       8.0G

             total       used       free     shared    buffers     cached
Mem:          992M       792M       199M       3.2M        38M       291M
-/+ buffers/cache:       462M       529M
Swap:         8.0G         0B       8.0G

             total       used       free     shared    buffers     cached
Mem:          992M       809M       182M       3.2M        38M       291M
-/+ buffers/cache:       479M       512M
Swap:         8.0G         0B       8.0G

             total       used       free     shared    buffers     cached
Mem:          992M       825M       166M       3.2M        38M       291M
-/+ buffers/cache:       495M       496M
Swap:         8.0G         0B       8.0G

             total       used       free     shared    buffers     cached
Mem:          992M       846M       145M       3.2M        38M       291M
-/+ buffers/cache:       516M       475M
Swap:         8.0G         0B       8.0G

             total       used       free     shared    buffers     cached
Mem:          992M       860M       131M       3.2M        38M       291M
-/+ buffers/cache:       530M       461M
Swap:         8.0G         0B       8.0G

             total       used       free     shared    buffers     cached
Mem:          992M       875M       116M       3.2M        38M       291M
-/+ buffers/cache:       545M       446M
Swap:         8.0G         0B       8.0G

             total       used       free     shared    buffers     cached
Mem:          992M       891M       101M       3.2M        38M       291M
-/+ buffers/cache:       560M       431M
Swap:         8.0G         0B       8.0G

             total       used       free     shared    buffers     cached
Mem:          992M       904M        88M       3.2M        38M       291M
-/+ buffers/cache:       573M       418M
Swap:         8.0G         0B       8.0G

             total       used       free     shared    buffers     cached
Mem:          992M       919M        72M       3.2M        38M       291M
-/+ buffers/cache:       589M       403M
Swap:         8.0G         0B       8.0G

             total       used       free     shared    buffers     cached
Mem:          992M       913M        78M       3.2M        17M       289M
-/+ buffers/cache:       606M       385M
Swap:         8.0G         0B       8.0G

             total       used       free     shared    buffers     cached
Mem:          992M       928M        63M       3.2M        17M       289M
-/+ buffers/cache:       621M       370M
Swap:         8.0G         0B       8.0G

             total       used       free     shared    buffers     cached
Mem:          992M       925M        66M       3.2M        10M       280M
-/+ buffers/cache:       634M       357M
Swap:         8.0G         0B       8.0G

             total       used       free     shared    buffers     cached
Mem:          992M       924M        67M       3.2M       9.7M       264M
-/+ buffers/cache:       650M       341M
Swap:         8.0G        76K       8.0G

             total       used       free     shared    buffers     cached
Mem:          992M       920M        71M       3.1M       9.7M       245M
-/+ buffers/cache:       665M       327M
Swap:         8.0G       224K       8.0G

             total       used       free     shared    buffers     cached
Mem:          992M       895M        96M       3.0M       9.7M       209M
-/+ buffers/cache:       676M       316M
Swap:         8.0G       9.2M       8.0G

             total       used       free     shared    buffers     cached
Mem:          992M       909M        83M       2.9M       9.7M       209M
-/+ buffers/cache:       689M       302M
Swap:         8.0G       9.2M       8.0G

             total       used       free     shared    buffers     cached
Mem:          992M       924M        68M       2.9M       9.7M       209M
-/+ buffers/cache:       704M       287M
Swap:         8.0G       9.2M       8.0G

             total       used       free     shared    buffers     cached
Mem:          992M       926M        65M       2.9M       3.0M       203M
-/+ buffers/cache:       719M       272M
Swap:         8.0G       9.2M       8.0G

             total       used       free     shared    buffers     cached
Mem:          992M       918M        74M       2.9M       664K       182M
-/+ buffers/cache:       735M       256M
Swap:         8.0G       9.3M       8.0G

             total       used       free     shared    buffers     cached
Mem:          992M       910M        81M       2.9M       328K       160M
-/+ buffers/cache:       749M       242M
Swap:         8.0G       9.3M       8.0G

             total       used       free     shared    buffers     cached
Mem:          992M       924M        68M       2.9M       328K       161M
-/+ buffers/cache:       762M       229M
Swap:         8.0G       9.3M       8.0G

             total       used       free     shared    buffers     cached
Mem:          992M       919M        73M       2.9M       360K       142M
-/+ buffers/cache:       776M       215M
Swap:         8.0G       9.3M       8.0G

             total       used       free     shared    buffers     cached
Mem:          992M       929M        62M       2.9M       364K       142M
-/+ buffers/cache:       787M       205M
Swap:         8.0G       9.3M       8.0G

             total       used       free     shared    buffers     cached
Mem:          992M       924M        67M       2.9M       216K       125M
-/+ buffers/cache:       798M       193M
Swap:         8.0G       9.3M       8.0G

             total       used       free     shared    buffers     cached
Mem:          992M       923M        68M       2.9M       216K       111M
-/+ buffers/cache:       812M       180M
Swap:         8.0G       9.3M       8.0G

             total       used       free     shared    buffers     cached
Mem:          992M       924M        68M       2.9M       216K        98M
-/+ buffers/cache:       825M       166M
Swap:         8.0G       9.3M       8.0G

             total       used       free     shared    buffers     cached
Mem:          992M       916M        75M       2.9M       216K        76M
-/+ buffers/cache:       839M       152M
Swap:         8.0G       9.3M       8.0G

             total       used       free     shared    buffers     cached
Mem:          992M       914M        77M       2.9M       228K        59M
-/+ buffers/cache:       854M       137M
Swap:         8.0G       9.3M       8.0G

             total       used       free     shared    buffers     cached
Mem:          992M       929M        62M       2.9M       228K        59M
-/+ buffers/cache:       870M       121M
Swap:         8.0G       9.3M       8.0G

             total       used       free     shared    buffers     cached
Mem:          992M       920M        71M       2.9M       3.1M        31M
-/+ buffers/cache:       885M       106M
Swap:         8.0G       9.3M       8.0G

             total       used       free     shared    buffers     cached
Mem:          992M       919M        72M       2.8M       3.1M        19M
-/+ buffers/cache:       896M        95M
Swap:         8.0G        18M       8.0G

             total       used       free     shared    buffers     cached
Mem:          992M       920M        71M       2.8M       684K        13M
-/+ buffers/cache:       905M        86M
Swap:         8.0G        19M       8.0G

             total       used       free     shared    buffers     cached
Mem:          992M       920M        72M       2.8M       244K       7.1M
-/+ buffers/cache:       912M        79M
Swap:         8.0G        25M       8.0G

             total       used       free     shared    buffers     cached
Mem:          992M       919M        72M       2.5M       236K       4.9M
-/+ buffers/cache:       914M        77M
Swap:         8.0G        44M       8.0G

             total       used       free     shared    buffers     cached
Mem:          992M       920M        71M       2.5M       236K       4.9M
-/+ buffers/cache:       915M        76M
Swap:         8.0G        60M       7.9G

             total       used       free     shared    buffers     cached
Mem:          992M       923M        68M       2.5M       240K       4.8M
-/+ buffers/cache:       918M        73M
Swap:         8.0G        67M       7.9G

             total       used       free     shared    buffers     cached
Mem:          992M       920M        71M       2.5M       240K       4.9M
-/+ buffers/cache:       915M        76M
Swap:         8.0G       100M       7.9G

             total       used       free     shared    buffers     cached
Mem:          992M       920M        71M       2.5M       248K       4.9M
-/+ buffers/cache:       915M        76M
Swap:         8.0G       100M       7.9G

             total       used       free     shared    buffers     cached
Mem:          992M       919M        72M       2.5M       248K       4.9M
-/+ buffers/cache:       914M        77M
Swap:         8.0G       126M       7.9G

             total       used       free     shared    buffers     cached
Mem:          992M       920M        71M       2.5M       248K       4.9M
-/+ buffers/cache:       915M        76M
Swap:         8.0G       126M       7.9G

             total       used       free     shared    buffers     cached
Mem:          992M       922M        69M       2.4M       248K       4.8M
-/+ buffers/cache:       917M        74M
Swap:         8.0G       172M       7.8G

             total       used       free     shared    buffers     cached
Mem:          992M       924M        67M       2.4M       248K       4.8M
-/+ buffers/cache:       919M        72M
Swap:         8.0G       172M       7.8G

             total       used       free     shared    buffers     cached
Mem:          992M       926M        65M       2.4M       248K       4.8M
-/+ buffers/cache:       921M        70M
Swap:         8.0G       172M       7.8G

             total       used       free     shared    buffers     cached
Mem:          992M       927M        64M       2.4M       256K       4.8M
-/+ buffers/cache:       922M        69M
Swap:         8.0G       173M       7.8G

             total       used       free     shared    buffers     cached
Mem:          992M       929M        62M       2.4M       256K       4.7M
-/+ buffers/cache:       924M        67M
Swap:         8.0G       211M       7.8G

             total       used       free     shared    buffers     cached
Mem:          992M       922M        69M       2.4M        76K        19M
-/+ buffers/cache:       903M        88M
Swap:         8.0G       230M       7.8G

             total       used       free     shared    buffers     cached
Mem:          992M       920M        71M       2.3M       496K        21M
-/+ buffers/cache:       898M        93M
Swap:         8.0G       247M       7.8G

             total       used       free     shared    buffers     cached
Mem:          992M       918M        73M       2.3M       636K        17M
-/+ buffers/cache:       900M        91M
Swap:         8.0G       258M       7.7G

             total       used       free     shared    buffers     cached
Mem:          992M       924M        67M       2.3M       644K        17M
-/+ buffers/cache:       906M        85M
Swap:         8.0G       258M       7.7G

             total       used       free     shared    buffers     cached
Mem:          992M       916M        75M       2.3M       644K        13M
-/+ buffers/cache:       902M        90M
Swap:         8.0G       269M       7.7G

             total       used       free     shared    buffers     cached
Mem:          992M       923M        68M       2.3M       644K        13M
-/+ buffers/cache:       908M        83M
Swap:         8.0G       269M       7.7G

             total       used       free     shared    buffers     cached
Mem:          992M       931M        61M       2.3M       644K        13M
-/+ buffers/cache:       916M        75M
Swap:         8.0G       269M       7.7G

             total       used       free     shared    buffers     cached
Mem:          992M       924M        67M       2.3M        96K       6.1M
-/+ buffers/cache:       918M        73M
Swap:         8.0G       270M       7.7G

             total       used       free     shared    buffers     cached
Mem:          992M       931M        60M       2.3M       104K       6.1M
-/+ buffers/cache:       925M        66M
Swap:         8.0G       270M       7.7G

             total       used       free     shared    buffers     cached
Mem:          992M       914M        77M       2.3M       108K       4.9M
-/+ buffers/cache:       909M        82M
Swap:         8.0G       301M       7.7G

             total       used       free     shared    buffers     cached
Mem:          992M       920M        71M       2.3M       108K       4.9M
-/+ buffers/cache:       915M        76M
Swap:         8.0G       301M       7.7G

             total       used       free     shared    buffers     cached
Mem:          992M       925M        66M       2.3M       108K       4.9M
-/+ buffers/cache:       920M        71M
Swap:         8.0G       301M       7.7G

             total       used       free     shared    buffers     cached
Mem:          992M       920M        72M       2.3M       104K       4.4M
-/+ buffers/cache:       915M        76M
Swap:         8.0G       307M       7.7G

             total       used       free     shared    buffers     cached
Mem:          992M       925M        67M       2.3M       104K       4.6M
-/+ buffers/cache:       920M        71M
Swap:         8.0G       307M       7.7G

             total       used       free     shared    buffers     cached
Mem:          992M       930M        61M       2.3M       112K       4.6M
-/+ buffers/cache:       925M        66M
Swap:         8.0G       307M       7.7G

             total       used       free     shared    buffers     cached
Mem:          992M       920M        71M       2.3M       112K       4.5M
-/+ buffers/cache:       915M        76M
Swap:         8.0G       323M       7.7G

             total       used       free     shared    buffers     cached
Mem:          992M       924M        67M       2.3M       112K       4.5M
-/+ buffers/cache:       920M        72M
Swap:         8.0G       323M       7.7G

             total       used       free     shared    buffers     cached
Mem:          992M       929M        62M       2.3M       112K       4.5M
-/+ buffers/cache:       925M        66M
Swap:         8.0G       323M       7.7G

             total       used       free     shared    buffers     cached
Mem:          992M       921M        70M         0B       112K       2.2M
-/+ buffers/cache:       919M        73M
Swap:         8.0G       340M       7.7G

             total       used       free     shared    buffers     cached
Mem:          992M       925M        66M         8K       120K       2.1M
-/+ buffers/cache:       923M        68M
Swap:         8.0G       340M       7.7G

             total       used       free     shared    buffers     cached
Mem:          992M       929M        62M         8K       120K       2.1M
-/+ buffers/cache:       927M        64M
Swap:         8.0G       340M       7.7G

             total       used       free     shared    buffers     cached
Mem:          992M       918M        73M         8K       120K       1.7M
-/+ buffers/cache:       917M        75M
Swap:         8.0G       342M       7.7G

             total       used       free     shared    buffers     cached
Mem:          992M       920M        71M         8K        88K       1.7M
-/+ buffers/cache:       918M        73M
Swap:         8.0G       334M       7.7G

             total       used       free     shared    buffers     cached
Mem:          992M       922M        69M         0B        80K       1.5M
-/+ buffers/cache:       921M        71M
Swap:         8.0G       328M       7.7G

             total       used       free     shared    buffers     cached
Mem:          992M       919M        73M         0B        88K       1.5M
-/+ buffers/cache:       917M        74M
Swap:         8.0G       338M       7.7G

             total       used       free     shared    buffers     cached
Mem:          992M       919M        72M         0B        88K       1.5M
-/+ buffers/cache:       917M        74M
Swap:         8.0G       337M       7.7G

             total       used       free     shared    buffers     cached
Mem:          992M       922M        69M         0B       232K       1.5M
-/+ buffers/cache:       920M        71M
Swap:         8.0G       328M       7.7G

             total       used       free     shared    buffers     cached
Mem:          992M       905M        86M         0B       204K       1.4M
-/+ buffers/cache:       904M        87M
Swap:         8.0G       417M       7.6G

             total       used       free     shared    buffers     cached
Mem:          992M       920M        71M         0B       204K       1.4M
-/+ buffers/cache:       918M        73M
Swap:         8.0G       351M       7.7G

             total       used       free     shared    buffers     cached
Mem:          992M       921M        70M         0B       204K       1.3M
-/+ buffers/cache:       920M        71M
Swap:         8.0G       330M       7.7G

             total       used       free     shared    buffers     cached
Mem:          992M       919M        72M         0B       212K       1.4M
-/+ buffers/cache:       918M        74M
Swap:         8.0G       330M       7.7G

             total       used       free     shared    buffers     cached
Mem:          992M       923M        68M         0B       212K       1.4M
-/+ buffers/cache:       922M        70M
Swap:         8.0G       329M       7.7G

             total       used       free     shared    buffers     cached
Mem:          992M       931M        60M         0B       212K       1.4M
-/+ buffers/cache:       930M        62M
Swap:         8.0G       430M       7.6G

             total       used       free     shared    buffers     cached
Mem:          992M       909M        82M         0B       216K       1.4M
-/+ buffers/cache:       907M        84M
Swap:         8.0G       383M       7.6G

             total       used       free     shared    buffers     cached
Mem:          992M       928M        63M         0B       216K       1.6M
-/+ buffers/cache:       926M        65M
Swap:         8.0G       352M       7.7G

             total       used       free     shared    buffers     cached
Mem:          992M       916M        75M         0B       224K       1.6M
-/+ buffers/cache:       914M        77M
Swap:         8.0G       351M       7.7G

             total       used       free     shared    buffers     cached
Mem:          992M       917M        75M         0B       224K       1.7M
-/+ buffers/cache:       915M        76M
Swap:         8.0G       350M       7.7G

             total       used       free     shared    buffers     cached
Mem:          992M       921M        70M         0B       224K       1.6M
-/+ buffers/cache:       920M        72M
Swap:         8.0G       349M       7.7G

             total       used       free     shared    buffers     cached
Mem:          992M       929M        63M         0B       224K       1.6M
-/+ buffers/cache:       927M        65M
Swap:         8.0G       349M       7.7G

             total       used       free     shared    buffers     cached
Mem:          992M       921M        70M         0B       224K       1.6M
-/+ buffers/cache:       919M        72M
Swap:         8.0G       349M       7.7G

             total       used       free     shared    buffers     cached
Mem:          992M       927M        64M         0B       232K       1.6M
-/+ buffers/cache:       925M        66M
Swap:         8.0G       349M       7.7G

             total       used       free     shared    buffers     cached
Mem:          992M       914M        78M         0B       220K       1.6M
-/+ buffers/cache:       912M        79M
Swap:         8.0G       368M       7.6G

             total       used       free     shared    buffers     cached
Mem:          992M       918M        73M         0B       220K       1.6M
-/+ buffers/cache:       916M        75M
Swap:         8.0G       368M       7.6G

             total       used       free     shared    buffers     cached
Mem:          992M       923M        69M         0B       220K       1.6M
-/+ buffers/cache:       921M        70M
Swap:         8.0G       368M       7.6G

             total       used       free     shared    buffers     cached
Mem:          992M       926M        66M         0B       360K       2.3M
-/+ buffers/cache:       923M        68M
Swap:         8.0G       367M       7.6G

             total       used       free     shared    buffers     cached
Mem:          992M       927M        64M         0B       360K       2.3M
-/+ buffers/cache:       925M        66M
Swap:         8.0G       366M       7.6G

             total       used       free     shared    buffers     cached
Mem:          992M       929M        62M         0B       368K       2.5M
-/+ buffers/cache:       926M        65M
Swap:         8.0G       365M       7.6G

             total       used       free     shared    buffers     cached
Mem:          992M       931M        60M         0B       368K       2.5M
-/+ buffers/cache:       928M        63M
Swap:         8.0G       364M       7.6G

             total       used       free     shared    buffers     cached
Mem:          992M       915M        76M         0B       304K       2.4M
-/+ buffers/cache:       912M        79M
Swap:         8.0G       380M       7.6G

             total       used       free     shared    buffers     cached
Mem:          992M       917M        74M         0B       304K       2.4M
-/+ buffers/cache:       914M        77M
Swap:         8.0G       379M       7.6G

             total       used       free     shared    buffers     cached
Mem:          992M       919M        72M         0B       304K       2.4M
-/+ buffers/cache:       916M        75M
Swap:         8.0G       378M       7.6G

             total       used       free     shared    buffers     cached
Mem:          992M       921M        70M         0B       312K       2.5M
-/+ buffers/cache:       918M        73M
Swap:         8.0G       376M       7.6G

             total       used       free     shared    buffers     cached
Mem:          992M       923M        68M         0B       312K       2.4M
-/+ buffers/cache:       920M        71M
Swap:         8.0G       376M       7.6G

             total       used       free     shared    buffers     cached
Mem:          992M       925M        66M         0B       312K       2.4M
-/+ buffers/cache:       922M        69M
Swap:         8.0G       375M       7.6G

             total       used       free     shared    buffers     cached
Mem:          992M       927M        65M         0B       312K       2.4M
-/+ buffers/cache:       924M        67M
Swap:         8.0G       374M       7.6G

             total       used       free     shared    buffers     cached
Mem:          992M       928M        63M         0B       312K       2.4M
-/+ buffers/cache:       926M        66M
Swap:         8.0G       373M       7.6G

             total       used       free     shared    buffers     cached
Mem:          992M       931M        61M         0B       320K       2.6M
-/+ buffers/cache:       928M        63M
Swap:         8.0G       372M       7.6G

             total       used       free     shared    buffers     cached
Mem:          992M       920M        71M         0B       260K       2.6M
-/+ buffers/cache:       917M        74M
Swap:         8.0G       381M       7.6G

             total       used       free     shared    buffers     cached
Mem:          992M       922M        69M         0B       260K       2.6M
-/+ buffers/cache:       919M        72M
Swap:         8.0G       380M       7.6G

             total       used       free     shared    buffers     cached
Mem:          992M       924M        67M         0B       260K       2.6M
-/+ buffers/cache:       921M        70M
Swap:         8.0G       379M       7.6G

             total       used       free     shared    buffers     cached
Mem:          992M       919M        72M         0B        80K        20M
-/+ buffers/cache:       898M        93M
Swap:         8.0G       425M       7.6G

             total       used       free     shared    buffers     cached
Mem:          992M       912M        79M         0B       512K        20M
-/+ buffers/cache:       891M       100M
Swap:         8.0G       429M       7.6G

             total       used       free     shared    buffers     cached
Mem:          992M       913M        78M         0B       544K        20M
-/+ buffers/cache:       892M        99M
Swap:         8.0G       429M       7.6G

             total       used       free     shared    buffers     cached
Mem:          992M       915M        76M         0B       544K        20M
-/+ buffers/cache:       894M        97M
Swap:         8.0G       428M       7.6G

             total       used       free     shared    buffers     cached
Mem:          992M       917M        74M         0B       544K        20M
-/+ buffers/cache:       896M        95M
Swap:         8.0G       427M       7.6G

             total       used       free     shared    buffers     cached
Mem:          992M       919M        72M         0B       544K        20M
-/+ buffers/cache:       898M        93M
Swap:         8.0G       426M       7.6G

             total       used       free     shared    buffers     cached
Mem:          992M       921M        70M         0B       544K        20M
-/+ buffers/cache:       900M        91M
Swap:         8.0G       425M       7.6G

             total       used       free     shared    buffers     cached
Mem:          992M       923M        68M         0B       552K        20M
-/+ buffers/cache:       902M        89M
Swap:         8.0G       424M       7.6G

             total       used       free     shared    buffers     cached
Mem:          992M       925M        66M         0B       552K        20M
-/+ buffers/cache:       904M        87M
Swap:         8.0G       424M       7.6G

             total       used       free     shared    buffers     cached
Mem:          992M       927M        64M         0B       552K        20M
-/+ buffers/cache:       906M        85M
Swap:         8.0G       423M       7.6G

             total       used       free     shared    buffers     cached
Mem:          992M       930M        62M         0B       552K        20M
-/+ buffers/cache:       908M        83M
Swap:         8.0G       422M       7.6G

             total       used       free     shared    buffers     cached
Mem:          992M       919M        73M         0B       552K        20M
-/+ buffers/cache:       898M        93M
Swap:         8.0G       431M       7.6G

             total       used       free     shared    buffers     cached
Mem:          992M       921M        71M         0B       560K        20M
-/+ buffers/cache:       900M        91M
Swap:         8.0G       431M       7.6G

             total       used       free     shared    buffers     cached
Mem:          992M       923M        68M         0B       560K        20M
-/+ buffers/cache:       902M        89M
Swap:         8.0G       430M       7.6G

             total       used       free     shared    buffers     cached
Mem:          992M       925M        67M         0B       560K        20M
-/+ buffers/cache:       904M        87M
Swap:         8.0G       429M       7.6G

             total       used       free     shared    buffers     cached
Mem:          992M       927M        65M         0B       560K        20M
-/+ buffers/cache:       906M        85M
Swap:         8.0G       428M       7.6G

             total       used       free     shared    buffers     cached
Mem:          992M       929M        63M         0B       568K        20M
-/+ buffers/cache:       908M        83M
Swap:         8.0G       427M       7.6G

             total       used       free     shared    buffers     cached
Mem:          992M       930M        61M         0B       568K        20M
-/+ buffers/cache:       910M        81M
Swap:         8.0G       426M       7.6G

             total       used       free     shared    buffers     cached
Mem:          992M       915M        76M         0B       576K        19M
-/+ buffers/cache:       895M        96M
Swap:         8.0G       447M       7.6G

             total       used       free     shared    buffers     cached
Mem:          992M       917M        74M         0B       576K        19M
-/+ buffers/cache:       897M        94M
Swap:         8.0G       446M       7.6G

             total       used       free     shared    buffers     cached
Mem:          992M       919M        72M         0B       576K        19M
-/+ buffers/cache:       900M        91M
Swap:         8.0G       444M       7.6G

             total       used       free     shared    buffers     cached
Mem:          992M       922M        69M         0B       576K        19M
-/+ buffers/cache:       902M        89M
Swap:         8.0G       443M       7.6G

             total       used       free     shared    buffers     cached
Mem:          992M       924M        67M         0B       576K        19M
-/+ buffers/cache:       904M        87M
Swap:         8.0G       442M       7.6G

             total       used       free     shared    buffers     cached
Mem:          992M       926M        65M         0B       584K        19M
-/+ buffers/cache:       906M        85M
Swap:         8.0G       441M       7.6G

             total       used       free     shared    buffers     cached
Mem:          992M       928M        63M         0B       584K        19M
-/+ buffers/cache:       908M        83M
Swap:         8.0G       440M       7.6G

             total       used       free     shared    buffers     cached
Mem:          992M       930M        61M         0B       584K        19M
-/+ buffers/cache:       910M        81M
Swap:         8.0G       439M       7.6G

             total       used       free     shared    buffers     cached
Mem:          992M       919M        72M         0B       584K        18M
-/+ buffers/cache:       900M        91M
Swap:         8.0G       443M       7.6G

             total       used       free     shared    buffers     cached
Mem:          992M       922M        69M         0B       584K        18M
-/+ buffers/cache:       902M        89M
Swap:         8.0G       442M       7.6G

             total       used       free     shared    buffers     cached
Mem:          992M       924M        67M         0B       592K        18M
-/+ buffers/cache:       905M        87M
Swap:         8.0G       441M       7.6G

             total       used       free     shared    buffers     cached
Mem:          992M       926M        65M         0B       592K        18M
-/+ buffers/cache:       907M        85M
Swap:         8.0G       440M       7.6G

             total       used       free     shared    buffers     cached
Mem:          992M       928M        63M         0B       592K        18M
-/+ buffers/cache:       909M        82M
Swap:         8.0G       439M       7.6G

             total       used       free     shared    buffers     cached
Mem:          992M       930M        61M         0B       592K        18M
-/+ buffers/cache:       911M        80M
Swap:         8.0G       438M       7.6G

             total       used       free     shared    buffers     cached
Mem:          992M       915M        76M         0B       540K       9.8M
-/+ buffers/cache:       905M        86M
Swap:         8.0G       449M       7.6G

             total       used       free     shared    buffers     cached
Mem:          992M       918M        73M         0B       540K        11M
-/+ buffers/cache:       906M        85M
Swap:         8.0G       448M       7.6G

             total       used       free     shared    buffers     cached
Mem:          992M       919M        72M         0B       548K        11M
-/+ buffers/cache:       907M        84M
Swap:         8.0G       448M       7.6G

             total       used       free     shared    buffers     cached
Mem:          992M       918M        74M         0B       544K        13M
-/+ buffers/cache:       904M        87M
Swap:         8.0G       446M       7.6G

             total       used       free     shared    buffers     cached
Mem:          992M       919M        72M         4K       228K        28M
-/+ buffers/cache:       891M       100M
Swap:         8.0G       461M       7.5G

             total       used       free     shared    buffers     cached
Mem:          992M       921M        71M        16K       232K        28M
-/+ buffers/cache:       892M        99M
Swap:         8.0G       461M       7.5G

             total       used       free     shared    buffers     cached
Mem:          992M       921M        70M        16K       244K        28M
-/+ buffers/cache:       892M        99M
Swap:         8.0G       460M       7.5G

             total       used       free     shared    buffers     cached
Mem:          992M       922M        69M        16K       252K        28M
-/+ buffers/cache:       893M        98M
Swap:         8.0G       460M       7.5G

             total       used       free     shared    buffers     cached
Mem:          992M       923M        68M        16K       252K        28M
-/+ buffers/cache:       894M        97M
Swap:         8.0G       460M       7.5G

             total       used       free     shared    buffers     cached
Mem:          992M       924M        67M        16K       252K        28M
-/+ buffers/cache:       895M        96M
Swap:         8.0G       459M       7.5G

             total       used       free     shared    buffers     cached
Mem:          992M       925M        66M        16K       252K        28M
-/+ buffers/cache:       896M        95M
Swap:         8.0G       459M       7.5G

             total       used       free     shared    buffers     cached
Mem:          992M       926M        65M        16K       252K        28M
-/+ buffers/cache:       897M        94M
Swap:         8.0G       458M       7.5G

             total       used       free     shared    buffers     cached
Mem:          992M       929M        62M        16K       252K        29M
-/+ buffers/cache:       899M        92M
Swap:         8.0G       457M       7.6G

             total       used       free     shared    buffers     cached
Mem:          992M       930M        61M        16K       260K        29M
-/+ buffers/cache:       900M        91M
Swap:         8.0G       456M       7.6G

             total       used       free     shared    buffers     cached
Mem:          992M       913M        78M        16K       264K        27M
-/+ buffers/cache:       885M       106M
Swap:         8.0G       475M       7.5G

             total       used       free     shared    buffers     cached
Mem:          992M       914M        77M        16K       264K        27M
-/+ buffers/cache:       886M       105M
Swap:         8.0G       474M       7.5G

             total       used       free     shared    buffers     cached
Mem:          992M       916M        76M        16K       264K        27M
-/+ buffers/cache:       887M       104M
Swap:         8.0G       474M       7.5G

             total       used       free     shared    buffers     cached
Mem:          992M       916M        75M        16K       264K        27M
-/+ buffers/cache:       888M       103M
Swap:         8.0G       473M       7.5G

             total       used       free     shared    buffers     cached
Mem:          992M       918M        73M        16K       272K        27M
-/+ buffers/cache:       890M       102M
Swap:         8.0G       473M       7.5G

             total       used       free     shared    buffers     cached
Mem:          992M       919M        72M        16K       272K        27M
-/+ buffers/cache:       891M       101M
Swap:         8.0G       472M       7.5G

             total       used       free     shared    buffers     cached
Mem:          992M       920M        71M        16K       272K        27M
-/+ buffers/cache:       892M        99M
Swap:         8.0G       471M       7.5G

             total       used       free     shared    buffers     cached
Mem:          992M       921M        70M        16K       272K        27M
-/+ buffers/cache:       893M        98M
Swap:         8.0G       471M       7.5G

             total       used       free     shared    buffers     cached
Mem:          992M       922M        69M        16K       272K        27M
-/+ buffers/cache:       894M        97M
Swap:         8.0G       470M       7.5G

             total       used       free     shared    buffers     cached
Mem:          992M       924M        67M        16K       272K        28M
-/+ buffers/cache:       895M        96M
Swap:         8.0G       470M       7.5G

             total       used       free     shared    buffers     cached
Mem:          992M       925M        66M        16K       280K        28M
-/+ buffers/cache:       896M        95M
Swap:         8.0G       469M       7.5G

             total       used       free     shared    buffers     cached
Mem:          992M       926M        65M        16K       280K        28M
-/+ buffers/cache:       898M        94M
Swap:         8.0G       468M       7.5G

             total       used       free     shared    buffers     cached
Mem:          992M       927M        64M        16K       280K        28M
-/+ buffers/cache:       899M        92M
Swap:         8.0G       468M       7.5G

             total       used       free     shared    buffers     cached
Mem:          992M       929M        63M        16K       280K        28M
-/+ buffers/cache:       900M        91M
Swap:         8.0G       467M       7.5G

             total       used       free     shared    buffers     cached
Mem:          992M       916M        76M        16K       280K        30M
-/+ buffers/cache:       885M       107M
Swap:         8.0G       496M       7.5G

             total       used       free     shared    buffers     cached
Mem:          992M       917M        74M        16K       604K        30M
-/+ buffers/cache:       886M       106M
Swap:         8.0G       495M       7.5G

             total       used       free     shared    buffers     cached
Mem:          992M       918M        73M        16K       604K        30M
-/+ buffers/cache:       887M       104M
Swap:         8.0G       495M       7.5G

             total       used       free     shared    buffers     cached
Mem:          992M       920M        72M        16K       604K        30M
-/+ buffers/cache:       888M       103M
Swap:         8.0G       494M       7.5G

             total       used       free     shared    buffers     cached
Mem:          992M       921M        70M        16K       604K        30M
-/+ buffers/cache:       889M       102M
Swap:         8.0G       493M       7.5G

             total       used       free     shared    buffers     cached
Mem:          992M       922M        70M        16K       604K        30M
-/+ buffers/cache:       890M       101M
Swap:         8.0G       493M       7.5G

             total       used       free     shared    buffers     cached
Mem:          992M       923M        68M        16K       604K        30M
-/+ buffers/cache:       892M       100M
Swap:         8.0G       492M       7.5G

             total       used       free     shared    buffers     cached
Mem:          992M       924M        67M        16K       612K        30M
-/+ buffers/cache:       893M        98M
Swap:         8.0G       492M       7.5G

             total       used       free     shared    buffers     cached
Mem:          992M       925M        66M        16K       612K        30M
-/+ buffers/cache:       894M        97M
Swap:         8.0G       491M       7.5G

             total       used       free     shared    buffers     cached
Mem:          992M       927M        65M        16K       612K        30M
-/+ buffers/cache:       895M        96M
Swap:         8.0G       490M       7.5G

             total       used       free     shared    buffers     cached
Mem:          992M       928M        63M        16K       612K        30M
-/+ buffers/cache:       896M        95M
Swap:         8.0G       490M       7.5G

             total       used       free     shared    buffers     cached
Mem:          992M       929M        62M        16K       612K        30M
-/+ buffers/cache:       898M        94M
Swap:         8.0G       489M       7.5G

             total       used       free     shared    buffers     cached
Mem:          992M       930M        61M        16K       620K        30M
-/+ buffers/cache:       899M        92M
Swap:         8.0G       489M       7.5G

             total       used       free     shared    buffers     cached
Mem:          992M       913M        78M        16K       620K        30M
-/+ buffers/cache:       882M       109M
Swap:         8.0G       488M       7.5G

             total       used       free     shared    buffers     cached
Mem:          992M       915M        77M        16K       620K        30M
-/+ buffers/cache:       884M       108M
Swap:         8.0G       487M       7.5G

             total       used       free     shared    buffers     cached
Mem:          992M       916M        75M        16K       620K        30M
-/+ buffers/cache:       885M       106M
Swap:         8.0G       487M       7.5G

             total       used       free     shared    buffers     cached
Mem:          992M       917M        74M        16K       620K        30M
-/+ buffers/cache:       886M       105M
Swap:         8.0G       486M       7.5G

             total       used       free     shared    buffers     cached
Mem:          992M       918M        73M        16K       620K        30M
-/+ buffers/cache:       887M       104M
Swap:         8.0G       486M       7.5G

             total       used       free     shared    buffers     cached
Mem:          992M       920M        72M        16K       628K        30M
-/+ buffers/cache:       889M       103M
Swap:         8.0G       485M       7.5G

             total       used       free     shared    buffers     cached
Mem:          992M       921M        70M        16K       628K        30M
-/+ buffers/cache:       890M       101M
Swap:         8.0G       484M       7.5G

             total       used       free     shared    buffers     cached
Mem:          992M       922M        69M        16K       628K        30M
-/+ buffers/cache:       891M       100M
Swap:         8.0G       484M       7.5G

             total       used       free     shared    buffers     cached
Mem:          992M       924M        68M        16K       628K        30M
-/+ buffers/cache:       892M        99M
Swap:         8.0G       483M       7.5G

             total       used       free     shared    buffers     cached
Mem:          992M       925M        66M        16K       628K        30M
-/+ buffers/cache:       894M        97M
Swap:         8.0G       482M       7.5G

             total       used       free     shared    buffers     cached
Mem:          992M       926M        65M        16K       636K        30M
-/+ buffers/cache:       895M        96M
Swap:         8.0G       482M       7.5G

             total       used       free     shared    buffers     cached
Mem:          992M       927M        64M        16K       636K        30M
-/+ buffers/cache:       896M        95M
Swap:         8.0G       481M       7.5G

             total       used       free     shared    buffers     cached
Mem:          992M       929M        63M        16K       636K        30M
-/+ buffers/cache:       898M        94M
Swap:         8.0G       481M       7.5G

             total       used       free     shared    buffers     cached
Mem:          992M       930M        61M        16K       636K        30M
-/+ buffers/cache:       899M        92M
Swap:         8.0G       480M       7.5G

             total       used       free     shared    buffers     cached
Mem:          992M       910M        82M        16K       636K        28M
-/+ buffers/cache:       881M       111M
Swap:         8.0G       503M       7.5G

             total       used       free     shared    buffers     cached
Mem:          992M       910M        81M        16K       636K        28M
-/+ buffers/cache:       882M       110M
Swap:         8.0G       502M       7.5G

             total       used       free     shared    buffers     cached
Mem:          992M       911M        80M        16K       644K        28M
-/+ buffers/cache:       883M       109M
Swap:         8.0G       502M       7.5G

             total       used       free     shared    buffers     cached
Mem:          992M       913M        78M        16K       644K        28M
-/+ buffers/cache:       884M       107M
Swap:         8.0G       501M       7.5G

             total       used       free     shared    buffers     cached
Mem:          992M       914M        77M        16K       644K        28M
-/+ buffers/cache:       885M       106M
Swap:         8.0G       500M       7.5G

             total       used       free     shared    buffers     cached
Mem:          992M       915M        76M        16K       644K        28M
-/+ buffers/cache:       887M       105M
Swap:         8.0G       500M       7.5G

             total       used       free     shared    buffers     cached
Mem:          992M       917M        74M        16K       644K        28M
-/+ buffers/cache:       888M       103M
Swap:         8.0G       499M       7.5G

             total       used       free     shared    buffers     cached
Mem:          992M       918M        73M        16K       652K        28M
-/+ buffers/cache:       889M       102M
Swap:         8.0G       498M       7.5G

             total       used       free     shared    buffers     cached
Mem:          992M       919M        72M        16K       652K        28M
-/+ buffers/cache:       890M       101M
Swap:         8.0G       498M       7.5G

             total       used       free     shared    buffers     cached
Mem:          992M       921M        71M        16K       652K        28M
-/+ buffers/cache:       892M       100M
Swap:         8.0G       497M       7.5G

             total       used       free     shared    buffers     cached
Mem:          992M       922M        69M        16K       652K        28M
-/+ buffers/cache:       893M        98M
Swap:         8.0G       496M       7.5G

             total       used       free     shared    buffers     cached
Mem:          992M       923M        68M        16K       652K        28M
-/+ buffers/cache:       894M        97M
Swap:         8.0G       496M       7.5G

             total       used       free     shared    buffers     cached
Mem:          992M       925M        66M        16K       652K        28M
-/+ buffers/cache:       896M        96M
Swap:         8.0G       495M       7.5G

             total       used       free     shared    buffers     cached
Mem:          992M       926M        65M        16K       660K        28M
-/+ buffers/cache:       897M        95M
Swap:         8.0G       494M       7.5G

             total       used       free     shared    buffers     cached
Mem:          992M       929M        62M        16K       796K        29M
-/+ buffers/cache:       898M        93M
Swap:         8.0G       494M       7.5G

             total       used       free     shared    buffers     cached
Mem:          992M       930M        61M        20K       796K        29M
-/+ buffers/cache:       900M        92M
Swap:         8.0G       493M       7.5G

             total       used       free     shared    buffers     cached
Mem:          992M       914M        77M        20K       796K        27M
-/+ buffers/cache:       886M       105M
Swap:         8.0G       511M       7.5G

             total       used       free     shared    buffers     cached
Mem:          992M       915M        76M        20K       796K        27M
-/+ buffers/cache:       887M       104M
Swap:         8.0G       510M       7.5G

             total       used       free     shared    buffers     cached
Mem:          992M       923M        68M        20K       804K        30M
-/+ buffers/cache:       892M        99M
Swap:         8.0G       507M       7.5G

             total       used       free     shared    buffers     cached
Mem:          992M       925M        67M        20K       804K        30M
-/+ buffers/cache:       894M        97M
Swap:         8.0G       507M       7.5G

             total       used       free     shared    buffers     cached
Mem:          992M       920M        72M        20K       804K        31M
-/+ buffers/cache:       887M       104M
Swap:         8.0G       504M       7.5G

             total       used       free     shared    buffers     cached
Mem:          992M       920M        71M        20K       804K        31M
-/+ buffers/cache:       888M       103M
Swap:         8.0G       504M       7.5G

             total       used       free     shared    buffers     cached
Mem:          992M       921M        70M        20K       804K        31M
-/+ buffers/cache:       889M       102M
Swap:         8.0G       504M       7.5G

             total       used       free     shared    buffers     cached
Mem:          992M       922M        70M        20K       804K        31M
-/+ buffers/cache:       889M       102M
Swap:         8.0G       503M       7.5G

             total       used       free     shared    buffers     cached
Mem:          992M       922M        69M        20K       812K        31M
-/+ buffers/cache:       890M       101M
Swap:         8.0G       503M       7.5G

             total       used       free     shared    buffers     cached
Mem:          992M       923M        68M        20K       812K        31M
-/+ buffers/cache:       891M       101M
Swap:         8.0G       503M       7.5G

             total       used       free     shared    buffers     cached
Mem:          992M       924M        68M        20K       812K        31M
-/+ buffers/cache:       891M       100M
Swap:         8.0G       502M       7.5G

             total       used       free     shared    buffers     cached
Mem:          992M       924M        67M        20K       812K        31M
-/+ buffers/cache:       892M        99M
Swap:         8.0G       502M       7.5G

             total       used       free     shared    buffers     cached
Mem:          992M       925M        66M        20K       812K        31M
-/+ buffers/cache:       893M        98M
Swap:         8.0G       501M       7.5G

             total       used       free     shared    buffers     cached
Mem:          992M       926M        65M        20K       820K        31M
-/+ buffers/cache:       893M        98M
Swap:         8.0G       501M       7.5G

             total       used       free     shared    buffers     cached
Mem:          992M       921M        70M       176K       600K        33M
-/+ buffers/cache:       887M       105M
Swap:         8.0G       516M       7.5G

             total       used       free     shared    buffers     cached
Mem:          992M       919M        72M       3.9M       4.9M        54M
-/+ buffers/cache:       859M       132M
Swap:         8.0G       556M       7.5G

             total       used       free     shared    buffers     cached
Mem:          992M       923M        68M       204K       4.9M        65M
-/+ buffers/cache:       853M       138M
Swap:         8.0G       567M       7.4G

             total       used       free     shared    buffers     cached
Mem:          992M       914M        77M       244K       3.8M        62M
-/+ buffers/cache:       848M       143M
Swap:         8.0G       584M       7.4G

             total       used       free     shared    buffers     cached
Mem:          992M       916M        75M       244K       3.8M        62M
-/+ buffers/cache:       850M       142M
Swap:         8.0G       583M       7.4G

             total       used       free     shared    buffers     cached
Mem:          992M       916M        75M       244K       3.8M        62M
-/+ buffers/cache:       850M       141M
Swap:         8.0G       583M       7.4G

             total       used       free     shared    buffers     cached
Mem:          992M       918M        73M       244K       3.8M        62M
-/+ buffers/cache:       851M       140M
Swap:         8.0G       582M       7.4G

             total       used       free     shared    buffers     cached
Mem:          992M       919M        72M       244K       3.8M        62M
-/+ buffers/cache:       853M       138M
Swap:         8.0G       582M       7.4G

             total       used       free     shared    buffers     cached
Mem:          992M       922M        70M       244K       4.0M        63M
-/+ buffers/cache:       854M       137M
Swap:         8.0G       581M       7.4G

             total       used       free     shared    buffers     cached
Mem:          992M       923M        68M       244K       4.0M        63M
-/+ buffers/cache:       856M       136M
Swap:         8.0G       580M       7.4G

             total       used       free     shared    buffers     cached
Mem:          992M       924M        67M       244K       4.0M        63M
-/+ buffers/cache:       857M       134M
Swap:         8.0G       580M       7.4G

             total       used       free     shared    buffers     cached
Mem:          992M       926M        66M       244K       4.0M        63M
-/+ buffers/cache:       858M       133M
Swap:         8.0G       579M       7.4G

             total       used       free     shared    buffers     cached
Mem:          992M       927M        64M       244K       4.0M        63M
-/+ buffers/cache:       860M       131M
Swap:         8.0G       578M       7.4G

             total       used       free     shared    buffers     cached
Mem:          992M       929M        63M       244K       4.0M        63M
-/+ buffers/cache:       861M       130M
Swap:         8.0G       577M       7.4G

             total       used       free     shared    buffers     cached
Mem:          992M       930M        61M       244K       4.0M        63M
-/+ buffers/cache:       862M       129M
Swap:         8.0G       577M       7.4G

             total       used       free     shared    buffers     cached
Mem:          992M       917M        75M       244K       4.0M        63M
-/+ buffers/cache:       849M       142M
Swap:         8.0G       577M       7.4G

             total       used       free     shared    buffers     cached
Mem:          992M       918M        73M       244K       4.0M        63M
-/+ buffers/cache:       851M       141M
Swap:         8.0G       576M       7.4G

             total       used       free     shared    buffers     cached
Mem:          992M       919M        72M       244K       4.0M        63M
-/+ buffers/cache:       852M       139M
Swap:         8.0G       575M       7.4G

             total       used       free     shared    buffers     cached
Mem:          992M       920M        71M       244K       4.0M        63M
-/+ buffers/cache:       853M       138M
Swap:         8.0G       575M       7.4G

             total       used       free     shared    buffers     cached
Mem:          992M       922M        69M       244K       4.0M        63M
-/+ buffers/cache:       854M       137M
Swap:         8.0G       574M       7.4G

             total       used       free     shared    buffers     cached
Mem:          992M       923M        68M       244K       4.0M        63M
-/+ buffers/cache:       856M       135M
Swap:         8.0G       574M       7.4G

             total       used       free     shared    buffers     cached
Mem:          992M       924M        67M       244K       4.0M        63M
-/+ buffers/cache:       857M       134M
Swap:         8.0G       573M       7.4G

             total       used       free     shared    buffers     cached
Mem:          992M       926M        65M       244K       4.0M        63M
-/+ buffers/cache:       858M       133M
Swap:         8.0G       572M       7.4G

             total       used       free     shared    buffers     cached
Mem:          992M       927M        64M       244K       4.0M        63M
-/+ buffers/cache:       860M       131M
Swap:         8.0G       572M       7.4G

             total       used       free     shared    buffers     cached
Mem:          992M       929M        62M       244K       4.0M        63M
-/+ buffers/cache:       861M       130M
Swap:         8.0G       571M       7.4G

             total       used       free     shared    buffers     cached
Mem:          992M       930M        61M       244K       4.0M        63M
-/+ buffers/cache:       863M       128M
Swap:         8.0G       571M       7.4G

             total       used       free     shared    buffers     cached
Mem:          992M       911M        80M       244K       3.9M        61M
-/+ buffers/cache:       847M       145M
Swap:         8.0G       580M       7.4G

             total       used       free     shared    buffers     cached
Mem:          992M       913M        78M       244K       3.9M        61M
-/+ buffers/cache:       848M       143M
Swap:         8.0G       579M       7.4G

             total       used       free     shared    buffers     cached
Mem:          992M       914M        77M       244K       3.9M        61M
-/+ buffers/cache:       849M       142M
Swap:         8.0G       579M       7.4G

             total       used       free     shared    buffers     cached
Mem:          992M       915M        76M       244K       3.9M        61M
-/+ buffers/cache:       851M       141M
Swap:         8.0G       578M       7.4G

             total       used       free     shared    buffers     cached
Mem:          992M       917M        74M       244K       3.9M        61M
-/+ buffers/cache:       852M       139M
Swap:         8.0G       578M       7.4G

             total       used       free     shared    buffers     cached
Mem:          992M       918M        73M       244K       3.9M        61M
-/+ buffers/cache:       853M       138M
Swap:         8.0G       577M       7.4G

             total       used       free     shared    buffers     cached
Mem:          992M       919M        72M       244K       3.9M        61M
-/+ buffers/cache:       855M       137M
Swap:         8.0G       576M       7.4G

             total       used       free     shared    buffers     cached
Mem:          992M       921M        70M       244K       3.9M        61M
-/+ buffers/cache:       856M       135M
Swap:         8.0G       576M       7.4G

             total       used       free     shared    buffers     cached
Mem:          992M       922M        69M       244K       3.9M        61M
-/+ buffers/cache:       857M       134M
Swap:         8.0G       575M       7.4G

             total       used       free     shared    buffers     cached
Mem:          992M       930M        61M       244K       5.0M        64M
-/+ buffers/cache:       860M       131M
Swap:         8.0G       574M       7.4G

             total       used       free     shared    buffers     cached
Mem:          992M       920M        72M       292K       8.5M        74M
-/+ buffers/cache:       836M       155M
Swap:         8.0G       599M       7.4G
