             total       used       free     shared    buffers     cached
Mem:          992M       663M       329M       3.2M        39M       289M
-/+ buffers/cache:       334M       657M
Swap:         8.0G         0B       8.0G

             total       used       free     shared    buffers     cached
Mem:          992M       662M       329M       3.2M        39M       290M
-/+ buffers/cache:       333M       658M
Swap:         8.0G         0B       8.0G

             total       used       free     shared    buffers     cached
Mem:          992M       662M       329M       3.2M        39M       290M
-/+ buffers/cache:       333M       658M
Swap:         8.0G         0B       8.0G

             total       used       free     shared    buffers     cached
Mem:          992M       662M       329M       3.2M        39M       290M
-/+ buffers/cache:       333M       658M
Swap:         8.0G         0B       8.0G

             total       used       free     shared    buffers     cached
Mem:          992M       662M       329M       3.2M        39M       290M
-/+ buffers/cache:       333M       658M
Swap:         8.0G         0B       8.0G

             total       used       free     shared    buffers     cached
Mem:          992M       662M       329M       3.2M        39M       290M
-/+ buffers/cache:       333M       658M
Swap:         8.0G         0B       8.0G

             total       used       free     shared    buffers     cached
Mem:          992M       662M       329M       3.2M        39M       290M
-/+ buffers/cache:       333M       659M
Swap:         8.0G         0B       8.0G

             total       used       free     shared    buffers     cached
Mem:          992M       662M       329M       3.2M        39M       290M
-/+ buffers/cache:       333M       659M
Swap:         8.0G         0B       8.0G

             total       used       free     shared    buffers     cached
Mem:          992M       662M       330M       3.2M        39M       290M
-/+ buffers/cache:       332M       659M
Swap:         8.0G         0B       8.0G

             total       used       free     shared    buffers     cached
Mem:          992M       662M       330M       3.2M        39M       290M
-/+ buffers/cache:       332M       659M
Swap:         8.0G         0B       8.0G

             total       used       free     shared    buffers     cached
Mem:          992M       665M       326M       3.2M        39M       290M
-/+ buffers/cache:       336M       656M
Swap:         8.0G         0B       8.0G

             total       used       free     shared    buffers     cached
Mem:          992M       688M       304M       3.2M        39M       290M
-/+ buffers/cache:       358M       633M
Swap:         8.0G         0B       8.0G

             total       used       free     shared    buffers     cached
Mem:          992M       670M       321M       3.2M        39M       291M
-/+ buffers/cache:       340M       651M
Swap:         8.0G         0B       8.0G

             total       used       free     shared    buffers     cached
Mem:          992M       671M       320M       3.2M        39M       291M
-/+ buffers/cache:       340M       651M
Swap:         8.0G         0B       8.0G

             total       used       free     shared    buffers     cached
Mem:          992M       672M       320M       3.2M        39M       291M
-/+ buffers/cache:       341M       651M
Swap:         8.0G         0B       8.0G

             total       used       free     shared    buffers     cached
Mem:          992M       672M       320M       3.2M        39M       291M
-/+ buffers/cache:       341M       651M
Swap:         8.0G         0B       8.0G

             total       used       free     shared    buffers     cached
Mem:          992M       672M       320M       3.2M        39M       291M
-/+ buffers/cache:       341M       651M
Swap:         8.0G         0B       8.0G

             total       used       free     shared    buffers     cached
Mem:          992M       672M       320M       3.2M        39M       291M
-/+ buffers/cache:       341M       651M
Swap:         8.0G         0B       8.0G

             total       used       free     shared    buffers     cached
Mem:          992M       672M       320M       3.2M        39M       291M
-/+ buffers/cache:       341M       651M
Swap:         8.0G         0B       8.0G

             total       used       free     shared    buffers     cached
Mem:          992M       672M       320M       3.2M        39M       291M
-/+ buffers/cache:       341M       651M
Swap:         8.0G         0B       8.0G

             total       used       free     shared    buffers     cached
Mem:          992M       672M       320M       3.2M        39M       291M
-/+ buffers/cache:       341M       651M
Swap:         8.0G         0B       8.0G

             total       used       free     shared    buffers     cached
Mem:          992M       672M       319M       3.2M        39M       291M
-/+ buffers/cache:       341M       650M
Swap:         8.0G         0B       8.0G

             total       used       free     shared    buffers     cached
Mem:          992M       672M       319M       3.2M        39M       291M
-/+ buffers/cache:       341M       651M
Swap:         8.0G         0B       8.0G

             total       used       free     shared    buffers     cached
Mem:          992M       672M       319M       3.2M        39M       291M
-/+ buffers/cache:       341M       651M
Swap:         8.0G         0B       8.0G

             total       used       free     shared    buffers     cached
Mem:          992M       672M       319M       3.2M        39M       291M
-/+ buffers/cache:       341M       651M
Swap:         8.0G         0B       8.0G

             total       used       free     shared    buffers     cached
Mem:          992M       672M       319M       3.2M        39M       291M
-/+ buffers/cache:       341M       651M
Swap:         8.0G         0B       8.0G

             total       used       free     shared    buffers     cached
Mem:          992M       672M       319M       3.2M        39M       291M
-/+ buffers/cache:       341M       651M
Swap:         8.0G         0B       8.0G

             total       used       free     shared    buffers     cached
Mem:          992M       672M       319M       3.2M        39M       291M
-/+ buffers/cache:       341M       651M
Swap:         8.0G         0B       8.0G

             total       used       free     shared    buffers     cached
Mem:          992M       672M       320M       3.2M        39M       291M
-/+ buffers/cache:       341M       651M
Swap:         8.0G         0B       8.0G

             total       used       free     shared    buffers     cached
Mem:          992M       672M       320M       3.2M        39M       291M
-/+ buffers/cache:       341M       651M
Swap:         8.0G         0B       8.0G

             total       used       free     shared    buffers     cached
Mem:          992M       672M       320M       3.2M        39M       291M
-/+ buffers/cache:       341M       651M
Swap:         8.0G         0B       8.0G

             total       used       free     shared    buffers     cached
Mem:          992M       672M       320M       3.2M        39M       291M
-/+ buffers/cache:       341M       651M
Swap:         8.0G         0B       8.0G

             total       used       free     shared    buffers     cached
Mem:          992M       682M       309M       3.2M        39M       291M
-/+ buffers/cache:       351M       640M
Swap:         8.0G         0B       8.0G

             total       used       free     shared    buffers     cached
Mem:          992M       697M       294M       3.2M        39M       291M
-/+ buffers/cache:       366M       625M
Swap:         8.0G         0B       8.0G

             total       used       free     shared    buffers     cached
Mem:          992M       714M       277M       3.2M        39M       291M
-/+ buffers/cache:       383M       608M
Swap:         8.0G         0B       8.0G

             total       used       free     shared    buffers     cached
Mem:          992M       732M       259M       3.2M        39M       291M
-/+ buffers/cache:       401M       590M
Swap:         8.0G         0B       8.0G

             total       used       free     shared    buffers     cached
Mem:          992M       747M       244M       3.2M        39M       291M
-/+ buffers/cache:       416M       575M
Swap:         8.0G         0B       8.0G

             total       used       free     shared    buffers     cached
Mem:          992M       764M       227M       3.2M        39M       291M
-/+ buffers/cache:       433M       558M
Swap:         8.0G         0B       8.0G

             total       used       free     shared    buffers     cached
Mem:          992M       782M       209M       3.2M        39M       291M
-/+ buffers/cache:       451M       540M
Swap:         8.0G         0B       8.0G

             total       used       free     shared    buffers     cached
Mem:          992M       798M       194M       3.2M        39M       291M
-/+ buffers/cache:       467M       525M
Swap:         8.0G         0B       8.0G

             total       used       free     shared    buffers     cached
Mem:          992M       816M       176M       3.2M        39M       291M
-/+ buffers/cache:       485M       507M
Swap:         8.0G         0B       8.0G

             total       used       free     shared    buffers     cached
Mem:          992M       834M       157M       3.2M        39M       291M
-/+ buffers/cache:       503M       488M
Swap:         8.0G         0B       8.0G

             total       used       free     shared    buffers     cached
Mem:          992M       851M       140M       3.2M        39M       291M
-/+ buffers/cache:       520M       472M
Swap:         8.0G         0B       8.0G

             total       used       free     shared    buffers     cached
Mem:          992M       869M       122M       3.2M        39M       291M
-/+ buffers/cache:       538M       454M
Swap:         8.0G         0B       8.0G

             total       used       free     shared    buffers     cached
Mem:          992M       886M       105M       3.2M        39M       291M
-/+ buffers/cache:       555M       436M
Swap:         8.0G         0B       8.0G

             total       used       free     shared    buffers     cached
Mem:          992M       900M        91M       3.2M        39M       291M
-/+ buffers/cache:       569M       423M
Swap:         8.0G         0B       8.0G

             total       used       free     shared    buffers     cached
Mem:          992M       917M        74M       3.2M        39M       291M
-/+ buffers/cache:       586M       405M
Swap:         8.0G         0B       8.0G

             total       used       free     shared    buffers     cached
Mem:          992M       924M        67M       3.2M        29M       290M
-/+ buffers/cache:       604M       387M
Swap:         8.0G         0B       8.0G

             total       used       free     shared    buffers     cached
Mem:          992M       929M        62M       3.2M        16M       290M
-/+ buffers/cache:       621M       370M
Swap:         8.0G         0B       8.0G

             total       used       free     shared    buffers     cached
Mem:          992M       930M        61M       3.2M        10M       280M
-/+ buffers/cache:       639M       352M
Swap:         8.0G        20K       8.0G

             total       used       free     shared    buffers     cached
Mem:          992M       929M        62M       3.1M        10M       264M
-/+ buffers/cache:       655M       336M
Swap:         8.0G       156K       8.0G

             total       used       free     shared    buffers     cached
Mem:          992M       928M        63M       3.1M        10M       246M
-/+ buffers/cache:       672M       319M
Swap:         8.0G       292K       8.0G

             total       used       free     shared    buffers     cached
Mem:          992M       930M        61M       3.0M        10M       233M
-/+ buffers/cache:       686M       305M
Swap:         8.0G       4.4M       8.0G

             total       used       free     shared    buffers     cached
Mem:          992M       917M        74M       2.9M        10M       207M
-/+ buffers/cache:       700M       291M
Swap:         8.0G       8.9M       8.0G

             total       used       free     shared    buffers     cached
Mem:          992M       921M        70M       2.9M       3.2M       201M
-/+ buffers/cache:       716M       275M
Swap:         8.0G       8.9M       8.0G

             total       used       free     shared    buffers     cached
Mem:          992M       921M        70M       2.9M       1.5M       186M
-/+ buffers/cache:       733M       258M
Swap:         8.0G       8.9M       8.0G

             total       used       free     shared    buffers     cached
Mem:          992M       931M        60M       2.9M       368K       179M
-/+ buffers/cache:       751M       240M
Swap:         8.0G       8.9M       8.0G

             total       used       free     shared    buffers     cached
Mem:          992M       926M        65M       2.9M       236K       158M
-/+ buffers/cache:       768M       224M
Swap:         8.0G       8.9M       8.0G

             total       used       free     shared    buffers     cached
Mem:          992M       923M        68M       2.9M       236K       140M
-/+ buffers/cache:       783M       208M
Swap:         8.0G       8.9M       8.0G

             total       used       free     shared    buffers     cached
Mem:          992M       919M        72M       2.9M        96K       123M
-/+ buffers/cache:       795M       196M
Swap:         8.0G       8.9M       8.0G

             total       used       free     shared    buffers     cached
Mem:          992M       920M        71M       2.9M        96K       109M
-/+ buffers/cache:       811M       180M
Swap:         8.0G       8.9M       8.0G

             total       used       free     shared    buffers     cached
Mem:          992M       923M        68M       2.9M       100K        96M
-/+ buffers/cache:       826M       165M
Swap:         8.0G       8.9M       8.0G

             total       used       free     shared    buffers     cached
Mem:          992M       927M        64M       2.9M       100K        85M
-/+ buffers/cache:       842M       149M
Swap:         8.0G       8.9M       8.0G

             total       used       free     shared    buffers     cached
Mem:          992M       925M        67M       2.9M       100K        66M
-/+ buffers/cache:       858M       133M
Swap:         8.0G       8.9M       8.0G

             total       used       free     shared    buffers     cached
Mem:          992M       925M        66M       2.9M       100K        51M
-/+ buffers/cache:       874M       118M
Swap:         8.0G       8.9M       8.0G

             total       used       free     shared    buffers     cached
Mem:          992M       920M        71M       2.9M       240K        30M
-/+ buffers/cache:       889M       102M
Swap:         8.0G       8.9M       8.0G

             total       used       free     shared    buffers     cached
Mem:          992M       922M        69M       2.9M       524K        17M
-/+ buffers/cache:       905M        86M
Swap:         8.0G       8.9M       8.0G

             total       used       free     shared    buffers     cached
Mem:          992M       920M        71M       2.9M       488K       5.5M
-/+ buffers/cache:       914M        77M
Swap:         8.0G        14M       8.0G

             total       used       free     shared    buffers     cached
Mem:          992M       917M        74M       2.5M       484K       5.0M
-/+ buffers/cache:       912M        79M
Swap:         8.0G        49M       7.9G

             total       used       free     shared    buffers     cached
Mem:          992M       922M        69M       2.5M       404K       6.9M
-/+ buffers/cache:       915M        76M
Swap:         8.0G        49M       7.9G

             total       used       free     shared    buffers     cached
Mem:          992M       922M        69M       2.5M       2.3M        14M
-/+ buffers/cache:       905M        86M
Swap:         8.0G        87M       7.9G

             total       used       free     shared    buffers     cached
Mem:          992M       923M        68M       2.5M       2.3M        14M
-/+ buffers/cache:       906M        85M
Swap:         8.0G        88M       7.9G

             total       used       free     shared    buffers     cached
Mem:          992M       914M        77M       2.5M       896K        13M
-/+ buffers/cache:       900M        91M
Swap:         8.0G       128M       7.9G

             total       used       free     shared    buffers     cached
Mem:          992M       930M        61M       2.5M       904K        13M
-/+ buffers/cache:       916M        75M
Swap:         8.0G       128M       7.9G

             total       used       free     shared    buffers     cached
Mem:          992M       920M        71M       2.5M        84K        10M
-/+ buffers/cache:       910M        82M
Swap:         8.0G       129M       7.9G

             total       used       free     shared    buffers     cached
Mem:          992M       920M        71M       2.4M       212K        22M
-/+ buffers/cache:       897M        94M
Swap:         8.0G       160M       7.8G

             total       used       free     shared    buffers     cached
Mem:          992M       925M        66M       2.4M       528K        22M
-/+ buffers/cache:       902M        89M
Swap:         8.0G       174M       7.8G

             total       used       free     shared    buffers     cached
Mem:          992M       918M        73M       2.4M       808K        20M
-/+ buffers/cache:       897M        94M
Swap:         8.0G       203M       7.8G

             total       used       free     shared    buffers     cached
Mem:          992M       921M        70M       2.4M       812K        20M
-/+ buffers/cache:       900M        91M
Swap:         8.0G       203M       7.8G

             total       used       free     shared    buffers     cached
Mem:          992M       920M        72M       2.3M       776K        18M
-/+ buffers/cache:       901M        91M
Swap:         8.0G       231M       7.8G

             total       used       free     shared    buffers     cached
Mem:          992M       919M        72M       2.3M        80K       7.8M
-/+ buffers/cache:       911M        80M
Swap:         8.0G       231M       7.8G

             total       used       free     shared    buffers     cached
Mem:          992M       923M        68M       2.3M       228K       6.6M
-/+ buffers/cache:       916M        75M
Swap:         8.0G       238M       7.8G

             total       used       free     shared    buffers     cached
Mem:          992M       923M        68M       2.3M       236K       4.8M
-/+ buffers/cache:       918M        73M
Swap:         8.0G       248M       7.8G

             total       used       free     shared    buffers     cached
Mem:          992M       914M        78M       2.3M       236K       4.4M
-/+ buffers/cache:       909M        82M
Swap:         8.0G       264M       7.7G

             total       used       free     shared    buffers     cached
Mem:          992M       920M        71M       2.3M       236K       4.5M
-/+ buffers/cache:       915M        76M
Swap:         8.0G       264M       7.7G

             total       used       free     shared    buffers     cached
Mem:          992M       927M        64M       2.3M       332K       4.8M
-/+ buffers/cache:       922M        69M
Swap:         8.0G       264M       7.7G

             total       used       free     shared    buffers     cached
Mem:          992M       918M        73M       2.3M       332K       4.4M
-/+ buffers/cache:       914M        78M
Swap:         8.0G       283M       7.7G

             total       used       free     shared    buffers     cached
Mem:          992M       922M        69M       2.3M       340K       4.4M
-/+ buffers/cache:       917M        74M
Swap:         8.0G       283M       7.7G

             total       used       free     shared    buffers     cached
Mem:          992M       927M        64M       2.3M       344K       4.4M
-/+ buffers/cache:       922M        69M
Swap:         8.0G       283M       7.7G

             total       used       free     shared    buffers     cached
Mem:          992M       919M        72M       2.3M       340K       4.3M
-/+ buffers/cache:       914M        77M
Swap:         8.0G       291M       7.7G

             total       used       free     shared    buffers     cached
Mem:          992M       924M        67M       2.3M       340K       4.3M
-/+ buffers/cache:       919M        72M
Swap:         8.0G       291M       7.7G

             total       used       free     shared    buffers     cached
Mem:          992M       928M        64M       2.3M       340K       4.2M
-/+ buffers/cache:       923M        68M
Swap:         8.0G       291M       7.7G

             total       used       free     shared    buffers     cached
Mem:          992M       912M        79M       2.3M       340K       4.1M
-/+ buffers/cache:       908M        83M
Swap:         8.0G       315M       7.7G

             total       used       free     shared    buffers     cached
Mem:          992M       915M        77M       2.3M       348K       4.1M
-/+ buffers/cache:       910M        81M
Swap:         8.0G       315M       7.7G

             total       used       free     shared    buffers     cached
Mem:          992M       919M        73M       2.3M       348K       4.1M
-/+ buffers/cache:       914M        77M
Swap:         8.0G       315M       7.7G

             total       used       free     shared    buffers     cached
Mem:          992M       923M        69M       2.3M       348K       4.1M
-/+ buffers/cache:       918M        73M
Swap:         8.0G       315M       7.7G

             total       used       free     shared    buffers     cached
Mem:          992M       927M        64M       2.3M       348K       4.1M
-/+ buffers/cache:       922M        69M
Swap:         8.0G       315M       7.7G

             total       used       free     shared    buffers     cached
Mem:          992M       914M        77M       2.3M       344K       4.1M
-/+ buffers/cache:       909M        82M
Swap:         8.0G       330M       7.7G

             total       used       free     shared    buffers     cached
Mem:          992M       916M        75M       2.3M       352K       4.1M
-/+ buffers/cache:       912M        79M
Swap:         8.0G       330M       7.7G

             total       used       free     shared    buffers     cached
Mem:          992M       921M        71M       2.3M       352K       4.1M
-/+ buffers/cache:       916M        75M
Swap:         8.0G       330M       7.7G

             total       used       free     shared    buffers     cached
Mem:          992M       924M        67M       2.3M       352K       4.1M
-/+ buffers/cache:       919M        72M
Swap:         8.0G       330M       7.7G

             total       used       free     shared    buffers     cached
Mem:          992M       929M        62M       2.3M       352K       4.1M
-/+ buffers/cache:       925M        67M
Swap:         8.0G       328M       7.7G

             total       used       free     shared    buffers     cached
Mem:          992M       921M        71M         4K       352K       1.7M
-/+ buffers/cache:       918M        73M
Swap:         8.0G       334M       7.7G

             total       used       free     shared    buffers     cached
Mem:          992M       921M        71M         4K       360K       1.7M
-/+ buffers/cache:       919M        73M
Swap:         8.0G       339M       7.7G

             total       used       free     shared    buffers     cached
Mem:          992M       918M        73M         4K       320K       1.6M
-/+ buffers/cache:       916M        75M
Swap:         8.0G       336M       7.7G

             total       used       free     shared    buffers     cached
Mem:          992M       922M        69M         4K       320K       1.6M
-/+ buffers/cache:       920M        71M
Swap:         8.0G       328M       7.7G

             total       used       free     shared    buffers     cached
Mem:          992M       920M        71M         0B       248K       1.6M
-/+ buffers/cache:       918M        73M
Swap:         8.0G       327M       7.7G

             total       used       free     shared    buffers     cached
Mem:          992M       923M        69M         0B       104K       1.5M
-/+ buffers/cache:       921M        70M
Swap:         8.0G       326M       7.7G

             total       used       free     shared    buffers     cached
Mem:          992M       920M        71M         0B        76K       1.5M
-/+ buffers/cache:       919M        73M
Swap:         8.0G       327M       7.7G

             total       used       free     shared    buffers     cached
Mem:          992M       926M        65M         0B        76K       1.3M
-/+ buffers/cache:       925M        67M
Swap:         8.0G       441M       7.6G

             total       used       free     shared    buffers     cached
Mem:          992M       920M        71M         0B        84K       1.3M
-/+ buffers/cache:       919M        73M
Swap:         8.0G       404M       7.6G

             total       used       free     shared    buffers     cached
Mem:          992M       919M        72M         0B        84K       1.3M
-/+ buffers/cache:       918M        73M
Swap:         8.0G       390M       7.6G

             total       used       free     shared    buffers     cached
Mem:          992M       919M        72M         0B        84K       1.3M
-/+ buffers/cache:       918M        73M
Swap:         8.0G       352M       7.7G

             total       used       free     shared    buffers     cached
Mem:          992M       920M        71M         0B        96K       1.3M
-/+ buffers/cache:       919M        72M
Swap:         8.0G       330M       7.7G

             total       used       free     shared    buffers     cached
Mem:          992M       928M        64M         0B       108K       1.2M
-/+ buffers/cache:       926M        65M
Swap:         8.0G       322M       7.7G

             total       used       free     shared    buffers     cached
Mem:          992M       929M        62M         0B       108K       1.2M
-/+ buffers/cache:       928M        63M
Swap:         8.0G       321M       7.7G

             total       used       free     shared    buffers     cached
Mem:          992M       922M        69M         0B       108K       1.2M
-/+ buffers/cache:       921M        70M
Swap:         8.0G       331M       7.7G

             total       used       free     shared    buffers     cached
Mem:          992M       920M        72M         0B       108K       1.6M
-/+ buffers/cache:       918M        73M
Swap:         8.0G       334M       7.7G

             total       used       free     shared    buffers     cached
Mem:          992M       923M        68M         0B       108K       1.6M
-/+ buffers/cache:       922M        69M
Swap:         8.0G       333M       7.7G

             total       used       free     shared    buffers     cached
Mem:          992M       930M        61M         0B       116K       1.6M
-/+ buffers/cache:       928M        63M
Swap:         8.0G       332M       7.7G

             total       used       free     shared    buffers     cached
Mem:          992M       922M        69M         0B       116K       1.6M
-/+ buffers/cache:       920M        71M
Swap:         8.0G       341M       7.7G

             total       used       free     shared    buffers     cached
Mem:          992M       929M        62M         0B       116K       1.6M
-/+ buffers/cache:       927M        64M
Swap:         8.0G       341M       7.7G

             total       used       free     shared    buffers     cached
Mem:          992M       916M        75M         0B       116K       1.6M
-/+ buffers/cache:       915M        77M
Swap:         8.0G       368M       7.6G

             total       used       free     shared    buffers     cached
Mem:          992M       922M        69M         0B       116K       1.6M
-/+ buffers/cache:       921M        71M
Swap:         8.0G       368M       7.6G

             total       used       free     shared    buffers     cached
Mem:          992M       928M        64M         0B       116K       1.6M
-/+ buffers/cache:       926M        65M
Swap:         8.0G       368M       7.6G

             total       used       free     shared    buffers     cached
Mem:          992M       920M        71M         0B       124K       2.1M
-/+ buffers/cache:       918M        74M
Swap:         8.0G       368M       7.6G

             total       used       free     shared    buffers     cached
Mem:          992M       921M        70M         0B       124K       2.1M
-/+ buffers/cache:       919M        72M
Swap:         8.0G       367M       7.6G

             total       used       free     shared    buffers     cached
Mem:          992M       923M        68M         0B       124K       2.1M
-/+ buffers/cache:       921M        70M
Swap:         8.0G       366M       7.6G

             total       used       free     shared    buffers     cached
Mem:          992M       925M        67M         0B       124K       2.1M
-/+ buffers/cache:       922M        69M
Swap:         8.0G       366M       7.6G

             total       used       free     shared    buffers     cached
Mem:          992M       928M        64M         0B       256K       2.9M
-/+ buffers/cache:       925M        67M
Swap:         8.0G       365M       7.6G

             total       used       free     shared    buffers     cached
Mem:          992M       929M        62M         0B       264K       2.9M
-/+ buffers/cache:       926M        65M
Swap:         8.0G       365M       7.6G

             total       used       free     shared    buffers     cached
Mem:          992M       930M        61M         0B       264K       2.9M
-/+ buffers/cache:       927M        64M
Swap:         8.0G       364M       7.6G

             total       used       free     shared    buffers     cached
Mem:          992M       920M        71M         0B       212K       3.1M
-/+ buffers/cache:       917M        75M
Swap:         8.0G       378M       7.6G

             total       used       free     shared    buffers     cached
Mem:          992M       922M        70M         0B       212K       3.0M
-/+ buffers/cache:       918M        73M
Swap:         8.0G       377M       7.6G

             total       used       free     shared    buffers     cached
Mem:          992M       923M        68M         0B       212K       3.0M
-/+ buffers/cache:       920M        71M
Swap:         8.0G       376M       7.6G

             total       used       free     shared    buffers     cached
Mem:          992M       921M        70M         0B        92K        20M
-/+ buffers/cache:       900M        91M
Swap:         8.0G       410M       7.6G

             total       used       free     shared    buffers     cached
Mem:          992M       927M        64M         0B       904K        23M
-/+ buffers/cache:       902M        89M
Swap:         8.0G       409M       7.6G

             total       used       free     shared    buffers     cached
Mem:          992M       929M        63M         0B       920K        23M
-/+ buffers/cache:       904M        87M
Swap:         8.0G       408M       7.6G

             total       used       free     shared    buffers     cached
Mem:          992M       930M        61M         0B       924K        23M
-/+ buffers/cache:       906M        85M
Swap:         8.0G       407M       7.6G

             total       used       free     shared    buffers     cached
Mem:          992M       911M        80M         0B       924K        22M
-/+ buffers/cache:       887M       104M
Swap:         8.0G       433M       7.6G

             total       used       free     shared    buffers     cached
Mem:          992M       913M        78M         0B       924K        22M
-/+ buffers/cache:       889M       102M
Swap:         8.0G       432M       7.6G

             total       used       free     shared    buffers     cached
Mem:          992M       915M        77M         0B       932K        22M
-/+ buffers/cache:       891M       100M
Swap:         8.0G       431M       7.6G

             total       used       free     shared    buffers     cached
Mem:          992M       916M        75M         0B       932K        22M
-/+ buffers/cache:       893M        99M
Swap:         8.0G       431M       7.6G

             total       used       free     shared    buffers     cached
Mem:          992M       918M        73M         0B       932K        22M
-/+ buffers/cache:       894M        97M
Swap:         8.0G       430M       7.6G

             total       used       free     shared    buffers     cached
Mem:          992M       920M        71M         0B       932K        22M
-/+ buffers/cache:       896M        95M
Swap:         8.0G       429M       7.6G

             total       used       free     shared    buffers     cached
Mem:          992M       922M        69M         0B       932K        22M
-/+ buffers/cache:       898M        93M
Swap:         8.0G       428M       7.6G

             total       used       free     shared    buffers     cached
Mem:          992M       924M        67M         0B       940K        22M
-/+ buffers/cache:       900M        91M
Swap:         8.0G       427M       7.6G

             total       used       free     shared    buffers     cached
Mem:          992M       926M        65M         0B       940K        22M
-/+ buffers/cache:       902M        89M
Swap:         8.0G       427M       7.6G

             total       used       free     shared    buffers     cached
Mem:          992M       928M        64M         0B       940K        22M
-/+ buffers/cache:       904M        87M
Swap:         8.0G       426M       7.6G

             total       used       free     shared    buffers     cached
Mem:          992M       929M        62M         0B       940K        22M
-/+ buffers/cache:       906M        86M
Swap:         8.0G       425M       7.6G

             total       used       free     shared    buffers     cached
Mem:          992M       917M        74M         0B       940K        22M
-/+ buffers/cache:       894M        97M
Swap:         8.0G       428M       7.6G

             total       used       free     shared    buffers     cached
Mem:          992M       919M        72M         0B       948K        22M
-/+ buffers/cache:       895M        96M
Swap:         8.0G       427M       7.6G

             total       used       free     shared    buffers     cached
Mem:          992M       921M        70M         0B       948K        22M
-/+ buffers/cache:       897M        94M
Swap:         8.0G       426M       7.6G

             total       used       free     shared    buffers     cached
Mem:          992M       922M        69M         0B       948K        22M
-/+ buffers/cache:       899M        92M
Swap:         8.0G       425M       7.6G

             total       used       free     shared    buffers     cached
Mem:          992M       924M        67M         0B       948K        22M
-/+ buffers/cache:       901M        91M
Swap:         8.0G       425M       7.6G

             total       used       free     shared    buffers     cached
Mem:          992M       926M        65M         0B       948K        22M
-/+ buffers/cache:       902M        89M
Swap:         8.0G       424M       7.6G

             total       used       free     shared    buffers     cached
Mem:          992M       928M        63M         0B       948K        22M
-/+ buffers/cache:       904M        87M
Swap:         8.0G       423M       7.6G

             total       used       free     shared    buffers     cached
Mem:          992M       930M        61M         0B       956K        22M
-/+ buffers/cache:       907M        84M
Swap:         8.0G       422M       7.6G

             total       used       free     shared    buffers     cached
Mem:          992M       911M        80M         0B       960K        21M
-/+ buffers/cache:       889M       102M
Swap:         8.0G       451M       7.6G

             total       used       free     shared    buffers     cached
Mem:          992M       913M        78M         0B       960K        21M
-/+ buffers/cache:       891M       100M
Swap:         8.0G       450M       7.6G

             total       used       free     shared    buffers     cached
Mem:          992M       915M        76M         0B       960K        21M
-/+ buffers/cache:       893M        98M
Swap:         8.0G       449M       7.6G

             total       used       free     shared    buffers     cached
Mem:          992M       917M        74M         0B       960K        21M
-/+ buffers/cache:       895M        97M
Swap:         8.0G       449M       7.6G

             total       used       free     shared    buffers     cached
Mem:          992M       918M        73M         0B       968K        21M
-/+ buffers/cache:       896M        95M
Swap:         8.0G       448M       7.6G

             total       used       free     shared    buffers     cached
Mem:          992M       920M        72M         0B       968K        21M
-/+ buffers/cache:       898M        94M
Swap:         8.0G       447M       7.6G

             total       used       free     shared    buffers     cached
Mem:          992M       921M        70M         0B       968K        21M
-/+ buffers/cache:       899M        92M
Swap:         8.0G       446M       7.6G

             total       used       free     shared    buffers     cached
Mem:          992M       923M        68M         0B       968K        21M
-/+ buffers/cache:       901M        90M
Swap:         8.0G       446M       7.6G

             total       used       free     shared    buffers     cached
Mem:          992M       925M        66M         0B       968K        21M
-/+ buffers/cache:       903M        88M
Swap:         8.0G       445M       7.6G

             total       used       free     shared    buffers     cached
Mem:          992M       927M        64M         0B       976K        21M
-/+ buffers/cache:       905M        86M
Swap:         8.0G       444M       7.6G

             total       used       free     shared    buffers     cached
Mem:          992M       929M        63M         0B       976K        21M
-/+ buffers/cache:       906M        85M
Swap:         8.0G       443M       7.6G

             total       used       free     shared    buffers     cached
Mem:          992M       930M        61M         0B       976K        21M
-/+ buffers/cache:       908M        83M
Swap:         8.0G       442M       7.6G

             total       used       free     shared    buffers     cached
Mem:          992M       918M        73M         0B       976K        20M
-/+ buffers/cache:       896M        95M
Swap:         8.0G       441M       7.6G

             total       used       free     shared    buffers     cached
Mem:          992M       919M        72M         0B       976K        20M
-/+ buffers/cache:       898M        94M
Swap:         8.0G       440M       7.6G

             total       used       free     shared    buffers     cached
Mem:          992M       921M        70M         0B       976K        21M
-/+ buffers/cache:       899M        92M
Swap:         8.0G       439M       7.6G

             total       used       free     shared    buffers     cached
Mem:          992M       923M        68M         0B       984K        21M
-/+ buffers/cache:       900M        91M
Swap:         8.0G       439M       7.6G

             total       used       free     shared    buffers     cached
Mem:          992M       924M        67M         0B       984K        21M
-/+ buffers/cache:       901M        90M
Swap:         8.0G       439M       7.6G

             total       used       free     shared    buffers     cached
Mem:          992M       925M        66M         0B       984K        21M
-/+ buffers/cache:       902M        89M
Swap:         8.0G       438M       7.6G

             total       used       free     shared    buffers     cached
Mem:          992M       926M        65M         0B       984K        21M
-/+ buffers/cache:       903M        88M
Swap:         8.0G       438M       7.6G

             total       used       free     shared    buffers     cached
Mem:          992M       927M        64M         0B       984K        21M
-/+ buffers/cache:       904M        87M
Swap:         8.0G       437M       7.6G

             total       used       free     shared    buffers     cached
Mem:          992M       928M        63M         0B       992K        21M
-/+ buffers/cache:       905M        86M
Swap:         8.0G       437M       7.6G

             total       used       free     shared    buffers     cached
Mem:          992M       929M        62M         0B       992K        21M
-/+ buffers/cache:       906M        85M
Swap:         8.0G       436M       7.6G

             total       used       free     shared    buffers     cached
Mem:          992M       923M        69M         0B       1.4M        23M
-/+ buffers/cache:       897M        94M
Swap:         8.0G       462M       7.5G

             total       used       free     shared    buffers     cached
Mem:          992M       917M        74M        16K       584K        30M
-/+ buffers/cache:       886M       105M
Swap:         8.0G       468M       7.5G

             total       used       free     shared    buffers     cached
Mem:          992M       918M        73M        16K       584K        30M
-/+ buffers/cache:       887M       104M
Swap:         8.0G       468M       7.5G

             total       used       free     shared    buffers     cached
Mem:          992M       919M        72M        16K       592K        30M
-/+ buffers/cache:       888M       103M
Swap:         8.0G       467M       7.5G

             total       used       free     shared    buffers     cached
Mem:          992M       921M        71M        16K       592K        30M
-/+ buffers/cache:       889M       102M
Swap:         8.0G       467M       7.5G

             total       used       free     shared    buffers     cached
Mem:          992M       922M        70M        16K       592K        30M
-/+ buffers/cache:       890M       101M
Swap:         8.0G       466M       7.5G

             total       used       free     shared    buffers     cached
Mem:          992M       923M        68M        16K       592K        30M
-/+ buffers/cache:       892M       100M
Swap:         8.0G       466M       7.5G

             total       used       free     shared    buffers     cached
Mem:          992M       924M        67M        16K       592K        30M
-/+ buffers/cache:       893M        98M
Swap:         8.0G       465M       7.5G

             total       used       free     shared    buffers     cached
Mem:          992M       926M        66M        16K       592K        30M
-/+ buffers/cache:       894M        97M
Swap:         8.0G       464M       7.5G

             total       used       free     shared    buffers     cached
Mem:          992M       927M        64M        16K       608K        30M
-/+ buffers/cache:       896M        96M
Swap:         8.0G       464M       7.5G

             total       used       free     shared    buffers     cached
Mem:          992M       930M        61M        16K       608K        31M
-/+ buffers/cache:       898M        94M
Swap:         8.0G       463M       7.5G

             total       used       free     shared    buffers     cached
Mem:          992M       919M        72M        16K       608K        30M
-/+ buffers/cache:       888M       103M
Swap:         8.0G       474M       7.5G

             total       used       free     shared    buffers     cached
Mem:          992M       920M        71M        16K       608K        30M
-/+ buffers/cache:       889M       102M
Swap:         8.0G       473M       7.5G

             total       used       free     shared    buffers     cached
Mem:          992M       921M        70M        16K       608K        30M
-/+ buffers/cache:       890M       101M
Swap:         8.0G       473M       7.5G

             total       used       free     shared    buffers     cached
Mem:          992M       923M        68M        16K       616K        30M
-/+ buffers/cache:       891M       100M
Swap:         8.0G       472M       7.5G

             total       used       free     shared    buffers     cached
Mem:          992M       928M        63M        16K       616K        34M
-/+ buffers/cache:       893M        98M
Swap:         8.0G       471M       7.5G

             total       used       free     shared    buffers     cached
Mem:          992M       929M        62M        16K       616K        34M
-/+ buffers/cache:       894M        97M
Swap:         8.0G       471M       7.5G

             total       used       free     shared    buffers     cached
Mem:          992M       931M        60M        16K       616K        34M
-/+ buffers/cache:       896M        96M
Swap:         8.0G       470M       7.5G

             total       used       free     shared    buffers     cached
Mem:          992M       918M        74M        16K       620K        34M
-/+ buffers/cache:       883M       108M
Swap:         8.0G       482M       7.5G

             total       used       free     shared    buffers     cached
Mem:          992M       919M        72M        16K       620K        34M
-/+ buffers/cache:       884M       107M
Swap:         8.0G       482M       7.5G

             total       used       free     shared    buffers     cached
Mem:          992M       920M        71M        16K       628K        34M
-/+ buffers/cache:       886M       106M
Swap:         8.0G       481M       7.5G

             total       used       free     shared    buffers     cached
Mem:          992M       921M        70M        16K       628K        33M
-/+ buffers/cache:       887M       104M
Swap:         8.0G       480M       7.5G

             total       used       free     shared    buffers     cached
Mem:          992M       923M        68M        16K       628K        34M
-/+ buffers/cache:       888M       103M
Swap:         8.0G       480M       7.5G

             total       used       free     shared    buffers     cached
Mem:          992M       924M        67M        16K       628K        33M
-/+ buffers/cache:       889M       102M
Swap:         8.0G       479M       7.5G

             total       used       free     shared    buffers     cached
Mem:          992M       925M        66M        16K       628K        34M
-/+ buffers/cache:       891M       100M
Swap:         8.0G       478M       7.5G

             total       used       free     shared    buffers     cached
Mem:          992M       927M        64M        16K       636K        33M
-/+ buffers/cache:       892M        99M
Swap:         8.0G       478M       7.5G

             total       used       free     shared    buffers     cached
Mem:          992M       928M        63M        16K       636K        34M
-/+ buffers/cache:       894M        98M
Swap:         8.0G       477M       7.5G

             total       used       free     shared    buffers     cached
Mem:          992M       929M        62M        16K       636K        34M
-/+ buffers/cache:       895M        96M
Swap:         8.0G       476M       7.5G

             total       used       free     shared    buffers     cached
Mem:          992M       931M        60M        16K       636K        34M
-/+ buffers/cache:       896M        95M
Swap:         8.0G       476M       7.5G

             total       used       free     shared    buffers     cached
Mem:          992M       920M        71M        16K       600K        33M
-/+ buffers/cache:       887M       104M
Swap:         8.0G       486M       7.5G

             total       used       free     shared    buffers     cached
Mem:          992M       922M        69M        16K       600K        33M
-/+ buffers/cache:       888M       103M
Swap:         8.0G       485M       7.5G

             total       used       free     shared    buffers     cached
Mem:          992M       923M        68M        16K       608K        33M
-/+ buffers/cache:       889M       102M
Swap:         8.0G       484M       7.5G

             total       used       free     shared    buffers     cached
Mem:          992M       924M        67M        16K       608K        33M
-/+ buffers/cache:       891M       100M
Swap:         8.0G       484M       7.5G

             total       used       free     shared    buffers     cached
Mem:          992M       926M        66M        16K       608K        33M
-/+ buffers/cache:       892M        99M
Swap:         8.0G       483M       7.5G

             total       used       free     shared    buffers     cached
Mem:          992M       927M        64M        16K       608K        33M
-/+ buffers/cache:       893M        98M
Swap:         8.0G       482M       7.5G

             total       used       free     shared    buffers     cached
Mem:          992M       928M        63M        16K       608K        33M
-/+ buffers/cache:       895M        96M
Swap:         8.0G       481M       7.5G

             total       used       free     shared    buffers     cached
Mem:          992M       930M        61M        16K       616K        33M
-/+ buffers/cache:       896M        95M
Swap:         8.0G       481M       7.5G

             total       used       free     shared    buffers     cached
Mem:          992M       917M        74M        16K       616K        32M
-/+ buffers/cache:       884M       107M
Swap:         8.0G       490M       7.5G

             total       used       free     shared    buffers     cached
Mem:          992M       919M        73M        16K       616K        32M
-/+ buffers/cache:       886M       106M
Swap:         8.0G       489M       7.5G

             total       used       free     shared    buffers     cached
Mem:          992M       920M        71M        16K       616K        32M
-/+ buffers/cache:       887M       104M
Swap:         8.0G       488M       7.5G

             total       used       free     shared    buffers     cached
Mem:          992M       921M        70M        16K       616K        32M
-/+ buffers/cache:       888M       103M
Swap:         8.0G       488M       7.5G

             total       used       free     shared    buffers     cached
Mem:          992M       923M        68M        16K       616K        32M
-/+ buffers/cache:       890M       101M
Swap:         8.0G       487M       7.5G

             total       used       free     shared    buffers     cached
Mem:          992M       924M        67M        16K       624K        32M
-/+ buffers/cache:       891M       100M
Swap:         8.0G       486M       7.5G

             total       used       free     shared    buffers     cached
Mem:          992M       926M        65M        16K       624K        32M
-/+ buffers/cache:       893M        98M
Swap:         8.0G       485M       7.5G

             total       used       free     shared    buffers     cached
Mem:          992M       927M        64M        16K       624K        32M
-/+ buffers/cache:       894M        97M
Swap:         8.0G       485M       7.5G

             total       used       free     shared    buffers     cached
Mem:          992M       929M        62M        16K       624K        32M
-/+ buffers/cache:       896M        95M
Swap:         8.0G       484M       7.5G

             total       used       free     shared    buffers     cached
Mem:          992M       930M        61M        16K       624K        32M
-/+ buffers/cache:       898M        94M
Swap:         8.0G       483M       7.5G

             total       used       free     shared    buffers     cached
Mem:          992M       918M        73M        16K       632K        31M
-/+ buffers/cache:       886M       105M
Swap:         8.0G       497M       7.5G

             total       used       free     shared    buffers     cached
Mem:          992M       920M        72M        16K       632K        31M
-/+ buffers/cache:       888M       104M
Swap:         8.0G       496M       7.5G

             total       used       free     shared    buffers     cached
Mem:          992M       921M        70M        16K       632K        31M
-/+ buffers/cache:       889M       102M
Swap:         8.0G       495M       7.5G

             total       used       free     shared    buffers     cached
Mem:          992M       923M        68M        16K       632K        31M
-/+ buffers/cache:       891M       100M
Swap:         8.0G       494M       7.5G

             total       used       free     shared    buffers     cached
Mem:          992M       924M        67M        16K       632K        31M
-/+ buffers/cache:       892M        99M
Swap:         8.0G       493M       7.5G

             total       used       free     shared    buffers     cached
Mem:          992M       926M        65M        16K       632K        31M
-/+ buffers/cache:       894M        97M
Swap:         8.0G       493M       7.5G

             total       used       free     shared    buffers     cached
Mem:          992M       927M        64M        16K       640K        31M
-/+ buffers/cache:       895M        96M
Swap:         8.0G       492M       7.5G

             total       used       free     shared    buffers     cached
Mem:          992M       929M        63M        16K       640K        31M
-/+ buffers/cache:       897M        94M
Swap:         8.0G       491M       7.5G

             total       used       free     shared    buffers     cached
Mem:          992M       930M        61M        16K       640K        31M
-/+ buffers/cache:       898M        93M
Swap:         8.0G       490M       7.5G

             total       used       free     shared    buffers     cached
Mem:          992M       916M        75M        16K       640K        30M
-/+ buffers/cache:       885M       106M
Swap:         8.0G       500M       7.5G

             total       used       free     shared    buffers     cached
Mem:          992M       918M        73M        16K       640K        30M
-/+ buffers/cache:       887M       104M
Swap:         8.0G       499M       7.5G

             total       used       free     shared    buffers     cached
Mem:          992M       919M        72M        16K       648K        30M
-/+ buffers/cache:       888M       103M
Swap:         8.0G       498M       7.5G

             total       used       free     shared    buffers     cached
Mem:          992M       920M        71M        16K       648K        30M
-/+ buffers/cache:       889M       102M
Swap:         8.0G       498M       7.5G

             total       used       free     shared    buffers     cached
Mem:          992M       922M        69M        16K       648K        30M
-/+ buffers/cache:       891M       100M
Swap:         8.0G       497M       7.5G

             total       used       free     shared    buffers     cached
Mem:          992M       924M        68M        16K       648K        30M
-/+ buffers/cache:       893M        99M
Swap:         8.0G       496M       7.5G

             total       used       free     shared    buffers     cached
Mem:          992M       925M        66M        16K       648K        30M
-/+ buffers/cache:       894M        97M
Swap:         8.0G       495M       7.5G

             total       used       free     shared    buffers     cached
Mem:          992M       927M        65M        16K       648K        30M
-/+ buffers/cache:       896M        96M
Swap:         8.0G       495M       7.5G

             total       used       free     shared    buffers     cached
Mem:          992M       928M        63M        16K       656K        30M
-/+ buffers/cache:       897M        94M
Swap:         8.0G       494M       7.5G

             total       used       free     shared    buffers     cached
Mem:          992M       919M        72M        20K       464K        29M
-/+ buffers/cache:       889M       102M
Swap:         8.0G       502M       7.5G

             total       used       free     shared    buffers     cached
Mem:          992M       920M        71M        20K       464K        29M
-/+ buffers/cache:       890M       101M
Swap:         8.0G       501M       7.5G

             total       used       free     shared    buffers     cached
Mem:          992M       921M        70M        20K       464K        29M
-/+ buffers/cache:       891M       100M
Swap:         8.0G       500M       7.5G

             total       used       free     shared    buffers     cached
Mem:          992M       923M        68M        20K       464K        29M
-/+ buffers/cache:       893M        98M
Swap:         8.0G       499M       7.5G

             total       used       free     shared    buffers     cached
Mem:          992M       924M        67M        20K       472K        29M
-/+ buffers/cache:       894M        97M
Swap:         8.0G       498M       7.5G

             total       used       free     shared    buffers     cached
Mem:          992M       911M        81M        20K       280K        28M
-/+ buffers/cache:       882M       109M
Swap:         8.0G       512M       7.5G

             total       used       free     shared    buffers     cached
Mem:          992M       912M        79M        20K       280K        28M
-/+ buffers/cache:       884M       107M
Swap:         8.0G       511M       7.5G

             total       used       free     shared    buffers     cached
Mem:          992M       914M        77M        20K       280K        28M
-/+ buffers/cache:       886M       106M
Swap:         8.0G       511M       7.5G

             total       used       free     shared    buffers     cached
Mem:          992M       922M        70M        20K       280K        30M
-/+ buffers/cache:       891M       101M
Swap:         8.0G       508M       7.5G

             total       used       free     shared    buffers     cached
Mem:          992M       922M        69M        20K       288K        30M
-/+ buffers/cache:       891M       100M
Swap:         8.0G       508M       7.5G

             total       used       free     shared    buffers     cached
Mem:          992M       924M        67M        20K       288K        31M
-/+ buffers/cache:       892M        99M
Swap:         8.0G       507M       7.5G

             total       used       free     shared    buffers     cached
Mem:          992M       925M        67M        20K       288K        31M
-/+ buffers/cache:       893M        98M
Swap:         8.0G       507M       7.5G

             total       used       free     shared    buffers     cached
Mem:          992M       925M        66M        20K       288K        31M
-/+ buffers/cache:       894M        98M
Swap:         8.0G       507M       7.5G

             total       used       free     shared    buffers     cached
Mem:          992M       926M        65M        20K       288K        31M
-/+ buffers/cache:       895M        97M
Swap:         8.0G       506M       7.5G

             total       used       free     shared    buffers     cached
Mem:          992M       927M        64M        20K       288K        31M
-/+ buffers/cache:       895M        96M
Swap:         8.0G       506M       7.5G

             total       used       free     shared    buffers     cached
Mem:          992M       928M        64M        20K       296K        31M
-/+ buffers/cache:       896M        95M
Swap:         8.0G       505M       7.5G

             total       used       free     shared    buffers     cached
Mem:          992M       928M        63M        20K       296K        31M
-/+ buffers/cache:       897M        95M
Swap:         8.0G       505M       7.5G

             total       used       free     shared    buffers     cached
Mem:          992M       929M        62M        20K       296K        31M
-/+ buffers/cache:       898M        94M
Swap:         8.0G       505M       7.5G

             total       used       free     shared    buffers     cached
Mem:          992M       924M        67M       204K       556K        34M
-/+ buffers/cache:       888M       103M
Swap:         8.0G       521M       7.5G

             total       used       free     shared    buffers     cached
Mem:          992M       921M        71M       3.9M       4.3M        51M
-/+ buffers/cache:       864M       127M
Swap:         8.0G       555M       7.5G

             total       used       free     shared    buffers     cached
Mem:          992M       917M        74M       3.9M       5.0M        59M
-/+ buffers/cache:       853M       139M
Swap:         8.0G       559M       7.5G

             total       used       free     shared    buffers     cached
Mem:          992M       901M        90M       3.9M       3.8M        59M
-/+ buffers/cache:       838M       153M
Swap:         8.0G       584M       7.4G

             total       used       free     shared    buffers     cached
Mem:          992M       911M        81M       228K       4.1M        60M
-/+ buffers/cache:       846M       145M
Swap:         8.0G       581M       7.4G

             total       used       free     shared    buffers     cached
Mem:          992M       912M        79M       228K       4.1M        60M
-/+ buffers/cache:       848M       143M
Swap:         8.0G       581M       7.4G

             total       used       free     shared    buffers     cached
Mem:          992M       914M        77M       228K       4.1M        60M
-/+ buffers/cache:       850M       142M
Swap:         8.0G       580M       7.4G

             total       used       free     shared    buffers     cached
Mem:          992M       917M        74M       228K       4.2M        61M
-/+ buffers/cache:       852M       140M
Swap:         8.0G       579M       7.4G

             total       used       free     shared    buffers     cached
Mem:          992M       919M        73M       228K       4.2M        61M
-/+ buffers/cache:       853M       138M
Swap:         8.0G       578M       7.4G

             total       used       free     shared    buffers     cached
Mem:          992M       920M        71M       228K       4.2M        61M
-/+ buffers/cache:       854M       137M
Swap:         8.0G       577M       7.4G

             total       used       free     shared    buffers     cached
Mem:          992M       922M        70M       228K       4.2M        61M
-/+ buffers/cache:       856M       135M
Swap:         8.0G       577M       7.4G

             total       used       free     shared    buffers     cached
Mem:          992M       923M        68M       228K       4.2M        61M
-/+ buffers/cache:       857M       134M
Swap:         8.0G       576M       7.4G

             total       used       free     shared    buffers     cached
Mem:          992M       924M        67M       228K       4.2M        61M
-/+ buffers/cache:       859M       132M
Swap:         8.0G       575M       7.4G

             total       used       free     shared    buffers     cached
Mem:          992M       926M        65M       228K       4.2M        61M
-/+ buffers/cache:       860M       131M
Swap:         8.0G       574M       7.4G

             total       used       free     shared    buffers     cached
Mem:          992M       927M        64M       228K       4.2M        61M
-/+ buffers/cache:       861M       130M
Swap:         8.0G       574M       7.4G

             total       used       free     shared    buffers     cached
Mem:          992M       928M        63M       228K       4.2M        61M
-/+ buffers/cache:       863M       129M
Swap:         8.0G       573M       7.4G

             total       used       free     shared    buffers     cached
Mem:          992M       930M        61M       228K       4.2M        61M
-/+ buffers/cache:       864M       127M
Swap:         8.0G       572M       7.4G

             total       used       free     shared    buffers     cached
Mem:          992M       919M        73M       228K       4.2M        61M
-/+ buffers/cache:       853M       138M
Swap:         8.0G       572M       7.4G

             total       used       free     shared    buffers     cached
Mem:          992M       920M        72M       228K       4.2M        61M
-/+ buffers/cache:       854M       137M
Swap:         8.0G       571M       7.4G

             total       used       free     shared    buffers     cached
Mem:          992M       921M        70M       228K       4.2M        61M
-/+ buffers/cache:       856M       136M
Swap:         8.0G       570M       7.4G

             total       used       free     shared    buffers     cached
Mem:          992M       922M        69M       228K       4.2M        61M
-/+ buffers/cache:       857M       134M
Swap:         8.0G       570M       7.4G

             total       used       free     shared    buffers     cached
Mem:          992M       924M        67M       228K       4.2M        61M
-/+ buffers/cache:       859M       133M
Swap:         8.0G       569M       7.4G

             total       used       free     shared    buffers     cached
Mem:          992M       925M        66M       228K       4.2M        61M
-/+ buffers/cache:       860M       131M
Swap:         8.0G       568M       7.4G

             total       used       free     shared    buffers     cached
Mem:          992M       927M        64M       228K       4.2M        61M
-/+ buffers/cache:       861M       130M
Swap:         8.0G       567M       7.4G

             total       used       free     shared    buffers     cached
Mem:          992M       915M        76M       228K       5.3M        63M
-/+ buffers/cache:       846M       145M
Swap:         8.0G       588M       7.4G

             total       used       free     shared    buffers     cached
Mem:          992M       929M        62M       284K       7.6M        69M
-/+ buffers/cache:       852M       139M
Swap:         8.0G       586M       7.4G

             total       used       free     shared    buffers     cached
Mem:          992M       917M        74M       272K       8.1M        71M
-/+ buffers/cache:       837M       154M
Swap:         8.0G       596M       7.4G
