             total       used       free     shared    buffers     cached
Mem:          2.0G       657M       1.3G       3.2M        41M       287M
-/+ buffers/cache:       328M       1.6G
Swap:         8.0G         0B       8.0G

             total       used       free     shared    buffers     cached
Mem:          2.0G       656M       1.3G       3.2M        41M       287M
-/+ buffers/cache:       327M       1.6G
Swap:         8.0G         0B       8.0G

             total       used       free     shared    buffers     cached
Mem:          2.0G       656M       1.3G       3.2M        41M       287M
-/+ buffers/cache:       327M       1.6G
Swap:         8.0G         0B       8.0G

             total       used       free     shared    buffers     cached
Mem:          2.0G       656M       1.3G       3.2M        41M       287M
-/+ buffers/cache:       327M       1.6G
Swap:         8.0G         0B       8.0G

             total       used       free     shared    buffers     cached
Mem:          2.0G       656M       1.3G       3.2M        41M       287M
-/+ buffers/cache:       327M       1.6G
Swap:         8.0G         0B       8.0G

             total       used       free     shared    buffers     cached
Mem:          2.0G       656M       1.3G       3.2M        41M       287M
-/+ buffers/cache:       327M       1.6G
Swap:         8.0G         0B       8.0G

             total       used       free     shared    buffers     cached
Mem:          2.0G       656M       1.3G       3.2M        41M       287M
-/+ buffers/cache:       327M       1.6G
Swap:         8.0G         0B       8.0G

             total       used       free     shared    buffers     cached
Mem:          2.0G       656M       1.3G       3.2M        41M       287M
-/+ buffers/cache:       327M       1.6G
Swap:         8.0G         0B       8.0G

             total       used       free     shared    buffers     cached
Mem:          2.0G       656M       1.3G       3.2M        41M       287M
-/+ buffers/cache:       327M       1.6G
Swap:         8.0G         0B       8.0G

             total       used       free     shared    buffers     cached
Mem:          2.0G       656M       1.3G       3.2M        41M       287M
-/+ buffers/cache:       327M       1.6G
Swap:         8.0G         0B       8.0G

             total       used       free     shared    buffers     cached
Mem:          2.0G       656M       1.3G       3.2M        41M       287M
-/+ buffers/cache:       327M       1.6G
Swap:         8.0G         0B       8.0G

             total       used       free     shared    buffers     cached
Mem:          2.0G       658M       1.3G       3.2M        42M       287M
-/+ buffers/cache:       328M       1.6G
Swap:         8.0G         0B       8.0G

             total       used       free     shared    buffers     cached
Mem:          2.0G       659M       1.3G       3.2M        42M       288M
-/+ buffers/cache:       329M       1.6G
Swap:         8.0G         0B       8.0G

             total       used       free     shared    buffers     cached
Mem:          2.0G       663M       1.3G       3.3M        42M       288M
-/+ buffers/cache:       333M       1.6G
Swap:         8.0G         0B       8.0G

             total       used       free     shared    buffers     cached
Mem:          2.0G       690M       1.3G       3.3M        42M       288M
-/+ buffers/cache:       359M       1.6G
Swap:         8.0G         0B       8.0G

             total       used       free     shared    buffers     cached
Mem:          2.0G       667M       1.3G       3.3M        42M       290M
-/+ buffers/cache:       335M       1.6G
Swap:         8.0G         0B       8.0G

             total       used       free     shared    buffers     cached
Mem:          2.0G       710M       1.3G       3.3M        42M       291M
-/+ buffers/cache:       376M       1.6G
Swap:         8.0G         0B       8.0G

             total       used       free     shared    buffers     cached
Mem:          2.0G       736M       1.2G       3.3M        42M       292M
-/+ buffers/cache:       401M       1.6G
Swap:         8.0G         0B       8.0G

             total       used       free     shared    buffers     cached
Mem:          2.0G       736M       1.2G       3.3M        42M       292M
-/+ buffers/cache:       401M       1.6G
Swap:         8.0G         0B       8.0G

             total       used       free     shared    buffers     cached
Mem:          2.0G       738M       1.2G       3.3M        42M       292M
-/+ buffers/cache:       404M       1.6G
Swap:         8.0G         0B       8.0G

             total       used       free     shared    buffers     cached
Mem:          2.0G       724M       1.2G       3.3M        42M       296M
-/+ buffers/cache:       384M       1.6G
Swap:         8.0G         0B       8.0G

             total       used       free     shared    buffers     cached
Mem:          2.0G       724M       1.2G       3.3M        42M       296M
-/+ buffers/cache:       385M       1.6G
Swap:         8.0G         0B       8.0G

             total       used       free     shared    buffers     cached
Mem:          2.0G       724M       1.2G       3.3M        42M       296M
-/+ buffers/cache:       385M       1.6G
Swap:         8.0G         0B       8.0G

             total       used       free     shared    buffers     cached
Mem:          2.0G       724M       1.2G       3.3M        42M       296M
-/+ buffers/cache:       385M       1.6G
Swap:         8.0G         0B       8.0G

             total       used       free     shared    buffers     cached
Mem:          2.0G       724M       1.2G       3.3M        42M       296M
-/+ buffers/cache:       385M       1.6G
Swap:         8.0G         0B       8.0G

             total       used       free     shared    buffers     cached
Mem:          2.0G       724M       1.2G       3.3M        42M       296M
-/+ buffers/cache:       385M       1.6G
Swap:         8.0G         0B       8.0G

             total       used       free     shared    buffers     cached
Mem:          2.0G       724M       1.2G       3.3M        42M       296M
-/+ buffers/cache:       385M       1.6G
Swap:         8.0G         0B       8.0G

             total       used       free     shared    buffers     cached
Mem:          2.0G       724M       1.2G       3.3M        42M       296M
-/+ buffers/cache:       385M       1.6G
Swap:         8.0G         0B       8.0G

             total       used       free     shared    buffers     cached
Mem:          2.0G       724M       1.2G       3.3M        42M       296M
-/+ buffers/cache:       385M       1.6G
Swap:         8.0G         0B       8.0G

             total       used       free     shared    buffers     cached
Mem:          2.0G       724M       1.2G       3.3M        42M       296M
-/+ buffers/cache:       385M       1.6G
Swap:         8.0G         0B       8.0G

             total       used       free     shared    buffers     cached
Mem:          2.0G       724M       1.2G       3.3M        42M       296M
-/+ buffers/cache:       385M       1.6G
Swap:         8.0G         0B       8.0G

             total       used       free     shared    buffers     cached
Mem:          2.0G       724M       1.2G       3.3M        42M       296M
-/+ buffers/cache:       385M       1.6G
Swap:         8.0G         0B       8.0G

             total       used       free     shared    buffers     cached
Mem:          2.0G       724M       1.2G       3.3M        42M       296M
-/+ buffers/cache:       385M       1.6G
Swap:         8.0G         0B       8.0G

             total       used       free     shared    buffers     cached
Mem:          2.0G       728M       1.2G       3.3M        42M       296M
-/+ buffers/cache:       389M       1.6G
Swap:         8.0G         0B       8.0G

             total       used       free     shared    buffers     cached
Mem:          2.0G       744M       1.2G       3.3M        42M       296M
-/+ buffers/cache:       405M       1.6G
Swap:         8.0G         0B       8.0G

             total       used       free     shared    buffers     cached
Mem:          2.0G       761M       1.2G       3.3M        42M       296M
-/+ buffers/cache:       421M       1.5G
Swap:         8.0G         0B       8.0G

             total       used       free     shared    buffers     cached
Mem:          2.0G       775M       1.2G       3.3M        42M       296M
-/+ buffers/cache:       436M       1.5G
Swap:         8.0G         0B       8.0G

             total       used       free     shared    buffers     cached
Mem:          2.0G       791M       1.2G       3.3M        42M       296M
-/+ buffers/cache:       452M       1.5G
Swap:         8.0G         0B       8.0G

             total       used       free     shared    buffers     cached
Mem:          2.0G       806M       1.2G       3.3M        42M       296M
-/+ buffers/cache:       466M       1.5G
Swap:         8.0G         0B       8.0G

             total       used       free     shared    buffers     cached
Mem:          2.0G       820M       1.2G       3.3M        42M       296M
-/+ buffers/cache:       480M       1.5G
Swap:         8.0G         0B       8.0G

             total       used       free     shared    buffers     cached
Mem:          2.0G       835M       1.1G       3.3M        42M       296M
-/+ buffers/cache:       495M       1.5G
Swap:         8.0G         0B       8.0G

             total       used       free     shared    buffers     cached
Mem:          2.0G       847M       1.1G       3.3M        42M       296M
-/+ buffers/cache:       507M       1.5G
Swap:         8.0G         0B       8.0G

             total       used       free     shared    buffers     cached
Mem:          2.0G       861M       1.1G       3.3M        42M       296M
-/+ buffers/cache:       521M       1.4G
Swap:         8.0G         0B       8.0G

             total       used       free     shared    buffers     cached
Mem:          2.0G       878M       1.1G       3.3M        42M       296M
-/+ buffers/cache:       539M       1.4G
Swap:         8.0G         0B       8.0G

             total       used       free     shared    buffers     cached
Mem:          2.0G       891M       1.1G       3.3M        42M       296M
-/+ buffers/cache:       551M       1.4G
Swap:         8.0G         0B       8.0G

             total       used       free     shared    buffers     cached
Mem:          2.0G       904M       1.1G       3.3M        42M       296M
-/+ buffers/cache:       565M       1.4G
Swap:         8.0G         0B       8.0G

             total       used       free     shared    buffers     cached
Mem:          2.0G       919M       1.1G       3.3M        42M       296M
-/+ buffers/cache:       580M       1.4G
Swap:         8.0G         0B       8.0G

             total       used       free     shared    buffers     cached
Mem:          2.0G       933M       1.0G       3.3M        42M       296M
-/+ buffers/cache:       594M       1.4G
Swap:         8.0G         0B       8.0G

             total       used       free     shared    buffers     cached
Mem:          2.0G       949M       1.0G       3.3M        42M       296M
-/+ buffers/cache:       609M       1.4G
Swap:         8.0G         0B       8.0G

             total       used       free     shared    buffers     cached
Mem:          2.0G       961M       1.0G       3.3M        42M       296M
-/+ buffers/cache:       622M       1.3G
Swap:         8.0G         0B       8.0G

             total       used       free     shared    buffers     cached
Mem:          2.0G       975M       1.0G       3.3M        42M       296M
-/+ buffers/cache:       636M       1.3G
Swap:         8.0G         0B       8.0G

             total       used       free     shared    buffers     cached
Mem:          2.0G       989M       1.0G       3.3M        42M       296M
-/+ buffers/cache:       650M       1.3G
Swap:         8.0G         0B       8.0G

             total       used       free     shared    buffers     cached
Mem:          2.0G       1.0G       995M       3.3M        42M       296M
-/+ buffers/cache:       665M       1.3G
Swap:         8.0G         0B       8.0G

             total       used       free     shared    buffers     cached
Mem:          2.0G       1.0G       979M       3.3M        42M       296M
-/+ buffers/cache:       681M       1.3G
Swap:         8.0G         0B       8.0G

             total       used       free     shared    buffers     cached
Mem:          2.0G       1.0G       965M       3.3M        42M       296M
-/+ buffers/cache:       695M       1.3G
Swap:         8.0G         0B       8.0G

             total       used       free     shared    buffers     cached
Mem:          2.0G       1.0G       950M       3.3M        42M       296M
-/+ buffers/cache:       710M       1.3G
Swap:         8.0G         0B       8.0G

             total       used       free     shared    buffers     cached
Mem:          2.0G       1.0G       935M       3.3M        42M       296M
-/+ buffers/cache:       725M       1.2G
Swap:         8.0G         0B       8.0G

             total       used       free     shared    buffers     cached
Mem:          2.0G       1.1G       921M       3.3M        42M       296M
-/+ buffers/cache:       739M       1.2G
Swap:         8.0G         0B       8.0G

             total       used       free     shared    buffers     cached
Mem:          2.0G       1.1G       907M       3.3M        42M       296M
-/+ buffers/cache:       753M       1.2G
Swap:         8.0G         0B       8.0G

             total       used       free     shared    buffers     cached
Mem:          2.0G       1.1G       893M       3.3M        42M       296M
-/+ buffers/cache:       767M       1.2G
Swap:         8.0G         0B       8.0G

             total       used       free     shared    buffers     cached
Mem:          2.0G       1.1G       877M       3.3M        42M       296M
-/+ buffers/cache:       783M       1.2G
Swap:         8.0G         0B       8.0G

             total       used       free     shared    buffers     cached
Mem:          2.0G       1.1G       862M       3.3M        42M       296M
-/+ buffers/cache:       798M       1.2G
Swap:         8.0G         0B       8.0G

             total       used       free     shared    buffers     cached
Mem:          2.0G       1.1G       848M       3.3M        42M       296M
-/+ buffers/cache:       812M       1.2G
Swap:         8.0G         0B       8.0G

             total       used       free     shared    buffers     cached
Mem:          2.0G       1.1G       833M       3.3M        42M       296M
-/+ buffers/cache:       827M       1.1G
Swap:         8.0G         0B       8.0G

             total       used       free     shared    buffers     cached
Mem:          2.0G       1.1G       824M       3.3M        42M       296M
-/+ buffers/cache:       836M       1.1G
Swap:         8.0G         0B       8.0G

             total       used       free     shared    buffers     cached
Mem:          2.0G       1.2G       809M       3.3M        42M       296M
-/+ buffers/cache:       850M       1.1G
Swap:         8.0G         0B       8.0G

             total       used       free     shared    buffers     cached
Mem:          2.0G       1.2G       794M       3.3M        42M       296M
-/+ buffers/cache:       865M       1.1G
Swap:         8.0G         0B       8.0G

             total       used       free     shared    buffers     cached
Mem:          2.0G       1.2G       779M       3.3M        42M       296M
-/+ buffers/cache:       880M       1.1G
Swap:         8.0G         0B       8.0G

             total       used       free     shared    buffers     cached
Mem:          2.0G       1.2G       766M       3.3M        42M       296M
-/+ buffers/cache:       894M       1.1G
Swap:         8.0G         0B       8.0G

             total       used       free     shared    buffers     cached
Mem:          2.0G       1.2G       750M       3.3M        42M       296M
-/+ buffers/cache:       909M       1.1G
Swap:         8.0G         0B       8.0G

             total       used       free     shared    buffers     cached
Mem:          2.0G       1.2G       735M       3.3M        42M       296M
-/+ buffers/cache:       924M       1.1G
Swap:         8.0G         0B       8.0G

             total       used       free     shared    buffers     cached
Mem:          2.0G       1.2G       720M       3.3M        42M       296M
-/+ buffers/cache:       939M       1.0G
Swap:         8.0G         0B       8.0G

             total       used       free     shared    buffers     cached
Mem:          2.0G       1.3G       706M       3.3M        42M       296M
-/+ buffers/cache:       953M       1.0G
Swap:         8.0G         0B       8.0G

             total       used       free     shared    buffers     cached
Mem:          2.0G       1.3G       688M       3.3M        42M       297M
-/+ buffers/cache:       971M       1.0G
Swap:         8.0G         0B       8.0G

             total       used       free     shared    buffers     cached
Mem:          2.0G       1.3G       675M       3.3M        42M       297M
-/+ buffers/cache:       984M       1.0G
Swap:         8.0G         0B       8.0G

             total       used       free     shared    buffers     cached
Mem:          2.0G       1.3G       660M       3.3M        42M       297M
-/+ buffers/cache:       999M       1.0G
Swap:         8.0G         0B       8.0G

             total       used       free     shared    buffers     cached
Mem:          2.0G       1.3G       647M       3.3M        42M       297M
-/+ buffers/cache:       1.0G       987M
Swap:         8.0G         0B       8.0G

             total       used       free     shared    buffers     cached
Mem:          2.0G       1.3G       632M       3.3M        42M       297M
-/+ buffers/cache:       1.0G       972M
Swap:         8.0G         0B       8.0G

             total       used       free     shared    buffers     cached
Mem:          2.0G       1.4G       617M       3.3M        42M       297M
-/+ buffers/cache:       1.0G       957M
Swap:         8.0G         0B       8.0G

             total       used       free     shared    buffers     cached
Mem:          2.0G       1.4G       602M       3.3M        42M       297M
-/+ buffers/cache:       1.0G       942M
Swap:         8.0G         0B       8.0G

             total       used       free     shared    buffers     cached
Mem:          2.0G       1.4G       588M       3.3M        42M       297M
-/+ buffers/cache:       1.0G       928M
Swap:         8.0G         0B       8.0G

             total       used       free     shared    buffers     cached
Mem:          2.0G       1.4G       573M       3.3M        42M       297M
-/+ buffers/cache:       1.1G       913M
Swap:         8.0G         0B       8.0G

             total       used       free     shared    buffers     cached
Mem:          2.0G       1.4G       559M       3.3M        42M       297M
-/+ buffers/cache:       1.1G       899M
Swap:         8.0G         0B       8.0G

             total       used       free     shared    buffers     cached
Mem:          2.0G       1.4G       544M       3.3M        42M       297M
-/+ buffers/cache:       1.1G       884M
Swap:         8.0G         0B       8.0G

             total       used       free     shared    buffers     cached
Mem:          2.0G       1.4G       528M       3.3M        42M       297M
-/+ buffers/cache:       1.1G       868M
Swap:         8.0G         0B       8.0G

             total       used       free     shared    buffers     cached
Mem:          2.0G       1.5G       514M       3.3M        42M       297M
-/+ buffers/cache:       1.1G       854M
Swap:         8.0G         0B       8.0G

             total       used       free     shared    buffers     cached
Mem:          2.0G       1.5G       499M       3.3M        42M       297M
-/+ buffers/cache:       1.1G       839M
Swap:         8.0G         0B       8.0G

             total       used       free     shared    buffers     cached
Mem:          2.0G       1.5G       483M       3.3M        42M       297M
-/+ buffers/cache:       1.1G       823M
Swap:         8.0G         0B       8.0G

             total       used       free     shared    buffers     cached
Mem:          2.0G       1.5G       469M       3.3M        42M       297M
-/+ buffers/cache:       1.2G       809M
Swap:         8.0G         0B       8.0G

             total       used       free     shared    buffers     cached
Mem:          2.0G       1.5G       453M       3.3M        42M       297M
-/+ buffers/cache:       1.2G       793M
Swap:         8.0G         0B       8.0G

             total       used       free     shared    buffers     cached
Mem:          2.0G       1.5G       437M       3.3M        42M       297M
-/+ buffers/cache:       1.2G       777M
Swap:         8.0G         0B       8.0G

             total       used       free     shared    buffers     cached
Mem:          2.0G       1.5G       422M       3.3M        42M       297M
-/+ buffers/cache:       1.2G       762M
Swap:         8.0G         0B       8.0G

             total       used       free     shared    buffers     cached
Mem:          2.0G       1.6G       408M       3.3M        42M       297M
-/+ buffers/cache:       1.2G       748M
Swap:         8.0G         0B       8.0G

             total       used       free     shared    buffers     cached
Mem:          2.0G       1.6G       393M       3.3M        42M       297M
-/+ buffers/cache:       1.2G       733M
Swap:         8.0G         0B       8.0G

             total       used       free     shared    buffers     cached
Mem:          2.0G       1.6G       378M       3.3M        42M       297M
-/+ buffers/cache:       1.3G       719M
Swap:         8.0G         0B       8.0G

             total       used       free     shared    buffers     cached
Mem:          2.0G       1.6G       375M       3.3M        42M       297M
-/+ buffers/cache:       1.3G       715M
Swap:         8.0G         0B       8.0G

             total       used       free     shared    buffers     cached
Mem:          2.0G       1.6G       359M       3.3M        42M       297M
-/+ buffers/cache:       1.3G       699M
Swap:         8.0G         0B       8.0G

             total       used       free     shared    buffers     cached
Mem:          2.0G       1.6G       344M       3.3M        42M       297M
-/+ buffers/cache:       1.3G       685M
Swap:         8.0G         0B       8.0G

             total       used       free     shared    buffers     cached
Mem:          2.0G       1.6G       330M       3.3M        42M       297M
-/+ buffers/cache:       1.3G       670M
Swap:         8.0G         0B       8.0G

             total       used       free     shared    buffers     cached
Mem:          2.0G       1.6G       315M       3.3M        42M       297M
-/+ buffers/cache:       1.3G       655M
Swap:         8.0G         0B       8.0G

             total       used       free     shared    buffers     cached
Mem:          2.0G       1.7G       299M       3.3M        42M       297M
-/+ buffers/cache:       1.3G       639M
Swap:         8.0G         0B       8.0G

             total       used       free     shared    buffers     cached
Mem:          2.0G       1.7G       283M       3.3M        42M       297M
-/+ buffers/cache:       1.3G       623M
Swap:         8.0G         0B       8.0G

             total       used       free     shared    buffers     cached
Mem:          2.0G       1.7G       269M       3.3M        42M       297M
-/+ buffers/cache:       1.4G       609M
Swap:         8.0G         0B       8.0G

             total       used       free     shared    buffers     cached
Mem:          2.0G       1.7G       255M       3.3M        42M       297M
-/+ buffers/cache:       1.4G       595M
Swap:         8.0G         0B       8.0G

             total       used       free     shared    buffers     cached
Mem:          2.0G       1.7G       240M       3.3M        42M       297M
-/+ buffers/cache:       1.4G       580M
Swap:         8.0G         0B       8.0G

             total       used       free     shared    buffers     cached
Mem:          2.0G       1.7G       225M       3.3M        42M       297M
-/+ buffers/cache:       1.4G       565M
Swap:         8.0G         0B       8.0G

             total       used       free     shared    buffers     cached
Mem:          2.0G       1.7G       212M       3.3M        42M       297M
-/+ buffers/cache:       1.4G       552M
Swap:         8.0G         0B       8.0G

             total       used       free     shared    buffers     cached
Mem:          2.0G       1.8G       198M       3.3M        42M       297M
-/+ buffers/cache:       1.4G       538M
Swap:         8.0G         0B       8.0G

             total       used       free     shared    buffers     cached
Mem:          2.0G       1.8G       185M       3.3M        42M       297M
-/+ buffers/cache:       1.4G       525M
Swap:         8.0G         0B       8.0G

             total       used       free     shared    buffers     cached
Mem:          2.0G       1.8G       170M       3.3M        42M       297M
-/+ buffers/cache:       1.5G       510M
Swap:         8.0G         0B       8.0G

             total       used       free     shared    buffers     cached
Mem:          2.0G       1.8G       155M       3.3M        42M       297M
-/+ buffers/cache:       1.5G       495M
Swap:         8.0G         0B       8.0G

             total       used       free     shared    buffers     cached
Mem:          2.0G       1.8G       140M       3.3M        42M       297M
-/+ buffers/cache:       1.5G       480M
Swap:         8.0G         0B       8.0G

             total       used       free     shared    buffers     cached
Mem:          2.0G       1.8G       126M       3.3M        42M       297M
-/+ buffers/cache:       1.5G       466M
Swap:         8.0G         0B       8.0G

             total       used       free     shared    buffers     cached
Mem:          2.0G       1.8G       111M       3.3M        42M       297M
-/+ buffers/cache:       1.5G       451M
Swap:         8.0G         0B       8.0G

             total       used       free     shared    buffers     cached
Mem:          2.0G       1.9G        97M       3.3M        42M       297M
-/+ buffers/cache:       1.5G       437M
Swap:         8.0G         0B       8.0G

             total       used       free     shared    buffers     cached
Mem:          2.0G       1.9G        83M       3.3M        42M       297M
-/+ buffers/cache:       1.5G       423M
Swap:         8.0G         0B       8.0G

             total       used       free     shared    buffers     cached
Mem:          2.0G       1.9G        69M       3.3M        42M       297M
-/+ buffers/cache:       1.6G       409M
Swap:         8.0G         0B       8.0G

             total       used       free     shared    buffers     cached
Mem:          2.0G       1.9G        69M       3.3M        28M       295M
-/+ buffers/cache:       1.6G       393M
Swap:         8.0G         0B       8.0G

             total       used       free     shared    buffers     cached
Mem:          2.0G       1.9G        70M       3.3M        14M       294M
-/+ buffers/cache:       1.6G       379M
Swap:         8.0G         0B       8.0G

             total       used       free     shared    buffers     cached
Mem:          2.0G       1.9G        75M       3.3M        14M       273M
-/+ buffers/cache:       1.6G       364M
Swap:         8.0G         0B       8.0G

             total       used       free     shared    buffers     cached
Mem:          2.0G       1.9G        80M       3.1M        13M       254M
-/+ buffers/cache:       1.6G       349M
Swap:         8.0G       172K       8.0G

             total       used       free     shared    buffers     cached
Mem:          2.0G       1.9G        64M       3.2M        13M       254M
-/+ buffers/cache:       1.6G       333M
Swap:         8.0G       172K       8.0G

             total       used       free     shared    buffers     cached
Mem:          2.0G       1.9G        68M       3.1M        13M       238M
-/+ buffers/cache:       1.6G       320M
Swap:         8.0G       4.2M       8.0G

             total       used       free     shared    buffers     cached
Mem:          2.0G       1.9G        81M       2.9M        13M       218M
-/+ buffers/cache:       1.6G       313M
Swap:         8.0G        13M       8.0G

             total       used       free     shared    buffers     cached
Mem:          2.0G       1.9G        67M       2.9M        13M       218M
-/+ buffers/cache:       1.7G       299M
Swap:         8.0G        13M       8.0G

             total       used       free     shared    buffers     cached
Mem:          2.0G       1.9G        77M       2.9M       3.6M       204M
-/+ buffers/cache:       1.7G       285M
Swap:         8.0G        13M       8.0G

             total       used       free     shared    buffers     cached
Mem:          2.0G       1.9G        73M       2.9M       2.1M       193M
-/+ buffers/cache:       1.7G       269M
Swap:         8.0G        13M       8.0G

             total       used       free     shared    buffers     cached
Mem:          2.0G       1.9G        73M       2.9M       1.1M       182M
-/+ buffers/cache:       1.7G       256M
Swap:         8.0G        13M       8.0G

             total       used       free     shared    buffers     cached
Mem:          2.0G       1.9G        84M       2.9M       1.0M       158M
-/+ buffers/cache:       1.7G       243M
Swap:         8.0G        13M       8.0G

             total       used       free     shared    buffers     cached
Mem:          2.0G       1.9G        71M       2.9M       1.0M       158M
-/+ buffers/cache:       1.7G       230M
Swap:         8.0G        13M       8.0G

             total       used       free     shared    buffers     cached
Mem:          2.0G       1.9G        76M       2.9M       968K       139M
-/+ buffers/cache:       1.7G       216M
Swap:         8.0G        13M       8.0G

             total       used       free     shared    buffers     cached
Mem:          2.0G       1.9G        63M       2.9M       968K       139M
-/+ buffers/cache:       1.8G       203M
Swap:         8.0G        13M       8.0G

             total       used       free     shared    buffers     cached
Mem:          2.0G       1.9G        68M       2.9M       204K       124M
-/+ buffers/cache:       1.8G       192M
Swap:         8.0G        13M       8.0G

             total       used       free     shared    buffers     cached
Mem:          2.0G       1.9G        71M       2.9M       204K       109M
-/+ buffers/cache:       1.8G       181M
Swap:         8.0G        13M       8.0G

             total       used       free     shared    buffers     cached
Mem:          2.0G       1.9G        71M       2.9M       204K        96M
-/+ buffers/cache:       1.8G       168M
Swap:         8.0G        13M       8.0G

             total       used       free     shared    buffers     cached
Mem:          2.0G       1.9G        80M       2.9M       196K        75M
-/+ buffers/cache:       1.8G       156M
Swap:         8.0G        13M       8.0G

             total       used       free     shared    buffers     cached
Mem:          2.0G       1.9G        67M       2.9M       200K        75M
-/+ buffers/cache:       1.8G       142M
Swap:         8.0G        13M       8.0G

             total       used       free     shared    buffers     cached
Mem:          2.0G       1.9G        69M       2.9M       200K        58M
-/+ buffers/cache:       1.8G       128M
Swap:         8.0G        13M       8.0G

             total       used       free     shared    buffers     cached
Mem:          2.0G       1.9G        70M       2.9M       480K        43M
-/+ buffers/cache:       1.8G       114M
Swap:         8.0G        13M       8.0G

             total       used       free     shared    buffers     cached
Mem:          2.0G       1.9G        73M       2.9M       480K        26M
-/+ buffers/cache:       1.9G       100M
Swap:         8.0G        13M       8.0G

             total       used       free     shared    buffers     cached
Mem:          2.0G       1.9G        77M       2.9M       480K       9.8M
-/+ buffers/cache:       1.9G        88M
Swap:         8.0G        13M       8.0G

             total       used       free     shared    buffers     cached
Mem:          2.0G       1.9G        81M       2.9M       480K       4.5M
-/+ buffers/cache:       1.9G        85M
Swap:         8.0G        27M       8.0G

             total       used       free     shared    buffers     cached
Mem:          2.0G       1.9G        67M       2.9M       480K       4.5M
-/+ buffers/cache:       1.9G        72M
Swap:         8.0G        27M       8.0G

             total       used       free     shared    buffers     cached
Mem:          2.0G       1.9G        66M       2.6M       488K       4.3M
-/+ buffers/cache:       1.9G        70M
Swap:         8.0G        43M       8.0G

             total       used       free     shared    buffers     cached
Mem:          2.0G       1.9G        68M       2.5M       452K       4.1M
-/+ buffers/cache:       1.9G        72M
Swap:         8.0G        61M       7.9G

             total       used       free     shared    buffers     cached
Mem:          2.0G       1.9G        69M       2.5M       368K       4.1M
-/+ buffers/cache:       1.9G        73M
Swap:         8.0G        70M       7.9G

             total       used       free     shared    buffers     cached
Mem:          2.0G       1.9G        71M       2.5M       340K       4.0M
-/+ buffers/cache:       1.9G        75M
Swap:         8.0G        87M       7.9G

             total       used       free     shared    buffers     cached
Mem:          2.0G       1.9G        78M       2.5M       340K       4.0M
-/+ buffers/cache:       1.9G        82M
Swap:         8.0G       101M       7.9G

             total       used       free     shared    buffers     cached
Mem:          2.0G       1.9G        70M       2.5M       348K       3.9M
-/+ buffers/cache:       1.9G        75M
Swap:         8.0G       112M       7.9G

             total       used       free     shared    buffers     cached
Mem:          2.0G       1.9G        78M       2.5M       344K       4.0M
-/+ buffers/cache:       1.9G        82M
Swap:         8.0G       129M       7.9G

             total       used       free     shared    buffers     cached
Mem:          2.0G       1.9G        65M       2.5M       344K       4.0M
-/+ buffers/cache:       1.9G        69M
Swap:         8.0G       129M       7.9G

             total       used       free     shared    buffers     cached
Mem:          2.0G       1.9G        68M       2.5M       328K       3.9M
-/+ buffers/cache:       1.9G        72M
Swap:         8.0G       151M       7.8G

             total       used       free     shared    buffers     cached
Mem:          2.0G       1.9G        75M       2.5M       280K       3.9M
-/+ buffers/cache:       1.9G        79M
Swap:         8.0G       168M       7.8G

             total       used       free     shared    buffers     cached
Mem:          2.0G       1.9G        78M       2.5M       268K       3.9M
-/+ buffers/cache:       1.9G        82M
Swap:         8.0G       184M       7.8G

             total       used       free     shared    buffers     cached
Mem:          2.0G       1.9G        65M       2.4M       276K       3.9M
-/+ buffers/cache:       1.9G        69M
Swap:         8.0G       184M       7.8G

             total       used       free     shared    buffers     cached
Mem:          2.0G       1.9G        73M       2.4M       228K       3.9M
-/+ buffers/cache:       1.9G        77M
Swap:         8.0G       215M       7.8G

             total       used       free     shared    buffers     cached
Mem:          2.0G       1.9G        75M       2.4M       224K       3.9M
-/+ buffers/cache:       1.9G        79M
Swap:         8.0G       224M       7.8G

             total       used       free     shared    buffers     cached
Mem:          2.0G       1.9G        76M       2.4M       224K       3.9M
-/+ buffers/cache:       1.9G        80M
Swap:         8.0G       240M       7.8G

             total       used       free     shared    buffers     cached
Mem:          2.0G       1.9G        85M       2.4M        80K        20M
-/+ buffers/cache:       1.8G       106M
Swap:         8.0G       292M       7.7G

             total       used       free     shared    buffers     cached
Mem:          2.0G       1.9G        77M       2.4M       544K        21M
-/+ buffers/cache:       1.9G        99M
Swap:         8.0G       289M       7.7G

             total       used       free     shared    buffers     cached
Mem:          2.0G       1.9G        71M       2.4M       544K        21M
-/+ buffers/cache:       1.9G        93M
Swap:         8.0G       289M       7.7G

             total       used       free     shared    buffers     cached
Mem:          2.0G       1.9G        71M       2.4M       544K        21M
-/+ buffers/cache:       1.9G        93M
Swap:         8.0G       288M       7.7G

             total       used       free     shared    buffers     cached
Mem:          2.0G       1.9G        74M       2.4M       536K        12M
-/+ buffers/cache:       1.9G        88M
Swap:         8.0G       289M       7.7G

             total       used       free     shared    buffers     cached
Mem:          2.0G       1.9G        76M       2.4M        76K       5.2M
-/+ buffers/cache:       1.9G        81M
Swap:         8.0G       299M       7.7G

             total       used       free     shared    buffers     cached
Mem:          2.0G       1.9G       104M       2.4M       500K       8.5M
-/+ buffers/cache:       1.8G       113M
Swap:         8.0G       347M       7.7G

             total       used       free     shared    buffers     cached
Mem:          2.0G       1.9G        97M       2.4M       500K       8.5M
-/+ buffers/cache:       1.8G       106M
Swap:         8.0G       347M       7.7G

             total       used       free     shared    buffers     cached
Mem:          2.0G       1.9G        87M       2.4M       500K       8.5M
-/+ buffers/cache:       1.9G        96M
Swap:         8.0G       347M       7.7G

             total       used       free     shared    buffers     cached
Mem:          2.0G       1.9G        80M       2.4M       500K       8.5M
-/+ buffers/cache:       1.9G        89M
Swap:         8.0G       347M       7.7G

             total       used       free     shared    buffers     cached
Mem:          2.0G       1.9G        72M       2.4M       500K       8.5M
-/+ buffers/cache:       1.9G        81M
Swap:         8.0G       347M       7.7G

             total       used       free     shared    buffers     cached
Mem:          2.0G       1.9G        72M       2.4M       508K       8.6M
-/+ buffers/cache:       1.9G        81M
Swap:         8.0G       346M       7.7G

             total       used       free     shared    buffers     cached
Mem:          2.0G       1.9G        71M       2.4M       508K       8.6M
-/+ buffers/cache:       1.9G        80M
Swap:         8.0G       346M       7.7G

             total       used       free     shared    buffers     cached
Mem:          2.0G       1.9G        71M       2.4M       508K       8.6M
-/+ buffers/cache:       1.9G        80M
Swap:         8.0G       346M       7.7G

             total       used       free     shared    buffers     cached
Mem:          2.0G       1.9G        70M       2.4M       508K       8.5M
-/+ buffers/cache:       1.9G        79M
Swap:         8.0G       345M       7.7G

             total       used       free     shared    buffers     cached
Mem:          2.0G       1.9G        69M       2.4M       524K       8.6M
-/+ buffers/cache:       1.9G        79M
Swap:         8.0G       345M       7.7G

             total       used       free     shared    buffers     cached
Mem:          2.0G       1.9G        69M       2.4M       524K       8.6M
-/+ buffers/cache:       1.9G        78M
Swap:         8.0G       345M       7.7G

             total       used       free     shared    buffers     cached
Mem:          2.0G       1.9G        68M       2.4M       532K       8.6M
-/+ buffers/cache:       1.9G        78M
Swap:         8.0G       344M       7.7G

             total       used       free     shared    buffers     cached
Mem:          2.0G       1.9G        68M       2.4M       532K       8.6M
-/+ buffers/cache:       1.9G        77M
Swap:         8.0G       344M       7.7G

             total       used       free     shared    buffers     cached
Mem:          2.0G       1.9G        67M       2.4M       532K       8.6M
-/+ buffers/cache:       1.9G        76M
Swap:         8.0G       343M       7.7G

             total       used       free     shared    buffers     cached
Mem:          2.0G       1.9G        67M       2.4M       532K       8.6M
-/+ buffers/cache:       1.9G        76M
Swap:         8.0G       343M       7.7G

             total       used       free     shared    buffers     cached
Mem:          2.0G       1.9G        66M       2.4M       532K       8.6M
-/+ buffers/cache:       1.9G        75M
Swap:         8.0G       343M       7.7G

             total       used       free     shared    buffers     cached
Mem:          2.0G       1.9G        76M       2.4M       820K       8.4M
-/+ buffers/cache:       1.9G        85M
Swap:         8.0G       351M       7.7G

             total       used       free     shared    buffers     cached
Mem:          2.0G       1.9G        88M       2.3M       468K        31M
-/+ buffers/cache:       1.8G       121M
Swap:         8.0G       410M       7.6G

             total       used       free     shared    buffers     cached
Mem:          2.0G       1.9G        88M       2.3M       628K        32M
-/+ buffers/cache:       1.8G       121M
Swap:         8.0G       409M       7.6G

             total       used       free     shared    buffers     cached
Mem:          2.0G       1.9G        87M       2.3M       628K        32M
-/+ buffers/cache:       1.8G       119M
Swap:         8.0G       408M       7.6G

             total       used       free     shared    buffers     cached
Mem:          2.0G       1.9G        86M       2.3M       632K        32M
-/+ buffers/cache:       1.8G       118M
Swap:         8.0G       408M       7.6G

             total       used       free     shared    buffers     cached
Mem:          2.0G       1.9G        85M       2.3M       632K        32M
-/+ buffers/cache:       1.8G       117M
Swap:         8.0G       407M       7.6G

             total       used       free     shared    buffers     cached
Mem:          2.0G       1.9G        85M       2.3M       640K        32M
-/+ buffers/cache:       1.8G       117M
Swap:         8.0G       407M       7.6G

             total       used       free     shared    buffers     cached
Mem:          2.0G       1.9G        84M       2.3M       640K        32M
-/+ buffers/cache:       1.8G       117M
Swap:         8.0G       407M       7.6G

             total       used       free     shared    buffers     cached
Mem:          2.0G       1.9G        83M       2.3M       640K        32M
-/+ buffers/cache:       1.8G       116M
Swap:         8.0G       407M       7.6G

             total       used       free     shared    buffers     cached
Mem:          2.0G       1.9G        81M       2.3M       640K        33M
-/+ buffers/cache:       1.8G       115M
Swap:         8.0G       406M       7.6G

             total       used       free     shared    buffers     cached
Mem:          2.0G       1.9G        80M       2.3M       640K        33M
-/+ buffers/cache:       1.8G       114M
Swap:         8.0G       406M       7.6G

             total       used       free     shared    buffers     cached
Mem:          2.0G       1.9G        80M       2.3M       648K        33M
-/+ buffers/cache:       1.8G       114M
Swap:         8.0G       405M       7.6G

             total       used       free     shared    buffers     cached
Mem:          2.0G       1.9G        79M       2.3M       648K        33M
-/+ buffers/cache:       1.8G       113M
Swap:         8.0G       405M       7.6G

             total       used       free     shared    buffers     cached
Mem:          2.0G       1.9G        78M       2.3M       648K        34M
-/+ buffers/cache:       1.8G       113M
Swap:         8.0G       404M       7.6G

             total       used       free     shared    buffers     cached
Mem:          2.0G       1.9G        77M       2.3M       648K        34M
-/+ buffers/cache:       1.8G       112M
Swap:         8.0G       404M       7.6G

             total       used       free     shared    buffers     cached
Mem:          2.0G       1.9G        77M       2.3M       648K        34M
-/+ buffers/cache:       1.8G       112M
Swap:         8.0G       403M       7.6G

             total       used       free     shared    buffers     cached
Mem:          2.0G       1.9G        76M       2.3M       648K        34M
-/+ buffers/cache:       1.8G       111M
Swap:         8.0G       403M       7.6G

             total       used       free     shared    buffers     cached
Mem:          2.0G       1.9G        75M       2.3M       656K        34M
-/+ buffers/cache:       1.8G       110M
Swap:         8.0G       402M       7.6G

             total       used       free     shared    buffers     cached
Mem:          2.0G       1.9G        75M       2.3M       656K        34M
-/+ buffers/cache:       1.8G       110M
Swap:         8.0G       402M       7.6G

             total       used       free     shared    buffers     cached
Mem:          2.0G       1.9G        74M       2.3M       656K        34M
-/+ buffers/cache:       1.8G       109M
Swap:         8.0G       402M       7.6G

             total       used       free     shared    buffers     cached
Mem:          2.0G       1.9G        74M       2.3M       656K        34M
-/+ buffers/cache:       1.8G       109M
Swap:         8.0G       401M       7.6G

             total       used       free     shared    buffers     cached
Mem:          2.0G       1.9G        73M       2.3M       656K        34M
-/+ buffers/cache:       1.8G       108M
Swap:         8.0G       401M       7.6G

             total       used       free     shared    buffers     cached
Mem:          2.0G       1.9G        73M       2.3M       664K        34M
-/+ buffers/cache:       1.8G       107M
Swap:         8.0G       401M       7.6G

             total       used       free     shared    buffers     cached
Mem:          2.0G       1.9G        72M       2.3M       664K        34M
-/+ buffers/cache:       1.8G       107M
Swap:         8.0G       400M       7.6G

             total       used       free     shared    buffers     cached
Mem:          2.0G       1.9G        72M       2.3M       664K        34M
-/+ buffers/cache:       1.8G       106M
Swap:         8.0G       400M       7.6G

             total       used       free     shared    buffers     cached
Mem:          2.0G       1.9G        71M       2.3M       664K        34M
-/+ buffers/cache:       1.8G       106M
Swap:         8.0G       400M       7.6G

             total       used       free     shared    buffers     cached
Mem:          2.0G       1.9G        70M       2.3M       664K        34M
-/+ buffers/cache:       1.8G       105M
Swap:         8.0G       399M       7.6G

             total       used       free     shared    buffers     cached
Mem:          2.0G       1.9G        70M       2.3M       664K        34M
-/+ buffers/cache:       1.9G       105M
Swap:         8.0G       399M       7.6G

             total       used       free     shared    buffers     cached
Mem:          2.0G       1.9G        69M       2.3M       672K        34M
-/+ buffers/cache:       1.9G       104M
Swap:         8.0G       399M       7.6G

             total       used       free     shared    buffers     cached
Mem:          2.0G       1.9G        69M       2.3M       672K        34M
-/+ buffers/cache:       1.9G       103M
Swap:         8.0G       398M       7.6G

             total       used       free     shared    buffers     cached
Mem:          2.0G       1.9G        68M       2.3M       672K        34M
-/+ buffers/cache:       1.9G       103M
Swap:         8.0G       398M       7.6G

             total       used       free     shared    buffers     cached
Mem:          2.0G       1.9G        68M       2.3M       672K        34M
-/+ buffers/cache:       1.9G       102M
Swap:         8.0G       397M       7.6G

             total       used       free     shared    buffers     cached
Mem:          2.0G       1.9G        67M       2.3M       672K        34M
-/+ buffers/cache:       1.9G       102M
Swap:         8.0G       397M       7.6G

             total       used       free     shared    buffers     cached
Mem:          2.0G       1.9G        66M       2.3M       680K        34M
-/+ buffers/cache:       1.9G       101M
Swap:         8.0G       397M       7.6G

             total       used       free     shared    buffers     cached
Mem:          2.0G       1.9G        66M       2.3M       680K        34M
-/+ buffers/cache:       1.9G       101M
Swap:         8.0G       396M       7.6G

             total       used       free     shared    buffers     cached
Mem:          2.0G       1.9G        65M       2.3M       680K        34M
-/+ buffers/cache:       1.9G       100M
Swap:         8.0G       396M       7.6G

             total       used       free     shared    buffers     cached
Mem:          2.0G       1.9G        65M       2.3M       680K        34M
-/+ buffers/cache:       1.9G       100M
Swap:         8.0G       395M       7.6G

             total       used       free     shared    buffers     cached
Mem:          2.0G       1.9G        64M       2.3M       680K        34M
-/+ buffers/cache:       1.9G        99M
Swap:         8.0G       395M       7.6G

             total       used       free     shared    buffers     cached
Mem:          2.0G       1.9G        71M       2.3M       668K        38M
-/+ buffers/cache:       1.8G       110M
Swap:         8.0G       395M       7.6G

             total       used       free     shared    buffers     cached
Mem:          2.0G       1.9G        70M       2.3M       1.2M        38M
-/+ buffers/cache:       1.8G       109M
Swap:         8.0G       394M       7.6G

             total       used       free     shared    buffers     cached
Mem:          2.0G       1.9G        66M       2.3M       2.3M        40M
-/+ buffers/cache:       1.8G       108M
Swap:         8.0G       394M       7.6G

             total       used       free     shared    buffers     cached
Mem:          2.0G       1.9G        65M       2.3M       2.3M        40M
-/+ buffers/cache:       1.8G       108M
Swap:         8.0G       393M       7.6G

             total       used       free     shared    buffers     cached
Mem:          2.0G       1.9G        65M       2.3M       2.3M        40M
-/+ buffers/cache:       1.8G       107M
Swap:         8.0G       393M       7.6G

             total       used       free     shared    buffers     cached
Mem:          2.0G       1.9G        76M       2.3M       2.0M        38M
-/+ buffers/cache:       1.8G       117M
Swap:         8.0G       401M       7.6G

             total       used       free     shared    buffers     cached
Mem:          2.0G       1.9G        76M       2.3M       2.0M        38M
-/+ buffers/cache:       1.8G       116M
Swap:         8.0G       401M       7.6G

             total       used       free     shared    buffers     cached
Mem:          2.0G       1.9G        75M       2.3M       2.0M        38M
-/+ buffers/cache:       1.8G       116M
Swap:         8.0G       401M       7.6G

             total       used       free     shared    buffers     cached
Mem:          2.0G       1.9G        74M       2.3M       2.0M        38M
-/+ buffers/cache:       1.8G       115M
Swap:         8.0G       400M       7.6G

             total       used       free     shared    buffers     cached
Mem:          2.0G       1.9G        74M       2.3M       2.0M        38M
-/+ buffers/cache:       1.8G       115M
Swap:         8.0G       400M       7.6G

             total       used       free     shared    buffers     cached
Mem:          2.0G       1.9G        73M       2.3M       2.0M        38M
-/+ buffers/cache:       1.8G       114M
Swap:         8.0G       400M       7.6G

             total       used       free     shared    buffers     cached
Mem:          2.0G       1.9G        73M       2.3M       2.0M        38M
-/+ buffers/cache:       1.8G       114M
Swap:         8.0G       399M       7.6G

             total       used       free     shared    buffers     cached
Mem:          2.0G       1.9G        72M       2.3M       2.0M        38M
-/+ buffers/cache:       1.8G       113M
Swap:         8.0G       399M       7.6G

             total       used       free     shared    buffers     cached
Mem:          2.0G       1.9G        71M       2.3M       2.0M        38M
-/+ buffers/cache:       1.8G       112M
Swap:         8.0G       398M       7.6G

             total       used       free     shared    buffers     cached
Mem:          2.0G       1.9G        71M       2.3M       2.0M        38M
-/+ buffers/cache:       1.8G       112M
Swap:         8.0G       398M       7.6G

             total       used       free     shared    buffers     cached
Mem:          2.0G       1.9G        70M       2.3M       2.0M        38M
-/+ buffers/cache:       1.8G       111M
Swap:         8.0G       398M       7.6G

             total       used       free     shared    buffers     cached
Mem:          2.0G       1.9G        70M       2.3M       2.0M        38M
-/+ buffers/cache:       1.8G       111M
Swap:         8.0G       397M       7.6G

             total       used       free     shared    buffers     cached
Mem:          2.0G       1.9G        69M       2.3M       2.0M        38M
-/+ buffers/cache:       1.8G       110M
Swap:         8.0G       397M       7.6G

             total       used       free     shared    buffers     cached
Mem:          2.0G       1.9G        69M       2.3M       2.0M        38M
-/+ buffers/cache:       1.8G       110M
Swap:         8.0G       397M       7.6G

             total       used       free     shared    buffers     cached
Mem:          2.0G       1.9G        68M       2.3M       2.0M        38M
-/+ buffers/cache:       1.8G       109M
Swap:         8.0G       396M       7.6G

             total       used       free     shared    buffers     cached
Mem:          2.0G       1.9G        67M       2.3M       2.0M        38M
-/+ buffers/cache:       1.8G       108M
Swap:         8.0G       396M       7.6G

             total       used       free     shared    buffers     cached
Mem:          2.0G       1.9G        67M       2.3M       2.0M        38M
-/+ buffers/cache:       1.8G       108M
Swap:         8.0G       395M       7.6G

             total       used       free     shared    buffers     cached
Mem:          2.0G       1.9G        66M       2.3M       2.0M        38M
-/+ buffers/cache:       1.8G       107M
Swap:         8.0G       395M       7.6G

             total       used       free     shared    buffers     cached
Mem:          2.0G       1.9G        66M       2.3M       2.0M        38M
-/+ buffers/cache:       1.8G       107M
Swap:         8.0G       395M       7.6G

             total       used       free     shared    buffers     cached
Mem:          2.0G       1.9G        65M       2.3M       2.0M        38M
-/+ buffers/cache:       1.8G       106M
Swap:         8.0G       394M       7.6G

             total       used       free     shared    buffers     cached
Mem:          2.0G       1.9G        65M       2.3M       2.0M        38M
-/+ buffers/cache:       1.8G       106M
Swap:         8.0G       394M       7.6G

             total       used       free     shared    buffers     cached
Mem:          2.0G       1.9G        77M       2.3M       1.9M        36M
-/+ buffers/cache:       1.8G       115M
Swap:         8.0G       404M       7.6G

             total       used       free     shared    buffers     cached
Mem:          2.0G       1.9G        77M       2.3M       1.9M        36M
-/+ buffers/cache:       1.8G       116M
Swap:         8.0G       404M       7.6G

             total       used       free     shared    buffers     cached
Mem:          2.0G       1.9G        76M       2.3M       1.9M        37M
-/+ buffers/cache:       1.8G       115M
Swap:         8.0G       403M       7.6G

             total       used       free     shared    buffers     cached
Mem:          2.0G       1.9G        76M       2.3M       1.9M        37M
-/+ buffers/cache:       1.8G       114M
Swap:         8.0G       403M       7.6G

             total       used       free     shared    buffers     cached
Mem:          2.0G       1.9G        75M       2.3M       1.9M        37M
-/+ buffers/cache:       1.8G       114M
Swap:         8.0G       403M       7.6G

             total       used       free     shared    buffers     cached
Mem:          2.0G       1.9G        75M       2.3M       2.3M        67M
-/+ buffers/cache:       1.8G       145M
Swap:         8.0G       448M       7.6G

             total       used       free     shared    buffers     cached
Mem:          2.0G       1.9G        82M       2.3M       2.5M        68M
-/+ buffers/cache:       1.8G       153M
Swap:         8.0G       448M       7.6G

             total       used       free     shared    buffers     cached
Mem:          2.0G       1.9G        81M       2.3M       2.5M        68M
-/+ buffers/cache:       1.8G       152M
Swap:         8.0G       447M       7.6G

             total       used       free     shared    buffers     cached
Mem:          2.0G       1.9G        75M       2.3M       2.5M        70M
-/+ buffers/cache:       1.8G       148M
Swap:         8.0G       445M       7.6G

             total       used       free     shared    buffers     cached
Mem:          2.0G       1.9G        74M       2.3M       2.5M        70M
-/+ buffers/cache:       1.8G       147M
Swap:         8.0G       445M       7.6G

             total       used       free     shared    buffers     cached
Mem:          2.0G       1.9G        73M       2.3M       2.5M        70M
-/+ buffers/cache:       1.8G       146M
Swap:         8.0G       444M       7.6G

             total       used       free     shared    buffers     cached
Mem:          2.0G       1.9G        65M       2.3M       2.5M        74M
-/+ buffers/cache:       1.8G       142M
Swap:         8.0G       442M       7.6G

             total       used       free     shared    buffers     cached
Mem:          2.0G       1.9G        64M       2.3M       2.5M        74M
-/+ buffers/cache:       1.8G       141M
Swap:         8.0G       442M       7.6G

             total       used       free     shared    buffers     cached
Mem:          2.0G       1.9G        76M       2.3M       2.5M        72M
-/+ buffers/cache:       1.8G       151M
Swap:         8.0G       443M       7.6G

             total       used       free     shared    buffers     cached
Mem:          2.0G       1.9G        76M       2.3M       2.5M        71M
-/+ buffers/cache:       1.8G       150M
Swap:         8.0G       443M       7.6G

             total       used       free     shared    buffers     cached
Mem:          2.0G       1.9G        76M       2.3M       2.5M        72M
-/+ buffers/cache:       1.8G       150M
Swap:         8.0G       443M       7.6G

             total       used       free     shared    buffers     cached
Mem:          2.0G       1.9G        75M       2.3M       2.5M        72M
-/+ buffers/cache:       1.8G       150M
Swap:         8.0G       442M       7.6G

             total       used       free     shared    buffers     cached
Mem:          2.0G       1.9G        75M       2.3M       2.5M        71M
-/+ buffers/cache:       1.8G       149M
Swap:         8.0G       442M       7.6G

             total       used       free     shared    buffers     cached
Mem:          2.0G       1.9G        74M       2.3M       2.5M        72M
-/+ buffers/cache:       1.8G       149M
Swap:         8.0G       442M       7.6G

             total       used       free     shared    buffers     cached
Mem:          2.0G       1.9G        74M       2.3M       2.5M        72M
-/+ buffers/cache:       1.8G       148M
Swap:         8.0G       442M       7.6G

             total       used       free     shared    buffers     cached
Mem:          2.0G       1.9G        73M       2.3M       2.5M        72M
-/+ buffers/cache:       1.8G       148M
Swap:         8.0G       441M       7.6G

             total       used       free     shared    buffers     cached
Mem:          2.0G       1.9G        69M       2.4M       636K        73M
-/+ buffers/cache:       1.8G       144M
Swap:         8.0G       441M       7.6G

             total       used       free     shared    buffers     cached
Mem:          2.0G       1.9G        79M       6.0M       5.2M        56M
-/+ buffers/cache:       1.8G       141M
Swap:         8.0G       469M       7.5G

             total       used       free     shared    buffers     cached
Mem:          2.0G       1.9G        72M       6.0M       4.1M        62M
-/+ buffers/cache:       1.8G       139M
Swap:         8.0G       468M       7.5G

             total       used       free     shared    buffers     cached
Mem:          2.0G       1.9G        75M       2.4M       4.2M        65M
-/+ buffers/cache:       1.8G       144M
Swap:         8.0G       465M       7.5G

             total       used       free     shared    buffers     cached
Mem:          2.0G       1.9G        74M       2.4M       4.2M        65M
-/+ buffers/cache:       1.8G       143M
Swap:         8.0G       465M       7.5G

             total       used       free     shared    buffers     cached
Mem:          2.0G       1.9G        73M       2.4M       4.2M        65M
-/+ buffers/cache:       1.8G       142M
Swap:         8.0G       464M       7.5G

             total       used       free     shared    buffers     cached
Mem:          2.0G       1.9G        72M       2.4M       4.2M        65M
-/+ buffers/cache:       1.8G       141M
Swap:         8.0G       464M       7.5G

             total       used       free     shared    buffers     cached
Mem:          2.0G       1.9G        71M       2.4M       4.2M        65M
-/+ buffers/cache:       1.8G       140M
Swap:         8.0G       463M       7.5G

             total       used       free     shared    buffers     cached
Mem:          2.0G       1.9G        69M       2.4M       4.4M        65M
-/+ buffers/cache:       1.8G       139M
Swap:         8.0G       463M       7.5G

             total       used       free     shared    buffers     cached
Mem:          2.0G       1.9G        68M       2.4M       4.4M        65M
-/+ buffers/cache:       1.8G       138M
Swap:         8.0G       462M       7.5G

             total       used       free     shared    buffers     cached
Mem:          2.0G       1.9G        67M       2.4M       4.4M        65M
-/+ buffers/cache:       1.8G       137M
Swap:         8.0G       462M       7.5G

             total       used       free     shared    buffers     cached
Mem:          2.0G       1.9G        66M       2.4M       4.4M        65M
-/+ buffers/cache:       1.8G       136M
Swap:         8.0G       461M       7.5G

             total       used       free     shared    buffers     cached
Mem:          2.0G       1.9G        65M       2.4M       4.4M        65M
-/+ buffers/cache:       1.8G       136M
Swap:         8.0G       461M       7.5G

             total       used       free     shared    buffers     cached
Mem:          2.0G       1.9G        77M       2.4M       4.4M        64M
-/+ buffers/cache:       1.8G       146M
Swap:         8.0G       484M       7.5G

             total       used       free     shared    buffers     cached
Mem:          2.0G       1.9G        76M       2.4M       4.5M        64M
-/+ buffers/cache:       1.8G       145M
Swap:         8.0G       484M       7.5G

             total       used       free     shared    buffers     cached
Mem:          2.0G       1.9G        75M       2.4M       4.7M        64M
-/+ buffers/cache:       1.8G       145M
Swap:         8.0G       483M       7.5G

             total       used       free     shared    buffers     cached
Mem:          2.0G       1.9G        74M       2.4M       4.7M        64M
-/+ buffers/cache:       1.8G       144M
Swap:         8.0G       483M       7.5G

             total       used       free     shared    buffers     cached
Mem:          2.0G       1.9G        73M       2.4M       4.7M        64M
-/+ buffers/cache:       1.8G       142M
Swap:         8.0G       482M       7.5G

             total       used       free     shared    buffers     cached
Mem:          2.0G       1.9G        72M       2.4M       4.7M        64M
-/+ buffers/cache:       1.8G       141M
Swap:         8.0G       482M       7.5G

             total       used       free     shared    buffers     cached
Mem:          2.0G       1.9G        71M       2.4M       4.7M        64M
-/+ buffers/cache:       1.8G       141M
Swap:         8.0G       481M       7.5G

             total       used       free     shared    buffers     cached
Mem:          2.0G       1.9G        70M       2.4M       4.7M        64M
-/+ buffers/cache:       1.8G       140M
Swap:         8.0G       481M       7.5G

             total       used       free     shared    buffers     cached
Mem:          2.0G       1.9G        69M       2.4M       4.7M        64M
-/+ buffers/cache:       1.8G       139M
Swap:         8.0G       480M       7.5G

             total       used       free     shared    buffers     cached
Mem:          2.0G       1.9G        68M       2.4M       4.7M        65M
-/+ buffers/cache:       1.8G       138M
Swap:         8.0G       479M       7.5G

             total       used       free     shared    buffers     cached
Mem:          2.0G       1.9G        67M       2.4M       4.7M        65M
-/+ buffers/cache:       1.8G       137M
Swap:         8.0G       479M       7.5G

             total       used       free     shared    buffers     cached
Mem:          2.0G       1.9G        66M       2.4M       4.7M        65M
-/+ buffers/cache:       1.8G       136M
Swap:         8.0G       478M       7.5G

             total       used       free     shared    buffers     cached
Mem:          2.0G       1.9G        65M       2.4M       4.7M        65M
-/+ buffers/cache:       1.8G       135M
Swap:         8.0G       478M       7.5G

             total       used       free     shared    buffers     cached
Mem:          2.0G       1.9G        64M       2.4M       4.7M        65M
-/+ buffers/cache:       1.8G       134M
Swap:         8.0G       477M       7.5G

             total       used       free     shared    buffers     cached
Mem:          2.0G       1.9G        76M       2.4M       4.7M        64M
-/+ buffers/cache:       1.8G       145M
Swap:         8.0G       479M       7.5G

             total       used       free     shared    buffers     cached
Mem:          2.0G       1.9G        80M       2.4M       8.2M        75M
-/+ buffers/cache:       1.8G       164M
Swap:         8.0G       499M       7.5G

             total       used       free     shared    buffers     cached
Mem:          2.0G       1.9G        76M       2.4M       8.5M        77M
-/+ buffers/cache:       1.8G       162M
Swap:         8.0G       498M       7.5G
