             total       used       free     shared    buffers     cached
Mem:          992M       661M       330M       3.2M        39M       289M
-/+ buffers/cache:       332M       659M
Swap:         8.0G         0B       8.0G

             total       used       free     shared    buffers     cached
Mem:          992M       660M       331M       3.2M        39M       290M
-/+ buffers/cache:       331M       660M
Swap:         8.0G         0B       8.0G

             total       used       free     shared    buffers     cached
Mem:          992M       660M       331M       3.2M        39M       290M
-/+ buffers/cache:       331M       660M
Swap:         8.0G         0B       8.0G

             total       used       free     shared    buffers     cached
Mem:          992M       660M       331M       3.2M        39M       290M
-/+ buffers/cache:       331M       660M
Swap:         8.0G         0B       8.0G

             total       used       free     shared    buffers     cached
Mem:          992M       660M       331M       3.2M        39M       290M
-/+ buffers/cache:       331M       660M
Swap:         8.0G         0B       8.0G

             total       used       free     shared    buffers     cached
Mem:          992M       660M       331M       3.2M        39M       290M
-/+ buffers/cache:       331M       660M
Swap:         8.0G         0B       8.0G

             total       used       free     shared    buffers     cached
Mem:          992M       660M       331M       3.2M        39M       290M
-/+ buffers/cache:       331M       660M
Swap:         8.0G         0B       8.0G

             total       used       free     shared    buffers     cached
Mem:          992M       660M       331M       3.2M        39M       290M
-/+ buffers/cache:       331M       660M
Swap:         8.0G         0B       8.0G

             total       used       free     shared    buffers     cached
Mem:          992M       660M       331M       3.2M        39M       290M
-/+ buffers/cache:       331M       660M
Swap:         8.0G         0B       8.0G

             total       used       free     shared    buffers     cached
Mem:          992M       661M       331M       3.2M        39M       290M
-/+ buffers/cache:       331M       660M
Swap:         8.0G         0B       8.0G

             total       used       free     shared    buffers     cached
Mem:          992M       660M       331M       3.2M        39M       290M
-/+ buffers/cache:       331M       661M
Swap:         8.0G         0B       8.0G

             total       used       free     shared    buffers     cached
Mem:          992M       666M       325M       3.2M        39M       290M
-/+ buffers/cache:       336M       655M
Swap:         8.0G         0B       8.0G

             total       used       free     shared    buffers     cached
Mem:          992M       683M       308M       3.2M        39M       290M
-/+ buffers/cache:       353M       638M
Swap:         8.0G         0B       8.0G

             total       used       free     shared    buffers     cached
Mem:          992M       669M       322M       3.2M        39M       291M
-/+ buffers/cache:       339M       653M
Swap:         8.0G         0B       8.0G

             total       used       free     shared    buffers     cached
Mem:          992M       669M       322M       3.2M        39M       291M
-/+ buffers/cache:       339M       653M
Swap:         8.0G         0B       8.0G

             total       used       free     shared    buffers     cached
Mem:          992M       670M       321M       3.2M        39M       291M
-/+ buffers/cache:       339M       652M
Swap:         8.0G         0B       8.0G

             total       used       free     shared    buffers     cached
Mem:          992M       670M       321M       3.2M        39M       291M
-/+ buffers/cache:       339M       652M
Swap:         8.0G         0B       8.0G

             total       used       free     shared    buffers     cached
Mem:          992M       670M       321M       3.2M        39M       291M
-/+ buffers/cache:       339M       652M
Swap:         8.0G         0B       8.0G

             total       used       free     shared    buffers     cached
Mem:          992M       670M       321M       3.2M        39M       291M
-/+ buffers/cache:       339M       652M
Swap:         8.0G         0B       8.0G

             total       used       free     shared    buffers     cached
Mem:          992M       670M       321M       3.2M        39M       291M
-/+ buffers/cache:       339M       652M
Swap:         8.0G         0B       8.0G

             total       used       free     shared    buffers     cached
Mem:          992M       670M       321M       3.2M        39M       291M
-/+ buffers/cache:       339M       652M
Swap:         8.0G         0B       8.0G

             total       used       free     shared    buffers     cached
Mem:          992M       670M       321M       3.2M        39M       291M
-/+ buffers/cache:       339M       652M
Swap:         8.0G         0B       8.0G

             total       used       free     shared    buffers     cached
Mem:          992M       670M       321M       3.2M        39M       291M
-/+ buffers/cache:       339M       652M
Swap:         8.0G         0B       8.0G

             total       used       free     shared    buffers     cached
Mem:          992M       670M       321M       3.2M        39M       291M
-/+ buffers/cache:       339M       652M
Swap:         8.0G         0B       8.0G

             total       used       free     shared    buffers     cached
Mem:          992M       670M       321M       3.2M        39M       291M
-/+ buffers/cache:       339M       652M
Swap:         8.0G         0B       8.0G

             total       used       free     shared    buffers     cached
Mem:          992M       670M       321M       3.2M        39M       291M
-/+ buffers/cache:       339M       652M
Swap:         8.0G         0B       8.0G

             total       used       free     shared    buffers     cached
Mem:          992M       670M       321M       3.2M        39M       291M
-/+ buffers/cache:       339M       652M
Swap:         8.0G         0B       8.0G

             total       used       free     shared    buffers     cached
Mem:          992M       670M       321M       3.2M        39M       291M
-/+ buffers/cache:       339M       652M
Swap:         8.0G         0B       8.0G

             total       used       free     shared    buffers     cached
Mem:          992M       670M       321M       3.2M        39M       291M
-/+ buffers/cache:       339M       652M
Swap:         8.0G         0B       8.0G

             total       used       free     shared    buffers     cached
Mem:          992M       670M       321M       3.2M        39M       291M
-/+ buffers/cache:       339M       652M
Swap:         8.0G         0B       8.0G

             total       used       free     shared    buffers     cached
Mem:          992M       670M       321M       3.2M        39M       291M
-/+ buffers/cache:       339M       652M
Swap:         8.0G         0B       8.0G

             total       used       free     shared    buffers     cached
Mem:          992M       670M       321M       3.2M        39M       291M
-/+ buffers/cache:       339M       652M
Swap:         8.0G         0B       8.0G

             total       used       free     shared    buffers     cached
Mem:          992M       670M       321M       3.2M        39M       291M
-/+ buffers/cache:       339M       652M
Swap:         8.0G         0B       8.0G

             total       used       free     shared    buffers     cached
Mem:          992M       674M       317M       3.2M        39M       291M
-/+ buffers/cache:       343M       648M
Swap:         8.0G         0B       8.0G

             total       used       free     shared    buffers     cached
Mem:          992M       689M       302M       3.2M        39M       291M
-/+ buffers/cache:       358M       633M
Swap:         8.0G         0B       8.0G

             total       used       free     shared    buffers     cached
Mem:          992M       705M       286M       3.2M        39M       291M
-/+ buffers/cache:       374M       617M
Swap:         8.0G         0B       8.0G

             total       used       free     shared    buffers     cached
Mem:          992M       719M       272M       3.2M        39M       291M
-/+ buffers/cache:       388M       603M
Swap:         8.0G         0B       8.0G

             total       used       free     shared    buffers     cached
Mem:          992M       733M       258M       3.2M        39M       291M
-/+ buffers/cache:       402M       589M
Swap:         8.0G         0B       8.0G

             total       used       free     shared    buffers     cached
Mem:          992M       748M       243M       3.2M        39M       291M
-/+ buffers/cache:       417M       574M
Swap:         8.0G         0B       8.0G

             total       used       free     shared    buffers     cached
Mem:          992M       761M       230M       3.2M        39M       291M
-/+ buffers/cache:       430M       561M
Swap:         8.0G         0B       8.0G

             total       used       free     shared    buffers     cached
Mem:          992M       777M       214M       3.2M        39M       291M
-/+ buffers/cache:       446M       545M
Swap:         8.0G         0B       8.0G

             total       used       free     shared    buffers     cached
Mem:          992M       794M       197M       3.2M        39M       291M
-/+ buffers/cache:       463M       529M
Swap:         8.0G         0B       8.0G

             total       used       free     shared    buffers     cached
Mem:          992M       809M       182M       3.2M        39M       291M
-/+ buffers/cache:       478M       513M
Swap:         8.0G         0B       8.0G

             total       used       free     shared    buffers     cached
Mem:          992M       825M       166M       3.2M        39M       291M
-/+ buffers/cache:       494M       497M
Swap:         8.0G         0B       8.0G

             total       used       free     shared    buffers     cached
Mem:          992M       841M       150M       3.2M        39M       291M
-/+ buffers/cache:       510M       481M
Swap:         8.0G         0B       8.0G

             total       used       free     shared    buffers     cached
Mem:          992M       857M       134M       3.2M        39M       291M
-/+ buffers/cache:       526M       465M
Swap:         8.0G         0B       8.0G

             total       used       free     shared    buffers     cached
Mem:          992M       874M       117M       3.2M        39M       291M
-/+ buffers/cache:       543M       448M
Swap:         8.0G         0B       8.0G

             total       used       free     shared    buffers     cached
Mem:          992M       892M        99M       3.2M        39M       291M
-/+ buffers/cache:       561M       430M
Swap:         8.0G         0B       8.0G

             total       used       free     shared    buffers     cached
Mem:          992M       907M        84M       3.2M        39M       291M
-/+ buffers/cache:       576M       415M
Swap:         8.0G         0B       8.0G

             total       used       free     shared    buffers     cached
Mem:          992M       924M        67M       3.2M        39M       291M
-/+ buffers/cache:       593M       398M
Swap:         8.0G         0B       8.0G

             total       used       free     shared    buffers     cached
Mem:          992M       922M        69M       3.2M        21M       290M
-/+ buffers/cache:       611M       381M
Swap:         8.0G         0B       8.0G

             total       used       free     shared    buffers     cached
Mem:          992M       923M        68M       3.2M        10M       285M
-/+ buffers/cache:       627M       364M
Swap:         8.0G         0B       8.0G

             total       used       free     shared    buffers     cached
Mem:          992M       917M        74M       3.1M        10M       264M
-/+ buffers/cache:       642M       349M
Swap:         8.0G       200K       8.0G

             total       used       free     shared    buffers     cached
Mem:          992M       933M        58M       3.1M        10M       264M
-/+ buffers/cache:       658M       333M
Swap:         8.0G       200K       8.0G

             total       used       free     shared    buffers     cached
Mem:          992M       931M        61M       3.1M        10M       246M
-/+ buffers/cache:       674M       317M
Swap:         8.0G       216K       8.0G

             total       used       free     shared    buffers     cached
Mem:          992M       908M        83M       2.9M        10M       212M
-/+ buffers/cache:       686M       306M
Swap:         8.0G        10M       8.0G

             total       used       free     shared    buffers     cached
Mem:          992M       918M        73M       3.0M        10M       207M
-/+ buffers/cache:       701M       290M
Swap:         8.0G        10M       8.0G

             total       used       free     shared    buffers     cached
Mem:          992M       921M        70M       3.0M       3.4M       201M
-/+ buffers/cache:       717M       275M
Swap:         8.0G        10M       8.0G

             total       used       free     shared    buffers     cached
Mem:          992M       923M        69M       3.0M       1.8M       190M
-/+ buffers/cache:       730M       261M
Swap:         8.0G        10M       8.0G

             total       used       free     shared    buffers     cached
Mem:          992M       913M        78M       3.0M       236K       169M
-/+ buffers/cache:       744M       248M
Swap:         8.0G        10M       8.0G

             total       used       free     shared    buffers     cached
Mem:          992M       926M        65M       3.0M       236K       169M
-/+ buffers/cache:       757M       235M
Swap:         8.0G        10M       8.0G

             total       used       free     shared    buffers     cached
Mem:          992M       919M        72M       3.0M       224K       149M
-/+ buffers/cache:       769M       222M
Swap:         8.0G        10M       8.0G

             total       used       free     shared    buffers     cached
Mem:          992M       930M        61M       3.0M       236K       149M
-/+ buffers/cache:       781M       210M
Swap:         8.0G        10M       8.0G

             total       used       free     shared    buffers     cached
Mem:          992M       924M        67M       3.0M       236K       131M
-/+ buffers/cache:       792M       199M
Swap:         8.0G        10M       8.0G

             total       used       free     shared    buffers     cached
Mem:          992M       920M        72M       3.0M        84K       112M
-/+ buffers/cache:       807M       184M
Swap:         8.0G        10M       8.0G

             total       used       free     shared    buffers     cached
Mem:          992M       920M        72M       3.0M        84K        99M
-/+ buffers/cache:       820M       171M
Swap:         8.0G        10M       8.0G

             total       used       free     shared    buffers     cached
Mem:          992M       919M        73M       3.0M        96K        84M
-/+ buffers/cache:       834M       157M
Swap:         8.0G        10M       8.0G

             total       used       free     shared    buffers     cached
Mem:          992M       914M        77M       3.0M       100K        65M
-/+ buffers/cache:       849M       142M
Swap:         8.0G        10M       8.0G

             total       used       free     shared    buffers     cached
Mem:          992M       927M        64M       3.0M       108K        65M
-/+ buffers/cache:       862M       129M
Swap:         8.0G        10M       8.0G

             total       used       free     shared    buffers     cached
Mem:          992M       926M        65M       3.0M       108K        51M
-/+ buffers/cache:       875M       116M
Swap:         8.0G        10M       8.0G

             total       used       free     shared    buffers     cached
Mem:          992M       922M        69M       3.0M       524K        34M
-/+ buffers/cache:       887M       104M
Swap:         8.0G        10M       8.0G

             total       used       free     shared    buffers     cached
Mem:          992M       918M        74M       2.8M       340K        27M
-/+ buffers/cache:       889M       102M
Swap:         8.0G        27M       8.0G

             total       used       free     shared    buffers     cached
Mem:          992M       916M        75M       2.5M       348K        26M
-/+ buffers/cache:       889M       102M
Swap:         8.0G        40M       8.0G

             total       used       free     shared    buffers     cached
Mem:          992M       915M        76M       2.5M       532K        22M
-/+ buffers/cache:       892M        99M
Swap:         8.0G        43M       8.0G

             total       used       free     shared    buffers     cached
Mem:          992M       927M        64M       2.5M       556K        22M
-/+ buffers/cache:       904M        88M
Swap:         8.0G        43M       8.0G

             total       used       free     shared    buffers     cached
Mem:          992M       924M        67M       2.5M       784K        10M
-/+ buffers/cache:       913M        78M
Swap:         8.0G        55M       7.9G

             total       used       free     shared    buffers     cached
Mem:          992M       921M        70M       2.5M       328K       5.3M
-/+ buffers/cache:       915M        76M
Swap:         8.0G        65M       7.9G

             total       used       free     shared    buffers     cached
Mem:          992M       918M        73M       2.5M       308K       4.1M
-/+ buffers/cache:       914M        77M
Swap:         8.0G        90M       7.9G

             total       used       free     shared    buffers     cached
Mem:          992M       918M        73M       2.5M       336K       4.1M
-/+ buffers/cache:       914M        78M
Swap:         8.0G        90M       7.9G

             total       used       free     shared    buffers     cached
Mem:          992M       915M        76M       2.5M       256K       4.2M
-/+ buffers/cache:       911M        81M
Swap:         8.0G       106M       7.9G

             total       used       free     shared    buffers     cached
Mem:          992M       925M        66M       2.5M       256K       4.6M
-/+ buffers/cache:       920M        71M
Swap:         8.0G       106M       7.9G

             total       used       free     shared    buffers     cached
Mem:          992M       924M        67M       2.5M       204K       4.6M
-/+ buffers/cache:       919M        72M
Swap:         8.0G       117M       7.9G

             total       used       free     shared    buffers     cached
Mem:          992M       921M        70M       2.4M        84K       4.5M
-/+ buffers/cache:       916M        75M
Swap:         8.0G       138M       7.9G

             total       used       free     shared    buffers     cached
Mem:          992M       922M        69M       2.4M        84K       4.5M
-/+ buffers/cache:       917M        74M
Swap:         8.0G       139M       7.9G

             total       used       free     shared    buffers     cached
Mem:          992M       919M        72M       2.4M        92K       4.5M
-/+ buffers/cache:       914M        77M
Swap:         8.0G       158M       7.8G

             total       used       free     shared    buffers     cached
Mem:          992M       915M        76M       2.4M        92K       4.4M
-/+ buffers/cache:       911M        81M
Swap:         8.0G       183M       7.8G

             total       used       free     shared    buffers     cached
Mem:          992M       927M        64M       2.4M        92K       4.5M
-/+ buffers/cache:       923M        69M
Swap:         8.0G       183M       7.8G

             total       used       free     shared    buffers     cached
Mem:          992M       927M        64M       2.4M        92K       4.5M
-/+ buffers/cache:       923M        68M
Swap:         8.0G       183M       7.8G

             total       used       free     shared    buffers     cached
Mem:          992M       925M        66M       2.4M        92K       4.5M
-/+ buffers/cache:       921M        71M
Swap:         8.0G       200M       7.8G

             total       used       free     shared    buffers     cached
Mem:          992M       919M        72M       2.4M       100K       4.4M
-/+ buffers/cache:       915M        76M
Swap:         8.0G       222M       7.8G

             total       used       free     shared    buffers     cached
Mem:          992M       914M        77M       2.4M       100K       4.4M
-/+ buffers/cache:       910M        82M
Swap:         8.0G       236M       7.8G

             total       used       free     shared    buffers     cached
Mem:          992M       925M        66M       2.3M       100K       4.4M
-/+ buffers/cache:       921M        70M
Swap:         8.0G       236M       7.8G

             total       used       free     shared    buffers     cached
Mem:          992M       919M        72M       2.3M       100K       4.2M
-/+ buffers/cache:       915M        76M
Swap:         8.0G       253M       7.7G

             total       used       free     shared    buffers     cached
Mem:          992M       928M        64M       2.3M       100K       4.2M
-/+ buffers/cache:       923M        68M
Swap:         8.0G       253M       7.7G

             total       used       free     shared    buffers     cached
Mem:          992M       919M        72M       2.3M       108K       4.2M
-/+ buffers/cache:       915M        76M
Swap:         8.0G       265M       7.7G

             total       used       free     shared    buffers     cached
Mem:          992M       926M        65M       2.3M       108K       4.2M
-/+ buffers/cache:       922M        70M
Swap:         8.0G       265M       7.7G

             total       used       free     shared    buffers     cached
Mem:          992M       920M        71M       2.3M       104K       4.2M
-/+ buffers/cache:       916M        76M
Swap:         8.0G       279M       7.7G

             total       used       free     shared    buffers     cached
Mem:          992M       925M        66M       2.3M       104K       4.2M
-/+ buffers/cache:       921M        71M
Swap:         8.0G       279M       7.7G

             total       used       free     shared    buffers     cached
Mem:          992M       917M        74M       2.3M        92K       4.2M
-/+ buffers/cache:       913M        79M
Swap:         8.0G       292M       7.7G

             total       used       free     shared    buffers     cached
Mem:          992M       921M        71M       2.3M       100K       4.2M
-/+ buffers/cache:       916M        75M
Swap:         8.0G       292M       7.7G

             total       used       free     shared    buffers     cached
Mem:          992M       924M        67M       2.3M       100K       4.2M
-/+ buffers/cache:       920M        71M
Swap:         8.0G       292M       7.7G

             total       used       free     shared    buffers     cached
Mem:          992M       916M        75M       2.3M        84K       4.1M
-/+ buffers/cache:       912M        79M
Swap:         8.0G       308M       7.7G

             total       used       free     shared    buffers     cached
Mem:          992M       920M        71M       2.3M        84K       4.0M
-/+ buffers/cache:       916M        76M
Swap:         8.0G       308M       7.7G

             total       used       free     shared    buffers     cached
Mem:          992M       924M        68M       2.3M        84K       4.1M
-/+ buffers/cache:       919M        72M
Swap:         8.0G       308M       7.7G

             total       used       free     shared    buffers     cached
Mem:          992M       928M        63M       2.3M        84K       4.1M
-/+ buffers/cache:       924M        67M
Swap:         8.0G       308M       7.7G

             total       used       free     shared    buffers     cached
Mem:          992M       916M        75M       696K        92K       2.3M
-/+ buffers/cache:       914M        77M
Swap:         8.0G       329M       7.7G

             total       used       free     shared    buffers     cached
Mem:          992M       920M        71M       696K        92K       2.3M
-/+ buffers/cache:       918M        73M
Swap:         8.0G       329M       7.7G

             total       used       free     shared    buffers     cached
Mem:          992M       924M        67M       696K        92K       2.3M
-/+ buffers/cache:       922M        69M
Swap:         8.0G       329M       7.7G

             total       used       free     shared    buffers     cached
Mem:          992M       928M        63M       696K        92K       2.3M
-/+ buffers/cache:       926M        65M
Swap:         8.0G       329M       7.7G

             total       used       free     shared    buffers     cached
Mem:          992M       920M        71M       696K        92K       2.3M
-/+ buffers/cache:       917M        74M
Swap:         8.0G       329M       7.7G

             total       used       free     shared    buffers     cached
Mem:          992M       923M        68M       696K       100K       2.3M
-/+ buffers/cache:       920M        71M
Swap:         8.0G       329M       7.7G

             total       used       free     shared    buffers     cached
Mem:          992M       927M        65M        20K       100K       1.6M
-/+ buffers/cache:       925M        66M
Swap:         8.0G       332M       7.7G

             total       used       free     shared    buffers     cached
Mem:          992M       918M        74M         4K       100K       1.6M
-/+ buffers/cache:       916M        75M
Swap:         8.0G       333M       7.7G

             total       used       free     shared    buffers     cached
Mem:          992M       918M        74M         4K       100K       1.5M
-/+ buffers/cache:       916M        75M
Swap:         8.0G       334M       7.7G

             total       used       free     shared    buffers     cached
Mem:          992M       918M        73M         0B       100K       1.4M
-/+ buffers/cache:       916M        75M
Swap:         8.0G       328M       7.7G

             total       used       free     shared    buffers     cached
Mem:          992M       912M        80M         0B       104K       1.4M
-/+ buffers/cache:       910M        81M
Swap:         8.0G       337M       7.7G

             total       used       free     shared    buffers     cached
Mem:          992M       915M        76M         0B       104K       1.4M
-/+ buffers/cache:       913M        78M
Swap:         8.0G       334M       7.7G

             total       used       free     shared    buffers     cached
Mem:          992M       916M        76M         0B        96K       1.4M
-/+ buffers/cache:       914M        77M
Swap:         8.0G       335M       7.7G

             total       used       free     shared    buffers     cached
Mem:          992M       920M        71M         0B        84K       1.4M
-/+ buffers/cache:       919M        72M
Swap:         8.0G       326M       7.7G

             total       used       free     shared    buffers     cached
Mem:          992M       919M        72M         0B        76K       1.4M
-/+ buffers/cache:       918M        74M
Swap:         8.0G       331M       7.7G

             total       used       free     shared    buffers     cached
Mem:          992M       920M        71M         0B        76K       1.3M
-/+ buffers/cache:       918M        73M
Swap:         8.0G       337M       7.7G

             total       used       free     shared    buffers     cached
Mem:          992M       918M        73M         0B        84K       1.3M
-/+ buffers/cache:       917M        75M
Swap:         8.0G       337M       7.7G

             total       used       free     shared    buffers     cached
Mem:          992M       919M        72M         0B        84K       1.3M
-/+ buffers/cache:       918M        73M
Swap:         8.0G       345M       7.7G

             total       used       free     shared    buffers     cached
Mem:          992M       921M        70M         0B        84K       1.2M
-/+ buffers/cache:       920M        72M
Swap:         8.0G       399M       7.6G

             total       used       free     shared    buffers     cached
Mem:          992M       918M        73M         0B        84K       1.6M
-/+ buffers/cache:       916M        75M
Swap:         8.0G       350M       7.7G

             total       used       free     shared    buffers     cached
Mem:          992M       921M        70M         0B        84K       1.6M
-/+ buffers/cache:       919M        72M
Swap:         8.0G       349M       7.7G

             total       used       free     shared    buffers     cached
Mem:          992M       923M        68M         0B        92K       1.7M
-/+ buffers/cache:       921M        70M
Swap:         8.0G       348M       7.7G

             total       used       free     shared    buffers     cached
Mem:          992M       925M        66M         0B        92K       1.7M
-/+ buffers/cache:       923M        68M
Swap:         8.0G       347M       7.7G

             total       used       free     shared    buffers     cached
Mem:          992M       918M        73M         0B        92K       1.6M
-/+ buffers/cache:       916M        75M
Swap:         8.0G       353M       7.7G

             total       used       free     shared    buffers     cached
Mem:          992M       923M        68M         0B        92K       1.6M
-/+ buffers/cache:       922M        70M
Swap:         8.0G       353M       7.7G

             total       used       free     shared    buffers     cached
Mem:          992M       918M        74M         0B       200K       2.4M
-/+ buffers/cache:       915M        76M
Swap:         8.0G       369M       7.6G

             total       used       free     shared    buffers     cached
Mem:          992M       909M        82M         0B        80K        20M
-/+ buffers/cache:       889M       103M
Swap:         8.0G       408M       7.6G

             total       used       free     shared    buffers     cached
Mem:          992M       912M        80M         0B        88K        20M
-/+ buffers/cache:       891M       100M
Swap:         8.0G       409M       7.6G

             total       used       free     shared    buffers     cached
Mem:          992M       917M        74M         0B       488K        20M
-/+ buffers/cache:       896M        95M
Swap:         8.0G       408M       7.6G

             total       used       free     shared    buffers     cached
Mem:          992M       922M        70M         0B       644K        20M
-/+ buffers/cache:       900M        91M
Swap:         8.0G       408M       7.6G

             total       used       free     shared    buffers     cached
Mem:          992M       925M        66M         0B       648K        20M
-/+ buffers/cache:       904M        87M
Swap:         8.0G       408M       7.6G

             total       used       free     shared    buffers     cached
Mem:          992M       916M        75M         0B       648K        20M
-/+ buffers/cache:       895M        96M
Swap:         8.0G       410M       7.6G

             total       used       free     shared    buffers     cached
Mem:          992M       918M        73M         0B       656K        20M
-/+ buffers/cache:       897M        94M
Swap:         8.0G       410M       7.6G

             total       used       free     shared    buffers     cached
Mem:          992M       920M        71M         0B       656K        20M
-/+ buffers/cache:       899M        92M
Swap:         8.0G       409M       7.6G

             total       used       free     shared    buffers     cached
Mem:          992M       921M        70M         0B       656K        20M
-/+ buffers/cache:       900M        91M
Swap:         8.0G       409M       7.6G

             total       used       free     shared    buffers     cached
Mem:          992M       923M        68M         0B       656K        20M
-/+ buffers/cache:       902M        90M
Swap:         8.0G       408M       7.6G

             total       used       free     shared    buffers     cached
Mem:          992M       925M        67M         0B       656K        20M
-/+ buffers/cache:       903M        88M
Swap:         8.0G       407M       7.6G

             total       used       free     shared    buffers     cached
Mem:          992M       926M        65M         0B       664K        20M
-/+ buffers/cache:       905M        86M
Swap:         8.0G       406M       7.6G

             total       used       free     shared    buffers     cached
Mem:          992M       928M        63M         0B       664K        20M
-/+ buffers/cache:       907M        85M
Swap:         8.0G       406M       7.6G

             total       used       free     shared    buffers     cached
Mem:          992M       912M        80M         0B       664K        19M
-/+ buffers/cache:       892M       100M
Swap:         8.0G       437M       7.6G

             total       used       free     shared    buffers     cached
Mem:          992M       913M        78M         0B       664K        19M
-/+ buffers/cache:       893M        98M
Swap:         8.0G       436M       7.6G

             total       used       free     shared    buffers     cached
Mem:          992M       915M        76M         0B       664K        19M
-/+ buffers/cache:       895M        96M
Swap:         8.0G       435M       7.6G

             total       used       free     shared    buffers     cached
Mem:          992M       917M        75M         0B       672K        19M
-/+ buffers/cache:       897M        95M
Swap:         8.0G       434M       7.6G

             total       used       free     shared    buffers     cached
Mem:          992M       918M        73M         0B       672K        19M
-/+ buffers/cache:       898M        93M
Swap:         8.0G       434M       7.6G

             total       used       free     shared    buffers     cached
Mem:          992M       920M        71M         0B       672K        19M
-/+ buffers/cache:       900M        91M
Swap:         8.0G       433M       7.6G

             total       used       free     shared    buffers     cached
Mem:          992M       921M        70M         0B       672K        19M
-/+ buffers/cache:       901M        90M
Swap:         8.0G       432M       7.6G

             total       used       free     shared    buffers     cached
Mem:          992M       923M        68M         0B       672K        19M
-/+ buffers/cache:       903M        88M
Swap:         8.0G       431M       7.6G

             total       used       free     shared    buffers     cached
Mem:          992M       925M        66M         0B       672K        19M
-/+ buffers/cache:       905M        86M
Swap:         8.0G       431M       7.6G

             total       used       free     shared    buffers     cached
Mem:          992M       926M        65M         0B       680K        19M
-/+ buffers/cache:       906M        85M
Swap:         8.0G       430M       7.6G

             total       used       free     shared    buffers     cached
Mem:          992M       928M        63M         0B       680K        19M
-/+ buffers/cache:       908M        83M
Swap:         8.0G       429M       7.6G

             total       used       free     shared    buffers     cached
Mem:          992M       914M        78M         0B       672K        18M
-/+ buffers/cache:       894M        97M
Swap:         8.0G       429M       7.6G

             total       used       free     shared    buffers     cached
Mem:          992M       916M        76M         0B       672K        18M
-/+ buffers/cache:       896M        95M
Swap:         8.0G       428M       7.6G

             total       used       free     shared    buffers     cached
Mem:          992M       917M        74M         0B       672K        18M
-/+ buffers/cache:       898M        93M
Swap:         8.0G       428M       7.6G

             total       used       free     shared    buffers     cached
Mem:          992M       919M        72M         0B       680K        18M
-/+ buffers/cache:       900M        91M
Swap:         8.0G       427M       7.6G

             total       used       free     shared    buffers     cached
Mem:          992M       921M        70M         0B       680K        18M
-/+ buffers/cache:       902M        90M
Swap:         8.0G       426M       7.6G

             total       used       free     shared    buffers     cached
Mem:          992M       923M        68M         0B       680K        18M
-/+ buffers/cache:       904M        88M
Swap:         8.0G       425M       7.6G

             total       used       free     shared    buffers     cached
Mem:          992M       925M        66M         0B       680K        18M
-/+ buffers/cache:       906M        86M
Swap:         8.0G       424M       7.6G

             total       used       free     shared    buffers     cached
Mem:          992M       927M        64M         0B       680K        18M
-/+ buffers/cache:       907M        84M
Swap:         8.0G       424M       7.6G

             total       used       free     shared    buffers     cached
Mem:          992M       928M        63M         0B       688K        18M
-/+ buffers/cache:       909M        82M
Swap:         8.0G       423M       7.6G

             total       used       free     shared    buffers     cached
Mem:          992M       917M        75M         0B       688K        16M
-/+ buffers/cache:       899M        92M
Swap:         8.0G       443M       7.6G

             total       used       free     shared    buffers     cached
Mem:          992M       918M        73M         0B       688K        16M
-/+ buffers/cache:       901M        90M
Swap:         8.0G       442M       7.6G

             total       used       free     shared    buffers     cached
Mem:          992M       920M        71M         0B       688K        16M
-/+ buffers/cache:       903M        88M
Swap:         8.0G       441M       7.6G

             total       used       free     shared    buffers     cached
Mem:          992M       922M        69M         0B       688K        16M
-/+ buffers/cache:       905M        86M
Swap:         8.0G       441M       7.6G

             total       used       free     shared    buffers     cached
Mem:          992M       924M        67M         0B       696K        16M
-/+ buffers/cache:       907M        85M
Swap:         8.0G       440M       7.6G

             total       used       free     shared    buffers     cached
Mem:          992M       926M        65M         0B       696K        16M
-/+ buffers/cache:       909M        82M
Swap:         8.0G       439M       7.6G

             total       used       free     shared    buffers     cached
Mem:          992M       928M        63M         0B       696K        16M
-/+ buffers/cache:       911M        81M
Swap:         8.0G       438M       7.6G

             total       used       free     shared    buffers     cached
Mem:          992M       915M        76M         0B       696K        15M
-/+ buffers/cache:       899M        92M
Swap:         8.0G       442M       7.6G

             total       used       free     shared    buffers     cached
Mem:          992M       918M        74M         0B       696K        15M
-/+ buffers/cache:       902M        90M
Swap:         8.0G       441M       7.6G

             total       used       free     shared    buffers     cached
Mem:          992M       919M        72M         0B       696K        15M
-/+ buffers/cache:       903M        88M
Swap:         8.0G       440M       7.6G

             total       used       free     shared    buffers     cached
Mem:          992M       921M        70M         0B       704K        15M
-/+ buffers/cache:       905M        86M
Swap:         8.0G       439M       7.6G

             total       used       free     shared    buffers     cached
Mem:          992M       923M        68M         0B       704K        15M
-/+ buffers/cache:       907M        84M
Swap:         8.0G       438M       7.6G

             total       used       free     shared    buffers     cached
Mem:          992M       925M        67M         0B       704K        15M
-/+ buffers/cache:       909M        83M
Swap:         8.0G       438M       7.6G

             total       used       free     shared    buffers     cached
Mem:          992M       926M        65M         0B       704K        15M
-/+ buffers/cache:       910M        81M
Swap:         8.0G       437M       7.6G

             total       used       free     shared    buffers     cached
Mem:          992M       928M        63M         0B       704K        15M
-/+ buffers/cache:       912M        79M
Swap:         8.0G       436M       7.6G

             total       used       free     shared    buffers     cached
Mem:          992M       918M        74M         0B       664K       7.8M
-/+ buffers/cache:       909M        82M
Swap:         8.0G       436M       7.6G

             total       used       free     shared    buffers     cached
Mem:          992M       941M        50M         0B       496K        31M
-/+ buffers/cache:       910M        81M
Swap:         8.0G       436M       7.6G

             total       used       free     shared    buffers     cached
Mem:          992M       911M        80M        16K       496K        28M
-/+ buffers/cache:       882M       109M
Swap:         8.0G       473M       7.5G

             total       used       free     shared    buffers     cached
Mem:          992M       914M        78M        16K       640K        30M
-/+ buffers/cache:       883M       109M
Swap:         8.0G       472M       7.5G

             total       used       free     shared    buffers     cached
Mem:          992M       915M        76M        16K       640K        30M
-/+ buffers/cache:       884M       107M
Swap:         8.0G       472M       7.5G

             total       used       free     shared    buffers     cached
Mem:          992M       916M        75M        16K       640K        30M
-/+ buffers/cache:       885M       106M
Swap:         8.0G       471M       7.5G

             total       used       free     shared    buffers     cached
Mem:          992M       917M        74M        16K       640K        30M
-/+ buffers/cache:       886M       105M
Swap:         8.0G       471M       7.5G

             total       used       free     shared    buffers     cached
Mem:          992M       918M        73M        16K       648K        30M
-/+ buffers/cache:       887M       104M
Swap:         8.0G       470M       7.5G

             total       used       free     shared    buffers     cached
Mem:          992M       919M        72M        16K       648K        30M
-/+ buffers/cache:       888M       103M
Swap:         8.0G       470M       7.5G

             total       used       free     shared    buffers     cached
Mem:          992M       920M        71M        16K       648K        30M
-/+ buffers/cache:       889M       102M
Swap:         8.0G       469M       7.5G

             total       used       free     shared    buffers     cached
Mem:          992M       921M        70M        16K       648K        30M
-/+ buffers/cache:       890M       101M
Swap:         8.0G       469M       7.5G

             total       used       free     shared    buffers     cached
Mem:          992M       923M        69M        16K       648K        30M
-/+ buffers/cache:       891M       100M
Swap:         8.0G       468M       7.5G

             total       used       free     shared    buffers     cached
Mem:          992M       918M        73M        16K       656K        36M
-/+ buffers/cache:       881M       110M
Swap:         8.0G       470M       7.5G

             total       used       free     shared    buffers     cached
Mem:          992M       920M        72M        16K       972K        36M
-/+ buffers/cache:       882M       109M
Swap:         8.0G       469M       7.5G

             total       used       free     shared    buffers     cached
Mem:          992M       921M        70M        16K       972K        36M
-/+ buffers/cache:       884M       108M
Swap:         8.0G       469M       7.5G

             total       used       free     shared    buffers     cached
Mem:          992M       922M        69M        16K       972K        36M
-/+ buffers/cache:       885M       107M
Swap:         8.0G       468M       7.5G

             total       used       free     shared    buffers     cached
Mem:          992M       923M        68M        16K       972K        36M
-/+ buffers/cache:       885M       106M
Swap:         8.0G       468M       7.5G

             total       used       free     shared    buffers     cached
Mem:          992M       924M        68M        16K       972K        36M
-/+ buffers/cache:       886M       105M
Swap:         8.0G       468M       7.5G

             total       used       free     shared    buffers     cached
Mem:          992M       925M        66M        16K       980K        36M
-/+ buffers/cache:       887M       104M
Swap:         8.0G       467M       7.5G

             total       used       free     shared    buffers     cached
Mem:          992M       926M        66M        16K       980K        36M
-/+ buffers/cache:       888M       103M
Swap:         8.0G       467M       7.5G

             total       used       free     shared    buffers     cached
Mem:          992M       927M        64M        16K       980K        36M
-/+ buffers/cache:       890M       102M
Swap:         8.0G       466M       7.5G

             total       used       free     shared    buffers     cached
Mem:          992M       928M        63M        16K       980K        36M
-/+ buffers/cache:       891M       100M
Swap:         8.0G       466M       7.5G

             total       used       free     shared    buffers     cached
Mem:          992M       908M        84M        16K       976K        34M
-/+ buffers/cache:       872M       119M
Swap:         8.0G       494M       7.5G

             total       used       free     shared    buffers     cached
Mem:          992M       908M        83M        16K       984K        34M
-/+ buffers/cache:       873M       118M
Swap:         8.0G       494M       7.5G

             total       used       free     shared    buffers     cached
Mem:          992M       909M        82M        16K       984K        34M
-/+ buffers/cache:       874M       117M
Swap:         8.0G       494M       7.5G

             total       used       free     shared    buffers     cached
Mem:          992M       910M        81M        16K       984K        34M
-/+ buffers/cache:       875M       116M
Swap:         8.0G       493M       7.5G

             total       used       free     shared    buffers     cached
Mem:          992M       912M        80M        16K       984K        34M
-/+ buffers/cache:       876M       115M
Swap:         8.0G       493M       7.5G

             total       used       free     shared    buffers     cached
Mem:          992M       913M        79M        16K       984K        34M
-/+ buffers/cache:       877M       114M
Swap:         8.0G       492M       7.5G

             total       used       free     shared    buffers     cached
Mem:          992M       914M        78M        16K       984K        34M
-/+ buffers/cache:       878M       113M
Swap:         8.0G       492M       7.5G

             total       used       free     shared    buffers     cached
Mem:          992M       915M        76M        16K       992K        34M
-/+ buffers/cache:       880M       112M
Swap:         8.0G       491M       7.5G

             total       used       free     shared    buffers     cached
Mem:          992M       916M        75M        16K       992K        34M
-/+ buffers/cache:       881M       110M
Swap:         8.0G       491M       7.5G

             total       used       free     shared    buffers     cached
Mem:          992M       917M        74M        16K       992K        34M
-/+ buffers/cache:       882M       109M
Swap:         8.0G       490M       7.5G

             total       used       free     shared    buffers     cached
Mem:          992M       919M        73M        16K       992K        34M
-/+ buffers/cache:       883M       108M
Swap:         8.0G       489M       7.5G

             total       used       free     shared    buffers     cached
Mem:          992M       920M        71M        16K       992K        34M
-/+ buffers/cache:       885M       107M
Swap:         8.0G       489M       7.5G

             total       used       free     shared    buffers     cached
Mem:          992M       921M        70M        16K       1.0M        34M
-/+ buffers/cache:       886M       106M
Swap:         8.0G       488M       7.5G

             total       used       free     shared    buffers     cached
Mem:          992M       922M        69M        16K       1.0M        34M
-/+ buffers/cache:       887M       105M
Swap:         8.0G       488M       7.5G

             total       used       free     shared    buffers     cached
Mem:          992M       923M        68M        16K       1.0M        34M
-/+ buffers/cache:       888M       103M
Swap:         8.0G       487M       7.5G

             total       used       free     shared    buffers     cached
Mem:          992M       924M        67M        16K       1.0M        34M
-/+ buffers/cache:       889M       102M
Swap:         8.0G       487M       7.5G

             total       used       free     shared    buffers     cached
Mem:          992M       925M        66M        16K       1.0M        34M
-/+ buffers/cache:       890M       101M
Swap:         8.0G       486M       7.5G

             total       used       free     shared    buffers     cached
Mem:          992M       927M        65M        16K       1.0M        34M
-/+ buffers/cache:       891M       100M
Swap:         8.0G       486M       7.5G

             total       used       free     shared    buffers     cached
Mem:          992M       927M        64M        16K       1.0M        34M
-/+ buffers/cache:       892M        99M
Swap:         8.0G       485M       7.5G

             total       used       free     shared    buffers     cached
Mem:          992M       929M        63M        16K       1.0M        34M
-/+ buffers/cache:       893M        98M
Swap:         8.0G       485M       7.5G

             total       used       free     shared    buffers     cached
Mem:          992M       917M        74M        16K       1.0M        33M
-/+ buffers/cache:       882M       109M
Swap:         8.0G       488M       7.5G

             total       used       free     shared    buffers     cached
Mem:          992M       918M        73M        16K       1.0M        33M
-/+ buffers/cache:       883M       108M
Swap:         8.0G       487M       7.5G

             total       used       free     shared    buffers     cached
Mem:          992M       920M        72M        16K       1.0M        33M
-/+ buffers/cache:       885M       107M
Swap:         8.0G       487M       7.5G

             total       used       free     shared    buffers     cached
Mem:          992M       921M        70M        16K       1.0M        33M
-/+ buffers/cache:       886M       105M
Swap:         8.0G       486M       7.5G

             total       used       free     shared    buffers     cached
Mem:          992M       922M        69M        16K       1.0M        33M
-/+ buffers/cache:       887M       104M
Swap:         8.0G       485M       7.5G

             total       used       free     shared    buffers     cached
Mem:          992M       923M        68M        16K       1.0M        33M
-/+ buffers/cache:       888M       103M
Swap:         8.0G       485M       7.5G

             total       used       free     shared    buffers     cached
Mem:          992M       925M        67M        16K       1.0M        33M
-/+ buffers/cache:       890M       102M
Swap:         8.0G       484M       7.5G

             total       used       free     shared    buffers     cached
Mem:          992M       926M        65M        16K       1.0M        33M
-/+ buffers/cache:       891M       100M
Swap:         8.0G       484M       7.5G

             total       used       free     shared    buffers     cached
Mem:          992M       927M        64M        16K       1.0M        33M
-/+ buffers/cache:       892M        99M
Swap:         8.0G       483M       7.5G

             total       used       free     shared    buffers     cached
Mem:          992M       928M        63M        16K       1.0M        33M
-/+ buffers/cache:       894M        98M
Swap:         8.0G       482M       7.5G

             total       used       free     shared    buffers     cached
Mem:          992M       907M        84M        16K       592K        31M
-/+ buffers/cache:       876M       116M
Swap:         8.0G       508M       7.5G

             total       used       free     shared    buffers     cached
Mem:          992M       908M        83M        16K       592K        31M
-/+ buffers/cache:       877M       115M
Swap:         8.0G       507M       7.5G

             total       used       free     shared    buffers     cached
Mem:          992M       910M        81M        16K       592K        31M
-/+ buffers/cache:       878M       113M
Swap:         8.0G       506M       7.5G

             total       used       free     shared    buffers     cached
Mem:          992M       911M        80M        16K       592K        31M
-/+ buffers/cache:       879M       112M
Swap:         8.0G       506M       7.5G

             total       used       free     shared    buffers     cached
Mem:          992M       912M        79M        16K       600K        31M
-/+ buffers/cache:       881M       111M
Swap:         8.0G       505M       7.5G

             total       used       free     shared    buffers     cached
Mem:          992M       914M        78M        16K       600K        31M
-/+ buffers/cache:       882M       109M
Swap:         8.0G       505M       7.5G

             total       used       free     shared    buffers     cached
Mem:          992M       915M        76M        16K       600K        31M
-/+ buffers/cache:       883M       108M
Swap:         8.0G       504M       7.5G

             total       used       free     shared    buffers     cached
Mem:          992M       916M        75M        16K       600K        31M
-/+ buffers/cache:       885M       107M
Swap:         8.0G       503M       7.5G

             total       used       free     shared    buffers     cached
Mem:          992M       917M        74M        16K       600K        31M
-/+ buffers/cache:       886M       106M
Swap:         8.0G       503M       7.5G

             total       used       free     shared    buffers     cached
Mem:          992M       919M        73M        16K       600K        31M
-/+ buffers/cache:       887M       104M
Swap:         8.0G       502M       7.5G

             total       used       free     shared    buffers     cached
Mem:          992M       920M        71M        16K       608K        31M
-/+ buffers/cache:       888M       103M
Swap:         8.0G       501M       7.5G

             total       used       free     shared    buffers     cached
Mem:          992M       921M        70M        16K       608K        31M
-/+ buffers/cache:       889M       102M
Swap:         8.0G       501M       7.5G

             total       used       free     shared    buffers     cached
Mem:          992M       922M        69M        16K       608K        31M
-/+ buffers/cache:       891M       101M
Swap:         8.0G       500M       7.5G

             total       used       free     shared    buffers     cached
Mem:          992M       924M        67M        16K       608K        31M
-/+ buffers/cache:       892M        99M
Swap:         8.0G       500M       7.5G

             total       used       free     shared    buffers     cached
Mem:          992M       925M        66M        16K       608K        31M
-/+ buffers/cache:       893M        98M
Swap:         8.0G       499M       7.5G

             total       used       free     shared    buffers     cached
Mem:          992M       917M        75M        16K       3.1M        35M
-/+ buffers/cache:       878M       114M
Swap:         8.0G       509M       7.5G

             total       used       free     shared    buffers     cached
Mem:          992M       912M        79M        20K       3.3M        55M
-/+ buffers/cache:       853M       138M
Swap:         8.0G       538M       7.5G

             total       used       free     shared    buffers     cached
Mem:          992M       906M        85M        20K       3.5M        56M
-/+ buffers/cache:       846M       145M
Swap:         8.0G       537M       7.5G

             total       used       free     shared    buffers     cached
Mem:          992M       908M        84M        20K       3.5M        56M
-/+ buffers/cache:       848M       143M
Swap:         8.0G       537M       7.5G

             total       used       free     shared    buffers     cached
Mem:          992M       917M        74M        20K       3.5M        59M
-/+ buffers/cache:       854M       138M
Swap:         8.0G       534M       7.5G

             total       used       free     shared    buffers     cached
Mem:          992M       916M        76M        20K       1.8M        69M
-/+ buffers/cache:       845M       146M
Swap:         8.0G       535M       7.5G

             total       used       free     shared    buffers     cached
Mem:          992M       916M        75M        20K       1.8M        69M
-/+ buffers/cache:       846M       146M
Swap:         8.0G       534M       7.5G

             total       used       free     shared    buffers     cached
Mem:          992M       919M        72M        20K       1.8M        69M
-/+ buffers/cache:       847M       144M
Swap:         8.0G       534M       7.5G

             total       used       free     shared    buffers     cached
Mem:          992M       925M        66M        20K       1.8M        71M
-/+ buffers/cache:       851M       140M
Swap:         8.0G       532M       7.5G

             total       used       free     shared    buffers     cached
Mem:          992M       926M        65M        20K       1.8M        71M
-/+ buffers/cache:       852M       139M
Swap:         8.0G       531M       7.5G

             total       used       free     shared    buffers     cached
Mem:          992M       927M        65M        20K       1.8M        71M
-/+ buffers/cache:       853M       138M
Swap:         8.0G       531M       7.5G

             total       used       free     shared    buffers     cached
Mem:          992M       927M        64M        20K       1.8M        71M
-/+ buffers/cache:       854M       138M
Swap:         8.0G       531M       7.5G

             total       used       free     shared    buffers     cached
Mem:          992M       928M        63M        20K       1.8M        71M
-/+ buffers/cache:       854M       137M
Swap:         8.0G       531M       7.5G

             total       used       free     shared    buffers     cached
Mem:          992M       928M        63M        20K       1.8M        71M
-/+ buffers/cache:       855M       136M
Swap:         8.0G       530M       7.5G

             total       used       free     shared    buffers     cached
Mem:          992M       914M        77M        20K       324K        62M
-/+ buffers/cache:       851M       140M
Swap:         8.0G       536M       7.5G

             total       used       free     shared    buffers     cached
Mem:          992M       914M        77M        20K       324K        62M
-/+ buffers/cache:       851M       140M
Swap:         8.0G       535M       7.5G

             total       used       free     shared    buffers     cached
Mem:          992M       915M        76M        20K       324K        62M
-/+ buffers/cache:       852M       139M
Swap:         8.0G       535M       7.5G

             total       used       free     shared    buffers     cached
Mem:          992M       916M        76M        20K       332K        62M
-/+ buffers/cache:       853M       139M
Swap:         8.0G       535M       7.5G

             total       used       free     shared    buffers     cached
Mem:          992M       928M        64M       3.8M       3.3M        51M
-/+ buffers/cache:       873M       119M
Swap:         8.0G       531M       7.5G

             total       used       free     shared    buffers     cached
Mem:          992M       922M        69M       3.9M       5.2M        65M
-/+ buffers/cache:       851M       140M
Swap:         8.0G       563M       7.4G

             total       used       free     shared    buffers     cached
Mem:          992M       928M        63M       232K       5.5M        67M
-/+ buffers/cache:       855M       137M
Swap:         8.0G       572M       7.4G

             total       used       free     shared    buffers     cached
Mem:          992M       916M        75M       236K       5.5M        64M
-/+ buffers/cache:       846M       145M
Swap:         8.0G       575M       7.4G

             total       used       free     shared    buffers     cached
Mem:          992M       917M        74M       260K       5.5M        64M
-/+ buffers/cache:       847M       145M
Swap:         8.0G       575M       7.4G

             total       used       free     shared    buffers     cached
Mem:          992M       918M        73M       260K       5.5M        64M
-/+ buffers/cache:       848M       144M
Swap:         8.0G       574M       7.4G

             total       used       free     shared    buffers     cached
Mem:          992M       919M        72M       260K       5.5M        64M
-/+ buffers/cache:       849M       142M
Swap:         8.0G       574M       7.4G

             total       used       free     shared    buffers     cached
Mem:          992M       922M        69M       260K       5.6M        65M
-/+ buffers/cache:       851M       141M
Swap:         8.0G       573M       7.4G

             total       used       free     shared    buffers     cached
Mem:          992M       923M        68M       260K       5.6M        65M
-/+ buffers/cache:       852M       139M
Swap:         8.0G       572M       7.4G

             total       used       free     shared    buffers     cached
Mem:          992M       924M        67M       260K       5.6M        65M
-/+ buffers/cache:       853M       138M
Swap:         8.0G       572M       7.4G

             total       used       free     shared    buffers     cached
Mem:          992M       925M        66M       260K       5.6M        65M
-/+ buffers/cache:       854M       137M
Swap:         8.0G       571M       7.4G

             total       used       free     shared    buffers     cached
Mem:          992M       927M        64M       260K       5.6M        65M
-/+ buffers/cache:       856M       135M
Swap:         8.0G       571M       7.4G

             total       used       free     shared    buffers     cached
Mem:          992M       928M        63M       260K       5.6M        65M
-/+ buffers/cache:       857M       134M
Swap:         8.0G       570M       7.4G

             total       used       free     shared    buffers     cached
Mem:          992M       909M        82M       260K       5.6M        63M
-/+ buffers/cache:       840M       151M
Swap:         8.0G       589M       7.4G

             total       used       free     shared    buffers     cached
Mem:          992M       911M        81M       260K       5.6M        63M
-/+ buffers/cache:       841M       150M
Swap:         8.0G       588M       7.4G

             total       used       free     shared    buffers     cached
Mem:          992M       912M        79M       260K       5.6M        63M
-/+ buffers/cache:       843M       148M
Swap:         8.0G       587M       7.4G

             total       used       free     shared    buffers     cached
Mem:          992M       914M        78M       260K       5.6M        63M
-/+ buffers/cache:       844M       147M
Swap:         8.0G       587M       7.4G

             total       used       free     shared    buffers     cached
Mem:          992M       915M        77M       260K       5.6M        63M
-/+ buffers/cache:       845M       146M
Swap:         8.0G       586M       7.4G

             total       used       free     shared    buffers     cached
Mem:          992M       916M        75M       260K       5.6M        63M
-/+ buffers/cache:       846M       145M
Swap:         8.0G       586M       7.4G

             total       used       free     shared    buffers     cached
Mem:          992M       917M        74M       260K       5.6M        63M
-/+ buffers/cache:       848M       144M
Swap:         8.0G       585M       7.4G

             total       used       free     shared    buffers     cached
Mem:          992M       918M        73M       260K       5.6M        63M
-/+ buffers/cache:       849M       142M
Swap:         8.0G       584M       7.4G

             total       used       free     shared    buffers     cached
Mem:          992M       919M        72M       260K       5.6M        63M
-/+ buffers/cache:       850M       141M
Swap:         8.0G       584M       7.4G

             total       used       free     shared    buffers     cached
Mem:          992M       921M        71M       260K       5.6M        63M
-/+ buffers/cache:       851M       140M
Swap:         8.0G       583M       7.4G

             total       used       free     shared    buffers     cached
Mem:          992M       922M        69M       260K       5.6M        63M
-/+ buffers/cache:       852M       139M
Swap:         8.0G       583M       7.4G

             total       used       free     shared    buffers     cached
Mem:          992M       923M        68M       260K       5.6M        63M
-/+ buffers/cache:       854M       137M
Swap:         8.0G       582M       7.4G

             total       used       free     shared    buffers     cached
Mem:          992M       925M        67M       260K       5.6M        63M
-/+ buffers/cache:       855M       136M
Swap:         8.0G       581M       7.4G

             total       used       free     shared    buffers     cached
Mem:          992M       926M        66M       260K       5.6M        63M
-/+ buffers/cache:       856M       135M
Swap:         8.0G       581M       7.4G

             total       used       free     shared    buffers     cached
Mem:          992M       927M        64M       260K       5.6M        63M
-/+ buffers/cache:       858M       133M
Swap:         8.0G       580M       7.4G

             total       used       free     shared    buffers     cached
Mem:          992M       929M        63M       260K       5.6M        63M
-/+ buffers/cache:       859M       132M
Swap:         8.0G       579M       7.4G

             total       used       free     shared    buffers     cached
Mem:          992M       910M        81M       260K       5.5M        62M
-/+ buffers/cache:       842M       149M
Swap:         8.0G       585M       7.4G

             total       used       free     shared    buffers     cached
Mem:          992M       911M        80M       260K       5.5M        62M
-/+ buffers/cache:       843M       148M
Swap:         8.0G       584M       7.4G

             total       used       free     shared    buffers     cached
Mem:          992M       912M        79M       260K       5.5M        62M
-/+ buffers/cache:       844M       147M
Swap:         8.0G       583M       7.4G

             total       used       free     shared    buffers     cached
Mem:          992M       914M        78M       260K       5.5M        62M
-/+ buffers/cache:       846M       146M
Swap:         8.0G       583M       7.4G

             total       used       free     shared    buffers     cached
Mem:          992M       915M        76M       260K       5.5M        62M
-/+ buffers/cache:       847M       144M
Swap:         8.0G       582M       7.4G

             total       used       free     shared    buffers     cached
Mem:          992M       916M        75M       312K       8.0M        70M
-/+ buffers/cache:       838M       154M
Swap:         8.0G       603M       7.4G

             total       used       free     shared    buffers     cached
Mem:          992M       922M        69M       308K       9.5M        74M
-/+ buffers/cache:       838M       153M
Swap:         8.0G       603M       7.4G
