             total       used       free     shared    buffers     cached
Mem:          992M       662M       329M       3.2M        38M       289M
-/+ buffers/cache:       334M       657M
Swap:         8.0G         0B       8.0G

             total       used       free     shared    buffers     cached
Mem:          992M       661M       330M       1.4M        38M       287M
-/+ buffers/cache:       334M       657M
Swap:         8.0G         0B       8.0G

             total       used       free     shared    buffers     cached
Mem:          992M       661M       331M       1.4M        38M       288M
-/+ buffers/cache:       334M       657M
Swap:         8.0G         0B       8.0G

             total       used       free     shared    buffers     cached
Mem:          992M       661M       331M       1.4M        38M       288M
-/+ buffers/cache:       334M       657M
Swap:         8.0G         0B       8.0G

             total       used       free     shared    buffers     cached
Mem:          992M       661M       331M       1.4M        38M       288M
-/+ buffers/cache:       334M       657M
Swap:         8.0G         0B       8.0G

             total       used       free     shared    buffers     cached
Mem:          992M       661M       331M       1.4M        38M       287M
-/+ buffers/cache:       334M       657M
Swap:         8.0G         0B       8.0G

             total       used       free     shared    buffers     cached
Mem:          992M       660M       331M       1.4M        38M       288M
-/+ buffers/cache:       334M       658M
Swap:         8.0G         0B       8.0G

             total       used       free     shared    buffers     cached
Mem:          992M       660M       331M       1.4M        38M       288M
-/+ buffers/cache:       333M       658M
Swap:         8.0G         0B       8.0G

             total       used       free     shared    buffers     cached
Mem:          992M       660M       331M       1.4M        38M       288M
-/+ buffers/cache:       333M       658M
Swap:         8.0G         0B       8.0G

             total       used       free     shared    buffers     cached
Mem:          992M       663M       328M       1.4M        38M       288M
-/+ buffers/cache:       337M       655M
Swap:         8.0G         0B       8.0G

             total       used       free     shared    buffers     cached
Mem:          992M       680M       311M       1.4M        38M       288M
-/+ buffers/cache:       353M       638M
Swap:         8.0G         0B       8.0G

             total       used       free     shared    buffers     cached
Mem:          992M       691M       300M       1.4M        38M       288M
-/+ buffers/cache:       364M       628M
Swap:         8.0G         0B       8.0G

             total       used       free     shared    buffers     cached
Mem:          992M       669M       322M       1.4M        38M       289M
-/+ buffers/cache:       341M       650M
Swap:         8.0G         0B       8.0G

             total       used       free     shared    buffers     cached
Mem:          992M       675M       316M       1.4M        38M       289M
-/+ buffers/cache:       347M       644M
Swap:         8.0G         0B       8.0G

             total       used       free     shared    buffers     cached
Mem:          992M       670M       321M       1.4M        38M       289M
-/+ buffers/cache:       341M       650M
Swap:         8.0G         0B       8.0G

             total       used       free     shared    buffers     cached
Mem:          992M       670M       322M       1.4M        38M       289M
-/+ buffers/cache:       341M       650M
Swap:         8.0G         0B       8.0G

             total       used       free     shared    buffers     cached
Mem:          992M       670M       322M       1.4M        38M       289M
-/+ buffers/cache:       341M       650M
Swap:         8.0G         0B       8.0G

             total       used       free     shared    buffers     cached
Mem:          992M       670M       322M       1.4M        38M       289M
-/+ buffers/cache:       341M       650M
Swap:         8.0G         0B       8.0G

             total       used       free     shared    buffers     cached
Mem:          992M       670M       322M       1.4M        38M       289M
-/+ buffers/cache:       341M       650M
Swap:         8.0G         0B       8.0G

             total       used       free     shared    buffers     cached
Mem:          992M       670M       322M       1.4M        38M       289M
-/+ buffers/cache:       341M       650M
Swap:         8.0G         0B       8.0G

             total       used       free     shared    buffers     cached
Mem:          992M       670M       322M       1.4M        38M       289M
-/+ buffers/cache:       341M       650M
Swap:         8.0G         0B       8.0G

             total       used       free     shared    buffers     cached
Mem:          992M       670M       321M       1.4M        38M       289M
-/+ buffers/cache:       341M       650M
Swap:         8.0G         0B       8.0G

             total       used       free     shared    buffers     cached
Mem:          992M       670M       321M       1.4M        38M       289M
-/+ buffers/cache:       341M       650M
Swap:         8.0G         0B       8.0G

             total       used       free     shared    buffers     cached
Mem:          992M       670M       321M       1.4M        38M       289M
-/+ buffers/cache:       341M       650M
Swap:         8.0G         0B       8.0G

             total       used       free     shared    buffers     cached
Mem:          992M       670M       321M       1.4M        38M       289M
-/+ buffers/cache:       341M       650M
Swap:         8.0G         0B       8.0G

             total       used       free     shared    buffers     cached
Mem:          992M       670M       321M       1.4M        38M       289M
-/+ buffers/cache:       341M       650M
Swap:         8.0G         0B       8.0G

             total       used       free     shared    buffers     cached
Mem:          992M       670M       321M       1.4M        38M       289M
-/+ buffers/cache:       341M       650M
Swap:         8.0G         0B       8.0G

             total       used       free     shared    buffers     cached
Mem:          992M       670M       321M       1.4M        38M       289M
-/+ buffers/cache:       341M       650M
Swap:         8.0G         0B       8.0G

             total       used       free     shared    buffers     cached
Mem:          992M       670M       321M       1.4M        38M       289M
-/+ buffers/cache:       341M       650M
Swap:         8.0G         0B       8.0G

             total       used       free     shared    buffers     cached
Mem:          992M       670M       321M       1.4M        38M       289M
-/+ buffers/cache:       341M       650M
Swap:         8.0G         0B       8.0G

             total       used       free     shared    buffers     cached
Mem:          992M       670M       321M       1.4M        38M       289M
-/+ buffers/cache:       341M       650M
Swap:         8.0G         0B       8.0G

             total       used       free     shared    buffers     cached
Mem:          992M       670M       321M       1.4M        38M       289M
-/+ buffers/cache:       341M       650M
Swap:         8.0G         0B       8.0G

             total       used       free     shared    buffers     cached
Mem:          992M       670M       321M       1.4M        38M       289M
-/+ buffers/cache:       341M       650M
Swap:         8.0G         0B       8.0G

             total       used       free     shared    buffers     cached
Mem:          992M       674M       317M       1.4M        38M       289M
-/+ buffers/cache:       346M       646M
Swap:         8.0G         0B       8.0G

             total       used       free     shared    buffers     cached
Mem:          992M       691M       300M       1.4M        38M       289M
-/+ buffers/cache:       362M       629M
Swap:         8.0G         0B       8.0G

             total       used       free     shared    buffers     cached
Mem:          992M       707M       284M       1.4M        38M       289M
-/+ buffers/cache:       379M       613M
Swap:         8.0G         0B       8.0G

             total       used       free     shared    buffers     cached
Mem:          992M       724M       267M       1.4M        38M       289M
-/+ buffers/cache:       396M       595M
Swap:         8.0G         0B       8.0G

             total       used       free     shared    buffers     cached
Mem:          992M       739M       252M       1.4M        38M       289M
-/+ buffers/cache:       411M       581M
Swap:         8.0G         0B       8.0G

             total       used       free     shared    buffers     cached
Mem:          992M       754M       237M       1.4M        38M       289M
-/+ buffers/cache:       426M       566M
Swap:         8.0G         0B       8.0G

             total       used       free     shared    buffers     cached
Mem:          992M       769M       222M       1.4M        38M       289M
-/+ buffers/cache:       441M       550M
Swap:         8.0G         0B       8.0G

             total       used       free     shared    buffers     cached
Mem:          992M       783M       208M       1.4M        38M       289M
-/+ buffers/cache:       454M       537M
Swap:         8.0G         0B       8.0G

             total       used       free     shared    buffers     cached
Mem:          992M       795M       196M       1.4M        38M       289M
-/+ buffers/cache:       466M       525M
Swap:         8.0G         0B       8.0G

             total       used       free     shared    buffers     cached
Mem:          992M       810M       181M       1.4M        38M       289M
-/+ buffers/cache:       481M       510M
Swap:         8.0G         0B       8.0G

             total       used       free     shared    buffers     cached
Mem:          992M       827M       165M       1.4M        38M       289M
-/+ buffers/cache:       498M       493M
Swap:         8.0G         0B       8.0G

             total       used       free     shared    buffers     cached
Mem:          992M       842M       149M       1.4M        38M       289M
-/+ buffers/cache:       513M       478M
Swap:         8.0G         0B       8.0G

             total       used       free     shared    buffers     cached
Mem:          992M       858M       133M       1.4M        38M       289M
-/+ buffers/cache:       529M       462M
Swap:         8.0G         0B       8.0G

             total       used       free     shared    buffers     cached
Mem:          992M       872M       119M       1.4M        38M       289M
-/+ buffers/cache:       543M       448M
Swap:         8.0G         0B       8.0G

             total       used       free     shared    buffers     cached
Mem:          992M       886M       105M       1.4M        38M       289M
-/+ buffers/cache:       557M       434M
Swap:         8.0G         0B       8.0G

             total       used       free     shared    buffers     cached
Mem:          992M       897M        94M       1.4M        38M       289M
-/+ buffers/cache:       568M       423M
Swap:         8.0G         0B       8.0G

             total       used       free     shared    buffers     cached
Mem:          992M       912M        79M       1.4M        38M       289M
-/+ buffers/cache:       584M       408M
Swap:         8.0G         0B       8.0G

             total       used       free     shared    buffers     cached
Mem:          992M       926M        65M       1.4M        38M       289M
-/+ buffers/cache:       598M       393M
Swap:         8.0G         0B       8.0G

             total       used       free     shared    buffers     cached
Mem:          992M       920M        72M       1.4M        17M       288M
-/+ buffers/cache:       614M       377M
Swap:         8.0G         0B       8.0G

             total       used       free     shared    buffers     cached
Mem:          992M       919M        72M       1.4M        10M       278M
-/+ buffers/cache:       630M       361M
Swap:         8.0G         0B       8.0G

             total       used       free     shared    buffers     cached
Mem:          992M       917M        74M       1.4M       9.6M       262M
-/+ buffers/cache:       645M       346M
Swap:         8.0G        76K       8.0G

             total       used       free     shared    buffers     cached
Mem:          992M       933M        58M       1.4M       9.6M       262M
-/+ buffers/cache:       661M       330M
Swap:         8.0G        76K       8.0G

             total       used       free     shared    buffers     cached
Mem:          992M       928M        63M       1.3M       9.7M       243M
-/+ buffers/cache:       675M       317M
Swap:         8.0G       364K       8.0G

             total       used       free     shared    buffers     cached
Mem:          992M       931M        61M       1.2M       9.7M       232M
-/+ buffers/cache:       689M       302M
Swap:         8.0G       4.6M       8.0G

             total       used       free     shared    buffers     cached
Mem:          992M       915M        77M       1.1M       9.4M       205M
-/+ buffers/cache:       700M       292M
Swap:         8.0G       8.9M       8.0G

             total       used       free     shared    buffers     cached
Mem:          992M       931M        60M       1.1M       9.4M       205M
-/+ buffers/cache:       716M       275M
Swap:         8.0G       8.9M       8.0G

             total       used       free     shared    buffers     cached
Mem:          992M       933M        59M       1.1M       2.7M       199M
-/+ buffers/cache:       731M       261M
Swap:         8.0G       8.9M       8.0G

             total       used       free     shared    buffers     cached
Mem:          992M       911M        80M       1.1M       216K       163M
-/+ buffers/cache:       747M       244M
Swap:         8.0G       8.9M       8.0G

             total       used       free     shared    buffers     cached
Mem:          992M       927M        64M       1.1M       380K       163M
-/+ buffers/cache:       763M       228M
Swap:         8.0G       8.9M       8.0G

             total       used       free     shared    buffers     cached
Mem:          992M       923M        68M       1.1M       372K       143M
-/+ buffers/cache:       779M       212M
Swap:         8.0G       8.9M       8.0G

             total       used       free     shared    buffers     cached
Mem:          992M       932M        59M       1.1M       372K       143M
-/+ buffers/cache:       788M       203M
Swap:         8.0G       8.9M       8.0G

             total       used       free     shared    buffers     cached
Mem:          992M       930M        61M       1.1M       212K       126M
-/+ buffers/cache:       803M       188M
Swap:         8.0G       8.9M       8.0G

             total       used       free     shared    buffers     cached
Mem:          992M       930M        61M       1.1M       212K       111M
-/+ buffers/cache:       818M       173M
Swap:         8.0G       8.9M       8.0G

             total       used       free     shared    buffers     cached
Mem:          992M       928M        63M       1.1M       224K        96M
-/+ buffers/cache:       831M       160M
Swap:         8.0G       8.9M       8.0G

             total       used       free     shared    buffers     cached
Mem:          992M       928M        63M       1.1M       232K        85M
-/+ buffers/cache:       843M       148M
Swap:         8.0G       8.9M       8.0G

             total       used       free     shared    buffers     cached
Mem:          992M       926M        65M       1.1M       372K        68M
-/+ buffers/cache:       857M       134M
Swap:         8.0G       8.9M       8.0G

             total       used       free     shared    buffers     cached
Mem:          992M       913M        78M       1.1M       2.7M        39M
-/+ buffers/cache:       871M       120M
Swap:         8.0G       8.9M       8.0G

             total       used       free     shared    buffers     cached
Mem:          992M       929M        63M       1.1M       2.8M        39M
-/+ buffers/cache:       886M       105M
Swap:         8.0G       8.9M       8.0G

             total       used       free     shared    buffers     cached
Mem:          992M       926M        65M       1.1M       2.8M        24M
-/+ buffers/cache:       899M        92M
Swap:         8.0G       8.9M       8.0G

             total       used       free     shared    buffers     cached
Mem:          992M       926M        65M       992K       2.8M        14M
-/+ buffers/cache:       909M        82M
Swap:         8.0G        14M       8.0G

             total       used       free     shared    buffers     cached
Mem:          992M       928M        64M       1.0M        80K       6.3M
-/+ buffers/cache:       921M        70M
Swap:         8.0G        14M       8.0G

             total       used       free     shared    buffers     cached
Mem:          992M       924M        67M       684K       344K       3.1M
-/+ buffers/cache:       921M        71M
Swap:         8.0G        46M       8.0G

             total       used       free     shared    buffers     cached
Mem:          992M       922M        69M       684K       344K       3.0M
-/+ buffers/cache:       919M        72M
Swap:         8.0G        46M       8.0G

             total       used       free     shared    buffers     cached
Mem:          992M       911M        80M       684K       328K       2.5M
-/+ buffers/cache:       908M        83M
Swap:         8.0G       101M       7.9G

             total       used       free     shared    buffers     cached
Mem:          992M       924M        67M       652K       328K       2.5M
-/+ buffers/cache:       921M        70M
Swap:         8.0G       101M       7.9G

             total       used       free     shared    buffers     cached
Mem:          992M       925M        66M       652K       328K       2.5M
-/+ buffers/cache:       923M        69M
Swap:         8.0G       101M       7.9G

             total       used       free     shared    buffers     cached
Mem:          992M       925M        66M       652K       328K       2.8M
-/+ buffers/cache:       922M        69M
Swap:         8.0G       101M       7.9G

             total       used       free     shared    buffers     cached
Mem:          992M       923M        68M       652K       328K       2.8M
-/+ buffers/cache:       920M        71M
Swap:         8.0G       120M       7.9G

             total       used       free     shared    buffers     cached
Mem:          992M       927M        64M       648K       336K       7.5M
-/+ buffers/cache:       919M        72M
Swap:         8.0G       144M       7.9G

             total       used       free     shared    buffers     cached
Mem:          992M       921M        70M       564K       232K        20M
-/+ buffers/cache:       901M        90M
Swap:         8.0G       186M       7.8G

             total       used       free     shared    buffers     cached
Mem:          992M       912M        79M       564K       544K        18M
-/+ buffers/cache:       894M        98M
Swap:         8.0G       186M       7.8G

             total       used       free     shared    buffers     cached
Mem:          992M       928M        63M       564K       548K        18M
-/+ buffers/cache:       910M        82M
Swap:         8.0G       186M       7.8G

             total       used       free     shared    buffers     cached
Mem:          992M       926M        65M       564K       508K        14M
-/+ buffers/cache:       911M        81M
Swap:         8.0G       229M       7.8G

             total       used       free     shared    buffers     cached
Mem:          992M       927M        64M       564K       508K        14M
-/+ buffers/cache:       912M        79M
Swap:         8.0G       229M       7.8G

             total       used       free     shared    buffers     cached
Mem:          992M       923M        68M       564K       508K        13M
-/+ buffers/cache:       910M        81M
Swap:         8.0G       229M       7.8G

             total       used       free     shared    buffers     cached
Mem:          992M       920M        71M       564K        84K       3.2M
-/+ buffers/cache:       916M        75M
Swap:         8.0G       238M       7.8G

             total       used       free     shared    buffers     cached
Mem:          992M       920M        71M       544K        84K       3.0M
-/+ buffers/cache:       917M        75M
Swap:         8.0G       250M       7.8G

             total       used       free     shared    buffers     cached
Mem:          992M       928M        63M       544K       112K       3.0M
-/+ buffers/cache:       925M        66M
Swap:         8.0G       250M       7.8G

             total       used       free     shared    buffers     cached
Mem:          992M       918M        73M       544K       112K       2.7M
-/+ buffers/cache:       915M        76M
Swap:         8.0G       271M       7.7G

             total       used       free     shared    buffers     cached
Mem:          992M       922M        70M       544K       120K       2.7M
-/+ buffers/cache:       919M        72M
Swap:         8.0G       271M       7.7G

             total       used       free     shared    buffers     cached
Mem:          992M       930M        62M       544K       120K       2.7M
-/+ buffers/cache:       927M        64M
Swap:         8.0G       271M       7.7G

             total       used       free     shared    buffers     cached
Mem:          992M       912M        80M       544K       120K       2.5M
-/+ buffers/cache:       909M        82M
Swap:         8.0G       295M       7.7G

             total       used       free     shared    buffers     cached
Mem:          992M       917M        74M       544K       120K       2.5M
-/+ buffers/cache:       914M        77M
Swap:         8.0G       295M       7.7G

             total       used       free     shared    buffers     cached
Mem:          992M       923M        68M       544K       120K       2.5M
-/+ buffers/cache:       920M        71M
Swap:         8.0G       295M       7.7G

             total       used       free     shared    buffers     cached
Mem:          992M       928M        63M       544K       128K       2.5M
-/+ buffers/cache:       925M        66M
Swap:         8.0G       295M       7.7G

             total       used       free     shared    buffers     cached
Mem:          992M       915M        77M       544K       128K       2.3M
-/+ buffers/cache:       912M        79M
Swap:         8.0G       320M       7.7G

             total       used       free     shared    buffers     cached
Mem:          992M       919M        73M       544K       128K       2.3M
-/+ buffers/cache:       916M        75M
Swap:         8.0G       320M       7.7G

             total       used       free     shared    buffers     cached
Mem:          992M       924M        67M       544K       128K       2.3M
-/+ buffers/cache:       922M        70M
Swap:         8.0G       320M       7.7G

             total       used       free     shared    buffers     cached
Mem:          992M       928M        63M       544K       128K       2.3M
-/+ buffers/cache:       925M        66M
Swap:         8.0G       320M       7.7G

             total       used       free     shared    buffers     cached
Mem:          992M       922M        70M       544K       128K       2.3M
-/+ buffers/cache:       919M        72M
Swap:         8.0G       322M       7.7G

             total       used       free     shared    buffers     cached
Mem:          992M       926M        66M       544K       136K       2.3M
-/+ buffers/cache:       923M        68M
Swap:         8.0G       322M       7.7G

             total       used       free     shared    buffers     cached
Mem:          992M       930M        61M       544K       136K       2.3M
-/+ buffers/cache:       927M        64M
Swap:         8.0G       322M       7.7G

             total       used       free     shared    buffers     cached
Mem:          992M       927M        65M       256K       136K       1.9M
-/+ buffers/cache:       925M        67M
Swap:         8.0G       330M       7.7G

             total       used       free     shared    buffers     cached
Mem:          992M       917M        74M         8K       128K       1.5M
-/+ buffers/cache:       916M        75M
Swap:         8.0G       335M       7.7G

             total       used       free     shared    buffers     cached
Mem:          992M       923M        68M         8K       120K       1.5M
-/+ buffers/cache:       921M        70M
Swap:         8.0G       323M       7.7G

             total       used       free     shared    buffers     cached
Mem:          992M       931M        61M         0B        80K       1.3M
-/+ buffers/cache:       929M        62M
Swap:         8.0G       487M       7.5G

             total       used       free     shared    buffers     cached
Mem:          992M       865M       126M         0B       220K       1.4M
-/+ buffers/cache:       863M       128M
Swap:         8.0G       471M       7.5G

             total       used       free     shared    buffers     cached
Mem:          992M       885M       106M         0B       488K       1.4M
-/+ buffers/cache:       883M       108M
Swap:         8.0G       439M       7.6G

             total       used       free     shared    buffers     cached
Mem:          992M       889M       103M         0B       488K       1.4M
-/+ buffers/cache:       887M       104M
Swap:         8.0G       434M       7.6G

             total       used       free     shared    buffers     cached
Mem:          992M       929M        62M         0B       488K       1.4M
-/+ buffers/cache:       927M        64M
Swap:         8.0G       368M       7.6G

             total       used       free     shared    buffers     cached
Mem:          992M       919M        73M         0B       496K       1.4M
-/+ buffers/cache:       917M        75M
Swap:         8.0G       331M       7.7G

             total       used       free     shared    buffers     cached
Mem:          992M       920M        72M         0B       496K       1.4M
-/+ buffers/cache:       918M        74M
Swap:         8.0G       325M       7.7G

             total       used       free     shared    buffers     cached
Mem:          992M       919M        72M         0B       164K       1.2M
-/+ buffers/cache:       918M        73M
Swap:         8.0G       336M       7.7G

             total       used       free     shared    buffers     cached
Mem:          992M       923M        68M         0B        84K       1.2M
-/+ buffers/cache:       921M        70M
Swap:         8.0G       323M       7.7G

             total       used       free     shared    buffers     cached
Mem:          992M       920M        72M         0B        80K       1.7M
-/+ buffers/cache:       918M        73M
Swap:         8.0G       321M       7.7G

             total       used       free     shared    buffers     cached
Mem:          992M       923M        68M         0B       100K       1.7M
-/+ buffers/cache:       921M        70M
Swap:         8.0G       320M       7.7G

             total       used       free     shared    buffers     cached
Mem:          992M       923M        68M         0B       100K       1.7M
-/+ buffers/cache:       921M        70M
Swap:         8.0G       320M       7.7G

             total       used       free     shared    buffers     cached
Mem:          992M       928M        63M         0B       100K       1.7M
-/+ buffers/cache:       926M        65M
Swap:         8.0G       319M       7.7G

             total       used       free     shared    buffers     cached
Mem:          992M       910M        81M         0B       100K       1.7M
-/+ buffers/cache:       908M        83M
Swap:         8.0G       348M       7.7G

             total       used       free     shared    buffers     cached
Mem:          992M       916M        75M         0B       100K       1.7M
-/+ buffers/cache:       915M        77M
Swap:         8.0G       348M       7.7G

             total       used       free     shared    buffers     cached
Mem:          992M       923M        69M         0B       100K       1.7M
-/+ buffers/cache:       921M        70M
Swap:         8.0G       348M       7.7G

             total       used       free     shared    buffers     cached
Mem:          992M       927M        64M         0B       108K       1.7M
-/+ buffers/cache:       926M        66M
Swap:         8.0G       348M       7.7G

             total       used       free     shared    buffers     cached
Mem:          992M       918M        74M         0B       108K       1.7M
-/+ buffers/cache:       916M        75M
Swap:         8.0G       360M       7.6G

             total       used       free     shared    buffers     cached
Mem:          992M       924M        67M         0B       108K       1.6M
-/+ buffers/cache:       922M        69M
Swap:         8.0G       360M       7.6G

             total       used       free     shared    buffers     cached
Mem:          992M       926M        65M         0B       108K       1.7M
-/+ buffers/cache:       925M        67M
Swap:         8.0G       360M       7.6G

             total       used       free     shared    buffers     cached
Mem:          992M       929M        62M         0B       240K       2.5M
-/+ buffers/cache:       926M        65M
Swap:         8.0G       359M       7.6G

             total       used       free     shared    buffers     cached
Mem:          992M       930M        61M         0B       248K       2.5M
-/+ buffers/cache:       928M        63M
Swap:         8.0G       359M       7.6G

             total       used       free     shared    buffers     cached
Mem:          992M       915M        76M         0B       240K       2.5M
-/+ buffers/cache:       912M        79M
Swap:         8.0G       379M       7.6G

             total       used       free     shared    buffers     cached
Mem:          992M       917M        75M         0B       240K       2.5M
-/+ buffers/cache:       914M        77M
Swap:         8.0G       378M       7.6G

             total       used       free     shared    buffers     cached
Mem:          992M       918M        73M         0B       240K       2.5M
-/+ buffers/cache:       915M        76M
Swap:         8.0G       377M       7.6G

             total       used       free     shared    buffers     cached
Mem:          992M       919M        72M         0B       240K       2.5M
-/+ buffers/cache:       917M        75M
Swap:         8.0G       377M       7.6G

             total       used       free     shared    buffers     cached
Mem:          992M       921M        71M         0B       248K       2.5M
-/+ buffers/cache:       918M        73M
Swap:         8.0G       376M       7.6G

             total       used       free     shared    buffers     cached
Mem:          992M       922M        69M         0B       248K       2.5M
-/+ buffers/cache:       919M        72M
Swap:         8.0G       375M       7.6G

             total       used       free     shared    buffers     cached
Mem:          992M       923M        68M         0B       248K       2.5M
-/+ buffers/cache:       921M        71M
Swap:         8.0G       375M       7.6G

             total       used       free     shared    buffers     cached
Mem:          992M       925M        66M         0B       248K       2.5M
-/+ buffers/cache:       922M        69M
Swap:         8.0G       374M       7.6G

             total       used       free     shared    buffers     cached
Mem:          992M       926M        65M         0B       248K       2.5M
-/+ buffers/cache:       924M        68M
Swap:         8.0G       373M       7.6G

             total       used       free     shared    buffers     cached
Mem:          992M       928M        63M         0B       248K       2.5M
-/+ buffers/cache:       925M        66M
Swap:         8.0G       372M       7.6G

             total       used       free     shared    buffers     cached
Mem:          992M       929M        62M         0B       256K       2.6M
-/+ buffers/cache:       927M        65M
Swap:         8.0G       372M       7.6G

             total       used       free     shared    buffers     cached
Mem:          992M       922M        69M         0B        76K        16M
-/+ buffers/cache:       906M        86M
Swap:         8.0G       409M       7.6G

             total       used       free     shared    buffers     cached
Mem:          992M       924M        68M         0B       368K        16M
-/+ buffers/cache:       907M        84M
Swap:         8.0G       408M       7.6G

             total       used       free     shared    buffers     cached
Mem:          992M       931M        60M         0B       1.9M        19M
-/+ buffers/cache:       910M        82M
Swap:         8.0G       407M       7.6G

             total       used       free     shared    buffers     cached
Mem:          992M       920M        71M         4K       1.9M        18M
-/+ buffers/cache:       899M        92M
Swap:         8.0G       407M       7.6G

             total       used       free     shared    buffers     cached
Mem:          992M       921M        70M         4K       2.0M        18M
-/+ buffers/cache:       900M        91M
Swap:         8.0G       406M       7.6G

             total       used       free     shared    buffers     cached
Mem:          992M       923M        68M         4K       2.0M        18M
-/+ buffers/cache:       902M        89M
Swap:         8.0G       406M       7.6G

             total       used       free     shared    buffers     cached
Mem:          992M       925M        67M         4K       2.0M        18M
-/+ buffers/cache:       904M        87M
Swap:         8.0G       405M       7.6G

             total       used       free     shared    buffers     cached
Mem:          992M       926M        65M         4K       2.0M        18M
-/+ buffers/cache:       905M        86M
Swap:         8.0G       405M       7.6G

             total       used       free     shared    buffers     cached
Mem:          992M       927M        64M         4K       2.0M        18M
-/+ buffers/cache:       907M        84M
Swap:         8.0G       404M       7.6G

             total       used       free     shared    buffers     cached
Mem:          992M       929M        62M         4K       2.0M        18M
-/+ buffers/cache:       908M        83M
Swap:         8.0G       404M       7.6G

             total       used       free     shared    buffers     cached
Mem:          992M       930M        61M         4K       2.0M        18M
-/+ buffers/cache:       910M        82M
Swap:         8.0G       403M       7.6G

             total       used       free     shared    buffers     cached
Mem:          992M       903M        88M         4K       1.9M        14M
-/+ buffers/cache:       887M       104M
Swap:         8.0G       435M       7.6G

             total       used       free     shared    buffers     cached
Mem:          992M       904M        87M         4K       1.9M        14M
-/+ buffers/cache:       888M       103M
Swap:         8.0G       434M       7.6G

             total       used       free     shared    buffers     cached
Mem:          992M       906M        85M         4K       1.9M        14M
-/+ buffers/cache:       890M       101M
Swap:         8.0G       434M       7.6G

             total       used       free     shared    buffers     cached
Mem:          992M       907M        84M         4K       1.9M        14M
-/+ buffers/cache:       891M       100M
Swap:         8.0G       433M       7.6G

             total       used       free     shared    buffers     cached
Mem:          992M       909M        82M         4K       2.0M        14M
-/+ buffers/cache:       893M        98M
Swap:         8.0G       433M       7.6G

             total       used       free     shared    buffers     cached
Mem:          992M       910M        81M         4K       2.0M        14M
-/+ buffers/cache:       894M        97M
Swap:         8.0G       432M       7.6G

             total       used       free     shared    buffers     cached
Mem:          992M       912M        79M         4K       2.0M        14M
-/+ buffers/cache:       896M        95M
Swap:         8.0G       432M       7.6G

             total       used       free     shared    buffers     cached
Mem:          992M       914M        78M         4K       2.0M        14M
-/+ buffers/cache:       898M        94M
Swap:         8.0G       432M       7.6G

             total       used       free     shared    buffers     cached
Mem:          992M       915M        76M         4K       2.0M        14M
-/+ buffers/cache:       899M        92M
Swap:         8.0G       431M       7.6G

             total       used       free     shared    buffers     cached
Mem:          992M       917M        74M         4K       2.0M        14M
-/+ buffers/cache:       901M        90M
Swap:         8.0G       430M       7.6G

             total       used       free     shared    buffers     cached
Mem:          992M       919M        72M         4K       2.0M        14M
-/+ buffers/cache:       903M        89M
Swap:         8.0G       430M       7.6G

             total       used       free     shared    buffers     cached
Mem:          992M       920M        71M         4K       2.0M        14M
-/+ buffers/cache:       904M        87M
Swap:         8.0G       429M       7.6G

             total       used       free     shared    buffers     cached
Mem:          992M       923M        68M         4K       2.0M        14M
-/+ buffers/cache:       907M        84M
Swap:         8.0G       428M       7.6G

             total       used       free     shared    buffers     cached
Mem:          992M       925M        67M         4K       2.0M        14M
-/+ buffers/cache:       909M        83M
Swap:         8.0G       427M       7.6G

             total       used       free     shared    buffers     cached
Mem:          992M       926M        65M         4K       2.0M        14M
-/+ buffers/cache:       910M        81M
Swap:         8.0G       426M       7.6G

             total       used       free     shared    buffers     cached
Mem:          992M       928M        63M         4K       2.0M        14M
-/+ buffers/cache:       912M        79M
Swap:         8.0G       425M       7.6G

             total       used       free     shared    buffers     cached
Mem:          992M       930M        61M         4K       2.0M        14M
-/+ buffers/cache:       914M        77M
Swap:         8.0G       424M       7.6G

             total       used       free     shared    buffers     cached
Mem:          992M       920M        72M         4K       216K       4.2M
-/+ buffers/cache:       915M        76M
Swap:         8.0G       423M       7.6G

             total       used       free     shared    buffers     cached
Mem:          992M       921M        70M         4K       508K       4.2M
-/+ buffers/cache:       917M        75M
Swap:         8.0G       422M       7.6G

             total       used       free     shared    buffers     cached
Mem:          992M       923M        68M         4K       508K       4.2M
-/+ buffers/cache:       918M        73M
Swap:         8.0G       421M       7.6G

             total       used       free     shared    buffers     cached
Mem:          992M       925M        67M         4K       516K       4.2M
-/+ buffers/cache:       920M        71M
Swap:         8.0G       421M       7.6G

             total       used       free     shared    buffers     cached
Mem:          992M       926M        65M         4K       516K       4.2M
-/+ buffers/cache:       922M        70M
Swap:         8.0G       420M       7.6G

             total       used       free     shared    buffers     cached
Mem:          992M       928M        63M         4K       516K       4.2M
-/+ buffers/cache:       923M        68M
Swap:         8.0G       419M       7.6G

             total       used       free     shared    buffers     cached
Mem:          992M       930M        62M         4K       524K       4.2M
-/+ buffers/cache:       925M        66M
Swap:         8.0G       418M       7.6G

             total       used       free     shared    buffers     cached
Mem:          992M       919M        72M         4K       496K       2.4M
-/+ buffers/cache:       916M        75M
Swap:         8.0G       429M       7.6G

             total       used       free     shared    buffers     cached
Mem:          992M       921M        71M         4K       504K       2.4M
-/+ buffers/cache:       918M        74M
Swap:         8.0G       428M       7.6G

             total       used       free     shared    buffers     cached
Mem:          992M       924M        67M         4K       508K       4.6M
-/+ buffers/cache:       919M        72M
Swap:         8.0G       427M       7.6G

             total       used       free     shared    buffers     cached
Mem:          992M       925M        67M         4K       508K       4.5M
-/+ buffers/cache:       920M        72M
Swap:         8.0G       427M       7.6G

             total       used       free     shared    buffers     cached
Mem:          992M       909M        82M         4K       932K       8.7M
-/+ buffers/cache:       900M        91M
Swap:         8.0G       455M       7.6G

             total       used       free     shared    buffers     cached
Mem:          992M       923M        69M         8K       236K        27M
-/+ buffers/cache:       895M        96M
Swap:         8.0G       449M       7.6G

             total       used       free     shared    buffers     cached
Mem:          992M       917M        74M        20K       228K        22M
-/+ buffers/cache:       894M        97M
Swap:         8.0G       460M       7.5G

             total       used       free     shared    buffers     cached
Mem:          992M       918M        73M        20K       228K        22M
-/+ buffers/cache:       895M        96M
Swap:         8.0G       459M       7.5G

             total       used       free     shared    buffers     cached
Mem:          992M       919M        72M        20K       228K        22M
-/+ buffers/cache:       897M        95M
Swap:         8.0G       459M       7.5G

             total       used       free     shared    buffers     cached
Mem:          992M       920M        71M        20K       228K        22M
-/+ buffers/cache:       897M        94M
Swap:         8.0G       458M       7.5G

             total       used       free     shared    buffers     cached
Mem:          992M       921M        70M        20K       236K        22M
-/+ buffers/cache:       899M        93M
Swap:         8.0G       457M       7.5G

             total       used       free     shared    buffers     cached
Mem:          992M       923M        69M        20K       236K        22M
-/+ buffers/cache:       900M        92M
Swap:         8.0G       457M       7.6G

             total       used       free     shared    buffers     cached
Mem:          992M       924M        67M        20K       236K        23M
-/+ buffers/cache:       901M        91M
Swap:         8.0G       456M       7.6G

             total       used       free     shared    buffers     cached
Mem:          992M       927M        64M        20K       236K        23M
-/+ buffers/cache:       903M        89M
Swap:         8.0G       455M       7.6G

             total       used       free     shared    buffers     cached
Mem:          992M       928M        63M        20K       236K        24M
-/+ buffers/cache:       904M        88M
Swap:         8.0G       454M       7.6G

             total       used       free     shared    buffers     cached
Mem:          992M       929M        62M        20K       236K        24M
-/+ buffers/cache:       905M        86M
Swap:         8.0G       454M       7.6G

             total       used       free     shared    buffers     cached
Mem:          992M       930M        61M        20K       244K        24M
-/+ buffers/cache:       906M        85M
Swap:         8.0G       453M       7.6G

             total       used       free     shared    buffers     cached
Mem:          992M       919M        72M        20K       236K        23M
-/+ buffers/cache:       895M        96M
Swap:         8.0G       457M       7.6G

             total       used       free     shared    buffers     cached
Mem:          992M       919M        72M        20K       236K        23M
-/+ buffers/cache:       896M        95M
Swap:         8.0G       456M       7.6G

             total       used       free     shared    buffers     cached
Mem:          992M       921M        71M        20K       236K        23M
-/+ buffers/cache:       897M        94M
Swap:         8.0G       456M       7.6G

             total       used       free     shared    buffers     cached
Mem:          992M       922M        69M        20K       240K        23M
-/+ buffers/cache:       898M        93M
Swap:         8.0G       455M       7.6G

             total       used       free     shared    buffers     cached
Mem:          992M       923M        68M        20K       240K        23M
-/+ buffers/cache:       899M        92M
Swap:         8.0G       455M       7.6G

             total       used       free     shared    buffers     cached
Mem:          992M       924M        67M        20K       248K        23M
-/+ buffers/cache:       900M        91M
Swap:         8.0G       454M       7.6G

             total       used       free     shared    buffers     cached
Mem:          992M       925M        67M        20K       248K        23M
-/+ buffers/cache:       901M        90M
Swap:         8.0G       454M       7.6G

             total       used       free     shared    buffers     cached
Mem:          992M       926M        65M        20K       248K        23M
-/+ buffers/cache:       902M        89M
Swap:         8.0G       453M       7.6G

             total       used       free     shared    buffers     cached
Mem:          992M       919M        72M        20K       104K        20M
-/+ buffers/cache:       898M        93M
Swap:         8.0G       468M       7.5G

             total       used       free     shared    buffers     cached
Mem:          992M       920M        71M        20K       104K        20M
-/+ buffers/cache:       899M        92M
Swap:         8.0G       468M       7.5G

             total       used       free     shared    buffers     cached
Mem:          992M       921M        70M        20K       548K        20M
-/+ buffers/cache:       900M        91M
Swap:         8.0G       467M       7.5G

             total       used       free     shared    buffers     cached
Mem:          992M       922M        69M        20K       556K        20M
-/+ buffers/cache:       901M        90M
Swap:         8.0G       467M       7.5G

             total       used       free     shared    buffers     cached
Mem:          992M       923M        68M        20K       556K        20M
-/+ buffers/cache:       902M        89M
Swap:         8.0G       466M       7.5G

             total       used       free     shared    buffers     cached
Mem:          992M       924M        67M        20K       556K        20M
-/+ buffers/cache:       903M        88M
Swap:         8.0G       465M       7.5G

             total       used       free     shared    buffers     cached
Mem:          992M       925M        66M        20K       556K        20M
-/+ buffers/cache:       904M        87M
Swap:         8.0G       465M       7.5G

             total       used       free     shared    buffers     cached
Mem:          992M       926M        65M        20K       556K        20M
-/+ buffers/cache:       905M        86M
Swap:         8.0G       464M       7.5G

             total       used       free     shared    buffers     cached
Mem:          992M       927M        64M        20K       564K        20M
-/+ buffers/cache:       906M        85M
Swap:         8.0G       464M       7.5G

             total       used       free     shared    buffers     cached
Mem:          992M       928M        63M        20K       564K        20M
-/+ buffers/cache:       907M        84M
Swap:         8.0G       463M       7.5G

             total       used       free     shared    buffers     cached
Mem:          992M       929M        62M        20K       564K        20M
-/+ buffers/cache:       908M        83M
Swap:         8.0G       462M       7.5G

             total       used       free     shared    buffers     cached
Mem:          992M       931M        60M        20K       564K        20M
-/+ buffers/cache:       909M        82M
Swap:         8.0G       461M       7.5G

             total       used       free     shared    buffers     cached
Mem:          992M       919M        72M        20K       548K        20M
-/+ buffers/cache:       898M        93M
Swap:         8.0G       461M       7.5G

             total       used       free     shared    buffers     cached
Mem:          992M       920M        71M        20K       556K        20M
-/+ buffers/cache:       899M        92M
Swap:         8.0G       460M       7.5G

             total       used       free     shared    buffers     cached
Mem:          992M       921M        70M        20K       556K        20M
-/+ buffers/cache:       901M        91M
Swap:         8.0G       459M       7.5G

             total       used       free     shared    buffers     cached
Mem:          992M       922M        69M        20K       556K        20M
-/+ buffers/cache:       902M        89M
Swap:         8.0G       459M       7.5G

             total       used       free     shared    buffers     cached
Mem:          992M       924M        67M        20K       556K        20M
-/+ buffers/cache:       903M        88M
Swap:         8.0G       458M       7.5G

             total       used       free     shared    buffers     cached
Mem:          992M       925M        66M        20K       556K        20M
-/+ buffers/cache:       904M        87M
Swap:         8.0G       457M       7.5G

             total       used       free     shared    buffers     cached
Mem:          992M       926M        65M        20K       556K        20M
-/+ buffers/cache:       905M        86M
Swap:         8.0G       457M       7.6G

             total       used       free     shared    buffers     cached
Mem:          992M       927M        64M        20K       564K        20M
-/+ buffers/cache:       906M        85M
Swap:         8.0G       456M       7.6G

             total       used       free     shared    buffers     cached
Mem:          992M       928M        63M        20K       564K        20M
-/+ buffers/cache:       908M        84M
Swap:         8.0G       455M       7.6G

             total       used       free     shared    buffers     cached
Mem:          992M       930M        62M        20K       564K        20M
-/+ buffers/cache:       909M        82M
Swap:         8.0G       455M       7.6G

             total       used       free     shared    buffers     cached
Mem:          992M       931M        61M        20K       564K        20M
-/+ buffers/cache:       910M        81M
Swap:         8.0G       454M       7.6G

             total       used       free     shared    buffers     cached
Mem:          992M       906M        85M        20K       544K        15M
-/+ buffers/cache:       890M       101M
Swap:         8.0G       492M       7.5G

             total       used       free     shared    buffers     cached
Mem:          992M       907M        84M        20K       552K        15M
-/+ buffers/cache:       891M       100M
Swap:         8.0G       492M       7.5G

             total       used       free     shared    buffers     cached
Mem:          992M       909M        83M        20K       552K        15M
-/+ buffers/cache:       892M        99M
Swap:         8.0G       491M       7.5G

             total       used       free     shared    buffers     cached
Mem:          992M       910M        81M        20K       552K        15M
-/+ buffers/cache:       893M        98M
Swap:         8.0G       490M       7.5G

             total       used       free     shared    buffers     cached
Mem:          992M       911M        80M        20K       552K        15M
-/+ buffers/cache:       895M        97M
Swap:         8.0G       490M       7.5G

             total       used       free     shared    buffers     cached
Mem:          992M       912M        79M        20K       552K        15M
-/+ buffers/cache:       896M        95M
Swap:         8.0G       489M       7.5G

             total       used       free     shared    buffers     cached
Mem:          992M       913M        78M        20K       552K        15M
-/+ buffers/cache:       897M        94M
Swap:         8.0G       489M       7.5G

             total       used       free     shared    buffers     cached
Mem:          992M       915M        77M        20K       560K        15M
-/+ buffers/cache:       898M        93M
Swap:         8.0G       488M       7.5G

             total       used       free     shared    buffers     cached
Mem:          992M       916M        75M        20K       560K        15M
-/+ buffers/cache:       899M        92M
Swap:         8.0G       487M       7.5G

             total       used       free     shared    buffers     cached
Mem:          992M       917M        74M        20K       560K        15M
-/+ buffers/cache:       901M        90M
Swap:         8.0G       486M       7.5G

             total       used       free     shared    buffers     cached
Mem:          992M       918M        73M        20K       560K        15M
-/+ buffers/cache:       902M        89M
Swap:         8.0G       486M       7.5G

             total       used       free     shared    buffers     cached
Mem:          992M       920M        72M        20K       560K        15M
-/+ buffers/cache:       903M        88M
Swap:         8.0G       485M       7.5G

             total       used       free     shared    buffers     cached
Mem:          992M       921M        70M        20K       568K        15M
-/+ buffers/cache:       904M        87M
Swap:         8.0G       484M       7.5G

             total       used       free     shared    buffers     cached
Mem:          992M       922M        69M        20K       568K        15M
-/+ buffers/cache:       905M        86M
Swap:         8.0G       484M       7.5G

             total       used       free     shared    buffers     cached
Mem:          992M       923M        68M        20K       568K        15M
-/+ buffers/cache:       907M        85M
Swap:         8.0G       483M       7.5G

             total       used       free     shared    buffers     cached
Mem:          992M       924M        67M        20K       568K        15M
-/+ buffers/cache:       908M        83M
Swap:         8.0G       482M       7.5G

             total       used       free     shared    buffers     cached
Mem:          992M       926M        65M        20K       568K        15M
-/+ buffers/cache:       909M        82M
Swap:         8.0G       481M       7.5G

             total       used       free     shared    buffers     cached
Mem:          992M       927M        64M        20K       568K        15M
-/+ buffers/cache:       911M        81M
Swap:         8.0G       480M       7.5G

             total       used       free     shared    buffers     cached
Mem:          992M       928M        63M        20K       576K        15M
-/+ buffers/cache:       912M        80M
Swap:         8.0G       480M       7.5G

             total       used       free     shared    buffers     cached
Mem:          992M       930M        62M        20K       576K        15M
-/+ buffers/cache:       913M        78M
Swap:         8.0G       479M       7.5G

             total       used       free     shared    buffers     cached
Mem:          992M       931M        60M        20K       576K        16M
-/+ buffers/cache:       914M        77M
Swap:         8.0G       478M       7.5G

             total       used       free     shared    buffers     cached
Mem:          992M       904M        87M        20K       484K       5.4M
-/+ buffers/cache:       898M        93M
Swap:         8.0G       480M       7.5G

             total       used       free     shared    buffers     cached
Mem:          992M       906M        85M        20K       512K       6.2M
-/+ buffers/cache:       899M        92M
Swap:         8.0G       479M       7.5G

             total       used       free     shared    buffers     cached
Mem:          992M       908M        83M        20K       656K       6.9M
-/+ buffers/cache:       901M        90M
Swap:         8.0G       478M       7.5G

             total       used       free     shared    buffers     cached
Mem:          992M       911M        81M        24K       660K       7.5M
-/+ buffers/cache:       902M        89M
Swap:         8.0G       478M       7.5G

             total       used       free     shared    buffers     cached
Mem:          992M       921M        70M        24K       660K        12M
-/+ buffers/cache:       908M        83M
Swap:         8.0G       474M       7.5G

             total       used       free     shared    buffers     cached
Mem:          992M       923M        69M        24K       660K        12M
-/+ buffers/cache:       910M        81M
Swap:         8.0G       474M       7.5G

             total       used       free     shared    buffers     cached
Mem:          992M       912M        79M        24K       496K        18M
-/+ buffers/cache:       893M        98M
Swap:         8.0G       499M       7.5G

             total       used       free     shared    buffers     cached
Mem:          992M       913M        78M        20K       496K        18M
-/+ buffers/cache:       894M        97M
Swap:         8.0G       499M       7.5G

             total       used       free     shared    buffers     cached
Mem:          992M       914M        78M        20K       504K        18M
-/+ buffers/cache:       894M        97M
Swap:         8.0G       499M       7.5G

             total       used       free     shared    buffers     cached
Mem:          992M       914M        77M        20K       504K        18M
-/+ buffers/cache:       895M        96M
Swap:         8.0G       499M       7.5G

             total       used       free     shared    buffers     cached
Mem:          992M       915M        76M        20K       504K        18M
-/+ buffers/cache:       896M        95M
Swap:         8.0G       498M       7.5G

             total       used       free     shared    buffers     cached
Mem:          992M       916M        75M        20K       504K        18M
-/+ buffers/cache:       897M        95M
Swap:         8.0G       498M       7.5G

             total       used       free     shared    buffers     cached
Mem:          992M       916M        75M        20K       504K        18M
-/+ buffers/cache:       897M        94M
Swap:         8.0G       498M       7.5G

             total       used       free     shared    buffers     cached
Mem:          992M       917M        74M        20K       512K        18M
-/+ buffers/cache:       898M        93M
Swap:         8.0G       497M       7.5G

             total       used       free     shared    buffers     cached
Mem:          992M       918M        74M        20K       512K        18M
-/+ buffers/cache:       898M        93M
Swap:         8.0G       497M       7.5G

             total       used       free     shared    buffers     cached
Mem:          992M       918M        73M        20K       512K        18M
-/+ buffers/cache:       899M        92M
Swap:         8.0G       497M       7.5G

             total       used       free     shared    buffers     cached
Mem:          992M       930M        61M       176K       512K        28M
-/+ buffers/cache:       901M        90M
Swap:         8.0G       496M       7.5G

             total       used       free     shared    buffers     cached
Mem:          992M       921M        70M       200K       2.1M        43M
-/+ buffers/cache:       876M       115M
Swap:         8.0G       525M       7.5G

             total       used       free     shared    buffers     cached
Mem:          992M       921M        70M       3.9M       5.3M        65M
-/+ buffers/cache:       851M       141M
Swap:         8.0G       552M       7.5G

             total       used       free     shared    buffers     cached
Mem:          992M       926M        65M       3.9M       5.3M        69M
-/+ buffers/cache:       852M       139M
Swap:         8.0G       551M       7.5G

             total       used       free     shared    buffers     cached
Mem:          992M       901M        90M       224K       4.3M        59M
-/+ buffers/cache:       838M       153M
Swap:         8.0G       582M       7.4G

             total       used       free     shared    buffers     cached
Mem:          992M       902M        89M       224K       4.3M        59M
-/+ buffers/cache:       839M       152M
Swap:         8.0G       581M       7.4G

             total       used       free     shared    buffers     cached
Mem:          992M       904M        87M       224K       4.3M        59M
-/+ buffers/cache:       841M       151M
Swap:         8.0G       581M       7.4G

             total       used       free     shared    buffers     cached
Mem:          992M       905M        86M       224K       4.3M        59M
-/+ buffers/cache:       842M       149M
Swap:         8.0G       580M       7.4G

             total       used       free     shared    buffers     cached
Mem:          992M       907M        84M       224K       4.4M        60M
-/+ buffers/cache:       843M       148M
Swap:         8.0G       580M       7.4G

             total       used       free     shared    buffers     cached
Mem:          992M       909M        82M       224K       4.4M        60M
-/+ buffers/cache:       845M       147M
Swap:         8.0G       579M       7.4G

             total       used       free     shared    buffers     cached
Mem:          992M       910M        81M       224K       4.4M        60M
-/+ buffers/cache:       846M       145M
Swap:         8.0G       578M       7.4G

             total       used       free     shared    buffers     cached
Mem:          992M       912M        79M       224K       4.4M        60M
-/+ buffers/cache:       847M       144M
Swap:         8.0G       578M       7.4G

             total       used       free     shared    buffers     cached
Mem:          992M       913M        78M       224K       4.4M        60M
-/+ buffers/cache:       849M       142M
Swap:         8.0G       577M       7.4G

             total       used       free     shared    buffers     cached
Mem:          992M       915M        76M       224K       4.4M        60M
-/+ buffers/cache:       850M       141M
Swap:         8.0G       576M       7.4G

             total       used       free     shared    buffers     cached
Mem:          992M       916M        75M       224K       4.4M        60M
-/+ buffers/cache:       851M       140M
Swap:         8.0G       576M       7.4G

             total       used       free     shared    buffers     cached
Mem:          992M       918M        73M       224K       4.4M        60M
-/+ buffers/cache:       853M       138M
Swap:         8.0G       575M       7.4G

             total       used       free     shared    buffers     cached
Mem:          992M       919M        72M       224K       4.4M        60M
-/+ buffers/cache:       854M       137M
Swap:         8.0G       575M       7.4G

             total       used       free     shared    buffers     cached
Mem:          992M       921M        71M       224K       4.4M        60M
-/+ buffers/cache:       856M       135M
Swap:         8.0G       574M       7.4G

             total       used       free     shared    buffers     cached
Mem:          992M       922M        69M       224K       4.4M        60M
-/+ buffers/cache:       857M       134M
Swap:         8.0G       573M       7.4G

             total       used       free     shared    buffers     cached
Mem:          992M       923M        68M       224K       4.4M        60M
-/+ buffers/cache:       858M       133M
Swap:         8.0G       573M       7.4G

             total       used       free     shared    buffers     cached
Mem:          992M       925M        67M       224K       4.4M        60M
-/+ buffers/cache:       860M       131M
Swap:         8.0G       572M       7.4G

             total       used       free     shared    buffers     cached
Mem:          992M       926M        65M       224K       4.4M        60M
-/+ buffers/cache:       861M       130M
Swap:         8.0G       572M       7.4G

             total       used       free     shared    buffers     cached
Mem:          992M       928M        64M       224K       4.4M        60M
-/+ buffers/cache:       863M       128M
Swap:         8.0G       571M       7.4G

             total       used       free     shared    buffers     cached
Mem:          992M       929M        63M       224K       4.4M        60M
-/+ buffers/cache:       864M       127M
Swap:         8.0G       570M       7.4G

             total       used       free     shared    buffers     cached
Mem:          992M       930M        61M       224K       4.4M        60M
-/+ buffers/cache:       865M       126M
Swap:         8.0G       570M       7.4G

             total       used       free     shared    buffers     cached
Mem:          992M       918M        74M       224K       4.4M        59M
-/+ buffers/cache:       853M       138M
Swap:         8.0G       571M       7.4G

             total       used       free     shared    buffers     cached
Mem:          992M       919M        72M       224K       4.4M        59M
-/+ buffers/cache:       854M       137M
Swap:         8.0G       570M       7.4G

             total       used       free     shared    buffers     cached
Mem:          992M       920M        71M       224K       4.4M        59M
-/+ buffers/cache:       856M       135M
Swap:         8.0G       570M       7.4G

             total       used       free     shared    buffers     cached
Mem:          992M       922M        70M       224K       4.4M        59M
-/+ buffers/cache:       857M       134M
Swap:         8.0G       569M       7.4G

             total       used       free     shared    buffers     cached
Mem:          992M       923M        68M       224K       4.4M        59M
-/+ buffers/cache:       859M       133M
Swap:         8.0G       568M       7.4G

             total       used       free     shared    buffers     cached
Mem:          992M       925M        67M       224K       4.5M        59M
-/+ buffers/cache:       860M       131M
Swap:         8.0G       568M       7.4G

             total       used       free     shared    buffers     cached
Mem:          992M       926M        65M       224K       4.5M        59M
-/+ buffers/cache:       862M       130M
Swap:         8.0G       567M       7.4G

             total       used       free     shared    buffers     cached
Mem:          992M       927M        64M       224K       4.5M        59M
-/+ buffers/cache:       863M       128M
Swap:         8.0G       566M       7.4G

             total       used       free     shared    buffers     cached
Mem:          992M       929M        62M       224K       4.5M        60M
-/+ buffers/cache:       864M       127M
Swap:         8.0G       566M       7.4G

             total       used       free     shared    buffers     cached
Mem:          992M       930M        61M       224K       4.5M        59M
-/+ buffers/cache:       866M       126M
Swap:         8.0G       565M       7.4G

             total       used       free     shared    buffers     cached
Mem:          992M       907M        85M       224K       4.4M        58M
-/+ buffers/cache:       844M       147M
Swap:         8.0G       585M       7.4G

             total       used       free     shared    buffers     cached
Mem:          992M       907M        84M       224K       4.4M        58M
-/+ buffers/cache:       845M       146M
Swap:         8.0G       584M       7.4G

             total       used       free     shared    buffers     cached
Mem:          992M       915M        76M       280K       7.5M        68M
-/+ buffers/cache:       839M       152M
Swap:         8.0G       604M       7.4G

             total       used       free     shared    buffers     cached
Mem:          992M       921M        70M       268K       7.6M        68M
-/+ buffers/cache:       845M       146M
Swap:         8.0G       603M       7.4G
