             total       used       free     shared    buffers     cached
Mem:          2.0G       519M       1.4G       1.3M        38M       245M
-/+ buffers/cache:       235M       1.7G
Swap:         8.0G         0B       8.0G

             total       used       free     shared    buffers     cached
Mem:          2.0G       518M       1.4G       1.4M        38M       246M
-/+ buffers/cache:       233M       1.7G
Swap:         8.0G         0B       8.0G

             total       used       free     shared    buffers     cached
Mem:          2.0G       518M       1.4G       1.4M        38M       246M
-/+ buffers/cache:       233M       1.7G
Swap:         8.0G         0B       8.0G

             total       used       free     shared    buffers     cached
Mem:          2.0G       518M       1.4G       1.4M        38M       246M
-/+ buffers/cache:       233M       1.7G
Swap:         8.0G         0B       8.0G

             total       used       free     shared    buffers     cached
Mem:          2.0G       518M       1.4G       1.4M        38M       246M
-/+ buffers/cache:       233M       1.7G
Swap:         8.0G         0B       8.0G

             total       used       free     shared    buffers     cached
Mem:          2.0G       518M       1.4G       1.4M        38M       246M
-/+ buffers/cache:       233M       1.7G
Swap:         8.0G         0B       8.0G

             total       used       free     shared    buffers     cached
Mem:          2.0G       518M       1.4G       1.4M        38M       246M
-/+ buffers/cache:       233M       1.7G
Swap:         8.0G         0B       8.0G

             total       used       free     shared    buffers     cached
Mem:          2.0G       518M       1.4G       1.4M        38M       246M
-/+ buffers/cache:       233M       1.7G
Swap:         8.0G         0B       8.0G

             total       used       free     shared    buffers     cached
Mem:          2.0G       518M       1.4G       1.4M        38M       246M
-/+ buffers/cache:       233M       1.7G
Swap:         8.0G         0B       8.0G

             total       used       free     shared    buffers     cached
Mem:          2.0G       518M       1.4G       1.4M        38M       246M
-/+ buffers/cache:       233M       1.7G
Swap:         8.0G         0B       8.0G

             total       used       free     shared    buffers     cached
Mem:          2.0G       518M       1.4G       1.4M        38M       246M
-/+ buffers/cache:       233M       1.7G
Swap:         8.0G         0B       8.0G

             total       used       free     shared    buffers     cached
Mem:          2.0G       520M       1.4G       1.4M        38M       246M
-/+ buffers/cache:       235M       1.7G
Swap:         8.0G         0B       8.0G

             total       used       free     shared    buffers     cached
Mem:          2.0G       520M       1.4G       1.4M        38M       246M
-/+ buffers/cache:       235M       1.7G
Swap:         8.0G         0B       8.0G

             total       used       free     shared    buffers     cached
Mem:          2.0G       520M       1.4G       1.4M        38M       246M
-/+ buffers/cache:       235M       1.7G
Swap:         8.0G         0B       8.0G

             total       used       free     shared    buffers     cached
Mem:          2.0G       520M       1.4G       1.4M        38M       246M
-/+ buffers/cache:       235M       1.7G
Swap:         8.0G         0B       8.0G

             total       used       free     shared    buffers     cached
Mem:          2.0G       520M       1.4G       1.4M        38M       246M
-/+ buffers/cache:       235M       1.7G
Swap:         8.0G         0B       8.0G

             total       used       free     shared    buffers     cached
Mem:          2.0G       520M       1.4G       1.4M        38M       246M
-/+ buffers/cache:       235M       1.7G
Swap:         8.0G         0B       8.0G

             total       used       free     shared    buffers     cached
Mem:          2.0G       520M       1.4G       1.4M        38M       246M
-/+ buffers/cache:       234M       1.7G
Swap:         8.0G         0B       8.0G

             total       used       free     shared    buffers     cached
Mem:          2.0G       520M       1.4G       1.4M        38M       246M
-/+ buffers/cache:       234M       1.7G
Swap:         8.0G         0B       8.0G

             total       used       free     shared    buffers     cached
Mem:          2.0G       520M       1.4G       1.4M        38M       246M
-/+ buffers/cache:       234M       1.7G
Swap:         8.0G         0B       8.0G

             total       used       free     shared    buffers     cached
Mem:          2.0G       520M       1.4G       1.4M        38M       246M
-/+ buffers/cache:       234M       1.7G
Swap:         8.0G         0B       8.0G

             total       used       free     shared    buffers     cached
Mem:          2.0G       520M       1.4G       1.4M        38M       246M
-/+ buffers/cache:       235M       1.7G
Swap:         8.0G         0B       8.0G

             total       used       free     shared    buffers     cached
Mem:          2.0G       520M       1.4G       1.4M        38M       246M
-/+ buffers/cache:       235M       1.7G
Swap:         8.0G         0B       8.0G

             total       used       free     shared    buffers     cached
Mem:          2.0G       520M       1.4G       1.4M        38M       246M
-/+ buffers/cache:       235M       1.7G
Swap:         8.0G         0B       8.0G

             total       used       free     shared    buffers     cached
Mem:          2.0G       520M       1.4G       1.4M        38M       246M
-/+ buffers/cache:       235M       1.7G
Swap:         8.0G         0B       8.0G

             total       used       free     shared    buffers     cached
Mem:          2.0G       520M       1.4G       1.4M        38M       246M
-/+ buffers/cache:       235M       1.7G
Swap:         8.0G         0B       8.0G

             total       used       free     shared    buffers     cached
Mem:          2.0G       520M       1.4G       1.4M        38M       246M
-/+ buffers/cache:       235M       1.7G
Swap:         8.0G         0B       8.0G

             total       used       free     shared    buffers     cached
Mem:          2.0G       520M       1.4G       1.4M        38M       246M
-/+ buffers/cache:       235M       1.7G
Swap:         8.0G         0B       8.0G

             total       used       free     shared    buffers     cached
Mem:          2.0G       520M       1.4G       1.4M        38M       246M
-/+ buffers/cache:       235M       1.7G
Swap:         8.0G         0B       8.0G

             total       used       free     shared    buffers     cached
Mem:          2.0G       520M       1.4G       1.4M        38M       246M
-/+ buffers/cache:       235M       1.7G
Swap:         8.0G         0B       8.0G

             total       used       free     shared    buffers     cached
Mem:          2.0G       520M       1.4G       1.4M        38M       246M
-/+ buffers/cache:       235M       1.7G
Swap:         8.0G         0B       8.0G

             total       used       free     shared    buffers     cached
Mem:          2.0G       520M       1.4G       1.4M        38M       246M
-/+ buffers/cache:       235M       1.7G
Swap:         8.0G         0B       8.0G

             total       used       free     shared    buffers     cached
Mem:          2.0G       520M       1.4G       1.4M        38M       246M
-/+ buffers/cache:       235M       1.7G
Swap:         8.0G         0B       8.0G

             total       used       free     shared    buffers     cached
Mem:          2.0G       527M       1.4G       1.4M        38M       246M
-/+ buffers/cache:       242M       1.7G
Swap:         8.0G         0B       8.0G

             total       used       free     shared    buffers     cached
Mem:          2.0G       546M       1.4G       1.4M        38M       246M
-/+ buffers/cache:       261M       1.7G
Swap:         8.0G         0B       8.0G

             total       used       free     shared    buffers     cached
Mem:          2.0G       562M       1.4G       1.4M        38M       246M
-/+ buffers/cache:       277M       1.7G
Swap:         8.0G         0B       8.0G

             total       used       free     shared    buffers     cached
Mem:          2.0G       580M       1.4G       1.4M        38M       246M
-/+ buffers/cache:       295M       1.7G
Swap:         8.0G         0B       8.0G

             total       used       free     shared    buffers     cached
Mem:          2.0G       596M       1.4G       1.4M        38M       246M
-/+ buffers/cache:       311M       1.6G
Swap:         8.0G         0B       8.0G

             total       used       free     shared    buffers     cached
Mem:          2.0G       613M       1.4G       1.4M        38M       246M
-/+ buffers/cache:       327M       1.6G
Swap:         8.0G         0B       8.0G

             total       used       free     shared    buffers     cached
Mem:          2.0G       487M       1.5G       1.2M        38M       247M
-/+ buffers/cache:       201M       1.8G
Swap:         8.0G         0B       8.0G

             total       used       free     shared    buffers     cached
Mem:          2.0G       538M       1.4G       1.5M        38M       249M
-/+ buffers/cache:       250M       1.7G
Swap:         8.0G         0B       8.0G

             total       used       free     shared    buffers     cached
Mem:          2.0G       579M       1.4G       1.7M        38M       253M
-/+ buffers/cache:       286M       1.7G
Swap:         8.0G         0B       8.0G

             total       used       free     shared    buffers     cached
Mem:          2.0G       587M       1.4G       1.7M        38M       254M
-/+ buffers/cache:       294M       1.7G
Swap:         8.0G         0B       8.0G

             total       used       free     shared    buffers     cached
Mem:          2.0G       609M       1.4G       1.6M        38M       254M
-/+ buffers/cache:       316M       1.6G
Swap:         8.0G         0B       8.0G

             total       used       free     shared    buffers     cached
Mem:          2.0G       630M       1.3G       1.6M        38M       254M
-/+ buffers/cache:       337M       1.6G
Swap:         8.0G         0B       8.0G

             total       used       free     shared    buffers     cached
Mem:          2.0G       649M       1.3G       1.6M        38M       254M
-/+ buffers/cache:       356M       1.6G
Swap:         8.0G         0B       8.0G

             total       used       free     shared    buffers     cached
Mem:          2.0G       667M       1.3G       1.6M        38M       254M
-/+ buffers/cache:       374M       1.6G
Swap:         8.0G         0B       8.0G

             total       used       free     shared    buffers     cached
Mem:          2.0G       683M       1.3G       1.6M        38M       254M
-/+ buffers/cache:       390M       1.6G
Swap:         8.0G         0B       8.0G

             total       used       free     shared    buffers     cached
Mem:          2.0G       702M       1.3G       1.6M        38M       254M
-/+ buffers/cache:       409M       1.6G
Swap:         8.0G         0B       8.0G

             total       used       free     shared    buffers     cached
Mem:          2.0G       719M       1.3G       1.6M        38M       254M
-/+ buffers/cache:       426M       1.5G
Swap:         8.0G         0B       8.0G

             total       used       free     shared    buffers     cached
Mem:          2.0G       737M       1.2G       1.6M        38M       254M
-/+ buffers/cache:       444M       1.5G
Swap:         8.0G         0B       8.0G

             total       used       free     shared    buffers     cached
Mem:          2.0G       753M       1.2G       1.6M        38M       254M
-/+ buffers/cache:       460M       1.5G
Swap:         8.0G         0B       8.0G

             total       used       free     shared    buffers     cached
Mem:          2.0G       770M       1.2G       1.6M        38M       254M
-/+ buffers/cache:       477M       1.5G
Swap:         8.0G         0B       8.0G

             total       used       free     shared    buffers     cached
Mem:          2.0G       788M       1.2G       1.6M        38M       254M
-/+ buffers/cache:       495M       1.5G
Swap:         8.0G         0B       8.0G

             total       used       free     shared    buffers     cached
Mem:          2.0G       807M       1.2G       1.6M        38M       254M
-/+ buffers/cache:       514M       1.5G
Swap:         8.0G         0B       8.0G

             total       used       free     shared    buffers     cached
Mem:          2.0G       826M       1.1G       1.6M        38M       254M
-/+ buffers/cache:       533M       1.4G
Swap:         8.0G         0B       8.0G

             total       used       free     shared    buffers     cached
Mem:          2.0G       845M       1.1G       1.6M        38M       254M
-/+ buffers/cache:       552M       1.4G
Swap:         8.0G         0B       8.0G

             total       used       free     shared    buffers     cached
Mem:          2.0G       863M       1.1G       1.6M        38M       254M
-/+ buffers/cache:       570M       1.4G
Swap:         8.0G         0B       8.0G

             total       used       free     shared    buffers     cached
Mem:          2.0G       882M       1.1G       1.6M        38M       254M
-/+ buffers/cache:       589M       1.4G
Swap:         8.0G         0B       8.0G

             total       used       free     shared    buffers     cached
Mem:          2.0G       893M       1.1G       1.6M        38M       254M
-/+ buffers/cache:       601M       1.4G
Swap:         8.0G         0B       8.0G

             total       used       free     shared    buffers     cached
Mem:          2.0G       911M       1.1G       1.6M        38M       254M
-/+ buffers/cache:       618M       1.3G
Swap:         8.0G         0B       8.0G

             total       used       free     shared    buffers     cached
Mem:          2.0G       926M       1.0G       1.6M        38M       254M
-/+ buffers/cache:       633M       1.3G
Swap:         8.0G         0B       8.0G

             total       used       free     shared    buffers     cached
Mem:          2.0G       943M       1.0G       1.6M        38M       254M
-/+ buffers/cache:       650M       1.3G
Swap:         8.0G         0B       8.0G

             total       used       free     shared    buffers     cached
Mem:          2.0G       960M       1.0G       1.6M        38M       254M
-/+ buffers/cache:       667M       1.3G
Swap:         8.0G         0B       8.0G

             total       used       free     shared    buffers     cached
Mem:          2.0G       976M       1.0G       1.6M        38M       254M
-/+ buffers/cache:       683M       1.3G
Swap:         8.0G         0B       8.0G

             total       used       free     shared    buffers     cached
Mem:          2.0G       994M       1.0G       1.6M        38M       254M
-/+ buffers/cache:       701M       1.3G
Swap:         8.0G         0B       8.0G

             total       used       free     shared    buffers     cached
Mem:          2.0G       1.0G       989M       1.6M        38M       254M
-/+ buffers/cache:       717M       1.3G
Swap:         8.0G         0B       8.0G

             total       used       free     shared    buffers     cached
Mem:          2.0G       1.0G       972M       1.6M        38M       254M
-/+ buffers/cache:       734M       1.2G
Swap:         8.0G         0B       8.0G

             total       used       free     shared    buffers     cached
Mem:          2.0G       1.0G       954M       1.6M        38M       254M
-/+ buffers/cache:       752M       1.2G
Swap:         8.0G         0B       8.0G

             total       used       free     shared    buffers     cached
Mem:          2.0G       1.0G       936M       1.6M        38M       254M
-/+ buffers/cache:       770M       1.2G
Swap:         8.0G         0B       8.0G

             total       used       free     shared    buffers     cached
Mem:          2.0G       1.1G       918M       1.6M        38M       254M
-/+ buffers/cache:       789M       1.2G
Swap:         8.0G         0B       8.0G

             total       used       free     shared    buffers     cached
Mem:          2.0G       1.1G       901M       1.6M        38M       254M
-/+ buffers/cache:       806M       1.2G
Swap:         8.0G         0B       8.0G

             total       used       free     shared    buffers     cached
Mem:          2.0G       1.1G       885M       1.6M        38M       254M
-/+ buffers/cache:       822M       1.2G
Swap:         8.0G         0B       8.0G

             total       used       free     shared    buffers     cached
Mem:          2.0G       1.1G       868M       1.6M        38M       254M
-/+ buffers/cache:       839M       1.1G
Swap:         8.0G         0B       8.0G

             total       used       free     shared    buffers     cached
Mem:          2.0G       1.1G       850M       1.6M        38M       254M
-/+ buffers/cache:       856M       1.1G
Swap:         8.0G         0B       8.0G

             total       used       free     shared    buffers     cached
Mem:          2.0G       1.1G       834M       1.6M        38M       254M
-/+ buffers/cache:       873M       1.1G
Swap:         8.0G         0B       8.0G

             total       used       free     shared    buffers     cached
Mem:          2.0G       1.2G       819M       1.6M        38M       254M
-/+ buffers/cache:       888M       1.1G
Swap:         8.0G         0B       8.0G

             total       used       free     shared    buffers     cached
Mem:          2.0G       1.2G       801M       1.6M        38M       254M
-/+ buffers/cache:       906M       1.1G
Swap:         8.0G         0B       8.0G

             total       used       free     shared    buffers     cached
Mem:          2.0G       1.2G       784M       1.6M        38M       254M
-/+ buffers/cache:       923M       1.1G
Swap:         8.0G         0B       8.0G

             total       used       free     shared    buffers     cached
Mem:          2.0G       1.2G       765M       1.6M        38M       254M
-/+ buffers/cache:       941M       1.0G
Swap:         8.0G         0B       8.0G

             total       used       free     shared    buffers     cached
Mem:          2.0G       1.2G       749M       1.6M        38M       254M
-/+ buffers/cache:       958M       1.0G
Swap:         8.0G         0B       8.0G

             total       used       free     shared    buffers     cached
Mem:          2.0G       1.2G       732M       1.6M        38M       254M
-/+ buffers/cache:       974M       1.0G
Swap:         8.0G         0B       8.0G

             total       used       free     shared    buffers     cached
Mem:          2.0G       1.3G       715M       1.6M        38M       254M
-/+ buffers/cache:       991M       1.0G
Swap:         8.0G         0B       8.0G

             total       used       free     shared    buffers     cached
Mem:          2.0G       1.3G       700M       1.6M        38M       254M
-/+ buffers/cache:       1.0G       992M
Swap:         8.0G         0B       8.0G

             total       used       free     shared    buffers     cached
Mem:          2.0G       1.3G       684M       1.6M        38M       254M
-/+ buffers/cache:       1.0G       977M
Swap:         8.0G         0B       8.0G

             total       used       free     shared    buffers     cached
Mem:          2.0G       1.3G       668M       1.6M        38M       254M
-/+ buffers/cache:       1.0G       961M
Swap:         8.0G         0B       8.0G

             total       used       free     shared    buffers     cached
Mem:          2.0G       1.3G       660M       1.6M        38M       254M
-/+ buffers/cache:       1.0G       953M
Swap:         8.0G         0B       8.0G

             total       used       free     shared    buffers     cached
Mem:          2.0G       1.3G       650M       1.6M        38M       254M
-/+ buffers/cache:       1.0G       943M
Swap:         8.0G         0B       8.0G

             total       used       free     shared    buffers     cached
Mem:          2.0G       1.3G       633M       1.6M        38M       254M
-/+ buffers/cache:       1.0G       926M
Swap:         8.0G         0B       8.0G

             total       used       free     shared    buffers     cached
Mem:          2.0G       1.4G       615M       1.6M        38M       254M
-/+ buffers/cache:       1.1G       908M
Swap:         8.0G         0B       8.0G

             total       used       free     shared    buffers     cached
Mem:          2.0G       1.4G       598M       1.6M        38M       254M
-/+ buffers/cache:       1.1G       890M
Swap:         8.0G         0B       8.0G

             total       used       free     shared    buffers     cached
Mem:          2.0G       1.4G       580M       1.6M        38M       254M
-/+ buffers/cache:       1.1G       873M
Swap:         8.0G         0B       8.0G

             total       used       free     shared    buffers     cached
Mem:          2.0G       1.4G       563M       1.6M        38M       254M
-/+ buffers/cache:       1.1G       856M
Swap:         8.0G         0B       8.0G

             total       used       free     shared    buffers     cached
Mem:          2.0G       1.4G       547M       1.6M        38M       254M
-/+ buffers/cache:       1.1G       840M
Swap:         8.0G         0B       8.0G

             total       used       free     shared    buffers     cached
Mem:          2.0G       1.4G       531M       1.6M        38M       254M
-/+ buffers/cache:       1.1G       824M
Swap:         8.0G         0B       8.0G

             total       used       free     shared    buffers     cached
Mem:          2.0G       1.5G       513M       1.6M        38M       254M
-/+ buffers/cache:       1.2G       806M
Swap:         8.0G         0B       8.0G

             total       used       free     shared    buffers     cached
Mem:          2.0G       1.5G       496M       1.6M        38M       254M
-/+ buffers/cache:       1.2G       789M
Swap:         8.0G         0B       8.0G

             total       used       free     shared    buffers     cached
Mem:          2.0G       1.5G       480M       1.6M        38M       254M
-/+ buffers/cache:       1.2G       773M
Swap:         8.0G         0B       8.0G

             total       used       free     shared    buffers     cached
Mem:          2.0G       1.5G       462M       1.6M        38M       254M
-/+ buffers/cache:       1.2G       755M
Swap:         8.0G         0B       8.0G

             total       used       free     shared    buffers     cached
Mem:          2.0G       1.5G       443M       1.6M        38M       254M
-/+ buffers/cache:       1.2G       736M
Swap:         8.0G         0B       8.0G

             total       used       free     shared    buffers     cached
Mem:          2.0G       1.5G       423M       1.6M        38M       254M
-/+ buffers/cache:       1.3G       716M
Swap:         8.0G         0B       8.0G

             total       used       free     shared    buffers     cached
Mem:          2.0G       1.6G       403M       1.6M        38M       254M
-/+ buffers/cache:       1.3G       696M
Swap:         8.0G         0B       8.0G

             total       used       free     shared    buffers     cached
Mem:          2.0G       1.6G       385M       1.6M        38M       254M
-/+ buffers/cache:       1.3G       678M
Swap:         8.0G         0B       8.0G

             total       used       free     shared    buffers     cached
Mem:          2.0G       1.6G       366M       1.6M        38M       254M
-/+ buffers/cache:       1.3G       659M
Swap:         8.0G         0B       8.0G

             total       used       free     shared    buffers     cached
Mem:          2.0G       1.6G       348M       1.6M        38M       254M
-/+ buffers/cache:       1.3G       641M
Swap:         8.0G         0B       8.0G

             total       used       free     shared    buffers     cached
Mem:          2.0G       1.6G       330M       1.6M        38M       254M
-/+ buffers/cache:       1.3G       623M
Swap:         8.0G         0B       8.0G

             total       used       free     shared    buffers     cached
Mem:          2.0G       1.6G       313M       1.6M        38M       254M
-/+ buffers/cache:       1.4G       606M
Swap:         8.0G         0B       8.0G

             total       used       free     shared    buffers     cached
Mem:          2.0G       1.7G       294M       1.6M        38M       254M
-/+ buffers/cache:       1.4G       587M
Swap:         8.0G         0B       8.0G

             total       used       free     shared    buffers     cached
Mem:          2.0G       1.7G       275M       1.6M        38M       254M
-/+ buffers/cache:       1.4G       568M
Swap:         8.0G         0B       8.0G

             total       used       free     shared    buffers     cached
Mem:          2.0G       1.7G       257M       1.6M        38M       254M
-/+ buffers/cache:       1.4G       550M
Swap:         8.0G         0B       8.0G

             total       used       free     shared    buffers     cached
Mem:          2.0G       1.7G       238M       1.6M        38M       254M
-/+ buffers/cache:       1.4G       531M
Swap:         8.0G         0B       8.0G

             total       used       free     shared    buffers     cached
Mem:          2.0G       1.7G       220M       1.6M        38M       254M
-/+ buffers/cache:       1.5G       513M
Swap:         8.0G         0B       8.0G

             total       used       free     shared    buffers     cached
Mem:          2.0G       1.8G       202M       1.6M        38M       254M
-/+ buffers/cache:       1.5G       495M
Swap:         8.0G         0B       8.0G

             total       used       free     shared    buffers     cached
Mem:          2.0G       1.8G       184M       1.6M        38M       254M
-/+ buffers/cache:       1.5G       477M
Swap:         8.0G         0B       8.0G

             total       used       free     shared    buffers     cached
Mem:          2.0G       1.8G       166M       1.6M        38M       254M
-/+ buffers/cache:       1.5G       459M
Swap:         8.0G         0B       8.0G

             total       used       free     shared    buffers     cached
Mem:          2.0G       1.8G       149M       1.6M        38M       254M
-/+ buffers/cache:       1.5G       442M
Swap:         8.0G         0B       8.0G

             total       used       free     shared    buffers     cached
Mem:          2.0G       1.8G       132M       1.6M        38M       254M
-/+ buffers/cache:       1.5G       425M
Swap:         8.0G         0B       8.0G

             total       used       free     shared    buffers     cached
Mem:          2.0G       1.8G       113M       1.6M        38M       254M
-/+ buffers/cache:       1.6G       406M
Swap:         8.0G         0B       8.0G

             total       used       free     shared    buffers     cached
Mem:          2.0G       1.9G        96M       1.6M        38M       254M
-/+ buffers/cache:       1.6G       389M
Swap:         8.0G         0B       8.0G

             total       used       free     shared    buffers     cached
Mem:          2.0G       1.9G        80M       1.6M        38M       254M
-/+ buffers/cache:       1.6G       373M
Swap:         8.0G         0B       8.0G

             total       used       free     shared    buffers     cached
Mem:          2.0G       1.9G        82M       1.6M        18M       252M
-/+ buffers/cache:       1.6G       353M
Swap:         8.0G         0B       8.0G

             total       used       free     shared    buffers     cached
Mem:          2.0G       1.9G        65M       1.6M        18M       252M
-/+ buffers/cache:       1.6G       336M
Swap:         8.0G         0B       8.0G

             total       used       free     shared    buffers     cached
Mem:          2.0G       1.9G        67M       1.6M        10M       241M
-/+ buffers/cache:       1.6G       319M
Swap:         8.0G         0B       8.0G

             total       used       free     shared    buffers     cached
Mem:          2.0G       1.9G        75M       1.6M       9.9M       215M
-/+ buffers/cache:       1.7G       300M
Swap:         8.0G        28K       8.0G

             total       used       free     shared    buffers     cached
Mem:          2.0G       1.9G        70M       1.5M       9.9M       203M
-/+ buffers/cache:       1.7G       283M
Swap:         8.0G        80K       8.0G

             total       used       free     shared    buffers     cached
Mem:          2.0G       1.9G        69M       1.3M       9.9M       187M
-/+ buffers/cache:       1.7G       266M
Swap:         8.0G       256K       8.0G

             total       used       free     shared    buffers     cached
Mem:          2.0G       1.9G        71M       1.3M       9.9M       168M
-/+ buffers/cache:       1.7G       249M
Swap:         8.0G       1.4M       8.0G

             total       used       free     shared    buffers     cached
Mem:          2.0G       1.9G        72M       1.3M       9.9M       150M
-/+ buffers/cache:       1.7G       233M
Swap:         8.0G       2.8M       8.0G

             total       used       free     shared    buffers     cached
Mem:          2.0G       1.9G        72M       1.1M       9.9M       135M
-/+ buffers/cache:       1.7G       217M
Swap:         8.0G       4.5M       8.0G

             total       used       free     shared    buffers     cached
Mem:          2.0G       1.9G        71M       1.1M       9.9M       120M
-/+ buffers/cache:       1.8G       202M
Swap:         8.0G       6.0M       8.0G

             total       used       free     shared    buffers     cached
Mem:          2.0G       1.9G        67M       1.1M       3.2M       113M
-/+ buffers/cache:       1.8G       184M
Swap:         8.0G       6.0M       8.0G

             total       used       free     shared    buffers     cached
Mem:          2.0G       1.9G        76M       1.1M       1.0M        89M
-/+ buffers/cache:       1.8G       166M
Swap:         8.0G       6.1M       8.0G

             total       used       free     shared    buffers     cached
Mem:          2.0G       1.9G        64M       1.1M       628K        83M
-/+ buffers/cache:       1.8G       149M
Swap:         8.0G       6.1M       8.0G

             total       used       free     shared    buffers     cached
Mem:          2.0G       1.9G        65M       1.1M        76K        65M
-/+ buffers/cache:       1.8G       130M
Swap:         8.0G       6.1M       8.0G

             total       used       free     shared    buffers     cached
Mem:          2.0G       1.9G        86M       1.1M        88K        29M
-/+ buffers/cache:       1.8G       115M
Swap:         8.0G       6.1M       8.0G

             total       used       free     shared    buffers     cached
Mem:          2.0G       1.9G        66M       1.1M        88K        29M
-/+ buffers/cache:       1.9G        96M
Swap:         8.0G       6.1M       8.0G

             total       used       free     shared    buffers     cached
Mem:          2.0G       1.9G        75M       1.1M       220K       3.7M
-/+ buffers/cache:       1.9G        79M
Swap:         8.0G       6.2M       8.0G

             total       used       free     shared    buffers     cached
Mem:          2.0G       1.9G        72M       1.0M       220K       2.4M
-/+ buffers/cache:       1.9G        75M
Swap:         8.0G        13M       8.0G

             total       used       free     shared    buffers     cached
Mem:          2.0G       1.9G        66M       1.0M       220K       2.4M
-/+ buffers/cache:       1.9G        68M
Swap:         8.0G        13M       8.0G

             total       used       free     shared    buffers     cached
Mem:          2.0G       1.9G        78M       644K       220K       1.9M
-/+ buffers/cache:       1.9G        80M
Swap:         8.0G        27M       8.0G

             total       used       free     shared    buffers     cached
Mem:          2.0G       1.9G        75M       580K       228K       2.5M
-/+ buffers/cache:       1.9G        78M
Swap:         8.0G        73M       7.9G

             total       used       free     shared    buffers     cached
Mem:          2.0G       1.9G        70M       592K       228K       2.5M
-/+ buffers/cache:       1.9G        73M
Swap:         8.0G        73M       7.9G

             total       used       free     shared    buffers     cached
Mem:          2.0G       1.9G        75M       592K       104K       1.9M
-/+ buffers/cache:       1.9G        77M
Swap:         8.0G        77M       7.9G

             total       used       free     shared    buffers     cached
Mem:          2.0G       1.9G        72M       580K       104K       1.8M
-/+ buffers/cache:       1.9G        74M
Swap:         8.0G        83M       7.9G

             total       used       free     shared    buffers     cached
Mem:          2.0G       1.9G        72M       580K       104K       1.8M
-/+ buffers/cache:       1.9G        74M
Swap:         8.0G        83M       7.9G

             total       used       free     shared    buffers     cached
Mem:          2.0G       1.9G        72M       580K       112K       1.8M
-/+ buffers/cache:       1.9G        74M
Swap:         8.0G        83M       7.9G

             total       used       free     shared    buffers     cached
Mem:          2.0G       1.9G        72M       580K       112K       1.8M
-/+ buffers/cache:       1.9G        74M
Swap:         8.0G        83M       7.9G

             total       used       free     shared    buffers     cached
Mem:          2.0G       1.9G        72M       580K       112K       1.8M
-/+ buffers/cache:       1.9G        74M
Swap:         8.0G        83M       7.9G

             total       used       free     shared    buffers     cached
Mem:          2.0G       1.9G        72M       580K       112K       1.8M
-/+ buffers/cache:       1.9G        74M
Swap:         8.0G        83M       7.9G

             total       used       free     shared    buffers     cached
Mem:          2.0G       1.9G        72M       580K       112K       1.8M
-/+ buffers/cache:       1.9G        74M
Swap:         8.0G        83M       7.9G

             total       used       free     shared    buffers     cached
Mem:          2.0G       1.9G        72M       580K       120K       1.8M
-/+ buffers/cache:       1.9G        74M
Swap:         8.0G        83M       7.9G

             total       used       free     shared    buffers     cached
Mem:          2.0G       1.9G        72M       580K       120K       1.8M
-/+ buffers/cache:       1.9G        74M
Swap:         8.0G        83M       7.9G

             total       used       free     shared    buffers     cached
Mem:          2.0G       1.9G        72M       580K       120K       1.8M
-/+ buffers/cache:       1.9G        74M
Swap:         8.0G        83M       7.9G

             total       used       free     shared    buffers     cached
Mem:          2.0G       1.9G        72M       580K       120K       1.8M
-/+ buffers/cache:       1.9G        74M
Swap:         8.0G        83M       7.9G

             total       used       free     shared    buffers     cached
Mem:          2.0G       1.9G        72M       580K       120K       1.8M
-/+ buffers/cache:       1.9G        74M
Swap:         8.0G        83M       7.9G

             total       used       free     shared    buffers     cached
Mem:          2.0G       1.9G        72M       580K       120K       1.8M
-/+ buffers/cache:       1.9G        74M
Swap:         8.0G        83M       7.9G

             total       used       free     shared    buffers     cached
Mem:          2.0G       1.9G        72M       580K       128K       1.8M
-/+ buffers/cache:       1.9G        74M
Swap:         8.0G        83M       7.9G

             total       used       free     shared    buffers     cached
Mem:          2.0G       1.9G        72M       580K       128K       1.8M
-/+ buffers/cache:       1.9G        74M
Swap:         8.0G        83M       7.9G

             total       used       free     shared    buffers     cached
Mem:          2.0G       1.9G        72M       580K       128K       1.8M
-/+ buffers/cache:       1.9G        74M
Swap:         8.0G        83M       7.9G

             total       used       free     shared    buffers     cached
Mem:          2.0G       1.9G        72M       580K       128K       1.8M
-/+ buffers/cache:       1.9G        74M
Swap:         8.0G        83M       7.9G

             total       used       free     shared    buffers     cached
Mem:          2.0G       1.9G        67M       580K       128K       5.9M
-/+ buffers/cache:       1.9G        73M
Swap:         8.0G        83M       7.9G

             total       used       free     shared    buffers     cached
Mem:          2.0G       1.9G        75M       580K        76K       1.8M
-/+ buffers/cache:       1.9G        77M
Swap:         8.0G        84M       7.9G

             total       used       free     shared    buffers     cached
Mem:          2.0G       1.9G        72M       580K        80K       4.3M
-/+ buffers/cache:       1.9G        76M
Swap:         8.0G        83M       7.9G

             total       used       free     shared    buffers     cached
Mem:          2.0G       1.9G        72M       580K        80K       4.3M
-/+ buffers/cache:       1.9G        76M
Swap:         8.0G        83M       7.9G

             total       used       free     shared    buffers     cached
Mem:          2.0G       1.9G        72M       580K        80K       4.3M
-/+ buffers/cache:       1.9G        76M
Swap:         8.0G        83M       7.9G

             total       used       free     shared    buffers     cached
Mem:          2.0G       1.9G        72M       580K        80K       4.3M
-/+ buffers/cache:       1.9G        76M
Swap:         8.0G        83M       7.9G

             total       used       free     shared    buffers     cached
Mem:          2.0G       1.9G        72M       580K        88K       4.4M
-/+ buffers/cache:       1.9G        76M
Swap:         8.0G        83M       7.9G

             total       used       free     shared    buffers     cached
Mem:          2.0G       1.9G        72M       580K        88K       4.4M
-/+ buffers/cache:       1.9G        76M
Swap:         8.0G        83M       7.9G

             total       used       free     shared    buffers     cached
Mem:          2.0G       1.9G        72M       580K        88K       4.4M
-/+ buffers/cache:       1.9G        76M
Swap:         8.0G        83M       7.9G

             total       used       free     shared    buffers     cached
Mem:          2.0G       1.9G        72M       580K        88K       4.4M
-/+ buffers/cache:       1.9G        76M
Swap:         8.0G        83M       7.9G

             total       used       free     shared    buffers     cached
Mem:          2.0G       1.9G        72M       580K        88K       4.4M
-/+ buffers/cache:       1.9G        76M
Swap:         8.0G        83M       7.9G

             total       used       free     shared    buffers     cached
Mem:          2.0G       1.9G        72M       580K        88K       4.4M
-/+ buffers/cache:       1.9G        76M
Swap:         8.0G        83M       7.9G

             total       used       free     shared    buffers     cached
Mem:          2.0G       1.9G        72M       580K        96K       4.4M
-/+ buffers/cache:       1.9G        76M
Swap:         8.0G        83M       7.9G

             total       used       free     shared    buffers     cached
Mem:          2.0G       1.9G        72M       580K        96K       4.4M
-/+ buffers/cache:       1.9G        76M
Swap:         8.0G        83M       7.9G

             total       used       free     shared    buffers     cached
Mem:          2.0G       1.9G        72M       580K        96K       4.4M
-/+ buffers/cache:       1.9G        76M
Swap:         8.0G        83M       7.9G

             total       used       free     shared    buffers     cached
Mem:          2.0G       1.9G        72M       580K        96K       4.4M
-/+ buffers/cache:       1.9G        76M
Swap:         8.0G        83M       7.9G

             total       used       free     shared    buffers     cached
Mem:          2.0G       1.9G        57M       580K        96K        15M
-/+ buffers/cache:       1.9G        73M
Swap:         8.0G        82M       7.9G

             total       used       free     shared    buffers     cached
Mem:          2.0G       1.8G       119M       580K       104K        17M
-/+ buffers/cache:       1.8G       137M
Swap:         8.0G       163M       7.8G

             total       used       free     shared    buffers     cached
Mem:          2.0G       1.8G       119M       580K       548K        17M
-/+ buffers/cache:       1.8G       136M
Swap:         8.0G       163M       7.8G

             total       used       free     shared    buffers     cached
Mem:          2.0G       1.8G       117M       580K       548K        17M
-/+ buffers/cache:       1.8G       134M
Swap:         8.0G       161M       7.8G

             total       used       free     shared    buffers     cached
Mem:          2.0G       1.8G       113M       580K       1.2M        17M
-/+ buffers/cache:       1.8G       132M
Swap:         8.0G       160M       7.8G

             total       used       free     shared    buffers     cached
Mem:          2.0G       1.8G       111M       580K       1.2M        17M
-/+ buffers/cache:       1.8G       130M
Swap:         8.0G       159M       7.8G

             total       used       free     shared    buffers     cached
Mem:          2.0G       1.8G       109M       580K       1.2M        17M
-/+ buffers/cache:       1.8G       128M
Swap:         8.0G       158M       7.8G

             total       used       free     shared    buffers     cached
Mem:          2.0G       1.8G       107M       580K       1.2M        17M
-/+ buffers/cache:       1.8G       126M
Swap:         8.0G       157M       7.8G

             total       used       free     shared    buffers     cached
Mem:          2.0G       1.9G       105M       580K       1.2M        18M
-/+ buffers/cache:       1.8G       125M
Swap:         8.0G       156M       7.8G

             total       used       free     shared    buffers     cached
Mem:          2.0G       1.9G       104M       580K       1.2M        18M
-/+ buffers/cache:       1.8G       124M
Swap:         8.0G       156M       7.8G

             total       used       free     shared    buffers     cached
Mem:          2.0G       1.9G       102M       580K       1.2M        18M
-/+ buffers/cache:       1.8G       121M
Swap:         8.0G       154M       7.8G

             total       used       free     shared    buffers     cached
Mem:          2.0G       1.9G        99M       580K       1.2M        18M
-/+ buffers/cache:       1.8G       118M
Swap:         8.0G       152M       7.8G

             total       used       free     shared    buffers     cached
Mem:          2.0G       1.9G        97M       580K       1.2M        18M
-/+ buffers/cache:       1.8G       116M
Swap:         8.0G       151M       7.8G

             total       used       free     shared    buffers     cached
Mem:          2.0G       1.9G        95M       580K       1.2M        18M
-/+ buffers/cache:       1.8G       114M
Swap:         8.0G       150M       7.9G

             total       used       free     shared    buffers     cached
Mem:          2.0G       1.9G        92M       580K       1.2M        18M
-/+ buffers/cache:       1.8G       112M
Swap:         8.0G       148M       7.9G

             total       used       free     shared    buffers     cached
Mem:          2.0G       1.9G        89M       580K       1.2M        18M
-/+ buffers/cache:       1.8G       109M
Swap:         8.0G       146M       7.9G

             total       used       free     shared    buffers     cached
Mem:          2.0G       1.9G        87M       580K       1.2M        18M
-/+ buffers/cache:       1.8G       107M
Swap:         8.0G       145M       7.9G

             total       used       free     shared    buffers     cached
Mem:          2.0G       1.9G        85M       580K       1.2M        18M
-/+ buffers/cache:       1.9G       105M
Swap:         8.0G       143M       7.9G

             total       used       free     shared    buffers     cached
Mem:          2.0G       1.9G        83M       580K       1.2M        18M
-/+ buffers/cache:       1.9G       102M
Swap:         8.0G       141M       7.9G

             total       used       free     shared    buffers     cached
Mem:          2.0G       1.9G        80M       580K       1.2M        18M
-/+ buffers/cache:       1.9G       100M
Swap:         8.0G       139M       7.9G

             total       used       free     shared    buffers     cached
Mem:          2.0G       1.9G        78M       580K       1.2M        18M
-/+ buffers/cache:       1.9G        98M
Swap:         8.0G       137M       7.9G

             total       used       free     shared    buffers     cached
Mem:          2.0G       1.9G        76M       580K       1.2M        18M
-/+ buffers/cache:       1.9G        95M
Swap:         8.0G       135M       7.9G

             total       used       free     shared    buffers     cached
Mem:          2.0G       1.9G        73M       580K       1.2M        18M
-/+ buffers/cache:       1.9G        93M
Swap:         8.0G       132M       7.9G

             total       used       free     shared    buffers     cached
Mem:          2.0G       1.9G        71M       580K       1.2M        18M
-/+ buffers/cache:       1.9G        91M
Swap:         8.0G       130M       7.9G

             total       used       free     shared    buffers     cached
Mem:          2.0G       1.9G        68M       580K       1.2M        18M
-/+ buffers/cache:       1.9G        88M
Swap:         8.0G       127M       7.9G

             total       used       free     shared    buffers     cached
Mem:          2.0G       1.9G        66M       580K       1.2M        18M
-/+ buffers/cache:       1.9G        86M
Swap:         8.0G       125M       7.9G

             total       used       free     shared    buffers     cached
Mem:          2.0G       1.9G        80M       580K       1.2M        15M
-/+ buffers/cache:       1.9G        97M
Swap:         8.0G       124M       7.9G

             total       used       free     shared    buffers     cached
Mem:          2.0G       1.9G        79M       580K       1.2M        15M
-/+ buffers/cache:       1.9G        96M
Swap:         8.0G       121M       7.9G

             total       used       free     shared    buffers     cached
Mem:          2.0G       1.9G        77M       580K       1.2M        15M
-/+ buffers/cache:       1.9G        94M
Swap:         8.0G       119M       7.9G

             total       used       free     shared    buffers     cached
Mem:          2.0G       1.9G        74M       580K       1.3M        15M
-/+ buffers/cache:       1.9G        91M
Swap:         8.0G       116M       7.9G

             total       used       free     shared    buffers     cached
Mem:          2.0G       1.9G        72M       580K       1.3M        15M
-/+ buffers/cache:       1.9G        89M
Swap:         8.0G       114M       7.9G

             total       used       free     shared    buffers     cached
Mem:          2.0G       1.9G        70M       580K       1.3M        15M
-/+ buffers/cache:       1.9G        87M
Swap:         8.0G       110M       7.9G

             total       used       free     shared    buffers     cached
Mem:          2.0G       1.9G        68M       580K       1.3M        15M
-/+ buffers/cache:       1.9G        85M
Swap:         8.0G       108M       7.9G

             total       used       free     shared    buffers     cached
Mem:          2.0G       1.9G        66M       580K       1.3M        15M
-/+ buffers/cache:       1.9G        83M
Swap:         8.0G       104M       7.9G

             total       used       free     shared    buffers     cached
Mem:          2.0G       1.9G        76M       580K        88K        12M
-/+ buffers/cache:       1.9G        89M
Swap:         8.0G       114M       7.9G

             total       used       free     shared    buffers     cached
Mem:          2.0G       1.9G        75M       580K        88K        12M
-/+ buffers/cache:       1.9G        87M
Swap:         8.0G       111M       7.9G

             total       used       free     shared    buffers     cached
Mem:          2.0G       1.9G        72M       580K        88K        12M
-/+ buffers/cache:       1.9G        85M
Swap:         8.0G       108M       7.9G

             total       used       free     shared    buffers     cached
Mem:          2.0G       1.9G        70M       580K        88K        12M
-/+ buffers/cache:       1.9G        83M
Swap:         8.0G       105M       7.9G

             total       used       free     shared    buffers     cached
Mem:          2.0G       1.9G        69M       580K        88K        12M
-/+ buffers/cache:       1.9G        81M
Swap:         8.0G       103M       7.9G

             total       used       free     shared    buffers     cached
Mem:          2.0G       1.9G        67M       580K        88K        12M
-/+ buffers/cache:       1.9G        79M
Swap:         8.0G        99M       7.9G

             total       used       free     shared    buffers     cached
Mem:          2.0G       1.9G        65M       580K        96K        12M
-/+ buffers/cache:       1.9G        77M
Swap:         8.0G        96M       7.9G

             total       used       free     shared    buffers     cached
Mem:          2.0G       1.9G        75M       580K        88K       1.7M
-/+ buffers/cache:       1.9G        76M
Swap:         8.0G        93M       7.9G

             total       used       free     shared    buffers     cached
Mem:          2.0G       1.9G        73M       580K        88K       1.7M
-/+ buffers/cache:       1.9G        74M
Swap:         8.0G        89M       7.9G

             total       used       free     shared    buffers     cached
Mem:          2.0G       1.9G        71M       580K        88K       1.7M
-/+ buffers/cache:       1.9G        73M
Swap:         8.0G        84M       7.9G

             total       used       free     shared    buffers     cached
Mem:          2.0G       1.9G        71M       580K        88K       1.7M
-/+ buffers/cache:       1.9G        73M
Swap:         8.0G        81M       7.9G

             total       used       free     shared    buffers     cached
Mem:          2.0G       1.9G        71M       580K        96K       1.7M
-/+ buffers/cache:       1.9G        73M
Swap:         8.0G        81M       7.9G

             total       used       free     shared    buffers     cached
Mem:          2.0G       1.9G        70M       580K        96K       2.4M
-/+ buffers/cache:       1.9G        73M
Swap:         8.0G        81M       7.9G

             total       used       free     shared    buffers     cached
Mem:          2.0G       1.9G        70M       580K        96K       2.4M
-/+ buffers/cache:       1.9G        73M
Swap:         8.0G        81M       7.9G

             total       used       free     shared    buffers     cached
Mem:          2.0G       1.9G        70M       580K        96K       2.4M
-/+ buffers/cache:       1.9G        73M
Swap:         8.0G        81M       7.9G

             total       used       free     shared    buffers     cached
Mem:          2.0G       1.9G        70M       580K        96K       2.4M
-/+ buffers/cache:       1.9G        73M
Swap:         8.0G        81M       7.9G

             total       used       free     shared    buffers     cached
Mem:          2.0G       1.9G        70M       580K        96K       2.4M
-/+ buffers/cache:       1.9G        73M
Swap:         8.0G        81M       7.9G

             total       used       free     shared    buffers     cached
Mem:          2.0G       1.9G        70M       580K       104K       2.4M
-/+ buffers/cache:       1.9G        73M
Swap:         8.0G        81M       7.9G

             total       used       free     shared    buffers     cached
Mem:          2.0G       1.9G        70M       580K       104K       2.4M
-/+ buffers/cache:       1.9G        73M
Swap:         8.0G        81M       7.9G

             total       used       free     shared    buffers     cached
Mem:          2.0G       1.9G        70M       580K       104K       2.4M
-/+ buffers/cache:       1.9G        73M
Swap:         8.0G        81M       7.9G

             total       used       free     shared    buffers     cached
Mem:          2.0G       1.9G        70M       580K       104K       2.4M
-/+ buffers/cache:       1.9G        73M
Swap:         8.0G        81M       7.9G

             total       used       free     shared    buffers     cached
Mem:          2.0G       1.9G        70M       580K       104K       2.4M
-/+ buffers/cache:       1.9G        73M
Swap:         8.0G        81M       7.9G

             total       used       free     shared    buffers     cached
Mem:          2.0G       1.9G        70M       580K       112K       2.4M
-/+ buffers/cache:       1.9G        73M
Swap:         8.0G        81M       7.9G

             total       used       free     shared    buffers     cached
Mem:          2.0G       1.9G        70M       580K       112K       2.4M
-/+ buffers/cache:       1.9G        73M
Swap:         8.0G        81M       7.9G

             total       used       free     shared    buffers     cached
Mem:          2.0G       1.9G        70M       580K       112K       2.4M
-/+ buffers/cache:       1.9G        73M
Swap:         8.0G        81M       7.9G

             total       used       free     shared    buffers     cached
Mem:          2.0G       1.9G        70M       580K       112K       2.9M
-/+ buffers/cache:       1.9G        73M
Swap:         8.0G        81M       7.9G

             total       used       free     shared    buffers     cached
Mem:          2.0G       1.9G        64M       580K       112K       9.5M
-/+ buffers/cache:       1.9G        73M
Swap:         8.0G        81M       7.9G

             total       used       free     shared    buffers     cached
Mem:          2.0G       1.9G        75M       580K       112K        15M
-/+ buffers/cache:       1.9G        91M
Swap:         8.0G       118M       7.9G

             total       used       free     shared    buffers     cached
Mem:          2.0G       1.9G        71M       580K       564K        16M
-/+ buffers/cache:       1.9G        88M
Swap:         8.0G       115M       7.9G

             total       used       free     shared    buffers     cached
Mem:          2.0G       1.9G        67M       580K       564K        16M
-/+ buffers/cache:       1.9G        84M
Swap:         8.0G       112M       7.9G

             total       used       free     shared    buffers     cached
Mem:          2.0G       1.9G        76M       580K       540K        13M
-/+ buffers/cache:       1.9G        90M
Swap:         8.0G       108M       7.9G

             total       used       free     shared    buffers     cached
Mem:          2.0G       1.9G        73M       580K       540K        13M
-/+ buffers/cache:       1.9G        87M
Swap:         8.0G       104M       7.9G

             total       used       free     shared    buffers     cached
Mem:          2.0G       1.9G        68M       580K       540K        13M
-/+ buffers/cache:       1.9G        83M
Swap:         8.0G       100M       7.9G

             total       used       free     shared    buffers     cached
Mem:          2.0G       1.9G        67M       580K       548K        13M
-/+ buffers/cache:       1.9G        81M
Swap:         8.0G        93M       7.9G

             total       used       free     shared    buffers     cached
Mem:          2.0G       1.9G        77M       580K        84K       8.9M
-/+ buffers/cache:       1.9G        86M
Swap:         8.0G        97M       7.9G

             total       used       free     shared    buffers     cached
Mem:          2.0G       1.9G        73M       580K       220K       9.7M
-/+ buffers/cache:       1.9G        83M
Swap:         8.0G        93M       7.9G

             total       used       free     shared    buffers     cached
Mem:          2.0G       1.9G        68M       584K       220K        10M
-/+ buffers/cache:       1.9G        79M
Swap:         8.0G        89M       7.9G

             total       used       free     shared    buffers     cached
Mem:          2.0G       1.9G        65M       584K       220K        10M
-/+ buffers/cache:       1.9G        76M
Swap:         8.0G        86M       7.9G

             total       used       free     shared    buffers     cached
Mem:          2.0G       1.9G        74M       584K       232K       2.4M
-/+ buffers/cache:       1.9G        77M
Swap:         8.0G        92M       7.9G

             total       used       free     shared    buffers     cached
Mem:          2.0G       1.9G        77M       584K       156K       7.3M
-/+ buffers/cache:       1.9G        85M
Swap:         8.0G       106M       7.9G

             total       used       free     shared    buffers     cached
Mem:          2.0G       1.9G        73M       584K       160K       7.3M
-/+ buffers/cache:       1.9G        80M
Swap:         8.0G       101M       7.9G

             total       used       free     shared    buffers     cached
Mem:          2.0G       1.9G        67M       584K       160K       7.3M
-/+ buffers/cache:       1.9G        74M
Swap:         8.0G        96M       7.9G

             total       used       free     shared    buffers     cached
Mem:          2.0G       1.9G        83M       584K        88K       6.4M
-/+ buffers/cache:       1.9G        90M
Swap:         8.0G       112M       7.9G

             total       used       free     shared    buffers     cached
Mem:          2.0G       1.9G        80M       584K        96K       6.4M
-/+ buffers/cache:       1.9G        86M
Swap:         8.0G       109M       7.9G

             total       used       free     shared    buffers     cached
Mem:          2.0G       1.9G        74M       584K        96K       6.4M
-/+ buffers/cache:       1.9G        81M
Swap:         8.0G       104M       7.9G

             total       used       free     shared    buffers     cached
Mem:          2.0G       1.9G        69M       584K        96K       6.4M
-/+ buffers/cache:       1.9G        76M
Swap:         8.0G        99M       7.9G

             total       used       free     shared    buffers     cached
Mem:          2.0G       1.9G        65M       584K       100K       6.4M
-/+ buffers/cache:       1.9G        71M
Swap:         8.0G        94M       7.9G

             total       used       free     shared    buffers     cached
Mem:          2.0G       1.9G        73M       584K        96K       6.3M
-/+ buffers/cache:       1.9G        79M
Swap:         8.0G        95M       7.9G

             total       used       free     shared    buffers     cached
Mem:          2.0G       1.9G        67M       584K        96K       6.3M
-/+ buffers/cache:       1.9G        74M
Swap:         8.0G        90M       7.9G

             total       used       free     shared    buffers     cached
Mem:          2.0G       1.9G        78M       584K       100K       6.2M
-/+ buffers/cache:       1.9G        84M
Swap:         8.0G       105M       7.9G

             total       used       free     shared    buffers     cached
Mem:          2.0G       1.9G        72M       584K       100K       6.2M
-/+ buffers/cache:       1.9G        78M
Swap:         8.0G       100M       7.9G

             total       used       free     shared    buffers     cached
Mem:          2.0G       1.9G        67M       584K       100K       6.2M
-/+ buffers/cache:       1.9G        73M
Swap:         8.0G        94M       7.9G

             total       used       free     shared    buffers     cached
Mem:          2.0G       1.9G        80M       584K        96K       6.2M
-/+ buffers/cache:       1.9G        86M
Swap:         8.0G       106M       7.9G

             total       used       free     shared    buffers     cached
Mem:          2.0G       1.9G        75M       584K        96K       6.2M
-/+ buffers/cache:       1.9G        81M
Swap:         8.0G       102M       7.9G

             total       used       free     shared    buffers     cached
Mem:          2.0G       1.9G        71M       584K       104K       6.1M
-/+ buffers/cache:       1.9G        77M
Swap:         8.0G        98M       7.9G

             total       used       free     shared    buffers     cached
Mem:          2.0G       1.9G        67M       584K       104K       6.2M
-/+ buffers/cache:       1.9G        73M
Swap:         8.0G        93M       7.9G

             total       used       free     shared    buffers     cached
Mem:          2.0G       1.9G        80M       584K       104K       5.9M
-/+ buffers/cache:       1.9G        86M
Swap:         8.0G       108M       7.9G

             total       used       free     shared    buffers     cached
Mem:          2.0G       1.9G        76M       584K       104K       5.9M
-/+ buffers/cache:       1.9G        82M
Swap:         8.0G       104M       7.9G

             total       used       free     shared    buffers     cached
Mem:          2.0G       1.9G        71M       584K       104K       6.0M
-/+ buffers/cache:       1.9G        77M
Swap:         8.0G       100M       7.9G

             total       used       free     shared    buffers     cached
Mem:          2.0G       1.9G        66M       584K       104K       5.9M
-/+ buffers/cache:       1.9G        72M
Swap:         8.0G        94M       7.9G

             total       used       free     shared    buffers     cached
Mem:          2.0G       1.9G        81M       584K       112K       5.6M
-/+ buffers/cache:       1.9G        86M
Swap:         8.0G       105M       7.9G

             total       used       free     shared    buffers     cached
Mem:          2.0G       1.9G        76M       584K       112K       5.6M
-/+ buffers/cache:       1.9G        82M
Swap:         8.0G       101M       7.9G

             total       used       free     shared    buffers     cached
Mem:          2.0G       1.9G        71M       584K       112K       5.6M
-/+ buffers/cache:       1.9G        77M
Swap:         8.0G        96M       7.9G

             total       used       free     shared    buffers     cached
Mem:          2.0G       1.9G        67M       584K       112K       5.6M
-/+ buffers/cache:       1.9G        72M
Swap:         8.0G        91M       7.9G

             total       used       free     shared    buffers     cached
Mem:          2.0G       1.9G        78M       584K       112K       5.3M
-/+ buffers/cache:       1.9G        84M
Swap:         8.0G       105M       7.9G

             total       used       free     shared    buffers     cached
Mem:          2.0G       1.9G        74M       584K       120K       5.3M
-/+ buffers/cache:       1.9G        80M
Swap:         8.0G       101M       7.9G

             total       used       free     shared    buffers     cached
Mem:          2.0G       1.9G        70M       584K       120K       5.3M
-/+ buffers/cache:       1.9G        75M
Swap:         8.0G        97M       7.9G

             total       used       free     shared    buffers     cached
Mem:          2.0G       1.9G        65M       584K       120K       5.4M
-/+ buffers/cache:       1.9G        71M
Swap:         8.0G        91M       7.9G

             total       used       free     shared    buffers     cached
Mem:          2.0G       1.9G        77M       584K       120K       5.0M
-/+ buffers/cache:       1.9G        83M
Swap:         8.0G       104M       7.9G

             total       used       free     shared    buffers     cached
Mem:          2.0G       1.9G        73M       584K       120K       5.1M
-/+ buffers/cache:       1.9G        78M
Swap:         8.0G       100M       7.9G

             total       used       free     shared    buffers     cached
Mem:          2.0G       1.9G        69M       584K       120K       5.1M
-/+ buffers/cache:       1.9G        74M
Swap:         8.0G        96M       7.9G

             total       used       free     shared    buffers     cached
Mem:          2.0G       1.9G        79M       584K        80K       6.6M
-/+ buffers/cache:       1.9G        85M
Swap:         8.0G       115M       7.9G

             total       used       free     shared    buffers     cached
Mem:          2.0G       1.9G        74M       584K        80K       6.8M
-/+ buffers/cache:       1.9G        81M
Swap:         8.0G       110M       7.9G

             total       used       free     shared    buffers     cached
Mem:          2.0G       1.9G        69M       584K        80K       6.8M
-/+ buffers/cache:       1.9G        76M
Swap:         8.0G       105M       7.9G

             total       used       free     shared    buffers     cached
Mem:          2.0G       1.9G        94M       584K        80K       5.2M
-/+ buffers/cache:       1.9G        99M
Swap:         8.0G       123M       7.9G

             total       used       free     shared    buffers     cached
Mem:          2.0G       1.9G        90M       584K        80K       5.2M
-/+ buffers/cache:       1.9G        95M
Swap:         8.0G       119M       7.9G

             total       used       free     shared    buffers     cached
Mem:          2.0G       1.9G        85M       584K        88K       5.2M
-/+ buffers/cache:       1.9G        90M
Swap:         8.0G       115M       7.9G

             total       used       free     shared    buffers     cached
Mem:          2.0G       1.9G        80M       584K        92K       5.2M
-/+ buffers/cache:       1.9G        86M
Swap:         8.0G       111M       7.9G

             total       used       free     shared    buffers     cached
Mem:          2.0G       1.9G        76M       584K        92K       5.2M
-/+ buffers/cache:       1.9G        81M
Swap:         8.0G       107M       7.9G

             total       used       free     shared    buffers     cached
Mem:          2.0G       1.9G        72M       584K        92K       5.2M
-/+ buffers/cache:       1.9G        77M
Swap:         8.0G       102M       7.9G

             total       used       free     shared    buffers     cached
Mem:          2.0G       1.9G        67M       584K        92K       5.2M
-/+ buffers/cache:       1.9G        72M
Swap:         8.0G        96M       7.9G

             total       used       free     shared    buffers     cached
Mem:          2.0G       1.9G        76M       584K        92K       5.1M
-/+ buffers/cache:       1.9G        81M
Swap:         8.0G        99M       7.9G

             total       used       free     shared    buffers     cached
Mem:          2.0G       1.9G        71M       584K       100K       5.1M
-/+ buffers/cache:       1.9G        77M
Swap:         8.0G        94M       7.9G

             total       used       free     shared    buffers     cached
Mem:          2.0G       1.9G        67M       584K       100K       5.1M
-/+ buffers/cache:       1.9G        72M
Swap:         8.0G        90M       7.9G

             total       used       free     shared    buffers     cached
Mem:          2.0G       1.9G        64M       584K       100K       5.1M
-/+ buffers/cache:       1.9G        70M
Swap:         8.0G        83M       7.9G

             total       used       free     shared    buffers     cached
Mem:          2.0G       1.9G        64M       584K       100K       5.1M
-/+ buffers/cache:       1.9G        69M
Swap:         8.0G        81M       7.9G

             total       used       free     shared    buffers     cached
Mem:          2.0G       1.9G        81M       584K        96K        14M
-/+ buffers/cache:       1.9G        96M
Swap:         8.0G       113M       7.9G

             total       used       free     shared    buffers     cached
Mem:          2.0G       1.9G        78M       584K       104K        14M
-/+ buffers/cache:       1.9G        93M
Swap:         8.0G       110M       7.9G

             total       used       free     shared    buffers     cached
Mem:          2.0G       1.9G        72M       456K       2.9M        29M
-/+ buffers/cache:       1.9G       104M
Swap:         8.0G       128M       7.9G

             total       used       free     shared    buffers     cached
Mem:          2.0G       1.9G        71M       348K       6.4M        35M
-/+ buffers/cache:       1.8G       113M
Swap:         8.0G       134M       7.9G
