             total       used       free     shared    buffers     cached
Mem:          992M       655M       336M       3.2M        41M       287M
-/+ buffers/cache:       326M       665M
Swap:         8.0G         0B       8.0G

             total       used       free     shared    buffers     cached
Mem:          992M       655M       336M       3.2M        41M       287M
-/+ buffers/cache:       326M       666M
Swap:         8.0G         0B       8.0G

             total       used       free     shared    buffers     cached
Mem:          992M       655M       336M       3.2M        41M       287M
-/+ buffers/cache:       326M       666M
Swap:         8.0G         0B       8.0G

             total       used       free     shared    buffers     cached
Mem:          992M       655M       336M       3.2M        41M       287M
-/+ buffers/cache:       326M       666M
Swap:         8.0G         0B       8.0G

             total       used       free     shared    buffers     cached
Mem:          992M       655M       336M       3.2M        41M       287M
-/+ buffers/cache:       326M       666M
Swap:         8.0G         0B       8.0G

             total       used       free     shared    buffers     cached
Mem:          992M       655M       336M       3.2M        41M       287M
-/+ buffers/cache:       326M       666M
Swap:         8.0G         0B       8.0G

             total       used       free     shared    buffers     cached
Mem:          992M       655M       336M       3.2M        41M       287M
-/+ buffers/cache:       326M       666M
Swap:         8.0G         0B       8.0G

             total       used       free     shared    buffers     cached
Mem:          992M       655M       336M       3.2M        41M       287M
-/+ buffers/cache:       326M       666M
Swap:         8.0G         0B       8.0G

             total       used       free     shared    buffers     cached
Mem:          992M       655M       336M       3.2M        41M       287M
-/+ buffers/cache:       326M       666M
Swap:         8.0G         0B       8.0G

             total       used       free     shared    buffers     cached
Mem:          992M       654M       337M       3.2M        41M       287M
-/+ buffers/cache:       325M       666M
Swap:         8.0G         0B       8.0G

             total       used       free     shared    buffers     cached
Mem:          992M       654M       337M       3.2M        41M       287M
-/+ buffers/cache:       325M       666M
Swap:         8.0G         0B       8.0G

             total       used       free     shared    buffers     cached
Mem:          992M       657M       335M       3.2M        41M       287M
-/+ buffers/cache:       327M       664M
Swap:         8.0G         0B       8.0G

             total       used       free     shared    buffers     cached
Mem:          992M       657M       335M       3.2M        41M       287M
-/+ buffers/cache:       327M       664M
Swap:         8.0G         0B       8.0G

             total       used       free     shared    buffers     cached
Mem:          992M       660M       331M       3.2M        41M       287M
-/+ buffers/cache:       330M       661M
Swap:         8.0G         0B       8.0G

             total       used       free     shared    buffers     cached
Mem:          992M       679M       312M       3.2M        41M       288M
-/+ buffers/cache:       349M       642M
Swap:         8.0G         0B       8.0G

             total       used       free     shared    buffers     cached
Mem:          992M       667M       324M       3.2M        42M       290M
-/+ buffers/cache:       335M       657M
Swap:         8.0G         0B       8.0G

             total       used       free     shared    buffers     cached
Mem:          992M       717M       274M       3.2M        42M       291M
-/+ buffers/cache:       383M       608M
Swap:         8.0G         0B       8.0G

             total       used       free     shared    buffers     cached
Mem:          992M       735M       256M       3.3M        42M       292M
-/+ buffers/cache:       401M       591M
Swap:         8.0G         0B       8.0G

             total       used       free     shared    buffers     cached
Mem:          992M       737M       254M       3.3M        42M       292M
-/+ buffers/cache:       403M       589M
Swap:         8.0G         0B       8.0G

             total       used       free     shared    buffers     cached
Mem:          992M       718M       273M       3.3M        42M       293M
-/+ buffers/cache:       382M       609M
Swap:         8.0G         0B       8.0G

             total       used       free     shared    buffers     cached
Mem:          992M       723M       269M       3.3M        42M       296M
-/+ buffers/cache:       383M       608M
Swap:         8.0G         0B       8.0G

             total       used       free     shared    buffers     cached
Mem:          992M       723M       268M       3.3M        42M       296M
-/+ buffers/cache:       384M       608M
Swap:         8.0G         0B       8.0G

             total       used       free     shared    buffers     cached
Mem:          992M       723M       268M       3.3M        42M       296M
-/+ buffers/cache:       384M       608M
Swap:         8.0G         0B       8.0G

             total       used       free     shared    buffers     cached
Mem:          992M       723M       268M       3.3M        42M       296M
-/+ buffers/cache:       384M       608M
Swap:         8.0G         0B       8.0G

             total       used       free     shared    buffers     cached
Mem:          992M       723M       268M       3.3M        42M       296M
-/+ buffers/cache:       384M       608M
Swap:         8.0G         0B       8.0G

             total       used       free     shared    buffers     cached
Mem:          992M       723M       268M       3.3M        42M       296M
-/+ buffers/cache:       384M       608M
Swap:         8.0G         0B       8.0G

             total       used       free     shared    buffers     cached
Mem:          992M       723M       268M       3.3M        42M       296M
-/+ buffers/cache:       384M       608M
Swap:         8.0G         0B       8.0G

             total       used       free     shared    buffers     cached
Mem:          992M       723M       268M       3.3M        42M       296M
-/+ buffers/cache:       384M       608M
Swap:         8.0G         0B       8.0G

             total       used       free     shared    buffers     cached
Mem:          992M       723M       268M       3.3M        42M       296M
-/+ buffers/cache:       384M       608M
Swap:         8.0G         0B       8.0G

             total       used       free     shared    buffers     cached
Mem:          992M       723M       268M       3.3M        42M       296M
-/+ buffers/cache:       384M       608M
Swap:         8.0G         0B       8.0G

             total       used       free     shared    buffers     cached
Mem:          992M       723M       268M       3.3M        42M       296M
-/+ buffers/cache:       384M       608M
Swap:         8.0G         0B       8.0G

             total       used       free     shared    buffers     cached
Mem:          992M       723M       268M       3.3M        42M       296M
-/+ buffers/cache:       384M       608M
Swap:         8.0G         0B       8.0G

             total       used       free     shared    buffers     cached
Mem:          992M       723M       268M       3.3M        42M       296M
-/+ buffers/cache:       383M       608M
Swap:         8.0G         0B       8.0G

             total       used       free     shared    buffers     cached
Mem:          992M       728M       263M       3.3M        42M       296M
-/+ buffers/cache:       389M       602M
Swap:         8.0G         0B       8.0G

             total       used       free     shared    buffers     cached
Mem:          992M       743M       248M       3.3M        42M       296M
-/+ buffers/cache:       404M       588M
Swap:         8.0G         0B       8.0G

             total       used       free     shared    buffers     cached
Mem:          992M       759M       232M       3.3M        42M       296M
-/+ buffers/cache:       420M       572M
Swap:         8.0G         0B       8.0G

             total       used       free     shared    buffers     cached
Mem:          992M       774M       217M       3.3M        42M       296M
-/+ buffers/cache:       435M       557M
Swap:         8.0G         0B       8.0G

             total       used       free     shared    buffers     cached
Mem:          992M       790M       201M       3.3M        42M       296M
-/+ buffers/cache:       451M       540M
Swap:         8.0G         0B       8.0G

             total       used       free     shared    buffers     cached
Mem:          992M       805M       186M       3.3M        42M       296M
-/+ buffers/cache:       466M       526M
Swap:         8.0G         0B       8.0G

             total       used       free     shared    buffers     cached
Mem:          992M       820M       171M       3.3M        42M       296M
-/+ buffers/cache:       481M       511M
Swap:         8.0G         0B       8.0G

             total       used       free     shared    buffers     cached
Mem:          992M       836M       156M       3.3M        42M       296M
-/+ buffers/cache:       496M       495M
Swap:         8.0G         0B       8.0G

             total       used       free     shared    buffers     cached
Mem:          992M       850M       141M       3.3M        42M       296M
-/+ buffers/cache:       510M       481M
Swap:         8.0G         0B       8.0G

             total       used       free     shared    buffers     cached
Mem:          992M       866M       125M       3.3M        42M       296M
-/+ buffers/cache:       526M       465M
Swap:         8.0G         0B       8.0G

             total       used       free     shared    buffers     cached
Mem:          992M       884M       107M       3.3M        42M       296M
-/+ buffers/cache:       544M       447M
Swap:         8.0G         0B       8.0G

             total       used       free     shared    buffers     cached
Mem:          992M       899M        92M       3.3M        42M       296M
-/+ buffers/cache:       560M       432M
Swap:         8.0G         0B       8.0G

             total       used       free     shared    buffers     cached
Mem:          992M       914M        77M       3.3M        42M       296M
-/+ buffers/cache:       574M       417M
Swap:         8.0G         0B       8.0G

             total       used       free     shared    buffers     cached
Mem:          992M       930M        61M       3.3M        42M       296M
-/+ buffers/cache:       590M       401M
Swap:         8.0G         0B       8.0G

             total       used       free     shared    buffers     cached
Mem:          992M       922M        69M       3.3M        20M       295M
-/+ buffers/cache:       606M       385M
Swap:         8.0G         0B       8.0G

             total       used       free     shared    buffers     cached
Mem:          992M       918M        73M       3.3M        14M       284M
-/+ buffers/cache:       619M       373M
Swap:         8.0G         0B       8.0G

             total       used       free     shared    buffers     cached
Mem:          992M       917M        74M       3.3M        13M       268M
-/+ buffers/cache:       635M       356M
Swap:         8.0G        76K       8.0G

             total       used       free     shared    buffers     cached
Mem:          992M       931M        60M       3.2M        13M       268M
-/+ buffers/cache:       649M       342M
Swap:         8.0G        76K       8.0G

             total       used       free     shared    buffers     cached
Mem:          992M       926M        65M       3.1M        13M       248M
-/+ buffers/cache:       664M       327M
Swap:         8.0G       224K       8.0G

             total       used       free     shared    buffers     cached
Mem:          992M       927M        65M       3.1M        13M       235M
-/+ buffers/cache:       677M       314M
Swap:         8.0G       3.9M       8.0G

             total       used       free     shared    buffers     cached
Mem:          992M       913M        78M       2.8M        13M       212M
-/+ buffers/cache:       688M       304M
Swap:         8.0G        12M       8.0G

             total       used       free     shared    buffers     cached
Mem:          992M       930M        62M       2.8M        13M       212M
-/+ buffers/cache:       704M       288M
Swap:         8.0G        12M       8.0G

             total       used       free     shared    buffers     cached
Mem:          992M       931M        60M       2.8M       3.7M       208M
-/+ buffers/cache:       718M       273M
Swap:         8.0G        12M       8.0G

             total       used       free     shared    buffers     cached
Mem:          992M       919M        72M       2.8M       1.0M       184M
-/+ buffers/cache:       733M       258M
Swap:         8.0G        12M       8.0G

             total       used       free     shared    buffers     cached
Mem:          992M       910M        81M       2.8M       948K       163M
-/+ buffers/cache:       746M       245M
Swap:         8.0G        12M       8.0G

             total       used       free     shared    buffers     cached
Mem:          992M       925M        66M       2.8M       948K       163M
-/+ buffers/cache:       761M       230M
Swap:         8.0G        12M       8.0G

             total       used       free     shared    buffers     cached
Mem:          992M       921M        70M       2.8M       960K       143M
-/+ buffers/cache:       777M       215M
Swap:         8.0G        12M       8.0G

             total       used       free     shared    buffers     cached
Mem:          992M       917M        74M       2.8M        84K       127M
-/+ buffers/cache:       790M       202M
Swap:         8.0G        12M       8.0G

             total       used       free     shared    buffers     cached
Mem:          992M       915M        76M       2.8M        84K       112M
-/+ buffers/cache:       803M       189M
Swap:         8.0G        12M       8.0G

             total       used       free     shared    buffers     cached
Mem:          992M       930M        61M       2.8M        84K       112M
-/+ buffers/cache:       817M       174M
Swap:         8.0G        12M       8.0G

             total       used       free     shared    buffers     cached
Mem:          992M       921M        70M       2.8M        92K        99M
-/+ buffers/cache:       822M       170M
Swap:         8.0G        12M       8.0G

             total       used       free     shared    buffers     cached
Mem:          992M       914M        77M       2.8M        96K        77M
-/+ buffers/cache:       836M       155M
Swap:         8.0G        12M       8.0G

             total       used       free     shared    buffers     cached
Mem:          992M       928M        63M       2.8M        96K        77M
-/+ buffers/cache:       850M       141M
Swap:         8.0G        12M       8.0G

             total       used       free     shared    buffers     cached
Mem:          992M       926M        65M       2.8M       236K        60M
-/+ buffers/cache:       865M       126M
Swap:         8.0G        12M       8.0G

             total       used       free     shared    buffers     cached
Mem:          992M       928M        63M       2.8M       508K        46M
-/+ buffers/cache:       880M       111M
Swap:         8.0G        12M       8.0G

             total       used       free     shared    buffers     cached
Mem:          992M       923M        68M       2.8M       516K        28M
-/+ buffers/cache:       894M        97M
Swap:         8.0G        12M       8.0G

             total       used       free     shared    buffers     cached
Mem:          992M       922M        69M       2.8M       508K        13M
-/+ buffers/cache:       908M        83M
Swap:         8.0G        12M       8.0G

             total       used       free     shared    buffers     cached
Mem:          992M       924M        68M       2.8M       508K       5.4M
-/+ buffers/cache:       918M        73M
Swap:         8.0G        13M       8.0G

             total       used       free     shared    buffers     cached
Mem:          992M       922M        69M       2.5M       508K       4.7M
-/+ buffers/cache:       917M        74M
Swap:         8.0G        33M       8.0G

             total       used       free     shared    buffers     cached
Mem:          992M       924M        67M       2.5M       104K       7.2M
-/+ buffers/cache:       917M        75M
Swap:         8.0G        52M       7.9G

             total       used       free     shared    buffers     cached
Mem:          992M       924M        68M       2.5M       2.4M        16M
-/+ buffers/cache:       905M        86M
Swap:         8.0G        76M       7.9G

             total       used       free     shared    buffers     cached
Mem:          992M       923M        69M       2.5M       1.5M        14M
-/+ buffers/cache:       907M        85M
Swap:         8.0G       103M       7.9G

             total       used       free     shared    buffers     cached
Mem:          992M       917M        74M       2.5M       1.5M        14M
-/+ buffers/cache:       901M        90M
Swap:         8.0G       106M       7.9G

             total       used       free     shared    buffers     cached
Mem:          992M       916M        76M       2.5M       1.5M        13M
-/+ buffers/cache:       901M        91M
Swap:         8.0G       131M       7.9G

             total       used       free     shared    buffers     cached
Mem:          992M       929M        62M       2.5M       1.5M        13M
-/+ buffers/cache:       914M        77M
Swap:         8.0G       131M       7.9G

             total       used       free     shared    buffers     cached
Mem:          992M       930M        61M       2.5M       968K        13M
-/+ buffers/cache:       916M        75M
Swap:         8.0G       137M       7.9G

             total       used       free     shared    buffers     cached
Mem:          992M       918M        73M       2.5M       116K       5.1M
-/+ buffers/cache:       913M        79M
Swap:         8.0G       156M       7.8G

             total       used       free     shared    buffers     cached
Mem:          992M       930M        61M       2.4M       380K       5.1M
-/+ buffers/cache:       925M        66M
Swap:         8.0G       156M       7.8G

             total       used       free     shared    buffers     cached
Mem:          992M       920M        71M       2.4M       380K       4.8M
-/+ buffers/cache:       915M        76M
Swap:         8.0G       178M       7.8G

             total       used       free     shared    buffers     cached
Mem:          992M       920M        72M       2.4M       380K       4.8M
-/+ buffers/cache:       914M        77M
Swap:         8.0G       201M       7.8G

             total       used       free     shared    buffers     cached
Mem:          992M       922M        70M       2.4M       360K       4.7M
-/+ buffers/cache:       917M        75M
Swap:         8.0G       220M       7.8G

             total       used       free     shared    buffers     cached
Mem:          992M       922M        70M       2.4M       368K       4.8M
-/+ buffers/cache:       916M        75M
Swap:         8.0G       220M       7.8G

             total       used       free     shared    buffers     cached
Mem:          992M       914M        77M       2.4M       368K       4.6M
-/+ buffers/cache:       909M        82M
Swap:         8.0G       245M       7.8G

             total       used       free     shared    buffers     cached
Mem:          992M       928M        63M       2.4M       368K       4.6M
-/+ buffers/cache:       923M        68M
Swap:         8.0G       245M       7.8G

             total       used       free     shared    buffers     cached
Mem:          992M       928M        63M       2.4M       368K       4.6M
-/+ buffers/cache:       923M        68M
Swap:         8.0G       263M       7.7G

             total       used       free     shared    buffers     cached
Mem:          992M       929M        62M       2.4M       368K       4.7M
-/+ buffers/cache:       924M        67M
Swap:         8.0G       276M       7.7G

             total       used       free     shared    buffers     cached
Mem:          992M       927M        64M       2.4M       376K       4.7M
-/+ buffers/cache:       922M        69M
Swap:         8.0G       285M       7.7G

             total       used       free     shared    buffers     cached
Mem:          992M       922M        69M       2.4M       360K       4.4M
-/+ buffers/cache:       917M        74M
Swap:         8.0G       305M       7.7G

             total       used       free     shared    buffers     cached
Mem:          992M       920M        71M       2.4M       360K       4.3M
-/+ buffers/cache:       916M        76M
Swap:         8.0G       313M       7.7G

             total       used       free     shared    buffers     cached
Mem:          992M       927M        64M       2.4M       360K       4.3M
-/+ buffers/cache:       922M        69M
Swap:         8.0G       313M       7.7G

             total       used       free     shared    buffers     cached
Mem:          992M       921M        70M       2.4M       360K       4.3M
-/+ buffers/cache:       917M        75M
Swap:         8.0G       336M       7.7G

             total       used       free     shared    buffers     cached
Mem:          992M       927M        64M       2.4M       360K       4.3M
-/+ buffers/cache:       922M        69M
Swap:         8.0G       336M       7.7G

             total       used       free     shared    buffers     cached
Mem:          992M       920M        71M       2.4M       368K       4.3M
-/+ buffers/cache:       916M        75M
Swap:         8.0G       336M       7.7G

             total       used       free     shared    buffers     cached
Mem:          992M       926M        66M       2.4M       368K       4.3M
-/+ buffers/cache:       921M        70M
Swap:         8.0G       336M       7.7G

             total       used       free     shared    buffers     cached
Mem:          992M       919M        72M       1.7M       368K       3.7M
-/+ buffers/cache:       915M        76M
Swap:         8.0G       365M       7.6G

             total       used       free     shared    buffers     cached
Mem:          992M       924M        67M       1.7M       368K       3.7M
-/+ buffers/cache:       920M        71M
Swap:         8.0G       365M       7.6G

             total       used       free     shared    buffers     cached
Mem:          992M       929M        62M       1.7M       368K       3.7M
-/+ buffers/cache:       925M        66M
Swap:         8.0G       365M       7.6G

             total       used       free     shared    buffers     cached
Mem:          992M       920M        71M       1.7M       376K       3.7M
-/+ buffers/cache:       916M        75M
Swap:         8.0G       365M       7.6G

             total       used       free     shared    buffers     cached
Mem:          992M       924M        67M       1.7M       376K       3.7M
-/+ buffers/cache:       920M        71M
Swap:         8.0G       365M       7.6G

             total       used       free     shared    buffers     cached
Mem:          992M       928M        63M       1.7M       376K       3.7M
-/+ buffers/cache:       924M        67M
Swap:         8.0G       365M       7.6G

             total       used       free     shared    buffers     cached
Mem:          992M       921M        70M         8K        76K        18M
-/+ buffers/cache:       902M        89M
Swap:         8.0G       410M       7.6G

             total       used       free     shared    buffers     cached
Mem:          992M       920M        72M         4K       496K        17M
-/+ buffers/cache:       902M        89M
Swap:         8.0G       395M       7.6G

             total       used       free     shared    buffers     cached
Mem:          992M       922M        70M         4K       496K        11M
-/+ buffers/cache:       910M        81M
Swap:         8.0G       401M       7.6G

             total       used       free     shared    buffers     cached
Mem:          992M       919M        72M         4K       484K       4.8M
-/+ buffers/cache:       913M        78M
Swap:         8.0G       383M       7.6G

             total       used       free     shared    buffers     cached
Mem:          992M       921M        70M         4K       504K       2.1M
-/+ buffers/cache:       918M        73M
Swap:         8.0G       380M       7.6G

             total       used       free     shared    buffers     cached
Mem:          992M       923M        68M         0B       456K       1.5M
-/+ buffers/cache:       921M        70M
Swap:         8.0G       382M       7.6G

             total       used       free     shared    buffers     cached
Mem:          992M       919M        72M         0B        80K       1.6M
-/+ buffers/cache:       918M        73M
Swap:         8.0G       392M       7.6G

             total       used       free     shared    buffers     cached
Mem:          992M       921M        70M         0B        80K       1.5M
-/+ buffers/cache:       920M        71M
Swap:         8.0G       382M       7.6G

             total       used       free     shared    buffers     cached
Mem:          992M       923M        68M         0B        88K       1.5M
-/+ buffers/cache:       921M        70M
Swap:         8.0G       384M       7.6G

             total       used       free     shared    buffers     cached
Mem:          992M       918M        73M         0B        88K       1.6M
-/+ buffers/cache:       917M        74M
Swap:         8.0G       390M       7.6G

             total       used       free     shared    buffers     cached
Mem:          992M       929M        62M         0B        88K       1.6M
-/+ buffers/cache:       927M        64M
Swap:         8.0G       383M       7.6G

             total       used       free     shared    buffers     cached
Mem:          992M       922M        70M         0B        84K       1.5M
-/+ buffers/cache:       920M        71M
Swap:         8.0G       395M       7.6G

             total       used       free     shared    buffers     cached
Mem:          992M       919M        72M         0B        76K       1.5M
-/+ buffers/cache:       918M        73M
Swap:         8.0G       400M       7.6G

             total       used       free     shared    buffers     cached
Mem:          992M       919M        72M         0B        84K       1.5M
-/+ buffers/cache:       918M        73M
Swap:         8.0G       402M       7.6G

             total       used       free     shared    buffers     cached
Mem:          992M       923M        68M         0B        84K       1.5M
-/+ buffers/cache:       922M        69M
Swap:         8.0G       407M       7.6G

             total       used       free     shared    buffers     cached
Mem:          992M       920M        71M         0B        84K       1.5M
-/+ buffers/cache:       919M        72M
Swap:         8.0G       402M       7.6G

             total       used       free     shared    buffers     cached
Mem:          992M       919M        72M         0B        84K       1.9M
-/+ buffers/cache:       917M        74M
Swap:         8.0G       401M       7.6G

             total       used       free     shared    buffers     cached
Mem:          992M       923M        68M         0B        84K       1.9M
-/+ buffers/cache:       921M        70M
Swap:         8.0G       400M       7.6G

             total       used       free     shared    buffers     cached
Mem:          992M       926M        65M         0B        92K       1.9M
-/+ buffers/cache:       924M        67M
Swap:         8.0G       399M       7.6G

             total       used       free     shared    buffers     cached
Mem:          992M       914M        78M         0B        92K       1.9M
-/+ buffers/cache:       912M        80M
Swap:         8.0G       425M       7.6G

             total       used       free     shared    buffers     cached
Mem:          992M       921M        70M         0B       120K       1.9M
-/+ buffers/cache:       919M        72M
Swap:         8.0G       424M       7.6G

             total       used       free     shared    buffers     cached
Mem:          992M       928M        63M         0B       120K       1.9M
-/+ buffers/cache:       926M        65M
Swap:         8.0G       424M       7.6G

             total       used       free     shared    buffers     cached
Mem:          992M       923M        68M         0B       120K       1.9M
-/+ buffers/cache:       921M        70M
Swap:         8.0G       426M       7.6G

             total       used       free     shared    buffers     cached
Mem:          992M       929M        62M         0B       120K       1.9M
-/+ buffers/cache:       927M        64M
Swap:         8.0G       426M       7.6G

             total       used       free     shared    buffers     cached
Mem:          992M       917M        74M         0B       128K       1.8M
-/+ buffers/cache:       915M        76M
Swap:         8.0G       442M       7.6G

             total       used       free     shared    buffers     cached
Mem:          992M       921M        71M         0B       128K       1.8M
-/+ buffers/cache:       919M        73M
Swap:         8.0G       442M       7.6G

             total       used       free     shared    buffers     cached
Mem:          992M       923M        68M         0B       128K       1.9M
-/+ buffers/cache:       921M        70M
Swap:         8.0G       441M       7.6G

             total       used       free     shared    buffers     cached
Mem:          992M       925M        66M         0B       128K       1.8M
-/+ buffers/cache:       923M        68M
Swap:         8.0G       440M       7.6G

             total       used       free     shared    buffers     cached
Mem:          992M       928M        63M         0B       128K       1.8M
-/+ buffers/cache:       926M        65M
Swap:         8.0G       439M       7.6G

             total       used       free     shared    buffers     cached
Mem:          992M       920M        71M         0B       220K       2.5M
-/+ buffers/cache:       917M        74M
Swap:         8.0G       444M       7.6G

             total       used       free     shared    buffers     cached
Mem:          992M       922M        69M         0B       220K       2.5M
-/+ buffers/cache:       919M        72M
Swap:         8.0G       443M       7.6G

             total       used       free     shared    buffers     cached
Mem:          992M       925M        66M         0B       220K       2.7M
-/+ buffers/cache:       922M        69M
Swap:         8.0G       442M       7.6G

             total       used       free     shared    buffers     cached
Mem:          992M       928M        64M         0B       220K       2.6M
-/+ buffers/cache:       925M        66M
Swap:         8.0G       441M       7.6G

             total       used       free     shared    buffers     cached
Mem:          992M       930M        61M         0B       220K       2.6M
-/+ buffers/cache:       927M        64M
Swap:         8.0G       440M       7.6G

             total       used       free     shared    buffers     cached
Mem:          992M       911M        80M         0B       228K       2.6M
-/+ buffers/cache:       908M        83M
Swap:         8.0G       459M       7.5G

             total       used       free     shared    buffers     cached
Mem:          992M       914M        77M         0B       232K       2.6M
-/+ buffers/cache:       911M        80M
Swap:         8.0G       457M       7.5G

             total       used       free     shared    buffers     cached
Mem:          992M       917M        75M         0B       232K       2.6M
-/+ buffers/cache:       914M        78M
Swap:         8.0G       456M       7.6G

             total       used       free     shared    buffers     cached
Mem:          992M       919M        72M         0B       232K       2.6M
-/+ buffers/cache:       916M        75M
Swap:         8.0G       455M       7.6G

             total       used       free     shared    buffers     cached
Mem:          992M       922M        69M         0B       232K       2.6M
-/+ buffers/cache:       919M        72M
Swap:         8.0G       454M       7.6G

             total       used       free     shared    buffers     cached
Mem:          992M       924M        67M         0B       232K       2.6M
-/+ buffers/cache:       921M        70M
Swap:         8.0G       454M       7.6G

             total       used       free     shared    buffers     cached
Mem:          992M       927M        64M         0B       240K       2.8M
-/+ buffers/cache:       924M        67M
Swap:         8.0G       452M       7.6G

             total       used       free     shared    buffers     cached
Mem:          992M       930M        62M         0B       240K       2.7M
-/+ buffers/cache:       927M        65M
Swap:         8.0G       451M       7.6G

             total       used       free     shared    buffers     cached
Mem:          992M       914M        77M         0B       240K       2.7M
-/+ buffers/cache:       911M        80M
Swap:         8.0G       465M       7.5G

             total       used       free     shared    buffers     cached
Mem:          992M       916M        75M         0B       240K       2.7M
-/+ buffers/cache:       913M        78M
Swap:         8.0G       464M       7.5G

             total       used       free     shared    buffers     cached
Mem:          992M       918M        73M         0B       240K       2.7M
-/+ buffers/cache:       915M        76M
Swap:         8.0G       463M       7.5G

             total       used       free     shared    buffers     cached
Mem:          992M       921M        70M         0B       248K       2.7M
-/+ buffers/cache:       918M        73M
Swap:         8.0G       462M       7.5G

             total       used       free     shared    buffers     cached
Mem:          992M       924M        68M         0B       248K       2.7M
-/+ buffers/cache:       921M        71M
Swap:         8.0G       461M       7.5G

             total       used       free     shared    buffers     cached
Mem:          992M       926M        65M         0B       248K       2.7M
-/+ buffers/cache:       923M        68M
Swap:         8.0G       460M       7.5G

             total       used       free     shared    buffers     cached
Mem:          992M       929M        63M         0B       248K       2.7M
-/+ buffers/cache:       926M        66M
Swap:         8.0G       459M       7.5G

             total       used       free     shared    buffers     cached
Mem:          992M       918M        73M         0B       248K       2.6M
-/+ buffers/cache:       915M        76M
Swap:         8.0G       467M       7.5G

             total       used       free     shared    buffers     cached
Mem:          992M       919M        72M         0B       256K       2.6M
-/+ buffers/cache:       916M        75M
Swap:         8.0G       472M       7.5G

             total       used       free     shared    buffers     cached
Mem:          992M       921M        70M         0B       256K       2.6M
-/+ buffers/cache:       918M        73M
Swap:         8.0G       471M       7.5G

             total       used       free     shared    buffers     cached
Mem:          992M       923M        68M         0B       256K       2.6M
-/+ buffers/cache:       921M        71M
Swap:         8.0G       470M       7.5G

             total       used       free     shared    buffers     cached
Mem:          992M       925M        66M         0B       256K       2.6M
-/+ buffers/cache:       922M        69M
Swap:         8.0G       469M       7.5G

             total       used       free     shared    buffers     cached
Mem:          992M       928M        63M         0B       256K       2.6M
-/+ buffers/cache:       925M        66M
Swap:         8.0G       468M       7.5G

             total       used       free     shared    buffers     cached
Mem:          992M       930M        61M         0B       256K       2.6M
-/+ buffers/cache:       927M        64M
Swap:         8.0G       467M       7.5G

             total       used       free     shared    buffers     cached
Mem:          992M       920M        71M         0B       260K       2.6M
-/+ buffers/cache:       917M        74M
Swap:         8.0G       472M       7.5G

             total       used       free     shared    buffers     cached
Mem:          992M       922M        69M         0B       260K       2.6M
-/+ buffers/cache:       919M        72M
Swap:         8.0G       471M       7.5G

             total       used       free     shared    buffers     cached
Mem:          992M       924M        67M         0B       260K       2.6M
-/+ buffers/cache:       921M        70M
Swap:         8.0G       470M       7.5G

             total       used       free     shared    buffers     cached
Mem:          992M       926M        65M         0B       260K       2.6M
-/+ buffers/cache:       924M        68M
Swap:         8.0G       469M       7.5G

             total       used       free     shared    buffers     cached
Mem:          992M       897M        94M         0B       232K        23M
-/+ buffers/cache:       873M       118M
Swap:         8.0G       527M       7.5G

             total       used       free     shared    buffers     cached
Mem:          992M       902M        89M         0B       1.1M        25M
-/+ buffers/cache:       876M       115M
Swap:         8.0G       526M       7.5G

             total       used       free     shared    buffers     cached
Mem:          992M       904M        87M         0B       1.1M        25M
-/+ buffers/cache:       878M       113M
Swap:         8.0G       525M       7.5G

             total       used       free     shared    buffers     cached
Mem:          992M       906M        85M         0B       1.1M        25M
-/+ buffers/cache:       880M       111M
Swap:         8.0G       525M       7.5G

             total       used       free     shared    buffers     cached
Mem:          992M       908M        83M         0B       1.1M        25M
-/+ buffers/cache:       882M       109M
Swap:         8.0G       524M       7.5G

             total       used       free     shared    buffers     cached
Mem:          992M       910M        81M         0B       1.1M        25M
-/+ buffers/cache:       884M       107M
Swap:         8.0G       523M       7.5G

             total       used       free     shared    buffers     cached
Mem:          992M       912M        79M         0B       1.1M        25M
-/+ buffers/cache:       886M       105M
Swap:         8.0G       522M       7.5G

             total       used       free     shared    buffers     cached
Mem:          992M       914M        77M         0B       1.1M        25M
-/+ buffers/cache:       888M       103M
Swap:         8.0G       521M       7.5G

             total       used       free     shared    buffers     cached
Mem:          992M       916M        75M         0B       1.1M        25M
-/+ buffers/cache:       890M       101M
Swap:         8.0G       520M       7.5G

             total       used       free     shared    buffers     cached
Mem:          992M       918M        73M         0B       1.1M        25M
-/+ buffers/cache:       892M        99M
Swap:         8.0G       519M       7.5G

             total       used       free     shared    buffers     cached
Mem:          992M       921M        71M         0B       1.1M        25M
-/+ buffers/cache:       894M        97M
Swap:         8.0G       518M       7.5G

             total       used       free     shared    buffers     cached
Mem:          992M       922M        69M         0B       1.1M        25M
-/+ buffers/cache:       896M        95M
Swap:         8.0G       518M       7.5G

             total       used       free     shared    buffers     cached
Mem:          992M       924M        67M         0B       1.1M        25M
-/+ buffers/cache:       898M        93M
Swap:         8.0G       517M       7.5G

             total       used       free     shared    buffers     cached
Mem:          992M       926M        65M         0B       1.1M        25M
-/+ buffers/cache:       900M        91M
Swap:         8.0G       516M       7.5G

             total       used       free     shared    buffers     cached
Mem:          992M       928M        63M         0B       1.1M        25M
-/+ buffers/cache:       902M        89M
Swap:         8.0G       515M       7.5G

             total       used       free     shared    buffers     cached
Mem:          992M       931M        60M         0B       1.1M        25M
-/+ buffers/cache:       905M        86M
Swap:         8.0G       514M       7.5G

             total       used       free     shared    buffers     cached
Mem:          992M       918M        73M         0B       1.1M        21M
-/+ buffers/cache:       895M        96M
Swap:         8.0G       523M       7.5G

             total       used       free     shared    buffers     cached
Mem:          992M       919M        72M         0B       676K        30M
-/+ buffers/cache:       888M       103M
Swap:         8.0G       537M       7.5G

             total       used       free     shared    buffers     cached
Mem:          992M       920M        72M        20K       676K        30M
-/+ buffers/cache:       889M       103M
Swap:         8.0G       538M       7.5G

             total       used       free     shared    buffers     cached
Mem:          992M       921M        70M        20K       676K        30M
-/+ buffers/cache:       890M       101M
Swap:         8.0G       538M       7.5G

             total       used       free     shared    buffers     cached
Mem:          992M       923M        68M        20K       684K        30M
-/+ buffers/cache:       892M        99M
Swap:         8.0G       537M       7.5G

             total       used       free     shared    buffers     cached
Mem:          992M       925M        66M        20K       684K        31M
-/+ buffers/cache:       893M        98M
Swap:         8.0G       536M       7.5G

             total       used       free     shared    buffers     cached
Mem:          992M       927M        65M        20K       692K        31M
-/+ buffers/cache:       894M        97M
Swap:         8.0G       536M       7.5G

             total       used       free     shared    buffers     cached
Mem:          992M       928M        64M        20K       692K        31M
-/+ buffers/cache:       895M        96M
Swap:         8.0G       535M       7.5G

             total       used       free     shared    buffers     cached
Mem:          992M       929M        63M        20K       692K        31M
-/+ buffers/cache:       896M        95M
Swap:         8.0G       535M       7.5G

             total       used       free     shared    buffers     cached
Mem:          992M       930M        62M        20K       692K        31M
-/+ buffers/cache:       897M        94M
Swap:         8.0G       534M       7.5G

             total       used       free     shared    buffers     cached
Mem:          992M       919M        72M        20K       692K        31M
-/+ buffers/cache:       888M       104M
Swap:         8.0G       543M       7.5G

             total       used       free     shared    buffers     cached
Mem:          992M       920M        71M        20K       692K        31M
-/+ buffers/cache:       889M       103M
Swap:         8.0G       542M       7.5G

             total       used       free     shared    buffers     cached
Mem:          992M       922M        69M        20K       700K        31M
-/+ buffers/cache:       890M       101M
Swap:         8.0G       541M       7.5G

             total       used       free     shared    buffers     cached
Mem:          992M       923M        68M        20K       828K        31M
-/+ buffers/cache:       891M       100M
Swap:         8.0G       541M       7.5G

             total       used       free     shared    buffers     cached
Mem:          992M       925M        67M        20K       828K        31M
-/+ buffers/cache:       892M        99M
Swap:         8.0G       540M       7.5G

             total       used       free     shared    buffers     cached
Mem:          992M       927M        64M        20K       828K        32M
-/+ buffers/cache:       894M        97M
Swap:         8.0G       540M       7.5G

             total       used       free     shared    buffers     cached
Mem:          992M       928M        63M        20K       828K        32M
-/+ buffers/cache:       895M        96M
Swap:         8.0G       539M       7.5G

             total       used       free     shared    buffers     cached
Mem:          992M       929M        62M        20K       836K        32M
-/+ buffers/cache:       896M        95M
Swap:         8.0G       539M       7.5G

             total       used       free     shared    buffers     cached
Mem:          992M       931M        61M        20K       836K        32M
-/+ buffers/cache:       898M        94M
Swap:         8.0G       538M       7.5G

             total       used       free     shared    buffers     cached
Mem:          992M       915M        76M        20K       824K        31M
-/+ buffers/cache:       883M       109M
Swap:         8.0G       546M       7.5G

             total       used       free     shared    buffers     cached
Mem:          992M       916M        75M        20K       824K        31M
-/+ buffers/cache:       884M       107M
Swap:         8.0G       545M       7.5G

             total       used       free     shared    buffers     cached
Mem:          992M       917M        74M        20K       824K        31M
-/+ buffers/cache:       885M       106M
Swap:         8.0G       545M       7.5G

             total       used       free     shared    buffers     cached
Mem:          992M       918M        73M        20K       824K        31M
-/+ buffers/cache:       886M       105M
Swap:         8.0G       544M       7.5G

             total       used       free     shared    buffers     cached
Mem:          992M       919M        72M        20K       832K        31M
-/+ buffers/cache:       887M       104M
Swap:         8.0G       544M       7.5G

             total       used       free     shared    buffers     cached
Mem:          992M       921M        70M        20K       832K        31M
-/+ buffers/cache:       889M       103M
Swap:         8.0G       543M       7.5G

             total       used       free     shared    buffers     cached
Mem:          992M       922M        69M        20K       832K        31M
-/+ buffers/cache:       890M       101M
Swap:         8.0G       543M       7.5G

             total       used       free     shared    buffers     cached
Mem:          992M       923M        68M        20K       832K        31M
-/+ buffers/cache:       891M       100M
Swap:         8.0G       542M       7.5G

             total       used       free     shared    buffers     cached
Mem:          992M       925M        67M        20K       832K        31M
-/+ buffers/cache:       892M        99M
Swap:         8.0G       541M       7.5G

             total       used       free     shared    buffers     cached
Mem:          992M       925M        66M        20K       840K        31M
-/+ buffers/cache:       893M        98M
Swap:         8.0G       541M       7.5G

             total       used       free     shared    buffers     cached
Mem:          992M       927M        64M        20K       844K        31M
-/+ buffers/cache:       895M        97M
Swap:         8.0G       540M       7.5G

             total       used       free     shared    buffers     cached
Mem:          992M       928M        63M        20K       844K        31M
-/+ buffers/cache:       896M        95M
Swap:         8.0G       540M       7.5G

             total       used       free     shared    buffers     cached
Mem:          992M       929M        62M        20K       844K        31M
-/+ buffers/cache:       897M        94M
Swap:         8.0G       539M       7.5G

             total       used       free     shared    buffers     cached
Mem:          992M       930M        61M        20K       844K        31M
-/+ buffers/cache:       898M        93M
Swap:         8.0G       539M       7.5G

             total       used       free     shared    buffers     cached
Mem:          992M       911M        80M        20K       844K        28M
-/+ buffers/cache:       882M       110M
Swap:         8.0G       557M       7.5G

             total       used       free     shared    buffers     cached
Mem:          992M       912M        79M        20K       852K        28M
-/+ buffers/cache:       883M       109M
Swap:         8.0G       556M       7.5G

             total       used       free     shared    buffers     cached
Mem:          992M       914M        78M        20K       852K        28M
-/+ buffers/cache:       884M       107M
Swap:         8.0G       556M       7.5G

             total       used       free     shared    buffers     cached
Mem:          992M       915M        76M        20K       852K        28M
-/+ buffers/cache:       885M       106M
Swap:         8.0G       555M       7.5G

             total       used       free     shared    buffers     cached
Mem:          992M       916M        75M        20K       852K        28M
-/+ buffers/cache:       886M       105M
Swap:         8.0G       554M       7.5G

             total       used       free     shared    buffers     cached
Mem:          992M       917M        74M        20K       852K        28M
-/+ buffers/cache:       888M       104M
Swap:         8.0G       554M       7.5G

             total       used       free     shared    buffers     cached
Mem:          992M       918M        73M        20K       860K        28M
-/+ buffers/cache:       889M       103M
Swap:         8.0G       553M       7.5G

             total       used       free     shared    buffers     cached
Mem:          992M       920M        71M        20K       860K        28M
-/+ buffers/cache:       890M       101M
Swap:         8.0G       553M       7.5G

             total       used       free     shared    buffers     cached
Mem:          992M       921M        70M        20K       860K        28M
-/+ buffers/cache:       891M       100M
Swap:         8.0G       552M       7.5G

             total       used       free     shared    buffers     cached
Mem:          992M       922M        69M        20K       860K        28M
-/+ buffers/cache:       893M        99M
Swap:         8.0G       552M       7.5G

             total       used       free     shared    buffers     cached
Mem:          992M       924M        68M        20K       860K        28M
-/+ buffers/cache:       894M        97M
Swap:         8.0G       551M       7.5G

             total       used       free     shared    buffers     cached
Mem:          992M       929M        62M        20K       860K        33M
-/+ buffers/cache:       895M        96M
Swap:         8.0G       550M       7.5G

             total       used       free     shared    buffers     cached
Mem:          992M       931M        61M        20K       880K        33M
-/+ buffers/cache:       896M        95M
Swap:         8.0G       550M       7.5G

             total       used       free     shared    buffers     cached
Mem:          992M       920M        71M        20K       880K        31M
-/+ buffers/cache:       888M       104M
Swap:         8.0G       558M       7.5G

             total       used       free     shared    buffers     cached
Mem:          992M       921M        70M        20K       880K        31M
-/+ buffers/cache:       889M       102M
Swap:         8.0G       557M       7.5G

             total       used       free     shared    buffers     cached
Mem:          992M       922M        69M        20K       880K        31M
-/+ buffers/cache:       890M       101M
Swap:         8.0G       557M       7.5G

             total       used       free     shared    buffers     cached
Mem:          992M       924M        68M        20K       880K        31M
-/+ buffers/cache:       891M       100M
Swap:         8.0G       556M       7.5G

             total       used       free     shared    buffers     cached
Mem:          992M       925M        66M        20K       888K        31M
-/+ buffers/cache:       893M        99M
Swap:         8.0G       555M       7.5G

             total       used       free     shared    buffers     cached
Mem:          992M       926M        65M        20K       888K        31M
-/+ buffers/cache:       894M        97M
Swap:         8.0G       555M       7.5G

             total       used       free     shared    buffers     cached
Mem:          992M       927M        64M        20K       888K        31M
-/+ buffers/cache:       895M        96M
Swap:         8.0G       554M       7.5G

             total       used       free     shared    buffers     cached
Mem:          992M       929M        63M        20K       888K        31M
-/+ buffers/cache:       896M        95M
Swap:         8.0G       554M       7.5G

             total       used       free     shared    buffers     cached
Mem:          992M       930M        61M        20K       888K        31M
-/+ buffers/cache:       898M        93M
Swap:         8.0G       553M       7.5G

             total       used       free     shared    buffers     cached
Mem:          992M       916M        75M        20K       264K        30M
-/+ buffers/cache:       886M       105M
Swap:         8.0G       557M       7.5G

             total       used       free     shared    buffers     cached
Mem:          992M       917M        74M        20K       272K        30M
-/+ buffers/cache:       887M       105M
Swap:         8.0G       557M       7.5G

             total       used       free     shared    buffers     cached
Mem:          992M       918M        73M        20K       272K        30M
-/+ buffers/cache:       888M       103M
Swap:         8.0G       556M       7.5G

             total       used       free     shared    buffers     cached
Mem:          992M       920M        72M        20K       272K        30M
-/+ buffers/cache:       889M       102M
Swap:         8.0G       556M       7.5G

             total       used       free     shared    buffers     cached
Mem:          992M       921M        70M        20K       272K        30M
-/+ buffers/cache:       891M       101M
Swap:         8.0G       555M       7.5G

             total       used       free     shared    buffers     cached
Mem:          992M       922M        69M        20K       272K        30M
-/+ buffers/cache:       892M        99M
Swap:         8.0G       554M       7.5G

             total       used       free     shared    buffers     cached
Mem:          992M       924M        68M        20K       280K        30M
-/+ buffers/cache:       893M        98M
Swap:         8.0G       554M       7.5G

             total       used       free     shared    buffers     cached
Mem:          992M       925M        66M        20K       280K        30M
-/+ buffers/cache:       895M        97M
Swap:         8.0G       553M       7.5G

             total       used       free     shared    buffers     cached
Mem:          992M       926M        65M        20K       280K        30M
-/+ buffers/cache:       896M        95M
Swap:         8.0G       552M       7.5G

             total       used       free     shared    buffers     cached
Mem:          992M       927M        64M        20K       280K        30M
-/+ buffers/cache:       897M        94M
Swap:         8.0G       552M       7.5G

             total       used       free     shared    buffers     cached
Mem:          992M       928M        63M        20K       280K        30M
-/+ buffers/cache:       898M        93M
Swap:         8.0G       551M       7.5G

             total       used       free     shared    buffers     cached
Mem:          992M       930M        62M        20K       280K        30M
-/+ buffers/cache:       899M        92M
Swap:         8.0G       551M       7.5G

             total       used       free     shared    buffers     cached
Mem:          992M       919M        73M        20K       288K        26M
-/+ buffers/cache:       892M       100M
Swap:         8.0G       563M       7.4G

             total       used       free     shared    buffers     cached
Mem:          992M       920M        72M        20K       288K        26M
-/+ buffers/cache:       893M        99M
Swap:         8.0G       562M       7.4G

             total       used       free     shared    buffers     cached
Mem:          992M       924M        67M        24K       3.3M        36M
-/+ buffers/cache:       885M       107M
Swap:         8.0G       578M       7.4G

             total       used       free     shared    buffers     cached
Mem:          992M       930M        61M        24K       3.1M        54M
-/+ buffers/cache:       873M       119M
Swap:         8.0G       590M       7.4G

             total       used       free     shared    buffers     cached
Mem:          992M       901M        90M        24K       3.1M        56M
-/+ buffers/cache:       842M       150M
Swap:         8.0G       612M       7.4G

             total       used       free     shared    buffers     cached
Mem:          992M       902M        89M        24K       3.1M        56M
-/+ buffers/cache:       843M       148M
Swap:         8.0G       611M       7.4G

             total       used       free     shared    buffers     cached
Mem:          992M       911M        80M        24K       3.2M        58M
-/+ buffers/cache:       849M       142M
Swap:         8.0G       608M       7.4G

             total       used       free     shared    buffers     cached
Mem:          992M       912M        79M        24K       3.2M        58M
-/+ buffers/cache:       850M       141M
Swap:         8.0G       608M       7.4G

             total       used       free     shared    buffers     cached
Mem:          992M       919M        73M        24K       3.2M        62M
-/+ buffers/cache:       853M       139M
Swap:         8.0G       607M       7.4G

             total       used       free     shared    buffers     cached
Mem:          992M       916M        76M        24K       3.2M        64M
-/+ buffers/cache:       848M       144M
Swap:         8.0G       612M       7.4G

             total       used       free     shared    buffers     cached
Mem:          992M       916M        75M        24K       3.2M        64M
-/+ buffers/cache:       848M       143M
Swap:         8.0G       612M       7.4G

             total       used       free     shared    buffers     cached
Mem:          992M       917M        74M        24K       3.2M        64M
-/+ buffers/cache:       849M       142M
Swap:         8.0G       611M       7.4G

             total       used       free     shared    buffers     cached
Mem:          992M       917M        74M        24K       3.2M        64M
-/+ buffers/cache:       849M       142M
Swap:         8.0G       611M       7.4G

             total       used       free     shared    buffers     cached
Mem:          992M       919M        73M        24K       3.2M        64M
-/+ buffers/cache:       850M       141M
Swap:         8.0G       611M       7.4G

             total       used       free     shared    buffers     cached
Mem:          992M       919M        72M        24K       3.2M        64M
-/+ buffers/cache:       851M       140M
Swap:         8.0G       610M       7.4G

             total       used       free     shared    buffers     cached
Mem:          992M       920M        71M        24K       3.2M        64M
-/+ buffers/cache:       852M       139M
Swap:         8.0G       610M       7.4G

             total       used       free     shared    buffers     cached
Mem:          992M       921M        71M        24K       3.2M        64M
-/+ buffers/cache:       852M       139M
Swap:         8.0G       610M       7.4G

             total       used       free     shared    buffers     cached
Mem:          992M       921M        70M        24K       3.2M        64M
-/+ buffers/cache:       853M       138M
Swap:         8.0G       609M       7.4G

             total       used       free     shared    buffers     cached
Mem:          992M       922M        70M        24K       3.2M        64M
-/+ buffers/cache:       854M       138M
Swap:         8.0G       609M       7.4G

             total       used       free     shared    buffers     cached
Mem:          992M       912M        79M       204K       1.4M        54M
-/+ buffers/cache:       856M       135M
Swap:         8.0G       603M       7.4G

             total       used       free     shared    buffers     cached
Mem:          992M       918M        73M       3.9M       5.3M        57M
-/+ buffers/cache:       855M       136M
Swap:         8.0G       616M       7.4G

             total       used       free     shared    buffers     cached
Mem:          992M       917M        74M       232K       4.0M        58M
-/+ buffers/cache:       855M       136M
Swap:         8.0G       621M       7.4G

             total       used       free     shared    buffers     cached
Mem:          992M       911M        80M       264K       3.2M        58M
-/+ buffers/cache:       849M       142M
Swap:         8.0G       627M       7.4G

             total       used       free     shared    buffers     cached
Mem:          992M       912M        79M       264K       3.2M        58M
-/+ buffers/cache:       850M       141M
Swap:         8.0G       627M       7.4G

             total       used       free     shared    buffers     cached
Mem:          992M       914M        78M       264K       3.2M        58M
-/+ buffers/cache:       852M       140M
Swap:         8.0G       626M       7.4G

             total       used       free     shared    buffers     cached
Mem:          992M       914M        77M       264K       3.2M        58M
-/+ buffers/cache:       852M       139M
Swap:         8.0G       626M       7.4G

             total       used       free     shared    buffers     cached
Mem:          992M       915M        76M       264K       3.2M        58M
-/+ buffers/cache:       853M       138M
Swap:         8.0G       625M       7.4G

             total       used       free     shared    buffers     cached
Mem:          992M       917M        75M       264K       3.2M        58M
-/+ buffers/cache:       855M       137M
Swap:         8.0G       624M       7.4G

             total       used       free     shared    buffers     cached
Mem:          992M       918M        74M       264K       3.2M        58M
-/+ buffers/cache:       856M       135M
Swap:         8.0G       624M       7.4G

             total       used       free     shared    buffers     cached
Mem:          992M       920M        71M       264K       3.4M        59M
-/+ buffers/cache:       857M       134M
Swap:         8.0G       623M       7.4G

             total       used       free     shared    buffers     cached
Mem:          992M       921M        70M       264K       3.4M        59M
-/+ buffers/cache:       858M       133M
Swap:         8.0G       622M       7.4G

             total       used       free     shared    buffers     cached
Mem:          992M       923M        69M       264K       3.4M        59M
-/+ buffers/cache:       860M       132M
Swap:         8.0G       622M       7.4G

             total       used       free     shared    buffers     cached
Mem:          992M       924M        67M       264K       3.4M        59M
-/+ buffers/cache:       861M       130M
Swap:         8.0G       621M       7.4G

             total       used       free     shared    buffers     cached
Mem:          992M       925M        66M       264K       3.4M        59M
-/+ buffers/cache:       862M       129M
Swap:         8.0G       621M       7.4G

             total       used       free     shared    buffers     cached
Mem:          992M       926M        65M       264K       3.4M        59M
-/+ buffers/cache:       863M       128M
Swap:         8.0G       620M       7.4G

             total       used       free     shared    buffers     cached
Mem:          992M       928M        63M       264K       3.4M        59M
-/+ buffers/cache:       865M       127M
Swap:         8.0G       620M       7.4G

             total       used       free     shared    buffers     cached
Mem:          992M       906M        86M       264K       2.9M        55M
-/+ buffers/cache:       848M       144M
Swap:         8.0G       642M       7.4G

             total       used       free     shared    buffers     cached
Mem:          992M       907M        84M       264K       3.0M        55M
-/+ buffers/cache:       849M       143M
Swap:         8.0G       641M       7.4G

             total       used       free     shared    buffers     cached
Mem:          992M       909M        82M       264K       3.4M        55M
-/+ buffers/cache:       850M       141M
Swap:         8.0G       641M       7.4G

             total       used       free     shared    buffers     cached
Mem:          992M       910M        81M       264K       3.4M        55M
-/+ buffers/cache:       851M       140M
Swap:         8.0G       640M       7.4G

             total       used       free     shared    buffers     cached
Mem:          992M       911M        80M       264K       3.4M        55M
-/+ buffers/cache:       852M       139M
Swap:         8.0G       640M       7.4G

             total       used       free     shared    buffers     cached
Mem:          992M       912M        79M       264K       3.4M        55M
-/+ buffers/cache:       853M       138M
Swap:         8.0G       639M       7.4G

             total       used       free     shared    buffers     cached
Mem:          992M       914M        78M       264K       3.4M        55M
-/+ buffers/cache:       854M       137M
Swap:         8.0G       639M       7.4G

             total       used       free     shared    buffers     cached
Mem:          992M       915M        76M       264K       3.4M        55M
-/+ buffers/cache:       856M       136M
Swap:         8.0G       638M       7.4G

             total       used       free     shared    buffers     cached
Mem:          992M       916M        75M       264K       3.4M        55M
-/+ buffers/cache:       857M       134M
Swap:         8.0G       638M       7.4G

             total       used       free     shared    buffers     cached
Mem:          992M       917M        74M       264K       3.4M        55M
-/+ buffers/cache:       858M       133M
Swap:         8.0G       637M       7.4G

             total       used       free     shared    buffers     cached
Mem:          992M       918M        73M       264K       3.4M        55M
-/+ buffers/cache:       859M       132M
Swap:         8.0G       637M       7.4G

             total       used       free     shared    buffers     cached
Mem:          992M       920M        71M       264K       3.4M        55M
-/+ buffers/cache:       861M       131M
Swap:         8.0G       636M       7.4G

             total       used       free     shared    buffers     cached
Mem:          992M       921M        70M       264K       3.4M        55M
-/+ buffers/cache:       862M       129M
Swap:         8.0G       635M       7.4G

             total       used       free     shared    buffers     cached
Mem:          992M       922M        69M       264K       3.4M        55M
-/+ buffers/cache:       863M       128M
Swap:         8.0G       635M       7.4G

             total       used       free     shared    buffers     cached
Mem:          992M       923M        68M       264K       3.4M        55M
-/+ buffers/cache:       864M       127M
Swap:         8.0G       634M       7.4G

             total       used       free     shared    buffers     cached
Mem:          992M       919M        72M       264K       4.4M        60M
-/+ buffers/cache:       855M       136M
Swap:         8.0G       634M       7.4G

             total       used       free     shared    buffers     cached
Mem:          992M       913M        78M       308K       8.0M        69M
-/+ buffers/cache:       836M       156M
Swap:         8.0G       646M       7.4G
