             total       used       free     shared    buffers     cached
Mem:          992M       662M       330M       3.2M        38M       289M
-/+ buffers/cache:       333M       658M
Swap:         8.0G         0B       8.0G

             total       used       free     shared    buffers     cached
Mem:          992M       661M       330M       3.2M        38M       289M
-/+ buffers/cache:       332M       659M
Swap:         8.0G         0B       8.0G

             total       used       free     shared    buffers     cached
Mem:          992M       661M       330M       3.2M        38M       289M
-/+ buffers/cache:       332M       659M
Swap:         8.0G         0B       8.0G

             total       used       free     shared    buffers     cached
Mem:          992M       661M       330M       3.2M        38M       289M
-/+ buffers/cache:       332M       659M
Swap:         8.0G         0B       8.0G

             total       used       free     shared    buffers     cached
Mem:          992M       661M       330M       3.2M        38M       289M
-/+ buffers/cache:       332M       659M
Swap:         8.0G         0B       8.0G

             total       used       free     shared    buffers     cached
Mem:          992M       661M       330M       3.2M        38M       289M
-/+ buffers/cache:       332M       659M
Swap:         8.0G         0B       8.0G

             total       used       free     shared    buffers     cached
Mem:          992M       661M       330M       3.2M        38M       289M
-/+ buffers/cache:       332M       659M
Swap:         8.0G         0B       8.0G

             total       used       free     shared    buffers     cached
Mem:          992M       661M       330M       3.2M        38M       289M
-/+ buffers/cache:       332M       659M
Swap:         8.0G         0B       8.0G

             total       used       free     shared    buffers     cached
Mem:          992M       661M       331M       3.2M        38M       290M
-/+ buffers/cache:       332M       659M
Swap:         8.0G         0B       8.0G

             total       used       free     shared    buffers     cached
Mem:          992M       661M       331M       3.2M        38M       290M
-/+ buffers/cache:       332M       659M
Swap:         8.0G         0B       8.0G

             total       used       free     shared    buffers     cached
Mem:          992M       661M       331M       3.2M        38M       290M
-/+ buffers/cache:       332M       659M
Swap:         8.0G         0B       8.0G

             total       used       free     shared    buffers     cached
Mem:          992M       666M       325M       3.2M        38M       290M
-/+ buffers/cache:       337M       654M
Swap:         8.0G         0B       8.0G

             total       used       free     shared    buffers     cached
Mem:          992M       684M       307M       3.2M        38M       290M
-/+ buffers/cache:       355M       637M
Swap:         8.0G         0B       8.0G

             total       used       free     shared    buffers     cached
Mem:          992M       670M       321M       3.2M        38M       291M
-/+ buffers/cache:       340M       651M
Swap:         8.0G         0B       8.0G

             total       used       free     shared    buffers     cached
Mem:          992M       670M       321M       3.2M        38M       291M
-/+ buffers/cache:       340M       652M
Swap:         8.0G         0B       8.0G

             total       used       free     shared    buffers     cached
Mem:          992M       671M       321M       3.2M        38M       291M
-/+ buffers/cache:       340M       651M
Swap:         8.0G         0B       8.0G

             total       used       free     shared    buffers     cached
Mem:          992M       671M       321M       3.2M        38M       291M
-/+ buffers/cache:       340M       651M
Swap:         8.0G         0B       8.0G

             total       used       free     shared    buffers     cached
Mem:          992M       671M       321M       3.2M        38M       291M
-/+ buffers/cache:       340M       651M
Swap:         8.0G         0B       8.0G

             total       used       free     shared    buffers     cached
Mem:          992M       671M       321M       3.2M        38M       291M
-/+ buffers/cache:       340M       651M
Swap:         8.0G         0B       8.0G

             total       used       free     shared    buffers     cached
Mem:          992M       671M       321M       3.2M        38M       291M
-/+ buffers/cache:       340M       651M
Swap:         8.0G         0B       8.0G

             total       used       free     shared    buffers     cached
Mem:          992M       671M       321M       3.2M        38M       291M
-/+ buffers/cache:       340M       651M
Swap:         8.0G         0B       8.0G

             total       used       free     shared    buffers     cached
Mem:          992M       671M       321M       3.2M        38M       291M
-/+ buffers/cache:       340M       651M
Swap:         8.0G         0B       8.0G

             total       used       free     shared    buffers     cached
Mem:          992M       671M       321M       3.2M        38M       291M
-/+ buffers/cache:       340M       651M
Swap:         8.0G         0B       8.0G

             total       used       free     shared    buffers     cached
Mem:          992M       671M       321M       3.2M        38M       291M
-/+ buffers/cache:       340M       651M
Swap:         8.0G         0B       8.0G

             total       used       free     shared    buffers     cached
Mem:          992M       671M       321M       3.2M        38M       291M
-/+ buffers/cache:       340M       651M
Swap:         8.0G         0B       8.0G

             total       used       free     shared    buffers     cached
Mem:          992M       671M       321M       3.2M        38M       291M
-/+ buffers/cache:       340M       651M
Swap:         8.0G         0B       8.0G

             total       used       free     shared    buffers     cached
Mem:          992M       671M       321M       3.2M        38M       291M
-/+ buffers/cache:       340M       651M
Swap:         8.0G         0B       8.0G

             total       used       free     shared    buffers     cached
Mem:          992M       671M       321M       3.2M        38M       291M
-/+ buffers/cache:       340M       651M
Swap:         8.0G         0B       8.0G

             total       used       free     shared    buffers     cached
Mem:          992M       671M       321M       3.2M        38M       291M
-/+ buffers/cache:       340M       651M
Swap:         8.0G         0B       8.0G

             total       used       free     shared    buffers     cached
Mem:          992M       671M       321M       3.2M        38M       291M
-/+ buffers/cache:       340M       651M
Swap:         8.0G         0B       8.0G

             total       used       free     shared    buffers     cached
Mem:          992M       671M       321M       3.2M        38M       291M
-/+ buffers/cache:       340M       651M
Swap:         8.0G         0B       8.0G

             total       used       free     shared    buffers     cached
Mem:          992M       671M       321M       3.2M        38M       291M
-/+ buffers/cache:       340M       651M
Swap:         8.0G         0B       8.0G

             total       used       free     shared    buffers     cached
Mem:          992M       671M       321M       3.2M        38M       291M
-/+ buffers/cache:       340M       651M
Swap:         8.0G         0B       8.0G

             total       used       free     shared    buffers     cached
Mem:          992M       678M       314M       3.2M        38M       291M
-/+ buffers/cache:       347M       644M
Swap:         8.0G         0B       8.0G

             total       used       free     shared    buffers     cached
Mem:          992M       693M       298M       3.2M        38M       291M
-/+ buffers/cache:       362M       629M
Swap:         8.0G         0B       8.0G

             total       used       free     shared    buffers     cached
Mem:          992M       709M       282M       3.2M        38M       291M
-/+ buffers/cache:       378M       613M
Swap:         8.0G         0B       8.0G

             total       used       free     shared    buffers     cached
Mem:          992M       723M       268M       3.2M        38M       291M
-/+ buffers/cache:       392M       599M
Swap:         8.0G         0B       8.0G

             total       used       free     shared    buffers     cached
Mem:          992M       737M       254M       3.2M        38M       291M
-/+ buffers/cache:       406M       585M
Swap:         8.0G         0B       8.0G

             total       used       free     shared    buffers     cached
Mem:          992M       754M       237M       3.2M        38M       291M
-/+ buffers/cache:       423M       568M
Swap:         8.0G         0B       8.0G

             total       used       free     shared    buffers     cached
Mem:          992M       771M       220M       3.2M        38M       291M
-/+ buffers/cache:       440M       551M
Swap:         8.0G         0B       8.0G

             total       used       free     shared    buffers     cached
Mem:          992M       787M       204M       3.2M        38M       291M
-/+ buffers/cache:       457M       534M
Swap:         8.0G         0B       8.0G

             total       used       free     shared    buffers     cached
Mem:          992M       806M       186M       3.2M        38M       291M
-/+ buffers/cache:       475M       516M
Swap:         8.0G         0B       8.0G

             total       used       free     shared    buffers     cached
Mem:          992M       824M       168M       3.2M        38M       291M
-/+ buffers/cache:       493M       498M
Swap:         8.0G         0B       8.0G

             total       used       free     shared    buffers     cached
Mem:          992M       839M       153M       3.2M        38M       291M
-/+ buffers/cache:       508M       483M
Swap:         8.0G         0B       8.0G

             total       used       free     shared    buffers     cached
Mem:          992M       856M       136M       3.2M        38M       291M
-/+ buffers/cache:       525M       466M
Swap:         8.0G         0B       8.0G

             total       used       free     shared    buffers     cached
Mem:          992M       873M       119M       3.2M        38M       291M
-/+ buffers/cache:       542M       449M
Swap:         8.0G         0B       8.0G

             total       used       free     shared    buffers     cached
Mem:          992M       890M       101M       3.2M        38M       291M
-/+ buffers/cache:       559M       432M
Swap:         8.0G         0B       8.0G

             total       used       free     shared    buffers     cached
Mem:          992M       904M        87M       3.2M        38M       291M
-/+ buffers/cache:       573M       418M
Swap:         8.0G         0B       8.0G

             total       used       free     shared    buffers     cached
Mem:          992M       919M        73M       3.2M        38M       291M
-/+ buffers/cache:       588M       403M
Swap:         8.0G         0B       8.0G

             total       used       free     shared    buffers     cached
Mem:          992M       924M        67M       3.2M        28M       290M
-/+ buffers/cache:       605M       386M
Swap:         8.0G         0B       8.0G

             total       used       free     shared    buffers     cached
Mem:          992M       924M        67M       3.2M        13M       290M
-/+ buffers/cache:       621M       370M
Swap:         8.0G         0B       8.0G

             total       used       free     shared    buffers     cached
Mem:          992M       918M        73M       3.2M        10M       272M
-/+ buffers/cache:       635M       356M
Swap:         8.0G        84K       8.0G

             total       used       free     shared    buffers     cached
Mem:          992M       931M        60M       3.2M        10M       270M
-/+ buffers/cache:       651M       341M
Swap:         8.0G        84K       8.0G

             total       used       free     shared    buffers     cached
Mem:          992M       926M        65M       3.1M       9.8M       250M
-/+ buffers/cache:       666M       325M
Swap:         8.0G       220K       8.0G

             total       used       free     shared    buffers     cached
Mem:          992M       925M        66M       3.0M       9.8M       234M
-/+ buffers/cache:       681M       310M
Swap:         8.0G       3.6M       8.0G

             total       used       free     shared    buffers     cached
Mem:          992M       913M        78M       2.9M       9.7M       210M
-/+ buffers/cache:       692M       299M
Swap:         8.0G       7.8M       8.0G

             total       used       free     shared    buffers     cached
Mem:          992M       928M        64M       2.9M       9.8M       210M
-/+ buffers/cache:       707M       284M
Swap:         8.0G       7.8M       8.0G

             total       used       free     shared    buffers     cached
Mem:          992M       917M        74M       2.9M       1.9M       193M
-/+ buffers/cache:       722M       270M
Swap:         8.0G       7.8M       8.0G

             total       used       free     shared    buffers     cached
Mem:          992M       918M        74M       2.9M       276K       177M
-/+ buffers/cache:       739M       252M
Swap:         8.0G       7.8M       8.0G

             total       used       free     shared    buffers     cached
Mem:          992M       912M        80M       2.9M       216K       157M
-/+ buffers/cache:       754M       237M
Swap:         8.0G       7.8M       8.0G

             total       used       free     shared    buffers     cached
Mem:          992M       928M        64M       2.9M       216K       157M
-/+ buffers/cache:       770M       221M
Swap:         8.0G       7.8M       8.0G

             total       used       free     shared    buffers     cached
Mem:          992M       922M        69M       2.9M       224K       138M
-/+ buffers/cache:       783M       208M
Swap:         8.0G       7.8M       8.0G

             total       used       free     shared    buffers     cached
Mem:          992M       914M        77M       2.9M        80K       122M
-/+ buffers/cache:       792M       199M
Swap:         8.0G       7.8M       8.0G

             total       used       free     shared    buffers     cached
Mem:          992M       915M        76M       2.9M        80K       108M
-/+ buffers/cache:       807M       184M
Swap:         8.0G       7.8M       8.0G

             total       used       free     shared    buffers     cached
Mem:          992M       916M        76M       2.9M        84K        95M
-/+ buffers/cache:       820M       171M
Swap:         8.0G       7.8M       8.0G

             total       used       free     shared    buffers     cached
Mem:          992M       909M        82M       2.9M        84K        74M
-/+ buffers/cache:       834M       157M
Swap:         8.0G       7.8M       8.0G

             total       used       free     shared    buffers     cached
Mem:          992M       924M        67M       2.9M        84K        74M
-/+ buffers/cache:       850M       142M
Swap:         8.0G       7.8M       8.0G

             total       used       free     shared    buffers     cached
Mem:          992M       921M        70M       2.9M        92K        57M
-/+ buffers/cache:       863M       128M
Swap:         8.0G       7.8M       8.0G

             total       used       free     shared    buffers     cached
Mem:          992M       920M        71M       2.9M        96K        44M
-/+ buffers/cache:       875M       116M
Swap:         8.0G       7.8M       8.0G

             total       used       free     shared    buffers     cached
Mem:          992M       919M        72M       2.9M       236K        28M
-/+ buffers/cache:       890M       101M
Swap:         8.0G       7.8M       8.0G

             total       used       free     shared    buffers     cached
Mem:          992M       919M        73M       2.9M       240K        15M
-/+ buffers/cache:       903M        89M
Swap:         8.0G       8.0M       8.0G

             total       used       free     shared    buffers     cached
Mem:          992M       918M        73M       2.8M       2.8M        15M
-/+ buffers/cache:       900M        91M
Swap:         8.0G        30M       8.0G

             total       used       free     shared    buffers     cached
Mem:          992M       923M        68M       2.5M       2.8M        14M
-/+ buffers/cache:       905M        86M
Swap:         8.0G        33M       8.0G

             total       used       free     shared    buffers     cached
Mem:          992M       926M        65M       2.5M       2.8M        13M
-/+ buffers/cache:       909M        82M
Swap:         8.0G        54M       7.9G

             total       used       free     shared    buffers     cached
Mem:          992M       922M        69M       2.5M       2.3M        13M
-/+ buffers/cache:       906M        85M
Swap:         8.0G        62M       7.9G

             total       used       free     shared    buffers     cached
Mem:          992M       922M        69M       2.5M       272K        10M
-/+ buffers/cache:       911M        80M
Swap:         8.0G        75M       7.9G

             total       used       free     shared    buffers     cached
Mem:          992M       921M        70M       2.5M       128K       6.4M
-/+ buffers/cache:       914M        77M
Swap:         8.0G        89M       7.9G

             total       used       free     shared    buffers     cached
Mem:          992M       918M        73M       2.5M       252K       4.7M
-/+ buffers/cache:       913M        78M
Swap:         8.0G        97M       7.9G

             total       used       free     shared    buffers     cached
Mem:          992M       917M        74M       2.4M       200K        22M
-/+ buffers/cache:       895M        96M
Swap:         8.0G       131M       7.9G

             total       used       free     shared    buffers     cached
Mem:          992M       914M        77M       2.4M       504K        21M
-/+ buffers/cache:       892M        99M
Swap:         8.0G       161M       7.8G

             total       used       free     shared    buffers     cached
Mem:          992M       928M        63M       2.4M       644K        21M
-/+ buffers/cache:       906M        85M
Swap:         8.0G       161M       7.8G

             total       used       free     shared    buffers     cached
Mem:          992M       929M        62M       2.4M       644K        21M
-/+ buffers/cache:       906M        85M
Swap:         8.0G       161M       7.8G

             total       used       free     shared    buffers     cached
Mem:          992M       923M        68M       2.4M       488K        19M
-/+ buffers/cache:       903M        88M
Swap:         8.0G       193M       7.8G

             total       used       free     shared    buffers     cached
Mem:          992M       923M        68M       2.4M       496K        19M
-/+ buffers/cache:       904M        88M
Swap:         8.0G       193M       7.8G

             total       used       free     shared    buffers     cached
Mem:          992M       916M        76M       2.4M       496K        16M
-/+ buffers/cache:       899M        93M
Swap:         8.0G       215M       7.8G

             total       used       free     shared    buffers     cached
Mem:          992M       927M        64M       2.4M       496K        14M
-/+ buffers/cache:       912M        79M
Swap:         8.0G       215M       7.8G

             total       used       free     shared    buffers     cached
Mem:          992M       918M        73M       2.4M       220K       5.5M
-/+ buffers/cache:       912M        79M
Swap:         8.0G       218M       7.8G

             total       used       free     shared    buffers     cached
Mem:          992M       910M        81M       2.4M       212K       4.4M
-/+ buffers/cache:       906M        85M
Swap:         8.0G       243M       7.8G

             total       used       free     shared    buffers     cached
Mem:          992M       922M        69M       2.3M       328K       4.3M
-/+ buffers/cache:       918M        74M
Swap:         8.0G       243M       7.8G

             total       used       free     shared    buffers     cached
Mem:          992M       918M        73M       2.3M       328K       4.2M
-/+ buffers/cache:       913M        78M
Swap:         8.0G       254M       7.7G

             total       used       free     shared    buffers     cached
Mem:          992M       926M        65M       2.3M       328K       4.2M
-/+ buffers/cache:       922M        69M
Swap:         8.0G       254M       7.7G

             total       used       free     shared    buffers     cached
Mem:          992M       920M        71M       2.3M       328K       4.1M
-/+ buffers/cache:       916M        75M
Swap:         8.0G       267M       7.7G

             total       used       free     shared    buffers     cached
Mem:          992M       928M        63M       2.3M       328K       4.2M
-/+ buffers/cache:       924M        68M
Swap:         8.0G       267M       7.7G

             total       used       free     shared    buffers     cached
Mem:          992M       922M        70M       2.3M       216K       4.1M
-/+ buffers/cache:       917M        74M
Swap:         8.0G       277M       7.7G

             total       used       free     shared    buffers     cached
Mem:          992M       926M        65M       2.3M       224K       4.1M
-/+ buffers/cache:       922M        69M
Swap:         8.0G       277M       7.7G

             total       used       free     shared    buffers     cached
Mem:          992M       917M        74M       2.3M       192K       4.0M
-/+ buffers/cache:       913M        78M
Swap:         8.0G       293M       7.7G

             total       used       free     shared    buffers     cached
Mem:          992M       922M        69M       2.3M       192K       4.0M
-/+ buffers/cache:       918M        73M
Swap:         8.0G       293M       7.7G

             total       used       free     shared    buffers     cached
Mem:          992M       927M        64M       2.3M       192K       4.0M
-/+ buffers/cache:       923M        68M
Swap:         8.0G       293M       7.7G

             total       used       free     shared    buffers     cached
Mem:          992M       917M        75M       2.3M       192K       4.1M
-/+ buffers/cache:       912M        79M
Swap:         8.0G       310M       7.7G

             total       used       free     shared    buffers     cached
Mem:          992M       921M        70M       2.3M       200K       4.1M
-/+ buffers/cache:       917M        74M
Swap:         8.0G       310M       7.7G

             total       used       free     shared    buffers     cached
Mem:          992M       927M        65M       2.3M       200K       4.1M
-/+ buffers/cache:       922M        69M
Swap:         8.0G       310M       7.7G

             total       used       free     shared    buffers     cached
Mem:          992M       916M        75M         0B       144K       1.7M
-/+ buffers/cache:       914M        77M
Swap:         8.0G       330M       7.7G

             total       used       free     shared    buffers     cached
Mem:          992M       920M        71M         8K       144K       1.7M
-/+ buffers/cache:       919M        72M
Swap:         8.0G       330M       7.7G

             total       used       free     shared    buffers     cached
Mem:          992M       925M        66M         8K       144K       1.6M
-/+ buffers/cache:       923M        68M
Swap:         8.0G       330M       7.7G

             total       used       free     shared    buffers     cached
Mem:          992M       929M        62M         8K       156K       1.6M
-/+ buffers/cache:       927M        64M
Swap:         8.0G       330M       7.7G

             total       used       free     shared    buffers     cached
Mem:          992M       918M        73M         8K       108K       1.6M
-/+ buffers/cache:       916M        75M
Swap:         8.0G       339M       7.7G

             total       used       free     shared    buffers     cached
Mem:          992M       922M        69M         8K       108K       1.6M
-/+ buffers/cache:       921M        71M
Swap:         8.0G       339M       7.7G

             total       used       free     shared    buffers     cached
Mem:          992M       917M        74M         8K       104K       1.7M
-/+ buffers/cache:       915M        76M
Swap:         8.0G       337M       7.7G

             total       used       free     shared    buffers     cached
Mem:          992M       920M        72M         8K       104K       1.7M
-/+ buffers/cache:       918M        73M
Swap:         8.0G       329M       7.7G

             total       used       free     shared    buffers     cached
Mem:          992M       918M        73M         8K       104K       1.6M
-/+ buffers/cache:       917M        75M
Swap:         8.0G       328M       7.7G

             total       used       free     shared    buffers     cached
Mem:          992M       925M        66M         0B        76K       1.4M
-/+ buffers/cache:       923M        68M
Swap:         8.0G       487M       7.5G

             total       used       free     shared    buffers     cached
Mem:          992M       916M        75M         0B        84K       1.4M
-/+ buffers/cache:       915M        77M
Swap:         8.0G       446M       7.6G

             total       used       free     shared    buffers     cached
Mem:          992M       916M        75M         0B        84K       1.4M
-/+ buffers/cache:       915M        77M
Swap:         8.0G       446M       7.6G

             total       used       free     shared    buffers     cached
Mem:          992M       918M        74M         0B        84K       1.4M
-/+ buffers/cache:       916M        75M
Swap:         8.0G       401M       7.6G

             total       used       free     shared    buffers     cached
Mem:          992M       919M        72M         0B        88K       1.4M
-/+ buffers/cache:       917M        74M
Swap:         8.0G       351M       7.7G

             total       used       free     shared    buffers     cached
Mem:          992M       919M        73M         0B        96K       1.4M
-/+ buffers/cache:       917M        74M
Swap:         8.0G       328M       7.7G

             total       used       free     shared    buffers     cached
Mem:          992M       920M        71M         0B        96K       1.4M
-/+ buffers/cache:       919M        73M
Swap:         8.0G       323M       7.7G

             total       used       free     shared    buffers     cached
Mem:          992M       918M        74M         0B        96K       1.3M
-/+ buffers/cache:       916M        75M
Swap:         8.0G       326M       7.7G

             total       used       free     shared    buffers     cached
Mem:          992M       924M        67M         0B        96K       1.2M
-/+ buffers/cache:       923M        68M
Swap:         8.0G       327M       7.7G

             total       used       free     shared    buffers     cached
Mem:          992M       917M        74M         0B        96K       1.2M
-/+ buffers/cache:       916M        76M
Swap:         8.0G       335M       7.7G

             total       used       free     shared    buffers     cached
Mem:          992M       925M        66M         0B       104K       1.2M
-/+ buffers/cache:       923M        68M
Swap:         8.0G       327M       7.7G

             total       used       free     shared    buffers     cached
Mem:          992M       925M        66M         0B       104K       1.2M
-/+ buffers/cache:       923M        68M
Swap:         8.0G       327M       7.7G

             total       used       free     shared    buffers     cached
Mem:          992M       927M        64M         0B       104K       1.6M
-/+ buffers/cache:       925M        66M
Swap:         8.0G       322M       7.7G

             total       used       free     shared    buffers     cached
Mem:          992M       886M       105M         0B        76K       1.6M
-/+ buffers/cache:       884M       107M
Swap:         8.0G       413M       7.6G

             total       used       free     shared    buffers     cached
Mem:          992M       889M       102M         0B       100K       1.6M
-/+ buffers/cache:       887M       104M
Swap:         8.0G       412M       7.6G

             total       used       free     shared    buffers     cached
Mem:          992M       894M        98M         0B       100K       1.6M
-/+ buffers/cache:       892M        99M
Swap:         8.0G       411M       7.6G

             total       used       free     shared    buffers     cached
Mem:          992M       898M        93M         0B       108K       1.6M
-/+ buffers/cache:       896M        95M
Swap:         8.0G       411M       7.6G

             total       used       free     shared    buffers     cached
Mem:          992M       903M        88M         0B       108K       1.8M
-/+ buffers/cache:       901M        90M
Swap:         8.0G       411M       7.6G

             total       used       free     shared    buffers     cached
Mem:          992M       909M        82M         0B       108K       1.8M
-/+ buffers/cache:       907M        84M
Swap:         8.0G       411M       7.6G

             total       used       free     shared    buffers     cached
Mem:          992M       915M        77M         0B       108K       1.8M
-/+ buffers/cache:       913M        78M
Swap:         8.0G       411M       7.6G

             total       used       free     shared    buffers     cached
Mem:          992M       921M        70M         0B       240K       2.5M
-/+ buffers/cache:       918M        73M
Swap:         8.0G       410M       7.6G

             total       used       free     shared    buffers     cached
Mem:          992M       926M        65M         0B       248K       2.5M
-/+ buffers/cache:       923M        68M
Swap:         8.0G       410M       7.6G

             total       used       free     shared    buffers     cached
Mem:          992M       929M        63M         0B       248K       2.7M
-/+ buffers/cache:       926M        65M
Swap:         8.0G       410M       7.6G

             total       used       free     shared    buffers     cached
Mem:          992M       914M        78M         0B       248K       2.7M
-/+ buffers/cache:       911M        81M
Swap:         8.0G       409M       7.6G

             total       used       free     shared    buffers     cached
Mem:          992M       915M        76M         0B       248K       2.7M
-/+ buffers/cache:       912M        79M
Swap:         8.0G       408M       7.6G

             total       used       free     shared    buffers     cached
Mem:          992M       917M        75M         0B       248K       2.7M
-/+ buffers/cache:       914M        78M
Swap:         8.0G       407M       7.6G

             total       used       free     shared    buffers     cached
Mem:          992M       918M        73M         0B       256K       2.7M
-/+ buffers/cache:       915M        76M
Swap:         8.0G       407M       7.6G

             total       used       free     shared    buffers     cached
Mem:          992M       919M        72M         0B       256K       2.7M
-/+ buffers/cache:       917M        75M
Swap:         8.0G       406M       7.6G

             total       used       free     shared    buffers     cached
Mem:          992M       919M        73M         0B       168K        20M
-/+ buffers/cache:       898M        94M
Swap:         8.0G       409M       7.6G

             total       used       free     shared    buffers     cached
Mem:          992M       914M        78M         0B       2.2M        25M
-/+ buffers/cache:       886M       105M
Swap:         8.0G       424M       7.6G

             total       used       free     shared    buffers     cached
Mem:          992M       915M        76M         4K       2.2M        25M
-/+ buffers/cache:       887M       104M
Swap:         8.0G       423M       7.6G

             total       used       free     shared    buffers     cached
Mem:          992M       917M        75M         4K       2.2M        25M
-/+ buffers/cache:       889M       102M
Swap:         8.0G       422M       7.6G

             total       used       free     shared    buffers     cached
Mem:          992M       918M        73M         4K       2.2M        25M
-/+ buffers/cache:       890M       101M
Swap:         8.0G       422M       7.6G

             total       used       free     shared    buffers     cached
Mem:          992M       919M        72M         4K       2.2M        25M
-/+ buffers/cache:       892M        99M
Swap:         8.0G       421M       7.6G

             total       used       free     shared    buffers     cached
Mem:          992M       921M        70M         4K       2.2M        25M
-/+ buffers/cache:       894M        98M
Swap:         8.0G       420M       7.6G

             total       used       free     shared    buffers     cached
Mem:          992M       923M        69M         4K       2.2M        25M
-/+ buffers/cache:       895M        96M
Swap:         8.0G       419M       7.6G

             total       used       free     shared    buffers     cached
Mem:          992M       924M        67M         4K       2.2M        25M
-/+ buffers/cache:       897M        94M
Swap:         8.0G       419M       7.6G

             total       used       free     shared    buffers     cached
Mem:          992M       926M        65M         4K       2.2M        25M
-/+ buffers/cache:       898M        93M
Swap:         8.0G       418M       7.6G

             total       used       free     shared    buffers     cached
Mem:          992M       928M        64M         4K       2.2M        25M
-/+ buffers/cache:       900M        91M
Swap:         8.0G       417M       7.6G

             total       used       free     shared    buffers     cached
Mem:          992M       923M        68M         4K       2.2M        25M
-/+ buffers/cache:       895M        96M
Swap:         8.0G       419M       7.6G

             total       used       free     shared    buffers     cached
Mem:          992M       917M        75M         4K       2.2M        24M
-/+ buffers/cache:       889M       102M
Swap:         8.0G       427M       7.6G

             total       used       free     shared    buffers     cached
Mem:          992M       918M        73M         4K       2.2M        24M
-/+ buffers/cache:       891M       100M
Swap:         8.0G       426M       7.6G

             total       used       free     shared    buffers     cached
Mem:          992M       919M        72M         4K       2.2M        24M
-/+ buffers/cache:       892M        99M
Swap:         8.0G       425M       7.6G

             total       used       free     shared    buffers     cached
Mem:          992M       921M        70M         4K       2.2M        24M
-/+ buffers/cache:       894M        97M
Swap:         8.0G       425M       7.6G

             total       used       free     shared    buffers     cached
Mem:          992M       923M        69M         4K       2.2M        24M
-/+ buffers/cache:       896M        96M
Swap:         8.0G       424M       7.6G

             total       used       free     shared    buffers     cached
Mem:          992M       924M        67M         4K       2.2M        24M
-/+ buffers/cache:       897M        94M
Swap:         8.0G       423M       7.6G

             total       used       free     shared    buffers     cached
Mem:          992M       926M        65M         4K       2.2M        24M
-/+ buffers/cache:       899M        93M
Swap:         8.0G       423M       7.6G

             total       used       free     shared    buffers     cached
Mem:          992M       927M        64M         4K       2.2M        24M
-/+ buffers/cache:       900M        91M
Swap:         8.0G       422M       7.6G

             total       used       free     shared    buffers     cached
Mem:          992M       924M        67M         4K       2.2M        24M
-/+ buffers/cache:       897M        94M
Swap:         8.0G       425M       7.6G

             total       used       free     shared    buffers     cached
Mem:          992M       910M        81M         4K       2.2M        24M
-/+ buffers/cache:       884M       107M
Swap:         8.0G       444M       7.6G

             total       used       free     shared    buffers     cached
Mem:          992M       912M        80M         4K       2.2M        24M
-/+ buffers/cache:       885M       106M
Swap:         8.0G       443M       7.6G

             total       used       free     shared    buffers     cached
Mem:          992M       913M        78M         4K       2.2M        24M
-/+ buffers/cache:       887M       104M
Swap:         8.0G       443M       7.6G

             total       used       free     shared    buffers     cached
Mem:          992M       915M        76M         4K       2.2M        24M
-/+ buffers/cache:       889M       103M
Swap:         8.0G       442M       7.6G

             total       used       free     shared    buffers     cached
Mem:          992M       917M        75M         4K       2.2M        24M
-/+ buffers/cache:       890M       101M
Swap:         8.0G       441M       7.6G

             total       used       free     shared    buffers     cached
Mem:          992M       918M        73M         4K       2.2M        24M
-/+ buffers/cache:       892M       100M
Swap:         8.0G       441M       7.6G

             total       used       free     shared    buffers     cached
Mem:          992M       919M        72M         4K       2.2M        24M
-/+ buffers/cache:       893M        98M
Swap:         8.0G       441M       7.6G

             total       used       free     shared    buffers     cached
Mem:          992M       921M        70M         4K       2.2M        24M
-/+ buffers/cache:       895M        96M
Swap:         8.0G       440M       7.6G

             total       used       free     shared    buffers     cached
Mem:          992M       922M        69M         4K       2.2M        24M
-/+ buffers/cache:       896M        95M
Swap:         8.0G       439M       7.6G

             total       used       free     shared    buffers     cached
Mem:          992M       924M        67M         4K       2.2M        24M
-/+ buffers/cache:       897M        94M
Swap:         8.0G       439M       7.6G

             total       used       free     shared    buffers     cached
Mem:          992M       925M        66M         4K       2.2M        24M
-/+ buffers/cache:       899M        92M
Swap:         8.0G       438M       7.6G

             total       used       free     shared    buffers     cached
Mem:          992M       927M        64M         4K       2.2M        24M
-/+ buffers/cache:       901M        90M
Swap:         8.0G       438M       7.6G

             total       used       free     shared    buffers     cached
Mem:          992M       929M        63M         4K       2.2M        24M
-/+ buffers/cache:       902M        89M
Swap:         8.0G       437M       7.6G

             total       used       free     shared    buffers     cached
Mem:          992M       917M        74M         4K       2.2M        23M
-/+ buffers/cache:       892M       100M
Swap:         8.0G       449M       7.6G

             total       used       free     shared    buffers     cached
Mem:          992M       918M        73M         4K       2.2M        23M
-/+ buffers/cache:       893M        98M
Swap:         8.0G       449M       7.6G

             total       used       free     shared    buffers     cached
Mem:          992M       920M        71M         4K       2.2M        23M
-/+ buffers/cache:       894M        97M
Swap:         8.0G       448M       7.6G

             total       used       free     shared    buffers     cached
Mem:          992M       921M        70M         4K       2.2M        23M
-/+ buffers/cache:       896M        96M
Swap:         8.0G       448M       7.6G

             total       used       free     shared    buffers     cached
Mem:          992M       922M        69M         4K       2.2M        23M
-/+ buffers/cache:       897M        95M
Swap:         8.0G       447M       7.6G

             total       used       free     shared    buffers     cached
Mem:          992M       923M        68M         4K       2.2M        23M
-/+ buffers/cache:       897M        94M
Swap:         8.0G       447M       7.6G

             total       used       free     shared    buffers     cached
Mem:          992M       924M        68M         4K       2.2M        23M
-/+ buffers/cache:       898M        93M
Swap:         8.0G       446M       7.6G

             total       used       free     shared    buffers     cached
Mem:          992M       925M        66M         4K       2.3M        23M
-/+ buffers/cache:       899M        92M
Swap:         8.0G       446M       7.6G

             total       used       free     shared    buffers     cached
Mem:          992M       928M        63M         4K       2.5M        23M
-/+ buffers/cache:       902M        89M
Swap:         8.0G       445M       7.6G

             total       used       free     shared    buffers     cached
Mem:          992M       929M        62M         4K       2.7M        30M
-/+ buffers/cache:       896M        95M
Swap:         8.0G       454M       7.6G

             total       used       free     shared    buffers     cached
Mem:          992M       921M        70M        20K       2.7M        34M
-/+ buffers/cache:       884M       108M
Swap:         8.0G       462M       7.5G

             total       used       free     shared    buffers     cached
Mem:          992M       922M        69M        20K       2.7M        34M
-/+ buffers/cache:       884M       107M
Swap:         8.0G       462M       7.5G

             total       used       free     shared    buffers     cached
Mem:          992M       923M        68M        20K       2.7M        34M
-/+ buffers/cache:       885M       106M
Swap:         8.0G       461M       7.5G

             total       used       free     shared    buffers     cached
Mem:          992M       924M        68M        20K       2.7M        34M
-/+ buffers/cache:       886M       105M
Swap:         8.0G       461M       7.5G

             total       used       free     shared    buffers     cached
Mem:          992M       925M        67M        20K       2.7M        34M
-/+ buffers/cache:       887M       104M
Swap:         8.0G       460M       7.5G

             total       used       free     shared    buffers     cached
Mem:          992M       926M        66M        20K       2.7M        34M
-/+ buffers/cache:       888M       103M
Swap:         8.0G       460M       7.5G

             total       used       free     shared    buffers     cached
Mem:          992M       927M        65M        20K       2.7M        34M
-/+ buffers/cache:       889M       102M
Swap:         8.0G       459M       7.5G

             total       used       free     shared    buffers     cached
Mem:          992M       928M        64M        20K       2.7M        34M
-/+ buffers/cache:       890M       101M
Swap:         8.0G       459M       7.5G

             total       used       free     shared    buffers     cached
Mem:          992M       928M        63M        20K       2.7M        34M
-/+ buffers/cache:       891M       100M
Swap:         8.0G       458M       7.5G

             total       used       free     shared    buffers     cached
Mem:          992M       910M        81M        20K       692K        30M
-/+ buffers/cache:       879M       113M
Swap:         8.0G       489M       7.5G

             total       used       free     shared    buffers     cached
Mem:          992M       911M        80M        20K       712K        31M
-/+ buffers/cache:       880M       111M
Swap:         8.0G       488M       7.5G

             total       used       free     shared    buffers     cached
Mem:          992M       912M        79M        20K       712K        31M
-/+ buffers/cache:       881M       110M
Swap:         8.0G       488M       7.5G

             total       used       free     shared    buffers     cached
Mem:          992M       914M        78M        20K       716K        30M
-/+ buffers/cache:       882M       109M
Swap:         8.0G       487M       7.5G

             total       used       free     shared    buffers     cached
Mem:          992M       914M        77M        20K       724K        30M
-/+ buffers/cache:       883M       109M
Swap:         8.0G       487M       7.5G

             total       used       free     shared    buffers     cached
Mem:          992M       915M        76M        20K       724K        31M
-/+ buffers/cache:       884M       108M
Swap:         8.0G       486M       7.5G

             total       used       free     shared    buffers     cached
Mem:          992M       916M        75M        20K       724K        30M
-/+ buffers/cache:       884M       107M
Swap:         8.0G       486M       7.5G

             total       used       free     shared    buffers     cached
Mem:          992M       922M        69M        20K       724K        36M
-/+ buffers/cache:       886M       106M
Swap:         8.0G       485M       7.5G

             total       used       free     shared    buffers     cached
Mem:          992M       924M        68M        20K       736K        36M
-/+ buffers/cache:       887M       105M
Swap:         8.0G       485M       7.5G

             total       used       free     shared    buffers     cached
Mem:          992M       925M        67M        20K       736K        36M
-/+ buffers/cache:       888M       103M
Swap:         8.0G       484M       7.5G

             total       used       free     shared    buffers     cached
Mem:          992M       926M        66M        20K       744K        36M
-/+ buffers/cache:       889M       102M
Swap:         8.0G       483M       7.5G

             total       used       free     shared    buffers     cached
Mem:          992M       927M        64M        20K       744K        36M
-/+ buffers/cache:       890M       101M
Swap:         8.0G       483M       7.5G

             total       used       free     shared    buffers     cached
Mem:          992M       928M        64M        20K       744K        36M
-/+ buffers/cache:       891M       100M
Swap:         8.0G       482M       7.5G

             total       used       free     shared    buffers     cached
Mem:          992M       929M        63M        20K       744K        36M
-/+ buffers/cache:       892M        99M
Swap:         8.0G       482M       7.5G

             total       used       free     shared    buffers     cached
Mem:          992M       912M        79M        20K       744K        35M
-/+ buffers/cache:       876M       115M
Swap:         8.0G       481M       7.5G

             total       used       free     shared    buffers     cached
Mem:          992M       914M        78M        20K       752K        35M
-/+ buffers/cache:       877M       114M
Swap:         8.0G       481M       7.5G

             total       used       free     shared    buffers     cached
Mem:          992M       915M        77M        20K       752K        35M
-/+ buffers/cache:       878M       113M
Swap:         8.0G       480M       7.5G

             total       used       free     shared    buffers     cached
Mem:          992M       916M        76M        20K       752K        35M
-/+ buffers/cache:       879M       112M
Swap:         8.0G       480M       7.5G

             total       used       free     shared    buffers     cached
Mem:          992M       916M        75M        20K       752K        35M
-/+ buffers/cache:       880M       111M
Swap:         8.0G       479M       7.5G

             total       used       free     shared    buffers     cached
Mem:          992M       918M        74M        20K       752K        35M
-/+ buffers/cache:       881M       110M
Swap:         8.0G       479M       7.5G

             total       used       free     shared    buffers     cached
Mem:          992M       918M        73M        20K       752K        35M
-/+ buffers/cache:       882M       109M
Swap:         8.0G       478M       7.5G

             total       used       free     shared    buffers     cached
Mem:          992M       919M        72M        20K       760K        35M
-/+ buffers/cache:       883M       108M
Swap:         8.0G       477M       7.5G

             total       used       free     shared    buffers     cached
Mem:          992M       920M        71M        20K       760K        35M
-/+ buffers/cache:       884M       107M
Swap:         8.0G       477M       7.5G

             total       used       free     shared    buffers     cached
Mem:          992M       922M        70M        20K       760K        35M
-/+ buffers/cache:       885M       106M
Swap:         8.0G       476M       7.5G

             total       used       free     shared    buffers     cached
Mem:          992M       923M        68M        20K       760K        35M
-/+ buffers/cache:       886M       105M
Swap:         8.0G       475M       7.5G

             total       used       free     shared    buffers     cached
Mem:          992M       924M        67M        20K       760K        35M
-/+ buffers/cache:       887M       104M
Swap:         8.0G       475M       7.5G

             total       used       free     shared    buffers     cached
Mem:          992M       925M        66M        20K       768K        35M
-/+ buffers/cache:       888M       103M
Swap:         8.0G       474M       7.5G

             total       used       free     shared    buffers     cached
Mem:          992M       926M        65M        20K       768K        35M
-/+ buffers/cache:       890M       102M
Swap:         8.0G       474M       7.5G

             total       used       free     shared    buffers     cached
Mem:          992M       927M        64M        20K       768K        35M
-/+ buffers/cache:       891M       100M
Swap:         8.0G       473M       7.5G

             total       used       free     shared    buffers     cached
Mem:          992M       928M        63M        20K       768K        35M
-/+ buffers/cache:       892M        99M
Swap:         8.0G       472M       7.5G

             total       used       free     shared    buffers     cached
Mem:          992M       914M        78M        20K       768K        33M
-/+ buffers/cache:       879M       112M
Swap:         8.0G       492M       7.5G

             total       used       free     shared    buffers     cached
Mem:          992M       915M        77M        20K       768K        33M
-/+ buffers/cache:       880M       111M
Swap:         8.0G       492M       7.5G

             total       used       free     shared    buffers     cached
Mem:          992M       916M        76M        20K       776K        33M
-/+ buffers/cache:       881M       110M
Swap:         8.0G       491M       7.5G

             total       used       free     shared    buffers     cached
Mem:          992M       917M        75M        20K       776K        33M
-/+ buffers/cache:       882M       109M
Swap:         8.0G       491M       7.5G

             total       used       free     shared    buffers     cached
Mem:          992M       918M        73M        20K       776K        33M
-/+ buffers/cache:       883M       108M
Swap:         8.0G       490M       7.5G

             total       used       free     shared    buffers     cached
Mem:          992M       919M        72M        20K       776K        33M
-/+ buffers/cache:       884M       107M
Swap:         8.0G       489M       7.5G

             total       used       free     shared    buffers     cached
Mem:          992M       920M        71M        20K       776K        33M
-/+ buffers/cache:       885M       106M
Swap:         8.0G       489M       7.5G

             total       used       free     shared    buffers     cached
Mem:          992M       921M        70M        20K       784K        33M
-/+ buffers/cache:       887M       105M
Swap:         8.0G       488M       7.5G

             total       used       free     shared    buffers     cached
Mem:          992M       922M        69M        20K       784K        33M
-/+ buffers/cache:       887M       104M
Swap:         8.0G       488M       7.5G

             total       used       free     shared    buffers     cached
Mem:          992M       923M        68M        20K       784K        33M
-/+ buffers/cache:       889M       103M
Swap:         8.0G       487M       7.5G

             total       used       free     shared    buffers     cached
Mem:          992M       925M        67M        20K       784K        33M
-/+ buffers/cache:       890M       101M
Swap:         8.0G       486M       7.5G

             total       used       free     shared    buffers     cached
Mem:          992M       926M        65M        20K       784K        33M
-/+ buffers/cache:       891M       100M
Swap:         8.0G       485M       7.5G

             total       used       free     shared    buffers     cached
Mem:          992M       927M        64M        20K       784K        33M
-/+ buffers/cache:       892M        99M
Swap:         8.0G       485M       7.5G

             total       used       free     shared    buffers     cached
Mem:          992M       928M        63M        20K       792K        33M
-/+ buffers/cache:       894M        98M
Swap:         8.0G       484M       7.5G

             total       used       free     shared    buffers     cached
Mem:          992M       917M        75M        20K       776K        32M
-/+ buffers/cache:       883M       108M
Swap:         8.0G       494M       7.5G

             total       used       free     shared    buffers     cached
Mem:          992M       917M        74M        20K       776K        32M
-/+ buffers/cache:       884M       107M
Swap:         8.0G       494M       7.5G

             total       used       free     shared    buffers     cached
Mem:          992M       918M        73M        20K       776K        32M
-/+ buffers/cache:       885M       106M
Swap:         8.0G       493M       7.5G

             total       used       free     shared    buffers     cached
Mem:          992M       920M        72M        20K       776K        32M
-/+ buffers/cache:       886M       105M
Swap:         8.0G       492M       7.5G

             total       used       free     shared    buffers     cached
Mem:          992M       921M        70M        20K       784K        32M
-/+ buffers/cache:       888M       104M
Swap:         8.0G       492M       7.5G

             total       used       free     shared    buffers     cached
Mem:          992M       922M        69M        20K       784K        32M
-/+ buffers/cache:       889M       103M
Swap:         8.0G       491M       7.5G

             total       used       free     shared    buffers     cached
Mem:          992M       923M        68M        20K       784K        32M
-/+ buffers/cache:       890M       102M
Swap:         8.0G       490M       7.5G

             total       used       free     shared    buffers     cached
Mem:          992M       924M        67M        20K       784K        32M
-/+ buffers/cache:       891M       100M
Swap:         8.0G       490M       7.5G

             total       used       free     shared    buffers     cached
Mem:          992M       925M        66M        20K       784K        32M
-/+ buffers/cache:       892M        99M
Swap:         8.0G       489M       7.5G

             total       used       free     shared    buffers     cached
Mem:          992M       927M        64M        20K       784K        32M
-/+ buffers/cache:       893M        98M
Swap:         8.0G       488M       7.5G

             total       used       free     shared    buffers     cached
Mem:          992M       928M        63M        20K       792K        32M
-/+ buffers/cache:       894M        97M
Swap:         8.0G       488M       7.5G

             total       used       free     shared    buffers     cached
Mem:          992M       912M        80M        20K       168K        29M
-/+ buffers/cache:       882M       109M
Swap:         8.0G       498M       7.5G

             total       used       free     shared    buffers     cached
Mem:          992M       914M        78M        24K       172K        29M
-/+ buffers/cache:       884M       108M
Swap:         8.0G       497M       7.5G

             total       used       free     shared    buffers     cached
Mem:          992M       915M        76M        24K       172K        29M
-/+ buffers/cache:       885M       106M
Swap:         8.0G       496M       7.5G

             total       used       free     shared    buffers     cached
Mem:          992M       916M        75M        24K       172K        29M
-/+ buffers/cache:       886M       105M
Swap:         8.0G       495M       7.5G

             total       used       free     shared    buffers     cached
Mem:          992M       923M        68M        24K       180K        31M
-/+ buffers/cache:       891M       100M
Swap:         8.0G       493M       7.5G

             total       used       free     shared    buffers     cached
Mem:          992M       924M        67M        24K       180K        31M
-/+ buffers/cache:       892M        99M
Swap:         8.0G       492M       7.5G

             total       used       free     shared    buffers     cached
Mem:          992M       925M        66M        24K       180K        31M
-/+ buffers/cache:       894M        98M
Swap:         8.0G       491M       7.5G

             total       used       free     shared    buffers     cached
Mem:          992M       905M        86M        24K       160K        24M
-/+ buffers/cache:       880M       111M
Swap:         8.0G       504M       7.5G

             total       used       free     shared    buffers     cached
Mem:          992M       905M        87M        20K       160K        24M
-/+ buffers/cache:       880M       111M
Swap:         8.0G       506M       7.5G

             total       used       free     shared    buffers     cached
Mem:          992M       905M        86M        20K       160K        24M
-/+ buffers/cache:       881M       111M
Swap:         8.0G       506M       7.5G

             total       used       free     shared    buffers     cached
Mem:          992M       906M        85M        20K       172K        24M
-/+ buffers/cache:       881M       110M
Swap:         8.0G       505M       7.5G

             total       used       free     shared    buffers     cached
Mem:          992M       906M        85M        20K       172K        24M
-/+ buffers/cache:       882M       110M
Swap:         8.0G       505M       7.5G

             total       used       free     shared    buffers     cached
Mem:          992M       907M        84M        20K       172K        24M
-/+ buffers/cache:       883M       109M
Swap:         8.0G       505M       7.5G

             total       used       free     shared    buffers     cached
Mem:          992M       912M        79M        20K       1.2M        27M
-/+ buffers/cache:       884M       108M
Swap:         8.0G       504M       7.5G

             total       used       free     shared    buffers     cached
Mem:          992M       912M        79M        24K       1.2M        27M
-/+ buffers/cache:       884M       107M
Swap:         8.0G       504M       7.5G

             total       used       free     shared    buffers     cached
Mem:          992M       913M        79M        24K       1.2M        27M
-/+ buffers/cache:       884M       107M
Swap:         8.0G       504M       7.5G

             total       used       free     shared    buffers     cached
Mem:          992M       913M        78M        24K       1.2M        27M
-/+ buffers/cache:       885M       106M
Swap:         8.0G       503M       7.5G

             total       used       free     shared    buffers     cached
Mem:          992M       914M        77M        24K       1.2M        27M
-/+ buffers/cache:       886M       106M
Swap:         8.0G       503M       7.5G

             total       used       free     shared    buffers     cached
Mem:          992M       906M        85M       3.9M       3.4M        49M
-/+ buffers/cache:       853M       138M
Swap:         8.0G       543M       7.5G

             total       used       free     shared    buffers     cached
Mem:          992M       898M        93M       3.9M       4.0M        58M
-/+ buffers/cache:       836M       155M
Swap:         8.0G       571M       7.4G

             total       used       free     shared    buffers     cached
Mem:          992M       912M        79M       232K       4.3M        63M
-/+ buffers/cache:       845M       147M
Swap:         8.0G       567M       7.4G

             total       used       free     shared    buffers     cached
Mem:          992M       918M        73M       276K       4.3M        64M
-/+ buffers/cache:       850M       142M
Swap:         8.0G       565M       7.4G

             total       used       free     shared    buffers     cached
Mem:          992M       919M        72M       260K       4.3M        64M
-/+ buffers/cache:       851M       141M
Swap:         8.0G       564M       7.4G

             total       used       free     shared    buffers     cached
Mem:          992M       920M        71M       260K       4.3M        64M
-/+ buffers/cache:       852M       140M
Swap:         8.0G       563M       7.4G

             total       used       free     shared    buffers     cached
Mem:          992M       921M        70M       260K       4.3M        64M
-/+ buffers/cache:       853M       139M
Swap:         8.0G       563M       7.4G

             total       used       free     shared    buffers     cached
Mem:          992M       923M        69M       260K       4.3M        64M
-/+ buffers/cache:       854M       137M
Swap:         8.0G       562M       7.4G

             total       used       free     shared    buffers     cached
Mem:          992M       925M        66M       260K       4.4M        65M
-/+ buffers/cache:       855M       136M
Swap:         8.0G       561M       7.4G

             total       used       free     shared    buffers     cached
Mem:          992M       926M        65M       260K       4.4M        65M
-/+ buffers/cache:       856M       135M
Swap:         8.0G       561M       7.4G

             total       used       free     shared    buffers     cached
Mem:          992M       927M        64M       260K       4.4M        65M
-/+ buffers/cache:       857M       134M
Swap:         8.0G       560M       7.4G

             total       used       free     shared    buffers     cached
Mem:          992M       928M        63M       260K       4.4M        65M
-/+ buffers/cache:       858M       133M
Swap:         8.0G       560M       7.4G

             total       used       free     shared    buffers     cached
Mem:          992M       910M        81M       260K       4.4M        62M
-/+ buffers/cache:       844M       147M
Swap:         8.0G       574M       7.4G

             total       used       free     shared    buffers     cached
Mem:          992M       911M        80M       260K       4.4M        62M
-/+ buffers/cache:       845M       147M
Swap:         8.0G       573M       7.4G

             total       used       free     shared    buffers     cached
Mem:          992M       912M        79M       260K       4.4M        62M
-/+ buffers/cache:       846M       145M
Swap:         8.0G       573M       7.4G

             total       used       free     shared    buffers     cached
Mem:          992M       914M        77M       260K       4.4M        62M
-/+ buffers/cache:       847M       144M
Swap:         8.0G       572M       7.4G

             total       used       free     shared    buffers     cached
Mem:          992M       915M        76M       260K       4.4M        62M
-/+ buffers/cache:       848M       143M
Swap:         8.0G       571M       7.4G

             total       used       free     shared    buffers     cached
Mem:          992M       917M        75M       260K       4.4M        62M
-/+ buffers/cache:       850M       142M
Swap:         8.0G       571M       7.4G

             total       used       free     shared    buffers     cached
Mem:          992M       918M        74M       260K       4.4M        62M
-/+ buffers/cache:       851M       141M
Swap:         8.0G       570M       7.4G

             total       used       free     shared    buffers     cached
Mem:          992M       919M        72M       260K       4.4M        62M
-/+ buffers/cache:       852M       139M
Swap:         8.0G       569M       7.4G

             total       used       free     shared    buffers     cached
Mem:          992M       920M        71M       260K       4.4M        62M
-/+ buffers/cache:       853M       138M
Swap:         8.0G       569M       7.4G

             total       used       free     shared    buffers     cached
Mem:          992M       921M        70M       260K       4.4M        62M
-/+ buffers/cache:       854M       137M
Swap:         8.0G       568M       7.4G

             total       used       free     shared    buffers     cached
Mem:          992M       922M        69M       260K       4.4M        62M
-/+ buffers/cache:       855M       136M
Swap:         8.0G       567M       7.4G

             total       used       free     shared    buffers     cached
Mem:          992M       923M        68M       260K       4.4M        62M
-/+ buffers/cache:       856M       135M
Swap:         8.0G       567M       7.4G

             total       used       free     shared    buffers     cached
Mem:          992M       925M        67M       260K       4.4M        62M
-/+ buffers/cache:       858M       133M
Swap:         8.0G       566M       7.4G

             total       used       free     shared    buffers     cached
Mem:          992M       926M        65M       260K       4.4M        62M
-/+ buffers/cache:       859M       132M
Swap:         8.0G       565M       7.4G

             total       used       free     shared    buffers     cached
Mem:          992M       927M        64M       260K       4.4M        62M
-/+ buffers/cache:       860M       131M
Swap:         8.0G       565M       7.4G

             total       used       free     shared    buffers     cached
Mem:          992M       928M        63M       260K       4.4M        62M
-/+ buffers/cache:       861M       130M
Swap:         8.0G       564M       7.4G

             total       used       free     shared    buffers     cached
Mem:          992M       913M        78M       260K       3.3M        60M
-/+ buffers/cache:       849M       142M
Swap:         8.0G       577M       7.4G

             total       used       free     shared    buffers     cached
Mem:          992M       914M        77M       260K       3.3M        60M
-/+ buffers/cache:       850M       141M
Swap:         8.0G       576M       7.4G

             total       used       free     shared    buffers     cached
Mem:          992M       915M        77M       260K       3.3M        60M
-/+ buffers/cache:       851M       141M
Swap:         8.0G       576M       7.4G

             total       used       free     shared    buffers     cached
Mem:          992M       916M        75M       260K       3.3M        60M
-/+ buffers/cache:       852M       139M
Swap:         8.0G       575M       7.4G

             total       used       free     shared    buffers     cached
Mem:          992M       917M        74M       260K       3.3M        60M
-/+ buffers/cache:       853M       138M
Swap:         8.0G       575M       7.4G

             total       used       free     shared    buffers     cached
Mem:          992M       918M        73M       260K       3.3M        60M
-/+ buffers/cache:       854M       137M
Swap:         8.0G       574M       7.4G

             total       used       free     shared    buffers     cached
Mem:          992M       919M        72M       260K       3.3M        60M
-/+ buffers/cache:       855M       136M
Swap:         8.0G       573M       7.4G

             total       used       free     shared    buffers     cached
Mem:          992M       918M        73M       316K       8.1M        71M
-/+ buffers/cache:       839M       152M
Swap:         8.0G       589M       7.4G

             total       used       free     shared    buffers     cached
Mem:          992M       923M        69M       304K       8.4M        73M
-/+ buffers/cache:       840M       151M
Swap:         8.0G       588M       7.4G
