             total       used       free     shared    buffers     cached
Mem:          2.0G       658M       1.3G       3.2M        41M       287M
-/+ buffers/cache:       329M       1.6G
Swap:         8.0G         0B       8.0G

             total       used       free     shared    buffers     cached
Mem:          2.0G       658M       1.3G       3.2M        41M       287M
-/+ buffers/cache:       329M       1.6G
Swap:         8.0G         0B       8.0G

             total       used       free     shared    buffers     cached
Mem:          2.0G       658M       1.3G       3.2M        41M       287M
-/+ buffers/cache:       329M       1.6G
Swap:         8.0G         0B       8.0G

             total       used       free     shared    buffers     cached
Mem:          2.0G       658M       1.3G       3.2M        41M       287M
-/+ buffers/cache:       329M       1.6G
Swap:         8.0G         0B       8.0G

             total       used       free     shared    buffers     cached
Mem:          2.0G       658M       1.3G       3.2M        41M       287M
-/+ buffers/cache:       329M       1.6G
Swap:         8.0G         0B       8.0G

             total       used       free     shared    buffers     cached
Mem:          2.0G       658M       1.3G       3.2M        41M       287M
-/+ buffers/cache:       329M       1.6G
Swap:         8.0G         0B       8.0G

             total       used       free     shared    buffers     cached
Mem:          2.0G       658M       1.3G       3.2M        41M       287M
-/+ buffers/cache:       329M       1.6G
Swap:         8.0G         0B       8.0G

             total       used       free     shared    buffers     cached
Mem:          2.0G       658M       1.3G       3.2M        41M       287M
-/+ buffers/cache:       329M       1.6G
Swap:         8.0G         0B       8.0G

             total       used       free     shared    buffers     cached
Mem:          2.0G       658M       1.3G       3.2M        41M       287M
-/+ buffers/cache:       329M       1.6G
Swap:         8.0G         0B       8.0G

             total       used       free     shared    buffers     cached
Mem:          2.0G       658M       1.3G       3.2M        41M       287M
-/+ buffers/cache:       328M       1.6G
Swap:         8.0G         0B       8.0G

             total       used       free     shared    buffers     cached
Mem:          2.0G       658M       1.3G       3.2M        41M       287M
-/+ buffers/cache:       328M       1.6G
Swap:         8.0G         0B       8.0G

             total       used       free     shared    buffers     cached
Mem:          2.0G       659M       1.3G       3.2M        41M       287M
-/+ buffers/cache:       329M       1.6G
Swap:         8.0G         0B       8.0G

             total       used       free     shared    buffers     cached
Mem:          2.0G       662M       1.3G       3.2M        41M       288M
-/+ buffers/cache:       332M       1.6G
Swap:         8.0G         0B       8.0G

             total       used       free     shared    buffers     cached
Mem:          2.0G       668M       1.3G       3.3M        41M       288M
-/+ buffers/cache:       338M       1.6G
Swap:         8.0G         0B       8.0G

             total       used       free     shared    buffers     cached
Mem:          2.0G       692M       1.3G       3.3M        41M       288M
-/+ buffers/cache:       362M       1.6G
Swap:         8.0G         0B       8.0G

             total       used       free     shared    buffers     cached
Mem:          2.0G       695M       1.3G       3.3M        42M       291M
-/+ buffers/cache:       361M       1.6G
Swap:         8.0G         0B       8.0G

             total       used       free     shared    buffers     cached
Mem:          2.0G       745M       1.2G       3.3M        42M       292M
-/+ buffers/cache:       411M       1.6G
Swap:         8.0G         0B       8.0G

             total       used       free     shared    buffers     cached
Mem:          2.0G       738M       1.2G       3.3M        42M       292M
-/+ buffers/cache:       404M       1.6G
Swap:         8.0G         0B       8.0G

             total       used       free     shared    buffers     cached
Mem:          2.0G       740M       1.2G       3.3M        42M       292M
-/+ buffers/cache:       406M       1.6G
Swap:         8.0G         0B       8.0G

             total       used       free     shared    buffers     cached
Mem:          2.0G       725M       1.2G       3.3M        42M       296M
-/+ buffers/cache:       385M       1.6G
Swap:         8.0G         0B       8.0G

             total       used       free     shared    buffers     cached
Mem:          2.0G       726M       1.2G       3.3M        42M       296M
-/+ buffers/cache:       386M       1.6G
Swap:         8.0G         0B       8.0G

             total       used       free     shared    buffers     cached
Mem:          2.0G       726M       1.2G       3.3M        42M       296M
-/+ buffers/cache:       386M       1.6G
Swap:         8.0G         0B       8.0G

             total       used       free     shared    buffers     cached
Mem:          2.0G       726M       1.2G       3.3M        42M       296M
-/+ buffers/cache:       386M       1.6G
Swap:         8.0G         0B       8.0G

             total       used       free     shared    buffers     cached
Mem:          2.0G       726M       1.2G       3.3M        42M       296M
-/+ buffers/cache:       386M       1.6G
Swap:         8.0G         0B       8.0G

             total       used       free     shared    buffers     cached
Mem:          2.0G       726M       1.2G       3.3M        42M       296M
-/+ buffers/cache:       386M       1.6G
Swap:         8.0G         0B       8.0G

             total       used       free     shared    buffers     cached
Mem:          2.0G       726M       1.2G       3.3M        42M       296M
-/+ buffers/cache:       386M       1.6G
Swap:         8.0G         0B       8.0G

             total       used       free     shared    buffers     cached
Mem:          2.0G       726M       1.2G       3.3M        42M       296M
-/+ buffers/cache:       386M       1.6G
Swap:         8.0G         0B       8.0G

             total       used       free     shared    buffers     cached
Mem:          2.0G       726M       1.2G       3.3M        42M       296M
-/+ buffers/cache:       386M       1.6G
Swap:         8.0G         0B       8.0G

             total       used       free     shared    buffers     cached
Mem:          2.0G       726M       1.2G       3.3M        42M       296M
-/+ buffers/cache:       386M       1.6G
Swap:         8.0G         0B       8.0G

             total       used       free     shared    buffers     cached
Mem:          2.0G       726M       1.2G       3.3M        42M       296M
-/+ buffers/cache:       386M       1.6G
Swap:         8.0G         0B       8.0G

             total       used       free     shared    buffers     cached
Mem:          2.0G       726M       1.2G       3.3M        42M       296M
-/+ buffers/cache:       386M       1.6G
Swap:         8.0G         0B       8.0G

             total       used       free     shared    buffers     cached
Mem:          2.0G       726M       1.2G       3.3M        42M       296M
-/+ buffers/cache:       386M       1.6G
Swap:         8.0G         0B       8.0G

             total       used       free     shared    buffers     cached
Mem:          2.0G       726M       1.2G       3.3M        42M       296M
-/+ buffers/cache:       386M       1.6G
Swap:         8.0G         0B       8.0G

             total       used       free     shared    buffers     cached
Mem:          2.0G       730M       1.2G       3.3M        42M       296M
-/+ buffers/cache:       390M       1.6G
Swap:         8.0G         0B       8.0G

             total       used       free     shared    buffers     cached
Mem:          2.0G       748M       1.2G       3.3M        42M       296M
-/+ buffers/cache:       408M       1.6G
Swap:         8.0G         0B       8.0G

             total       used       free     shared    buffers     cached
Mem:          2.0G       766M       1.2G       3.3M        42M       296M
-/+ buffers/cache:       427M       1.5G
Swap:         8.0G         0B       8.0G

             total       used       free     shared    buffers     cached
Mem:          2.0G       782M       1.2G       3.3M        42M       296M
-/+ buffers/cache:       443M       1.5G
Swap:         8.0G         0B       8.0G

             total       used       free     shared    buffers     cached
Mem:          2.0G       796M       1.2G       3.3M        42M       296M
-/+ buffers/cache:       457M       1.5G
Swap:         8.0G         0B       8.0G

             total       used       free     shared    buffers     cached
Mem:          2.0G       812M       1.2G       3.3M        42M       296M
-/+ buffers/cache:       473M       1.5G
Swap:         8.0G         0B       8.0G

             total       used       free     shared    buffers     cached
Mem:          2.0G       827M       1.1G       3.3M        42M       296M
-/+ buffers/cache:       488M       1.5G
Swap:         8.0G         0B       8.0G

             total       used       free     shared    buffers     cached
Mem:          2.0G       843M       1.1G       3.3M        42M       296M
-/+ buffers/cache:       503M       1.5G
Swap:         8.0G         0B       8.0G

             total       used       free     shared    buffers     cached
Mem:          2.0G       862M       1.1G       3.3M        42M       296M
-/+ buffers/cache:       522M       1.4G
Swap:         8.0G         0B       8.0G

             total       used       free     shared    buffers     cached
Mem:          2.0G       881M       1.1G       3.3M        42M       296M
-/+ buffers/cache:       541M       1.4G
Swap:         8.0G         0B       8.0G

             total       used       free     shared    buffers     cached
Mem:          2.0G       901M       1.1G       3.3M        42M       296M
-/+ buffers/cache:       561M       1.4G
Swap:         8.0G         0B       8.0G

             total       used       free     shared    buffers     cached
Mem:          2.0G       918M       1.1G       3.3M        42M       296M
-/+ buffers/cache:       579M       1.4G
Swap:         8.0G         0B       8.0G

             total       used       free     shared    buffers     cached
Mem:          2.0G       936M       1.0G       3.3M        42M       296M
-/+ buffers/cache:       596M       1.4G
Swap:         8.0G         0B       8.0G

             total       used       free     shared    buffers     cached
Mem:          2.0G       951M       1.0G       3.3M        42M       296M
-/+ buffers/cache:       612M       1.4G
Swap:         8.0G         0B       8.0G

             total       used       free     shared    buffers     cached
Mem:          2.0G       968M       1.0G       3.3M        42M       296M
-/+ buffers/cache:       628M       1.3G
Swap:         8.0G         0B       8.0G

             total       used       free     shared    buffers     cached
Mem:          2.0G       985M       1.0G       3.3M        42M       296M
-/+ buffers/cache:       645M       1.3G
Swap:         8.0G         0B       8.0G

             total       used       free     shared    buffers     cached
Mem:          2.0G       1.0G       999M       3.3M        42M       296M
-/+ buffers/cache:       660M       1.3G
Swap:         8.0G         0B       8.0G

             total       used       free     shared    buffers     cached
Mem:          2.0G       1.0G       985M       3.3M        42M       296M
-/+ buffers/cache:       674M       1.3G
Swap:         8.0G         0B       8.0G

             total       used       free     shared    buffers     cached
Mem:          2.0G       1.0G       971M       3.3M        42M       296M
-/+ buffers/cache:       689M       1.3G
Swap:         8.0G         0B       8.0G

             total       used       free     shared    buffers     cached
Mem:          2.0G       1.0G       958M       3.3M        42M       296M
-/+ buffers/cache:       702M       1.3G
Swap:         8.0G         0B       8.0G

             total       used       free     shared    buffers     cached
Mem:          2.0G       1.0G       943M       3.3M        42M       296M
-/+ buffers/cache:       717M       1.3G
Swap:         8.0G         0B       8.0G

             total       used       free     shared    buffers     cached
Mem:          2.0G       1.0G       926M       3.3M        42M       296M
-/+ buffers/cache:       733M       1.2G
Swap:         8.0G         0B       8.0G

             total       used       free     shared    buffers     cached
Mem:          2.0G       1.1G       910M       3.3M        42M       296M
-/+ buffers/cache:       750M       1.2G
Swap:         8.0G         0B       8.0G

             total       used       free     shared    buffers     cached
Mem:          2.0G       1.1G       893M       3.3M        42M       296M
-/+ buffers/cache:       766M       1.2G
Swap:         8.0G         0B       8.0G

             total       used       free     shared    buffers     cached
Mem:          2.0G       1.1G       877M       3.3M        42M       296M
-/+ buffers/cache:       783M       1.2G
Swap:         8.0G         0B       8.0G

             total       used       free     shared    buffers     cached
Mem:          2.0G       1.1G       860M       3.3M        42M       296M
-/+ buffers/cache:       800M       1.2G
Swap:         8.0G         0B       8.0G

             total       used       free     shared    buffers     cached
Mem:          2.0G       1.1G       845M       3.3M        42M       296M
-/+ buffers/cache:       815M       1.2G
Swap:         8.0G         0B       8.0G

             total       used       free     shared    buffers     cached
Mem:          2.0G       1.1G       829M       3.3M        42M       296M
-/+ buffers/cache:       831M       1.1G
Swap:         8.0G         0B       8.0G

             total       used       free     shared    buffers     cached
Mem:          2.0G       1.2G       819M       3.3M        42M       296M
-/+ buffers/cache:       841M       1.1G
Swap:         8.0G         0B       8.0G

             total       used       free     shared    buffers     cached
Mem:          2.0G       1.2G       803M       3.3M        42M       296M
-/+ buffers/cache:       857M       1.1G
Swap:         8.0G         0B       8.0G

             total       used       free     shared    buffers     cached
Mem:          2.0G       1.2G       786M       3.3M        42M       296M
-/+ buffers/cache:       874M       1.1G
Swap:         8.0G         0B       8.0G

             total       used       free     shared    buffers     cached
Mem:          2.0G       1.2G       772M       3.3M        42M       296M
-/+ buffers/cache:       888M       1.1G
Swap:         8.0G         0B       8.0G

             total       used       free     shared    buffers     cached
Mem:          2.0G       1.2G       755M       3.3M        42M       296M
-/+ buffers/cache:       905M       1.1G
Swap:         8.0G         0B       8.0G

             total       used       free     shared    buffers     cached
Mem:          2.0G       1.2G       736M       3.3M        42M       296M
-/+ buffers/cache:       924M       1.1G
Swap:         8.0G         0B       8.0G

             total       used       free     shared    buffers     cached
Mem:          2.0G       1.3G       718M       3.3M        42M       296M
-/+ buffers/cache:       942M       1.0G
Swap:         8.0G         0B       8.0G

             total       used       free     shared    buffers     cached
Mem:          2.0G       1.3G       698M       3.3M        42M       296M
-/+ buffers/cache:       962M       1.0G
Swap:         8.0G         0B       8.0G

             total       used       free     shared    buffers     cached
Mem:          2.0G       1.3G       683M       3.3M        42M       296M
-/+ buffers/cache:       977M       1.0G
Swap:         8.0G         0B       8.0G

             total       used       free     shared    buffers     cached
Mem:          2.0G       1.3G       667M       3.3M        42M       296M
-/+ buffers/cache:       993M       1.0G
Swap:         8.0G         0B       8.0G

             total       used       free     shared    buffers     cached
Mem:          2.0G       1.3G       652M       3.3M        42M       296M
-/+ buffers/cache:       1.0G       991M
Swap:         8.0G         0B       8.0G

             total       used       free     shared    buffers     cached
Mem:          2.0G       1.3G       635M       3.3M        42M       297M
-/+ buffers/cache:       1.0G       975M
Swap:         8.0G         0B       8.0G

             total       used       free     shared    buffers     cached
Mem:          2.0G       1.3G       617M       3.3M        42M       297M
-/+ buffers/cache:       1.0G       958M
Swap:         8.0G         0B       8.0G

             total       used       free     shared    buffers     cached
Mem:          2.0G       1.4G       603M       3.3M        42M       297M
-/+ buffers/cache:       1.0G       943M
Swap:         8.0G         0B       8.0G

             total       used       free     shared    buffers     cached
Mem:          2.0G       1.4G       589M       3.3M        42M       297M
-/+ buffers/cache:       1.0G       929M
Swap:         8.0G         0B       8.0G

             total       used       free     shared    buffers     cached
Mem:          2.0G       1.4G       575M       3.3M        42M       297M
-/+ buffers/cache:       1.1G       915M
Swap:         8.0G         0B       8.0G

             total       used       free     shared    buffers     cached
Mem:          2.0G       1.4G       562M       3.3M        42M       297M
-/+ buffers/cache:       1.1G       902M
Swap:         8.0G         0B       8.0G

             total       used       free     shared    buffers     cached
Mem:          2.0G       1.4G       548M       3.3M        42M       297M
-/+ buffers/cache:       1.1G       888M
Swap:         8.0G         0B       8.0G

             total       used       free     shared    buffers     cached
Mem:          2.0G       1.4G       534M       3.3M        42M       297M
-/+ buffers/cache:       1.1G       874M
Swap:         8.0G         0B       8.0G

             total       used       free     shared    buffers     cached
Mem:          2.0G       1.4G       519M       3.3M        42M       297M
-/+ buffers/cache:       1.1G       859M
Swap:         8.0G         0B       8.0G

             total       used       free     shared    buffers     cached
Mem:          2.0G       1.5G       503M       3.3M        42M       297M
-/+ buffers/cache:       1.1G       843M
Swap:         8.0G         0B       8.0G

             total       used       free     shared    buffers     cached
Mem:          2.0G       1.5G       486M       3.3M        42M       297M
-/+ buffers/cache:       1.1G       826M
Swap:         8.0G         0B       8.0G

             total       used       free     shared    buffers     cached
Mem:          2.0G       1.5G       469M       3.3M        42M       297M
-/+ buffers/cache:       1.2G       809M
Swap:         8.0G         0B       8.0G

             total       used       free     shared    buffers     cached
Mem:          2.0G       1.5G       451M       3.3M        42M       297M
-/+ buffers/cache:       1.2G       792M
Swap:         8.0G         0B       8.0G

             total       used       free     shared    buffers     cached
Mem:          2.0G       1.5G       437M       3.3M        42M       297M
-/+ buffers/cache:       1.2G       777M
Swap:         8.0G         0B       8.0G

             total       used       free     shared    buffers     cached
Mem:          2.0G       1.5G       420M       3.3M        42M       297M
-/+ buffers/cache:       1.2G       760M
Swap:         8.0G         0B       8.0G

             total       used       free     shared    buffers     cached
Mem:          2.0G       1.6G       404M       3.3M        42M       297M
-/+ buffers/cache:       1.2G       744M
Swap:         8.0G         0B       8.0G

             total       used       free     shared    buffers     cached
Mem:          2.0G       1.6G       388M       3.3M        42M       297M
-/+ buffers/cache:       1.2G       728M
Swap:         8.0G         0B       8.0G

             total       used       free     shared    buffers     cached
Mem:          2.0G       1.6G       376M       3.3M        42M       297M
-/+ buffers/cache:       1.3G       716M
Swap:         8.0G         0B       8.0G

             total       used       free     shared    buffers     cached
Mem:          2.0G       1.6G       369M       3.3M        42M       297M
-/+ buffers/cache:       1.3G       710M
Swap:         8.0G         0B       8.0G

             total       used       free     shared    buffers     cached
Mem:          2.0G       1.6G       353M       3.3M        42M       297M
-/+ buffers/cache:       1.3G       694M
Swap:         8.0G         0B       8.0G

             total       used       free     shared    buffers     cached
Mem:          2.0G       1.6G       339M       3.3M        42M       297M
-/+ buffers/cache:       1.3G       679M
Swap:         8.0G         0B       8.0G

             total       used       free     shared    buffers     cached
Mem:          2.0G       1.6G       324M       3.3M        42M       297M
-/+ buffers/cache:       1.3G       664M
Swap:         8.0G         0B       8.0G

             total       used       free     shared    buffers     cached
Mem:          2.0G       1.7G       309M       3.3M        42M       297M
-/+ buffers/cache:       1.3G       650M
Swap:         8.0G         0B       8.0G

             total       used       free     shared    buffers     cached
Mem:          2.0G       1.7G       294M       3.3M        42M       297M
-/+ buffers/cache:       1.3G       634M
Swap:         8.0G         0B       8.0G

             total       used       free     shared    buffers     cached
Mem:          2.0G       1.7G       279M       3.3M        42M       297M
-/+ buffers/cache:       1.3G       619M
Swap:         8.0G         0B       8.0G

             total       used       free     shared    buffers     cached
Mem:          2.0G       1.7G       265M       3.3M        42M       297M
-/+ buffers/cache:       1.4G       605M
Swap:         8.0G         0B       8.0G

             total       used       free     shared    buffers     cached
Mem:          2.0G       1.7G       249M       3.3M        42M       297M
-/+ buffers/cache:       1.4G       589M
Swap:         8.0G         0B       8.0G

             total       used       free     shared    buffers     cached
Mem:          2.0G       1.7G       233M       3.3M        42M       297M
-/+ buffers/cache:       1.4G       573M
Swap:         8.0G         0B       8.0G

             total       used       free     shared    buffers     cached
Mem:          2.0G       1.7G       217M       3.3M        42M       297M
-/+ buffers/cache:       1.4G       557M
Swap:         8.0G         0B       8.0G

             total       used       free     shared    buffers     cached
Mem:          2.0G       1.8G       200M       3.3M        42M       297M
-/+ buffers/cache:       1.4G       540M
Swap:         8.0G         0B       8.0G

             total       used       free     shared    buffers     cached
Mem:          2.0G       1.8G       182M       3.3M        42M       297M
-/+ buffers/cache:       1.4G       522M
Swap:         8.0G         0B       8.0G

             total       used       free     shared    buffers     cached
Mem:          2.0G       1.8G       165M       3.3M        42M       297M
-/+ buffers/cache:       1.5G       505M
Swap:         8.0G         0B       8.0G

             total       used       free     shared    buffers     cached
Mem:          2.0G       1.8G       146M       3.3M        42M       297M
-/+ buffers/cache:       1.5G       486M
Swap:         8.0G         0B       8.0G

             total       used       free     shared    buffers     cached
Mem:          2.0G       1.8G       127M       3.3M        42M       297M
-/+ buffers/cache:       1.5G       467M
Swap:         8.0G         0B       8.0G

             total       used       free     shared    buffers     cached
Mem:          2.0G       1.8G       109M       3.3M        42M       297M
-/+ buffers/cache:       1.5G       449M
Swap:         8.0G         0B       8.0G

             total       used       free     shared    buffers     cached
Mem:          2.0G       1.9G        91M       3.3M        42M       297M
-/+ buffers/cache:       1.5G       431M
Swap:         8.0G         0B       8.0G

             total       used       free     shared    buffers     cached
Mem:          2.0G       1.9G        74M       3.3M        42M       297M
-/+ buffers/cache:       1.5G       414M
Swap:         8.0G         0B       8.0G

             total       used       free     shared    buffers     cached
Mem:          2.0G       1.9G        72M       3.3M        27M       295M
-/+ buffers/cache:       1.6G       396M
Swap:         8.0G         0B       8.0G

             total       used       free     shared    buffers     cached
Mem:          2.0G       1.9G        73M       3.3M        14M       291M
-/+ buffers/cache:       1.6G       379M
Swap:         8.0G         0B       8.0G

             total       used       free     shared    buffers     cached
Mem:          2.0G       1.9G        75M       3.2M        14M       273M
-/+ buffers/cache:       1.6G       363M
Swap:         8.0G        76K       8.0G

             total       used       free     shared    buffers     cached
Mem:          2.0G       1.9G        78M       3.2M        13M       254M
-/+ buffers/cache:       1.6G       347M
Swap:         8.0G       172K       8.0G

             total       used       free     shared    buffers     cached
Mem:          2.0G       1.9G        63M       3.1M        13M       254M
-/+ buffers/cache:       1.6G       332M
Swap:         8.0G       172K       8.0G

             total       used       free     shared    buffers     cached
Mem:          2.0G       1.9G        67M       3.0M        13M       239M
-/+ buffers/cache:       1.6G       320M
Swap:         8.0G       6.0M       8.0G

             total       used       free     shared    buffers     cached
Mem:          2.0G       1.9G        81M       2.8M        13M       218M
-/+ buffers/cache:       1.6G       314M
Swap:         8.0G        16M       8.0G

             total       used       free     shared    buffers     cached
Mem:          2.0G       1.9G        66M       2.8M        13M       218M
-/+ buffers/cache:       1.7G       299M
Swap:         8.0G        16M       8.0G

             total       used       free     shared    buffers     cached
Mem:          2.0G       1.9G        76M       2.8M       3.5M       204M
-/+ buffers/cache:       1.7G       284M
Swap:         8.0G        16M       8.0G

             total       used       free     shared    buffers     cached
Mem:          2.0G       1.9G        71M       2.8M       2.1M       193M
-/+ buffers/cache:       1.7G       267M
Swap:         8.0G        16M       8.0G

             total       used       free     shared    buffers     cached
Mem:          2.0G       1.9G        66M       2.8M       1.1M       182M
-/+ buffers/cache:       1.7G       250M
Swap:         8.0G        16M       8.0G

             total       used       free     shared    buffers     cached
Mem:          2.0G       1.9G        72M       2.8M       1.0M       161M
-/+ buffers/cache:       1.7G       235M
Swap:         8.0G        16M       8.0G

             total       used       free     shared    buffers     cached
Mem:          2.0G       1.9G        78M       2.8M       1.0M       142M
-/+ buffers/cache:       1.7G       221M
Swap:         8.0G        16M       8.0G

             total       used       free     shared    buffers     cached
Mem:          2.0G       1.9G        82M       2.8M        76K       126M
-/+ buffers/cache:       1.7G       209M
Swap:         8.0G        16M       8.0G

             total       used       free     shared    buffers     cached
Mem:          2.0G       1.9G        69M       2.8M        76K       126M
-/+ buffers/cache:       1.8G       195M
Swap:         8.0G        16M       8.0G

             total       used       free     shared    buffers     cached
Mem:          2.0G       1.9G        70M       2.8M        80K       111M
-/+ buffers/cache:       1.8G       182M
Swap:         8.0G        16M       8.0G

             total       used       free     shared    buffers     cached
Mem:          2.0G       1.9G        69M       2.8M        80K        98M
-/+ buffers/cache:       1.8G       167M
Swap:         8.0G        16M       8.0G

             total       used       free     shared    buffers     cached
Mem:          2.0G       1.9G        68M       2.8M        88K        87M
-/+ buffers/cache:       1.8G       156M
Swap:         8.0G        16M       8.0G

             total       used       free     shared    buffers     cached
Mem:          2.0G       1.9G        72M       2.8M        88K        68M
-/+ buffers/cache:       1.8G       141M
Swap:         8.0G        16M       8.0G

             total       used       free     shared    buffers     cached
Mem:          2.0G       1.9G        75M       2.8M       360K        53M
-/+ buffers/cache:       1.8G       128M
Swap:         8.0G        16M       8.0G

             total       used       free     shared    buffers     cached
Mem:          2.0G       1.9G        75M       2.8M       500K        36M
-/+ buffers/cache:       1.8G       113M
Swap:         8.0G        16M       8.0G

             total       used       free     shared    buffers     cached
Mem:          2.0G       1.9G        66M       2.8M       500K        28M
-/+ buffers/cache:       1.9G        95M
Swap:         8.0G        16M       8.0G

             total       used       free     shared    buffers     cached
Mem:          2.0G       1.9G        70M       2.8M       508K        11M
-/+ buffers/cache:       1.9G        82M
Swap:         8.0G        16M       8.0G

             total       used       free     shared    buffers     cached
Mem:          2.0G       1.9G        75M       2.5M       364K        10M
-/+ buffers/cache:       1.9G        87M
Swap:         8.0G        32M       8.0G

             total       used       free     shared    buffers     cached
Mem:          2.0G       1.9G        76M       2.5M       2.3M        16M
-/+ buffers/cache:       1.9G        95M
Swap:         8.0G        71M       7.9G

             total       used       free     shared    buffers     cached
Mem:          2.0G       1.9G        75M       2.5M       2.3M        17M
-/+ buffers/cache:       1.9G        95M
Swap:         8.0G        71M       7.9G

             total       used       free     shared    buffers     cached
Mem:          2.0G       1.9G        80M       2.5M       2.3M        15M
-/+ buffers/cache:       1.9G        97M
Swap:         8.0G       102M       7.9G

             total       used       free     shared    buffers     cached
Mem:          2.0G       1.9G        66M       2.5M       2.3M        15M
-/+ buffers/cache:       1.9G        84M
Swap:         8.0G       102M       7.9G

             total       used       free     shared    buffers     cached
Mem:          2.0G       1.9G        71M       2.5M       2.3M        14M
-/+ buffers/cache:       1.9G        88M
Swap:         8.0G       102M       7.9G

             total       used       free     shared    buffers     cached
Mem:          2.0G       1.9G        75M       2.5M       752K       5.2M
-/+ buffers/cache:       1.9G        81M
Swap:         8.0G       114M       7.9G

             total       used       free     shared    buffers     cached
Mem:          2.0G       1.9G        70M       2.5M       736K       5.1M
-/+ buffers/cache:       1.9G        76M
Swap:         8.0G       125M       7.9G

             total       used       free     shared    buffers     cached
Mem:          2.0G       1.9G        66M       2.5M       728K       5.0M
-/+ buffers/cache:       1.9G        72M
Swap:         8.0G       145M       7.9G

             total       used       free     shared    buffers     cached
Mem:          2.0G       1.9G        75M       2.4M       704K       4.7M
-/+ buffers/cache:       1.9G        81M
Swap:         8.0G       167M       7.8G

             total       used       free     shared    buffers     cached
Mem:          2.0G       1.9G        64M       2.4M       712K       4.7M
-/+ buffers/cache:       1.9G        70M
Swap:         8.0G       167M       7.8G

             total       used       free     shared    buffers     cached
Mem:          2.0G       1.9G        76M       2.4M       664K       4.7M
-/+ buffers/cache:       1.9G        81M
Swap:         8.0G       194M       7.8G

             total       used       free     shared    buffers     cached
Mem:          2.0G       1.9G        83M       2.4M       640K       4.6M
-/+ buffers/cache:       1.9G        88M
Swap:         8.0G       221M       7.8G

             total       used       free     shared    buffers     cached
Mem:          2.0G       1.9G        67M       2.4M       640K       4.6M
-/+ buffers/cache:       1.9G        72M
Swap:         8.0G       221M       7.8G

             total       used       free     shared    buffers     cached
Mem:          2.0G       1.9G        74M       2.4M       620K       4.4M
-/+ buffers/cache:       1.9G        79M
Swap:         8.0G       248M       7.8G

             total       used       free     shared    buffers     cached
Mem:          2.0G       1.9G        74M       2.4M       628K       4.4M
-/+ buffers/cache:       1.9G        79M
Swap:         8.0G       248M       7.8G

             total       used       free     shared    buffers     cached
Mem:          2.0G       1.9G        67M       2.4M       628K       4.5M
-/+ buffers/cache:       1.9G        72M
Swap:         8.0G       248M       7.8G

             total       used       free     shared    buffers     cached
Mem:          2.0G       1.9G        83M       2.4M       612K       4.5M
-/+ buffers/cache:       1.9G        88M
Swap:         8.0G       281M       7.7G

             total       used       free     shared    buffers     cached
Mem:          2.0G       1.9G        84M       2.4M       612K       4.5M
-/+ buffers/cache:       1.9G        89M
Swap:         8.0G       281M       7.7G

             total       used       free     shared    buffers     cached
Mem:          2.0G       1.9G        70M       2.4M       612K       4.5M
-/+ buffers/cache:       1.9G        75M
Swap:         8.0G       281M       7.7G

             total       used       free     shared    buffers     cached
Mem:          2.0G       1.9G        76M       2.4M       208K       6.4M
-/+ buffers/cache:       1.9G        83M
Swap:         8.0G       307M       7.7G

             total       used       free     shared    buffers     cached
Mem:          2.0G       1.9G        78M       2.4M       348K       8.1M
-/+ buffers/cache:       1.9G        87M
Swap:         8.0G       329M       7.7G

             total       used       free     shared    buffers     cached
Mem:          2.0G       1.9G        68M       2.4M       348K       8.1M
-/+ buffers/cache:       1.9G        76M
Swap:         8.0G       329M       7.7G

             total       used       free     shared    buffers     cached
Mem:          2.0G       1.9G        80M       2.4M        80K       7.4M
-/+ buffers/cache:       1.9G        88M
Swap:         8.0G       329M       7.7G

             total       used       free     shared    buffers     cached
Mem:          2.0G       1.9G        73M       2.4M        84K       7.6M
-/+ buffers/cache:       1.9G        81M
Swap:         8.0G       329M       7.7G

             total       used       free     shared    buffers     cached
Mem:          2.0G       1.9G        72M       2.4M        84K       7.6M
-/+ buffers/cache:       1.9G        80M
Swap:         8.0G       329M       7.7G

             total       used       free     shared    buffers     cached
Mem:          2.0G       1.9G        72M       2.4M        92K       7.5M
-/+ buffers/cache:       1.9G        79M
Swap:         8.0G       328M       7.7G

             total       used       free     shared    buffers     cached
Mem:          2.0G       1.9G        71M       2.4M        92K       7.5M
-/+ buffers/cache:       1.9G        78M
Swap:         8.0G       328M       7.7G

             total       used       free     shared    buffers     cached
Mem:          2.0G       1.9G        70M       2.4M        92K       7.6M
-/+ buffers/cache:       1.9G        78M
Swap:         8.0G       327M       7.7G

             total       used       free     shared    buffers     cached
Mem:          2.0G       1.9G        69M       2.4M        92K       7.6M
-/+ buffers/cache:       1.9G        77M
Swap:         8.0G       327M       7.7G

             total       used       free     shared    buffers     cached
Mem:          2.0G       1.9G        69M       2.4M        92K       7.7M
-/+ buffers/cache:       1.9G        76M
Swap:         8.0G       327M       7.7G

             total       used       free     shared    buffers     cached
Mem:          2.0G       1.9G        68M       2.4M       100K       7.7M
-/+ buffers/cache:       1.9G        76M
Swap:         8.0G       326M       7.7G

             total       used       free     shared    buffers     cached
Mem:          2.0G       1.9G        67M       2.4M       108K       7.7M
-/+ buffers/cache:       1.9G        75M
Swap:         8.0G       326M       7.7G

             total       used       free     shared    buffers     cached
Mem:          2.0G       1.9G        66M       2.4M       108K       7.7M
-/+ buffers/cache:       1.9G        74M
Swap:         8.0G       326M       7.7G

             total       used       free     shared    buffers     cached
Mem:          2.0G       1.9G        66M       2.4M       108K       7.6M
-/+ buffers/cache:       1.9G        73M
Swap:         8.0G       325M       7.7G

             total       used       free     shared    buffers     cached
Mem:          2.0G       1.9G        65M       2.4M       108K       7.7M
-/+ buffers/cache:       1.9G        73M
Swap:         8.0G       325M       7.7G

             total       used       free     shared    buffers     cached
Mem:          2.0G       1.9G        90M       2.4M       120K       5.2M
-/+ buffers/cache:       1.9G        96M
Swap:         8.0G       351M       7.7G

             total       used       free     shared    buffers     cached
Mem:          2.0G       1.9G        89M       2.4M       128K       5.3M
-/+ buffers/cache:       1.9G        95M
Swap:         8.0G       350M       7.7G

             total       used       free     shared    buffers     cached
Mem:          2.0G       1.9G        88M       2.4M       128K       5.3M
-/+ buffers/cache:       1.9G        94M
Swap:         8.0G       350M       7.7G

             total       used       free     shared    buffers     cached
Mem:          2.0G       1.9G        88M       2.4M       128K       5.3M
-/+ buffers/cache:       1.9G        93M
Swap:         8.0G       350M       7.7G

             total       used       free     shared    buffers     cached
Mem:          2.0G       1.9G        87M       2.4M       128K       5.3M
-/+ buffers/cache:       1.9G        92M
Swap:         8.0G       349M       7.7G

             total       used       free     shared    buffers     cached
Mem:          2.0G       1.9G        86M       2.4M       128K       5.2M
-/+ buffers/cache:       1.9G        91M
Swap:         8.0G       348M       7.7G

             total       used       free     shared    buffers     cached
Mem:          2.0G       1.9G        85M       2.4M       140K       5.3M
-/+ buffers/cache:       1.9G        91M
Swap:         8.0G       348M       7.7G

             total       used       free     shared    buffers     cached
Mem:          2.0G       1.9G        84M       2.4M       140K       5.3M
-/+ buffers/cache:       1.9G        90M
Swap:         8.0G       348M       7.7G

             total       used       free     shared    buffers     cached
Mem:          2.0G       1.9G        83M       2.4M       140K       5.3M
-/+ buffers/cache:       1.9G        89M
Swap:         8.0G       347M       7.7G

             total       used       free     shared    buffers     cached
Mem:          2.0G       1.9G        83M       2.4M       140K       5.2M
-/+ buffers/cache:       1.9G        88M
Swap:         8.0G       347M       7.7G

             total       used       free     shared    buffers     cached
Mem:          2.0G       1.9G        82M       2.4M       140K       5.2M
-/+ buffers/cache:       1.9G        87M
Swap:         8.0G       346M       7.7G

             total       used       free     shared    buffers     cached
Mem:          2.0G       1.9G        81M       2.4M       148K       5.3M
-/+ buffers/cache:       1.9G        86M
Swap:         8.0G       346M       7.7G

             total       used       free     shared    buffers     cached
Mem:          2.0G       1.9G        78M       2.4M       532K       6.6M
-/+ buffers/cache:       1.9G        85M
Swap:         8.0G       345M       7.7G

             total       used       free     shared    buffers     cached
Mem:          2.0G       1.9G        82M       2.4M       228K        28M
-/+ buffers/cache:       1.8G       112M
Swap:         8.0G       385M       7.6G

             total       used       free     shared    buffers     cached
Mem:          2.0G       1.9G        82M       2.4M       240K        29M
-/+ buffers/cache:       1.8G       111M
Swap:         8.0G       385M       7.6G

             total       used       free     shared    buffers     cached
Mem:          2.0G       1.9G        80M       2.4M       240K        29M
-/+ buffers/cache:       1.8G       110M
Swap:         8.0G       384M       7.6G

             total       used       free     shared    buffers     cached
Mem:          2.0G       1.9G        79M       2.4M       244K        29M
-/+ buffers/cache:       1.8G       109M
Swap:         8.0G       383M       7.6G

             total       used       free     shared    buffers     cached
Mem:          2.0G       1.9G        78M       2.4M       244K        29M
-/+ buffers/cache:       1.8G       108M
Swap:         8.0G       383M       7.6G

             total       used       free     shared    buffers     cached
Mem:          2.0G       1.9G        77M       2.4M       252K        29M
-/+ buffers/cache:       1.8G       107M
Swap:         8.0G       382M       7.6G

             total       used       free     shared    buffers     cached
Mem:          2.0G       1.9G        77M       2.4M       252K        29M
-/+ buffers/cache:       1.8G       106M
Swap:         8.0G       382M       7.6G

             total       used       free     shared    buffers     cached
Mem:          2.0G       1.9G        76M       2.4M       252K        29M
-/+ buffers/cache:       1.9G       105M
Swap:         8.0G       381M       7.6G

             total       used       free     shared    buffers     cached
Mem:          2.0G       1.9G        75M       2.4M       252K        29M
-/+ buffers/cache:       1.9G       104M
Swap:         8.0G       381M       7.6G

             total       used       free     shared    buffers     cached
Mem:          2.0G       1.9G        74M       2.4M       252K        29M
-/+ buffers/cache:       1.9G       103M
Swap:         8.0G       380M       7.6G

             total       used       free     shared    buffers     cached
Mem:          2.0G       1.9G        73M       2.4M       252K        29M
-/+ buffers/cache:       1.9G       102M
Swap:         8.0G       380M       7.6G

             total       used       free     shared    buffers     cached
Mem:          2.0G       1.9G        66M       2.4M       260K        35M
-/+ buffers/cache:       1.9G       101M
Swap:         8.0G       379M       7.6G

             total       used       free     shared    buffers     cached
Mem:          2.0G       1.9G        64M       2.4M       576K        35M
-/+ buffers/cache:       1.9G       100M
Swap:         8.0G       378M       7.6G

             total       used       free     shared    buffers     cached
Mem:          2.0G       1.9G        80M       2.4M       576K        34M
-/+ buffers/cache:       1.8G       115M
Swap:         8.0G       396M       7.6G

             total       used       free     shared    buffers     cached
Mem:          2.0G       1.9G        79M       2.4M       576K        34M
-/+ buffers/cache:       1.8G       114M
Swap:         8.0G       396M       7.6G

             total       used       free     shared    buffers     cached
Mem:          2.0G       1.9G        79M       2.4M       576K        34M
-/+ buffers/cache:       1.8G       114M
Swap:         8.0G       396M       7.6G

             total       used       free     shared    buffers     cached
Mem:          2.0G       1.9G        78M       2.4M       584K        34M
-/+ buffers/cache:       1.8G       113M
Swap:         8.0G       395M       7.6G

             total       used       free     shared    buffers     cached
Mem:          2.0G       1.9G        78M       2.4M       584K        34M
-/+ buffers/cache:       1.8G       113M
Swap:         8.0G       395M       7.6G

             total       used       free     shared    buffers     cached
Mem:          2.0G       1.9G        77M       2.4M       584K        34M
-/+ buffers/cache:       1.8G       112M
Swap:         8.0G       395M       7.6G

             total       used       free     shared    buffers     cached
Mem:          2.0G       1.9G        76M       2.4M       584K        34M
-/+ buffers/cache:       1.8G       111M
Swap:         8.0G       394M       7.6G

             total       used       free     shared    buffers     cached
Mem:          2.0G       1.9G        76M       2.4M       584K        34M
-/+ buffers/cache:       1.8G       111M
Swap:         8.0G       394M       7.6G

             total       used       free     shared    buffers     cached
Mem:          2.0G       1.9G        75M       2.4M       584K        34M
-/+ buffers/cache:       1.8G       110M
Swap:         8.0G       393M       7.6G

             total       used       free     shared    buffers     cached
Mem:          2.0G       1.9G        75M       2.4M       592K        34M
-/+ buffers/cache:       1.8G       110M
Swap:         8.0G       393M       7.6G

             total       used       free     shared    buffers     cached
Mem:          2.0G       1.9G        74M       2.4M       592K        34M
-/+ buffers/cache:       1.8G       109M
Swap:         8.0G       393M       7.6G

             total       used       free     shared    buffers     cached
Mem:          2.0G       1.9G        73M       2.4M       592K        34M
-/+ buffers/cache:       1.8G       109M
Swap:         8.0G       393M       7.6G

             total       used       free     shared    buffers     cached
Mem:          2.0G       1.9G        73M       2.4M       592K        34M
-/+ buffers/cache:       1.8G       108M
Swap:         8.0G       392M       7.6G

             total       used       free     shared    buffers     cached
Mem:          2.0G       1.9G        73M       2.4M       592K        34M
-/+ buffers/cache:       1.8G       108M
Swap:         8.0G       392M       7.6G

             total       used       free     shared    buffers     cached
Mem:          2.0G       1.9G        72M       2.4M       600K        34M
-/+ buffers/cache:       1.8G       107M
Swap:         8.0G       392M       7.6G

             total       used       free     shared    buffers     cached
Mem:          2.0G       1.9G        71M       2.4M       600K        34M
-/+ buffers/cache:       1.8G       106M
Swap:         8.0G       391M       7.6G

             total       used       free     shared    buffers     cached
Mem:          2.0G       1.9G        71M       2.4M       600K        34M
-/+ buffers/cache:       1.8G       106M
Swap:         8.0G       391M       7.6G

             total       used       free     shared    buffers     cached
Mem:          2.0G       1.9G        70M       2.4M       600K        34M
-/+ buffers/cache:       1.9G       105M
Swap:         8.0G       390M       7.6G

             total       used       free     shared    buffers     cached
Mem:          2.0G       1.9G        70M       2.4M       600K        34M
-/+ buffers/cache:       1.9G       105M
Swap:         8.0G       390M       7.6G

             total       used       free     shared    buffers     cached
Mem:          2.0G       1.9G        69M       2.4M       600K        34M
-/+ buffers/cache:       1.9G       104M
Swap:         8.0G       390M       7.6G

             total       used       free     shared    buffers     cached
Mem:          2.0G       1.9G        68M       2.4M       608K        34M
-/+ buffers/cache:       1.9G       103M
Swap:         8.0G       389M       7.6G

             total       used       free     shared    buffers     cached
Mem:          2.0G       1.9G        68M       2.4M       608K        34M
-/+ buffers/cache:       1.9G       103M
Swap:         8.0G       389M       7.6G

             total       used       free     shared    buffers     cached
Mem:          2.0G       1.9G        67M       2.4M       608K        34M
-/+ buffers/cache:       1.9G       103M
Swap:         8.0G       389M       7.6G

             total       used       free     shared    buffers     cached
Mem:          2.0G       1.9G        67M       2.4M       608K        34M
-/+ buffers/cache:       1.9G       102M
Swap:         8.0G       388M       7.6G

             total       used       free     shared    buffers     cached
Mem:          2.0G       1.9G        66M       2.4M       608K        34M
-/+ buffers/cache:       1.9G       101M
Swap:         8.0G       388M       7.6G

             total       used       free     shared    buffers     cached
Mem:          2.0G       1.9G        66M       2.4M       616K        34M
-/+ buffers/cache:       1.9G       101M
Swap:         8.0G       387M       7.6G

             total       used       free     shared    buffers     cached
Mem:          2.0G       1.9G        65M       2.4M       616K        34M
-/+ buffers/cache:       1.9G       100M
Swap:         8.0G       387M       7.6G

             total       used       free     shared    buffers     cached
Mem:          2.0G       1.9G        65M       2.4M       616K        34M
-/+ buffers/cache:       1.9G       100M
Swap:         8.0G       387M       7.6G

             total       used       free     shared    buffers     cached
Mem:          2.0G       1.9G        76M       2.4M       600K        33M
-/+ buffers/cache:       1.8G       111M
Swap:         8.0G       395M       7.6G

             total       used       free     shared    buffers     cached
Mem:          2.0G       1.9G        76M       2.4M       600K        33M
-/+ buffers/cache:       1.8G       110M
Swap:         8.0G       394M       7.6G

             total       used       free     shared    buffers     cached
Mem:          2.0G       1.9G        76M       2.4M       600K        33M
-/+ buffers/cache:       1.8G       110M
Swap:         8.0G       394M       7.6G

             total       used       free     shared    buffers     cached
Mem:          2.0G       1.9G        75M       2.4M       608K        33M
-/+ buffers/cache:       1.8G       109M
Swap:         8.0G       394M       7.6G

             total       used       free     shared    buffers     cached
Mem:          2.0G       1.9G        75M       2.4M       608K        33M
-/+ buffers/cache:       1.8G       109M
Swap:         8.0G       393M       7.6G

             total       used       free     shared    buffers     cached
Mem:          2.0G       1.9G        74M       2.4M       608K        33M
-/+ buffers/cache:       1.8G       108M
Swap:         8.0G       393M       7.6G

             total       used       free     shared    buffers     cached
Mem:          2.0G       1.9G        73M       2.4M       608K        33M
-/+ buffers/cache:       1.8G       107M
Swap:         8.0G       393M       7.6G

             total       used       free     shared    buffers     cached
Mem:          2.0G       1.9G        73M       2.4M       608K        33M
-/+ buffers/cache:       1.8G       107M
Swap:         8.0G       392M       7.6G

             total       used       free     shared    buffers     cached
Mem:          2.0G       1.9G        72M       2.4M       616K        33M
-/+ buffers/cache:       1.8G       106M
Swap:         8.0G       392M       7.6G

             total       used       free     shared    buffers     cached
Mem:          2.0G       1.9G        72M       2.4M       616K        33M
-/+ buffers/cache:       1.8G       106M
Swap:         8.0G       391M       7.6G

             total       used       free     shared    buffers     cached
Mem:          2.0G       1.9G        71M       2.4M       616K        33M
-/+ buffers/cache:       1.9G       105M
Swap:         8.0G       391M       7.6G

             total       used       free     shared    buffers     cached
Mem:          2.0G       1.9G        70M       2.4M       616K        33M
-/+ buffers/cache:       1.9G       105M
Swap:         8.0G       391M       7.6G

             total       used       free     shared    buffers     cached
Mem:          2.0G       1.9G        70M       2.4M       616K        33M
-/+ buffers/cache:       1.9G       104M
Swap:         8.0G       390M       7.6G

             total       used       free     shared    buffers     cached
Mem:          2.0G       1.9G        69M       2.4M       616K        33M
-/+ buffers/cache:       1.9G       103M
Swap:         8.0G       390M       7.6G

             total       used       free     shared    buffers     cached
Mem:          2.0G       1.9G        69M       2.4M       624K        33M
-/+ buffers/cache:       1.9G       103M
Swap:         8.0G       390M       7.6G

             total       used       free     shared    buffers     cached
Mem:          2.0G       1.9G        68M       2.4M       624K        33M
-/+ buffers/cache:       1.9G       102M
Swap:         8.0G       389M       7.6G

             total       used       free     shared    buffers     cached
Mem:          2.0G       1.9G        68M       2.4M       624K        33M
-/+ buffers/cache:       1.9G       102M
Swap:         8.0G       389M       7.6G

             total       used       free     shared    buffers     cached
Mem:          2.0G       1.9G        67M       2.4M       624K        33M
-/+ buffers/cache:       1.9G       101M
Swap:         8.0G       388M       7.6G

             total       used       free     shared    buffers     cached
Mem:          2.0G       1.9G        66M       2.4M       624K        33M
-/+ buffers/cache:       1.9G       101M
Swap:         8.0G       388M       7.6G

             total       used       free     shared    buffers     cached
Mem:          2.0G       1.9G        66M       2.4M       632K        33M
-/+ buffers/cache:       1.9G       100M
Swap:         8.0G       388M       7.6G

             total       used       free     shared    buffers     cached
Mem:          2.0G       1.9G        65M       2.4M       632K        33M
-/+ buffers/cache:       1.9G        99M
Swap:         8.0G       387M       7.6G

             total       used       free     shared    buffers     cached
Mem:          2.0G       1.9G        65M       2.4M       632K        33M
-/+ buffers/cache:       1.9G        99M
Swap:         8.0G       387M       7.6G

             total       used       free     shared    buffers     cached
Mem:          2.0G       1.9G        80M       2.4M       632K        31M
-/+ buffers/cache:       1.8G       112M
Swap:         8.0G       406M       7.6G

             total       used       free     shared    buffers     cached
Mem:          2.0G       1.9G        80M       2.4M       632K        31M
-/+ buffers/cache:       1.8G       112M
Swap:         8.0G       405M       7.6G

             total       used       free     shared    buffers     cached
Mem:          2.0G       1.9G        79M       2.4M       632K        31M
-/+ buffers/cache:       1.8G       111M
Swap:         8.0G       405M       7.6G

             total       used       free     shared    buffers     cached
Mem:          2.0G       1.9G        78M       2.4M       640K        31M
-/+ buffers/cache:       1.8G       111M
Swap:         8.0G       405M       7.6G

             total       used       free     shared    buffers     cached
Mem:          2.0G       1.9G        72M       2.4M       2.2M        35M
-/+ buffers/cache:       1.8G       109M
Swap:         8.0G       404M       7.6G

             total       used       free     shared    buffers     cached
Mem:          2.0G       1.9G        93M       2.4M       2.5M        55M
-/+ buffers/cache:       1.8G       151M
Swap:         8.0G       453M       7.6G

             total       used       free     shared    buffers     cached
Mem:          2.0G       1.9G        99M       2.4M       2.6M        56M
-/+ buffers/cache:       1.8G       158M
Swap:         8.0G       453M       7.6G

             total       used       free     shared    buffers     cached
Mem:          2.0G       1.9G        98M       2.4M       2.6M        57M
-/+ buffers/cache:       1.8G       157M
Swap:         8.0G       452M       7.6G

             total       used       free     shared    buffers     cached
Mem:          2.0G       1.9G        78M       2.4M       2.6M        74M
-/+ buffers/cache:       1.8G       155M
Swap:         8.0G       451M       7.6G

             total       used       free     shared    buffers     cached
Mem:          2.0G       1.9G        74M       2.4M       2.6M        75M
-/+ buffers/cache:       1.8G       152M
Swap:         8.0G       449M       7.6G

             total       used       free     shared    buffers     cached
Mem:          2.0G       1.9G        70M       2.4M       2.6M        77M
-/+ buffers/cache:       1.8G       150M
Swap:         8.0G       448M       7.6G

             total       used       free     shared    buffers     cached
Mem:          2.0G       1.9G        66M       2.4M       2.6M        78M
-/+ buffers/cache:       1.8G       147M
Swap:         8.0G       447M       7.6G

             total       used       free     shared    buffers     cached
Mem:          2.0G       1.9G        66M       2.4M       2.6M        78M
-/+ buffers/cache:       1.8G       147M
Swap:         8.0G       446M       7.6G

             total       used       free     shared    buffers     cached
Mem:          2.0G       1.9G        65M       2.4M       2.6M        78M
-/+ buffers/cache:       1.8G       146M
Swap:         8.0G       446M       7.6G

             total       used       free     shared    buffers     cached
Mem:          2.0G       1.9G        65M       2.4M       2.6M        78M
-/+ buffers/cache:       1.8G       146M
Swap:         8.0G       446M       7.6G

             total       used       free     shared    buffers     cached
Mem:          2.0G       1.9G        64M       2.4M       2.6M        78M
-/+ buffers/cache:       1.8G       145M
Swap:         8.0G       446M       7.6G

             total       used       free     shared    buffers     cached
Mem:          2.0G       1.9G        79M       2.4M       420K        74M
-/+ buffers/cache:       1.8G       154M
Swap:         8.0G       449M       7.6G

             total       used       free     shared    buffers     cached
Mem:          2.0G       1.9G        78M       2.4M       420K        74M
-/+ buffers/cache:       1.8G       154M
Swap:         8.0G       448M       7.6G

             total       used       free     shared    buffers     cached
Mem:          2.0G       1.9G        78M       2.4M       420K        74M
-/+ buffers/cache:       1.8G       153M
Swap:         8.0G       448M       7.6G

             total       used       free     shared    buffers     cached
Mem:          2.0G       1.9G        77M       2.4M       428K        74M
-/+ buffers/cache:       1.8G       153M
Swap:         8.0G       448M       7.6G

             total       used       free     shared    buffers     cached
Mem:          2.0G       1.9G        77M       2.4M       428K        74M
-/+ buffers/cache:       1.8G       152M
Swap:         8.0G       448M       7.6G

             total       used       free     shared    buffers     cached
Mem:          2.0G       1.9G        70M       2.4M       876K        75M
-/+ buffers/cache:       1.8G       147M
Swap:         8.0G       447M       7.6G

             total       used       free     shared    buffers     cached
Mem:          2.0G       1.9G        75M       6.1M       5.2M        68M
-/+ buffers/cache:       1.8G       149M
Swap:         8.0G       470M       7.5G

             total       used       free     shared    buffers     cached
Mem:          2.0G       1.9G        70M       2.5M       5.5M        71M
-/+ buffers/cache:       1.8G       147M
Swap:         8.0G       472M       7.5G

             total       used       free     shared    buffers     cached
Mem:          2.0G       1.9G        65M       2.5M       5.5M        72M
-/+ buffers/cache:       1.8G       143M
Swap:         8.0G       470M       7.5G

             total       used       free     shared    buffers     cached
Mem:          2.0G       1.9G        65M       2.5M       5.5M        72M
-/+ buffers/cache:       1.8G       142M
Swap:         8.0G       470M       7.5G

             total       used       free     shared    buffers     cached
Mem:          2.0G       1.9G        77M       2.5M       5.1M        63M
-/+ buffers/cache:       1.8G       146M
Swap:         8.0G       473M       7.5G

             total       used       free     shared    buffers     cached
Mem:          2.0G       1.9G        76M       2.5M       5.1M        63M
-/+ buffers/cache:       1.8G       145M
Swap:         8.0G       472M       7.5G

             total       used       free     shared    buffers     cached
Mem:          2.0G       1.9G        75M       2.5M       5.1M        63M
-/+ buffers/cache:       1.8G       144M
Swap:         8.0G       472M       7.5G

             total       used       free     shared    buffers     cached
Mem:          2.0G       1.9G        73M       2.5M       5.2M        64M
-/+ buffers/cache:       1.8G       143M
Swap:         8.0G       471M       7.5G

             total       used       free     shared    buffers     cached
Mem:          2.0G       1.9G        72M       2.5M       5.2M        64M
-/+ buffers/cache:       1.8G       142M
Swap:         8.0G       471M       7.5G

             total       used       free     shared    buffers     cached
Mem:          2.0G       1.9G        71M       2.5M       5.2M        64M
-/+ buffers/cache:       1.8G       141M
Swap:         8.0G       470M       7.5G

             total       used       free     shared    buffers     cached
Mem:          2.0G       1.9G        70M       2.5M       5.2M        64M
-/+ buffers/cache:       1.8G       140M
Swap:         8.0G       470M       7.5G

             total       used       free     shared    buffers     cached
Mem:          2.0G       1.9G        69M       2.5M       5.2M        64M
-/+ buffers/cache:       1.8G       139M
Swap:         8.0G       469M       7.5G

             total       used       free     shared    buffers     cached
Mem:          2.0G       1.9G        68M       2.5M       5.2M        64M
-/+ buffers/cache:       1.8G       138M
Swap:         8.0G       469M       7.5G

             total       used       free     shared    buffers     cached
Mem:          2.0G       1.9G        68M       2.5M       5.2M        64M
-/+ buffers/cache:       1.8G       137M
Swap:         8.0G       468M       7.5G

             total       used       free     shared    buffers     cached
Mem:          2.0G       1.9G        67M       2.5M       5.2M        64M
-/+ buffers/cache:       1.8G       137M
Swap:         8.0G       468M       7.5G

             total       used       free     shared    buffers     cached
Mem:          2.0G       1.9G        66M       2.5M       5.2M        64M
-/+ buffers/cache:       1.8G       136M
Swap:         8.0G       467M       7.5G

             total       used       free     shared    buffers     cached
Mem:          2.0G       1.9G        65M       2.5M       5.2M        64M
-/+ buffers/cache:       1.8G       135M
Swap:         8.0G       467M       7.5G

             total       used       free     shared    buffers     cached
Mem:          2.0G       1.9G        83M       2.5M       5.2M        61M
-/+ buffers/cache:       1.8G       149M
Swap:         8.0G       487M       7.5G

             total       used       free     shared    buffers     cached
Mem:          2.0G       1.9G        82M       2.5M       5.2M        61M
-/+ buffers/cache:       1.8G       149M
Swap:         8.0G       487M       7.5G

             total       used       free     shared    buffers     cached
Mem:          2.0G       1.9G        82M       2.5M       5.2M        61M
-/+ buffers/cache:       1.8G       148M
Swap:         8.0G       486M       7.5G

             total       used       free     shared    buffers     cached
Mem:          2.0G       1.9G        81M       2.5M       5.2M        61M
-/+ buffers/cache:       1.8G       147M
Swap:         8.0G       486M       7.5G

             total       used       free     shared    buffers     cached
Mem:          2.0G       1.9G        80M       2.5M       5.2M        61M
-/+ buffers/cache:       1.8G       146M
Swap:         8.0G       485M       7.5G

             total       used       free     shared    buffers     cached
Mem:          2.0G       1.9G        79M       2.5M       5.2M        61M
-/+ buffers/cache:       1.8G       145M
Swap:         8.0G       485M       7.5G

             total       used       free     shared    buffers     cached
Mem:          2.0G       1.9G        78M       2.5M       5.2M        61M
-/+ buffers/cache:       1.8G       144M
Swap:         8.0G       484M       7.5G

             total       used       free     shared    buffers     cached
Mem:          2.0G       1.9G        77M       2.5M       5.2M        61M
-/+ buffers/cache:       1.8G       143M
Swap:         8.0G       484M       7.5G

             total       used       free     shared    buffers     cached
Mem:          2.0G       1.9G        75M       2.5M       5.2M        61M
-/+ buffers/cache:       1.8G       142M
Swap:         8.0G       483M       7.5G

             total       used       free     shared    buffers     cached
Mem:          2.0G       1.9G        75M       2.5M       5.2M        61M
-/+ buffers/cache:       1.8G       141M
Swap:         8.0G       483M       7.5G

             total       used       free     shared    buffers     cached
Mem:          2.0G       1.9G        74M       2.5M       5.2M        61M
-/+ buffers/cache:       1.8G       140M
Swap:         8.0G       482M       7.5G

             total       used       free     shared    buffers     cached
Mem:          2.0G       1.9G        73M       2.5M       5.2M        61M
-/+ buffers/cache:       1.8G       139M
Swap:         8.0G       482M       7.5G

             total       used       free     shared    buffers     cached
Mem:          2.0G       1.9G        72M       2.5M       5.2M        61M
-/+ buffers/cache:       1.8G       138M
Swap:         8.0G       481M       7.5G

             total       used       free     shared    buffers     cached
Mem:          2.0G       1.9G        71M       2.5M       5.2M        61M
-/+ buffers/cache:       1.8G       137M
Swap:         8.0G       481M       7.5G

             total       used       free     shared    buffers     cached
Mem:          2.0G       1.9G        70M       2.5M       5.2M        61M
-/+ buffers/cache:       1.8G       137M
Swap:         8.0G       480M       7.5G

             total       used       free     shared    buffers     cached
Mem:          2.0G       1.9G        83M       2.5M       7.2M        69M
-/+ buffers/cache:       1.8G       160M
Swap:         8.0G       507M       7.5G
