             total       used       free     shared    buffers     cached
Mem:          992M       657M       334M       3.2M        38M       289M
-/+ buffers/cache:       329M       662M
Swap:         8.0G         0B       8.0G

             total       used       free     shared    buffers     cached
Mem:          992M       656M       335M       1.4M        38M       287M
-/+ buffers/cache:       330M       661M
Swap:         8.0G         0B       8.0G

             total       used       free     shared    buffers     cached
Mem:          992M       656M       335M       1.4M        38M       287M
-/+ buffers/cache:       330M       662M
Swap:         8.0G         0B       8.0G

             total       used       free     shared    buffers     cached
Mem:          992M       656M       335M       1.4M        38M       287M
-/+ buffers/cache:       330M       662M
Swap:         8.0G         0B       8.0G

             total       used       free     shared    buffers     cached
Mem:          992M       656M       335M       1.4M        38M       287M
-/+ buffers/cache:       330M       662M
Swap:         8.0G         0B       8.0G

             total       used       free     shared    buffers     cached
Mem:          992M       656M       335M       1.4M        38M       287M
-/+ buffers/cache:       330M       662M
Swap:         8.0G         0B       8.0G

             total       used       free     shared    buffers     cached
Mem:          992M       656M       336M       1.4M        38M       287M
-/+ buffers/cache:       329M       662M
Swap:         8.0G         0B       8.0G

             total       used       free     shared    buffers     cached
Mem:          992M       656M       335M       1.4M        38M       288M
-/+ buffers/cache:       329M       662M
Swap:         8.0G         0B       8.0G

             total       used       free     shared    buffers     cached
Mem:          992M       656M       336M       1.4M        38M       288M
-/+ buffers/cache:       329M       662M
Swap:         8.0G         0B       8.0G

             total       used       free     shared    buffers     cached
Mem:          992M       659M       332M       1.4M        38M       288M
-/+ buffers/cache:       332M       659M
Swap:         8.0G         0B       8.0G

             total       used       free     shared    buffers     cached
Mem:          992M       684M       307M       1.4M        38M       288M
-/+ buffers/cache:       357M       634M
Swap:         8.0G         0B       8.0G

             total       used       free     shared    buffers     cached
Mem:          992M       664M       327M       1.4M        38M       289M
-/+ buffers/cache:       336M       655M
Swap:         8.0G         0B       8.0G

             total       used       free     shared    buffers     cached
Mem:          992M       664M       327M       1.4M        38M       289M
-/+ buffers/cache:       336M       655M
Swap:         8.0G         0B       8.0G

             total       used       free     shared    buffers     cached
Mem:          992M       665M       326M       1.4M        38M       289M
-/+ buffers/cache:       337M       654M
Swap:         8.0G         0B       8.0G

             total       used       free     shared    buffers     cached
Mem:          992M       665M       326M       1.4M        38M       289M
-/+ buffers/cache:       337M       654M
Swap:         8.0G         0B       8.0G

             total       used       free     shared    buffers     cached
Mem:          992M       665M       326M       1.4M        38M       289M
-/+ buffers/cache:       337M       654M
Swap:         8.0G         0B       8.0G

             total       used       free     shared    buffers     cached
Mem:          992M       665M       326M       1.4M        38M       289M
-/+ buffers/cache:       337M       654M
Swap:         8.0G         0B       8.0G

             total       used       free     shared    buffers     cached
Mem:          992M       665M       326M       1.4M        38M       289M
-/+ buffers/cache:       337M       654M
Swap:         8.0G         0B       8.0G

             total       used       free     shared    buffers     cached
Mem:          992M       665M       326M       1.4M        38M       289M
-/+ buffers/cache:       337M       654M
Swap:         8.0G         0B       8.0G

             total       used       free     shared    buffers     cached
Mem:          992M       665M       326M       1.4M        38M       289M
-/+ buffers/cache:       337M       654M
Swap:         8.0G         0B       8.0G

             total       used       free     shared    buffers     cached
Mem:          992M       665M       326M       1.4M        38M       289M
-/+ buffers/cache:       337M       654M
Swap:         8.0G         0B       8.0G

             total       used       free     shared    buffers     cached
Mem:          992M       666M       326M       1.4M        38M       289M
-/+ buffers/cache:       337M       654M
Swap:         8.0G         0B       8.0G

             total       used       free     shared    buffers     cached
Mem:          992M       666M       326M       1.4M        38M       289M
-/+ buffers/cache:       337M       654M
Swap:         8.0G         0B       8.0G

             total       used       free     shared    buffers     cached
Mem:          992M       666M       326M       1.4M        38M       289M
-/+ buffers/cache:       337M       654M
Swap:         8.0G         0B       8.0G

             total       used       free     shared    buffers     cached
Mem:          992M       666M       326M       1.4M        38M       289M
-/+ buffers/cache:       337M       654M
Swap:         8.0G         0B       8.0G

             total       used       free     shared    buffers     cached
Mem:          992M       666M       326M       1.4M        38M       289M
-/+ buffers/cache:       337M       654M
Swap:         8.0G         0B       8.0G

             total       used       free     shared    buffers     cached
Mem:          992M       665M       326M       1.4M        38M       289M
-/+ buffers/cache:       337M       654M
Swap:         8.0G         0B       8.0G

             total       used       free     shared    buffers     cached
Mem:          992M       665M       326M       1.4M        38M       289M
-/+ buffers/cache:       337M       654M
Swap:         8.0G         0B       8.0G

             total       used       free     shared    buffers     cached
Mem:          992M       665M       326M       1.4M        38M       289M
-/+ buffers/cache:       337M       654M
Swap:         8.0G         0B       8.0G

             total       used       free     shared    buffers     cached
Mem:          992M       665M       326M       1.4M        38M       289M
-/+ buffers/cache:       337M       654M
Swap:         8.0G         0B       8.0G

             total       used       free     shared    buffers     cached
Mem:          992M       665M       326M       1.4M        38M       289M
-/+ buffers/cache:       337M       654M
Swap:         8.0G         0B       8.0G

             total       used       free     shared    buffers     cached
Mem:          992M       665M       326M       1.4M        38M       289M
-/+ buffers/cache:       337M       654M
Swap:         8.0G         0B       8.0G

             total       used       free     shared    buffers     cached
Mem:          992M       665M       326M       1.4M        38M       289M
-/+ buffers/cache:       337M       654M
Swap:         8.0G         0B       8.0G

             total       used       free     shared    buffers     cached
Mem:          992M       674M       318M       1.4M        38M       289M
-/+ buffers/cache:       345M       646M
Swap:         8.0G         0B       8.0G

             total       used       free     shared    buffers     cached
Mem:          992M       695M       296M       1.4M        38M       289M
-/+ buffers/cache:       367M       624M
Swap:         8.0G         0B       8.0G

             total       used       free     shared    buffers     cached
Mem:          992M       715M       276M       1.4M        38M       289M
-/+ buffers/cache:       387M       604M
Swap:         8.0G         0B       8.0G

             total       used       free     shared    buffers     cached
Mem:          992M       736M       255M       1.4M        38M       289M
-/+ buffers/cache:       407M       584M
Swap:         8.0G         0B       8.0G

             total       used       free     shared    buffers     cached
Mem:          992M       758M       233M       1.4M        38M       289M
-/+ buffers/cache:       429M       562M
Swap:         8.0G         0B       8.0G

             total       used       free     shared    buffers     cached
Mem:          992M       777M       214M       1.4M        38M       289M
-/+ buffers/cache:       448M       543M
Swap:         8.0G         0B       8.0G

             total       used       free     shared    buffers     cached
Mem:          992M       793M       198M       1.4M        38M       289M
-/+ buffers/cache:       465M       526M
Swap:         8.0G         0B       8.0G

             total       used       free     shared    buffers     cached
Mem:          992M       813M       178M       1.4M        38M       289M
-/+ buffers/cache:       485M       506M
Swap:         8.0G         0B       8.0G

             total       used       free     shared    buffers     cached
Mem:          992M       832M       159M       1.4M        38M       289M
-/+ buffers/cache:       504M       487M
Swap:         8.0G         0B       8.0G

             total       used       free     shared    buffers     cached
Mem:          992M       852M       140M       1.4M        38M       289M
-/+ buffers/cache:       523M       468M
Swap:         8.0G         0B       8.0G

             total       used       free     shared    buffers     cached
Mem:          992M       872M       120M       1.4M        38M       289M
-/+ buffers/cache:       543M       448M
Swap:         8.0G         0B       8.0G

             total       used       free     shared    buffers     cached
Mem:          992M       891M       100M       1.4M        38M       289M
-/+ buffers/cache:       563M       429M
Swap:         8.0G         0B       8.0G

             total       used       free     shared    buffers     cached
Mem:          992M       909M        83M       1.4M        38M       289M
-/+ buffers/cache:       580M       411M
Swap:         8.0G         0B       8.0G

             total       used       free     shared    buffers     cached
Mem:          992M       930M        62M       1.4M        38M       289M
-/+ buffers/cache:       601M       390M
Swap:         8.0G         0B       8.0G

             total       used       free     shared    buffers     cached
Mem:          992M       925M        66M       1.4M        17M       288M
-/+ buffers/cache:       620M       371M
Swap:         8.0G         0B       8.0G

             total       used       free     shared    buffers     cached
Mem:          992M       926M        66M       1.4M        10M       279M
-/+ buffers/cache:       636M       355M
Swap:         8.0G         0B       8.0G

             total       used       free     shared    buffers     cached
Mem:          992M       927M        64M       1.4M       9.7M       263M
-/+ buffers/cache:       654M       337M
Swap:         8.0G       120K       8.0G

             total       used       free     shared    buffers     cached
Mem:          992M       928M        63M       1.3M       9.7M       244M
-/+ buffers/cache:       673M       318M
Swap:         8.0G       352K       8.0G

             total       used       free     shared    buffers     cached
Mem:          992M       932M        59M       1.2M       9.8M       232M
-/+ buffers/cache:       690M       302M
Swap:         8.0G       4.7M       8.0G

             total       used       free     shared    buffers     cached
Mem:          992M       917M        75M       1.1M       9.1M       205M
-/+ buffers/cache:       702M       290M
Swap:         8.0G       8.9M       8.0G

             total       used       free     shared    buffers     cached
Mem:          992M       922M        70M       1.1M       2.8M       199M
-/+ buffers/cache:       720M       272M
Swap:         8.0G       8.9M       8.0G

             total       used       free     shared    buffers     cached
Mem:          992M       922M        69M       1.1M       784K       181M
-/+ buffers/cache:       739M       252M
Swap:         8.0G       8.9M       8.0G

             total       used       free     shared    buffers     cached
Mem:          992M       921M        70M       1.1M       188K       162M
-/+ buffers/cache:       758M       233M
Swap:         8.0G       8.9M       8.0G

             total       used       free     shared    buffers     cached
Mem:          992M       918M        73M       1.1M       196K       143M
-/+ buffers/cache:       775M       216M
Swap:         8.0G       8.9M       8.0G

             total       used       free     shared    buffers     cached
Mem:          992M       930M        61M       1.1M       200K       143M
-/+ buffers/cache:       787M       204M
Swap:         8.0G       8.9M       8.0G

             total       used       free     shared    buffers     cached
Mem:          992M       930M        61M       1.1M        92K       126M
-/+ buffers/cache:       804M       188M
Swap:         8.0G       8.9M       8.0G

             total       used       free     shared    buffers     cached
Mem:          992M       932M        59M       1.1M        92K       111M
-/+ buffers/cache:       821M       171M
Swap:         8.0G       8.9M       8.0G

             total       used       free     shared    buffers     cached
Mem:          992M       921M        70M       1.1M        92K        86M
-/+ buffers/cache:       835M       156M
Swap:         8.0G       8.9M       8.0G

             total       used       free     shared    buffers     cached
Mem:          992M       924M        67M       1.1M       100K        71M
-/+ buffers/cache:       852M       139M
Swap:         8.0G       8.9M       8.0G

             total       used       free     shared    buffers     cached
Mem:          992M       925M        66M       1.1M       260K        56M
-/+ buffers/cache:       869M       122M
Swap:         8.0G       8.9M       8.0G

             total       used       free     shared    buffers     cached
Mem:          992M       928M        63M       1.1M       268K        43M
-/+ buffers/cache:       884M       107M
Swap:         8.0G       8.9M       8.0G

             total       used       free     shared    buffers     cached
Mem:          992M       927M        64M       1.1M       268K        25M
-/+ buffers/cache:       901M        91M
Swap:         8.0G       8.9M       8.0G

             total       used       free     shared    buffers     cached
Mem:          992M       921M        71M       1.1M       268K       6.1M
-/+ buffers/cache:       914M        77M
Swap:         8.0G        10M       8.0G

             total       used       free     shared    buffers     cached
Mem:          992M       920M        71M       676K       540K       5.0M
-/+ buffers/cache:       914M        77M
Swap:         8.0G        37M       8.0G

             total       used       free     shared    buffers     cached
Mem:          992M       922M        69M       688K       548K       4.6M
-/+ buffers/cache:       917M        74M
Swap:         8.0G        47M       8.0G

             total       used       free     shared    buffers     cached
Mem:          992M       912M        79M       632K       464K       5.3M
-/+ buffers/cache:       907M        84M
Swap:         8.0G       120M       7.9G

             total       used       free     shared    buffers     cached
Mem:          992M       898M        94M       652K       2.6M        15M
-/+ buffers/cache:       880M       111M
Swap:         8.0G       119M       7.9G

             total       used       free     shared    buffers     cached
Mem:          992M       915M        76M       652K       2.6M        15M
-/+ buffers/cache:       897M        94M
Swap:         8.0G       119M       7.9G

             total       used       free     shared    buffers     cached
Mem:          992M       920M        71M       600K       852K        28M
-/+ buffers/cache:       891M       100M
Swap:         8.0G       149M       7.9G

             total       used       free     shared    buffers     cached
Mem:          992M       918M        73M       596K       868K        27M
-/+ buffers/cache:       890M       102M
Swap:         8.0G       165M       7.8G

             total       used       free     shared    buffers     cached
Mem:          992M       923M        68M       576K       1.9M        29M
-/+ buffers/cache:       892M        99M
Swap:         8.0G       183M       7.8G

             total       used       free     shared    buffers     cached
Mem:          992M       925M        66M       576K       1.6M        29M
-/+ buffers/cache:       895M        96M
Swap:         8.0G       183M       7.8G

             total       used       free     shared    buffers     cached
Mem:          992M       927M        64M       576K       1.6M        27M
-/+ buffers/cache:       898M        93M
Swap:         8.0G       211M       7.8G

             total       used       free     shared    buffers     cached
Mem:          992M       929M        62M       572K       1.6M        26M
-/+ buffers/cache:       901M        90M
Swap:         8.0G       211M       7.8G

             total       used       free     shared    buffers     cached
Mem:          992M       927M        65M       548K       1.2M        22M
-/+ buffers/cache:       903M        89M
Swap:         8.0G       232M       7.8G

             total       used       free     shared    buffers     cached
Mem:          992M       922M        69M       548K       1.2M        13M
-/+ buffers/cache:       908M        83M
Swap:         8.0G       234M       7.8G

             total       used       free     shared    buffers     cached
Mem:          992M       922M        69M       548K       240K       3.4M
-/+ buffers/cache:       919M        72M
Swap:         8.0G       239M       7.8G

             total       used       free     shared    buffers     cached
Mem:          992M       916M        76M       548K       228K       2.4M
-/+ buffers/cache:       913M        78M
Swap:         8.0G       256M       7.7G

             total       used       free     shared    buffers     cached
Mem:          992M       923M        68M       548K       232K       2.4M
-/+ buffers/cache:       921M        70M
Swap:         8.0G       256M       7.7G

             total       used       free     shared    buffers     cached
Mem:          992M       916M        75M       548K       496K       2.2M
-/+ buffers/cache:       913M        78M
Swap:         8.0G       273M       7.7G

             total       used       free     shared    buffers     cached
Mem:          992M       919M        72M       548K       504K       2.4M
-/+ buffers/cache:       916M        75M
Swap:         8.0G       273M       7.7G

             total       used       free     shared    buffers     cached
Mem:          992M       925M        66M       548K       504K       2.6M
-/+ buffers/cache:       922M        69M
Swap:         8.0G       273M       7.7G

             total       used       free     shared    buffers     cached
Mem:          992M       915M        76M       548K       472K       2.4M
-/+ buffers/cache:       912M        79M
Swap:         8.0G       289M       7.7G

             total       used       free     shared    buffers     cached
Mem:          992M       920M        71M       548K       472K       2.3M
-/+ buffers/cache:       917M        74M
Swap:         8.0G       289M       7.7G

             total       used       free     shared    buffers     cached
Mem:          992M       925M        66M       548K       472K       2.3M
-/+ buffers/cache:       922M        69M
Swap:         8.0G       289M       7.7G

             total       used       free     shared    buffers     cached
Mem:          992M       930M        61M       548K       480K       2.3M
-/+ buffers/cache:       927M        64M
Swap:         8.0G       289M       7.7G

             total       used       free     shared    buffers     cached
Mem:          992M       920M        71M       544K       456K       2.2M
-/+ buffers/cache:       917M        74M
Swap:         8.0G       311M       7.7G

             total       used       free     shared    buffers     cached
Mem:          992M       924M        67M       544K       456K       2.2M
-/+ buffers/cache:       921M        70M
Swap:         8.0G       311M       7.7G

             total       used       free     shared    buffers     cached
Mem:          992M       929M        62M       544K       456K       2.2M
-/+ buffers/cache:       926M        65M
Swap:         8.0G       311M       7.7G

             total       used       free     shared    buffers     cached
Mem:          992M       918M        73M       492K       404K       2.1M
-/+ buffers/cache:       916M        75M
Swap:         8.0G       319M       7.7G

             total       used       free     shared    buffers     cached
Mem:          992M       923M        68M       464K       412K       2.1M
-/+ buffers/cache:       920M        71M
Swap:         8.0G       319M       7.7G

             total       used       free     shared    buffers     cached
Mem:          992M       927M        64M       464K       412K       2.1M
-/+ buffers/cache:       924M        67M
Swap:         8.0G       319M       7.7G

             total       used       free     shared    buffers     cached
Mem:          992M       920M        71M         0B       412K       1.7M
-/+ buffers/cache:       918M        73M
Swap:         8.0G       335M       7.7G

             total       used       free     shared    buffers     cached
Mem:          992M       924M        67M         8K       412K       1.7M
-/+ buffers/cache:       922M        69M
Swap:         8.0G       335M       7.7G

             total       used       free     shared    buffers     cached
Mem:          992M       920M        71M         8K       324K       1.7M
-/+ buffers/cache:       918M        73M
Swap:         8.0G       332M       7.7G

             total       used       free     shared    buffers     cached
Mem:          992M       922M        69M         8K       324K       1.6M
-/+ buffers/cache:       920M        71M
Swap:         8.0G       323M       7.7G

             total       used       free     shared    buffers     cached
Mem:          992M       902M        89M         0B       144K       1.6M
-/+ buffers/cache:       900M        91M
Swap:         8.0G       414M       7.6G

             total       used       free     shared    buffers     cached
Mem:          992M       917M        74M         0B       144K       1.5M
-/+ buffers/cache:       915M        76M
Swap:         8.0G       389M       7.6G

             total       used       free     shared    buffers     cached
Mem:          992M       924M        67M         0B       124K       1.5M
-/+ buffers/cache:       922M        69M
Swap:         8.0G       323M       7.7G

             total       used       free     shared    buffers     cached
Mem:          992M       922M        69M         0B        76K       1.5M
-/+ buffers/cache:       920M        71M
Swap:         8.0G       321M       7.7G

             total       used       free     shared    buffers     cached
Mem:          992M       920M        71M         0B        76K       1.3M
-/+ buffers/cache:       919M        72M
Swap:         8.0G       326M       7.7G

             total       used       free     shared    buffers     cached
Mem:          992M       927M        65M         0B        84K       1.3M
-/+ buffers/cache:       925M        66M
Swap:         8.0G       316M       7.7G

             total       used       free     shared    buffers     cached
Mem:          992M       919M        72M         0B        84K       1.3M
-/+ buffers/cache:       918M        73M
Swap:         8.0G       329M       7.7G

             total       used       free     shared    buffers     cached
Mem:          992M       923M        69M         0B        92K       1.2M
-/+ buffers/cache:       921M        70M
Swap:         8.0G       330M       7.7G

             total       used       free     shared    buffers     cached
Mem:          992M       918M        73M         0B        76K       1.7M
-/+ buffers/cache:       916M        75M
Swap:         8.0G       339M       7.7G

             total       used       free     shared    buffers     cached
Mem:          992M       924M        67M         0B        76K       1.7M
-/+ buffers/cache:       922M        69M
Swap:         8.0G       337M       7.7G

             total       used       free     shared    buffers     cached
Mem:          992M       926M        65M         0B        84K       1.7M
-/+ buffers/cache:       925M        67M
Swap:         8.0G       340M       7.7G

             total       used       free     shared    buffers     cached
Mem:          992M       925M        66M         0B        80K       1.7M
-/+ buffers/cache:       923M        68M
Swap:         8.0G       352M       7.7G

             total       used       free     shared    buffers     cached
Mem:          992M       915M        76M         0B        80K       1.7M
-/+ buffers/cache:       914M        78M
Swap:         8.0G       370M       7.6G

             total       used       free     shared    buffers     cached
Mem:          992M       922M        69M         0B        80K       1.7M
-/+ buffers/cache:       920M        71M
Swap:         8.0G       370M       7.6G

             total       used       free     shared    buffers     cached
Mem:          992M       928M        63M         0B        80K       1.7M
-/+ buffers/cache:       927M        65M
Swap:         8.0G       370M       7.6G

             total       used       free     shared    buffers     cached
Mem:          992M       921M        70M         0B        80K       1.7M
-/+ buffers/cache:       919M        72M
Swap:         8.0G       375M       7.6G

             total       used       free     shared    buffers     cached
Mem:          992M       923M        68M         0B        88K       1.7M
-/+ buffers/cache:       921M        70M
Swap:         8.0G       374M       7.6G

             total       used       free     shared    buffers     cached
Mem:          992M       925M        66M         0B        88K       1.7M
-/+ buffers/cache:       923M        68M
Swap:         8.0G       374M       7.6G

             total       used       free     shared    buffers     cached
Mem:          992M       927M        64M         0B        88K       1.7M
-/+ buffers/cache:       925M        66M
Swap:         8.0G       373M       7.6G

             total       used       free     shared    buffers     cached
Mem:          992M       929M        62M         0B        88K       1.7M
-/+ buffers/cache:       928M        64M
Swap:         8.0G       372M       7.6G

             total       used       free     shared    buffers     cached
Mem:          992M       918M        73M         0B        88K       1.7M
-/+ buffers/cache:       917M        75M
Swap:         8.0G       380M       7.6G

             total       used       free     shared    buffers     cached
Mem:          992M       921M        71M         0B        96K       1.7M
-/+ buffers/cache:       919M        72M
Swap:         8.0G       379M       7.6G

             total       used       free     shared    buffers     cached
Mem:          992M       923M        68M         0B        96K       1.7M
-/+ buffers/cache:       921M        70M
Swap:         8.0G       378M       7.6G

             total       used       free     shared    buffers     cached
Mem:          992M       925M        66M         0B        96K       1.7M
-/+ buffers/cache:       923M        68M
Swap:         8.0G       377M       7.6G

             total       used       free     shared    buffers     cached
Mem:          992M       927M        64M         0B        96K       1.6M
-/+ buffers/cache:       925M        66M
Swap:         8.0G       376M       7.6G

             total       used       free     shared    buffers     cached
Mem:          992M       930M        62M         0B        96K       1.7M
-/+ buffers/cache:       928M        63M
Swap:         8.0G       375M       7.6G

             total       used       free     shared    buffers     cached
Mem:          992M       915M        76M         0B       104K       1.7M
-/+ buffers/cache:       913M        78M
Swap:         8.0G       397M       7.6G

             total       used       free     shared    buffers     cached
Mem:          992M       917M        74M         0B       104K       1.7M
-/+ buffers/cache:       915M        76M
Swap:         8.0G       396M       7.6G

             total       used       free     shared    buffers     cached
Mem:          992M       919M        72M         0B       104K       1.7M
-/+ buffers/cache:       918M        74M
Swap:         8.0G       395M       7.6G

             total       used       free     shared    buffers     cached
Mem:          992M       923M        68M         0B       244K       2.5M
-/+ buffers/cache:       920M        71M
Swap:         8.0G       394M       7.6G

             total       used       free     shared    buffers     cached
Mem:          992M       926M        66M         0B       244K       2.5M
-/+ buffers/cache:       923M        68M
Swap:         8.0G       393M       7.6G

             total       used       free     shared    buffers     cached
Mem:          992M       928M        63M         0B       244K       2.6M
-/+ buffers/cache:       925M        66M
Swap:         8.0G       392M       7.6G

             total       used       free     shared    buffers     cached
Mem:          992M       917M        75M         0B       172K        20M
-/+ buffers/cache:       896M        95M
Swap:         8.0G       420M       7.6G

             total       used       free     shared    buffers     cached
Mem:          992M       918M        73M         0B       172K        20M
-/+ buffers/cache:       898M        93M
Swap:         8.0G       419M       7.6G

             total       used       free     shared    buffers     cached
Mem:          992M       921M        70M         0B       492K        20M
-/+ buffers/cache:       900M        91M
Swap:         8.0G       418M       7.6G

             total       used       free     shared    buffers     cached
Mem:          992M       924M        67M         0B       648K        20M
-/+ buffers/cache:       903M        88M
Swap:         8.0G       417M       7.6G

             total       used       free     shared    buffers     cached
Mem:          992M       927M        65M         0B       648K        20M
-/+ buffers/cache:       905M        86M
Swap:         8.0G       416M       7.6G

             total       used       free     shared    buffers     cached
Mem:          992M       929M        63M         0B       656K        20M
-/+ buffers/cache:       907M        84M
Swap:         8.0G       415M       7.6G

             total       used       free     shared    buffers     cached
Mem:          992M       927M        64M         0B       656K        20M
-/+ buffers/cache:       906M        85M
Swap:         8.0G       418M       7.6G

             total       used       free     shared    buffers     cached
Mem:          992M       913M        78M         0B       524K        19M
-/+ buffers/cache:       894M        97M
Swap:         8.0G       439M       7.6G

             total       used       free     shared    buffers     cached
Mem:          992M       916M        75M         0B       524K        18M
-/+ buffers/cache:       897M        94M
Swap:         8.0G       438M       7.6G

             total       used       free     shared    buffers     cached
Mem:          992M       919M        72M         0B       524K        19M
-/+ buffers/cache:       900M        92M
Swap:         8.0G       436M       7.6G

             total       used       free     shared    buffers     cached
Mem:          992M       921M        70M         0B       532K        19M
-/+ buffers/cache:       901M        90M
Swap:         8.0G       436M       7.6G

             total       used       free     shared    buffers     cached
Mem:          992M       923M        68M         0B       532K        19M
-/+ buffers/cache:       904M        87M
Swap:         8.0G       435M       7.6G

             total       used       free     shared    buffers     cached
Mem:          992M       926M        66M         0B       532K        19M
-/+ buffers/cache:       906M        85M
Swap:         8.0G       434M       7.6G

             total       used       free     shared    buffers     cached
Mem:          992M       928M        64M         0B       532K        19M
-/+ buffers/cache:       908M        83M
Swap:         8.0G       433M       7.6G

             total       used       free     shared    buffers     cached
Mem:          992M       929M        62M         0B       532K        19M
-/+ buffers/cache:       910M        82M
Swap:         8.0G       432M       7.6G

             total       used       free     shared    buffers     cached
Mem:          992M       915M        76M         0B       532K        18M
-/+ buffers/cache:       897M        95M
Swap:         8.0G       439M       7.6G

             total       used       free     shared    buffers     cached
Mem:          992M       917M        74M         0B       540K        17M
-/+ buffers/cache:       899M        92M
Swap:         8.0G       438M       7.6G

             total       used       free     shared    buffers     cached
Mem:          992M       919M        72M         0B       540K        18M
-/+ buffers/cache:       901M        90M
Swap:         8.0G       437M       7.6G

             total       used       free     shared    buffers     cached
Mem:          992M       922M        69M         0B       540K        17M
-/+ buffers/cache:       903M        88M
Swap:         8.0G       436M       7.6G

             total       used       free     shared    buffers     cached
Mem:          992M       924M        67M         0B       540K        17M
-/+ buffers/cache:       906M        85M
Swap:         8.0G       435M       7.6G

             total       used       free     shared    buffers     cached
Mem:          992M       926M        65M         0B       540K        17M
-/+ buffers/cache:       908M        83M
Swap:         8.0G       434M       7.6G

             total       used       free     shared    buffers     cached
Mem:          992M       929M        63M         0B       548K        18M
-/+ buffers/cache:       910M        81M
Swap:         8.0G       433M       7.6G

             total       used       free     shared    buffers     cached
Mem:          992M       919M        72M         0B       548K        16M
-/+ buffers/cache:       901M        90M
Swap:         8.0G       444M       7.6G

             total       used       free     shared    buffers     cached
Mem:          992M       920M        71M         0B       548K        16M
-/+ buffers/cache:       903M        88M
Swap:         8.0G       443M       7.6G

             total       used       free     shared    buffers     cached
Mem:          992M       923M        68M         0B       548K        16M
-/+ buffers/cache:       905M        86M
Swap:         8.0G       442M       7.6G

             total       used       free     shared    buffers     cached
Mem:          992M       925M        66M         0B       548K        16M
-/+ buffers/cache:       908M        83M
Swap:         8.0G       441M       7.6G

             total       used       free     shared    buffers     cached
Mem:          992M       927M        64M         0B       556K        16M
-/+ buffers/cache:       910M        81M
Swap:         8.0G       440M       7.6G

             total       used       free     shared    buffers     cached
Mem:          992M       929M        62M         0B       556K        16M
-/+ buffers/cache:       912M        79M
Swap:         8.0G       439M       7.6G

             total       used       free     shared    buffers     cached
Mem:          992M       913M        78M         0B       556K        14M
-/+ buffers/cache:       898M        94M
Swap:         8.0G       465M       7.5G

             total       used       free     shared    buffers     cached
Mem:          992M       915M        76M         0B       556K        14M
-/+ buffers/cache:       900M        91M
Swap:         8.0G       464M       7.5G

             total       used       free     shared    buffers     cached
Mem:          992M       918M        74M         0B       556K        14M
-/+ buffers/cache:       902M        89M
Swap:         8.0G       463M       7.5G

             total       used       free     shared    buffers     cached
Mem:          992M       920M        71M         0B       556K        14M
-/+ buffers/cache:       905M        86M
Swap:         8.0G       462M       7.5G

             total       used       free     shared    buffers     cached
Mem:          992M       922M        69M         0B       564K        14M
-/+ buffers/cache:       907M        85M
Swap:         8.0G       461M       7.5G

             total       used       free     shared    buffers     cached
Mem:          992M       924M        67M         0B       564K        14M
-/+ buffers/cache:       909M        82M
Swap:         8.0G       460M       7.5G

             total       used       free     shared    buffers     cached
Mem:          992M       927M        65M         0B       564K        14M
-/+ buffers/cache:       911M        80M
Swap:         8.0G       458M       7.5G

             total       used       free     shared    buffers     cached
Mem:          992M       929M        62M         0B       564K        14M
-/+ buffers/cache:       914M        78M
Swap:         8.0G       457M       7.5G

             total       used       free     shared    buffers     cached
Mem:          992M       916M        75M         0B       564K        14M
-/+ buffers/cache:       902M        89M
Swap:         8.0G       456M       7.6G

             total       used       free     shared    buffers     cached
Mem:          992M       919M        72M         0B       572K        14M
-/+ buffers/cache:       904M        87M
Swap:         8.0G       455M       7.6G

             total       used       free     shared    buffers     cached
Mem:          992M       921M        70M         0B       572K        14M
-/+ buffers/cache:       907M        85M
Swap:         8.0G       453M       7.6G

             total       used       free     shared    buffers     cached
Mem:          992M       923M        68M         0B       572K        14M
-/+ buffers/cache:       909M        82M
Swap:         8.0G       452M       7.6G

             total       used       free     shared    buffers     cached
Mem:          992M       926M        65M         0B       572K        14M
-/+ buffers/cache:       911M        80M
Swap:         8.0G       451M       7.6G

             total       used       free     shared    buffers     cached
Mem:          992M       929M        63M         0B       572K        14M
-/+ buffers/cache:       914M        77M
Swap:         8.0G       450M       7.6G

             total       used       free     shared    buffers     cached
Mem:          992M       918M        73M         0B        80K       6.6M
-/+ buffers/cache:       912M        80M
Swap:         8.0G       458M       7.5G

             total       used       free     shared    buffers     cached
Mem:          992M       921M        70M         0B       244K       6.6M
-/+ buffers/cache:       914M        77M
Swap:         8.0G       456M       7.6G

             total       used       free     shared    buffers     cached
Mem:          992M       923M        68M         0B       244K       6.6M
-/+ buffers/cache:       917M        75M
Swap:         8.0G       455M       7.6G

             total       used       free     shared    buffers     cached
Mem:          992M       926M        65M         0B       256K       6.6M
-/+ buffers/cache:       919M        72M
Swap:         8.0G       454M       7.6G

             total       used       free     shared    buffers     cached
Mem:          992M       928M        63M         0B       260K       6.6M
-/+ buffers/cache:       921M        70M
Swap:         8.0G       453M       7.6G

             total       used       free     shared    buffers     cached
Mem:          992M       910M        81M         0B       228K       3.9M
-/+ buffers/cache:       906M        85M
Swap:         8.0G       470M       7.5G

             total       used       free     shared    buffers     cached
Mem:          992M       911M        80M         0B       236K       3.9M
-/+ buffers/cache:       907M        84M
Swap:         8.0G       469M       7.5G

             total       used       free     shared    buffers     cached
Mem:          992M       915M        76M         0B       524K       4.9M
-/+ buffers/cache:       910M        81M
Swap:         8.0G       468M       7.5G

             total       used       free     shared    buffers     cached
Mem:          992M       917M        74M         0B       664K        13M
-/+ buffers/cache:       903M        88M
Swap:         8.0G       472M       7.5G

             total       used       free     shared    buffers     cached
Mem:          992M       918M        74M        16K       236K        20M
-/+ buffers/cache:       896M        95M
Swap:         8.0G       492M       7.5G

             total       used       free     shared    buffers     cached
Mem:          992M       919M        72M        16K       508K        20M
-/+ buffers/cache:       898M        93M
Swap:         8.0G       491M       7.5G

             total       used       free     shared    buffers     cached
Mem:          992M       921M        71M        16K       508K        20M
-/+ buffers/cache:       899M        92M
Swap:         8.0G       491M       7.5G

             total       used       free     shared    buffers     cached
Mem:          992M       922M        69M        16K       512K        21M
-/+ buffers/cache:       901M        91M
Swap:         8.0G       490M       7.5G

             total       used       free     shared    buffers     cached
Mem:          992M       924M        68M        16K       512K        21M
-/+ buffers/cache:       902M        89M
Swap:         8.0G       489M       7.5G

             total       used       free     shared    buffers     cached
Mem:          992M       925M        66M        16K       520K        21M
-/+ buffers/cache:       903M        88M
Swap:         8.0G       489M       7.5G

             total       used       free     shared    buffers     cached
Mem:          992M       927M        64M        16K       520K        21M
-/+ buffers/cache:       905M        86M
Swap:         8.0G       488M       7.5G

             total       used       free     shared    buffers     cached
Mem:          992M       931M        61M        16K       520K        22M
-/+ buffers/cache:       907M        84M
Swap:         8.0G       487M       7.5G

             total       used       free     shared    buffers     cached
Mem:          992M       918M        73M        16K       520K        22M
-/+ buffers/cache:       895M        96M
Swap:         8.0G       486M       7.5G

             total       used       free     shared    buffers     cached
Mem:          992M       926M        65M        16K       520K        28M
-/+ buffers/cache:       897M        94M
Swap:         8.0G       485M       7.5G

             total       used       free     shared    buffers     cached
Mem:          992M       927M        64M        16K       520K        28M
-/+ buffers/cache:       898M        93M
Swap:         8.0G       485M       7.5G

             total       used       free     shared    buffers     cached
Mem:          992M       929M        62M        16K       844K        28M
-/+ buffers/cache:       900M        91M
Swap:         8.0G       484M       7.5G

             total       used       free     shared    buffers     cached
Mem:          992M       928M        64M        16K       844K        27M
-/+ buffers/cache:       899M        92M
Swap:         8.0G       484M       7.5G

             total       used       free     shared    buffers     cached
Mem:          992M       917M        74M        16K       792K        25M
-/+ buffers/cache:       890M       101M
Swap:         8.0G       504M       7.5G

             total       used       free     shared    buffers     cached
Mem:          992M       919M        72M        16K       792K        25M
-/+ buffers/cache:       892M        99M
Swap:         8.0G       503M       7.5G

             total       used       free     shared    buffers     cached
Mem:          992M       920M        71M        16K       792K        25M
-/+ buffers/cache:       894M        98M
Swap:         8.0G       502M       7.5G

             total       used       free     shared    buffers     cached
Mem:          992M       922M        70M        16K       800K        25M
-/+ buffers/cache:       895M        96M
Swap:         8.0G       502M       7.5G

             total       used       free     shared    buffers     cached
Mem:          992M       923M        68M        16K       800K        26M
-/+ buffers/cache:       896M        95M
Swap:         8.0G       501M       7.5G

             total       used       free     shared    buffers     cached
Mem:          992M       925M        66M        16K       800K        26M
-/+ buffers/cache:       898M        93M
Swap:         8.0G       500M       7.5G

             total       used       free     shared    buffers     cached
Mem:          992M       926M        65M        16K       800K        26M
-/+ buffers/cache:       899M        92M
Swap:         8.0G       499M       7.5G

             total       used       free     shared    buffers     cached
Mem:          992M       928M        63M        16K       800K        26M
-/+ buffers/cache:       901M        90M
Swap:         8.0G       499M       7.5G

             total       used       free     shared    buffers     cached
Mem:          992M       930M        61M        16K       800K        26M
-/+ buffers/cache:       903M        88M
Swap:         8.0G       498M       7.5G

             total       used       free     shared    buffers     cached
Mem:          992M       919M        72M        16K       808K        25M
-/+ buffers/cache:       892M        99M
Swap:         8.0G       497M       7.5G

             total       used       free     shared    buffers     cached
Mem:          992M       921M        70M        16K       808K        25M
-/+ buffers/cache:       894M        97M
Swap:         8.0G       496M       7.5G

             total       used       free     shared    buffers     cached
Mem:          992M       923M        69M        16K       808K        25M
-/+ buffers/cache:       896M        95M
Swap:         8.0G       496M       7.5G

             total       used       free     shared    buffers     cached
Mem:          992M       924M        67M        16K       808K        25M
-/+ buffers/cache:       897M        94M
Swap:         8.0G       495M       7.5G

             total       used       free     shared    buffers     cached
Mem:          992M       926M        65M        16K       808K        25M
-/+ buffers/cache:       899M        92M
Swap:         8.0G       494M       7.5G

             total       used       free     shared    buffers     cached
Mem:          992M       927M        64M        16K       816K        26M
-/+ buffers/cache:       900M        91M
Swap:         8.0G       493M       7.5G

             total       used       free     shared    buffers     cached
Mem:          992M       929M        63M        16K       816K        25M
-/+ buffers/cache:       902M        89M
Swap:         8.0G       492M       7.5G

             total       used       free     shared    buffers     cached
Mem:          992M       930M        61M        16K       816K        25M
-/+ buffers/cache:       904M        88M
Swap:         8.0G       491M       7.5G

             total       used       free     shared    buffers     cached
Mem:          992M       919M        73M        16K       804K        23M
-/+ buffers/cache:       894M        97M
Swap:         8.0G       507M       7.5G

             total       used       free     shared    buffers     cached
Mem:          992M       920M        71M        16K       804K        23M
-/+ buffers/cache:       896M        96M
Swap:         8.0G       506M       7.5G

             total       used       free     shared    buffers     cached
Mem:          992M       922M        69M        16K       804K        23M
-/+ buffers/cache:       897M        94M
Swap:         8.0G       505M       7.5G

             total       used       free     shared    buffers     cached
Mem:          992M       923M        68M        16K       812K        23M
-/+ buffers/cache:       899M        92M
Swap:         8.0G       504M       7.5G

             total       used       free     shared    buffers     cached
Mem:          992M       925M        66M        16K       812K        23M
-/+ buffers/cache:       900M        91M
Swap:         8.0G       503M       7.5G

             total       used       free     shared    buffers     cached
Mem:          992M       927M        65M        16K       812K        23M
-/+ buffers/cache:       902M        89M
Swap:         8.0G       503M       7.5G

             total       used       free     shared    buffers     cached
Mem:          992M       928M        63M        16K       812K        23M
-/+ buffers/cache:       903M        88M
Swap:         8.0G       502M       7.5G

             total       used       free     shared    buffers     cached
Mem:          992M       930M        62M        16K       812K        23M
-/+ buffers/cache:       905M        86M
Swap:         8.0G       501M       7.5G

             total       used       free     shared    buffers     cached
Mem:          992M       918M        73M        16K       820K        23M
-/+ buffers/cache:       894M        98M
Swap:         8.0G       510M       7.5G

             total       used       free     shared    buffers     cached
Mem:          992M       919M        72M        16K       820K        23M
-/+ buffers/cache:       895M        96M
Swap:         8.0G       509M       7.5G

             total       used       free     shared    buffers     cached
Mem:          992M       921M        70M        16K       820K        23M
-/+ buffers/cache:       896M        95M
Swap:         8.0G       508M       7.5G

             total       used       free     shared    buffers     cached
Mem:          992M       922M        69M        16K       820K        23M
-/+ buffers/cache:       898M        93M
Swap:         8.0G       507M       7.5G

             total       used       free     shared    buffers     cached
Mem:          992M       924M        67M        16K       820K        23M
-/+ buffers/cache:       900M        92M
Swap:         8.0G       506M       7.5G

             total       used       free     shared    buffers     cached
Mem:          992M       925M        66M        16K       820K        23M
-/+ buffers/cache:       901M        90M
Swap:         8.0G       505M       7.5G

             total       used       free     shared    buffers     cached
Mem:          992M       927M        64M        16K       828K        23M
-/+ buffers/cache:       903M        88M
Swap:         8.0G       504M       7.5G

             total       used       free     shared    buffers     cached
Mem:          992M       929M        62M        16K       828K        23M
-/+ buffers/cache:       904M        87M
Swap:         8.0G       504M       7.5G

             total       used       free     shared    buffers     cached
Mem:          992M       930M        61M        16K       828K        23M
-/+ buffers/cache:       906M        85M
Swap:         8.0G       503M       7.5G

             total       used       free     shared    buffers     cached
Mem:          992M       916M        75M        16K       752K        22M
-/+ buffers/cache:       893M        98M
Swap:         8.0G       514M       7.5G

             total       used       free     shared    buffers     cached
Mem:          992M       918M        73M        16K       752K        22M
-/+ buffers/cache:       895M        97M
Swap:         8.0G       513M       7.5G

             total       used       free     shared    buffers     cached
Mem:          992M       919M        72M        16K       760K        22M
-/+ buffers/cache:       896M        95M
Swap:         8.0G       512M       7.5G

             total       used       free     shared    buffers     cached
Mem:          992M       921M        71M        16K       760K        22M
-/+ buffers/cache:       897M        94M
Swap:         8.0G       512M       7.5G

             total       used       free     shared    buffers     cached
Mem:          992M       922M        69M        16K       760K        22M
-/+ buffers/cache:       899M        92M
Swap:         8.0G       511M       7.5G

             total       used       free     shared    buffers     cached
Mem:          992M       924M        68M        16K       760K        22M
-/+ buffers/cache:       900M        91M
Swap:         8.0G       510M       7.5G

             total       used       free     shared    buffers     cached
Mem:          992M       925M        66M        16K       760K        22M
-/+ buffers/cache:       902M        89M
Swap:         8.0G       510M       7.5G

             total       used       free     shared    buffers     cached
Mem:          992M       927M        64M        16K       760K        22M
-/+ buffers/cache:       904M        87M
Swap:         8.0G       509M       7.5G

             total       used       free     shared    buffers     cached
Mem:          992M       928M        63M        16K       768K        22M
-/+ buffers/cache:       905M        86M
Swap:         8.0G       508M       7.5G

             total       used       free     shared    buffers     cached
Mem:          992M       930M        61M        16K       768K        22M
-/+ buffers/cache:       907M        84M
Swap:         8.0G       507M       7.5G

             total       used       free     shared    buffers     cached
Mem:          992M       919M        72M        16K       708K        17M
-/+ buffers/cache:       900M        91M
Swap:         8.0G       507M       7.5G

             total       used       free     shared    buffers     cached
Mem:          992M       920M        71M        16K       708K        17M
-/+ buffers/cache:       902M        89M
Swap:         8.0G       506M       7.5G

             total       used       free     shared    buffers     cached
Mem:          992M       922M        69M        16K       708K        17M
-/+ buffers/cache:       904M        88M
Swap:         8.0G       505M       7.5G

             total       used       free     shared    buffers     cached
Mem:          992M       923M        68M        16K       720K        17M
-/+ buffers/cache:       905M        86M
Swap:         8.0G       505M       7.5G

             total       used       free     shared    buffers     cached
Mem:          992M       925M        66M        16K       720K        17M
-/+ buffers/cache:       906M        85M
Swap:         8.0G       504M       7.5G

             total       used       free     shared    buffers     cached
Mem:          992M       927M        64M        16K       720K        18M
-/+ buffers/cache:       908M        83M
Swap:         8.0G       503M       7.5G

             total       used       free     shared    buffers     cached
Mem:          992M       929M        62M        16K       720K        18M
-/+ buffers/cache:       910M        82M
Swap:         8.0G       503M       7.5G

             total       used       free     shared    buffers     cached
Mem:          992M       919M        72M        16K       224K       7.1M
-/+ buffers/cache:       912M        80M
Swap:         8.0G       502M       7.5G

             total       used       free     shared    buffers     cached
Mem:          992M       920M        71M        20K       628K       7.1M
-/+ buffers/cache:       913M        78M
Swap:         8.0G       501M       7.5G

             total       used       free     shared    buffers     cached
Mem:          992M       925M        66M        20K       628K       8.4M
-/+ buffers/cache:       916M        75M
Swap:         8.0G       500M       7.5G

             total       used       free     shared    buffers     cached
Mem:          992M       921M        70M        20K       624K       8.3M
-/+ buffers/cache:       913M        79M
Swap:         8.0G       510M       7.5G

             total       used       free     shared    buffers     cached
Mem:          992M       926M        66M        20K       628K        10M
-/+ buffers/cache:       915M        77M
Swap:         8.0G       509M       7.5G

             total       used       free     shared    buffers     cached
Mem:          992M       924M        68M        20K       316K        26M
-/+ buffers/cache:       897M        95M
Swap:         8.0G       521M       7.5G

             total       used       free     shared    buffers     cached
Mem:          992M       924M        67M        20K       324K        26M
-/+ buffers/cache:       897M        94M
Swap:         8.0G       521M       7.5G

             total       used       free     shared    buffers     cached
Mem:          992M       925M        66M        20K       640K        26M
-/+ buffers/cache:       898M        93M
Swap:         8.0G       521M       7.5G

             total       used       free     shared    buffers     cached
Mem:          992M       926M        65M        20K       640K        26M
-/+ buffers/cache:       899M        93M
Swap:         8.0G       520M       7.5G

             total       used       free     shared    buffers     cached
Mem:          992M       927M        64M        20K       640K        26M
-/+ buffers/cache:       899M        92M
Swap:         8.0G       520M       7.5G

             total       used       free     shared    buffers     cached
Mem:          992M       928M        64M        20K       640K        26M
-/+ buffers/cache:       900M        91M
Swap:         8.0G       519M       7.5G

             total       used       free     shared    buffers     cached
Mem:          992M       928M        63M        20K       648K        26M
-/+ buffers/cache:       901M        90M
Swap:         8.0G       519M       7.5G

             total       used       free     shared    buffers     cached
Mem:          992M       929M        62M        20K       648K        26M
-/+ buffers/cache:       902M        90M
Swap:         8.0G       519M       7.5G

             total       used       free     shared    buffers     cached
Mem:          992M       930M        61M        20K       648K        26M
-/+ buffers/cache:       902M        89M
Swap:         8.0G       519M       7.5G

             total       used       free     shared    buffers     cached
Mem:          992M       930M        61M        20K       648K        26M
-/+ buffers/cache:       903M        88M
Swap:         8.0G       518M       7.5G

             total       used       free     shared    buffers     cached
Mem:          992M       931M        61M       2.0M       3.0M        50M
-/+ buffers/cache:       877M       114M
Swap:         8.0G       561M       7.4G

             total       used       free     shared    buffers     cached
Mem:          992M       913M        78M       3.9M       5.0M        64M
-/+ buffers/cache:       843M       148M
Swap:         8.0G       592M       7.4G

             total       used       free     shared    buffers     cached
Mem:          992M       916M        75M       3.9M       5.0M        64M
-/+ buffers/cache:       846M       145M
Swap:         8.0G       592M       7.4G

             total       used       free     shared    buffers     cached
Mem:          992M       930M        62M       268K       5.2M        65M
-/+ buffers/cache:       859M       133M
Swap:         8.0G       585M       7.4G

             total       used       free     shared    buffers     cached
Mem:          992M       931M        61M       252K       5.2M        65M
-/+ buffers/cache:       860M       131M
Swap:         8.0G       584M       7.4G

             total       used       free     shared    buffers     cached
Mem:          992M       917M        74M       252K       4.7M        64M
-/+ buffers/cache:       848M       143M
Swap:         8.0G       584M       7.4G

             total       used       free     shared    buffers     cached
Mem:          992M       918M        73M       252K       4.7M        64M
-/+ buffers/cache:       849M       142M
Swap:         8.0G       584M       7.4G

             total       used       free     shared    buffers     cached
Mem:          992M       920M        72M       252K       4.7M        64M
-/+ buffers/cache:       851M       140M
Swap:         8.0G       583M       7.4G

             total       used       free     shared    buffers     cached
Mem:          992M       922M        69M       252K       4.8M        65M
-/+ buffers/cache:       852M       139M
Swap:         8.0G       583M       7.4G

             total       used       free     shared    buffers     cached
Mem:          992M       924M        67M       252K       4.8M        65M
-/+ buffers/cache:       854M       137M
Swap:         8.0G       582M       7.4G

             total       used       free     shared    buffers     cached
Mem:          992M       925M        66M       252K       4.8M        65M
-/+ buffers/cache:       855M       136M
Swap:         8.0G       581M       7.4G

             total       used       free     shared    buffers     cached
Mem:          992M       927M        64M       252K       4.8M        65M
-/+ buffers/cache:       857M       134M
Swap:         8.0G       581M       7.4G

             total       used       free     shared    buffers     cached
Mem:          992M       928M        63M       252K       4.8M        64M
-/+ buffers/cache:       858M       133M
Swap:         8.0G       580M       7.4G

             total       used       free     shared    buffers     cached
Mem:          992M       930M        61M       252K       4.8M        65M
-/+ buffers/cache:       860M       131M
Swap:         8.0G       579M       7.4G

             total       used       free     shared    buffers     cached
Mem:          992M       911M        81M       252K       4.7M        61M
-/+ buffers/cache:       844M       147M
Swap:         8.0G       595M       7.4G

             total       used       free     shared    buffers     cached
Mem:          992M       912M        79M       252K       4.7M        61M
-/+ buffers/cache:       845M       146M
Swap:         8.0G       595M       7.4G

             total       used       free     shared    buffers     cached
Mem:          992M       913M        78M       252K       4.7M        61M
-/+ buffers/cache:       847M       144M
Swap:         8.0G       594M       7.4G

             total       used       free     shared    buffers     cached
Mem:          992M       915M        76M       252K       4.7M        61M
-/+ buffers/cache:       848M       143M
Swap:         8.0G       593M       7.4G

             total       used       free     shared    buffers     cached
Mem:          992M       916M        75M       252K       4.7M        61M
-/+ buffers/cache:       850M       142M
Swap:         8.0G       593M       7.4G

             total       used       free     shared    buffers     cached
Mem:          992M       917M        74M       252K       4.7M        61M
-/+ buffers/cache:       851M       140M
Swap:         8.0G       592M       7.4G

             total       used       free     shared    buffers     cached
Mem:          992M       919M        73M       252K       4.7M        61M
-/+ buffers/cache:       852M       139M
Swap:         8.0G       592M       7.4G

             total       used       free     shared    buffers     cached
Mem:          992M       920M        71M       252K       4.7M        61M
-/+ buffers/cache:       854M       138M
Swap:         8.0G       591M       7.4G

             total       used       free     shared    buffers     cached
Mem:          992M       922M        70M       252K       4.7M        61M
-/+ buffers/cache:       855M       136M
Swap:         8.0G       590M       7.4G

             total       used       free     shared    buffers     cached
Mem:          992M       923M        68M       252K       4.7M        61M
-/+ buffers/cache:       856M       135M
Swap:         8.0G       590M       7.4G

             total       used       free     shared    buffers     cached
Mem:          992M       924M        67M       252K       4.7M        61M
-/+ buffers/cache:       858M       134M
Swap:         8.0G       589M       7.4G

             total       used       free     shared    buffers     cached
Mem:          992M       926M        66M       252K       4.7M        61M
-/+ buffers/cache:       859M       132M
Swap:         8.0G       588M       7.4G

             total       used       free     shared    buffers     cached
Mem:          992M       927M        64M       252K       4.7M        61M
-/+ buffers/cache:       860M       131M
Swap:         8.0G       588M       7.4G

             total       used       free     shared    buffers     cached
Mem:          992M       928M        63M       252K       4.7M        61M
-/+ buffers/cache:       862M       129M
Swap:         8.0G       587M       7.4G

             total       used       free     shared    buffers     cached
Mem:          992M       930M        61M       252K       4.7M        61M
-/+ buffers/cache:       863M       128M
Swap:         8.0G       587M       7.4G

             total       used       free     shared    buffers     cached
Mem:          992M       916M        75M       252K       4.8M        60M
-/+ buffers/cache:       850M       141M
Swap:         8.0G       602M       7.4G

             total       used       free     shared    buffers     cached
Mem:          992M       917M        74M       252K       4.8M        60M
-/+ buffers/cache:       852M       139M
Swap:         8.0G       601M       7.4G

             total       used       free     shared    buffers     cached
Mem:          992M       919M        72M       252K       4.8M        60M
-/+ buffers/cache:       853M       138M
Swap:         8.0G       601M       7.4G

             total       used       free     shared    buffers     cached
Mem:          992M       920M        71M       252K       4.8M        60M
-/+ buffers/cache:       855M       137M
Swap:         8.0G       600M       7.4G

             total       used       free     shared    buffers     cached
Mem:          992M       922M        69M       252K       4.8M        60M
-/+ buffers/cache:       856M       135M
Swap:         8.0G       599M       7.4G

             total       used       free     shared    buffers     cached
Mem:          992M       923M        68M       252K       4.8M        60M
-/+ buffers/cache:       858M       133M
Swap:         8.0G       599M       7.4G

             total       used       free     shared    buffers     cached
Mem:          992M       925M        66M       252K       4.8M        60M
-/+ buffers/cache:       859M       132M
Swap:         8.0G       598M       7.4G

             total       used       free     shared    buffers     cached
Mem:          992M       914M        78M       252K       5.4M        63M
-/+ buffers/cache:       844M       147M
Swap:         8.0G       600M       7.4G

             total       used       free     shared    buffers     cached
Mem:          992M       917M        74M       296K       7.6M        74M
-/+ buffers/cache:       835M       156M
Swap:         8.0G       623M       7.4G
