             total       used       free     shared    buffers     cached
Mem:          992M       655M       337M       3.2M        38M       289M
-/+ buffers/cache:       327M       664M
Swap:         8.0G         0B       8.0G

             total       used       free     shared    buffers     cached
Mem:          992M       654M       337M       1.4M        38M       287M
-/+ buffers/cache:       328M       664M
Swap:         8.0G         0B       8.0G

             total       used       free     shared    buffers     cached
Mem:          992M       654M       337M       1.4M        38M       287M
-/+ buffers/cache:       327M       664M
Swap:         8.0G         0B       8.0G

             total       used       free     shared    buffers     cached
Mem:          992M       654M       337M       1.4M        38M       287M
-/+ buffers/cache:       327M       664M
Swap:         8.0G         0B       8.0G

             total       used       free     shared    buffers     cached
Mem:          992M       654M       337M       1.4M        38M       287M
-/+ buffers/cache:       327M       664M
Swap:         8.0G         0B       8.0G

             total       used       free     shared    buffers     cached
Mem:          992M       654M       337M       1.4M        38M       287M
-/+ buffers/cache:       327M       664M
Swap:         8.0G         0B       8.0G

             total       used       free     shared    buffers     cached
Mem:          992M       653M       338M       1.4M        38M       287M
-/+ buffers/cache:       327M       664M
Swap:         8.0G         0B       8.0G

             total       used       free     shared    buffers     cached
Mem:          992M       653M       338M       1.4M        38M       287M
-/+ buffers/cache:       327M       665M
Swap:         8.0G         0B       8.0G

             total       used       free     shared    buffers     cached
Mem:          992M       653M       338M       1.4M        38M       288M
-/+ buffers/cache:       327M       665M
Swap:         8.0G         0B       8.0G

             total       used       free     shared    buffers     cached
Mem:          992M       657M       335M       1.4M        38M       288M
-/+ buffers/cache:       330M       661M
Swap:         8.0G         0B       8.0G

             total       used       free     shared    buffers     cached
Mem:          992M       669M       322M       1.4M        38M       288M
-/+ buffers/cache:       342M       649M
Swap:         8.0G         0B       8.0G

             total       used       free     shared    buffers     cached
Mem:          992M       683M       308M       1.4M        38M       288M
-/+ buffers/cache:       356M       635M
Swap:         8.0G         0B       8.0G

             total       used       free     shared    buffers     cached
Mem:          992M       662M       329M       1.4M        38M       289M
-/+ buffers/cache:       334M       657M
Swap:         8.0G         0B       8.0G

             total       used       free     shared    buffers     cached
Mem:          992M       662M       329M       1.4M        38M       289M
-/+ buffers/cache:       335M       657M
Swap:         8.0G         0B       8.0G

             total       used       free     shared    buffers     cached
Mem:          992M       672M       319M       1.4M        38M       289M
-/+ buffers/cache:       344M       647M
Swap:         8.0G         0B       8.0G

             total       used       free     shared    buffers     cached
Mem:          992M       663M       328M       1.4M        38M       289M
-/+ buffers/cache:       335M       657M
Swap:         8.0G         0B       8.0G

             total       used       free     shared    buffers     cached
Mem:          992M       663M       328M       1.4M        38M       289M
-/+ buffers/cache:       335M       657M
Swap:         8.0G         0B       8.0G

             total       used       free     shared    buffers     cached
Mem:          992M       663M       328M       1.4M        38M       289M
-/+ buffers/cache:       335M       657M
Swap:         8.0G         0B       8.0G

             total       used       free     shared    buffers     cached
Mem:          992M       663M       328M       1.4M        38M       289M
-/+ buffers/cache:       335M       657M
Swap:         8.0G         0B       8.0G

             total       used       free     shared    buffers     cached
Mem:          992M       663M       328M       1.4M        38M       289M
-/+ buffers/cache:       335M       657M
Swap:         8.0G         0B       8.0G

             total       used       free     shared    buffers     cached
Mem:          992M       663M       328M       1.4M        38M       289M
-/+ buffers/cache:       335M       657M
Swap:         8.0G         0B       8.0G

             total       used       free     shared    buffers     cached
Mem:          992M       663M       328M       1.4M        38M       289M
-/+ buffers/cache:       335M       656M
Swap:         8.0G         0B       8.0G

             total       used       free     shared    buffers     cached
Mem:          992M       663M       328M       1.4M        38M       289M
-/+ buffers/cache:       335M       656M
Swap:         8.0G         0B       8.0G

             total       used       free     shared    buffers     cached
Mem:          992M       663M       328M       1.4M        38M       289M
-/+ buffers/cache:       335M       656M
Swap:         8.0G         0B       8.0G

             total       used       free     shared    buffers     cached
Mem:          992M       663M       328M       1.4M        38M       289M
-/+ buffers/cache:       335M       656M
Swap:         8.0G         0B       8.0G

             total       used       free     shared    buffers     cached
Mem:          992M       663M       328M       1.4M        38M       289M
-/+ buffers/cache:       335M       656M
Swap:         8.0G         0B       8.0G

             total       used       free     shared    buffers     cached
Mem:          992M       663M       328M       1.4M        38M       289M
-/+ buffers/cache:       335M       656M
Swap:         8.0G         0B       8.0G

             total       used       free     shared    buffers     cached
Mem:          992M       663M       328M       1.4M        38M       289M
-/+ buffers/cache:       335M       656M
Swap:         8.0G         0B       8.0G

             total       used       free     shared    buffers     cached
Mem:          992M       663M       328M       1.4M        38M       289M
-/+ buffers/cache:       335M       656M
Swap:         8.0G         0B       8.0G

             total       used       free     shared    buffers     cached
Mem:          992M       663M       328M       1.4M        38M       289M
-/+ buffers/cache:       335M       656M
Swap:         8.0G         0B       8.0G

             total       used       free     shared    buffers     cached
Mem:          992M       663M       328M       1.4M        38M       289M
-/+ buffers/cache:       335M       656M
Swap:         8.0G         0B       8.0G

             total       used       free     shared    buffers     cached
Mem:          992M       663M       328M       1.4M        38M       289M
-/+ buffers/cache:       335M       656M
Swap:         8.0G         0B       8.0G

             total       used       free     shared    buffers     cached
Mem:          992M       663M       328M       1.4M        38M       289M
-/+ buffers/cache:       335M       656M
Swap:         8.0G         0B       8.0G

             total       used       free     shared    buffers     cached
Mem:          992M       671M       320M       1.4M        38M       289M
-/+ buffers/cache:       343M       648M
Swap:         8.0G         0B       8.0G

             total       used       free     shared    buffers     cached
Mem:          992M       688M       303M       1.4M        38M       289M
-/+ buffers/cache:       360M       631M
Swap:         8.0G         0B       8.0G

             total       used       free     shared    buffers     cached
Mem:          992M       706M       285M       1.4M        38M       289M
-/+ buffers/cache:       378M       613M
Swap:         8.0G         0B       8.0G

             total       used       free     shared    buffers     cached
Mem:          992M       724M       267M       1.4M        38M       289M
-/+ buffers/cache:       396M       595M
Swap:         8.0G         0B       8.0G

             total       used       free     shared    buffers     cached
Mem:          992M       742M       249M       1.4M        38M       289M
-/+ buffers/cache:       414M       577M
Swap:         8.0G         0B       8.0G

             total       used       free     shared    buffers     cached
Mem:          992M       758M       233M       1.4M        38M       289M
-/+ buffers/cache:       430M       561M
Swap:         8.0G         0B       8.0G

             total       used       free     shared    buffers     cached
Mem:          992M       772M       219M       1.4M        38M       289M
-/+ buffers/cache:       444M       547M
Swap:         8.0G         0B       8.0G

             total       used       free     shared    buffers     cached
Mem:          992M       785M       206M       1.4M        38M       289M
-/+ buffers/cache:       457M       535M
Swap:         8.0G         0B       8.0G

             total       used       free     shared    buffers     cached
Mem:          992M       802M       189M       1.4M        38M       289M
-/+ buffers/cache:       474M       518M
Swap:         8.0G         0B       8.0G

             total       used       free     shared    buffers     cached
Mem:          992M       818M       173M       1.4M        38M       289M
-/+ buffers/cache:       490M       502M
Swap:         8.0G         0B       8.0G

             total       used       free     shared    buffers     cached
Mem:          992M       837M       154M       1.4M        38M       289M
-/+ buffers/cache:       509M       482M
Swap:         8.0G         0B       8.0G

             total       used       free     shared    buffers     cached
Mem:          992M       856M       136M       1.4M        38M       289M
-/+ buffers/cache:       527M       464M
Swap:         8.0G         0B       8.0G

             total       used       free     shared    buffers     cached
Mem:          992M       873M       118M       1.4M        38M       289M
-/+ buffers/cache:       545M       446M
Swap:         8.0G         0B       8.0G

             total       used       free     shared    buffers     cached
Mem:          992M       889M       103M       1.4M        38M       289M
-/+ buffers/cache:       560M       431M
Swap:         8.0G         0B       8.0G

             total       used       free     shared    buffers     cached
Mem:          992M       904M        87M       1.4M        38M       289M
-/+ buffers/cache:       576M       415M
Swap:         8.0G         0B       8.0G

             total       used       free     shared    buffers     cached
Mem:          992M       922M        69M       1.4M        38M       289M
-/+ buffers/cache:       594M       397M
Swap:         8.0G         0B       8.0G

             total       used       free     shared    buffers     cached
Mem:          992M       917M        74M       1.4M        17M       288M
-/+ buffers/cache:       611M       380M
Swap:         8.0G         0B       8.0G

             total       used       free     shared    buffers     cached
Mem:          992M       917M        74M       1.4M        10M       279M
-/+ buffers/cache:       628M       363M
Swap:         8.0G         0B       8.0G

             total       used       free     shared    buffers     cached
Mem:          992M       919M        72M       1.4M       9.6M       262M
-/+ buffers/cache:       647M       344M
Swap:         8.0G       144K       8.0G

             total       used       free     shared    buffers     cached
Mem:          992M       919M        73M       1.3M       9.6M       244M
-/+ buffers/cache:       665M       326M
Swap:         8.0G       404K       8.0G

             total       used       free     shared    buffers     cached
Mem:          992M       921M        70M       1.2M       9.6M       231M
-/+ buffers/cache:       680M       311M
Swap:         8.0G       4.8M       8.0G

             total       used       free     shared    buffers     cached
Mem:          992M       906M        85M       1.2M       7.9M       205M
-/+ buffers/cache:       693M       298M
Swap:         8.0G       9.1M       8.0G

             total       used       free     shared    buffers     cached
Mem:          992M       924M        67M       1.2M       7.9M       205M
-/+ buffers/cache:       711M       280M
Swap:         8.0G       9.1M       8.0G

             total       used       free     shared    buffers     cached
Mem:          992M       915M        76M       1.2M       1.2M       186M
-/+ buffers/cache:       727M       264M
Swap:         8.0G       9.1M       8.0G

             total       used       free     shared    buffers     cached
Mem:          992M       909M        82M       1.2M       200K       165M
-/+ buffers/cache:       744M       248M
Swap:         8.0G       9.1M       8.0G

             total       used       free     shared    buffers     cached
Mem:          992M       925M        66M       1.2M       204K       165M
-/+ buffers/cache:       760M       232M
Swap:         8.0G       9.1M       8.0G

             total       used       free     shared    buffers     cached
Mem:          992M       921M        70M       1.2M       196K       145M
-/+ buffers/cache:       775M       216M
Swap:         8.0G       9.1M       8.0G

             total       used       free     shared    buffers     cached
Mem:          992M       928M        63M       1.2M       204K       145M
-/+ buffers/cache:       782M       209M
Swap:         8.0G       9.1M       8.0G

             total       used       free     shared    buffers     cached
Mem:          992M       930M        61M       1.2M        76K       128M
-/+ buffers/cache:       801M       190M
Swap:         8.0G       9.1M       8.0G

             total       used       free     shared    buffers     cached
Mem:          992M       920M        72M       1.2M       244K       102M
-/+ buffers/cache:       817M       174M
Swap:         8.0G       9.1M       8.0G

             total       used       free     shared    buffers     cached
Mem:          992M       920M        71M       1.2M       244K        88M
-/+ buffers/cache:       831M       160M
Swap:         8.0G       9.1M       8.0G

             total       used       free     shared    buffers     cached
Mem:          992M       912M        79M       1.2M       244K        64M
-/+ buffers/cache:       847M       144M
Swap:         8.0G       9.1M       8.0G

             total       used       free     shared    buffers     cached
Mem:          992M       929M        62M       1.2M       244K        64M
-/+ buffers/cache:       864M       127M
Swap:         8.0G       9.1M       8.0G

             total       used       free     shared    buffers     cached
Mem:          992M       920M        71M       1.2M       248K        38M
-/+ buffers/cache:       881M       110M
Swap:         8.0G       9.1M       8.0G

             total       used       free     shared    buffers     cached
Mem:          992M       920M        72M       1.2M       264K        21M
-/+ buffers/cache:       898M        93M
Swap:         8.0G       9.1M       8.0G

             total       used       free     shared    buffers     cached
Mem:          992M       925M        66M       1.2M       256K       8.7M
-/+ buffers/cache:       916M        75M
Swap:         8.0G       9.1M       8.0G

             total       used       free     shared    buffers     cached
Mem:          992M       920M        72M       720K       2.0M        15M
-/+ buffers/cache:       902M        89M
Swap:         8.0G        49M       7.9G

             total       used       free     shared    buffers     cached
Mem:          992M       919M        72M       716K       1.8M        15M
-/+ buffers/cache:       902M        89M
Swap:         8.0G        55M       7.9G

             total       used       free     shared    buffers     cached
Mem:          992M       920M        71M       660K       1.5M        14M
-/+ buffers/cache:       904M        87M
Swap:         8.0G        72M       7.9G

             total       used       free     shared    buffers     cached
Mem:          992M       924M        67M       668K       1.5M        14M
-/+ buffers/cache:       908M        83M
Swap:         8.0G        83M       7.9G

             total       used       free     shared    buffers     cached
Mem:          992M       925M        66M       648K       1.5M        13M
-/+ buffers/cache:       910M        81M
Swap:         8.0G       117M       7.9G

             total       used       free     shared    buffers     cached
Mem:          992M       928M        63M       640K       1.5M        13M
-/+ buffers/cache:       914M        78M
Swap:         8.0G       117M       7.9G

             total       used       free     shared    buffers     cached
Mem:          992M       910M        81M       584K       1.1M        11M
-/+ buffers/cache:       898M        94M
Swap:         8.0G       154M       7.8G

             total       used       free     shared    buffers     cached
Mem:          992M       928M        63M       592K       1.1M        11M
-/+ buffers/cache:       915M        76M
Swap:         8.0G       154M       7.8G

             total       used       free     shared    buffers     cached
Mem:          992M       926M        65M       588K       224K       3.6M
-/+ buffers/cache:       923M        69M
Swap:         8.0G       154M       7.8G

             total       used       free     shared    buffers     cached
Mem:          992M       927M        64M       580K       504K       2.7M
-/+ buffers/cache:       924M        67M
Swap:         8.0G       196M       7.8G

             total       used       free     shared    buffers     cached
Mem:          992M       918M        73M       580K       504K       3.1M
-/+ buffers/cache:       915M        76M
Swap:         8.0G       196M       7.8G

             total       used       free     shared    buffers     cached
Mem:          992M       923M        68M       580K       504K       2.9M
-/+ buffers/cache:       919M        72M
Swap:         8.0G       215M       7.8G

             total       used       free     shared    buffers     cached
Mem:          992M       926M        65M       580K       504K       2.9M
-/+ buffers/cache:       922M        69M
Swap:         8.0G       224M       7.8G

             total       used       free     shared    buffers     cached
Mem:          992M       921M        70M       580K       504K       2.7M
-/+ buffers/cache:       918M        73M
Swap:         8.0G       239M       7.8G

             total       used       free     shared    buffers     cached
Mem:          992M       919M        72M       552K       512K       2.6M
-/+ buffers/cache:       916M        75M
Swap:         8.0G       254M       7.7G

             total       used       free     shared    buffers     cached
Mem:          992M       928M        63M       548K       516K       2.6M
-/+ buffers/cache:       925M        66M
Swap:         8.0G       254M       7.7G

             total       used       free     shared    buffers     cached
Mem:          992M       918M        74M       548K       516K       2.7M
-/+ buffers/cache:       914M        77M
Swap:         8.0G       271M       7.7G

             total       used       free     shared    buffers     cached
Mem:          992M       923M        68M       548K       516K       2.7M
-/+ buffers/cache:       920M        71M
Swap:         8.0G       271M       7.7G

             total       used       free     shared    buffers     cached
Mem:          992M       929M        62M       548K       516K       2.7M
-/+ buffers/cache:       926M        65M
Swap:         8.0G       271M       7.7G

             total       used       free     shared    buffers     cached
Mem:          992M       919M        73M       548K       484K       2.5M
-/+ buffers/cache:       916M        76M
Swap:         8.0G       287M       7.7G

             total       used       free     shared    buffers     cached
Mem:          992M       924M        67M       548K       484K       2.5M
-/+ buffers/cache:       921M        70M
Swap:         8.0G       287M       7.7G

             total       used       free     shared    buffers     cached
Mem:          992M       929M        62M       548K       484K       2.5M
-/+ buffers/cache:       926M        65M
Swap:         8.0G       287M       7.7G

             total       used       free     shared    buffers     cached
Mem:          992M       912M        79M       548K       336K       2.3M
-/+ buffers/cache:       910M        82M
Swap:         8.0G       320M       7.7G

             total       used       free     shared    buffers     cached
Mem:          992M       917M        74M       548K       336K       2.3M
-/+ buffers/cache:       915M        76M
Swap:         8.0G       320M       7.7G

             total       used       free     shared    buffers     cached
Mem:          992M       922M        69M       548K       344K       2.3M
-/+ buffers/cache:       919M        72M
Swap:         8.0G       320M       7.7G

             total       used       free     shared    buffers     cached
Mem:          992M       927M        64M       548K       344K       2.3M
-/+ buffers/cache:       924M        67M
Swap:         8.0G       320M       7.7G

             total       used       free     shared    buffers     cached
Mem:          992M       919M        72M       548K       344K       2.3M
-/+ buffers/cache:       917M        75M
Swap:         8.0G       320M       7.7G

             total       used       free     shared    buffers     cached
Mem:          992M       923M        68M       548K       344K       2.4M
-/+ buffers/cache:       920M        71M
Swap:         8.0G       320M       7.7G

             total       used       free     shared    buffers     cached
Mem:          992M       925M        66M        28K       344K       1.8M
-/+ buffers/cache:       923M        68M
Swap:         8.0G       320M       7.7G

             total       used       free     shared    buffers     cached
Mem:          992M       919M        72M         4K       260K       1.7M
-/+ buffers/cache:       917M        74M
Swap:         8.0G       320M       7.7G

             total       used       free     shared    buffers     cached
Mem:          992M       921M        70M         4K       268K       1.8M
-/+ buffers/cache:       919M        72M
Swap:         8.0G       329M       7.7G

             total       used       free     shared    buffers     cached
Mem:          992M       922M        70M         0B       124K       1.7M
-/+ buffers/cache:       920M        71M
Swap:         8.0G       321M       7.7G

             total       used       free     shared    buffers     cached
Mem:          992M       920M        71M         0B        80K       1.5M
-/+ buffers/cache:       918M        73M
Swap:         8.0G       316M       7.7G

             total       used       free     shared    buffers     cached
Mem:          992M       923M        69M         0B        76K       1.4M
-/+ buffers/cache:       921M        70M
Swap:         8.0G       317M       7.7G

             total       used       free     shared    buffers     cached
Mem:          992M       921M        71M         0B        76K       1.3M
-/+ buffers/cache:       919M        72M
Swap:         8.0G       320M       7.7G

             total       used       free     shared    buffers     cached
Mem:          992M       918M        73M         0B        84K       1.3M
-/+ buffers/cache:       917M        74M
Swap:         8.0G       321M       7.7G

             total       used       free     shared    buffers     cached
Mem:          992M       921M        70M         0B        84K       1.3M
-/+ buffers/cache:       919M        72M
Swap:         8.0G       318M       7.7G

             total       used       free     shared    buffers     cached
Mem:          992M       920M        71M         0B        84K       1.3M
-/+ buffers/cache:       918M        73M
Swap:         8.0G       326M       7.7G

             total       used       free     shared    buffers     cached
Mem:          992M       932M        59M         0B        84K       1.3M
-/+ buffers/cache:       930M        61M
Swap:         8.0G       403M       7.6G

             total       used       free     shared    buffers     cached
Mem:          992M       917M        74M         0B        84K       1.3M
-/+ buffers/cache:       916M        76M
Swap:         8.0G       355M       7.7G

             total       used       free     shared    buffers     cached
Mem:          992M       922M        69M         0B        92K       1.6M
-/+ buffers/cache:       920M        71M
Swap:         8.0G       345M       7.7G

             total       used       free     shared    buffers     cached
Mem:          992M       924M        67M         0B        92K       1.6M
-/+ buffers/cache:       922M        69M
Swap:         8.0G       344M       7.7G

             total       used       free     shared    buffers     cached
Mem:          992M       929M        62M         0B        92K       1.6M
-/+ buffers/cache:       927M        64M
Swap:         8.0G       343M       7.7G

             total       used       free     shared    buffers     cached
Mem:          992M       919M        72M         0B        88K       1.6M
-/+ buffers/cache:       917M        74M
Swap:         8.0G       342M       7.7G

             total       used       free     shared    buffers     cached
Mem:          992M       925M        66M         0B        88K       1.6M
-/+ buffers/cache:       924M        68M
Swap:         8.0G       342M       7.7G

             total       used       free     shared    buffers     cached
Mem:          992M       919M        72M         0B        88K       1.6M
-/+ buffers/cache:       918M        73M
Swap:         8.0G       359M       7.6G

             total       used       free     shared    buffers     cached
Mem:          992M       924M        67M         0B        96K       1.6M
-/+ buffers/cache:       923M        69M
Swap:         8.0G       359M       7.6G

             total       used       free     shared    buffers     cached
Mem:          992M       920M        71M         0B        76K        16M
-/+ buffers/cache:       903M        88M
Swap:         8.0G       384M       7.6G

             total       used       free     shared    buffers     cached
Mem:          992M       927M        65M         0B        84K        19M
-/+ buffers/cache:       907M        84M
Swap:         8.0G       385M       7.6G

             total       used       free     shared    buffers     cached
Mem:          992M       929M        62M         0B       824K        19M
-/+ buffers/cache:       908M        83M
Swap:         8.0G       385M       7.6G

             total       used       free     shared    buffers     cached
Mem:          992M       931M        60M         0B       824K        19M
-/+ buffers/cache:       910M        81M
Swap:         8.0G       384M       7.6G

             total       used       free     shared    buffers     cached
Mem:          992M       898M        93M         0B       804K        13M
-/+ buffers/cache:       884M       107M
Swap:         8.0G       423M       7.6G

             total       used       free     shared    buffers     cached
Mem:          992M       900M        91M         0B       804K        13M
-/+ buffers/cache:       886M       105M
Swap:         8.0G       422M       7.6G

             total       used       free     shared    buffers     cached
Mem:          992M       902M        89M         0B       804K        13M
-/+ buffers/cache:       889M       103M
Swap:         8.0G       421M       7.6G

             total       used       free     shared    buffers     cached
Mem:          992M       904M        87M         0B       804K        13M
-/+ buffers/cache:       890M       101M
Swap:         8.0G       421M       7.6G

             total       used       free     shared    buffers     cached
Mem:          992M       906M        85M         0B       804K        13M
-/+ buffers/cache:       892M        99M
Swap:         8.0G       420M       7.6G

             total       used       free     shared    buffers     cached
Mem:          992M       908M        83M         0B       812K        13M
-/+ buffers/cache:       894M        97M
Swap:         8.0G       419M       7.6G

             total       used       free     shared    buffers     cached
Mem:          992M       910M        81M         0B       812K        13M
-/+ buffers/cache:       896M        95M
Swap:         8.0G       418M       7.6G

             total       used       free     shared    buffers     cached
Mem:          992M       912M        79M         0B       812K        13M
-/+ buffers/cache:       898M        93M
Swap:         8.0G       417M       7.6G

             total       used       free     shared    buffers     cached
Mem:          992M       914M        77M         0B       812K        13M
-/+ buffers/cache:       900M        91M
Swap:         8.0G       416M       7.6G

             total       used       free     shared    buffers     cached
Mem:          992M       917M        74M         0B       820K        13M
-/+ buffers/cache:       903M        89M
Swap:         8.0G       414M       7.6G

             total       used       free     shared    buffers     cached
Mem:          992M       919M        72M         0B       820K        13M
-/+ buffers/cache:       905M        87M
Swap:         8.0G       414M       7.6G

             total       used       free     shared    buffers     cached
Mem:          992M       921M        70M         0B       828K        13M
-/+ buffers/cache:       907M        85M
Swap:         8.0G       412M       7.6G

             total       used       free     shared    buffers     cached
Mem:          992M       923M        68M         0B       828K        13M
-/+ buffers/cache:       908M        83M
Swap:         8.0G       411M       7.6G

             total       used       free     shared    buffers     cached
Mem:          992M       925M        67M         0B       828K        13M
-/+ buffers/cache:       910M        81M
Swap:         8.0G       410M       7.6G

             total       used       free     shared    buffers     cached
Mem:          992M       927M        64M         0B       828K        13M
-/+ buffers/cache:       912M        79M
Swap:         8.0G       408M       7.6G

             total       used       free     shared    buffers     cached
Mem:          992M       929M        62M         0B       828K        13M
-/+ buffers/cache:       915M        77M
Swap:         8.0G       407M       7.6G

             total       used       free     shared    buffers     cached
Mem:          992M       919M        72M         0B       836K        12M
-/+ buffers/cache:       906M        86M
Swap:         8.0G       413M       7.6G

             total       used       free     shared    buffers     cached
Mem:          992M       921M        70M         0B       836K        12M
-/+ buffers/cache:       908M        83M
Swap:         8.0G       412M       7.6G

             total       used       free     shared    buffers     cached
Mem:          992M       923M        68M         0B       836K        12M
-/+ buffers/cache:       910M        81M
Swap:         8.0G       411M       7.6G

             total       used       free     shared    buffers     cached
Mem:          992M       926M        66M         0B       836K        12M
-/+ buffers/cache:       912M        79M
Swap:         8.0G       410M       7.6G

             total       used       free     shared    buffers     cached
Mem:          992M       928M        63M         0B       836K        12M
-/+ buffers/cache:       914M        77M
Swap:         8.0G       409M       7.6G

             total       used       free     shared    buffers     cached
Mem:          992M       930M        61M         0B       844K        12M
-/+ buffers/cache:       916M        75M
Swap:         8.0G       408M       7.6G

             total       used       free     shared    buffers     cached
Mem:          992M       912M        79M         0B        96K       6.6M
-/+ buffers/cache:       905M        86M
Swap:         8.0G       427M       7.6G

             total       used       free     shared    buffers     cached
Mem:          992M       914M        77M         0B        96K       6.6M
-/+ buffers/cache:       908M        84M
Swap:         8.0G       426M       7.6G

             total       used       free     shared    buffers     cached
Mem:          992M       917M        75M         0B        96K       6.6M
-/+ buffers/cache:       910M        81M
Swap:         8.0G       425M       7.6G

             total       used       free     shared    buffers     cached
Mem:          992M       919M        72M         0B        96K       6.6M
-/+ buffers/cache:       912M        79M
Swap:         8.0G       424M       7.6G

             total       used       free     shared    buffers     cached
Mem:          992M       921M        70M         0B        96K       6.7M
-/+ buffers/cache:       915M        77M
Swap:         8.0G       422M       7.6G

             total       used       free     shared    buffers     cached
Mem:          992M       923M        68M         0B       104K       6.6M
-/+ buffers/cache:       916M        75M
Swap:         8.0G       421M       7.6G

             total       used       free     shared    buffers     cached
Mem:          992M       926M        66M         0B       104K       6.6M
-/+ buffers/cache:       919M        72M
Swap:         8.0G       420M       7.6G

             total       used       free     shared    buffers     cached
Mem:          992M       928M        63M         0B       104K       6.6M
-/+ buffers/cache:       921M        70M
Swap:         8.0G       419M       7.6G

             total       used       free     shared    buffers     cached
Mem:          992M       930M        61M         0B       104K       6.6M
-/+ buffers/cache:       924M        68M
Swap:         8.0G       417M       7.6G

             total       used       free     shared    buffers     cached
Mem:          992M       920M        71M         0B       104K       5.9M
-/+ buffers/cache:       914M        77M
Swap:         8.0G       417M       7.6G

             total       used       free     shared    buffers     cached
Mem:          992M       922M        69M         0B       112K       6.0M
-/+ buffers/cache:       916M        75M
Swap:         8.0G       416M       7.6G

             total       used       free     shared    buffers     cached
Mem:          992M       925M        67M         0B       112K       5.9M
-/+ buffers/cache:       919M        73M
Swap:         8.0G       414M       7.6G

             total       used       free     shared    buffers     cached
Mem:          992M       927M        64M         0B       112K       5.9M
-/+ buffers/cache:       921M        70M
Swap:         8.0G       413M       7.6G

             total       used       free     shared    buffers     cached
Mem:          992M       929M        62M         0B       112K       5.9M
-/+ buffers/cache:       923M        68M
Swap:         8.0G       412M       7.6G

             total       used       free     shared    buffers     cached
Mem:          992M       917M        74M         0B       100K       2.8M
-/+ buffers/cache:       914M        77M
Swap:         8.0G       438M       7.6G

             total       used       free     shared    buffers     cached
Mem:          992M       919M        72M         0B       108K       2.9M
-/+ buffers/cache:       916M        75M
Swap:         8.0G       437M       7.6G

             total       used       free     shared    buffers     cached
Mem:          992M       922M        69M         0B       136K       2.8M
-/+ buffers/cache:       919M        72M
Swap:         8.0G       435M       7.6G

             total       used       free     shared    buffers     cached
Mem:          992M       924M        67M         0B       136K       2.8M
-/+ buffers/cache:       921M        70M
Swap:         8.0G       434M       7.6G

             total       used       free     shared    buffers     cached
Mem:          992M       927M        64M         0B       136K       2.9M
-/+ buffers/cache:       924M        67M
Swap:         8.0G       433M       7.6G

             total       used       free     shared    buffers     cached
Mem:          992M       929M        62M         0B       136K       2.8M
-/+ buffers/cache:       926M        65M
Swap:         8.0G       432M       7.6G

             total       used       free     shared    buffers     cached
Mem:          992M       916M        75M         0B       136K       2.7M
-/+ buffers/cache:       914M        78M
Swap:         8.0G       431M       7.6G

             total       used       free     shared    buffers     cached
Mem:          992M       918M        73M         0B       144K       2.7M
-/+ buffers/cache:       915M        76M
Swap:         8.0G       430M       7.6G

             total       used       free     shared    buffers     cached
Mem:          992M       921M        71M         0B       144K       2.7M
-/+ buffers/cache:       918M        74M
Swap:         8.0G       429M       7.6G

             total       used       free     shared    buffers     cached
Mem:          992M       923M        68M         0B       144K       2.7M
-/+ buffers/cache:       920M        71M
Swap:         8.0G       428M       7.6G

             total       used       free     shared    buffers     cached
Mem:          992M       926M        66M         0B       144K       2.7M
-/+ buffers/cache:       923M        68M
Swap:         8.0G       427M       7.6G

             total       used       free     shared    buffers     cached
Mem:          992M       928M        63M         0B       144K       2.7M
-/+ buffers/cache:       925M        66M
Swap:         8.0G       425M       7.6G

             total       used       free     shared    buffers     cached
Mem:          992M       930M        61M         0B       152K       2.7M
-/+ buffers/cache:       927M        64M
Swap:         8.0G       424M       7.6G

             total       used       free     shared    buffers     cached
Mem:          992M       917M        74M         0B       152K       2.6M
-/+ buffers/cache:       914M        77M
Swap:         8.0G       437M       7.6G

             total       used       free     shared    buffers     cached
Mem:          992M       919M        72M         0B       152K       2.6M
-/+ buffers/cache:       917M        75M
Swap:         8.0G       436M       7.6G

             total       used       free     shared    buffers     cached
Mem:          992M       922M        69M         0B       152K       2.6M
-/+ buffers/cache:       919M        72M
Swap:         8.0G       434M       7.6G

             total       used       free     shared    buffers     cached
Mem:          992M       924M        67M         0B       152K       2.6M
-/+ buffers/cache:       921M        70M
Swap:         8.0G       433M       7.6G

             total       used       free     shared    buffers     cached
Mem:          992M       926M        65M         0B       160K       2.6M
-/+ buffers/cache:       923M        68M
Swap:         8.0G       432M       7.6G

             total       used       free     shared    buffers     cached
Mem:          992M       928M        63M         0B       160K       2.6M
-/+ buffers/cache:       926M        66M
Swap:         8.0G       431M       7.6G

             total       used       free     shared    buffers     cached
Mem:          992M       930M        61M         0B       160K       2.6M
-/+ buffers/cache:       928M        63M
Swap:         8.0G       430M       7.6G

             total       used       free     shared    buffers     cached
Mem:          992M       920M        71M         0B       104K        20M
-/+ buffers/cache:       899M        92M
Swap:         8.0G       465M       7.5G

             total       used       free     shared    buffers     cached
Mem:          992M       922M        69M         0B       112K        20M
-/+ buffers/cache:       902M        90M
Swap:         8.0G       464M       7.5G

             total       used       free     shared    buffers     cached
Mem:          992M       924M        67M         0B       560K        20M
-/+ buffers/cache:       903M        88M
Swap:         8.0G       463M       7.5G

             total       used       free     shared    buffers     cached
Mem:          992M       927M        64M         0B       568K        22M
-/+ buffers/cache:       904M        87M
Swap:         8.0G       462M       7.5G

             total       used       free     shared    buffers     cached
Mem:          992M       928M        63M         0B       568K        22M
-/+ buffers/cache:       905M        86M
Swap:         8.0G       462M       7.5G

             total       used       free     shared    buffers     cached
Mem:          992M       918M        73M         0B       856K        22M
-/+ buffers/cache:       894M        97M
Swap:         8.0G       469M       7.5G

             total       used       free     shared    buffers     cached
Mem:          992M       919M        73M         0B       960K        31M
-/+ buffers/cache:       886M       105M
Swap:         8.0G       487M       7.5G

             total       used       free     shared    buffers     cached
Mem:          992M       920M        71M        16K       960K        31M
-/+ buffers/cache:       887M       104M
Swap:         8.0G       486M       7.5G

             total       used       free     shared    buffers     cached
Mem:          992M       921M        71M        16K       968K        31M
-/+ buffers/cache:       888M       103M
Swap:         8.0G       486M       7.5G

             total       used       free     shared    buffers     cached
Mem:          992M       922M        69M        16K       968K        31M
-/+ buffers/cache:       890M       102M
Swap:         8.0G       485M       7.5G

             total       used       free     shared    buffers     cached
Mem:          992M       923M        68M        16K       968K        31M
-/+ buffers/cache:       891M       100M
Swap:         8.0G       484M       7.5G

             total       used       free     shared    buffers     cached
Mem:          992M       925M        66M        16K       968K        31M
-/+ buffers/cache:       892M        99M
Swap:         8.0G       484M       7.5G

             total       used       free     shared    buffers     cached
Mem:          992M       926M        65M        16K       968K        31M
-/+ buffers/cache:       894M        98M
Swap:         8.0G       483M       7.5G

             total       used       free     shared    buffers     cached
Mem:          992M       929M        62M        16K       976K        32M
-/+ buffers/cache:       896M        95M
Swap:         8.0G       482M       7.5G

             total       used       free     shared    buffers     cached
Mem:          992M       931M        61M        16K       976K        32M
-/+ buffers/cache:       897M        94M
Swap:         8.0G       481M       7.5G

             total       used       free     shared    buffers     cached
Mem:          992M       917M        74M        16K       976K        31M
-/+ buffers/cache:       885M       106M
Swap:         8.0G       489M       7.5G

             total       used       free     shared    buffers     cached
Mem:          992M       919M        72M        16K       976K        31M
-/+ buffers/cache:       886M       105M
Swap:         8.0G       488M       7.5G

             total       used       free     shared    buffers     cached
Mem:          992M       920M        71M        16K       976K        31M
-/+ buffers/cache:       888M       104M
Swap:         8.0G       487M       7.5G

             total       used       free     shared    buffers     cached
Mem:          992M       921M        70M        16K       976K        31M
-/+ buffers/cache:       889M       102M
Swap:         8.0G       487M       7.5G

             total       used       free     shared    buffers     cached
Mem:          992M       923M        69M        16K       984K        31M
-/+ buffers/cache:       890M       101M
Swap:         8.0G       486M       7.5G

             total       used       free     shared    buffers     cached
Mem:          992M       924M        67M        16K       984K        31M
-/+ buffers/cache:       891M       100M
Swap:         8.0G       486M       7.5G

             total       used       free     shared    buffers     cached
Mem:          992M       926M        66M        16K       984K        31M
-/+ buffers/cache:       893M        98M
Swap:         8.0G       485M       7.5G

             total       used       free     shared    buffers     cached
Mem:          992M       927M        64M        16K       984K        31M
-/+ buffers/cache:       894M        97M
Swap:         8.0G       484M       7.5G

             total       used       free     shared    buffers     cached
Mem:          992M       928M        63M        16K       992K        31M
-/+ buffers/cache:       896M        96M
Swap:         8.0G       483M       7.5G

             total       used       free     shared    buffers     cached
Mem:          992M       930M        61M        16K       1.0M        31M
-/+ buffers/cache:       897M        94M
Swap:         8.0G       483M       7.5G

             total       used       free     shared    buffers     cached
Mem:          992M       919M        72M        16K       1.0M        29M
-/+ buffers/cache:       889M       102M
Swap:         8.0G       494M       7.5G

             total       used       free     shared    buffers     cached
Mem:          992M       920M        71M        16K       1.0M        29M
-/+ buffers/cache:       890M       101M
Swap:         8.0G       493M       7.5G

             total       used       free     shared    buffers     cached
Mem:          992M       921M        70M        16K       1.0M        29M
-/+ buffers/cache:       891M       100M
Swap:         8.0G       492M       7.5G

             total       used       free     shared    buffers     cached
Mem:          992M       923M        68M        16K       1.0M        29M
-/+ buffers/cache:       893M        98M
Swap:         8.0G       492M       7.5G

             total       used       free     shared    buffers     cached
Mem:          992M       924M        67M        16K       1.0M        29M
-/+ buffers/cache:       894M        97M
Swap:         8.0G       491M       7.5G

             total       used       free     shared    buffers     cached
Mem:          992M       925M        66M        16K       1.0M        29M
-/+ buffers/cache:       895M        96M
Swap:         8.0G       491M       7.5G

             total       used       free     shared    buffers     cached
Mem:          992M       927M        65M        16K       1.0M        29M
-/+ buffers/cache:       897M        95M
Swap:         8.0G       490M       7.5G

             total       used       free     shared    buffers     cached
Mem:          992M       928M        63M        16K       1.0M        29M
-/+ buffers/cache:       898M        93M
Swap:         8.0G       489M       7.5G

             total       used       free     shared    buffers     cached
Mem:          992M       929M        62M        16K       1.0M        29M
-/+ buffers/cache:       899M        92M
Swap:         8.0G       489M       7.5G

             total       used       free     shared    buffers     cached
Mem:          992M       930M        61M        16K       1.0M        29M
-/+ buffers/cache:       900M        91M
Swap:         8.0G       488M       7.5G

             total       used       free     shared    buffers     cached
Mem:          992M       919M        72M        16K       1.0M        28M
-/+ buffers/cache:       890M       101M
Swap:         8.0G       488M       7.5G

             total       used       free     shared    buffers     cached
Mem:          992M       921M        70M        16K       1.0M        28M
-/+ buffers/cache:       892M       100M
Swap:         8.0G       487M       7.5G

             total       used       free     shared    buffers     cached
Mem:          992M       922M        69M        16K       1.0M        28M
-/+ buffers/cache:       893M        98M
Swap:         8.0G       487M       7.5G

             total       used       free     shared    buffers     cached
Mem:          992M       924M        68M        16K       1.0M        28M
-/+ buffers/cache:       894M        97M
Swap:         8.0G       486M       7.5G

             total       used       free     shared    buffers     cached
Mem:          992M       925M        66M        16K       1.0M        28M
-/+ buffers/cache:       896M        95M
Swap:         8.0G       486M       7.5G

             total       used       free     shared    buffers     cached
Mem:          992M       926M        65M        16K       1.0M        28M
-/+ buffers/cache:       897M        94M
Swap:         8.0G       485M       7.5G

             total       used       free     shared    buffers     cached
Mem:          992M       928M        64M        16K       1.0M        28M
-/+ buffers/cache:       898M        93M
Swap:         8.0G       484M       7.5G

             total       used       free     shared    buffers     cached
Mem:          992M       929M        62M        16K       1.0M        28M
-/+ buffers/cache:       900M        92M
Swap:         8.0G       484M       7.5G

             total       used       free     shared    buffers     cached
Mem:          992M       930M        61M        16K       1.0M        28M
-/+ buffers/cache:       901M        90M
Swap:         8.0G       483M       7.5G

             total       used       free     shared    buffers     cached
Mem:          992M       902M        89M        16K       364K        23M
-/+ buffers/cache:       878M       113M
Swap:         8.0G       510M       7.5G

             total       used       free     shared    buffers     cached
Mem:          992M       903M        88M        16K       364K        23M
-/+ buffers/cache:       879M       112M
Swap:         8.0G       510M       7.5G

             total       used       free     shared    buffers     cached
Mem:          992M       904M        87M        16K       376K        23M
-/+ buffers/cache:       880M       111M
Swap:         8.0G       509M       7.5G

             total       used       free     shared    buffers     cached
Mem:          992M       905M        86M        16K       376K        23M
-/+ buffers/cache:       882M       110M
Swap:         8.0G       509M       7.5G

             total       used       free     shared    buffers     cached
Mem:          992M       907M        84M        16K       376K        23M
-/+ buffers/cache:       883M       108M
Swap:         8.0G       508M       7.5G

             total       used       free     shared    buffers     cached
Mem:          992M       908M        83M        16K       376K        23M
-/+ buffers/cache:       884M       107M
Swap:         8.0G       507M       7.5G

             total       used       free     shared    buffers     cached
Mem:          992M       909M        82M        16K       376K        23M
-/+ buffers/cache:       885M       106M
Swap:         8.0G       507M       7.5G

             total       used       free     shared    buffers     cached
Mem:          992M       910M        81M        16K       376K        23M
-/+ buffers/cache:       886M       105M
Swap:         8.0G       506M       7.5G

             total       used       free     shared    buffers     cached
Mem:          992M       912M        79M        16K       384K        23M
-/+ buffers/cache:       888M       104M
Swap:         8.0G       505M       7.5G

             total       used       free     shared    buffers     cached
Mem:          992M       913M        78M        16K       384K        23M
-/+ buffers/cache:       889M       102M
Swap:         8.0G       505M       7.5G

             total       used       free     shared    buffers     cached
Mem:          992M       914M        77M        16K       384K        23M
-/+ buffers/cache:       890M       101M
Swap:         8.0G       504M       7.5G

             total       used       free     shared    buffers     cached
Mem:          992M       916M        76M        16K       384K        23M
-/+ buffers/cache:       892M       100M
Swap:         8.0G       504M       7.5G

             total       used       free     shared    buffers     cached
Mem:          992M       917M        74M        16K       384K        23M
-/+ buffers/cache:       893M        98M
Swap:         8.0G       503M       7.5G

             total       used       free     shared    buffers     cached
Mem:          992M       918M        73M        16K       392K        23M
-/+ buffers/cache:       894M        97M
Swap:         8.0G       502M       7.5G

             total       used       free     shared    buffers     cached
Mem:          992M       919M        72M        16K       392K        23M
-/+ buffers/cache:       895M        96M
Swap:         8.0G       502M       7.5G

             total       used       free     shared    buffers     cached
Mem:          992M       921M        70M        16K       392K        23M
-/+ buffers/cache:       897M        95M
Swap:         8.0G       501M       7.5G

             total       used       free     shared    buffers     cached
Mem:          992M       927M        64M        16K       392K        28M
-/+ buffers/cache:       898M        93M
Swap:         8.0G       500M       7.5G

             total       used       free     shared    buffers     cached
Mem:          992M       928M        63M        16K       392K        28M
-/+ buffers/cache:       899M        92M
Swap:         8.0G       500M       7.5G

             total       used       free     shared    buffers     cached
Mem:          992M       930M        61M        16K       400K        28M
-/+ buffers/cache:       901M        91M
Swap:         8.0G       499M       7.5G

             total       used       free     shared    buffers     cached
Mem:          992M       918M        73M        16K       236K        27M
-/+ buffers/cache:       890M       101M
Swap:         8.0G       498M       7.5G

             total       used       free     shared    buffers     cached
Mem:          992M       919M        72M        16K       236K        27M
-/+ buffers/cache:       891M       100M
Swap:         8.0G       497M       7.5G

             total       used       free     shared    buffers     cached
Mem:          992M       920M        71M        16K       236K        27M
-/+ buffers/cache:       892M        99M
Swap:         8.0G       496M       7.5G

             total       used       free     shared    buffers     cached
Mem:          992M       922M        69M        16K       236K        27M
-/+ buffers/cache:       894M        97M
Swap:         8.0G       496M       7.5G

             total       used       free     shared    buffers     cached
Mem:          992M       923M        68M        16K       236K        27M
-/+ buffers/cache:       895M        96M
Swap:         8.0G       495M       7.5G

             total       used       free     shared    buffers     cached
Mem:          992M       925M        66M        16K       244K        27M
-/+ buffers/cache:       897M        95M
Swap:         8.0G       494M       7.5G

             total       used       free     shared    buffers     cached
Mem:          992M       926M        65M        16K       244K        27M
-/+ buffers/cache:       898M        93M
Swap:         8.0G       494M       7.5G

             total       used       free     shared    buffers     cached
Mem:          992M       927M        64M        16K       244K        28M
-/+ buffers/cache:       899M        92M
Swap:         8.0G       493M       7.5G

             total       used       free     shared    buffers     cached
Mem:          992M       930M        61M        16K       380K        28M
-/+ buffers/cache:       901M        90M
Swap:         8.0G       492M       7.5G

             total       used       free     shared    buffers     cached
Mem:          992M       918M        74M        20K       312K        23M
-/+ buffers/cache:       894M        97M
Swap:         8.0G       509M       7.5G

             total       used       free     shared    buffers     cached
Mem:          992M       926M        65M        20K       312K        25M
-/+ buffers/cache:       900M        91M
Swap:         8.0G       506M       7.5G

             total       used       free     shared    buffers     cached
Mem:          992M       927M        64M        20K       320K        25M
-/+ buffers/cache:       901M        90M
Swap:         8.0G       505M       7.5G

             total       used       free     shared    buffers     cached
Mem:          992M       921M        70M        20K       300K        26M
-/+ buffers/cache:       894M        97M
Swap:         8.0G       503M       7.5G

             total       used       free     shared    buffers     cached
Mem:          992M       920M        71M        20K       272K        26M
-/+ buffers/cache:       893M        98M
Swap:         8.0G       502M       7.5G

             total       used       free     shared    buffers     cached
Mem:          992M       920M        71M        20K       272K        26M
-/+ buffers/cache:       894M        97M
Swap:         8.0G       502M       7.5G

             total       used       free     shared    buffers     cached
Mem:          992M       921M        70M        20K       272K        26M
-/+ buffers/cache:       894M        97M
Swap:         8.0G       502M       7.5G

             total       used       free     shared    buffers     cached
Mem:          992M       922M        70M        20K       280K        26M
-/+ buffers/cache:       895M        96M
Swap:         8.0G       502M       7.5G

             total       used       free     shared    buffers     cached
Mem:          992M       923M        69M        20K       280K        26M
-/+ buffers/cache:       896M        95M
Swap:         8.0G       501M       7.5G

             total       used       free     shared    buffers     cached
Mem:          992M       923M        68M        20K       280K        26M
-/+ buffers/cache:       897M        95M
Swap:         8.0G       501M       7.5G

             total       used       free     shared    buffers     cached
Mem:          992M       924M        67M        20K       280K        26M
-/+ buffers/cache:       897M        94M
Swap:         8.0G       501M       7.5G

             total       used       free     shared    buffers     cached
Mem:          992M       925M        67M        20K       280K        26M
-/+ buffers/cache:       898M        93M
Swap:         8.0G       500M       7.5G

             total       used       free     shared    buffers     cached
Mem:          992M       925M        66M        20K       284K        26M
-/+ buffers/cache:       899M        92M
Swap:         8.0G       500M       7.5G

             total       used       free     shared    buffers     cached
Mem:          992M       926M        65M        20K       292K        26M
-/+ buffers/cache:       899M        92M
Swap:         8.0G       500M       7.5G

             total       used       free     shared    buffers     cached
Mem:          992M       923M        68M       228K       2.8M        48M
-/+ buffers/cache:       872M       119M
Swap:         8.0G       546M       7.5G

             total       used       free     shared    buffers     cached
Mem:          992M       923M        68M       3.9M       4.9M        66M
-/+ buffers/cache:       852M       139M
Swap:         8.0G       577M       7.4G

             total       used       free     shared    buffers     cached
Mem:          992M       927M        64M       220K       5.2M        67M
-/+ buffers/cache:       855M       136M
Swap:         8.0G       574M       7.4G

             total       used       free     shared    buffers     cached
Mem:          992M       929M        62M       232K       5.2M        66M
-/+ buffers/cache:       857M       135M
Swap:         8.0G       573M       7.4G

             total       used       free     shared    buffers     cached
Mem:          992M       929M        62M       232K       5.2M        67M
-/+ buffers/cache:       857M       134M
Swap:         8.0G       573M       7.4G

             total       used       free     shared    buffers     cached
Mem:          992M       931M        61M       232K       5.2M        66M
-/+ buffers/cache:       858M       133M
Swap:         8.0G       572M       7.4G

             total       used       free     shared    buffers     cached
Mem:          992M       913M        78M       232K       4.9M        61M
-/+ buffers/cache:       847M       144M
Swap:         8.0G       582M       7.4G

             total       used       free     shared    buffers     cached
Mem:          992M       916M        76M       232K       5.1M        62M
-/+ buffers/cache:       848M       143M
Swap:         8.0G       582M       7.4G

             total       used       free     shared    buffers     cached
Mem:          992M       917M        74M       232K       5.1M        62M
-/+ buffers/cache:       850M       141M
Swap:         8.0G       581M       7.4G

             total       used       free     shared    buffers     cached
Mem:          992M       919M        73M       232K       5.1M        62M
-/+ buffers/cache:       851M       140M
Swap:         8.0G       581M       7.4G

             total       used       free     shared    buffers     cached
Mem:          992M       920M        71M       232K       5.1M        62M
-/+ buffers/cache:       853M       139M
Swap:         8.0G       580M       7.4G

             total       used       free     shared    buffers     cached
Mem:          992M       921M        70M       232K       5.1M        62M
-/+ buffers/cache:       854M       137M
Swap:         8.0G       580M       7.4G

             total       used       free     shared    buffers     cached
Mem:          992M       922M        69M       232K       5.1M        62M
-/+ buffers/cache:       855M       136M
Swap:         8.0G       579M       7.4G

             total       used       free     shared    buffers     cached
Mem:          992M       924M        67M       232K       5.1M        62M
-/+ buffers/cache:       857M       135M
Swap:         8.0G       578M       7.4G

             total       used       free     shared    buffers     cached
Mem:          992M       925M        66M       232K       5.1M        62M
-/+ buffers/cache:       858M       133M
Swap:         8.0G       578M       7.4G

             total       used       free     shared    buffers     cached
Mem:          992M       927M        64M       232K       5.1M        62M
-/+ buffers/cache:       859M       132M
Swap:         8.0G       577M       7.4G

             total       used       free     shared    buffers     cached
Mem:          992M       928M        63M       232K       5.1M        62M
-/+ buffers/cache:       861M       130M
Swap:         8.0G       577M       7.4G

             total       used       free     shared    buffers     cached
Mem:          992M       930M        62M       232K       5.1M        62M
-/+ buffers/cache:       862M       129M
Swap:         8.0G       576M       7.4G

             total       used       free     shared    buffers     cached
Mem:          992M       918M        73M       232K       5.1M        61M
-/+ buffers/cache:       851M       140M
Swap:         8.0G       589M       7.4G

             total       used       free     shared    buffers     cached
Mem:          992M       919M        72M       232K       5.1M        61M
-/+ buffers/cache:       852M       139M
Swap:         8.0G       588M       7.4G

             total       used       free     shared    buffers     cached
Mem:          992M       920M        71M       232K       5.1M        61M
-/+ buffers/cache:       853M       138M
Swap:         8.0G       587M       7.4G

             total       used       free     shared    buffers     cached
Mem:          992M       922M        69M       232K       5.1M        61M
-/+ buffers/cache:       855M       136M
Swap:         8.0G       587M       7.4G

             total       used       free     shared    buffers     cached
Mem:          992M       923M        68M       232K       5.1M        61M
-/+ buffers/cache:       856M       135M
Swap:         8.0G       586M       7.4G

             total       used       free     shared    buffers     cached
Mem:          992M       925M        66M       232K       5.1M        61M
-/+ buffers/cache:       858M       133M
Swap:         8.0G       586M       7.4G

             total       used       free     shared    buffers     cached
Mem:          992M       926M        65M       232K       5.1M        61M
-/+ buffers/cache:       859M       132M
Swap:         8.0G       585M       7.4G

             total       used       free     shared    buffers     cached
Mem:          992M       927M        64M       232K       5.1M        61M
-/+ buffers/cache:       860M       131M
Swap:         8.0G       585M       7.4G

             total       used       free     shared    buffers     cached
Mem:          992M       929M        63M       232K       5.1M        61M
-/+ buffers/cache:       862M       130M
Swap:         8.0G       584M       7.4G

             total       used       free     shared    buffers     cached
Mem:          992M       930M        61M       232K       5.1M        61M
-/+ buffers/cache:       863M       128M
Swap:         8.0G       583M       7.4G

             total       used       free     shared    buffers     cached
Mem:          992M       914M        77M       232K       4.8M        60M
-/+ buffers/cache:       849M       143M
Swap:         8.0G       591M       7.4G

             total       used       free     shared    buffers     cached
Mem:          992M       916M        76M       232K       4.8M        60M
-/+ buffers/cache:       850M       141M
Swap:         8.0G       590M       7.4G

             total       used       free     shared    buffers     cached
Mem:          992M       917M        74M       232K       4.8M        60M
-/+ buffers/cache:       851M       140M
Swap:         8.0G       590M       7.4G

             total       used       free     shared    buffers     cached
Mem:          992M       918M        73M       232K       4.8M        60M
-/+ buffers/cache:       853M       138M
Swap:         8.0G       589M       7.4G

             total       used       free     shared    buffers     cached
Mem:          992M       920M        71M       232K       4.8M        60M
-/+ buffers/cache:       854M       137M
Swap:         8.0G       589M       7.4G

             total       used       free     shared    buffers     cached
Mem:          992M       922M        70M       232K       4.8M        60M
-/+ buffers/cache:       856M       135M
Swap:         8.0G       588M       7.4G

             total       used       free     shared    buffers     cached
Mem:          992M       924M        67M       232K       4.8M        61M
-/+ buffers/cache:       857M       134M
Swap:         8.0G       587M       7.4G

             total       used       free     shared    buffers     cached
Mem:          992M       914M        77M       232K       4.9M        62M
-/+ buffers/cache:       847M       144M
Swap:         8.0G       610M       7.4G

             total       used       free     shared    buffers     cached
Mem:          992M       923M        68M       308K       8.8M        73M
-/+ buffers/cache:       841M       150M
Swap:         8.0G       608M       7.4G
