             total       used       free     shared    buffers     cached
Mem:          992M       668M       323M       3.2M        38M       291M
-/+ buffers/cache:       338M       653M
Swap:         8.0G         0B       8.0G

             total       used       free     shared    buffers     cached
Mem:          992M       668M       324M       3.2M        38M       291M
-/+ buffers/cache:       337M       654M
Swap:         8.0G         0B       8.0G

             total       used       free     shared    buffers     cached
Mem:          992M       668M       324M       3.2M        38M       291M
-/+ buffers/cache:       337M       654M
Swap:         8.0G         0B       8.0G

             total       used       free     shared    buffers     cached
Mem:          992M       668M       324M       3.2M        38M       291M
-/+ buffers/cache:       337M       654M
Swap:         8.0G         0B       8.0G

             total       used       free     shared    buffers     cached
Mem:          992M       668M       324M       3.2M        38M       291M
-/+ buffers/cache:       337M       654M
Swap:         8.0G         0B       8.0G

             total       used       free     shared    buffers     cached
Mem:          992M       668M       324M       3.2M        38M       291M
-/+ buffers/cache:       337M       654M
Swap:         8.0G         0B       8.0G

             total       used       free     shared    buffers     cached
Mem:          992M       668M       324M       3.2M        38M       291M
-/+ buffers/cache:       337M       654M
Swap:         8.0G         0B       8.0G

             total       used       free     shared    buffers     cached
Mem:          992M       668M       324M       3.2M        38M       291M
-/+ buffers/cache:       337M       654M
Swap:         8.0G         0B       8.0G

             total       used       free     shared    buffers     cached
Mem:          992M       668M       324M       3.2M        38M       291M
-/+ buffers/cache:       337M       654M
Swap:         8.0G         0B       8.0G

             total       used       free     shared    buffers     cached
Mem:          992M       668M       324M       3.2M        38M       291M
-/+ buffers/cache:       337M       654M
Swap:         8.0G         0B       8.0G

             total       used       free     shared    buffers     cached
Mem:          992M       668M       324M       3.2M        38M       291M
-/+ buffers/cache:       337M       654M
Swap:         8.0G         0B       8.0G

             total       used       free     shared    buffers     cached
Mem:          992M       670M       322M       3.2M        38M       291M
-/+ buffers/cache:       339M       652M
Swap:         8.0G         0B       8.0G

             total       used       free     shared    buffers     cached
Mem:          992M       670M       322M       3.2M        38M       291M
-/+ buffers/cache:       339M       652M
Swap:         8.0G         0B       8.0G

             total       used       free     shared    buffers     cached
Mem:          992M       670M       322M       3.2M        38M       291M
-/+ buffers/cache:       339M       652M
Swap:         8.0G         0B       8.0G

             total       used       free     shared    buffers     cached
Mem:          992M       670M       322M       3.2M        38M       291M
-/+ buffers/cache:       339M       652M
Swap:         8.0G         0B       8.0G

             total       used       free     shared    buffers     cached
Mem:          992M       670M       322M       3.2M        38M       291M
-/+ buffers/cache:       339M       652M
Swap:         8.0G         0B       8.0G

             total       used       free     shared    buffers     cached
Mem:          992M       670M       322M       3.2M        38M       291M
-/+ buffers/cache:       339M       652M
Swap:         8.0G         0B       8.0G

             total       used       free     shared    buffers     cached
Mem:          992M       670M       322M       3.2M        38M       291M
-/+ buffers/cache:       339M       652M
Swap:         8.0G         0B       8.0G

             total       used       free     shared    buffers     cached
Mem:          992M       670M       322M       3.2M        38M       291M
-/+ buffers/cache:       339M       652M
Swap:         8.0G         0B       8.0G

             total       used       free     shared    buffers     cached
Mem:          992M       670M       321M       3.2M        38M       291M
-/+ buffers/cache:       339M       652M
Swap:         8.0G         0B       8.0G

             total       used       free     shared    buffers     cached
Mem:          992M       670M       321M       3.2M        38M       291M
-/+ buffers/cache:       339M       652M
Swap:         8.0G         0B       8.0G

             total       used       free     shared    buffers     cached
Mem:          992M       670M       321M       3.2M        38M       291M
-/+ buffers/cache:       340M       652M
Swap:         8.0G         0B       8.0G

             total       used       free     shared    buffers     cached
Mem:          992M       670M       321M       3.2M        38M       291M
-/+ buffers/cache:       340M       652M
Swap:         8.0G         0B       8.0G

             total       used       free     shared    buffers     cached
Mem:          992M       670M       321M       3.2M        38M       291M
-/+ buffers/cache:       340M       652M
Swap:         8.0G         0B       8.0G

             total       used       free     shared    buffers     cached
Mem:          992M       670M       321M       3.2M        38M       291M
-/+ buffers/cache:       340M       652M
Swap:         8.0G         0B       8.0G

             total       used       free     shared    buffers     cached
Mem:          992M       670M       321M       3.2M        38M       291M
-/+ buffers/cache:       340M       652M
Swap:         8.0G         0B       8.0G

             total       used       free     shared    buffers     cached
Mem:          992M       670M       321M       3.2M        38M       291M
-/+ buffers/cache:       340M       652M
Swap:         8.0G         0B       8.0G

             total       used       free     shared    buffers     cached
Mem:          992M       670M       321M       3.2M        38M       291M
-/+ buffers/cache:       340M       652M
Swap:         8.0G         0B       8.0G

             total       used       free     shared    buffers     cached
Mem:          992M       670M       321M       3.2M        38M       291M
-/+ buffers/cache:       340M       652M
Swap:         8.0G         0B       8.0G

             total       used       free     shared    buffers     cached
Mem:          992M       670M       321M       3.2M        38M       291M
-/+ buffers/cache:       340M       652M
Swap:         8.0G         0B       8.0G

             total       used       free     shared    buffers     cached
Mem:          992M       670M       321M       3.2M        38M       291M
-/+ buffers/cache:       340M       652M
Swap:         8.0G         0B       8.0G

             total       used       free     shared    buffers     cached
Mem:          992M       670M       321M       3.2M        38M       291M
-/+ buffers/cache:       340M       652M
Swap:         8.0G         0B       8.0G

             total       used       free     shared    buffers     cached
Mem:          992M       670M       321M       3.2M        38M       291M
-/+ buffers/cache:       340M       652M
Swap:         8.0G         0B       8.0G

             total       used       free     shared    buffers     cached
Mem:          992M       678M       314M       3.2M        38M       291M
-/+ buffers/cache:       347M       644M
Swap:         8.0G         0B       8.0G

             total       used       free     shared    buffers     cached
Mem:          992M       698M       293M       3.2M        38M       291M
-/+ buffers/cache:       367M       624M
Swap:         8.0G         0B       8.0G

             total       used       free     shared    buffers     cached
Mem:          992M       718M       273M       3.2M        38M       291M
-/+ buffers/cache:       387M       604M
Swap:         8.0G         0B       8.0G

             total       used       free     shared    buffers     cached
Mem:          992M       738M       253M       3.2M        38M       291M
-/+ buffers/cache:       407M       584M
Swap:         8.0G         0B       8.0G

             total       used       free     shared    buffers     cached
Mem:          992M       756M       235M       3.2M        38M       291M
-/+ buffers/cache:       425M       566M
Swap:         8.0G         0B       8.0G

             total       used       free     shared    buffers     cached
Mem:          992M       772M       220M       3.2M        38M       291M
-/+ buffers/cache:       441M       550M
Swap:         8.0G         0B       8.0G

             total       used       free     shared    buffers     cached
Mem:          992M       790M       202M       3.2M        38M       291M
-/+ buffers/cache:       459M       532M
Swap:         8.0G         0B       8.0G

             total       used       free     shared    buffers     cached
Mem:          992M       810M       181M       3.2M        38M       291M
-/+ buffers/cache:       480M       512M
Swap:         8.0G         0B       8.0G

             total       used       free     shared    buffers     cached
Mem:          992M       830M       162M       3.2M        38M       291M
-/+ buffers/cache:       499M       492M
Swap:         8.0G         0B       8.0G

             total       used       free     shared    buffers     cached
Mem:          992M       851M       141M       3.2M        38M       291M
-/+ buffers/cache:       520M       471M
Swap:         8.0G         0B       8.0G

             total       used       free     shared    buffers     cached
Mem:          992M       867M       124M       3.2M        38M       291M
-/+ buffers/cache:       537M       455M
Swap:         8.0G         0B       8.0G

             total       used       free     shared    buffers     cached
Mem:          992M       889M       103M       3.2M        38M       291M
-/+ buffers/cache:       558M       433M
Swap:         8.0G         0B       8.0G

             total       used       free     shared    buffers     cached
Mem:          992M       903M        89M       3.2M        38M       291M
-/+ buffers/cache:       572M       419M
Swap:         8.0G         0B       8.0G

             total       used       free     shared    buffers     cached
Mem:          992M       920M        72M       3.2M        38M       291M
-/+ buffers/cache:       589M       402M
Swap:         8.0G         0B       8.0G

             total       used       free     shared    buffers     cached
Mem:          992M       921M        70M       3.2M        22M       290M
-/+ buffers/cache:       608M       383M
Swap:         8.0G         0B       8.0G

             total       used       free     shared    buffers     cached
Mem:          992M       925M        66M       3.2M        10M       289M
-/+ buffers/cache:       625M       366M
Swap:         8.0G         0B       8.0G

             total       used       free     shared    buffers     cached
Mem:          992M       925M        66M       3.2M        10M       271M
-/+ buffers/cache:       643M       348M
Swap:         8.0G        88K       8.0G

             total       used       free     shared    buffers     cached
Mem:          992M       923M        68M       3.1M       9.9M       251M
-/+ buffers/cache:       661M       330M
Swap:         8.0G       180K       8.0G

             total       used       free     shared    buffers     cached
Mem:          992M       926M        66M       3.0M       9.9M       235M
-/+ buffers/cache:       680M       311M
Swap:         8.0G       3.5M       8.0G

             total       used       free     shared    buffers     cached
Mem:          992M       916M        75M       3.0M       9.9M       211M
-/+ buffers/cache:       695M       297M
Swap:         8.0G       7.5M       8.0G

             total       used       free     shared    buffers     cached
Mem:          992M       921M        70M       3.0M       3.1M       205M
-/+ buffers/cache:       712M       280M
Swap:         8.0G       7.5M       8.0G

             total       used       free     shared    buffers     cached
Mem:          992M       920M        71M       3.0M       1.4M       190M
-/+ buffers/cache:       728M       263M
Swap:         8.0G       7.5M       8.0G

             total       used       free     shared    buffers     cached
Mem:          992M       928M        63M       3.0M       1.1M       182M
-/+ buffers/cache:       744M       247M
Swap:         8.0G       7.5M       8.0G

             total       used       free     shared    buffers     cached
Mem:          992M       921M        70M       3.0M       784K       161M
-/+ buffers/cache:       758M       233M
Swap:         8.0G       7.5M       8.0G

             total       used       free     shared    buffers     cached
Mem:          992M       918M        74M       3.0M       784K       142M
-/+ buffers/cache:       774M       217M
Swap:         8.0G       7.5M       8.0G

             total       used       free     shared    buffers     cached
Mem:          992M       928M        63M       3.0M       800K       142M
-/+ buffers/cache:       785M       206M
Swap:         8.0G       7.5M       8.0G

             total       used       free     shared    buffers     cached
Mem:          992M       928M        63M       3.0M       600K       126M
-/+ buffers/cache:       801M       190M
Swap:         8.0G       7.5M       8.0G

             total       used       free     shared    buffers     cached
Mem:          992M       919M        72M       3.0M       588K       102M
-/+ buffers/cache:       817M       174M
Swap:         8.0G       7.5M       8.0G

             total       used       free     shared    buffers     cached
Mem:          992M       926M        66M       3.0M       580K        90M
-/+ buffers/cache:       834M       157M
Swap:         8.0G       7.5M       8.0G

             total       used       free     shared    buffers     cached
Mem:          992M       921M        71M       3.0M       588K        70M
-/+ buffers/cache:       850M       142M
Swap:         8.0G       7.5M       8.0G

             total       used       free     shared    buffers     cached
Mem:          992M       920M        71M       3.0M       588K        54M
-/+ buffers/cache:       864M       127M
Swap:         8.0G       7.5M       8.0G

             total       used       free     shared    buffers     cached
Mem:          992M       919M        72M       3.0M       580K        34M
-/+ buffers/cache:       884M       107M
Swap:         8.0G       7.5M       8.0G

             total       used       free     shared    buffers     cached
Mem:          992M       921M        71M       3.0M       580K        20M
-/+ buffers/cache:       899M        92M
Swap:         8.0G       7.5M       8.0G

             total       used       free     shared    buffers     cached
Mem:          992M       923M        68M       3.0M       440K       8.2M
-/+ buffers/cache:       914M        77M
Swap:         8.0G        13M       8.0G

             total       used       free     shared    buffers     cached
Mem:          992M       924M        67M       2.8M       452K       8.1M
-/+ buffers/cache:       916M        75M
Swap:         8.0G        26M       8.0G

             total       used       free     shared    buffers     cached
Mem:          992M       919M        72M       2.5M       464K       3.9M
-/+ buffers/cache:       915M        76M
Swap:         8.0G        47M       8.0G

             total       used       free     shared    buffers     cached
Mem:          992M       922M        69M       2.5M       464K       4.1M
-/+ buffers/cache:       917M        74M
Swap:         8.0G        66M       7.9G

             total       used       free     shared    buffers     cached
Mem:          992M       925M        66M       2.5M       464K       4.2M
-/+ buffers/cache:       920M        71M
Swap:         8.0G        66M       7.9G

             total       used       free     shared    buffers     cached
Mem:          992M       926M        65M       2.4M       440K       4.1M
-/+ buffers/cache:       921M        70M
Swap:         8.0G        93M       7.9G

             total       used       free     shared    buffers     cached
Mem:          992M       928M        64M       2.4M       448K       4.1M
-/+ buffers/cache:       923M        68M
Swap:         8.0G        93M       7.9G

             total       used       free     shared    buffers     cached
Mem:          992M       925M        66M       2.4M       364K       4.1M
-/+ buffers/cache:       921M        70M
Swap:         8.0G       122M       7.9G

             total       used       free     shared    buffers     cached
Mem:          992M       928M        63M       2.4M       364K       4.1M
-/+ buffers/cache:       923M        68M
Swap:         8.0G       122M       7.9G

             total       used       free     shared    buffers     cached
Mem:          992M       928M        63M       2.4M       340K       4.1M
-/+ buffers/cache:       924M        67M
Swap:         8.0G       140M       7.9G

             total       used       free     shared    buffers     cached
Mem:          992M       931M        61M       2.4M       340K       4.1M
-/+ buffers/cache:       926M        65M
Swap:         8.0G       154M       7.8G

             total       used       free     shared    buffers     cached
Mem:          992M       915M        76M       2.4M       292K       4.0M
-/+ buffers/cache:       911M        81M
Swap:         8.0G       183M       7.8G

             total       used       free     shared    buffers     cached
Mem:          992M       928M        63M       2.4M       300K       4.0M
-/+ buffers/cache:       924M        67M
Swap:         8.0G       183M       7.8G

             total       used       free     shared    buffers     cached
Mem:          992M       928M        63M       2.4M       280K       4.0M
-/+ buffers/cache:       924M        67M
Swap:         8.0G       203M       7.8G

             total       used       free     shared    buffers     cached
Mem:          992M       925M        66M       2.4M       280K       4.1M
-/+ buffers/cache:       920M        71M
Swap:         8.0G       231M       7.8G

             total       used       free     shared    buffers     cached
Mem:          992M       921M        70M       2.3M       260K       4.1M
-/+ buffers/cache:       917M        75M
Swap:         8.0G       237M       7.8G

             total       used       free     shared    buffers     cached
Mem:          992M       921M        71M       2.3M       212K       4.0M
-/+ buffers/cache:       916M        75M
Swap:         8.0G       251M       7.8G

             total       used       free     shared    buffers     cached
Mem:          992M       930M        61M       2.3M       220K       4.0M
-/+ buffers/cache:       926M        65M
Swap:         8.0G       251M       7.8G

             total       used       free     shared    buffers     cached
Mem:          992M       917M        75M       2.3M       104K       4.1M
-/+ buffers/cache:       912M        79M
Swap:         8.0G       276M       7.7G

             total       used       free     shared    buffers     cached
Mem:          992M       922M        69M       2.3M       104K       4.0M
-/+ buffers/cache:       918M        73M
Swap:         8.0G       276M       7.7G

             total       used       free     shared    buffers     cached
Mem:          992M       928M        63M       2.3M       104K       4.0M
-/+ buffers/cache:       924M        67M
Swap:         8.0G       276M       7.7G

             total       used       free     shared    buffers     cached
Mem:          992M       919M        72M       2.3M       104K       4.0M
-/+ buffers/cache:       915M        76M
Swap:         8.0G       291M       7.7G

             total       used       free     shared    buffers     cached
Mem:          992M       924M        67M       2.3M       112K       4.0M
-/+ buffers/cache:       920M        71M
Swap:         8.0G       291M       7.7G

             total       used       free     shared    buffers     cached
Mem:          992M       929M        62M       2.3M       112K       4.0M
-/+ buffers/cache:       925M        67M
Swap:         8.0G       291M       7.7G

             total       used       free     shared    buffers     cached
Mem:          992M       921M        71M       2.3M       112K       4.0M
-/+ buffers/cache:       916M        75M
Swap:         8.0G       297M       7.7G

             total       used       free     shared    buffers     cached
Mem:          992M       925M        66M       2.3M       112K       4.0M
-/+ buffers/cache:       921M        70M
Swap:         8.0G       297M       7.7G

             total       used       free     shared    buffers     cached
Mem:          992M       929M        62M       2.3M       112K       4.0M
-/+ buffers/cache:       925M        66M
Swap:         8.0G       297M       7.7G

             total       used       free     shared    buffers     cached
Mem:          992M       918M        73M         8K       112K       1.7M
-/+ buffers/cache:       916M        75M
Swap:         8.0G       332M       7.7G

             total       used       free     shared    buffers     cached
Mem:          992M       921M        71M         8K       120K       1.7M
-/+ buffers/cache:       919M        72M
Swap:         8.0G       332M       7.7G

             total       used       free     shared    buffers     cached
Mem:          992M       925M        67M         8K       120K       1.7M
-/+ buffers/cache:       923M        68M
Swap:         8.0G       332M       7.7G

             total       used       free     shared    buffers     cached
Mem:          992M       929M        62M         8K       120K       1.7M
-/+ buffers/cache:       927M        64M
Swap:         8.0G       332M       7.7G

             total       used       free     shared    buffers     cached
Mem:          992M       920M        71M         8K       120K       1.7M
-/+ buffers/cache:       918M        73M
Swap:         8.0G       332M       7.7G

             total       used       free     shared    buffers     cached
Mem:          992M       924M        67M         8K       120K       1.7M
-/+ buffers/cache:       922M        69M
Swap:         8.0G       332M       7.7G

             total       used       free     shared    buffers     cached
Mem:          992M       924M        67M         8K       128K       1.7M
-/+ buffers/cache:       923M        69M
Swap:         8.0G       329M       7.7G

             total       used       free     shared    buffers     cached
Mem:          992M       926M        65M         4K       128K       1.7M
-/+ buffers/cache:       924M        67M
Swap:         8.0G       324M       7.7G

             total       used       free     shared    buffers     cached
Mem:          992M       920M        72M         4K       128K       1.7M
-/+ buffers/cache:       918M        73M
Swap:         8.0G       329M       7.7G

             total       used       free     shared    buffers     cached
Mem:          992M       921M        70M         4K       128K       1.6M
-/+ buffers/cache:       920M        72M
Swap:         8.0G       323M       7.7G

             total       used       free     shared    buffers     cached
Mem:          992M       919M        72M         0B        76K       1.6M
-/+ buffers/cache:       918M        74M
Swap:         8.0G       325M       7.7G

             total       used       free     shared    buffers     cached
Mem:          992M       921M        70M         0B        84K       1.4M
-/+ buffers/cache:       920M        71M
Swap:         8.0G       329M       7.7G

             total       used       free     shared    buffers     cached
Mem:          992M       921M        70M         0B        84K       1.4M
-/+ buffers/cache:       920M        71M
Swap:         8.0G       329M       7.7G

             total       used       free     shared    buffers     cached
Mem:          992M       924M        67M         0B        84K       1.4M
-/+ buffers/cache:       922M        69M
Swap:         8.0G       323M       7.7G

             total       used       free     shared    buffers     cached
Mem:          992M       899M        92M         0B        84K       1.3M
-/+ buffers/cache:       898M        93M
Swap:         8.0G       398M       7.6G

             total       used       free     shared    buffers     cached
Mem:          992M       918M        73M         0B        84K       1.3M
-/+ buffers/cache:       917M        74M
Swap:         8.0G       335M       7.7G

             total       used       free     shared    buffers     cached
Mem:          992M       922M        69M         0B        84K       1.2M
-/+ buffers/cache:       921M        71M
Swap:         8.0G       332M       7.7G

             total       used       free     shared    buffers     cached
Mem:          992M       920M        72M         0B        92K       1.3M
-/+ buffers/cache:       918M        73M
Swap:         8.0G       334M       7.7G

             total       used       free     shared    buffers     cached
Mem:          992M       919M        72M         0B        92K       1.3M
-/+ buffers/cache:       918M        73M
Swap:         8.0G       342M       7.7G

             total       used       free     shared    buffers     cached
Mem:          992M       921M        70M         0B        88K       1.6M
-/+ buffers/cache:       919M        72M
Swap:         8.0G       343M       7.7G

             total       used       free     shared    buffers     cached
Mem:          992M       924M        67M         0B        88K       1.6M
-/+ buffers/cache:       922M        69M
Swap:         8.0G       342M       7.7G

             total       used       free     shared    buffers     cached
Mem:          992M       917M        74M         0B        76K       1.6M
-/+ buffers/cache:       915M        76M
Swap:         8.0G       348M       7.7G

             total       used       free     shared    buffers     cached
Mem:          992M       922M        69M         0B       224K       2.4M
-/+ buffers/cache:       920M        72M
Swap:         8.0G       348M       7.7G

             total       used       free     shared    buffers     cached
Mem:          992M       929M        62M         0B       224K       2.4M
-/+ buffers/cache:       926M        65M
Swap:         8.0G       348M       7.7G

             total       used       free     shared    buffers     cached
Mem:          992M       910M        82M         0B        88K        16M
-/+ buffers/cache:       893M        99M
Swap:         8.0G       398M       7.6G

             total       used       free     shared    buffers     cached
Mem:          992M       916M        75M         0B       772K        17M
-/+ buffers/cache:       897M        94M
Swap:         8.0G       398M       7.6G

             total       used       free     shared    buffers     cached
Mem:          992M       920M        71M         0B       776K        18M
-/+ buffers/cache:       902M        90M
Swap:         8.0G       398M       7.6G

             total       used       free     shared    buffers     cached
Mem:          992M       926M        65M         0B       788K        18M
-/+ buffers/cache:       907M        84M
Swap:         8.0G       398M       7.6G

             total       used       free     shared    buffers     cached
Mem:          992M       931M        60M         0B       788K        18M
-/+ buffers/cache:       912M        79M
Swap:         8.0G       398M       7.6G

             total       used       free     shared    buffers     cached
Mem:          992M       920M        72M         0B       732K        16M
-/+ buffers/cache:       902M        89M
Swap:         8.0G       406M       7.6G

             total       used       free     shared    buffers     cached
Mem:          992M       922M        70M         0B       732K        16M
-/+ buffers/cache:       904M        87M
Swap:         8.0G       405M       7.6G

             total       used       free     shared    buffers     cached
Mem:          992M       923M        68M         0B       732K        16M
-/+ buffers/cache:       906M        85M
Swap:         8.0G       404M       7.6G

             total       used       free     shared    buffers     cached
Mem:          992M       925M        66M         0B       732K        16M
-/+ buffers/cache:       908M        83M
Swap:         8.0G       403M       7.6G

             total       used       free     shared    buffers     cached
Mem:          992M       928M        64M         0B       740K        16M
-/+ buffers/cache:       910M        81M
Swap:         8.0G       402M       7.6G

             total       used       free     shared    buffers     cached
Mem:          992M       929M        62M         0B       740K        16M
-/+ buffers/cache:       912M        79M
Swap:         8.0G       401M       7.6G

             total       used       free     shared    buffers     cached
Mem:          992M       907M        84M         0B       736K        11M
-/+ buffers/cache:       895M        96M
Swap:         8.0G       415M       7.6G

             total       used       free     shared    buffers     cached
Mem:          992M       909M        82M         0B       736K        11M
-/+ buffers/cache:       897M        94M
Swap:         8.0G       414M       7.6G

             total       used       free     shared    buffers     cached
Mem:          992M       911M        80M         0B       736K        11M
-/+ buffers/cache:       899M        92M
Swap:         8.0G       413M       7.6G

             total       used       free     shared    buffers     cached
Mem:          992M       913M        78M         0B       744K        11M
-/+ buffers/cache:       901M        90M
Swap:         8.0G       412M       7.6G

             total       used       free     shared    buffers     cached
Mem:          992M       915M        76M         0B       744K        11M
-/+ buffers/cache:       903M        88M
Swap:         8.0G       411M       7.6G

             total       used       free     shared    buffers     cached
Mem:          992M       917M        74M         0B       744K        11M
-/+ buffers/cache:       905M        86M
Swap:         8.0G       410M       7.6G

             total       used       free     shared    buffers     cached
Mem:          992M       919M        72M         0B       744K        11M
-/+ buffers/cache:       907M        84M
Swap:         8.0G       409M       7.6G

             total       used       free     shared    buffers     cached
Mem:          992M       920M        71M         0B       744K        11M
-/+ buffers/cache:       908M        83M
Swap:         8.0G       408M       7.6G

             total       used       free     shared    buffers     cached
Mem:          992M       922M        69M         0B       752K        11M
-/+ buffers/cache:       910M        81M
Swap:         8.0G       408M       7.6G

             total       used       free     shared    buffers     cached
Mem:          992M       924M        67M         0B       752K        11M
-/+ buffers/cache:       912M        79M
Swap:         8.0G       407M       7.6G

             total       used       free     shared    buffers     cached
Mem:          992M       926M        65M         0B       752K        11M
-/+ buffers/cache:       914M        77M
Swap:         8.0G       406M       7.6G

             total       used       free     shared    buffers     cached
Mem:          992M       928M        63M         0B       752K        11M
-/+ buffers/cache:       916M        75M
Swap:         8.0G       405M       7.6G

             total       used       free     shared    buffers     cached
Mem:          992M       930M        62M         0B       752K        11M
-/+ buffers/cache:       918M        74M
Swap:         8.0G       404M       7.6G

             total       used       free     shared    buffers     cached
Mem:          992M       912M        79M         0B       752K       9.7M
-/+ buffers/cache:       901M        90M
Swap:         8.0G       421M       7.6G

             total       used       free     shared    buffers     cached
Mem:          992M       913M        78M         0B       760K       9.7M
-/+ buffers/cache:       903M        88M
Swap:         8.0G       420M       7.6G

             total       used       free     shared    buffers     cached
Mem:          992M       915M        76M         0B       760K       9.7M
-/+ buffers/cache:       905M        87M
Swap:         8.0G       420M       7.6G

             total       used       free     shared    buffers     cached
Mem:          992M       917M        74M         0B       768K       9.7M
-/+ buffers/cache:       907M        84M
Swap:         8.0G       418M       7.6G

             total       used       free     shared    buffers     cached
Mem:          992M       919M        72M         0B       768K       9.7M
-/+ buffers/cache:       909M        82M
Swap:         8.0G       417M       7.6G

             total       used       free     shared    buffers     cached
Mem:          992M       921M        70M         0B       768K       9.7M
-/+ buffers/cache:       911M        81M
Swap:         8.0G       417M       7.6G

             total       used       free     shared    buffers     cached
Mem:          992M       923M        68M         0B       776K       9.7M
-/+ buffers/cache:       913M        79M
Swap:         8.0G       415M       7.6G

             total       used       free     shared    buffers     cached
Mem:          992M       925M        66M         0B       776K       9.7M
-/+ buffers/cache:       915M        77M
Swap:         8.0G       415M       7.6G

             total       used       free     shared    buffers     cached
Mem:          992M       927M        64M         0B       776K       9.7M
-/+ buffers/cache:       917M        75M
Swap:         8.0G       414M       7.6G

             total       used       free     shared    buffers     cached
Mem:          992M       929M        63M         0B       776K       9.7M
-/+ buffers/cache:       918M        73M
Swap:         8.0G       413M       7.6G

             total       used       free     shared    buffers     cached
Mem:          992M       931M        60M         0B       776K       9.7M
-/+ buffers/cache:       920M        71M
Swap:         8.0G       411M       7.6G

             total       used       free     shared    buffers     cached
Mem:          992M       920M        71M         0B       752K       5.3M
-/+ buffers/cache:       914M        77M
Swap:         8.0G       414M       7.6G

             total       used       free     shared    buffers     cached
Mem:          992M       923M        69M         0B       752K       5.3M
-/+ buffers/cache:       916M        75M
Swap:         8.0G       413M       7.6G

             total       used       free     shared    buffers     cached
Mem:          992M       925M        67M         0B       752K       5.3M
-/+ buffers/cache:       919M        73M
Swap:         8.0G       412M       7.6G

             total       used       free     shared    buffers     cached
Mem:          992M       926M        65M         0B       752K       5.3M
-/+ buffers/cache:       920M        71M
Swap:         8.0G       411M       7.6G

             total       used       free     shared    buffers     cached
Mem:          992M       928M        63M         0B       752K       5.3M
-/+ buffers/cache:       922M        69M
Swap:         8.0G       410M       7.6G

             total       used       free     shared    buffers     cached
Mem:          992M       931M        61M         0B       752K       5.3M
-/+ buffers/cache:       924M        67M
Swap:         8.0G       409M       7.6G

             total       used       free     shared    buffers     cached
Mem:          992M       920M        71M         0B       116K       3.6M
-/+ buffers/cache:       916M        75M
Swap:         8.0G       423M       7.6G

             total       used       free     shared    buffers     cached
Mem:          992M       922M        69M         0B       116K       3.5M
-/+ buffers/cache:       919M        73M
Swap:         8.0G       422M       7.6G

             total       used       free     shared    buffers     cached
Mem:          992M       924M        67M         0B       380K       3.6M
-/+ buffers/cache:       920M        71M
Swap:         8.0G       421M       7.6G

             total       used       free     shared    buffers     cached
Mem:          992M       926M        65M         0B       380K       3.5M
-/+ buffers/cache:       923M        69M
Swap:         8.0G       420M       7.6G

             total       used       free     shared    buffers     cached
Mem:          992M       929M        63M         0B       380K       3.5M
-/+ buffers/cache:       925M        66M
Swap:         8.0G       419M       7.6G

             total       used       free     shared    buffers     cached
Mem:          992M       931M        61M         0B       388K       3.5M
-/+ buffers/cache:       927M        64M
Swap:         8.0G       418M       7.6G

             total       used       free     shared    buffers     cached
Mem:          992M       918M        73M         0B       372K       2.1M
-/+ buffers/cache:       916M        75M
Swap:         8.0G       436M       7.6G

             total       used       free     shared    buffers     cached
Mem:          992M       921M        71M         0B       372K       2.1M
-/+ buffers/cache:       918M        73M
Swap:         8.0G       435M       7.6G

             total       used       free     shared    buffers     cached
Mem:          992M       922M        69M         0B       372K       2.1M
-/+ buffers/cache:       920M        71M
Swap:         8.0G       434M       7.6G

             total       used       free     shared    buffers     cached
Mem:          992M       925M        67M         0B       372K       2.1M
-/+ buffers/cache:       922M        69M
Swap:         8.0G       432M       7.6G

             total       used       free     shared    buffers     cached
Mem:          992M       926M        65M         0B       380K       2.1M
-/+ buffers/cache:       924M        67M
Swap:         8.0G       431M       7.6G

             total       used       free     shared    buffers     cached
Mem:          992M       928M        63M         0B       380K       2.1M
-/+ buffers/cache:       926M        65M
Swap:         8.0G       430M       7.6G

             total       used       free     shared    buffers     cached
Mem:          992M       930M        61M         0B       380K       2.1M
-/+ buffers/cache:       928M        63M
Swap:         8.0G       429M       7.6G

             total       used       free     shared    buffers     cached
Mem:          992M       920M        72M         0B       380K       2.1M
-/+ buffers/cache:       917M        74M
Swap:         8.0G       428M       7.6G

             total       used       free     shared    buffers     cached
Mem:          992M       922M        69M         0B       380K       2.1M
-/+ buffers/cache:       919M        72M
Swap:         8.0G       427M       7.6G

             total       used       free     shared    buffers     cached
Mem:          992M       924M        67M         0B       380K       2.1M
-/+ buffers/cache:       921M        70M
Swap:         8.0G       426M       7.6G

             total       used       free     shared    buffers     cached
Mem:          992M       928M        63M         0B       392K       4.0M
-/+ buffers/cache:       924M        68M
Swap:         8.0G       425M       7.6G

             total       used       free     shared    buffers     cached
Mem:          992M       911M        80M         4K       496K       5.4M
-/+ buffers/cache:       905M        86M
Swap:         8.0G       459M       7.5G

             total       used       free     shared    buffers     cached
Mem:          992M       913M        78M         4K       500K       5.4M
-/+ buffers/cache:       907M        84M
Swap:         8.0G       458M       7.5G

             total       used       free     shared    buffers     cached
Mem:          992M       920M        71M         4K        92K        21M
-/+ buffers/cache:       899M        92M
Swap:         8.0G       457M       7.6G

             total       used       free     shared    buffers     cached
Mem:          992M       923M        68M         4K       780K        21M
-/+ buffers/cache:       901M        90M
Swap:         8.0G       456M       7.6G

             total       used       free     shared    buffers     cached
Mem:          992M       924M        67M         4K       792K        21M
-/+ buffers/cache:       902M        89M
Swap:         8.0G       456M       7.6G

             total       used       free     shared    buffers     cached
Mem:          992M       927M        64M         4K       1.1M        21M
-/+ buffers/cache:       905M        87M
Swap:         8.0G       455M       7.6G

             total       used       free     shared    buffers     cached
Mem:          992M       917M        74M        20K       1.2M        35M
-/+ buffers/cache:       880M       111M
Swap:         8.0G       484M       7.5G

             total       used       free     shared    buffers     cached
Mem:          992M       919M        72M        20K       1.2M        36M
-/+ buffers/cache:       881M       110M
Swap:         8.0G       483M       7.5G

             total       used       free     shared    buffers     cached
Mem:          992M       920M        71M        20K       1.2M        36M
-/+ buffers/cache:       882M       109M
Swap:         8.0G       483M       7.5G

             total       used       free     shared    buffers     cached
Mem:          992M       921M        70M        20K       1.2M        36M
-/+ buffers/cache:       883M       108M
Swap:         8.0G       482M       7.5G

             total       used       free     shared    buffers     cached
Mem:          992M       922M        69M        20K       1.2M        36M
-/+ buffers/cache:       884M       107M
Swap:         8.0G       482M       7.5G

             total       used       free     shared    buffers     cached
Mem:          992M       924M        68M        20K       1.2M        36M
-/+ buffers/cache:       886M       106M
Swap:         8.0G       481M       7.5G

             total       used       free     shared    buffers     cached
Mem:          992M       925M        66M        20K       1.2M        36M
-/+ buffers/cache:       887M       104M
Swap:         8.0G       481M       7.5G

             total       used       free     shared    buffers     cached
Mem:          992M       926M        65M        20K       1.2M        36M
-/+ buffers/cache:       888M       103M
Swap:         8.0G       480M       7.5G

             total       used       free     shared    buffers     cached
Mem:          992M       927M        64M        20K       1.2M        36M
-/+ buffers/cache:       889M       102M
Swap:         8.0G       480M       7.5G

             total       used       free     shared    buffers     cached
Mem:          992M       928M        63M        20K       1.2M        36M
-/+ buffers/cache:       890M       101M
Swap:         8.0G       479M       7.5G

             total       used       free     shared    buffers     cached
Mem:          992M       930M        61M        20K       1.2M        36M
-/+ buffers/cache:       892M        99M
Swap:         8.0G       478M       7.5G

             total       used       free     shared    buffers     cached
Mem:          992M       907M        84M        20K       1.2M        31M
-/+ buffers/cache:       874M       117M
Swap:         8.0G       498M       7.5G

             total       used       free     shared    buffers     cached
Mem:          992M       908M        83M        20K       1.2M        31M
-/+ buffers/cache:       875M       116M
Swap:         8.0G       498M       7.5G

             total       used       free     shared    buffers     cached
Mem:          992M       910M        82M        20K       1.2M        31M
-/+ buffers/cache:       877M       115M
Swap:         8.0G       497M       7.5G

             total       used       free     shared    buffers     cached
Mem:          992M       911M        81M        20K       1.2M        31M
-/+ buffers/cache:       877M       114M
Swap:         8.0G       497M       7.5G

             total       used       free     shared    buffers     cached
Mem:          992M       912M        80M        20K       1.2M        31M
-/+ buffers/cache:       879M       113M
Swap:         8.0G       496M       7.5G

             total       used       free     shared    buffers     cached
Mem:          992M       913M        78M        20K       1.2M        31M
-/+ buffers/cache:       880M       111M
Swap:         8.0G       496M       7.5G

             total       used       free     shared    buffers     cached
Mem:          992M       914M        77M        20K       1.2M        31M
-/+ buffers/cache:       881M       110M
Swap:         8.0G       495M       7.5G

             total       used       free     shared    buffers     cached
Mem:          992M       915M        76M        20K       1.2M        31M
-/+ buffers/cache:       882M       109M
Swap:         8.0G       495M       7.5G

             total       used       free     shared    buffers     cached
Mem:          992M       917M        75M        20K       1.2M        31M
-/+ buffers/cache:       884M       108M
Swap:         8.0G       494M       7.5G

             total       used       free     shared    buffers     cached
Mem:          992M       918M        73M        20K       1.2M        31M
-/+ buffers/cache:       885M       106M
Swap:         8.0G       493M       7.5G

             total       used       free     shared    buffers     cached
Mem:          992M       919M        72M        20K       1.2M        31M
-/+ buffers/cache:       886M       105M
Swap:         8.0G       493M       7.5G

             total       used       free     shared    buffers     cached
Mem:          992M       920M        71M        20K       1.2M        31M
-/+ buffers/cache:       887M       104M
Swap:         8.0G       492M       7.5G

             total       used       free     shared    buffers     cached
Mem:          992M       922M        69M        20K       1.2M        31M
-/+ buffers/cache:       889M       102M
Swap:         8.0G       492M       7.5G

             total       used       free     shared    buffers     cached
Mem:          992M       923M        68M        20K       1.2M        31M
-/+ buffers/cache:       890M       101M
Swap:         8.0G       491M       7.5G

             total       used       free     shared    buffers     cached
Mem:          992M       924M        67M        20K       1.2M        31M
-/+ buffers/cache:       891M       100M
Swap:         8.0G       490M       7.5G

             total       used       free     shared    buffers     cached
Mem:          992M       926M        66M        20K       1.2M        31M
-/+ buffers/cache:       893M        99M
Swap:         8.0G       490M       7.5G

             total       used       free     shared    buffers     cached
Mem:          992M       927M        64M        20K       1.2M        31M
-/+ buffers/cache:       894M        98M
Swap:         8.0G       489M       7.5G

             total       used       free     shared    buffers     cached
Mem:          992M       928M        63M        20K       1.2M        31M
-/+ buffers/cache:       895M        96M
Swap:         8.0G       489M       7.5G

             total       used       free     shared    buffers     cached
Mem:          992M       930M        61M        20K       1.2M        31M
-/+ buffers/cache:       897M        95M
Swap:         8.0G       488M       7.5G

             total       used       free     shared    buffers     cached
Mem:          992M       918M        73M        20K       1.2M        31M
-/+ buffers/cache:       886M       105M
Swap:         8.0G       496M       7.5G

             total       used       free     shared    buffers     cached
Mem:          992M       919M        72M        20K       1.2M        31M
-/+ buffers/cache:       887M       104M
Swap:         8.0G       496M       7.5G

             total       used       free     shared    buffers     cached
Mem:          992M       921M        71M        20K       1.2M        31M
-/+ buffers/cache:       888M       103M
Swap:         8.0G       495M       7.5G

             total       used       free     shared    buffers     cached
Mem:          992M       922M        69M        20K       1.2M        31M
-/+ buffers/cache:       890M       102M
Swap:         8.0G       495M       7.5G

             total       used       free     shared    buffers     cached
Mem:          992M       923M        68M        20K       1.2M        31M
-/+ buffers/cache:       891M       100M
Swap:         8.0G       494M       7.5G

             total       used       free     shared    buffers     cached
Mem:          992M       925M        67M        20K       1.2M        31M
-/+ buffers/cache:       892M        99M
Swap:         8.0G       493M       7.5G

             total       used       free     shared    buffers     cached
Mem:          992M       926M        65M        20K       1.3M        31M
-/+ buffers/cache:       894M        97M
Swap:         8.0G       492M       7.5G

             total       used       free     shared    buffers     cached
Mem:          992M       927M        64M        20K       1.3M        31M
-/+ buffers/cache:       895M        96M
Swap:         8.0G       492M       7.5G

             total       used       free     shared    buffers     cached
Mem:          992M       929M        62M        20K       1.3M        31M
-/+ buffers/cache:       897M        95M
Swap:         8.0G       491M       7.5G

             total       used       free     shared    buffers     cached
Mem:          992M       930M        61M        20K       1.3M        31M
-/+ buffers/cache:       898M        93M
Swap:         8.0G       490M       7.5G

             total       used       free     shared    buffers     cached
Mem:          992M       918M        73M        20K       1.2M        30M
-/+ buffers/cache:       887M       105M
Swap:         8.0G       500M       7.5G

             total       used       free     shared    buffers     cached
Mem:          992M       920M        71M        20K       1.2M        30M
-/+ buffers/cache:       888M       103M
Swap:         8.0G       500M       7.5G

             total       used       free     shared    buffers     cached
Mem:          992M       921M        70M        20K       1.3M        30M
-/+ buffers/cache:       889M       102M
Swap:         8.0G       499M       7.5G

             total       used       free     shared    buffers     cached
Mem:          992M       922M        69M        20K       1.3M        30M
-/+ buffers/cache:       891M       101M
Swap:         8.0G       498M       7.5G

             total       used       free     shared    buffers     cached
Mem:          992M       924M        67M        20K       1.3M        30M
-/+ buffers/cache:       892M        99M
Swap:         8.0G       498M       7.5G

             total       used       free     shared    buffers     cached
Mem:          992M       926M        66M        20K       1.3M        30M
-/+ buffers/cache:       894M        97M
Swap:         8.0G       497M       7.5G

             total       used       free     shared    buffers     cached
Mem:          992M       927M        64M        20K       1.3M        30M
-/+ buffers/cache:       895M        96M
Swap:         8.0G       496M       7.5G

             total       used       free     shared    buffers     cached
Mem:          992M       928M        63M        20K       1.3M        30M
-/+ buffers/cache:       897M        95M
Swap:         8.0G       495M       7.5G

             total       used       free     shared    buffers     cached
Mem:          992M       930M        61M        20K       1.3M        30M
-/+ buffers/cache:       898M        93M
Swap:         8.0G       495M       7.5G

             total       used       free     shared    buffers     cached
Mem:          992M       920M        72M        20K       1.3M        30M
-/+ buffers/cache:       888M       103M
Swap:         8.0G       503M       7.5G

             total       used       free     shared    buffers     cached
Mem:          992M       922M        69M        24K       1.4M        31M
-/+ buffers/cache:       890M       101M
Swap:         8.0G       503M       7.5G

             total       used       free     shared    buffers     cached
Mem:          992M       924M        67M        24K       1.4M        31M
-/+ buffers/cache:       892M       100M
Swap:         8.0G       502M       7.5G

             total       used       free     shared    buffers     cached
Mem:          992M       925M        66M        24K       1.4M        31M
-/+ buffers/cache:       893M        98M
Swap:         8.0G       501M       7.5G

             total       used       free     shared    buffers     cached
Mem:          992M       927M        65M        24K       1.4M        31M
-/+ buffers/cache:       894M        97M
Swap:         8.0G       501M       7.5G

             total       used       free     shared    buffers     cached
Mem:          992M       898M        94M        24K       264K        26M
-/+ buffers/cache:       871M       121M
Swap:         8.0G       517M       7.5G

             total       used       free     shared    buffers     cached
Mem:          992M       899M        92M        24K       288K        26M
-/+ buffers/cache:       872M       119M
Swap:         8.0G       516M       7.5G

             total       used       free     shared    buffers     cached
Mem:          992M       906M        85M        24K       288K        32M
-/+ buffers/cache:       874M       118M
Swap:         8.0G       516M       7.5G

             total       used       free     shared    buffers     cached
Mem:          992M       918M        73M        28K       1.6M        36M
-/+ buffers/cache:       879M       112M
Swap:         8.0G       513M       7.5G

             total       used       free     shared    buffers     cached
Mem:          992M       919M        73M        28K       1.6M        36M
-/+ buffers/cache:       880M       111M
Swap:         8.0G       512M       7.5G

             total       used       free     shared    buffers     cached
Mem:          992M       920M        72M        28K       1.6M        36M
-/+ buffers/cache:       881M       110M
Swap:         8.0G       512M       7.5G

             total       used       free     shared    buffers     cached
Mem:          992M       920M        71M        28K       1.6M        36M
-/+ buffers/cache:       882M       109M
Swap:         8.0G       512M       7.5G

             total       used       free     shared    buffers     cached
Mem:          992M       921M        71M        28K       1.6M        36M
-/+ buffers/cache:       882M       109M
Swap:         8.0G       511M       7.5G

             total       used       free     shared    buffers     cached
Mem:          992M       922M        70M        28K       1.6M        36M
-/+ buffers/cache:       883M       108M
Swap:         8.0G       511M       7.5G

             total       used       free     shared    buffers     cached
Mem:          992M       923M        69M        28K       1.6M        36M
-/+ buffers/cache:       884M       107M
Swap:         8.0G       511M       7.5G

             total       used       free     shared    buffers     cached
Mem:          992M       923M        68M        28K       1.6M        36M
-/+ buffers/cache:       885M       107M
Swap:         8.0G       510M       7.5G

             total       used       free     shared    buffers     cached
Mem:          992M       924M        67M        28K       1.6M        36M
-/+ buffers/cache:       885M       106M
Swap:         8.0G       510M       7.5G

             total       used       free     shared    buffers     cached
Mem:          992M       925M        67M        28K       1.6M        36M
-/+ buffers/cache:       886M       105M
Swap:         8.0G       509M       7.5G

             total       used       free     shared    buffers     cached
Mem:          992M       918M        73M       204K       1.9M        38M
-/+ buffers/cache:       878M       114M
Swap:         8.0G       518M       7.5G

             total       used       free     shared    buffers     cached
Mem:          992M       923M        68M       3.9M       5.4M        56M
-/+ buffers/cache:       861M       130M
Swap:         8.0G       548M       7.5G

             total       used       free     shared    buffers     cached
Mem:          992M       922M        69M       3.9M       5.5M        70M
-/+ buffers/cache:       846M       145M
Swap:         8.0G       583M       7.4G

             total       used       free     shared    buffers     cached
Mem:          992M       924M        67M       236K       5.5M        68M
-/+ buffers/cache:       850M       141M
Swap:         8.0G       583M       7.4G

             total       used       free     shared    buffers     cached
Mem:          992M       914M        77M       228K       4.5M        66M
-/+ buffers/cache:       843M       148M
Swap:         8.0G       580M       7.4G

             total       used       free     shared    buffers     cached
Mem:          992M       915M        76M       228K       4.5M        66M
-/+ buffers/cache:       844M       147M
Swap:         8.0G       579M       7.4G

             total       used       free     shared    buffers     cached
Mem:          992M       917M        74M       228K       4.5M        66M
-/+ buffers/cache:       846M       145M
Swap:         8.0G       578M       7.4G

             total       used       free     shared    buffers     cached
Mem:          992M       920M        72M       228K       4.7M        67M
-/+ buffers/cache:       848M       144M
Swap:         8.0G       578M       7.4G

             total       used       free     shared    buffers     cached
Mem:          992M       921M        70M       228K       4.7M        67M
-/+ buffers/cache:       849M       142M
Swap:         8.0G       577M       7.4G

             total       used       free     shared    buffers     cached
Mem:          992M       922M        69M       228K       4.7M        67M
-/+ buffers/cache:       850M       141M
Swap:         8.0G       576M       7.4G

             total       used       free     shared    buffers     cached
Mem:          992M       924M        67M       228K       4.7M        67M
-/+ buffers/cache:       852M       139M
Swap:         8.0G       576M       7.4G

             total       used       free     shared    buffers     cached
Mem:          992M       925M        66M       228K       4.7M        67M
-/+ buffers/cache:       853M       138M
Swap:         8.0G       575M       7.4G

             total       used       free     shared    buffers     cached
Mem:          992M       927M        64M       228K       4.7M        67M
-/+ buffers/cache:       855M       136M
Swap:         8.0G       574M       7.4G

             total       used       free     shared    buffers     cached
Mem:          992M       928M        63M       228K       4.7M        67M
-/+ buffers/cache:       856M       135M
Swap:         8.0G       574M       7.4G

             total       used       free     shared    buffers     cached
Mem:          992M       930M        61M       228K       4.7M        67M
-/+ buffers/cache:       858M       133M
Swap:         8.0G       573M       7.4G

             total       used       free     shared    buffers     cached
Mem:          992M       918M        73M       224K       4.7M        64M
-/+ buffers/cache:       849M       142M
Swap:         8.0G       574M       7.4G

             total       used       free     shared    buffers     cached
Mem:          992M       919M        73M       224K       4.7M        64M
-/+ buffers/cache:       850M       141M
Swap:         8.0G       574M       7.4G

             total       used       free     shared    buffers     cached
Mem:          992M       920M        71M       224K       4.7M        64M
-/+ buffers/cache:       851M       140M
Swap:         8.0G       573M       7.4G

             total       used       free     shared    buffers     cached
Mem:          992M       922M        70M       224K       4.7M        64M
-/+ buffers/cache:       853M       138M
Swap:         8.0G       572M       7.4G

             total       used       free     shared    buffers     cached
Mem:          992M       923M        68M       224K       4.7M        64M
-/+ buffers/cache:       854M       137M
Swap:         8.0G       572M       7.4G

             total       used       free     shared    buffers     cached
Mem:          992M       925M        66M       224K       4.7M        64M
-/+ buffers/cache:       856M       135M
Swap:         8.0G       571M       7.4G

             total       used       free     shared    buffers     cached
Mem:          992M       926M        65M       224K       4.7M        64M
-/+ buffers/cache:       857M       134M
Swap:         8.0G       570M       7.4G

             total       used       free     shared    buffers     cached
Mem:          992M       928M        63M       224K       4.7M        64M
-/+ buffers/cache:       859M       132M
Swap:         8.0G       570M       7.4G

             total       used       free     shared    buffers     cached
Mem:          992M       929M        62M       224K       4.7M        64M
-/+ buffers/cache:       860M       131M
Swap:         8.0G       569M       7.4G

             total       used       free     shared    buffers     cached
Mem:          992M       931M        60M       224K       4.7M        64M
-/+ buffers/cache:       862M       129M
Swap:         8.0G       568M       7.4G

             total       used       free     shared    buffers     cached
Mem:          992M       907M        85M       224K       4.0M        61M
-/+ buffers/cache:       841M       150M
Swap:         8.0G       587M       7.4G

             total       used       free     shared    buffers     cached
Mem:          992M       908M        83M       224K       4.0M        61M
-/+ buffers/cache:       842M       149M
Swap:         8.0G       586M       7.4G

             total       used       free     shared    buffers     cached
Mem:          992M       909M        82M       224K       4.0M        61M
-/+ buffers/cache:       843M       148M
Swap:         8.0G       586M       7.4G

             total       used       free     shared    buffers     cached
Mem:          992M       911M        80M       224K       4.0M        61M
-/+ buffers/cache:       845M       146M
Swap:         8.0G       585M       7.4G

             total       used       free     shared    buffers     cached
Mem:          992M       912M        79M       224K       4.0M        61M
-/+ buffers/cache:       846M       145M
Swap:         8.0G       584M       7.4G

             total       used       free     shared    buffers     cached
Mem:          992M       914M        77M       224K       4.0M        62M
-/+ buffers/cache:       848M       144M
Swap:         8.0G       584M       7.4G

             total       used       free     shared    buffers     cached
Mem:          992M       915M        76M       224K       4.0M        62M
-/+ buffers/cache:       849M       142M
Swap:         8.0G       583M       7.4G

             total       used       free     shared    buffers     cached
Mem:          992M       917M        75M       224K       4.0M        62M
-/+ buffers/cache:       850M       141M
Swap:         8.0G       582M       7.4G

             total       used       free     shared    buffers     cached
Mem:          992M       918M        73M       224K       4.0M        62M
-/+ buffers/cache:       852M       140M
Swap:         8.0G       582M       7.4G

             total       used       free     shared    buffers     cached
Mem:          992M       919M        72M       224K       4.0M        62M
-/+ buffers/cache:       853M       138M
Swap:         8.0G       581M       7.4G

             total       used       free     shared    buffers     cached
Mem:          992M       920M        71M       224K       4.0M        62M
-/+ buffers/cache:       854M       137M
Swap:         8.0G       580M       7.4G

             total       used       free     shared    buffers     cached
Mem:          992M       922M        69M       224K       4.0M        62M
-/+ buffers/cache:       855M       136M
Swap:         8.0G       580M       7.4G

             total       used       free     shared    buffers     cached
Mem:          992M       923M        68M       224K       4.0M        62M
-/+ buffers/cache:       857M       134M
Swap:         8.0G       579M       7.4G

             total       used       free     shared    buffers     cached
Mem:          992M       925M        67M       224K       4.0M        62M
-/+ buffers/cache:       858M       133M
Swap:         8.0G       578M       7.4G

             total       used       free     shared    buffers     cached
Mem:          992M       926M        65M       224K       4.0M        62M
-/+ buffers/cache:       860M       132M
Swap:         8.0G       578M       7.4G

             total       used       free     shared    buffers     cached
Mem:          992M       927M        64M       224K       4.0M        62M
-/+ buffers/cache:       861M       130M
Swap:         8.0G       577M       7.4G

             total       used       free     shared    buffers     cached
Mem:          992M       929M        63M       224K       4.0M        62M
-/+ buffers/cache:       862M       129M
Swap:         8.0G       577M       7.4G

             total       used       free     shared    buffers     cached
Mem:          992M       930M        61M       224K       4.0M        62M
-/+ buffers/cache:       864M       128M
Swap:         8.0G       576M       7.4G

             total       used       free     shared    buffers     cached
Mem:          992M       908M        83M       224K       4.0M        59M
-/+ buffers/cache:       844M       147M
Swap:         8.0G       594M       7.4G

             total       used       free     shared    buffers     cached
Mem:          992M       909M        82M       224K       4.0M        59M
-/+ buffers/cache:       845M       146M
Swap:         8.0G       593M       7.4G

             total       used       free     shared    buffers     cached
Mem:          992M       910M        81M       224K       4.0M        59M
-/+ buffers/cache:       846M       145M
Swap:         8.0G       592M       7.4G

             total       used       free     shared    buffers     cached
Mem:          992M       912M        80M       224K       4.0M        59M
-/+ buffers/cache:       848M       143M
Swap:         8.0G       592M       7.4G

             total       used       free     shared    buffers     cached
Mem:          992M       913M        78M       224K       4.0M        59M
-/+ buffers/cache:       849M       142M
Swap:         8.0G       591M       7.4G

             total       used       free     shared    buffers     cached
Mem:          992M       915M        77M       224K       4.0M        59M
-/+ buffers/cache:       851M       140M
Swap:         8.0G       590M       7.4G

             total       used       free     shared    buffers     cached
Mem:          992M       916M        75M       224K       4.0M        60M
-/+ buffers/cache:       852M       139M
Swap:         8.0G       590M       7.4G

             total       used       free     shared    buffers     cached
Mem:          992M       918M        74M       224K       4.0M        60M
-/+ buffers/cache:       853M       138M
Swap:         8.0G       589M       7.4G

             total       used       free     shared    buffers     cached
Mem:          992M       918M        73M       264K       9.1M        71M
-/+ buffers/cache:       837M       154M
Swap:         8.0G       600M       7.4G

             total       used       free     shared    buffers     cached
Mem:          992M       927M        64M       268K       9.4M        74M
-/+ buffers/cache:       843M       148M
Swap:         8.0G       600M       7.4G
