             total       used       free     shared    buffers     cached
Mem:          992M       657M       334M       3.2M        38M       289M
-/+ buffers/cache:       329M       662M
Swap:         8.0G         0B       8.0G

             total       used       free     shared    buffers     cached
Mem:          992M       656M       335M       1.4M        38M       287M
-/+ buffers/cache:       330M       662M
Swap:         8.0G         0B       8.0G

             total       used       free     shared    buffers     cached
Mem:          992M       656M       335M       1.4M        38M       287M
-/+ buffers/cache:       330M       662M
Swap:         8.0G         0B       8.0G

             total       used       free     shared    buffers     cached
Mem:          992M       656M       335M       1.4M        38M       287M
-/+ buffers/cache:       330M       662M
Swap:         8.0G         0B       8.0G

             total       used       free     shared    buffers     cached
Mem:          992M       656M       335M       1.4M        38M       287M
-/+ buffers/cache:       330M       662M
Swap:         8.0G         0B       8.0G

             total       used       free     shared    buffers     cached
Mem:          992M       656M       335M       1.4M        38M       287M
-/+ buffers/cache:       330M       662M
Swap:         8.0G         0B       8.0G

             total       used       free     shared    buffers     cached
Mem:          992M       656M       335M       1.4M        38M       287M
-/+ buffers/cache:       329M       662M
Swap:         8.0G         0B       8.0G

             total       used       free     shared    buffers     cached
Mem:          992M       656M       335M       1.4M        38M       288M
-/+ buffers/cache:       329M       662M
Swap:         8.0G         0B       8.0G

             total       used       free     shared    buffers     cached
Mem:          992M       656M       335M       1.4M        38M       288M
-/+ buffers/cache:       329M       662M
Swap:         8.0G         0B       8.0G

             total       used       free     shared    buffers     cached
Mem:          992M       659M       332M       1.4M        38M       288M
-/+ buffers/cache:       332M       659M
Swap:         8.0G         0B       8.0G

             total       used       free     shared    buffers     cached
Mem:          992M       676M       315M       1.4M        38M       288M
-/+ buffers/cache:       349M       642M
Swap:         8.0G         0B       8.0G

             total       used       free     shared    buffers     cached
Mem:          992M       687M       305M       1.4M        38M       288M
-/+ buffers/cache:       359M       632M
Swap:         8.0G         0B       8.0G

             total       used       free     shared    buffers     cached
Mem:          992M       665M       326M       1.4M        38M       289M
-/+ buffers/cache:       337M       654M
Swap:         8.0G         0B       8.0G

             total       used       free     shared    buffers     cached
Mem:          992M       665M       326M       1.4M        38M       289M
-/+ buffers/cache:       337M       654M
Swap:         8.0G         0B       8.0G

             total       used       free     shared    buffers     cached
Mem:          992M       666M       326M       1.4M        38M       289M
-/+ buffers/cache:       337M       654M
Swap:         8.0G         0B       8.0G

             total       used       free     shared    buffers     cached
Mem:          992M       666M       326M       1.4M        38M       289M
-/+ buffers/cache:       337M       654M
Swap:         8.0G         0B       8.0G

             total       used       free     shared    buffers     cached
Mem:          992M       666M       326M       1.4M        38M       289M
-/+ buffers/cache:       337M       654M
Swap:         8.0G         0B       8.0G

             total       used       free     shared    buffers     cached
Mem:          992M       666M       326M       1.4M        38M       289M
-/+ buffers/cache:       337M       654M
Swap:         8.0G         0B       8.0G

             total       used       free     shared    buffers     cached
Mem:          992M       665M       326M       1.4M        38M       289M
-/+ buffers/cache:       337M       654M
Swap:         8.0G         0B       8.0G

             total       used       free     shared    buffers     cached
Mem:          992M       665M       326M       1.4M        38M       289M
-/+ buffers/cache:       337M       654M
Swap:         8.0G         0B       8.0G

             total       used       free     shared    buffers     cached
Mem:          992M       665M       326M       1.4M        38M       289M
-/+ buffers/cache:       337M       654M
Swap:         8.0G         0B       8.0G

             total       used       free     shared    buffers     cached
Mem:          992M       666M       325M       1.4M        38M       289M
-/+ buffers/cache:       337M       654M
Swap:         8.0G         0B       8.0G

             total       used       free     shared    buffers     cached
Mem:          992M       666M       325M       1.4M        38M       289M
-/+ buffers/cache:       337M       654M
Swap:         8.0G         0B       8.0G

             total       used       free     shared    buffers     cached
Mem:          992M       666M       325M       1.4M        38M       289M
-/+ buffers/cache:       337M       654M
Swap:         8.0G         0B       8.0G

             total       used       free     shared    buffers     cached
Mem:          992M       666M       325M       1.4M        38M       289M
-/+ buffers/cache:       337M       654M
Swap:         8.0G         0B       8.0G

             total       used       free     shared    buffers     cached
Mem:          992M       666M       325M       1.4M        38M       289M
-/+ buffers/cache:       337M       654M
Swap:         8.0G         0B       8.0G

             total       used       free     shared    buffers     cached
Mem:          992M       666M       325M       1.4M        38M       289M
-/+ buffers/cache:       337M       654M
Swap:         8.0G         0B       8.0G

             total       used       free     shared    buffers     cached
Mem:          992M       666M       325M       1.4M        38M       289M
-/+ buffers/cache:       337M       654M
Swap:         8.0G         0B       8.0G

             total       used       free     shared    buffers     cached
Mem:          992M       666M       326M       1.4M        38M       289M
-/+ buffers/cache:       337M       654M
Swap:         8.0G         0B       8.0G

             total       used       free     shared    buffers     cached
Mem:          992M       666M       326M       1.4M        38M       289M
-/+ buffers/cache:       337M       654M
Swap:         8.0G         0B       8.0G

             total       used       free     shared    buffers     cached
Mem:          992M       666M       325M       1.4M        38M       289M
-/+ buffers/cache:       337M       654M
Swap:         8.0G         0B       8.0G

             total       used       free     shared    buffers     cached
Mem:          992M       666M       326M       1.4M        38M       289M
-/+ buffers/cache:       337M       654M
Swap:         8.0G         0B       8.0G

             total       used       free     shared    buffers     cached
Mem:          992M       666M       326M       1.4M        38M       289M
-/+ buffers/cache:       337M       654M
Swap:         8.0G         0B       8.0G

             total       used       free     shared    buffers     cached
Mem:          992M       673M       318M       1.4M        38M       289M
-/+ buffers/cache:       344M       647M
Swap:         8.0G         0B       8.0G

             total       used       free     shared    buffers     cached
Mem:          992M       690M       301M       1.4M        38M       289M
-/+ buffers/cache:       361M       630M
Swap:         8.0G         0B       8.0G

             total       used       free     shared    buffers     cached
Mem:          992M       706M       285M       1.4M        38M       289M
-/+ buffers/cache:       377M       614M
Swap:         8.0G         0B       8.0G

             total       used       free     shared    buffers     cached
Mem:          992M       722M       269M       1.4M        38M       289M
-/+ buffers/cache:       393M       598M
Swap:         8.0G         0B       8.0G

             total       used       free     shared    buffers     cached
Mem:          992M       738M       253M       1.4M        38M       289M
-/+ buffers/cache:       409M       582M
Swap:         8.0G         0B       8.0G

             total       used       free     shared    buffers     cached
Mem:          992M       753M       238M       1.4M        38M       289M
-/+ buffers/cache:       425M       567M
Swap:         8.0G         0B       8.0G

             total       used       free     shared    buffers     cached
Mem:          992M       768M       223M       1.4M        38M       289M
-/+ buffers/cache:       439M       552M
Swap:         8.0G         0B       8.0G

             total       used       free     shared    buffers     cached
Mem:          992M       783M       209M       1.4M        38M       289M
-/+ buffers/cache:       454M       537M
Swap:         8.0G         0B       8.0G

             total       used       free     shared    buffers     cached
Mem:          992M       801M       191M       1.4M        38M       289M
-/+ buffers/cache:       472M       519M
Swap:         8.0G         0B       8.0G

             total       used       free     shared    buffers     cached
Mem:          992M       818M       174M       1.4M        38M       289M
-/+ buffers/cache:       489M       502M
Swap:         8.0G         0B       8.0G

             total       used       free     shared    buffers     cached
Mem:          992M       838M       153M       1.4M        38M       289M
-/+ buffers/cache:       509M       482M
Swap:         8.0G         0B       8.0G

             total       used       free     shared    buffers     cached
Mem:          992M       851M       140M       1.4M        38M       289M
-/+ buffers/cache:       522M       469M
Swap:         8.0G         0B       8.0G

             total       used       free     shared    buffers     cached
Mem:          992M       865M       126M       1.4M        38M       289M
-/+ buffers/cache:       536M       455M
Swap:         8.0G         0B       8.0G

             total       used       free     shared    buffers     cached
Mem:          992M       878M       113M       1.4M        38M       289M
-/+ buffers/cache:       550M       442M
Swap:         8.0G         0B       8.0G

             total       used       free     shared    buffers     cached
Mem:          992M       891M       100M       1.4M        38M       289M
-/+ buffers/cache:       562M       429M
Swap:         8.0G         0B       8.0G

             total       used       free     shared    buffers     cached
Mem:          992M       903M        88M       1.4M        38M       289M
-/+ buffers/cache:       574M       417M
Swap:         8.0G         0B       8.0G

             total       used       free     shared    buffers     cached
Mem:          992M       918M        73M       1.4M        38M       289M
-/+ buffers/cache:       589M       402M
Swap:         8.0G         0B       8.0G

             total       used       free     shared    buffers     cached
Mem:          992M       923M        68M       1.4M        28M       288M
-/+ buffers/cache:       606M       385M
Swap:         8.0G         0B       8.0G

             total       used       free     shared    buffers     cached
Mem:          992M       922M        69M       1.4M        12M       288M
-/+ buffers/cache:       621M       370M
Swap:         8.0G         0B       8.0G

             total       used       free     shared    buffers     cached
Mem:          992M       919M        72M       1.4M        10M       270M
-/+ buffers/cache:       638M       353M
Swap:         8.0G        84K       8.0G

             total       used       free     shared    buffers     cached
Mem:          992M       916M        75M       1.3M       9.8M       252M
-/+ buffers/cache:       654M       337M
Swap:         8.0G       724K       8.0G

             total       used       free     shared    buffers     cached
Mem:          992M       933M        59M       1.3M       9.8M       252M
-/+ buffers/cache:       670M       321M
Swap:         8.0G       724K       8.0G

             total       used       free     shared    buffers     cached
Mem:          992M       920M        72M       1.2M       9.8M       226M
-/+ buffers/cache:       683M       308M
Swap:         8.0G       8.5M       8.0G

             total       used       free     shared    buffers     cached
Mem:          992M       920M        72M       1.2M       9.8M       214M
-/+ buffers/cache:       695M       296M
Swap:         8.0G       9.0M       8.0G

             total       used       free     shared    buffers     cached
Mem:          992M       922M        69M       1.2M       5.4M       204M
-/+ buffers/cache:       712M       279M
Swap:         8.0G       9.0M       8.0G

             total       used       free     shared    buffers     cached
Mem:          992M       930M        61M       1.2M       3.0M       200M
-/+ buffers/cache:       727M       264M
Swap:         8.0G       9.0M       8.0G

             total       used       free     shared    buffers     cached
Mem:          992M       922M        69M       1.2M       456K       177M
-/+ buffers/cache:       744M       247M
Swap:         8.0G       9.0M       8.0G

             total       used       free     shared    buffers     cached
Mem:          992M       917M        75M       1.2M       204K       156M
-/+ buffers/cache:       760M       232M
Swap:         8.0G       9.0M       8.0G

             total       used       free     shared    buffers     cached
Mem:          992M       930M        61M       1.2M       212K       156M
-/+ buffers/cache:       773M       218M
Swap:         8.0G       9.0M       8.0G

             total       used       free     shared    buffers     cached
Mem:          992M       918M        73M       1.2M       376K       138M
-/+ buffers/cache:       779M       212M
Swap:         8.0G       9.0M       8.0G

             total       used       free     shared    buffers     cached
Mem:          992M       918M        73M       1.2M       228K       121M
-/+ buffers/cache:       796M       196M
Swap:         8.0G       9.0M       8.0G

             total       used       free     shared    buffers     cached
Mem:          992M       919M        72M       1.2M       228K       107M
-/+ buffers/cache:       811M       180M
Swap:         8.0G       9.0M       8.0G

             total       used       free     shared    buffers     cached
Mem:          992M       918M        73M       1.2M       228K        92M
-/+ buffers/cache:       825M       166M
Swap:         8.0G       9.0M       8.0G

             total       used       free     shared    buffers     cached
Mem:          992M       913M        79M       1.2M       228K        71M
-/+ buffers/cache:       841M       151M
Swap:         8.0G       9.0M       8.0G

             total       used       free     shared    buffers     cached
Mem:          992M       928M        64M       1.2M       240K        71M
-/+ buffers/cache:       856M       136M
Swap:         8.0G       9.0M       8.0G

             total       used       free     shared    buffers     cached
Mem:          992M       927M        64M       1.2M       240K        55M
-/+ buffers/cache:       871M       120M
Swap:         8.0G       9.0M       8.0G

             total       used       free     shared    buffers     cached
Mem:          992M       912M        80M       744K       3.1M        28M
-/+ buffers/cache:       880M       112M
Swap:         8.0G        27M       8.0G

             total       used       free     shared    buffers     cached
Mem:          992M       927M        64M       728K       3.1M        28M
-/+ buffers/cache:       895M        96M
Swap:         8.0G        27M       8.0G

             total       used       free     shared    buffers     cached
Mem:          992M       923M        69M       728K       568K        22M
-/+ buffers/cache:       900M        91M
Swap:         8.0G        35M       8.0G

             total       used       free     shared    buffers     cached
Mem:          992M       920M        71M       708K       556K        11M
-/+ buffers/cache:       908M        84M
Swap:         8.0G        36M       8.0G

             total       used       free     shared    buffers     cached
Mem:          992M       920M        71M       708K       100K       3.2M
-/+ buffers/cache:       917M        74M
Swap:         8.0G        42M       8.0G

             total       used       free     shared    buffers     cached
Mem:          992M       911M        80M       708K       112K       2.7M
-/+ buffers/cache:       908M        83M
Swap:         8.0G        90M       7.9G

             total       used       free     shared    buffers     cached
Mem:          992M       925M        66M       676K       400K       2.9M
-/+ buffers/cache:       922M        69M
Swap:         8.0G        90M       7.9G

             total       used       free     shared    buffers     cached
Mem:          992M       927M        64M       676K       400K       2.9M
-/+ buffers/cache:       924M        67M
Swap:         8.0G        90M       7.9G

             total       used       free     shared    buffers     cached
Mem:          992M       930M        61M       676K       400K       2.9M
-/+ buffers/cache:       927M        64M
Swap:         8.0G        90M       7.9G

             total       used       free     shared    buffers     cached
Mem:          992M       927M        64M       664K       400K       2.8M
-/+ buffers/cache:       924M        67M
Swap:         8.0G       132M       7.9G

             total       used       free     shared    buffers     cached
Mem:          992M       927M        64M       664K       408K       3.0M
-/+ buffers/cache:       924M        68M
Swap:         8.0G       132M       7.9G

             total       used       free     shared    buffers     cached
Mem:          992M       921M        70M       612K       408K       3.0M
-/+ buffers/cache:       917M        74M
Swap:         8.0G       139M       7.9G

             total       used       free     shared    buffers     cached
Mem:          992M       918M        73M       576K       396K       2.8M
-/+ buffers/cache:       915M        77M
Swap:         8.0G       166M       7.8G

             total       used       free     shared    buffers     cached
Mem:          992M       931M        60M       576K       396K       2.8M
-/+ buffers/cache:       928M        64M
Swap:         8.0G       166M       7.8G

             total       used       free     shared    buffers     cached
Mem:          992M       931M        60M       576K       396K       2.8M
-/+ buffers/cache:       928M        64M
Swap:         8.0G       170M       7.8G

             total       used       free     shared    buffers     cached
Mem:          992M       929M        63M       572K       396K       3.0M
-/+ buffers/cache:       925M        66M
Swap:         8.0G       204M       7.8G

             total       used       free     shared    buffers     cached
Mem:          992M       926M        65M       572K       404K       3.0M
-/+ buffers/cache:       923M        68M
Swap:         8.0G       204M       7.8G

             total       used       free     shared    buffers     cached
Mem:          992M       927M        64M       572K       404K       3.0M
-/+ buffers/cache:       923M        68M
Swap:         8.0G       217M       7.8G

             total       used       free     shared    buffers     cached
Mem:          992M       926M        65M       572K       404K       3.0M
-/+ buffers/cache:       923M        68M
Swap:         8.0G       227M       7.8G

             total       used       free     shared    buffers     cached
Mem:          992M       922M        69M       568K       404K       2.9M
-/+ buffers/cache:       919M        72M
Swap:         8.0G       241M       7.8G

             total       used       free     shared    buffers     cached
Mem:          992M       914M        78M       544K       404K       2.8M
-/+ buffers/cache:       910M        81M
Swap:         8.0G       262M       7.7G

             total       used       free     shared    buffers     cached
Mem:          992M       917M        75M       544K       412K       2.8M
-/+ buffers/cache:       913M        78M
Swap:         8.0G       262M       7.7G

             total       used       free     shared    buffers     cached
Mem:          992M       923M        68M       544K       412K       2.8M
-/+ buffers/cache:       920M        71M
Swap:         8.0G       262M       7.7G

             total       used       free     shared    buffers     cached
Mem:          992M       930M        61M       544K       412K       2.8M
-/+ buffers/cache:       927M        64M
Swap:         8.0G       262M       7.7G

             total       used       free     shared    buffers     cached
Mem:          992M       920M        71M       544K       404K       2.8M
-/+ buffers/cache:       917M        74M
Swap:         8.0G       283M       7.7G

             total       used       free     shared    buffers     cached
Mem:          992M       926M        65M       544K       404K       2.8M
-/+ buffers/cache:       923M        68M
Swap:         8.0G       283M       7.7G

             total       used       free     shared    buffers     cached
Mem:          992M       919M        72M       544K       388K       2.7M
-/+ buffers/cache:       916M        75M
Swap:         8.0G       295M       7.7G

             total       used       free     shared    buffers     cached
Mem:          992M       923M        69M       544K       388K       2.6M
-/+ buffers/cache:       920M        72M
Swap:         8.0G       295M       7.7G

             total       used       free     shared    buffers     cached
Mem:          992M       928M        63M       544K       388K       2.6M
-/+ buffers/cache:       925M        66M
Swap:         8.0G       295M       7.7G

             total       used       free     shared    buffers     cached
Mem:          992M       909M        82M       440K       356K       2.4M
-/+ buffers/cache:       906M        85M
Swap:         8.0G       318M       7.7G

             total       used       free     shared    buffers     cached
Mem:          992M       913M        78M       444K       356K       2.5M
-/+ buffers/cache:       911M        81M
Swap:         8.0G       318M       7.7G

             total       used       free     shared    buffers     cached
Mem:          992M       919M        72M       444K       356K       2.5M
-/+ buffers/cache:       916M        75M
Swap:         8.0G       318M       7.7G

             total       used       free     shared    buffers     cached
Mem:          992M       923M        68M       444K       364K       2.5M
-/+ buffers/cache:       920M        71M
Swap:         8.0G       318M       7.7G

             total       used       free     shared    buffers     cached
Mem:          992M       927M        64M       444K       364K       2.4M
-/+ buffers/cache:       924M        67M
Swap:         8.0G       318M       7.7G

             total       used       free     shared    buffers     cached
Mem:          992M       918M        73M        28K       364K       2.0M
-/+ buffers/cache:       916M        75M
Swap:         8.0G       334M       7.7G

             total       used       free     shared    buffers     cached
Mem:          992M       922M        69M         8K       364K       2.0M
-/+ buffers/cache:       920M        71M
Swap:         8.0G       334M       7.7G

             total       used       free     shared    buffers     cached
Mem:          992M       914M        78M         8K       244K       2.0M
-/+ buffers/cache:       911M        80M
Swap:         8.0G       338M       7.7G

             total       used       free     shared    buffers     cached
Mem:          992M       918M        73M         8K       208K       2.0M
-/+ buffers/cache:       916M        75M
Swap:         8.0G       330M       7.7G

             total       used       free     shared    buffers     cached
Mem:          992M       915M        76M         8K       156K       2.0M
-/+ buffers/cache:       913M        78M
Swap:         8.0G       327M       7.7G

             total       used       free     shared    buffers     cached
Mem:          992M       920M        71M         0B        76K       1.8M
-/+ buffers/cache:       919M        73M
Swap:         8.0G       322M       7.7G

             total       used       free     shared    buffers     cached
Mem:          992M       926M        65M         0B        76K       1.4M
-/+ buffers/cache:       925M        67M
Swap:         8.0G       323M       7.7G

             total       used       free     shared    buffers     cached
Mem:          992M       921M        70M         0B        76K       1.3M
-/+ buffers/cache:       920M        71M
Swap:         8.0G       320M       7.7G

             total       used       free     shared    buffers     cached
Mem:          992M       919M        72M         0B        84K       1.3M
-/+ buffers/cache:       918M        73M
Swap:         8.0G       322M       7.7G

             total       used       free     shared    buffers     cached
Mem:          992M       919M        72M         0B        84K       1.3M
-/+ buffers/cache:       918M        73M
Swap:         8.0G       322M       7.7G

             total       used       free     shared    buffers     cached
Mem:          992M       922M        69M         0B        80K       1.3M
-/+ buffers/cache:       921M        71M
Swap:         8.0G       323M       7.7G

             total       used       free     shared    buffers     cached
Mem:          992M       926M        65M         0B        80K       1.3M
-/+ buffers/cache:       925M        67M
Swap:         8.0G       388M       7.6G

             total       used       free     shared    buffers     cached
Mem:          992M       923M        68M         0B        76K       1.3M
-/+ buffers/cache:       922M        69M
Swap:         8.0G       353M       7.7G

             total       used       free     shared    buffers     cached
Mem:          992M       918M        73M         0B        76K       1.6M
-/+ buffers/cache:       917M        74M
Swap:         8.0G       337M       7.7G

             total       used       free     shared    buffers     cached
Mem:          992M       920M        71M         0B        84K       1.6M
-/+ buffers/cache:       918M        73M
Swap:         8.0G       337M       7.7G

             total       used       free     shared    buffers     cached
Mem:          992M       925M        67M         0B        84K       1.6M
-/+ buffers/cache:       923M        68M
Swap:         8.0G       335M       7.7G

             total       used       free     shared    buffers     cached
Mem:          992M       913M        78M         0B        80K       1.6M
-/+ buffers/cache:       911M        80M
Swap:         8.0G       351M       7.7G

             total       used       free     shared    buffers     cached
Mem:          992M       919M        72M         0B        80K       1.6M
-/+ buffers/cache:       917M        74M
Swap:         8.0G       351M       7.7G

             total       used       free     shared    buffers     cached
Mem:          992M       925M        66M         0B        80K       1.6M
-/+ buffers/cache:       924M        67M
Swap:         8.0G       351M       7.7G

             total       used       free     shared    buffers     cached
Mem:          992M       913M        78M         0B        88K       1.6M
-/+ buffers/cache:       912M        80M
Swap:         8.0G       367M       7.6G

             total       used       free     shared    buffers     cached
Mem:          992M       919M        72M         0B        88K       1.6M
-/+ buffers/cache:       918M        74M
Swap:         8.0G       367M       7.6G

             total       used       free     shared    buffers     cached
Mem:          992M       925M        66M         0B        88K       1.6M
-/+ buffers/cache:       923M        68M
Swap:         8.0G       367M       7.6G

             total       used       free     shared    buffers     cached
Mem:          992M       927M        65M         0B        88K       1.6M
-/+ buffers/cache:       925M        66M
Swap:         8.0G       367M       7.6G

             total       used       free     shared    buffers     cached
Mem:          992M       928M        63M         0B        88K       1.6M
-/+ buffers/cache:       927M        65M
Swap:         8.0G       366M       7.6G

             total       used       free     shared    buffers     cached
Mem:          992M       930M        61M         0B        96K       1.6M
-/+ buffers/cache:       929M        63M
Swap:         8.0G       366M       7.6G

             total       used       free     shared    buffers     cached
Mem:          992M       915M        76M         0B        96K       1.6M
-/+ buffers/cache:       913M        78M
Swap:         8.0G       385M       7.6G

             total       used       free     shared    buffers     cached
Mem:          992M       922M        69M         0B       196K        14M
-/+ buffers/cache:       907M        84M
Swap:         8.0G       398M       7.6G

             total       used       free     shared    buffers     cached
Mem:          992M       919M        73M         0B        88K        18M
-/+ buffers/cache:       900M        91M
Swap:         8.0G       410M       7.6G

             total       used       free     shared    buffers     cached
Mem:          992M       923M        68M         0B       784K        19M
-/+ buffers/cache:       903M        88M
Swap:         8.0G       409M       7.6G

             total       used       free     shared    buffers     cached
Mem:          992M       926M        65M         0B       784K        19M
-/+ buffers/cache:       906M        85M
Swap:         8.0G       408M       7.6G

             total       used       free     shared    buffers     cached
Mem:          992M       927M        64M         0B       792K        19M
-/+ buffers/cache:       907M        85M
Swap:         8.0G       408M       7.6G

             total       used       free     shared    buffers     cached
Mem:          992M       929M        62M         0B       792K        19M
-/+ buffers/cache:       909M        82M
Swap:         8.0G       407M       7.6G

             total       used       free     shared    buffers     cached
Mem:          992M       912M        79M         0B       792K        18M
-/+ buffers/cache:       893M        98M
Swap:         8.0G       423M       7.6G

             total       used       free     shared    buffers     cached
Mem:          992M       915M        77M         0B       792K        18M
-/+ buffers/cache:       895M        96M
Swap:         8.0G       422M       7.6G

             total       used       free     shared    buffers     cached
Mem:          992M       917M        74M         0B       792K        18M
-/+ buffers/cache:       897M        94M
Swap:         8.0G       421M       7.6G

             total       used       free     shared    buffers     cached
Mem:          992M       919M        72M         0B       800K        18M
-/+ buffers/cache:       899M        92M
Swap:         8.0G       420M       7.6G

             total       used       free     shared    buffers     cached
Mem:          992M       921M        70M         0B       800K        18M
-/+ buffers/cache:       901M        90M
Swap:         8.0G       419M       7.6G

             total       used       free     shared    buffers     cached
Mem:          992M       924M        68M         0B       800K        18M
-/+ buffers/cache:       904M        87M
Swap:         8.0G       418M       7.6G

             total       used       free     shared    buffers     cached
Mem:          992M       926M        66M         0B       800K        18M
-/+ buffers/cache:       906M        85M
Swap:         8.0G       417M       7.6G

             total       used       free     shared    buffers     cached
Mem:          992M       928M        63M         0B       800K        18M
-/+ buffers/cache:       908M        83M
Swap:         8.0G       416M       7.6G

             total       used       free     shared    buffers     cached
Mem:          992M       931M        61M         0B       808K        18M
-/+ buffers/cache:       911M        80M
Swap:         8.0G       415M       7.6G

             total       used       free     shared    buffers     cached
Mem:          992M       902M        89M         0B       808K        16M
-/+ buffers/cache:       884M       107M
Swap:         8.0G       446M       7.6G

             total       used       free     shared    buffers     cached
Mem:          992M       903M        88M         0B       808K        16M
-/+ buffers/cache:       886M       105M
Swap:         8.0G       445M       7.6G

             total       used       free     shared    buffers     cached
Mem:          992M       905M        86M         0B       808K        16M
-/+ buffers/cache:       888M       103M
Swap:         8.0G       444M       7.6G

             total       used       free     shared    buffers     cached
Mem:          992M       907M        84M         0B       808K        16M
-/+ buffers/cache:       890M       101M
Swap:         8.0G       443M       7.6G

             total       used       free     shared    buffers     cached
Mem:          992M       910M        82M         0B       808K        16M
-/+ buffers/cache:       892M        99M
Swap:         8.0G       442M       7.6G

             total       used       free     shared    buffers     cached
Mem:          992M       912M        80M         0B       816K        16M
-/+ buffers/cache:       894M        97M
Swap:         8.0G       441M       7.6G

             total       used       free     shared    buffers     cached
Mem:          992M       914M        78M         0B       816K        16M
-/+ buffers/cache:       896M        95M
Swap:         8.0G       440M       7.6G

             total       used       free     shared    buffers     cached
Mem:          992M       916M        75M         0B       816K        16M
-/+ buffers/cache:       898M        93M
Swap:         8.0G       439M       7.6G

             total       used       free     shared    buffers     cached
Mem:          992M       918M        73M         0B       816K        16M
-/+ buffers/cache:       901M        90M
Swap:         8.0G       439M       7.6G

             total       used       free     shared    buffers     cached
Mem:          992M       920M        71M         0B       816K        16M
-/+ buffers/cache:       903M        88M
Swap:         8.0G       437M       7.6G

             total       used       free     shared    buffers     cached
Mem:          992M       922M        69M         0B       824K        16M
-/+ buffers/cache:       905M        86M
Swap:         8.0G       437M       7.6G

             total       used       free     shared    buffers     cached
Mem:          992M       924M        67M         0B       824K        16M
-/+ buffers/cache:       907M        84M
Swap:         8.0G       436M       7.6G

             total       used       free     shared    buffers     cached
Mem:          992M       926M        65M         0B       824K        16M
-/+ buffers/cache:       909M        82M
Swap:         8.0G       435M       7.6G

             total       used       free     shared    buffers     cached
Mem:          992M       928M        63M         0B       824K        16M
-/+ buffers/cache:       911M        80M
Swap:         8.0G       434M       7.6G

             total       used       free     shared    buffers     cached
Mem:          992M       931M        61M         0B       824K        16M
-/+ buffers/cache:       913M        78M
Swap:         8.0G       433M       7.6G

             total       used       free     shared    buffers     cached
Mem:          992M       918M        73M         0B       832K        16M
-/+ buffers/cache:       901M        90M
Swap:         8.0G       433M       7.6G

             total       used       free     shared    buffers     cached
Mem:          992M       920M        71M         0B       832K        15M
-/+ buffers/cache:       903M        88M
Swap:         8.0G       432M       7.6G

             total       used       free     shared    buffers     cached
Mem:          992M       922M        69M         0B       832K        15M
-/+ buffers/cache:       906M        86M
Swap:         8.0G       431M       7.6G

             total       used       free     shared    buffers     cached
Mem:          992M       925M        67M         0B       832K        15M
-/+ buffers/cache:       908M        83M
Swap:         8.0G       430M       7.6G

             total       used       free     shared    buffers     cached
Mem:          992M       927M        65M         0B       832K        15M
-/+ buffers/cache:       910M        81M
Swap:         8.0G       429M       7.6G

             total       used       free     shared    buffers     cached
Mem:          992M       928M        63M         0B       832K        16M
-/+ buffers/cache:       911M        80M
Swap:         8.0G       428M       7.6G

             total       used       free     shared    buffers     cached
Mem:          992M       930M        61M         0B       840K        16M
-/+ buffers/cache:       914M        78M
Swap:         8.0G       427M       7.6G

             total       used       free     shared    buffers     cached
Mem:          992M       918M        74M         0B       788K        13M
-/+ buffers/cache:       904M        87M
Swap:         8.0G       441M       7.6G

             total       used       free     shared    buffers     cached
Mem:          992M       920M        71M         0B       788K        13M
-/+ buffers/cache:       906M        85M
Swap:         8.0G       440M       7.6G

             total       used       free     shared    buffers     cached
Mem:          992M       922M        69M         0B       788K        13M
-/+ buffers/cache:       908M        83M
Swap:         8.0G       440M       7.6G

             total       used       free     shared    buffers     cached
Mem:          992M       924M        67M         0B       788K        13M
-/+ buffers/cache:       910M        81M
Swap:         8.0G       439M       7.6G

             total       used       free     shared    buffers     cached
Mem:          992M       926M        65M         0B       796K        13M
-/+ buffers/cache:       912M        79M
Swap:         8.0G       437M       7.6G

             total       used       free     shared    buffers     cached
Mem:          992M       928M        63M         0B       796K        13M
-/+ buffers/cache:       914M        77M
Swap:         8.0G       436M       7.6G

             total       used       free     shared    buffers     cached
Mem:          992M       919M        72M         0B        76K       6.0M
-/+ buffers/cache:       913M        78M
Swap:         8.0G       438M       7.6G

             total       used       free     shared    buffers     cached
Mem:          992M       920M        71M         0B        84K       6.0M
-/+ buffers/cache:       914M        77M
Swap:         8.0G       437M       7.6G

             total       used       free     shared    buffers     cached
Mem:          992M       923M        69M         0B        88K       6.1M
-/+ buffers/cache:       916M        75M
Swap:         8.0G       436M       7.6G

             total       used       free     shared    buffers     cached
Mem:          992M       925M        66M         0B       120K       6.1M
-/+ buffers/cache:       919M        72M
Swap:         8.0G       435M       7.6G

             total       used       free     shared    buffers     cached
Mem:          992M       927M        65M         0B       120K       6.0M
-/+ buffers/cache:       920M        71M
Swap:         8.0G       434M       7.6G

             total       used       free     shared    buffers     cached
Mem:          992M       929M        62M         0B       120K       6.0M
-/+ buffers/cache:       923M        69M
Swap:         8.0G       433M       7.6G

             total       used       free     shared    buffers     cached
Mem:          992M       931M        60M         0B       120K       6.0M
-/+ buffers/cache:       925M        66M
Swap:         8.0G       432M       7.6G

             total       used       free     shared    buffers     cached
Mem:          992M       922M        69M         0B       516K       2.0M
-/+ buffers/cache:       919M        72M
Swap:         8.0G       436M       7.6G

             total       used       free     shared    buffers     cached
Mem:          992M       926M        65M         0B       804K       3.1M
-/+ buffers/cache:       923M        69M
Swap:         8.0G       434M       7.6G

             total       used       free     shared    buffers     cached
Mem:          992M       919M        73M         0B       912K        27M
-/+ buffers/cache:       890M       101M
Swap:         8.0G       477M       7.5G

             total       used       free     shared    buffers     cached
Mem:          992M       920M        71M        16K       916K        27M
-/+ buffers/cache:       892M        99M
Swap:         8.0G       476M       7.5G

             total       used       free     shared    buffers     cached
Mem:          992M       922M        69M        16K       924K        27M
-/+ buffers/cache:       894M        98M
Swap:         8.0G       476M       7.5G

             total       used       free     shared    buffers     cached
Mem:          992M       925M        66M        16K       924K        28M
-/+ buffers/cache:       895M        96M
Swap:         8.0G       475M       7.5G

             total       used       free     shared    buffers     cached
Mem:          992M       926M        65M        16K       924K        28M
-/+ buffers/cache:       896M        95M
Swap:         8.0G       474M       7.5G

             total       used       free     shared    buffers     cached
Mem:          992M       927M        64M        16K       932K        28M
-/+ buffers/cache:       898M        94M
Swap:         8.0G       474M       7.5G

             total       used       free     shared    buffers     cached
Mem:          992M       928M        63M        16K       932K        28M
-/+ buffers/cache:       899M        92M
Swap:         8.0G       473M       7.5G

             total       used       free     shared    buffers     cached
Mem:          992M       916M        75M        16K       932K        26M
-/+ buffers/cache:       888M       103M
Swap:         8.0G       486M       7.5G

             total       used       free     shared    buffers     cached
Mem:          992M       923M        68M        16K       932K        32M
-/+ buffers/cache:       890M       102M
Swap:         8.0G       485M       7.5G

             total       used       free     shared    buffers     cached
Mem:          992M       925M        67M        16K       1.2M        32M
-/+ buffers/cache:       891M       100M
Swap:         8.0G       484M       7.5G

             total       used       free     shared    buffers     cached
Mem:          992M       925M        66M        16K       1.2M        32M
-/+ buffers/cache:       892M        99M
Swap:         8.0G       484M       7.5G

             total       used       free     shared    buffers     cached
Mem:          992M       927M        64M        16K       1.2M        32M
-/+ buffers/cache:       893M        98M
Swap:         8.0G       483M       7.5G

             total       used       free     shared    buffers     cached
Mem:          992M       928M        63M        16K       1.2M        32M
-/+ buffers/cache:       894M        97M
Swap:         8.0G       483M       7.5G

             total       used       free     shared    buffers     cached
Mem:          992M       929M        62M        16K       1.2M        32M
-/+ buffers/cache:       895M        96M
Swap:         8.0G       482M       7.5G

             total       used       free     shared    buffers     cached
Mem:          992M       930M        61M        16K       1.2M        32M
-/+ buffers/cache:       897M        95M
Swap:         8.0G       481M       7.5G

             total       used       free     shared    buffers     cached
Mem:          992M       920M        71M        16K       488K        32M
-/+ buffers/cache:       887M       104M
Swap:         8.0G       483M       7.5G

             total       used       free     shared    buffers     cached
Mem:          992M       921M        70M        16K       496K        32M
-/+ buffers/cache:       888M       103M
Swap:         8.0G       483M       7.5G

             total       used       free     shared    buffers     cached
Mem:          992M       922M        69M        16K       496K        32M
-/+ buffers/cache:       890M       102M
Swap:         8.0G       482M       7.5G

             total       used       free     shared    buffers     cached
Mem:          992M       923M        68M        16K       496K        32M
-/+ buffers/cache:       891M       101M
Swap:         8.0G       481M       7.5G

             total       used       free     shared    buffers     cached
Mem:          992M       924M        67M        16K       496K        32M
-/+ buffers/cache:       892M        99M
Swap:         8.0G       481M       7.5G

             total       used       free     shared    buffers     cached
Mem:          992M       926M        65M        16K       496K        32M
-/+ buffers/cache:       893M        98M
Swap:         8.0G       480M       7.5G

             total       used       free     shared    buffers     cached
Mem:          992M       927M        64M        16K       496K        32M
-/+ buffers/cache:       894M        97M
Swap:         8.0G       479M       7.5G

             total       used       free     shared    buffers     cached
Mem:          992M       928M        63M        16K       504K        32M
-/+ buffers/cache:       896M        96M
Swap:         8.0G       479M       7.5G

             total       used       free     shared    buffers     cached
Mem:          992M       930M        62M        16K       504K        32M
-/+ buffers/cache:       897M        94M
Swap:         8.0G       478M       7.5G

             total       used       free     shared    buffers     cached
Mem:          992M       931M        61M        16K       504K        32M
-/+ buffers/cache:       898M        93M
Swap:         8.0G       477M       7.5G

             total       used       free     shared    buffers     cached
Mem:          992M       913M        78M        16K       424K        29M
-/+ buffers/cache:       884M       107M
Swap:         8.0G       492M       7.5G

             total       used       free     shared    buffers     cached
Mem:          992M       914M        77M        16K       424K        29M
-/+ buffers/cache:       885M       106M
Swap:         8.0G       492M       7.5G

             total       used       free     shared    buffers     cached
Mem:          992M       916M        75M        16K       432K        29M
-/+ buffers/cache:       886M       105M
Swap:         8.0G       491M       7.5G

             total       used       free     shared    buffers     cached
Mem:          992M       917M        74M        16K       432K        29M
-/+ buffers/cache:       888M       103M
Swap:         8.0G       490M       7.5G

             total       used       free     shared    buffers     cached
Mem:          992M       919M        73M        16K       432K        29M
-/+ buffers/cache:       889M       102M
Swap:         8.0G       490M       7.5G

             total       used       free     shared    buffers     cached
Mem:          992M       920M        71M        16K       432K        29M
-/+ buffers/cache:       890M       101M
Swap:         8.0G       489M       7.5G

             total       used       free     shared    buffers     cached
Mem:          992M       921M        70M        16K       432K        29M
-/+ buffers/cache:       892M       100M
Swap:         8.0G       488M       7.5G

             total       used       free     shared    buffers     cached
Mem:          992M       922M        69M        16K       432K        29M
-/+ buffers/cache:       893M        98M
Swap:         8.0G       487M       7.5G

             total       used       free     shared    buffers     cached
Mem:          992M       924M        68M        16K       440K        29M
-/+ buffers/cache:       894M        97M
Swap:         8.0G       487M       7.5G

             total       used       free     shared    buffers     cached
Mem:          992M       925M        66M        16K       440K        29M
-/+ buffers/cache:       895M        96M
Swap:         8.0G       486M       7.5G

             total       used       free     shared    buffers     cached
Mem:          992M       926M        65M        16K       440K        29M
-/+ buffers/cache:       896M        95M
Swap:         8.0G       485M       7.5G

             total       used       free     shared    buffers     cached
Mem:          992M       927M        64M        16K       440K        29M
-/+ buffers/cache:       898M        93M
Swap:         8.0G       485M       7.5G

             total       used       free     shared    buffers     cached
Mem:          992M       929M        62M        16K       440K        29M
-/+ buffers/cache:       899M        92M
Swap:         8.0G       484M       7.5G

             total       used       free     shared    buffers     cached
Mem:          992M       930M        61M        16K       448K        29M
-/+ buffers/cache:       900M        91M
Swap:         8.0G       483M       7.5G

             total       used       free     shared    buffers     cached
Mem:          992M       911M        80M        16K       448K        27M
-/+ buffers/cache:       883M       108M
Swap:         8.0G       501M       7.5G

             total       used       free     shared    buffers     cached
Mem:          992M       912M        79M        16K       448K        27M
-/+ buffers/cache:       884M       107M
Swap:         8.0G       500M       7.5G

             total       used       free     shared    buffers     cached
Mem:          992M       913M        78M        16K       448K        27M
-/+ buffers/cache:       885M       106M
Swap:         8.0G       499M       7.5G

             total       used       free     shared    buffers     cached
Mem:          992M       915M        76M        16K       448K        27M
-/+ buffers/cache:       887M       104M
Swap:         8.0G       498M       7.5G

             total       used       free     shared    buffers     cached
Mem:          992M       916M        75M        16K       448K        27M
-/+ buffers/cache:       888M       103M
Swap:         8.0G       498M       7.5G

             total       used       free     shared    buffers     cached
Mem:          992M       917M        74M        16K       456K        27M
-/+ buffers/cache:       889M       102M
Swap:         8.0G       497M       7.5G

             total       used       free     shared    buffers     cached
Mem:          992M       918M        73M        16K       456K        27M
-/+ buffers/cache:       890M       101M
Swap:         8.0G       496M       7.5G

             total       used       free     shared    buffers     cached
Mem:          992M       920M        71M        16K       456K        27M
-/+ buffers/cache:       892M        99M
Swap:         8.0G       496M       7.5G

             total       used       free     shared    buffers     cached
Mem:          992M       921M        70M        16K       456K        27M
-/+ buffers/cache:       893M        98M
Swap:         8.0G       495M       7.5G

             total       used       free     shared    buffers     cached
Mem:          992M       922M        69M        16K       456K        27M
-/+ buffers/cache:       894M        97M
Swap:         8.0G       494M       7.5G

             total       used       free     shared    buffers     cached
Mem:          992M       924M        68M        16K       464K        27M
-/+ buffers/cache:       896M        95M
Swap:         8.0G       494M       7.5G

             total       used       free     shared    buffers     cached
Mem:          992M       925M        66M        16K       464K        27M
-/+ buffers/cache:       897M        94M
Swap:         8.0G       493M       7.5G

             total       used       free     shared    buffers     cached
Mem:          992M       926M        65M        16K       464K        27M
-/+ buffers/cache:       898M        93M
Swap:         8.0G       492M       7.5G

             total       used       free     shared    buffers     cached
Mem:          992M       928M        63M        16K       464K        27M
-/+ buffers/cache:       900M        91M
Swap:         8.0G       491M       7.5G

             total       used       free     shared    buffers     cached
Mem:          992M       929M        62M        16K       464K        27M
-/+ buffers/cache:       901M        90M
Swap:         8.0G       491M       7.5G

             total       used       free     shared    buffers     cached
Mem:          992M       931M        61M        16K       464K        27M
-/+ buffers/cache:       903M        88M
Swap:         8.0G       490M       7.5G

             total       used       free     shared    buffers     cached
Mem:          992M       920M        71M        16K       472K        26M
-/+ buffers/cache:       893M        98M
Swap:         8.0G       500M       7.5G

             total       used       free     shared    buffers     cached
Mem:          992M       921M        70M        16K       472K        26M
-/+ buffers/cache:       894M        97M
Swap:         8.0G       500M       7.5G

             total       used       free     shared    buffers     cached
Mem:          992M       922M        69M        16K       472K        26M
-/+ buffers/cache:       896M        95M
Swap:         8.0G       499M       7.5G

             total       used       free     shared    buffers     cached
Mem:          992M       924M        68M        16K       472K        26M
-/+ buffers/cache:       897M        94M
Swap:         8.0G       498M       7.5G

             total       used       free     shared    buffers     cached
Mem:          992M       925M        66M        16K       472K        26M
-/+ buffers/cache:       898M        93M
Swap:         8.0G       497M       7.5G

             total       used       free     shared    buffers     cached
Mem:          992M       926M        65M        16K       480K        26M
-/+ buffers/cache:       900M        92M
Swap:         8.0G       497M       7.5G

             total       used       free     shared    buffers     cached
Mem:          992M       928M        63M        16K       480K        26M
-/+ buffers/cache:       901M        90M
Swap:         8.0G       496M       7.5G

             total       used       free     shared    buffers     cached
Mem:          992M       929M        62M        16K       480K        26M
-/+ buffers/cache:       903M        89M
Swap:         8.0G       495M       7.5G

             total       used       free     shared    buffers     cached
Mem:          992M       931M        60M        16K       480K        26M
-/+ buffers/cache:       904M        87M
Swap:         8.0G       494M       7.5G

             total       used       free     shared    buffers     cached
Mem:          992M       921M        70M        16K       616K        26M
-/+ buffers/cache:       893M        98M
Swap:         8.0G       508M       7.5G

             total       used       free     shared    buffers     cached
Mem:          992M       922M        69M        20K       616K        26M
-/+ buffers/cache:       895M        96M
Swap:         8.0G       507M       7.5G

             total       used       free     shared    buffers     cached
Mem:          992M       924M        68M        20K       624K        26M
-/+ buffers/cache:       896M        95M
Swap:         8.0G       506M       7.5G

             total       used       free     shared    buffers     cached
Mem:          992M       925M        66M        20K       624K        26M
-/+ buffers/cache:       898M        94M
Swap:         8.0G       506M       7.5G

             total       used       free     shared    buffers     cached
Mem:          992M       919M        72M        20K       624K        28M
-/+ buffers/cache:       890M       101M
Swap:         8.0G       511M       7.5G

             total       used       free     shared    buffers     cached
Mem:          992M       924M        67M        20K       1.8M        30M
-/+ buffers/cache:       892M        99M
Swap:         8.0G       510M       7.5G

             total       used       free     shared    buffers     cached
Mem:          992M       918M        73M        24K       1.7M        28M
-/+ buffers/cache:       888M       103M
Swap:         8.0G       512M       7.5G

             total       used       free     shared    buffers     cached
Mem:          992M       919M        72M        24K       1.7M        28M
-/+ buffers/cache:       889M       102M
Swap:         8.0G       511M       7.5G

             total       used       free     shared    buffers     cached
Mem:          992M       920M        71M        24K       1.7M        28M
-/+ buffers/cache:       890M       101M
Swap:         8.0G       511M       7.5G

             total       used       free     shared    buffers     cached
Mem:          992M       921M        71M        24K       1.7M        28M
-/+ buffers/cache:       890M       101M
Swap:         8.0G       511M       7.5G

             total       used       free     shared    buffers     cached
Mem:          992M       921M        70M        24K       1.7M        28M
-/+ buffers/cache:       891M       100M
Swap:         8.0G       510M       7.5G

             total       used       free     shared    buffers     cached
Mem:          992M       922M        69M        24K       1.7M        28M
-/+ buffers/cache:       892M        99M
Swap:         8.0G       510M       7.5G

             total       used       free     shared    buffers     cached
Mem:          992M       923M        69M        24K       1.7M        28M
-/+ buffers/cache:       892M        99M
Swap:         8.0G       510M       7.5G

             total       used       free     shared    buffers     cached
Mem:          992M       924M        68M        24K       1.8M        28M
-/+ buffers/cache:       893M        98M
Swap:         8.0G       509M       7.5G

             total       used       free     shared    buffers     cached
Mem:          992M       924M        67M        24K       1.8M        28M
-/+ buffers/cache:       894M        97M
Swap:         8.0G       509M       7.5G

             total       used       free     shared    buffers     cached
Mem:          992M       925M        66M        24K       1.8M        28M
-/+ buffers/cache:       894M        97M
Swap:         8.0G       509M       7.5G

             total       used       free     shared    buffers     cached
Mem:          992M       914M        77M       180K       1.4M        30M
-/+ buffers/cache:       883M       108M
Swap:         8.0G       522M       7.5G

             total       used       free     shared    buffers     cached
Mem:          992M       924M        67M       3.9M       4.7M        53M
-/+ buffers/cache:       866M       125M
Swap:         8.0G       556M       7.5G

             total       used       free     shared    buffers     cached
Mem:          992M       920M        71M       3.9M       4.6M        67M
-/+ buffers/cache:       848M       143M
Swap:         8.0G       566M       7.4G

             total       used       free     shared    buffers     cached
Mem:          992M       916M        75M       272K       4.5M        63M
-/+ buffers/cache:       848M       143M
Swap:         8.0G       583M       7.4G

             total       used       free     shared    buffers     cached
Mem:          992M       918M        73M       256K       4.5M        63M
-/+ buffers/cache:       850M       141M
Swap:         8.0G       581M       7.4G

             total       used       free     shared    buffers     cached
Mem:          992M       919M        72M       256K       4.5M        63M
-/+ buffers/cache:       851M       140M
Swap:         8.0G       580M       7.4G

             total       used       free     shared    buffers     cached
Mem:          992M       921M        71M       256K       4.5M        63M
-/+ buffers/cache:       853M       138M
Swap:         8.0G       580M       7.4G

             total       used       free     shared    buffers     cached
Mem:          992M       922M        69M       256K       4.5M        63M
-/+ buffers/cache:       854M       137M
Swap:         8.0G       579M       7.4G

             total       used       free     shared    buffers     cached
Mem:          992M       925M        66M       256K       4.7M        64M
-/+ buffers/cache:       856M       135M
Swap:         8.0G       578M       7.4G

             total       used       free     shared    buffers     cached
Mem:          992M       926M        65M       256K       4.7M        64M
-/+ buffers/cache:       857M       134M
Swap:         8.0G       578M       7.4G

             total       used       free     shared    buffers     cached
Mem:          992M       928M        64M       256K       4.7M        64M
-/+ buffers/cache:       859M       132M
Swap:         8.0G       577M       7.4G

             total       used       free     shared    buffers     cached
Mem:          992M       929M        62M       256K       4.7M        64M
-/+ buffers/cache:       860M       131M
Swap:         8.0G       577M       7.4G

             total       used       free     shared    buffers     cached
Mem:          992M       930M        61M       256K       4.7M        64M
-/+ buffers/cache:       861M       130M
Swap:         8.0G       576M       7.4G

             total       used       free     shared    buffers     cached
Mem:          992M       917M        75M       256K       4.2M        63M
-/+ buffers/cache:       849M       142M
Swap:         8.0G       578M       7.4G

             total       used       free     shared    buffers     cached
Mem:          992M       918M        74M       256K       4.2M        63M
-/+ buffers/cache:       850M       141M
Swap:         8.0G       578M       7.4G

             total       used       free     shared    buffers     cached
Mem:          992M       919M        72M       256K       4.2M        63M
-/+ buffers/cache:       852M       139M
Swap:         8.0G       577M       7.4G

             total       used       free     shared    buffers     cached
Mem:          992M       921M        71M       256K       4.2M        63M
-/+ buffers/cache:       853M       138M
Swap:         8.0G       577M       7.4G

             total       used       free     shared    buffers     cached
Mem:          992M       922M        69M       256K       4.2M        63M
-/+ buffers/cache:       854M       137M
Swap:         8.0G       576M       7.4G

             total       used       free     shared    buffers     cached
Mem:          992M       923M        68M       256K       4.2M        63M
-/+ buffers/cache:       856M       135M
Swap:         8.0G       576M       7.4G

             total       used       free     shared    buffers     cached
Mem:          992M       925M        66M       256K       4.2M        63M
-/+ buffers/cache:       857M       134M
Swap:         8.0G       575M       7.4G

             total       used       free     shared    buffers     cached
Mem:          992M       926M        65M       256K       4.2M        63M
-/+ buffers/cache:       859M       132M
Swap:         8.0G       574M       7.4G

             total       used       free     shared    buffers     cached
Mem:          992M       928M        63M       256K       4.2M        63M
-/+ buffers/cache:       860M       131M
Swap:         8.0G       574M       7.4G

             total       used       free     shared    buffers     cached
Mem:          992M       929M        62M       256K       4.2M        63M
-/+ buffers/cache:       862M       130M
Swap:         8.0G       573M       7.4G

             total       used       free     shared    buffers     cached
Mem:          992M       931M        61M       256K       4.2M        63M
-/+ buffers/cache:       863M       128M
Swap:         8.0G       573M       7.4G

             total       used       free     shared    buffers     cached
Mem:          992M       914M        77M       256K       4.2M        61M
-/+ buffers/cache:       848M       143M
Swap:         8.0G       594M       7.4G

             total       used       free     shared    buffers     cached
Mem:          992M       915M        76M       256K       4.2M        61M
-/+ buffers/cache:       849M       142M
Swap:         8.0G       593M       7.4G

             total       used       free     shared    buffers     cached
Mem:          992M       916M        75M       256K       4.2M        61M
-/+ buffers/cache:       850M       141M
Swap:         8.0G       593M       7.4G

             total       used       free     shared    buffers     cached
Mem:          992M       918M        73M       256K       4.2M        61M
-/+ buffers/cache:       852M       139M
Swap:         8.0G       592M       7.4G

             total       used       free     shared    buffers     cached
Mem:          992M       919M        72M       256K       4.2M        61M
-/+ buffers/cache:       853M       138M
Swap:         8.0G       591M       7.4G

             total       used       free     shared    buffers     cached
Mem:          992M       921M        71M       256K       4.2M        61M
-/+ buffers/cache:       855M       136M
Swap:         8.0G       591M       7.4G

             total       used       free     shared    buffers     cached
Mem:          992M       922M        69M       256K       4.2M        61M
-/+ buffers/cache:       856M       135M
Swap:         8.0G       590M       7.4G

             total       used       free     shared    buffers     cached
Mem:          992M       924M        67M       256K       4.2M        61M
-/+ buffers/cache:       858M       133M
Swap:         8.0G       590M       7.4G

             total       used       free     shared    buffers     cached
Mem:          992M       925M        66M       256K       4.2M        61M
-/+ buffers/cache:       859M       132M
Swap:         8.0G       589M       7.4G

             total       used       free     shared    buffers     cached
Mem:          992M       926M        65M       256K       4.2M        61M
-/+ buffers/cache:       860M       131M
Swap:         8.0G       588M       7.4G

             total       used       free     shared    buffers     cached
Mem:          992M       928M        63M       256K       4.2M        61M
-/+ buffers/cache:       862M       129M
Swap:         8.0G       588M       7.4G

             total       used       free     shared    buffers     cached
Mem:          992M       929M        62M       256K       4.2M        61M
-/+ buffers/cache:       863M       128M
Swap:         8.0G       587M       7.4G

             total       used       free     shared    buffers     cached
Mem:          992M       930M        61M       256K       4.2M        61M
-/+ buffers/cache:       864M       127M
Swap:         8.0G       587M       7.4G

             total       used       free     shared    buffers     cached
Mem:          992M       918M        74M       256K       4.2M        61M
-/+ buffers/cache:       852M       139M
Swap:         8.0G       586M       7.4G

             total       used       free     shared    buffers     cached
Mem:          992M       919M        72M       256K       4.2M        61M
-/+ buffers/cache:       853M       138M
Swap:         8.0G       586M       7.4G

             total       used       free     shared    buffers     cached
Mem:          992M       920M        71M       256K       4.2M        61M
-/+ buffers/cache:       854M       137M
Swap:         8.0G       585M       7.4G

             total       used       free     shared    buffers     cached
Mem:          992M       922M        70M       256K       4.2M        61M
-/+ buffers/cache:       856M       135M
Swap:         8.0G       585M       7.4G

             total       used       free     shared    buffers     cached
Mem:          992M       912M        80M       296K       7.6M        70M
-/+ buffers/cache:       834M       157M
Swap:         8.0G       612M       7.4G

             total       used       free     shared    buffers     cached
Mem:          992M       919M        73M       300K       8.0M        72M
-/+ buffers/cache:       838M       153M
Swap:         8.0G       611M       7.4G
