             total       used       free     shared    buffers     cached
Mem:          992M       669M       322M       3.2M        40M       291M
-/+ buffers/cache:       337M       654M
Swap:         8.0G         0B       8.0G

             total       used       free     shared    buffers     cached
Mem:          992M       668M       323M       3.2M        40M       291M
-/+ buffers/cache:       336M       655M
Swap:         8.0G         0B       8.0G

             total       used       free     shared    buffers     cached
Mem:          992M       669M       322M       3.2M        40M       291M
-/+ buffers/cache:       336M       655M
Swap:         8.0G         0B       8.0G

             total       used       free     shared    buffers     cached
Mem:          992M       669M       323M       3.2M        40M       291M
-/+ buffers/cache:       336M       655M
Swap:         8.0G         0B       8.0G

             total       used       free     shared    buffers     cached
Mem:          992M       664M       327M       3.2M        40M       294M
-/+ buffers/cache:       329M       662M
Swap:         8.0G         0B       8.0G

             total       used       free     shared    buffers     cached
Mem:          992M       664M       327M       3.2M        40M       294M
-/+ buffers/cache:       329M       662M
Swap:         8.0G         0B       8.0G

             total       used       free     shared    buffers     cached
Mem:          992M       664M       327M       3.2M        40M       294M
-/+ buffers/cache:       329M       662M
Swap:         8.0G         0B       8.0G

             total       used       free     shared    buffers     cached
Mem:          992M       664M       327M       3.2M        40M       294M
-/+ buffers/cache:       329M       662M
Swap:         8.0G         0B       8.0G

             total       used       free     shared    buffers     cached
Mem:          992M       664M       327M       3.2M        40M       294M
-/+ buffers/cache:       329M       662M
Swap:         8.0G         0B       8.0G

             total       used       free     shared    buffers     cached
Mem:          992M       664M       327M       3.2M        40M       294M
-/+ buffers/cache:       329M       662M
Swap:         8.0G         0B       8.0G

             total       used       free     shared    buffers     cached
Mem:          992M       664M       327M       3.2M        40M       294M
-/+ buffers/cache:       329M       662M
Swap:         8.0G         0B       8.0G

             total       used       free     shared    buffers     cached
Mem:          992M       665M       326M       3.2M        40M       294M
-/+ buffers/cache:       330M       662M
Swap:         8.0G         0B       8.0G

             total       used       free     shared    buffers     cached
Mem:          992M       665M       326M       3.2M        40M       294M
-/+ buffers/cache:       330M       662M
Swap:         8.0G         0B       8.0G

             total       used       free     shared    buffers     cached
Mem:          992M       665M       326M       3.2M        40M       294M
-/+ buffers/cache:       330M       662M
Swap:         8.0G         0B       8.0G

             total       used       free     shared    buffers     cached
Mem:          992M       665M       326M       3.2M        40M       294M
-/+ buffers/cache:       330M       662M
Swap:         8.0G         0B       8.0G

             total       used       free     shared    buffers     cached
Mem:          992M       665M       326M       3.2M        40M       294M
-/+ buffers/cache:       330M       662M
Swap:         8.0G         0B       8.0G

             total       used       free     shared    buffers     cached
Mem:          992M       665M       326M       3.2M        40M       294M
-/+ buffers/cache:       329M       662M
Swap:         8.0G         0B       8.0G

             total       used       free     shared    buffers     cached
Mem:          992M       668M       323M       3.2M        40M       294M
-/+ buffers/cache:       333M       658M
Swap:         8.0G         0B       8.0G

             total       used       free     shared    buffers     cached
Mem:          992M       680M       311M       3.2M        40M       294M
-/+ buffers/cache:       345M       647M
Swap:         8.0G         0B       8.0G

             total       used       free     shared    buffers     cached
Mem:          992M       687M       304M       3.2M        40M       294M
-/+ buffers/cache:       352M       640M
Swap:         8.0G         0B       8.0G

             total       used       free     shared    buffers     cached
Mem:          992M       699M       292M       3.2M        40M       294M
-/+ buffers/cache:       363M       628M
Swap:         8.0G         0B       8.0G

             total       used       free     shared    buffers     cached
Mem:          992M       676M       316M       3.2M        40M       295M
-/+ buffers/cache:       339M       652M
Swap:         8.0G         0B       8.0G

             total       used       free     shared    buffers     cached
Mem:          992M       920M        72M       3.0M       1.8M       199M
-/+ buffers/cache:       719M       273M
Swap:         8.0G       8.6M       8.0G

             total       used       free     shared    buffers     cached
Mem:          992M       925M        66M       2.4M       2.2M        12M
-/+ buffers/cache:       910M        81M
Swap:         8.0G       143M       7.9G

             total       used       free     shared    buffers     cached
Mem:          992M       944M        47M       2.3M       2.9M        13M
-/+ buffers/cache:       928M        63M
Swap:         8.0G       328M       7.7G

             total       used       free     shared    buffers     cached
Mem:          992M       942M        49M       2.3M       3.2M        18M
-/+ buffers/cache:       921M        71M
Swap:         8.0G       340M       7.7G

             total       used       free     shared    buffers     cached
Mem:          992M       942M        49M       2.3M       3.2M        18M
-/+ buffers/cache:       921M        71M
Swap:         8.0G       340M       7.7G

             total       used       free     shared    buffers     cached
Mem:          992M       942M        49M       660K       996K        25M
-/+ buffers/cache:       915M        76M
Swap:         8.0G       362M       7.6G

             total       used       free     shared    buffers     cached
Mem:          992M       899M        92M       668K       996K        33M
-/+ buffers/cache:       866M       126M
Swap:         8.0G       443M       7.6G

             total       used       free     shared    buffers     cached
Mem:          992M       941M        50M       668K       644K        32M
-/+ buffers/cache:       908M        83M
Swap:         8.0G       395M       7.6G

             total       used       free     shared    buffers     cached
Mem:          992M       942M        49M       768K       1.5M        29M
-/+ buffers/cache:       911M        80M
Swap:         8.0G       368M       7.6G

             total       used       free     shared    buffers     cached
Mem:          992M       923M        69M       444K       6.1M        14M
-/+ buffers/cache:       902M        89M
Swap:         8.0G       394M       7.6G

             total       used       free     shared    buffers     cached
Mem:          992M       929M        62M       428K       1.5M        17M
-/+ buffers/cache:       910M        81M
Swap:         8.0G       375M       7.6G

             total       used       free     shared    buffers     cached
Mem:          992M       930M        62M       436K       1.5M        17M
-/+ buffers/cache:       911M        81M
Swap:         8.0G       375M       7.6G

             total       used       free     shared    buffers     cached
Mem:          992M       942M        49M       436K       1.5M        17M
-/+ buffers/cache:       923M        68M
Swap:         8.0G       346M       7.7G

             total       used       free     shared    buffers     cached
Mem:          992M       928M        63M       436K       1.5M        16M
-/+ buffers/cache:       910M        82M
Swap:         8.0G       369M       7.6G

             total       used       free     shared    buffers     cached
Mem:          992M       917M        74M       432K       1.3M        15M
-/+ buffers/cache:       900M        91M
Swap:         8.0G       371M       7.6G

             total       used       free     shared    buffers     cached
Mem:          992M       925M        66M       432K        76K       1.5M
-/+ buffers/cache:       924M        68M
Swap:         8.0G       343M       7.7G

             total       used       free     shared    buffers     cached
Mem:          992M       942M        50M       424K       496K       7.6M
-/+ buffers/cache:       933M        58M
Swap:         8.0G       427M       7.6G

             total       used       free     shared    buffers     cached
Mem:          992M       931M        60M       424K       496K       7.6M
-/+ buffers/cache:       923M        68M
Swap:         8.0G       454M       7.6G

             total       used       free     shared    buffers     cached
Mem:          992M       931M        60M       424K       496K       7.7M
-/+ buffers/cache:       923M        68M
Swap:         8.0G       454M       7.6G

             total       used       free     shared    buffers     cached
Mem:          992M       873M       118M       424K       480K       8.0M
-/+ buffers/cache:       864M       127M
Swap:         8.0G       457M       7.6G

             total       used       free     shared    buffers     cached
Mem:          992M       918M        73M       424K       212K        26M
-/+ buffers/cache:       891M       100M
Swap:         8.0G       378M       7.6G

             total       used       free     shared    buffers     cached
Mem:          992M       925M        67M       324K       212K        25M
-/+ buffers/cache:       899M        92M
Swap:         8.0G       373M       7.6G

             total       used       free     shared    buffers     cached
Mem:          992M       926M        65M       116K       364K        16M
-/+ buffers/cache:       909M        82M
Swap:         8.0G       368M       7.6G

             total       used       free     shared    buffers     cached
Mem:          992M       918M        73M        40K       364K       1.4M
-/+ buffers/cache:       916M        75M
Swap:         8.0G       425M       7.6G

             total       used       free     shared    buffers     cached
Mem:          992M       920M        71M        16K       364K       1.4M
-/+ buffers/cache:       918M        73M
Swap:         8.0G       379M       7.6G

             total       used       free     shared    buffers     cached
Mem:          992M       922M        69M        16K        88K       1.3M
-/+ buffers/cache:       921M        70M
Swap:         8.0G       359M       7.6G

             total       used       free     shared    buffers     cached
Mem:          992M       926M        65M        16K       316K       1.4M
-/+ buffers/cache:       924M        67M
Swap:         8.0G       344M       7.7G

             total       used       free     shared    buffers     cached
Mem:          992M       923M        69M        16K       316K       1.5M
-/+ buffers/cache:       921M        70M
Swap:         8.0G       350M       7.7G

             total       used       free     shared    buffers     cached
Mem:          992M       920M        72M        16K       324K       1.4M
-/+ buffers/cache:       918M        73M
Swap:         8.0G       347M       7.7G

             total       used       free     shared    buffers     cached
Mem:          992M       938M        53M        16K       324K       1.4M
-/+ buffers/cache:       937M        55M
Swap:         8.0G       453M       7.6G

             total       used       free     shared    buffers     cached
Mem:          992M       880M       111M        16K       324K       1.4M
-/+ buffers/cache:       878M       113M
Swap:         8.0G       451M       7.6G

             total       used       free     shared    buffers     cached
Mem:          992M       918M        73M        16K       324K       1.9M
-/+ buffers/cache:       916M        75M
Swap:         8.0G       362M       7.6G

             total       used       free     shared    buffers     cached
Mem:          992M       916M        75M        16K       324K       2.6M
-/+ buffers/cache:       913M        78M
Swap:         8.0G       357M       7.6G

             total       used       free     shared    buffers     cached
Mem:          992M       909M        82M         4K       320K       2.3M
-/+ buffers/cache:       907M        85M
Swap:         8.0G       363M       7.6G

             total       used       free     shared    buffers     cached
Mem:          992M       914M        77M         0B       328K       2.3M
-/+ buffers/cache:       911M        80M
Swap:         8.0G       360M       7.6G

             total       used       free     shared    buffers     cached
Mem:          992M       934M        57M         0B       328K       2.2M
-/+ buffers/cache:       931M        60M
Swap:         8.0G       458M       7.5G

             total       used       free     shared    buffers     cached
Mem:          992M       911M        80M         0B       468K        16M
-/+ buffers/cache:       894M        97M
Swap:         8.0G       432M       7.6G

             total       used       free     shared    buffers     cached
Mem:          992M       925M        66M         0B       508K        20M
-/+ buffers/cache:       904M        87M
Swap:         8.0G       375M       7.6G

             total       used       free     shared    buffers     cached
Mem:          992M       916M        75M         0B       744K        20M
-/+ buffers/cache:       895M        96M
Swap:         8.0G       384M       7.6G

             total       used       free     shared    buffers     cached
Mem:          992M       923M        68M         0B       744K        19M
-/+ buffers/cache:       903M        89M
Swap:         8.0G       380M       7.6G

             total       used       free     shared    buffers     cached
Mem:          992M       918M        73M         0B       736K        18M
-/+ buffers/cache:       899M        93M
Swap:         8.0G       418M       7.6G

             total       used       free     shared    buffers     cached
Mem:          992M       917M        75M         0B       604K        18M
-/+ buffers/cache:       897M        94M
Swap:         8.0G       367M       7.6G

             total       used       free     shared    buffers     cached
Mem:          992M       916M        75M         0B       556K       8.7M
-/+ buffers/cache:       907M        84M
Swap:         8.0G       358M       7.6G

             total       used       free     shared    buffers     cached
Mem:          992M       869M       122M       104K        80K       2.1M
-/+ buffers/cache:       867M       124M
Swap:         8.0G       435M       7.6G

             total       used       free     shared    buffers     cached
Mem:          992M       913M        78M       136K        80K       7.2M
-/+ buffers/cache:       906M        85M
Swap:         8.0G       376M       7.6G

             total       used       free     shared    buffers     cached
Mem:          992M       910M        82M       136K        76K       6.9M
-/+ buffers/cache:       903M        88M
Swap:         8.0G       380M       7.6G

             total       used       free     shared    buffers     cached
Mem:          992M       915M        76M       136K        84K       7.1M
-/+ buffers/cache:       908M        83M
Swap:         8.0G       375M       7.6G

             total       used       free     shared    buffers     cached
Mem:          992M       910M        81M       136K        84K       7.2M
-/+ buffers/cache:       903M        88M
Swap:         8.0G       362M       7.6G

             total       used       free     shared    buffers     cached
Mem:          992M       882M       109M       136K        76K       1.4M
-/+ buffers/cache:       881M       110M
Swap:         8.0G       401M       7.6G

             total       used       free     shared    buffers     cached
Mem:          992M       914M        77M       136K        76K       3.7M
-/+ buffers/cache:       910M        81M
Swap:         8.0G       354M       7.7G

             total       used       free     shared    buffers     cached
Mem:          992M       875M       117M       136K        76K       4.0M
-/+ buffers/cache:       870M       121M
Swap:         8.0G       401M       7.6G

             total       used       free     shared    buffers     cached
Mem:          992M       922M        69M       136K        76K       7.6M
-/+ buffers/cache:       914M        77M
Swap:         8.0G       366M       7.6G

             total       used       free     shared    buffers     cached
Mem:          992M       928M        63M       136K       228K       9.0M
-/+ buffers/cache:       919M        72M
Swap:         8.0G       362M       7.6G

             total       used       free     shared    buffers     cached
Mem:          992M       915M        76M       140K       228K       8.6M
-/+ buffers/cache:       906M        85M
Swap:         8.0G       370M       7.6G

             total       used       free     shared    buffers     cached
Mem:          992M       915M        76M       140K       228K       8.8M
-/+ buffers/cache:       906M        85M
Swap:         8.0G       370M       7.6G

             total       used       free     shared    buffers     cached
Mem:          992M       931M        60M       140K       2.7M        19M
-/+ buffers/cache:       909M        82M
Swap:         8.0G       377M       7.6G

             total       used       free     shared    buffers     cached
Mem:          992M       923M        68M       144K       2.7M        18M
-/+ buffers/cache:       903M        89M
Swap:         8.0G       374M       7.6G

             total       used       free     shared    buffers     cached
Mem:          992M       924M        67M        40K       2.6M        13M
-/+ buffers/cache:       909M        83M
Swap:         8.0G       353M       7.7G

             total       used       free     shared    buffers     cached
Mem:          992M       908M        84M         8K       368K       3.9M
-/+ buffers/cache:       903M        88M
Swap:         8.0G       362M       7.6G

             total       used       free     shared    buffers     cached
Mem:          992M       922M        69M         4K       372K       2.7M
-/+ buffers/cache:       919M        72M
Swap:         8.0G       342M       7.7G

             total       used       free     shared    buffers     cached
Mem:          992M       922M        69M         4K       168K       4.4M
-/+ buffers/cache:       917M        74M
Swap:         8.0G       349M       7.7G

             total       used       free     shared    buffers     cached
Mem:          992M       917M        75M         4K       176K       4.4M
-/+ buffers/cache:       912M        79M
Swap:         8.0G       364M       7.6G

             total       used       free     shared    buffers     cached
Mem:          992M       920M        71M         4K       180K       4.6M
-/+ buffers/cache:       915M        76M
Swap:         8.0G       353M       7.7G

             total       used       free     shared    buffers     cached
Mem:          992M       929M        62M         4K       196K       5.2M
-/+ buffers/cache:       924M        68M
Swap:         8.0G       433M       7.6G

             total       used       free     shared    buffers     cached
Mem:          992M       911M        81M         4K       196K       5.0M
-/+ buffers/cache:       905M        86M
Swap:         8.0G       368M       7.6G

             total       used       free     shared    buffers     cached
Mem:          992M       922M        69M         4K       196K       4.8M
-/+ buffers/cache:       917M        74M
Swap:         8.0G       358M       7.6G

             total       used       free     shared    buffers     cached
Mem:          992M       919M        72M         4K       196K       4.8M
-/+ buffers/cache:       914M        77M
Swap:         8.0G       351M       7.7G

             total       used       free     shared    buffers     cached
Mem:          992M       931M        60M         0B       208K       4.8M
-/+ buffers/cache:       926M        65M
Swap:         8.0G       446M       7.6G

             total       used       free     shared    buffers     cached
Mem:          992M       889M       102M         0B       208K       4.8M
-/+ buffers/cache:       884M       107M
Swap:         8.0G       456M       7.6G

             total       used       free     shared    buffers     cached
Mem:          992M       889M       102M         0B       208K       4.8M
-/+ buffers/cache:       884M       107M
Swap:         8.0G       456M       7.6G

             total       used       free     shared    buffers     cached
Mem:          992M       892M        99M         0B       208K       4.9M
-/+ buffers/cache:       887M       104M
Swap:         8.0G       451M       7.6G

             total       used       free     shared    buffers     cached
Mem:          992M       892M        99M         0B       208K       4.9M
-/+ buffers/cache:       887M       104M
Swap:         8.0G       451M       7.6G

             total       used       free     shared    buffers     cached
Mem:          992M       892M        99M         0B       212K       4.9M
-/+ buffers/cache:       887M       104M
Swap:         8.0G       451M       7.6G

             total       used       free     shared    buffers     cached
Mem:          992M       895M        96M         0B       216K       5.5M
-/+ buffers/cache:       890M       102M
Swap:         8.0G       450M       7.6G

             total       used       free     shared    buffers     cached
Mem:          992M       898M        93M         0B       220K       6.6M
-/+ buffers/cache:       891M       100M
Swap:         8.0G       448M       7.6G

             total       used       free     shared    buffers     cached
Mem:          992M       902M        90M         0B       364K       8.0M
-/+ buffers/cache:       893M        98M
Swap:         8.0G       447M       7.6G

             total       used       free     shared    buffers     cached
Mem:          992M       903M        89M         0B       364K       8.3M
-/+ buffers/cache:       894M        97M
Swap:         8.0G       446M       7.6G

             total       used       free     shared    buffers     cached
Mem:          992M       903M        88M         0B       364K       8.4M
-/+ buffers/cache:       894M        97M
Swap:         8.0G       446M       7.6G

             total       used       free     shared    buffers     cached
Mem:          992M       924M        67M       156K       244K        26M
-/+ buffers/cache:       897M        94M
Swap:         8.0G       387M       7.6G

             total       used       free     shared    buffers     cached
Mem:          992M       930M        61M       152K        88K       7.9M
-/+ buffers/cache:       922M        69M
Swap:         8.0G       361M       7.6G

             total       used       free     shared    buffers     cached
Mem:          992M       921M        70M       152K       336K       9.2M
-/+ buffers/cache:       912M        80M
Swap:         8.0G       355M       7.6G

             total       used       free     shared    buffers     cached
Mem:          992M       928M        63M       152K       476K        25M
-/+ buffers/cache:       902M        89M
Swap:         8.0G       377M       7.6G

             total       used       free     shared    buffers     cached
Mem:          992M       923M        68M       152K       476K        25M
-/+ buffers/cache:       897M        94M
Swap:         8.0G       375M       7.6G

             total       used       free     shared    buffers     cached
Mem:          992M       922M        69M       152K       212K        21M
-/+ buffers/cache:       900M        91M
Swap:         8.0G       470M       7.5G

             total       used       free     shared    buffers     cached
Mem:          992M       920M        71M       152K       108K        19M
-/+ buffers/cache:       900M        91M
Swap:         8.0G       420M       7.6G

             total       used       free     shared    buffers     cached
Mem:          992M       916M        75M       152K       108K       2.5M
-/+ buffers/cache:       913M        78M
Swap:         8.0G       381M       7.6G

             total       used       free     shared    buffers     cached
Mem:          992M       909M        82M       152K       108K       2.4M
-/+ buffers/cache:       907M        85M
Swap:         8.0G       364M       7.6G

             total       used       free     shared    buffers     cached
Mem:          992M       921M        70M       152K       108K       2.2M
-/+ buffers/cache:       919M        73M
Swap:         8.0G       429M       7.6G

             total       used       free     shared    buffers     cached
Mem:          992M       918M        73M       152K       240K       2.1M
-/+ buffers/cache:       916M        75M
Swap:         8.0G       349M       7.7G

             total       used       free     shared    buffers     cached
Mem:          992M       930M        61M       152K       248K       2.1M
-/+ buffers/cache:       928M        64M
Swap:         8.0G       424M       7.6G

             total       used       free     shared    buffers     cached
Mem:          992M       922M        69M       152K       248K       2.1M
-/+ buffers/cache:       920M        71M
Swap:         8.0G       421M       7.6G

             total       used       free     shared    buffers     cached
Mem:          992M       920M        72M         0B       248K       2.0M
-/+ buffers/cache:       917M        74M
Swap:         8.0G       352M       7.7G

             total       used       free     shared    buffers     cached
Mem:          992M       920M        72M        12K       248K       2.0M
-/+ buffers/cache:       917M        74M
Swap:         8.0G       352M       7.7G

             total       used       free     shared    buffers     cached
Mem:          992M       930M        61M        12K       248K       2.0M
-/+ buffers/cache:       928M        63M
Swap:         8.0G       341M       7.7G

             total       used       free     shared    buffers     cached
Mem:          992M       927M        64M         0B       248K       2.5M
-/+ buffers/cache:       925M        67M
Swap:         8.0G       436M       7.6G

             total       used       free     shared    buffers     cached
Mem:          992M       924M        67M         0B       672K       4.6M
-/+ buffers/cache:       918M        73M
Swap:         8.0G       394M       7.6G

             total       used       free     shared    buffers     cached
Mem:          992M       904M        87M         0B       784K       7.9M
-/+ buffers/cache:       895M        96M
Swap:         8.0G       370M       7.6G

             total       used       free     shared    buffers     cached
Mem:          992M       883M       108M         0B       788K        10M
-/+ buffers/cache:       871M       120M
Swap:         8.0G       419M       7.6G

             total       used       free     shared    buffers     cached
Mem:          992M       924M        67M         0B        96K       5.5M
-/+ buffers/cache:       918M        73M
Swap:         8.0G       460M       7.5G

             total       used       free     shared    buffers     cached
Mem:          992M       894M        98M         0B        96K       5.4M
-/+ buffers/cache:       888M       103M
Swap:         8.0G       397M       7.6G

             total       used       free     shared    buffers     cached
Mem:          992M       929M        62M         0B       356K       7.0M
-/+ buffers/cache:       922M        69M
Swap:         8.0G       344M       7.7G

             total       used       free     shared    buffers     cached
Mem:          992M       930M        61M         0B       360K       7.5M
-/+ buffers/cache:       922M        69M
Swap:         8.0G       344M       7.7G

             total       used       free     shared    buffers     cached
Mem:          992M       936M        56M         0B       340K       8.2M
-/+ buffers/cache:       927M        64M
Swap:         8.0G       437M       7.6G

             total       used       free     shared    buffers     cached
Mem:          992M       936M        56M         0B       340K       8.3M
-/+ buffers/cache:       927M        64M
Swap:         8.0G       437M       7.6G

             total       used       free     shared    buffers     cached
Mem:          992M       936M        56M         0B       340K       8.3M
-/+ buffers/cache:       927M        64M
Swap:         8.0G       437M       7.6G

             total       used       free     shared    buffers     cached
Mem:          992M       888M       103M         0B        88K        27M
-/+ buffers/cache:       861M       131M
Swap:         8.0G       416M       7.6G

             total       used       free     shared    buffers     cached
Mem:          992M       915M        76M        16K        88K        25M
-/+ buffers/cache:       889M       102M
Swap:         8.0G       396M       7.6G

             total       used       free     shared    buffers     cached
Mem:          992M       923M        68M        16K       212K        25M
-/+ buffers/cache:       897M        94M
Swap:         8.0G       388M       7.6G

             total       used       free     shared    buffers     cached
Mem:          992M       922M        69M        16K       212K        25M
-/+ buffers/cache:       896M        95M
Swap:         8.0G       395M       7.6G

             total       used       free     shared    buffers     cached
Mem:          992M       920M        72M        16K       212K        24M
-/+ buffers/cache:       895M        96M
Swap:         8.0G       392M       7.6G

             total       used       free     shared    buffers     cached
Mem:          992M       922M        69M        16K       100K       1.0M
-/+ buffers/cache:       921M        70M
Swap:         8.0G       355M       7.6G

             total       used       free     shared    buffers     cached
Mem:          992M       928M        64M        16K       112K       7.6M
-/+ buffers/cache:       920M        71M
Swap:         8.0G       354M       7.7G

             total       used       free     shared    buffers     cached
Mem:          992M       924M        67M        16K        80K       2.6M
-/+ buffers/cache:       922M        70M
Swap:         8.0G       351M       7.7G

             total       used       free     shared    buffers     cached
Mem:          992M       929M        62M        16K        88K       3.7M
-/+ buffers/cache:       925M        66M
Swap:         8.0G       451M       7.6G

             total       used       free     shared    buffers     cached
Mem:          992M       891M       101M        16K        88K       3.7M
-/+ buffers/cache:       887M       104M
Swap:         8.0G       466M       7.5G

             total       used       free     shared    buffers     cached
Mem:          992M       891M       100M        16K       352K       4.1M
-/+ buffers/cache:       887M       104M
Swap:         8.0G       462M       7.5G

             total       used       free     shared    buffers     cached
Mem:          992M       920M        71M        16K       352K       4.1M
-/+ buffers/cache:       915M        76M
Swap:         8.0G       381M       7.6G

             total       used       free     shared    buffers     cached
Mem:          992M       923M        68M        16K       352K       3.7M
-/+ buffers/cache:       919M        72M
Swap:         8.0G       356M       7.6G

             total       used       free     shared    buffers     cached
Mem:          992M       934M        57M        16K       352K       3.5M
-/+ buffers/cache:       931M        61M
Swap:         8.0G       449M       7.6G

             total       used       free     shared    buffers     cached
Mem:          992M       887M       104M        12K       488K        10M
-/+ buffers/cache:       876M       115M
Swap:         8.0G       444M       7.6G

             total       used       free     shared    buffers     cached
Mem:          992M       917M        74M        16K       488K        30M
-/+ buffers/cache:       887M       105M
Swap:         8.0G       435M       7.6G

             total       used       free     shared    buffers     cached
Mem:          992M       930M        61M        16K       612K        26M
-/+ buffers/cache:       903M        89M
Swap:         8.0G       370M       7.6G

             total       used       free     shared    buffers     cached
Mem:          992M       927M        64M        16K        76K       5.7M
-/+ buffers/cache:       921M        70M
Swap:         8.0G       367M       7.6G

             total       used       free     shared    buffers     cached
Mem:          992M       930M        61M        16K       360K       6.2M
-/+ buffers/cache:       924M        67M
Swap:         8.0G       345M       7.7G

             total       used       free     shared    buffers     cached
Mem:          992M       921M        70M        16K       364K       4.6M
-/+ buffers/cache:       916M        75M
Swap:         8.0G       357M       7.6G

             total       used       free     shared    buffers     cached
Mem:          992M       919M        72M        16K       376K       4.6M
-/+ buffers/cache:       914M        77M
Swap:         8.0G       352M       7.7G

             total       used       free     shared    buffers     cached
Mem:          992M       933M        58M        16K       376K       4.7M
-/+ buffers/cache:       928M        63M
Swap:         8.0G       423M       7.6G

             total       used       free     shared    buffers     cached
Mem:          992M       933M        58M        16K       376K       4.8M
-/+ buffers/cache:       928M        63M
Swap:         8.0G       423M       7.6G

             total       used       free     shared    buffers     cached
Mem:          992M       922M        69M        16K        80K       3.8M
-/+ buffers/cache:       918M        73M
Swap:         8.0G       351M       7.7G

             total       used       free     shared    buffers     cached
Mem:          992M       916M        75M        16K        80K       3.5M
-/+ buffers/cache:       913M        78M
Swap:         8.0G       446M       7.6G

             total       used       free     shared    buffers     cached
Mem:          992M       920M        72M        16K       196K        24M
-/+ buffers/cache:       895M        97M
Swap:         8.0G       382M       7.6G

             total       used       free     shared    buffers     cached
Mem:          992M       917M        74M        16K       212K        24M
-/+ buffers/cache:       892M        99M
Swap:         8.0G       377M       7.6G

             total       used       free     shared    buffers     cached
Mem:          992M       921M        71M        16K        80K        14M
-/+ buffers/cache:       906M        85M
Swap:         8.0G       410M       7.6G

             total       used       free     shared    buffers     cached
Mem:          992M       917M        74M        16K        84K        11M
-/+ buffers/cache:       906M        85M
Swap:         8.0G       410M       7.6G

             total       used       free     shared    buffers     cached
Mem:          992M       922M        69M        16K        84K       2.1M
-/+ buffers/cache:       920M        71M
Swap:         8.0G       352M       7.7G

             total       used       free     shared    buffers     cached
Mem:          992M       906M        85M        16K       348K       1.7M
-/+ buffers/cache:       904M        87M
Swap:         8.0G       372M       7.6G

             total       used       free     shared    buffers     cached
Mem:          992M       926M        66M        16K       348K       1.6M
-/+ buffers/cache:       924M        68M
Swap:         8.0G       341M       7.7G

             total       used       free     shared    buffers     cached
Mem:          992M       934M        57M        16K       356K       1.6M
-/+ buffers/cache:       932M        59M
Swap:         8.0G       433M       7.6G

             total       used       free     shared    buffers     cached
Mem:          992M       908M        83M        16K       356K       1.6M
-/+ buffers/cache:       906M        85M
Swap:         8.0G       430M       7.6G

             total       used       free     shared    buffers     cached
Mem:          992M       919M        72M        16K       356K       1.6M
-/+ buffers/cache:       917M        74M
Swap:         8.0G       366M       7.6G

             total       used       free     shared    buffers     cached
Mem:          992M       927M        64M        16K       356K       1.6M
-/+ buffers/cache:       925M        66M
Swap:         8.0G       358M       7.6G

             total       used       free     shared    buffers     cached
Mem:          992M       918M        73M        16K       328K       2.1M
-/+ buffers/cache:       916M        76M
Swap:         8.0G       355M       7.7G

             total       used       free     shared    buffers     cached
Mem:          992M       923M        68M         4K       328K       2.1M
-/+ buffers/cache:       921M        71M
Swap:         8.0G       347M       7.7G

             total       used       free     shared    buffers     cached
Mem:          992M       926M        65M         4K       320K       2.0M
-/+ buffers/cache:       924M        67M
Swap:         8.0G       465M       7.5G

             total       used       free     shared    buffers     cached
Mem:          992M       926M        65M         0B       324K       1.9M
-/+ buffers/cache:       924M        67M
Swap:         8.0G       465M       7.5G

             total       used       free     shared    buffers     cached
Mem:          992M       912M        80M        16K       484K        25M
-/+ buffers/cache:       886M       105M
Swap:         8.0G       386M       7.6G

             total       used       free     shared    buffers     cached
Mem:          992M       911M        80M        16K       456K        23M
-/+ buffers/cache:       887M       104M
Swap:         8.0G       397M       7.6G

             total       used       free     shared    buffers     cached
Mem:          992M       916M        75M        16K        92K        21M
-/+ buffers/cache:       894M        97M
Swap:         8.0G       383M       7.6G

             total       used       free     shared    buffers     cached
Mem:          992M       917M        75M        16K        92K        22M
-/+ buffers/cache:       894M        97M
Swap:         8.0G       383M       7.6G

             total       used       free     shared    buffers     cached
Mem:          992M       928M        63M        16K       108K        20M
-/+ buffers/cache:       907M        84M
Swap:         8.0G       457M       7.6G

             total       used       free     shared    buffers     cached
Mem:          992M       899M        92M        16K       108K       4.5M
-/+ buffers/cache:       895M        97M
Swap:         8.0G       390M       7.6G

             total       used       free     shared    buffers     cached
Mem:          992M       925M        66M        16K       108K       3.7M
-/+ buffers/cache:       922M        70M
Swap:         8.0G       343M       7.7G

             total       used       free     shared    buffers     cached
Mem:          992M       910M        82M        16K       492K        22M
-/+ buffers/cache:       887M       104M
Swap:         8.0G       388M       7.6G

             total       used       free     shared    buffers     cached
Mem:          992M       915M        76M        16K       764K        22M
-/+ buffers/cache:       892M        99M
Swap:         8.0G       383M       7.6G

             total       used       free     shared    buffers     cached
Mem:          992M       929M        62M        16K       764K        23M
-/+ buffers/cache:       905M        86M
Swap:         8.0G       370M       7.6G

             total       used       free     shared    buffers     cached
Mem:          992M       917M        74M        16K       764K        19M
-/+ buffers/cache:       896M        95M
Swap:         8.0G       380M       7.6G

             total       used       free     shared    buffers     cached
Mem:          992M       918M        73M        16K       764K        19M
-/+ buffers/cache:       898M        93M
Swap:         8.0G       370M       7.6G

             total       used       free     shared    buffers     cached
Mem:          992M       918M        73M        16K       764K        19M
-/+ buffers/cache:       898M        93M
Swap:         8.0G       372M       7.6G

             total       used       free     shared    buffers     cached
Mem:          992M       917M        74M        16K       764K        19M
-/+ buffers/cache:       897M        94M
Swap:         8.0G       449M       7.6G

             total       used       free     shared    buffers     cached
Mem:          992M       915M        76M        16K       772K        19M
-/+ buffers/cache:       896M        96M
Swap:         8.0G       449M       7.6G

             total       used       free     shared    buffers     cached
Mem:          992M       920M        72M        16K       208K        17M
-/+ buffers/cache:       902M        89M
Swap:         8.0G       370M       7.6G

             total       used       free     shared    buffers     cached
Mem:          992M       916M        75M         0B        76K       984K
-/+ buffers/cache:       915M        76M
Swap:         8.0G       353M       7.7G

             total       used       free     shared    buffers     cached
Mem:          992M       922M        70M         0B        76K       3.2M
-/+ buffers/cache:       918M        73M
Swap:         8.0G       351M       7.7G

             total       used       free     shared    buffers     cached
Mem:          992M       933M        58M         0B        76K       3.2M
-/+ buffers/cache:       930M        62M
Swap:         8.0G       496M       7.5G

             total       used       free     shared    buffers     cached
Mem:          992M       933M        58M         0B        76K       3.4M
-/+ buffers/cache:       930M        62M
Swap:         8.0G       496M       7.5G

             total       used       free     shared    buffers     cached
Mem:          992M       933M        58M         0B       212K       3.6M
-/+ buffers/cache:       930M        62M
Swap:         8.0G       496M       7.5G

             total       used       free     shared    buffers     cached
Mem:          992M       917M        74M         0B       324K       4.7M
-/+ buffers/cache:       912M        79M
Swap:         8.0G       415M       7.6G

             total       used       free     shared    buffers     cached
Mem:          992M       914M        77M         0B       456K        29M
-/+ buffers/cache:       884M       107M
Swap:         8.0G       396M       7.6G

             total       used       free     shared    buffers     cached
Mem:          992M       916M        75M        16K       452K        27M
-/+ buffers/cache:       889M       102M
Swap:         8.0G       391M       7.6G

             total       used       free     shared    buffers     cached
Mem:          992M       917M        75M        16K       452K        27M
-/+ buffers/cache:       889M       102M
Swap:         8.0G       391M       7.6G

             total       used       free     shared    buffers     cached
Mem:          992M       913M        78M        16K       592K        24M
-/+ buffers/cache:       888M       103M
Swap:         8.0G       393M       7.6G

             total       used       free     shared    buffers     cached
Mem:          992M       924M        68M        16K       600K        24M
-/+ buffers/cache:       899M        93M
Swap:         8.0G       384M       7.6G

             total       used       free     shared    buffers     cached
Mem:          992M       916M        75M        16K       600K        24M
-/+ buffers/cache:       891M       100M
Swap:         8.0G       381M       7.6G

             total       used       free     shared    buffers     cached
Mem:          992M       942M        49M       168K       2.3M        15M
-/+ buffers/cache:       925M        67M
Swap:         8.0G       349M       7.7G

             total       used       free     shared    buffers     cached
Mem:          992M       911M        80M       168K       3.8M        17M
-/+ buffers/cache:       890M       101M
Swap:         8.0G       409M       7.6G

             total       used       free     shared    buffers     cached
Mem:          992M       917M        74M       172K       4.2M        38M
-/+ buffers/cache:       874M       117M
Swap:         8.0G       405M       7.6G

             total       used       free     shared    buffers     cached
Mem:          992M       925M        66M       172K       4.2M        43M
-/+ buffers/cache:       878M       113M
Swap:         8.0G       409M       7.6G

             total       used       free     shared    buffers     cached
Mem:          992M       926M        66M       172K       4.2M        43M
-/+ buffers/cache:       878M       113M
Swap:         8.0G       409M       7.6G

             total       used       free     shared    buffers     cached
Mem:          992M       942M        50M       172K       4.2M        47M
-/+ buffers/cache:       890M       102M
Swap:         8.0G       391M       7.6G

             total       used       free     shared    buffers     cached
Mem:          992M       942M        50M       172K       4.2M        47M
-/+ buffers/cache:       890M       102M
Swap:         8.0G       391M       7.6G

             total       used       free     shared    buffers     cached
Mem:          992M       927M        64M       172K       3.7M        44M
-/+ buffers/cache:       879M       112M
Swap:         8.0G       401M       7.6G

             total       used       free     shared    buffers     cached
Mem:          992M       909M        83M       172K       2.4M        37M
-/+ buffers/cache:       869M       123M
Swap:         8.0G       404M       7.6G

             total       used       free     shared    buffers     cached
Mem:          992M       913M        78M       172K       2.4M        37M
-/+ buffers/cache:       873M       118M
Swap:         8.0G       399M       7.6G

             total       used       free     shared    buffers     cached
Mem:          992M       937M        55M       172K        76K       6.2M
-/+ buffers/cache:       930M        61M
Swap:         8.0G       446M       7.6G

             total       used       free     shared    buffers     cached
Mem:          992M       895M        96M       172K        76K       6.2M
-/+ buffers/cache:       889M       103M
Swap:         8.0G       440M       7.6G

             total       used       free     shared    buffers     cached
Mem:          992M       922M        69M       172K       348K       2.2M
-/+ buffers/cache:       919M        72M
Swap:         8.0G       349M       7.7G

             total       used       free     shared    buffers     cached
Mem:          992M       908M        83M       172K       348K       1.6M
-/+ buffers/cache:       906M        85M
Swap:         8.0G       364M       7.6G

             total       used       free     shared    buffers     cached
Mem:          992M       919M        72M         0B       224K       1.3M
-/+ buffers/cache:       917M        74M
Swap:         8.0G       366M       7.6G

             total       used       free     shared    buffers     cached
Mem:          992M       918M        73M         4K       232K       1.6M
-/+ buffers/cache:       916M        75M
Swap:         8.0G       361M       7.6G

             total       used       free     shared    buffers     cached
Mem:          992M       916M        75M         4K        88K       1.6M
-/+ buffers/cache:       915M        76M
Swap:         8.0G       410M       7.6G

             total       used       free     shared    buffers     cached
Mem:          992M       915M        76M         0B        88K       1.7M
-/+ buffers/cache:       913M        78M
Swap:         8.0G       409M       7.6G

             total       used       free     shared    buffers     cached
Mem:          992M       901M        90M       216K       4.3M        21M
-/+ buffers/cache:       875M       116M
Swap:         8.0G       405M       7.6G

             total       used       free     shared    buffers     cached
Mem:          992M       907M        84M       220K       5.0M        23M
-/+ buffers/cache:       879M       112M
Swap:         8.0G       402M       7.6G

             total       used       free     shared    buffers     cached
Mem:          992M       916M        75M       216K       3.3M        12M
-/+ buffers/cache:       900M        91M
Swap:         8.0G       409M       7.6G

             total       used       free     shared    buffers     cached
Mem:          992M       940M        51M       204K       3.5M        16M
-/+ buffers/cache:       920M        71M
Swap:         8.0G       388M       7.6G

             total       used       free     shared    buffers     cached
Mem:          992M       922M        70M       204K       252K        26M
-/+ buffers/cache:       894M        97M
Swap:         8.0G       391M       7.6G

             total       used       free     shared    buffers     cached
Mem:          992M       922M        69M       220K       152K        22M
-/+ buffers/cache:       900M        92M
Swap:         8.0G       387M       7.6G

             total       used       free     shared    buffers     cached
Mem:          992M       919M        73M       220K       100K        13M
-/+ buffers/cache:       905M        86M
Swap:         8.0G       381M       7.6G

             total       used       free     shared    buffers     cached
Mem:          992M       919M        73M       220K       104K        13M
-/+ buffers/cache:       905M        86M
Swap:         8.0G       381M       7.6G

             total       used       free     shared    buffers     cached
Mem:          992M       919M        73M       220K       104K        13M
-/+ buffers/cache:       905M        86M
Swap:         8.0G       381M       7.6G

             total       used       free     shared    buffers     cached
Mem:          992M       942M        49M       220K       1.2M        19M
-/+ buffers/cache:       921M        70M
Swap:         8.0G       356M       7.6G

             total       used       free     shared    buffers     cached
Mem:          992M       941M        50M       248K       1.2M        18M
-/+ buffers/cache:       922M        69M
Swap:         8.0G       355M       7.7G

             total       used       free     shared    buffers     cached
Mem:          992M       942M        49M       248K       2.0M        17M
-/+ buffers/cache:       923M        68M
Swap:         8.0G       353M       7.7G

             total       used       free     shared    buffers     cached
Mem:          992M       927M        64M       248K       2.5M        13M
-/+ buffers/cache:       911M        80M
Swap:         8.0G       378M       7.6G

             total       used       free     shared    buffers     cached
Mem:          992M       942M        49M       248K       2.5M        13M
-/+ buffers/cache:       926M        65M
Swap:         8.0G       354M       7.7G

             total       used       free     shared    buffers     cached
Mem:          992M       918M        73M       248K       3.8M        17M
-/+ buffers/cache:       897M        94M
Swap:         8.0G       391M       7.6G

             total       used       free     shared    buffers     cached
Mem:          992M       920M        71M       216K       2.4M        14M
-/+ buffers/cache:       904M        88M
Swap:         8.0G       500M       7.5G

             total       used       free     shared    buffers     cached
Mem:          992M       924M        67M       216K       308K        13M
-/+ buffers/cache:       911M        80M
Swap:         8.0G       476M       7.5G

             total       used       free     shared    buffers     cached
Mem:          992M       939M        52M       216K       308K        24M
-/+ buffers/cache:       915M        76M
Swap:         8.0G       474M       7.5G

             total       used       free     shared    buffers     cached
Mem:          992M       942M        49M       216K       312K        33M
-/+ buffers/cache:       908M        83M
Swap:         8.0G       434M       7.6G

             total       used       free     shared    buffers     cached
Mem:          992M       942M        49M       216K       452K        34M
-/+ buffers/cache:       907M        84M
Swap:         8.0G       433M       7.6G

             total       used       free     shared    buffers     cached
Mem:          992M       920M        71M       216K       1.4M        41M
-/+ buffers/cache:       877M       114M
Swap:         8.0G       414M       7.6G

             total       used       free     shared    buffers     cached
Mem:          992M       927M        65M       216K       1.5M        43M
-/+ buffers/cache:       882M       109M
Swap:         8.0G       457M       7.6G

             total       used       free     shared    buffers     cached
Mem:          992M       926M        66M       216K       1.5M        43M
-/+ buffers/cache:       881M       110M
Swap:         8.0G       446M       7.6G

             total       used       free     shared    buffers     cached
Mem:          992M       923M        68M       216K       1.5M        42M
-/+ buffers/cache:       879M       112M
Swap:         8.0G       394M       7.6G

             total       used       free     shared    buffers     cached
Mem:          992M       927M        64M       216K       1.5M        42M
-/+ buffers/cache:       883M       109M
Swap:         8.0G       417M       7.6G

             total       used       free     shared    buffers     cached
Mem:          992M       930M        61M       216K        88K       8.9M
-/+ buffers/cache:       921M        70M
Swap:         8.0G       344M       7.7G

             total       used       free     shared    buffers     cached
Mem:          992M       922M        69M       212K        84K       3.4M
-/+ buffers/cache:       918M        73M
Swap:         8.0G       362M       7.6G

             total       used       free     shared    buffers     cached
Mem:          992M       931M        60M       184K       512K       5.0M
-/+ buffers/cache:       926M        65M
Swap:         8.0G       354M       7.7G

             total       used       free     shared    buffers     cached
Mem:          992M       942M        49M       188K       520K       6.7M
-/+ buffers/cache:       935M        57M
Swap:         8.0G       341M       7.7G

             total       used       free     shared    buffers     cached
Mem:          992M       942M        49M       188K       520K       6.7M
-/+ buffers/cache:       935M        56M
Swap:         8.0G       333M       7.7G

             total       used       free     shared    buffers     cached
Mem:          992M       942M        49M       188K       520K       6.8M
-/+ buffers/cache:       935M        57M
Swap:         8.0G       333M       7.7G

             total       used       free     shared    buffers     cached
Mem:          992M       931M        61M       188K       520K       6.8M
-/+ buffers/cache:       923M        68M
Swap:         8.0G       352M       7.7G

             total       used       free     shared    buffers     cached
Mem:          992M       928M        63M        32K       196K       5.6M
-/+ buffers/cache:       922M        69M
Swap:         8.0G       339M       7.7G

             total       used       free     shared    buffers     cached
Mem:          992M       922M        69M         0B       204K       5.6M
-/+ buffers/cache:       916M        75M
Swap:         8.0G       432M       7.6G

             total       used       free     shared    buffers     cached
Mem:          992M       918M        73M         0B       204K       5.6M
-/+ buffers/cache:       912M        79M
Swap:         8.0G       449M       7.6G

             total       used       free     shared    buffers     cached
Mem:          992M       917M        74M         0B       344K       6.0M
-/+ buffers/cache:       911M        81M
Swap:         8.0G       427M       7.6G

             total       used       free     shared    buffers     cached
Mem:          992M       890M       102M         0B       272K       8.9M
-/+ buffers/cache:       880M       111M
Swap:         8.0G       397M       7.6G

             total       used       free     shared    buffers     cached
Mem:          992M       902M        89M         0B       268K       8.7M
-/+ buffers/cache:       894M        98M
Swap:         8.0G       388M       7.6G

             total       used       free     shared    buffers     cached
Mem:          992M       919M        72M         0B       268K       8.6M
-/+ buffers/cache:       910M        81M
Swap:         8.0G       362M       7.6G

             total       used       free     shared    buffers     cached
Mem:          992M       923M        68M         0B       276K       8.6M
-/+ buffers/cache:       914M        77M
Swap:         8.0G       441M       7.6G

             total       used       free     shared    buffers     cached
Mem:          992M       923M        68M         0B       276K       8.6M
-/+ buffers/cache:       914M        77M
Swap:         8.0G       441M       7.6G

             total       used       free     shared    buffers     cached
Mem:          992M       922M        69M         0B       200K        22M
-/+ buffers/cache:       900M        92M
Swap:         8.0G       370M       7.6G

             total       used       free     shared    buffers     cached
Mem:          992M       926M        65M         0B        76K        16M
-/+ buffers/cache:       909M        82M
Swap:         8.0G       348M       7.7G

             total       used       free     shared    buffers     cached
Mem:          992M       917M        74M         0B       360K       5.1M
-/+ buffers/cache:       912M        79M
Swap:         8.0G       348M       7.7G

             total       used       free     shared    buffers     cached
Mem:          992M       916M        75M         0B       316K       5.5M
-/+ buffers/cache:       910M        81M
Swap:         8.0G       348M       7.7G

             total       used       free     shared    buffers     cached
Mem:          992M       918M        73M         0B       328K       5.5M
-/+ buffers/cache:       912M        79M
Swap:         8.0G       356M       7.6G

             total       used       free     shared    buffers     cached
Mem:          992M       932M        59M         0B       328K       5.8M
-/+ buffers/cache:       926M        65M
Swap:         8.0G       440M       7.6G

             total       used       free     shared    buffers     cached
Mem:          992M       932M        59M         0B       328K       5.9M
-/+ buffers/cache:       926M        66M
Swap:         8.0G       440M       7.6G

             total       used       free     shared    buffers     cached
Mem:          992M       907M        85M         0B       328K       5.9M
-/+ buffers/cache:       900M        91M
Swap:         8.0G       429M       7.6G

             total       used       free     shared    buffers     cached
Mem:          992M       920M        71M         0B       328K       5.8M
-/+ buffers/cache:       914M        78M
Swap:         8.0G       345M       7.7G

             total       used       free     shared    buffers     cached
Mem:          992M       918M        73M         0B       336K       5.7M
-/+ buffers/cache:       912M        79M
Swap:         8.0G       345M       7.7G

             total       used       free     shared    buffers     cached
Mem:          992M       914M        77M         0B       336K       5.7M
-/+ buffers/cache:       908M        83M
Swap:         8.0G       450M       7.6G

             total       used       free     shared    buffers     cached
Mem:          992M       912M        79M         0B       336K       5.7M
-/+ buffers/cache:       906M        86M
Swap:         8.0G       449M       7.6G

             total       used       free     shared    buffers     cached
Mem:          992M       910M        81M         0B       336K       5.8M
-/+ buffers/cache:       904M        87M
Swap:         8.0G       449M       7.6G

             total       used       free     shared    buffers     cached
Mem:          992M       912M        79M         0B       336K       5.8M
-/+ buffers/cache:       906M        85M
Swap:         8.0G       446M       7.6G

             total       used       free     shared    buffers     cached
Mem:          992M       923M        68M         0B       336K       5.8M
-/+ buffers/cache:       917M        74M
Swap:         8.0G       389M       7.6G

             total       used       free     shared    buffers     cached
Mem:          992M       905M        87M         0B       344K       6.1M
-/+ buffers/cache:       898M        93M
Swap:         8.0G       362M       7.6G

             total       used       free     shared    buffers     cached
Mem:          992M       926M        65M         0B        88K       6.9M
-/+ buffers/cache:       919M        72M
Swap:         8.0G       416M       7.6G

             total       used       free     shared    buffers     cached
Mem:          992M       892M        99M         0B       236K       7.1M
-/+ buffers/cache:       885M       107M
Swap:         8.0G       412M       7.6G

             total       used       free     shared    buffers     cached
Mem:          992M       892M        99M       156K       336K        12M
-/+ buffers/cache:       879M       112M
Swap:         8.0G       383M       7.6G

             total       used       free     shared    buffers     cached
Mem:          992M       928M        63M       172K       604K        20M
-/+ buffers/cache:       907M        85M
Swap:         8.0G       451M       7.6G

             total       used       free     shared    buffers     cached
Mem:          992M       893M        99M       176K       1.0M        23M
-/+ buffers/cache:       868M       123M
Swap:         8.0G       424M       7.6G

             total       used       free     shared    buffers     cached
Mem:          992M       915M        76M       176K       1.0M        25M
-/+ buffers/cache:       888M       103M
Swap:         8.0G       395M       7.6G

             total       used       free     shared    buffers     cached
Mem:          992M       888M       103M       176K       2.7M        35M
-/+ buffers/cache:       850M       141M
Swap:         8.0G       428M       7.6G

             total       used       free     shared    buffers     cached
Mem:          992M       902M        90M       180K       2.9M        36M
-/+ buffers/cache:       862M       129M
Swap:         8.0G       416M       7.6G

             total       used       free     shared    buffers     cached
Mem:          992M       902M        89M       180K       2.9M        36M
-/+ buffers/cache:       863M       129M
Swap:         8.0G       416M       7.6G

             total       used       free     shared    buffers     cached
Mem:          992M       917M        74M       180K       3.6M        45M
-/+ buffers/cache:       868M       123M
Swap:         8.0G       407M       7.6G

             total       used       free     shared    buffers     cached
Mem:          992M       935M        56M       188K       5.4M        47M
-/+ buffers/cache:       882M       109M
Swap:         8.0G       401M       7.6G

             total       used       free     shared    buffers     cached
Mem:          992M       929M        62M       3.8M       1.5M        32M
-/+ buffers/cache:       896M        95M
Swap:         8.0G       398M       7.6G

             total       used       free     shared    buffers     cached
Mem:          992M       942M        49M       3.9M       108K        23M
-/+ buffers/cache:       918M        73M
Swap:         8.0G       370M       7.6G

             total       used       free     shared    buffers     cached
Mem:          992M       926M        65M       3.9M       108K        26M
-/+ buffers/cache:       899M        92M
Swap:         8.0G       399M       7.6G

             total       used       free     shared    buffers     cached
Mem:          992M       925M        66M       212K       1.3M        45M
-/+ buffers/cache:       878M       114M
Swap:         8.0G       426M       7.6G

             total       used       free     shared    buffers     cached
Mem:          992M       928M        63M       192K       1.4M        45M
-/+ buffers/cache:       881M       110M
Swap:         8.0G       498M       7.5G

             total       used       free     shared    buffers     cached
Mem:          992M       928M        63M       192K       1.4M        45M
-/+ buffers/cache:       881M       110M
Swap:         8.0G       498M       7.5G

             total       used       free     shared    buffers     cached
Mem:          992M       880M       111M       192K       1.4M        45M
-/+ buffers/cache:       833M       158M
Swap:         8.0G       497M       7.5G

             total       used       free     shared    buffers     cached
Mem:          992M       923M        68M       192K       2.2M        49M
-/+ buffers/cache:       872M       119M
Swap:         8.0G       427M       7.6G

             total       used       free     shared    buffers     cached
Mem:          992M       930M        61M        36K       1.2M        38M
-/+ buffers/cache:       890M       101M
Swap:         8.0G       394M       7.6G

             total       used       free     shared    buffers     cached
Mem:          992M       907M        85M        16K        80K        10M
-/+ buffers/cache:       896M        96M
Swap:         8.0G       391M       7.6G

             total       used       free     shared    buffers     cached
Mem:          992M       921M        70M        12K       220K        16M
-/+ buffers/cache:       905M        86M
Swap:         8.0G       379M       7.6G

             total       used       free     shared    buffers     cached
Mem:          992M       919M        73M        12K       724K        13M
-/+ buffers/cache:       904M        87M
Swap:         8.0G       378M       7.6G

             total       used       free     shared    buffers     cached
Mem:          992M       920M        72M         0B       732K        13M
-/+ buffers/cache:       905M        86M
Swap:         8.0G       374M       7.6G

             total       used       free     shared    buffers     cached
Mem:          992M       920M        72M         0B       732K        13M
-/+ buffers/cache:       905M        86M
Swap:         8.0G       374M       7.6G

             total       used       free     shared    buffers     cached
Mem:          992M       926M        65M         0B       600K        10M
-/+ buffers/cache:       915M        76M
Swap:         8.0G       459M       7.5G

             total       used       free     shared    buffers     cached
Mem:          992M       862M       129M         0B       324K       9.3M
-/+ buffers/cache:       852M       139M
Swap:         8.0G       470M       7.5G

             total       used       free     shared    buffers     cached
Mem:          992M       923M        69M         0B       324K       9.2M
-/+ buffers/cache:       913M        78M
Swap:         8.0G       385M       7.6G

             total       used       free     shared    buffers     cached
Mem:          992M       925M        66M         0B       324K       8.6M
-/+ buffers/cache:       916M        75M
Swap:         8.0G       367M       7.6G

             total       used       free     shared    buffers     cached
Mem:          992M       920M        71M         0B       332K       8.1M
-/+ buffers/cache:       912M        80M
Swap:         8.0G       365M       7.6G

             total       used       free     shared    buffers     cached
Mem:          992M       910M        81M         0B       332K       7.3M
-/+ buffers/cache:       903M        88M
Swap:         8.0G       382M       7.6G

             total       used       free     shared    buffers     cached
Mem:          992M       922M        69M         0B       332K       7.3M
-/+ buffers/cache:       915M        77M
Swap:         8.0G       370M       7.6G

             total       used       free     shared    buffers     cached
Mem:          992M       931M        60M         0B       332K       6.5M
-/+ buffers/cache:       924M        67M
Swap:         8.0G       347M       7.7G

             total       used       free     shared    buffers     cached
Mem:          992M       905M        86M         0B        84K       5.4M
-/+ buffers/cache:       899M        92M
Swap:         8.0G       382M       7.6G

             total       used       free     shared    buffers     cached
Mem:          992M       925M        66M         0B        84K       5.1M
-/+ buffers/cache:       920M        71M
Swap:         8.0G       357M       7.6G

             total       used       free     shared    buffers     cached
Mem:          992M       920M        72M         0B        92K       5.0M
-/+ buffers/cache:       915M        77M
Swap:         8.0G       409M       7.6G

             total       used       free     shared    buffers     cached
Mem:          992M       918M        73M         0B        92K       5.0M
-/+ buffers/cache:       913M        78M
Swap:         8.0G       409M       7.6G

             total       used       free     shared    buffers     cached
Mem:          992M       921M        71M         0B        92K       5.4M
-/+ buffers/cache:       915M        76M
Swap:         8.0G       442M       7.6G

             total       used       free     shared    buffers     cached
Mem:          992M       872M       119M         0B       236K       7.8M
-/+ buffers/cache:       864M       127M
Swap:         8.0G       444M       7.6G

             total       used       free     shared    buffers     cached
Mem:          992M       928M        63M         0B       228K       7.8M
-/+ buffers/cache:       920M        71M
Swap:         8.0G       348M       7.7G

             total       used       free     shared    buffers     cached
Mem:          992M       921M        70M         0B       212K       7.3M
-/+ buffers/cache:       913M        78M
Swap:         8.0G       410M       7.6G

             total       used       free     shared    buffers     cached
Mem:          992M       922M        69M         0B       216K       7.3M
-/+ buffers/cache:       914M        77M
Swap:         8.0G       462M       7.5G

             total       used       free     shared    buffers     cached
Mem:          992M       929M        62M         0B       232K       8.0M
-/+ buffers/cache:       921M        71M
Swap:         8.0G       404M       7.6G

             total       used       free     shared    buffers     cached
Mem:          992M       926M        65M         0B       232K       8.1M
-/+ buffers/cache:       918M        74M
Swap:         8.0G       360M       7.6G

             total       used       free     shared    buffers     cached
Mem:          992M       917M        74M         0B        84K       7.5M
-/+ buffers/cache:       909M        82M
Swap:         8.0G       418M       7.6G

             total       used       free     shared    buffers     cached
Mem:          992M       916M        76M         0B        84K       7.6M
-/+ buffers/cache:       908M        83M
Swap:         8.0G       423M       7.6G

             total       used       free     shared    buffers     cached
Mem:          992M       921M        70M         0B        92K       7.5M
-/+ buffers/cache:       914M        77M
Swap:         8.0G       414M       7.6G

             total       used       free     shared    buffers     cached
Mem:          992M       922M        69M         0B        92K       7.5M
-/+ buffers/cache:       914M        77M
Swap:         8.0G       386M       7.6G

             total       used       free     shared    buffers     cached
Mem:          992M       927M        64M         0B        92K       6.1M
-/+ buffers/cache:       921M        71M
Swap:         8.0G       349M       7.7G

             total       used       free     shared    buffers     cached
Mem:          992M       924M        67M         0B        92K       5.8M
-/+ buffers/cache:       919M        73M
Swap:         8.0G       361M       7.6G

             total       used       free     shared    buffers     cached
Mem:          992M       929M        62M         0B        92K       5.6M
-/+ buffers/cache:       923M        68M
Swap:         8.0G       444M       7.6G

             total       used       free     shared    buffers     cached
Mem:          992M       925M        66M         0B        92K       5.6M
-/+ buffers/cache:       920M        72M
Swap:         8.0G       390M       7.6G

             total       used       free     shared    buffers     cached
Mem:          992M       916M        75M         0B       100K       5.6M
-/+ buffers/cache:       910M        81M
Swap:         8.0G       378M       7.6G

             total       used       free     shared    buffers     cached
Mem:          992M       931M        60M         0B        96K       5.3M
-/+ buffers/cache:       926M        65M
Swap:         8.0G       364M       7.6G

             total       used       free     shared    buffers     cached
Mem:          992M       894M        97M         0B        96K       5.4M
-/+ buffers/cache:       888M       103M
Swap:         8.0G       430M       7.6G

             total       used       free     shared    buffers     cached
Mem:          992M       929M        62M         0B        96K       5.4M
-/+ buffers/cache:       924M        67M
Swap:         8.0G       395M       7.6G

             total       used       free     shared    buffers     cached
Mem:          992M       914M        77M         0B        88K       5.5M
-/+ buffers/cache:       909M        83M
Swap:         8.0G       378M       7.6G

             total       used       free     shared    buffers     cached
Mem:          992M       929M        62M         0B        92K       7.2M
-/+ buffers/cache:       922M        69M
Swap:         8.0G       356M       7.6G

             total       used       free     shared    buffers     cached
Mem:          992M       925M        66M         0B        92K       7.0M
-/+ buffers/cache:       918M        73M
Swap:         8.0G       451M       7.6G

             total       used       free     shared    buffers     cached
Mem:          992M       919M        72M         0B        92K       7.2M
-/+ buffers/cache:       912M        79M
Swap:         8.0G       361M       7.6G

             total       used       free     shared    buffers     cached
Mem:          992M       915M        76M       156K        84K       7.3M
-/+ buffers/cache:       908M        83M
Swap:         8.0G       367M       7.6G

             total       used       free     shared    buffers     cached
Mem:          992M       929M        62M       152K        84K       7.1M
-/+ buffers/cache:       922M        69M
Swap:         8.0G       345M       7.7G

             total       used       free     shared    buffers     cached
Mem:          992M       918M        73M       152K        84K       7.0M
-/+ buffers/cache:       911M        80M
Swap:         8.0G       363M       7.6G

             total       used       free     shared    buffers     cached
Mem:          992M       922M        69M       152K        84K       6.7M
-/+ buffers/cache:       915M        76M
Swap:         8.0G       363M       7.6G

             total       used       free     shared    buffers     cached
Mem:          992M       925M        67M       152K        84K       6.6M
-/+ buffers/cache:       918M        73M
Swap:         8.0G       434M       7.6G

             total       used       free     shared    buffers     cached
Mem:          992M       913M        79M       152K        84K       6.5M
-/+ buffers/cache:       906M        85M
Swap:         8.0G       470M       7.5G

             total       used       free     shared    buffers     cached
Mem:          992M       918M        73M       152K        84K       6.6M
-/+ buffers/cache:       911M        80M
Swap:         8.0G       427M       7.6G

             total       used       free     shared    buffers     cached
Mem:          992M       932M        59M       152K        80K       6.4M
-/+ buffers/cache:       925M        66M
Swap:         8.0G       346M       7.7G

             total       used       free     shared    buffers     cached
Mem:          992M       927M        64M       152K        76K       5.7M
-/+ buffers/cache:       922M        70M
Swap:         8.0G       354M       7.7G

             total       used       free     shared    buffers     cached
Mem:          992M       922M        69M         0B        76K       4.8M
-/+ buffers/cache:       917M        74M
Swap:         8.0G       353M       7.7G

             total       used       free     shared    buffers     cached
Mem:          992M       933M        58M         0B        84K       4.8M
-/+ buffers/cache:       928M        63M
Swap:         8.0G       440M       7.6G

             total       used       free     shared    buffers     cached
Mem:          992M       899M        92M         0B        84K       5.0M
-/+ buffers/cache:       894M        97M
Swap:         8.0G       457M       7.5G

             total       used       free     shared    buffers     cached
Mem:          992M       927M        64M         0B        84K       5.0M
-/+ buffers/cache:       922M        69M
Swap:         8.0G       350M       7.7G

             total       used       free     shared    buffers     cached
Mem:          992M       872M       119M         0B        88K       4.6M
-/+ buffers/cache:       867M       124M
Swap:         8.0G       442M       7.6G

             total       used       free     shared    buffers     cached
Mem:          992M       929M        62M         0B        88K       4.6M
-/+ buffers/cache:       924M        67M
Swap:         8.0G       423M       7.6G

             total       used       free     shared    buffers     cached
Mem:          992M       877M       114M         0B        88K       4.6M
-/+ buffers/cache:       872M       119M
Swap:         8.0G       433M       7.6G

             total       used       free     shared    buffers     cached
Mem:          992M       909M        82M         0B        96K       4.6M
-/+ buffers/cache:       904M        87M
Swap:         8.0G       401M       7.6G

             total       used       free     shared    buffers     cached
Mem:          992M       929M        63M         0B        96K       4.6M
-/+ buffers/cache:       924M        67M
Swap:         8.0G       370M       7.6G

             total       used       free     shared    buffers     cached
Mem:          992M       929M        62M         0B        96K       4.5M
-/+ buffers/cache:       925M        67M
Swap:         8.0G       439M       7.6G

             total       used       free     shared    buffers     cached
Mem:          992M       927M        64M         0B        80K        13M
-/+ buffers/cache:       913M        78M
Swap:         8.0G       365M       7.6G

             total       used       free     shared    buffers     cached
Mem:          992M       920M        71M         0B       220K        14M
-/+ buffers/cache:       905M        86M
Swap:         8.0G       369M       7.6G

             total       used       free     shared    buffers     cached
Mem:          992M       930M        62M         0B       496K        14M
-/+ buffers/cache:       914M        77M
Swap:         8.0G       361M       7.6G

             total       used       free     shared    buffers     cached
Mem:          992M       918M        73M         0B       504K        14M
-/+ buffers/cache:       903M        88M
Swap:         8.0G       402M       7.6G

             total       used       free     shared    buffers     cached
Mem:          992M       917M        74M         0B       504K        13M
-/+ buffers/cache:       903M        88M
Swap:         8.0G       375M       7.6G

             total       used       free     shared    buffers     cached
Mem:          992M       920M        71M         0B       484K       9.2M
-/+ buffers/cache:       910M        81M
Swap:         8.0G       363M       7.6G

             total       used       free     shared    buffers     cached
Mem:          992M       926M        65M         0B        84K       6.3M
-/+ buffers/cache:       920M        71M
Swap:         8.0G       420M       7.6G

             total       used       free     shared    buffers     cached
Mem:          992M       929M        63M         0B        84K       6.0M
-/+ buffers/cache:       923M        69M
Swap:         8.0G       463M       7.5G

             total       used       free     shared    buffers     cached
Mem:          992M       880M       111M         0B        84K       5.9M
-/+ buffers/cache:       874M       117M
Swap:         8.0G       452M       7.6G

             total       used       free     shared    buffers     cached
Mem:          992M       892M        99M         0B        92K       5.9M
-/+ buffers/cache:       886M       105M
Swap:         8.0G       439M       7.6G

             total       used       free     shared    buffers     cached
Mem:          992M       921M        71M         0B        92K       5.9M
-/+ buffers/cache:       915M        77M
Swap:         8.0G       358M       7.6G

             total       used       free     shared    buffers     cached
Mem:          992M       914M        77M         0B        92K       5.2M
-/+ buffers/cache:       909M        82M
Swap:         8.0G       388M       7.6G

             total       used       free     shared    buffers     cached
Mem:          992M       929M        62M         0B        92K       5.1M
-/+ buffers/cache:       924M        67M
Swap:         8.0G       361M       7.6G

             total       used       free     shared    buffers     cached
Mem:          992M       929M        63M         0B        92K       4.8M
-/+ buffers/cache:       924M        68M
Swap:         8.0G       355M       7.7G

             total       used       free     shared    buffers     cached
Mem:          992M       922M        69M         0B       100K       4.5M
-/+ buffers/cache:       917M        74M
Swap:         8.0G       458M       7.5G

             total       used       free     shared    buffers     cached
Mem:          992M       921M        70M         0B       100K       6.0M
-/+ buffers/cache:       915M        76M
Swap:         8.0G       444M       7.6G

             total       used       free     shared    buffers     cached
Mem:          992M       925M        66M         0B        84K       5.6M
-/+ buffers/cache:       919M        72M
Swap:         8.0G       462M       7.5G

             total       used       free     shared    buffers     cached
Mem:          992M       902M        90M         0B        84K       5.6M
-/+ buffers/cache:       896M        95M
Swap:         8.0G       455M       7.6G

             total       used       free     shared    buffers     cached
Mem:          992M       928M        63M         0B       224K       5.9M
-/+ buffers/cache:       922M        69M
Swap:         8.0G       414M       7.6G

             total       used       free     shared    buffers     cached
Mem:          992M       932M        59M         0B       224K       5.9M
-/+ buffers/cache:       926M        65M
Swap:         8.0G       477M       7.5G

             total       used       free     shared    buffers     cached
Mem:          992M       879M       112M         0B       232K       5.9M
-/+ buffers/cache:       873M       118M
Swap:         8.0G       518M       7.5G

             total       used       free     shared    buffers     cached
Mem:          992M       875M       117M         0B       232K       6.0M
-/+ buffers/cache:       868M       123M
Swap:         8.0G       518M       7.5G

             total       used       free     shared    buffers     cached
Mem:          992M       890M       101M         0B       232K       6.1M
-/+ buffers/cache:       884M       108M
Swap:         8.0G       500M       7.5G

             total       used       free     shared    buffers     cached
Mem:          992M       924M        68M         0B       224K       6.1M
-/+ buffers/cache:       917M        74M
Swap:         8.0G       421M       7.6G

             total       used       free     shared    buffers     cached
Mem:          992M       907M        85M         0B       224K       6.1M
-/+ buffers/cache:       900M        91M
Swap:         8.0G       372M       7.6G

             total       used       free     shared    buffers     cached
Mem:          992M       921M        70M         0B       224K       6.0M
-/+ buffers/cache:       915M        77M
Swap:         8.0G       358M       7.6G

             total       used       free     shared    buffers     cached
Mem:          992M       919M        72M         0B       224K       5.7M
-/+ buffers/cache:       913M        78M
Swap:         8.0G       426M       7.6G

             total       used       free     shared    buffers     cached
Mem:          992M       933M        58M         0B       224K       5.7M
-/+ buffers/cache:       927M        64M
Swap:         8.0G       436M       7.6G

             total       used       free     shared    buffers     cached
Mem:          992M       887M       104M         0B       224K       5.7M
-/+ buffers/cache:       881M       110M
Swap:         8.0G       482M       7.5G

             total       used       free     shared    buffers     cached
Mem:          992M       930M        61M         0B       228K       5.7M
-/+ buffers/cache:       924M        67M
Swap:         8.0G       438M       7.6G

             total       used       free     shared    buffers     cached
Mem:          992M       922M        69M         0B       228K       5.6M
-/+ buffers/cache:       916M        75M
Swap:         8.0G       372M       7.6G

             total       used       free     shared    buffers     cached
Mem:          992M       921M        70M         0B       228K       5.6M
-/+ buffers/cache:       915M        76M
Swap:         8.0G       352M       7.7G

             total       used       free     shared    buffers     cached
Mem:          992M       931M        60M         0B       236K       5.5M
-/+ buffers/cache:       925M        66M
Swap:         8.0G       424M       7.6G

             total       used       free     shared    buffers     cached
Mem:          992M       932M        59M         0B       236K       5.6M
-/+ buffers/cache:       926M        65M
Swap:         8.0G       476M       7.5G

             total       used       free     shared    buffers     cached
Mem:          992M       872M       119M         0B       236K       5.5M
-/+ buffers/cache:       866M       125M
Swap:         8.0G       462M       7.5G

             total       used       free     shared    buffers     cached
Mem:          992M       883M       108M         0B       236K       5.6M
-/+ buffers/cache:       878M       114M
Swap:         8.0G       451M       7.6G

             total       used       free     shared    buffers     cached
Mem:          992M       916M        75M         0B        80K       5.2M
-/+ buffers/cache:       911M        81M
Swap:         8.0G       365M       7.6G

             total       used       free     shared    buffers     cached
Mem:          992M       923M        69M         0B        80K       5.1M
-/+ buffers/cache:       917M        74M
Swap:         8.0G       351M       7.7G

             total       used       free     shared    buffers     cached
Mem:          992M       867M       124M         0B        80K       5.0M
-/+ buffers/cache:       862M       129M
Swap:         8.0G       467M       7.5G

             total       used       free     shared    buffers     cached
Mem:          992M       930M        62M         0B        80K       5.0M
-/+ buffers/cache:       925M        67M
Swap:         8.0G       433M       7.6G

             total       used       free     shared    buffers     cached
Mem:          992M       919M        72M         0B        80K       5.0M
-/+ buffers/cache:       914M        77M
Swap:         8.0G       363M       7.6G

             total       used       free     shared    buffers     cached
Mem:          992M       937M        54M         0B        80K       5.0M
-/+ buffers/cache:       932M        59M
Swap:         8.0G       437M       7.6G

             total       used       free     shared    buffers     cached
Mem:          992M       923M        68M         0B        80K       5.0M
-/+ buffers/cache:       918M        73M
Swap:         8.0G       358M       7.6G

             total       used       free     shared    buffers     cached
Mem:          992M       921M        71M         0B        80K       4.9M
-/+ buffers/cache:       916M        76M
Swap:         8.0G       360M       7.6G

             total       used       free     shared    buffers     cached
Mem:          992M       916M        76M         0B        88K       4.9M
-/+ buffers/cache:       911M        80M
Swap:         8.0G       374M       7.6G

             total       used       free     shared    buffers     cached
Mem:          992M       933M        58M         0B        80K       4.8M
-/+ buffers/cache:       929M        63M
Swap:         8.0G       400M       7.6G

             total       used       free     shared    buffers     cached
Mem:          992M       939M        52M         0B        80K       4.8M
-/+ buffers/cache:       934M        57M
Swap:         8.0G       484M       7.5G

             total       used       free     shared    buffers     cached
Mem:          992M       874M       117M         0B        80K       4.8M
-/+ buffers/cache:       869M       122M
Swap:         8.0G       475M       7.5G

             total       used       free     shared    buffers     cached
Mem:          992M       917M        74M         0B        80K       4.8M
-/+ buffers/cache:       912M        79M
Swap:         8.0G       355M       7.6G

             total       used       free     shared    buffers     cached
Mem:          992M       918M        74M         0B        80K       4.7M
-/+ buffers/cache:       913M        78M
Swap:         8.0G       359M       7.6G

             total       used       free     shared    buffers     cached
Mem:          992M       931M        60M         0B        88K       4.7M
-/+ buffers/cache:       926M        65M
Swap:         8.0G       441M       7.6G

             total       used       free     shared    buffers     cached
Mem:          992M       915M        76M         0B        88K       4.6M
-/+ buffers/cache:       911M        80M
Swap:         8.0G       402M       7.6G

             total       used       free     shared    buffers     cached
Mem:          992M       926M        66M         0B        88K       4.3M
-/+ buffers/cache:       921M        70M
Swap:         8.0G       431M       7.6G

             total       used       free     shared    buffers     cached
Mem:          992M       890M       101M         0B        88K       4.2M
-/+ buffers/cache:       886M       106M
Swap:         8.0G       409M       7.6G

             total       used       free     shared    buffers     cached
Mem:          992M       890M       101M         0B        88K       4.2M
-/+ buffers/cache:       886M       106M
Swap:         8.0G       409M       7.6G

             total       used       free     shared    buffers     cached
Mem:          992M       921M        70M         0B        88K       4.2M
-/+ buffers/cache:       917M        75M
Swap:         8.0G       349M       7.7G

             total       used       free     shared    buffers     cached
Mem:          992M       873M       118M         0B        96K       4.2M
-/+ buffers/cache:       869M       123M
Swap:         8.0G       437M       7.6G

             total       used       free     shared    buffers     cached
Mem:          992M       905M        86M         0B        96K       4.2M
-/+ buffers/cache:       901M        90M
Swap:         8.0G       405M       7.6G

             total       used       free     shared    buffers     cached
Mem:          992M       917M        74M         0B        96K       4.2M
-/+ buffers/cache:       912M        79M
Swap:         8.0G       355M       7.6G

             total       used       free     shared    buffers     cached
Mem:          992M       923M        68M         0B        88K       4.1M
-/+ buffers/cache:       919M        72M
Swap:         8.0G       356M       7.6G

             total       used       free     shared    buffers     cached
Mem:          992M       932M        59M         0B        76K        13M
-/+ buffers/cache:       919M        72M
Swap:         8.0G       352M       7.7G

             total       used       free     shared    buffers     cached
Mem:          992M       927M        64M         0B       484K        13M
-/+ buffers/cache:       913M        79M
Swap:         8.0G       363M       7.6G

             total       used       free     shared    buffers     cached
Mem:          992M       930M        61M         0B       448K        12M
-/+ buffers/cache:       916M        75M
Swap:         8.0G       444M       7.6G

             total       used       free     shared    buffers     cached
Mem:          992M       920M        72M         0B       476K        13M
-/+ buffers/cache:       906M        85M
Swap:         8.0G       372M       7.6G

             total       used       free     shared    buffers     cached
Mem:          992M       907M        85M         0B       476K        10M
-/+ buffers/cache:       896M        95M
Swap:         8.0G       384M       7.6G

             total       used       free     shared    buffers     cached
Mem:          992M       911M        80M         0B        80K       5.8M
-/+ buffers/cache:       905M        86M
Swap:         8.0G       367M       7.6G

             total       used       free     shared    buffers     cached
Mem:          992M       930M        61M         0B        88K       4.4M
-/+ buffers/cache:       925M        66M
Swap:         8.0G       469M       7.5G

             total       used       free     shared    buffers     cached
Mem:          992M       930M        61M         0B        88K       4.5M
-/+ buffers/cache:       925M        66M
Swap:         8.0G       469M       7.5G

             total       used       free     shared    buffers     cached
Mem:          992M       930M        61M         0B        88K       4.6M
-/+ buffers/cache:       925M        66M
Swap:         8.0G       469M       7.5G

             total       used       free     shared    buffers     cached
Mem:          992M       892M        99M         0B        84K       4.6M
-/+ buffers/cache:       887M       104M
Swap:         8.0G       452M       7.6G

             total       used       free     shared    buffers     cached
Mem:          992M       921M        70M         0B        84K       4.5M
-/+ buffers/cache:       917M        74M
Swap:         8.0G       366M       7.6G

             total       used       free     shared    buffers     cached
Mem:          992M       931M        60M         0B        84K       4.5M
-/+ buffers/cache:       926M        65M
Swap:         8.0G       351M       7.7G

             total       used       free     shared    buffers     cached
Mem:          992M       923M        68M         0B        92K       4.5M
-/+ buffers/cache:       919M        72M
Swap:         8.0G       447M       7.6G

             total       used       free     shared    buffers     cached
Mem:          992M       923M        68M         0B        92K       4.4M
-/+ buffers/cache:       919M        73M
Swap:         8.0G       447M       7.6G

             total       used       free     shared    buffers     cached
Mem:          992M       924M        68M         0B        92K       4.5M
-/+ buffers/cache:       919M        72M
Swap:         8.0G       353M       7.7G

             total       used       free     shared    buffers     cached
Mem:          992M       875M       117M         0B       224K       4.2M
-/+ buffers/cache:       870M       121M
Swap:         8.0G       430M       7.6G

             total       used       free     shared    buffers     cached
Mem:          992M       876M       115M         0B       224K       5.3M
-/+ buffers/cache:       871M       121M
Swap:         8.0G       429M       7.6G

             total       used       free     shared    buffers     cached
Mem:          992M       903M        88M         0B       364K       6.1M
-/+ buffers/cache:       897M        94M
Swap:         8.0G       379M       7.6G

             total       used       free     shared    buffers     cached
Mem:          992M       922M        69M         0B       372K       6.1M
-/+ buffers/cache:       915M        76M
Swap:         8.0G       365M       7.6G

             total       used       free     shared    buffers     cached
Mem:          992M       928M        63M         0B       340K       6.0M
-/+ buffers/cache:       922M        69M
Swap:         8.0G       462M       7.5G

             total       used       free     shared    buffers     cached
Mem:          992M       915M        76M         0B       340K       6.0M
-/+ buffers/cache:       908M        83M
Swap:         8.0G       361M       7.6G

             total       used       free     shared    buffers     cached
Mem:          992M       921M        70M         0B       328K       6.0M
-/+ buffers/cache:       915M        77M
Swap:         8.0G       359M       7.6G

             total       used       free     shared    buffers     cached
Mem:          992M       901M        91M         0B       320K       5.8M
-/+ buffers/cache:       895M        97M
Swap:         8.0G       382M       7.6G

             total       used       free     shared    buffers     cached
Mem:          992M       922M        69M         0B       332K       5.9M
-/+ buffers/cache:       916M        75M
