             total       used       free     shared    buffers     cached
Mem:          3.9G       664M       3.2G       3.2M        38M       289M
-/+ buffers/cache:       336M       3.5G
Swap:         8.0G         0B       8.0G

             total       used       free     shared    buffers     cached
Mem:          3.9G       663M       3.2G       1.4M        38M       287M
-/+ buffers/cache:       337M       3.5G
Swap:         8.0G         0B       8.0G

             total       used       free     shared    buffers     cached
Mem:          3.9G       663M       3.2G       1.5M        38M       287M
-/+ buffers/cache:       337M       3.5G
Swap:         8.0G         0B       8.0G

             total       used       free     shared    buffers     cached
Mem:          3.9G       663M       3.2G       1.5M        38M       287M
-/+ buffers/cache:       337M       3.5G
Swap:         8.0G         0B       8.0G

             total       used       free     shared    buffers     cached
Mem:          3.9G       663M       3.2G       1.5M        38M       287M
-/+ buffers/cache:       337M       3.5G
Swap:         8.0G         0B       8.0G

             total       used       free     shared    buffers     cached
Mem:          3.9G       663M       3.2G       1.5M        38M       287M
-/+ buffers/cache:       337M       3.5G
Swap:         8.0G         0B       8.0G

             total       used       free     shared    buffers     cached
Mem:          3.9G       663M       3.2G       1.5M        38M       287M
-/+ buffers/cache:       336M       3.5G
Swap:         8.0G         0B       8.0G

             total       used       free     shared    buffers     cached
Mem:          3.9G       663M       3.2G       1.5M        38M       288M
-/+ buffers/cache:       336M       3.5G
Swap:         8.0G         0B       8.0G

             total       used       free     shared    buffers     cached
Mem:          3.9G       662M       3.2G       1.5M        38M       288M
-/+ buffers/cache:       336M       3.5G
Swap:         8.0G         0B       8.0G

             total       used       free     shared    buffers     cached
Mem:          3.9G       662M       3.2G       1.5M        38M       288M
-/+ buffers/cache:       336M       3.5G
Swap:         8.0G         0B       8.0G

             total       used       free     shared    buffers     cached
Mem:          3.9G       666M       3.2G       1.5M        38M       288M
-/+ buffers/cache:       339M       3.5G
Swap:         8.0G         0B       8.0G

             total       used       free     shared    buffers     cached
Mem:          3.9G       691M       3.2G       1.5M        38M       288M
-/+ buffers/cache:       364M       3.5G
Swap:         8.0G         0B       8.0G

             total       used       free     shared    buffers     cached
Mem:          3.9G       672M       3.2G       1.5M        38M       289M
-/+ buffers/cache:       344M       3.5G
Swap:         8.0G         0B       8.0G

             total       used       free     shared    buffers     cached
Mem:          3.9G       672M       3.2G       1.5M        38M       289M
-/+ buffers/cache:       344M       3.5G
Swap:         8.0G         0B       8.0G

             total       used       free     shared    buffers     cached
Mem:          3.9G       672M       3.2G       1.5M        38M       289M
-/+ buffers/cache:       344M       3.5G
Swap:         8.0G         0B       8.0G

             total       used       free     shared    buffers     cached
Mem:          3.9G       672M       3.2G       1.5M        38M       289M
-/+ buffers/cache:       344M       3.5G
Swap:         8.0G         0B       8.0G

             total       used       free     shared    buffers     cached
Mem:          3.9G       672M       3.2G       1.5M        38M       289M
-/+ buffers/cache:       344M       3.5G
Swap:         8.0G         0B       8.0G

             total       used       free     shared    buffers     cached
Mem:          3.9G       672M       3.2G       1.5M        38M       289M
-/+ buffers/cache:       344M       3.5G
Swap:         8.0G         0B       8.0G

             total       used       free     shared    buffers     cached
Mem:          3.9G       672M       3.2G       1.5M        38M       289M
-/+ buffers/cache:       344M       3.5G
Swap:         8.0G         0B       8.0G

             total       used       free     shared    buffers     cached
Mem:          3.9G       672M       3.2G       1.5M        38M       289M
-/+ buffers/cache:       344M       3.5G
Swap:         8.0G         0B       8.0G

             total       used       free     shared    buffers     cached
Mem:          3.9G       672M       3.2G       1.5M        38M       289M
-/+ buffers/cache:       344M       3.5G
Swap:         8.0G         0B       8.0G

             total       used       free     shared    buffers     cached
Mem:          3.9G       672M       3.2G       1.5M        38M       289M
-/+ buffers/cache:       344M       3.5G
Swap:         8.0G         0B       8.0G

             total       used       free     shared    buffers     cached
Mem:          3.9G       672M       3.2G       1.5M        38M       289M
-/+ buffers/cache:       344M       3.5G
Swap:         8.0G         0B       8.0G

             total       used       free     shared    buffers     cached
Mem:          3.9G       672M       3.2G       1.5M        38M       289M
-/+ buffers/cache:       344M       3.5G
Swap:         8.0G         0B       8.0G

             total       used       free     shared    buffers     cached
Mem:          3.9G       672M       3.2G       1.5M        38M       289M
-/+ buffers/cache:       344M       3.5G
Swap:         8.0G         0B       8.0G

             total       used       free     shared    buffers     cached
Mem:          3.9G       672M       3.2G       1.5M        38M       289M
-/+ buffers/cache:       344M       3.5G
Swap:         8.0G         0B       8.0G

             total       used       free     shared    buffers     cached
Mem:          3.9G       672M       3.2G       1.5M        38M       289M
-/+ buffers/cache:       344M       3.5G
Swap:         8.0G         0B       8.0G

             total       used       free     shared    buffers     cached
Mem:          3.9G       672M       3.2G       1.5M        38M       289M
-/+ buffers/cache:       344M       3.5G
Swap:         8.0G         0B       8.0G

             total       used       free     shared    buffers     cached
Mem:          3.9G       672M       3.2G       1.5M        38M       289M
-/+ buffers/cache:       344M       3.5G
Swap:         8.0G         0B       8.0G

             total       used       free     shared    buffers     cached
Mem:          3.9G       672M       3.2G       1.5M        38M       289M
-/+ buffers/cache:       344M       3.5G
Swap:         8.0G         0B       8.0G

             total       used       free     shared    buffers     cached
Mem:          3.9G       672M       3.2G       1.5M        38M       289M
-/+ buffers/cache:       344M       3.5G
Swap:         8.0G         0B       8.0G

             total       used       free     shared    buffers     cached
Mem:          3.9G       672M       3.2G       1.5M        38M       289M
-/+ buffers/cache:       344M       3.5G
Swap:         8.0G         0B       8.0G

             total       used       free     shared    buffers     cached
Mem:          3.9G       672M       3.2G       1.5M        38M       289M
-/+ buffers/cache:       344M       3.5G
Swap:         8.0G         0B       8.0G

             total       used       free     shared    buffers     cached
Mem:          3.9G       679M       3.2G       1.5M        38M       289M
-/+ buffers/cache:       351M       3.5G
Swap:         8.0G         0B       8.0G

             total       used       free     shared    buffers     cached
Mem:          3.9G       698M       3.2G       1.5M        38M       289M
-/+ buffers/cache:       369M       3.5G
Swap:         8.0G         0B       8.0G

             total       used       free     shared    buffers     cached
Mem:          3.9G       716M       3.2G       1.5M        38M       289M
-/+ buffers/cache:       388M       3.5G
Swap:         8.0G         0B       8.0G

             total       used       free     shared    buffers     cached
Mem:          3.9G       734M       3.1G       1.5M        38M       289M
-/+ buffers/cache:       406M       3.5G
Swap:         8.0G         0B       8.0G

             total       used       free     shared    buffers     cached
Mem:          3.9G       754M       3.1G       1.5M        38M       289M
-/+ buffers/cache:       426M       3.4G
Swap:         8.0G         0B       8.0G

             total       used       free     shared    buffers     cached
Mem:          3.9G       776M       3.1G       1.5M        38M       289M
-/+ buffers/cache:       448M       3.4G
Swap:         8.0G         0B       8.0G

             total       used       free     shared    buffers     cached
Mem:          3.9G       794M       3.1G       1.5M        38M       289M
-/+ buffers/cache:       465M       3.4G
Swap:         8.0G         0B       8.0G

             total       used       free     shared    buffers     cached
Mem:          3.9G       813M       3.1G       1.5M        38M       289M
-/+ buffers/cache:       484M       3.4G
Swap:         8.0G         0B       8.0G

             total       used       free     shared    buffers     cached
Mem:          3.9G       831M       3.0G       1.5M        38M       289M
-/+ buffers/cache:       503M       3.4G
Swap:         8.0G         0B       8.0G

             total       used       free     shared    buffers     cached
Mem:          3.9G       852M       3.0G       1.5M        38M       289M
-/+ buffers/cache:       524M       3.3G
Swap:         8.0G         0B       8.0G

             total       used       free     shared    buffers     cached
Mem:          3.9G       873M       3.0G       1.5M        38M       289M
-/+ buffers/cache:       544M       3.3G
Swap:         8.0G         0B       8.0G

             total       used       free     shared    buffers     cached
Mem:          3.9G       891M       3.0G       1.5M        38M       289M
-/+ buffers/cache:       562M       3.3G
Swap:         8.0G         0B       8.0G

             total       used       free     shared    buffers     cached
Mem:          3.9G       908M       3.0G       1.5M        38M       289M
-/+ buffers/cache:       580M       3.3G
Swap:         8.0G         0B       8.0G

             total       used       free     shared    buffers     cached
Mem:          3.9G       929M       3.0G       1.5M        38M       289M
-/+ buffers/cache:       601M       3.3G
Swap:         8.0G         0B       8.0G

             total       used       free     shared    buffers     cached
Mem:          3.9G       951M       2.9G       1.5M        38M       289M
-/+ buffers/cache:       623M       3.3G
Swap:         8.0G         0B       8.0G

             total       used       free     shared    buffers     cached
Mem:          3.9G       975M       2.9G       1.5M        38M       289M
-/+ buffers/cache:       647M       3.2G
Swap:         8.0G         0B       8.0G

             total       used       free     shared    buffers     cached
Mem:          3.9G       996M       2.9G       1.5M        38M       289M
-/+ buffers/cache:       668M       3.2G
Swap:         8.0G         0B       8.0G

             total       used       free     shared    buffers     cached
Mem:          3.9G       1.0G       2.9G       1.5M        38M       289M
-/+ buffers/cache:       688M       3.2G
Swap:         8.0G         0B       8.0G

             total       used       free     shared    buffers     cached
Mem:          3.9G       1.0G       2.8G       1.5M        38M       289M
-/+ buffers/cache:       708M       3.2G
Swap:         8.0G         0B       8.0G

             total       used       free     shared    buffers     cached
Mem:          3.9G       1.0G       2.8G       1.5M        38M       289M
-/+ buffers/cache:       727M       3.1G
Swap:         8.0G         0B       8.0G

             total       used       free     shared    buffers     cached
Mem:          3.9G       1.1G       2.8G       1.5M        38M       289M
-/+ buffers/cache:       748M       3.1G
Swap:         8.0G         0B       8.0G

             total       used       free     shared    buffers     cached
Mem:          3.9G       1.1G       2.8G       1.5M        38M       289M
-/+ buffers/cache:       768M       3.1G
Swap:         8.0G         0B       8.0G

             total       used       free     shared    buffers     cached
Mem:          3.9G       1.1G       2.8G       1.5M        38M       289M
-/+ buffers/cache:       787M       3.1G
Swap:         8.0G         0B       8.0G

             total       used       free     shared    buffers     cached
Mem:          3.9G       1.1G       2.8G       1.5M        38M       289M
-/+ buffers/cache:       801M       3.1G
Swap:         8.0G         0B       8.0G

             total       used       free     shared    buffers     cached
Mem:          3.9G       1.1G       2.7G       1.5M        38M       289M
-/+ buffers/cache:       820M       3.1G
Swap:         8.0G         0B       8.0G

             total       used       free     shared    buffers     cached
Mem:          3.9G       1.1G       2.7G       1.5M        38M       289M
-/+ buffers/cache:       840M       3.0G
Swap:         8.0G         0B       8.0G

             total       used       free     shared    buffers     cached
Mem:          3.9G       1.2G       2.7G       1.5M        38M       289M
-/+ buffers/cache:       858M       3.0G
Swap:         8.0G         0B       8.0G

             total       used       free     shared    buffers     cached
Mem:          3.9G       1.2G       2.7G       1.5M        38M       289M
-/+ buffers/cache:       880M       3.0G
Swap:         8.0G         0B       8.0G

             total       used       free     shared    buffers     cached
Mem:          3.9G       1.2G       2.7G       1.5M        38M       289M
-/+ buffers/cache:       899M       3.0G
Swap:         8.0G         0B       8.0G

             total       used       free     shared    buffers     cached
Mem:          3.9G       1.2G       2.6G       1.5M        38M       289M
-/+ buffers/cache:       920M       3.0G
Swap:         8.0G         0B       8.0G

             total       used       free     shared    buffers     cached
Mem:          3.9G       1.2G       2.6G       1.5M        38M       289M
-/+ buffers/cache:       942M       2.9G
Swap:         8.0G         0B       8.0G

             total       used       free     shared    buffers     cached
Mem:          3.9G       1.3G       2.6G       1.5M        38M       289M
-/+ buffers/cache:       961M       2.9G
Swap:         8.0G         0B       8.0G

             total       used       free     shared    buffers     cached
Mem:          3.9G       1.3G       2.6G       1.5M        38M       289M
-/+ buffers/cache:       981M       2.9G
Swap:         8.0G         0B       8.0G

             total       used       free     shared    buffers     cached
Mem:          3.9G       1.3G       2.6G       1.5M        38M       289M
-/+ buffers/cache:       1.0G       2.9G
Swap:         8.0G         0B       8.0G

             total       used       free     shared    buffers     cached
Mem:          3.9G       1.3G       2.5G       1.5M        38M       289M
-/+ buffers/cache:       1.0G       2.9G
Swap:         8.0G         0B       8.0G

             total       used       free     shared    buffers     cached
Mem:          3.9G       1.3G       2.5G       1.5M        38M       289M
-/+ buffers/cache:       1.0G       2.8G
Swap:         8.0G         0B       8.0G

             total       used       free     shared    buffers     cached
Mem:          3.9G       1.4G       2.5G       1.5M        38M       289M
-/+ buffers/cache:       1.0G       2.8G
Swap:         8.0G         0B       8.0G

             total       used       free     shared    buffers     cached
Mem:          3.9G       1.4G       2.5G       1.5M        38M       290M
-/+ buffers/cache:       1.1G       2.8G
Swap:         8.0G         0B       8.0G

             total       used       free     shared    buffers     cached
Mem:          3.9G       1.4G       2.5G       1.5M        38M       290M
-/+ buffers/cache:       1.1G       2.8G
Swap:         8.0G         0B       8.0G

             total       used       free     shared    buffers     cached
Mem:          3.9G       1.4G       2.5G       1.5M        38M       290M
-/+ buffers/cache:       1.1G       2.8G
Swap:         8.0G         0B       8.0G

             total       used       free     shared    buffers     cached
Mem:          3.9G       1.4G       2.4G       1.5M        38M       290M
-/+ buffers/cache:       1.1G       2.8G
Swap:         8.0G         0B       8.0G

             total       used       free     shared    buffers     cached
Mem:          3.9G       1.4G       2.4G       1.5M        38M       290M
-/+ buffers/cache:       1.1G       2.7G
Swap:         8.0G         0B       8.0G

             total       used       free     shared    buffers     cached
Mem:          3.9G       1.5G       2.4G       1.5M        38M       290M
-/+ buffers/cache:       1.1G       2.7G
Swap:         8.0G         0B       8.0G

             total       used       free     shared    buffers     cached
Mem:          3.9G       1.5G       2.4G       1.5M        38M       290M
-/+ buffers/cache:       1.2G       2.7G
Swap:         8.0G         0B       8.0G

             total       used       free     shared    buffers     cached
Mem:          3.9G       1.5G       2.4G       1.5M        38M       290M
-/+ buffers/cache:       1.2G       2.7G
Swap:         8.0G         0B       8.0G

             total       used       free     shared    buffers     cached
Mem:          3.9G       1.5G       2.3G       1.5M        38M       290M
-/+ buffers/cache:       1.2G       2.7G
Swap:         8.0G         0B       8.0G

             total       used       free     shared    buffers     cached
Mem:          3.9G       1.5G       2.3G       1.5M        38M       290M
-/+ buffers/cache:       1.2G       2.6G
Swap:         8.0G         0B       8.0G

             total       used       free     shared    buffers     cached
Mem:          3.9G       1.5G       2.3G       1.5M        38M       290M
-/+ buffers/cache:       1.2G       2.6G
Swap:         8.0G         0B       8.0G

             total       used       free     shared    buffers     cached
Mem:          3.9G       1.6G       2.3G       1.5M        38M       290M
-/+ buffers/cache:       1.2G       2.6G
Swap:         8.0G         0B       8.0G

             total       used       free     shared    buffers     cached
Mem:          3.9G       1.6G       2.3G       1.5M        38M       290M
-/+ buffers/cache:       1.3G       2.6G
Swap:         8.0G         0B       8.0G

             total       used       free     shared    buffers     cached
Mem:          3.9G       1.6G       2.3G       1.5M        38M       290M
-/+ buffers/cache:       1.3G       2.6G
Swap:         8.0G         0B       8.0G

             total       used       free     shared    buffers     cached
Mem:          3.9G       1.6G       2.3G       1.5M        38M       290M
-/+ buffers/cache:       1.3G       2.6G
Swap:         8.0G         0B       8.0G

             total       used       free     shared    buffers     cached
Mem:          3.9G       1.6G       2.2G       1.5M        38M       290M
-/+ buffers/cache:       1.3G       2.6G
Swap:         8.0G         0B       8.0G

             total       used       free     shared    buffers     cached
Mem:          3.9G       1.6G       2.2G       1.5M        38M       290M
-/+ buffers/cache:       1.3G       2.5G
Swap:         8.0G         0B       8.0G

             total       used       free     shared    buffers     cached
Mem:          3.9G       1.7G       2.2G       1.5M        38M       290M
-/+ buffers/cache:       1.3G       2.5G
Swap:         8.0G         0B       8.0G

             total       used       free     shared    buffers     cached
Mem:          3.9G       1.7G       2.2G       1.5M        38M       290M
-/+ buffers/cache:       1.4G       2.5G
Swap:         8.0G         0B       8.0G

             total       used       free     shared    buffers     cached
Mem:          3.9G       1.7G       2.2G       1.5M        38M       290M
-/+ buffers/cache:       1.4G       2.5G
Swap:         8.0G         0B       8.0G

             total       used       free     shared    buffers     cached
Mem:          3.9G       1.7G       2.1G       1.5M        38M       290M
-/+ buffers/cache:       1.4G       2.5G
Swap:         8.0G         0B       8.0G

             total       used       free     shared    buffers     cached
Mem:          3.9G       1.7G       2.1G       1.5M        38M       290M
-/+ buffers/cache:       1.4G       2.4G
Swap:         8.0G         0B       8.0G

             total       used       free     shared    buffers     cached
Mem:          3.9G       1.8G       2.1G       1.5M        38M       290M
-/+ buffers/cache:       1.4G       2.4G
Swap:         8.0G         0B       8.0G

             total       used       free     shared    buffers     cached
Mem:          3.9G       1.8G       2.1G       1.5M        38M       290M
-/+ buffers/cache:       1.5G       2.4G
Swap:         8.0G         0B       8.0G

             total       used       free     shared    buffers     cached
Mem:          3.9G       1.8G       2.1G       1.5M        38M       290M
-/+ buffers/cache:       1.5G       2.4G
Swap:         8.0G         0B       8.0G

             total       used       free     shared    buffers     cached
Mem:          3.9G       1.8G       2.0G       1.5M        38M       290M
-/+ buffers/cache:       1.5G       2.4G
Swap:         8.0G         0B       8.0G

             total       used       free     shared    buffers     cached
Mem:          3.9G       1.8G       2.0G       1.5M        38M       290M
-/+ buffers/cache:       1.5G       2.3G
Swap:         8.0G         0B       8.0G

             total       used       free     shared    buffers     cached
Mem:          3.9G       1.9G       2.0G       1.5M        38M       290M
-/+ buffers/cache:       1.5G       2.3G
Swap:         8.0G         0B       8.0G

             total       used       free     shared    buffers     cached
Mem:          3.9G       1.9G       2.0G       1.5M        38M       290M
-/+ buffers/cache:       1.6G       2.3G
Swap:         8.0G         0B       8.0G

             total       used       free     shared    buffers     cached
Mem:          3.9G       1.9G       2.0G       1.5M        38M       290M
-/+ buffers/cache:       1.6G       2.3G
Swap:         8.0G         0B       8.0G

             total       used       free     shared    buffers     cached
Mem:          3.9G       1.9G       1.9G       1.5M        38M       290M
-/+ buffers/cache:       1.6G       2.3G
Swap:         8.0G         0B       8.0G

             total       used       free     shared    buffers     cached
Mem:          3.9G       1.9G       1.9G       1.5M        38M       290M
-/+ buffers/cache:       1.6G       2.2G
Swap:         8.0G         0B       8.0G

             total       used       free     shared    buffers     cached
Mem:          3.9G       2.0G       1.9G       1.5M        38M       290M
-/+ buffers/cache:       1.6G       2.2G
Swap:         8.0G         0B       8.0G

             total       used       free     shared    buffers     cached
Mem:          3.9G       2.0G       1.9G       1.5M        38M       290M
-/+ buffers/cache:       1.7G       2.2G
Swap:         8.0G         0B       8.0G

             total       used       free     shared    buffers     cached
Mem:          3.9G       2.0G       1.9G       1.5M        38M       290M
-/+ buffers/cache:       1.7G       2.2G
Swap:         8.0G         0B       8.0G

             total       used       free     shared    buffers     cached
Mem:          3.9G       2.0G       1.8G       1.5M        38M       290M
-/+ buffers/cache:       1.7G       2.2G
Swap:         8.0G         0B       8.0G

             total       used       free     shared    buffers     cached
Mem:          3.9G       2.0G       1.8G       1.5M        38M       290M
-/+ buffers/cache:       1.7G       2.1G
Swap:         8.0G         0B       8.0G

             total       used       free     shared    buffers     cached
Mem:          3.9G       2.1G       1.8G       1.5M        38M       290M
-/+ buffers/cache:       1.7G       2.1G
Swap:         8.0G         0B       8.0G

             total       used       free     shared    buffers     cached
Mem:          3.9G       2.1G       1.8G       1.5M        38M       290M
-/+ buffers/cache:       1.8G       2.1G
Swap:         8.0G         0B       8.0G

             total       used       free     shared    buffers     cached
Mem:          3.9G       2.1G       1.8G       1.5M        38M       290M
-/+ buffers/cache:       1.8G       2.1G
Swap:         8.0G         0B       8.0G

             total       used       free     shared    buffers     cached
Mem:          3.9G       2.1G       1.7G       1.5M        38M       290M
-/+ buffers/cache:       1.8G       2.1G
Swap:         8.0G         0B       8.0G

             total       used       free     shared    buffers     cached
Mem:          3.9G       2.1G       1.7G       1.5M        38M       290M
-/+ buffers/cache:       1.8G       2.1G
Swap:         8.0G         0B       8.0G

             total       used       free     shared    buffers     cached
Mem:          3.9G       2.1G       1.7G       1.5M        38M       290M
-/+ buffers/cache:       1.8G       2.0G
Swap:         8.0G         0B       8.0G

             total       used       free     shared    buffers     cached
Mem:          3.9G       2.2G       1.7G       1.5M        38M       290M
-/+ buffers/cache:       1.8G       2.0G
Swap:         8.0G         0B       8.0G

             total       used       free     shared    buffers     cached
Mem:          3.9G       2.2G       1.7G       1.5M        38M       290M
-/+ buffers/cache:       1.9G       2.0G
Swap:         8.0G         0B       8.0G

             total       used       free     shared    buffers     cached
Mem:          3.9G       2.2G       1.7G       1.5M        38M       290M
-/+ buffers/cache:       1.9G       2.0G
Swap:         8.0G         0B       8.0G

             total       used       free     shared    buffers     cached
Mem:          3.9G       2.2G       1.6G       1.5M        38M       290M
-/+ buffers/cache:       1.9G       2.0G
Swap:         8.0G         0B       8.0G

             total       used       free     shared    buffers     cached
Mem:          3.9G       2.2G       1.6G       1.5M        38M       290M
-/+ buffers/cache:       1.9G       1.9G
Swap:         8.0G         0B       8.0G

             total       used       free     shared    buffers     cached
Mem:          3.9G       2.3G       1.6G       1.5M        38M       290M
-/+ buffers/cache:       1.9G       1.9G
Swap:         8.0G         0B       8.0G

             total       used       free     shared    buffers     cached
Mem:          3.9G       2.3G       1.6G       1.5M        38M       290M
-/+ buffers/cache:       2.0G       1.9G
Swap:         8.0G         0B       8.0G

             total       used       free     shared    buffers     cached
Mem:          3.9G       2.3G       1.6G       1.5M        38M       290M
-/+ buffers/cache:       2.0G       1.9G
Swap:         8.0G         0B       8.0G

             total       used       free     shared    buffers     cached
Mem:          3.9G       2.3G       1.5G       1.5M        38M       290M
-/+ buffers/cache:       2.0G       1.9G
Swap:         8.0G         0B       8.0G

             total       used       free     shared    buffers     cached
Mem:          3.9G       2.3G       1.5G       1.5M        38M       290M
-/+ buffers/cache:       2.0G       1.8G
Swap:         8.0G         0B       8.0G

             total       used       free     shared    buffers     cached
Mem:          3.9G       2.4G       1.5G       1.5M        38M       290M
-/+ buffers/cache:       2.0G       1.8G
Swap:         8.0G         0B       8.0G

             total       used       free     shared    buffers     cached
Mem:          3.9G       2.4G       1.5G       1.5M        38M       290M
-/+ buffers/cache:       2.1G       1.8G
Swap:         8.0G         0B       8.0G

             total       used       free     shared    buffers     cached
Mem:          3.9G       2.4G       1.5G       1.5M        38M       290M
-/+ buffers/cache:       2.1G       1.8G
Swap:         8.0G         0B       8.0G

             total       used       free     shared    buffers     cached
Mem:          3.9G       2.4G       1.5G       1.5M        38M       290M
-/+ buffers/cache:       2.1G       1.8G
Swap:         8.0G         0B       8.0G

             total       used       free     shared    buffers     cached
Mem:          3.9G       2.4G       1.4G       1.5M        38M       290M
-/+ buffers/cache:       2.1G       1.8G
Swap:         8.0G         0B       8.0G

             total       used       free     shared    buffers     cached
Mem:          3.9G       2.4G       1.4G       1.5M        38M       290M
-/+ buffers/cache:       2.1G       1.8G
Swap:         8.0G         0B       8.0G

             total       used       free     shared    buffers     cached
Mem:          3.9G       2.4G       1.4G       1.5M        38M       290M
-/+ buffers/cache:       2.1G       1.8G
Swap:         8.0G         0B       8.0G

             total       used       free     shared    buffers     cached
Mem:          3.9G       2.4G       1.4G       1.5M        38M       290M
-/+ buffers/cache:       2.1G       1.7G
Swap:         8.0G         0B       8.0G

             total       used       free     shared    buffers     cached
Mem:          3.9G       2.5G       1.4G       1.5M        38M       290M
-/+ buffers/cache:       2.1G       1.7G
Swap:         8.0G         0B       8.0G

             total       used       free     shared    buffers     cached
Mem:          3.9G       2.5G       1.4G       1.5M        38M       290M
-/+ buffers/cache:       2.2G       1.7G
Swap:         8.0G         0B       8.0G

             total       used       free     shared    buffers     cached
Mem:          3.9G       2.5G       1.4G       1.5M        38M       290M
-/+ buffers/cache:       2.2G       1.7G
Swap:         8.0G         0B       8.0G

             total       used       free     shared    buffers     cached
Mem:          3.9G       2.5G       1.3G       1.5M        38M       290M
-/+ buffers/cache:       2.2G       1.7G
Swap:         8.0G         0B       8.0G

             total       used       free     shared    buffers     cached
Mem:          3.9G       2.5G       1.3G       1.5M        38M       290M
-/+ buffers/cache:       2.2G       1.6G
Swap:         8.0G         0B       8.0G

             total       used       free     shared    buffers     cached
Mem:          3.9G       2.6G       1.3G       1.5M        38M       290M
-/+ buffers/cache:       2.2G       1.6G
Swap:         8.0G         0B       8.0G

             total       used       free     shared    buffers     cached
Mem:          3.9G       2.6G       1.3G       1.5M        38M       290M
-/+ buffers/cache:       2.3G       1.6G
Swap:         8.0G         0B       8.0G

             total       used       free     shared    buffers     cached
Mem:          3.9G       2.6G       1.3G       1.5M        38M       290M
-/+ buffers/cache:       2.3G       1.6G
Swap:         8.0G         0B       8.0G

             total       used       free     shared    buffers     cached
Mem:          3.9G       2.6G       1.2G       1.5M        38M       290M
-/+ buffers/cache:       2.3G       1.6G
Swap:         8.0G         0B       8.0G

             total       used       free     shared    buffers     cached
Mem:          3.9G       2.6G       1.2G       1.5M        38M       290M
-/+ buffers/cache:       2.3G       1.5G
Swap:         8.0G         0B       8.0G

             total       used       free     shared    buffers     cached
Mem:          3.9G       2.7G       1.2G       1.5M        38M       290M
-/+ buffers/cache:       2.3G       1.5G
Swap:         8.0G         0B       8.0G

             total       used       free     shared    buffers     cached
Mem:          3.9G       2.7G       1.2G       1.5M        38M       290M
-/+ buffers/cache:       2.3G       1.5G
Swap:         8.0G         0B       8.0G

             total       used       free     shared    buffers     cached
Mem:          3.9G       2.7G       1.2G       1.5M        38M       290M
-/+ buffers/cache:       2.4G       1.5G
Swap:         8.0G         0B       8.0G

             total       used       free     shared    buffers     cached
Mem:          3.9G       2.7G       1.2G       1.5M        38M       290M
-/+ buffers/cache:       2.4G       1.5G
Swap:         8.0G         0B       8.0G

             total       used       free     shared    buffers     cached
Mem:          3.9G       2.7G       1.1G       1.5M        38M       290M
-/+ buffers/cache:       2.4G       1.5G
Swap:         8.0G         0B       8.0G

             total       used       free     shared    buffers     cached
Mem:          3.9G       2.7G       1.1G       1.5M        38M       290M
-/+ buffers/cache:       2.4G       1.4G
Swap:         8.0G         0B       8.0G

             total       used       free     shared    buffers     cached
Mem:          3.9G       2.8G       1.1G       1.5M        38M       290M
-/+ buffers/cache:       2.4G       1.4G
Swap:         8.0G         0B       8.0G

             total       used       free     shared    buffers     cached
Mem:          3.9G       2.8G       1.1G       1.5M        38M       290M
-/+ buffers/cache:       2.5G       1.4G
Swap:         8.0G         0B       8.0G

             total       used       free     shared    buffers     cached
Mem:          3.9G       2.8G       1.1G       1.5M        38M       290M
-/+ buffers/cache:       2.5G       1.4G
Swap:         8.0G         0B       8.0G

             total       used       free     shared    buffers     cached
Mem:          3.9G       2.8G       1.0G       1.5M        38M       290M
-/+ buffers/cache:       2.5G       1.4G
Swap:         8.0G         0B       8.0G

             total       used       free     shared    buffers     cached
Mem:          3.9G       2.8G       1.0G       1.5M        38M       290M
-/+ buffers/cache:       2.5G       1.3G
Swap:         8.0G         0B       8.0G

             total       used       free     shared    buffers     cached
Mem:          3.9G       2.9G       1.0G       1.5M        38M       290M
-/+ buffers/cache:       2.5G       1.3G
Swap:         8.0G         0B       8.0G

             total       used       free     shared    buffers     cached
Mem:          3.9G       2.9G       1.0G       1.5M        38M       290M
-/+ buffers/cache:       2.6G       1.3G
Swap:         8.0G         0B       8.0G

             total       used       free     shared    buffers     cached
Mem:          3.9G       2.9G       989M       1.5M        38M       290M
-/+ buffers/cache:       2.6G       1.3G
Swap:         8.0G         0B       8.0G

             total       used       free     shared    buffers     cached
Mem:          3.9G       2.9G       969M       1.5M        38M       290M
-/+ buffers/cache:       2.6G       1.3G
Swap:         8.0G         0B       8.0G

             total       used       free     shared    buffers     cached
Mem:          3.9G       2.9G       950M       1.5M        38M       290M
-/+ buffers/cache:       2.6G       1.2G
Swap:         8.0G         0B       8.0G

             total       used       free     shared    buffers     cached
Mem:          3.9G       2.9G       933M       1.5M        38M       290M
-/+ buffers/cache:       2.6G       1.2G
Swap:         8.0G         0B       8.0G

             total       used       free     shared    buffers     cached
Mem:          3.9G       3.0G       915M       1.5M        38M       290M
-/+ buffers/cache:       2.6G       1.2G
Swap:         8.0G         0B       8.0G

             total       used       free     shared    buffers     cached
Mem:          3.9G       3.0G       896M       1.5M        38M       290M
-/+ buffers/cache:       2.7G       1.2G
Swap:         8.0G         0B       8.0G

             total       used       free     shared    buffers     cached
Mem:          3.9G       3.0G       876M       1.5M        38M       290M
-/+ buffers/cache:       2.7G       1.2G
Swap:         8.0G         0B       8.0G

             total       used       free     shared    buffers     cached
Mem:          3.9G       3.0G       855M       1.5M        38M       290M
-/+ buffers/cache:       2.7G       1.2G
Swap:         8.0G         0B       8.0G

             total       used       free     shared    buffers     cached
Mem:          3.9G       3.0G       835M       1.5M        38M       290M
-/+ buffers/cache:       2.7G       1.1G
Swap:         8.0G         0B       8.0G

             total       used       free     shared    buffers     cached
Mem:          3.9G       3.1G       813M       1.5M        38M       290M
-/+ buffers/cache:       2.7G       1.1G
Swap:         8.0G         0B       8.0G

             total       used       free     shared    buffers     cached
Mem:          3.9G       3.1G       795M       1.5M        38M       290M
-/+ buffers/cache:       2.8G       1.1G
Swap:         8.0G         0B       8.0G

             total       used       free     shared    buffers     cached
Mem:          3.9G       3.1G       776M       1.5M        38M       290M
-/+ buffers/cache:       2.8G       1.1G
Swap:         8.0G         0B       8.0G

             total       used       free     shared    buffers     cached
Mem:          3.9G       3.1G       756M       1.5M        38M       290M
-/+ buffers/cache:       2.8G       1.1G
Swap:         8.0G         0B       8.0G

             total       used       free     shared    buffers     cached
Mem:          3.9G       3.1G       736M       1.5M        38M       290M
-/+ buffers/cache:       2.8G       1.0G
Swap:         8.0G         0B       8.0G

             total       used       free     shared    buffers     cached
Mem:          3.9G       3.2G       717M       1.5M        38M       290M
-/+ buffers/cache:       2.8G       1.0G
Swap:         8.0G         0B       8.0G

             total       used       free     shared    buffers     cached
Mem:          3.9G       3.2G       700M       1.5M        38M       290M
-/+ buffers/cache:       2.9G       1.0G
Swap:         8.0G         0B       8.0G

             total       used       free     shared    buffers     cached
Mem:          3.9G       3.2G       683M       1.5M        38M       290M
-/+ buffers/cache:       2.9G       1.0G
Swap:         8.0G         0B       8.0G

             total       used       free     shared    buffers     cached
Mem:          3.9G       3.2G       668M       1.5M        38M       290M
-/+ buffers/cache:       2.9G       998M
Swap:         8.0G         0B       8.0G

             total       used       free     shared    buffers     cached
Mem:          3.9G       3.2G       654M       1.5M        38M       290M
-/+ buffers/cache:       2.9G       983M
Swap:         8.0G         0B       8.0G

             total       used       free     shared    buffers     cached
Mem:          3.9G       3.2G       639M       1.5M        38M       290M
-/+ buffers/cache:       2.9G       968M
Swap:         8.0G         0B       8.0G

             total       used       free     shared    buffers     cached
Mem:          3.9G       3.2G       626M       1.5M        38M       290M
-/+ buffers/cache:       2.9G       955M
Swap:         8.0G         0B       8.0G

             total       used       free     shared    buffers     cached
Mem:          3.9G       3.3G       615M       1.5M        38M       290M
-/+ buffers/cache:       2.9G       944M
Swap:         8.0G         0B       8.0G

             total       used       free     shared    buffers     cached
Mem:          3.9G       3.3G       602M       1.5M        38M       290M
-/+ buffers/cache:       2.9G       931M
Swap:         8.0G         0B       8.0G

             total       used       free     shared    buffers     cached
Mem:          3.9G       3.3G       590M       1.5M        38M       290M
-/+ buffers/cache:       3.0G       919M
Swap:         8.0G         0B       8.0G

             total       used       free     shared    buffers     cached
Mem:          3.9G       3.3G       578M       1.5M        38M       290M
-/+ buffers/cache:       3.0G       907M
Swap:         8.0G         0B       8.0G

             total       used       free     shared    buffers     cached
Mem:          3.9G       3.3G       566M       1.5M        38M       290M
-/+ buffers/cache:       3.0G       895M
Swap:         8.0G         0B       8.0G

             total       used       free     shared    buffers     cached
Mem:          3.9G       3.3G       555M       1.5M        38M       290M
-/+ buffers/cache:       3.0G       884M
Swap:         8.0G         0B       8.0G

             total       used       free     shared    buffers     cached
Mem:          3.9G       3.3G       544M       1.5M        38M       290M
-/+ buffers/cache:       3.0G       873M
Swap:         8.0G         0B       8.0G

             total       used       free     shared    buffers     cached
Mem:          3.9G       3.3G       533M       1.5M        38M       290M
-/+ buffers/cache:       3.0G       862M
Swap:         8.0G         0B       8.0G

             total       used       free     shared    buffers     cached
Mem:          3.9G       3.3G       522M       1.5M        38M       290M
-/+ buffers/cache:       3.0G       851M
Swap:         8.0G         0B       8.0G

             total       used       free     shared    buffers     cached
Mem:          3.9G       3.4G       511M       1.5M        38M       290M
-/+ buffers/cache:       3.0G       840M
Swap:         8.0G         0B       8.0G

             total       used       free     shared    buffers     cached
Mem:          3.9G       3.4G       499M       1.5M        38M       290M
-/+ buffers/cache:       3.0G       828M
Swap:         8.0G         0B       8.0G

             total       used       free     shared    buffers     cached
Mem:          3.9G       3.4G       487M       1.5M        38M       290M
-/+ buffers/cache:       3.1G       816M
Swap:         8.0G         0B       8.0G

             total       used       free     shared    buffers     cached
Mem:          3.9G       3.4G       476M       1.5M        38M       290M
-/+ buffers/cache:       3.1G       805M
Swap:         8.0G         0B       8.0G

             total       used       free     shared    buffers     cached
Mem:          3.9G       3.4G       464M       1.5M        38M       290M
-/+ buffers/cache:       3.1G       793M
Swap:         8.0G         0B       8.0G

             total       used       free     shared    buffers     cached
Mem:          3.9G       3.4G       453M       1.5M        38M       290M
-/+ buffers/cache:       3.1G       782M
Swap:         8.0G         0B       8.0G

             total       used       free     shared    buffers     cached
Mem:          3.9G       3.4G       442M       1.5M        38M       290M
-/+ buffers/cache:       3.1G       771M
Swap:         8.0G         0B       8.0G

             total       used       free     shared    buffers     cached
Mem:          3.9G       3.4G       431M       1.5M        38M       290M
-/+ buffers/cache:       3.1G       760M
Swap:         8.0G         0B       8.0G

             total       used       free     shared    buffers     cached
Mem:          3.9G       3.5G       417M       1.5M        38M       290M
-/+ buffers/cache:       3.1G       746M
Swap:         8.0G         0B       8.0G

             total       used       free     shared    buffers     cached
Mem:          3.9G       3.5G       406M       1.5M        38M       290M
-/+ buffers/cache:       3.1G       735M
Swap:         8.0G         0B       8.0G

             total       used       free     shared    buffers     cached
Mem:          3.9G       3.5G       394M       1.5M        38M       290M
-/+ buffers/cache:       3.2G       723M
Swap:         8.0G         0B       8.0G

             total       used       free     shared    buffers     cached
Mem:          3.9G       3.5G       383M       1.5M        38M       290M
-/+ buffers/cache:       3.2G       712M
Swap:         8.0G         0B       8.0G

             total       used       free     shared    buffers     cached
Mem:          3.9G       3.5G       371M       1.5M        38M       290M
-/+ buffers/cache:       3.2G       700M
Swap:         8.0G         0B       8.0G

             total       used       free     shared    buffers     cached
Mem:          3.9G       3.5G       359M       1.5M        38M       290M
-/+ buffers/cache:       3.2G       688M
Swap:         8.0G         0B       8.0G

             total       used       free     shared    buffers     cached
Mem:          3.9G       3.5G       346M       1.5M        38M       290M
-/+ buffers/cache:       3.2G       675M
Swap:         8.0G         0B       8.0G

             total       used       free     shared    buffers     cached
Mem:          3.9G       3.5G       332M       1.5M        38M       290M
-/+ buffers/cache:       3.2G       661M
Swap:         8.0G         0B       8.0G

             total       used       free     shared    buffers     cached
Mem:          3.9G       3.5G       319M       1.5M        38M       290M
-/+ buffers/cache:       3.2G       648M
Swap:         8.0G         0B       8.0G

             total       used       free     shared    buffers     cached
Mem:          3.9G       3.6G       306M       1.5M        38M       290M
-/+ buffers/cache:       3.2G       635M
Swap:         8.0G         0B       8.0G

             total       used       free     shared    buffers     cached
Mem:          3.9G       3.6G       292M       1.5M        38M       290M
-/+ buffers/cache:       3.3G       621M
Swap:         8.0G         0B       8.0G

             total       used       free     shared    buffers     cached
Mem:          3.9G       3.6G       279M       1.5M        38M       290M
-/+ buffers/cache:       3.3G       608M
Swap:         8.0G         0B       8.0G

             total       used       free     shared    buffers     cached
Mem:          3.9G       3.6G       268M       1.5M        38M       290M
-/+ buffers/cache:       3.3G       597M
Swap:         8.0G         0B       8.0G

             total       used       free     shared    buffers     cached
Mem:          3.9G       3.6G       257M       1.5M        38M       290M
-/+ buffers/cache:       3.3G       586M
Swap:         8.0G         0B       8.0G

             total       used       free     shared    buffers     cached
Mem:          3.9G       3.6G       240M       1.5M        38M       290M
-/+ buffers/cache:       3.3G       569M
Swap:         8.0G         0B       8.0G

             total       used       free     shared    buffers     cached
Mem:          3.9G       3.6G       223M       1.5M        38M       290M
-/+ buffers/cache:       3.3G       552M
Swap:         8.0G         0B       8.0G

             total       used       free     shared    buffers     cached
Mem:          3.9G       3.7G       207M       1.5M        38M       290M
-/+ buffers/cache:       3.3G       536M
Swap:         8.0G         0B       8.0G

             total       used       free     shared    buffers     cached
Mem:          3.9G       3.7G       191M       1.5M        38M       290M
-/+ buffers/cache:       3.4G       520M
Swap:         8.0G         0B       8.0G

             total       used       free     shared    buffers     cached
Mem:          3.9G       3.7G       172M       1.5M        38M       290M
-/+ buffers/cache:       3.4G       501M
Swap:         8.0G         0B       8.0G

             total       used       free     shared    buffers     cached
Mem:          3.9G       3.7G       156M       1.5M        38M       290M
-/+ buffers/cache:       3.4G       485M
Swap:         8.0G         0B       8.0G

             total       used       free     shared    buffers     cached
Mem:          3.9G       3.7G       139M       1.5M        38M       290M
-/+ buffers/cache:       3.4G       469M
Swap:         8.0G         0B       8.0G

             total       used       free     shared    buffers     cached
Mem:          3.9G       3.7G       122M       1.5M        38M       290M
-/+ buffers/cache:       3.4G       451M
Swap:         8.0G         0B       8.0G

             total       used       free     shared    buffers     cached
Mem:          3.9G       3.8G       105M       1.5M        38M       290M
-/+ buffers/cache:       3.4G       434M
Swap:         8.0G         0B       8.0G

             total       used       free     shared    buffers     cached
Mem:          3.9G       3.7G       113M       1.5M        15M       288M
-/+ buffers/cache:       3.5G       417M
Swap:         8.0G         0B       8.0G

             total       used       free     shared    buffers     cached
Mem:          3.9G       3.7G       119M       1.5M        10M       269M
-/+ buffers/cache:       3.5G       400M
Swap:         8.0G         0B       8.0G

             total       used       free     shared    buffers     cached
Mem:          3.9G       3.8G       101M       1.5M        10M       269M
-/+ buffers/cache:       3.5G       382M
Swap:         8.0G         0B       8.0G

             total       used       free     shared    buffers     cached
Mem:          3.9G       3.7G       113M       1.3M       9.9M       241M
-/+ buffers/cache:       3.5G       364M
Swap:         8.0G       1.4M       8.0G

             total       used       free     shared    buffers     cached
Mem:          3.9G       3.7G       153M       1.1M       2.4M       196M
-/+ buffers/cache:       3.5G       352M
Swap:         8.0G        12M       8.0G

             total       used       free     shared    buffers     cached
Mem:          3.9G       3.7G       134M       1.1M       2.4M       196M
-/+ buffers/cache:       3.5G       334M
Swap:         8.0G        12M       8.0G

             total       used       free     shared    buffers     cached
Mem:          3.9G       3.7G       117M       1.1M       2.4M       196M
-/+ buffers/cache:       3.5G       316M
Swap:         8.0G        12M       8.0G

             total       used       free     shared    buffers     cached
Mem:          3.9G       3.7G       122M       1.1M       488K       175M
-/+ buffers/cache:       3.6G       298M
Swap:         8.0G        12M       8.0G

             total       used       free     shared    buffers     cached
Mem:          3.9G       3.8G       104M       1.1M       496K       175M
-/+ buffers/cache:       3.6G       280M
Swap:         8.0G        12M       8.0G

             total       used       free     shared    buffers     cached
Mem:          3.9G       3.8G       108M       1.1M       464K       154M
-/+ buffers/cache:       3.6G       263M
Swap:         8.0G        12M       8.0G

             total       used       free     shared    buffers     cached
Mem:          3.9G       3.8G       109M       1.1M       464K       135M
-/+ buffers/cache:       3.6G       246M
Swap:         8.0G        12M       8.0G

             total       used       free     shared    buffers     cached
Mem:          3.9G       3.7G       127M       1.1M        88K       105M
-/+ buffers/cache:       3.6G       232M
Swap:         8.0G        12M       8.0G

             total       used       free     shared    buffers     cached
Mem:          3.9G       3.8G       108M       1.1M        88K       105M
-/+ buffers/cache:       3.7G       213M
Swap:         8.0G        12M       8.0G

             total       used       free     shared    buffers     cached
Mem:          3.9G       3.7G       117M       1.1M        96K        79M
-/+ buffers/cache:       3.7G       197M
Swap:         8.0G        12M       8.0G

             total       used       free     shared    buffers     cached
Mem:          3.9G       3.7G       136M       1.1M        96K        46M
-/+ buffers/cache:       3.7G       182M
Swap:         8.0G        12M       8.0G

             total       used       free     shared    buffers     cached
Mem:          3.9G       3.7G       122M       1.1M       512K        46M
-/+ buffers/cache:       3.7G       169M
Swap:         8.0G        12M       8.0G

             total       used       free     shared    buffers     cached
Mem:          3.9G       3.8G       106M       1.1M       512K        46M
-/+ buffers/cache:       3.7G       153M
Swap:         8.0G        12M       8.0G

             total       used       free     shared    buffers     cached
Mem:          3.9G       3.8G       108M       1.1M       512K        27M
-/+ buffers/cache:       3.7G       136M
Swap:         8.0G        12M       8.0G

             total       used       free     shared    buffers     cached
Mem:          3.9G       3.7G       117M       1.1M       512K       4.1M
-/+ buffers/cache:       3.7G       122M
Swap:         8.0G        12M       8.0G

             total       used       free     shared    buffers     cached
Mem:          3.9G       3.7G       126M       696K       328K        11M
-/+ buffers/cache:       3.7G       138M
Swap:         8.0G       106M       7.9G

             total       used       free     shared    buffers     cached
Mem:          3.9G       3.7G       113M       688K       320K        19M
-/+ buffers/cache:       3.7G       133M
Swap:         8.0G       103M       7.9G

             total       used       free     shared    buffers     cached
Mem:          3.9G       3.7G       116M       688K       500K        16M
-/+ buffers/cache:       3.7G       134M
Swap:         8.0G       119M       7.9G

             total       used       free     shared    buffers     cached
Mem:          3.9G       3.7G       113M       680K       472K       7.5M
-/+ buffers/cache:       3.7G       121M
Swap:         8.0G       119M       7.9G

             total       used       free     shared    buffers     cached
Mem:          3.9G       3.8G       106M       680K       764K       8.0M
-/+ buffers/cache:       3.7G       114M
Swap:         8.0G       118M       7.9G

             total       used       free     shared    buffers     cached
Mem:          3.9G       3.7G       120M       680K       772K       6.7M
-/+ buffers/cache:       3.7G       127M
Swap:         8.0G       129M       7.9G

             total       used       free     shared    buffers     cached
Mem:          3.9G       3.7G       115M       660K       772K       6.8M
-/+ buffers/cache:       3.7G       122M
Swap:         8.0G       128M       7.9G

             total       used       free     shared    buffers     cached
Mem:          3.9G       3.8G       109M       660K       772K       6.9M
-/+ buffers/cache:       3.7G       116M
Swap:         8.0G       128M       7.9G

             total       used       free     shared    buffers     cached
Mem:          3.9G       3.7G       124M       660K       772K       6.0M
-/+ buffers/cache:       3.7G       131M
Swap:         8.0G       139M       7.9G

             total       used       free     shared    buffers     cached
Mem:          3.9G       3.7G       118M       660K       772K       6.0M
-/+ buffers/cache:       3.7G       125M
Swap:         8.0G       139M       7.9G

             total       used       free     shared    buffers     cached
Mem:          3.9G       3.7G       117M       660K       772K       6.3M
-/+ buffers/cache:       3.7G       124M
Swap:         8.0G       139M       7.9G

             total       used       free     shared    buffers     cached
Mem:          3.9G       3.7G       134M       584K        76K       2.8M
-/+ buffers/cache:       3.7G       137M
Swap:         8.0G       216M       7.8G

             total       used       free     shared    buffers     cached
Mem:          3.9G       3.7G       113M       580K       604K       4.6M
-/+ buffers/cache:       3.7G       118M
Swap:         8.0G       216M       7.8G

             total       used       free     shared    buffers     cached
Mem:          3.9G       3.8G       109M       584K       612K       4.2M
-/+ buffers/cache:       3.7G       114M
Swap:         8.0G       216M       7.8G

             total       used       free     shared    buffers     cached
Mem:          3.9G       3.7G       169M       584K       560K       4.6M
-/+ buffers/cache:       3.7G       174M
Swap:         8.0G       294M       7.7G

             total       used       free     shared    buffers     cached
Mem:          3.9G       3.7G       146M       568K       560K       9.9M
-/+ buffers/cache:       3.7G       156M
Swap:         8.0G       292M       7.7G

             total       used       free     shared    buffers     cached
Mem:          3.9G       3.7G       132M       568K       560K        10M
-/+ buffers/cache:       3.7G       143M
Swap:         8.0G       292M       7.7G

             total       used       free     shared    buffers     cached
Mem:          3.9G       3.7G       122M       568K       532K        21M
-/+ buffers/cache:       3.7G       144M
Swap:         8.0G       286M       7.7G

             total       used       free     shared    buffers     cached
Mem:          3.9G       3.7G       117M       568K       540K        21M
-/+ buffers/cache:       3.7G       139M
Swap:         8.0G       286M       7.7G

             total       used       free     shared    buffers     cached
Mem:          3.9G       3.7G       114M       568K       540K        21M
-/+ buffers/cache:       3.7G       136M
Swap:         8.0G       286M       7.7G

             total       used       free     shared    buffers     cached
Mem:          3.9G       3.7G       114M       568K       540K        21M
-/+ buffers/cache:       3.7G       136M
Swap:         8.0G       286M       7.7G

             total       used       free     shared    buffers     cached
Mem:          3.9G       3.7G       114M       568K       540K        21M
-/+ buffers/cache:       3.7G       135M
Swap:         8.0G       286M       7.7G

             total       used       free     shared    buffers     cached
Mem:          3.9G       3.7G       114M       568K       540K        21M
-/+ buffers/cache:       3.7G       135M
Swap:         8.0G       286M       7.7G

             total       used       free     shared    buffers     cached
Mem:          3.9G       3.7G       113M       568K       540K        21M
-/+ buffers/cache:       3.7G       135M
Swap:         8.0G       286M       7.7G

             total       used       free     shared    buffers     cached
Mem:          3.9G       3.7G       113M       568K       548K        21M
-/+ buffers/cache:       3.7G       135M
Swap:         8.0G       285M       7.7G

             total       used       free     shared    buffers     cached
Mem:          3.9G       3.7G       113M       568K       548K        21M
-/+ buffers/cache:       3.7G       135M
Swap:         8.0G       285M       7.7G

             total       used       free     shared    buffers     cached
Mem:          3.9G       3.7G       113M       568K       548K        21M
-/+ buffers/cache:       3.7G       134M
Swap:         8.0G       285M       7.7G

             total       used       free     shared    buffers     cached
Mem:          3.9G       3.7G       113M       568K       548K        21M
-/+ buffers/cache:       3.7G       134M
Swap:         8.0G       285M       7.7G

             total       used       free     shared    buffers     cached
Mem:          3.9G       3.7G       118M       4.3M       5.3M        54M
-/+ buffers/cache:       3.7G       177M
Swap:         8.0G       350M       7.7G

             total       used       free     shared    buffers     cached
Mem:          3.9G       3.7G       137M       4.3M       5.1M        65M
-/+ buffers/cache:       3.7G       208M
Swap:         8.0G       379M       7.6G

             total       used       free     shared    buffers     cached
Mem:          3.9G       3.7G       126M       708K       5.3M        65M
-/+ buffers/cache:       3.7G       197M
Swap:         8.0G       373M       7.6G

             total       used       free     shared    buffers     cached
Mem:          3.9G       3.7G       123M       648K       5.3M        66M
-/+ buffers/cache:       3.7G       194M
Swap:         8.0G       372M       7.6G

             total       used       free     shared    buffers     cached
Mem:          3.9G       3.7G       122M       648K       5.4M        66M
-/+ buffers/cache:       3.7G       194M
Swap:         8.0G       372M       7.6G

             total       used       free     shared    buffers     cached
Mem:          3.9G       3.7G       122M       648K       5.4M        66M
-/+ buffers/cache:       3.7G       193M
Swap:         8.0G       372M       7.6G

             total       used       free     shared    buffers     cached
Mem:          3.9G       3.7G       121M       648K       5.4M        65M
-/+ buffers/cache:       3.7G       192M
Swap:         8.0G       371M       7.6G

             total       used       free     shared    buffers     cached
Mem:          3.9G       3.7G       120M       648K       5.4M        66M
-/+ buffers/cache:       3.7G       191M
Swap:         8.0G       371M       7.6G

             total       used       free     shared    buffers     cached
Mem:          3.9G       3.7G       118M       648K       5.5M        66M
-/+ buffers/cache:       3.7G       190M
Swap:         8.0G       371M       7.6G

             total       used       free     shared    buffers     cached
Mem:          3.9G       3.7G       117M       648K       5.5M        66M
-/+ buffers/cache:       3.7G       189M
Swap:         8.0G       370M       7.6G

             total       used       free     shared    buffers     cached
Mem:          3.9G       3.7G       116M       648K       5.5M        66M
-/+ buffers/cache:       3.7G       189M
Swap:         8.0G       370M       7.6G

             total       used       free     shared    buffers     cached
Mem:          3.9G       3.7G       116M       648K       5.5M        66M
-/+ buffers/cache:       3.7G       188M
Swap:         8.0G       370M       7.6G

             total       used       free     shared    buffers     cached
Mem:          3.9G       3.7G       115M       648K       5.5M        66M
-/+ buffers/cache:       3.7G       187M
Swap:         8.0G       369M       7.6G

             total       used       free     shared    buffers     cached
Mem:          3.9G       3.7G       113M       648K       5.5M        66M
-/+ buffers/cache:       3.7G       185M
Swap:         8.0G       368M       7.6G

             total       used       free     shared    buffers     cached
Mem:          3.9G       3.8G       110M       648K       5.5M        66M
-/+ buffers/cache:       3.7G       182M
Swap:         8.0G       367M       7.6G

             total       used       free     shared    buffers     cached
Mem:          3.9G       3.8G       108M       648K       5.5M        66M
-/+ buffers/cache:       3.7G       180M
Swap:         8.0G       365M       7.6G

             total       used       free     shared    buffers     cached
Mem:          3.9G       3.8G       105M       648K       5.5M        66M
-/+ buffers/cache:       3.7G       178M
Swap:         8.0G       364M       7.6G

             total       used       free     shared    buffers     cached
Mem:          3.9G       3.7G       129M       648K       5.4M        63M
-/+ buffers/cache:       3.7G       198M
Swap:         8.0G       381M       7.6G

             total       used       free     shared    buffers     cached
Mem:          3.9G       3.7G       127M       648K       5.4M        63M
-/+ buffers/cache:       3.7G       196M
Swap:         8.0G       379M       7.6G

             total       used       free     shared    buffers     cached
Mem:          3.9G       3.7G       125M       648K       5.4M        63M
-/+ buffers/cache:       3.7G       194M
Swap:         8.0G       378M       7.6G

             total       used       free     shared    buffers     cached
Mem:          3.9G       3.7G       123M       648K       5.4M        63M
-/+ buffers/cache:       3.7G       192M
Swap:         8.0G       377M       7.6G

             total       used       free     shared    buffers     cached
Mem:          3.9G       3.7G       118M       648K       5.4M        63M
-/+ buffers/cache:       3.7G       188M
Swap:         8.0G       374M       7.6G

             total       used       free     shared    buffers     cached
Mem:          3.9G       3.7G       116M       648K       5.4M        63M
-/+ buffers/cache:       3.7G       185M
Swap:         8.0G       372M       7.6G

             total       used       free     shared    buffers     cached
Mem:          3.9G       3.7G       111M       648K       5.4M        63M
-/+ buffers/cache:       3.7G       181M
Swap:         8.0G       369M       7.6G

             total       used       free     shared    buffers     cached
Mem:          3.9G       3.8G       107M       648K       5.4M        63M
-/+ buffers/cache:       3.7G       177M
Swap:         8.0G       366M       7.6G

             total       used       free     shared    buffers     cached
Mem:          3.9G       3.8G       103M       648K       5.5M        63M
-/+ buffers/cache:       3.7G       173M
Swap:         8.0G       363M       7.6G

             total       used       free     shared    buffers     cached
Mem:          3.9G       3.7G       114M       648K       5.5M        63M
-/+ buffers/cache:       3.7G       182M
Swap:         8.0G       368M       7.6G

             total       used       free     shared    buffers     cached
Mem:          3.9G       3.8G       110M       648K       5.5M        62M
-/+ buffers/cache:       3.7G       179M
Swap:         8.0G       366M       7.6G

             total       used       free     shared    buffers     cached
Mem:          3.9G       3.8G       106M       648K       5.5M        62M
-/+ buffers/cache:       3.7G       175M
Swap:         8.0G       363M       7.6G

             total       used       free     shared    buffers     cached
Mem:          3.9G       3.8G       103M       648K       5.5M        62M
-/+ buffers/cache:       3.7G       172M
Swap:         8.0G       361M       7.6G

             total       used       free     shared    buffers     cached
Mem:          3.9G       3.7G       124M       644K       5.5M        62M
-/+ buffers/cache:       3.7G       191M
Swap:         8.0G       395M       7.6G

             total       used       free     shared    buffers     cached
Mem:          3.9G       3.7G       120M       644K       5.5M        62M
-/+ buffers/cache:       3.7G       188M
Swap:         8.0G       393M       7.6G

             total       used       free     shared    buffers     cached
Mem:          3.9G       3.7G       115M       644K       5.5M        62M
-/+ buffers/cache:       3.7G       184M
Swap:         8.0G       389M       7.6G

             total       used       free     shared    buffers     cached
Mem:          3.9G       3.7G       112M       644K       5.5M        62M
-/+ buffers/cache:       3.7G       180M
Swap:         8.0G       387M       7.6G

             total       used       free     shared    buffers     cached
Mem:          3.9G       3.8G       108M       644K       5.5M        62M
-/+ buffers/cache:       3.7G       177M
Swap:         8.0G       384M       7.6G

             total       used       free     shared    buffers     cached
Mem:          3.9G       3.7G       113M       644K       6.0M        70M
-/+ buffers/cache:       3.7G       189M
Swap:         8.0G       381M       7.6G

             total       used       free     shared    buffers     cached
Mem:          3.9G       3.7G       114M       692K       9.3M        78M
-/+ buffers/cache:       3.7G       202M
Swap:         8.0G       416M       7.6G
