             total       used       free     shared    buffers     cached
Mem:          992M       655M       336M       3.2M        41M       287M
-/+ buffers/cache:       326M       665M
Swap:         8.0G         0B       8.0G

             total       used       free     shared    buffers     cached
Mem:          992M       654M       337M       3.2M        41M       287M
-/+ buffers/cache:       325M       666M
Swap:         8.0G         0B       8.0G

             total       used       free     shared    buffers     cached
Mem:          992M       654M       337M       3.2M        41M       287M
-/+ buffers/cache:       325M       666M
Swap:         8.0G         0B       8.0G

             total       used       free     shared    buffers     cached
Mem:          992M       654M       337M       3.2M        41M       287M
-/+ buffers/cache:       325M       666M
Swap:         8.0G         0B       8.0G

             total       used       free     shared    buffers     cached
Mem:          992M       654M       337M       3.2M        41M       287M
-/+ buffers/cache:       325M       666M
Swap:         8.0G         0B       8.0G

             total       used       free     shared    buffers     cached
Mem:          992M       654M       337M       3.2M        41M       287M
-/+ buffers/cache:       325M       666M
Swap:         8.0G         0B       8.0G

             total       used       free     shared    buffers     cached
Mem:          992M       654M       337M       3.2M        41M       287M
-/+ buffers/cache:       325M       666M
Swap:         8.0G         0B       8.0G

             total       used       free     shared    buffers     cached
Mem:          992M       654M       337M       3.2M        41M       287M
-/+ buffers/cache:       325M       666M
Swap:         8.0G         0B       8.0G

             total       used       free     shared    buffers     cached
Mem:          992M       654M       337M       3.2M        41M       287M
-/+ buffers/cache:       325M       666M
Swap:         8.0G         0B       8.0G

             total       used       free     shared    buffers     cached
Mem:          992M       654M       337M       3.2M        41M       287M
-/+ buffers/cache:       325M       666M
Swap:         8.0G         0B       8.0G

             total       used       free     shared    buffers     cached
Mem:          992M       654M       337M       3.2M        41M       287M
-/+ buffers/cache:       325M       666M
Swap:         8.0G         0B       8.0G

             total       used       free     shared    buffers     cached
Mem:          992M       657M       335M       3.2M        41M       287M
-/+ buffers/cache:       327M       664M
Swap:         8.0G         0B       8.0G

             total       used       free     shared    buffers     cached
Mem:          992M       660M       331M       3.2M        41M       287M
-/+ buffers/cache:       330M       661M
Swap:         8.0G         0B       8.0G

             total       used       free     shared    buffers     cached
Mem:          992M       673M       318M       3.2M        41M       288M
-/+ buffers/cache:       343M       648M
Swap:         8.0G         0B       8.0G

             total       used       free     shared    buffers     cached
Mem:          992M       701M       291M       3.2M        41M       288M
-/+ buffers/cache:       371M       621M
Swap:         8.0G         0B       8.0G

             total       used       free     shared    buffers     cached
Mem:          992M       693M       298M       3.2M        42M       291M
-/+ buffers/cache:       359M       632M
Swap:         8.0G         0B       8.0G

             total       used       free     shared    buffers     cached
Mem:          992M       735M       256M       3.2M        42M       292M
-/+ buffers/cache:       401M       591M
Swap:         8.0G         0B       8.0G

             total       used       free     shared    buffers     cached
Mem:          992M       734M       257M       3.2M        42M       292M
-/+ buffers/cache:       400M       591M
Swap:         8.0G         0B       8.0G

             total       used       free     shared    buffers     cached
Mem:          992M       736M       255M       3.2M        42M       292M
-/+ buffers/cache:       402M       589M
Swap:         8.0G         0B       8.0G

             total       used       free     shared    buffers     cached
Mem:          992M       722M       269M       3.3M        42M       296M
-/+ buffers/cache:       383M       609M
Swap:         8.0G         0B       8.0G

             total       used       free     shared    buffers     cached
Mem:          992M       722M       269M       3.3M        42M       296M
-/+ buffers/cache:       383M       609M
Swap:         8.0G         0B       8.0G

             total       used       free     shared    buffers     cached
Mem:          992M       722M       269M       3.3M        42M       296M
-/+ buffers/cache:       383M       608M
Swap:         8.0G         0B       8.0G

             total       used       free     shared    buffers     cached
Mem:          992M       722M       269M       3.3M        42M       296M
-/+ buffers/cache:       383M       608M
Swap:         8.0G         0B       8.0G

             total       used       free     shared    buffers     cached
Mem:          992M       722M       269M       3.3M        42M       296M
-/+ buffers/cache:       383M       608M
Swap:         8.0G         0B       8.0G

             total       used       free     shared    buffers     cached
Mem:          992M       722M       269M       3.3M        42M       296M
-/+ buffers/cache:       383M       608M
Swap:         8.0G         0B       8.0G

             total       used       free     shared    buffers     cached
Mem:          992M       722M       269M       3.3M        42M       296M
-/+ buffers/cache:       383M       608M
Swap:         8.0G         0B       8.0G

             total       used       free     shared    buffers     cached
Mem:          992M       722M       269M       3.3M        42M       296M
-/+ buffers/cache:       383M       608M
Swap:         8.0G         0B       8.0G

             total       used       free     shared    buffers     cached
Mem:          992M       722M       269M       3.3M        42M       296M
-/+ buffers/cache:       383M       608M
Swap:         8.0G         0B       8.0G

             total       used       free     shared    buffers     cached
Mem:          992M       722M       269M       3.3M        42M       296M
-/+ buffers/cache:       383M       608M
Swap:         8.0G         0B       8.0G

             total       used       free     shared    buffers     cached
Mem:          992M       722M       269M       3.3M        42M       296M
-/+ buffers/cache:       383M       608M
Swap:         8.0G         0B       8.0G

             total       used       free     shared    buffers     cached
Mem:          992M       722M       269M       3.3M        42M       296M
-/+ buffers/cache:       383M       608M
Swap:         8.0G         0B       8.0G

             total       used       free     shared    buffers     cached
Mem:          992M       722M       269M       3.3M        42M       296M
-/+ buffers/cache:       383M       608M
Swap:         8.0G         0B       8.0G

             total       used       free     shared    buffers     cached
Mem:          992M       722M       269M       3.3M        42M       296M
-/+ buffers/cache:       383M       608M
Swap:         8.0G         0B       8.0G

             total       used       free     shared    buffers     cached
Mem:          992M       727M       264M       3.3M        42M       296M
-/+ buffers/cache:       388M       603M
Swap:         8.0G         0B       8.0G

             total       used       free     shared    buffers     cached
Mem:          992M       744M       247M       3.3M        42M       296M
-/+ buffers/cache:       405M       586M
Swap:         8.0G         0B       8.0G

             total       used       free     shared    buffers     cached
Mem:          992M       759M       233M       3.3M        42M       296M
-/+ buffers/cache:       419M       572M
Swap:         8.0G         0B       8.0G

             total       used       free     shared    buffers     cached
Mem:          992M       773M       219M       3.3M        42M       296M
-/+ buffers/cache:       433M       558M
Swap:         8.0G         0B       8.0G

             total       used       free     shared    buffers     cached
Mem:          992M       787M       204M       3.3M        42M       296M
-/+ buffers/cache:       448M       543M
Swap:         8.0G         0B       8.0G

             total       used       free     shared    buffers     cached
Mem:          992M       804M       188M       3.3M        42M       296M
-/+ buffers/cache:       464M       527M
Swap:         8.0G         0B       8.0G

             total       used       free     shared    buffers     cached
Mem:          992M       820M       172M       3.3M        42M       296M
-/+ buffers/cache:       480M       511M
Swap:         8.0G         0B       8.0G

             total       used       free     shared    buffers     cached
Mem:          992M       835M       156M       3.3M        42M       296M
-/+ buffers/cache:       496M       495M
Swap:         8.0G         0B       8.0G

             total       used       free     shared    buffers     cached
Mem:          992M       849M       142M       3.3M        42M       296M
-/+ buffers/cache:       510M       481M
Swap:         8.0G         0B       8.0G

             total       used       free     shared    buffers     cached
Mem:          992M       864M       127M       3.3M        42M       296M
-/+ buffers/cache:       525M       466M
Swap:         8.0G         0B       8.0G

             total       used       free     shared    buffers     cached
Mem:          992M       880M       111M       3.3M        42M       296M
-/+ buffers/cache:       541M       450M
Swap:         8.0G         0B       8.0G

             total       used       free     shared    buffers     cached
Mem:          992M       894M        97M       3.3M        42M       296M
-/+ buffers/cache:       555M       436M
Swap:         8.0G         0B       8.0G

             total       used       free     shared    buffers     cached
Mem:          992M       909M        82M       3.3M        42M       296M
-/+ buffers/cache:       570M       421M
Swap:         8.0G         0B       8.0G

             total       used       free     shared    buffers     cached
Mem:          992M       924M        67M       3.3M        42M       296M
-/+ buffers/cache:       585M       406M
Swap:         8.0G         0B       8.0G

             total       used       free     shared    buffers     cached
Mem:          992M       924M        68M       3.3M        26M       295M
-/+ buffers/cache:       601M       390M
Swap:         8.0G         0B       8.0G

             total       used       free     shared    buffers     cached
Mem:          992M       925M        66M       3.3M        17M       295M
-/+ buffers/cache:       613M       378M
Swap:         8.0G         0B       8.0G

             total       used       free     shared    buffers     cached
Mem:          992M       927M        64M       3.3M        14M       283M
-/+ buffers/cache:       629M       362M
Swap:         8.0G         0B       8.0G

             total       used       free     shared    buffers     cached
Mem:          992M       926M        66M       3.2M        13M       267M
-/+ buffers/cache:       644M       347M
Swap:         8.0G       120K       8.0G

             total       used       free     shared    buffers     cached
Mem:          992M       921M        70M       3.1M        13M       248M
-/+ buffers/cache:       658M       333M
Swap:         8.0G       180K       8.0G

             total       used       free     shared    buffers     cached
Mem:          992M       921M        70M       3.1M        13M       236M
-/+ buffers/cache:       670M       321M
Swap:         8.0G       4.8M       8.0G

             total       used       free     shared    buffers     cached
Mem:          992M       920M        71M       2.9M        13M       226M
-/+ buffers/cache:       680M       311M
Swap:         8.0G       9.7M       8.0G

             total       used       free     shared    buffers     cached
Mem:          992M       921M        70M       2.8M        13M       216M
-/+ buffers/cache:       691M       300M
Swap:         8.0G        10M       8.0G

             total       used       free     shared    buffers     cached
Mem:          992M       911M        80M       2.8M       2.9M       203M
-/+ buffers/cache:       705M       286M
Swap:         8.0G        10M       8.0G

             total       used       free     shared    buffers     cached
Mem:          992M       924M        67M       2.8M       2.9M       203M
-/+ buffers/cache:       718M       273M
Swap:         8.0G        10M       8.0G

             total       used       free     shared    buffers     cached
Mem:          992M       921M        70M       2.8M       1.4M       187M
-/+ buffers/cache:       731M       260M
Swap:         8.0G        10M       8.0G

             total       used       free     shared    buffers     cached
Mem:          992M       930M        61M       2.8M       1.1M       184M
-/+ buffers/cache:       745M       246M
Swap:         8.0G        10M       8.0G

             total       used       free     shared    buffers     cached
Mem:          992M       922M        69M       2.8M       944K       162M
-/+ buffers/cache:       759M       233M
Swap:         8.0G        10M       8.0G

             total       used       free     shared    buffers     cached
Mem:          992M       916M        76M       2.8M       960K       143M
-/+ buffers/cache:       772M       220M
Swap:         8.0G        10M       8.0G

             total       used       free     shared    buffers     cached
Mem:          992M       930M        61M       2.8M       960K       143M
-/+ buffers/cache:       786M       205M
Swap:         8.0G        10M       8.0G

             total       used       free     shared    buffers     cached
Mem:          992M       927M        64M       2.8M       104K       127M
-/+ buffers/cache:       800M       192M
Swap:         8.0G        10M       8.0G

             total       used       free     shared    buffers     cached
Mem:          992M       926M        66M       2.8M       104K       112M
-/+ buffers/cache:       813M       179M
Swap:         8.0G        10M       8.0G

             total       used       free     shared    buffers     cached
Mem:          992M       919M        72M       2.8M       108K       100M
-/+ buffers/cache:       819M       172M
Swap:         8.0G        10M       8.0G

             total       used       free     shared    buffers     cached
Mem:          992M       912M        79M       2.8M       104K        78M
-/+ buffers/cache:       833M       158M
Swap:         8.0G        10M       8.0G

             total       used       free     shared    buffers     cached
Mem:          992M       927M        64M       2.8M       104K        78M
-/+ buffers/cache:       848M       143M
Swap:         8.0G        10M       8.0G

             total       used       free     shared    buffers     cached
Mem:          992M       922M        69M       2.8M       248K        60M
-/+ buffers/cache:       861M       130M
Swap:         8.0G        10M       8.0G

             total       used       free     shared    buffers     cached
Mem:          992M       924M        67M       2.8M       520K        47M
-/+ buffers/cache:       876M       115M
Swap:         8.0G        10M       8.0G

             total       used       free     shared    buffers     cached
Mem:          992M       919M        73M       2.8M       520K        28M
-/+ buffers/cache:       890M       101M
Swap:         8.0G        10M       8.0G

             total       used       free     shared    buffers     cached
Mem:          992M       920M        72M       2.8M       520K        14M
-/+ buffers/cache:       904M        87M
Swap:         8.0G        11M       8.0G

             total       used       free     shared    buffers     cached
Mem:          992M       917M        74M       2.8M       188K       7.1M
-/+ buffers/cache:       910M        81M
Swap:         8.0G        22M       8.0G

             total       used       free     shared    buffers     cached
Mem:          992M       920M        71M       2.6M       2.8M        16M
-/+ buffers/cache:       901M        90M
Swap:         8.0G        51M       7.9G

             total       used       free     shared    buffers     cached
Mem:          992M       931M        61M       2.5M       3.0M        17M
-/+ buffers/cache:       911M        81M
Swap:         8.0G        51M       7.9G

             total       used       free     shared    buffers     cached
Mem:          992M       913M        78M       2.5M       1.9M        13M
-/+ buffers/cache:       898M        93M
Swap:         8.0G        89M       7.9G

             total       used       free     shared    buffers     cached
Mem:          992M       929M        62M       2.5M       1.9M        13M
-/+ buffers/cache:       914M        77M
Swap:         8.0G        89M       7.9G

             total       used       free     shared    buffers     cached
Mem:          992M       930M        61M       2.5M       1.0M        13M
-/+ buffers/cache:       915M        76M
Swap:         8.0G        89M       7.9G

             total       used       free     shared    buffers     cached
Mem:          992M       927M        64M       2.5M       240K       8.3M
-/+ buffers/cache:       918M        73M
Swap:         8.0G        99M       7.9G

             total       used       free     shared    buffers     cached
Mem:          992M       926M        66M       2.5M       524K       7.5M
-/+ buffers/cache:       918M        74M
Swap:         8.0G       129M       7.9G

             total       used       free     shared    buffers     cached
Mem:          992M       922M        69M       2.5M       512K       7.5M
-/+ buffers/cache:       914M        77M
Swap:         8.0G       129M       7.9G

             total       used       free     shared    buffers     cached
Mem:          992M       920M        72M       2.4M       328K       7.1M
-/+ buffers/cache:       912M        79M
Swap:         8.0G       153M       7.8G

             total       used       free     shared    buffers     cached
Mem:          992M       918M        73M       2.4M       328K       7.1M
-/+ buffers/cache:       911M        80M
Swap:         8.0G       167M       7.8G

             total       used       free     shared    buffers     cached
Mem:          992M       931M        60M       2.4M       328K       7.4M
-/+ buffers/cache:       923M        68M
Swap:         8.0G       167M       7.8G

             total       used       free     shared    buffers     cached
Mem:          992M       928M        63M       2.4M       336K       7.2M
-/+ buffers/cache:       920M        71M
Swap:         8.0G       174M       7.8G

             total       used       free     shared    buffers     cached
Mem:          992M       928M        64M       2.4M       336K       6.9M
-/+ buffers/cache:       920M        71M
Swap:         8.0G       193M       7.8G

             total       used       free     shared    buffers     cached
Mem:          992M       928M        63M       2.4M       336K       6.0M
-/+ buffers/cache:       922M        70M
Swap:         8.0G       204M       7.8G

             total       used       free     shared    buffers     cached
Mem:          992M       924M        67M       2.4M       336K       5.7M
-/+ buffers/cache:       918M        73M
Swap:         8.0G       225M       7.8G

             total       used       free     shared    buffers     cached
Mem:          992M       923M        68M       2.4M       336K       5.5M
-/+ buffers/cache:       917M        74M
Swap:         8.0G       244M       7.8G

             total       used       free     shared    buffers     cached
Mem:          992M       922M        70M       2.4M       336K       5.6M
-/+ buffers/cache:       916M        75M
Swap:         8.0G       252M       7.8G

             total       used       free     shared    buffers     cached
Mem:          992M       915M        76M       2.4M       344K       5.5M
-/+ buffers/cache:       910M        82M
Swap:         8.0G       282M       7.7G

             total       used       free     shared    buffers     cached
Mem:          992M       930M        62M       2.4M       344K       5.5M
-/+ buffers/cache:       924M        67M
Swap:         8.0G       282M       7.7G

             total       used       free     shared    buffers     cached
Mem:          992M       929M        62M       2.4M       344K       5.4M
-/+ buffers/cache:       923M        68M
Swap:         8.0G       282M       7.7G

             total       used       free     shared    buffers     cached
Mem:          992M       907M        84M       2.4M       344K       5.2M
-/+ buffers/cache:       902M        89M
Swap:         8.0G       313M       7.7G

             total       used       free     shared    buffers     cached
Mem:          992M       913M        78M       2.4M       344K       5.2M
-/+ buffers/cache:       908M        83M
Swap:         8.0G       313M       7.7G

             total       used       free     shared    buffers     cached
Mem:          992M       920M        71M       2.4M       352K       5.2M
-/+ buffers/cache:       915M        77M
Swap:         8.0G       313M       7.7G

             total       used       free     shared    buffers     cached
Mem:          992M       927M        64M       2.4M       352K       5.1M
-/+ buffers/cache:       922M        70M
Swap:         8.0G       313M       7.7G

             total       used       free     shared    buffers     cached
Mem:          992M       918M        74M       2.4M       352K       5.1M
-/+ buffers/cache:       912M        79M
Swap:         8.0G       327M       7.7G

             total       used       free     shared    buffers     cached
Mem:          992M       924M        67M       2.4M       352K       5.1M
-/+ buffers/cache:       918M        73M
Swap:         8.0G       327M       7.7G

             total       used       free     shared    buffers     cached
Mem:          992M       929M        63M       2.4M       352K       5.1M
-/+ buffers/cache:       923M        68M
Swap:         8.0G       327M       7.7G

             total       used       free     shared    buffers     cached
Mem:          992M       918M        73M       2.4M       280K       5.1M
-/+ buffers/cache:       913M        79M
Swap:         8.0G       343M       7.7G

             total       used       free     shared    buffers     cached
Mem:          992M       922M        69M       2.4M       280K       5.1M
-/+ buffers/cache:       917M        74M
Swap:         8.0G       343M       7.7G

             total       used       free     shared    buffers     cached
Mem:          992M       927M        64M       2.4M       280K       5.1M
-/+ buffers/cache:       922M        69M
Swap:         8.0G       343M       7.7G

             total       used       free     shared    buffers     cached
Mem:          992M       911M        80M         0B        84K       2.7M
-/+ buffers/cache:       908M        83M
Swap:         8.0G       368M       7.6G

             total       used       free     shared    buffers     cached
Mem:          992M       916M        75M        12K        84K       2.7M
-/+ buffers/cache:       913M        78M
Swap:         8.0G       368M       7.6G

             total       used       free     shared    buffers     cached
Mem:          992M       920M        71M        12K        84K       2.7M
-/+ buffers/cache:       917M        74M
Swap:         8.0G       368M       7.6G

             total       used       free     shared    buffers     cached
Mem:          992M       923M        68M        12K        92K       2.7M
-/+ buffers/cache:       920M        71M
Swap:         8.0G       368M       7.6G

             total       used       free     shared    buffers     cached
Mem:          992M       928M        63M        12K        92K       2.7M
-/+ buffers/cache:       926M        66M
Swap:         8.0G       368M       7.6G

             total       used       free     shared    buffers     cached
Mem:          992M       920M        71M        12K        92K       2.6M
-/+ buffers/cache:       918M        74M
Swap:         8.0G       375M       7.6G

             total       used       free     shared    buffers     cached
Mem:          992M       920M        71M        12K        92K       2.6M
-/+ buffers/cache:       918M        74M
Swap:         8.0G       380M       7.6G

             total       used       free     shared    buffers     cached
Mem:          992M       920M        72M        12K        92K       2.3M
-/+ buffers/cache:       917M        74M
Swap:         8.0G       374M       7.6G

             total       used       free     shared    buffers     cached
Mem:          992M       920M        71M        12K       100K       2.1M
-/+ buffers/cache:       918M        73M
Swap:         8.0G       370M       7.6G

             total       used       free     shared    buffers     cached
Mem:          992M       925M        66M        12K       100K       2.1M
-/+ buffers/cache:       923M        69M
Swap:         8.0G       372M       7.6G

             total       used       free     shared    buffers     cached
Mem:          992M       917M        74M         8K       100K       1.8M
-/+ buffers/cache:       915M        76M
Swap:         8.0G       373M       7.6G

             total       used       free     shared    buffers     cached
Mem:          992M       926M        65M         4K       100K       1.7M
-/+ buffers/cache:       924M        67M
Swap:         8.0G       365M       7.6G

             total       used       free     shared    buffers     cached
Mem:          992M       922M        70M         4K        96K       1.6M
-/+ buffers/cache:       920M        71M
Swap:         8.0G       374M       7.6G

             total       used       free     shared    buffers     cached
Mem:          992M       927M        64M         0B        80K       1.3M
-/+ buffers/cache:       926M        65M
Swap:         8.0G       491M       7.5G

             total       used       free     shared    buffers     cached
Mem:          992M       920M        72M         0B        80K       1.3M
-/+ buffers/cache:       918M        73M
Swap:         8.0G       479M       7.5G

             total       used       free     shared    buffers     cached
Mem:          992M       919M        72M         0B        80K       1.3M
-/+ buffers/cache:       918M        73M
Swap:         8.0G       422M       7.6G

             total       used       free     shared    buffers     cached
Mem:          992M       928M        63M         0B       100K       1.3M
-/+ buffers/cache:       927M        65M
Swap:         8.0G       407M       7.6G

             total       used       free     shared    buffers     cached
Mem:          992M       923M        68M         0B        92K       1.3M
-/+ buffers/cache:       921M        70M
Swap:         8.0G       373M       7.6G

             total       used       free     shared    buffers     cached
Mem:          992M       923M        68M         0B       100K       1.2M
-/+ buffers/cache:       922M        70M
Swap:         8.0G       375M       7.6G

             total       used       free     shared    buffers     cached
Mem:          992M       930M        61M         0B       108K       6.8M
-/+ buffers/cache:       923M        68M
Swap:         8.0G       369M       7.6G

             total       used       free     shared    buffers     cached
Mem:          992M       928M        64M         0B       1.8M        18M
-/+ buffers/cache:       908M        84M
Swap:         8.0G       393M       7.6G

             total       used       free     shared    buffers     cached
Mem:          992M       919M        72M         4K       1.8M        15M
-/+ buffers/cache:       902M        89M
Swap:         8.0G       406M       7.6G

             total       used       free     shared    buffers     cached
Mem:          992M       925M        66M         4K       1.8M        15M
-/+ buffers/cache:       908M        83M
Swap:         8.0G       406M       7.6G

             total       used       free     shared    buffers     cached
Mem:          992M       931M        61M         4K       1.8M        15M
-/+ buffers/cache:       913M        78M
Swap:         8.0G       406M       7.6G

             total       used       free     shared    buffers     cached
Mem:          992M       896M        95M         4K       1.8M        12M
-/+ buffers/cache:       881M       110M
Swap:         8.0G       437M       7.6G

             total       used       free     shared    buffers     cached
Mem:          992M       900M        91M         4K       1.8M        12M
-/+ buffers/cache:       886M       105M
Swap:         8.0G       437M       7.6G

             total       used       free     shared    buffers     cached
Mem:          992M       906M        85M         4K       1.8M        12M
-/+ buffers/cache:       891M       100M
Swap:         8.0G       437M       7.6G

             total       used       free     shared    buffers     cached
Mem:          992M       911M        81M         4K       1.8M        12M
-/+ buffers/cache:       896M        95M
Swap:         8.0G       437M       7.6G

             total       used       free     shared    buffers     cached
Mem:          992M       916M        75M         4K       1.8M        12M
-/+ buffers/cache:       901M        90M
Swap:         8.0G       437M       7.6G

             total       used       free     shared    buffers     cached
Mem:          992M       921M        70M         4K       1.8M        13M
-/+ buffers/cache:       906M        85M
Swap:         8.0G       436M       7.6G

             total       used       free     shared    buffers     cached
Mem:          992M       923M        68M         4K       1.8M        13M
-/+ buffers/cache:       908M        83M
Swap:         8.0G       435M       7.6G

             total       used       free     shared    buffers     cached
Mem:          992M       926M        66M         4K       1.8M        13M
-/+ buffers/cache:       910M        81M
Swap:         8.0G       434M       7.6G

             total       used       free     shared    buffers     cached
Mem:          992M       928M        64M         4K       1.8M        13M
-/+ buffers/cache:       913M        79M
Swap:         8.0G       433M       7.6G

             total       used       free     shared    buffers     cached
Mem:          992M       930M        61M         4K       1.8M        13M
-/+ buffers/cache:       915M        77M
Swap:         8.0G       432M       7.6G

             total       used       free     shared    buffers     cached
Mem:          992M       918M        74M         4K       1.8M        10M
-/+ buffers/cache:       905M        86M
Swap:         8.0G       448M       7.6G

             total       used       free     shared    buffers     cached
Mem:          992M       920M        72M         4K       1.8M        10M
-/+ buffers/cache:       907M        84M
Swap:         8.0G       448M       7.6G

             total       used       free     shared    buffers     cached
Mem:          992M       922M        70M         4K       1.8M        10M
-/+ buffers/cache:       909M        82M
Swap:         8.0G       446M       7.6G

             total       used       free     shared    buffers     cached
Mem:          992M       924M        68M         4K       1.8M        10M
-/+ buffers/cache:       911M        80M
Swap:         8.0G       445M       7.6G

             total       used       free     shared    buffers     cached
Mem:          992M       925M        66M         4K       1.8M        10M
-/+ buffers/cache:       913M        78M
Swap:         8.0G       444M       7.6G

             total       used       free     shared    buffers     cached
Mem:          992M       927M        64M         4K       1.8M        10M
-/+ buffers/cache:       915M        77M
Swap:         8.0G       443M       7.6G

             total       used       free     shared    buffers     cached
Mem:          992M       929M        62M         4K       1.8M        10M
-/+ buffers/cache:       916M        75M
Swap:         8.0G       442M       7.6G

             total       used       free     shared    buffers     cached
Mem:          992M       919M        72M         4K       528K        10M
-/+ buffers/cache:       908M        83M
Swap:         8.0G       455M       7.6G

             total       used       free     shared    buffers     cached
Mem:          992M       921M        70M         4K       528K        10M
-/+ buffers/cache:       911M        81M
Swap:         8.0G       454M       7.6G

             total       used       free     shared    buffers     cached
Mem:          992M       923M        68M         4K       528K        10M
-/+ buffers/cache:       913M        78M
Swap:         8.0G       452M       7.6G

             total       used       free     shared    buffers     cached
Mem:          992M       926M        66M         4K       528K        10M
-/+ buffers/cache:       915M        76M
Swap:         8.0G       451M       7.6G

             total       used       free     shared    buffers     cached
Mem:          992M       928M        63M         4K       536K        10M
-/+ buffers/cache:       917M        74M
Swap:         8.0G       450M       7.6G

             total       used       free     shared    buffers     cached
Mem:          992M       930M        61M         4K       536K        10M
-/+ buffers/cache:       919M        72M
Swap:         8.0G       449M       7.6G

             total       used       free     shared    buffers     cached
Mem:          992M       919M        72M         4K       224K       9.5M
-/+ buffers/cache:       909M        82M
Swap:         8.0G       451M       7.6G

             total       used       free     shared    buffers     cached
Mem:          992M       921M        70M         4K       224K       9.5M
-/+ buffers/cache:       912M        79M
Swap:         8.0G       450M       7.6G

             total       used       free     shared    buffers     cached
Mem:          992M       923M        68M         4K       224K       9.4M
-/+ buffers/cache:       914M        78M
Swap:         8.0G       449M       7.6G

             total       used       free     shared    buffers     cached
Mem:          992M       926M        66M         4K       232K       9.5M
-/+ buffers/cache:       916M        75M
Swap:         8.0G       448M       7.6G

             total       used       free     shared    buffers     cached
Mem:          992M       928M        64M         4K       232K       9.4M
-/+ buffers/cache:       918M        73M
Swap:         8.0G       447M       7.6G

             total       used       free     shared    buffers     cached
Mem:          992M       930M        61M         4K       232K       9.5M
-/+ buffers/cache:       920M        71M
Swap:         8.0G       445M       7.6G

             total       used       free     shared    buffers     cached
Mem:          992M       916M        75M         4K       212K       4.1M
-/+ buffers/cache:       912M        80M
Swap:         8.0G       456M       7.6G

             total       used       free     shared    buffers     cached
Mem:          992M       918M        73M         4K       504K       4.1M
-/+ buffers/cache:       914M        77M
Swap:         8.0G       455M       7.6G

             total       used       free     shared    buffers     cached
Mem:          992M       921M        71M         4K       512K       4.1M
-/+ buffers/cache:       916M        75M
Swap:         8.0G       454M       7.6G

             total       used       free     shared    buffers     cached
Mem:          992M       923M        68M         4K       512K       4.1M
-/+ buffers/cache:       918M        73M
Swap:         8.0G       452M       7.6G

             total       used       free     shared    buffers     cached
Mem:          992M       925M        66M         4K       512K       4.1M
-/+ buffers/cache:       921M        71M
Swap:         8.0G       451M       7.6G

             total       used       free     shared    buffers     cached
Mem:          992M       927M        64M         4K       512K       4.1M
-/+ buffers/cache:       923M        68M
Swap:         8.0G       450M       7.6G

             total       used       free     shared    buffers     cached
Mem:          992M       930M        61M         4K       512K       4.1M
-/+ buffers/cache:       925M        66M
Swap:         8.0G       449M       7.6G

             total       used       free     shared    buffers     cached
Mem:          992M       913M        78M         4K       512K       3.5M
-/+ buffers/cache:       909M        82M
Swap:         8.0G       471M       7.5G

             total       used       free     shared    buffers     cached
Mem:          992M       916M        75M         4K       520K       3.4M
-/+ buffers/cache:       912M        79M
Swap:         8.0G       470M       7.5G

             total       used       free     shared    buffers     cached
Mem:          992M       918M        73M         4K       520K       3.5M
-/+ buffers/cache:       914M        77M
Swap:         8.0G       469M       7.5G

             total       used       free     shared    buffers     cached
Mem:          992M       920M        71M         4K       520K       3.4M
-/+ buffers/cache:       916M        75M
Swap:         8.0G       468M       7.5G

             total       used       free     shared    buffers     cached
Mem:          992M       922M        69M         4K       520K       3.4M
-/+ buffers/cache:       918M        73M
Swap:         8.0G       467M       7.5G

             total       used       free     shared    buffers     cached
Mem:          992M       924M        67M         4K       520K       3.5M
-/+ buffers/cache:       921M        71M
Swap:         8.0G       466M       7.5G

             total       used       free     shared    buffers     cached
Mem:          992M       927M        65M         4K       528K       3.5M
-/+ buffers/cache:       923M        69M
Swap:         8.0G       465M       7.5G

             total       used       free     shared    buffers     cached
Mem:          992M       929M        62M         4K       528K       3.5M
-/+ buffers/cache:       925M        66M
Swap:         8.0G       464M       7.5G

             total       used       free     shared    buffers     cached
Mem:          992M       918M        74M         4K       484K       2.4M
-/+ buffers/cache:       915M        76M
Swap:         8.0G       473M       7.5G

             total       used       free     shared    buffers     cached
Mem:          992M       920M        71M         4K       484K       2.4M
-/+ buffers/cache:       917M        74M
Swap:         8.0G       472M       7.5G

             total       used       free     shared    buffers     cached
Mem:          992M       922M        69M         4K       484K       2.4M
-/+ buffers/cache:       919M        72M
Swap:         8.0G       471M       7.5G

             total       used       free     shared    buffers     cached
Mem:          992M       924M        67M         4K       492K       2.4M
-/+ buffers/cache:       921M        70M
Swap:         8.0G       470M       7.5G

             total       used       free     shared    buffers     cached
Mem:          992M       926M        65M         4K       500K       2.4M
-/+ buffers/cache:       923M        68M
Swap:         8.0G       469M       7.5G

             total       used       free     shared    buffers     cached
Mem:          992M       928M        63M         4K       500K       2.4M
-/+ buffers/cache:       925M        66M
Swap:         8.0G       467M       7.5G

             total       used       free     shared    buffers     cached
Mem:          992M       930M        61M         4K       500K       2.4M
-/+ buffers/cache:       927M        64M
Swap:         8.0G       466M       7.5G

             total       used       free     shared    buffers     cached
Mem:          992M       916M        75M         4K       500K       2.2M
-/+ buffers/cache:       913M        78M
Swap:         8.0G       483M       7.5G

             total       used       free     shared    buffers     cached
Mem:          992M       919M        72M         4K       500K       4.2M
-/+ buffers/cache:       914M        77M
Swap:         8.0G       483M       7.5G

             total       used       free     shared    buffers     cached
Mem:          992M       923M        68M         4K       804K        12M
-/+ buffers/cache:       910M        82M
Swap:         8.0G       482M       7.5G

             total       used       free     shared    buffers     cached
Mem:          992M       926M        65M         4K       540K        34M
-/+ buffers/cache:       891M       100M
Swap:         8.0G       515M       7.5G

             total       used       free     shared    buffers     cached
Mem:          992M       930M        61M        24K       544K        36M
-/+ buffers/cache:       893M        98M
Swap:         8.0G       514M       7.5G

             total       used       free     shared    buffers     cached
Mem:          992M       903M        88M        24K       852K        31M
-/+ buffers/cache:       871M       121M
Swap:         8.0G       528M       7.5G

             total       used       free     shared    buffers     cached
Mem:          992M       904M        87M        24K       852K        31M
-/+ buffers/cache:       872M       120M
Swap:         8.0G       528M       7.5G

             total       used       free     shared    buffers     cached
Mem:          992M       905M        86M        24K       864K        32M
-/+ buffers/cache:       872M       119M
Swap:         8.0G       527M       7.5G

             total       used       free     shared    buffers     cached
Mem:          992M       906M        85M        24K       864K        32M
-/+ buffers/cache:       873M       118M
Swap:         8.0G       527M       7.5G

             total       used       free     shared    buffers     cached
Mem:          992M       908M        83M        24K       864K        32M
-/+ buffers/cache:       875M       116M
Swap:         8.0G       526M       7.5G

             total       used       free     shared    buffers     cached
Mem:          992M       910M        82M        24K       864K        32M
-/+ buffers/cache:       877M       115M
Swap:         8.0G       525M       7.5G

             total       used       free     shared    buffers     cached
Mem:          992M       911M        80M        24K       864K        32M
-/+ buffers/cache:       878M       113M
Swap:         8.0G       525M       7.5G

             total       used       free     shared    buffers     cached
Mem:          992M       912M        79M        24K       864K        32M
-/+ buffers/cache:       879M       112M
Swap:         8.0G       524M       7.5G

             total       used       free     shared    buffers     cached
Mem:          992M       913M        78M        24K       872K        32M
-/+ buffers/cache:       881M       111M
Swap:         8.0G       523M       7.5G

             total       used       free     shared    buffers     cached
Mem:          992M       915M        76M        24K       872K        32M
-/+ buffers/cache:       882M       109M
Swap:         8.0G       523M       7.5G

             total       used       free     shared    buffers     cached
Mem:          992M       918M        74M        24K       872K        32M
-/+ buffers/cache:       884M       107M
Swap:         8.0G       522M       7.5G

             total       used       free     shared    buffers     cached
Mem:          992M       919M        72M        24K       872K        33M
-/+ buffers/cache:       885M       106M
Swap:         8.0G       521M       7.5G

             total       used       free     shared    buffers     cached
Mem:          992M       920M        71M        24K       872K        33M
-/+ buffers/cache:       886M       105M
Swap:         8.0G       521M       7.5G

             total       used       free     shared    buffers     cached
Mem:          992M       922M        69M        24K       880K        33M
-/+ buffers/cache:       888M       103M
Swap:         8.0G       520M       7.5G

             total       used       free     shared    buffers     cached
Mem:          992M       923M        68M        24K       880K        33M
-/+ buffers/cache:       889M       102M
Swap:         8.0G       519M       7.5G

             total       used       free     shared    buffers     cached
Mem:          992M       924M        67M        24K       880K        33M
-/+ buffers/cache:       890M       101M
Swap:         8.0G       519M       7.5G

             total       used       free     shared    buffers     cached
Mem:          992M       926M        66M        24K       880K        33M
-/+ buffers/cache:       892M       100M
Swap:         8.0G       518M       7.5G

             total       used       free     shared    buffers     cached
Mem:          992M       927M        64M        24K       880K        33M
-/+ buffers/cache:       893M        98M
Swap:         8.0G       518M       7.5G

             total       used       free     shared    buffers     cached
Mem:          992M       929M        62M        24K       880K        33M
-/+ buffers/cache:       895M        96M
Swap:         8.0G       517M       7.5G

             total       used       free     shared    buffers     cached
Mem:          992M       930M        61M        24K       888K        33M
-/+ buffers/cache:       896M        95M
Swap:         8.0G       516M       7.5G

             total       used       free     shared    buffers     cached
Mem:          992M       912M        79M        24K       884K        32M
-/+ buffers/cache:       879M       112M
Swap:         8.0G       545M       7.5G

             total       used       free     shared    buffers     cached
Mem:          992M       914M        78M        24K       884K        32M
-/+ buffers/cache:       880M       111M
Swap:         8.0G       545M       7.5G

             total       used       free     shared    buffers     cached
Mem:          992M       915M        76M        24K       884K        32M
-/+ buffers/cache:       882M       110M
Swap:         8.0G       544M       7.5G

             total       used       free     shared    buffers     cached
Mem:          992M       916M        75M        24K       884K        32M
-/+ buffers/cache:       883M       108M
Swap:         8.0G       544M       7.5G

             total       used       free     shared    buffers     cached
Mem:          992M       917M        74M        24K       892K        32M
-/+ buffers/cache:       884M       107M
Swap:         8.0G       543M       7.5G

             total       used       free     shared    buffers     cached
Mem:          992M       919M        73M        24K       892K        32M
-/+ buffers/cache:       885M       106M
Swap:         8.0G       542M       7.5G

             total       used       free     shared    buffers     cached
Mem:          992M       920M        71M        24K       892K        32M
-/+ buffers/cache:       886M       105M
Swap:         8.0G       542M       7.5G

             total       used       free     shared    buffers     cached
Mem:          992M       921M        70M        24K       892K        32M
-/+ buffers/cache:       888M       103M
Swap:         8.0G       541M       7.5G

             total       used       free     shared    buffers     cached
Mem:          992M       923M        68M        24K       892K        32M
-/+ buffers/cache:       889M       102M
Swap:         8.0G       541M       7.5G

             total       used       free     shared    buffers     cached
Mem:          992M       924M        67M        24K       892K        32M
-/+ buffers/cache:       891M       100M
Swap:         8.0G       540M       7.5G

             total       used       free     shared    buffers     cached
Mem:          992M       926M        66M        24K       900K        32M
-/+ buffers/cache:       892M        99M
Swap:         8.0G       539M       7.5G

             total       used       free     shared    buffers     cached
Mem:          992M       927M        64M        24K       900K        32M
-/+ buffers/cache:       894M        98M
Swap:         8.0G       539M       7.5G

             total       used       free     shared    buffers     cached
Mem:          992M       929M        63M        24K       900K        32M
-/+ buffers/cache:       895M        96M
Swap:         8.0G       538M       7.5G

             total       used       free     shared    buffers     cached
Mem:          992M       930M        61M        24K       900K        32M
-/+ buffers/cache:       896M        95M
Swap:         8.0G       537M       7.5G

             total       used       free     shared    buffers     cached
Mem:          992M       916M        75M        24K       900K        32M
-/+ buffers/cache:       883M       108M
Swap:         8.0G       539M       7.5G

             total       used       free     shared    buffers     cached
Mem:          992M       918M        74M        24K       908K        32M
-/+ buffers/cache:       884M       107M
Swap:         8.0G       538M       7.5G

             total       used       free     shared    buffers     cached
Mem:          992M       919M        72M        24K       908K        32M
-/+ buffers/cache:       886M       105M
Swap:         8.0G       537M       7.5G

             total       used       free     shared    buffers     cached
Mem:          992M       921M        71M        24K       908K        32M
-/+ buffers/cache:       887M       104M
Swap:         8.0G       536M       7.5G

             total       used       free     shared    buffers     cached
Mem:          992M       922M        70M        24K       908K        32M
-/+ buffers/cache:       888M       103M
Swap:         8.0G       536M       7.5G

             total       used       free     shared    buffers     cached
Mem:          992M       923M        68M        24K       908K        32M
-/+ buffers/cache:       890M       101M
Swap:         8.0G       535M       7.5G

             total       used       free     shared    buffers     cached
Mem:          992M       925M        67M        24K       908K        32M
-/+ buffers/cache:       891M       100M
Swap:         8.0G       534M       7.5G

             total       used       free     shared    buffers     cached
Mem:          992M       926M        65M        24K       916K        32M
-/+ buffers/cache:       893M        98M
Swap:         8.0G       534M       7.5G

             total       used       free     shared    buffers     cached
Mem:          992M       928M        63M        24K       916K        32M
-/+ buffers/cache:       895M        97M
Swap:         8.0G       533M       7.5G

             total       used       free     shared    buffers     cached
Mem:          992M       929M        62M        24K       916K        32M
-/+ buffers/cache:       896M        95M
Swap:         8.0G       532M       7.5G

             total       used       free     shared    buffers     cached
Mem:          992M       931M        61M        24K       916K        32M
-/+ buffers/cache:       897M        94M
Swap:         8.0G       531M       7.5G

             total       used       free     shared    buffers     cached
Mem:          992M       917M        74M        24K       916K        31M
-/+ buffers/cache:       885M       106M
Swap:         8.0G       549M       7.5G

             total       used       free     shared    buffers     cached
Mem:          992M       919M        72M        24K       924K        30M
-/+ buffers/cache:       887M       104M
Swap:         8.0G       548M       7.5G

             total       used       free     shared    buffers     cached
Mem:          992M       920M        71M        24K       924K        31M
-/+ buffers/cache:       888M       103M
Swap:         8.0G       548M       7.5G

             total       used       free     shared    buffers     cached
Mem:          992M       921M        70M        24K       924K        31M
-/+ buffers/cache:       889M       102M
Swap:         8.0G       547M       7.5G

             total       used       free     shared    buffers     cached
Mem:          992M       923M        68M        24K       924K        31M
-/+ buffers/cache:       891M       100M
Swap:         8.0G       546M       7.5G

             total       used       free     shared    buffers     cached
Mem:          992M       924M        67M        24K       924K        31M
-/+ buffers/cache:       892M        99M
Swap:         8.0G       545M       7.5G

             total       used       free     shared    buffers     cached
Mem:          992M       926M        66M        24K       924K        31M
-/+ buffers/cache:       894M        97M
Swap:         8.0G       545M       7.5G

             total       used       free     shared    buffers     cached
Mem:          992M       927M        64M        24K       932K        31M
-/+ buffers/cache:       895M        96M
Swap:         8.0G       544M       7.5G

             total       used       free     shared    buffers     cached
Mem:          992M       928M        63M        24K       932K        30M
-/+ buffers/cache:       896M        95M
Swap:         8.0G       543M       7.5G

             total       used       free     shared    buffers     cached
Mem:          992M       930M        62M        24K       932K        31M
-/+ buffers/cache:       898M        93M
Swap:         8.0G       543M       7.5G

             total       used       free     shared    buffers     cached
Mem:          992M       917M        74M        24K       932K        30M
-/+ buffers/cache:       886M       105M
Swap:         8.0G       550M       7.5G

             total       used       free     shared    buffers     cached
Mem:          992M       919M        73M        24K       932K        30M
-/+ buffers/cache:       888M       104M
Swap:         8.0G       550M       7.5G

             total       used       free     shared    buffers     cached
Mem:          992M       920M        71M        24K       940K        30M
-/+ buffers/cache:       889M       102M
Swap:         8.0G       549M       7.5G

             total       used       free     shared    buffers     cached
Mem:          992M       922M        70M        24K       940K        30M
-/+ buffers/cache:       891M       101M
Swap:         8.0G       548M       7.5G

             total       used       free     shared    buffers     cached
Mem:          992M       924M        67M        24K       940K        30M
-/+ buffers/cache:       892M        99M
Swap:         8.0G       547M       7.5G

             total       used       free     shared    buffers     cached
Mem:          992M       925M        66M        24K       940K        30M
-/+ buffers/cache:       894M        97M
Swap:         8.0G       546M       7.5G

             total       used       free     shared    buffers     cached
Mem:          992M       927M        64M        24K       940K        30M
-/+ buffers/cache:       896M        96M
Swap:         8.0G       545M       7.5G

             total       used       free     shared    buffers     cached
Mem:          992M       929M        63M        24K       940K        30M
-/+ buffers/cache:       897M        94M
Swap:         8.0G       544M       7.5G

             total       used       free     shared    buffers     cached
Mem:          992M       930M        61M        24K       948K        30M
-/+ buffers/cache:       899M        92M
Swap:         8.0G       543M       7.5G

             total       used       free     shared    buffers     cached
Mem:          992M       914M        77M        24K       456K        27M
-/+ buffers/cache:       886M       105M
Swap:         8.0G       553M       7.5G

             total       used       free     shared    buffers     cached
Mem:          992M       915M        76M        24K       456K        27M
-/+ buffers/cache:       888M       104M
Swap:         8.0G       552M       7.5G

             total       used       free     shared    buffers     cached
Mem:          992M       930M        61M        24K       3.4M        35M
-/+ buffers/cache:       891M       100M
Swap:         8.0G       551M       7.5G

             total       used       free     shared    buffers     cached
Mem:          992M       916M        75M        28K       140K        47M
-/+ buffers/cache:       869M       122M
Swap:         8.0G       574M       7.4G

             total       used       free     shared    buffers     cached
Mem:          992M       903M        88M        28K       2.1M        53M
-/+ buffers/cache:       848M       144M
Swap:         8.0G       594M       7.4G

             total       used       free     shared    buffers     cached
Mem:          992M       905M        86M        24K       2.1M        53M
-/+ buffers/cache:       849M       142M
Swap:         8.0G       593M       7.4G

             total       used       free     shared    buffers     cached
Mem:          992M       915M        77M        24K       2.1M        57M
-/+ buffers/cache:       855M       136M
Swap:         8.0G       590M       7.4G

             total       used       free     shared    buffers     cached
Mem:          992M       916M        75M        24K       2.1M        57M
-/+ buffers/cache:       857M       134M
Swap:         8.0G       590M       7.4G

             total       used       free     shared    buffers     cached
Mem:          992M       918M        73M        24K       2.1M        57M
-/+ buffers/cache:       858M       133M
Swap:         8.0G       589M       7.4G

             total       used       free     shared    buffers     cached
Mem:          992M       919M        72M        24K       2.1M        65M
-/+ buffers/cache:       852M       139M
Swap:         8.0G       589M       7.4G

             total       used       free     shared    buffers     cached
Mem:          992M       920M        71M        24K       2.1M        65M
-/+ buffers/cache:       853M       138M
Swap:         8.0G       589M       7.4G

             total       used       free     shared    buffers     cached
Mem:          992M       921M        71M        24K       2.1M        65M
-/+ buffers/cache:       853M       138M
Swap:         8.0G       588M       7.4G

             total       used       free     shared    buffers     cached
Mem:          992M       921M        70M        24K       2.1M        65M
-/+ buffers/cache:       854M       137M
Swap:         8.0G       588M       7.4G

             total       used       free     shared    buffers     cached
Mem:          992M       922M        69M        24K       2.1M        65M
-/+ buffers/cache:       855M       136M
Swap:         8.0G       587M       7.4G

             total       used       free     shared    buffers     cached
Mem:          992M       923M        68M        24K       2.1M        65M
-/+ buffers/cache:       856M       135M
Swap:         8.0G       587M       7.4G

             total       used       free     shared    buffers     cached
Mem:          992M       924M        67M        24K       2.1M        65M
-/+ buffers/cache:       857M       135M
Swap:         8.0G       586M       7.4G

             total       used       free     shared    buffers     cached
Mem:          992M       925M        66M        24K       2.1M        65M
-/+ buffers/cache:       857M       134M
Swap:         8.0G       586M       7.4G

             total       used       free     shared    buffers     cached
Mem:          992M       926M        66M        24K       2.1M        65M
-/+ buffers/cache:       858M       133M
Swap:         8.0G       586M       7.4G

             total       used       free     shared    buffers     cached
Mem:          992M       926M        65M        24K       2.1M        65M
-/+ buffers/cache:       859M       132M
Swap:         8.0G       585M       7.4G

             total       used       free     shared    buffers     cached
Mem:          992M       920M        71M       180K       3.0M        48M
-/+ buffers/cache:       868M       123M
Swap:         8.0G       591M       7.4G

             total       used       free     shared    buffers     cached
Mem:          992M       920M        72M       3.9M       5.2M        55M
-/+ buffers/cache:       859M       132M
Swap:         8.0G       607M       7.4G

             total       used       free     shared    buffers     cached
Mem:          992M       926M        65M       240K       4.6M        62M
-/+ buffers/cache:       860M       132M
Swap:         8.0G       608M       7.4G

             total       used       free     shared    buffers     cached
Mem:          992M       929M        62M       236K       4.6M        62M
-/+ buffers/cache:       861M       130M
Swap:         8.0G       607M       7.4G

             total       used       free     shared    buffers     cached
Mem:          992M       931M        61M       236K       4.6M        62M
-/+ buffers/cache:       863M       128M
Swap:         8.0G       607M       7.4G

             total       used       free     shared    buffers     cached
Mem:          992M       918M        73M       236K       4.6M        59M
-/+ buffers/cache:       854M       137M
Swap:         8.0G       628M       7.4G

             total       used       free     shared    buffers     cached
Mem:          992M       919M        73M       236K       4.6M        59M
-/+ buffers/cache:       854M       137M
Swap:         8.0G       628M       7.4G

             total       used       free     shared    buffers     cached
Mem:          992M       921M        70M       236K       4.7M        60M
-/+ buffers/cache:       856M       135M
Swap:         8.0G       627M       7.4G

             total       used       free     shared    buffers     cached
Mem:          992M       922M        69M       236K       4.7M        60M
-/+ buffers/cache:       857M       134M
Swap:         8.0G       627M       7.4G

             total       used       free     shared    buffers     cached
Mem:          992M       924M        67M       236K       4.7M        60M
-/+ buffers/cache:       859M       132M
Swap:         8.0G       626M       7.4G

             total       used       free     shared    buffers     cached
Mem:          992M       926M        66M       236K       4.7M        60M
-/+ buffers/cache:       860M       131M
Swap:         8.0G       625M       7.4G

             total       used       free     shared    buffers     cached
Mem:          992M       927M        64M       236K       4.7M        60M
-/+ buffers/cache:       862M       129M
Swap:         8.0G       624M       7.4G

             total       used       free     shared    buffers     cached
Mem:          992M       929M        62M       236K       4.7M        60M
-/+ buffers/cache:       863M       128M
Swap:         8.0G       624M       7.4G

             total       used       free     shared    buffers     cached
Mem:          992M       930M        61M       236K       4.7M        60M
-/+ buffers/cache:       865M       126M
Swap:         8.0G       623M       7.4G

             total       used       free     shared    buffers     cached
Mem:          992M       917M        74M       236K       4.7M        60M
-/+ buffers/cache:       852M       139M
Swap:         8.0G       624M       7.4G

             total       used       free     shared    buffers     cached
Mem:          992M       919M        73M       236K       4.7M        60M
-/+ buffers/cache:       854M       138M
Swap:         8.0G       624M       7.4G

             total       used       free     shared    buffers     cached
Mem:          992M       920M        71M       236K       4.7M        60M
-/+ buffers/cache:       855M       136M
Swap:         8.0G       623M       7.4G

             total       used       free     shared    buffers     cached
Mem:          992M       922M        69M       236K       4.7M        60M
-/+ buffers/cache:       857M       134M
Swap:         8.0G       622M       7.4G

             total       used       free     shared    buffers     cached
Mem:          992M       923M        68M       236K       4.7M        60M
-/+ buffers/cache:       858M       133M
Swap:         8.0G       621M       7.4G

             total       used       free     shared    buffers     cached
Mem:          992M       925M        66M       236K       4.7M        60M
-/+ buffers/cache:       860M       131M
Swap:         8.0G       620M       7.4G

             total       used       free     shared    buffers     cached
Mem:          992M       926M        65M       236K       4.7M        60M
-/+ buffers/cache:       861M       130M
Swap:         8.0G       620M       7.4G

             total       used       free     shared    buffers     cached
Mem:          992M       928M        63M       236K       4.7M        60M
-/+ buffers/cache:       863M       128M
Swap:         8.0G       619M       7.4G

             total       used       free     shared    buffers     cached
Mem:          992M       929M        62M       236K       4.7M        60M
-/+ buffers/cache:       864M       127M
Swap:         8.0G       618M       7.4G

             total       used       free     shared    buffers     cached
Mem:          992M       918M        74M       236K       4.3M        56M
-/+ buffers/cache:       857M       135M
Swap:         8.0G       633M       7.4G

             total       used       free     shared    buffers     cached
Mem:          992M       912M        79M       236K       4.3M        56M
-/+ buffers/cache:       851M       140M
Swap:         8.0G       633M       7.4G

             total       used       free     shared    buffers     cached
Mem:          992M       914M        77M       236K       4.3M        56M
-/+ buffers/cache:       853M       138M
Swap:         8.0G       632M       7.4G

             total       used       free     shared    buffers     cached
Mem:          992M       916M        76M       236K       4.3M        56M
-/+ buffers/cache:       855M       137M
Swap:         8.0G       631M       7.4G

             total       used       free     shared    buffers     cached
Mem:          992M       924M        68M       236K       5.2M        61M
-/+ buffers/cache:       857M       134M
Swap:         8.0G       630M       7.4G

             total       used       free     shared    buffers     cached
Mem:          992M       915M        76M       276K       8.7M        71M
-/+ buffers/cache:       835M       156M
Swap:         8.0G       648M       7.4G
