             total       used       free     shared    buffers     cached
Mem:          992M       656M       335M       3.2M        38M       289M
-/+ buffers/cache:       328M       663M
Swap:         8.0G         0B       8.0G

             total       used       free     shared    buffers     cached
Mem:          992M       656M       335M       3.2M        38M       289M
-/+ buffers/cache:       328M       664M
Swap:         8.0G         0B       8.0G

             total       used       free     shared    buffers     cached
Mem:          992M       656M       335M       3.2M        38M       289M
-/+ buffers/cache:       328M       664M
Swap:         8.0G         0B       8.0G

             total       used       free     shared    buffers     cached
Mem:          992M       656M       335M       3.2M        38M       289M
-/+ buffers/cache:       328M       664M
Swap:         8.0G         0B       8.0G

             total       used       free     shared    buffers     cached
Mem:          992M       656M       335M       3.2M        38M       289M
-/+ buffers/cache:       328M       664M
Swap:         8.0G         0B       8.0G

             total       used       free     shared    buffers     cached
Mem:          992M       656M       335M       3.2M        38M       289M
-/+ buffers/cache:       328M       664M
Swap:         8.0G         0B       8.0G

             total       used       free     shared    buffers     cached
Mem:          992M       656M       335M       3.2M        38M       289M
-/+ buffers/cache:       328M       664M
Swap:         8.0G         0B       8.0G

             total       used       free     shared    buffers     cached
Mem:          992M       656M       336M       3.2M        38M       289M
-/+ buffers/cache:       327M       664M
Swap:         8.0G         0B       8.0G

             total       used       free     shared    buffers     cached
Mem:          992M       655M       336M       3.2M        38M       289M
-/+ buffers/cache:       327M       664M
Swap:         8.0G         0B       8.0G

             total       used       free     shared    buffers     cached
Mem:          992M       655M       336M       3.2M        38M       289M
-/+ buffers/cache:       327M       664M
Swap:         8.0G         0B       8.0G

             total       used       free     shared    buffers     cached
Mem:          992M       659M       333M       3.2M        38M       289M
-/+ buffers/cache:       330M       661M
Swap:         8.0G         0B       8.0G

             total       used       free     shared    buffers     cached
Mem:          992M       673M       318M       3.2M        38M       290M
-/+ buffers/cache:       344M       647M
Swap:         8.0G         0B       8.0G

             total       used       free     shared    buffers     cached
Mem:          992M       700M       291M       3.2M        38M       290M
-/+ buffers/cache:       371M       620M
Swap:         8.0G         0B       8.0G

             total       used       free     shared    buffers     cached
Mem:          992M       665M       327M       3.2M        38M       291M
-/+ buffers/cache:       335M       657M
Swap:         8.0G         0B       8.0G

             total       used       free     shared    buffers     cached
Mem:          992M       671M       320M       3.2M        38M       291M
-/+ buffers/cache:       341M       650M
Swap:         8.0G         0B       8.0G

             total       used       free     shared    buffers     cached
Mem:          992M       665M       326M       3.2M        38M       291M
-/+ buffers/cache:       335M       656M
Swap:         8.0G         0B       8.0G

             total       used       free     shared    buffers     cached
Mem:          992M       665M       326M       3.2M        38M       291M
-/+ buffers/cache:       335M       656M
Swap:         8.0G         0B       8.0G

             total       used       free     shared    buffers     cached
Mem:          992M       665M       326M       3.2M        38M       291M
-/+ buffers/cache:       335M       656M
Swap:         8.0G         0B       8.0G

             total       used       free     shared    buffers     cached
Mem:          992M       665M       326M       3.2M        38M       291M
-/+ buffers/cache:       335M       656M
Swap:         8.0G         0B       8.0G

             total       used       free     shared    buffers     cached
Mem:          992M       665M       326M       3.2M        38M       291M
-/+ buffers/cache:       335M       656M
Swap:         8.0G         0B       8.0G

             total       used       free     shared    buffers     cached
Mem:          992M       665M       326M       3.2M        38M       291M
-/+ buffers/cache:       335M       656M
Swap:         8.0G         0B       8.0G

             total       used       free     shared    buffers     cached
Mem:          992M       665M       326M       3.2M        38M       291M
-/+ buffers/cache:       335M       656M
Swap:         8.0G         0B       8.0G

             total       used       free     shared    buffers     cached
Mem:          992M       665M       326M       3.2M        38M       291M
-/+ buffers/cache:       335M       656M
Swap:         8.0G         0B       8.0G

             total       used       free     shared    buffers     cached
Mem:          992M       665M       326M       3.2M        38M       291M
-/+ buffers/cache:       335M       656M
Swap:         8.0G         0B       8.0G

             total       used       free     shared    buffers     cached
Mem:          992M       665M       326M       3.2M        38M       291M
-/+ buffers/cache:       335M       656M
Swap:         8.0G         0B       8.0G

             total       used       free     shared    buffers     cached
Mem:          992M       665M       326M       3.2M        38M       291M
-/+ buffers/cache:       335M       656M
Swap:         8.0G         0B       8.0G

             total       used       free     shared    buffers     cached
Mem:          992M       665M       326M       3.2M        38M       291M
-/+ buffers/cache:       335M       656M
Swap:         8.0G         0B       8.0G

             total       used       free     shared    buffers     cached
Mem:          992M       665M       326M       3.2M        38M       291M
-/+ buffers/cache:       335M       656M
Swap:         8.0G         0B       8.0G

             total       used       free     shared    buffers     cached
Mem:          992M       665M       326M       3.2M        38M       291M
-/+ buffers/cache:       335M       656M
Swap:         8.0G         0B       8.0G

             total       used       free     shared    buffers     cached
Mem:          992M       665M       326M       3.2M        38M       291M
-/+ buffers/cache:       335M       656M
Swap:         8.0G         0B       8.0G

             total       used       free     shared    buffers     cached
Mem:          992M       665M       326M       3.2M        38M       291M
-/+ buffers/cache:       335M       656M
Swap:         8.0G         0B       8.0G

             total       used       free     shared    buffers     cached
Mem:          992M       665M       326M       3.2M        38M       291M
-/+ buffers/cache:       335M       656M
Swap:         8.0G         0B       8.0G

             total       used       free     shared    buffers     cached
Mem:          992M       665M       326M       3.2M        38M       291M
-/+ buffers/cache:       335M       656M
Swap:         8.0G         0B       8.0G

             total       used       free     shared    buffers     cached
Mem:          992M       670M       321M       3.2M        38M       291M
-/+ buffers/cache:       340M       651M
Swap:         8.0G         0B       8.0G

             total       used       free     shared    buffers     cached
Mem:          992M       688M       304M       3.2M        38M       291M
-/+ buffers/cache:       357M       634M
Swap:         8.0G         0B       8.0G

             total       used       free     shared    buffers     cached
Mem:          992M       706M       286M       3.2M        38M       291M
-/+ buffers/cache:       375M       616M
Swap:         8.0G         0B       8.0G

             total       used       free     shared    buffers     cached
Mem:          992M       724M       267M       3.2M        38M       291M
-/+ buffers/cache:       394M       598M
Swap:         8.0G         0B       8.0G

             total       used       free     shared    buffers     cached
Mem:          992M       739M       253M       3.2M        38M       291M
-/+ buffers/cache:       408M       583M
Swap:         8.0G         0B       8.0G

             total       used       free     shared    buffers     cached
Mem:          992M       753M       238M       3.2M        38M       291M
-/+ buffers/cache:       422M       569M
Swap:         8.0G         0B       8.0G

             total       used       free     shared    buffers     cached
Mem:          992M       768M       223M       3.2M        38M       291M
-/+ buffers/cache:       437M       554M
Swap:         8.0G         0B       8.0G

             total       used       free     shared    buffers     cached
Mem:          992M       781M       210M       3.2M        38M       291M
-/+ buffers/cache:       451M       540M
Swap:         8.0G         0B       8.0G

             total       used       free     shared    buffers     cached
Mem:          992M       797M       194M       3.2M        38M       291M
-/+ buffers/cache:       467M       524M
Swap:         8.0G         0B       8.0G

             total       used       free     shared    buffers     cached
Mem:          992M       814M       177M       3.2M        38M       291M
-/+ buffers/cache:       484M       507M
Swap:         8.0G         0B       8.0G

             total       used       free     shared    buffers     cached
Mem:          992M       832M       159M       3.2M        38M       291M
-/+ buffers/cache:       502M       489M
Swap:         8.0G         0B       8.0G

             total       used       free     shared    buffers     cached
Mem:          992M       847M       144M       3.2M        38M       291M
-/+ buffers/cache:       517M       474M
Swap:         8.0G         0B       8.0G

             total       used       free     shared    buffers     cached
Mem:          992M       862M       129M       3.2M        38M       291M
-/+ buffers/cache:       532M       459M
Swap:         8.0G         0B       8.0G

             total       used       free     shared    buffers     cached
Mem:          992M       876M       115M       3.2M        38M       291M
-/+ buffers/cache:       546M       445M
Swap:         8.0G         0B       8.0G

             total       used       free     shared    buffers     cached
Mem:          992M       891M       100M       3.2M        38M       291M
-/+ buffers/cache:       560M       431M
Swap:         8.0G         0B       8.0G

             total       used       free     shared    buffers     cached
Mem:          992M       904M        88M       3.2M        38M       291M
-/+ buffers/cache:       573M       418M
Swap:         8.0G         0B       8.0G

             total       used       free     shared    buffers     cached
Mem:          992M       918M        74M       3.2M        38M       291M
-/+ buffers/cache:       587M       404M
Swap:         8.0G         0B       8.0G

             total       used       free     shared    buffers     cached
Mem:          992M       932M        60M       3.2M        38M       291M
-/+ buffers/cache:       601M       390M
Swap:         8.0G         0B       8.0G

             total       used       free     shared    buffers     cached
Mem:          992M       924M        67M       3.2M        18M       290M
-/+ buffers/cache:       616M       375M
Swap:         8.0G         0B       8.0G

             total       used       free     shared    buffers     cached
Mem:          992M       922M        69M       3.2M        10M       281M
-/+ buffers/cache:       630M       361M
Swap:         8.0G         0B       8.0G

             total       used       free     shared    buffers     cached
Mem:          992M       918M        73M       3.2M       9.8M       264M
-/+ buffers/cache:       643M       348M
Swap:         8.0G        88K       8.0G

             total       used       free     shared    buffers     cached
Mem:          992M       932M        59M       3.2M       9.8M       264M
-/+ buffers/cache:       657M       334M
Swap:         8.0G        88K       8.0G

             total       used       free     shared    buffers     cached
Mem:          992M       926M        65M       3.1M       9.8M       246M
-/+ buffers/cache:       670M       321M
Swap:         8.0G       212K       8.0G

             total       used       free     shared    buffers     cached
Mem:          992M       925M        66M       3.0M       9.8M       233M
-/+ buffers/cache:       682M       310M
Swap:         8.0G       4.4M       8.0G

             total       used       free     shared    buffers     cached
Mem:          992M       907M        84M       3.0M       8.4M       207M
-/+ buffers/cache:       691M       300M
Swap:         8.0G       9.0M       8.0G

             total       used       free     shared    buffers     cached
Mem:          992M       921M        70M       2.9M       8.4M       207M
-/+ buffers/cache:       705M       286M
Swap:         8.0G       9.0M       8.0G

             total       used       free     shared    buffers     cached
Mem:          992M       922M        70M       2.9M       2.7M       200M
-/+ buffers/cache:       718M       273M
Swap:         8.0G       9.0M       8.0G

             total       used       free     shared    buffers     cached
Mem:          992M       925M        66M       2.9M       1.3M       189M
-/+ buffers/cache:       734M       257M
Swap:         8.0G       9.1M       8.0G

             total       used       free     shared    buffers     cached
Mem:          992M       924M        67M       2.9M       268K       174M
-/+ buffers/cache:       750M       241M
Swap:         8.0G       9.1M       8.0G

             total       used       free     shared    buffers     cached
Mem:          992M       916M        75M       2.9M       248K       153M
-/+ buffers/cache:       763M       229M
Swap:         8.0G       9.1M       8.0G

             total       used       free     shared    buffers     cached
Mem:          992M       930M        61M       2.9M       248K       153M
-/+ buffers/cache:       776M       215M
Swap:         8.0G       9.1M       8.0G

             total       used       free     shared    buffers     cached
Mem:          992M       919M        72M       2.9M       244K       135M
-/+ buffers/cache:       783M       208M
Swap:         8.0G       9.1M       8.0G

             total       used       free     shared    buffers     cached
Mem:          992M       915M        76M       2.9M       116K       119M
-/+ buffers/cache:       795M       196M
Swap:         8.0G       9.1M       8.0G

             total       used       free     shared    buffers     cached
Mem:          992M       921M        70M       2.9M       116K       109M
-/+ buffers/cache:       811M       180M
Swap:         8.0G       9.1M       8.0G

             total       used       free     shared    buffers     cached
Mem:          992M       918M        73M       2.9M       104K        93M
-/+ buffers/cache:       825M       167M
Swap:         8.0G       9.1M       8.0G

             total       used       free     shared    buffers     cached
Mem:          992M       910M        81M       2.9M       104K        72M
-/+ buffers/cache:       838M       154M
Swap:         8.0G       9.1M       8.0G

             total       used       free     shared    buffers     cached
Mem:          992M       927M        64M       2.9M       252K        76M
-/+ buffers/cache:       850M       141M
Swap:         8.0G       9.1M       8.0G

             total       used       free     shared    buffers     cached
Mem:          992M       919M        72M       2.9M       2.2M        54M
-/+ buffers/cache:       862M       129M
Swap:         8.0G       9.0M       8.0G

             total       used       free     shared    buffers     cached
Mem:          992M       921M        70M       2.9M       2.6M        42M
-/+ buffers/cache:       876M       116M
Swap:         8.0G       9.0M       8.0G

             total       used       free     shared    buffers     cached
Mem:          992M       920M        71M       2.9M       2.6M        28M
-/+ buffers/cache:       889M       102M
Swap:         8.0G       9.4M       8.0G

             total       used       free     shared    buffers     cached
Mem:          992M       920M        72M       2.8M       2.9M        16M
-/+ buffers/cache:       900M        91M
Swap:         8.0G        15M       8.0G

             total       used       free     shared    buffers     cached
Mem:          992M       918M        73M       2.8M       320K       8.6M
-/+ buffers/cache:       909M        82M
Swap:         8.0G        23M       8.0G

             total       used       free     shared    buffers     cached
Mem:          992M       909M        82M       2.5M       312K       7.7M
-/+ buffers/cache:       901M        90M
Swap:         8.0G        54M       7.9G

             total       used       free     shared    buffers     cached
Mem:          992M       922M        69M       2.5M       320K       7.7M
-/+ buffers/cache:       914M        78M
Swap:         8.0G        54M       7.9G

             total       used       free     shared    buffers     cached
Mem:          992M       923M        68M       2.5M       320K       5.4M
-/+ buffers/cache:       917M        74M
Swap:         8.0G        54M       7.9G

             total       used       free     shared    buffers     cached
Mem:          992M       923M        69M       2.5M       328K       4.3M
-/+ buffers/cache:       918M        73M
Swap:         8.0G        64M       7.9G

             total       used       free     shared    buffers     cached
Mem:          992M       919M        73M       2.4M       328K       4.0M
-/+ buffers/cache:       914M        77M
Swap:         8.0G        93M       7.9G

             total       used       free     shared    buffers     cached
Mem:          992M       931M        61M       2.4M       332K       4.3M
-/+ buffers/cache:       926M        65M
Swap:         8.0G        93M       7.9G

             total       used       free     shared    buffers     cached
Mem:          992M       901M        90M       2.4M        84K       4.3M
-/+ buffers/cache:       897M        95M
Swap:         8.0G       126M       7.9G

             total       used       free     shared    buffers     cached
Mem:          992M       914M        77M       2.4M        84K       4.3M
-/+ buffers/cache:       910M        81M
Swap:         8.0G       126M       7.9G

             total       used       free     shared    buffers     cached
Mem:          992M       929M        63M       2.4M        84K       4.3M
-/+ buffers/cache:       924M        67M
Swap:         8.0G       126M       7.9G

             total       used       free     shared    buffers     cached
Mem:          992M       925M        67M       2.4M        84K       4.1M
-/+ buffers/cache:       920M        71M
Swap:         8.0G       150M       7.8G

             total       used       free     shared    buffers     cached
Mem:          992M       922M        69M       2.4M        84K       4.1M
-/+ buffers/cache:       918M        73M
Swap:         8.0G       153M       7.8G

             total       used       free     shared    buffers     cached
Mem:          992M       917M        74M       2.3M        92K       4.5M
-/+ buffers/cache:       913M        78M
Swap:         8.0G       181M       7.8G

             total       used       free     shared    buffers     cached
Mem:          992M       929M        62M       2.4M        92K       4.5M
-/+ buffers/cache:       925M        66M
Swap:         8.0G       181M       7.8G

             total       used       free     shared    buffers     cached
Mem:          992M       926M        65M       2.4M        92K       4.5M
-/+ buffers/cache:       921M        70M
Swap:         8.0G       181M       7.8G

             total       used       free     shared    buffers     cached
Mem:          992M       922M        69M       2.4M        80K       4.5M
-/+ buffers/cache:       918M        73M
Swap:         8.0G       207M       7.8G

             total       used       free     shared    buffers     cached
Mem:          992M       928M        63M       2.3M       196K        20M
-/+ buffers/cache:       907M        84M
Swap:         8.0G       228M       7.8G

             total       used       free     shared    buffers     cached
Mem:          992M       927M        65M       2.3M       324K        20M
-/+ buffers/cache:       906M        86M
Swap:         8.0G       238M       7.8G

             total       used       free     shared    buffers     cached
Mem:          992M       922M        70M       2.3M       512K        12M
-/+ buffers/cache:       909M        82M
Swap:         8.0G       246M       7.8G

             total       used       free     shared    buffers     cached
Mem:          992M       930M        61M       2.3M       516K        12M
-/+ buffers/cache:       917M        74M
Swap:         8.0G       246M       7.8G

             total       used       free     shared    buffers     cached
Mem:          992M       921M        70M       2.3M        96K       6.1M
-/+ buffers/cache:       915M        76M
Swap:         8.0G       254M       7.7G

             total       used       free     shared    buffers     cached
Mem:          992M       928M        63M       2.3M        96K       6.1M
-/+ buffers/cache:       922M        70M
Swap:         8.0G       254M       7.7G

             total       used       free     shared    buffers     cached
Mem:          992M       915M        76M       2.3M        96K       4.8M
-/+ buffers/cache:       910M        81M
Swap:         8.0G       272M       7.7G

             total       used       free     shared    buffers     cached
Mem:          992M       920M        71M       2.3M       104K       4.8M
-/+ buffers/cache:       915M        76M
Swap:         8.0G       272M       7.7G

             total       used       free     shared    buffers     cached
Mem:          992M       926M        65M       2.3M       104K       5.0M
-/+ buffers/cache:       921M        70M
Swap:         8.0G       272M       7.7G

             total       used       free     shared    buffers     cached
Mem:          992M       931M        61M       2.3M       104K       5.0M
-/+ buffers/cache:       925M        66M
Swap:         8.0G       272M       7.7G

             total       used       free     shared    buffers     cached
Mem:          992M       913M        78M       2.3M       104K       4.4M
-/+ buffers/cache:       909M        83M
Swap:         8.0G       298M       7.7G

             total       used       free     shared    buffers     cached
Mem:          992M       917M        74M       2.3M       104K       4.4M
-/+ buffers/cache:       913M        78M
Swap:         8.0G       298M       7.7G

             total       used       free     shared    buffers     cached
Mem:          992M       921M        70M       2.3M       112K       4.4M
-/+ buffers/cache:       917M        75M
Swap:         8.0G       298M       7.7G

             total       used       free     shared    buffers     cached
Mem:          992M       925M        66M       2.3M       112K       4.4M
-/+ buffers/cache:       920M        71M
Swap:         8.0G       298M       7.7G

             total       used       free     shared    buffers     cached
Mem:          992M       929M        62M       2.3M       112K       4.4M
-/+ buffers/cache:       924M        67M
Swap:         8.0G       298M       7.7G

             total       used       free     shared    buffers     cached
Mem:          992M       914M        77M       2.3M       112K       4.2M
-/+ buffers/cache:       910M        81M
Swap:         8.0G       318M       7.7G

             total       used       free     shared    buffers     cached
Mem:          992M       918M        73M       2.3M       112K       4.2M
-/+ buffers/cache:       914M        78M
Swap:         8.0G       318M       7.7G

             total       used       free     shared    buffers     cached
Mem:          992M       922M        69M       2.3M       112K       4.2M
-/+ buffers/cache:       918M        74M
Swap:         8.0G       318M       7.7G

             total       used       free     shared    buffers     cached
Mem:          992M       926M        65M       2.3M       120K       4.2M
-/+ buffers/cache:       922M        70M
Swap:         8.0G       318M       7.7G

             total       used       free     shared    buffers     cached
Mem:          992M       930M        61M       2.3M       120K       4.2M
-/+ buffers/cache:       926M        66M
Swap:         8.0G       318M       7.7G

             total       used       free     shared    buffers     cached
Mem:          992M       919M        72M       2.3M       120K       4.1M
-/+ buffers/cache:       915M        76M
Swap:         8.0G       332M       7.7G

             total       used       free     shared    buffers     cached
Mem:          992M       924M        68M       2.3M       120K       4.1M
-/+ buffers/cache:       919M        72M
Swap:         8.0G       332M       7.7G

             total       used       free     shared    buffers     cached
Mem:          992M       928M        64M       2.3M       120K       4.1M
-/+ buffers/cache:       923M        68M
Swap:         8.0G       332M       7.7G

             total       used       free     shared    buffers     cached
Mem:          992M       918M        73M       2.3M       128K       4.1M
-/+ buffers/cache:       914M        77M
Swap:         8.0G       339M       7.7G

             total       used       free     shared    buffers     cached
Mem:          992M       923M        68M       1.1M       128K       2.9M
-/+ buffers/cache:       920M        71M
Swap:         8.0G       333M       7.7G

             total       used       free     shared    buffers     cached
Mem:          992M       929M        62M         8K       120K       1.9M
-/+ buffers/cache:       927M        64M
Swap:         8.0G       322M       7.7G

             total       used       free     shared    buffers     cached
Mem:          992M       921M        70M         8K       120K       1.8M
-/+ buffers/cache:       920M        72M
Swap:         8.0G       327M       7.7G

             total       used       free     shared    buffers     cached
Mem:          992M       922M        69M         4K        76K       1.6M
-/+ buffers/cache:       920M        71M
Swap:         8.0G       325M       7.7G

             total       used       free     shared    buffers     cached
Mem:          992M       919M        72M         0B        84K       1.5M
-/+ buffers/cache:       918M        73M
Swap:         8.0G       326M       7.7G

             total       used       free     shared    buffers     cached
Mem:          992M       926M        65M         0B        84K       1.5M
-/+ buffers/cache:       924M        67M
Swap:         8.0G       319M       7.7G

             total       used       free     shared    buffers     cached
Mem:          992M       920M        71M         0B        84K       1.5M
-/+ buffers/cache:       918M        73M
Swap:         8.0G       326M       7.7G

             total       used       free     shared    buffers     cached
Mem:          992M       921M        70M         0B        84K       1.5M
-/+ buffers/cache:       919M        72M
Swap:         8.0G       325M       7.7G

             total       used       free     shared    buffers     cached
Mem:          992M       923M        69M         0B        84K       1.4M
-/+ buffers/cache:       921M        70M
Swap:         8.0G       326M       7.7G

             total       used       free     shared    buffers     cached
Mem:          992M       921M        70M         0B        80K       1.4M
-/+ buffers/cache:       919M        72M
Swap:         8.0G       329M       7.7G

             total       used       free     shared    buffers     cached
Mem:          992M       916M        75M         0B        88K       1.4M
-/+ buffers/cache:       914M        77M
Swap:         8.0G       342M       7.7G

             total       used       free     shared    buffers     cached
Mem:          992M       921M        70M         0B       104K       1.5M
-/+ buffers/cache:       920M        71M
Swap:         8.0G       328M       7.7G

             total       used       free     shared    buffers     cached
Mem:          992M       872M       120M         0B       108K       1.4M
-/+ buffers/cache:       870M       121M
Swap:         8.0G       440M       7.6G

             total       used       free     shared    buffers     cached
Mem:          992M       916M        75M         0B       108K       1.4M
-/+ buffers/cache:       915M        77M
Swap:         8.0G       383M       7.6G

             total       used       free     shared    buffers     cached
Mem:          992M       919M        72M         0B       108K       1.7M
-/+ buffers/cache:       917M        74M
Swap:         8.0G       331M       7.7G

             total       used       free     shared    buffers     cached
Mem:          992M       923M        68M         0B       248K       2.5M
-/+ buffers/cache:       920M        71M
Swap:         8.0G       330M       7.7G

             total       used       free     shared    buffers     cached
Mem:          992M       923M        68M         0B       248K       2.5M
-/+ buffers/cache:       921M        70M
Swap:         8.0G       329M       7.7G

             total       used       free     shared    buffers     cached
Mem:          992M       927M        64M         0B       248K       2.5M
-/+ buffers/cache:       925M        66M
Swap:         8.0G       328M       7.7G

             total       used       free     shared    buffers     cached
Mem:          992M       915M        76M         0B       220K       2.6M
-/+ buffers/cache:       912M        79M
Swap:         8.0G       350M       7.7G

             total       used       free     shared    buffers     cached
Mem:          992M       920M        71M         0B       220K       2.6M
-/+ buffers/cache:       918M        74M
Swap:         8.0G       350M       7.7G

             total       used       free     shared    buffers     cached
Mem:          992M       927M        65M         0B       228K       2.6M
-/+ buffers/cache:       924M        67M
Swap:         8.0G       350M       7.7G

             total       used       free     shared    buffers     cached
Mem:          992M       931M        60M         0B       228K       2.6M
-/+ buffers/cache:       928M        63M
Swap:         8.0G       350M       7.7G

             total       used       free     shared    buffers     cached
Mem:          992M       924M        67M         0B       204K       2.6M
-/+ buffers/cache:       921M        70M
Swap:         8.0G       361M       7.6G

             total       used       free     shared    buffers     cached
Mem:          992M       930M        61M         0B       204K       2.6M
-/+ buffers/cache:       927M        64M
Swap:         8.0G       361M       7.6G

             total       used       free     shared    buffers     cached
Mem:          992M       922M        69M         0B       204K       2.6M
-/+ buffers/cache:       919M        72M
Swap:         8.0G       371M       7.6G

             total       used       free     shared    buffers     cached
Mem:          992M       925M        67M         0B       204K       2.6M
-/+ buffers/cache:       922M        69M
Swap:         8.0G       370M       7.6G

             total       used       free     shared    buffers     cached
Mem:          992M       926M        65M         0B       212K       2.6M
-/+ buffers/cache:       923M        68M
Swap:         8.0G       369M       7.6G

             total       used       free     shared    buffers     cached
Mem:          992M       927M        64M         0B       212K       2.7M
-/+ buffers/cache:       925M        67M
Swap:         8.0G       369M       7.6G

             total       used       free     shared    buffers     cached
Mem:          992M       929M        62M         0B       212K       2.7M
-/+ buffers/cache:       926M        65M
Swap:         8.0G       368M       7.6G

             total       used       free     shared    buffers     cached
Mem:          992M       930M        61M         0B       212K       2.7M
-/+ buffers/cache:       927M        64M
Swap:         8.0G       368M       7.6G

             total       used       free     shared    buffers     cached
Mem:          992M       914M        78M         0B       212K       2.7M
-/+ buffers/cache:       911M        81M
Swap:         8.0G       385M       7.6G

             total       used       free     shared    buffers     cached
Mem:          992M       916M        76M         0B       220K       2.7M
-/+ buffers/cache:       913M        78M
Swap:         8.0G       384M       7.6G

             total       used       free     shared    buffers     cached
Mem:          992M       917M        74M         0B       220K       2.7M
-/+ buffers/cache:       914M        77M
Swap:         8.0G       384M       7.6G

             total       used       free     shared    buffers     cached
Mem:          992M       919M        72M         0B       220K       2.7M
-/+ buffers/cache:       916M        75M
Swap:         8.0G       383M       7.6G

             total       used       free     shared    buffers     cached
Mem:          992M       921M        70M         0B       220K       2.7M
-/+ buffers/cache:       919M        73M
Swap:         8.0G       382M       7.6G

             total       used       free     shared    buffers     cached
Mem:          992M       923M        68M         0B       220K       2.7M
-/+ buffers/cache:       920M        71M
Swap:         8.0G       381M       7.6G

             total       used       free     shared    buffers     cached
Mem:          992M       924M        67M         0B        96K        19M
-/+ buffers/cache:       905M        86M
Swap:         8.0G       413M       7.6G

             total       used       free     shared    buffers     cached
Mem:          992M       922M        70M         0B       104K        21M
-/+ buffers/cache:       900M        91M
Swap:         8.0G       413M       7.6G

             total       used       free     shared    buffers     cached
Mem:          992M       929M        62M         4K       1.8M        23M
-/+ buffers/cache:       903M        88M
Swap:         8.0G       412M       7.6G

             total       used       free     shared    buffers     cached
Mem:          992M       922M        69M         4K       1.8M        22M
-/+ buffers/cache:       897M        94M
Swap:         8.0G       411M       7.6G

             total       used       free     shared    buffers     cached
Mem:          992M       914M        77M         4K       1.8M        19M
-/+ buffers/cache:       893M        98M
Swap:         8.0G       421M       7.6G

             total       used       free     shared    buffers     cached
Mem:          992M       916M        75M         4K       1.8M        19M
-/+ buffers/cache:       894M        97M
Swap:         8.0G       420M       7.6G

             total       used       free     shared    buffers     cached
Mem:          992M       918M        74M         4K       1.8M        19M
-/+ buffers/cache:       896M        95M
Swap:         8.0G       419M       7.6G

             total       used       free     shared    buffers     cached
Mem:          992M       919M        72M         4K       1.8M        19M
-/+ buffers/cache:       898M        93M
Swap:         8.0G       419M       7.6G

             total       used       free     shared    buffers     cached
Mem:          992M       921M        70M         4K       1.8M        19M
-/+ buffers/cache:       899M        92M
Swap:         8.0G       418M       7.6G

             total       used       free     shared    buffers     cached
Mem:          992M       922M        69M         4K       1.8M        19M
-/+ buffers/cache:       901M        90M
Swap:         8.0G       417M       7.6G

             total       used       free     shared    buffers     cached
Mem:          992M       924M        67M         4K       1.8M        19M
-/+ buffers/cache:       903M        88M
Swap:         8.0G       416M       7.6G

             total       used       free     shared    buffers     cached
Mem:          992M       926M        65M         4K       1.8M        19M
-/+ buffers/cache:       904M        87M
Swap:         8.0G       416M       7.6G

             total       used       free     shared    buffers     cached
Mem:          992M       927M        64M         4K       1.8M        19M
-/+ buffers/cache:       906M        86M
Swap:         8.0G       415M       7.6G

             total       used       free     shared    buffers     cached
Mem:          992M       929M        63M         4K       1.8M        19M
-/+ buffers/cache:       907M        84M
Swap:         8.0G       414M       7.6G

             total       used       free     shared    buffers     cached
Mem:          992M       930M        61M         4K       1.8M        19M
-/+ buffers/cache:       908M        83M
Swap:         8.0G       414M       7.6G

             total       used       free     shared    buffers     cached
Mem:          992M       919M        72M         4K       1.8M        18M
-/+ buffers/cache:       899M        92M
Swap:         8.0G       423M       7.6G

             total       used       free     shared    buffers     cached
Mem:          992M       921M        71M         4K       1.8M        18M
-/+ buffers/cache:       900M        91M
Swap:         8.0G       423M       7.6G

             total       used       free     shared    buffers     cached
Mem:          992M       922M        69M         4K       1.8M        18M
-/+ buffers/cache:       902M        89M
Swap:         8.0G       422M       7.6G

             total       used       free     shared    buffers     cached
Mem:          992M       923M        68M         4K       1.8M        18M
-/+ buffers/cache:       903M        88M
Swap:         8.0G       422M       7.6G

             total       used       free     shared    buffers     cached
Mem:          992M       924M        67M         4K       1.8M        18M
-/+ buffers/cache:       904M        87M
Swap:         8.0G       421M       7.6G

             total       used       free     shared    buffers     cached
Mem:          992M       926M        66M         4K       1.8M        18M
-/+ buffers/cache:       905M        86M
Swap:         8.0G       420M       7.6G

             total       used       free     shared    buffers     cached
Mem:          992M       927M        64M         4K       1.8M        18M
-/+ buffers/cache:       907M        85M
Swap:         8.0G       420M       7.6G

             total       used       free     shared    buffers     cached
Mem:          992M       928M        63M         4K       1.8M        18M
-/+ buffers/cache:       908M        83M
Swap:         8.0G       419M       7.6G

             total       used       free     shared    buffers     cached
Mem:          992M       930M        62M         4K       1.8M        18M
-/+ buffers/cache:       909M        82M
Swap:         8.0G       419M       7.6G

             total       used       free     shared    buffers     cached
Mem:          992M       931M        61M         4K       1.8M        18M
-/+ buffers/cache:       910M        81M
Swap:         8.0G       418M       7.6G

             total       used       free     shared    buffers     cached
Mem:          992M       912M        79M         4K       1.8M        15M
-/+ buffers/cache:       895M        97M
Swap:         8.0G       437M       7.6G

             total       used       free     shared    buffers     cached
Mem:          992M       914M        78M         4K       1.8M        15M
-/+ buffers/cache:       896M        95M
Swap:         8.0G       437M       7.6G

             total       used       free     shared    buffers     cached
Mem:          992M       915M        77M         4K       1.8M        15M
-/+ buffers/cache:       897M        94M
Swap:         8.0G       436M       7.6G

             total       used       free     shared    buffers     cached
Mem:          992M       916M        75M         4K       1.8M        15M
-/+ buffers/cache:       898M        93M
Swap:         8.0G       436M       7.6G

             total       used       free     shared    buffers     cached
Mem:          992M       917M        74M         4K       1.8M        15M
-/+ buffers/cache:       900M        92M
Swap:         8.0G       435M       7.6G

             total       used       free     shared    buffers     cached
Mem:          992M       913M        78M         4K       688K        31M
-/+ buffers/cache:       881M       110M
Swap:         8.0G       458M       7.5G

             total       used       free     shared    buffers     cached
Mem:          992M       914M        77M        20K       700K        31M
-/+ buffers/cache:       883M       109M
Swap:         8.0G       457M       7.5G

             total       used       free     shared    buffers     cached
Mem:          992M       916M        76M        20K       708K        31M
-/+ buffers/cache:       884M       108M
Swap:         8.0G       457M       7.6G

             total       used       free     shared    buffers     cached
Mem:          992M       917M        74M        20K       708K        31M
-/+ buffers/cache:       885M       106M
Swap:         8.0G       456M       7.6G

             total       used       free     shared    buffers     cached
Mem:          992M       919M        73M        20K       708K        31M
-/+ buffers/cache:       886M       105M
Swap:         8.0G       456M       7.6G

             total       used       free     shared    buffers     cached
Mem:          992M       920M        72M        20K       708K        31M
-/+ buffers/cache:       887M       104M
Swap:         8.0G       455M       7.6G

             total       used       free     shared    buffers     cached
Mem:          992M       920M        71M        20K       708K        31M
-/+ buffers/cache:       888M       104M
Swap:         8.0G       455M       7.6G

             total       used       free     shared    buffers     cached
Mem:          992M       921M        70M        20K       708K        31M
-/+ buffers/cache:       889M       103M
Swap:         8.0G       455M       7.6G

             total       used       free     shared    buffers     cached
Mem:          992M       922M        69M        20K       716K        31M
-/+ buffers/cache:       890M       101M
Swap:         8.0G       454M       7.6G

             total       used       free     shared    buffers     cached
Mem:          992M       924M        68M        20K       844K        32M
-/+ buffers/cache:       891M       101M
Swap:         8.0G       454M       7.6G

             total       used       free     shared    buffers     cached
Mem:          992M       926M        65M        20K       844K        32M
-/+ buffers/cache:       892M        99M
Swap:         8.0G       453M       7.6G

             total       used       free     shared    buffers     cached
Mem:          992M       927M        64M        20K       844K        32M
-/+ buffers/cache:       893M        98M
Swap:         8.0G       453M       7.6G

             total       used       free     shared    buffers     cached
Mem:          992M       928M        63M        20K       844K        32M
-/+ buffers/cache:       894M        97M
Swap:         8.0G       452M       7.6G

             total       used       free     shared    buffers     cached
Mem:          992M       929M        62M        20K       852K        32M
-/+ buffers/cache:       895M        96M
Swap:         8.0G       452M       7.6G

             total       used       free     shared    buffers     cached
Mem:          992M       930M        61M        20K       852K        32M
-/+ buffers/cache:       896M        95M
Swap:         8.0G       451M       7.6G

             total       used       free     shared    buffers     cached
Mem:          992M       931M        60M        20K       852K        32M
-/+ buffers/cache:       897M        94M
Swap:         8.0G       451M       7.6G

             total       used       free     shared    buffers     cached
Mem:          992M       918M        73M        20K       852K        31M
-/+ buffers/cache:       885M       106M
Swap:         8.0G       464M       7.5G

             total       used       free     shared    buffers     cached
Mem:          992M       919M        72M        20K       852K        31M
-/+ buffers/cache:       886M       105M
Swap:         8.0G       464M       7.5G

             total       used       free     shared    buffers     cached
Mem:          992M       919M        72M        20K       852K        31M
-/+ buffers/cache:       887M       104M
Swap:         8.0G       463M       7.5G

             total       used       free     shared    buffers     cached
Mem:          992M       921M        71M        20K       860K        31M
-/+ buffers/cache:       888M       103M
Swap:         8.0G       463M       7.5G

             total       used       free     shared    buffers     cached
Mem:          992M       921M        70M        20K       860K        31M
-/+ buffers/cache:       888M       103M
Swap:         8.0G       463M       7.5G

             total       used       free     shared    buffers     cached
Mem:          992M       922M        69M        20K       860K        31M
-/+ buffers/cache:       889M       102M
Swap:         8.0G       462M       7.5G

             total       used       free     shared    buffers     cached
Mem:          992M       923M        68M        20K       860K        31M
-/+ buffers/cache:       890M       101M
Swap:         8.0G       462M       7.5G

             total       used       free     shared    buffers     cached
Mem:          992M       924M        67M        20K       860K        31M
-/+ buffers/cache:       891M       100M
Swap:         8.0G       461M       7.5G

             total       used       free     shared    buffers     cached
Mem:          992M       925M        66M        20K       868K        31M
-/+ buffers/cache:       892M        99M
Swap:         8.0G       461M       7.5G

             total       used       free     shared    buffers     cached
Mem:          992M       926M        65M        20K       868K        31M
-/+ buffers/cache:       893M        98M
Swap:         8.0G       461M       7.5G

             total       used       free     shared    buffers     cached
Mem:          992M       927M        64M        20K       868K        31M
-/+ buffers/cache:       894M        97M
Swap:         8.0G       460M       7.5G

             total       used       free     shared    buffers     cached
Mem:          992M       928M        64M        20K       868K        31M
-/+ buffers/cache:       895M        96M
Swap:         8.0G       460M       7.5G

             total       used       free     shared    buffers     cached
Mem:          992M       929M        62M        20K       868K        31M
-/+ buffers/cache:       896M        95M
Swap:         8.0G       459M       7.5G

             total       used       free     shared    buffers     cached
Mem:          992M       930M        62M        20K       868K        31M
-/+ buffers/cache:       897M        94M
Swap:         8.0G       459M       7.5G

             total       used       free     shared    buffers     cached
Mem:          992M       921M        70M        20K       856K        35M
-/+ buffers/cache:       885M       107M
Swap:         8.0G       468M       7.5G

             total       used       free     shared    buffers     cached
Mem:          992M       922M        69M        20K       856K        35M
-/+ buffers/cache:       886M       106M
Swap:         8.0G       467M       7.5G

             total       used       free     shared    buffers     cached
Mem:          992M       924M        68M        20K       1.0M        36M
-/+ buffers/cache:       887M       104M
Swap:         8.0G       467M       7.5G

             total       used       free     shared    buffers     cached
Mem:          992M       924M        67M        20K       1.0M        36M
-/+ buffers/cache:       887M       104M
Swap:         8.0G       467M       7.5G

             total       used       free     shared    buffers     cached
Mem:          992M       925M        66M        20K       1.0M        36M
-/+ buffers/cache:       888M       103M
Swap:         8.0G       466M       7.5G

             total       used       free     shared    buffers     cached
Mem:          992M       926M        65M        20K       1.0M        36M
-/+ buffers/cache:       889M       102M
Swap:         8.0G       466M       7.5G

             total       used       free     shared    buffers     cached
Mem:          992M       927M        64M        20K       1.0M        36M
-/+ buffers/cache:       890M       101M
Swap:         8.0G       465M       7.5G

             total       used       free     shared    buffers     cached
Mem:          992M       928M        63M        20K       1.0M        35M
-/+ buffers/cache:       891M       100M
Swap:         8.0G       465M       7.5G

             total       used       free     shared    buffers     cached
Mem:          992M       929M        62M        20K       1.0M        35M
-/+ buffers/cache:       892M        99M
Swap:         8.0G       464M       7.5G

             total       used       free     shared    buffers     cached
Mem:          992M       930M        61M        20K       1.0M        36M
-/+ buffers/cache:       893M        98M
Swap:         8.0G       464M       7.5G

             total       used       free     shared    buffers     cached
Mem:          992M       916M        75M        20K       720K        34M
-/+ buffers/cache:       881M       110M
Swap:         8.0G       476M       7.5G

             total       used       free     shared    buffers     cached
Mem:          992M       916M        75M        20K       728K        34M
-/+ buffers/cache:       882M       110M
Swap:         8.0G       475M       7.5G

             total       used       free     shared    buffers     cached
Mem:          992M       917M        74M        20K       728K        34M
-/+ buffers/cache:       883M       109M
Swap:         8.0G       475M       7.5G

             total       used       free     shared    buffers     cached
Mem:          992M       919M        73M        20K       728K        34M
-/+ buffers/cache:       884M       107M
Swap:         8.0G       474M       7.5G

             total       used       free     shared    buffers     cached
Mem:          992M       920M        72M        20K       728K        34M
-/+ buffers/cache:       885M       106M
Swap:         8.0G       474M       7.5G

             total       used       free     shared    buffers     cached
Mem:          992M       921M        71M        20K       728K        34M
-/+ buffers/cache:       886M       105M
Swap:         8.0G       473M       7.5G

             total       used       free     shared    buffers     cached
Mem:          992M       921M        70M        20K       736K        34M
-/+ buffers/cache:       886M       105M
Swap:         8.0G       473M       7.5G

             total       used       free     shared    buffers     cached
Mem:          992M       922M        69M        20K       736K        34M
-/+ buffers/cache:       887M       104M
Swap:         8.0G       473M       7.5G

             total       used       free     shared    buffers     cached
Mem:          992M       923M        68M        20K       736K        34M
-/+ buffers/cache:       888M       103M
Swap:         8.0G       472M       7.5G

             total       used       free     shared    buffers     cached
Mem:          992M       924M        67M        20K       736K        34M
-/+ buffers/cache:       889M       102M
Swap:         8.0G       472M       7.5G

             total       used       free     shared    buffers     cached
Mem:          992M       925M        66M        20K       736K        34M
-/+ buffers/cache:       891M       101M
Swap:         8.0G       471M       7.5G

             total       used       free     shared    buffers     cached
Mem:          992M       926M        65M        20K       736K        34M
-/+ buffers/cache:       891M       100M
Swap:         8.0G       470M       7.5G

             total       used       free     shared    buffers     cached
Mem:          992M       927M        64M        20K       744K        34M
-/+ buffers/cache:       893M        99M
Swap:         8.0G       470M       7.5G

             total       used       free     shared    buffers     cached
Mem:          992M       928M        63M        20K       744K        34M
-/+ buffers/cache:       893M        98M
Swap:         8.0G       470M       7.5G

             total       used       free     shared    buffers     cached
Mem:          992M       929M        62M        20K       744K        34M
-/+ buffers/cache:       895M        97M
Swap:         8.0G       469M       7.5G

             total       used       free     shared    buffers     cached
Mem:          992M       930M        61M        20K       744K        34M
-/+ buffers/cache:       896M        96M
Swap:         8.0G       468M       7.5G

             total       used       free     shared    buffers     cached
Mem:          992M       913M        78M        20K       412K        31M
-/+ buffers/cache:       881M       110M
Swap:         8.0G       490M       7.5G

             total       used       free     shared    buffers     cached
Mem:          992M       914M        77M        20K       420K        31M
-/+ buffers/cache:       882M       109M
Swap:         8.0G       489M       7.5G

             total       used       free     shared    buffers     cached
Mem:          992M       915M        76M        20K       420K        31M
-/+ buffers/cache:       883M       108M
Swap:         8.0G       489M       7.5G

             total       used       free     shared    buffers     cached
Mem:          992M       916M        75M        20K       420K        31M
-/+ buffers/cache:       884M       107M
Swap:         8.0G       488M       7.5G

             total       used       free     shared    buffers     cached
Mem:          992M       917M        74M        20K       420K        31M
-/+ buffers/cache:       885M       106M
Swap:         8.0G       488M       7.5G

             total       used       free     shared    buffers     cached
Mem:          992M       918M        73M        20K       420K        31M
-/+ buffers/cache:       886M       105M
Swap:         8.0G       487M       7.5G

             total       used       free     shared    buffers     cached
Mem:          992M       919M        72M        20K       420K        31M
-/+ buffers/cache:       887M       104M
Swap:         8.0G       486M       7.5G

             total       used       free     shared    buffers     cached
Mem:          992M       920M        71M        20K       428K        31M
-/+ buffers/cache:       888M       103M
Swap:         8.0G       486M       7.5G

             total       used       free     shared    buffers     cached
Mem:          992M       921M        70M        20K       428K        31M
-/+ buffers/cache:       889M       102M
Swap:         8.0G       485M       7.5G

             total       used       free     shared    buffers     cached
Mem:          992M       923M        69M        20K       428K        31M
-/+ buffers/cache:       890M       101M
Swap:         8.0G       485M       7.5G

             total       used       free     shared    buffers     cached
Mem:          992M       925M        66M        24K       432K        32M
-/+ buffers/cache:       892M        99M
Swap:         8.0G       484M       7.5G

             total       used       free     shared    buffers     cached
Mem:          992M       926M        65M        24K       432K        32M
-/+ buffers/cache:       893M        99M
Swap:         8.0G       483M       7.5G

             total       used       free     shared    buffers     cached
Mem:          992M       927M        64M        24K       440K        32M
-/+ buffers/cache:       894M        97M
Swap:         8.0G       483M       7.5G

             total       used       free     shared    buffers     cached
Mem:          992M       928M        63M        24K       440K        32M
-/+ buffers/cache:       895M        96M
Swap:         8.0G       482M       7.5G

             total       used       free     shared    buffers     cached
Mem:          992M       919M        72M        24K       440K        33M
-/+ buffers/cache:       885M       107M
Swap:         8.0G       483M       7.5G

             total       used       free     shared    buffers     cached
Mem:          992M       920M        72M        24K       440K        33M
-/+ buffers/cache:       885M       106M
Swap:         8.0G       483M       7.5G

             total       used       free     shared    buffers     cached
Mem:          992M       921M        71M        24K       440K        33M
-/+ buffers/cache:       886M       105M
Swap:         8.0G       482M       7.5G

             total       used       free     shared    buffers     cached
Mem:          992M       927M        64M        24K       440K        35M
-/+ buffers/cache:       891M       100M
Swap:         8.0G       480M       7.5G

             total       used       free     shared    buffers     cached
Mem:          992M       928M        63M        24K       448K        35M
-/+ buffers/cache:       892M        99M
Swap:         8.0G       480M       7.5G

             total       used       free     shared    buffers     cached
Mem:          992M       929M        63M        24K       448K        35M
-/+ buffers/cache:       892M        99M
Swap:         8.0G       479M       7.5G

             total       used       free     shared    buffers     cached
Mem:          992M       929M        62M        24K       448K        35M
-/+ buffers/cache:       893M        99M
Swap:         8.0G       479M       7.5G

             total       used       free     shared    buffers     cached
Mem:          992M       930M        61M        24K       448K        35M
-/+ buffers/cache:       893M        98M
Swap:         8.0G       479M       7.5G

             total       used       free     shared    buffers     cached
Mem:          992M       930M        61M        24K       448K        35M
-/+ buffers/cache:       894M        97M
Swap:         8.0G       478M       7.5G

             total       used       free     shared    buffers     cached
Mem:          992M       911M        80M        24K       456K        32M
-/+ buffers/cache:       878M       113M
Swap:         8.0G       506M       7.5G

             total       used       free     shared    buffers     cached
Mem:          992M       911M        80M        24K       456K        32M
-/+ buffers/cache:       878M       113M
Swap:         8.0G       506M       7.5G

             total       used       free     shared    buffers     cached
Mem:          992M       912M        79M        24K       456K        32M
-/+ buffers/cache:       879M       112M
Swap:         8.0G       506M       7.5G

             total       used       free     shared    buffers     cached
Mem:          992M       913M        79M        24K       456K        32M
-/+ buffers/cache:       879M       112M
Swap:         8.0G       506M       7.5G

             total       used       free     shared    buffers     cached
Mem:          992M       913M        78M        24K       456K        32M
-/+ buffers/cache:       880M       111M
Swap:         8.0G       505M       7.5G

             total       used       free     shared    buffers     cached
Mem:          992M       920M        71M       3.9M       3.6M        54M
-/+ buffers/cache:       862M       129M
Swap:         8.0G       540M       7.5G

             total       used       free     shared    buffers     cached
Mem:          992M       929M        63M       3.9M       4.8M        58M
-/+ buffers/cache:       865M       126M
Swap:         8.0G       537M       7.5G

             total       used       free     shared    buffers     cached
Mem:          992M       924M        67M       232K       4.8M        63M
-/+ buffers/cache:       855M       136M
Swap:         8.0G       545M       7.5G

             total       used       free     shared    buffers     cached
Mem:          992M       917M        74M       236K       4.5M        61M
-/+ buffers/cache:       851M       140M
Swap:         8.0G       552M       7.5G

             total       used       free     shared    buffers     cached
Mem:          992M       918M        73M       260K       4.5M        61M
-/+ buffers/cache:       852M       139M
Swap:         8.0G       551M       7.5G

             total       used       free     shared    buffers     cached
Mem:          992M       919M        72M       260K       4.5M        61M
-/+ buffers/cache:       853M       138M
Swap:         8.0G       551M       7.5G

             total       used       free     shared    buffers     cached
Mem:          992M       922M        70M       260K       4.7M        62M
-/+ buffers/cache:       854M       137M
Swap:         8.0G       551M       7.5G

             total       used       free     shared    buffers     cached
Mem:          992M       923M        68M       260K       4.7M        62M
-/+ buffers/cache:       855M       136M
Swap:         8.0G       550M       7.5G

             total       used       free     shared    buffers     cached
Mem:          992M       924M        67M       260K       4.7M        62M
-/+ buffers/cache:       856M       135M
Swap:         8.0G       549M       7.5G

             total       used       free     shared    buffers     cached
Mem:          992M       926M        66M       260K       4.7M        62M
-/+ buffers/cache:       858M       133M
Swap:         8.0G       549M       7.5G

             total       used       free     shared    buffers     cached
Mem:          992M       927M        65M       260K       4.7M        62M
-/+ buffers/cache:       859M       132M
Swap:         8.0G       548M       7.5G

             total       used       free     shared    buffers     cached
Mem:          992M       928M        63M       260K       4.7M        62M
-/+ buffers/cache:       861M       131M
Swap:         8.0G       547M       7.5G

             total       used       free     shared    buffers     cached
Mem:          992M       929M        62M       260K       4.7M        62M
-/+ buffers/cache:       862M       130M
Swap:         8.0G       547M       7.5G

             total       used       free     shared    buffers     cached
Mem:          992M       930M        61M       260K       4.7M        62M
-/+ buffers/cache:       863M       128M
Swap:         8.0G       546M       7.5G

             total       used       free     shared    buffers     cached
Mem:          992M       918M        73M       260K       4.1M        61M
-/+ buffers/cache:       852M       139M
Swap:         8.0G       552M       7.5G

             total       used       free     shared    buffers     cached
Mem:          992M       919M        72M       260K       4.1M        61M
-/+ buffers/cache:       853M       138M
Swap:         8.0G       551M       7.5G

             total       used       free     shared    buffers     cached
Mem:          992M       920M        71M       260K       4.1M        61M
-/+ buffers/cache:       855M       137M
Swap:         8.0G       550M       7.5G

             total       used       free     shared    buffers     cached
Mem:          992M       922M        70M       260K       4.1M        61M
-/+ buffers/cache:       856M       135M
Swap:         8.0G       550M       7.5G

             total       used       free     shared    buffers     cached
Mem:          992M       923M        69M       260K       4.1M        61M
-/+ buffers/cache:       857M       134M
Swap:         8.0G       549M       7.5G

             total       used       free     shared    buffers     cached
Mem:          992M       924M        67M       260K       4.1M        61M
-/+ buffers/cache:       858M       133M
Swap:         8.0G       549M       7.5G

             total       used       free     shared    buffers     cached
Mem:          992M       925M        66M       260K       4.1M        61M
-/+ buffers/cache:       859M       132M
Swap:         8.0G       548M       7.5G

             total       used       free     shared    buffers     cached
Mem:          992M       926M        65M       260K       4.1M        61M
-/+ buffers/cache:       861M       131M
Swap:         8.0G       547M       7.5G

             total       used       free     shared    buffers     cached
Mem:          992M       927M        64M       260K       4.1M        61M
-/+ buffers/cache:       862M       129M
Swap:         8.0G       547M       7.5G

             total       used       free     shared    buffers     cached
Mem:          992M       929M        63M       260K       4.1M        61M
-/+ buffers/cache:       863M       128M
Swap:         8.0G       546M       7.5G

             total       used       free     shared    buffers     cached
Mem:          992M       930M        61M       260K       4.1M        61M
-/+ buffers/cache:       864M       127M
Swap:         8.0G       545M       7.5G

             total       used       free     shared    buffers     cached
Mem:          992M       918M        73M       260K       4.1M        59M
-/+ buffers/cache:       855M       136M
Swap:         8.0G       555M       7.5G

             total       used       free     shared    buffers     cached
Mem:          992M       917M        74M       260K       4.1M        59M
-/+ buffers/cache:       854M       137M
Swap:         8.0G       562M       7.4G

             total       used       free     shared    buffers     cached
Mem:          992M       919M        73M       260K       4.1M        59M
-/+ buffers/cache:       855M       136M
Swap:         8.0G       561M       7.4G

             total       used       free     shared    buffers     cached
Mem:          992M       920M        72M       260K       4.1M        59M
-/+ buffers/cache:       857M       135M
Swap:         8.0G       561M       7.4G

             total       used       free     shared    buffers     cached
Mem:          992M       921M        71M       260K       4.1M        59M
-/+ buffers/cache:       857M       134M
Swap:         8.0G       560M       7.4G

             total       used       free     shared    buffers     cached
Mem:          992M       922M        69M       260K       4.1M        58M
-/+ buffers/cache:       859M       132M
Swap:         8.0G       560M       7.5G

             total       used       free     shared    buffers     cached
Mem:          992M       923M        68M       260K       4.1M        59M
-/+ buffers/cache:       860M       131M
Swap:         8.0G       559M       7.5G

             total       used       free     shared    buffers     cached
Mem:          992M       924M        67M       260K       4.1M        58M
-/+ buffers/cache:       861M       130M
Swap:         8.0G       558M       7.5G

             total       used       free     shared    buffers     cached
Mem:          992M       919M        73M       260K       5.0M        61M
-/+ buffers/cache:       852M       139M
Swap:         8.0G       559M       7.5G

             total       used       free     shared    buffers     cached
Mem:          992M       917M        74M       332K       7.8M        69M
-/+ buffers/cache:       840M       151M
Swap:         8.0G       577M       7.4G
