             total       used       free     shared    buffers     cached
Mem:          992M       654M       337M       3.2M        38M       286M
-/+ buffers/cache:       329M       663M
Swap:         8.0G         0B       8.0G

             total       used       free     shared    buffers     cached
Mem:          992M       653M       338M       1.4M        38M       285M
-/+ buffers/cache:       329M       662M
Swap:         8.0G         0B       8.0G

             total       used       free     shared    buffers     cached
Mem:          992M       653M       338M       1.4M        38M       285M
-/+ buffers/cache:       329M       662M
Swap:         8.0G         0B       8.0G

             total       used       free     shared    buffers     cached
Mem:          992M       653M       338M       1.4M        38M       285M
-/+ buffers/cache:       329M       662M
Swap:         8.0G         0B       8.0G

             total       used       free     shared    buffers     cached
Mem:          992M       653M       338M       1.4M        38M       285M
-/+ buffers/cache:       329M       662M
Swap:         8.0G         0B       8.0G

             total       used       free     shared    buffers     cached
Mem:          992M       653M       338M       1.4M        38M       285M
-/+ buffers/cache:       329M       662M
Swap:         8.0G         0B       8.0G

             total       used       free     shared    buffers     cached
Mem:          992M       652M       339M       1.4M        38M       285M
-/+ buffers/cache:       328M       663M
Swap:         8.0G         0B       8.0G

             total       used       free     shared    buffers     cached
Mem:          992M       652M       339M       1.4M        38M       285M
-/+ buffers/cache:       328M       663M
Swap:         8.0G         0B       8.0G

             total       used       free     shared    buffers     cached
Mem:          992M       653M       338M       1.4M        38M       285M
-/+ buffers/cache:       329M       663M
Swap:         8.0G         0B       8.0G

             total       used       free     shared    buffers     cached
Mem:          992M       656M       335M       1.4M        38M       285M
-/+ buffers/cache:       331M       660M
Swap:         8.0G         0B       8.0G

             total       used       free     shared    buffers     cached
Mem:          992M       675M       316M       1.4M        38M       285M
-/+ buffers/cache:       351M       641M
Swap:         8.0G         0B       8.0G

             total       used       free     shared    buffers     cached
Mem:          992M       689M       302M       1.4M        38M       288M
-/+ buffers/cache:       362M       629M
Swap:         8.0G         0B       8.0G

             total       used       free     shared    buffers     cached
Mem:          992M       696M       295M       1.4M        38M       289M
-/+ buffers/cache:       367M       624M
Swap:         8.0G         0B       8.0G

             total       used       free     shared    buffers     cached
Mem:          992M       729M       262M       1.4M        38M       290M
-/+ buffers/cache:       400M       591M
Swap:         8.0G         0B       8.0G

             total       used       free     shared    buffers     cached
Mem:          992M       733M       258M       1.4M        38M       290M
-/+ buffers/cache:       404M       587M
Swap:         8.0G         0B       8.0G

             total       used       free     shared    buffers     cached
Mem:          992M       719M       272M       1.4M        39M       291M
-/+ buffers/cache:       388M       603M
Swap:         8.0G         0B       8.0G

             total       used       free     shared    buffers     cached
Mem:          992M       720M       271M       1.5M        39M       294M
-/+ buffers/cache:       386M       605M
Swap:         8.0G         0B       8.0G

             total       used       free     shared    buffers     cached
Mem:          992M       720M       271M       1.5M        39M       294M
-/+ buffers/cache:       386M       605M
Swap:         8.0G         0B       8.0G

             total       used       free     shared    buffers     cached
Mem:          992M       720M       271M       1.5M        39M       294M
-/+ buffers/cache:       386M       605M
Swap:         8.0G         0B       8.0G

             total       used       free     shared    buffers     cached
Mem:          992M       720M       271M       1.5M        39M       294M
-/+ buffers/cache:       386M       605M
Swap:         8.0G         0B       8.0G

             total       used       free     shared    buffers     cached
Mem:          992M       720M       271M       1.5M        39M       294M
-/+ buffers/cache:       386M       605M
Swap:         8.0G         0B       8.0G

             total       used       free     shared    buffers     cached
Mem:          992M       721M       271M       1.5M        39M       294M
-/+ buffers/cache:       386M       605M
Swap:         8.0G         0B       8.0G

             total       used       free     shared    buffers     cached
Mem:          992M       721M       271M       1.5M        39M       294M
-/+ buffers/cache:       386M       605M
Swap:         8.0G         0B       8.0G

             total       used       free     shared    buffers     cached
Mem:          992M       721M       271M       1.5M        39M       294M
-/+ buffers/cache:       386M       605M
Swap:         8.0G         0B       8.0G

             total       used       free     shared    buffers     cached
Mem:          992M       720M       271M       1.5M        39M       294M
-/+ buffers/cache:       386M       605M
Swap:         8.0G         0B       8.0G

             total       used       free     shared    buffers     cached
Mem:          992M       720M       271M       1.5M        39M       294M
-/+ buffers/cache:       386M       605M
Swap:         8.0G         0B       8.0G

             total       used       free     shared    buffers     cached
Mem:          992M       720M       271M       1.5M        39M       294M
-/+ buffers/cache:       386M       605M
Swap:         8.0G         0B       8.0G

             total       used       free     shared    buffers     cached
Mem:          992M       720M       271M       1.5M        39M       294M
-/+ buffers/cache:       386M       605M
Swap:         8.0G         0B       8.0G

             total       used       free     shared    buffers     cached
Mem:          992M       720M       271M       1.5M        39M       294M
-/+ buffers/cache:       386M       605M
Swap:         8.0G         0B       8.0G

             total       used       free     shared    buffers     cached
Mem:          992M       720M       271M       1.5M        39M       294M
-/+ buffers/cache:       386M       605M
Swap:         8.0G         0B       8.0G

             total       used       free     shared    buffers     cached
Mem:          992M       720M       271M       1.5M        39M       294M
-/+ buffers/cache:       386M       605M
Swap:         8.0G         0B       8.0G

             total       used       free     shared    buffers     cached
Mem:          992M       720M       271M       1.5M        39M       294M
-/+ buffers/cache:       386M       605M
Swap:         8.0G         0B       8.0G

             total       used       free     shared    buffers     cached
Mem:          992M       720M       271M       1.5M        39M       294M
-/+ buffers/cache:       386M       605M
Swap:         8.0G         0B       8.0G

             total       used       free     shared    buffers     cached
Mem:          992M       726M       266M       1.5M        39M       294M
-/+ buffers/cache:       391M       600M
Swap:         8.0G         0B       8.0G

             total       used       free     shared    buffers     cached
Mem:          992M       741M       251M       1.5M        39M       294M
-/+ buffers/cache:       406M       585M
Swap:         8.0G         0B       8.0G

             total       used       free     shared    buffers     cached
Mem:          992M       756M       236M       1.5M        39M       294M
-/+ buffers/cache:       421M       570M
Swap:         8.0G         0B       8.0G

             total       used       free     shared    buffers     cached
Mem:          992M       770M       221M       1.5M        39M       294M
-/+ buffers/cache:       435M       556M
Swap:         8.0G         0B       8.0G

             total       used       free     shared    buffers     cached
Mem:          992M       786M       206M       1.5M        39M       294M
-/+ buffers/cache:       451M       540M
Swap:         8.0G         0B       8.0G

             total       used       free     shared    buffers     cached
Mem:          992M       801M       190M       1.5M        39M       294M
-/+ buffers/cache:       467M       525M
Swap:         8.0G         0B       8.0G

             total       used       free     shared    buffers     cached
Mem:          992M       815M       176M       1.5M        39M       294M
-/+ buffers/cache:       481M       511M
Swap:         8.0G         0B       8.0G

             total       used       free     shared    buffers     cached
Mem:          992M       831M       160M       1.5M        39M       294M
-/+ buffers/cache:       497M       495M
Swap:         8.0G         0B       8.0G

             total       used       free     shared    buffers     cached
Mem:          992M       845M       146M       1.5M        39M       294M
-/+ buffers/cache:       511M       480M
Swap:         8.0G         0B       8.0G

             total       used       free     shared    buffers     cached
Mem:          992M       861M       131M       1.5M        39M       294M
-/+ buffers/cache:       526M       465M
Swap:         8.0G         0B       8.0G

             total       used       free     shared    buffers     cached
Mem:          992M       877M       114M       1.5M        39M       294M
-/+ buffers/cache:       543M       448M
Swap:         8.0G         0B       8.0G

             total       used       free     shared    buffers     cached
Mem:          992M       891M       100M       1.5M        39M       294M
-/+ buffers/cache:       557M       434M
Swap:         8.0G         0B       8.0G

             total       used       free     shared    buffers     cached
Mem:          992M       905M        86M       1.5M        39M       294M
-/+ buffers/cache:       571M       420M
Swap:         8.0G         0B       8.0G

             total       used       free     shared    buffers     cached
Mem:          992M       920M        72M       1.5M        39M       294M
-/+ buffers/cache:       585M       406M
Swap:         8.0G         0B       8.0G

             total       used       free     shared    buffers     cached
Mem:          992M       933M        59M       1.5M        39M       294M
-/+ buffers/cache:       598M       393M
Swap:         8.0G         0B       8.0G

             total       used       free     shared    buffers     cached
Mem:          992M       929M        62M       1.5M        23M       293M
-/+ buffers/cache:       612M       379M
Swap:         8.0G         0B       8.0G

             total       used       free     shared    buffers     cached
Mem:          992M       922M        69M       1.5M        11M       286M
-/+ buffers/cache:       624M       367M
Swap:         8.0G        16K       8.0G

             total       used       free     shared    buffers     cached
Mem:          992M       919M        72M       1.4M        10M       269M
-/+ buffers/cache:       639M       352M
Swap:         8.0G       148K       8.0G

             total       used       free     shared    buffers     cached
Mem:          992M       914M        77M       1.3M        10M       249M
-/+ buffers/cache:       654M       337M
Swap:         8.0G       424K       8.0G

             total       used       free     shared    buffers     cached
Mem:          992M       929M        62M       1.3M        10M       249M
-/+ buffers/cache:       669M       322M
Swap:         8.0G       424K       8.0G

             total       used       free     shared    buffers     cached
Mem:          992M       928M        63M       1.2M        10M       236M
-/+ buffers/cache:       681M       311M
Swap:         8.0G       5.3M       8.0G

             total       used       free     shared    buffers     cached
Mem:          992M       917M        75M       1.1M        10M       216M
-/+ buffers/cache:       690M       301M
Swap:         8.0G        15M       8.0G

             total       used       free     shared    buffers     cached
Mem:          992M       931M        61M       1.1M        10M       216M
-/+ buffers/cache:       704M       287M
Swap:         8.0G        15M       8.0G

             total       used       free     shared    buffers     cached
Mem:          992M       920M        72M       1.1M       2.9M       199M
-/+ buffers/cache:       717M       274M
Swap:         8.0G        15M       8.0G

             total       used       free     shared    buffers     cached
Mem:          992M       922M        69M       1.1M       1.6M       188M
-/+ buffers/cache:       732M       259M
Swap:         8.0G        15M       8.0G

             total       used       free     shared    buffers     cached
Mem:          992M       911M        80M       1.1M       960K       165M
-/+ buffers/cache:       745M       246M
Swap:         8.0G        15M       8.0G

             total       used       free     shared    buffers     cached
Mem:          992M       925M        66M       1.1M       960K       165M
-/+ buffers/cache:       759M       232M
Swap:         8.0G        15M       8.0G

             total       used       free     shared    buffers     cached
Mem:          992M       920M        71M       1.1M       936K       145M
-/+ buffers/cache:       774M       217M
Swap:         8.0G        15M       8.0G

             total       used       free     shared    buffers     cached
Mem:          992M       918M        73M       1.1M       228K       129M
-/+ buffers/cache:       789M       203M
Swap:         8.0G        15M       8.0G

             total       used       free     shared    buffers     cached
Mem:          992M       916M        75M       1.1M       368K       114M
-/+ buffers/cache:       802M       190M
Swap:         8.0G        15M       8.0G

             total       used       free     shared    buffers     cached
Mem:          992M       931M        60M       1.1M       368K       114M
-/+ buffers/cache:       816M       175M
Swap:         8.0G        15M       8.0G

             total       used       free     shared    buffers     cached
Mem:          992M       928M        63M       1.1M       368K       100M
-/+ buffers/cache:       827M       164M
Swap:         8.0G        15M       8.0G

             total       used       free     shared    buffers     cached
Mem:          992M       911M        80M       1.1M       372K        74M
-/+ buffers/cache:       836M       155M
Swap:         8.0G        15M       8.0G

             total       used       free     shared    buffers     cached
Mem:          992M       925M        66M       1.1M       372K        74M
-/+ buffers/cache:       850M       141M
Swap:         8.0G        15M       8.0G

             total       used       free     shared    buffers     cached
Mem:          992M       922M        70M       1.1M       828K        58M
-/+ buffers/cache:       863M       128M
Swap:         8.0G        15M       8.0G

             total       used       free     shared    buffers     cached
Mem:          992M       921M        70M       1.1M       828K        45M
-/+ buffers/cache:       875M       116M
Swap:         8.0G        15M       8.0G

             total       used       free     shared    buffers     cached
Mem:          992M       924M        67M       1.1M       3.4M        30M
-/+ buffers/cache:       890M       101M
Swap:         8.0G        15M       8.0G

             total       used       free     shared    buffers     cached
Mem:          992M       925M        66M       1.1M       3.4M        24M
-/+ buffers/cache:       897M        94M
Swap:         8.0G        19M       8.0G

             total       used       free     shared    buffers     cached
Mem:          992M       926M        65M       768K       3.1M        15M
-/+ buffers/cache:       908M        83M
Swap:         8.0G        36M       8.0G

             total       used       free     shared    buffers     cached
Mem:          992M       920M        71M       780K       264K       4.1M
-/+ buffers/cache:       916M        75M
Swap:         8.0G        36M       8.0G

             total       used       free     shared    buffers     cached
Mem:          992M       926M        65M       780K       548K       4.4M
-/+ buffers/cache:       921M        70M
Swap:         8.0G        36M       8.0G

             total       used       free     shared    buffers     cached
Mem:          992M       938M        53M       648K       548K       4.4M
-/+ buffers/cache:       933M        58M
Swap:         8.0G       220M       7.8G

             total       used       free     shared    buffers     cached
Mem:          992M       940M        51M       628K       548K       4.4M
-/+ buffers/cache:       935M        56M
Swap:         8.0G       220M       7.8G

             total       used       free     shared    buffers     cached
Mem:          992M       870M       121M       628K       548K       4.4M
-/+ buffers/cache:       865M       126M
Swap:         8.0G       220M       7.8G

             total       used       free     shared    buffers     cached
Mem:          992M       885M       107M       628K       548K       4.4M
-/+ buffers/cache:       880M       112M
Swap:         8.0G       220M       7.8G

             total       used       free     shared    buffers     cached
Mem:          992M       901M        90M       628K       556K       4.4M
-/+ buffers/cache:       896M        95M
Swap:         8.0G       220M       7.8G

             total       used       free     shared    buffers     cached
Mem:          992M       916M        75M       628K       556K       4.5M
-/+ buffers/cache:       911M        80M
Swap:         8.0G       219M       7.8G

             total       used       free     shared    buffers     cached
Mem:          992M       930M        61M       628K       556K       4.5M
-/+ buffers/cache:       925M        66M
Swap:         8.0G       219M       7.8G

             total       used       free     shared    buffers     cached
Mem:          992M       922M        69M       628K       536K       3.7M
-/+ buffers/cache:       918M        74M
Swap:         8.0G       220M       7.8G

             total       used       free     shared    buffers     cached
Mem:          992M       922M        69M       628K       536K       3.6M
-/+ buffers/cache:       918M        73M
Swap:         8.0G       220M       7.8G

             total       used       free     shared    buffers     cached
Mem:          992M       923M        69M       628K       544K       3.4M
-/+ buffers/cache:       919M        73M
Swap:         8.0G       220M       7.8G

             total       used       free     shared    buffers     cached
Mem:          992M       922M        70M       628K       544K       3.6M
-/+ buffers/cache:       917M        74M
Swap:         8.0G       220M       7.8G

             total       used       free     shared    buffers     cached
Mem:          992M       921M        70M       628K       544K       3.5M
-/+ buffers/cache:       917M        74M
Swap:         8.0G       220M       7.8G

             total       used       free     shared    buffers     cached
Mem:          992M       918M        73M       628K       544K       3.4M
-/+ buffers/cache:       914M        77M
Swap:         8.0G       221M       7.8G

             total       used       free     shared    buffers     cached
Mem:          992M       929M        62M       628K       544K       3.0M
-/+ buffers/cache:       926M        66M
Swap:         8.0G       322M       7.7G

             total       used       free     shared    buffers     cached
Mem:          992M       925M        66M       596K       552K       3.1M
-/+ buffers/cache:       922M        70M
Swap:         8.0G       350M       7.7G

             total       used       free     shared    buffers     cached
Mem:          992M       883M       108M       596K       552K       3.1M
-/+ buffers/cache:       880M       112M
Swap:         8.0G       369M       7.6G

             total       used       free     shared    buffers     cached
Mem:          992M       883M       108M       596K       552K       3.1M
-/+ buffers/cache:       880M       112M
Swap:         8.0G       371M       7.6G

             total       used       free     shared    buffers     cached
Mem:          992M       882M       109M       596K       552K       3.1M
-/+ buffers/cache:       878M       113M
Swap:         8.0G       371M       7.6G

             total       used       free     shared    buffers     cached
Mem:          992M       880M       111M       596K       552K       3.1M
-/+ buffers/cache:       877M       114M
Swap:         8.0G       371M       7.6G

             total       used       free     shared    buffers     cached
Mem:          992M       884M       107M       596K       560K       3.1M
-/+ buffers/cache:       880M       111M
Swap:         8.0G       371M       7.6G

             total       used       free     shared    buffers     cached
Mem:          992M       891M       100M       596K       560K       3.1M
-/+ buffers/cache:       887M       104M
Swap:         8.0G       371M       7.6G

             total       used       free     shared    buffers     cached
Mem:          992M       899M        93M       596K       560K       3.1M
-/+ buffers/cache:       895M        96M
Swap:         8.0G       371M       7.6G

             total       used       free     shared    buffers     cached
Mem:          992M       906M        85M       596K       560K       3.1M
-/+ buffers/cache:       903M        88M
Swap:         8.0G       371M       7.6G

             total       used       free     shared    buffers     cached
Mem:          992M       913M        78M       596K       560K       3.1M
-/+ buffers/cache:       909M        82M
Swap:         8.0G       371M       7.6G

             total       used       free     shared    buffers     cached
Mem:          992M       921M        70M       596K       560K       3.1M
-/+ buffers/cache:       917M        74M
Swap:         8.0G       371M       7.6G

             total       used       free     shared    buffers     cached
Mem:          992M       929M        63M       596K       568K       3.1M
-/+ buffers/cache:       925M        66M
Swap:         8.0G       371M       7.6G

             total       used       free     shared    buffers     cached
Mem:          992M       923M        68M       596K       568K       3.1M
-/+ buffers/cache:       919M        72M
Swap:         8.0G       371M       7.6G

             total       used       free     shared    buffers     cached
Mem:          992M       929M        63M       596K       568K       3.1M
-/+ buffers/cache:       925M        66M
Swap:         8.0G       371M       7.6G

             total       used       free     shared    buffers     cached
Mem:          992M       922M        69M       596K       568K       3.1M
-/+ buffers/cache:       919M        72M
Swap:         8.0G       371M       7.6G

             total       used       free     shared    buffers     cached
Mem:          992M       927M        64M       596K       568K       3.1M
-/+ buffers/cache:       924M        67M
Swap:         8.0G       371M       7.6G

             total       used       free     shared    buffers     cached
Mem:          992M       917M        74M       596K       576K       3.0M
-/+ buffers/cache:       913M        78M
Swap:         8.0G       371M       7.6G

             total       used       free     shared    buffers     cached
Mem:          992M       922M        69M       596K       576K       3.0M
-/+ buffers/cache:       918M        73M
Swap:         8.0G       371M       7.6G

             total       used       free     shared    buffers     cached
Mem:          992M       927M        64M       596K       576K       3.0M
-/+ buffers/cache:       924M        68M
Swap:         8.0G       371M       7.6G

             total       used       free     shared    buffers     cached
Mem:          992M       918M        74M       596K       572K       3.0M
-/+ buffers/cache:       914M        77M
Swap:         8.0G       372M       7.6G

             total       used       free     shared    buffers     cached
Mem:          992M       923M        68M       596K       572K       2.9M
-/+ buffers/cache:       920M        72M
Swap:         8.0G       372M       7.6G

             total       used       free     shared    buffers     cached
Mem:          992M       927M        64M       596K       580K       3.0M
-/+ buffers/cache:       924M        67M
Swap:         8.0G       372M       7.6G

             total       used       free     shared    buffers     cached
Mem:          992M       936M        55M        24K       580K       2.4M
-/+ buffers/cache:       933M        58M
Swap:         8.0G       488M       7.5G

             total       used       free     shared    buffers     cached
Mem:          992M       935M        56M         8K       580K       2.4M
-/+ buffers/cache:       932M        59M
Swap:         8.0G       488M       7.5G

             total       used       free     shared    buffers     cached
Mem:          992M       902M        89M         0B       580K       2.4M
-/+ buffers/cache:       899M        92M
Swap:         8.0G       528M       7.5G

             total       used       free     shared    buffers     cached
Mem:          992M       899M        93M         0B       584K       2.4M
-/+ buffers/cache:       896M        96M
Swap:         8.0G       528M       7.5G

             total       used       free     shared    buffers     cached
Mem:          992M       895M        96M         0B       584K       2.4M
-/+ buffers/cache:       892M        99M
Swap:         8.0G       528M       7.5G

             total       used       free     shared    buffers     cached
Mem:          992M       897M        94M         0B       592K       2.4M
-/+ buffers/cache:       894M        97M
Swap:         8.0G       528M       7.5G

             total       used       free     shared    buffers     cached
Mem:          992M       902M        90M         0B       592K       2.4M
-/+ buffers/cache:       899M        93M
Swap:         8.0G       528M       7.5G

             total       used       free     shared    buffers     cached
Mem:          992M       905M        86M         0B       592K       2.4M
-/+ buffers/cache:       902M        89M
Swap:         8.0G       528M       7.5G

             total       used       free     shared    buffers     cached
Mem:          992M       909M        82M         0B       592K       2.4M
-/+ buffers/cache:       906M        85M
Swap:         8.0G       528M       7.5G

             total       used       free     shared    buffers     cached
Mem:          992M       914M        78M         0B       592K       2.4M
-/+ buffers/cache:       911M        81M
Swap:         8.0G       528M       7.5G

             total       used       free     shared    buffers     cached
Mem:          992M       918M        73M         0B       600K       2.4M
-/+ buffers/cache:       915M        76M
Swap:         8.0G       528M       7.5G

             total       used       free     shared    buffers     cached
Mem:          992M       920M        71M         0B       596K       2.4M
-/+ buffers/cache:       917M        74M
Swap:         8.0G       465M       7.5G

             total       used       free     shared    buffers     cached
Mem:          992M       917M        74M         0B       532K       2.2M
-/+ buffers/cache:       914M        77M
Swap:         8.0G       396M       7.6G

             total       used       free     shared    buffers     cached
Mem:          992M       914M        77M         0B       532K       2.3M
-/+ buffers/cache:       911M        80M
Swap:         8.0G       477M       7.5G

             total       used       free     shared    buffers     cached
Mem:          992M       912M        79M         0B       532K       2.2M
-/+ buffers/cache:       909M        82M
Swap:         8.0G       477M       7.5G

             total       used       free     shared    buffers     cached
Mem:          992M       917M        74M         0B       540K       7.3M
-/+ buffers/cache:       909M        82M
Swap:         8.0G       472M       7.5G

             total       used       free     shared    buffers     cached
Mem:          992M       923M        68M         0B       168K        18M
-/+ buffers/cache:       904M        87M
Swap:         8.0G       411M       7.6G

             total       used       free     shared    buffers     cached
Mem:          992M       917M        75M         0B        76K        11M
-/+ buffers/cache:       905M        86M
Swap:         8.0G       445M       7.6G

             total       used       free     shared    buffers     cached
Mem:          992M       928M        63M         0B       524K        11M
-/+ buffers/cache:       916M        76M
Swap:         8.0G       427M       7.6G

             total       used       free     shared    buffers     cached
Mem:          992M       914M        77M         0B       532K       4.5M
-/+ buffers/cache:       909M        82M
Swap:         8.0G       396M       7.6G

             total       used       free     shared    buffers     cached
Mem:          992M       917M        74M         0B        76K       2.0M
-/+ buffers/cache:       915M        76M
Swap:         8.0G       517M       7.5G

             total       used       free     shared    buffers     cached
Mem:          992M       903M        88M         0B        84K       2.0M
-/+ buffers/cache:       901M        90M
Swap:         8.0G       517M       7.5G

             total       used       free     shared    buffers     cached
Mem:          992M       896M        95M         0B        84K       2.2M
-/+ buffers/cache:       894M        97M
Swap:         8.0G       518M       7.5G

             total       used       free     shared    buffers     cached
Mem:          992M       895M        96M         0B       348K       2.2M
-/+ buffers/cache:       893M        98M
Swap:         8.0G       518M       7.5G

             total       used       free     shared    buffers     cached
Mem:          992M       891M       100M         0B       348K       2.2M
-/+ buffers/cache:       888M       103M
Swap:         8.0G       517M       7.5G

             total       used       free     shared    buffers     cached
Mem:          992M       920M        71M         0B       348K       2.3M
-/+ buffers/cache:       917M        74M
Swap:         8.0G       463M       7.5G

             total       used       free     shared    buffers     cached
Mem:          992M       919M        72M         0B       356K       2.1M
-/+ buffers/cache:       917M        75M
Swap:         8.0G       404M       7.6G

             total       used       free     shared    buffers     cached
Mem:          992M       923M        68M         0B       356K       1.7M
-/+ buffers/cache:       921M        70M
Swap:         8.0G       513M       7.5G

             total       used       free     shared    buffers     cached
Mem:          992M       922M        69M         0B       356K       1.7M
-/+ buffers/cache:       920M        71M
Swap:         8.0G       513M       7.5G

             total       used       free     shared    buffers     cached
Mem:          992M       865M       126M         0B       356K       1.5M
-/+ buffers/cache:       863M       128M
Swap:         8.0G       514M       7.5G

             total       used       free     shared    buffers     cached
Mem:          992M       861M       130M         0B       356K       1.6M
-/+ buffers/cache:       859M       132M
Swap:         8.0G       514M       7.5G

             total       used       free     shared    buffers     cached
Mem:          992M       873M       119M         0B       364K       1.7M
-/+ buffers/cache:       870M       121M
Swap:         8.0G       497M       7.5G

             total       used       free     shared    buffers     cached
Mem:          992M       913M        78M         0B       364K       1.7M
-/+ buffers/cache:       911M        81M
Swap:         8.0G       439M       7.6G

             total       used       free     shared    buffers     cached
Mem:          992M       921M        70M         0B       376K       1.7M
-/+ buffers/cache:       919M        72M
Swap:         8.0G       385M       7.6G

             total       used       free     shared    buffers     cached
Mem:          992M       931M        60M         0B       376K       1.7M
-/+ buffers/cache:       929M        62M
Swap:         8.0G       414M       7.6G

             total       used       free     shared    buffers     cached
Mem:          992M       926M        66M         0B       376K       2.2M
-/+ buffers/cache:       923M        68M
Swap:         8.0G       394M       7.6G

             total       used       free     shared    buffers     cached
Mem:          992M       930M        61M         0B       376K       2.1M
-/+ buffers/cache:       927M        64M
Swap:         8.0G       392M       7.6G

             total       used       free     shared    buffers     cached
Mem:          992M       930M        61M         0B       384K       2.1M
-/+ buffers/cache:       927M        64M
Swap:         8.0G       392M       7.6G

             total       used       free     shared    buffers     cached
Mem:          992M       922M        69M         0B       384K       2.1M
-/+ buffers/cache:       920M        71M
Swap:         8.0G       391M       7.6G

             total       used       free     shared    buffers     cached
Mem:          992M       928M        63M         0B       384K       2.1M
-/+ buffers/cache:       925M        66M
Swap:         8.0G       391M       7.6G

             total       used       free     shared    buffers     cached
Mem:          992M       922M        69M         0B       380K       2.1M
-/+ buffers/cache:       919M        72M
Swap:         8.0G       391M       7.6G

             total       used       free     shared    buffers     cached
Mem:          992M       928M        64M         0B       380K       2.1M
-/+ buffers/cache:       925M        66M
Swap:         8.0G       391M       7.6G

             total       used       free     shared    buffers     cached
Mem:          992M       919M        72M         0B       388K       2.0M
-/+ buffers/cache:       917M        75M
Swap:         8.0G       408M       7.6G

             total       used       free     shared    buffers     cached
Mem:          992M       924M        67M         0B       388K       2.0M
-/+ buffers/cache:       922M        69M
Swap:         8.0G       408M       7.6G

             total       used       free     shared    buffers     cached
Mem:          992M       929M        62M         0B       388K       2.0M
-/+ buffers/cache:       927M        64M
Swap:         8.0G       408M       7.6G

             total       used       free     shared    buffers     cached
Mem:          992M       931M        61M         0B       388K       2.0M
-/+ buffers/cache:       928M        63M
Swap:         8.0G       408M       7.6G

             total       used       free     shared    buffers     cached
Mem:          992M       913M        78M         0B       336K       2.0M
-/+ buffers/cache:       911M        81M
Swap:         8.0G       423M       7.6G

             total       used       free     shared    buffers     cached
Mem:          992M       914M        77M         0B       344K       2.0M
-/+ buffers/cache:       912M        79M
Swap:         8.0G       422M       7.6G

             total       used       free     shared    buffers     cached
Mem:          992M       915M        76M         0B       344K       2.0M
-/+ buffers/cache:       913M        78M
Swap:         8.0G       422M       7.6G

             total       used       free     shared    buffers     cached
Mem:          992M       917M        75M         0B       344K       2.0M
-/+ buffers/cache:       914M        77M
Swap:         8.0G       421M       7.6G

             total       used       free     shared    buffers     cached
Mem:          992M       918M        73M         0B       344K       2.0M
-/+ buffers/cache:       916M        75M
Swap:         8.0G       420M       7.6G

             total       used       free     shared    buffers     cached
Mem:          992M       919M        72M         0B       344K       2.0M
-/+ buffers/cache:       917M        74M
Swap:         8.0G       420M       7.6G

             total       used       free     shared    buffers     cached
Mem:          992M       921M        70M         0B       344K       2.0M
-/+ buffers/cache:       919M        73M
Swap:         8.0G       419M       7.6G

             total       used       free     shared    buffers     cached
Mem:          992M       922M        69M         0B       352K       2.0M
-/+ buffers/cache:       920M        71M
Swap:         8.0G       419M       7.6G

             total       used       free     shared    buffers     cached
Mem:          992M       923M        68M         0B       352K       2.0M
-/+ buffers/cache:       921M        70M
Swap:         8.0G       418M       7.6G

             total       used       free     shared    buffers     cached
Mem:          992M       925M        66M         0B       352K       2.0M
-/+ buffers/cache:       922M        69M
Swap:         8.0G       418M       7.6G

             total       used       free     shared    buffers     cached
Mem:          992M       926M        65M         0B       352K       2.0M
-/+ buffers/cache:       924M        67M
Swap:         8.0G       417M       7.6G

             total       used       free     shared    buffers     cached
Mem:          992M       927M        64M         0B       352K       2.0M
-/+ buffers/cache:       925M        66M
Swap:         8.0G       416M       7.6G

             total       used       free     shared    buffers     cached
Mem:          992M       929M        62M         0B       360K       2.0M
-/+ buffers/cache:       926M        65M
Swap:         8.0G       416M       7.6G

             total       used       free     shared    buffers     cached
Mem:          992M       930M        61M         0B       360K       2.0M
-/+ buffers/cache:       928M        63M
Swap:         8.0G       415M       7.6G

             total       used       free     shared    buffers     cached
Mem:          992M       920M        72M         0B        92K       2.0M
-/+ buffers/cache:       918M        74M
Swap:         8.0G       423M       7.6G

             total       used       free     shared    buffers     cached
Mem:          992M       921M        70M         0B        92K       1.9M
-/+ buffers/cache:       919M        72M
Swap:         8.0G       423M       7.6G

             total       used       free     shared    buffers     cached
Mem:          992M       922M        69M         0B        92K       2.0M
-/+ buffers/cache:       920M        71M
Swap:         8.0G       422M       7.6G

             total       used       free     shared    buffers     cached
Mem:          992M       923M        68M         0B       100K       2.0M
-/+ buffers/cache:       921M        70M
Swap:         8.0G       422M       7.6G

             total       used       free     shared    buffers     cached
Mem:          992M       925M        67M         0B       100K       2.0M
-/+ buffers/cache:       923M        69M
Swap:         8.0G       421M       7.6G

             total       used       free     shared    buffers     cached
Mem:          992M       926M        66M         0B       100K       1.9M
-/+ buffers/cache:       924M        68M
Swap:         8.0G       420M       7.6G

             total       used       free     shared    buffers     cached
Mem:          992M       927M        64M         0B       100K       1.9M
-/+ buffers/cache:       925M        66M
Swap:         8.0G       420M       7.6G

             total       used       free     shared    buffers     cached
Mem:          992M       928M        63M         0B       100K       2.0M
-/+ buffers/cache:       926M        65M
Swap:         8.0G       419M       7.6G

             total       used       free     shared    buffers     cached
Mem:          992M       929M        62M         0B       100K       1.9M
-/+ buffers/cache:       927M        64M
Swap:         8.0G       419M       7.6G

             total       used       free     shared    buffers     cached
Mem:          992M       931M        61M         0B       108K       2.0M
-/+ buffers/cache:       929M        63M
Swap:         8.0G       418M       7.6G

             total       used       free     shared    buffers     cached
Mem:          992M       905M        86M         0B       528K       3.1M
-/+ buffers/cache:       902M        89M
Swap:         8.0G       449M       7.6G

             total       used       free     shared    buffers     cached
Mem:          992M       916M        75M         0B        88K        25M
-/+ buffers/cache:       891M       100M
Swap:         8.0G       471M       7.5G

             total       used       free     shared    buffers     cached
Mem:          992M       920M        71M        32K       220K        23M
-/+ buffers/cache:       896M        95M
Swap:         8.0G       460M       7.5G

             total       used       free     shared    buffers     cached
Mem:          992M       921M        71M        32K       220K        23M
-/+ buffers/cache:       896M        95M
Swap:         8.0G       459M       7.5G

             total       used       free     shared    buffers     cached
Mem:          992M       921M        70M        32K       224K        23M
-/+ buffers/cache:       897M        94M
Swap:         8.0G       459M       7.5G

             total       used       free     shared    buffers     cached
Mem:          992M       914M        77M        32K       504K        25M
-/+ buffers/cache:       888M       103M
Swap:         8.0G       482M       7.5G

             total       used       free     shared    buffers     cached
Mem:          992M       916M        75M        32K       820K        25M
-/+ buffers/cache:       889M       102M
Swap:         8.0G       481M       7.5G

             total       used       free     shared    buffers     cached
Mem:          992M       916M        75M        32K       828K        25M
-/+ buffers/cache:       890M       102M
Swap:         8.0G       481M       7.5G

             total       used       free     shared    buffers     cached
Mem:          992M       928M        63M        32K       2.2M        32M
-/+ buffers/cache:       894M        98M
Swap:         8.0G       480M       7.5G

             total       used       free     shared    buffers     cached
Mem:          992M       923M        69M        36K       3.8M        44M
-/+ buffers/cache:       875M       117M
Swap:         8.0G       499M       7.5G

             total       used       free     shared    buffers     cached
Mem:          992M       931M        61M       580K       5.6M        52M
-/+ buffers/cache:       873M       118M
Swap:         8.0G       506M       7.5G

             total       used       free     shared    buffers     cached
Mem:          992M       916M        75M       580K       5.6M        50M
-/+ buffers/cache:       860M       131M
Swap:         8.0G       520M       7.5G

             total       used       free     shared    buffers     cached
Mem:          992M       917M        74M       580K       5.6M        50M
-/+ buffers/cache:       861M       130M
Swap:         8.0G       519M       7.5G

             total       used       free     shared    buffers     cached
Mem:          992M       918M        73M       580K       5.6M        50M
-/+ buffers/cache:       862M       129M
Swap:         8.0G       519M       7.5G

             total       used       free     shared    buffers     cached
Mem:          992M       919M        72M       580K       5.6M        50M
-/+ buffers/cache:       863M       128M
Swap:         8.0G       519M       7.5G

             total       used       free     shared    buffers     cached
Mem:          992M       920M        71M       580K       5.7M        50M
-/+ buffers/cache:       864M       127M
Swap:         8.0G       518M       7.5G

             total       used       free     shared    buffers     cached
Mem:          992M       921M        70M       580K       5.7M        50M
-/+ buffers/cache:       865M       126M
Swap:         8.0G       518M       7.5G

             total       used       free     shared    buffers     cached
Mem:          992M       922M        69M       580K       5.7M        50M
-/+ buffers/cache:       866M       125M
Swap:         8.0G       517M       7.5G

             total       used       free     shared    buffers     cached
Mem:          992M       923M        68M       580K       5.7M        50M
-/+ buffers/cache:       867M       124M
Swap:         8.0G       517M       7.5G

             total       used       free     shared    buffers     cached
Mem:          992M       924M        67M       580K       5.7M        50M
-/+ buffers/cache:       868M       123M
Swap:         8.0G       517M       7.5G

             total       used       free     shared    buffers     cached
Mem:          992M       925M        66M       580K       5.7M        50M
-/+ buffers/cache:       869M       122M
Swap:         8.0G       516M       7.5G

             total       used       free     shared    buffers     cached
Mem:          992M       926M        65M       580K       5.7M        50M
-/+ buffers/cache:       870M       121M
Swap:         8.0G       516M       7.5G

             total       used       free     shared    buffers     cached
Mem:          992M       927M        64M       580K       5.7M        50M
-/+ buffers/cache:       871M       120M
Swap:         8.0G       515M       7.5G

             total       used       free     shared    buffers     cached
Mem:          992M       929M        63M       580K       5.7M        50M
-/+ buffers/cache:       872M       119M
Swap:         8.0G       515M       7.5G

             total       used       free     shared    buffers     cached
Mem:          992M       930M        62M       580K       5.7M        50M
-/+ buffers/cache:       873M       118M
Swap:         8.0G       515M       7.5G

             total       used       free     shared    buffers     cached
Mem:          992M       931M        61M       580K       5.7M        50M
-/+ buffers/cache:       874M       117M
Swap:         8.0G       514M       7.5G

             total       used       free     shared    buffers     cached
Mem:          992M       906M        86M       580K       5.7M        47M
-/+ buffers/cache:       853M       139M
Swap:         8.0G       545M       7.5G

             total       used       free     shared    buffers     cached
Mem:          992M       907M        85M       580K       5.7M        47M
-/+ buffers/cache:       854M       138M
Swap:         8.0G       544M       7.5G

             total       used       free     shared    buffers     cached
Mem:          992M       907M        84M       580K       5.7M        47M
-/+ buffers/cache:       854M       137M
Swap:         8.0G       544M       7.5G

             total       used       free     shared    buffers     cached
Mem:          992M       908M        83M       580K       5.7M        47M
-/+ buffers/cache:       855M       136M
Swap:         8.0G       544M       7.5G

             total       used       free     shared    buffers     cached
Mem:          992M       910M        82M       580K       5.7M        47M
-/+ buffers/cache:       857M       135M
Swap:         8.0G       543M       7.5G

             total       used       free     shared    buffers     cached
Mem:          992M       910M        81M       580K       5.7M        47M
-/+ buffers/cache:       857M       134M
Swap:         8.0G       543M       7.5G

             total       used       free     shared    buffers     cached
Mem:          992M       911M        80M       580K       5.7M        47M
-/+ buffers/cache:       858M       133M
Swap:         8.0G       543M       7.5G

             total       used       free     shared    buffers     cached
Mem:          992M       912M        79M       580K       5.7M        47M
-/+ buffers/cache:       859M       132M
Swap:         8.0G       542M       7.5G

             total       used       free     shared    buffers     cached
Mem:          992M       913M        78M       580K       5.7M        47M
-/+ buffers/cache:       860M       131M
Swap:         8.0G       542M       7.5G

             total       used       free     shared    buffers     cached
Mem:          992M       914M        77M       580K       5.7M        47M
-/+ buffers/cache:       861M       130M
Swap:         8.0G       541M       7.5G

             total       used       free     shared    buffers     cached
Mem:          992M       915M        76M       580K       5.7M        47M
-/+ buffers/cache:       862M       129M
Swap:         8.0G       541M       7.5G

             total       used       free     shared    buffers     cached
Mem:          992M       917M        75M       580K       5.7M        47M
-/+ buffers/cache:       864M       128M
Swap:         8.0G       540M       7.5G

             total       used       free     shared    buffers     cached
Mem:          992M       918M        74M       580K       5.7M        47M
-/+ buffers/cache:       865M       127M
Swap:         8.0G       540M       7.5G

             total       used       free     shared    buffers     cached
Mem:          992M       918M        73M       580K       5.7M        47M
-/+ buffers/cache:       865M       126M
Swap:         8.0G       539M       7.5G

             total       used       free     shared    buffers     cached
Mem:          992M       920M        72M       580K       5.7M        47M
-/+ buffers/cache:       867M       125M
Swap:         8.0G       539M       7.5G

             total       used       free     shared    buffers     cached
Mem:          992M       921M        71M       580K       5.7M        47M
-/+ buffers/cache:       868M       124M
Swap:         8.0G       538M       7.5G

             total       used       free     shared    buffers     cached
Mem:          992M       922M        70M       580K       5.7M        47M
-/+ buffers/cache:       869M       123M
Swap:         8.0G       538M       7.5G

             total       used       free     shared    buffers     cached
Mem:          992M       922M        69M       580K       5.7M        47M
-/+ buffers/cache:       870M       122M
Swap:         8.0G       538M       7.5G

             total       used       free     shared    buffers     cached
Mem:          992M       923M        68M       580K       5.7M        47M
-/+ buffers/cache:       871M       121M
Swap:         8.0G       537M       7.5G

             total       used       free     shared    buffers     cached
Mem:          992M       925M        67M       580K       5.7M        47M
-/+ buffers/cache:       872M       120M
Swap:         8.0G       536M       7.5G

             total       used       free     shared    buffers     cached
Mem:          992M       926M        66M       580K       5.7M        47M
-/+ buffers/cache:       873M       119M
Swap:         8.0G       536M       7.5G

             total       used       free     shared    buffers     cached
Mem:          992M       927M        65M       580K       5.7M        47M
-/+ buffers/cache:       874M       118M
Swap:         8.0G       536M       7.5G

             total       used       free     shared    buffers     cached
Mem:          992M       928M        64M       580K       5.7M        47M
-/+ buffers/cache:       875M       117M
Swap:         8.0G       535M       7.5G

             total       used       free     shared    buffers     cached
Mem:          992M       929M        63M       580K       5.7M        47M
-/+ buffers/cache:       876M       116M
Swap:         8.0G       535M       7.5G

             total       used       free     shared    buffers     cached
Mem:          992M       930M        62M       580K       5.7M        47M
-/+ buffers/cache:       877M       115M
Swap:         8.0G       534M       7.5G

             total       used       free     shared    buffers     cached
Mem:          992M       931M        60M       580K       5.7M        47M
-/+ buffers/cache:       878M       114M
Swap:         8.0G       534M       7.5G

             total       used       free     shared    buffers     cached
Mem:          992M       920M        71M       580K       5.7M        46M
-/+ buffers/cache:       868M       123M
Swap:         8.0G       533M       7.5G

             total       used       free     shared    buffers     cached
Mem:          992M       921M        70M       580K       5.7M        46M
-/+ buffers/cache:       869M       122M
Swap:         8.0G       533M       7.5G

             total       used       free     shared    buffers     cached
Mem:          992M       922M        69M       580K       5.7M        46M
-/+ buffers/cache:       870M       121M
Swap:         8.0G       532M       7.5G

             total       used       free     shared    buffers     cached
Mem:          992M       923M        68M       580K       5.7M        46M
-/+ buffers/cache:       871M       120M
Swap:         8.0G       531M       7.5G

             total       used       free     shared    buffers     cached
Mem:          992M       924M        67M       580K       5.7M        46M
-/+ buffers/cache:       872M       119M
Swap:         8.0G       531M       7.5G

             total       used       free     shared    buffers     cached
Mem:          992M       926M        66M       580K       5.7M        46M
-/+ buffers/cache:       873M       118M
Swap:         8.0G       531M       7.5G

             total       used       free     shared    buffers     cached
Mem:          992M       927M        65M       580K       5.7M        46M
-/+ buffers/cache:       874M       117M
Swap:         8.0G       530M       7.5G

             total       used       free     shared    buffers     cached
Mem:          992M       928M        64M       580K       5.7M        46M
-/+ buffers/cache:       875M       116M
Swap:         8.0G       530M       7.5G

             total       used       free     shared    buffers     cached
Mem:          992M       929M        63M       580K       5.7M        46M
-/+ buffers/cache:       876M       115M
Swap:         8.0G       529M       7.5G

             total       used       free     shared    buffers     cached
Mem:          992M       930M        62M       580K       5.7M        46M
-/+ buffers/cache:       877M       114M
Swap:         8.0G       529M       7.5G

             total       used       free     shared    buffers     cached
Mem:          992M       931M        60M       580K       5.7M        46M
-/+ buffers/cache:       878M       113M
Swap:         8.0G       528M       7.5G

             total       used       free     shared    buffers     cached
Mem:          992M       918M        74M       580K       5.7M        45M
-/+ buffers/cache:       866M       125M
Swap:         8.0G       540M       7.5G

             total       used       free     shared    buffers     cached
Mem:          992M       919M        72M       580K       5.7M        46M
-/+ buffers/cache:       867M       124M
Swap:         8.0G       540M       7.5G

             total       used       free     shared    buffers     cached
Mem:          992M       925M        66M       580K       7.6M        52M
-/+ buffers/cache:       866M       126M
Swap:         8.0G       545M       7.5G

             total       used       free     shared    buffers     cached
Mem:          992M       920M        71M       584K       2.1M        73M
-/+ buffers/cache:       844M       147M
Swap:         8.0G       572M       7.4G

             total       used       free     shared    buffers     cached
Mem:          992M       914M        77M       584K       2.2M        74M
-/+ buffers/cache:       837M       154M
Swap:         8.0G       571M       7.4G

             total       used       free     shared    buffers     cached
Mem:          992M       921M        70M       584K       2.2M        76M
-/+ buffers/cache:       842M       149M
Swap:         8.0G       568M       7.4G

             total       used       free     shared    buffers     cached
Mem:          992M       922M        69M       584K       2.2M        76M
-/+ buffers/cache:       843M       148M
Swap:         8.0G       568M       7.4G

             total       used       free     shared    buffers     cached
Mem:          992M       928M        63M       584K       2.2M        79M
-/+ buffers/cache:       847M       145M
Swap:         8.0G       566M       7.4G

             total       used       free     shared    buffers     cached
Mem:          992M       928M        63M       584K       2.2M        79M
-/+ buffers/cache:       847M       144M
Swap:         8.0G       566M       7.4G

             total       used       free     shared    buffers     cached
Mem:          992M       929M        62M       584K       2.2M        79M
-/+ buffers/cache:       848M       144M
Swap:         8.0G       566M       7.4G

             total       used       free     shared    buffers     cached
Mem:          992M       930M        61M       584K       2.2M        79M
-/+ buffers/cache:       848M       143M
Swap:         8.0G       565M       7.4G

             total       used       free     shared    buffers     cached
Mem:          992M       930M        61M       584K       2.2M        79M
-/+ buffers/cache:       849M       142M
Swap:         8.0G       565M       7.4G

             total       used       free     shared    buffers     cached
Mem:          992M       931M        60M       584K       2.2M        79M
-/+ buffers/cache:       849M       142M
Swap:         8.0G       565M       7.4G

             total       used       free     shared    buffers     cached
Mem:          992M       919M        72M       584K       2.2M        72M
-/+ buffers/cache:       844M       147M
Swap:         8.0G       574M       7.4G

             total       used       free     shared    buffers     cached
Mem:          992M       919M        72M       584K       2.2M        72M
-/+ buffers/cache:       844M       147M
Swap:         8.0G       574M       7.4G

             total       used       free     shared    buffers     cached
Mem:          992M       920M        72M       584K       2.2M        72M
-/+ buffers/cache:       845M       146M
Swap:         8.0G       573M       7.4G

             total       used       free     shared    buffers     cached
Mem:          992M       920M        71M       584K       2.2M        72M
-/+ buffers/cache:       846M       146M
Swap:         8.0G       573M       7.4G

             total       used       free     shared    buffers     cached
Mem:          992M       920M        71M       740K       2.6M        71M
-/+ buffers/cache:       846M       145M
Swap:         8.0G       578M       7.4G

             total       used       free     shared    buffers     cached
Mem:          992M       925M        66M       760K       3.5M        75M
-/+ buffers/cache:       846M       145M
Swap:         8.0G       577M       7.4G

             total       used       free     shared    buffers     cached
Mem:          992M       919M        72M       4.4M       2.5M        60M
-/+ buffers/cache:       856M       136M
Swap:         8.0G       597M       7.4G

             total       used       free     shared    buffers     cached
Mem:          992M       923M        68M       764K       2.5M        71M
-/+ buffers/cache:       849M       142M
Swap:         8.0G       594M       7.4G

             total       used       free     shared    buffers     cached
Mem:          992M       915M        76M       780K       2.6M        61M
-/+ buffers/cache:       851M       141M
Swap:         8.0G       592M       7.4G

             total       used       free     shared    buffers     cached
Mem:          992M       916M        75M       804K       2.7M        61M
-/+ buffers/cache:       852M       140M
Swap:         8.0G       592M       7.4G

             total       used       free     shared    buffers     cached
Mem:          992M       917M        74M       804K       2.7M        61M
-/+ buffers/cache:       853M       138M
Swap:         8.0G       591M       7.4G

             total       used       free     shared    buffers     cached
Mem:          992M       918M        73M       804K       2.7M        61M
-/+ buffers/cache:       854M       137M
Swap:         8.0G       591M       7.4G

             total       used       free     shared    buffers     cached
Mem:          992M       920M        72M       804K       2.7M        61M
-/+ buffers/cache:       855M       136M
Swap:         8.0G       590M       7.4G

             total       used       free     shared    buffers     cached
Mem:          992M       922M        69M       804K       2.8M        62M
-/+ buffers/cache:       856M       135M
Swap:         8.0G       590M       7.4G

             total       used       free     shared    buffers     cached
Mem:          992M       923M        68M       804K       2.8M        62M
-/+ buffers/cache:       858M       134M
Swap:         8.0G       589M       7.4G

             total       used       free     shared    buffers     cached
Mem:          992M       924M        67M       804K       2.8M        62M
-/+ buffers/cache:       859M       132M
Swap:         8.0G       588M       7.4G

             total       used       free     shared    buffers     cached
Mem:          992M       926M        66M       804K       2.8M        62M
-/+ buffers/cache:       860M       131M
Swap:         8.0G       588M       7.4G

             total       used       free     shared    buffers     cached
Mem:          992M       927M        64M       804K       3.1M        62M
-/+ buffers/cache:       861M       130M
Swap:         8.0G       587M       7.4G

             total       used       free     shared    buffers     cached
Mem:          992M       928M        63M       804K       3.1M        62M
-/+ buffers/cache:       862M       129M
Swap:         8.0G       587M       7.4G

             total       used       free     shared    buffers     cached
Mem:          992M       929M        62M       804K       3.1M        62M
-/+ buffers/cache:       863M       128M
Swap:         8.0G       586M       7.4G

             total       used       free     shared    buffers     cached
Mem:          992M       930M        61M       804K       3.1M        62M
-/+ buffers/cache:       864M       127M
Swap:         8.0G       585M       7.4G

             total       used       free     shared    buffers     cached
Mem:          992M       919M        73M       804K       1.5M        56M
-/+ buffers/cache:       860M       131M
Swap:         8.0G       660M       7.4G

             total       used       free     shared    buffers     cached
Mem:          992M       917M        74M       800K       1.5M        56M
-/+ buffers/cache:       859M       132M
Swap:         8.0G       660M       7.4G

             total       used       free     shared    buffers     cached
Mem:          992M       915M        76M       800K       1.5M        56M
-/+ buffers/cache:       856M       135M
Swap:         8.0G       660M       7.4G

             total       used       free     shared    buffers     cached
Mem:          992M       915M        76M       800K       1.5M        56M
-/+ buffers/cache:       857M       135M
Swap:         8.0G       659M       7.4G

             total       used       free     shared    buffers     cached
Mem:          992M       916M        75M       800K       1.5M        56M
-/+ buffers/cache:       858M       134M
Swap:         8.0G       658M       7.4G

             total       used       free     shared    buffers     cached
Mem:          992M       917M        74M       800K       1.5M        56M
-/+ buffers/cache:       859M       132M
Swap:         8.0G       657M       7.4G

             total       used       free     shared    buffers     cached
Mem:          992M       919M        73M       800K       1.5M        56M
-/+ buffers/cache:       860M       131M
Swap:         8.0G       657M       7.4G

             total       used       free     shared    buffers     cached
Mem:          992M       920M        71M       800K       1.5M        56M
-/+ buffers/cache:       861M       130M
Swap:         8.0G       656M       7.4G

             total       used       free     shared    buffers     cached
Mem:          992M       921M        70M       800K       1.5M        56M
-/+ buffers/cache:       863M       128M
Swap:         8.0G       655M       7.4G

             total       used       free     shared    buffers     cached
Mem:          992M       922M        69M       800K       1.5M        56M
-/+ buffers/cache:       864M       128M
Swap:         8.0G       654M       7.4G

             total       used       free     shared    buffers     cached
Mem:          992M       923M        68M       800K       1.5M        56M
-/+ buffers/cache:       865M       126M
Swap:         8.0G       653M       7.4G

             total       used       free     shared    buffers     cached
Mem:          992M       925M        67M       800K       1.5M        56M
-/+ buffers/cache:       866M       125M
Swap:         8.0G       652M       7.4G

             total       used       free     shared    buffers     cached
Mem:          992M       926M        66M       800K       1.5M        56M
-/+ buffers/cache:       867M       124M
Swap:         8.0G       652M       7.4G

             total       used       free     shared    buffers     cached
Mem:          992M       927M        64M       800K       1.5M        56M
-/+ buffers/cache:       869M       123M
Swap:         8.0G       651M       7.4G

             total       used       free     shared    buffers     cached
Mem:          992M       928M        63M       800K       1.6M        56M
-/+ buffers/cache:       870M       121M
Swap:         8.0G       650M       7.4G

             total       used       free     shared    buffers     cached
Mem:          992M       929M        62M       800K       1.6M        56M
-/+ buffers/cache:       871M       120M
Swap:         8.0G       649M       7.4G

             total       used       free     shared    buffers     cached
Mem:          992M       931M        61M       800K       1.6M        56M
-/+ buffers/cache:       872M       119M
Swap:         8.0G       648M       7.4G

             total       used       free     shared    buffers     cached
Mem:          992M       916M        75M       800K       1.3M        55M
-/+ buffers/cache:       859M       132M
Swap:         8.0G       647M       7.4G

             total       used       free     shared    buffers     cached
Mem:          992M       917M        74M       800K       1.3M        55M
-/+ buffers/cache:       861M       131M
Swap:         8.0G       646M       7.4G

             total       used       free     shared    buffers     cached
Mem:          992M       918M        73M       800K       1.3M        55M
-/+ buffers/cache:       862M       130M
Swap:         8.0G       645M       7.4G

             total       used       free     shared    buffers     cached
Mem:          992M       919M        72M       800K       1.3M        55M
-/+ buffers/cache:       863M       128M
Swap:         8.0G       645M       7.4G

             total       used       free     shared    buffers     cached
Mem:          992M       921M        71M       800K       1.3M        55M
-/+ buffers/cache:       864M       127M
Swap:         8.0G       644M       7.4G

             total       used       free     shared    buffers     cached
Mem:          992M       922M        69M       800K       1.3M        55M
-/+ buffers/cache:       865M       126M
Swap:         8.0G       643M       7.4G

             total       used       free     shared    buffers     cached
Mem:          992M       923M        68M       800K       1.3M        55M
-/+ buffers/cache:       867M       125M
Swap:         8.0G       642M       7.4G

             total       used       free     shared    buffers     cached
Mem:          992M       924M        67M       800K       1.3M        55M
-/+ buffers/cache:       868M       123M
Swap:         8.0G       641M       7.4G

             total       used       free     shared    buffers     cached
Mem:          992M       926M        66M       800K       1.4M        55M
-/+ buffers/cache:       869M       122M
Swap:         8.0G       640M       7.4G

             total       used       free     shared    buffers     cached
Mem:          992M       924M        67M       848K       5.7M        70M
-/+ buffers/cache:       849M       143M
Swap:         8.0G       638M       7.4G

             total       used       free     shared    buffers     cached
Mem:          992M       918M        74M       848K       5.7M        67M
-/+ buffers/cache:       844M       147M
Swap:         8.0G       637M       7.4G
