             total       used       free     shared    buffers     cached
Mem:          992M       657M       334M       3.2M        38M       289M
-/+ buffers/cache:       329M       662M
Swap:         8.0G         0B       8.0G

             total       used       free     shared    buffers     cached
Mem:          992M       656M       335M       1.4M        38M       287M
-/+ buffers/cache:       330M       661M
Swap:         8.0G         0B       8.0G

             total       used       free     shared    buffers     cached
Mem:          992M       656M       335M       1.4M        38M       287M
-/+ buffers/cache:       330M       661M
Swap:         8.0G         0B       8.0G

             total       used       free     shared    buffers     cached
Mem:          992M       656M       335M       1.4M        38M       287M
-/+ buffers/cache:       330M       661M
Swap:         8.0G         0B       8.0G

             total       used       free     shared    buffers     cached
Mem:          992M       656M       335M       1.4M        38M       287M
-/+ buffers/cache:       330M       661M
Swap:         8.0G         0B       8.0G

             total       used       free     shared    buffers     cached
Mem:          992M       656M       335M       1.4M        38M       287M
-/+ buffers/cache:       330M       661M
Swap:         8.0G         0B       8.0G

             total       used       free     shared    buffers     cached
Mem:          992M       656M       335M       1.4M        38M       287M
-/+ buffers/cache:       329M       662M
Swap:         8.0G         0B       8.0G

             total       used       free     shared    buffers     cached
Mem:          992M       656M       335M       1.4M        38M       288M
-/+ buffers/cache:       329M       662M
Swap:         8.0G         0B       8.0G

             total       used       free     shared    buffers     cached
Mem:          992M       656M       335M       1.4M        38M       288M
-/+ buffers/cache:       329M       662M
Swap:         8.0G         0B       8.0G

             total       used       free     shared    buffers     cached
Mem:          992M       659M       332M       1.4M        38M       288M
-/+ buffers/cache:       332M       659M
Swap:         8.0G         0B       8.0G

             total       used       free     shared    buffers     cached
Mem:          992M       678M       313M       1.4M        38M       288M
-/+ buffers/cache:       351M       640M
Swap:         8.0G         0B       8.0G

             total       used       free     shared    buffers     cached
Mem:          992M       665M       326M       1.4M        38M       289M
-/+ buffers/cache:       337M       654M
Swap:         8.0G         0B       8.0G

             total       used       free     shared    buffers     cached
Mem:          992M       665M       326M       1.4M        38M       289M
-/+ buffers/cache:       337M       654M
Swap:         8.0G         0B       8.0G

             total       used       free     shared    buffers     cached
Mem:          992M       666M       326M       1.4M        38M       289M
-/+ buffers/cache:       337M       654M
Swap:         8.0G         0B       8.0G

             total       used       free     shared    buffers     cached
Mem:          992M       666M       326M       1.4M        38M       289M
-/+ buffers/cache:       337M       654M
Swap:         8.0G         0B       8.0G

             total       used       free     shared    buffers     cached
Mem:          992M       666M       326M       1.4M        38M       289M
-/+ buffers/cache:       337M       654M
Swap:         8.0G         0B       8.0G

             total       used       free     shared    buffers     cached
Mem:          992M       666M       326M       1.4M        38M       289M
-/+ buffers/cache:       337M       654M
Swap:         8.0G         0B       8.0G

             total       used       free     shared    buffers     cached
Mem:          992M       666M       326M       1.4M        38M       289M
-/+ buffers/cache:       337M       654M
Swap:         8.0G         0B       8.0G

             total       used       free     shared    buffers     cached
Mem:          992M       666M       326M       1.4M        38M       289M
-/+ buffers/cache:       337M       654M
Swap:         8.0G         0B       8.0G

             total       used       free     shared    buffers     cached
Mem:          992M       666M       326M       1.4M        38M       289M
-/+ buffers/cache:       337M       654M
Swap:         8.0G         0B       8.0G

             total       used       free     shared    buffers     cached
Mem:          992M       666M       326M       1.4M        38M       289M
-/+ buffers/cache:       337M       654M
Swap:         8.0G         0B       8.0G

             total       used       free     shared    buffers     cached
Mem:          992M       666M       325M       1.4M        38M       289M
-/+ buffers/cache:       337M       654M
Swap:         8.0G         0B       8.0G

             total       used       free     shared    buffers     cached
Mem:          992M       666M       325M       1.4M        38M       289M
-/+ buffers/cache:       337M       654M
Swap:         8.0G         0B       8.0G

             total       used       free     shared    buffers     cached
Mem:          992M       666M       325M       1.4M        38M       289M
-/+ buffers/cache:       337M       654M
Swap:         8.0G         0B       8.0G

             total       used       free     shared    buffers     cached
Mem:          992M       666M       325M       1.4M        38M       289M
-/+ buffers/cache:       337M       654M
Swap:         8.0G         0B       8.0G

             total       used       free     shared    buffers     cached
Mem:          992M       666M       325M       1.4M        38M       289M
-/+ buffers/cache:       337M       654M
Swap:         8.0G         0B       8.0G

             total       used       free     shared    buffers     cached
Mem:          992M       666M       325M       1.4M        38M       289M
-/+ buffers/cache:       337M       654M
Swap:         8.0G         0B       8.0G

             total       used       free     shared    buffers     cached
Mem:          992M       666M       325M       1.4M        38M       289M
-/+ buffers/cache:       337M       654M
Swap:         8.0G         0B       8.0G

             total       used       free     shared    buffers     cached
Mem:          992M       666M       325M       1.4M        38M       289M
-/+ buffers/cache:       337M       654M
Swap:         8.0G         0B       8.0G

             total       used       free     shared    buffers     cached
Mem:          992M       666M       325M       1.4M        38M       289M
-/+ buffers/cache:       337M       654M
Swap:         8.0G         0B       8.0G

             total       used       free     shared    buffers     cached
Mem:          992M       666M       325M       1.4M        38M       289M
-/+ buffers/cache:       337M       654M
Swap:         8.0G         0B       8.0G

             total       used       free     shared    buffers     cached
Mem:          992M       666M       325M       1.4M        38M       289M
-/+ buffers/cache:       337M       654M
Swap:         8.0G         0B       8.0G

             total       used       free     shared    buffers     cached
Mem:          992M       666M       325M       1.4M        38M       289M
-/+ buffers/cache:       337M       654M
Swap:         8.0G         0B       8.0G

             total       used       free     shared    buffers     cached
Mem:          992M       673M       318M       1.4M        38M       289M
-/+ buffers/cache:       345M       647M
Swap:         8.0G         0B       8.0G

             total       used       free     shared    buffers     cached
Mem:          992M       690M       301M       1.4M        38M       289M
-/+ buffers/cache:       362M       630M
Swap:         8.0G         0B       8.0G

             total       used       free     shared    buffers     cached
Mem:          992M       706M       285M       1.4M        38M       289M
-/+ buffers/cache:       378M       613M
Swap:         8.0G         0B       8.0G

             total       used       free     shared    buffers     cached
Mem:          992M       723M       268M       1.4M        38M       289M
-/+ buffers/cache:       395M       596M
Swap:         8.0G         0B       8.0G

             total       used       free     shared    buffers     cached
Mem:          992M       742M       249M       1.4M        38M       289M
-/+ buffers/cache:       414M       577M
Swap:         8.0G         0B       8.0G

             total       used       free     shared    buffers     cached
Mem:          992M       758M       233M       1.4M        38M       289M
-/+ buffers/cache:       430M       561M
Swap:         8.0G         0B       8.0G

             total       used       free     shared    buffers     cached
Mem:          992M       774M       217M       1.4M        38M       289M
-/+ buffers/cache:       446M       546M
Swap:         8.0G         0B       8.0G

             total       used       free     shared    buffers     cached
Mem:          992M       790M       201M       1.4M        38M       289M
-/+ buffers/cache:       461M       530M
Swap:         8.0G         0B       8.0G

             total       used       free     shared    buffers     cached
Mem:          992M       805M       186M       1.4M        38M       289M
-/+ buffers/cache:       476M       515M
Swap:         8.0G         0B       8.0G

             total       used       free     shared    buffers     cached
Mem:          992M       820M       171M       1.4M        38M       289M
-/+ buffers/cache:       491M       500M
Swap:         8.0G         0B       8.0G

             total       used       free     shared    buffers     cached
Mem:          992M       839M       152M       1.4M        38M       289M
-/+ buffers/cache:       510M       481M
Swap:         8.0G         0B       8.0G

             total       used       free     shared    buffers     cached
Mem:          992M       857M       134M       1.4M        38M       289M
-/+ buffers/cache:       528M       463M
Swap:         8.0G         0B       8.0G

             total       used       free     shared    buffers     cached
Mem:          992M       874M       117M       1.4M        38M       289M
-/+ buffers/cache:       545M       446M
Swap:         8.0G         0B       8.0G

             total       used       free     shared    buffers     cached
Mem:          992M       891M       101M       1.4M        38M       289M
-/+ buffers/cache:       562M       429M
Swap:         8.0G         0B       8.0G

             total       used       free     shared    buffers     cached
Mem:          992M       904M        87M       1.4M        38M       289M
-/+ buffers/cache:       575M       416M
Swap:         8.0G         0B       8.0G

             total       used       free     shared    buffers     cached
Mem:          992M       922M        69M       1.4M        38M       289M
-/+ buffers/cache:       593M       398M
Swap:         8.0G         0B       8.0G

             total       used       free     shared    buffers     cached
Mem:          992M       918M        74M       1.4M        17M       288M
-/+ buffers/cache:       612M       379M
Swap:         8.0G         0B       8.0G

             total       used       free     shared    buffers     cached
Mem:          992M       919M        72M       1.4M        10M       279M
-/+ buffers/cache:       630M       362M
Swap:         8.0G         0B       8.0G

             total       used       free     shared    buffers     cached
Mem:          992M       919M        72M       1.4M       9.8M       262M
-/+ buffers/cache:       646M       345M
Swap:         8.0G        76K       8.0G

             total       used       free     shared    buffers     cached
Mem:          992M       918M        73M       1.3M       9.8M       244M
-/+ buffers/cache:       664M       328M
Swap:         8.0G       392K       8.0G

             total       used       free     shared    buffers     cached
Mem:          992M       922M        69M       1.2M       9.8M       232M
-/+ buffers/cache:       680M       312M
Swap:         8.0G       4.5M       8.0G

             total       used       free     shared    buffers     cached
Mem:          992M       909M        82M       1.2M       9.5M       206M
-/+ buffers/cache:       693M       298M
Swap:         8.0G       8.9M       8.0G

             total       used       free     shared    buffers     cached
Mem:          992M       927M        64M       1.1M       9.5M       206M
-/+ buffers/cache:       712M       280M
Swap:         8.0G       8.9M       8.0G

             total       used       free     shared    buffers     cached
Mem:          992M       928M        63M       1.1M       2.9M       199M
-/+ buffers/cache:       725M       266M
Swap:         8.0G       8.9M       8.0G

             total       used       free     shared    buffers     cached
Mem:          992M       920M        71M       1.1M       528K       178M
-/+ buffers/cache:       741M       250M
Swap:         8.0G       8.9M       8.0G

             total       used       free     shared    buffers     cached
Mem:          992M       930M        62M       1.1M       264K       174M
-/+ buffers/cache:       755M       236M
Swap:         8.0G       8.9M       8.0G

             total       used       free     shared    buffers     cached
Mem:          992M       924M        68M       1.1M       208K       153M
-/+ buffers/cache:       770M       221M
Swap:         8.0G       8.9M       8.0G

             total       used       free     shared    buffers     cached
Mem:          992M       916M        75M       1.1M       208K       135M
-/+ buffers/cache:       781M       210M
Swap:         8.0G       8.9M       8.0G

             total       used       free     shared    buffers     cached
Mem:          992M       929M        62M       1.1M       216K       135M
-/+ buffers/cache:       794M       197M
Swap:         8.0G       8.9M       8.0G

             total       used       free     shared    buffers     cached
Mem:          992M       930M        61M       1.1M       244K       119M
-/+ buffers/cache:       810M       181M
Swap:         8.0G       8.9M       8.0G

             total       used       free     shared    buffers     cached
Mem:          992M       919M        72M       1.1M       256K        92M
-/+ buffers/cache:       826M       165M
Swap:         8.0G       8.9M       8.0G

             total       used       free     shared    buffers     cached
Mem:          992M       913M        78M       1.1M       256K        71M
-/+ buffers/cache:       841M       150M
Swap:         8.0G       8.9M       8.0G

             total       used       free     shared    buffers     cached
Mem:          992M       930M        61M       1.1M       256K        71M
-/+ buffers/cache:       858M       133M
Swap:         8.0G       8.9M       8.0G

             total       used       free     shared    buffers     cached
Mem:          992M       930M        61M       1.1M       256K        55M
-/+ buffers/cache:       874M       117M
Swap:         8.0G       8.9M       8.0G

             total       used       free     shared    buffers     cached
Mem:          992M       915M        76M       1.1M       284K        25M
-/+ buffers/cache:       890M       101M
Swap:         8.0G       8.9M       8.0G

             total       used       free     shared    buffers     cached
Mem:          992M       920M        71M       1.1M       548K        12M
-/+ buffers/cache:       907M        84M
Swap:         8.0G       8.9M       8.0G

             total       used       free     shared    buffers     cached
Mem:          992M       920M        71M       732K       1.9M        14M
-/+ buffers/cache:       904M        87M
Swap:         8.0G        30M       8.0G

             total       used       free     shared    buffers     cached
Mem:          992M       920M        72M       744K       1.9M        11M
-/+ buffers/cache:       906M        85M
Swap:         8.0G        53M       7.9G

             total       used       free     shared    buffers     cached
Mem:          992M       931M        60M       712K       120K       9.5M
-/+ buffers/cache:       921M        70M
Swap:         8.0G        53M       7.9G

             total       used       free     shared    buffers     cached
Mem:          992M       925M        67M       684K       136K       9.6M
-/+ buffers/cache:       915M        76M
Swap:         8.0G        92M       7.9G

             total       used       free     shared    buffers     cached
Mem:          992M       878M       114M       580K       136K       4.9M
-/+ buffers/cache:       873M       119M
Swap:         8.0G       177M       7.8G

             total       used       free     shared    buffers     cached
Mem:          992M       892M       100M       580K       136K       5.0M
-/+ buffers/cache:       887M       105M
Swap:         8.0G       177M       7.8G

             total       used       free     shared    buffers     cached
Mem:          992M       909M        82M       580K       400K       5.1M
-/+ buffers/cache:       903M        88M
Swap:         8.0G       177M       7.8G

             total       used       free     shared    buffers     cached
Mem:          992M       925M        66M       580K       408K       5.1M
-/+ buffers/cache:       919M        72M
Swap:         8.0G       177M       7.8G

             total       used       free     shared    buffers     cached
Mem:          992M       920M        71M       580K       392K       4.5M
-/+ buffers/cache:       916M        76M
Swap:         8.0G       177M       7.8G

             total       used       free     shared    buffers     cached
Mem:          992M       922M        70M       580K       392K       4.4M
-/+ buffers/cache:       917M        74M
Swap:         8.0G       178M       7.8G

             total       used       free     shared    buffers     cached
Mem:          992M       925M        66M       580K       392K       4.3M
-/+ buffers/cache:       920M        71M
Swap:         8.0G       178M       7.8G

             total       used       free     shared    buffers     cached
Mem:          992M       919M        72M       580K       392K       3.9M
-/+ buffers/cache:       915M        77M
Swap:         8.0G       201M       7.8G

             total       used       free     shared    buffers     cached
Mem:          992M       922M        70M       580K       392K       3.8M
-/+ buffers/cache:       917M        74M
Swap:         8.0G       203M       7.8G

             total       used       free     shared    buffers     cached
Mem:          992M       921M        70M       580K       396K       3.8M
-/+ buffers/cache:       917M        74M
Swap:         8.0G       240M       7.8G

             total       used       free     shared    buffers     cached
Mem:          992M       921M        70M       560K       388K       3.7M
-/+ buffers/cache:       917M        74M
Swap:         8.0G       240M       7.8G

             total       used       free     shared    buffers     cached
Mem:          992M       921M        70M       560K       380K       3.6M
-/+ buffers/cache:       917M        74M
Swap:         8.0G       248M       7.8G

             total       used       free     shared    buffers     cached
Mem:          992M       919M        73M       548K       332K       2.8M
-/+ buffers/cache:       915M        76M
Swap:         8.0G       271M       7.7G

             total       used       free     shared    buffers     cached
Mem:          992M       927M        64M       548K       332K       2.8M
-/+ buffers/cache:       924M        67M
Swap:         8.0G       271M       7.7G

             total       used       free     shared    buffers     cached
Mem:          992M       920M        72M       548K       340K       3.2M
-/+ buffers/cache:       916M        75M
Swap:         8.0G       277M       7.7G

             total       used       free     shared    buffers     cached
Mem:          992M       922M        69M       548K       344K        19M
-/+ buffers/cache:       902M        89M
Swap:         8.0G       302M       7.7G

             total       used       free     shared    buffers     cached
Mem:          992M       929M        62M       548K       660K        20M
-/+ buffers/cache:       908M        83M
Swap:         8.0G       302M       7.7G

             total       used       free     shared    buffers     cached
Mem:          992M       916M        75M       548K       612K        16M
-/+ buffers/cache:       900M        92M
Swap:         8.0G       329M       7.7G

             total       used       free     shared    buffers     cached
Mem:          992M       922M        69M       548K       616K        16M
-/+ buffers/cache:       905M        86M
Swap:         8.0G       329M       7.7G

             total       used       free     shared    buffers     cached
Mem:          992M       925M        67M       548K       624K        16M
-/+ buffers/cache:       908M        83M
Swap:         8.0G       329M       7.7G

             total       used       free     shared    buffers     cached
Mem:          992M       928M        63M       548K       624K        16M
-/+ buffers/cache:       911M        80M
Swap:         8.0G       329M       7.7G

             total       used       free     shared    buffers     cached
Mem:          992M       919M        72M       548K       624K        15M
-/+ buffers/cache:       903M        89M
Swap:         8.0G       330M       7.7G

             total       used       free     shared    buffers     cached
Mem:          992M       922M        69M       548K       624K        15M
-/+ buffers/cache:       906M        85M
Swap:         8.0G       330M       7.7G

             total       used       free     shared    buffers     cached
Mem:          992M       928M        64M       548K       624K        15M
-/+ buffers/cache:       911M        80M
Swap:         8.0G       330M       7.7G

             total       used       free     shared    buffers     cached
Mem:          992M       920M        71M        28K       624K        13M
-/+ buffers/cache:       906M        85M
Swap:         8.0G       347M       7.7G

             total       used       free     shared    buffers     cached
Mem:          992M       923M        69M         8K       632K        13M
-/+ buffers/cache:       909M        82M
Swap:         8.0G       347M       7.7G

             total       used       free     shared    buffers     cached
Mem:          992M       927M        64M         8K       632K        13M
-/+ buffers/cache:       913M        78M
Swap:         8.0G       347M       7.7G

             total       used       free     shared    buffers     cached
Mem:          992M       921M        71M         8K       484K       2.0M
-/+ buffers/cache:       918M        73M
Swap:         8.0G       332M       7.7G

             total       used       free     shared    buffers     cached
Mem:          992M       922M        69M         8K       472K       1.3M
-/+ buffers/cache:       920M        71M
Swap:         8.0G       331M       7.7G

             total       used       free     shared    buffers     cached
Mem:          992M       913M        78M         8K       168K       1.4M
-/+ buffers/cache:       911M        80M
Swap:         8.0G       340M       7.7G

             total       used       free     shared    buffers     cached
Mem:          992M       914M        77M         0B       116K       1.5M
-/+ buffers/cache:       912M        79M
Swap:         8.0G       343M       7.7G

             total       used       free     shared    buffers     cached
Mem:          992M       926M        65M         0B       116K       1.7M
-/+ buffers/cache:       924M        67M
Swap:         8.0G       331M       7.7G

             total       used       free     shared    buffers     cached
Mem:          992M       925M        67M         0B        84K       1.5M
-/+ buffers/cache:       923M        68M
Swap:         8.0G       435M       7.6G

             total       used       free     shared    buffers     cached
Mem:          992M       922M        69M         0B        84K       1.5M
-/+ buffers/cache:       921M        71M
Swap:         8.0G       376M       7.6G

             total       used       free     shared    buffers     cached
Mem:          992M       921M        71M         0B        84K       1.5M
-/+ buffers/cache:       919M        72M
Swap:         8.0G       337M       7.7G

             total       used       free     shared    buffers     cached
Mem:          992M       914M        77M         0B        76K       1.4M
-/+ buffers/cache:       913M        79M
Swap:         8.0G       351M       7.7G

             total       used       free     shared    buffers     cached
Mem:          992M       918M        73M         0B        76K       1.5M
-/+ buffers/cache:       916M        75M
Swap:         8.0G       347M       7.7G

             total       used       free     shared    buffers     cached
Mem:          992M       920M        72M         0B        76K       1.5M
-/+ buffers/cache:       918M        73M
Swap:         8.0G       337M       7.7G

             total       used       free     shared    buffers     cached
Mem:          992M       923M        68M         0B        76K       1.4M
-/+ buffers/cache:       921M        70M
Swap:         8.0G       335M       7.7G

             total       used       free     shared    buffers     cached
Mem:          992M       919M        72M         0B        76K       1.6M
-/+ buffers/cache:       917M        74M
Swap:         8.0G       339M       7.7G

             total       used       free     shared    buffers     cached
Mem:          992M       924M        67M         0B        76K       1.7M
-/+ buffers/cache:       922M        69M
Swap:         8.0G       337M       7.7G

             total       used       free     shared    buffers     cached
Mem:          992M       924M        67M         0B        84K       1.7M
-/+ buffers/cache:       923M        69M
Swap:         8.0G       337M       7.7G

             total       used       free     shared    buffers     cached
Mem:          992M       915M        77M         0B        84K       1.7M
-/+ buffers/cache:       913M        78M
Swap:         8.0G       353M       7.7G

             total       used       free     shared    buffers     cached
Mem:          992M       920M        71M         0B        84K       1.7M
-/+ buffers/cache:       918M        73M
Swap:         8.0G       353M       7.7G

             total       used       free     shared    buffers     cached
Mem:          992M       926M        65M         0B        84K       1.6M
-/+ buffers/cache:       925M        67M
Swap:         8.0G       353M       7.7G

             total       used       free     shared    buffers     cached
Mem:          992M       914M        77M         0B        84K       1.6M
-/+ buffers/cache:       913M        79M
Swap:         8.0G       370M       7.6G

             total       used       free     shared    buffers     cached
Mem:          992M       920M        71M         0B        92K       1.6M
-/+ buffers/cache:       918M        73M
Swap:         8.0G       370M       7.6G

             total       used       free     shared    buffers     cached
Mem:          992M       927M        64M         0B        92K       1.6M
-/+ buffers/cache:       925M        66M
Swap:         8.0G       370M       7.6G

             total       used       free     shared    buffers     cached
Mem:          992M       931M        61M         0B        92K       1.6M
-/+ buffers/cache:       929M        62M
Swap:         8.0G       370M       7.6G

             total       used       free     shared    buffers     cached
Mem:          992M       921M        70M         0B        92K       1.6M
-/+ buffers/cache:       919M        72M
Swap:         8.0G       389M       7.6G

             total       used       free     shared    buffers     cached
Mem:          992M       923M        68M         0B        92K       1.6M
-/+ buffers/cache:       921M        70M
Swap:         8.0G       388M       7.6G

             total       used       free     shared    buffers     cached
Mem:          992M       925M        66M         0B       100K       1.6M
-/+ buffers/cache:       923M        68M
Swap:         8.0G       386M       7.6G

             total       used       free     shared    buffers     cached
Mem:          992M       927M        64M         0B       100K       1.6M
-/+ buffers/cache:       925M        66M
Swap:         8.0G       385M       7.6G

             total       used       free     shared    buffers     cached
Mem:          992M       929M        62M         0B       100K       1.6M
-/+ buffers/cache:       927M        64M
Swap:         8.0G       383M       7.6G

             total       used       free     shared    buffers     cached
Mem:          992M       918M        74M         0B       100K       1.6M
-/+ buffers/cache:       916M        75M
Swap:         8.0G       398M       7.6G

             total       used       free     shared    buffers     cached
Mem:          992M       919M        72M         0B       100K       1.6M
-/+ buffers/cache:       917M        74M
Swap:         8.0G       397M       7.6G

             total       used       free     shared    buffers     cached
Mem:          992M       923M        69M         0B       216K       2.3M
-/+ buffers/cache:       920M        71M
Swap:         8.0G       395M       7.6G

             total       used       free     shared    buffers     cached
Mem:          992M       925M        66M         0B       224K       2.3M
-/+ buffers/cache:       922M        69M
Swap:         8.0G       394M       7.6G

             total       used       free     shared    buffers     cached
Mem:          992M       927M        64M         0B       224K       2.5M
-/+ buffers/cache:       925M        67M
Swap:         8.0G       393M       7.6G

             total       used       free     shared    buffers     cached
Mem:          992M       930M        62M         0B       224K       2.5M
-/+ buffers/cache:       927M        64M
Swap:         8.0G       392M       7.6G

             total       used       free     shared    buffers     cached
Mem:          992M       920M        71M         0B       200K       2.4M
-/+ buffers/cache:       917M        74M
Swap:         8.0G       393M       7.6G

             total       used       free     shared    buffers     cached
Mem:          992M       922M        69M         0B       200K       2.4M
-/+ buffers/cache:       920M        71M
Swap:         8.0G       392M       7.6G

             total       used       free     shared    buffers     cached
Mem:          992M       925M        66M         0B       208K       2.4M
-/+ buffers/cache:       922M        69M
Swap:         8.0G       391M       7.6G

             total       used       free     shared    buffers     cached
Mem:          992M       928M        64M         0B       208K       2.4M
-/+ buffers/cache:       925M        66M
Swap:         8.0G       390M       7.6G

             total       used       free     shared    buffers     cached
Mem:          992M       930M        61M         0B       208K       2.4M
-/+ buffers/cache:       927M        64M
Swap:         8.0G       389M       7.6G

             total       used       free     shared    buffers     cached
Mem:          992M       917M        74M         0B       208K       2.4M
-/+ buffers/cache:       914M        77M
Swap:         8.0G       408M       7.6G

             total       used       free     shared    buffers     cached
Mem:          992M       919M        72M         0B       208K       2.4M
-/+ buffers/cache:       916M        75M
Swap:         8.0G       407M       7.6G

             total       used       free     shared    buffers     cached
Mem:          992M       922M        70M         0B       216K       2.5M
-/+ buffers/cache:       919M        72M
Swap:         8.0G       406M       7.6G

             total       used       free     shared    buffers     cached
Mem:          992M       924M        67M         0B       216K       2.5M
-/+ buffers/cache:       921M        70M
Swap:         8.0G       405M       7.6G

             total       used       free     shared    buffers     cached
Mem:          992M       926M        65M         0B       216K       2.6M
-/+ buffers/cache:       924M        67M
Swap:         8.0G       404M       7.6G

             total       used       free     shared    buffers     cached
Mem:          992M       929M        62M         0B       216K       2.5M
-/+ buffers/cache:       926M        65M
Swap:         8.0G       403M       7.6G

             total       used       free     shared    buffers     cached
Mem:          992M       931M        60M         0B       216K       2.5M
-/+ buffers/cache:       928M        63M
Swap:         8.0G       402M       7.6G

             total       used       free     shared    buffers     cached
Mem:          992M       919M        72M         0B       216K       2.5M
-/+ buffers/cache:       916M        75M
Swap:         8.0G       417M       7.6G

             total       used       free     shared    buffers     cached
Mem:          992M       921M        70M         0B       224K       2.5M
-/+ buffers/cache:       918M        73M
Swap:         8.0G       416M       7.6G

             total       used       free     shared    buffers     cached
Mem:          992M       923M        68M         0B       224K       2.5M
-/+ buffers/cache:       921M        71M
Swap:         8.0G       415M       7.6G

             total       used       free     shared    buffers     cached
Mem:          992M       922M        69M         0B       236K        20M
-/+ buffers/cache:       901M        90M
Swap:         8.0G       447M       7.6G

             total       used       free     shared    buffers     cached
Mem:          992M       925M        66M         0B       668K        20M
-/+ buffers/cache:       904M        88M
Swap:         8.0G       446M       7.6G

             total       used       free     shared    buffers     cached
Mem:          992M       927M        64M         0B       672K        20M
-/+ buffers/cache:       906M        86M
Swap:         8.0G       445M       7.6G

             total       used       free     shared    buffers     cached
Mem:          992M       929M        62M         0B       684K        20M
-/+ buffers/cache:       908M        83M
Swap:         8.0G       444M       7.6G

             total       used       free     shared    buffers     cached
Mem:          992M       915M        76M         0B       680K        20M
-/+ buffers/cache:       894M        98M
Swap:         8.0G       443M       7.6G

             total       used       free     shared    buffers     cached
Mem:          992M       918M        73M         0B       680K        20M
-/+ buffers/cache:       896M        95M
Swap:         8.0G       442M       7.6G

             total       used       free     shared    buffers     cached
Mem:          992M       920M        71M         0B       680K        20M
-/+ buffers/cache:       899M        93M
Swap:         8.0G       441M       7.6G

             total       used       free     shared    buffers     cached
Mem:          992M       922M        69M         0B       680K        20M
-/+ buffers/cache:       901M        90M
Swap:         8.0G       440M       7.6G

             total       used       free     shared    buffers     cached
Mem:          992M       925M        67M         0B       688K        20M
-/+ buffers/cache:       903M        88M
Swap:         8.0G       439M       7.6G

             total       used       free     shared    buffers     cached
Mem:          992M       927M        64M         0B       688K        20M
-/+ buffers/cache:       905M        86M
Swap:         8.0G       438M       7.6G

             total       used       free     shared    buffers     cached
Mem:          992M       929M        62M         0B       688K        20M
-/+ buffers/cache:       908M        84M
Swap:         8.0G       438M       7.6G

             total       used       free     shared    buffers     cached
Mem:          992M       912M        79M         0B       688K        19M
-/+ buffers/cache:       892M        99M
Swap:         8.0G       470M       7.5G

             total       used       free     shared    buffers     cached
Mem:          992M       915M        76M         0B       692K        19M
-/+ buffers/cache:       894M        97M
Swap:         8.0G       469M       7.5G

             total       used       free     shared    buffers     cached
Mem:          992M       917M        74M         0B       692K        19M
-/+ buffers/cache:       896M        95M
Swap:         8.0G       468M       7.5G

             total       used       free     shared    buffers     cached
Mem:          992M       919M        73M         0B       700K        19M
-/+ buffers/cache:       898M        93M
Swap:         8.0G       467M       7.5G

             total       used       free     shared    buffers     cached
Mem:          992M       921M        70M         0B       700K        19M
-/+ buffers/cache:       900M        91M
Swap:         8.0G       466M       7.5G

             total       used       free     shared    buffers     cached
Mem:          992M       923M        68M         0B       700K        19M
-/+ buffers/cache:       902M        89M
Swap:         8.0G       465M       7.5G

             total       used       free     shared    buffers     cached
Mem:          992M       925M        66M         0B       700K        19M
-/+ buffers/cache:       905M        86M
Swap:         8.0G       464M       7.5G

             total       used       free     shared    buffers     cached
Mem:          992M       928M        63M         0B       700K        19M
-/+ buffers/cache:       907M        84M
Swap:         8.0G       463M       7.5G

             total       used       free     shared    buffers     cached
Mem:          992M       930M        61M         0B       708K        19M
-/+ buffers/cache:       910M        81M
Swap:         8.0G       462M       7.5G

             total       used       free     shared    buffers     cached
Mem:          992M       916M        75M         0B       708K        19M
-/+ buffers/cache:       896M        95M
Swap:         8.0G       462M       7.5G

             total       used       free     shared    buffers     cached
Mem:          992M       918M        73M         0B       708K        19M
-/+ buffers/cache:       898M        93M
Swap:         8.0G       460M       7.5G

             total       used       free     shared    buffers     cached
Mem:          992M       920M        71M         0B       708K        19M
-/+ buffers/cache:       900M        91M
Swap:         8.0G       459M       7.5G

             total       used       free     shared    buffers     cached
Mem:          992M       922M        69M         0B       708K        19M
-/+ buffers/cache:       903M        89M
Swap:         8.0G       458M       7.5G

             total       used       free     shared    buffers     cached
Mem:          992M       924M        67M         0B       716K        19M
-/+ buffers/cache:       904M        87M
Swap:         8.0G       457M       7.5G

             total       used       free     shared    buffers     cached
Mem:          992M       926M        65M         0B       716K        19M
-/+ buffers/cache:       906M        85M
Swap:         8.0G       457M       7.6G

             total       used       free     shared    buffers     cached
Mem:          992M       926M        65M         0B       716K        19M
-/+ buffers/cache:       906M        85M
Swap:         8.0G       457M       7.6G

             total       used       free     shared    buffers     cached
Mem:          992M       926M        65M         0B       716K        19M
-/+ buffers/cache:       906M        85M
Swap:         8.0G       457M       7.6G

             total       used       free     shared    buffers     cached
Mem:          992M       925M        66M       140K       4.4M        32M
-/+ buffers/cache:       888M       103M
Swap:         8.0G       498M       7.5G

             total       used       free     shared    buffers     cached
Mem:          992M       921M        70M       144K       4.4M        34M
-/+ buffers/cache:       883M       109M
Swap:         8.0G       496M       7.5G

             total       used       free     shared    buffers     cached
Mem:          992M       923M        69M       144K       4.4M        34M
-/+ buffers/cache:       884M       107M
Swap:         8.0G       495M       7.5G

             total       used       free     shared    buffers     cached
Mem:          992M       924M        67M       144K       4.4M        34M
-/+ buffers/cache:       886M       106M
Swap:         8.0G       495M       7.5G

             total       used       free     shared    buffers     cached
Mem:          992M       927M        65M       144K       4.4M        34M
-/+ buffers/cache:       888M       104M
Swap:         8.0G       494M       7.5G

             total       used       free     shared    buffers     cached
Mem:          992M       931M        61M       144K       4.4M        35M
-/+ buffers/cache:       891M       100M
Swap:         8.0G       494M       7.5G

             total       used       free     shared    buffers     cached
Mem:          992M       921M        71M       144K       4.4M        31M
-/+ buffers/cache:       884M       107M
Swap:         8.0G       505M       7.5G

             total       used       free     shared    buffers     cached
Mem:          992M       923M        68M       148K       4.4M        32M
-/+ buffers/cache:       886M       105M
Swap:         8.0G       505M       7.5G

             total       used       free     shared    buffers     cached
Mem:          992M       925M        67M       148K       4.4M        32M
-/+ buffers/cache:       888M       104M
Swap:         8.0G       504M       7.5G

             total       used       free     shared    buffers     cached
Mem:          992M       926M        65M       148K       4.4M        32M
-/+ buffers/cache:       889M       103M
Swap:         8.0G       504M       7.5G

             total       used       free     shared    buffers     cached
Mem:          992M       927M        64M       148K       4.4M        32M
-/+ buffers/cache:       890M       101M
Swap:         8.0G       504M       7.5G

             total       used       free     shared    buffers     cached
Mem:          992M       928M        63M       148K       4.5M        32M
-/+ buffers/cache:       890M       101M
Swap:         8.0G       503M       7.5G

             total       used       free     shared    buffers     cached
Mem:          992M       929M        62M       148K       4.5M        33M
-/+ buffers/cache:       892M        99M
Swap:         8.0G       503M       7.5G

             total       used       free     shared    buffers     cached
Mem:          992M       930M        61M       148K       4.5M        33M
-/+ buffers/cache:       892M        99M
Swap:         8.0G       503M       7.5G

             total       used       free     shared    buffers     cached
Mem:          992M       915M        77M       148K       4.5M        30M
-/+ buffers/cache:       880M       111M
Swap:         8.0G       524M       7.5G

             total       used       free     shared    buffers     cached
Mem:          992M       918M        73M       660K       4.5M        30M
-/+ buffers/cache:       882M       109M
Swap:         8.0G       523M       7.5G

             total       used       free     shared    buffers     cached
Mem:          992M       925M        66M       216K       2.4M        47M
-/+ buffers/cache:       875M       116M
Swap:         8.0G       504M       7.5G

             total       used       free     shared    buffers     cached
Mem:          992M       928M        63M       216K       5.0M        61M
-/+ buffers/cache:       862M       130M
Swap:         8.0G       530M       7.5G

             total       used       free     shared    buffers     cached
Mem:          992M       917M        74M       328K       7.7M        80M
-/+ buffers/cache:       829M       162M
Swap:         8.0G       560M       7.5G

             total       used       free     shared    buffers     cached
Mem:          992M       920M        71M       328K       7.7M        80M
-/+ buffers/cache:       832M       159M
Swap:         8.0G       559M       7.5G

             total       used       free     shared    buffers     cached
Mem:          992M       922M        69M       328K       7.7M        80M
-/+ buffers/cache:       833M       158M
Swap:         8.0G       558M       7.5G

             total       used       free     shared    buffers     cached
Mem:          992M       922M        69M       328K       7.7M        80M
-/+ buffers/cache:       834M       157M
Swap:         8.0G       558M       7.5G

             total       used       free     shared    buffers     cached
Mem:          992M       924M        67M       328K       7.7M        80M
-/+ buffers/cache:       835M       156M
Swap:         8.0G       557M       7.5G

             total       used       free     shared    buffers     cached
Mem:          992M       925M        66M       328K       7.7M        80M
-/+ buffers/cache:       837M       155M
Swap:         8.0G       557M       7.5G

             total       used       free     shared    buffers     cached
Mem:          992M       927M        65M       328K       7.7M        80M
-/+ buffers/cache:       838M       153M
Swap:         8.0G       556M       7.5G

             total       used       free     shared    buffers     cached
Mem:          992M       929M        62M       328K       7.7M        81M
-/+ buffers/cache:       839M       152M
Swap:         8.0G       556M       7.5G

             total       used       free     shared    buffers     cached
Mem:          992M       930M        61M       328K       7.9M        81M
-/+ buffers/cache:       841M       150M
Swap:         8.0G       555M       7.5G

             total       used       free     shared    buffers     cached
Mem:          992M       918M        73M       328K       7.5M        76M
-/+ buffers/cache:       834M       157M
Swap:         8.0G       556M       7.5G

             total       used       free     shared    buffers     cached
Mem:          992M       920M        72M       328K       7.5M        76M
-/+ buffers/cache:       836M       156M
Swap:         8.0G       556M       7.5G

             total       used       free     shared    buffers     cached
Mem:          992M       921M        70M       328K       7.5M        76M
-/+ buffers/cache:       837M       154M
Swap:         8.0G       555M       7.5G

             total       used       free     shared    buffers     cached
Mem:          992M       922M        69M       328K       7.5M        76M
-/+ buffers/cache:       838M       153M
Swap:         8.0G       555M       7.5G

             total       used       free     shared    buffers     cached
Mem:          992M       924M        68M       328K       7.5M        76M
-/+ buffers/cache:       840M       151M
Swap:         8.0G       554M       7.5G

             total       used       free     shared    buffers     cached
Mem:          992M       925M        67M       328K       7.5M        76M
-/+ buffers/cache:       841M       150M
Swap:         8.0G       553M       7.5G

             total       used       free     shared    buffers     cached
Mem:          992M       926M        65M       328K       7.5M        76M
-/+ buffers/cache:       842M       149M
Swap:         8.0G       553M       7.5G

             total       used       free     shared    buffers     cached
Mem:          992M       927M        64M       328K       7.5M        76M
-/+ buffers/cache:       843M       148M
Swap:         8.0G       552M       7.5G

             total       used       free     shared    buffers     cached
Mem:          992M       929M        63M       328K       7.5M        76M
-/+ buffers/cache:       845M       146M
Swap:         8.0G       552M       7.5G

             total       used       free     shared    buffers     cached
Mem:          992M       930M        61M       328K       7.5M        76M
-/+ buffers/cache:       846M       145M
Swap:         8.0G       551M       7.5G

             total       used       free     shared    buffers     cached
Mem:          992M       902M        90M       328K       7.2M        68M
-/+ buffers/cache:       826M       165M
Swap:         8.0G       575M       7.4G

             total       used       free     shared    buffers     cached
Mem:          992M       902M        89M       328K       7.2M        68M
-/+ buffers/cache:       827M       164M
Swap:         8.0G       575M       7.4G

             total       used       free     shared    buffers     cached
Mem:          992M       904M        88M       328K       7.2M        68M
-/+ buffers/cache:       828M       163M
Swap:         8.0G       574M       7.4G

             total       used       free     shared    buffers     cached
Mem:          992M       905M        86M       328K       7.2M        68M
-/+ buffers/cache:       829M       162M
Swap:         8.0G       573M       7.4G

             total       used       free     shared    buffers     cached
Mem:          992M       906M        85M       328K       7.2M        68M
-/+ buffers/cache:       831M       161M
Swap:         8.0G       573M       7.4G

             total       used       free     shared    buffers     cached
Mem:          992M       908M        84M       328K       7.2M        68M
-/+ buffers/cache:       832M       159M
Swap:         8.0G       572M       7.4G

             total       used       free     shared    buffers     cached
Mem:          992M       909M        83M       328K       7.2M        68M
-/+ buffers/cache:       833M       158M
Swap:         8.0G       572M       7.4G

             total       used       free     shared    buffers     cached
Mem:          992M       910M        81M       328K       7.2M        68M
-/+ buffers/cache:       835M       157M
Swap:         8.0G       571M       7.4G

             total       used       free     shared    buffers     cached
Mem:          992M       911M        80M       328K       7.2M        68M
-/+ buffers/cache:       836M       155M
Swap:         8.0G       570M       7.4G

             total       used       free     shared    buffers     cached
Mem:          992M       912M        79M       328K       7.2M        68M
-/+ buffers/cache:       837M       154M
Swap:         8.0G       570M       7.4G

             total       used       free     shared    buffers     cached
Mem:          992M       914M        77M       328K       7.2M        68M
-/+ buffers/cache:       838M       153M
Swap:         8.0G       569M       7.4G

             total       used       free     shared    buffers     cached
Mem:          992M       915M        76M       328K       7.2M        68M
-/+ buffers/cache:       839M       152M
Swap:         8.0G       569M       7.4G

             total       used       free     shared    buffers     cached
Mem:          992M       915M        76M       328K       7.3M        68M
-/+ buffers/cache:       840M       151M
Swap:         8.0G       569M       7.4G

             total       used       free     shared    buffers     cached
Mem:          992M       917M        74M       328K       7.3M        68M
-/+ buffers/cache:       841M       150M
Swap:         8.0G       568M       7.4G

             total       used       free     shared    buffers     cached
Mem:          992M       918M        73M       328K       7.3M        68M
-/+ buffers/cache:       843M       149M
Swap:         8.0G       567M       7.4G

             total       used       free     shared    buffers     cached
Mem:          992M       919M        72M       328K       7.3M        68M
-/+ buffers/cache:       844M       147M
Swap:         8.0G       567M       7.4G

             total       used       free     shared    buffers     cached
Mem:          992M       921M        71M       328K       7.3M        68M
-/+ buffers/cache:       845M       146M
Swap:         8.0G       566M       7.4G

             total       used       free     shared    buffers     cached
Mem:          992M       922M        70M       328K       7.3M        68M
-/+ buffers/cache:       846M       145M
Swap:         8.0G       566M       7.4G

             total       used       free     shared    buffers     cached
Mem:          992M       923M        68M       328K       7.3M        68M
-/+ buffers/cache:       847M       144M
Swap:         8.0G       565M       7.4G

             total       used       free     shared    buffers     cached
Mem:          992M       924M        67M       328K       7.3M        68M
-/+ buffers/cache:       848M       143M
Swap:         8.0G       564M       7.4G

             total       used       free     shared    buffers     cached
Mem:          992M       926M        66M       328K       7.3M        68M
-/+ buffers/cache:       850M       141M
Swap:         8.0G       564M       7.4G

             total       used       free     shared    buffers     cached
Mem:          992M       927M        64M       328K       7.3M        68M
-/+ buffers/cache:       851M       140M
Swap:         8.0G       563M       7.4G

             total       used       free     shared    buffers     cached
Mem:          992M       928M        63M       328K       7.3M        68M
-/+ buffers/cache:       853M       138M
Swap:         8.0G       562M       7.4G

             total       used       free     shared    buffers     cached
Mem:          992M       930M        62M       328K       7.3M        68M
-/+ buffers/cache:       854M       137M
Swap:         8.0G       562M       7.4G

             total       used       free     shared    buffers     cached
Mem:          992M       931M        60M       328K       7.3M        68M
-/+ buffers/cache:       855M       136M
Swap:         8.0G       561M       7.4G

             total       used       free     shared    buffers     cached
Mem:          992M       918M        73M       328K       7.1M        66M
-/+ buffers/cache:       845M       147M
Swap:         8.0G       561M       7.4G

             total       used       free     shared    buffers     cached
Mem:          992M       920M        71M       332K       7.1M        67M
-/+ buffers/cache:       846M       145M
Swap:         8.0G       560M       7.4G

             total       used       free     shared    buffers     cached
Mem:          992M       922M        69M       332K       7.1M        67M
-/+ buffers/cache:       848M       144M
Swap:         8.0G       560M       7.5G

             total       used       free     shared    buffers     cached
Mem:          992M       923M        68M       332K       7.1M        67M
-/+ buffers/cache:       849M       142M
Swap:         8.0G       559M       7.5G

             total       used       free     shared    buffers     cached
Mem:          992M       925M        66M       332K       7.1M        67M
-/+ buffers/cache:       850M       141M
Swap:         8.0G       558M       7.5G

             total       used       free     shared    buffers     cached
Mem:          992M       931M        60M       332K       7.1M        68M
-/+ buffers/cache:       855M       136M
Swap:         8.0G       556M       7.5G

             total       used       free     shared    buffers     cached
Mem:          992M       919M        72M       332K       5.1M        66M
-/+ buffers/cache:       848M       143M
Swap:         8.0G       569M       7.4G

             total       used       free     shared    buffers     cached
Mem:          992M       926M        65M       332K       5.1M        67M
-/+ buffers/cache:       853M       138M
Swap:         8.0G       568M       7.4G

             total       used       free     shared    buffers     cached
Mem:          992M       926M        65M       332K       5.1M        67M
-/+ buffers/cache:       853M       138M
Swap:         8.0G       567M       7.4G

             total       used       free     shared    buffers     cached
Mem:          992M       927M        64M       332K       5.1M        67M
-/+ buffers/cache:       854M       137M
Swap:         8.0G       567M       7.4G

             total       used       free     shared    buffers     cached
Mem:          992M       928M        63M       332K       5.1M        67M
-/+ buffers/cache:       855M       136M
Swap:         8.0G       567M       7.4G

             total       used       free     shared    buffers     cached
Mem:          992M       928M        63M       332K       5.1M        67M
-/+ buffers/cache:       855M       136M
Swap:         8.0G       566M       7.4G

             total       used       free     shared    buffers     cached
Mem:          992M       929M        62M       332K       5.1M        67M
-/+ buffers/cache:       856M       135M
Swap:         8.0G       566M       7.4G

             total       used       free     shared    buffers     cached
Mem:          992M       930M        61M       332K       5.1M        67M
-/+ buffers/cache:       857M       134M
Swap:         8.0G       566M       7.4G

             total       used       free     shared    buffers     cached
Mem:          992M       930M        61M       332K       5.1M        67M
-/+ buffers/cache:       857M       134M
Swap:         8.0G       565M       7.4G

             total       used       free     shared    buffers     cached
Mem:          992M       915M        76M       332K       4.1M        64M
-/+ buffers/cache:       847M       145M
Swap:         8.0G       577M       7.4G

             total       used       free     shared    buffers     cached
Mem:          992M       916M        76M       332K       4.1M        64M
-/+ buffers/cache:       847M       144M
Swap:         8.0G       576M       7.4G

             total       used       free     shared    buffers     cached
Mem:          992M       910M        82M       4.0M       2.3M        71M
-/+ buffers/cache:       835M       156M
Swap:         8.0G       600M       7.4G

             total       used       free     shared    buffers     cached
Mem:          992M       916M        76M       360K       2.7M        70M
-/+ buffers/cache:       842M       149M
Swap:         8.0G       597M       7.4G

             total       used       free     shared    buffers     cached
Mem:          992M       916M        75M       360K       2.7M        70M
-/+ buffers/cache:       843M       148M
Swap:         8.0G       596M       7.4G

             total       used       free     shared    buffers     cached
Mem:          992M       918M        74M       360K       2.7M        70M
-/+ buffers/cache:       844M       147M
Swap:         8.0G       596M       7.4G

             total       used       free     shared    buffers     cached
Mem:          992M       919M        72M       360K       2.7M        70M
-/+ buffers/cache:       845M       146M
Swap:         8.0G       595M       7.4G

             total       used       free     shared    buffers     cached
Mem:          992M       920M        71M       360K       2.7M        70M
-/+ buffers/cache:       847M       145M
Swap:         8.0G       594M       7.4G

             total       used       free     shared    buffers     cached
Mem:          992M       921M        70M       360K       2.7M        70M
-/+ buffers/cache:       848M       143M
Swap:         8.0G       594M       7.4G

             total       used       free     shared    buffers     cached
Mem:          992M       923M        68M       360K       2.7M        70M
-/+ buffers/cache:       849M       142M
Swap:         8.0G       593M       7.4G

             total       used       free     shared    buffers     cached
Mem:          992M       924M        67M       360K       2.7M        70M
-/+ buffers/cache:       850M       141M
Swap:         8.0G       592M       7.4G

             total       used       free     shared    buffers     cached
Mem:          992M       927M        65M       360K       2.9M        71M
-/+ buffers/cache:       852M       139M
Swap:         8.0G       591M       7.4G

             total       used       free     shared    buffers     cached
Mem:          992M       928M        63M       360K       2.9M        71M
-/+ buffers/cache:       853M       138M
Swap:         8.0G       591M       7.4G

             total       used       free     shared    buffers     cached
Mem:          992M       929M        62M       360K       2.9M        71M
-/+ buffers/cache:       854M       137M
Swap:         8.0G       590M       7.4G

             total       used       free     shared    buffers     cached
Mem:          992M       930M        61M       360K       2.9M        71M
-/+ buffers/cache:       856M       135M
Swap:         8.0G       589M       7.4G

             total       used       free     shared    buffers     cached
Mem:          992M       914M        78M       360K       2.7M        67M
-/+ buffers/cache:       844M       147M
Swap:         8.0G       607M       7.4G

             total       used       free     shared    buffers     cached
Mem:          992M       915M        77M       360K       2.7M        67M
-/+ buffers/cache:       845M       146M
Swap:         8.0G       607M       7.4G

             total       used       free     shared    buffers     cached
Mem:          992M       916M        75M       360K       2.7M        67M
-/+ buffers/cache:       846M       145M
Swap:         8.0G       606M       7.4G

             total       used       free     shared    buffers     cached
Mem:          992M       917M        74M       360K       2.7M        67M
-/+ buffers/cache:       848M       144M
Swap:         8.0G       605M       7.4G

             total       used       free     shared    buffers     cached
Mem:          992M       919M        72M       360K       2.7M        67M
-/+ buffers/cache:       849M       142M
Swap:         8.0G       604M       7.4G

             total       used       free     shared    buffers     cached
Mem:          992M       920M        71M       360K       2.7M        67M
-/+ buffers/cache:       850M       141M
Swap:         8.0G       604M       7.4G

             total       used       free     shared    buffers     cached
Mem:          992M       921M        70M       360K       2.7M        67M
-/+ buffers/cache:       852M       140M
Swap:         8.0G       603M       7.4G

             total       used       free     shared    buffers     cached
Mem:          992M       923M        68M       360K       2.7M        67M
-/+ buffers/cache:       853M       138M
Swap:         8.0G       602M       7.4G

             total       used       free     shared    buffers     cached
Mem:          992M       924M        67M       360K       2.7M        67M
-/+ buffers/cache:       854M       137M
Swap:         8.0G       601M       7.4G

             total       used       free     shared    buffers     cached
Mem:          992M       925M        66M       360K       2.7M        67M
-/+ buffers/cache:       855M       136M
Swap:         8.0G       601M       7.4G

             total       used       free     shared    buffers     cached
Mem:          992M       927M        64M       360K       2.7M        67M
-/+ buffers/cache:       857M       134M
Swap:         8.0G       600M       7.4G

             total       used       free     shared    buffers     cached
Mem:          992M       928M        63M       360K       2.7M        67M
-/+ buffers/cache:       858M       133M
Swap:         8.0G       600M       7.4G

             total       used       free     shared    buffers     cached
Mem:          992M       929M        62M       360K       2.7M        67M
-/+ buffers/cache:       859M       132M
Swap:         8.0G       599M       7.4G

             total       used       free     shared    buffers     cached
Mem:          992M       931M        61M       360K       2.7M        67M
-/+ buffers/cache:       861M       130M
Swap:         8.0G       598M       7.4G

             total       used       free     shared    buffers     cached
Mem:          992M       916M        75M       360K       2.7M        66M
-/+ buffers/cache:       847M       144M
Swap:         8.0G       598M       7.4G

             total       used       free     shared    buffers     cached
Mem:          992M       917M        74M       360K       2.7M        66M
-/+ buffers/cache:       848M       143M
Swap:         8.0G       597M       7.4G

             total       used       free     shared    buffers     cached
Mem:          992M       918M        73M       360K       2.7M        66M
-/+ buffers/cache:       849M       142M
Swap:         8.0G       596M       7.4G

             total       used       free     shared    buffers     cached
Mem:          992M       920M        72M       360K       2.7M        66M
-/+ buffers/cache:       851M       141M
Swap:         8.0G       596M       7.4G

             total       used       free     shared    buffers     cached
Mem:          992M       921M        70M       360K       2.7M        66M
-/+ buffers/cache:       852M       139M
Swap:         8.0G       595M       7.4G

             total       used       free     shared    buffers     cached
Mem:          992M       922M        69M       360K       2.7M        66M
-/+ buffers/cache:       853M       138M
Swap:         8.0G       595M       7.4G

             total       used       free     shared    buffers     cached
Mem:          992M       923M        68M       360K       2.7M        66M
-/+ buffers/cache:       854M       137M
Swap:         8.0G       594M       7.4G

             total       used       free     shared    buffers     cached
Mem:          992M       925M        66M       360K       2.7M        66M
-/+ buffers/cache:       856M       135M
Swap:         8.0G       594M       7.4G

             total       used       free     shared    buffers     cached
Mem:          992M       926M        65M       360K       2.7M        66M
-/+ buffers/cache:       857M       134M
Swap:         8.0G       593M       7.4G

             total       used       free     shared    buffers     cached
Mem:          992M       927M        64M       360K       2.7M        66M
-/+ buffers/cache:       858M       133M
Swap:         8.0G       592M       7.4G

             total       used       free     shared    buffers     cached
Mem:          992M       929M        62M       360K       2.7M        66M
-/+ buffers/cache:       860M       131M
Swap:         8.0G       592M       7.4G

             total       used       free     shared    buffers     cached
Mem:          992M       930M        61M       360K       2.7M        66M
-/+ buffers/cache:       861M       130M
Swap:         8.0G       591M       7.4G

             total       used       free     shared    buffers     cached
Mem:          992M       902M        89M       360K       2.7M        62M
-/+ buffers/cache:       837M       154M
Swap:         8.0G       617M       7.4G

             total       used       free     shared    buffers     cached
Mem:          992M       904M        88M       360K       2.7M        62M
-/+ buffers/cache:       839M       153M
Swap:         8.0G       617M       7.4G

             total       used       free     shared    buffers     cached
Mem:          992M       915M        77M       408K       6.8M        73M
-/+ buffers/cache:       834M       157M
Swap:         8.0G       628M       7.4G

             total       used       free     shared    buffers     cached
Mem:          992M       916M        75M       412K       6.8M        73M
-/+ buffers/cache:       835M       156M
Swap:         8.0G       628M       7.4G
