             total       used       free     shared    buffers     cached
Mem:          992M       659M       332M       3.2M        38M       289M
-/+ buffers/cache:       331M       660M
Swap:         8.0G         0B       8.0G

             total       used       free     shared    buffers     cached
Mem:          992M       659M       332M       3.2M        38M       289M
-/+ buffers/cache:       330M       661M
Swap:         8.0G         0B       8.0G

             total       used       free     shared    buffers     cached
Mem:          992M       659M       332M       3.2M        38M       289M
-/+ buffers/cache:       330M       661M
Swap:         8.0G         0B       8.0G

             total       used       free     shared    buffers     cached
Mem:          992M       659M       332M       3.2M        38M       289M
-/+ buffers/cache:       330M       661M
Swap:         8.0G         0B       8.0G

             total       used       free     shared    buffers     cached
Mem:          992M       659M       332M       3.2M        38M       289M
-/+ buffers/cache:       330M       661M
Swap:         8.0G         0B       8.0G

             total       used       free     shared    buffers     cached
Mem:          992M       659M       332M       3.2M        38M       289M
-/+ buffers/cache:       330M       661M
Swap:         8.0G         0B       8.0G

             total       used       free     shared    buffers     cached
Mem:          992M       659M       332M       3.2M        38M       289M
-/+ buffers/cache:       330M       661M
Swap:         8.0G         0B       8.0G

             total       used       free     shared    buffers     cached
Mem:          992M       659M       333M       3.2M        38M       289M
-/+ buffers/cache:       330M       661M
Swap:         8.0G         0B       8.0G

             total       used       free     shared    buffers     cached
Mem:          992M       658M       333M       3.2M        38M       289M
-/+ buffers/cache:       330M       661M
Swap:         8.0G         0B       8.0G

             total       used       free     shared    buffers     cached
Mem:          992M       658M       333M       3.2M        38M       289M
-/+ buffers/cache:       330M       662M
Swap:         8.0G         0B       8.0G

             total       used       free     shared    buffers     cached
Mem:          992M       658M       333M       3.2M        38M       289M
-/+ buffers/cache:       330M       662M
Swap:         8.0G         0B       8.0G

             total       used       free     shared    buffers     cached
Mem:          992M       664M       327M       3.2M        38M       290M
-/+ buffers/cache:       335M       656M
Swap:         8.0G         0B       8.0G

             total       used       free     shared    buffers     cached
Mem:          992M       683M       308M       3.2M        38M       290M
-/+ buffers/cache:       354M       637M
Swap:         8.0G         0B       8.0G

             total       used       free     shared    buffers     cached
Mem:          992M       668M       324M       3.2M        38M       291M
-/+ buffers/cache:       338M       654M
Swap:         8.0G         0B       8.0G

             total       used       free     shared    buffers     cached
Mem:          992M       668M       324M       3.2M        38M       291M
-/+ buffers/cache:       338M       654M
Swap:         8.0G         0B       8.0G

             total       used       free     shared    buffers     cached
Mem:          992M       668M       323M       3.2M        38M       291M
-/+ buffers/cache:       338M       653M
Swap:         8.0G         0B       8.0G

             total       used       free     shared    buffers     cached
Mem:          992M       668M       323M       3.2M        38M       291M
-/+ buffers/cache:       338M       653M
Swap:         8.0G         0B       8.0G

             total       used       free     shared    buffers     cached
Mem:          992M       668M       323M       3.2M        38M       291M
-/+ buffers/cache:       338M       653M
Swap:         8.0G         0B       8.0G

             total       used       free     shared    buffers     cached
Mem:          992M       668M       323M       3.2M        38M       291M
-/+ buffers/cache:       338M       653M
Swap:         8.0G         0B       8.0G

             total       used       free     shared    buffers     cached
Mem:          992M       668M       323M       3.2M        38M       291M
-/+ buffers/cache:       338M       653M
Swap:         8.0G         0B       8.0G

             total       used       free     shared    buffers     cached
Mem:          992M       668M       323M       3.2M        38M       291M
-/+ buffers/cache:       338M       653M
Swap:         8.0G         0B       8.0G

             total       used       free     shared    buffers     cached
Mem:          992M       668M       323M       3.2M        38M       291M
-/+ buffers/cache:       338M       653M
Swap:         8.0G         0B       8.0G

             total       used       free     shared    buffers     cached
Mem:          992M       668M       323M       3.2M        38M       291M
-/+ buffers/cache:       338M       653M
Swap:         8.0G         0B       8.0G

             total       used       free     shared    buffers     cached
Mem:          992M       668M       323M       3.2M        38M       291M
-/+ buffers/cache:       338M       653M
Swap:         8.0G         0B       8.0G

             total       used       free     shared    buffers     cached
Mem:          992M       668M       323M       3.2M        38M       291M
-/+ buffers/cache:       338M       653M
Swap:         8.0G         0B       8.0G

             total       used       free     shared    buffers     cached
Mem:          992M       668M       323M       3.2M        38M       291M
-/+ buffers/cache:       338M       653M
Swap:         8.0G         0B       8.0G

             total       used       free     shared    buffers     cached
Mem:          992M       668M       323M       3.2M        38M       291M
-/+ buffers/cache:       338M       653M
Swap:         8.0G         0B       8.0G

             total       used       free     shared    buffers     cached
Mem:          992M       668M       323M       3.2M        38M       291M
-/+ buffers/cache:       338M       653M
Swap:         8.0G         0B       8.0G

             total       used       free     shared    buffers     cached
Mem:          992M       668M       323M       3.2M        38M       291M
-/+ buffers/cache:       338M       653M
Swap:         8.0G         0B       8.0G

             total       used       free     shared    buffers     cached
Mem:          992M       668M       323M       3.2M        38M       291M
-/+ buffers/cache:       338M       653M
Swap:         8.0G         0B       8.0G

             total       used       free     shared    buffers     cached
Mem:          992M       668M       323M       3.2M        38M       291M
-/+ buffers/cache:       338M       653M
Swap:         8.0G         0B       8.0G

             total       used       free     shared    buffers     cached
Mem:          992M       668M       323M       3.2M        38M       291M
-/+ buffers/cache:       338M       653M
Swap:         8.0G         0B       8.0G

             total       used       free     shared    buffers     cached
Mem:          992M       668M       323M       3.2M        38M       291M
-/+ buffers/cache:       338M       653M
Swap:         8.0G         0B       8.0G

             total       used       free     shared    buffers     cached
Mem:          992M       675M       316M       3.2M        38M       291M
-/+ buffers/cache:       345M       646M
Swap:         8.0G         0B       8.0G

             total       used       free     shared    buffers     cached
Mem:          992M       693M       299M       3.2M        38M       291M
-/+ buffers/cache:       362M       629M
Swap:         8.0G         0B       8.0G

             total       used       free     shared    buffers     cached
Mem:          992M       710M       282M       3.2M        38M       291M
-/+ buffers/cache:       379M       612M
Swap:         8.0G         0B       8.0G

             total       used       free     shared    buffers     cached
Mem:          992M       728M       264M       3.2M        38M       291M
-/+ buffers/cache:       397M       594M
Swap:         8.0G         0B       8.0G

             total       used       free     shared    buffers     cached
Mem:          992M       744M       248M       3.2M        38M       291M
-/+ buffers/cache:       413M       578M
Swap:         8.0G         0B       8.0G

             total       used       free     shared    buffers     cached
Mem:          992M       761M       231M       3.2M        38M       291M
-/+ buffers/cache:       430M       561M
Swap:         8.0G         0B       8.0G

             total       used       free     shared    buffers     cached
Mem:          992M       778M       213M       3.2M        38M       291M
-/+ buffers/cache:       447M       544M
Swap:         8.0G         0B       8.0G

             total       used       free     shared    buffers     cached
Mem:          992M       792M       199M       3.2M        38M       291M
-/+ buffers/cache:       462M       529M
Swap:         8.0G         0B       8.0G

             total       used       free     shared    buffers     cached
Mem:          992M       807M       184M       3.2M        38M       291M
-/+ buffers/cache:       477M       514M
Swap:         8.0G         0B       8.0G

             total       used       free     shared    buffers     cached
Mem:          992M       824M       168M       3.2M        38M       291M
-/+ buffers/cache:       493M       498M
Swap:         8.0G         0B       8.0G

             total       used       free     shared    buffers     cached
Mem:          992M       840M       151M       3.2M        38M       291M
-/+ buffers/cache:       510M       481M
Swap:         8.0G         0B       8.0G

             total       used       free     shared    buffers     cached
Mem:          992M       857M       135M       3.2M        38M       291M
-/+ buffers/cache:       526M       465M
Swap:         8.0G         0B       8.0G

             total       used       free     shared    buffers     cached
Mem:          992M       873M       119M       3.2M        38M       291M
-/+ buffers/cache:       542M       449M
Swap:         8.0G         0B       8.0G

             total       used       free     shared    buffers     cached
Mem:          992M       890M       102M       3.2M        38M       291M
-/+ buffers/cache:       559M       432M
Swap:         8.0G         0B       8.0G

             total       used       free     shared    buffers     cached
Mem:          992M       903M        89M       3.2M        38M       291M
-/+ buffers/cache:       572M       419M
Swap:         8.0G         0B       8.0G

             total       used       free     shared    buffers     cached
Mem:          992M       919M        73M       3.2M        38M       291M
-/+ buffers/cache:       588M       403M
Swap:         8.0G         0B       8.0G

             total       used       free     shared    buffers     cached
Mem:          992M       922M        69M       3.2M        26M       290M
-/+ buffers/cache:       606M       386M
Swap:         8.0G         0B       8.0G

             total       used       free     shared    buffers     cached
Mem:          992M       924M        67M       3.2M        10M       289M
-/+ buffers/cache:       624M       368M
Swap:         8.0G         0B       8.0G

             total       used       free     shared    buffers     cached
Mem:          992M       920M        71M       3.2M        10M       273M
-/+ buffers/cache:       637M       354M
Swap:         8.0G        76K       8.0G

             total       used       free     shared    buffers     cached
Mem:          992M       916M        75M       3.1M       9.8M       254M
-/+ buffers/cache:       652M       339M
Swap:         8.0G       168K       8.0G

             total       used       free     shared    buffers     cached
Mem:          992M       931M        60M       3.1M       9.8M       254M
-/+ buffers/cache:       667M       324M
Swap:         8.0G       168K       8.0G

             total       used       free     shared    buffers     cached
Mem:          992M       927M        64M       3.0M       9.8M       236M
-/+ buffers/cache:       681M       310M
Swap:         8.0G       3.6M       8.0G

             total       used       free     shared    buffers     cached
Mem:          992M       915M        76M       2.9M       9.7M       215M
-/+ buffers/cache:       690M       302M
Swap:         8.0G       7.8M       8.0G

             total       used       free     shared    buffers     cached
Mem:          992M       929M        62M       2.9M       9.8M       215M
-/+ buffers/cache:       703M       288M
Swap:         8.0G       7.8M       8.0G

             total       used       free     shared    buffers     cached
Mem:          992M       917M        74M       2.9M       2.2M       198M
-/+ buffers/cache:       716M       275M
Swap:         8.0G       7.8M       8.0G

             total       used       free     shared    buffers     cached
Mem:          992M       920M        72M       2.9M       1.1M       187M
-/+ buffers/cache:       731M       260M
Swap:         8.0G       7.8M       8.0G

             total       used       free     shared    buffers     cached
Mem:          992M       911M        80M       2.9M       216K       165M
-/+ buffers/cache:       745M       247M
Swap:         8.0G       7.8M       8.0G

             total       used       free     shared    buffers     cached
Mem:          992M       926M        65M       2.9M       216K       165M
-/+ buffers/cache:       760M       231M
Swap:         8.0G       7.8M       8.0G

             total       used       free     shared    buffers     cached
Mem:          992M       923M        68M       2.9M       224K       146M
-/+ buffers/cache:       777M       215M
Swap:         8.0G       7.8M       8.0G

             total       used       free     shared    buffers     cached
Mem:          992M       929M        62M       2.9M       236K       146M
-/+ buffers/cache:       782M       209M
Swap:         8.0G       7.8M       8.0G

             total       used       free     shared    buffers     cached
Mem:          992M       926M        65M       2.9M        80K       129M
-/+ buffers/cache:       797M       195M
Swap:         8.0G       7.8M       8.0G

             total       used       free     shared    buffers     cached
Mem:          992M       924M        68M       2.9M        84K       114M
-/+ buffers/cache:       809M       182M
Swap:         8.0G       7.8M       8.0G

             total       used       free     shared    buffers     cached
Mem:          992M       925M        66M       2.9M        84K       100M
-/+ buffers/cache:       824M       167M
Swap:         8.0G       7.8M       8.0G

             total       used       free     shared    buffers     cached
Mem:          992M       926M        65M       2.9M        92K        88M
-/+ buffers/cache:       837M       154M
Swap:         8.0G       7.8M       8.0G

             total       used       free     shared    buffers     cached
Mem:          992M       920M        71M       2.9M        92K        69M
-/+ buffers/cache:       851M       140M
Swap:         8.0G       7.8M       8.0G

             total       used       free     shared    buffers     cached
Mem:          992M       920M        71M       2.9M        96K        53M
-/+ buffers/cache:       866M       125M
Swap:         8.0G       7.8M       8.0G

             total       used       free     shared    buffers     cached
Mem:          992M       920M        71M       2.9M        96K        41M
-/+ buffers/cache:       878M       113M
Swap:         8.0G       8.3M       8.0G

             total       used       free     shared    buffers     cached
Mem:          992M       918M        73M       2.9M       556K        28M
-/+ buffers/cache:       890M       101M
Swap:         8.0G        12M       8.0G

             total       used       free     shared    buffers     cached
Mem:          992M       920M        72M       2.8M       2.5M        18M
-/+ buffers/cache:       899M        92M
Swap:         8.0G        16M       8.0G

             total       used       free     shared    buffers     cached
Mem:          992M       929M        62M       2.8M       2.5M        18M
-/+ buffers/cache:       909M        83M
Swap:         8.0G        21M       8.0G

             total       used       free     shared    buffers     cached
Mem:          992M       930M        61M       2.5M       788K        12M
-/+ buffers/cache:       917M        75M
Swap:         8.0G        33M       8.0G

             total       used       free     shared    buffers     cached
Mem:          992M       919M        72M       2.5M       488K       5.8M
-/+ buffers/cache:       913M        78M
Swap:         8.0G        54M       7.9G

             total       used       free     shared    buffers     cached
Mem:          992M       919M        72M       2.5M       480K       5.8M
-/+ buffers/cache:       913M        78M
Swap:         8.0G        76M       7.9G

             total       used       free     shared    buffers     cached
Mem:          992M       918M        74M       2.5M       480K       5.7M
-/+ buffers/cache:       911M        80M
Swap:         8.0G        76M       7.9G

             total       used       free     shared    buffers     cached
Mem:          992M       930M        61M       2.5M       488K       5.7M
-/+ buffers/cache:       924M        67M
Swap:         8.0G        78M       7.9G

             total       used       free     shared    buffers     cached
Mem:          992M       914M        77M       2.4M       476K       4.9M
-/+ buffers/cache:       909M        82M
Swap:         8.0G       117M       7.9G

             total       used       free     shared    buffers     cached
Mem:          992M       929M        63M       2.4M       476K       4.9M
-/+ buffers/cache:       923M        68M
Swap:         8.0G       117M       7.9G

             total       used       free     shared    buffers     cached
Mem:          992M       923M        68M       2.4M       476K       4.8M
-/+ buffers/cache:       918M        73M
Swap:         8.0G       132M       7.9G

             total       used       free     shared    buffers     cached
Mem:          992M       921M        70M       2.4M       476K       4.7M
-/+ buffers/cache:       916M        75M
Swap:         8.0G       142M       7.9G

             total       used       free     shared    buffers     cached
Mem:          992M       916M        75M       2.4M       484K       4.6M
-/+ buffers/cache:       911M        80M
Swap:         8.0G       163M       7.8G

             total       used       free     shared    buffers     cached
Mem:          992M       930M        61M       2.4M       484K       4.6M
-/+ buffers/cache:       925M        66M
Swap:         8.0G       163M       7.8G

             total       used       free     shared    buffers     cached
Mem:          992M       930M        61M       2.4M       484K       4.6M
-/+ buffers/cache:       925M        66M
Swap:         8.0G       170M       7.8G

             total       used       free     shared    buffers     cached
Mem:          992M       905M        86M       2.4M       468K       4.4M
-/+ buffers/cache:       900M        91M
Swap:         8.0G       216M       7.8G

             total       used       free     shared    buffers     cached
Mem:          992M       918M        73M       2.4M       468K       4.8M
-/+ buffers/cache:       913M        78M
Swap:         8.0G       216M       7.8G

             total       used       free     shared    buffers     cached
Mem:          992M       917M        74M       2.4M       468K       4.7M
-/+ buffers/cache:       912M        80M
Swap:         8.0G       224M       7.8G

             total       used       free     shared    buffers     cached
Mem:          992M       929M        62M       2.4M       476K       4.7M
-/+ buffers/cache:       924M        67M
Swap:         8.0G       224M       7.8G

             total       used       free     shared    buffers     cached
Mem:          992M       920M        71M       2.3M       464K       4.5M
-/+ buffers/cache:       915M        76M
Swap:         8.0G       241M       7.8G

             total       used       free     shared    buffers     cached
Mem:          992M       929M        62M       2.3M       464K       4.5M
-/+ buffers/cache:       924M        67M
Swap:         8.0G       246M       7.8G

             total       used       free     shared    buffers     cached
Mem:          992M       914M        77M       2.3M       432K       4.4M
-/+ buffers/cache:       909M        82M
Swap:         8.0G       273M       7.7G

             total       used       free     shared    buffers     cached
Mem:          992M       920M        71M       2.3M       432K       4.4M
-/+ buffers/cache:       915M        76M
Swap:         8.0G       273M       7.7G

             total       used       free     shared    buffers     cached
Mem:          992M       926M        65M       2.3M       440K       4.4M
-/+ buffers/cache:       921M        70M
Swap:         8.0G       273M       7.7G

             total       used       free     shared    buffers     cached
Mem:          992M       919M        72M       2.3M       328K       4.4M
-/+ buffers/cache:       915M        77M
Swap:         8.0G       279M       7.7G

             total       used       free     shared    buffers     cached
Mem:          992M       926M        66M       2.3M       328K       4.4M
-/+ buffers/cache:       921M        70M
Swap:         8.0G       279M       7.7G

             total       used       free     shared    buffers     cached
Mem:          992M       931M        61M       2.3M       328K       4.4M
-/+ buffers/cache:       926M        65M
Swap:         8.0G       279M       7.7G

             total       used       free     shared    buffers     cached
Mem:          992M       917M        74M       2.3M        76K       4.4M
-/+ buffers/cache:       912M        79M
Swap:         8.0G       297M       7.7G

             total       used       free     shared    buffers     cached
Mem:          992M       922M        69M       2.3M        84K       4.4M
-/+ buffers/cache:       917M        74M
Swap:         8.0G       297M       7.7G

             total       used       free     shared    buffers     cached
Mem:          992M       927M        64M       2.3M        84K       4.4M
-/+ buffers/cache:       922M        69M
Swap:         8.0G       297M       7.7G

             total       used       free     shared    buffers     cached
Mem:          992M       931M        60M       2.3M        84K       4.4M
-/+ buffers/cache:       926M        65M
Swap:         8.0G       297M       7.7G

             total       used       free     shared    buffers     cached
Mem:          992M       921M        70M       2.3M        84K       4.4M
-/+ buffers/cache:       917M        75M
Swap:         8.0G       312M       7.7G

             total       used       free     shared    buffers     cached
Mem:          992M       925M        66M       2.3M        84K       4.4M
-/+ buffers/cache:       921M        71M
Swap:         8.0G       312M       7.7G

             total       used       free     shared    buffers     cached
Mem:          992M       929M        62M       2.3M        84K       4.3M
-/+ buffers/cache:       925M        67M
Swap:         8.0G       312M       7.7G

             total       used       free     shared    buffers     cached
Mem:          992M       917M        74M       1.7M        92K       3.7M
-/+ buffers/cache:       914M        78M
Swap:         8.0G       329M       7.7G

             total       used       free     shared    buffers     cached
Mem:          992M       921M        70M       1.7M        92K       3.7M
-/+ buffers/cache:       918M        74M
Swap:         8.0G       329M       7.7G

             total       used       free     shared    buffers     cached
Mem:          992M       925M        66M       1.7M        92K       3.7M
-/+ buffers/cache:       922M        70M
Swap:         8.0G       329M       7.7G

             total       used       free     shared    buffers     cached
Mem:          992M       929M        62M        44K        92K       2.0M
-/+ buffers/cache:       927M        64M
Swap:         8.0G       319M       7.7G

             total       used       free     shared    buffers     cached
Mem:          992M       920M        71M        32K        92K       2.0M
-/+ buffers/cache:       918M        73M
Swap:         8.0G       329M       7.7G

             total       used       free     shared    buffers     cached
Mem:          992M       931M        60M        16K        96K       1.6M
-/+ buffers/cache:       929M        62M
Swap:         8.0G       497M       7.5G

             total       used       free     shared    buffers     cached
Mem:          992M       871M       120M         0B        84K       1.5M
-/+ buffers/cache:       869M       122M
Swap:         8.0G       471M       7.5G

             total       used       free     shared    buffers     cached
Mem:          992M       871M       120M         0B        84K       1.5M
-/+ buffers/cache:       870M       122M
Swap:         8.0G       471M       7.5G

             total       used       free     shared    buffers     cached
Mem:          992M       891M       100M         0B        96K       1.5M
-/+ buffers/cache:       889M       102M
Swap:         8.0G       436M       7.6G

             total       used       free     shared    buffers     cached
Mem:          992M       922M        70M         0B        96K       1.5M
-/+ buffers/cache:       920M        71M
Swap:         8.0G       384M       7.6G

             total       used       free     shared    buffers     cached
Mem:          992M       919M        72M         0B       100K       1.5M
-/+ buffers/cache:       918M        74M
Swap:         8.0G       337M       7.7G

             total       used       free     shared    buffers     cached
Mem:          992M       923M        68M         0B        92K       1.4M
-/+ buffers/cache:       921M        70M
Swap:         8.0G       319M       7.7G

             total       used       free     shared    buffers     cached
Mem:          992M       923M        68M         0B        84K       1.3M
-/+ buffers/cache:       922M        69M
Swap:         8.0G       317M       7.7G

             total       used       free     shared    buffers     cached
Mem:          992M       920M        71M         0B        84K       1.3M
-/+ buffers/cache:       919M        72M
Swap:         8.0G       327M       7.7G

             total       used       free     shared    buffers     cached
Mem:          992M       918M        73M         0B        84K       1.3M
-/+ buffers/cache:       917M        74M
Swap:         8.0G       331M       7.7G

             total       used       free     shared    buffers     cached
Mem:          992M       920M        71M         0B        84K       1.2M
-/+ buffers/cache:       919M        73M
Swap:         8.0G       328M       7.7G

             total       used       free     shared    buffers     cached
Mem:          992M       920M        71M         0B        92K       1.2M
-/+ buffers/cache:       919M        72M
Swap:         8.0G       333M       7.7G

             total       used       free     shared    buffers     cached
Mem:          992M       920M        71M         0B        92K       1.6M
-/+ buffers/cache:       919M        73M
Swap:         8.0G       328M       7.7G

             total       used       free     shared    buffers     cached
Mem:          992M       926M        65M         0B        92K       1.6M
-/+ buffers/cache:       924M        67M
Swap:         8.0G       327M       7.7G

             total       used       free     shared    buffers     cached
Mem:          992M       919M        72M         0B        92K       1.6M
-/+ buffers/cache:       917M        74M
Swap:         8.0G       335M       7.7G

             total       used       free     shared    buffers     cached
Mem:          992M       926M        65M         0B        92K       1.6M
-/+ buffers/cache:       924M        67M
Swap:         8.0G       335M       7.7G

             total       used       free     shared    buffers     cached
Mem:          992M       913M        78M         0B        84K       1.6M
-/+ buffers/cache:       911M        80M
Swap:         8.0G       354M       7.7G

             total       used       free     shared    buffers     cached
Mem:          992M       918M        73M         0B        84K       1.6M
-/+ buffers/cache:       916M        75M
Swap:         8.0G       354M       7.7G

             total       used       free     shared    buffers     cached
Mem:          992M       924M        67M         0B        84K       1.6M
-/+ buffers/cache:       922M        69M
Swap:         8.0G       354M       7.7G

             total       used       free     shared    buffers     cached
Mem:          992M       930M        61M         0B        84K       1.6M
-/+ buffers/cache:       928M        63M
Swap:         8.0G       354M       7.7G

             total       used       free     shared    buffers     cached
Mem:          992M       919M        72M         0B        76K       9.9M
-/+ buffers/cache:       909M        82M
Swap:         8.0G       384M       7.6G

             total       used       free     shared    buffers     cached
Mem:          992M       923M        68M         0B       236K        12M
-/+ buffers/cache:       911M        81M
Swap:         8.0G       384M       7.6G

             total       used       free     shared    buffers     cached
Mem:          992M       927M        65M         0B       552K        13M
-/+ buffers/cache:       912M        79M
Swap:         8.0G       383M       7.6G

             total       used       free     shared    buffers     cached
Mem:          992M       929M        63M         0B       556K        14M
-/+ buffers/cache:       914M        77M
Swap:         8.0G       382M       7.6G

             total       used       free     shared    buffers     cached
Mem:          992M       930M        61M         0B       556K        14M
-/+ buffers/cache:       916M        76M
Swap:         8.0G       381M       7.6G

             total       used       free     shared    buffers     cached
Mem:          992M       898M        93M         0B       556K        10M
-/+ buffers/cache:       887M       104M
Swap:         8.0G       418M       7.6G

             total       used       free     shared    buffers     cached
Mem:          992M       899M        92M         0B       564K        10M
-/+ buffers/cache:       889M       103M
Swap:         8.0G       418M       7.6G

             total       used       free     shared    buffers     cached
Mem:          992M       901M        90M         0B       696K        10M
-/+ buffers/cache:       890M       101M
Swap:         8.0G       417M       7.6G

             total       used       free     shared    buffers     cached
Mem:          992M       903M        88M         0B       696K        10M
-/+ buffers/cache:       892M        99M
Swap:         8.0G       416M       7.6G

             total       used       free     shared    buffers     cached
Mem:          992M       905M        86M         0B       696K        10M
-/+ buffers/cache:       894M        97M
Swap:         8.0G       415M       7.6G

             total       used       free     shared    buffers     cached
Mem:          992M       907M        84M         0B       696K        10M
-/+ buffers/cache:       896M        96M
Swap:         8.0G       415M       7.6G

             total       used       free     shared    buffers     cached
Mem:          992M       909M        82M         0B       696K        10M
-/+ buffers/cache:       898M        93M
Swap:         8.0G       414M       7.6G

             total       used       free     shared    buffers     cached
Mem:          992M       911M        80M         0B       704K        10M
-/+ buffers/cache:       900M        92M
Swap:         8.0G       413M       7.6G

             total       used       free     shared    buffers     cached
Mem:          992M       913M        79M         0B       704K        10M
-/+ buffers/cache:       901M        90M
Swap:         8.0G       412M       7.6G

             total       used       free     shared    buffers     cached
Mem:          992M       915M        77M         0B       704K        10M
-/+ buffers/cache:       903M        88M
Swap:         8.0G       411M       7.6G

             total       used       free     shared    buffers     cached
Mem:          992M       916M        75M         0B       704K        10M
-/+ buffers/cache:       905M        86M
Swap:         8.0G       410M       7.6G

             total       used       free     shared    buffers     cached
Mem:          992M       918M        73M         0B       704K        10M
-/+ buffers/cache:       907M        84M
Swap:         8.0G       410M       7.6G

             total       used       free     shared    buffers     cached
Mem:          992M       920M        71M         0B       712K        10M
-/+ buffers/cache:       909M        82M
Swap:         8.0G       409M       7.6G

             total       used       free     shared    buffers     cached
Mem:          992M       922M        69M         0B       712K        10M
-/+ buffers/cache:       911M        80M
Swap:         8.0G       408M       7.6G

             total       used       free     shared    buffers     cached
Mem:          992M       924M        67M         0B       712K        10M
-/+ buffers/cache:       913M        78M
Swap:         8.0G       407M       7.6G

             total       used       free     shared    buffers     cached
Mem:          992M       926M        66M         0B       712K        10M
-/+ buffers/cache:       914M        77M
Swap:         8.0G       406M       7.6G

             total       used       free     shared    buffers     cached
Mem:          992M       927M        64M         0B       712K        10M
-/+ buffers/cache:       916M        75M
Swap:         8.0G       405M       7.6G

             total       used       free     shared    buffers     cached
Mem:          992M       929M        62M         0B       720K        10M
-/+ buffers/cache:       918M        73M
Swap:         8.0G       404M       7.6G

             total       used       free     shared    buffers     cached
Mem:          992M       917M        74M         0B       720K        10M
-/+ buffers/cache:       906M        85M
Swap:         8.0G       413M       7.6G

             total       used       free     shared    buffers     cached
Mem:          992M       919M        72M         0B       720K        10M
-/+ buffers/cache:       908M        83M
Swap:         8.0G       412M       7.6G

             total       used       free     shared    buffers     cached
Mem:          992M       921M        70M         0B       720K        10M
-/+ buffers/cache:       910M        81M
Swap:         8.0G       411M       7.6G

             total       used       free     shared    buffers     cached
Mem:          992M       923M        68M         0B       720K        10M
-/+ buffers/cache:       912M        79M
Swap:         8.0G       410M       7.6G

             total       used       free     shared    buffers     cached
Mem:          992M       924M        67M         0B       728K        10M
-/+ buffers/cache:       913M        78M
Swap:         8.0G       410M       7.6G

             total       used       free     shared    buffers     cached
Mem:          992M       926M        65M         0B       728K        10M
-/+ buffers/cache:       915M        76M
Swap:         8.0G       409M       7.6G

             total       used       free     shared    buffers     cached
Mem:          992M       928M        63M         0B       728K        10M
-/+ buffers/cache:       917M        74M
Swap:         8.0G       408M       7.6G

             total       used       free     shared    buffers     cached
Mem:          992M       930M        61M         0B       728K        10M
-/+ buffers/cache:       919M        72M
Swap:         8.0G       407M       7.6G

             total       used       free     shared    buffers     cached
Mem:          992M       920M        71M         0B       728K       9.6M
-/+ buffers/cache:       910M        82M
Swap:         8.0G       416M       7.6G

             total       used       free     shared    buffers     cached
Mem:          992M       922M        69M         0B       728K       9.6M
-/+ buffers/cache:       911M        80M
Swap:         8.0G       416M       7.6G

             total       used       free     shared    buffers     cached
Mem:          992M       924M        67M         0B       736K       9.6M
-/+ buffers/cache:       913M        78M
Swap:         8.0G       415M       7.6G

             total       used       free     shared    buffers     cached
Mem:          992M       925M        66M         0B       736K       9.6M
-/+ buffers/cache:       915M        76M
Swap:         8.0G       414M       7.6G

             total       used       free     shared    buffers     cached
Mem:          992M       927M        64M         0B       736K       9.6M
-/+ buffers/cache:       917M        74M
Swap:         8.0G       413M       7.6G

             total       used       free     shared    buffers     cached
Mem:          992M       929M        62M         0B       736K       9.6M
-/+ buffers/cache:       919M        73M
Swap:         8.0G       412M       7.6G

             total       used       free     shared    buffers     cached
Mem:          992M       925M        67M         0B       736K       9.2M
-/+ buffers/cache:       915M        77M
Swap:         8.0G       413M       7.6G

             total       used       free     shared    buffers     cached
Mem:          992M       920M        71M         0B       712K       7.5M
-/+ buffers/cache:       911M        80M
Swap:         8.0G       420M       7.6G

             total       used       free     shared    buffers     cached
Mem:          992M       922M        70M         0B       712K       7.6M
-/+ buffers/cache:       913M        78M
Swap:         8.0G       419M       7.6G

             total       used       free     shared    buffers     cached
Mem:          992M       924M        67M         0B       712K       7.6M
-/+ buffers/cache:       916M        76M
Swap:         8.0G       418M       7.6G

             total       used       free     shared    buffers     cached
Mem:          992M       926M        65M         0B       720K       7.6M
-/+ buffers/cache:       918M        74M
Swap:         8.0G       417M       7.6G

             total       used       free     shared    buffers     cached
Mem:          992M       927M        64M         0B       720K       7.6M
-/+ buffers/cache:       919M        72M
Swap:         8.0G       416M       7.6G

             total       used       free     shared    buffers     cached
Mem:          992M       929M        62M         0B       728K       7.6M
-/+ buffers/cache:       921M        70M
Swap:         8.0G       415M       7.6G

             total       used       free     shared    buffers     cached
Mem:          992M       919M        72M         0B       240K       2.6M
-/+ buffers/cache:       916M        75M
Swap:         8.0G       417M       7.6G

             total       used       free     shared    buffers     cached
Mem:          992M       921M        70M         0B       524K       2.6M
-/+ buffers/cache:       918M        74M
Swap:         8.0G       416M       7.6G

             total       used       free     shared    buffers     cached
Mem:          992M       923M        69M         0B       524K       2.6M
-/+ buffers/cache:       919M        72M
Swap:         8.0G       415M       7.6G

             total       used       free     shared    buffers     cached
Mem:          992M       925M        67M         0B       528K       2.6M
-/+ buffers/cache:       921M        70M
Swap:         8.0G       414M       7.6G

             total       used       free     shared    buffers     cached
Mem:          992M       927M        65M         0B       528K       2.6M
-/+ buffers/cache:       924M        68M
Swap:         8.0G       413M       7.6G

             total       used       free     shared    buffers     cached
Mem:          992M       929M        63M         0B       536K       2.6M
-/+ buffers/cache:       926M        66M
Swap:         8.0G       412M       7.6G

             total       used       free     shared    buffers     cached
Mem:          992M       931M        60M         0B       536K       2.6M
-/+ buffers/cache:       928M        64M
Swap:         8.0G       411M       7.6G

             total       used       free     shared    buffers     cached
Mem:          992M       909M        82M         0B       940K        31M
-/+ buffers/cache:       877M       115M
Swap:         8.0G       471M       7.5G

             total       used       free     shared    buffers     cached
Mem:          992M       910M        81M        16K       944K        31M
-/+ buffers/cache:       878M       114M
Swap:         8.0G       471M       7.5G

             total       used       free     shared    buffers     cached
Mem:          992M       913M        78M        16K       956K        32M
-/+ buffers/cache:       880M       112M
Swap:         8.0G       469M       7.5G

             total       used       free     shared    buffers     cached
Mem:          992M       914M        77M        28K       956K        32M
-/+ buffers/cache:       881M       111M
Swap:         8.0G       469M       7.5G

             total       used       free     shared    buffers     cached
Mem:          992M       915M        76M        28K       956K        32M
-/+ buffers/cache:       881M       110M
Swap:         8.0G       469M       7.5G

             total       used       free     shared    buffers     cached
Mem:          992M       916M        75M        28K       956K        32M
-/+ buffers/cache:       882M       109M
Swap:         8.0G       468M       7.5G

             total       used       free     shared    buffers     cached
Mem:          992M       917M        74M        28K       956K        32M
-/+ buffers/cache:       883M       108M
Swap:         8.0G       468M       7.5G

             total       used       free     shared    buffers     cached
Mem:          992M       918M        73M        28K       956K        32M
-/+ buffers/cache:       884M       107M
Swap:         8.0G       467M       7.5G

             total       used       free     shared    buffers     cached
Mem:          992M       923M        68M        28K       964K        37M
-/+ buffers/cache:       885M       106M
Swap:         8.0G       467M       7.5G

             total       used       free     shared    buffers     cached
Mem:          992M       925M        66M        28K       1.2M        37M
-/+ buffers/cache:       887M       105M
Swap:         8.0G       466M       7.5G

             total       used       free     shared    buffers     cached
Mem:          992M       911M        80M        32K       2.5M        38M
-/+ buffers/cache:       870M       121M
Swap:         8.0G       497M       7.5G

             total       used       free     shared    buffers     cached
Mem:          992M       913M        79M        32K       2.5M        38M
-/+ buffers/cache:       872M       120M
Swap:         8.0G       496M       7.5G

             total       used       free     shared    buffers     cached
Mem:          992M       914M        77M        32K       2.5M        38M
-/+ buffers/cache:       873M       118M
Swap:         8.0G       495M       7.5G

             total       used       free     shared    buffers     cached
Mem:          992M       915M        77M        32K       2.5M        38M
-/+ buffers/cache:       874M       118M
Swap:         8.0G       495M       7.5G

             total       used       free     shared    buffers     cached
Mem:          992M       915M        76M        32K       2.5M        38M
-/+ buffers/cache:       874M       117M
Swap:         8.0G       494M       7.5G

             total       used       free     shared    buffers     cached
Mem:          992M       917M        75M        32K       2.5M        38M
-/+ buffers/cache:       876M       116M
Swap:         8.0G       494M       7.5G

             total       used       free     shared    buffers     cached
Mem:          992M       918M        74M        32K       2.5M        38M
-/+ buffers/cache:       877M       115M
Swap:         8.0G       494M       7.5G

             total       used       free     shared    buffers     cached
Mem:          992M       919M        73M        32K       2.5M        38M
-/+ buffers/cache:       878M       114M
Swap:         8.0G       493M       7.5G

             total       used       free     shared    buffers     cached
Mem:          992M       920M        72M        32K       2.5M        38M
-/+ buffers/cache:       879M       113M
Swap:         8.0G       492M       7.5G

             total       used       free     shared    buffers     cached
Mem:          992M       921M        70M        32K       2.5M        38M
-/+ buffers/cache:       880M       111M
Swap:         8.0G       492M       7.5G

             total       used       free     shared    buffers     cached
Mem:          992M       922M        69M        32K       2.5M        38M
-/+ buffers/cache:       881M       110M
Swap:         8.0G       491M       7.5G

             total       used       free     shared    buffers     cached
Mem:          992M       923M        68M        32K       2.5M        38M
-/+ buffers/cache:       882M       109M
Swap:         8.0G       491M       7.5G

             total       used       free     shared    buffers     cached
Mem:          992M       925M        66M        44K       2.5M        38M
-/+ buffers/cache:       884M       107M
Swap:         8.0G       490M       7.5G

             total       used       free     shared    buffers     cached
Mem:          992M       926M        65M        44K       2.6M        38M
-/+ buffers/cache:       885M       106M
Swap:         8.0G       489M       7.5G

             total       used       free     shared    buffers     cached
Mem:          992M       927M        64M        44K       2.6M        38M
-/+ buffers/cache:       886M       105M
Swap:         8.0G       489M       7.5G

             total       used       free     shared    buffers     cached
Mem:          992M       928M        63M        44K       2.6M        38M
-/+ buffers/cache:       887M       104M
Swap:         8.0G       488M       7.5G

             total       used       free     shared    buffers     cached
Mem:          992M       930M        62M        44K       2.6M        38M
-/+ buffers/cache:       888M       103M
Swap:         8.0G       487M       7.5G

             total       used       free     shared    buffers     cached
Mem:          992M       931M        60M        44K       2.6M        38M
-/+ buffers/cache:       890M       101M
Swap:         8.0G       487M       7.5G

             total       used       free     shared    buffers     cached
Mem:          992M       916M        76M        44K       2.6M        38M
-/+ buffers/cache:       875M       116M
Swap:         8.0G       489M       7.5G

             total       used       free     shared    buffers     cached
Mem:          992M       917M        74M        44K       2.6M        38M
-/+ buffers/cache:       876M       115M
Swap:         8.0G       489M       7.5G

             total       used       free     shared    buffers     cached
Mem:          992M       918M        73M        44K       2.6M        38M
-/+ buffers/cache:       878M       114M
Swap:         8.0G       488M       7.5G

             total       used       free     shared    buffers     cached
Mem:          992M       919M        72M        44K       2.6M        38M
-/+ buffers/cache:       878M       113M
Swap:         8.0G       487M       7.5G

             total       used       free     shared    buffers     cached
Mem:          992M       921M        71M        44K       2.6M        38M
-/+ buffers/cache:       880M       111M
Swap:         8.0G       487M       7.5G

             total       used       free     shared    buffers     cached
Mem:          992M       922M        69M        44K       2.6M        38M
-/+ buffers/cache:       881M       110M
Swap:         8.0G       486M       7.5G

             total       used       free     shared    buffers     cached
Mem:          992M       923M        68M        44K       2.6M        38M
-/+ buffers/cache:       883M       109M
Swap:         8.0G       485M       7.5G

             total       used       free     shared    buffers     cached
Mem:          992M       925M        66M        44K       2.6M        38M
-/+ buffers/cache:       884M       107M
Swap:         8.0G       485M       7.5G

             total       used       free     shared    buffers     cached
Mem:          992M       926M        65M        44K       2.6M        38M
-/+ buffers/cache:       886M       106M
Swap:         8.0G       484M       7.5G

             total       used       free     shared    buffers     cached
Mem:          992M       928M        64M        44K       2.6M        38M
-/+ buffers/cache:       887M       104M
Swap:         8.0G       483M       7.5G

             total       used       free     shared    buffers     cached
Mem:          992M       929M        62M        44K       2.6M        38M
-/+ buffers/cache:       888M       103M
Swap:         8.0G       482M       7.5G

             total       used       free     shared    buffers     cached
Mem:          992M       930M        61M        44K       2.6M        38M
-/+ buffers/cache:       890M       101M
Swap:         8.0G       482M       7.5G

             total       used       free     shared    buffers     cached
Mem:          992M       913M        78M        44K       1.7M        36M
-/+ buffers/cache:       875M       116M
Swap:         8.0G       504M       7.5G

             total       used       free     shared    buffers     cached
Mem:          992M       914M        77M        44K       1.7M        36M
-/+ buffers/cache:       876M       115M
Swap:         8.0G       503M       7.5G

             total       used       free     shared    buffers     cached
Mem:          992M       916M        76M        44K       1.7M        36M
-/+ buffers/cache:       878M       114M
Swap:         8.0G       502M       7.5G

             total       used       free     shared    buffers     cached
Mem:          992M       917M        74M        44K       1.7M        36M
-/+ buffers/cache:       879M       112M
Swap:         8.0G       502M       7.5G

             total       used       free     shared    buffers     cached
Mem:          992M       918M        73M        44K       1.7M        36M
-/+ buffers/cache:       880M       111M
Swap:         8.0G       501M       7.5G

             total       used       free     shared    buffers     cached
Mem:          992M       920M        71M        44K       1.8M        36M
-/+ buffers/cache:       882M       110M
Swap:         8.0G       500M       7.5G

             total       used       free     shared    buffers     cached
Mem:          992M       921M        70M        44K       1.8M        36M
-/+ buffers/cache:       883M       108M
Swap:         8.0G       500M       7.5G

             total       used       free     shared    buffers     cached
Mem:          992M       923M        69M        44K       1.8M        36M
-/+ buffers/cache:       884M       107M
Swap:         8.0G       499M       7.5G

             total       used       free     shared    buffers     cached
Mem:          992M       924M        67M        44K       1.8M        36M
-/+ buffers/cache:       886M       105M
Swap:         8.0G       498M       7.5G

             total       used       free     shared    buffers     cached
Mem:          992M       925M        66M        44K       1.8M        36M
-/+ buffers/cache:       887M       104M
Swap:         8.0G       497M       7.5G

             total       used       free     shared    buffers     cached
Mem:          992M       926M        65M        44K       1.8M        36M
-/+ buffers/cache:       888M       103M
Swap:         8.0G       496M       7.5G

             total       used       free     shared    buffers     cached
Mem:          992M       928M        63M        44K       1.8M        36M
-/+ buffers/cache:       890M       101M
Swap:         8.0G       496M       7.5G

             total       used       free     shared    buffers     cached
Mem:          992M       929M        62M        44K       1.8M        36M
-/+ buffers/cache:       891M       100M
Swap:         8.0G       495M       7.5G

             total       used       free     shared    buffers     cached
Mem:          992M       931M        60M        44K       1.8M        36M
-/+ buffers/cache:       893M        98M
Swap:         8.0G       494M       7.5G

             total       used       free     shared    buffers     cached
Mem:          992M       920M        71M        44K       1.8M        35M
-/+ buffers/cache:       883M       108M
Swap:         8.0G       496M       7.5G

             total       used       free     shared    buffers     cached
Mem:          992M       922M        69M        44K       1.8M        35M
-/+ buffers/cache:       884M       107M
Swap:         8.0G       495M       7.5G

             total       used       free     shared    buffers     cached
Mem:          992M       923M        68M        44K       1.8M        35M
-/+ buffers/cache:       885M       106M
Swap:         8.0G       495M       7.5G

             total       used       free     shared    buffers     cached
Mem:          992M       924M        67M        44K       1.8M        35M
-/+ buffers/cache:       887M       104M
Swap:         8.0G       494M       7.5G

             total       used       free     shared    buffers     cached
Mem:          992M       926M        66M        44K       1.8M        35M
-/+ buffers/cache:       888M       103M
Swap:         8.0G       493M       7.5G

             total       used       free     shared    buffers     cached
Mem:          992M       927M        64M        44K       1.8M        35M
-/+ buffers/cache:       889M       102M
Swap:         8.0G       493M       7.5G

             total       used       free     shared    buffers     cached
Mem:          992M       928M        63M        44K       1.8M        35M
-/+ buffers/cache:       891M       101M
Swap:         8.0G       492M       7.5G

             total       used       free     shared    buffers     cached
Mem:          992M       930M        61M        44K       1.8M        35M
-/+ buffers/cache:       892M        99M
Swap:         8.0G       491M       7.5G

             total       used       free     shared    buffers     cached
Mem:          992M       910M        81M        44K       1.8M        34M
-/+ buffers/cache:       874M       117M
Swap:         8.0G       512M       7.5G

             total       used       free     shared    buffers     cached
Mem:          992M       912M        79M        44K       1.8M        34M
-/+ buffers/cache:       875M       116M
Swap:         8.0G       512M       7.5G

             total       used       free     shared    buffers     cached
Mem:          992M       913M        78M        44K       1.8M        34M
-/+ buffers/cache:       877M       114M
Swap:         8.0G       511M       7.5G

             total       used       free     shared    buffers     cached
Mem:          992M       916M        76M        48K       1.8M        35M
-/+ buffers/cache:       878M       113M
Swap:         8.0G       510M       7.5G

             total       used       free     shared    buffers     cached
Mem:          992M       917M        74M        48K       1.8M        35M
-/+ buffers/cache:       880M       111M
Swap:         8.0G       509M       7.5G

             total       used       free     shared    buffers     cached
Mem:          992M       918M        73M        48K       1.8M        35M
-/+ buffers/cache:       881M       110M
Swap:         8.0G       509M       7.5G

             total       used       free     shared    buffers     cached
Mem:          992M       920M        71M        48K       1.8M        35M
-/+ buffers/cache:       883M       109M
Swap:         8.0G       508M       7.5G

             total       used       free     shared    buffers     cached
Mem:          992M       927M        64M        48K       1.8M        36M
-/+ buffers/cache:       888M       103M
Swap:         8.0G       505M       7.5G

             total       used       free     shared    buffers     cached
Mem:          992M       929M        62M        48K       1.8M        36M
-/+ buffers/cache:       890M       101M
Swap:         8.0G       504M       7.5G

             total       used       free     shared    buffers     cached
Mem:          992M       930M        61M        48K       1.8M        36M
-/+ buffers/cache:       892M       100M
Swap:         8.0G       503M       7.5G

             total       used       free     shared    buffers     cached
Mem:          992M       923M        68M        48K       1.8M        35M
-/+ buffers/cache:       886M       105M
Swap:         8.0G       510M       7.5G

             total       used       free     shared    buffers     cached
Mem:          992M       925M        66M        48K       1.8M        35M
-/+ buffers/cache:       887M       104M
Swap:         8.0G       509M       7.5G

             total       used       free     shared    buffers     cached
Mem:          992M       926M        65M        48K       1.8M        35M
-/+ buffers/cache:       888M       103M
Swap:         8.0G       508M       7.5G

             total       used       free     shared    buffers     cached
Mem:          992M       926M        65M        48K       1.8M        35M
-/+ buffers/cache:       889M       102M
Swap:         8.0G       508M       7.5G

             total       used       free     shared    buffers     cached
Mem:          992M       927M        64M        48K       1.8M        35M
-/+ buffers/cache:       890M       102M
Swap:         8.0G       508M       7.5G

             total       used       free     shared    buffers     cached
Mem:          992M       928M        63M        48K       1.8M        35M
-/+ buffers/cache:       890M       101M
Swap:         8.0G       507M       7.5G

             total       used       free     shared    buffers     cached
Mem:          992M       929M        63M        48K       1.8M        35M
-/+ buffers/cache:       891M       100M
Swap:         8.0G       507M       7.5G

             total       used       free     shared    buffers     cached
Mem:          992M       929M        62M        48K       1.8M        35M
-/+ buffers/cache:       892M        99M
Swap:         8.0G       506M       7.5G

             total       used       free     shared    buffers     cached
Mem:          992M       930M        61M        48K       1.8M        35M
-/+ buffers/cache:       893M        98M
Swap:         8.0G       506M       7.5G

             total       used       free     shared    buffers     cached
Mem:          992M       931M        60M        48K       1.8M        35M
-/+ buffers/cache:       893M        98M
Swap:         8.0G       506M       7.5G

             total       used       free     shared    buffers     cached
Mem:          992M       917M        75M        48K       1.8M        32M
-/+ buffers/cache:       882M       109M
Swap:         8.0G       507M       7.5G

             total       used       free     shared    buffers     cached
Mem:          992M       922M        69M       256K       2.1M        48M
-/+ buffers/cache:       871M       120M
Swap:         8.0G       539M       7.5G

             total       used       free     shared    buffers     cached
Mem:          992M       922M        70M       3.9M       5.1M        55M
-/+ buffers/cache:       861M       130M
Swap:         8.0G       554M       7.5G

             total       used       free     shared    buffers     cached
Mem:          992M       919M        72M       3.9M       5.1M        66M
-/+ buffers/cache:       847M       144M
Swap:         8.0G       562M       7.4G

             total       used       free     shared    buffers     cached
Mem:          992M       921M        71M       268K       5.2M        64M
-/+ buffers/cache:       850M       141M
Swap:         8.0G       568M       7.4G

             total       used       free     shared    buffers     cached
Mem:          992M       920M        71M       272K       5.2M        64M
-/+ buffers/cache:       850M       141M
Swap:         8.0G       568M       7.4G

             total       used       free     shared    buffers     cached
Mem:          992M       921M        70M       272K       5.2M        64M
-/+ buffers/cache:       851M       140M
Swap:         8.0G       567M       7.4G

             total       used       free     shared    buffers     cached
Mem:          992M       922M        69M       272K       5.2M        64M
-/+ buffers/cache:       852M       139M
Swap:         8.0G       567M       7.4G

             total       used       free     shared    buffers     cached
Mem:          992M       925M        67M       272K       5.3M        65M
-/+ buffers/cache:       854M       138M
Swap:         8.0G       566M       7.4G

             total       used       free     shared    buffers     cached
Mem:          992M       926M        65M       272K       5.3M        65M
-/+ buffers/cache:       855M       136M
Swap:         8.0G       565M       7.4G

             total       used       free     shared    buffers     cached
Mem:          992M       928M        64M       272K       5.3M        65M
-/+ buffers/cache:       857M       135M
Swap:         8.0G       565M       7.4G

             total       used       free     shared    buffers     cached
Mem:          992M       929M        62M       272K       5.3M        65M
-/+ buffers/cache:       858M       133M
Swap:         8.0G       564M       7.4G

             total       used       free     shared    buffers     cached
Mem:          992M       930M        61M       272K       5.3M        65M
-/+ buffers/cache:       859M       132M
Swap:         8.0G       563M       7.4G

             total       used       free     shared    buffers     cached
Mem:          992M       914M        77M       272K       5.2M        63M
-/+ buffers/cache:       846M       146M
Swap:         8.0G       577M       7.4G

             total       used       free     shared    buffers     cached
Mem:          992M       915M        76M       272K       5.2M        63M
-/+ buffers/cache:       846M       145M
Swap:         8.0G       576M       7.4G

             total       used       free     shared    buffers     cached
Mem:          992M       916M        75M       272K       5.2M        63M
-/+ buffers/cache:       848M       143M
Swap:         8.0G       576M       7.4G

             total       used       free     shared    buffers     cached
Mem:          992M       918M        73M       272K       5.2M        63M
-/+ buffers/cache:       849M       142M
Swap:         8.0G       575M       7.4G

             total       used       free     shared    buffers     cached
Mem:          992M       919M        72M       272K       5.2M        63M
-/+ buffers/cache:       850M       141M
Swap:         8.0G       574M       7.4G

             total       used       free     shared    buffers     cached
Mem:          992M       921M        71M       272K       5.2M        63M
-/+ buffers/cache:       852M       139M
Swap:         8.0G       574M       7.4G

             total       used       free     shared    buffers     cached
Mem:          992M       922M        69M       272K       5.2M        63M
-/+ buffers/cache:       853M       138M
Swap:         8.0G       573M       7.4G

             total       used       free     shared    buffers     cached
Mem:          992M       923M        68M       272K       5.2M        63M
-/+ buffers/cache:       854M       137M
Swap:         8.0G       572M       7.4G

             total       used       free     shared    buffers     cached
Mem:          992M       924M        67M       272K       5.2M        63M
-/+ buffers/cache:       855M       136M
Swap:         8.0G       572M       7.4G

             total       used       free     shared    buffers     cached
Mem:          992M       925M        66M       272K       5.2M        63M
-/+ buffers/cache:       857M       135M
Swap:         8.0G       571M       7.4G

             total       used       free     shared    buffers     cached
Mem:          992M       927M        65M       272K       5.2M        63M
-/+ buffers/cache:       858M       133M
Swap:         8.0G       570M       7.4G

             total       used       free     shared    buffers     cached
Mem:          992M       928M        63M       272K       5.2M        63M
-/+ buffers/cache:       859M       132M
Swap:         8.0G       570M       7.4G

             total       used       free     shared    buffers     cached
Mem:          992M       929M        62M       272K       5.2M        63M
-/+ buffers/cache:       860M       131M
Swap:         8.0G       569M       7.4G

             total       used       free     shared    buffers     cached
Mem:          992M       931M        61M       272K       5.2M        63M
-/+ buffers/cache:       862M       129M
Swap:         8.0G       568M       7.4G

             total       used       free     shared    buffers     cached
Mem:          992M       914M        77M       272K       5.2M        61M
-/+ buffers/cache:       848M       143M
Swap:         8.0G       581M       7.4G

             total       used       free     shared    buffers     cached
Mem:          992M       916M        76M       272K       5.2M        61M
-/+ buffers/cache:       849M       142M
Swap:         8.0G       580M       7.4G

             total       used       free     shared    buffers     cached
Mem:          992M       917M        74M       272K       5.2M        61M
-/+ buffers/cache:       850M       141M
Swap:         8.0G       580M       7.4G

             total       used       free     shared    buffers     cached
Mem:          992M       918M        73M       272K       5.2M        61M
-/+ buffers/cache:       852M       140M
Swap:         8.0G       579M       7.4G

             total       used       free     shared    buffers     cached
Mem:          992M       920M        72M       272K       5.2M        61M
-/+ buffers/cache:       853M       138M
Swap:         8.0G       578M       7.4G

             total       used       free     shared    buffers     cached
Mem:          992M       921M        70M       272K       5.2M        61M
-/+ buffers/cache:       854M       137M
Swap:         8.0G       577M       7.4G

             total       used       free     shared    buffers     cached
Mem:          992M       922M        69M       272K       5.2M        61M
-/+ buffers/cache:       856M       135M
Swap:         8.0G       577M       7.4G

             total       used       free     shared    buffers     cached
Mem:          992M       924M        67M       272K       5.2M        61M
-/+ buffers/cache:       857M       134M
Swap:         8.0G       576M       7.4G

             total       used       free     shared    buffers     cached
Mem:          992M       920M        71M       324K       6.2M        68M
-/+ buffers/cache:       846M       146M
Swap:         8.0G       584M       7.4G

             total       used       free     shared    buffers     cached
Mem:          992M       918M        73M       348K       9.5M        74M
-/+ buffers/cache:       834M       157M
Swap:         8.0G       596M       7.4G
