             total       used       free     shared    buffers     cached
Mem:          2.0G       659M       1.3G       3.2M        38M       289M
-/+ buffers/cache:       331M       1.6G
Swap:         8.0G         0B       8.0G

             total       used       free     shared    buffers     cached
Mem:          2.0G       658M       1.3G       1.4M        38M       287M
-/+ buffers/cache:       331M       1.6G
Swap:         8.0G         0B       8.0G

             total       used       free     shared    buffers     cached
Mem:          2.0G       658M       1.3G       1.4M        38M       287M
-/+ buffers/cache:       331M       1.6G
Swap:         8.0G         0B       8.0G

             total       used       free     shared    buffers     cached
Mem:          2.0G       658M       1.3G       1.4M        38M       287M
-/+ buffers/cache:       331M       1.6G
Swap:         8.0G         0B       8.0G

             total       used       free     shared    buffers     cached
Mem:          2.0G       658M       1.3G       1.4M        38M       287M
-/+ buffers/cache:       331M       1.6G
Swap:         8.0G         0B       8.0G

             total       used       free     shared    buffers     cached
Mem:          2.0G       658M       1.3G       1.4M        38M       287M
-/+ buffers/cache:       331M       1.6G
Swap:         8.0G         0B       8.0G

             total       used       free     shared    buffers     cached
Mem:          2.0G       658M       1.3G       1.4M        38M       287M
-/+ buffers/cache:       331M       1.6G
Swap:         8.0G         0B       8.0G

             total       used       free     shared    buffers     cached
Mem:          2.0G       657M       1.3G       1.4M        38M       287M
-/+ buffers/cache:       331M       1.6G
Swap:         8.0G         0B       8.0G

             total       used       free     shared    buffers     cached
Mem:          2.0G       657M       1.3G       1.4M        38M       288M
-/+ buffers/cache:       330M       1.6G
Swap:         8.0G         0B       8.0G

             total       used       free     shared    buffers     cached
Mem:          2.0G       660M       1.3G       1.4M        38M       288M
-/+ buffers/cache:       334M       1.6G
Swap:         8.0G         0B       8.0G

             total       used       free     shared    buffers     cached
Mem:          2.0G       677M       1.3G       1.4M        38M       288M
-/+ buffers/cache:       350M       1.6G
Swap:         8.0G         0B       8.0G

             total       used       free     shared    buffers     cached
Mem:          2.0G       688M       1.3G       1.4M        38M       288M
-/+ buffers/cache:       361M       1.6G
Swap:         8.0G         0B       8.0G

             total       used       free     shared    buffers     cached
Mem:          2.0G       666M       1.3G       1.4M        38M       289M
-/+ buffers/cache:       338M       1.6G
Swap:         8.0G         0B       8.0G

             total       used       free     shared    buffers     cached
Mem:          2.0G       674M       1.3G       1.4M        38M       289M
-/+ buffers/cache:       346M       1.6G
Swap:         8.0G         0B       8.0G

             total       used       free     shared    buffers     cached
Mem:          2.0G       667M       1.3G       1.4M        38M       289M
-/+ buffers/cache:       339M       1.6G
Swap:         8.0G         0B       8.0G

             total       used       free     shared    buffers     cached
Mem:          2.0G       667M       1.3G       1.4M        38M       289M
-/+ buffers/cache:       339M       1.6G
Swap:         8.0G         0B       8.0G

             total       used       free     shared    buffers     cached
Mem:          2.0G       667M       1.3G       1.4M        38M       289M
-/+ buffers/cache:       339M       1.6G
Swap:         8.0G         0B       8.0G

             total       used       free     shared    buffers     cached
Mem:          2.0G       667M       1.3G       1.4M        38M       289M
-/+ buffers/cache:       338M       1.6G
Swap:         8.0G         0B       8.0G

             total       used       free     shared    buffers     cached
Mem:          2.0G       667M       1.3G       1.4M        38M       289M
-/+ buffers/cache:       339M       1.6G
Swap:         8.0G         0B       8.0G

             total       used       free     shared    buffers     cached
Mem:          2.0G       667M       1.3G       1.4M        38M       289M
-/+ buffers/cache:       338M       1.6G
Swap:         8.0G         0B       8.0G

             total       used       free     shared    buffers     cached
Mem:          2.0G       667M       1.3G       1.4M        38M       289M
-/+ buffers/cache:       338M       1.6G
Swap:         8.0G         0B       8.0G

             total       used       free     shared    buffers     cached
Mem:          2.0G       667M       1.3G       1.4M        38M       289M
-/+ buffers/cache:       339M       1.6G
Swap:         8.0G         0B       8.0G

             total       used       free     shared    buffers     cached
Mem:          2.0G       667M       1.3G       1.4M        38M       289M
-/+ buffers/cache:       339M       1.6G
Swap:         8.0G         0B       8.0G

             total       used       free     shared    buffers     cached
Mem:          2.0G       667M       1.3G       1.4M        38M       289M
-/+ buffers/cache:       339M       1.6G
Swap:         8.0G         0B       8.0G

             total       used       free     shared    buffers     cached
Mem:          2.0G       667M       1.3G       1.4M        38M       289M
-/+ buffers/cache:       339M       1.6G
Swap:         8.0G         0B       8.0G

             total       used       free     shared    buffers     cached
Mem:          2.0G       667M       1.3G       1.4M        38M       289M
-/+ buffers/cache:       339M       1.6G
Swap:         8.0G         0B       8.0G

             total       used       free     shared    buffers     cached
Mem:          2.0G       667M       1.3G       1.4M        38M       289M
-/+ buffers/cache:       339M       1.6G
Swap:         8.0G         0B       8.0G

             total       used       free     shared    buffers     cached
Mem:          2.0G       667M       1.3G       1.4M        38M       289M
-/+ buffers/cache:       339M       1.6G
Swap:         8.0G         0B       8.0G

             total       used       free     shared    buffers     cached
Mem:          2.0G       667M       1.3G       1.4M        38M       289M
-/+ buffers/cache:       339M       1.6G
Swap:         8.0G         0B       8.0G

             total       used       free     shared    buffers     cached
Mem:          2.0G       667M       1.3G       1.4M        38M       289M
-/+ buffers/cache:       339M       1.6G
Swap:         8.0G         0B       8.0G

             total       used       free     shared    buffers     cached
Mem:          2.0G       667M       1.3G       1.4M        38M       289M
-/+ buffers/cache:       339M       1.6G
Swap:         8.0G         0B       8.0G

             total       used       free     shared    buffers     cached
Mem:          2.0G       667M       1.3G       1.4M        38M       289M
-/+ buffers/cache:       339M       1.6G
Swap:         8.0G         0B       8.0G

             total       used       free     shared    buffers     cached
Mem:          2.0G       667M       1.3G       1.4M        38M       289M
-/+ buffers/cache:       339M       1.6G
Swap:         8.0G         0B       8.0G

             total       used       free     shared    buffers     cached
Mem:          2.0G       672M       1.3G       1.4M        38M       289M
-/+ buffers/cache:       344M       1.6G
Swap:         8.0G         0B       8.0G

             total       used       free     shared    buffers     cached
Mem:          2.0G       687M       1.3G       1.4M        38M       289M
-/+ buffers/cache:       359M       1.6G
Swap:         8.0G         0B       8.0G

             total       used       free     shared    buffers     cached
Mem:          2.0G       702M       1.3G       1.4M        38M       289M
-/+ buffers/cache:       374M       1.6G
Swap:         8.0G         0B       8.0G

             total       used       free     shared    buffers     cached
Mem:          2.0G       717M       1.3G       1.4M        38M       289M
-/+ buffers/cache:       389M       1.6G
Swap:         8.0G         0B       8.0G

             total       used       free     shared    buffers     cached
Mem:          2.0G       732M       1.2G       1.4M        38M       289M
-/+ buffers/cache:       404M       1.6G
Swap:         8.0G         0B       8.0G

             total       used       free     shared    buffers     cached
Mem:          2.0G       747M       1.2G       1.4M        38M       289M
-/+ buffers/cache:       419M       1.5G
Swap:         8.0G         0B       8.0G

             total       used       free     shared    buffers     cached
Mem:          2.0G       762M       1.2G       1.4M        38M       289M
-/+ buffers/cache:       434M       1.5G
Swap:         8.0G         0B       8.0G

             total       used       free     shared    buffers     cached
Mem:          2.0G       777M       1.2G       1.4M        38M       289M
-/+ buffers/cache:       449M       1.5G
Swap:         8.0G         0B       8.0G

             total       used       free     shared    buffers     cached
Mem:          2.0G       790M       1.2G       1.4M        38M       289M
-/+ buffers/cache:       462M       1.5G
Swap:         8.0G         0B       8.0G

             total       used       free     shared    buffers     cached
Mem:          2.0G       805M       1.2G       1.4M        38M       289M
-/+ buffers/cache:       477M       1.5G
Swap:         8.0G         0B       8.0G

             total       used       free     shared    buffers     cached
Mem:          2.0G       824M       1.1G       1.4M        38M       289M
-/+ buffers/cache:       496M       1.5G
Swap:         8.0G         0B       8.0G

             total       used       free     shared    buffers     cached
Mem:          2.0G       839M       1.1G       1.4M        38M       289M
-/+ buffers/cache:       510M       1.5G
Swap:         8.0G         0B       8.0G

             total       used       free     shared    buffers     cached
Mem:          2.0G       855M       1.1G       1.4M        38M       289M
-/+ buffers/cache:       527M       1.4G
Swap:         8.0G         0B       8.0G

             total       used       free     shared    buffers     cached
Mem:          2.0G       870M       1.1G       1.4M        38M       289M
-/+ buffers/cache:       542M       1.4G
Swap:         8.0G         0B       8.0G

             total       used       free     shared    buffers     cached
Mem:          2.0G       885M       1.1G       1.4M        38M       289M
-/+ buffers/cache:       557M       1.4G
Swap:         8.0G         0B       8.0G

             total       used       free     shared    buffers     cached
Mem:          2.0G       896M       1.1G       1.4M        38M       289M
-/+ buffers/cache:       568M       1.4G
Swap:         8.0G         0B       8.0G

             total       used       free     shared    buffers     cached
Mem:          2.0G       911M       1.1G       1.4M        38M       289M
-/+ buffers/cache:       583M       1.4G
Swap:         8.0G         0B       8.0G

             total       used       free     shared    buffers     cached
Mem:          2.0G       927M       1.0G       1.4M        38M       289M
-/+ buffers/cache:       599M       1.4G
Swap:         8.0G         0B       8.0G

             total       used       free     shared    buffers     cached
Mem:          2.0G       941M       1.0G       1.4M        38M       289M
-/+ buffers/cache:       613M       1.4G
Swap:         8.0G         0B       8.0G

             total       used       free     shared    buffers     cached
Mem:          2.0G       956M       1.0G       1.4M        38M       289M
-/+ buffers/cache:       628M       1.3G
Swap:         8.0G         0B       8.0G

             total       used       free     shared    buffers     cached
Mem:          2.0G       971M       1.0G       1.4M        38M       289M
-/+ buffers/cache:       643M       1.3G
Swap:         8.0G         0B       8.0G

             total       used       free     shared    buffers     cached
Mem:          2.0G       985M       1.0G       1.4M        38M       289M
-/+ buffers/cache:       657M       1.3G
Swap:         8.0G         0B       8.0G

             total       used       free     shared    buffers     cached
Mem:          2.0G       999M       1.0G       1.4M        38M       289M
-/+ buffers/cache:       671M       1.3G
Swap:         8.0G         0B       8.0G

             total       used       free     shared    buffers     cached
Mem:          2.0G       1.0G       984M       1.4M        38M       289M
-/+ buffers/cache:       687M       1.3G
Swap:         8.0G         0B       8.0G

             total       used       free     shared    buffers     cached
Mem:          2.0G       1.0G       970M       1.4M        38M       289M
-/+ buffers/cache:       701M       1.3G
Swap:         8.0G         0B       8.0G

             total       used       free     shared    buffers     cached
Mem:          2.0G       1.0G       955M       1.4M        38M       289M
-/+ buffers/cache:       716M       1.3G
Swap:         8.0G         0B       8.0G

             total       used       free     shared    buffers     cached
Mem:          2.0G       1.0G       940M       1.4M        38M       289M
-/+ buffers/cache:       731M       1.2G
Swap:         8.0G         0B       8.0G

             total       used       free     shared    buffers     cached
Mem:          2.0G       1.0G       925M       1.4M        38M       289M
-/+ buffers/cache:       746M       1.2G
Swap:         8.0G         0B       8.0G

             total       used       free     shared    buffers     cached
Mem:          2.0G       1.1G       909M       1.4M        38M       289M
-/+ buffers/cache:       762M       1.2G
Swap:         8.0G         0B       8.0G

             total       used       free     shared    buffers     cached
Mem:          2.0G       1.1G       894M       1.4M        38M       289M
-/+ buffers/cache:       777M       1.2G
Swap:         8.0G         0B       8.0G

             total       used       free     shared    buffers     cached
Mem:          2.0G       1.1G       883M       1.4M        38M       289M
-/+ buffers/cache:       788M       1.2G
Swap:         8.0G         0B       8.0G

             total       used       free     shared    buffers     cached
Mem:          2.0G       1.1G       874M       1.4M        38M       289M
-/+ buffers/cache:       797M       1.2G
Swap:         8.0G         0B       8.0G

             total       used       free     shared    buffers     cached
Mem:          2.0G       1.1G       859M       1.4M        38M       289M
-/+ buffers/cache:       812M       1.2G
Swap:         8.0G         0B       8.0G

             total       used       free     shared    buffers     cached
Mem:          2.0G       1.1G       844M       1.4M        38M       289M
-/+ buffers/cache:       827M       1.1G
Swap:         8.0G         0B       8.0G

             total       used       free     shared    buffers     cached
Mem:          2.0G       1.1G       829M       1.4M        38M       289M
-/+ buffers/cache:       842M       1.1G
Swap:         8.0G         0B       8.0G

             total       used       free     shared    buffers     cached
Mem:          2.0G       1.2G       813M       1.4M        38M       289M
-/+ buffers/cache:       857M       1.1G
Swap:         8.0G         0B       8.0G

             total       used       free     shared    buffers     cached
Mem:          2.0G       1.2G       797M       1.4M        38M       290M
-/+ buffers/cache:       873M       1.1G
Swap:         8.0G         0B       8.0G

             total       used       free     shared    buffers     cached
Mem:          2.0G       1.2G       781M       1.4M        38M       290M
-/+ buffers/cache:       889M       1.1G
Swap:         8.0G         0B       8.0G

             total       used       free     shared    buffers     cached
Mem:          2.0G       1.2G       766M       1.4M        38M       290M
-/+ buffers/cache:       905M       1.1G
Swap:         8.0G         0B       8.0G

             total       used       free     shared    buffers     cached
Mem:          2.0G       1.2G       751M       1.4M        38M       290M
-/+ buffers/cache:       920M       1.1G
Swap:         8.0G         0B       8.0G

             total       used       free     shared    buffers     cached
Mem:          2.0G       1.2G       735M       1.4M        38M       290M
-/+ buffers/cache:       935M       1.0G
Swap:         8.0G         0B       8.0G

             total       used       free     shared    buffers     cached
Mem:          2.0G       1.2G       720M       1.4M        38M       290M
-/+ buffers/cache:       950M       1.0G
Swap:         8.0G         0B       8.0G

             total       used       free     shared    buffers     cached
Mem:          2.0G       1.3G       705M       1.4M        38M       290M
-/+ buffers/cache:       965M       1.0G
Swap:         8.0G         0B       8.0G

             total       used       free     shared    buffers     cached
Mem:          2.0G       1.3G       690M       1.4M        38M       290M
-/+ buffers/cache:       980M       1.0G
Swap:         8.0G         0B       8.0G

             total       used       free     shared    buffers     cached
Mem:          2.0G       1.3G       675M       1.4M        38M       290M
-/+ buffers/cache:       996M       1.0G
Swap:         8.0G         0B       8.0G

             total       used       free     shared    buffers     cached
Mem:          2.0G       1.3G       660M       1.4M        38M       290M
-/+ buffers/cache:       1.0G       989M
Swap:         8.0G         0B       8.0G

             total       used       free     shared    buffers     cached
Mem:          2.0G       1.3G       644M       1.4M        38M       290M
-/+ buffers/cache:       1.0G       973M
Swap:         8.0G         0B       8.0G

             total       used       free     shared    buffers     cached
Mem:          2.0G       1.3G       629M       1.4M        38M       290M
-/+ buffers/cache:       1.0G       958M
Swap:         8.0G         0B       8.0G

             total       used       free     shared    buffers     cached
Mem:          2.0G       1.4G       613M       1.4M        38M       290M
-/+ buffers/cache:       1.0G       942M
Swap:         8.0G         0B       8.0G

             total       used       free     shared    buffers     cached
Mem:          2.0G       1.4G       597M       1.4M        38M       290M
-/+ buffers/cache:       1.0G       926M
Swap:         8.0G         0B       8.0G

             total       used       free     shared    buffers     cached
Mem:          2.0G       1.4G       582M       1.4M        38M       290M
-/+ buffers/cache:       1.1G       911M
Swap:         8.0G         0B       8.0G

             total       used       free     shared    buffers     cached
Mem:          2.0G       1.4G       567M       1.4M        38M       290M
-/+ buffers/cache:       1.1G       896M
Swap:         8.0G         0B       8.0G

             total       used       free     shared    buffers     cached
Mem:          2.0G       1.4G       551M       1.4M        38M       290M
-/+ buffers/cache:       1.1G       880M
Swap:         8.0G         0B       8.0G

             total       used       free     shared    buffers     cached
Mem:          2.0G       1.4G       536M       1.4M        38M       290M
-/+ buffers/cache:       1.1G       865M
Swap:         8.0G         0B       8.0G

             total       used       free     shared    buffers     cached
Mem:          2.0G       1.4G       521M       1.4M        38M       290M
-/+ buffers/cache:       1.1G       850M
Swap:         8.0G         0B       8.0G

             total       used       free     shared    buffers     cached
Mem:          2.0G       1.5G       505M       1.4M        38M       290M
-/+ buffers/cache:       1.1G       834M
Swap:         8.0G         0B       8.0G

             total       used       free     shared    buffers     cached
Mem:          2.0G       1.5G       491M       1.4M        38M       290M
-/+ buffers/cache:       1.2G       820M
Swap:         8.0G         0B       8.0G

             total       used       free     shared    buffers     cached
Mem:          2.0G       1.5G       475M       1.4M        38M       290M
-/+ buffers/cache:       1.2G       804M
Swap:         8.0G         0B       8.0G

             total       used       free     shared    buffers     cached
Mem:          2.0G       1.5G       460M       1.4M        38M       290M
-/+ buffers/cache:       1.2G       789M
Swap:         8.0G         0B       8.0G

             total       used       free     shared    buffers     cached
Mem:          2.0G       1.5G       445M       1.4M        38M       290M
-/+ buffers/cache:       1.2G       774M
Swap:         8.0G         0B       8.0G

             total       used       free     shared    buffers     cached
Mem:          2.0G       1.5G       434M       1.4M        38M       290M
-/+ buffers/cache:       1.2G       763M
Swap:         8.0G         0B       8.0G

             total       used       free     shared    buffers     cached
Mem:          2.0G       1.5G       428M       1.4M        38M       290M
-/+ buffers/cache:       1.2G       757M
Swap:         8.0G         0B       8.0G

             total       used       free     shared    buffers     cached
Mem:          2.0G       1.5G       413M       1.4M        38M       290M
-/+ buffers/cache:       1.2G       742M
Swap:         8.0G         0B       8.0G

             total       used       free     shared    buffers     cached
Mem:          2.0G       1.6G       398M       1.4M        38M       290M
-/+ buffers/cache:       1.2G       727M
Swap:         8.0G         0B       8.0G

             total       used       free     shared    buffers     cached
Mem:          2.0G       1.6G       382M       1.4M        38M       290M
-/+ buffers/cache:       1.3G       711M
Swap:         8.0G         0B       8.0G

             total       used       free     shared    buffers     cached
Mem:          2.0G       1.6G       367M       1.4M        38M       290M
-/+ buffers/cache:       1.3G       696M
Swap:         8.0G         0B       8.0G

             total       used       free     shared    buffers     cached
Mem:          2.0G       1.6G       351M       1.4M        38M       290M
-/+ buffers/cache:       1.3G       680M
Swap:         8.0G         0B       8.0G

             total       used       free     shared    buffers     cached
Mem:          2.0G       1.6G       335M       1.4M        38M       290M
-/+ buffers/cache:       1.3G       664M
Swap:         8.0G         0B       8.0G

             total       used       free     shared    buffers     cached
Mem:          2.0G       1.6G       320M       1.4M        38M       290M
-/+ buffers/cache:       1.3G       649M
Swap:         8.0G         0B       8.0G

             total       used       free     shared    buffers     cached
Mem:          2.0G       1.7G       306M       1.4M        38M       290M
-/+ buffers/cache:       1.3G       635M
Swap:         8.0G         0B       8.0G

             total       used       free     shared    buffers     cached
Mem:          2.0G       1.7G       290M       1.4M        38M       290M
-/+ buffers/cache:       1.3G       619M
Swap:         8.0G         0B       8.0G

             total       used       free     shared    buffers     cached
Mem:          2.0G       1.7G       275M       1.4M        38M       290M
-/+ buffers/cache:       1.4G       604M
Swap:         8.0G         0B       8.0G

             total       used       free     shared    buffers     cached
Mem:          2.0G       1.7G       260M       1.4M        38M       290M
-/+ buffers/cache:       1.4G       589M
Swap:         8.0G         0B       8.0G

             total       used       free     shared    buffers     cached
Mem:          2.0G       1.7G       245M       1.4M        38M       290M
-/+ buffers/cache:       1.4G       574M
Swap:         8.0G         0B       8.0G

             total       used       free     shared    buffers     cached
Mem:          2.0G       1.7G       231M       1.4M        38M       290M
-/+ buffers/cache:       1.4G       560M
Swap:         8.0G         0B       8.0G

             total       used       free     shared    buffers     cached
Mem:          2.0G       1.7G       216M       1.4M        38M       290M
-/+ buffers/cache:       1.4G       545M
Swap:         8.0G         0B       8.0G

             total       used       free     shared    buffers     cached
Mem:          2.0G       1.8G       200M       1.4M        38M       290M
-/+ buffers/cache:       1.4G       529M
Swap:         8.0G         0B       8.0G

             total       used       free     shared    buffers     cached
Mem:          2.0G       1.8G       186M       1.4M        38M       290M
-/+ buffers/cache:       1.5G       515M
Swap:         8.0G         0B       8.0G

             total       used       free     shared    buffers     cached
Mem:          2.0G       1.8G       172M       1.4M        38M       290M
-/+ buffers/cache:       1.5G       501M
Swap:         8.0G         0B       8.0G

             total       used       free     shared    buffers     cached
Mem:          2.0G       1.8G       157M       1.4M        38M       290M
-/+ buffers/cache:       1.5G       486M
Swap:         8.0G         0B       8.0G

             total       used       free     shared    buffers     cached
Mem:          2.0G       1.8G       143M       1.4M        38M       290M
-/+ buffers/cache:       1.5G       472M
Swap:         8.0G         0B       8.0G

             total       used       free     shared    buffers     cached
Mem:          2.0G       1.8G       128M       1.4M        38M       290M
-/+ buffers/cache:       1.5G       457M
Swap:         8.0G         0B       8.0G

             total       used       free     shared    buffers     cached
Mem:          2.0G       1.8G       114M       1.4M        38M       290M
-/+ buffers/cache:       1.5G       443M
Swap:         8.0G         0B       8.0G

             total       used       free     shared    buffers     cached
Mem:          2.0G       1.9G        98M       1.4M        38M       290M
-/+ buffers/cache:       1.5G       427M
Swap:         8.0G         0B       8.0G

             total       used       free     shared    buffers     cached
Mem:          2.0G       1.9G        83M       1.4M        38M       290M
-/+ buffers/cache:       1.6G       412M
Swap:         8.0G         0B       8.0G

             total       used       free     shared    buffers     cached
Mem:          2.0G       1.9G        68M       1.4M        38M       290M
-/+ buffers/cache:       1.6G       397M
Swap:         8.0G         0B       8.0G

             total       used       free     shared    buffers     cached
Mem:          2.0G       1.9G        73M       1.4M        20M       288M
-/+ buffers/cache:       1.6G       382M
Swap:         8.0G         0B       8.0G

             total       used       free     shared    buffers     cached
Mem:          2.0G       1.9G        71M       1.4M        10M       286M
-/+ buffers/cache:       1.6G       368M
Swap:         8.0G         0B       8.0G

             total       used       free     shared    buffers     cached
Mem:          2.0G       1.9G        73M       1.4M        10M       268M
-/+ buffers/cache:       1.6G       352M
Swap:         8.0G        76K       8.0G

             total       used       free     shared    buffers     cached
Mem:          2.0G       1.9G        78M       1.2M       9.8M       249M
-/+ buffers/cache:       1.6G       338M
Swap:         8.0G       604K       8.0G

             total       used       free     shared    buffers     cached
Mem:          2.0G       1.9G        81M       1.1M       9.8M       234M
-/+ buffers/cache:       1.6G       325M
Swap:         8.0G       6.1M       8.0G

             total       used       free     shared    buffers     cached
Mem:          2.0G       1.9G        66M       1.1M       9.8M       234M
-/+ buffers/cache:       1.7G       310M
Swap:         8.0G       6.1M       8.0G

             total       used       free     shared    buffers     cached
Mem:          2.0G       1.9G        66M       1.1M       9.8M       225M
-/+ buffers/cache:       1.7G       301M
Swap:         8.0G       8.2M       8.0G

             total       used       free     shared    buffers     cached
Mem:          2.0G       1.9G        73M       1.1M       8.5M       206M
-/+ buffers/cache:       1.7G       288M
Swap:         8.0G        11M       8.0G

             total       used       free     shared    buffers     cached
Mem:          2.0G       1.9G        71M       1.1M       2.7M       198M
-/+ buffers/cache:       1.7G       273M
Swap:         8.0G        11M       8.0G

             total       used       free     shared    buffers     cached
Mem:          2.0G       1.9G        69M       1.1M       1.3M       188M
-/+ buffers/cache:       1.7G       258M
Swap:         8.0G        11M       8.0G

             total       used       free     shared    buffers     cached
Mem:          2.0G       1.9G        77M       1.1M       332K       166M
-/+ buffers/cache:       1.7G       244M
Swap:         8.0G        11M       8.0G

             total       used       free     shared    buffers     cached
Mem:          2.0G       1.9G        83M       1.1M       332K       146M
-/+ buffers/cache:       1.7G       230M
Swap:         8.0G        11M       8.0G

             total       used       free     shared    buffers     cached
Mem:          2.0G       1.9G        68M       1.1M       340K       146M
-/+ buffers/cache:       1.7G       215M
Swap:         8.0G        11M       8.0G

             total       used       free     shared    buffers     cached
Mem:          2.0G       1.9G        71M       1.1M        88K       129M
-/+ buffers/cache:       1.8G       200M
Swap:         8.0G        11M       8.0G

             total       used       free     shared    buffers     cached
Mem:          2.0G       1.9G        72M       1.1M        88K       114M
-/+ buffers/cache:       1.8G       186M
Swap:         8.0G        11M       8.0G

             total       used       free     shared    buffers     cached
Mem:          2.0G       1.9G        72M       1.1M        96K       100M
-/+ buffers/cache:       1.8G       172M
Swap:         8.0G        11M       8.0G

             total       used       free     shared    buffers     cached
Mem:          2.0G       1.9G        70M       1.1M        96K        88M
-/+ buffers/cache:       1.8G       159M
Swap:         8.0G        11M       8.0G

             total       used       free     shared    buffers     cached
Mem:          2.0G       1.9G        75M       1.1M       104K        68M
-/+ buffers/cache:       1.8G       144M
Swap:         8.0G        11M       8.0G

             total       used       free     shared    buffers     cached
Mem:          2.0G       1.9G        76M       1.1M       104K        53M
-/+ buffers/cache:       1.8G       130M
Swap:         8.0G        11M       8.0G

             total       used       free     shared    buffers     cached
Mem:          2.0G       1.9G        76M       1.1M       108K        41M
-/+ buffers/cache:       1.8G       117M
Swap:         8.0G        11M       8.0G

             total       used       free     shared    buffers     cached
Mem:          2.0G       1.9G        79M       1.1M       240K        23M
-/+ buffers/cache:       1.9G       103M
Swap:         8.0G        11M       8.0G

             total       used       free     shared    buffers     cached
Mem:          2.0G       1.9G        76M       1.1M       512K        10M
-/+ buffers/cache:       1.9G        88M
Swap:         8.0G        11M       8.0G

             total       used       free     shared    buffers     cached
Mem:          2.0G       1.9G        75M       1.0M       272K       2.3M
-/+ buffers/cache:       1.9G        78M
Swap:         8.0G        16M       8.0G

             total       used       free     shared    buffers     cached
Mem:          2.0G       1.9G        66M       1.0M       344K       3.0M
-/+ buffers/cache:       1.9G        69M
Swap:         8.0G        25M       8.0G

             total       used       free     shared    buffers     cached
Mem:          2.0G       1.9G        76M       704K       344K       2.7M
-/+ buffers/cache:       1.9G        79M
Swap:         8.0G        49M       7.9G

             total       used       free     shared    buffers     cached
Mem:          2.0G       1.9G        65M       704K       344K       2.7M
-/+ buffers/cache:       1.9G        68M
Swap:         8.0G        50M       7.9G

             total       used       free     shared    buffers     cached
Mem:          2.0G       1.9G        81M       668K       344K       2.6M
-/+ buffers/cache:       1.9G        83M
Swap:         8.0G       100M       7.9G

             total       used       free     shared    buffers     cached
Mem:          2.0G       1.9G        65M       668K       344K       2.6M
-/+ buffers/cache:       1.9G        68M
Swap:         8.0G       100M       7.9G

             total       used       free     shared    buffers     cached
Mem:          2.0G       1.9G        66M       668K       352K       2.6M
-/+ buffers/cache:       1.9G        69M
Swap:         8.0G       100M       7.9G

             total       used       free     shared    buffers     cached
Mem:          2.0G       1.9G        66M       664K       352K       2.6M
-/+ buffers/cache:       1.9G        69M
Swap:         8.0G       114M       7.9G

             total       used       free     shared    buffers     cached
Mem:          2.0G       1.9G        66M       664K       352K       2.6M
-/+ buffers/cache:       1.9G        69M
Swap:         8.0G       124M       7.9G

             total       used       free     shared    buffers     cached
Mem:          2.0G       1.9G        70M       588K       352K       2.5M
-/+ buffers/cache:       1.9G        73M
Swap:         8.0G       160M       7.8G

             total       used       free     shared    buffers     cached
Mem:          2.0G       1.9G        70M       588K       352K       2.5M
-/+ buffers/cache:       1.9G        73M
Swap:         8.0G       160M       7.8G

             total       used       free     shared    buffers     cached
Mem:          2.0G       1.9G        72M       576K       360K       2.5M
-/+ buffers/cache:       1.9G        75M
Swap:         8.0G       184M       7.8G

             total       used       free     shared    buffers     cached
Mem:          2.0G       1.9G        75M       576K       360K       2.5M
-/+ buffers/cache:       1.9G        78M
Swap:         8.0G       190M       7.8G

             total       used       free     shared    buffers     cached
Mem:          2.0G       1.9G        65M       568K       360K       2.5M
-/+ buffers/cache:       1.9G        68M
Swap:         8.0G       197M       7.8G

             total       used       free     shared    buffers     cached
Mem:          2.0G       1.9G        73M       568K       360K       2.6M
-/+ buffers/cache:       1.9G        76M
Swap:         8.0G       222M       7.8G

             total       used       free     shared    buffers     cached
Mem:          2.0G       1.9G        66M       568K       360K       2.6M
-/+ buffers/cache:       1.9G        69M
Swap:         8.0G       222M       7.8G

             total       used       free     shared    buffers     cached
Mem:          2.0G       1.9G        80M       568K       368K       2.5M
-/+ buffers/cache:       1.9G        83M
Swap:         8.0G       222M       7.8G

             total       used       free     shared    buffers     cached
Mem:          2.0G       1.9G        89M       568K       368K       2.5M
-/+ buffers/cache:       1.9G        92M
Swap:         8.0G       252M       7.8G

             total       used       free     shared    buffers     cached
Mem:          2.0G       1.9G        74M       536K       368K       2.5M
-/+ buffers/cache:       1.9G        77M
Swap:         8.0G       252M       7.8G

             total       used       free     shared    buffers     cached
Mem:          2.0G       1.9G       103M       536K       368K       2.5M
-/+ buffers/cache:       1.8G       106M
Swap:         8.0G       347M       7.7G

             total       used       free     shared    buffers     cached
Mem:          2.0G       1.9G        94M       536K       368K       2.5M
-/+ buffers/cache:       1.9G        97M
Swap:         8.0G       347M       7.7G

             total       used       free     shared    buffers     cached
Mem:          2.0G       1.9G        85M       536K       368K       2.5M
-/+ buffers/cache:       1.9G        88M
Swap:         8.0G       347M       7.7G

             total       used       free     shared    buffers     cached
Mem:          2.0G       1.9G        85M       536K       376K       2.5M
-/+ buffers/cache:       1.9G        88M
Swap:         8.0G       347M       7.7G

             total       used       free     shared    buffers     cached
Mem:          2.0G       1.9G        84M       536K       376K       2.5M
-/+ buffers/cache:       1.9G        87M
Swap:         8.0G       346M       7.7G

             total       used       free     shared    buffers     cached
Mem:          2.0G       1.9G        84M       536K       376K       2.5M
-/+ buffers/cache:       1.9G        87M
Swap:         8.0G       345M       7.7G

             total       used       free     shared    buffers     cached
Mem:          2.0G       1.9G        83M       536K       376K       2.5M
-/+ buffers/cache:       1.9G        86M
Swap:         8.0G       344M       7.7G

             total       used       free     shared    buffers     cached
Mem:          2.0G       1.9G        83M       536K       376K       2.5M
-/+ buffers/cache:       1.9G        86M
Swap:         8.0G       343M       7.7G

             total       used       free     shared    buffers     cached
Mem:          2.0G       1.9G        82M       536K       384K       2.5M
-/+ buffers/cache:       1.9G        85M
Swap:         8.0G       343M       7.7G

             total       used       free     shared    buffers     cached
Mem:          2.0G       1.9G        82M       536K       384K       2.5M
-/+ buffers/cache:       1.9G        85M
Swap:         8.0G       342M       7.7G

             total       used       free     shared    buffers     cached
Mem:          2.0G       1.9G        81M       536K       384K       2.5M
-/+ buffers/cache:       1.9G        84M
Swap:         8.0G       341M       7.7G

             total       used       free     shared    buffers     cached
Mem:          2.0G       1.9G        80M       536K       388K       2.5M
-/+ buffers/cache:       1.9G        83M
Swap:         8.0G       340M       7.7G

             total       used       free     shared    buffers     cached
Mem:          2.0G       1.9G        80M       536K       388K       2.5M
-/+ buffers/cache:       1.9G        83M
Swap:         8.0G       339M       7.7G

             total       used       free     shared    buffers     cached
Mem:          2.0G       1.9G        79M       536K       396K       2.5M
-/+ buffers/cache:       1.9G        82M
Swap:         8.0G       338M       7.7G

             total       used       free     shared    buffers     cached
Mem:          2.0G       1.9G        79M       536K       396K       2.5M
-/+ buffers/cache:       1.9G        82M
Swap:         8.0G       338M       7.7G

             total       used       free     shared    buffers     cached
Mem:          2.0G       1.9G        88M       536K        88K        21M
-/+ buffers/cache:       1.8G       109M
Swap:         8.0G       332M       7.7G

             total       used       free     shared    buffers     cached
Mem:          2.0G       1.9G        87M       536K       556K        21M
-/+ buffers/cache:       1.8G       109M
Swap:         8.0G       332M       7.7G

             total       used       free     shared    buffers     cached
Mem:          2.0G       1.9G        86M       536K       556K        21M
-/+ buffers/cache:       1.8G       108M
Swap:         8.0G       331M       7.7G

             total       used       free     shared    buffers     cached
Mem:          2.0G       1.9G        86M       536K       564K        21M
-/+ buffers/cache:       1.8G       108M
Swap:         8.0G       331M       7.7G

             total       used       free     shared    buffers     cached
Mem:          2.0G       1.9G        85M       536K       572K        21M
-/+ buffers/cache:       1.8G       107M
Swap:         8.0G       331M       7.7G

             total       used       free     shared    buffers     cached
Mem:          2.0G       1.9G        83M       536K       860K        22M
-/+ buffers/cache:       1.8G       106M
Swap:         8.0G       331M       7.7G

             total       used       free     shared    buffers     cached
Mem:          2.0G       1.9G        78M       536K       1.0M        30M
-/+ buffers/cache:       1.8G       109M
Swap:         8.0G       343M       7.7G

             total       used       free     shared    buffers     cached
Mem:          2.0G       1.9G        78M       540K       1.0M        30M
-/+ buffers/cache:       1.8G       109M
Swap:         8.0G       342M       7.7G

             total       used       free     shared    buffers     cached
Mem:          2.0G       1.9G        78M       540K       1.0M        30M
-/+ buffers/cache:       1.8G       109M
Swap:         8.0G       342M       7.7G

             total       used       free     shared    buffers     cached
Mem:          2.0G       1.9G        77M       540K       1.0M        30M
-/+ buffers/cache:       1.8G       108M
Swap:         8.0G       342M       7.7G

             total       used       free     shared    buffers     cached
Mem:          2.0G       1.9G        77M       540K       1.0M        30M
-/+ buffers/cache:       1.8G       108M
Swap:         8.0G       342M       7.7G

             total       used       free     shared    buffers     cached
Mem:          2.0G       1.9G        76M       540K       1.0M        30M
-/+ buffers/cache:       1.8G       107M
Swap:         8.0G       341M       7.7G

             total       used       free     shared    buffers     cached
Mem:          2.0G       1.9G        75M       540K       1.0M        30M
-/+ buffers/cache:       1.8G       106M
Swap:         8.0G       341M       7.7G

             total       used       free     shared    buffers     cached
Mem:          2.0G       1.9G        73M       540K       1.0M        31M
-/+ buffers/cache:       1.8G       105M
Swap:         8.0G       340M       7.7G

             total       used       free     shared    buffers     cached
Mem:          2.0G       1.9G        71M       540K       1.0M        32M
-/+ buffers/cache:       1.9G       104M
Swap:         8.0G       340M       7.7G

             total       used       free     shared    buffers     cached
Mem:          2.0G       1.9G        70M       540K       1.0M        32M
-/+ buffers/cache:       1.9G       103M
Swap:         8.0G       339M       7.7G

             total       used       free     shared    buffers     cached
Mem:          2.0G       1.9G        69M       540K       1.0M        32M
-/+ buffers/cache:       1.9G       103M
Swap:         8.0G       339M       7.7G

             total       used       free     shared    buffers     cached
Mem:          2.0G       1.9G        69M       540K       1.0M        32M
-/+ buffers/cache:       1.9G       102M
Swap:         8.0G       338M       7.7G

             total       used       free     shared    buffers     cached
Mem:          2.0G       1.9G        68M       540K       1.0M        32M
-/+ buffers/cache:       1.9G       102M
Swap:         8.0G       338M       7.7G

             total       used       free     shared    buffers     cached
Mem:          2.0G       1.9G        68M       540K       1.0M        32M
-/+ buffers/cache:       1.9G       102M
Swap:         8.0G       338M       7.7G

             total       used       free     shared    buffers     cached
Mem:          2.0G       1.9G        67M       540K       1.0M        32M
-/+ buffers/cache:       1.9G       101M
Swap:         8.0G       338M       7.7G

             total       used       free     shared    buffers     cached
Mem:          2.0G       1.9G        67M       540K       1.0M        32M
-/+ buffers/cache:       1.9G       100M
Swap:         8.0G       337M       7.7G

             total       used       free     shared    buffers     cached
Mem:          2.0G       1.9G        66M       540K       1.0M        32M
-/+ buffers/cache:       1.9G       100M
Swap:         8.0G       337M       7.7G

             total       used       free     shared    buffers     cached
Mem:          2.0G       1.9G        66M       540K       1.0M        32M
-/+ buffers/cache:       1.9G        99M
Swap:         8.0G       337M       7.7G

             total       used       free     shared    buffers     cached
Mem:          2.0G       1.9G        65M       540K       1.0M        32M
-/+ buffers/cache:       1.9G        99M
Swap:         8.0G       336M       7.7G

             total       used       free     shared    buffers     cached
Mem:          2.0G       1.9G        65M       540K       1.0M        32M
-/+ buffers/cache:       1.9G        98M
Swap:         8.0G       336M       7.7G

             total       used       free     shared    buffers     cached
Mem:          2.0G       1.9G        83M       540K       1.0M        31M
-/+ buffers/cache:       1.8G       115M
Swap:         8.0G       358M       7.6G

             total       used       free     shared    buffers     cached
Mem:          2.0G       1.9G        82M       540K       1.0M        31M
-/+ buffers/cache:       1.8G       114M
Swap:         8.0G       357M       7.6G

             total       used       free     shared    buffers     cached
Mem:          2.0G       1.9G        81M       540K       1.0M        31M
-/+ buffers/cache:       1.8G       114M
Swap:         8.0G       357M       7.6G

             total       used       free     shared    buffers     cached
Mem:          2.0G       1.9G        81M       540K       1.0M        31M
-/+ buffers/cache:       1.8G       113M
Swap:         8.0G       357M       7.6G

             total       used       free     shared    buffers     cached
Mem:          2.0G       1.9G        81M       540K       1.0M        31M
-/+ buffers/cache:       1.8G       113M
Swap:         8.0G       356M       7.6G

             total       used       free     shared    buffers     cached
Mem:          2.0G       1.9G        80M       540K       1.0M        31M
-/+ buffers/cache:       1.8G       112M
Swap:         8.0G       356M       7.6G

             total       used       free     shared    buffers     cached
Mem:          2.0G       1.9G        79M       540K       1.0M        31M
-/+ buffers/cache:       1.8G       111M
Swap:         8.0G       356M       7.6G

             total       used       free     shared    buffers     cached
Mem:          2.0G       1.9G        78M       540K       1.0M        31M
-/+ buffers/cache:       1.8G       111M
Swap:         8.0G       355M       7.6G

             total       used       free     shared    buffers     cached
Mem:          2.0G       1.9G        78M       540K       1.0M        31M
-/+ buffers/cache:       1.8G       110M
Swap:         8.0G       355M       7.6G

             total       used       free     shared    buffers     cached
Mem:          2.0G       1.9G        77M       540K       1.0M        31M
-/+ buffers/cache:       1.8G       109M
Swap:         8.0G       355M       7.7G

             total       used       free     shared    buffers     cached
Mem:          2.0G       1.9G        77M       540K       1.0M        31M
-/+ buffers/cache:       1.8G       109M
Swap:         8.0G       354M       7.7G

             total       used       free     shared    buffers     cached
Mem:          2.0G       1.9G        76M       540K       1.0M        31M
-/+ buffers/cache:       1.8G       108M
Swap:         8.0G       354M       7.7G

             total       used       free     shared    buffers     cached
Mem:          2.0G       1.9G        76M       540K       1.0M        31M
-/+ buffers/cache:       1.8G       108M
Swap:         8.0G       354M       7.7G

             total       used       free     shared    buffers     cached
Mem:          2.0G       1.9G        75M       540K       1.0M        31M
-/+ buffers/cache:       1.8G       107M
Swap:         8.0G       353M       7.7G

             total       used       free     shared    buffers     cached
Mem:          2.0G       1.9G        74M       540K       1.0M        31M
-/+ buffers/cache:       1.8G       107M
Swap:         8.0G       353M       7.7G

             total       used       free     shared    buffers     cached
Mem:          2.0G       1.9G        74M       540K       1.0M        31M
-/+ buffers/cache:       1.8G       106M
Swap:         8.0G       352M       7.7G

             total       used       free     shared    buffers     cached
Mem:          2.0G       1.9G        73M       540K       1.0M        31M
-/+ buffers/cache:       1.8G       105M
Swap:         8.0G       352M       7.7G

             total       used       free     shared    buffers     cached
Mem:          2.0G       1.9G        73M       540K       1.0M        31M
-/+ buffers/cache:       1.9G       105M
Swap:         8.0G       352M       7.7G

             total       used       free     shared    buffers     cached
Mem:          2.0G       1.9G        72M       540K       1.0M        31M
-/+ buffers/cache:       1.9G       104M
Swap:         8.0G       351M       7.7G

             total       used       free     shared    buffers     cached
Mem:          2.0G       1.9G        72M       540K       1.0M        31M
-/+ buffers/cache:       1.9G       104M
Swap:         8.0G       351M       7.7G

             total       used       free     shared    buffers     cached
Mem:          2.0G       1.9G        71M       540K       1.0M        31M
-/+ buffers/cache:       1.9G       103M
Swap:         8.0G       350M       7.7G

             total       used       free     shared    buffers     cached
Mem:          2.0G       1.9G        70M       540K       1.1M        31M
-/+ buffers/cache:       1.9G       103M
Swap:         8.0G       350M       7.7G

             total       used       free     shared    buffers     cached
Mem:          2.0G       1.9G        70M       540K       1.1M        31M
-/+ buffers/cache:       1.9G       102M
Swap:         8.0G       350M       7.7G

             total       used       free     shared    buffers     cached
Mem:          2.0G       1.9G        69M       540K       1.1M        31M
-/+ buffers/cache:       1.9G       102M
Swap:         8.0G       349M       7.7G

             total       used       free     shared    buffers     cached
Mem:          2.0G       1.9G        69M       540K       1.1M        31M
-/+ buffers/cache:       1.9G       101M
Swap:         8.0G       349M       7.7G

             total       used       free     shared    buffers     cached
Mem:          2.0G       1.9G        68M       540K       1.1M        31M
-/+ buffers/cache:       1.9G       100M
Swap:         8.0G       348M       7.7G

             total       used       free     shared    buffers     cached
Mem:          2.0G       1.9G        68M       540K       1.1M        31M
-/+ buffers/cache:       1.9G       100M
Swap:         8.0G       348M       7.7G

             total       used       free     shared    buffers     cached
Mem:          2.0G       1.9G        67M       540K       1.1M        31M
-/+ buffers/cache:       1.9G        99M
Swap:         8.0G       348M       7.7G

             total       used       free     shared    buffers     cached
Mem:          2.0G       1.9G        66M       540K       1.1M        31M
-/+ buffers/cache:       1.9G        99M
Swap:         8.0G       347M       7.7G

             total       used       free     shared    buffers     cached
Mem:          2.0G       1.9G        66M       540K       1.1M        31M
-/+ buffers/cache:       1.9G        98M
Swap:         8.0G       347M       7.7G

             total       used       free     shared    buffers     cached
Mem:          2.0G       1.9G        65M       540K       1.1M        31M
-/+ buffers/cache:       1.9G        97M
Swap:         8.0G       347M       7.7G

             total       used       free     shared    buffers     cached
Mem:          2.0G       1.9G        65M       540K       1.1M        31M
-/+ buffers/cache:       1.9G        97M
Swap:         8.0G       346M       7.7G

             total       used       free     shared    buffers     cached
Mem:          2.0G       1.9G        77M       540K       1.1M        30M
-/+ buffers/cache:       1.8G       108M
Swap:         8.0G       355M       7.6G

             total       used       free     shared    buffers     cached
Mem:          2.0G       1.9G        76M       540K       1.1M        30M
-/+ buffers/cache:       1.8G       107M
Swap:         8.0G       355M       7.7G

             total       used       free     shared    buffers     cached
Mem:          2.0G       1.9G        74M       540K       1.1M        31M
-/+ buffers/cache:       1.8G       107M
Swap:         8.0G       354M       7.7G

             total       used       free     shared    buffers     cached
Mem:          2.0G       1.9G        73M       540K       1.1M        31M
-/+ buffers/cache:       1.8G       106M
Swap:         8.0G       354M       7.7G

             total       used       free     shared    buffers     cached
Mem:          2.0G       1.9G        73M       540K       1.1M        31M
-/+ buffers/cache:       1.8G       106M
Swap:         8.0G       353M       7.7G

             total       used       free     shared    buffers     cached
Mem:          2.0G       1.9G        72M       540K       1.1M        31M
-/+ buffers/cache:       1.9G       105M
Swap:         8.0G       353M       7.7G

             total       used       free     shared    buffers     cached
Mem:          2.0G       1.9G        71M       540K       1.1M        31M
-/+ buffers/cache:       1.9G       104M
Swap:         8.0G       353M       7.7G

             total       used       free     shared    buffers     cached
Mem:          2.0G       1.9G        71M       540K       1.1M        31M
-/+ buffers/cache:       1.9G       104M
Swap:         8.0G       352M       7.7G

             total       used       free     shared    buffers     cached
Mem:          2.0G       1.9G        70M       540K       1.1M        31M
-/+ buffers/cache:       1.9G       103M
Swap:         8.0G       352M       7.7G

             total       used       free     shared    buffers     cached
Mem:          2.0G       1.9G        70M       540K       1.1M        31M
-/+ buffers/cache:       1.9G       102M
Swap:         8.0G       351M       7.7G

             total       used       free     shared    buffers     cached
Mem:          2.0G       1.9G        69M       540K       1.1M        31M
-/+ buffers/cache:       1.9G       102M
Swap:         8.0G       351M       7.7G

             total       used       free     shared    buffers     cached
Mem:          2.0G       1.9G        68M       540K       1.1M        31M
-/+ buffers/cache:       1.9G       101M
Swap:         8.0G       351M       7.7G

             total       used       free     shared    buffers     cached
Mem:          2.0G       1.9G        67M       540K       1.1M        32M
-/+ buffers/cache:       1.9G       101M
Swap:         8.0G       350M       7.7G

             total       used       free     shared    buffers     cached
Mem:          2.0G       1.9G        65M       540K       1.2M        32M
-/+ buffers/cache:       1.9G       100M
Swap:         8.0G       350M       7.7G

             total       used       free     shared    buffers     cached
Mem:          2.0G       1.9G        65M       544K       1.2M        32M
-/+ buffers/cache:       1.9G        99M
Swap:         8.0G       349M       7.7G

             total       used       free     shared    buffers     cached
Mem:          2.0G       1.9G        64M       544K       1.2M        32M
-/+ buffers/cache:       1.9G        99M
Swap:         8.0G       349M       7.7G

             total       used       free     shared    buffers     cached
Mem:          2.0G       1.9G        75M       544K       1.2M        31M
-/+ buffers/cache:       1.8G       108M
Swap:         8.0G       356M       7.6G

             total       used       free     shared    buffers     cached
Mem:          2.0G       1.9G        69M       544K       1.2M        32M
-/+ buffers/cache:       1.9G       103M
Swap:         8.0G       354M       7.7G

             total       used       free     shared    buffers     cached
Mem:          2.0G       1.9G        69M       544K       1.2M        32M
-/+ buffers/cache:       1.9G       102M
Swap:         8.0G       354M       7.7G

             total       used       free     shared    buffers     cached
Mem:          2.0G       1.9G        77M       544K       276K        31M
-/+ buffers/cache:       1.8G       109M
Swap:         8.0G       366M       7.6G

             total       used       free     shared    buffers     cached
Mem:          2.0G       1.9G        77M       544K       276K        31M
-/+ buffers/cache:       1.8G       108M
Swap:         8.0G       366M       7.6G

             total       used       free     shared    buffers     cached
Mem:          2.0G       1.9G        76M       544K       276K        31M
-/+ buffers/cache:       1.8G       108M
Swap:         8.0G       365M       7.6G

             total       used       free     shared    buffers     cached
Mem:          2.0G       1.9G        76M       544K       284K        31M
-/+ buffers/cache:       1.8G       108M
Swap:         8.0G       365M       7.6G

             total       used       free     shared    buffers     cached
Mem:          2.0G       1.9G        75M       544K       284K        31M
-/+ buffers/cache:       1.8G       107M
Swap:         8.0G       365M       7.6G

             total       used       free     shared    buffers     cached
Mem:          2.0G       1.9G        75M       544K       284K        31M
-/+ buffers/cache:       1.8G       107M
Swap:         8.0G       365M       7.6G

             total       used       free     shared    buffers     cached
Mem:          2.0G       1.9G        75M       544K       284K        31M
-/+ buffers/cache:       1.8G       106M
Swap:         8.0G       364M       7.6G

             total       used       free     shared    buffers     cached
Mem:          2.0G       1.9G        74M       544K       284K        31M
-/+ buffers/cache:       1.8G       106M
Swap:         8.0G       364M       7.6G

             total       used       free     shared    buffers     cached
Mem:          2.0G       1.9G        74M       544K       284K        31M
-/+ buffers/cache:       1.8G       105M
Swap:         8.0G       364M       7.6G

             total       used       free     shared    buffers     cached
Mem:          2.0G       1.9G        73M       544K       292K        31M
-/+ buffers/cache:       1.9G       105M
Swap:         8.0G       364M       7.6G

             total       used       free     shared    buffers     cached
Mem:          2.0G       1.9G        70M       608K       888K        38M
-/+ buffers/cache:       1.8G       109M
Swap:         8.0G       366M       7.6G

             total       used       free     shared    buffers     cached
Mem:          2.0G       1.9G        72M       4.3M       5.0M        52M
-/+ buffers/cache:       1.8G       130M
Swap:         8.0G       408M       7.6G

             total       used       free     shared    buffers     cached
Mem:          2.0G       1.9G        65M       668K       5.1M        64M
-/+ buffers/cache:       1.8G       134M
Swap:         8.0G       419M       7.6G

             total       used       free     shared    buffers     cached
Mem:          2.0G       1.9G        71M       640K       4.1M        60M
-/+ buffers/cache:       1.8G       136M
Swap:         8.0G       419M       7.6G

             total       used       free     shared    buffers     cached
Mem:          2.0G       1.9G        70M       640K       4.1M        60M
-/+ buffers/cache:       1.8G       135M
Swap:         8.0G       418M       7.6G

             total       used       free     shared    buffers     cached
Mem:          2.0G       1.9G        70M       640K       4.1M        60M
-/+ buffers/cache:       1.8G       134M
Swap:         8.0G       418M       7.6G

             total       used       free     shared    buffers     cached
Mem:          2.0G       1.9G        68M       640K       4.1M        61M
-/+ buffers/cache:       1.8G       134M
Swap:         8.0G       418M       7.6G

             total       used       free     shared    buffers     cached
Mem:          2.0G       1.9G        67M       640K       4.1M        61M
-/+ buffers/cache:       1.8G       133M
Swap:         8.0G       417M       7.6G

             total       used       free     shared    buffers     cached
Mem:          2.0G       1.9G        66M       640K       4.1M        61M
-/+ buffers/cache:       1.8G       132M
Swap:         8.0G       417M       7.6G

             total       used       free     shared    buffers     cached
Mem:          2.0G       1.9G        64M       640K       4.3M        62M
-/+ buffers/cache:       1.8G       130M
Swap:         8.0G       416M       7.6G

             total       used       free     shared    buffers     cached
Mem:          2.0G       1.9G        81M       640K       3.0M        58M
-/+ buffers/cache:       1.8G       142M
Swap:         8.0G       433M       7.6G

             total       used       free     shared    buffers     cached
Mem:          2.0G       1.9G        80M       640K       3.0M        58M
-/+ buffers/cache:       1.8G       142M
Swap:         8.0G       433M       7.6G

             total       used       free     shared    buffers     cached
Mem:          2.0G       1.9G        79M       640K       3.0M        58M
-/+ buffers/cache:       1.8G       140M
Swap:         8.0G       432M       7.6G

             total       used       free     shared    buffers     cached
Mem:          2.0G       1.9G        78M       640K       3.0M        58M
-/+ buffers/cache:       1.8G       139M
Swap:         8.0G       431M       7.6G

             total       used       free     shared    buffers     cached
Mem:          2.0G       1.9G        77M       640K       3.0M        58M
-/+ buffers/cache:       1.8G       139M
Swap:         8.0G       431M       7.6G

             total       used       free     shared    buffers     cached
Mem:          2.0G       1.9G        76M       640K       3.0M        58M
-/+ buffers/cache:       1.8G       138M
Swap:         8.0G       430M       7.6G

             total       used       free     shared    buffers     cached
Mem:          2.0G       1.9G        75M       640K       3.0M        58M
-/+ buffers/cache:       1.8G       136M
Swap:         8.0G       430M       7.6G

             total       used       free     shared    buffers     cached
Mem:          2.0G       1.9G        74M       640K       3.0M        58M
-/+ buffers/cache:       1.8G       135M
Swap:         8.0G       429M       7.6G

             total       used       free     shared    buffers     cached
Mem:          2.0G       1.9G        73M       640K       3.0M        58M
-/+ buffers/cache:       1.8G       134M
Swap:         8.0G       429M       7.6G

             total       used       free     shared    buffers     cached
Mem:          2.0G       1.9G        72M       640K       3.0M        58M
-/+ buffers/cache:       1.8G       133M
Swap:         8.0G       428M       7.6G

             total       used       free     shared    buffers     cached
Mem:          2.0G       1.9G        71M       640K       3.0M        58M
-/+ buffers/cache:       1.8G       132M
Swap:         8.0G       428M       7.6G

             total       used       free     shared    buffers     cached
Mem:          2.0G       1.9G        70M       640K       3.0M        58M
-/+ buffers/cache:       1.8G       131M
Swap:         8.0G       427M       7.6G

             total       used       free     shared    buffers     cached
Mem:          2.0G       1.9G        69M       640K       3.0M        58M
-/+ buffers/cache:       1.8G       130M
Swap:         8.0G       427M       7.6G

             total       used       free     shared    buffers     cached
Mem:          2.0G       1.9G        68M       640K       3.0M        58M
-/+ buffers/cache:       1.8G       129M
Swap:         8.0G       426M       7.6G

             total       used       free     shared    buffers     cached
Mem:          2.0G       1.9G        67M       640K       3.0M        58M
-/+ buffers/cache:       1.8G       128M
Swap:         8.0G       425M       7.6G

             total       used       free     shared    buffers     cached
Mem:          2.0G       1.9G        66M       640K       3.0M        58M
-/+ buffers/cache:       1.8G       127M
Swap:         8.0G       425M       7.6G

             total       used       free     shared    buffers     cached
Mem:          2.0G       1.9G        65M       640K       3.0M        58M
-/+ buffers/cache:       1.8G       126M
Swap:         8.0G       424M       7.6G

             total       used       free     shared    buffers     cached
Mem:          2.0G       1.9G        77M       640K       3.0M        57M
-/+ buffers/cache:       1.8G       137M
Swap:         8.0G       432M       7.6G

             total       used       free     shared    buffers     cached
Mem:          2.0G       1.9G        76M       640K       3.0M        57M
-/+ buffers/cache:       1.8G       136M
Swap:         8.0G       431M       7.6G

             total       used       free     shared    buffers     cached
Mem:          2.0G       1.9G        75M       640K       3.0M        57M
-/+ buffers/cache:       1.8G       135M
Swap:         8.0G       430M       7.6G

             total       used       free     shared    buffers     cached
Mem:          2.0G       1.9G        74M       640K       3.1M        57M
-/+ buffers/cache:       1.8G       134M
Swap:         8.0G       430M       7.6G

             total       used       free     shared    buffers     cached
Mem:          2.0G       1.9G        73M       640K       3.1M        57M
-/+ buffers/cache:       1.8G       133M
Swap:         8.0G       429M       7.6G

             total       used       free     shared    buffers     cached
Mem:          2.0G       1.9G        72M       640K       3.1M        57M
-/+ buffers/cache:       1.8G       132M
Swap:         8.0G       428M       7.6G

             total       used       free     shared    buffers     cached
Mem:          2.0G       1.9G        70M       640K       3.1M        57M
-/+ buffers/cache:       1.8G       131M
Swap:         8.0G       427M       7.6G

             total       used       free     shared    buffers     cached
Mem:          2.0G       1.9G        69M       640K       3.1M        57M
-/+ buffers/cache:       1.8G       130M
Swap:         8.0G       426M       7.6G

             total       used       free     shared    buffers     cached
Mem:          2.0G       1.9G        68M       640K       3.1M        57M
-/+ buffers/cache:       1.8G       129M
Swap:         8.0G       425M       7.6G

             total       used       free     shared    buffers     cached
Mem:          2.0G       1.9G        67M       640K       3.1M        57M
-/+ buffers/cache:       1.8G       128M
Swap:         8.0G       424M       7.6G

             total       used       free     shared    buffers     cached
Mem:          2.0G       1.9G        67M       640K       3.1M        57M
-/+ buffers/cache:       1.8G       128M
Swap:         8.0G       423M       7.6G

             total       used       free     shared    buffers     cached
Mem:          2.0G       1.9G        66M       640K       3.1M        57M
-/+ buffers/cache:       1.8G       127M
Swap:         8.0G       422M       7.6G

             total       used       free     shared    buffers     cached
Mem:          2.0G       1.9G        65M       640K       3.1M        57M
-/+ buffers/cache:       1.8G       126M
Swap:         8.0G       421M       7.6G

             total       used       free     shared    buffers     cached
Mem:          2.0G       1.9G        85M       640K       3.1M        56M
-/+ buffers/cache:       1.8G       144M
Swap:         8.0G       440M       7.6G

             total       used       free     shared    buffers     cached
Mem:          2.0G       1.9G        77M       640K       4.1M        60M
-/+ buffers/cache:       1.8G       142M
Swap:         8.0G       439M       7.6G

             total       used       free     shared    buffers     cached
Mem:          2.0G       1.9G        76M       644K       4.1M        60M
-/+ buffers/cache:       1.8G       141M
Swap:         8.0G       438M       7.6G

             total       used       free     shared    buffers     cached
Mem:          2.0G       1.9G        75M       644K       4.1M        60M
-/+ buffers/cache:       1.8G       140M
Swap:         8.0G       437M       7.6G

             total       used       free     shared    buffers     cached
Mem:          2.0G       1.9G        74M       644K       4.1M        60M
-/+ buffers/cache:       1.8G       139M
Swap:         8.0G       435M       7.6G

             total       used       free     shared    buffers     cached
Mem:          2.0G       1.9G        73M       644K       4.1M        60M
-/+ buffers/cache:       1.8G       138M
Swap:         8.0G       434M       7.6G

             total       used       free     shared    buffers     cached
Mem:          2.0G       1.9G        69M       708K       4.9M        63M
-/+ buffers/cache:       1.8G       138M
Swap:         8.0G       432M       7.6G

             total       used       free     shared    buffers     cached
Mem:          2.0G       1.9G        71M       688K       6.1M        68M
-/+ buffers/cache:       1.8G       145M
Swap:         8.0G       444M       7.6G
