             total       used       free     shared    buffers     cached
Mem:          2.0G       660M       1.3G       3.2M        38M       289M
-/+ buffers/cache:       332M       1.6G
Swap:         8.0G         0B       8.0G

             total       used       free     shared    buffers     cached
Mem:          2.0G       659M       1.3G       1.4M        38M       288M
-/+ buffers/cache:       332M       1.6G
Swap:         8.0G         0B       8.0G

             total       used       free     shared    buffers     cached
Mem:          2.0G       659M       1.3G       1.4M        38M       288M
-/+ buffers/cache:       332M       1.6G
Swap:         8.0G         0B       8.0G

             total       used       free     shared    buffers     cached
Mem:          2.0G       659M       1.3G       1.4M        38M       288M
-/+ buffers/cache:       332M       1.6G
Swap:         8.0G         0B       8.0G

             total       used       free     shared    buffers     cached
Mem:          2.0G       659M       1.3G       1.4M        38M       288M
-/+ buffers/cache:       332M       1.6G
Swap:         8.0G         0B       8.0G

             total       used       free     shared    buffers     cached
Mem:          2.0G       659M       1.3G       1.4M        38M       288M
-/+ buffers/cache:       332M       1.6G
Swap:         8.0G         0B       8.0G

             total       used       free     shared    buffers     cached
Mem:          2.0G       659M       1.3G       1.4M        38M       288M
-/+ buffers/cache:       331M       1.6G
Swap:         8.0G         0B       8.0G

             total       used       free     shared    buffers     cached
Mem:          2.0G       658M       1.3G       1.4M        38M       288M
-/+ buffers/cache:       331M       1.6G
Swap:         8.0G         0B       8.0G

             total       used       free     shared    buffers     cached
Mem:          2.0G       658M       1.3G       1.4M        38M       288M
-/+ buffers/cache:       331M       1.6G
Swap:         8.0G         0B       8.0G

             total       used       free     shared    buffers     cached
Mem:          2.0G       662M       1.3G       1.4M        38M       288M
-/+ buffers/cache:       334M       1.6G
Swap:         8.0G         0B       8.0G

             total       used       free     shared    buffers     cached
Mem:          2.0G       679M       1.3G       1.4M        38M       288M
-/+ buffers/cache:       351M       1.6G
Swap:         8.0G         0B       8.0G

             total       used       free     shared    buffers     cached
Mem:          2.0G       683M       1.3G       1.4M        38M       289M
-/+ buffers/cache:       355M       1.6G
Swap:         8.0G         0B       8.0G

             total       used       free     shared    buffers     cached
Mem:          2.0G       668M       1.3G       1.4M        38M       289M
-/+ buffers/cache:       339M       1.6G
Swap:         8.0G         0B       8.0G

             total       used       free     shared    buffers     cached
Mem:          2.0G       668M       1.3G       1.4M        38M       289M
-/+ buffers/cache:       339M       1.6G
Swap:         8.0G         0B       8.0G

             total       used       free     shared    buffers     cached
Mem:          2.0G       668M       1.3G       1.4M        38M       289M
-/+ buffers/cache:       339M       1.6G
Swap:         8.0G         0B       8.0G

             total       used       free     shared    buffers     cached
Mem:          2.0G       668M       1.3G       1.4M        38M       289M
-/+ buffers/cache:       339M       1.6G
Swap:         8.0G         0B       8.0G

             total       used       free     shared    buffers     cached
Mem:          2.0G       668M       1.3G       1.4M        38M       289M
-/+ buffers/cache:       339M       1.6G
Swap:         8.0G         0B       8.0G

             total       used       free     shared    buffers     cached
Mem:          2.0G       668M       1.3G       1.4M        38M       289M
-/+ buffers/cache:       339M       1.6G
Swap:         8.0G         0B       8.0G

             total       used       free     shared    buffers     cached
Mem:          2.0G       668M       1.3G       1.4M        38M       289M
-/+ buffers/cache:       339M       1.6G
Swap:         8.0G         0B       8.0G

             total       used       free     shared    buffers     cached
Mem:          2.0G       668M       1.3G       1.4M        38M       289M
-/+ buffers/cache:       339M       1.6G
Swap:         8.0G         0B       8.0G

             total       used       free     shared    buffers     cached
Mem:          2.0G       668M       1.3G       1.4M        38M       289M
-/+ buffers/cache:       339M       1.6G
Swap:         8.0G         0B       8.0G

             total       used       free     shared    buffers     cached
Mem:          2.0G       668M       1.3G       1.4M        38M       289M
-/+ buffers/cache:       339M       1.6G
Swap:         8.0G         0B       8.0G

             total       used       free     shared    buffers     cached
Mem:          2.0G       668M       1.3G       1.4M        38M       290M
-/+ buffers/cache:       339M       1.6G
Swap:         8.0G         0B       8.0G

             total       used       free     shared    buffers     cached
Mem:          2.0G       668M       1.3G       1.4M        38M       290M
-/+ buffers/cache:       339M       1.6G
Swap:         8.0G         0B       8.0G

             total       used       free     shared    buffers     cached
Mem:          2.0G       668M       1.3G       1.4M        38M       290M
-/+ buffers/cache:       339M       1.6G
Swap:         8.0G         0B       8.0G

             total       used       free     shared    buffers     cached
Mem:          2.0G       668M       1.3G       1.4M        38M       290M
-/+ buffers/cache:       339M       1.6G
Swap:         8.0G         0B       8.0G

             total       used       free     shared    buffers     cached
Mem:          2.0G       668M       1.3G       1.4M        38M       290M
-/+ buffers/cache:       339M       1.6G
Swap:         8.0G         0B       8.0G

             total       used       free     shared    buffers     cached
Mem:          2.0G       668M       1.3G       1.4M        38M       290M
-/+ buffers/cache:       339M       1.6G
Swap:         8.0G         0B       8.0G

             total       used       free     shared    buffers     cached
Mem:          2.0G       668M       1.3G       1.4M        38M       290M
-/+ buffers/cache:       339M       1.6G
Swap:         8.0G         0B       8.0G

             total       used       free     shared    buffers     cached
Mem:          2.0G       668M       1.3G       1.4M        38M       290M
-/+ buffers/cache:       339M       1.6G
Swap:         8.0G         0B       8.0G

             total       used       free     shared    buffers     cached
Mem:          2.0G       668M       1.3G       1.4M        38M       290M
-/+ buffers/cache:       339M       1.6G
Swap:         8.0G         0B       8.0G

             total       used       free     shared    buffers     cached
Mem:          2.0G       668M       1.3G       1.4M        38M       290M
-/+ buffers/cache:       339M       1.6G
Swap:         8.0G         0B       8.0G

             total       used       free     shared    buffers     cached
Mem:          2.0G       668M       1.3G       1.4M        38M       290M
-/+ buffers/cache:       339M       1.6G
Swap:         8.0G         0B       8.0G

             total       used       free     shared    buffers     cached
Mem:          2.0G       674M       1.3G       1.4M        38M       290M
-/+ buffers/cache:       345M       1.6G
Swap:         8.0G         0B       8.0G

             total       used       free     shared    buffers     cached
Mem:          2.0G       692M       1.3G       1.4M        38M       290M
-/+ buffers/cache:       363M       1.6G
Swap:         8.0G         0B       8.0G

             total       used       free     shared    buffers     cached
Mem:          2.0G       712M       1.3G       1.4M        38M       290M
-/+ buffers/cache:       383M       1.6G
Swap:         8.0G         0B       8.0G

             total       used       free     shared    buffers     cached
Mem:          2.0G       729M       1.2G       1.4M        38M       290M
-/+ buffers/cache:       401M       1.6G
Swap:         8.0G         0B       8.0G

             total       used       free     shared    buffers     cached
Mem:          2.0G       747M       1.2G       1.4M        38M       290M
-/+ buffers/cache:       418M       1.5G
Swap:         8.0G         0B       8.0G

             total       used       free     shared    buffers     cached
Mem:          2.0G       765M       1.2G       1.4M        38M       290M
-/+ buffers/cache:       436M       1.5G
Swap:         8.0G         0B       8.0G

             total       used       free     shared    buffers     cached
Mem:          2.0G       781M       1.2G       1.4M        38M       290M
-/+ buffers/cache:       452M       1.5G
Swap:         8.0G         0B       8.0G

             total       used       free     shared    buffers     cached
Mem:          2.0G       797M       1.2G       1.4M        38M       290M
-/+ buffers/cache:       468M       1.5G
Swap:         8.0G         0B       8.0G

             total       used       free     shared    buffers     cached
Mem:          2.0G       813M       1.2G       1.4M        38M       290M
-/+ buffers/cache:       484M       1.5G
Swap:         8.0G         0B       8.0G

             total       used       free     shared    buffers     cached
Mem:          2.0G       829M       1.1G       1.4M        38M       290M
-/+ buffers/cache:       500M       1.5G
Swap:         8.0G         0B       8.0G

             total       used       free     shared    buffers     cached
Mem:          2.0G       848M       1.1G       1.4M        38M       290M
-/+ buffers/cache:       519M       1.4G
Swap:         8.0G         0B       8.0G

             total       used       free     shared    buffers     cached
Mem:          2.0G       865M       1.1G       1.4M        38M       290M
-/+ buffers/cache:       536M       1.4G
Swap:         8.0G         0B       8.0G

             total       used       free     shared    buffers     cached
Mem:          2.0G       883M       1.1G       1.4M        38M       290M
-/+ buffers/cache:       554M       1.4G
Swap:         8.0G         0B       8.0G

             total       used       free     shared    buffers     cached
Mem:          2.0G       898M       1.1G       1.4M        38M       290M
-/+ buffers/cache:       569M       1.4G
Swap:         8.0G         0B       8.0G

             total       used       free     shared    buffers     cached
Mem:          2.0G       917M       1.1G       1.4M        38M       290M
-/+ buffers/cache:       588M       1.4G
Swap:         8.0G         0B       8.0G

             total       used       free     shared    buffers     cached
Mem:          2.0G       935M       1.0G       1.4M        38M       290M
-/+ buffers/cache:       606M       1.4G
Swap:         8.0G         0B       8.0G

             total       used       free     shared    buffers     cached
Mem:          2.0G       951M       1.0G       1.4M        38M       290M
-/+ buffers/cache:       622M       1.3G
Swap:         8.0G         0B       8.0G

             total       used       free     shared    buffers     cached
Mem:          2.0G       969M       1.0G       1.4M        38M       290M
-/+ buffers/cache:       640M       1.3G
Swap:         8.0G         0B       8.0G

             total       used       free     shared    buffers     cached
Mem:          2.0G       987M       1.0G       1.4M        38M       290M
-/+ buffers/cache:       658M       1.3G
Swap:         8.0G         0B       8.0G

             total       used       free     shared    buffers     cached
Mem:          2.0G       1.0G       993M       1.4M        38M       290M
-/+ buffers/cache:       678M       1.3G
Swap:         8.0G         0B       8.0G

             total       used       free     shared    buffers     cached
Mem:          2.0G       1.0G       976M       1.4M        38M       290M
-/+ buffers/cache:       694M       1.3G
Swap:         8.0G         0B       8.0G

             total       used       free     shared    buffers     cached
Mem:          2.0G       1.0G       959M       1.4M        38M       290M
-/+ buffers/cache:       711M       1.3G
Swap:         8.0G         0B       8.0G

             total       used       free     shared    buffers     cached
Mem:          2.0G       1.0G       942M       1.4M        38M       290M
-/+ buffers/cache:       728M       1.2G
Swap:         8.0G         0B       8.0G

             total       used       free     shared    buffers     cached
Mem:          2.0G       1.0G       926M       1.4M        38M       290M
-/+ buffers/cache:       744M       1.2G
Swap:         8.0G         0B       8.0G

             total       used       free     shared    buffers     cached
Mem:          2.0G       1.1G       910M       1.4M        38M       290M
-/+ buffers/cache:       760M       1.2G
Swap:         8.0G         0B       8.0G

             total       used       free     shared    buffers     cached
Mem:          2.0G       1.1G       894M       1.4M        38M       290M
-/+ buffers/cache:       777M       1.2G
Swap:         8.0G         0B       8.0G

             total       used       free     shared    buffers     cached
Mem:          2.0G       1.1G       881M       1.4M        38M       290M
-/+ buffers/cache:       790M       1.2G
Swap:         8.0G         0B       8.0G

             total       used       free     shared    buffers     cached
Mem:          2.0G       1.1G       866M       1.4M        38M       290M
-/+ buffers/cache:       805M       1.2G
Swap:         8.0G         0B       8.0G

             total       used       free     shared    buffers     cached
Mem:          2.0G       1.1G       848M       1.4M        38M       290M
-/+ buffers/cache:       822M       1.1G
Swap:         8.0G         0B       8.0G

             total       used       free     shared    buffers     cached
Mem:          2.0G       1.1G       832M       1.4M        38M       290M
-/+ buffers/cache:       838M       1.1G
Swap:         8.0G         0B       8.0G

             total       used       free     shared    buffers     cached
Mem:          2.0G       1.2G       814M       1.4M        38M       290M
-/+ buffers/cache:       857M       1.1G
Swap:         8.0G         0B       8.0G

             total       used       free     shared    buffers     cached
Mem:          2.0G       1.2G       798M       1.4M        38M       290M
-/+ buffers/cache:       873M       1.1G
Swap:         8.0G         0B       8.0G

             total       used       free     shared    buffers     cached
Mem:          2.0G       1.2G       783M       1.4M        38M       290M
-/+ buffers/cache:       888M       1.1G
Swap:         8.0G         0B       8.0G

             total       used       free     shared    buffers     cached
Mem:          2.0G       1.2G       769M       1.4M        38M       290M
-/+ buffers/cache:       902M       1.1G
Swap:         8.0G         0B       8.0G

             total       used       free     shared    buffers     cached
Mem:          2.0G       1.2G       754M       1.4M        38M       290M
-/+ buffers/cache:       917M       1.1G
Swap:         8.0G         0B       8.0G

             total       used       free     shared    buffers     cached
Mem:          2.0G       1.2G       739M       1.4M        38M       290M
-/+ buffers/cache:       932M       1.0G
Swap:         8.0G         0B       8.0G

             total       used       free     shared    buffers     cached
Mem:          2.0G       1.2G       723M       1.4M        38M       290M
-/+ buffers/cache:       947M       1.0G
Swap:         8.0G         0B       8.0G

             total       used       free     shared    buffers     cached
Mem:          2.0G       1.3G       706M       1.4M        38M       290M
-/+ buffers/cache:       964M       1.0G
Swap:         8.0G         0B       8.0G

             total       used       free     shared    buffers     cached
Mem:          2.0G       1.3G       691M       1.4M        38M       290M
-/+ buffers/cache:       979M       1.0G
Swap:         8.0G         0B       8.0G

             total       used       free     shared    buffers     cached
Mem:          2.0G       1.3G       674M       1.4M        38M       290M
-/+ buffers/cache:       996M       1.0G
Swap:         8.0G         0B       8.0G

             total       used       free     shared    buffers     cached
Mem:          2.0G       1.3G       657M       1.4M        38M       290M
-/+ buffers/cache:       1.0G       986M
Swap:         8.0G         0B       8.0G

             total       used       free     shared    buffers     cached
Mem:          2.0G       1.3G       637M       1.4M        38M       290M
-/+ buffers/cache:       1.0G       967M
Swap:         8.0G         0B       8.0G

             total       used       free     shared    buffers     cached
Mem:          2.0G       1.3G       621M       1.4M        38M       290M
-/+ buffers/cache:       1.0G       950M
Swap:         8.0G         0B       8.0G

             total       used       free     shared    buffers     cached
Mem:          2.0G       1.4G       603M       1.4M        38M       290M
-/+ buffers/cache:       1.0G       932M
Swap:         8.0G         0B       8.0G

             total       used       free     shared    buffers     cached
Mem:          2.0G       1.4G       585M       1.4M        38M       290M
-/+ buffers/cache:       1.1G       915M
Swap:         8.0G         0B       8.0G

             total       used       free     shared    buffers     cached
Mem:          2.0G       1.4G       569M       1.4M        38M       290M
-/+ buffers/cache:       1.1G       898M
Swap:         8.0G         0B       8.0G

             total       used       free     shared    buffers     cached
Mem:          2.0G       1.4G       552M       1.4M        38M       290M
-/+ buffers/cache:       1.1G       881M
Swap:         8.0G         0B       8.0G

             total       used       free     shared    buffers     cached
Mem:          2.0G       1.4G       535M       1.4M        38M       290M
-/+ buffers/cache:       1.1G       864M
Swap:         8.0G         0B       8.0G

             total       used       free     shared    buffers     cached
Mem:          2.0G       1.4G       517M       1.4M        38M       290M
-/+ buffers/cache:       1.1G       846M
Swap:         8.0G         0B       8.0G

             total       used       free     shared    buffers     cached
Mem:          2.0G       1.5G       499M       1.4M        38M       290M
-/+ buffers/cache:       1.1G       828M
Swap:         8.0G         0B       8.0G

             total       used       free     shared    buffers     cached
Mem:          2.0G       1.5G       483M       1.4M        38M       290M
-/+ buffers/cache:       1.2G       813M
Swap:         8.0G         0B       8.0G

             total       used       free     shared    buffers     cached
Mem:          2.0G       1.5G       467M       1.4M        38M       290M
-/+ buffers/cache:       1.2G       797M
Swap:         8.0G         0B       8.0G

             total       used       free     shared    buffers     cached
Mem:          2.0G       1.5G       454M       1.4M        38M       290M
-/+ buffers/cache:       1.2G       783M
Swap:         8.0G         0B       8.0G

             total       used       free     shared    buffers     cached
Mem:          2.0G       1.5G       437M       1.4M        38M       290M
-/+ buffers/cache:       1.2G       767M
Swap:         8.0G         0B       8.0G

             total       used       free     shared    buffers     cached
Mem:          2.0G       1.5G       429M       1.4M        38M       290M
-/+ buffers/cache:       1.2G       759M
Swap:         8.0G         0B       8.0G

             total       used       free     shared    buffers     cached
Mem:          2.0G       1.5G       419M       1.4M        38M       290M
-/+ buffers/cache:       1.2G       749M
Swap:         8.0G         0B       8.0G

             total       used       free     shared    buffers     cached
Mem:          2.0G       1.6G       403M       1.4M        38M       290M
-/+ buffers/cache:       1.2G       733M
Swap:         8.0G         0B       8.0G

             total       used       free     shared    buffers     cached
Mem:          2.0G       1.6G       388M       1.4M        38M       290M
-/+ buffers/cache:       1.3G       718M
Swap:         8.0G         0B       8.0G

             total       used       free     shared    buffers     cached
Mem:          2.0G       1.6G       373M       1.4M        38M       290M
-/+ buffers/cache:       1.3G       703M
Swap:         8.0G         0B       8.0G

             total       used       free     shared    buffers     cached
Mem:          2.0G       1.6G       357M       1.4M        38M       290M
-/+ buffers/cache:       1.3G       686M
Swap:         8.0G         0B       8.0G

             total       used       free     shared    buffers     cached
Mem:          2.0G       1.6G       340M       1.4M        38M       290M
-/+ buffers/cache:       1.3G       670M
Swap:         8.0G         0B       8.0G

             total       used       free     shared    buffers     cached
Mem:          2.0G       1.6G       324M       1.4M        38M       290M
-/+ buffers/cache:       1.3G       654M
Swap:         8.0G         0B       8.0G

             total       used       free     shared    buffers     cached
Mem:          2.0G       1.7G       309M       1.4M        38M       290M
-/+ buffers/cache:       1.3G       639M
Swap:         8.0G         0B       8.0G

             total       used       free     shared    buffers     cached
Mem:          2.0G       1.7G       293M       1.4M        38M       290M
-/+ buffers/cache:       1.3G       623M
Swap:         8.0G         0B       8.0G

             total       used       free     shared    buffers     cached
Mem:          2.0G       1.7G       277M       1.4M        38M       290M
-/+ buffers/cache:       1.4G       607M
Swap:         8.0G         0B       8.0G

             total       used       free     shared    buffers     cached
Mem:          2.0G       1.7G       263M       1.4M        38M       290M
-/+ buffers/cache:       1.4G       592M
Swap:         8.0G         0B       8.0G

             total       used       free     shared    buffers     cached
Mem:          2.0G       1.7G       247M       1.4M        38M       290M
-/+ buffers/cache:       1.4G       577M
Swap:         8.0G         0B       8.0G

             total       used       free     shared    buffers     cached
Mem:          2.0G       1.7G       231M       1.4M        38M       290M
-/+ buffers/cache:       1.4G       560M
Swap:         8.0G         0B       8.0G

             total       used       free     shared    buffers     cached
Mem:          2.0G       1.7G       216M       1.4M        38M       290M
-/+ buffers/cache:       1.4G       545M
Swap:         8.0G         0B       8.0G

             total       used       free     shared    buffers     cached
Mem:          2.0G       1.8G       201M       1.4M        38M       290M
-/+ buffers/cache:       1.4G       530M
Swap:         8.0G         0B       8.0G

             total       used       free     shared    buffers     cached
Mem:          2.0G       1.8G       187M       1.4M        38M       290M
-/+ buffers/cache:       1.4G       516M
Swap:         8.0G         0B       8.0G

             total       used       free     shared    buffers     cached
Mem:          2.0G       1.8G       172M       1.4M        38M       290M
-/+ buffers/cache:       1.5G       501M
Swap:         8.0G         0B       8.0G

             total       used       free     shared    buffers     cached
Mem:          2.0G       1.8G       157M       1.4M        38M       290M
-/+ buffers/cache:       1.5G       486M
Swap:         8.0G         0B       8.0G

             total       used       free     shared    buffers     cached
Mem:          2.0G       1.8G       142M       1.4M        38M       290M
-/+ buffers/cache:       1.5G       471M
Swap:         8.0G         0B       8.0G

             total       used       free     shared    buffers     cached
Mem:          2.0G       1.8G       126M       1.4M        38M       290M
-/+ buffers/cache:       1.5G       455M
Swap:         8.0G         0B       8.0G

             total       used       free     shared    buffers     cached
Mem:          2.0G       1.8G       111M       1.4M        38M       290M
-/+ buffers/cache:       1.5G       440M
Swap:         8.0G         0B       8.0G

             total       used       free     shared    buffers     cached
Mem:          2.0G       1.9G        95M       1.4M        38M       290M
-/+ buffers/cache:       1.5G       424M
Swap:         8.0G         0B       8.0G

             total       used       free     shared    buffers     cached
Mem:          2.0G       1.9G        81M       1.4M        38M       290M
-/+ buffers/cache:       1.6G       410M
Swap:         8.0G         0B       8.0G

             total       used       free     shared    buffers     cached
Mem:          2.0G       1.9G        66M       1.4M        38M       290M
-/+ buffers/cache:       1.6G       395M
Swap:         8.0G         0B       8.0G

             total       used       free     shared    buffers     cached
Mem:          2.0G       1.9G        73M       1.4M        17M       288M
-/+ buffers/cache:       1.6G       380M
Swap:         8.0G         4K       8.0G

             total       used       free     shared    buffers     cached
Mem:          2.0G       1.9G        74M       1.4M        10M       279M
-/+ buffers/cache:       1.6G       364M
Swap:         8.0G         8K       8.0G

             total       used       free     shared    buffers     cached
Mem:          2.0G       1.9G        75M       1.4M       9.8M       263M
-/+ buffers/cache:       1.6G       348M
Swap:         8.0G        84K       8.0G

             total       used       free     shared    buffers     cached
Mem:          2.0G       1.9G        76M       1.2M       9.8M       245M
-/+ buffers/cache:       1.6G       331M
Swap:         8.0G       1.0M       8.0G

             total       used       free     shared    buffers     cached
Mem:          2.0G       1.9G        76M       1.2M       9.8M       233M
-/+ buffers/cache:       1.6G       319M
Swap:         8.0G       6.2M       8.0G

             total       used       free     shared    buffers     cached
Mem:          2.0G       1.9G        91M       1.0M       8.8M       206M
-/+ buffers/cache:       1.7G       307M
Swap:         8.0G        13M       8.0G

             total       used       free     shared    buffers     cached
Mem:          2.0G       1.9G        75M       1.0M       8.8M       206M
-/+ buffers/cache:       1.7G       291M
Swap:         8.0G        13M       8.0G

             total       used       free     shared    buffers     cached
Mem:          2.0G       1.9G        74M       1.0M       2.8M       199M
-/+ buffers/cache:       1.7G       276M
Swap:         8.0G        13M       8.0G

             total       used       free     shared    buffers     cached
Mem:          2.0G       1.9G        74M       1.0M       948K       185M
-/+ buffers/cache:       1.7G       260M
Swap:         8.0G        13M       8.0G

             total       used       free     shared    buffers     cached
Mem:          2.0G       1.9G        83M       1.0M       248K       161M
-/+ buffers/cache:       1.7G       244M
Swap:         8.0G        13M       8.0G

             total       used       free     shared    buffers     cached
Mem:          2.0G       1.9G        65M       1.0M       248K       161M
-/+ buffers/cache:       1.7G       226M
Swap:         8.0G        13M       8.0G

             total       used       free     shared    buffers     cached
Mem:          2.0G       1.9G        67M       1.0M       248K       141M
-/+ buffers/cache:       1.7G       209M
Swap:         8.0G        13M       8.0G

             total       used       free     shared    buffers     cached
Mem:          2.0G       1.9G        66M       1.0M        76K       125M
-/+ buffers/cache:       1.8G       192M
Swap:         8.0G        13M       8.0G

             total       used       free     shared    buffers     cached
Mem:          2.0G       1.9G        66M       1.0M        76K       110M
-/+ buffers/cache:       1.8G       176M
Swap:         8.0G        13M       8.0G

             total       used       free     shared    buffers     cached
Mem:          2.0G       1.9G        85M       1.0M       100K        75M
-/+ buffers/cache:       1.8G       160M
Swap:         8.0G        13M       8.0G

             total       used       free     shared    buffers     cached
Mem:          2.0G       1.9G        68M       1.0M       100K        75M
-/+ buffers/cache:       1.8G       143M
Swap:         8.0G        13M       8.0G

             total       used       free     shared    buffers     cached
Mem:          2.0G       1.9G        70M       1.0M       240K        56M
-/+ buffers/cache:       1.8G       127M
Swap:         8.0G        13M       8.0G

             total       used       free     shared    buffers     cached
Mem:          2.0G       1.9G        68M       1.0M       240K        43M
-/+ buffers/cache:       1.8G       112M
Swap:         8.0G        13M       8.0G

             total       used       free     shared    buffers     cached
Mem:          2.0G       1.9G        69M       1.0M       516K        25M
-/+ buffers/cache:       1.9G        95M
Swap:         8.0G        13M       8.0G

             total       used       free     shared    buffers     cached
Mem:          2.0G       1.9G        67M       1.0M       524K        10M
-/+ buffers/cache:       1.9G        77M
Swap:         8.0G        13M       8.0G

             total       used       free     shared    buffers     cached
Mem:          2.0G       1.9G        90M       676K       524K       7.5M
-/+ buffers/cache:       1.9G        98M
Swap:         8.0G        83M       7.9G

             total       used       free     shared    buffers     cached
Mem:          2.0G       1.9G        72M       676K       524K       7.5M
-/+ buffers/cache:       1.9G        80M
Swap:         8.0G        83M       7.9G

             total       used       free     shared    buffers     cached
Mem:          2.0G       1.9G        69M       676K       524K       4.0M
-/+ buffers/cache:       1.9G        74M
Swap:         8.0G        84M       7.9G

             total       used       free     shared    buffers     cached
Mem:          2.0G       1.9G        74M       676K       468K       2.4M
-/+ buffers/cache:       1.9G        76M
Swap:         8.0G        84M       7.9G

             total       used       free     shared    buffers     cached
Mem:          2.0G       1.9G        76M       668K       340K       2.4M
-/+ buffers/cache:       1.9G        79M
Swap:         8.0G       100M       7.9G

             total       used       free     shared    buffers     cached
Mem:          2.0G       1.9G        74M       664K       348K       2.3M
-/+ buffers/cache:       1.9G        76M
Swap:         8.0G       121M       7.9G

             total       used       free     shared    buffers     cached
Mem:          2.0G       1.9G        72M       660K       348K       2.3M
-/+ buffers/cache:       1.9G        75M
Swap:         8.0G       121M       7.9G

             total       used       free     shared    buffers     cached
Mem:          2.0G       1.9G        72M       660K       348K       2.2M
-/+ buffers/cache:       1.9G        75M
Swap:         8.0G       147M       7.9G

             total       used       free     shared    buffers     cached
Mem:          2.0G       1.9G        70M       644K       348K       2.3M
-/+ buffers/cache:       1.9G        72M
Swap:         8.0G       155M       7.8G

             total       used       free     shared    buffers     cached
Mem:          2.0G       1.9G        71M       580K       348K       2.2M
-/+ buffers/cache:       1.9G        74M
Swap:         8.0G       168M       7.8G

             total       used       free     shared    buffers     cached
Mem:          2.0G       1.9G        69M       580K       356K       2.2M
-/+ buffers/cache:       1.9G        72M
Swap:         8.0G       190M       7.8G

             total       used       free     shared    buffers     cached
Mem:          2.0G       1.9G        68M       568K       356K       2.1M
-/+ buffers/cache:       1.9G        70M
Swap:         8.0G       191M       7.8G

             total       used       free     shared    buffers     cached
Mem:          2.0G       1.8G       121M       552K       276K       2.3M
-/+ buffers/cache:       1.8G       123M
Swap:         8.0G       262M       7.7G

             total       used       free     shared    buffers     cached
Mem:          2.0G       1.8G       114M       540K       276K       2.2M
-/+ buffers/cache:       1.8G       116M
Swap:         8.0G       251M       7.8G

             total       used       free     shared    buffers     cached
Mem:          2.0G       1.8G       114M       540K       276K       2.2M
-/+ buffers/cache:       1.8G       116M
Swap:         8.0G       249M       7.8G

             total       used       free     shared    buffers     cached
Mem:          2.0G       1.9G        97M       540K       284K       2.2M
-/+ buffers/cache:       1.9G        99M
Swap:         8.0G       249M       7.8G

             total       used       free     shared    buffers     cached
Mem:          2.0G       1.9G        79M       540K       284K       2.2M
-/+ buffers/cache:       1.9G        81M
Swap:         8.0G       249M       7.8G

             total       used       free     shared    buffers     cached
Mem:          2.0G       1.9G        87M       540K       284K       2.2M
-/+ buffers/cache:       1.9G        89M
Swap:         8.0G       286M       7.7G

             total       used       free     shared    buffers     cached
Mem:          2.0G       1.9G        76M       540K       284K       2.2M
-/+ buffers/cache:       1.9G        79M
Swap:         8.0G       286M       7.7G

             total       used       free     shared    buffers     cached
Mem:          2.0G       1.9G        72M       540K       284K       2.2M
-/+ buffers/cache:       1.9G        74M
Swap:         8.0G       286M       7.7G

             total       used       free     shared    buffers     cached
Mem:          2.0G       1.9G        71M       540K       284K       2.2M
-/+ buffers/cache:       1.9G        74M
Swap:         8.0G       286M       7.7G

             total       used       free     shared    buffers     cached
Mem:          2.0G       1.9G        71M       540K       292K       2.2M
-/+ buffers/cache:       1.9G        73M
Swap:         8.0G       285M       7.7G

             total       used       free     shared    buffers     cached
Mem:          2.0G       1.9G        70M       540K       292K       2.2M
-/+ buffers/cache:       1.9G        73M
Swap:         8.0G       285M       7.7G

             total       used       free     shared    buffers     cached
Mem:          2.0G       1.9G        70M       540K       292K       2.2M
-/+ buffers/cache:       1.9G        72M
Swap:         8.0G       284M       7.7G

             total       used       free     shared    buffers     cached
Mem:          2.0G       1.9G        69M       540K       292K       2.2M
-/+ buffers/cache:       1.9G        72M
Swap:         8.0G       284M       7.7G

             total       used       free     shared    buffers     cached
Mem:          2.0G       1.9G        69M       540K       292K       2.2M
-/+ buffers/cache:       1.9G        71M
Swap:         8.0G       284M       7.7G

             total       used       free     shared    buffers     cached
Mem:          2.0G       1.9G        68M       540K       300K       2.2M
-/+ buffers/cache:       1.9G        71M
Swap:         8.0G       283M       7.7G

             total       used       free     shared    buffers     cached
Mem:          2.0G       1.9G        68M       540K       300K       2.2M
-/+ buffers/cache:       1.9G        70M
Swap:         8.0G       283M       7.7G

             total       used       free     shared    buffers     cached
Mem:          2.0G       1.9G        67M       540K       300K       2.2M
-/+ buffers/cache:       1.9G        69M
Swap:         8.0G       282M       7.7G

             total       used       free     shared    buffers     cached
Mem:          2.0G       1.9G        67M       540K       300K       2.2M
-/+ buffers/cache:       1.9G        69M
Swap:         8.0G       282M       7.7G

             total       used       free     shared    buffers     cached
Mem:          2.0G       1.9G        66M       540K       300K       2.2M
-/+ buffers/cache:       1.9G        68M
Swap:         8.0G       281M       7.7G

             total       used       free     shared    buffers     cached
Mem:          2.0G       1.9G        65M       540K       308K       2.2M
-/+ buffers/cache:       1.9G        68M
Swap:         8.0G       281M       7.7G

             total       used       free     shared    buffers     cached
Mem:          2.0G       1.9G        65M       540K       308K       2.3M
-/+ buffers/cache:       1.9G        68M
Swap:         8.0G       281M       7.7G

             total       used       free     shared    buffers     cached
Mem:          2.0G       1.9G        64M       540K       308K       2.2M
-/+ buffers/cache:       1.9G        67M
Swap:         8.0G       280M       7.7G

             total       used       free     shared    buffers     cached
Mem:          2.0G       1.9G        79M       540K       212K       2.2M
-/+ buffers/cache:       1.9G        82M
Swap:         8.0G       292M       7.7G

             total       used       free     shared    buffers     cached
Mem:          2.0G       1.9G        79M       540K       212K       2.2M
-/+ buffers/cache:       1.9G        81M
Swap:         8.0G       291M       7.7G

             total       used       free     shared    buffers     cached
Mem:          2.0G       1.9G        78M       540K       212K       2.2M
-/+ buffers/cache:       1.9G        81M
Swap:         8.0G       291M       7.7G

             total       used       free     shared    buffers     cached
Mem:          2.0G       1.9G        78M       540K       220K       2.2M
-/+ buffers/cache:       1.9G        81M
Swap:         8.0G       291M       7.7G

             total       used       free     shared    buffers     cached
Mem:          2.0G       1.9G        78M       540K       220K       2.3M
-/+ buffers/cache:       1.9G        80M
Swap:         8.0G       290M       7.7G

             total       used       free     shared    buffers     cached
Mem:          2.0G       1.9G        78M       540K       220K       2.2M
-/+ buffers/cache:       1.9G        80M
Swap:         8.0G       290M       7.7G

             total       used       free     shared    buffers     cached
Mem:          2.0G       1.9G        78M       540K       220K       2.3M
-/+ buffers/cache:       1.9G        80M
Swap:         8.0G       290M       7.7G

             total       used       free     shared    buffers     cached
Mem:          2.0G       1.9G        78M       540K       220K       2.3M
-/+ buffers/cache:       1.9G        80M
Swap:         8.0G       290M       7.7G

             total       used       free     shared    buffers     cached
Mem:          2.0G       1.9G        77M       540K       240K       2.2M
-/+ buffers/cache:       1.9G        80M
Swap:         8.0G       290M       7.7G

             total       used       free     shared    buffers     cached
Mem:          2.0G       1.9G        77M       540K       240K       2.2M
-/+ buffers/cache:       1.9G        80M
Swap:         8.0G       290M       7.7G

             total       used       free     shared    buffers     cached
Mem:          2.0G       1.9G        76M       540K        76K        16M
-/+ buffers/cache:       1.9G        92M
Swap:         8.0G       309M       7.7G

             total       used       free     shared    buffers     cached
Mem:          2.0G       1.9G        74M       540K       216K        19M
-/+ buffers/cache:       1.9G        94M
Swap:         8.0G       309M       7.7G

             total       used       free     shared    buffers     cached
Mem:          2.0G       1.9G        73M       540K       692K        19M
-/+ buffers/cache:       1.9G        93M
Swap:         8.0G       308M       7.7G

             total       used       free     shared    buffers     cached
Mem:          2.0G       1.9G        73M       540K       700K        19M
-/+ buffers/cache:       1.9G        93M
Swap:         8.0G       308M       7.7G

             total       used       free     shared    buffers     cached
Mem:          2.0G       1.9G        71M       540K       988K        20M
-/+ buffers/cache:       1.9G        92M
Swap:         8.0G       308M       7.7G

             total       used       free     shared    buffers     cached
Mem:          2.0G       1.9G        78M       540K       1.1M        26M
-/+ buffers/cache:       1.8G       106M
Swap:         8.0G       331M       7.7G

             total       used       free     shared    buffers     cached
Mem:          2.0G       1.9G        78M       544K       1.1M        26M
-/+ buffers/cache:       1.8G       105M
Swap:         8.0G       331M       7.7G

             total       used       free     shared    buffers     cached
Mem:          2.0G       1.9G        78M       544K       1.1M        26M
-/+ buffers/cache:       1.9G       105M
Swap:         8.0G       330M       7.7G

             total       used       free     shared    buffers     cached
Mem:          2.0G       1.9G        77M       544K       1.1M        26M
-/+ buffers/cache:       1.9G       105M
Swap:         8.0G       330M       7.7G

             total       used       free     shared    buffers     cached
Mem:          2.0G       1.9G        77M       544K       1.1M        26M
-/+ buffers/cache:       1.9G       104M
Swap:         8.0G       330M       7.7G

             total       used       free     shared    buffers     cached
Mem:          2.0G       1.9G        76M       544K       1.1M        26M
-/+ buffers/cache:       1.9G       104M
Swap:         8.0G       330M       7.7G

             total       used       free     shared    buffers     cached
Mem:          2.0G       1.9G        76M       544K       1.1M        26M
-/+ buffers/cache:       1.9G       103M
Swap:         8.0G       329M       7.7G

             total       used       free     shared    buffers     cached
Mem:          2.0G       1.9G        74M       544K       1.1M        27M
-/+ buffers/cache:       1.9G       103M
Swap:         8.0G       329M       7.7G

             total       used       free     shared    buffers     cached
Mem:          2.0G       1.9G        72M       544K       1.1M        28M
-/+ buffers/cache:       1.9G       101M
Swap:         8.0G       328M       7.7G

             total       used       free     shared    buffers     cached
Mem:          2.0G       1.9G        71M       544K       1.1M        28M
-/+ buffers/cache:       1.9G       101M
Swap:         8.0G       328M       7.7G

             total       used       free     shared    buffers     cached
Mem:          2.0G       1.9G        70M       544K       1.1M        28M
-/+ buffers/cache:       1.9G       100M
Swap:         8.0G       328M       7.7G

             total       used       free     shared    buffers     cached
Mem:          2.0G       1.9G        70M       544K       1.1M        28M
-/+ buffers/cache:       1.9G       100M
Swap:         8.0G       327M       7.7G

             total       used       free     shared    buffers     cached
Mem:          2.0G       1.9G        69M       544K       1.1M        28M
-/+ buffers/cache:       1.9G        99M
Swap:         8.0G       327M       7.7G

             total       used       free     shared    buffers     cached
Mem:          2.0G       1.9G        69M       544K       1.1M        28M
-/+ buffers/cache:       1.9G        98M
Swap:         8.0G       327M       7.7G

             total       used       free     shared    buffers     cached
Mem:          2.0G       1.9G        68M       544K       1.1M        28M
-/+ buffers/cache:       1.9G        98M
Swap:         8.0G       326M       7.7G

             total       used       free     shared    buffers     cached
Mem:          2.0G       1.9G        68M       544K       1.1M        28M
-/+ buffers/cache:       1.9G        98M
Swap:         8.0G       326M       7.7G

             total       used       free     shared    buffers     cached
Mem:          2.0G       1.9G        67M       544K       1.1M        28M
-/+ buffers/cache:       1.9G        97M
Swap:         8.0G       326M       7.7G

             total       used       free     shared    buffers     cached
Mem:          2.0G       1.9G        67M       544K       1.1M        28M
-/+ buffers/cache:       1.9G        96M
Swap:         8.0G       325M       7.7G

             total       used       free     shared    buffers     cached
Mem:          2.0G       1.9G        66M       544K       1.1M        28M
-/+ buffers/cache:       1.9G        96M
Swap:         8.0G       325M       7.7G

             total       used       free     shared    buffers     cached
Mem:          2.0G       1.9G        65M       544K       1.1M        28M
-/+ buffers/cache:       1.9G        95M
Swap:         8.0G       324M       7.7G

             total       used       free     shared    buffers     cached
Mem:          2.0G       1.9G        65M       544K       1.1M        28M
-/+ buffers/cache:       1.9G        95M
Swap:         8.0G       324M       7.7G

             total       used       free     shared    buffers     cached
Mem:          2.0G       1.9G        83M       544K       1.1M        27M
-/+ buffers/cache:       1.8G       111M
Swap:         8.0G       347M       7.7G

             total       used       free     shared    buffers     cached
Mem:          2.0G       1.9G        82M       544K       1.1M        27M
-/+ buffers/cache:       1.8G       111M
Swap:         8.0G       347M       7.7G

             total       used       free     shared    buffers     cached
Mem:          2.0G       1.9G        81M       544K       1.1M        27M
-/+ buffers/cache:       1.8G       110M
Swap:         8.0G       346M       7.7G

             total       used       free     shared    buffers     cached
Mem:          2.0G       1.9G        81M       544K       1.1M        27M
-/+ buffers/cache:       1.8G       110M
Swap:         8.0G       346M       7.7G

             total       used       free     shared    buffers     cached
Mem:          2.0G       1.9G        80M       544K       1.1M        27M
-/+ buffers/cache:       1.8G       109M
Swap:         8.0G       346M       7.7G

             total       used       free     shared    buffers     cached
Mem:          2.0G       1.9G        80M       544K       1.1M        27M
-/+ buffers/cache:       1.8G       108M
Swap:         8.0G       345M       7.7G

             total       used       free     shared    buffers     cached
Mem:          2.0G       1.9G        79M       544K       1.1M        27M
-/+ buffers/cache:       1.8G       108M
Swap:         8.0G       345M       7.7G

             total       used       free     shared    buffers     cached
Mem:          2.0G       1.9G        79M       544K       1.1M        27M
-/+ buffers/cache:       1.8G       107M
Swap:         8.0G       345M       7.7G

             total       used       free     shared    buffers     cached
Mem:          2.0G       1.9G        78M       544K       1.1M        27M
-/+ buffers/cache:       1.8G       107M
Swap:         8.0G       344M       7.7G

             total       used       free     shared    buffers     cached
Mem:          2.0G       1.9G        77M       544K       1.1M        27M
-/+ buffers/cache:       1.8G       106M
Swap:         8.0G       344M       7.7G

             total       used       free     shared    buffers     cached
Mem:          2.0G       1.9G        77M       544K       1.1M        27M
-/+ buffers/cache:       1.8G       105M
Swap:         8.0G       344M       7.7G

             total       used       free     shared    buffers     cached
Mem:          2.0G       1.9G        76M       544K       1.1M        27M
-/+ buffers/cache:       1.9G       105M
Swap:         8.0G       343M       7.7G

             total       used       free     shared    buffers     cached
Mem:          2.0G       1.9G        76M       544K       1.1M        27M
-/+ buffers/cache:       1.9G       104M
Swap:         8.0G       343M       7.7G

             total       used       free     shared    buffers     cached
Mem:          2.0G       1.9G        75M       544K       1.1M        27M
-/+ buffers/cache:       1.9G       104M
Swap:         8.0G       342M       7.7G

             total       used       free     shared    buffers     cached
Mem:          2.0G       1.9G        74M       544K       1.1M        27M
-/+ buffers/cache:       1.9G       103M
Swap:         8.0G       342M       7.7G

             total       used       free     shared    buffers     cached
Mem:          2.0G       1.9G        74M       544K       1.1M        27M
-/+ buffers/cache:       1.9G       102M
Swap:         8.0G       341M       7.7G

             total       used       free     shared    buffers     cached
Mem:          2.0G       1.9G        73M       544K       1.1M        27M
-/+ buffers/cache:       1.9G       102M
Swap:         8.0G       341M       7.7G

             total       used       free     shared    buffers     cached
Mem:          2.0G       1.9G        73M       544K       1.1M        27M
-/+ buffers/cache:       1.9G       101M
Swap:         8.0G       341M       7.7G

             total       used       free     shared    buffers     cached
Mem:          2.0G       1.9G        72M       544K       1.1M        27M
-/+ buffers/cache:       1.9G       101M
Swap:         8.0G       340M       7.7G

             total       used       free     shared    buffers     cached
Mem:          2.0G       1.9G        71M       544K       1.1M        27M
-/+ buffers/cache:       1.9G       100M
Swap:         8.0G       340M       7.7G

             total       used       free     shared    buffers     cached
Mem:          2.0G       1.9G        71M       544K       1.1M        27M
-/+ buffers/cache:       1.9G        99M
Swap:         8.0G       340M       7.7G

             total       used       free     shared    buffers     cached
Mem:          2.0G       1.9G        70M       544K       1.2M        27M
-/+ buffers/cache:       1.9G        99M
Swap:         8.0G       339M       7.7G

             total       used       free     shared    buffers     cached
Mem:          2.0G       1.9G        69M       544K       1.2M        27M
-/+ buffers/cache:       1.9G        98M
Swap:         8.0G       339M       7.7G

             total       used       free     shared    buffers     cached
Mem:          2.0G       1.9G        69M       544K       1.2M        27M
-/+ buffers/cache:       1.9G        98M
Swap:         8.0G       338M       7.7G

             total       used       free     shared    buffers     cached
Mem:          2.0G       1.9G        68M       544K       1.2M        27M
-/+ buffers/cache:       1.9G        97M
Swap:         8.0G       338M       7.7G

             total       used       free     shared    buffers     cached
Mem:          2.0G       1.9G        68M       544K       1.2M        27M
-/+ buffers/cache:       1.9G        96M
Swap:         8.0G       337M       7.7G

             total       used       free     shared    buffers     cached
Mem:          2.0G       1.9G        67M       544K       1.2M        27M
-/+ buffers/cache:       1.9G        96M
Swap:         8.0G       337M       7.7G

             total       used       free     shared    buffers     cached
Mem:          2.0G       1.9G        67M       544K       1.2M        27M
-/+ buffers/cache:       1.9G        95M
Swap:         8.0G       337M       7.7G

             total       used       free     shared    buffers     cached
Mem:          2.0G       1.9G        66M       544K       1.2M        27M
-/+ buffers/cache:       1.9G        95M
Swap:         8.0G       336M       7.7G

             total       used       free     shared    buffers     cached
Mem:          2.0G       1.9G        65M       544K       1.2M        27M
-/+ buffers/cache:       1.9G        94M
Swap:         8.0G       336M       7.7G

             total       used       free     shared    buffers     cached
Mem:          2.0G       1.9G        65M       544K       1.2M        27M
-/+ buffers/cache:       1.9G        93M
Swap:         8.0G       335M       7.7G

             total       used       free     shared    buffers     cached
Mem:          2.0G       1.9G        76M       544K       1.2M        26M
-/+ buffers/cache:       1.9G       104M
Swap:         8.0G       335M       7.7G

             total       used       free     shared    buffers     cached
Mem:          2.0G       1.9G        76M       544K       1.2M        26M
-/+ buffers/cache:       1.9G       104M
Swap:         8.0G       335M       7.7G

             total       used       free     shared    buffers     cached
Mem:          2.0G       1.9G        75M       544K       1.2M        26M
-/+ buffers/cache:       1.9G       103M
Swap:         8.0G       335M       7.7G

             total       used       free     shared    buffers     cached
Mem:          2.0G       1.9G        70M       544K       1.2M        30M
-/+ buffers/cache:       1.9G       102M
Swap:         8.0G       334M       7.7G

             total       used       free     shared    buffers     cached
Mem:          2.0G       1.9G        70M       544K       1.2M        30M
-/+ buffers/cache:       1.9G       102M
Swap:         8.0G       334M       7.7G

             total       used       free     shared    buffers     cached
Mem:          2.0G       1.9G        69M       544K       1.2M        30M
-/+ buffers/cache:       1.9G       101M
Swap:         8.0G       333M       7.7G

             total       used       free     shared    buffers     cached
Mem:          2.0G       1.9G        68M       544K       1.2M        30M
-/+ buffers/cache:       1.9G       100M
Swap:         8.0G       333M       7.7G

             total       used       free     shared    buffers     cached
Mem:          2.0G       1.9G        67M       544K       1.2M        30M
-/+ buffers/cache:       1.9G        99M
Swap:         8.0G       332M       7.7G

             total       used       free     shared    buffers     cached
Mem:          2.0G       1.9G        67M       544K       1.2M        30M
-/+ buffers/cache:       1.9G        99M
Swap:         8.0G       332M       7.7G

             total       used       free     shared    buffers     cached
Mem:          2.0G       1.9G        66M       544K       1.2M        30M
-/+ buffers/cache:       1.9G        98M
Swap:         8.0G       331M       7.7G

             total       used       free     shared    buffers     cached
Mem:          2.0G       1.9G        66M       544K       1.2M        30M
-/+ buffers/cache:       1.9G        98M
Swap:         8.0G       331M       7.7G

             total       used       free     shared    buffers     cached
Mem:          2.0G       1.9G        65M       544K       1.2M        31M
-/+ buffers/cache:       1.9G        97M
Swap:         8.0G       331M       7.7G

             total       used       free     shared    buffers     cached
Mem:          2.0G       1.9G        75M       544K       296K        29M
-/+ buffers/cache:       1.9G       105M
Swap:         8.0G       346M       7.7G

             total       used       free     shared    buffers     cached
Mem:          2.0G       1.9G        75M       548K       296K        29M
-/+ buffers/cache:       1.9G       104M
Swap:         8.0G       345M       7.7G

             total       used       free     shared    buffers     cached
Mem:          2.0G       1.9G        74M       548K       296K        29M
-/+ buffers/cache:       1.9G       103M
Swap:         8.0G       345M       7.7G

             total       used       free     shared    buffers     cached
Mem:          2.0G       1.9G        73M       548K       296K        29M
-/+ buffers/cache:       1.9G       103M
Swap:         8.0G       345M       7.7G

             total       used       free     shared    buffers     cached
Mem:          2.0G       1.9G        67M       548K       296K        30M
-/+ buffers/cache:       1.9G        98M
Swap:         8.0G       342M       7.7G

             total       used       free     shared    buffers     cached
Mem:          2.0G       1.9G        66M       548K       296K        30M
-/+ buffers/cache:       1.9G        97M
Swap:         8.0G       342M       7.7G

             total       used       free     shared    buffers     cached
Mem:          2.0G       1.9G        76M       548K       304K        30M
-/+ buffers/cache:       1.8G       107M
Swap:         8.0G       355M       7.6G

             total       used       free     shared    buffers     cached
Mem:          2.0G       1.9G        74M       548K       304K        31M
-/+ buffers/cache:       1.8G       105M
Swap:         8.0G       354M       7.7G

             total       used       free     shared    buffers     cached
Mem:          2.0G       1.9G        73M       548K       304K        31M
-/+ buffers/cache:       1.9G       105M
Swap:         8.0G       354M       7.7G

             total       used       free     shared    buffers     cached
Mem:          2.0G       1.9G        73M       548K       304K        31M
-/+ buffers/cache:       1.9G       105M
Swap:         8.0G       354M       7.7G

             total       used       free     shared    buffers     cached
Mem:          2.0G       1.9G        73M       548K       304K        31M
-/+ buffers/cache:       1.9G       104M
Swap:         8.0G       353M       7.7G

             total       used       free     shared    buffers     cached
Mem:          2.0G       1.9G        72M       548K       312K        31M
-/+ buffers/cache:       1.9G       104M
Swap:         8.0G       353M       7.7G

             total       used       free     shared    buffers     cached
Mem:          2.0G       1.9G        72M       548K       312K        31M
-/+ buffers/cache:       1.9G       103M
Swap:         8.0G       353M       7.7G

             total       used       free     shared    buffers     cached
Mem:          2.0G       1.9G        71M       548K       312K        31M
-/+ buffers/cache:       1.9G       103M
Swap:         8.0G       353M       7.7G

             total       used       free     shared    buffers     cached
Mem:          2.0G       1.9G        71M       548K       312K        31M
-/+ buffers/cache:       1.9G       102M
Swap:         8.0G       352M       7.7G

             total       used       free     shared    buffers     cached
Mem:          2.0G       1.9G        70M       548K       312K        31M
-/+ buffers/cache:       1.9G       102M
Swap:         8.0G       352M       7.7G

             total       used       free     shared    buffers     cached
Mem:          2.0G       1.9G        70M       548K       312K        31M
-/+ buffers/cache:       1.9G       101M
Swap:         8.0G       352M       7.7G

             total       used       free     shared    buffers     cached
Mem:          2.0G       1.9G        80M       608K       1.6M        42M
-/+ buffers/cache:       1.8G       124M
Swap:         8.0G       376M       7.6G

             total       used       free     shared    buffers     cached
Mem:          2.0G       1.9G        74M       4.3M       5.0M        62M
-/+ buffers/cache:       1.8G       141M
Swap:         8.0G       412M       7.6G

             total       used       free     shared    buffers     cached
Mem:          2.0G       1.9G        68M       672K       4.0M        63M
-/+ buffers/cache:       1.8G       135M
Swap:         8.0G       409M       7.6G

             total       used       free     shared    buffers     cached
Mem:          2.0G       1.9G        67M       632K       4.0M        63M
-/+ buffers/cache:       1.8G       134M
Swap:         8.0G       408M       7.6G

             total       used       free     shared    buffers     cached
Mem:          2.0G       1.9G        66M       632K       4.0M        63M
-/+ buffers/cache:       1.8G       133M
Swap:         8.0G       408M       7.6G

             total       used       free     shared    buffers     cached
Mem:          2.0G       1.9G        65M       632K       4.0M        63M
-/+ buffers/cache:       1.8G       133M
Swap:         8.0G       408M       7.6G

             total       used       free     shared    buffers     cached
Mem:          2.0G       1.9G        64M       632K       4.0M        63M
-/+ buffers/cache:       1.8G       132M
Swap:         8.0G       407M       7.6G

             total       used       free     shared    buffers     cached
Mem:          2.0G       1.9G        79M       632K       4.0M        59M
-/+ buffers/cache:       1.8G       143M
Swap:         8.0G       424M       7.6G

             total       used       free     shared    buffers     cached
Mem:          2.0G       1.9G        77M       632K       4.1M        60M
-/+ buffers/cache:       1.8G       142M
Swap:         8.0G       424M       7.6G

             total       used       free     shared    buffers     cached
Mem:          2.0G       1.9G        76M       632K       4.1M        60M
-/+ buffers/cache:       1.8G       141M
Swap:         8.0G       423M       7.6G

             total       used       free     shared    buffers     cached
Mem:          2.0G       1.9G        75M       632K       4.1M        60M
-/+ buffers/cache:       1.8G       140M
Swap:         8.0G       423M       7.6G

             total       used       free     shared    buffers     cached
Mem:          2.0G       1.9G        74M       632K       4.1M        60M
-/+ buffers/cache:       1.8G       139M
Swap:         8.0G       422M       7.6G

             total       used       free     shared    buffers     cached
Mem:          2.0G       1.9G        73M       632K       4.1M        60M
-/+ buffers/cache:       1.8G       138M
Swap:         8.0G       422M       7.6G

             total       used       free     shared    buffers     cached
Mem:          2.0G       1.9G        72M       632K       4.1M        60M
-/+ buffers/cache:       1.8G       137M
Swap:         8.0G       421M       7.6G

             total       used       free     shared    buffers     cached
Mem:          2.0G       1.9G        71M       632K       4.1M        60M
-/+ buffers/cache:       1.8G       136M
Swap:         8.0G       421M       7.6G

             total       used       free     shared    buffers     cached
Mem:          2.0G       1.9G        70M       632K       4.1M        60M
-/+ buffers/cache:       1.8G       135M
Swap:         8.0G       420M       7.6G

             total       used       free     shared    buffers     cached
Mem:          2.0G       1.9G        69M       632K       4.1M        60M
-/+ buffers/cache:       1.8G       134M
Swap:         8.0G       420M       7.6G

             total       used       free     shared    buffers     cached
Mem:          2.0G       1.9G        68M       632K       4.1M        60M
-/+ buffers/cache:       1.8G       133M
Swap:         8.0G       419M       7.6G

             total       used       free     shared    buffers     cached
Mem:          2.0G       1.9G        67M       632K       4.1M        60M
-/+ buffers/cache:       1.8G       132M
Swap:         8.0G       419M       7.6G

             total       used       free     shared    buffers     cached
Mem:          2.0G       1.9G        66M       632K       4.2M        60M
-/+ buffers/cache:       1.8G       131M
Swap:         8.0G       418M       7.6G

             total       used       free     shared    buffers     cached
Mem:          2.0G       1.9G        65M       632K       4.2M        60M
-/+ buffers/cache:       1.8G       130M
Swap:         8.0G       418M       7.6G

             total       used       free     shared    buffers     cached
Mem:          2.0G       1.9G        80M       632K       4.2M        59M
-/+ buffers/cache:       1.8G       143M
Swap:         8.0G       427M       7.6G

             total       used       free     shared    buffers     cached
Mem:          2.0G       1.9G        79M       632K       4.2M        59M
-/+ buffers/cache:       1.8G       142M
Swap:         8.0G       427M       7.6G

             total       used       free     shared    buffers     cached
Mem:          2.0G       1.9G        77M       632K       4.2M        59M
-/+ buffers/cache:       1.8G       141M
Swap:         8.0G       426M       7.6G

             total       used       free     shared    buffers     cached
Mem:          2.0G       1.9G        76M       632K       4.2M        59M
-/+ buffers/cache:       1.8G       140M
Swap:         8.0G       425M       7.6G

             total       used       free     shared    buffers     cached
Mem:          2.0G       1.9G        75M       632K       4.2M        59M
-/+ buffers/cache:       1.8G       139M
Swap:         8.0G       425M       7.6G

             total       used       free     shared    buffers     cached
Mem:          2.0G       1.9G        74M       632K       4.2M        59M
-/+ buffers/cache:       1.8G       138M
Swap:         8.0G       424M       7.6G

             total       used       free     shared    buffers     cached
Mem:          2.0G       1.9G        73M       632K       4.2M        59M
-/+ buffers/cache:       1.8G       137M
Swap:         8.0G       424M       7.6G

             total       used       free     shared    buffers     cached
Mem:          2.0G       1.9G        72M       632K       4.2M        59M
-/+ buffers/cache:       1.8G       136M
Swap:         8.0G       423M       7.6G

             total       used       free     shared    buffers     cached
Mem:          2.0G       1.9G        71M       632K       4.2M        59M
-/+ buffers/cache:       1.8G       135M
Swap:         8.0G       423M       7.6G

             total       used       free     shared    buffers     cached
Mem:          2.0G       1.9G        70M       632K       4.2M        59M
-/+ buffers/cache:       1.8G       134M
Swap:         8.0G       422M       7.6G

             total       used       free     shared    buffers     cached
Mem:          2.0G       1.9G        69M       632K       4.2M        59M
-/+ buffers/cache:       1.8G       133M
Swap:         8.0G       422M       7.6G

             total       used       free     shared    buffers     cached
Mem:          2.0G       1.9G        68M       632K       4.2M        59M
-/+ buffers/cache:       1.8G       132M
Swap:         8.0G       421M       7.6G

             total       used       free     shared    buffers     cached
Mem:          2.0G       1.9G        67M       632K       4.2M        59M
-/+ buffers/cache:       1.8G       131M
Swap:         8.0G       420M       7.6G

             total       used       free     shared    buffers     cached
Mem:          2.0G       1.9G        66M       632K       4.2M        60M
-/+ buffers/cache:       1.8G       130M
Swap:         8.0G       419M       7.6G

             total       used       free     shared    buffers     cached
Mem:          2.0G       1.9G        77M       632K       4.3M        62M
-/+ buffers/cache:       1.8G       143M
Swap:         8.0G       440M       7.6G

             total       used       free     shared    buffers     cached
Mem:          2.0G       1.9G        71M       696K       8.3M        73M
-/+ buffers/cache:       1.8G       153M
Swap:         8.0G       441M       7.6G
