             total       used       free     shared    buffers     cached
Mem:          992M       660M       331M       3.2M        38M       289M
-/+ buffers/cache:       332M       659M
Swap:         8.0G         0B       8.0G

             total       used       free     shared    buffers     cached
Mem:          992M       659M       332M       1.4M        38M       287M
-/+ buffers/cache:       332M       659M
Swap:         8.0G         0B       8.0G

             total       used       free     shared    buffers     cached
Mem:          992M       659M       332M       1.4M        38M       287M
-/+ buffers/cache:       332M       659M
Swap:         8.0G         0B       8.0G

             total       used       free     shared    buffers     cached
Mem:          992M       659M       332M       1.4M        38M       287M
-/+ buffers/cache:       332M       659M
Swap:         8.0G         0B       8.0G

             total       used       free     shared    buffers     cached
Mem:          992M       659M       332M       1.4M        38M       287M
-/+ buffers/cache:       332M       659M
Swap:         8.0G         0B       8.0G

             total       used       free     shared    buffers     cached
Mem:          992M       659M       332M       1.4M        38M       287M
-/+ buffers/cache:       332M       659M
Swap:         8.0G         0B       8.0G

             total       used       free     shared    buffers     cached
Mem:          992M       658M       333M       1.4M        38M       287M
-/+ buffers/cache:       332M       659M
Swap:         8.0G         0B       8.0G

             total       used       free     shared    buffers     cached
Mem:          992M       658M       333M       1.4M        38M       288M
-/+ buffers/cache:       331M       660M
Swap:         8.0G         0B       8.0G

             total       used       free     shared    buffers     cached
Mem:          992M       660M       331M       1.4M        38M       288M
-/+ buffers/cache:       333M       658M
Swap:         8.0G         0B       8.0G

             total       used       free     shared    buffers     cached
Mem:          992M       667M       324M       1.4M        38M       288M
-/+ buffers/cache:       340M       651M
Swap:         8.0G         0B       8.0G

             total       used       free     shared    buffers     cached
Mem:          992M       692M       299M       1.4M        38M       288M
-/+ buffers/cache:       365M       626M
Swap:         8.0G         0B       8.0G

             total       used       free     shared    buffers     cached
Mem:          992M       667M       324M       1.4M        38M       289M
-/+ buffers/cache:       339M       652M
Swap:         8.0G         0B       8.0G

             total       used       free     shared    buffers     cached
Mem:          992M       673M       318M       1.4M        38M       289M
-/+ buffers/cache:       345M       646M
Swap:         8.0G         0B       8.0G

             total       used       free     shared    buffers     cached
Mem:          992M       668M       323M       1.4M        38M       289M
-/+ buffers/cache:       340M       652M
Swap:         8.0G         0B       8.0G

             total       used       free     shared    buffers     cached
Mem:          992M       668M       323M       1.4M        38M       289M
-/+ buffers/cache:       340M       652M
Swap:         8.0G         0B       8.0G

             total       used       free     shared    buffers     cached
Mem:          992M       668M       323M       1.4M        38M       289M
-/+ buffers/cache:       340M       652M
Swap:         8.0G         0B       8.0G

             total       used       free     shared    buffers     cached
Mem:          992M       668M       323M       1.4M        38M       289M
-/+ buffers/cache:       340M       652M
Swap:         8.0G         0B       8.0G

             total       used       free     shared    buffers     cached
Mem:          992M       668M       323M       1.4M        38M       289M
-/+ buffers/cache:       340M       652M
Swap:         8.0G         0B       8.0G

             total       used       free     shared    buffers     cached
Mem:          992M       668M       323M       1.4M        38M       289M
-/+ buffers/cache:       340M       652M
Swap:         8.0G         0B       8.0G

             total       used       free     shared    buffers     cached
Mem:          992M       668M       323M       1.4M        38M       289M
-/+ buffers/cache:       340M       652M
Swap:         8.0G         0B       8.0G

             total       used       free     shared    buffers     cached
Mem:          992M       668M       323M       1.4M        38M       289M
-/+ buffers/cache:       340M       652M
Swap:         8.0G         0B       8.0G

             total       used       free     shared    buffers     cached
Mem:          992M       668M       323M       1.4M        38M       289M
-/+ buffers/cache:       340M       651M
Swap:         8.0G         0B       8.0G

             total       used       free     shared    buffers     cached
Mem:          992M       668M       323M       1.4M        38M       289M
-/+ buffers/cache:       340M       651M
Swap:         8.0G         0B       8.0G

             total       used       free     shared    buffers     cached
Mem:          992M       668M       323M       1.4M        38M       289M
-/+ buffers/cache:       340M       651M
Swap:         8.0G         0B       8.0G

             total       used       free     shared    buffers     cached
Mem:          992M       668M       323M       1.4M        38M       289M
-/+ buffers/cache:       340M       651M
Swap:         8.0G         0B       8.0G

             total       used       free     shared    buffers     cached
Mem:          992M       668M       323M       1.4M        38M       289M
-/+ buffers/cache:       340M       651M
Swap:         8.0G         0B       8.0G

             total       used       free     shared    buffers     cached
Mem:          992M       668M       323M       1.4M        38M       289M
-/+ buffers/cache:       340M       651M
Swap:         8.0G         0B       8.0G

             total       used       free     shared    buffers     cached
Mem:          992M       668M       323M       1.4M        38M       289M
-/+ buffers/cache:       340M       651M
Swap:         8.0G         0B       8.0G

             total       used       free     shared    buffers     cached
Mem:          992M       668M       323M       1.4M        38M       289M
-/+ buffers/cache:       340M       651M
Swap:         8.0G         0B       8.0G

             total       used       free     shared    buffers     cached
Mem:          992M       668M       323M       1.4M        38M       289M
-/+ buffers/cache:       340M       651M
Swap:         8.0G         0B       8.0G

             total       used       free     shared    buffers     cached
Mem:          992M       668M       323M       1.4M        38M       289M
-/+ buffers/cache:       340M       651M
Swap:         8.0G         0B       8.0G

             total       used       free     shared    buffers     cached
Mem:          992M       668M       323M       1.4M        38M       289M
-/+ buffers/cache:       340M       651M
Swap:         8.0G         0B       8.0G

             total       used       free     shared    buffers     cached
Mem:          992M       668M       323M       1.4M        38M       289M
-/+ buffers/cache:       340M       651M
Swap:         8.0G         0B       8.0G

             total       used       free     shared    buffers     cached
Mem:          992M       675M       316M       1.4M        38M       289M
-/+ buffers/cache:       347M       644M
Swap:         8.0G         0B       8.0G

             total       used       free     shared    buffers     cached
Mem:          992M       691M       300M       1.4M        38M       289M
-/+ buffers/cache:       363M       628M
Swap:         8.0G         0B       8.0G

             total       used       free     shared    buffers     cached
Mem:          992M       708M       283M       1.4M        38M       289M
-/+ buffers/cache:       380M       611M
Swap:         8.0G         0B       8.0G

             total       used       free     shared    buffers     cached
Mem:          992M       725M       266M       1.4M        38M       289M
-/+ buffers/cache:       397M       594M
Swap:         8.0G         0B       8.0G

             total       used       free     shared    buffers     cached
Mem:          992M       743M       249M       1.4M        38M       289M
-/+ buffers/cache:       414M       577M
Swap:         8.0G         0B       8.0G

             total       used       free     shared    buffers     cached
Mem:          992M       758M       233M       1.4M        38M       289M
-/+ buffers/cache:       430M       561M
Swap:         8.0G         0B       8.0G

             total       used       free     shared    buffers     cached
Mem:          992M       776M       215M       1.4M        38M       289M
-/+ buffers/cache:       447M       544M
Swap:         8.0G         0B       8.0G

             total       used       free     shared    buffers     cached
Mem:          992M       790M       201M       1.4M        38M       289M
-/+ buffers/cache:       461M       530M
Swap:         8.0G         0B       8.0G

             total       used       free     shared    buffers     cached
Mem:          992M       807M       184M       1.4M        38M       289M
-/+ buffers/cache:       479M       513M
Swap:         8.0G         0B       8.0G

             total       used       free     shared    buffers     cached
Mem:          992M       823M       168M       1.4M        38M       289M
-/+ buffers/cache:       494M       497M
Swap:         8.0G         0B       8.0G

             total       used       free     shared    buffers     cached
Mem:          992M       842M       149M       1.4M        38M       289M
-/+ buffers/cache:       514M       477M
Swap:         8.0G         0B       8.0G

             total       used       free     shared    buffers     cached
Mem:          992M       858M       133M       1.4M        38M       289M
-/+ buffers/cache:       530M       461M
Swap:         8.0G         0B       8.0G

             total       used       free     shared    buffers     cached
Mem:          992M       876M       115M       1.4M        38M       289M
-/+ buffers/cache:       548M       444M
Swap:         8.0G         0B       8.0G

             total       used       free     shared    buffers     cached
Mem:          992M       894M        97M       1.4M        38M       289M
-/+ buffers/cache:       565M       426M
Swap:         8.0G         0B       8.0G

             total       used       free     shared    buffers     cached
Mem:          992M       912M        79M       1.4M        38M       289M
-/+ buffers/cache:       584M       407M
Swap:         8.0G         0B       8.0G

             total       used       free     shared    buffers     cached
Mem:          992M       922M        69M       1.4M        28M       288M
-/+ buffers/cache:       606M       386M
Swap:         8.0G         0B       8.0G

             total       used       free     shared    buffers     cached
Mem:          992M       922M        69M       1.4M        10M       285M
-/+ buffers/cache:       626M       365M
Swap:         8.0G         0B       8.0G

             total       used       free     shared    buffers     cached
Mem:          992M       918M        74M       1.4M       9.7M       264M
-/+ buffers/cache:       643M       348M
Swap:         8.0G        76K       8.0G

             total       used       free     shared    buffers     cached
Mem:          992M       915M        76M       1.3M       9.7M       245M
-/+ buffers/cache:       660M       331M
Swap:         8.0G       580K       8.0G

             total       used       free     shared    buffers     cached
Mem:          992M       918M        74M       1.2M       9.7M       233M
-/+ buffers/cache:       675M       317M
Swap:         8.0G       4.9M       8.0G

             total       used       free     shared    buffers     cached
Mem:          992M       904M        87M       1.1M       8.4M       207M
-/+ buffers/cache:       689M       302M
Swap:         8.0G       9.4M       8.0G

             total       used       free     shared    buffers     cached
Mem:          992M       920M        71M       1.1M       8.4M       207M
-/+ buffers/cache:       705M       286M
Swap:         8.0G       9.4M       8.0G

             total       used       free     shared    buffers     cached
Mem:          992M       921M        70M       1.1M       2.6M       199M
-/+ buffers/cache:       719M       272M
Swap:         8.0G       9.4M       8.0G

             total       used       free     shared    buffers     cached
Mem:          992M       925M        66M       1.1M       1.2M       188M
-/+ buffers/cache:       735M       256M
Swap:         8.0G       9.4M       8.0G

             total       used       free     shared    buffers     cached
Mem:          992M       926M        66M       1.1M       200K       175M
-/+ buffers/cache:       750M       242M
Swap:         8.0G       9.4M       8.0G

             total       used       free     shared    buffers     cached
Mem:          992M       918M        73M       1.1M       204K       154M
-/+ buffers/cache:       764M       228M
Swap:         8.0G       9.4M       8.0G

             total       used       free     shared    buffers     cached
Mem:          992M       914M        77M       1.1M       216K       136M
-/+ buffers/cache:       778M       213M
Swap:         8.0G       9.4M       8.0G

             total       used       free     shared    buffers     cached
Mem:          992M       921M        70M       1.1M       216K       136M
-/+ buffers/cache:       785M       206M
Swap:         8.0G       9.4M       8.0G

             total       used       free     shared    buffers     cached
Mem:          992M       920M        71M       1.1M        88K       120M
-/+ buffers/cache:       799M       192M
Swap:         8.0G       9.4M       8.0G

             total       used       free     shared    buffers     cached
Mem:          992M       919M        72M       1.1M       308K       106M
-/+ buffers/cache:       812M       179M
Swap:         8.0G       9.4M       8.0G

             total       used       free     shared    buffers     cached
Mem:          992M       921M        71M       1.1M       308K        93M
-/+ buffers/cache:       827M       165M
Swap:         8.0G       9.4M       8.0G

             total       used       free     shared    buffers     cached
Mem:          992M       914M        77M       1.1M       308K        72M
-/+ buffers/cache:       841M       150M
Swap:         8.0G       9.4M       8.0G

             total       used       free     shared    buffers     cached
Mem:          992M       915M        77M       1.1M       308K        56M
-/+ buffers/cache:       858M       133M
Swap:         8.0G       9.4M       8.0G

             total       used       free     shared    buffers     cached
Mem:          992M       930M        61M       1.1M       312K        55M
-/+ buffers/cache:       874M       117M
Swap:         8.0G       9.4M       8.0G

             total       used       free     shared    buffers     cached
Mem:          992M       915M        77M       1.1M       732K        24M
-/+ buffers/cache:       889M       102M
Swap:         8.0G       9.4M       8.0G

             total       used       free     shared    buffers     cached
Mem:          992M       928M        63M       1.1M       2.1M        18M
-/+ buffers/cache:       907M        84M
Swap:         8.0G       9.4M       8.0G

             total       used       free     shared    buffers     cached
Mem:          992M       929M        62M       992K       3.2M        13M
-/+ buffers/cache:       913M        78M
Swap:         8.0G        24M       8.0G

             total       used       free     shared    buffers     cached
Mem:          992M       924M        67M       700K       904K        11M
-/+ buffers/cache:       912M        79M
Swap:         8.0G        40M       8.0G

             total       used       free     shared    buffers     cached
Mem:          992M       918M        73M       700K       480K       8.1M
-/+ buffers/cache:       909M        82M
Swap:         8.0G        56M       7.9G

             total       used       free     shared    buffers     cached
Mem:          992M       925M        66M       696K        92K       4.3M
-/+ buffers/cache:       921M        71M
Swap:         8.0G        57M       7.9G

             total       used       free     shared    buffers     cached
Mem:          992M       897M        94M       644K        92K       4.3M
-/+ buffers/cache:       893M        99M
Swap:         8.0G       129M       7.9G

             total       used       free     shared    buffers     cached
Mem:          992M       913M        78M       660K       372K       4.4M
-/+ buffers/cache:       909M        83M
Swap:         8.0G       129M       7.9G

             total       used       free     shared    buffers     cached
Mem:          992M       926M        65M       660K       376K       4.4M
-/+ buffers/cache:       922M        70M
Swap:         8.0G       129M       7.9G

             total       used       free     shared    buffers     cached
Mem:          992M       926M        65M       660K       364K       4.1M
-/+ buffers/cache:       921M        70M
Swap:         8.0G       129M       7.9G

             total       used       free     shared    buffers     cached
Mem:          992M       926M        65M       660K       372K       3.9M
-/+ buffers/cache:       922M        70M
Swap:         8.0G       129M       7.9G

             total       used       free     shared    buffers     cached
Mem:          992M       924M        67M       608K       372K       3.9M
-/+ buffers/cache:       920M        71M
Swap:         8.0G       157M       7.8G

             total       used       free     shared    buffers     cached
Mem:          992M       925M        66M       604K       372K       4.0M
-/+ buffers/cache:       921M        70M
Swap:         8.0G       157M       7.8G

             total       used       free     shared    buffers     cached
Mem:          992M       927M        65M       604K       372K       4.0M
-/+ buffers/cache:       922M        69M
Swap:         8.0G       187M       7.8G

             total       used       free     shared    buffers     cached
Mem:          992M       926M        65M       584K       372K       3.9M
-/+ buffers/cache:       922M        69M
Swap:         8.0G       187M       7.8G

             total       used       free     shared    buffers     cached
Mem:          992M       927M        65M       584K       372K       3.6M
-/+ buffers/cache:       923M        69M
Swap:         8.0G       200M       7.8G

             total       used       free     shared    buffers     cached
Mem:          992M       922M        69M       568K       380K       3.4M
-/+ buffers/cache:       918M        73M
Swap:         8.0G       245M       7.8G

             total       used       free     shared    buffers     cached
Mem:          992M       920M        71M       552K       380K       3.6M
-/+ buffers/cache:       916M        75M
Swap:         8.0G       246M       7.8G

             total       used       free     shared    buffers     cached
Mem:          992M       919M        72M       552K        76K        20M
-/+ buffers/cache:       898M        93M
Swap:         8.0G       271M       7.7G

             total       used       free     shared    buffers     cached
Mem:          992M       924M        67M       536K        96K        20M
-/+ buffers/cache:       903M        88M
Swap:         8.0G       270M       7.7G

             total       used       free     shared    buffers     cached
Mem:          992M       931M        61M       536K       544K        21M
-/+ buffers/cache:       909M        82M
Swap:         8.0G       270M       7.7G

             total       used       free     shared    buffers     cached
Mem:          992M       918M        73M       536K       552K        18M
-/+ buffers/cache:       899M        92M
Swap:         8.0G       297M       7.7G

             total       used       free     shared    buffers     cached
Mem:          992M       924M        67M       536K       552K        18M
-/+ buffers/cache:       905M        86M
Swap:         8.0G       297M       7.7G

             total       used       free     shared    buffers     cached
Mem:          992M       929M        62M       536K       552K        18M
-/+ buffers/cache:       910M        81M
Swap:         8.0G       297M       7.7G

             total       used       free     shared    buffers     cached
Mem:          992M       921M        70M       536K       552K        17M
-/+ buffers/cache:       903M        88M
Swap:         8.0G       300M       7.7G

             total       used       free     shared    buffers     cached
Mem:          992M       926M        65M       536K       552K        17M
-/+ buffers/cache:       908M        83M
Swap:         8.0G       300M       7.7G

             total       used       free     shared    buffers     cached
Mem:          992M       919M        72M       536K       504K       9.7M
-/+ buffers/cache:       909M        82M
Swap:         8.0G       303M       7.7G

             total       used       free     shared    buffers     cached
Mem:          992M       925M        67M       536K       520K       9.9M
-/+ buffers/cache:       914M        77M
Swap:         8.0G       303M       7.7G

             total       used       free     shared    buffers     cached
Mem:          992M       930M        62M       536K       520K       9.9M
-/+ buffers/cache:       919M        72M
Swap:         8.0G       303M       7.7G

             total       used       free     shared    buffers     cached
Mem:          992M       918M        73M       532K        76K       2.5M
-/+ buffers/cache:       916M        76M
Swap:         8.0G       317M       7.7G

             total       used       free     shared    buffers     cached
Mem:          992M       924M        68M       532K        76K       2.5M
-/+ buffers/cache:       921M        70M
Swap:         8.0G       317M       7.7G

             total       used       free     shared    buffers     cached
Mem:          992M       929M        62M       532K       340K       2.5M
-/+ buffers/cache:       926M        65M
Swap:         8.0G       317M       7.7G

             total       used       free     shared    buffers     cached
Mem:          992M       920M        71M       532K       340K       2.1M
-/+ buffers/cache:       918M        74M
Swap:         8.0G       325M       7.7G

             total       used       free     shared    buffers     cached
Mem:          992M       924M        67M       532K       340K       2.1M
-/+ buffers/cache:       922M        70M
Swap:         8.0G       325M       7.7G

             total       used       free     shared    buffers     cached
Mem:          992M       928M        63M       532K       340K       2.1M
-/+ buffers/cache:       926M        65M
Swap:         8.0G       325M       7.7G

             total       used       free     shared    buffers     cached
Mem:          992M       920M        71M       532K       340K       2.1M
-/+ buffers/cache:       917M        74M
Swap:         8.0G       345M       7.7G

             total       used       free     shared    buffers     cached
Mem:          992M       924M        67M       532K       340K       2.0M
-/+ buffers/cache:       922M        69M
Swap:         8.0G       345M       7.7G

             total       used       free     shared    buffers     cached
Mem:          992M       931M        60M       532K       328K       2.1M
-/+ buffers/cache:       928M        63M
Swap:         8.0G       328M       7.7G

             total       used       free     shared    buffers     cached
Mem:          992M       921M        71M         8K       324K       1.6M
-/+ buffers/cache:       919M        72M
Swap:         8.0G       341M       7.7G

             total       used       free     shared    buffers     cached
Mem:          992M       918M        73M         8K       320K       1.4M
-/+ buffers/cache:       917M        75M
Swap:         8.0G       336M       7.7G

             total       used       free     shared    buffers     cached
Mem:          992M       921M        70M         4K       328K       1.4M
-/+ buffers/cache:       919M        72M
Swap:         8.0G       336M       7.7G

             total       used       free     shared    buffers     cached
Mem:          992M       924M        67M         0B       180K       1.3M
-/+ buffers/cache:       923M        68M
Swap:         8.0G       336M       7.7G

             total       used       free     shared    buffers     cached
Mem:          992M       928M        63M         0B       184K       1.3M
-/+ buffers/cache:       927M        64M
Swap:         8.0G       434M       7.6G

             total       used       free     shared    buffers     cached
Mem:          992M       928M        63M         0B       188K       1.2M
-/+ buffers/cache:       927M        64M
Swap:         8.0G       434M       7.6G

             total       used       free     shared    buffers     cached
Mem:          992M       913M        78M         0B       188K       1.2M
-/+ buffers/cache:       912M        79M
Swap:         8.0G       387M       7.6G

             total       used       free     shared    buffers     cached
Mem:          992M       921M        70M         0B       188K       1.2M
-/+ buffers/cache:       920M        71M
Swap:         8.0G       342M       7.7G

             total       used       free     shared    buffers     cached
Mem:          992M       925M        66M         0B       188K       1.3M
-/+ buffers/cache:       924M        67M
Swap:         8.0G       338M       7.7G

             total       used       free     shared    buffers     cached
Mem:          992M       922M        69M         0B       188K       1.3M
-/+ buffers/cache:       920M        71M
Swap:         8.0G       334M       7.7G

             total       used       free     shared    buffers     cached
Mem:          992M       917M        74M         0B       204K       1.2M
-/+ buffers/cache:       916M        75M
Swap:         8.0G       418M       7.6G

             total       used       free     shared    buffers     cached
Mem:          992M       921M        70M         0B       204K       1.2M
-/+ buffers/cache:       920M        72M
Swap:         8.0G       368M       7.6G

             total       used       free     shared    buffers     cached
Mem:          992M       920M        71M         0B       204K       1.6M
-/+ buffers/cache:       918M        73M
Swap:         8.0G       332M       7.7G

             total       used       free     shared    buffers     cached
Mem:          992M       924M        67M         0B       204K       1.7M
-/+ buffers/cache:       922M        69M
Swap:         8.0G       330M       7.7G

             total       used       free     shared    buffers     cached
Mem:          992M       930M        61M         0B       204K       1.6M
-/+ buffers/cache:       928M        63M
Swap:         8.0G       329M       7.7G

             total       used       free     shared    buffers     cached
Mem:          992M       913M        78M         0B       212K       1.6M
-/+ buffers/cache:       912M        80M
Swap:         8.0G       352M       7.7G

             total       used       free     shared    buffers     cached
Mem:          992M       920M        71M         0B       212K       1.6M
-/+ buffers/cache:       918M        73M
Swap:         8.0G       352M       7.7G

             total       used       free     shared    buffers     cached
Mem:          992M       926M        65M         0B       212K       1.6M
-/+ buffers/cache:       924M        67M
Swap:         8.0G       352M       7.7G

             total       used       free     shared    buffers     cached
Mem:          992M       920M        71M         0B       196K       1.6M
-/+ buffers/cache:       919M        73M
Swap:         8.0G       358M       7.6G

             total       used       free     shared    buffers     cached
Mem:          992M       926M        66M         0B       196K       1.6M
-/+ buffers/cache:       924M        68M
Swap:         8.0G       358M       7.6G

             total       used       free     shared    buffers     cached
Mem:          992M       921M        70M         0B       204K       1.6M
-/+ buffers/cache:       919M        72M
Swap:         8.0G       379M       7.6G

             total       used       free     shared    buffers     cached
Mem:          992M       911M        80M         0B       168K       1.6M
-/+ buffers/cache:       909M        82M
Swap:         8.0G       380M       7.6G

             total       used       free     shared    buffers     cached
Mem:          992M       913M        78M         0B       168K       1.6M
-/+ buffers/cache:       911M        80M
Swap:         8.0G       379M       7.6G

             total       used       free     shared    buffers     cached
Mem:          992M       916M        75M         0B       220K       2.4M
-/+ buffers/cache:       914M        77M
Swap:         8.0G       378M       7.6G

             total       used       free     shared    buffers     cached
Mem:          992M       919M        72M         0B       220K       2.4M
-/+ buffers/cache:       916M        75M
Swap:         8.0G       377M       7.6G

             total       used       free     shared    buffers     cached
Mem:          992M       921M        71M         0B       220K       2.4M
-/+ buffers/cache:       918M        73M
Swap:         8.0G       376M       7.6G

             total       used       free     shared    buffers     cached
Mem:          992M       923M        68M         0B       228K       2.6M
-/+ buffers/cache:       920M        71M
Swap:         8.0G       375M       7.6G

             total       used       free     shared    buffers     cached
Mem:          992M       925M        66M         0B       228K       2.6M
-/+ buffers/cache:       922M        69M
Swap:         8.0G       373M       7.6G

             total       used       free     shared    buffers     cached
Mem:          992M       927M        64M         0B       228K       2.6M
-/+ buffers/cache:       924M        67M
Swap:         8.0G       372M       7.6G

             total       used       free     shared    buffers     cached
Mem:          992M       929M        62M         0B       228K       2.6M
-/+ buffers/cache:       926M        65M
Swap:         8.0G       371M       7.6G

             total       used       free     shared    buffers     cached
Mem:          992M       917M        74M         0B       192K       2.6M
-/+ buffers/cache:       915M        77M
Swap:         8.0G       392M       7.6G

             total       used       free     shared    buffers     cached
Mem:          992M       919M        72M         0B       200K       2.6M
-/+ buffers/cache:       916M        75M
Swap:         8.0G       392M       7.6G

             total       used       free     shared    buffers     cached
Mem:          992M       921M        70M         0B       200K       2.6M
-/+ buffers/cache:       918M        73M
Swap:         8.0G       391M       7.6G

             total       used       free     shared    buffers     cached
Mem:          992M       923M        68M         0B       200K       2.6M
-/+ buffers/cache:       920M        71M
Swap:         8.0G       390M       7.6G

             total       used       free     shared    buffers     cached
Mem:          992M       925M        66M         0B       200K       2.6M
-/+ buffers/cache:       922M        69M
Swap:         8.0G       389M       7.6G

             total       used       free     shared    buffers     cached
Mem:          992M       927M        64M         0B       200K       2.7M
-/+ buffers/cache:       924M        67M
Swap:         8.0G       387M       7.6G

             total       used       free     shared    buffers     cached
Mem:          992M       930M        62M         0B       208K       2.7M
-/+ buffers/cache:       927M        64M
Swap:         8.0G       386M       7.6G

             total       used       free     shared    buffers     cached
Mem:          992M       917M        74M         0B       208K       2.7M
-/+ buffers/cache:       914M        77M
Swap:         8.0G       397M       7.6G

             total       used       free     shared    buffers     cached
Mem:          992M       919M        72M         0B       208K       2.7M
-/+ buffers/cache:       916M        75M
Swap:         8.0G       396M       7.6G

             total       used       free     shared    buffers     cached
Mem:          992M       921M        70M         0B       208K       2.7M
-/+ buffers/cache:       918M        73M
Swap:         8.0G       395M       7.6G

             total       used       free     shared    buffers     cached
Mem:          992M       926M        65M         0B        88K        21M
-/+ buffers/cache:       905M        86M
Swap:         8.0G       419M       7.6G

             total       used       free     shared    buffers     cached
Mem:          992M       929M        63M         0B       200K        21M
-/+ buffers/cache:       907M        84M
Swap:         8.0G       418M       7.6G

             total       used       free     shared    buffers     cached
Mem:          992M       914M        77M         0B       1.7M        23M
-/+ buffers/cache:       890M       102M
Swap:         8.0G       433M       7.6G

             total       used       free     shared    buffers     cached
Mem:          992M       916M        75M         4K       1.7M        23M
-/+ buffers/cache:       891M       100M
Swap:         8.0G       433M       7.6G

             total       used       free     shared    buffers     cached
Mem:          992M       918M        73M         4K       1.7M        23M
-/+ buffers/cache:       893M        98M
Swap:         8.0G       432M       7.6G

             total       used       free     shared    buffers     cached
Mem:          992M       920M        71M         4K       1.7M        23M
-/+ buffers/cache:       895M        96M
Swap:         8.0G       431M       7.6G

             total       used       free     shared    buffers     cached
Mem:          992M       922M        70M         4K       1.7M        23M
-/+ buffers/cache:       897M        94M
Swap:         8.0G       430M       7.6G

             total       used       free     shared    buffers     cached
Mem:          992M       924M        68M         4K       1.7M        23M
-/+ buffers/cache:       899M        92M
Swap:         8.0G       429M       7.6G

             total       used       free     shared    buffers     cached
Mem:          992M       925M        66M         4K       1.7M        23M
-/+ buffers/cache:       901M        90M
Swap:         8.0G       429M       7.6G

             total       used       free     shared    buffers     cached
Mem:          992M       927M        64M         4K       1.7M        23M
-/+ buffers/cache:       903M        89M
Swap:         8.0G       428M       7.6G

             total       used       free     shared    buffers     cached
Mem:          992M       929M        62M         4K       1.7M        23M
-/+ buffers/cache:       904M        87M
Swap:         8.0G       427M       7.6G

             total       used       free     shared    buffers     cached
Mem:          992M       914M        77M         4K       1.7M        20M
-/+ buffers/cache:       892M        99M
Swap:         8.0G       443M       7.6G

             total       used       free     shared    buffers     cached
Mem:          992M       916M        75M         4K       1.7M        20M
-/+ buffers/cache:       894M        97M
Swap:         8.0G       442M       7.6G

             total       used       free     shared    buffers     cached
Mem:          992M       918M        74M         4K       1.7M        20M
-/+ buffers/cache:       896M        96M
Swap:         8.0G       441M       7.6G

             total       used       free     shared    buffers     cached
Mem:          992M       919M        72M         4K       1.7M        20M
-/+ buffers/cache:       897M        94M
Swap:         8.0G       440M       7.6G

             total       used       free     shared    buffers     cached
Mem:          992M       921M        70M         4K       1.7M        20M
-/+ buffers/cache:       899M        92M
Swap:         8.0G       439M       7.6G

             total       used       free     shared    buffers     cached
Mem:          992M       923M        68M         4K       1.7M        20M
-/+ buffers/cache:       901M        90M
Swap:         8.0G       439M       7.6G

             total       used       free     shared    buffers     cached
Mem:          992M       925M        66M         4K       1.7M        20M
-/+ buffers/cache:       903M        88M
Swap:         8.0G       438M       7.6G

             total       used       free     shared    buffers     cached
Mem:          992M       927M        65M         4K       1.7M        20M
-/+ buffers/cache:       905M        87M
Swap:         8.0G       437M       7.6G

             total       used       free     shared    buffers     cached
Mem:          992M       928M        63M         4K       1.7M        20M
-/+ buffers/cache:       906M        85M
Swap:         8.0G       436M       7.6G

             total       used       free     shared    buffers     cached
Mem:          992M       930M        61M         4K       1.7M        20M
-/+ buffers/cache:       908M        83M
Swap:         8.0G       435M       7.6G

             total       used       free     shared    buffers     cached
Mem:          992M       918M        73M         4K       1.7M        19M
-/+ buffers/cache:       898M        94M
Swap:         8.0G       444M       7.6G

             total       used       free     shared    buffers     cached
Mem:          992M       920M        71M         4K       1.7M        19M
-/+ buffers/cache:       900M        91M
Swap:         8.0G       443M       7.6G

             total       used       free     shared    buffers     cached
Mem:          992M       922M        69M         4K       1.7M        19M
-/+ buffers/cache:       901M        90M
Swap:         8.0G       442M       7.6G

             total       used       free     shared    buffers     cached
Mem:          992M       924M        67M         4K       1.7M        19M
-/+ buffers/cache:       903M        88M
Swap:         8.0G       441M       7.6G

             total       used       free     shared    buffers     cached
Mem:          992M       926M        65M         4K       1.7M        19M
-/+ buffers/cache:       905M        86M
Swap:         8.0G       440M       7.6G

             total       used       free     shared    buffers     cached
Mem:          992M       928M        63M         4K       1.7M        19M
-/+ buffers/cache:       907M        84M
Swap:         8.0G       439M       7.6G

             total       used       free     shared    buffers     cached
Mem:          992M       930M        61M         4K       1.7M        19M
-/+ buffers/cache:       909M        82M
Swap:         8.0G       438M       7.6G

             total       used       free     shared    buffers     cached
Mem:          992M       914M        77M         4K       1.7M        16M
-/+ buffers/cache:       897M        95M
Swap:         8.0G       455M       7.6G

             total       used       free     shared    buffers     cached
Mem:          992M       916M        75M         4K       1.7M        16M
-/+ buffers/cache:       898M        93M
Swap:         8.0G       454M       7.6G

             total       used       free     shared    buffers     cached
Mem:          992M       918M        73M         4K       1.7M        16M
-/+ buffers/cache:       900M        91M
Swap:         8.0G       453M       7.6G

             total       used       free     shared    buffers     cached
Mem:          992M       920M        71M         4K       1.7M        16M
-/+ buffers/cache:       902M        89M
Swap:         8.0G       452M       7.6G

             total       used       free     shared    buffers     cached
Mem:          992M       922M        69M         4K       1.7M        16M
-/+ buffers/cache:       904M        87M
Swap:         8.0G       451M       7.6G

             total       used       free     shared    buffers     cached
Mem:          992M       925M        67M         4K       1.7M        17M
-/+ buffers/cache:       906M        86M
Swap:         8.0G       450M       7.6G

             total       used       free     shared    buffers     cached
Mem:          992M       926M        65M         4K       1.7M        17M
-/+ buffers/cache:       907M        84M
Swap:         8.0G       449M       7.6G

             total       used       free     shared    buffers     cached
Mem:          992M       928M        63M         4K       2.0M        17M
-/+ buffers/cache:       908M        83M
Swap:         8.0G       449M       7.6G

             total       used       free     shared    buffers     cached
Mem:          992M       914M        77M         4K       620K        18M
-/+ buffers/cache:       895M        96M
Swap:         8.0G       457M       7.6G

             total       used       free     shared    buffers     cached
Mem:          992M       918M        73M        20K       624K        27M
-/+ buffers/cache:       891M       101M
Swap:         8.0G       468M       7.5G

             total       used       free     shared    buffers     cached
Mem:          992M       919M        72M        20K       624K        27M
-/+ buffers/cache:       892M        99M
Swap:         8.0G       468M       7.5G

             total       used       free     shared    buffers     cached
Mem:          992M       920M        71M        20K       632K        27M
-/+ buffers/cache:       893M        99M
Swap:         8.0G       468M       7.5G

             total       used       free     shared    buffers     cached
Mem:          992M       921M        70M        20K       632K        27M
-/+ buffers/cache:       894M        98M
Swap:         8.0G       467M       7.5G

             total       used       free     shared    buffers     cached
Mem:          992M       923M        69M        20K       632K        27M
-/+ buffers/cache:       895M        96M
Swap:         8.0G       467M       7.5G

             total       used       free     shared    buffers     cached
Mem:          992M       924M        68M        20K       632K        27M
-/+ buffers/cache:       896M        95M
Swap:         8.0G       466M       7.5G

             total       used       free     shared    buffers     cached
Mem:          992M       925M        66M        20K       760K        27M
-/+ buffers/cache:       897M        94M
Swap:         8.0G       465M       7.5G

             total       used       free     shared    buffers     cached
Mem:          992M       928M        63M        20K       760K        28M
-/+ buffers/cache:       899M        92M
Swap:         8.0G       464M       7.5G

             total       used       free     shared    buffers     cached
Mem:          992M       929M        63M        20K       768K        28M
-/+ buffers/cache:       900M        91M
Swap:         8.0G       464M       7.5G

             total       used       free     shared    buffers     cached
Mem:          992M       930M        61M        20K       768K        28M
-/+ buffers/cache:       901M        90M
Swap:         8.0G       463M       7.5G

             total       used       free     shared    buffers     cached
Mem:          992M       931M        60M        20K       768K        28M
-/+ buffers/cache:       902M        89M
Swap:         8.0G       463M       7.5G

             total       used       free     shared    buffers     cached
Mem:          992M       920M        72M        20K       768K        27M
-/+ buffers/cache:       891M       100M
Swap:         8.0G       470M       7.5G

             total       used       free     shared    buffers     cached
Mem:          992M       921M        70M        20K       768K        27M
-/+ buffers/cache:       892M        99M
Swap:         8.0G       470M       7.5G

             total       used       free     shared    buffers     cached
Mem:          992M       922M        70M        20K       776K        27M
-/+ buffers/cache:       893M        98M
Swap:         8.0G       469M       7.5G

             total       used       free     shared    buffers     cached
Mem:          992M       923M        68M        20K       776K        27M
-/+ buffers/cache:       895M        97M
Swap:         8.0G       469M       7.5G

             total       used       free     shared    buffers     cached
Mem:          992M       924M        67M        20K       776K        27M
-/+ buffers/cache:       896M        95M
Swap:         8.0G       468M       7.5G

             total       used       free     shared    buffers     cached
Mem:          992M       925M        66M        20K       776K        27M
-/+ buffers/cache:       897M        95M
Swap:         8.0G       468M       7.5G

             total       used       free     shared    buffers     cached
Mem:          992M       926M        65M        20K       776K        27M
-/+ buffers/cache:       898M        93M
Swap:         8.0G       467M       7.5G

             total       used       free     shared    buffers     cached
Mem:          992M       928M        64M        20K       776K        27M
-/+ buffers/cache:       899M        92M
Swap:         8.0G       467M       7.5G

             total       used       free     shared    buffers     cached
Mem:          992M       929M        62M        20K       784K        27M
-/+ buffers/cache:       900M        91M
Swap:         8.0G       466M       7.5G

             total       used       free     shared    buffers     cached
Mem:          992M       930M        61M        20K       784K        27M
-/+ buffers/cache:       901M        90M
Swap:         8.0G       466M       7.5G

             total       used       free     shared    buffers     cached
Mem:          992M       910M        81M        20K       784K        26M
-/+ buffers/cache:       883M       108M
Swap:         8.0G       489M       7.5G

             total       used       free     shared    buffers     cached
Mem:          992M       911M        80M        20K       784K        26M
-/+ buffers/cache:       884M       107M
Swap:         8.0G       489M       7.5G

             total       used       free     shared    buffers     cached
Mem:          992M       918M        73M        20K       784K        31M
-/+ buffers/cache:       885M       106M
Swap:         8.0G       488M       7.5G

             total       used       free     shared    buffers     cached
Mem:          992M       919M        72M        20K       792K        31M
-/+ buffers/cache:       886M       105M
Swap:         8.0G       488M       7.5G

             total       used       free     shared    buffers     cached
Mem:          992M       920M        71M        20K       804K        31M
-/+ buffers/cache:       887M       104M
Swap:         8.0G       487M       7.5G

             total       used       free     shared    buffers     cached
Mem:          992M       921M        70M        20K       804K        31M
-/+ buffers/cache:       888M       103M
Swap:         8.0G       487M       7.5G

             total       used       free     shared    buffers     cached
Mem:          992M       922M        69M        20K       804K        31M
-/+ buffers/cache:       889M       102M
Swap:         8.0G       486M       7.5G

             total       used       free     shared    buffers     cached
Mem:          992M       923M        68M        20K       804K        31M
-/+ buffers/cache:       891M       101M
Swap:         8.0G       485M       7.5G

             total       used       free     shared    buffers     cached
Mem:          992M       925M        66M        20K       804K        31M
-/+ buffers/cache:       892M        99M
Swap:         8.0G       485M       7.5G

             total       used       free     shared    buffers     cached
Mem:          992M       926M        65M        20K       812K        31M
-/+ buffers/cache:       893M        98M
Swap:         8.0G       484M       7.5G

             total       used       free     shared    buffers     cached
Mem:          992M       927M        64M        20K       812K        31M
-/+ buffers/cache:       894M        97M
Swap:         8.0G       484M       7.5G

             total       used       free     shared    buffers     cached
Mem:          992M       928M        63M        20K       812K        31M
-/+ buffers/cache:       896M        96M
Swap:         8.0G       483M       7.5G

             total       used       free     shared    buffers     cached
Mem:          992M       929M        62M        20K       812K        31M
-/+ buffers/cache:       897M        94M
Swap:         8.0G       483M       7.5G

             total       used       free     shared    buffers     cached
Mem:          992M       930M        61M        20K       812K        31M
-/+ buffers/cache:       898M        93M
Swap:         8.0G       482M       7.5G

             total       used       free     shared    buffers     cached
Mem:          992M       920M        71M        20K       820K        30M
-/+ buffers/cache:       888M       103M
Swap:         8.0G       483M       7.5G

             total       used       free     shared    buffers     cached
Mem:          992M       921M        70M        20K       820K        31M
-/+ buffers/cache:       889M       102M
Swap:         8.0G       482M       7.5G

             total       used       free     shared    buffers     cached
Mem:          992M       922M        69M        20K       820K        30M
-/+ buffers/cache:       890M       101M
Swap:         8.0G       482M       7.5G

             total       used       free     shared    buffers     cached
Mem:          992M       923M        68M        20K       820K        31M
-/+ buffers/cache:       892M       100M
Swap:         8.0G       481M       7.5G

             total       used       free     shared    buffers     cached
Mem:          992M       925M        67M        20K       820K        30M
-/+ buffers/cache:       893M        98M
Swap:         8.0G       480M       7.5G

             total       used       free     shared    buffers     cached
Mem:          992M       926M        65M        20K       820K        30M
-/+ buffers/cache:       894M        97M
Swap:         8.0G       480M       7.5G

             total       used       free     shared    buffers     cached
Mem:          992M       927M        64M        20K       828K        31M
-/+ buffers/cache:       895M        96M
Swap:         8.0G       479M       7.5G

             total       used       free     shared    buffers     cached
Mem:          992M       928M        63M        20K       828K        31M
-/+ buffers/cache:       897M        95M
Swap:         8.0G       479M       7.5G

             total       used       free     shared    buffers     cached
Mem:          992M       930M        62M        20K       828K        30M
-/+ buffers/cache:       898M        93M
Swap:         8.0G       478M       7.5G

             total       used       free     shared    buffers     cached
Mem:          992M       931M        60M        20K       828K        31M
-/+ buffers/cache:       899M        92M
Swap:         8.0G       477M       7.5G

             total       used       free     shared    buffers     cached
Mem:          992M       914M        78M        20K       276K        27M
-/+ buffers/cache:       886M       106M
Swap:         8.0G       502M       7.5G

             total       used       free     shared    buffers     cached
Mem:          992M       915M        77M        20K       284K        27M
-/+ buffers/cache:       887M       105M
Swap:         8.0G       502M       7.5G

             total       used       free     shared    buffers     cached
Mem:          992M       916M        75M        20K       284K        27M
-/+ buffers/cache:       888M       103M
Swap:         8.0G       501M       7.5G

             total       used       free     shared    buffers     cached
Mem:          992M       917M        74M        20K       284K        27M
-/+ buffers/cache:       889M       102M
Swap:         8.0G       501M       7.5G

             total       used       free     shared    buffers     cached
Mem:          992M       918M        73M        20K       284K        27M
-/+ buffers/cache:       890M       101M
Swap:         8.0G       500M       7.5G

             total       used       free     shared    buffers     cached
Mem:          992M       919M        72M        20K       284K        27M
-/+ buffers/cache:       891M       100M
Swap:         8.0G       500M       7.5G

             total       used       free     shared    buffers     cached
Mem:          992M       920M        71M        20K       284K        27M
-/+ buffers/cache:       892M        99M
Swap:         8.0G       499M       7.5G

             total       used       free     shared    buffers     cached
Mem:          992M       922M        69M        20K       292K        27M
-/+ buffers/cache:       894M        98M
Swap:         8.0G       498M       7.5G

             total       used       free     shared    buffers     cached
Mem:          992M       923M        68M        20K       292K        27M
-/+ buffers/cache:       895M        96M
Swap:         8.0G       498M       7.5G

             total       used       free     shared    buffers     cached
Mem:          992M       924M        67M        20K       292K        27M
-/+ buffers/cache:       896M        95M
Swap:         8.0G       497M       7.5G

             total       used       free     shared    buffers     cached
Mem:          992M       925M        66M        20K       292K        27M
-/+ buffers/cache:       897M        94M
Swap:         8.0G       496M       7.5G

             total       used       free     shared    buffers     cached
Mem:          992M       927M        65M        20K       292K        27M
-/+ buffers/cache:       899M        93M
Swap:         8.0G       496M       7.5G

             total       used       free     shared    buffers     cached
Mem:          992M       928M        63M        20K       300K        27M
-/+ buffers/cache:       900M        91M
Swap:         8.0G       495M       7.5G

             total       used       free     shared    buffers     cached
Mem:          992M       929M        62M        20K       300K        27M
-/+ buffers/cache:       901M        90M
Swap:         8.0G       494M       7.5G

             total       used       free     shared    buffers     cached
Mem:          992M       930M        61M        20K       300K        27M
-/+ buffers/cache:       902M        89M
Swap:         8.0G       494M       7.5G

             total       used       free     shared    buffers     cached
Mem:          992M       918M        73M        20K       300K        27M
-/+ buffers/cache:       891M       100M
Swap:         8.0G       495M       7.5G

             total       used       free     shared    buffers     cached
Mem:          992M       919M        72M        20K       300K        27M
-/+ buffers/cache:       892M        99M
Swap:         8.0G       494M       7.5G

             total       used       free     shared    buffers     cached
Mem:          992M       921M        70M        20K       300K        27M
-/+ buffers/cache:       893M        98M
Swap:         8.0G       494M       7.5G

             total       used       free     shared    buffers     cached
Mem:          992M       923M        68M        20K       312K        27M
-/+ buffers/cache:       895M        96M
Swap:         8.0G       493M       7.5G

             total       used       free     shared    buffers     cached
Mem:          992M       925M        66M        24K       312K        28M
-/+ buffers/cache:       896M        95M
Swap:         8.0G       492M       7.5G

             total       used       free     shared    buffers     cached
Mem:          992M       927M        65M        24K       312K        28M
-/+ buffers/cache:       898M        93M
Swap:         8.0G       492M       7.5G

             total       used       free     shared    buffers     cached
Mem:          992M       928M        63M        24K       312K        28M
-/+ buffers/cache:       899M        92M
Swap:         8.0G       491M       7.5G

             total       used       free     shared    buffers     cached
Mem:          992M       919M        72M        24K       300K        28M
-/+ buffers/cache:       890M       101M
Swap:         8.0G       513M       7.5G

             total       used       free     shared    buffers     cached
Mem:          992M       920M        71M        20K       308K        28M
-/+ buffers/cache:       891M       100M
Swap:         8.0G       512M       7.5G

             total       used       free     shared    buffers     cached
Mem:          992M       924M        67M        20K       308K        30M
-/+ buffers/cache:       894M        97M
Swap:         8.0G       511M       7.5G

             total       used       free     shared    buffers     cached
Mem:          992M       930M        62M        20K       308K        31M
-/+ buffers/cache:       898M        93M
Swap:         8.0G       509M       7.5G

             total       used       free     shared    buffers     cached
Mem:          992M       931M        61M        20K       308K        31M
-/+ buffers/cache:       899M        92M
Swap:         8.0G       508M       7.5G

             total       used       free     shared    buffers     cached
Mem:          992M       919M        72M        20K       308K        31M
-/+ buffers/cache:       888M       103M
Swap:         8.0G       508M       7.5G

             total       used       free     shared    buffers     cached
Mem:          992M       920M        71M        20K       308K        31M
-/+ buffers/cache:       889M       102M
Swap:         8.0G       507M       7.5G

             total       used       free     shared    buffers     cached
Mem:          992M       921M        71M        20K       316K        31M
-/+ buffers/cache:       889M       102M
Swap:         8.0G       507M       7.5G

             total       used       free     shared    buffers     cached
Mem:          992M       922M        70M        20K       316K        31M
-/+ buffers/cache:       890M       101M
Swap:         8.0G       507M       7.5G

             total       used       free     shared    buffers     cached
Mem:          992M       922M        69M        20K       316K        31M
-/+ buffers/cache:       891M       100M
Swap:         8.0G       506M       7.5G

             total       used       free     shared    buffers     cached
Mem:          992M       923M        68M        20K       316K        31M
-/+ buffers/cache:       892M        99M
Swap:         8.0G       506M       7.5G

             total       used       free     shared    buffers     cached
Mem:          992M       924M        67M        20K       316K        31M
-/+ buffers/cache:       892M        99M
Swap:         8.0G       506M       7.5G

             total       used       free     shared    buffers     cached
Mem:          992M       925M        66M        20K       324K        31M
-/+ buffers/cache:       893M        98M
Swap:         8.0G       505M       7.5G

             total       used       free     shared    buffers     cached
Mem:          992M       923M        68M       176K       576K        37M
-/+ buffers/cache:       885M       106M
Swap:         8.0G       517M       7.5G

             total       used       free     shared    buffers     cached
Mem:          992M       929M        62M       3.8M       4.8M        56M
-/+ buffers/cache:       868M       123M
Swap:         8.0G       550M       7.5G

             total       used       free     shared    buffers     cached
Mem:          992M       927M        64M       220K       4.1M        64M
-/+ buffers/cache:       858M       133M
Swap:         8.0G       558M       7.5G

             total       used       free     shared    buffers     cached
Mem:          992M       929M        62M       208K       4.1M        65M
-/+ buffers/cache:       860M       131M
Swap:         8.0G       557M       7.5G

             total       used       free     shared    buffers     cached
Mem:          992M       931M        61M       208K       4.1M        65M
-/+ buffers/cache:       861M       130M
Swap:         8.0G       556M       7.5G

             total       used       free     shared    buffers     cached
Mem:          992M       914M        77M       208K       4.1M        60M
-/+ buffers/cache:       849M       142M
Swap:         8.0G       578M       7.4G

             total       used       free     shared    buffers     cached
Mem:          992M       915M        76M       208K       4.1M        60M
-/+ buffers/cache:       850M       141M
Swap:         8.0G       578M       7.4G

             total       used       free     shared    buffers     cached
Mem:          992M       917M        75M       208K       4.1M        60M
-/+ buffers/cache:       852M       140M
Swap:         8.0G       577M       7.4G

             total       used       free     shared    buffers     cached
Mem:          992M       918M        73M       208K       4.1M        60M
-/+ buffers/cache:       853M       138M
Swap:         8.0G       576M       7.4G

             total       used       free     shared    buffers     cached
Mem:          992M       921M        71M       208K       4.3M        61M
-/+ buffers/cache:       855M       137M
Swap:         8.0G       575M       7.4G

             total       used       free     shared    buffers     cached
Mem:          992M       922M        69M       208K       4.3M        61M
-/+ buffers/cache:       856M       135M
Swap:         8.0G       575M       7.4G

             total       used       free     shared    buffers     cached
Mem:          992M       923M        68M       208K       4.3M        61M
-/+ buffers/cache:       857M       134M
Swap:         8.0G       574M       7.4G

             total       used       free     shared    buffers     cached
Mem:          992M       924M        67M       208K       4.3M        61M
-/+ buffers/cache:       858M       133M
Swap:         8.0G       573M       7.4G

             total       used       free     shared    buffers     cached
Mem:          992M       926M        65M       208K       4.3M        62M
-/+ buffers/cache:       860M       131M
Swap:         8.0G       573M       7.4G

             total       used       free     shared    buffers     cached
Mem:          992M       927M        64M       208K       4.3M        62M
-/+ buffers/cache:       861M       130M
Swap:         8.0G       572M       7.4G

             total       used       free     shared    buffers     cached
Mem:          992M       929M        62M       208K       4.3M        62M
-/+ buffers/cache:       862M       129M
Swap:         8.0G       572M       7.4G

             total       used       free     shared    buffers     cached
Mem:          992M       930M        61M       208K       4.3M        62M
-/+ buffers/cache:       864M       128M
Swap:         8.0G       571M       7.4G

             total       used       free     shared    buffers     cached
Mem:          992M       919M        73M       208K       4.3M        61M
-/+ buffers/cache:       853M       138M
Swap:         8.0G       573M       7.4G

             total       used       free     shared    buffers     cached
Mem:          992M       920M        71M       208K       4.3M        61M
-/+ buffers/cache:       854M       137M
Swap:         8.0G       573M       7.4G

             total       used       free     shared    buffers     cached
Mem:          992M       921M        70M       208K       4.3M        61M
-/+ buffers/cache:       855M       136M
Swap:         8.0G       572M       7.4G

             total       used       free     shared    buffers     cached
Mem:          992M       922M        69M       208K       4.3M        61M
-/+ buffers/cache:       857M       134M
Swap:         8.0G       572M       7.4G

             total       used       free     shared    buffers     cached
Mem:          992M       924M        68M       208K       4.3M        61M
-/+ buffers/cache:       858M       133M
Swap:         8.0G       571M       7.4G

             total       used       free     shared    buffers     cached
Mem:          992M       925M        66M       208K       4.3M        61M
-/+ buffers/cache:       859M       132M
Swap:         8.0G       570M       7.4G

             total       used       free     shared    buffers     cached
Mem:          992M       926M        65M       208K       4.3M        61M
-/+ buffers/cache:       861M       130M
Swap:         8.0G       570M       7.4G

             total       used       free     shared    buffers     cached
Mem:          992M       928M        63M       208K       4.3M        61M
-/+ buffers/cache:       862M       129M
Swap:         8.0G       569M       7.4G

             total       used       free     shared    buffers     cached
Mem:          992M       929M        62M       208K       4.3M        61M
-/+ buffers/cache:       864M       128M
Swap:         8.0G       569M       7.4G

             total       used       free     shared    buffers     cached
Mem:          992M       931M        61M       208K       4.3M        61M
-/+ buffers/cache:       865M       126M
Swap:         8.0G       568M       7.4G

             total       used       free     shared    buffers     cached
Mem:          992M       911M        80M       208K       2.9M        58M
-/+ buffers/cache:       849M       142M
Swap:         8.0G       589M       7.4G

             total       used       free     shared    buffers     cached
Mem:          992M       912M        79M       208K       2.9M        59M
-/+ buffers/cache:       851M       141M
Swap:         8.0G       588M       7.4G

             total       used       free     shared    buffers     cached
Mem:          992M       914M        77M       208K       2.9M        59M
-/+ buffers/cache:       852M       139M
Swap:         8.0G       587M       7.4G

             total       used       free     shared    buffers     cached
Mem:          992M       915M        76M       208K       2.9M        58M
-/+ buffers/cache:       853M       138M
Swap:         8.0G       587M       7.4G

             total       used       free     shared    buffers     cached
Mem:          992M       916M        75M       208K       2.9M        58M
-/+ buffers/cache:       854M       137M
Swap:         8.0G       586M       7.4G

             total       used       free     shared    buffers     cached
Mem:          992M       918M        74M       208K       2.9M        58M
-/+ buffers/cache:       856M       136M
Swap:         8.0G       586M       7.4G

             total       used       free     shared    buffers     cached
Mem:          992M       919M        72M       208K       2.9M        59M
-/+ buffers/cache:       857M       134M
Swap:         8.0G       585M       7.4G

             total       used       free     shared    buffers     cached
Mem:          992M       920M        71M       208K       2.9M        58M
-/+ buffers/cache:       858M       133M
Swap:         8.0G       584M       7.4G

             total       used       free     shared    buffers     cached
Mem:          992M       928M        63M       208K       4.0M        63M
-/+ buffers/cache:       861M       130M
Swap:         8.0G       584M       7.4G

             total       used       free     shared    buffers     cached
Mem:          992M       922M        69M       276K       7.9M        72M
-/+ buffers/cache:       842M       149M
Swap:         8.0G       603M       7.4G
