             total       used       free     shared    buffers     cached
Mem:          2.0G       664M       1.3G       3.2M        38M       290M
-/+ buffers/cache:       335M       1.6G
Swap:         8.0G         0B       8.0G

             total       used       free     shared    buffers     cached
Mem:          2.0G       664M       1.3G       3.2M        38M       290M
-/+ buffers/cache:       335M       1.6G
Swap:         8.0G         0B       8.0G

             total       used       free     shared    buffers     cached
Mem:          2.0G       665M       1.3G       3.2M        38M       290M
-/+ buffers/cache:       335M       1.6G
Swap:         8.0G         0B       8.0G

             total       used       free     shared    buffers     cached
Mem:          2.0G       665M       1.3G       3.2M        38M       290M
-/+ buffers/cache:       335M       1.6G
Swap:         8.0G         0B       8.0G

             total       used       free     shared    buffers     cached
Mem:          2.0G       665M       1.3G       3.2M        38M       290M
-/+ buffers/cache:       335M       1.6G
Swap:         8.0G         0B       8.0G

             total       used       free     shared    buffers     cached
Mem:          2.0G       665M       1.3G       3.2M        38M       290M
-/+ buffers/cache:       335M       1.6G
Swap:         8.0G         0B       8.0G

             total       used       free     shared    buffers     cached
Mem:          2.0G       664M       1.3G       3.2M        38M       291M
-/+ buffers/cache:       333M       1.6G
Swap:         8.0G         0B       8.0G

             total       used       free     shared    buffers     cached
Mem:          2.0G       664M       1.3G       3.2M        38M       291M
-/+ buffers/cache:       333M       1.6G
Swap:         8.0G         0B       8.0G

             total       used       free     shared    buffers     cached
Mem:          2.0G       664M       1.3G       3.2M        38M       291M
-/+ buffers/cache:       333M       1.6G
Swap:         8.0G         0B       8.0G

             total       used       free     shared    buffers     cached
Mem:          2.0G       664M       1.3G       3.2M        38M       291M
-/+ buffers/cache:       333M       1.6G
Swap:         8.0G         0B       8.0G

             total       used       free     shared    buffers     cached
Mem:          2.0G       664M       1.3G       3.2M        38M       291M
-/+ buffers/cache:       333M       1.6G
Swap:         8.0G         0B       8.0G

             total       used       free     shared    buffers     cached
Mem:          2.0G       664M       1.3G       3.2M        38M       291M
-/+ buffers/cache:       333M       1.6G
Swap:         8.0G         0B       8.0G

             total       used       free     shared    buffers     cached
Mem:          2.0G       664M       1.3G       3.2M        38M       291M
-/+ buffers/cache:       333M       1.6G
Swap:         8.0G         0B       8.0G

             total       used       free     shared    buffers     cached
Mem:          2.0G       664M       1.3G       3.2M        39M       291M
-/+ buffers/cache:       333M       1.6G
Swap:         8.0G         0B       8.0G

             total       used       free     shared    buffers     cached
Mem:          2.0G       664M       1.3G       3.2M        39M       291M
-/+ buffers/cache:       333M       1.6G
Swap:         8.0G         0B       8.0G

             total       used       free     shared    buffers     cached
Mem:          2.0G       664M       1.3G       3.2M        39M       291M
-/+ buffers/cache:       333M       1.6G
Swap:         8.0G         0B       8.0G

             total       used       free     shared    buffers     cached
Mem:          2.0G       666M       1.3G       3.2M        39M       291M
-/+ buffers/cache:       335M       1.6G
Swap:         8.0G         0B       8.0G

             total       used       free     shared    buffers     cached
Mem:          2.0G       666M       1.3G       3.2M        39M       291M
-/+ buffers/cache:       335M       1.6G
Swap:         8.0G         0B       8.0G

             total       used       free     shared    buffers     cached
Mem:          2.0G       666M       1.3G       3.2M        39M       291M
-/+ buffers/cache:       335M       1.6G
Swap:         8.0G         0B       8.0G

             total       used       free     shared    buffers     cached
Mem:          2.0G       666M       1.3G       3.2M        39M       291M
-/+ buffers/cache:       335M       1.6G
Swap:         8.0G         0B       8.0G

             total       used       free     shared    buffers     cached
Mem:          2.0G       666M       1.3G       3.2M        39M       291M
-/+ buffers/cache:       335M       1.6G
Swap:         8.0G         0B       8.0G

             total       used       free     shared    buffers     cached
Mem:          2.0G       666M       1.3G       3.2M        39M       291M
-/+ buffers/cache:       335M       1.6G
Swap:         8.0G         0B       8.0G

             total       used       free     shared    buffers     cached
Mem:          2.0G       666M       1.3G       3.2M        39M       291M
-/+ buffers/cache:       335M       1.6G
Swap:         8.0G         0B       8.0G

             total       used       free     shared    buffers     cached
Mem:          2.0G       666M       1.3G       3.2M        39M       291M
-/+ buffers/cache:       335M       1.6G
Swap:         8.0G         0B       8.0G

             total       used       free     shared    buffers     cached
Mem:          2.0G       666M       1.3G       3.2M        39M       291M
-/+ buffers/cache:       335M       1.6G
Swap:         8.0G         0B       8.0G

             total       used       free     shared    buffers     cached
Mem:          2.0G       666M       1.3G       3.2M        39M       291M
-/+ buffers/cache:       335M       1.6G
Swap:         8.0G         0B       8.0G

             total       used       free     shared    buffers     cached
Mem:          2.0G       667M       1.3G       3.2M        39M       291M
-/+ buffers/cache:       336M       1.6G
Swap:         8.0G         0B       8.0G

             total       used       free     shared    buffers     cached
Mem:          2.0G       667M       1.3G       3.2M        39M       291M
-/+ buffers/cache:       336M       1.6G
Swap:         8.0G         0B       8.0G

             total       used       free     shared    buffers     cached
Mem:          2.0G       667M       1.3G       3.2M        39M       291M
-/+ buffers/cache:       336M       1.6G
Swap:         8.0G         0B       8.0G

             total       used       free     shared    buffers     cached
Mem:          2.0G       667M       1.3G       3.2M        39M       291M
-/+ buffers/cache:       336M       1.6G
Swap:         8.0G         0B       8.0G

             total       used       free     shared    buffers     cached
Mem:          2.0G       667M       1.3G       3.2M        39M       291M
-/+ buffers/cache:       336M       1.6G
Swap:         8.0G         0B       8.0G

             total       used       free     shared    buffers     cached
Mem:          2.0G       668M       1.3G       3.2M        39M       291M
-/+ buffers/cache:       337M       1.6G
Swap:         8.0G         0B       8.0G

             total       used       free     shared    buffers     cached
Mem:          2.0G       668M       1.3G       3.2M        39M       292M
-/+ buffers/cache:       337M       1.6G
Swap:         8.0G         0B       8.0G

             total       used       free     shared    buffers     cached
Mem:          2.0G       668M       1.3G       3.2M        39M       292M
-/+ buffers/cache:       337M       1.6G
Swap:         8.0G         0B       8.0G

             total       used       free     shared    buffers     cached
Mem:          2.0G       668M       1.3G       3.2M        39M       292M
-/+ buffers/cache:       337M       1.6G
Swap:         8.0G         0B       8.0G

             total       used       free     shared    buffers     cached
Mem:          2.0G       668M       1.3G       3.2M        39M       292M
-/+ buffers/cache:       337M       1.6G
Swap:         8.0G         0B       8.0G

             total       used       free     shared    buffers     cached
Mem:          2.0G       668M       1.3G       3.2M        39M       292M
-/+ buffers/cache:       337M       1.6G
Swap:         8.0G         0B       8.0G

             total       used       free     shared    buffers     cached
Mem:          2.0G       668M       1.3G       3.2M        39M       292M
-/+ buffers/cache:       337M       1.6G
Swap:         8.0G         0B       8.0G

             total       used       free     shared    buffers     cached
Mem:          2.0G       674M       1.3G       3.2M        39M       292M
-/+ buffers/cache:       343M       1.6G
Swap:         8.0G         0B       8.0G

             total       used       free     shared    buffers     cached
Mem:          2.0G       695M       1.3G       3.2M        39M       292M
-/+ buffers/cache:       364M       1.6G
Swap:         8.0G         0B       8.0G

             total       used       free     shared    buffers     cached
Mem:          2.0G       715M       1.3G       3.2M        39M       292M
-/+ buffers/cache:       384M       1.6G
Swap:         8.0G         0B       8.0G

             total       used       free     shared    buffers     cached
Mem:          2.0G       733M       1.2G       3.2M        39M       292M
-/+ buffers/cache:       402M       1.6G
Swap:         8.0G         0B       8.0G

             total       used       free     shared    buffers     cached
Mem:          2.0G       754M       1.2G       3.2M        39M       292M
-/+ buffers/cache:       423M       1.5G
Swap:         8.0G         0B       8.0G

             total       used       free     shared    buffers     cached
Mem:          2.0G       771M       1.2G       3.2M        39M       292M
-/+ buffers/cache:       440M       1.5G
Swap:         8.0G         0B       8.0G

             total       used       free     shared    buffers     cached
Mem:          2.0G       788M       1.2G       3.2M        39M       292M
-/+ buffers/cache:       456M       1.5G
Swap:         8.0G         0B       8.0G

             total       used       free     shared    buffers     cached
Mem:          2.0G       806M       1.2G       3.2M        39M       292M
-/+ buffers/cache:       475M       1.5G
Swap:         8.0G         0B       8.0G

             total       used       free     shared    buffers     cached
Mem:          2.0G       824M       1.1G       3.2M        39M       292M
-/+ buffers/cache:       493M       1.5G
Swap:         8.0G         0B       8.0G

             total       used       free     shared    buffers     cached
Mem:          2.0G       845M       1.1G       3.2M        39M       292M
-/+ buffers/cache:       513M       1.5G
Swap:         8.0G         0B       8.0G

             total       used       free     shared    buffers     cached
Mem:          2.0G       863M       1.1G       3.2M        39M       292M
-/+ buffers/cache:       531M       1.4G
Swap:         8.0G         0B       8.0G

             total       used       free     shared    buffers     cached
Mem:          2.0G       880M       1.1G       3.2M        39M       292M
-/+ buffers/cache:       549M       1.4G
Swap:         8.0G         0B       8.0G

             total       used       free     shared    buffers     cached
Mem:          2.0G       894M       1.1G       3.2M        39M       292M
-/+ buffers/cache:       563M       1.4G
Swap:         8.0G         0B       8.0G

             total       used       free     shared    buffers     cached
Mem:          2.0G       911M       1.1G       3.2M        39M       292M
-/+ buffers/cache:       580M       1.4G
Swap:         8.0G         0B       8.0G

             total       used       free     shared    buffers     cached
Mem:          2.0G       928M       1.0G       3.2M        39M       292M
-/+ buffers/cache:       597M       1.4G
Swap:         8.0G         0B       8.0G

             total       used       free     shared    buffers     cached
Mem:          2.0G       947M       1.0G       3.2M        39M       292M
-/+ buffers/cache:       615M       1.4G
Swap:         8.0G         0B       8.0G

             total       used       free     shared    buffers     cached
Mem:          2.0G       964M       1.0G       3.2M        39M       292M
-/+ buffers/cache:       633M       1.3G
Swap:         8.0G         0B       8.0G

             total       used       free     shared    buffers     cached
Mem:          2.0G       981M       1.0G       3.2M        39M       292M
-/+ buffers/cache:       650M       1.3G
Swap:         8.0G         0B       8.0G

             total       used       free     shared    buffers     cached
Mem:          2.0G       998M       1.0G       3.2M        39M       292M
-/+ buffers/cache:       667M       1.3G
Swap:         8.0G         0B       8.0G

             total       used       free     shared    buffers     cached
Mem:          2.0G       1.0G       986M       3.2M        39M       292M
-/+ buffers/cache:       683M       1.3G
Swap:         8.0G         0B       8.0G

             total       used       free     shared    buffers     cached
Mem:          2.0G       1.0G       968M       3.2M        39M       292M
-/+ buffers/cache:       700M       1.3G
Swap:         8.0G         0B       8.0G

             total       used       free     shared    buffers     cached
Mem:          2.0G       1.0G       951M       3.2M        39M       292M
-/+ buffers/cache:       717M       1.3G
Swap:         8.0G         0B       8.0G

             total       used       free     shared    buffers     cached
Mem:          2.0G       1.0G       934M       3.2M        39M       292M
-/+ buffers/cache:       734M       1.2G
Swap:         8.0G         0B       8.0G

             total       used       free     shared    buffers     cached
Mem:          2.0G       1.1G       917M       3.2M        39M       292M
-/+ buffers/cache:       751M       1.2G
Swap:         8.0G         0B       8.0G

             total       used       free     shared    buffers     cached
Mem:          2.0G       1.1G       900M       3.2M        39M       292M
-/+ buffers/cache:       768M       1.2G
Swap:         8.0G         0B       8.0G

             total       used       free     shared    buffers     cached
Mem:          2.0G       1.1G       882M       3.2M        39M       292M
-/+ buffers/cache:       786M       1.2G
Swap:         8.0G         0B       8.0G

             total       used       free     shared    buffers     cached
Mem:          2.0G       1.1G       871M       3.2M        39M       292M
-/+ buffers/cache:       797M       1.2G
Swap:         8.0G         0B       8.0G

             total       used       free     shared    buffers     cached
Mem:          2.0G       1.1G       853M       3.2M        39M       292M
-/+ buffers/cache:       815M       1.2G
Swap:         8.0G         0B       8.0G

             total       used       free     shared    buffers     cached
Mem:          2.0G       1.1G       835M       3.2M        39M       292M
-/+ buffers/cache:       833M       1.1G
Swap:         8.0G         0B       8.0G

             total       used       free     shared    buffers     cached
Mem:          2.0G       1.2G       817M       3.2M        39M       292M
-/+ buffers/cache:       851M       1.1G
Swap:         8.0G         0B       8.0G

             total       used       free     shared    buffers     cached
Mem:          2.0G       1.2G       800M       3.2M        39M       292M
-/+ buffers/cache:       868M       1.1G
Swap:         8.0G         0B       8.0G

             total       used       free     shared    buffers     cached
Mem:          2.0G       1.2G       782M       3.2M        39M       292M
-/+ buffers/cache:       886M       1.1G
Swap:         8.0G         0B       8.0G

             total       used       free     shared    buffers     cached
Mem:          2.0G       1.2G       765M       3.2M        39M       292M
-/+ buffers/cache:       903M       1.1G
Swap:         8.0G         0B       8.0G

             total       used       free     shared    buffers     cached
Mem:          2.0G       1.2G       748M       3.2M        39M       292M
-/+ buffers/cache:       920M       1.1G
Swap:         8.0G         0B       8.0G

             total       used       free     shared    buffers     cached
Mem:          2.0G       1.2G       730M       3.2M        39M       292M
-/+ buffers/cache:       938M       1.0G
Swap:         8.0G         0B       8.0G

             total       used       free     shared    buffers     cached
Mem:          2.0G       1.3G       714M       3.2M        39M       292M
-/+ buffers/cache:       954M       1.0G
Swap:         8.0G         0B       8.0G

             total       used       free     shared    buffers     cached
Mem:          2.0G       1.3G       697M       3.2M        39M       292M
-/+ buffers/cache:       971M       1.0G
Swap:         8.0G         0B       8.0G

             total       used       free     shared    buffers     cached
Mem:          2.0G       1.3G       679M       3.2M        39M       292M
-/+ buffers/cache:       989M       1.0G
Swap:         8.0G         0B       8.0G

             total       used       free     shared    buffers     cached
Mem:          2.0G       1.3G       663M       3.2M        39M       292M
-/+ buffers/cache:       1.0G       994M
Swap:         8.0G         0B       8.0G

             total       used       free     shared    buffers     cached
Mem:          2.0G       1.3G       646M       3.2M        39M       292M
-/+ buffers/cache:       1.0G       977M
Swap:         8.0G         0B       8.0G

             total       used       free     shared    buffers     cached
Mem:          2.0G       1.3G       628M       3.2M        39M       292M
-/+ buffers/cache:       1.0G       959M
Swap:         8.0G         0B       8.0G

             total       used       free     shared    buffers     cached
Mem:          2.0G       1.4G       612M       3.2M        39M       292M
-/+ buffers/cache:       1.0G       943M
Swap:         8.0G         0B       8.0G

             total       used       free     shared    buffers     cached
Mem:          2.0G       1.4G       596M       3.2M        39M       292M
-/+ buffers/cache:       1.0G       927M
Swap:         8.0G         0B       8.0G

             total       used       free     shared    buffers     cached
Mem:          2.0G       1.4G       579M       3.2M        39M       292M
-/+ buffers/cache:       1.1G       910M
Swap:         8.0G         0B       8.0G

             total       used       free     shared    buffers     cached
Mem:          2.0G       1.4G       562M       3.2M        39M       292M
-/+ buffers/cache:       1.1G       893M
Swap:         8.0G         0B       8.0G

             total       used       free     shared    buffers     cached
Mem:          2.0G       1.4G       546M       3.2M        39M       292M
-/+ buffers/cache:       1.1G       877M
Swap:         8.0G         0B       8.0G

             total       used       free     shared    buffers     cached
Mem:          2.0G       1.4G       528M       3.2M        39M       292M
-/+ buffers/cache:       1.1G       859M
Swap:         8.0G         0B       8.0G

             total       used       free     shared    buffers     cached
Mem:          2.0G       1.5G       509M       3.2M        39M       292M
-/+ buffers/cache:       1.1G       840M
Swap:         8.0G         0B       8.0G

             total       used       free     shared    buffers     cached
Mem:          2.0G       1.5G       493M       3.2M        39M       292M
-/+ buffers/cache:       1.1G       824M
Swap:         8.0G         0B       8.0G

             total       used       free     shared    buffers     cached
Mem:          2.0G       1.5G       475M       3.2M        39M       292M
-/+ buffers/cache:       1.2G       806M
Swap:         8.0G         0B       8.0G

             total       used       free     shared    buffers     cached
Mem:          2.0G       1.5G       456M       3.2M        39M       292M
-/+ buffers/cache:       1.2G       788M
Swap:         8.0G         0B       8.0G

             total       used       free     shared    buffers     cached
Mem:          2.0G       1.5G       440M       3.2M        39M       292M
-/+ buffers/cache:       1.2G       772M
Swap:         8.0G         0B       8.0G

             total       used       free     shared    buffers     cached
Mem:          2.0G       1.5G       431M       3.2M        39M       292M
-/+ buffers/cache:       1.2G       762M
Swap:         8.0G         0B       8.0G

             total       used       free     shared    buffers     cached
Mem:          2.0G       1.5G       421M       3.2M        39M       292M
-/+ buffers/cache:       1.2G       752M
Swap:         8.0G         0B       8.0G

             total       used       free     shared    buffers     cached
Mem:          2.0G       1.6G       404M       3.2M        39M       292M
-/+ buffers/cache:       1.2G       735M
Swap:         8.0G         0B       8.0G

             total       used       free     shared    buffers     cached
Mem:          2.0G       1.6G       386M       3.2M        39M       292M
-/+ buffers/cache:       1.3G       718M
Swap:         8.0G         0B       8.0G

             total       used       free     shared    buffers     cached
Mem:          2.0G       1.6G       369M       3.2M        39M       292M
-/+ buffers/cache:       1.3G       701M
Swap:         8.0G         0B       8.0G

             total       used       free     shared    buffers     cached
Mem:          2.0G       1.6G       351M       3.2M        39M       292M
-/+ buffers/cache:       1.3G       683M
Swap:         8.0G         0B       8.0G

             total       used       free     shared    buffers     cached
Mem:          2.0G       1.6G       333M       3.2M        39M       292M
-/+ buffers/cache:       1.3G       665M
Swap:         8.0G         0B       8.0G

             total       used       free     shared    buffers     cached
Mem:          2.0G       1.6G       314M       3.2M        39M       292M
-/+ buffers/cache:       1.3G       646M
Swap:         8.0G         0B       8.0G

             total       used       free     shared    buffers     cached
Mem:          2.0G       1.7G       297M       3.2M        39M       292M
-/+ buffers/cache:       1.3G       628M
Swap:         8.0G         0B       8.0G

             total       used       free     shared    buffers     cached
Mem:          2.0G       1.7G       279M       3.2M        39M       292M
-/+ buffers/cache:       1.4G       611M
Swap:         8.0G         0B       8.0G

             total       used       free     shared    buffers     cached
Mem:          2.0G       1.7G       261M       3.2M        39M       292M
-/+ buffers/cache:       1.4G       593M
Swap:         8.0G         0B       8.0G

             total       used       free     shared    buffers     cached
Mem:          2.0G       1.7G       244M       3.2M        39M       292M
-/+ buffers/cache:       1.4G       575M
Swap:         8.0G         0B       8.0G

             total       used       free     shared    buffers     cached
Mem:          2.0G       1.7G       227M       3.2M        39M       292M
-/+ buffers/cache:       1.4G       558M
Swap:         8.0G         0B       8.0G

             total       used       free     shared    buffers     cached
Mem:          2.0G       1.7G       212M       3.2M        39M       292M
-/+ buffers/cache:       1.4G       543M
Swap:         8.0G         0B       8.0G

             total       used       free     shared    buffers     cached
Mem:          2.0G       1.8G       194M       3.2M        39M       292M
-/+ buffers/cache:       1.4G       525M
Swap:         8.0G         0B       8.0G

             total       used       free     shared    buffers     cached
Mem:          2.0G       1.8G       177M       3.2M        39M       292M
-/+ buffers/cache:       1.5G       508M
Swap:         8.0G         0B       8.0G

             total       used       free     shared    buffers     cached
Mem:          2.0G       1.8G       159M       3.2M        39M       292M
-/+ buffers/cache:       1.5G       490M
Swap:         8.0G         0B       8.0G

             total       used       free     shared    buffers     cached
Mem:          2.0G       1.8G       142M       3.2M        39M       292M
-/+ buffers/cache:       1.5G       473M
Swap:         8.0G         0B       8.0G

             total       used       free     shared    buffers     cached
Mem:          2.0G       1.8G       125M       3.2M        39M       292M
-/+ buffers/cache:       1.5G       456M
Swap:         8.0G         0B       8.0G

             total       used       free     shared    buffers     cached
Mem:          2.0G       1.8G       108M       3.2M        39M       292M
-/+ buffers/cache:       1.5G       439M
Swap:         8.0G         0B       8.0G

             total       used       free     shared    buffers     cached
Mem:          2.0G       1.9G        90M       3.2M        39M       292M
-/+ buffers/cache:       1.5G       421M
Swap:         8.0G         0B       8.0G

             total       used       free     shared    buffers     cached
Mem:          2.0G       1.9G        73M       3.2M        39M       292M
-/+ buffers/cache:       1.6G       404M
Swap:         8.0G         0B       8.0G

             total       used       free     shared    buffers     cached
Mem:          2.0G       1.9G        79M       3.2M        17M       290M
-/+ buffers/cache:       1.6G       387M
Swap:         8.0G         0B       8.0G

             total       used       free     shared    buffers     cached
Mem:          2.0G       1.9G        78M       3.2M        10M       281M
-/+ buffers/cache:       1.6G       370M
Swap:         8.0G         0B       8.0G

             total       used       free     shared    buffers     cached
Mem:          2.0G       1.9G        78M       3.2M        10M       264M
-/+ buffers/cache:       1.6G       353M
Swap:         8.0G       108K       8.0G

             total       used       free     shared    buffers     cached
Mem:          2.0G       1.9G        79M       3.1M        10M       246M
-/+ buffers/cache:       1.6G       335M
Swap:         8.0G       248K       8.0G

             total       used       free     shared    buffers     cached
Mem:          2.0G       1.9G        77M       3.0M        10M       234M
-/+ buffers/cache:       1.6G       321M
Swap:         8.0G       5.7M       8.0G

             total       used       free     shared    buffers     cached
Mem:          2.0G       1.9G        92M       2.8M       8.8M       207M
-/+ buffers/cache:       1.7G       309M
Swap:         8.0G        11M       8.0G

             total       used       free     shared    buffers     cached
Mem:          2.0G       1.9G        76M       2.8M       8.8M       207M
-/+ buffers/cache:       1.7G       293M
Swap:         8.0G        11M       8.0G

             total       used       free     shared    buffers     cached
Mem:          2.0G       1.9G        73M       2.8M       2.7M       200M
-/+ buffers/cache:       1.7G       277M
Swap:         8.0G        11M       8.0G

             total       used       free     shared    buffers     cached
Mem:          2.0G       1.9G        74M       2.8M       1.3M       184M
-/+ buffers/cache:       1.7G       260M
Swap:         8.0G        11M       8.0G

             total       used       free     shared    buffers     cached
Mem:          2.0G       1.9G        65M       2.8M       600K       177M
-/+ buffers/cache:       1.7G       243M
Swap:         8.0G        11M       8.0G

             total       used       free     shared    buffers     cached
Mem:          2.0G       1.9G        68M       2.8M       440K       156M
-/+ buffers/cache:       1.7G       225M
Swap:         8.0G        11M       8.0G

             total       used       free     shared    buffers     cached
Mem:          2.0G       1.9G        69M       2.8M       440K       138M
-/+ buffers/cache:       1.7G       208M
Swap:         8.0G        11M       8.0G

             total       used       free     shared    buffers     cached
Mem:          2.0G       1.9G        70M       2.8M       112K       122M
-/+ buffers/cache:       1.8G       192M
Swap:         8.0G        11M       8.0G

             total       used       free     shared    buffers     cached
Mem:          2.0G       1.9G        69M       2.8M       128K       108M
-/+ buffers/cache:       1.8G       177M
Swap:         8.0G        11M       8.0G

             total       used       free     shared    buffers     cached
Mem:          2.0G       1.9G        65M       2.8M        96K        95M
-/+ buffers/cache:       1.8G       160M
Swap:         8.0G        11M       8.0G

             total       used       free     shared    buffers     cached
Mem:          2.0G       1.9G        67M       2.8M       100K        76M
-/+ buffers/cache:       1.8G       144M
Swap:         8.0G        11M       8.0G

             total       used       free     shared    buffers     cached
Mem:          2.0G       1.9G        70M       2.8M       100K        59M
-/+ buffers/cache:       1.8G       130M
Swap:         8.0G        11M       8.0G

             total       used       free     shared    buffers     cached
Mem:          2.0G       1.9G        69M       2.8M       116K        46M
-/+ buffers/cache:       1.8G       115M
Swap:         8.0G        11M       8.0G

             total       used       free     shared    buffers     cached
Mem:          2.0G       1.9G        73M       2.8M       256K        28M
-/+ buffers/cache:       1.9G       102M
Swap:         8.0G        11M       8.0G

             total       used       free     shared    buffers     cached
Mem:          2.0G       1.9G        75M       2.8M       520K        11M
-/+ buffers/cache:       1.9G        87M
Swap:         8.0G        11M       8.0G

             total       used       free     shared    buffers     cached
Mem:          2.0G       1.9G        76M       2.8M        76K       4.9M
-/+ buffers/cache:       1.9G        81M
Swap:         8.0G        22M       8.0G

             total       used       free     shared    buffers     cached
Mem:          2.0G       1.9G        71M       2.5M       448K       7.6M
-/+ buffers/cache:       1.9G        79M
Swap:         8.0G        30M       8.0G

             total       used       free     shared    buffers     cached
Mem:          2.0G       1.9G        68M       2.5M       452K       7.6M
-/+ buffers/cache:       1.9G        77M
Swap:         8.0G        51M       7.9G

             total       used       free     shared    buffers     cached
Mem:          2.0G       1.9G        71M       2.5M       460K       7.7M
-/+ buffers/cache:       1.9G        80M
Swap:         8.0G        56M       7.9G

             total       used       free     shared    buffers     cached
Mem:          2.0G       1.9G        69M       2.5M       460K       7.7M
-/+ buffers/cache:       1.9G        78M
Swap:         8.0G        78M       7.9G

             total       used       free     shared    buffers     cached
Mem:          2.0G       1.9G        66M       2.4M       460K       7.6M
-/+ buffers/cache:       1.9G        74M
Swap:         8.0G        86M       7.9G

             total       used       free     shared    buffers     cached
Mem:          2.0G       1.9G        68M       2.4M       460K       7.5M
-/+ buffers/cache:       1.9G        76M
Swap:         8.0G       103M       7.9G

             total       used       free     shared    buffers     cached
Mem:          2.0G       1.9G        70M       2.4M       460K       7.3M
-/+ buffers/cache:       1.9G        78M
Swap:         8.0G       124M       7.9G

             total       used       free     shared    buffers     cached
Mem:          2.0G       1.9G        74M       2.4M       460K       7.2M
-/+ buffers/cache:       1.9G        81M
Swap:         8.0G       141M       7.9G

             total       used       free     shared    buffers     cached
Mem:          2.0G       1.9G        75M       2.4M       468K       7.2M
-/+ buffers/cache:       1.9G        83M
Swap:         8.0G       150M       7.8G

             total       used       free     shared    buffers     cached
Mem:          2.0G       1.9G        87M       2.4M       468K       7.1M
-/+ buffers/cache:       1.9G        95M
Swap:         8.0G       179M       7.8G

             total       used       free     shared    buffers     cached
Mem:          2.0G       1.9G        72M       2.4M       468K       7.1M
-/+ buffers/cache:       1.9G        80M
Swap:         8.0G       179M       7.8G

             total       used       free     shared    buffers     cached
Mem:          2.0G       1.9G        77M       2.4M       448K       6.9M
-/+ buffers/cache:       1.9G        84M
Swap:         8.0G       206M       7.8G

             total       used       free     shared    buffers     cached
Mem:          2.0G       1.9G        66M       2.3M       448K       6.9M
-/+ buffers/cache:       1.9G        73M
Swap:         8.0G       206M       7.8G

             total       used       free     shared    buffers     cached
Mem:          2.0G       1.9G        68M       2.3M       456K        10M
-/+ buffers/cache:       1.9G        79M
Swap:         8.0G       212M       7.8G

             total       used       free     shared    buffers     cached
Mem:          2.0G       1.9G        76M       2.3M       540K        23M
-/+ buffers/cache:       1.9G        99M
Swap:         8.0G       243M       7.8G

             total       used       free     shared    buffers     cached
Mem:          2.0G       1.9G        75M       2.3M       540K        23M
-/+ buffers/cache:       1.9G        99M
Swap:         8.0G       243M       7.8G

             total       used       free     shared    buffers     cached
Mem:          2.0G       1.9G        71M       2.3M       476K        14M
-/+ buffers/cache:       1.9G        86M
Swap:         8.0G       242M       7.8G

             total       used       free     shared    buffers     cached
Mem:          2.0G       1.9G        74M       2.3M        76K       6.9M
-/+ buffers/cache:       1.9G        81M
Swap:         8.0G       269M       7.7G

             total       used       free     shared    buffers     cached
Mem:          2.0G       1.9G        71M       2.3M       372K        10M
-/+ buffers/cache:       1.9G        82M
Swap:         8.0G       268M       7.7G

             total       used       free     shared    buffers     cached
Mem:          2.0G       1.9G        92M       2.3M       372K       9.7M
-/+ buffers/cache:       1.9G       103M
Swap:         8.0G       314M       7.7G

             total       used       free     shared    buffers     cached
Mem:          2.0G       1.9G        83M       2.3M       372K         9M
-/+ buffers/cache:       1.9G        94M
Swap:         8.0G       314M       7.7G

             total       used       free     shared    buffers     cached
Mem:          2.0G       1.9G        77M       2.3M       376K        10M
-/+ buffers/cache:       1.9G        88M
Swap:         8.0G       314M       7.7G

             total       used       free     shared    buffers     cached
Mem:          2.0G       1.9G        77M       2.3M       388K        10M
-/+ buffers/cache:       1.9G        87M
Swap:         8.0G       313M       7.7G

             total       used       free     shared    buffers     cached
Mem:          2.0G       1.9G        76M       2.3M       388K        10M
-/+ buffers/cache:       1.9G        86M
Swap:         8.0G       313M       7.7G

             total       used       free     shared    buffers     cached
Mem:          2.0G       1.9G        75M       2.3M       396K        10M
-/+ buffers/cache:       1.9G        86M
Swap:         8.0G       313M       7.7G

             total       used       free     shared    buffers     cached
Mem:          2.0G       1.9G        75M       2.3M       396K        10M
-/+ buffers/cache:       1.9G        85M
Swap:         8.0G       312M       7.7G

             total       used       free     shared    buffers     cached
Mem:          2.0G       1.9G        74M       2.3M       396K        10M
-/+ buffers/cache:       1.9G        85M
Swap:         8.0G       312M       7.7G

             total       used       free     shared    buffers     cached
Mem:          2.0G       1.9G        72M       2.3M       688K        10M
-/+ buffers/cache:       1.9G        83M
Swap:         8.0G       311M       7.7G

             total       used       free     shared    buffers     cached
Mem:          2.0G       1.9G        75M       2.3M       768K        35M
-/+ buffers/cache:       1.8G       111M
Swap:         8.0G       337M       7.7G

             total       used       free     shared    buffers     cached
Mem:          2.0G       1.9G        75M       2.3M       784K        35M
-/+ buffers/cache:       1.8G       111M
Swap:         8.0G       337M       7.7G

             total       used       free     shared    buffers     cached
Mem:          2.0G       1.9G        74M       2.3M       788K        35M
-/+ buffers/cache:       1.8G       110M
Swap:         8.0G       337M       7.7G

             total       used       free     shared    buffers     cached
Mem:          2.0G       1.9G        73M       2.3M       788K        35M
-/+ buffers/cache:       1.8G       109M
Swap:         8.0G       336M       7.7G

             total       used       free     shared    buffers     cached
Mem:          2.0G       1.9G        72M       2.3M       788K        35M
-/+ buffers/cache:       1.8G       108M
Swap:         8.0G       335M       7.7G

             total       used       free     shared    buffers     cached
Mem:          2.0G       1.9G        71M       2.3M       788K        35M
-/+ buffers/cache:       1.8G       107M
Swap:         8.0G       335M       7.7G

             total       used       free     shared    buffers     cached
Mem:          2.0G       1.9G        70M       2.3M       788K        35M
-/+ buffers/cache:       1.8G       106M
Swap:         8.0G       335M       7.7G

             total       used       free     shared    buffers     cached
Mem:          2.0G       1.9G        69M       2.3M       796K        35M
-/+ buffers/cache:       1.8G       105M
Swap:         8.0G       334M       7.7G

             total       used       free     shared    buffers     cached
Mem:          2.0G       1.9G        68M       2.3M       796K        35M
-/+ buffers/cache:       1.9G       104M
Swap:         8.0G       333M       7.7G

             total       used       free     shared    buffers     cached
Mem:          2.0G       1.9G        67M       2.3M       796K        35M
-/+ buffers/cache:       1.9G       103M
Swap:         8.0G       333M       7.7G

             total       used       free     shared    buffers     cached
Mem:          2.0G       1.9G        66M       2.3M       796K        35M
-/+ buffers/cache:       1.9G       103M
Swap:         8.0G       332M       7.7G

             total       used       free     shared    buffers     cached
Mem:          2.0G       1.9G        66M       2.3M       796K        35M
-/+ buffers/cache:       1.9G       102M
Swap:         8.0G       332M       7.7G

             total       used       free     shared    buffers     cached
Mem:          2.0G       1.9G        65M       2.3M       804K        35M
-/+ buffers/cache:       1.9G       101M
Swap:         8.0G       331M       7.7G

             total       used       free     shared    buffers     cached
Mem:          2.0G       1.9G        76M       2.3M       804K        34M
-/+ buffers/cache:       1.8G       111M
Swap:         8.0G       331M       7.7G

             total       used       free     shared    buffers     cached
Mem:          2.0G       1.9G        75M       2.3M       804K        34M
-/+ buffers/cache:       1.8G       111M
Swap:         8.0G       330M       7.7G

             total       used       free     shared    buffers     cached
Mem:          2.0G       1.9G        74M       2.3M       804K        34M
-/+ buffers/cache:       1.8G       110M
Swap:         8.0G       330M       7.7G

             total       used       free     shared    buffers     cached
Mem:          2.0G       1.9G        73M       2.3M       804K        34M
-/+ buffers/cache:       1.8G       109M
Swap:         8.0G       329M       7.7G

             total       used       free     shared    buffers     cached
Mem:          2.0G       1.9G        72M       2.3M       804K        34M
-/+ buffers/cache:       1.8G       108M
Swap:         8.0G       329M       7.7G

             total       used       free     shared    buffers     cached
Mem:          2.0G       1.9G        71M       2.3M       812K        34M
-/+ buffers/cache:       1.8G       107M
Swap:         8.0G       328M       7.7G

             total       used       free     shared    buffers     cached
Mem:          2.0G       1.9G        71M       2.3M       812K        34M
-/+ buffers/cache:       1.8G       106M
Swap:         8.0G       328M       7.7G

             total       used       free     shared    buffers     cached
Mem:          2.0G       1.9G        69M       2.3M       812K        34M
-/+ buffers/cache:       1.9G       105M
Swap:         8.0G       327M       7.7G

             total       used       free     shared    buffers     cached
Mem:          2.0G       1.9G        69M       2.3M       812K        34M
-/+ buffers/cache:       1.9G       104M
Swap:         8.0G       327M       7.7G

             total       used       free     shared    buffers     cached
Mem:          2.0G       1.9G        68M       2.3M       812K        34M
-/+ buffers/cache:       1.9G       104M
Swap:         8.0G       326M       7.7G

             total       used       free     shared    buffers     cached
Mem:          2.0G       1.9G        67M       2.3M       820K        34M
-/+ buffers/cache:       1.9G       103M
Swap:         8.0G       326M       7.7G

             total       used       free     shared    buffers     cached
Mem:          2.0G       1.9G        67M       2.3M       820K        34M
-/+ buffers/cache:       1.9G       102M
Swap:         8.0G       326M       7.7G

             total       used       free     shared    buffers     cached
Mem:          2.0G       1.9G        67M       2.3M       820K        34M
-/+ buffers/cache:       1.9G       102M
Swap:         8.0G       326M       7.7G

             total       used       free     shared    buffers     cached
Mem:          2.0G       1.9G        66M       2.3M       820K        34M
-/+ buffers/cache:       1.9G       102M
Swap:         8.0G       325M       7.7G

             total       used       free     shared    buffers     cached
Mem:          2.0G       1.9G        65M       2.3M       820K        35M
-/+ buffers/cache:       1.9G       101M
Swap:         8.0G       325M       7.7G

             total       used       free     shared    buffers     cached
Mem:          2.0G       1.9G        81M       2.3M       820K        33M
-/+ buffers/cache:       1.8G       116M
Swap:         8.0G       356M       7.6G

             total       used       free     shared    buffers     cached
Mem:          2.0G       1.9G        81M       2.3M       828K        33M
-/+ buffers/cache:       1.8G       115M
Swap:         8.0G       355M       7.6G

             total       used       free     shared    buffers     cached
Mem:          2.0G       1.9G        80M       2.3M       828K        33M
-/+ buffers/cache:       1.8G       115M
Swap:         8.0G       355M       7.6G

             total       used       free     shared    buffers     cached
Mem:          2.0G       1.9G        80M       2.3M       828K        33M
-/+ buffers/cache:       1.8G       114M
Swap:         8.0G       355M       7.7G

             total       used       free     shared    buffers     cached
Mem:          2.0G       1.9G        79M       2.3M       828K        33M
-/+ buffers/cache:       1.8G       113M
Swap:         8.0G       354M       7.7G

             total       used       free     shared    buffers     cached
Mem:          2.0G       1.9G        79M       2.3M       828K        33M
-/+ buffers/cache:       1.8G       113M
Swap:         8.0G       354M       7.7G

             total       used       free     shared    buffers     cached
Mem:          2.0G       1.9G        78M       2.3M       836K        33M
-/+ buffers/cache:       1.8G       112M
Swap:         8.0G       353M       7.7G

             total       used       free     shared    buffers     cached
Mem:          2.0G       1.9G        77M       2.3M       836K        33M
-/+ buffers/cache:       1.8G       112M
Swap:         8.0G       353M       7.7G

             total       used       free     shared    buffers     cached
Mem:          2.0G       1.9G        77M       2.3M       836K        33M
-/+ buffers/cache:       1.8G       111M
Swap:         8.0G       352M       7.7G

             total       used       free     shared    buffers     cached
Mem:          2.0G       1.9G        76M       2.3M       836K        33M
-/+ buffers/cache:       1.8G       110M
Swap:         8.0G       352M       7.7G

             total       used       free     shared    buffers     cached
Mem:          2.0G       1.9G        75M       2.3M       836K        33M
-/+ buffers/cache:       1.8G       110M
Swap:         8.0G       352M       7.7G

             total       used       free     shared    buffers     cached
Mem:          2.0G       1.9G        75M       2.3M       836K        33M
-/+ buffers/cache:       1.8G       109M
Swap:         8.0G       351M       7.7G

             total       used       free     shared    buffers     cached
Mem:          2.0G       1.9G        74M       2.3M       844K        33M
-/+ buffers/cache:       1.8G       109M
Swap:         8.0G       351M       7.7G

             total       used       free     shared    buffers     cached
Mem:          2.0G       1.9G        74M       2.3M       844K        33M
-/+ buffers/cache:       1.8G       108M
Swap:         8.0G       351M       7.7G

             total       used       free     shared    buffers     cached
Mem:          2.0G       1.9G        73M       2.3M       844K        33M
-/+ buffers/cache:       1.8G       108M
Swap:         8.0G       350M       7.7G

             total       used       free     shared    buffers     cached
Mem:          2.0G       1.9G        72M       2.3M       844K        33M
-/+ buffers/cache:       1.8G       107M
Swap:         8.0G       350M       7.7G

             total       used       free     shared    buffers     cached
Mem:          2.0G       1.9G        72M       2.3M       844K        33M
-/+ buffers/cache:       1.8G       106M
Swap:         8.0G       349M       7.7G

             total       used       free     shared    buffers     cached
Mem:          2.0G       1.9G        66M       2.3M       852K        38M
-/+ buffers/cache:       1.8G       106M
Swap:         8.0G       349M       7.7G

             total       used       free     shared    buffers     cached
Mem:          2.0G       1.9G        77M       2.3M       1.1M        38M
-/+ buffers/cache:       1.8G       117M
Swap:         8.0G       348M       7.7G

             total       used       free     shared    buffers     cached
Mem:          2.0G       1.9G        77M       2.3M       1.1M        38M
-/+ buffers/cache:       1.8G       117M
Swap:         8.0G       348M       7.7G

             total       used       free     shared    buffers     cached
Mem:          2.0G       1.9G        77M       2.3M       1.1M        38M
-/+ buffers/cache:       1.8G       116M
Swap:         8.0G       348M       7.7G

             total       used       free     shared    buffers     cached
Mem:          2.0G       1.9G        74M       2.3M       1.1M        38M
-/+ buffers/cache:       1.8G       114M
Swap:         8.0G       346M       7.7G

             total       used       free     shared    buffers     cached
Mem:          2.0G       1.9G        70M       2.3M       1.1M        40M
-/+ buffers/cache:       1.8G       111M
Swap:         8.0G       345M       7.7G

             total       used       free     shared    buffers     cached
Mem:          2.0G       1.9G        69M       2.3M       1.1M        40M
-/+ buffers/cache:       1.8G       111M
Swap:         8.0G       344M       7.7G

             total       used       free     shared    buffers     cached
Mem:          2.0G       1.9G        68M       2.3M       1.1M        40M
-/+ buffers/cache:       1.8G       110M
Swap:         8.0G       344M       7.7G

             total       used       free     shared    buffers     cached
Mem:          2.0G       1.9G        79M       2.3M       856K        39M
-/+ buffers/cache:       1.8G       119M
Swap:         8.0G       367M       7.6G

             total       used       free     shared    buffers     cached
Mem:          2.0G       1.9G        78M       2.3M       856K        39M
-/+ buffers/cache:       1.8G       119M
Swap:         8.0G       366M       7.6G

             total       used       free     shared    buffers     cached
Mem:          2.0G       1.9G        78M       2.3M       856K        39M
-/+ buffers/cache:       1.8G       118M
Swap:         8.0G       366M       7.6G

             total       used       free     shared    buffers     cached
Mem:          2.0G       1.9G        78M       2.3M       864K        39M
-/+ buffers/cache:       1.8G       118M
Swap:         8.0G       366M       7.6G

             total       used       free     shared    buffers     cached
Mem:          2.0G       1.9G        77M       2.3M       864K        39M
-/+ buffers/cache:       1.8G       118M
Swap:         8.0G       366M       7.6G

             total       used       free     shared    buffers     cached
Mem:          2.0G       1.9G        77M       2.3M       864K        39M
-/+ buffers/cache:       1.8G       117M
Swap:         8.0G       365M       7.6G

             total       used       free     shared    buffers     cached
Mem:          2.0G       1.9G        76M       2.3M       864K        39M
-/+ buffers/cache:       1.8G       117M
Swap:         8.0G       365M       7.6G

             total       used       free     shared    buffers     cached
Mem:          2.0G       1.9G        76M       2.3M       864K        39M
-/+ buffers/cache:       1.8G       116M
Swap:         8.0G       365M       7.6G

             total       used       free     shared    buffers     cached
Mem:          2.0G       1.9G        76M       2.3M       864K        39M
-/+ buffers/cache:       1.8G       116M
Swap:         8.0G       365M       7.6G

             total       used       free     shared    buffers     cached
Mem:          2.0G       1.9G        75M       2.3M       872K        39M
-/+ buffers/cache:       1.8G       115M
Swap:         8.0G       364M       7.6G

             total       used       free     shared    buffers     cached
Mem:          2.0G       1.9G        79M       4.2M       2.8M        56M
-/+ buffers/cache:       1.8G       138M
Swap:         8.0G       387M       7.6G

             total       used       free     shared    buffers     cached
Mem:          2.0G       1.9G        74M       6.1M       5.1M        69M
-/+ buffers/cache:       1.8G       148M
Swap:         8.0G       406M       7.6G

             total       used       free     shared    buffers     cached
Mem:          2.0G       1.9G        68M       2.4M       5.3M        73M
-/+ buffers/cache:       1.8G       148M
Swap:         8.0G       411M       7.6G

             total       used       free     shared    buffers     cached
Mem:          2.0G       1.9G        67M       2.4M       5.3M        73M
-/+ buffers/cache:       1.8G       147M
Swap:         8.0G       410M       7.6G

             total       used       free     shared    buffers     cached
Mem:          2.0G       1.9G        67M       2.4M       5.4M        73M
-/+ buffers/cache:       1.8G       146M
Swap:         8.0G       410M       7.6G

             total       used       free     shared    buffers     cached
Mem:          2.0G       1.9G        66M       2.4M       5.4M        73M
-/+ buffers/cache:       1.8G       145M
Swap:         8.0G       409M       7.6G

             total       used       free     shared    buffers     cached
Mem:          2.0G       1.9G        65M       2.4M       5.4M        73M
-/+ buffers/cache:       1.8G       145M
Swap:         8.0G       409M       7.6G

             total       used       free     shared    buffers     cached
Mem:          2.0G       1.9G        82M       2.4M       4.9M        66M
-/+ buffers/cache:       1.8G       154M
Swap:         8.0G       431M       7.6G

             total       used       free     shared    buffers     cached
Mem:          2.0G       1.9G        83M       2.4M       4.9M        66M
-/+ buffers/cache:       1.8G       154M
Swap:         8.0G       430M       7.6G

             total       used       free     shared    buffers     cached
Mem:          2.0G       1.9G        82M       2.4M       4.9M        66M
-/+ buffers/cache:       1.8G       153M
Swap:         8.0G       430M       7.6G

             total       used       free     shared    buffers     cached
Mem:          2.0G       1.9G        81M       2.4M       4.9M        66M
-/+ buffers/cache:       1.8G       152M
Swap:         8.0G       430M       7.6G

             total       used       free     shared    buffers     cached
Mem:          2.0G       1.9G        80M       2.4M       4.9M        66M
-/+ buffers/cache:       1.8G       151M
Swap:         8.0G       429M       7.6G

             total       used       free     shared    buffers     cached
Mem:          2.0G       1.9G        79M       2.4M       4.9M        66M
-/+ buffers/cache:       1.8G       150M
Swap:         8.0G       429M       7.6G

             total       used       free     shared    buffers     cached
Mem:          2.0G       1.9G        78M       2.4M       4.9M        66M
-/+ buffers/cache:       1.8G       150M
Swap:         8.0G       428M       7.6G

             total       used       free     shared    buffers     cached
Mem:          2.0G       1.9G        77M       2.4M       4.9M        66M
-/+ buffers/cache:       1.8G       149M
Swap:         8.0G       428M       7.6G

             total       used       free     shared    buffers     cached
Mem:          2.0G       1.9G        76M       2.4M       4.9M        66M
-/+ buffers/cache:       1.8G       148M
Swap:         8.0G       427M       7.6G

             total       used       free     shared    buffers     cached
Mem:          2.0G       1.9G        75M       2.4M       4.9M        66M
-/+ buffers/cache:       1.8G       147M
Swap:         8.0G       426M       7.6G

             total       used       free     shared    buffers     cached
Mem:          2.0G       1.9G        75M       2.4M       4.9M        66M
-/+ buffers/cache:       1.8G       146M
Swap:         8.0G       426M       7.6G

             total       used       free     shared    buffers     cached
Mem:          2.0G       1.9G        74M       2.4M       4.9M        66M
-/+ buffers/cache:       1.8G       145M
Swap:         8.0G       425M       7.6G

             total       used       free     shared    buffers     cached
Mem:          2.0G       1.9G        73M       2.4M       4.9M        66M
-/+ buffers/cache:       1.8G       144M
Swap:         8.0G       425M       7.6G

             total       used       free     shared    buffers     cached
Mem:          2.0G       1.9G        72M       2.4M       4.9M        66M
-/+ buffers/cache:       1.8G       143M
Swap:         8.0G       424M       7.6G

             total       used       free     shared    buffers     cached
Mem:          2.0G       1.9G        71M       2.4M       4.9M        66M
-/+ buffers/cache:       1.8G       142M
Swap:         8.0G       424M       7.6G

             total       used       free     shared    buffers     cached
Mem:          2.0G       1.9G        70M       2.4M       4.9M        66M
-/+ buffers/cache:       1.8G       141M
Swap:         8.0G       423M       7.6G

             total       used       free     shared    buffers     cached
Mem:          2.0G       1.9G        69M       2.4M       4.9M        66M
-/+ buffers/cache:       1.8G       140M
Swap:         8.0G       423M       7.6G

             total       used       free     shared    buffers     cached
Mem:          2.0G       1.9G        68M       2.4M       4.9M        66M
-/+ buffers/cache:       1.8G       139M
Swap:         8.0G       422M       7.6G

             total       used       free     shared    buffers     cached
Mem:          2.0G       1.9G        67M       2.4M       4.9M        66M
-/+ buffers/cache:       1.8G       138M
Swap:         8.0G       422M       7.6G

             total       used       free     shared    buffers     cached
Mem:          2.0G       1.9G        66M       2.4M       4.9M        66M
-/+ buffers/cache:       1.8G       137M
Swap:         8.0G       421M       7.6G

             total       used       free     shared    buffers     cached
Mem:          2.0G       1.9G        65M       2.4M       4.9M        66M
-/+ buffers/cache:       1.8G       137M
Swap:         8.0G       421M       7.6G

             total       used       free     shared    buffers     cached
Mem:          2.0G       1.9G        77M       2.4M       4.9M        65M
-/+ buffers/cache:       1.8G       147M
Swap:         8.0G       428M       7.6G

             total       used       free     shared    buffers     cached
Mem:          2.0G       1.9G        77M       2.4M       4.9M        65M
-/+ buffers/cache:       1.8G       147M
Swap:         8.0G       428M       7.6G

             total       used       free     shared    buffers     cached
Mem:          2.0G       1.9G        76M       2.4M       4.9M        65M
-/+ buffers/cache:       1.8G       146M
Swap:         8.0G       427M       7.6G

             total       used       free     shared    buffers     cached
Mem:          2.0G       1.9G        75M       2.4M       4.9M        65M
-/+ buffers/cache:       1.8G       145M
Swap:         8.0G       427M       7.6G

             total       used       free     shared    buffers     cached
Mem:          2.0G       1.9G        74M       2.4M       4.9M        65M
-/+ buffers/cache:       1.8G       144M
Swap:         8.0G       426M       7.6G

             total       used       free     shared    buffers     cached
Mem:          2.0G       1.9G        73M       2.4M       4.9M        65M
-/+ buffers/cache:       1.8G       143M
Swap:         8.0G       426M       7.6G

             total       used       free     shared    buffers     cached
Mem:          2.0G       1.9G        72M       2.4M       4.9M        65M
-/+ buffers/cache:       1.8G       142M
Swap:         8.0G       425M       7.6G

             total       used       free     shared    buffers     cached
Mem:          2.0G       1.9G        71M       2.4M       5.0M        65M
-/+ buffers/cache:       1.8G       141M
Swap:         8.0G       425M       7.6G

             total       used       free     shared    buffers     cached
Mem:          2.0G       1.9G        70M       2.4M       5.0M        65M
-/+ buffers/cache:       1.8G       140M
Swap:         8.0G       424M       7.6G

             total       used       free     shared    buffers     cached
Mem:          2.0G       1.9G        69M       2.4M       5.0M        65M
-/+ buffers/cache:       1.8G       139M
Swap:         8.0G       423M       7.6G

             total       used       free     shared    buffers     cached
Mem:          2.0G       1.9G        68M       2.4M       5.0M        65M
-/+ buffers/cache:       1.8G       138M
Swap:         8.0G       423M       7.6G

             total       used       free     shared    buffers     cached
Mem:          2.0G       1.9G        67M       2.4M       5.0M        65M
-/+ buffers/cache:       1.8G       137M
Swap:         8.0G       422M       7.6G

             total       used       free     shared    buffers     cached
Mem:          2.0G       1.9G        66M       2.4M       5.0M        65M
-/+ buffers/cache:       1.8G       136M
Swap:         8.0G       422M       7.6G

             total       used       free     shared    buffers     cached
Mem:          2.0G       1.9G        65M       2.4M       5.0M        65M
-/+ buffers/cache:       1.8G       135M
Swap:         8.0G       421M       7.6G

             total       used       free     shared    buffers     cached
Mem:          2.0G       1.9G        84M       2.4M       4.3M        62M
-/+ buffers/cache:       1.8G       151M
Swap:         8.0G       450M       7.6G

             total       used       free     shared    buffers     cached
Mem:          2.0G       1.9G        83M       2.4M       4.3M        62M
-/+ buffers/cache:       1.8G       150M
Swap:         8.0G       449M       7.6G

             total       used       free     shared    buffers     cached
Mem:          2.0G       1.9G        82M       2.4M       4.3M        62M
-/+ buffers/cache:       1.8G       149M
Swap:         8.0G       449M       7.6G

             total       used       free     shared    buffers     cached
Mem:          2.0G       1.9G        81M       2.4M       4.3M        62M
-/+ buffers/cache:       1.8G       148M
Swap:         8.0G       448M       7.6G

             total       used       free     shared    buffers     cached
Mem:          2.0G       1.9G        80M       2.4M       4.3M        62M
-/+ buffers/cache:       1.8G       147M
Swap:         8.0G       448M       7.6G

             total       used       free     shared    buffers     cached
Mem:          2.0G       1.9G        79M       2.4M       4.3M        62M
-/+ buffers/cache:       1.8G       146M
Swap:         8.0G       447M       7.6G

             total       used       free     shared    buffers     cached
Mem:          2.0G       1.9G        78M       2.4M       4.3M        63M
-/+ buffers/cache:       1.8G       145M
Swap:         8.0G       446M       7.6G

             total       used       free     shared    buffers     cached
Mem:          2.0G       1.9G        77M       2.4M       4.3M        63M
-/+ buffers/cache:       1.8G       144M
Swap:         8.0G       446M       7.6G

             total       used       free     shared    buffers     cached
Mem:          2.0G       1.9G        76M       2.4M       4.3M        63M
-/+ buffers/cache:       1.8G       143M
Swap:         8.0G       445M       7.6G

             total       used       free     shared    buffers     cached
Mem:          2.0G       1.9G        75M       2.4M       4.3M        63M
-/+ buffers/cache:       1.8G       142M
Swap:         8.0G       445M       7.6G

             total       used       free     shared    buffers     cached
Mem:          2.0G       1.9G        74M       2.4M       4.3M        63M
-/+ buffers/cache:       1.8G       141M
Swap:         8.0G       444M       7.6G

             total       used       free     shared    buffers     cached
Mem:          2.0G       1.9G        73M       2.4M       4.3M        63M
-/+ buffers/cache:       1.8G       140M
Swap:         8.0G       444M       7.6G

             total       used       free     shared    buffers     cached
Mem:          2.0G       1.9G        72M       2.4M       4.3M        63M
-/+ buffers/cache:       1.8G       139M
Swap:         8.0G       443M       7.6G

             total       used       free     shared    buffers     cached
Mem:          2.0G       1.9G        71M       2.4M       4.3M        63M
-/+ buffers/cache:       1.8G       139M
Swap:         8.0G       443M       7.6G

             total       used       free     shared    buffers     cached
Mem:          2.0G       1.9G        70M       2.4M       4.3M        63M
-/+ buffers/cache:       1.8G       138M
Swap:         8.0G       442M       7.6G

             total       used       free     shared    buffers     cached
Mem:          2.0G       1.9G        69M       2.4M       4.3M        63M
-/+ buffers/cache:       1.8G       137M
Swap:         8.0G       441M       7.6G

             total       used       free     shared    buffers     cached
Mem:          2.0G       1.9G        68M       2.4M       4.3M        63M
-/+ buffers/cache:       1.8G       136M
Swap:         8.0G       441M       7.6G

             total       used       free     shared    buffers     cached
Mem:          2.0G       1.9G        67M       2.4M       4.3M        63M
-/+ buffers/cache:       1.8G       134M
Swap:         8.0G       440M       7.6G

             total       used       free     shared    buffers     cached
Mem:          2.0G       1.9G        66M       2.4M       4.3M        63M
-/+ buffers/cache:       1.8G       134M
Swap:         8.0G       440M       7.6G

             total       used       free     shared    buffers     cached
Mem:          2.0G       1.9G        65M       2.4M       4.3M        63M
-/+ buffers/cache:       1.8G       133M
Swap:         8.0G       439M       7.6G

             total       used       free     shared    buffers     cached
Mem:          2.0G       1.9G        64M       2.4M       4.3M        63M
-/+ buffers/cache:       1.8G       132M
Swap:         8.0G       439M       7.6G

             total       used       free     shared    buffers     cached
Mem:          2.0G       1.9G        81M       2.4M       4.3M        62M
-/+ buffers/cache:       1.8G       148M
Swap:         8.0G       438M       7.6G

             total       used       free     shared    buffers     cached
Mem:          2.0G       1.9G        80M       2.4M       4.3M        62M
-/+ buffers/cache:       1.8G       147M
Swap:         8.0G       438M       7.6G

             total       used       free     shared    buffers     cached
Mem:          2.0G       1.9G        78M       2.4M       4.3M        62M
-/+ buffers/cache:       1.8G       146M
Swap:         8.0G       437M       7.6G

             total       used       free     shared    buffers     cached
Mem:          2.0G       1.9G        78M       2.4M       4.3M        62M
-/+ buffers/cache:       1.8G       145M
Swap:         8.0G       437M       7.6G

             total       used       free     shared    buffers     cached
Mem:          2.0G       1.9G        77M       2.4M       4.3M        62M
-/+ buffers/cache:       1.8G       144M
Swap:         8.0G       436M       7.6G

             total       used       free     shared    buffers     cached
Mem:          2.0G       1.9G        75M       2.4M       4.3M        62M
-/+ buffers/cache:       1.8G       143M
Swap:         8.0G       435M       7.6G

             total       used       free     shared    buffers     cached
Mem:          2.0G       1.9G        74M       2.4M       4.3M        62M
-/+ buffers/cache:       1.8G       142M
Swap:         8.0G       435M       7.6G

             total       used       free     shared    buffers     cached
Mem:          2.0G       1.9G        74M       2.4M       4.3M        62M
-/+ buffers/cache:       1.8G       141M
Swap:         8.0G       434M       7.6G

             total       used       free     shared    buffers     cached
Mem:          2.0G       1.9G        72M       2.4M       4.3M        62M
-/+ buffers/cache:       1.8G       140M
Swap:         8.0G       434M       7.6G

             total       used       free     shared    buffers     cached
Mem:          2.0G       1.9G        72M       2.4M       4.3M        62M
-/+ buffers/cache:       1.8G       139M
Swap:         8.0G       433M       7.6G

             total       used       free     shared    buffers     cached
Mem:          2.0G       1.9G        70M       2.4M       4.3M        62M
-/+ buffers/cache:       1.8G       138M
Swap:         8.0G       432M       7.6G

             total       used       free     shared    buffers     cached
Mem:          2.0G       1.9G        66M       2.4M       5.1M        66M
-/+ buffers/cache:       1.8G       137M
Swap:         8.0G       435M       7.6G

             total       used       free     shared    buffers     cached
Mem:          2.0G       1.9G        82M       2.4M       4.1M        62M
-/+ buffers/cache:       1.8G       149M
Swap:         8.0G       459M       7.5G

             total       used       free     shared    buffers     cached
Mem:          2.0G       1.9G        81M       2.4M       4.1M        62M
-/+ buffers/cache:       1.8G       148M
Swap:         8.0G       458M       7.5G

             total       used       free     shared    buffers     cached
Mem:          2.0G       1.9G        80M       2.4M       4.1M        62M
-/+ buffers/cache:       1.8G       147M
Swap:         8.0G       458M       7.5G

             total       used       free     shared    buffers     cached
Mem:          2.0G       1.9G        79M       2.4M       4.1M        62M
-/+ buffers/cache:       1.8G       146M
Swap:         8.0G       457M       7.6G

             total       used       free     shared    buffers     cached
Mem:          2.0G       1.9G        78M       2.4M       4.1M        62M
-/+ buffers/cache:       1.8G       145M
Swap:         8.0G       457M       7.6G

             total       used       free     shared    buffers     cached
Mem:          2.0G       1.9G        77M       2.5M       8.2M        70M
-/+ buffers/cache:       1.8G       156M
Swap:         8.0G       460M       7.5G
