             total       used       free     shared    buffers     cached
Mem:          992M       656M       335M       3.2M        38M       289M
-/+ buffers/cache:       329M       663M
Swap:         8.0G         0B       8.0G

             total       used       free     shared    buffers     cached
Mem:          992M       655M       336M       1.4M        38M       287M
-/+ buffers/cache:       329M       662M
Swap:         8.0G         0B       8.0G

             total       used       free     shared    buffers     cached
Mem:          992M       655M       336M       1.4M        38M       287M
-/+ buffers/cache:       329M       662M
Swap:         8.0G         0B       8.0G

             total       used       free     shared    buffers     cached
Mem:          992M       655M       336M       1.4M        38M       287M
-/+ buffers/cache:       329M       663M
Swap:         8.0G         0B       8.0G

             total       used       free     shared    buffers     cached
Mem:          992M       655M       336M       1.4M        38M       287M
-/+ buffers/cache:       329M       663M
Swap:         8.0G         0B       8.0G

             total       used       free     shared    buffers     cached
Mem:          992M       655M       336M       1.4M        38M       287M
-/+ buffers/cache:       329M       663M
Swap:         8.0G         0B       8.0G

             total       used       free     shared    buffers     cached
Mem:          992M       655M       336M       1.4M        38M       287M
-/+ buffers/cache:       328M       663M
Swap:         8.0G         0B       8.0G

             total       used       free     shared    buffers     cached
Mem:          992M       655M       337M       1.4M        38M       288M
-/+ buffers/cache:       328M       663M
Swap:         8.0G         0B       8.0G

             total       used       free     shared    buffers     cached
Mem:          992M       658M       333M       1.4M        38M       288M
-/+ buffers/cache:       331M       660M
Swap:         8.0G         0B       8.0G

             total       used       free     shared    buffers     cached
Mem:          992M       670M       321M       1.4M        38M       288M
-/+ buffers/cache:       343M       648M
Swap:         8.0G         0B       8.0G

             total       used       free     shared    buffers     cached
Mem:          992M       698M       294M       1.4M        38M       288M
-/+ buffers/cache:       371M       620M
Swap:         8.0G         0B       8.0G

             total       used       free     shared    buffers     cached
Mem:          992M       663M       328M       1.4M        38M       289M
-/+ buffers/cache:       335M       656M
Swap:         8.0G         0B       8.0G

             total       used       free     shared    buffers     cached
Mem:          992M       671M       320M       1.4M        38M       289M
-/+ buffers/cache:       343M       648M
Swap:         8.0G         0B       8.0G

             total       used       free     shared    buffers     cached
Mem:          992M       664M       327M       1.4M        38M       289M
-/+ buffers/cache:       336M       655M
Swap:         8.0G         0B       8.0G

             total       used       free     shared    buffers     cached
Mem:          992M       664M       327M       1.4M        38M       289M
-/+ buffers/cache:       336M       655M
Swap:         8.0G         0B       8.0G

             total       used       free     shared    buffers     cached
Mem:          992M       664M       327M       1.4M        38M       289M
-/+ buffers/cache:       336M       655M
Swap:         8.0G         0B       8.0G

             total       used       free     shared    buffers     cached
Mem:          992M       664M       327M       1.4M        38M       289M
-/+ buffers/cache:       336M       655M
Swap:         8.0G         0B       8.0G

             total       used       free     shared    buffers     cached
Mem:          992M       664M       327M       1.4M        38M       289M
-/+ buffers/cache:       336M       655M
Swap:         8.0G         0B       8.0G

             total       used       free     shared    buffers     cached
Mem:          992M       664M       327M       1.4M        38M       289M
-/+ buffers/cache:       336M       655M
Swap:         8.0G         0B       8.0G

             total       used       free     shared    buffers     cached
Mem:          992M       664M       327M       1.4M        38M       289M
-/+ buffers/cache:       336M       655M
Swap:         8.0G         0B       8.0G

             total       used       free     shared    buffers     cached
Mem:          992M       664M       327M       1.4M        38M       289M
-/+ buffers/cache:       336M       655M
Swap:         8.0G         0B       8.0G

             total       used       free     shared    buffers     cached
Mem:          992M       664M       327M       1.4M        38M       289M
-/+ buffers/cache:       336M       655M
Swap:         8.0G         0B       8.0G

             total       used       free     shared    buffers     cached
Mem:          992M       664M       327M       1.4M        38M       289M
-/+ buffers/cache:       336M       655M
Swap:         8.0G         0B       8.0G

             total       used       free     shared    buffers     cached
Mem:          992M       664M       327M       1.4M        38M       289M
-/+ buffers/cache:       336M       655M
Swap:         8.0G         0B       8.0G

             total       used       free     shared    buffers     cached
Mem:          992M       664M       327M       1.4M        38M       289M
-/+ buffers/cache:       336M       655M
Swap:         8.0G         0B       8.0G

             total       used       free     shared    buffers     cached
Mem:          992M       664M       327M       1.4M        38M       289M
-/+ buffers/cache:       336M       655M
Swap:         8.0G         0B       8.0G

             total       used       free     shared    buffers     cached
Mem:          992M       664M       327M       1.4M        38M       289M
-/+ buffers/cache:       336M       655M
Swap:         8.0G         0B       8.0G

             total       used       free     shared    buffers     cached
Mem:          992M       664M       327M       1.4M        38M       289M
-/+ buffers/cache:       336M       655M
Swap:         8.0G         0B       8.0G

             total       used       free     shared    buffers     cached
Mem:          992M       664M       327M       1.4M        38M       289M
-/+ buffers/cache:       336M       655M
Swap:         8.0G         0B       8.0G

             total       used       free     shared    buffers     cached
Mem:          992M       664M       327M       1.4M        38M       289M
-/+ buffers/cache:       336M       655M
Swap:         8.0G         0B       8.0G

             total       used       free     shared    buffers     cached
Mem:          992M       664M       327M       1.4M        38M       289M
-/+ buffers/cache:       336M       655M
Swap:         8.0G         0B       8.0G

             total       used       free     shared    buffers     cached
Mem:          992M       664M       327M       1.4M        38M       289M
-/+ buffers/cache:       336M       655M
Swap:         8.0G         0B       8.0G

             total       used       free     shared    buffers     cached
Mem:          992M       664M       327M       1.4M        38M       289M
-/+ buffers/cache:       336M       655M
Swap:         8.0G         0B       8.0G

             total       used       free     shared    buffers     cached
Mem:          992M       672M       320M       1.4M        38M       289M
-/+ buffers/cache:       343M       648M
Swap:         8.0G         0B       8.0G

             total       used       free     shared    buffers     cached
Mem:          992M       689M       302M       1.4M        38M       289M
-/+ buffers/cache:       361M       631M
Swap:         8.0G         0B       8.0G

             total       used       free     shared    buffers     cached
Mem:          992M       707M       284M       1.4M        38M       289M
-/+ buffers/cache:       378M       613M
Swap:         8.0G         0B       8.0G

             total       used       free     shared    buffers     cached
Mem:          992M       725M       266M       1.4M        38M       289M
-/+ buffers/cache:       396M       595M
Swap:         8.0G         0B       8.0G

             total       used       free     shared    buffers     cached
Mem:          992M       744M       248M       1.4M        38M       289M
-/+ buffers/cache:       415M       576M
Swap:         8.0G         0B       8.0G

             total       used       free     shared    buffers     cached
Mem:          992M       761M       230M       1.4M        38M       289M
-/+ buffers/cache:       432M       559M
Swap:         8.0G         0B       8.0G

             total       used       free     shared    buffers     cached
Mem:          992M       778M       213M       1.4M        38M       289M
-/+ buffers/cache:       449M       542M
Swap:         8.0G         0B       8.0G

             total       used       free     shared    buffers     cached
Mem:          992M       795M       196M       1.4M        38M       289M
-/+ buffers/cache:       467M       524M
Swap:         8.0G         0B       8.0G

             total       used       free     shared    buffers     cached
Mem:          992M       814M       177M       1.4M        38M       289M
-/+ buffers/cache:       486M       505M
Swap:         8.0G         0B       8.0G

             total       used       free     shared    buffers     cached
Mem:          992M       830M       161M       1.4M        38M       289M
-/+ buffers/cache:       502M       489M
Swap:         8.0G         0B       8.0G

             total       used       free     shared    buffers     cached
Mem:          992M       849M       142M       1.4M        38M       289M
-/+ buffers/cache:       521M       470M
Swap:         8.0G         0B       8.0G

             total       used       free     shared    buffers     cached
Mem:          992M       865M       127M       1.4M        38M       289M
-/+ buffers/cache:       536M       455M
Swap:         8.0G         0B       8.0G

             total       used       free     shared    buffers     cached
Mem:          992M       880M       111M       1.4M        38M       289M
-/+ buffers/cache:       552M       439M
Swap:         8.0G         0B       8.0G

             total       used       free     shared    buffers     cached
Mem:          992M       892M        99M       1.4M        38M       289M
-/+ buffers/cache:       564M       427M
Swap:         8.0G         0B       8.0G

             total       used       free     shared    buffers     cached
Mem:          992M       907M        85M       1.4M        38M       289M
-/+ buffers/cache:       578M       413M
Swap:         8.0G         0B       8.0G

             total       used       free     shared    buffers     cached
Mem:          992M       922M        70M       1.4M        38M       289M
-/+ buffers/cache:       593M       398M
Swap:         8.0G         0B       8.0G

             total       used       free     shared    buffers     cached
Mem:          992M       921M        70M       1.4M        24M       288M
-/+ buffers/cache:       609M       383M
Swap:         8.0G         0B       8.0G

             total       used       free     shared    buffers     cached
Mem:          992M       921M        70M       1.4M        10M       287M
-/+ buffers/cache:       624M       367M
Swap:         8.0G         0B       8.0G

             total       used       free     shared    buffers     cached
Mem:          992M       917M        74M       1.4M        10M       267M
-/+ buffers/cache:       639M       352M
Swap:         8.0G         0B       8.0G

             total       used       free     shared    buffers     cached
Mem:          992M       913M        78M       1.3M       9.7M       248M
-/+ buffers/cache:       656M       336M
Swap:         8.0G       200K       8.0G

             total       used       free     shared    buffers     cached
Mem:          992M       929M        62M       1.3M       9.7M       248M
-/+ buffers/cache:       671M       320M
Swap:         8.0G       200K       8.0G

             total       used       free     shared    buffers     cached
Mem:          992M       928M        63M       1.2M       9.7M       233M
-/+ buffers/cache:       685M       306M
Swap:         8.0G       3.7M       8.0G

             total       used       free     shared    buffers     cached
Mem:          992M       916M        75M       1.1M       9.7M       209M
-/+ buffers/cache:       697M       294M
Swap:         8.0G       7.7M       8.0G

             total       used       free     shared    buffers     cached
Mem:          992M       932M        59M       1.1M       9.7M       209M
-/+ buffers/cache:       713M       278M
Swap:         8.0G       7.7M       8.0G

             total       used       free     shared    buffers     cached
Mem:          992M       923M        68M       1.1M       1.8M       192M
-/+ buffers/cache:       729M       262M
Swap:         8.0G       7.7M       8.0G

             total       used       free     shared    buffers     cached
Mem:          992M       921M        71M       1.1M       236K       175M
-/+ buffers/cache:       745M       246M
Swap:         8.0G       7.7M       8.0G

             total       used       free     shared    buffers     cached
Mem:          992M       914M        78M       1.1M       212K       154M
-/+ buffers/cache:       759M       232M
Swap:         8.0G       7.7M       8.0G

             total       used       free     shared    buffers     cached
Mem:          992M       929M        63M       1.1M       220K       154M
-/+ buffers/cache:       774M       217M
Swap:         8.0G       7.7M       8.0G

             total       used       free     shared    buffers     cached
Mem:          992M       917M        74M       1.1M       436K       136M
-/+ buffers/cache:       781M       210M
Swap:         8.0G       7.7M       8.0G

             total       used       free     shared    buffers     cached
Mem:          992M       932M        59M       1.1M       436K       136M
-/+ buffers/cache:       796M       195M
Swap:         8.0G       7.7M       8.0G

             total       used       free     shared    buffers     cached
Mem:          992M       930M        61M       1.1M       276K       120M
-/+ buffers/cache:       810M       181M
Swap:         8.0G       7.7M       8.0G

             total       used       free     shared    buffers     cached
Mem:          992M       932M        59M       1.1M       276K       105M
-/+ buffers/cache:       826M       166M
Swap:         8.0G       7.7M       8.0G

             total       used       free     shared    buffers     cached
Mem:          992M       933M        58M       1.1M       276K        93M
-/+ buffers/cache:       839M       152M
Swap:         8.0G       7.7M       8.0G

             total       used       free     shared    buffers     cached
Mem:          992M       925M        66M       1.1M       276K        72M
-/+ buffers/cache:       852M       139M
Swap:         8.0G       7.7M       8.0G

             total       used       free     shared    buffers     cached
Mem:          992M       921M        70M       1.1M       284K        53M
-/+ buffers/cache:       867M       124M
Swap:         8.0G       7.7M       8.0G

             total       used       free     shared    buffers     cached
Mem:          992M       921M        70M       1.1M       3.1M        36M
-/+ buffers/cache:       881M       110M
Swap:         8.0G       7.7M       8.0G

             total       used       free     shared    buffers     cached
Mem:          992M       928M        63M       1.1M       3.2M        27M
-/+ buffers/cache:       898M        94M
Swap:         8.0G       7.7M       8.0G

             total       used       free     shared    buffers     cached
Mem:          992M       925M        66M       1.1M       1.4M        12M
-/+ buffers/cache:       912M        80M
Swap:         8.0G       7.8M       8.0G

             total       used       free     shared    buffers     cached
Mem:          992M       919M        72M       1.0M       360K       2.8M
-/+ buffers/cache:       916M        75M
Swap:         8.0G        24M       8.0G

             total       used       free     shared    buffers     cached
Mem:          992M       921M        70M       736K       360K       2.6M
-/+ buffers/cache:       918M        73M
Swap:         8.0G        40M       8.0G

             total       used       free     shared    buffers     cached
Mem:          992M       923M        68M       704K       360K       3.0M
-/+ buffers/cache:       920M        72M
Swap:         8.0G        50M       7.9G

             total       used       free     shared    buffers     cached
Mem:          992M       925M        66M       700K       348K       3.1M
-/+ buffers/cache:       922M        69M
Swap:         8.0G        64M       7.9G

             total       used       free     shared    buffers     cached
Mem:          992M       923M        68M       672K       356K       3.2M
-/+ buffers/cache:       920M        72M
Swap:         8.0G        82M       7.9G

             total       used       free     shared    buffers     cached
Mem:          992M       922M        69M       668K       356K       3.1M
-/+ buffers/cache:       919M        72M
Swap:         8.0G       103M       7.9G

             total       used       free     shared    buffers     cached
Mem:          992M       920M        71M       668K       356K       3.0M
-/+ buffers/cache:       916M        75M
Swap:         8.0G       104M       7.9G

             total       used       free     shared    buffers     cached
Mem:          992M       914M        77M       668K       348K       2.8M
-/+ buffers/cache:       911M        80M
Swap:         8.0G       152M       7.8G

             total       used       free     shared    buffers     cached
Mem:          992M       911M        81M       656K       348K       3.0M
-/+ buffers/cache:       907M        84M
Swap:         8.0G       152M       7.8G

             total       used       free     shared    buffers     cached
Mem:          992M       925M        66M       656K       356K       3.0M
-/+ buffers/cache:       921M        70M
Swap:         8.0G       152M       7.8G

             total       used       free     shared    buffers     cached
Mem:          992M       921M        70M       576K       356K       2.9M
-/+ buffers/cache:       918M        73M
Swap:         8.0G       172M       7.8G

             total       used       free     shared    buffers     cached
Mem:          992M       924M        67M       576K       356K       2.9M
-/+ buffers/cache:       921M        70M
Swap:         8.0G       179M       7.8G

             total       used       free     shared    buffers     cached
Mem:          992M       926M        66M       568K       356K       2.8M
-/+ buffers/cache:       922M        69M
Swap:         8.0G       204M       7.8G

             total       used       free     shared    buffers     cached
Mem:          992M       926M        65M       568K       348K       3.2M
-/+ buffers/cache:       923M        69M
Swap:         8.0G       204M       7.8G

             total       used       free     shared    buffers     cached
Mem:          992M       926M        65M       564K       348K       3.2M
-/+ buffers/cache:       923M        68M
Swap:         8.0G       223M       7.8G

             total       used       free     shared    buffers     cached
Mem:          992M       909M        82M       548K       168K       3.1M
-/+ buffers/cache:       906M        86M
Swap:         8.0G       245M       7.8G

             total       used       free     shared    buffers     cached
Mem:          992M       923M        68M       540K       168K       3.1M
-/+ buffers/cache:       920M        71M
Swap:         8.0G       245M       7.8G

             total       used       free     shared    buffers     cached
Mem:          992M       919M        72M       540K        84K       3.1M
-/+ buffers/cache:       916M        76M
Swap:         8.0G       265M       7.7G

             total       used       free     shared    buffers     cached
Mem:          992M       920M        72M       540K        84K       2.9M
-/+ buffers/cache:       917M        75M
Swap:         8.0G       270M       7.7G

             total       used       free     shared    buffers     cached
Mem:          992M       916M        75M       540K        84K       2.8M
-/+ buffers/cache:       914M        78M
Swap:         8.0G       280M       7.7G

             total       used       free     shared    buffers     cached
Mem:          992M       921M        70M       540K        92K       2.8M
-/+ buffers/cache:       918M        73M
Swap:         8.0G       280M       7.7G

             total       used       free     shared    buffers     cached
Mem:          992M       907M        84M       540K        92K       2.4M
-/+ buffers/cache:       905M        86M
Swap:         8.0G       303M       7.7G

             total       used       free     shared    buffers     cached
Mem:          992M       912M        79M       540K        92K       2.4M
-/+ buffers/cache:       910M        81M
Swap:         8.0G       303M       7.7G

             total       used       free     shared    buffers     cached
Mem:          992M       916M        75M       540K        92K       2.5M
-/+ buffers/cache:       914M        78M
Swap:         8.0G       303M       7.7G

             total       used       free     shared    buffers     cached
Mem:          992M       921M        70M       540K        92K       2.5M
-/+ buffers/cache:       919M        72M
Swap:         8.0G       303M       7.7G

             total       used       free     shared    buffers     cached
Mem:          992M       926M        65M       540K       100K       2.4M
-/+ buffers/cache:       924M        67M
Swap:         8.0G       303M       7.7G

             total       used       free     shared    buffers     cached
Mem:          992M       914M        77M       540K       100K       2.3M
-/+ buffers/cache:       912M        79M
Swap:         8.0G       324M       7.7G

             total       used       free     shared    buffers     cached
Mem:          992M       920M        72M       540K       100K       2.3M
-/+ buffers/cache:       917M        74M
Swap:         8.0G       324M       7.7G

             total       used       free     shared    buffers     cached
Mem:          992M       924M        68M       540K       100K       2.3M
-/+ buffers/cache:       921M        70M
Swap:         8.0G       324M       7.7G

             total       used       free     shared    buffers     cached
Mem:          992M       925M        66M       280K        96K       2.0M
-/+ buffers/cache:       923M        68M
Swap:         8.0G       320M       7.7G

             total       used       free     shared    buffers     cached
Mem:          992M       916M        75M         4K        88K       1.6M
-/+ buffers/cache:       914M        77M
Swap:         8.0G       324M       7.7G

             total       used       free     shared    buffers     cached
Mem:          992M       921M        70M         4K        88K       1.6M
-/+ buffers/cache:       920M        72M
Swap:         8.0G       322M       7.7G

             total       used       free     shared    buffers     cached
Mem:          992M       915M        76M         4K        88K       1.5M
-/+ buffers/cache:       913M        78M
Swap:         8.0G       326M       7.7G

             total       used       free     shared    buffers     cached
Mem:          992M       921M        70M         0B        76K       1.4M
-/+ buffers/cache:       920M        71M
Swap:         8.0G       324M       7.7G

             total       used       free     shared    buffers     cached
Mem:          992M       917M        74M         0B        76K       1.4M
-/+ buffers/cache:       915M        76M
Swap:         8.0G       324M       7.7G

             total       used       free     shared    buffers     cached
Mem:          992M       919M        72M         0B        76K       1.4M
-/+ buffers/cache:       917M        74M
Swap:         8.0G       329M       7.7G

             total       used       free     shared    buffers     cached
Mem:          992M       916M        76M         0B        84K       1.4M
-/+ buffers/cache:       914M        77M
Swap:         8.0G       327M       7.7G

             total       used       free     shared    buffers     cached
Mem:          992M       918M        74M         0B        84K       1.4M
-/+ buffers/cache:       916M        75M
Swap:         8.0G       325M       7.7G

             total       used       free     shared    buffers     cached
Mem:          992M       921M        70M         0B        84K       1.4M
-/+ buffers/cache:       919M        72M
Swap:         8.0G       331M       7.7G

             total       used       free     shared    buffers     cached
Mem:          992M       919M        72M         0B        84K       1.4M
-/+ buffers/cache:       917M        74M
Swap:         8.0G       335M       7.7G

             total       used       free     shared    buffers     cached
Mem:          992M       917M        74M         0B        76K        20M
-/+ buffers/cache:       897M        95M
Swap:         8.0G       369M       7.6G

             total       used       free     shared    buffers     cached
Mem:          992M       917M        74M         0B        92K        20M
-/+ buffers/cache:       897M        95M
Swap:         8.0G       366M       7.6G

             total       used       free     shared    buffers     cached
Mem:          992M       925M        66M         0B       1.7M        23M
-/+ buffers/cache:       900M        92M
Swap:         8.0G       365M       7.6G

             total       used       free     shared    buffers     cached
Mem:          992M       916M        75M         4K       1.7M        21M
-/+ buffers/cache:       893M        99M
Swap:         8.0G       385M       7.6G

             total       used       free     shared    buffers     cached
Mem:          992M       921M        70M         4K       1.7M        21M
-/+ buffers/cache:       898M        93M
Swap:         8.0G       384M       7.6G

             total       used       free     shared    buffers     cached
Mem:          992M       926M        65M         4K       1.7M        21M
-/+ buffers/cache:       903M        88M
Swap:         8.0G       384M       7.6G

             total       used       free     shared    buffers     cached
Mem:          992M       921M        71M         4K       1.7M        21M
-/+ buffers/cache:       897M        94M
Swap:         8.0G       385M       7.6G

             total       used       free     shared    buffers     cached
Mem:          992M       925M        66M         4K       1.7M        21M
-/+ buffers/cache:       902M        89M
Swap:         8.0G       385M       7.6G

             total       used       free     shared    buffers     cached
Mem:          992M       918M        73M         4K       1.7M        18M
-/+ buffers/cache:       897M        94M
Swap:         8.0G       404M       7.6G

             total       used       free     shared    buffers     cached
Mem:          992M       923M        68M         4K       1.7M        18M
-/+ buffers/cache:       903M        88M
Swap:         8.0G       404M       7.6G

             total       used       free     shared    buffers     cached
Mem:          992M       912M        79M         4K       1.7M        15M
-/+ buffers/cache:       895M        96M
Swap:         8.0G       407M       7.6G

             total       used       free     shared    buffers     cached
Mem:          992M       918M        73M         4K       1.7M        15M
-/+ buffers/cache:       901M        90M
Swap:         8.0G       407M       7.6G

             total       used       free     shared    buffers     cached
Mem:          992M       923M        68M         4K       1.7M        15M
-/+ buffers/cache:       906M        85M
Swap:         8.0G       407M       7.6G

             total       used       free     shared    buffers     cached
Mem:          992M       925M        66M         4K       1.7M        15M
-/+ buffers/cache:       909M        82M
Swap:         8.0G       406M       7.6G

             total       used       free     shared    buffers     cached
Mem:          992M       915M        76M         4K        96K       5.5M
-/+ buffers/cache:       909M        82M
Swap:         8.0G       406M       7.6G

             total       used       free     shared    buffers     cached
Mem:          992M       917M        74M         4K       236K       5.6M
-/+ buffers/cache:       912M        80M
Swap:         8.0G       405M       7.6G

             total       used       free     shared    buffers     cached
Mem:          992M       920M        71M         4K       236K       5.6M
-/+ buffers/cache:       914M        77M
Swap:         8.0G       404M       7.6G

             total       used       free     shared    buffers     cached
Mem:          992M       924M        67M         4K       244K       6.2M
-/+ buffers/cache:       917M        74M
Swap:         8.0G       402M       7.6G

             total       used       free     shared    buffers     cached
Mem:          992M       926M        65M         4K       248K       6.2M
-/+ buffers/cache:       920M        71M
Swap:         8.0G       401M       7.6G

             total       used       free     shared    buffers     cached
Mem:          992M       914M        77M         4K       240K       2.8M
-/+ buffers/cache:       911M        80M
Swap:         8.0G       418M       7.6G

             total       used       free     shared    buffers     cached
Mem:          992M       917M        74M         4K       504K       2.8M
-/+ buffers/cache:       914M        77M
Swap:         8.0G       416M       7.6G

             total       used       free     shared    buffers     cached
Mem:          992M       919M        72M         4K       504K       2.8M
-/+ buffers/cache:       916M        75M
Swap:         8.0G       415M       7.6G

             total       used       free     shared    buffers     cached
Mem:          992M       922M        70M         4K       512K       2.8M
-/+ buffers/cache:       918M        73M
Swap:         8.0G       414M       7.6G

             total       used       free     shared    buffers     cached
Mem:          992M       924M        67M         4K       520K       2.8M
-/+ buffers/cache:       921M        70M
Swap:         8.0G       413M       7.6G

             total       used       free     shared    buffers     cached
Mem:          992M       926M        65M         4K       520K       2.8M
-/+ buffers/cache:       923M        68M
Swap:         8.0G       412M       7.6G

             total       used       free     shared    buffers     cached
Mem:          992M       914M        77M         4K       500K       2.7M
-/+ buffers/cache:       911M        80M
Swap:         8.0G       422M       7.6G

             total       used       free     shared    buffers     cached
Mem:          992M       917M        75M         4K       500K       2.7M
-/+ buffers/cache:       914M        78M
Swap:         8.0G       421M       7.6G

             total       used       free     shared    buffers     cached
Mem:          992M       919M        72M         4K       500K       2.6M
-/+ buffers/cache:       916M        75M
Swap:         8.0G       420M       7.6G

             total       used       free     shared    buffers     cached
Mem:          992M       921M        70M         4K       508K       2.7M
-/+ buffers/cache:       918M        73M
Swap:         8.0G       419M       7.6G

             total       used       free     shared    buffers     cached
Mem:          992M       923M        68M         4K       508K       2.8M
-/+ buffers/cache:       920M        71M
Swap:         8.0G       418M       7.6G

             total       used       free     shared    buffers     cached
Mem:          992M       926M        65M         4K       508K       2.8M
-/+ buffers/cache:       923M        68M
Swap:         8.0G       417M       7.6G

             total       used       free     shared    buffers     cached
Mem:          992M       917M        75M         4K       508K       2.6M
-/+ buffers/cache:       913M        78M
Swap:         8.0G       423M       7.6G

             total       used       free     shared    buffers     cached
Mem:          992M       919M        72M         4K       508K       2.6M
-/+ buffers/cache:       916M        76M
Swap:         8.0G       422M       7.6G

             total       used       free     shared    buffers     cached
Mem:          992M       921M        70M         4K       516K       2.6M
-/+ buffers/cache:       918M        73M
Swap:         8.0G       421M       7.6G

             total       used       free     shared    buffers     cached
Mem:          992M       924M        68M         4K       516K       2.6M
-/+ buffers/cache:       920M        71M
Swap:         8.0G       419M       7.6G

             total       used       free     shared    buffers     cached
Mem:          992M       926M        65M         4K       516K       2.6M
-/+ buffers/cache:       923M        68M
Swap:         8.0G       418M       7.6G

             total       used       free     shared    buffers     cached
Mem:          992M       913M        79M         4K       508K       2.1M
-/+ buffers/cache:       910M        81M
Swap:         8.0G       439M       7.6G

             total       used       free     shared    buffers     cached
Mem:          992M       915M        76M         4K       508K       2.1M
-/+ buffers/cache:       913M        78M
Swap:         8.0G       438M       7.6G

             total       used       free     shared    buffers     cached
Mem:          992M       917M        74M         4K       516K       2.1M
-/+ buffers/cache:       915M        76M
Swap:         8.0G       437M       7.6G

             total       used       free     shared    buffers     cached
Mem:          992M       920M        71M         4K       516K       2.2M
-/+ buffers/cache:       918M        74M
Swap:         8.0G       435M       7.6G

             total       used       free     shared    buffers     cached
Mem:          992M       923M        69M         4K       516K       2.2M
-/+ buffers/cache:       920M        71M
Swap:         8.0G       434M       7.6G

             total       used       free     shared    buffers     cached
Mem:          992M       925M        66M         4K       516K       2.2M
-/+ buffers/cache:       922M        69M
Swap:         8.0G       433M       7.6G

             total       used       free     shared    buffers     cached
Mem:          992M       910M        82M         4K       464K       2.1M
-/+ buffers/cache:       907M        84M
Swap:         8.0G       439M       7.6G

             total       used       free     shared    buffers     cached
Mem:          992M       911M        80M         4K       464K       2.1M
-/+ buffers/cache:       909M        82M
Swap:         8.0G       438M       7.6G

             total       used       free     shared    buffers     cached
Mem:          992M       914M        78M         4K       472K       2.1M
-/+ buffers/cache:       911M        80M
Swap:         8.0G       437M       7.6G

             total       used       free     shared    buffers     cached
Mem:          992M       916M        75M         4K       472K       2.1M
-/+ buffers/cache:       914M        78M
Swap:         8.0G       436M       7.6G

             total       used       free     shared    buffers     cached
Mem:          992M       918M        73M         4K       472K       2.1M
-/+ buffers/cache:       916M        75M
Swap:         8.0G       435M       7.6G

             total       used       free     shared    buffers     cached
Mem:          992M       921M        71M         4K       472K       2.1M
-/+ buffers/cache:       918M        73M
Swap:         8.0G       434M       7.6G

             total       used       free     shared    buffers     cached
Mem:          992M       923M        69M         4K       472K       2.1M
-/+ buffers/cache:       920M        71M
Swap:         8.0G       433M       7.6G

             total       used       free     shared    buffers     cached
Mem:          992M       925M        66M         4K       480K       2.1M
-/+ buffers/cache:       922M        69M
Swap:         8.0G       432M       7.6G

             total       used       free     shared    buffers     cached
Mem:          992M       915M        76M         4K       452K       2.1M
-/+ buffers/cache:       913M        78M
Swap:         8.0G       444M       7.6G

             total       used       free     shared    buffers     cached
Mem:          992M       917M        74M         4K       452K       2.1M
-/+ buffers/cache:       915M        76M
Swap:         8.0G       443M       7.6G

             total       used       free     shared    buffers     cached
Mem:          992M       920M        72M         4K       452K       2.1M
-/+ buffers/cache:       917M        74M
Swap:         8.0G       442M       7.6G

             total       used       free     shared    buffers     cached
Mem:          992M       922M        69M         4K       452K       2.1M
-/+ buffers/cache:       920M        71M
Swap:         8.0G       440M       7.6G

             total       used       free     shared    buffers     cached
Mem:          992M       925M        67M         4K       460K       2.1M
-/+ buffers/cache:       922M        69M
Swap:         8.0G       439M       7.6G

             total       used       free     shared    buffers     cached
Mem:          992M       915M        76M         4K       404K       2.1M
-/+ buffers/cache:       912M        79M
Swap:         8.0G       452M       7.6G

             total       used       free     shared    buffers     cached
Mem:          992M       917M        74M         4K       404K       2.1M
-/+ buffers/cache:       915M        77M
Swap:         8.0G       451M       7.6G

             total       used       free     shared    buffers     cached
Mem:          992M       920M        72M         4K       404K       2.1M
-/+ buffers/cache:       917M        74M
Swap:         8.0G       450M       7.6G

             total       used       free     shared    buffers     cached
Mem:          992M       922M        69M         4K       404K       2.1M
-/+ buffers/cache:       920M        72M
Swap:         8.0G       449M       7.6G

             total       used       free     shared    buffers     cached
Mem:          992M       924M        67M         4K       404K       2.1M
-/+ buffers/cache:       922M        70M
Swap:         8.0G       448M       7.6G

             total       used       free     shared    buffers     cached
Mem:          992M       912M        79M         4K        96K        20M
-/+ buffers/cache:       892M       100M
Swap:         8.0G       473M       7.5G

             total       used       free     shared    buffers     cached
Mem:          992M       915M        76M         0B       552K        20M
-/+ buffers/cache:       894M        97M
Swap:         8.0G       472M       7.5G

             total       used       free     shared    buffers     cached
Mem:          992M       917M        74M         0B       560K        20M
-/+ buffers/cache:       896M        95M
Swap:         8.0G       471M       7.5G

             total       used       free     shared    buffers     cached
Mem:          992M       920M        71M         0B       560K        20M
-/+ buffers/cache:       899M        92M
Swap:         8.0G       469M       7.5G

             total       used       free     shared    buffers     cached
Mem:          992M       922M        69M         0B       560K        20M
-/+ buffers/cache:       902M        90M
Swap:         8.0G       468M       7.5G

             total       used       free     shared    buffers     cached
Mem:          992M       924M        67M         0B       568K        20M
-/+ buffers/cache:       903M        88M
Swap:         8.0G       467M       7.5G

             total       used       free     shared    buffers     cached
Mem:          992M       919M        72M         0B       568K        20M
-/+ buffers/cache:       898M        93M
Swap:         8.0G       473M       7.5G

             total       used       free     shared    buffers     cached
Mem:          992M       912M        79M         0B       536K        19M
-/+ buffers/cache:       892M        99M
Swap:         8.0G       481M       7.5G

             total       used       free     shared    buffers     cached
Mem:          992M       915M        76M         0B       536K        19M
-/+ buffers/cache:       895M        96M
Swap:         8.0G       480M       7.5G

             total       used       free     shared    buffers     cached
Mem:          992M       919M        72M         0B       824K        19M
-/+ buffers/cache:       899M        93M
Swap:         8.0G       479M       7.5G

             total       used       free     shared    buffers     cached
Mem:          992M       898M        93M         0B       1.0M        21M
-/+ buffers/cache:       876M       115M
Swap:         8.0G       506M       7.5G

             total       used       free     shared    buffers     cached
Mem:          992M       919M        73M        16K       1.0M        30M
-/+ buffers/cache:       887M       104M
Swap:         8.0G       498M       7.5G

             total       used       free     shared    buffers     cached
Mem:          992M       920M        71M        16K       1.0M        30M
-/+ buffers/cache:       888M       103M
Swap:         8.0G       497M       7.5G

             total       used       free     shared    buffers     cached
Mem:          992M       921M        70M        16K       1.0M        30M
-/+ buffers/cache:       890M       101M
Swap:         8.0G       496M       7.5G

             total       used       free     shared    buffers     cached
Mem:          992M       922M        69M        16K       1.0M        30M
-/+ buffers/cache:       891M       100M
Swap:         8.0G       496M       7.5G

             total       used       free     shared    buffers     cached
Mem:          992M       924M        68M        16K       1.0M        30M
-/+ buffers/cache:       892M        99M
Swap:         8.0G       495M       7.5G

             total       used       free     shared    buffers     cached
Mem:          992M       924M        67M        16K       1.0M        30M
-/+ buffers/cache:       893M        98M
Swap:         8.0G       495M       7.5G

             total       used       free     shared    buffers     cached
Mem:          992M       911M        80M        16K       1.0M        28M
-/+ buffers/cache:       881M       110M
Swap:         8.0G       499M       7.5G

             total       used       free     shared    buffers     cached
Mem:          992M       912M        79M        16K       1.0M        28M
-/+ buffers/cache:       883M       109M
Swap:         8.0G       498M       7.5G

             total       used       free     shared    buffers     cached
Mem:          992M       914M        78M        16K       1.0M        28M
-/+ buffers/cache:       884M       107M
Swap:         8.0G       498M       7.5G

             total       used       free     shared    buffers     cached
Mem:          992M       915M        76M        16K       1.0M        28M
-/+ buffers/cache:       885M       106M
Swap:         8.0G       497M       7.5G

             total       used       free     shared    buffers     cached
Mem:          992M       916M        75M        16K       1.0M        28M
-/+ buffers/cache:       887M       105M
Swap:         8.0G       496M       7.5G

             total       used       free     shared    buffers     cached
Mem:          992M       918M        74M        16K       1.0M        28M
-/+ buffers/cache:       888M       103M
Swap:         8.0G       496M       7.5G

             total       used       free     shared    buffers     cached
Mem:          992M       919M        72M        16K       1.0M        28M
-/+ buffers/cache:       890M       102M
Swap:         8.0G       495M       7.5G

             total       used       free     shared    buffers     cached
Mem:          992M       921M        71M        16K       1.0M        28M
-/+ buffers/cache:       891M       100M
Swap:         8.0G       494M       7.5G

             total       used       free     shared    buffers     cached
Mem:          992M       922M        69M        16K       1.0M        28M
-/+ buffers/cache:       892M        99M
Swap:         8.0G       493M       7.5G

             total       used       free     shared    buffers     cached
Mem:          992M       923M        68M        16K       1.0M        28M
-/+ buffers/cache:       894M        97M
Swap:         8.0G       493M       7.5G

             total       used       free     shared    buffers     cached
Mem:          992M       924M        67M        16K       1.0M        28M
-/+ buffers/cache:       895M        96M
Swap:         8.0G       492M       7.5G

             total       used       free     shared    buffers     cached
Mem:          992M       926M        66M        16K       1.0M        28M
-/+ buffers/cache:       896M        95M
Swap:         8.0G       491M       7.5G

             total       used       free     shared    buffers     cached
Mem:          992M       915M        76M        16K       592K        26M
-/+ buffers/cache:       888M       104M
Swap:         8.0G       496M       7.5G

             total       used       free     shared    buffers     cached
Mem:          992M       916M        75M        16K       592K        26M
-/+ buffers/cache:       889M       102M
Swap:         8.0G       496M       7.5G

             total       used       free     shared    buffers     cached
Mem:          992M       918M        74M        16K       592K        26M
-/+ buffers/cache:       890M       101M
Swap:         8.0G       495M       7.5G

             total       used       free     shared    buffers     cached
Mem:          992M       919M        72M        16K       600K        26M
-/+ buffers/cache:       892M        99M
Swap:         8.0G       494M       7.5G

             total       used       free     shared    buffers     cached
Mem:          992M       920M        71M        16K       600K        26M
-/+ buffers/cache:       893M        98M
Swap:         8.0G       494M       7.5G

             total       used       free     shared    buffers     cached
Mem:          992M       922M        69M        16K       600K        26M
-/+ buffers/cache:       894M        97M
Swap:         8.0G       493M       7.5G

             total       used       free     shared    buffers     cached
Mem:          992M       923M        68M        16K       600K        26M
-/+ buffers/cache:       896M        96M
Swap:         8.0G       493M       7.5G

             total       used       free     shared    buffers     cached
Mem:          992M       924M        67M        16K       600K        26M
-/+ buffers/cache:       897M        94M
Swap:         8.0G       492M       7.5G

             total       used       free     shared    buffers     cached
Mem:          992M       926M        65M        16K       600K        26M
-/+ buffers/cache:       899M        93M
Swap:         8.0G       491M       7.5G

             total       used       free     shared    buffers     cached
Mem:          992M       913M        79M        16K       608K        25M
-/+ buffers/cache:       887M       105M
Swap:         8.0G       505M       7.5G

             total       used       free     shared    buffers     cached
Mem:          992M       914M        77M        16K       608K        25M
-/+ buffers/cache:       888M       103M
Swap:         8.0G       504M       7.5G

             total       used       free     shared    buffers     cached
Mem:          992M       916M        76M        16K       608K        25M
-/+ buffers/cache:       890M       102M
Swap:         8.0G       503M       7.5G

             total       used       free     shared    buffers     cached
Mem:          992M       917M        74M        16K       608K        25M
-/+ buffers/cache:       891M       100M
Swap:         8.0G       503M       7.5G

             total       used       free     shared    buffers     cached
Mem:          992M       918M        73M        16K       608K        25M
-/+ buffers/cache:       892M        99M
Swap:         8.0G       502M       7.5G

             total       used       free     shared    buffers     cached
Mem:          992M       920M        72M        16K       616K        25M
-/+ buffers/cache:       894M        97M
Swap:         8.0G       501M       7.5G

             total       used       free     shared    buffers     cached
Mem:          992M       921M        70M        16K       616K        25M
-/+ buffers/cache:       895M        96M
Swap:         8.0G       501M       7.5G

             total       used       free     shared    buffers     cached
Mem:          992M       922M        69M        16K       616K        25M
-/+ buffers/cache:       897M        95M
Swap:         8.0G       500M       7.5G

             total       used       free     shared    buffers     cached
Mem:          992M       924M        67M        16K       616K        25M
-/+ buffers/cache:       898M        93M
Swap:         8.0G       499M       7.5G

             total       used       free     shared    buffers     cached
Mem:          992M       925M        66M        16K       616K        25M
-/+ buffers/cache:       899M        92M
Swap:         8.0G       498M       7.5G

             total       used       free     shared    buffers     cached
Mem:          992M       927M        65M        16K       616K        25M
-/+ buffers/cache:       901M        90M
Swap:         8.0G       498M       7.5G

             total       used       free     shared    buffers     cached
Mem:          992M       913M        79M        16K       624K        25M
-/+ buffers/cache:       887M       104M
Swap:         8.0G       508M       7.5G

             total       used       free     shared    buffers     cached
Mem:          992M       914M        77M        16K       624K        25M
-/+ buffers/cache:       888M       103M
Swap:         8.0G       507M       7.5G

             total       used       free     shared    buffers     cached
Mem:          992M       915M        76M        16K       624K        25M
-/+ buffers/cache:       890M       102M
Swap:         8.0G       506M       7.5G

             total       used       free     shared    buffers     cached
Mem:          992M       917M        75M        16K       624K        25M
-/+ buffers/cache:       891M       100M
Swap:         8.0G       505M       7.5G

             total       used       free     shared    buffers     cached
Mem:          992M       918M        73M        16K       624K        25M
-/+ buffers/cache:       892M        99M
Swap:         8.0G       505M       7.5G

             total       used       free     shared    buffers     cached
Mem:          992M       919M        72M        16K       632K        25M
-/+ buffers/cache:       894M        97M
Swap:         8.0G       504M       7.5G

             total       used       free     shared    buffers     cached
Mem:          992M       921M        70M        16K       632K        25M
-/+ buffers/cache:       895M        96M
Swap:         8.0G       503M       7.5G

             total       used       free     shared    buffers     cached
Mem:          992M       923M        69M        16K       632K        25M
-/+ buffers/cache:       897M        94M
Swap:         8.0G       502M       7.5G

             total       used       free     shared    buffers     cached
Mem:          992M       924M        67M        16K       632K        25M
-/+ buffers/cache:       898M        93M
Swap:         8.0G       502M       7.5G

             total       used       free     shared    buffers     cached
Mem:          992M       925M        66M        16K       632K        25M
-/+ buffers/cache:       899M        92M
Swap:         8.0G       501M       7.5G

             total       used       free     shared    buffers     cached
Mem:          992M       927M        65M        16K       632K        25M
-/+ buffers/cache:       901M        90M
Swap:         8.0G       500M       7.5G

             total       used       free     shared    buffers     cached
Mem:          992M       919M        72M        16K       640K        30M
-/+ buffers/cache:       888M       103M
Swap:         8.0G       509M       7.5G

             total       used       free     shared    buffers     cached
Mem:          992M       920M        71M        16K       640K        30M
-/+ buffers/cache:       889M       102M
Swap:         8.0G       509M       7.5G

             total       used       free     shared    buffers     cached
Mem:          992M       922M        70M        16K       640K        30M
-/+ buffers/cache:       891M       100M
Swap:         8.0G       508M       7.5G

             total       used       free     shared    buffers     cached
Mem:          992M       923M        68M        16K       640K        30M
-/+ buffers/cache:       892M        99M
Swap:         8.0G       507M       7.5G

             total       used       free     shared    buffers     cached
Mem:          992M       924M        67M        16K       640K        30M
-/+ buffers/cache:       894M        98M
Swap:         8.0G       506M       7.5G

             total       used       free     shared    buffers     cached
Mem:          992M       926M        65M        16K       648K        30M
-/+ buffers/cache:       895M        96M
Swap:         8.0G       506M       7.5G

             total       used       free     shared    buffers     cached
Mem:          992M       910M        81M        16K       648K        27M
-/+ buffers/cache:       881M       110M
Swap:         8.0G       524M       7.5G

             total       used       free     shared    buffers     cached
Mem:          992M       911M        80M        16K       648K        27M
-/+ buffers/cache:       883M       108M
Swap:         8.0G       524M       7.5G

             total       used       free     shared    buffers     cached
Mem:          992M       912M        79M        16K       648K        27M
-/+ buffers/cache:       884M       107M
Swap:         8.0G       523M       7.5G

             total       used       free     shared    buffers     cached
Mem:          992M       914M        77M        16K       648K        27M
-/+ buffers/cache:       885M       106M
Swap:         8.0G       522M       7.5G

             total       used       free     shared    buffers     cached
Mem:          992M       915M        76M        16K       648K        27M
-/+ buffers/cache:       887M       104M
Swap:         8.0G       522M       7.5G

             total       used       free     shared    buffers     cached
Mem:          992M       916M        75M        16K       656K        27M
-/+ buffers/cache:       888M       103M
Swap:         8.0G       521M       7.5G

             total       used       free     shared    buffers     cached
Mem:          992M       918M        73M        16K       656K        27M
-/+ buffers/cache:       889M       102M
Swap:         8.0G       520M       7.5G

             total       used       free     shared    buffers     cached
Mem:          992M       920M        72M        16K       656K        28M
-/+ buffers/cache:       891M       100M
Swap:         8.0G       519M       7.5G

             total       used       free     shared    buffers     cached
Mem:          992M       921M        70M        16K       656K        28M
-/+ buffers/cache:       892M        99M
Swap:         8.0G       519M       7.5G

             total       used       free     shared    buffers     cached
Mem:          992M       923M        68M        16K       656K        28M
-/+ buffers/cache:       894M        97M
Swap:         8.0G       518M       7.5G

             total       used       free     shared    buffers     cached
Mem:          992M       925M        66M        16K       800K        29M
-/+ buffers/cache:       895M        96M
Swap:         8.0G       517M       7.5G

             total       used       free     shared    buffers     cached
Mem:          992M       926M        65M        20K       800K        29M
-/+ buffers/cache:       897M        95M
Swap:         8.0G       516M       7.5G

             total       used       free     shared    buffers     cached
Mem:          992M       919M        72M        20K       280K        30M
-/+ buffers/cache:       889M       102M
Swap:         8.0G       513M       7.5G

             total       used       free     shared    buffers     cached
Mem:          992M       921M        70M        20K       280K        30M
-/+ buffers/cache:       890M       101M
Swap:         8.0G       512M       7.5G

             total       used       free     shared    buffers     cached
Mem:          992M       913M        79M        20K       248K        28M
-/+ buffers/cache:       884M       107M
Swap:         8.0G       536M       7.5G

             total       used       free     shared    buffers     cached
Mem:          992M       914M        78M        20K       248K        28M
-/+ buffers/cache:       885M       106M
Swap:         8.0G       535M       7.5G

             total       used       free     shared    buffers     cached
Mem:          992M       914M        77M        20K       256K        28M
-/+ buffers/cache:       885M       106M
Swap:         8.0G       535M       7.5G

             total       used       free     shared    buffers     cached
Mem:          992M       915M        76M        20K       256K        28M
-/+ buffers/cache:       886M       105M
Swap:         8.0G       535M       7.5G

             total       used       free     shared    buffers     cached
Mem:          992M       915M        76M        20K       256K        28M
-/+ buffers/cache:       886M       105M
Swap:         8.0G       534M       7.5G

             total       used       free     shared    buffers     cached
Mem:          992M       916M        75M        20K       256K        28M
-/+ buffers/cache:       887M       104M
Swap:         8.0G       534M       7.5G

             total       used       free     shared    buffers     cached
Mem:          992M       917M        74M        20K       256K        28M
-/+ buffers/cache:       888M       103M
Swap:         8.0G       533M       7.5G

             total       used       free     shared    buffers     cached
Mem:          992M       918M        74M        20K       264K        28M
-/+ buffers/cache:       889M       102M
Swap:         8.0G       533M       7.5G

             total       used       free     shared    buffers     cached
Mem:          992M       918M        73M        20K       264K        28M
-/+ buffers/cache:       889M       102M
Swap:         8.0G       533M       7.5G

             total       used       free     shared    buffers     cached
Mem:          992M       919M        72M        20K       264K        28M
-/+ buffers/cache:       890M       101M
Swap:         8.0G       532M       7.5G

             total       used       free     shared    buffers     cached
Mem:          992M       925M        66M       176K       264K        32M
-/+ buffers/cache:       893M        99M
Swap:         8.0G       531M       7.5G

             total       used       free     shared    buffers     cached
Mem:          992M       918M        73M       3.8M       3.8M        52M
-/+ buffers/cache:       862M       130M
Swap:         8.0G       567M       7.4G

             total       used       free     shared    buffers     cached
Mem:          992M       915M        76M       216K       4.9M        65M
-/+ buffers/cache:       846M       146M
Swap:         8.0G       582M       7.4G

             total       used       free     shared    buffers     cached
Mem:          992M       924M        67M       208K       5.2M        67M
-/+ buffers/cache:       852M       139M
Swap:         8.0G       579M       7.4G

             total       used       free     shared    buffers     cached
Mem:          992M       913M        78M       244K       4.1M        63M
-/+ buffers/cache:       845M       146M
Swap:         8.0G       585M       7.4G

             total       used       free     shared    buffers     cached
Mem:          992M       915M        76M       244K       4.1M        63M
-/+ buffers/cache:       847M       144M
Swap:         8.0G       584M       7.4G

             total       used       free     shared    buffers     cached
Mem:          992M       916M        75M       244K       4.1M        63M
-/+ buffers/cache:       848M       143M
Swap:         8.0G       584M       7.4G

             total       used       free     shared    buffers     cached
Mem:          992M       918M        74M       244K       4.1M        63M
-/+ buffers/cache:       850M       141M
Swap:         8.0G       583M       7.4G

             total       used       free     shared    buffers     cached
Mem:          992M       919M        72M       244K       4.1M        63M
-/+ buffers/cache:       851M       140M
Swap:         8.0G       582M       7.4G

             total       used       free     shared    buffers     cached
Mem:          992M       922M        69M       244K       4.2M        64M
-/+ buffers/cache:       853M       138M
Swap:         8.0G       582M       7.4G

             total       used       free     shared    buffers     cached
Mem:          992M       924M        68M       244K       4.2M        64M
-/+ buffers/cache:       855M       136M
Swap:         8.0G       581M       7.4G

             total       used       free     shared    buffers     cached
Mem:          992M       925M        66M       244K       4.2M        64M
-/+ buffers/cache:       856M       135M
Swap:         8.0G       580M       7.4G

             total       used       free     shared    buffers     cached
Mem:          992M       927M        65M       244K       4.2M        64M
-/+ buffers/cache:       858M       134M
Swap:         8.0G       580M       7.4G

             total       used       free     shared    buffers     cached
Mem:          992M       916M        76M       244K       4.2M        62M
-/+ buffers/cache:       848M       143M
Swap:         8.0G       590M       7.4G

             total       used       free     shared    buffers     cached
Mem:          992M       917M        74M       244K       4.2M        62M
-/+ buffers/cache:       850M       142M
Swap:         8.0G       589M       7.4G

             total       used       free     shared    buffers     cached
Mem:          992M       918M        73M       244K       4.2M        62M
-/+ buffers/cache:       851M       140M
Swap:         8.0G       589M       7.4G

             total       used       free     shared    buffers     cached
Mem:          992M       920M        71M       244K       4.2M        63M
-/+ buffers/cache:       852M       139M
Swap:         8.0G       588M       7.4G

             total       used       free     shared    buffers     cached
Mem:          992M       922M        70M       244K       4.2M        63M
-/+ buffers/cache:       854M       137M
Swap:         8.0G       588M       7.4G

             total       used       free     shared    buffers     cached
Mem:          992M       923M        68M       244K       4.2M        63M
-/+ buffers/cache:       855M       136M
Swap:         8.0G       587M       7.4G

             total       used       free     shared    buffers     cached
Mem:          992M       925M        67M       244K       4.2M        63M
-/+ buffers/cache:       857M       134M
Swap:         8.0G       586M       7.4G

             total       used       free     shared    buffers     cached
Mem:          992M       926M        65M       244K       4.2M        63M
-/+ buffers/cache:       858M       133M
Swap:         8.0G       586M       7.4G

             total       used       free     shared    buffers     cached
Mem:          992M       913M        79M       244K       4.2M        62M
-/+ buffers/cache:       846M       145M
Swap:         8.0G       597M       7.4G

             total       used       free     shared    buffers     cached
Mem:          992M       914M        78M       244K       4.2M        62M
-/+ buffers/cache:       847M       144M
Swap:         8.0G       597M       7.4G

             total       used       free     shared    buffers     cached
Mem:          992M       915M        76M       244K       4.2M        62M
-/+ buffers/cache:       848M       143M
Swap:         8.0G       596M       7.4G

             total       used       free     shared    buffers     cached
Mem:          992M       917M        74M       244K       4.2M        62M
-/+ buffers/cache:       850M       141M
Swap:         8.0G       596M       7.4G

             total       used       free     shared    buffers     cached
Mem:          992M       918M        73M       244K       4.3M        62M
-/+ buffers/cache:       851M       140M
Swap:         8.0G       595M       7.4G

             total       used       free     shared    buffers     cached
Mem:          992M       919M        72M       244K       4.3M        62M
-/+ buffers/cache:       853M       139M
Swap:         8.0G       594M       7.4G

             total       used       free     shared    buffers     cached
Mem:          992M       921M        70M       244K       4.3M        62M
-/+ buffers/cache:       854M       137M
Swap:         8.0G       594M       7.4G

             total       used       free     shared    buffers     cached
Mem:          992M       922M        69M       244K       4.3M        62M
-/+ buffers/cache:       856M       136M
Swap:         8.0G       593M       7.4G

             total       used       free     shared    buffers     cached
Mem:          992M       924M        67M       244K       4.3M        62M
-/+ buffers/cache:       857M       134M
Swap:         8.0G       593M       7.4G

             total       used       free     shared    buffers     cached
Mem:          992M       926M        65M       244K       4.3M        63M
-/+ buffers/cache:       858M       133M
Swap:         8.0G       592M       7.4G

             total       used       free     shared    buffers     cached
Mem:          992M       903M        88M       244K       4.0M        60M
-/+ buffers/cache:       838M       153M
Swap:         8.0G       608M       7.4G

             total       used       free     shared    buffers     cached
Mem:          992M       904M        87M       244K       4.0M        60M
-/+ buffers/cache:       839M       152M
Swap:         8.0G       607M       7.4G

             total       used       free     shared    buffers     cached
Mem:          992M       905M        86M       244K       4.0M        60M
-/+ buffers/cache:       841M       150M
Swap:         8.0G       607M       7.4G

             total       used       free     shared    buffers     cached
Mem:          992M       907M        84M       244K       4.0M        60M
-/+ buffers/cache:       842M       149M
Swap:         8.0G       606M       7.4G

             total       used       free     shared    buffers     cached
Mem:          992M       908M        83M       244K       4.0M        60M
-/+ buffers/cache:       844M       148M
Swap:         8.0G       605M       7.4G

             total       used       free     shared    buffers     cached
Mem:          992M       910M        81M       244K       4.0M        60M
-/+ buffers/cache:       845M       146M
Swap:         8.0G       605M       7.4G

             total       used       free     shared    buffers     cached
Mem:          992M       911M        80M       244K       4.0M        60M
-/+ buffers/cache:       847M       145M
Swap:         8.0G       604M       7.4G

             total       used       free     shared    buffers     cached
Mem:          992M       912M        79M       244K       4.0M        60M
-/+ buffers/cache:       848M       143M
Swap:         8.0G       603M       7.4G

             total       used       free     shared    buffers     cached
Mem:          992M       914M        77M       244K       4.0M        60M
-/+ buffers/cache:       849M       142M
Swap:         8.0G       603M       7.4G

             total       used       free     shared    buffers     cached
Mem:          992M       916M        76M       244K       4.0M        60M
-/+ buffers/cache:       851M       140M
Swap:         8.0G       602M       7.4G

             total       used       free     shared    buffers     cached
Mem:          992M       917M        74M       244K       4.0M        60M
-/+ buffers/cache:       852M       139M
Swap:         8.0G       601M       7.4G

             total       used       free     shared    buffers     cached
Mem:          992M       911M        80M       296K       5.0M        65M
-/+ buffers/cache:       840M       151M
Swap:         8.0G       621M       7.4G

             total       used       free     shared    buffers     cached
Mem:          992M       919M        72M       320K       8.0M        71M
-/+ buffers/cache:       840M       151M
Swap:         8.0G       624M       7.4G
