             total       used       free     shared    buffers     cached
Mem:          992M       654M       337M       3.2M        38M       289M
-/+ buffers/cache:       326M       665M
Swap:         8.0G         0B       8.0G

             total       used       free     shared    buffers     cached
Mem:          992M       653M       338M       1.4M        38M       287M
-/+ buffers/cache:       326M       665M
Swap:         8.0G         0B       8.0G

             total       used       free     shared    buffers     cached
Mem:          992M       653M       338M       1.4M        38M       287M
-/+ buffers/cache:       326M       665M
Swap:         8.0G         0B       8.0G

             total       used       free     shared    buffers     cached
Mem:          992M       653M       338M       1.4M        38M       287M
-/+ buffers/cache:       326M       665M
Swap:         8.0G         0B       8.0G

             total       used       free     shared    buffers     cached
Mem:          992M       653M       338M       1.4M        38M       287M
-/+ buffers/cache:       326M       665M
Swap:         8.0G         0B       8.0G

             total       used       free     shared    buffers     cached
Mem:          992M       653M       339M       1.4M        38M       287M
-/+ buffers/cache:       326M       665M
Swap:         8.0G         0B       8.0G

             total       used       free     shared    buffers     cached
Mem:          992M       652M       339M       1.4M        38M       287M
-/+ buffers/cache:       326M       665M
Swap:         8.0G         0B       8.0G

             total       used       free     shared    buffers     cached
Mem:          992M       652M       339M       1.4M        38M       288M
-/+ buffers/cache:       325M       666M
Swap:         8.0G         0B       8.0G

             total       used       free     shared    buffers     cached
Mem:          992M       652M       339M       1.4M        38M       288M
-/+ buffers/cache:       325M       666M
Swap:         8.0G         0B       8.0G

             total       used       free     shared    buffers     cached
Mem:          992M       655M       336M       1.4M        38M       288M
-/+ buffers/cache:       329M       663M
Swap:         8.0G         0B       8.0G

             total       used       free     shared    buffers     cached
Mem:          992M       680M       311M       1.4M        38M       288M
-/+ buffers/cache:       353M       638M
Swap:         8.0G         0B       8.0G

             total       used       free     shared    buffers     cached
Mem:          992M       661M       330M       1.4M        38M       289M
-/+ buffers/cache:       333M       658M
Swap:         8.0G         0B       8.0G

             total       used       free     shared    buffers     cached
Mem:          992M       661M       330M       1.4M        38M       289M
-/+ buffers/cache:       333M       658M
Swap:         8.0G         0B       8.0G

             total       used       free     shared    buffers     cached
Mem:          992M       662M       329M       1.4M        38M       289M
-/+ buffers/cache:       333M       658M
Swap:         8.0G         0B       8.0G

             total       used       free     shared    buffers     cached
Mem:          992M       662M       330M       1.4M        38M       289M
-/+ buffers/cache:       333M       658M
Swap:         8.0G         0B       8.0G

             total       used       free     shared    buffers     cached
Mem:          992M       662M       330M       1.4M        38M       289M
-/+ buffers/cache:       333M       658M
Swap:         8.0G         0B       8.0G

             total       used       free     shared    buffers     cached
Mem:          992M       662M       330M       1.4M        38M       289M
-/+ buffers/cache:       333M       658M
Swap:         8.0G         0B       8.0G

             total       used       free     shared    buffers     cached
Mem:          992M       662M       330M       1.4M        38M       289M
-/+ buffers/cache:       333M       658M
Swap:         8.0G         0B       8.0G

             total       used       free     shared    buffers     cached
Mem:          992M       662M       330M       1.4M        38M       289M
-/+ buffers/cache:       333M       658M
Swap:         8.0G         0B       8.0G

             total       used       free     shared    buffers     cached
Mem:          992M       662M       330M       1.4M        38M       289M
-/+ buffers/cache:       333M       658M
Swap:         8.0G         0B       8.0G

             total       used       free     shared    buffers     cached
Mem:          992M       662M       330M       1.4M        38M       289M
-/+ buffers/cache:       333M       658M
Swap:         8.0G         0B       8.0G

             total       used       free     shared    buffers     cached
Mem:          992M       662M       329M       1.4M        38M       289M
-/+ buffers/cache:       334M       658M
Swap:         8.0G         0B       8.0G

             total       used       free     shared    buffers     cached
Mem:          992M       662M       329M       1.4M        38M       289M
-/+ buffers/cache:       334M       658M
Swap:         8.0G         0B       8.0G

             total       used       free     shared    buffers     cached
Mem:          992M       662M       329M       1.4M        38M       289M
-/+ buffers/cache:       334M       658M
Swap:         8.0G         0B       8.0G

             total       used       free     shared    buffers     cached
Mem:          992M       662M       329M       1.4M        38M       289M
-/+ buffers/cache:       334M       658M
Swap:         8.0G         0B       8.0G

             total       used       free     shared    buffers     cached
Mem:          992M       662M       329M       1.4M        38M       289M
-/+ buffers/cache:       334M       658M
Swap:         8.0G         0B       8.0G

             total       used       free     shared    buffers     cached
Mem:          992M       662M       329M       1.4M        38M       289M
-/+ buffers/cache:       334M       658M
Swap:         8.0G         0B       8.0G

             total       used       free     shared    buffers     cached
Mem:          992M       662M       329M       1.4M        38M       289M
-/+ buffers/cache:       334M       658M
Swap:         8.0G         0B       8.0G

             total       used       free     shared    buffers     cached
Mem:          992M       662M       329M       1.4M        38M       289M
-/+ buffers/cache:       334M       658M
Swap:         8.0G         0B       8.0G

             total       used       free     shared    buffers     cached
Mem:          992M       662M       329M       1.4M        38M       289M
-/+ buffers/cache:       334M       658M
Swap:         8.0G         0B       8.0G

             total       used       free     shared    buffers     cached
Mem:          992M       662M       329M       1.4M        38M       289M
-/+ buffers/cache:       334M       658M
Swap:         8.0G         0B       8.0G

             total       used       free     shared    buffers     cached
Mem:          992M       662M       329M       1.4M        38M       289M
-/+ buffers/cache:       334M       658M
Swap:         8.0G         0B       8.0G

             total       used       free     shared    buffers     cached
Mem:          992M       662M       329M       1.4M        38M       289M
-/+ buffers/cache:       334M       658M
Swap:         8.0G         0B       8.0G

             total       used       free     shared    buffers     cached
Mem:          992M       668M       323M       1.4M        38M       289M
-/+ buffers/cache:       340M       651M
Swap:         8.0G         0B       8.0G

             total       used       free     shared    buffers     cached
Mem:          992M       683M       308M       1.4M        38M       289M
-/+ buffers/cache:       355M       636M
Swap:         8.0G         0B       8.0G

             total       used       free     shared    buffers     cached
Mem:          992M       699M       292M       1.4M        38M       289M
-/+ buffers/cache:       371M       620M
Swap:         8.0G         0B       8.0G

             total       used       free     shared    buffers     cached
Mem:          992M       713M       278M       1.4M        38M       289M
-/+ buffers/cache:       385M       606M
Swap:         8.0G         0B       8.0G

             total       used       free     shared    buffers     cached
Mem:          992M       727M       264M       1.4M        38M       289M
-/+ buffers/cache:       399M       592M
Swap:         8.0G         0B       8.0G

             total       used       free     shared    buffers     cached
Mem:          992M       742M       249M       1.4M        38M       289M
-/+ buffers/cache:       414M       577M
Swap:         8.0G         0B       8.0G

             total       used       free     shared    buffers     cached
Mem:          992M       756M       235M       1.4M        38M       289M
-/+ buffers/cache:       428M       563M
Swap:         8.0G         0B       8.0G

             total       used       free     shared    buffers     cached
Mem:          992M       771M       220M       1.4M        38M       289M
-/+ buffers/cache:       443M       548M
Swap:         8.0G         0B       8.0G

             total       used       free     shared    buffers     cached
Mem:          992M       785M       207M       1.4M        38M       289M
-/+ buffers/cache:       456M       535M
Swap:         8.0G         0B       8.0G

             total       used       free     shared    buffers     cached
Mem:          992M       800M       191M       1.4M        38M       289M
-/+ buffers/cache:       472M       520M
Swap:         8.0G         0B       8.0G

             total       used       free     shared    buffers     cached
Mem:          992M       817M       174M       1.4M        38M       289M
-/+ buffers/cache:       489M       503M
Swap:         8.0G         0B       8.0G

             total       used       free     shared    buffers     cached
Mem:          992M       832M       159M       1.4M        38M       289M
-/+ buffers/cache:       503M       488M
Swap:         8.0G         0B       8.0G

             total       used       free     shared    buffers     cached
Mem:          992M       847M       144M       1.4M        38M       289M
-/+ buffers/cache:       518M       473M
Swap:         8.0G         0B       8.0G

             total       used       free     shared    buffers     cached
Mem:          992M       862M       129M       1.4M        38M       289M
-/+ buffers/cache:       534M       458M
Swap:         8.0G         0B       8.0G

             total       used       free     shared    buffers     cached
Mem:          992M       877M       114M       1.4M        38M       289M
-/+ buffers/cache:       549M       443M
Swap:         8.0G         0B       8.0G

             total       used       free     shared    buffers     cached
Mem:          992M       889M       102M       1.4M        38M       289M
-/+ buffers/cache:       561M       431M
Swap:         8.0G         0B       8.0G

             total       used       free     shared    buffers     cached
Mem:          992M       904M        87M       1.4M        38M       289M
-/+ buffers/cache:       576M       416M
Swap:         8.0G         0B       8.0G

             total       used       free     shared    buffers     cached
Mem:          992M       919M        72M       1.4M        38M       289M
-/+ buffers/cache:       591M       401M
Swap:         8.0G         0B       8.0G

             total       used       free     shared    buffers     cached
Mem:          992M       912M        80M       1.4M        17M       288M
-/+ buffers/cache:       606M       385M
Swap:         8.0G         0B       8.0G

             total       used       free     shared    buffers     cached
Mem:          992M       926M        66M       1.4M        17M       288M
-/+ buffers/cache:       620M       371M
Swap:         8.0G         0B       8.0G

             total       used       free     shared    buffers     cached
Mem:          992M       924M        67M       1.4M        10M       278M
-/+ buffers/cache:       635M       357M
Swap:         8.0G         0B       8.0G

             total       used       free     shared    buffers     cached
Mem:          992M       922M        69M       1.4M       9.6M       262M
-/+ buffers/cache:       650M       342M
Swap:         8.0G       116K       8.0G

             total       used       free     shared    buffers     cached
Mem:          992M       917M        74M       1.3M       9.6M       244M
-/+ buffers/cache:       664M       328M
Swap:         8.0G       356K       8.0G

             total       used       free     shared    buffers     cached
Mem:          992M       932M        59M       1.3M       9.6M       244M
-/+ buffers/cache:       679M       312M
Swap:         8.0G       356K       8.0G

             total       used       free     shared    buffers     cached
Mem:          992M       931M        60M       1.2M       9.6M       231M
-/+ buffers/cache:       690M       301M
Swap:         8.0G       4.4M       8.0G

             total       used       free     shared    buffers     cached
Mem:          992M       916M        75M       1.2M       9.6M       205M
-/+ buffers/cache:       701M       290M
Swap:         8.0G       8.6M       8.0G

             total       used       free     shared    buffers     cached
Mem:          992M       930M        61M       1.2M       9.6M       205M
-/+ buffers/cache:       715M       276M
Swap:         8.0G       8.6M       8.0G

             total       used       free     shared    buffers     cached
Mem:          992M       931M        60M       1.2M       2.8M       199M
-/+ buffers/cache:       729M       262M
Swap:         8.0G       8.6M       8.0G

             total       used       free     shared    buffers     cached
Mem:          992M       911M        80M       1.2M       196K       167M
-/+ buffers/cache:       744M       247M
Swap:         8.0G       8.6M       8.0G

             total       used       free     shared    buffers     cached
Mem:          992M       925M        66M       1.2M       416K       167M
-/+ buffers/cache:       758M       234M
Swap:         8.0G       8.6M       8.0G

             total       used       free     shared    buffers     cached
Mem:          992M       920M        71M       1.2M       416K       147M
-/+ buffers/cache:       772M       219M
Swap:         8.0G       8.6M       8.0G

             total       used       free     shared    buffers     cached
Mem:          992M       927M        65M       1.2M       416K       147M
-/+ buffers/cache:       779M       212M
Swap:         8.0G       8.6M       8.0G

             total       used       free     shared    buffers     cached
Mem:          992M       922M        69M       1.2M       416K       129M
-/+ buffers/cache:       792M       199M
Swap:         8.0G       8.6M       8.0G

             total       used       free     shared    buffers     cached
Mem:          992M       921M        70M       1.2M       256K       114M
-/+ buffers/cache:       807M       185M
Swap:         8.0G       8.6M       8.0G

             total       used       free     shared    buffers     cached
Mem:          992M       922M        69M       1.2M       268K       102M
-/+ buffers/cache:       819M       173M
Swap:         8.0G       8.6M       8.0G

             total       used       free     shared    buffers     cached
Mem:          992M       923M        68M       1.2M       1.3M        90M
-/+ buffers/cache:       832M       159M
Swap:         8.0G       8.5M       8.0G

             total       used       free     shared    buffers     cached
Mem:          992M       927M        64M       1.2M       2.7M        78M
-/+ buffers/cache:       846M       145M
Swap:         8.0G       8.5M       8.0G

             total       used       free     shared    buffers     cached
Mem:          992M       923M        68M       1.2M       2.7M        60M
-/+ buffers/cache:       860M       131M
Swap:         8.0G       8.7M       8.0G

             total       used       free     shared    buffers     cached
Mem:          992M       922M        69M       1.2M       2.7M        47M
-/+ buffers/cache:       872M       119M
Swap:         8.0G       8.7M       8.0G

             total       used       free     shared    buffers     cached
Mem:          992M       917M        75M       1.0M       2.7M        28M
-/+ buffers/cache:       886M       106M
Swap:         8.0G        11M       8.0G

             total       used       free     shared    buffers     cached
Mem:          992M       916M        75M       1.0M       1.5M        17M
-/+ buffers/cache:       897M        94M
Swap:         8.0G        14M       8.0G

             total       used       free     shared    buffers     cached
Mem:          992M       918M        73M       1.0M        76K       9.1M
-/+ buffers/cache:       909M        82M
Swap:         8.0G        16M       8.0G

             total       used       free     shared    buffers     cached
Mem:          992M       917M        74M       716K       332K       2.2M
-/+ buffers/cache:       915M        76M
Swap:         8.0G        35M       8.0G

             total       used       free     shared    buffers     cached
Mem:          992M       926M        65M       732K       348K       2.3M
-/+ buffers/cache:       924M        68M
Swap:         8.0G        39M       8.0G

             total       used       free     shared    buffers     cached
Mem:          992M       927M        64M       732K       212K       2.4M
-/+ buffers/cache:       924M        67M
Swap:         8.0G        43M       8.0G

             total       used       free     shared    buffers     cached
Mem:          992M       928M        63M       676K       172K       2.5M
-/+ buffers/cache:       925M        66M
Swap:         8.0G        77M       7.9G

             total       used       free     shared    buffers     cached
Mem:          992M       908M        83M       676K        80K       2.7M
-/+ buffers/cache:       905M        86M
Swap:         8.0G       110M       7.9G

             total       used       free     shared    buffers     cached
Mem:          992M       921M        70M       652K        80K       2.6M
-/+ buffers/cache:       918M        73M
Swap:         8.0G       117M       7.9G

             total       used       free     shared    buffers     cached
Mem:          992M       918M        73M       652K        80K       2.7M
-/+ buffers/cache:       915M        76M
Swap:         8.0G       117M       7.9G

             total       used       free     shared    buffers     cached
Mem:          992M       918M        73M       652K        88K       2.6M
-/+ buffers/cache:       916M        75M
Swap:         8.0G       123M       7.9G

             total       used       free     shared    buffers     cached
Mem:          992M       910M        81M       600K        88K       2.5M
-/+ buffers/cache:       907M        84M
Swap:         8.0G       174M       7.8G

             total       used       free     shared    buffers     cached
Mem:          992M       924M        67M       572K        88K       2.8M
-/+ buffers/cache:       921M        70M
Swap:         8.0G       174M       7.8G

             total       used       free     shared    buffers     cached
Mem:          992M       927M        65M       572K        88K       2.8M
-/+ buffers/cache:       924M        67M
Swap:         8.0G       174M       7.8G

             total       used       free     shared    buffers     cached
Mem:          992M       925M        66M       572K        88K       2.8M
-/+ buffers/cache:       922M        69M
Swap:         8.0G       174M       7.8G

             total       used       free     shared    buffers     cached
Mem:          992M       920M        71M       572K        92K       2.7M
-/+ buffers/cache:       918M        74M
Swap:         8.0G       198M       7.8G

             total       used       free     shared    buffers     cached
Mem:          992M       921M        70M       572K        92K       2.7M
-/+ buffers/cache:       919M        73M
Swap:         8.0G       208M       7.8G

             total       used       free     shared    buffers     cached
Mem:          992M       918M        73M       572K        96K       2.7M
-/+ buffers/cache:       915M        76M
Swap:         8.0G       232M       7.8G

             total       used       free     shared    buffers     cached
Mem:          992M       920M        71M       560K        96K       2.6M
-/+ buffers/cache:       917M        74M
Swap:         8.0G       233M       7.8G

             total       used       free     shared    buffers     cached
Mem:          992M       911M        80M       560K        96K       2.5M
-/+ buffers/cache:       908M        83M
Swap:         8.0G       260M       7.7G

             total       used       free     shared    buffers     cached
Mem:          992M       916M        75M       548K       104K       2.5M
-/+ buffers/cache:       914M        78M
Swap:         8.0G       260M       7.7G

             total       used       free     shared    buffers     cached
Mem:          992M       924M        67M       548K       104K       2.5M
-/+ buffers/cache:       921M        70M
Swap:         8.0G       260M       7.7G

             total       used       free     shared    buffers     cached
Mem:          992M       918M        73M       548K        76K       2.4M
-/+ buffers/cache:       916M        76M
Swap:         8.0G       274M       7.7G

             total       used       free     shared    buffers     cached
Mem:          992M       925M        66M       548K        76K       2.5M
-/+ buffers/cache:       922M        69M
Swap:         8.0G       274M       7.7G

             total       used       free     shared    buffers     cached
Mem:          992M       917M        75M       548K        76K       2.4M
-/+ buffers/cache:       914M        77M
Swap:         8.0G       290M       7.7G

             total       used       free     shared    buffers     cached
Mem:          992M       923M        68M       548K        76K       2.4M
-/+ buffers/cache:       920M        71M
Swap:         8.0G       290M       7.7G

             total       used       free     shared    buffers     cached
Mem:          992M       928M        64M       548K        84K       2.4M
-/+ buffers/cache:       925M        66M
Swap:         8.0G       290M       7.7G

             total       used       free     shared    buffers     cached
Mem:          992M       921M        70M       548K        84K       2.4M
-/+ buffers/cache:       919M        72M
Swap:         8.0G       298M       7.7G

             total       used       free     shared    buffers     cached
Mem:          992M       926M        65M       548K        84K       2.4M
-/+ buffers/cache:       924M        67M
Swap:         8.0G       298M       7.7G

             total       used       free     shared    buffers     cached
Mem:          992M       919M        72M       548K        84K       2.3M
-/+ buffers/cache:       917M        75M
Swap:         8.0G       319M       7.7G

             total       used       free     shared    buffers     cached
Mem:          992M       924M        67M       548K        84K       2.3M
-/+ buffers/cache:       922M        69M
Swap:         8.0G       319M       7.7G

             total       used       free     shared    buffers     cached
Mem:          992M       928M        63M       548K        92K       2.3M
-/+ buffers/cache:       926M        65M
Swap:         8.0G       319M       7.7G

             total       used       free     shared    buffers     cached
Mem:          992M       922M        69M       548K        92K       2.3M
-/+ buffers/cache:       920M        72M
Swap:         8.0G       319M       7.7G

             total       used       free     shared    buffers     cached
Mem:          992M       914M        77M        28K        92K       1.7M
-/+ buffers/cache:       912M        79M
Swap:         8.0G       331M       7.7G

             total       used       free     shared    buffers     cached
Mem:          992M       915M        76M        20K        92K       1.6M
-/+ buffers/cache:       914M        77M
Swap:         8.0G       332M       7.7G

             total       used       free     shared    buffers     cached
Mem:          992M       919M        72M        12K        92K       1.5M
-/+ buffers/cache:       918M        73M
Swap:         8.0G       322M       7.7G

             total       used       free     shared    buffers     cached
Mem:          992M       924M        67M         0B        84K       1.4M
-/+ buffers/cache:       923M        69M
Swap:         8.0G       317M       7.7G

             total       used       free     shared    buffers     cached
Mem:          992M       914M        77M         0B        84K       1.4M
-/+ buffers/cache:       913M        78M
Swap:         8.0G       330M       7.7G

             total       used       free     shared    buffers     cached
Mem:          992M       912M        79M         0B        84K       1.3M
-/+ buffers/cache:       911M        81M
Swap:         8.0G       335M       7.7G

             total       used       free     shared    buffers     cached
Mem:          992M       917M        75M         0B        84K       1.2M
-/+ buffers/cache:       915M        76M
Swap:         8.0G       332M       7.7G

             total       used       free     shared    buffers     cached
Mem:          992M       916M        75M         0B       216K       1.2M
-/+ buffers/cache:       915M        77M
Swap:         8.0G       333M       7.7G

             total       used       free     shared    buffers     cached
Mem:          992M       922M        69M         0B       216K       1.3M
-/+ buffers/cache:       920M        71M
Swap:         8.0G       327M       7.7G

             total       used       free     shared    buffers     cached
Mem:          992M       923M        68M         0B       460K       1.3M
-/+ buffers/cache:       921M        70M
Swap:         8.0G       339M       7.7G

             total       used       free     shared    buffers     cached
Mem:          992M       924M        68M         0B       316K       1.3M
-/+ buffers/cache:       922M        69M
Swap:         8.0G       426M       7.6G

             total       used       free     shared    buffers     cached
Mem:          992M       864M       127M         0B       192K       1.2M
-/+ buffers/cache:       862M       129M
Swap:         8.0G       424M       7.6G

             total       used       free     shared    buffers     cached
Mem:          992M       885M       106M         0B       192K       1.6M
-/+ buffers/cache:       883M       108M
Swap:         8.0G       399M       7.6G

             total       used       free     shared    buffers     cached
Mem:          992M       890M       101M         0B       192K       1.6M
-/+ buffers/cache:       888M       103M
Swap:         8.0G       397M       7.6G

             total       used       free     shared    buffers     cached
Mem:          992M       894M        97M         0B       200K       2.0M
-/+ buffers/cache:       892M       100M
Swap:         8.0G       396M       7.6G

             total       used       free     shared    buffers     cached
Mem:          992M       900M        91M         0B       200K       2.0M
-/+ buffers/cache:       898M        93M
Swap:         8.0G       396M       7.6G

             total       used       free     shared    buffers     cached
Mem:          992M       908M        84M         0B       200K       2.0M
-/+ buffers/cache:       905M        86M
Swap:         8.0G       395M       7.6G

             total       used       free     shared    buffers     cached
Mem:          992M       914M        77M         0B       200K       2.0M
-/+ buffers/cache:       912M        79M
Swap:         8.0G       395M       7.6G

             total       used       free     shared    buffers     cached
Mem:          992M       921M        70M         0B       200K       2.0M
-/+ buffers/cache:       919M        72M
Swap:         8.0G       395M       7.6G

             total       used       free     shared    buffers     cached
Mem:          992M       928M        63M         0B       208K       2.0M
-/+ buffers/cache:       926M        65M
Swap:         8.0G       395M       7.6G

             total       used       free     shared    buffers     cached
Mem:          992M       921M        70M         0B       200K       2.0M
-/+ buffers/cache:       919M        72M
Swap:         8.0G       395M       7.6G

             total       used       free     shared    buffers     cached
Mem:          992M       923M        68M         0B       200K       2.0M
-/+ buffers/cache:       921M        70M
Swap:         8.0G       395M       7.6G

             total       used       free     shared    buffers     cached
Mem:          992M       915M        76M         0B       216K        16M
-/+ buffers/cache:       898M        93M
Swap:         8.0G       418M       7.6G

             total       used       free     shared    buffers     cached
Mem:          992M       919M        72M         0B       532K        17M
-/+ buffers/cache:       901M        90M
Swap:         8.0G       417M       7.6G

             total       used       free     shared    buffers     cached
Mem:          992M       921M        70M         0B       540K        17M
-/+ buffers/cache:       904M        88M
Swap:         8.0G       416M       7.6G

             total       used       free     shared    buffers     cached
Mem:          992M       925M        67M         0B       792K        17M
-/+ buffers/cache:       906M        85M
Swap:         8.0G       415M       7.6G

             total       used       free     shared    buffers     cached
Mem:          992M       927M        64M         0B       792K        17M
-/+ buffers/cache:       908M        83M
Swap:         8.0G       414M       7.6G

             total       used       free     shared    buffers     cached
Mem:          992M       917M        74M         0B       792K        15M
-/+ buffers/cache:       900M        91M
Swap:         8.0G       428M       7.6G

             total       used       free     shared    buffers     cached
Mem:          992M       919M        72M         0B       792K        15M
-/+ buffers/cache:       903M        88M
Swap:         8.0G       427M       7.6G

             total       used       free     shared    buffers     cached
Mem:          992M       922M        69M         0B       792K        15M
-/+ buffers/cache:       906M        86M
Swap:         8.0G       425M       7.6G

             total       used       free     shared    buffers     cached
Mem:          992M       924M        67M         0B       800K        15M
-/+ buffers/cache:       908M        83M
Swap:         8.0G       424M       7.6G

             total       used       free     shared    buffers     cached
Mem:          992M       927M        64M         0B       800K        15M
-/+ buffers/cache:       910M        81M
Swap:         8.0G       423M       7.6G

             total       used       free     shared    buffers     cached
Mem:          992M       915M        76M         0B       800K        15M
-/+ buffers/cache:       899M        92M
Swap:         8.0G       422M       7.6G

             total       used       free     shared    buffers     cached
Mem:          992M       917M        74M         0B       800K        15M
-/+ buffers/cache:       901M        90M
Swap:         8.0G       421M       7.6G

             total       used       free     shared    buffers     cached
Mem:          992M       919M        72M         0B       800K        15M
-/+ buffers/cache:       903M        88M
Swap:         8.0G       420M       7.6G

             total       used       free     shared    buffers     cached
Mem:          992M       922M        70M         0B       808K        15M
-/+ buffers/cache:       905M        86M
Swap:         8.0G       419M       7.6G

             total       used       free     shared    buffers     cached
Mem:          992M       924M        67M         0B       808K        15M
-/+ buffers/cache:       908M        83M
Swap:         8.0G       418M       7.6G

             total       used       free     shared    buffers     cached
Mem:          992M       927M        65M         0B       808K        15M
-/+ buffers/cache:       911M        81M
Swap:         8.0G       417M       7.6G

             total       used       free     shared    buffers     cached
Mem:          992M       914M        77M         0B       808K        12M
-/+ buffers/cache:       900M        91M
Swap:         8.0G       435M       7.6G

             total       used       free     shared    buffers     cached
Mem:          992M       917M        74M         0B       808K        12M
-/+ buffers/cache:       903M        88M
Swap:         8.0G       434M       7.6G

             total       used       free     shared    buffers     cached
Mem:          992M       919M        72M         0B       816K        12M
-/+ buffers/cache:       905M        86M
Swap:         8.0G       433M       7.6G

             total       used       free     shared    buffers     cached
Mem:          992M       921M        70M         0B       816K        12M
-/+ buffers/cache:       908M        84M
Swap:         8.0G       432M       7.6G

             total       used       free     shared    buffers     cached
Mem:          992M       923M        68M         0B       816K        12M
-/+ buffers/cache:       910M        81M
Swap:         8.0G       431M       7.6G

             total       used       free     shared    buffers     cached
Mem:          992M       926M        65M         0B       816K        12M
-/+ buffers/cache:       912M        79M
Swap:         8.0G       429M       7.6G

             total       used       free     shared    buffers     cached
Mem:          992M       928M        63M         0B       816K        12M
-/+ buffers/cache:       914M        77M
Swap:         8.0G       428M       7.6G

             total       used       free     shared    buffers     cached
Mem:          992M       919M        72M         0B       816K        12M
-/+ buffers/cache:       906M        85M
Swap:         8.0G       435M       7.6G

             total       used       free     shared    buffers     cached
Mem:          992M       921M        70M         0B       824K        12M
-/+ buffers/cache:       908M        83M
Swap:         8.0G       434M       7.6G

             total       used       free     shared    buffers     cached
Mem:          992M       924M        67M         0B       824K        12M
-/+ buffers/cache:       910M        81M
Swap:         8.0G       432M       7.6G

             total       used       free     shared    buffers     cached
Mem:          992M       926M        65M         0B       824K        12M
-/+ buffers/cache:       913M        78M
Swap:         8.0G       431M       7.6G

             total       used       free     shared    buffers     cached
Mem:          992M       929M        62M         0B       824K        12M
-/+ buffers/cache:       916M        76M
Swap:         8.0G       430M       7.6G

             total       used       free     shared    buffers     cached
Mem:          992M       916M        75M         0B       824K        12M
-/+ buffers/cache:       903M        88M
Swap:         8.0G       445M       7.6G

             total       used       free     shared    buffers     cached
Mem:          992M       918M        73M         0B       832K        12M
-/+ buffers/cache:       905M        86M
Swap:         8.0G       445M       7.6G

             total       used       free     shared    buffers     cached
Mem:          992M       921M        70M         0B       832K        12M
-/+ buffers/cache:       908M        83M
Swap:         8.0G       443M       7.6G

             total       used       free     shared    buffers     cached
Mem:          992M       924M        68M         0B       832K        12M
-/+ buffers/cache:       911M        81M
Swap:         8.0G       442M       7.6G

             total       used       free     shared    buffers     cached
Mem:          992M       926M        65M         0B       832K        12M
-/+ buffers/cache:       913M        78M
Swap:         8.0G       441M       7.6G

             total       used       free     shared    buffers     cached
Mem:          992M       929M        62M         0B       832K        12M
-/+ buffers/cache:       916M        75M
Swap:         8.0G       439M       7.6G

             total       used       free     shared    buffers     cached
Mem:          992M       915M        76M         0B       840K        11M
-/+ buffers/cache:       903M        88M
Swap:         8.0G       452M       7.6G

             total       used       free     shared    buffers     cached
Mem:          992M       918M        73M         0B       840K        11M
-/+ buffers/cache:       906M        86M
Swap:         8.0G       450M       7.6G

             total       used       free     shared    buffers     cached
Mem:          992M       921M        71M         0B       840K        11M
-/+ buffers/cache:       908M        83M
Swap:         8.0G       449M       7.6G

             total       used       free     shared    buffers     cached
Mem:          992M       923M        68M         0B       840K        11M
-/+ buffers/cache:       911M        81M
Swap:         8.0G       448M       7.6G

             total       used       free     shared    buffers     cached
Mem:          992M       926M        65M         0B       840K        11M
-/+ buffers/cache:       913M        78M
Swap:         8.0G       447M       7.6G

             total       used       free     shared    buffers     cached
Mem:          992M       928M        63M         0B       840K        11M
-/+ buffers/cache:       916M        75M
Swap:         8.0G       445M       7.6G

             total       used       free     shared    buffers     cached
Mem:          992M       911M        81M         0B       488K       7.5M
-/+ buffers/cache:       903M        89M
Swap:         8.0G       471M       7.5G

             total       used       free     shared    buffers     cached
Mem:          992M       913M        78M         0B       488K       7.6M
-/+ buffers/cache:       905M        86M
Swap:         8.0G       469M       7.5G

             total       used       free     shared    buffers     cached
Mem:          992M       916M        76M         0B       500K       7.5M
-/+ buffers/cache:       908M        84M
Swap:         8.0G       468M       7.5G

             total       used       free     shared    buffers     cached
Mem:          992M       918M        73M         0B       500K       7.5M
-/+ buffers/cache:       910M        81M
Swap:         8.0G       467M       7.5G

             total       used       free     shared    buffers     cached
Mem:          992M       921M        70M         0B       500K       7.5M
-/+ buffers/cache:       913M        78M
Swap:         8.0G       465M       7.5G

             total       used       free     shared    buffers     cached
Mem:          992M       923M        68M         0B       508K       7.6M
-/+ buffers/cache:       915M        76M
Swap:         8.0G       464M       7.5G

             total       used       free     shared    buffers     cached
Mem:          992M       926M        65M         0B       508K       7.5M
-/+ buffers/cache:       918M        73M
Swap:         8.0G       463M       7.5G

             total       used       free     shared    buffers     cached
Mem:          992M       908M        83M         0B       364K       1.9M
-/+ buffers/cache:       905M        86M
Swap:         8.0G       462M       7.5G

             total       used       free     shared    buffers     cached
Mem:          992M       911M        81M         0B       364K       2.2M
-/+ buffers/cache:       908M        83M
Swap:         8.0G       460M       7.5G

             total       used       free     shared    buffers     cached
Mem:          992M       914M        78M         0B       364K       2.1M
-/+ buffers/cache:       911M        80M
Swap:         8.0G       459M       7.5G

             total       used       free     shared    buffers     cached
Mem:          992M       916M        75M         0B       372K       2.1M
-/+ buffers/cache:       914M        77M
Swap:         8.0G       457M       7.5G

             total       used       free     shared    buffers     cached
Mem:          992M       919M        72M         0B       376K       2.1M
-/+ buffers/cache:       917M        74M
Swap:         8.0G       456M       7.6G

             total       used       free     shared    buffers     cached
Mem:          992M       922M        69M         0B       376K       2.2M
-/+ buffers/cache:       920M        72M
Swap:         8.0G       455M       7.6G

             total       used       free     shared    buffers     cached
Mem:          992M       927M        64M         0B       796K       3.4M
-/+ buffers/cache:       923M        68M
Swap:         8.0G       453M       7.6G

             total       used       free     shared    buffers     cached
Mem:          992M       920M        72M         0B       940K        16M
-/+ buffers/cache:       903M        88M
Swap:         8.0G       473M       7.5G

             total       used       free     shared    buffers     cached
Mem:          992M       914M        77M        16K       104K        24M
-/+ buffers/cache:       890M       102M
Swap:         8.0G       484M       7.5G

             total       used       free     shared    buffers     cached
Mem:          992M       915M        76M        16K       112K        24M
-/+ buffers/cache:       890M       101M
Swap:         8.0G       484M       7.5G

             total       used       free     shared    buffers     cached
Mem:          992M       916M        75M        16K       112K        24M
-/+ buffers/cache:       892M       100M
Swap:         8.0G       483M       7.5G

             total       used       free     shared    buffers     cached
Mem:          992M       918M        73M        16K       112K        24M
-/+ buffers/cache:       893M        98M
Swap:         8.0G       483M       7.5G

             total       used       free     shared    buffers     cached
Mem:          992M       919M        72M        16K       112K        24M
-/+ buffers/cache:       895M        97M
Swap:         8.0G       482M       7.5G

             total       used       free     shared    buffers     cached
Mem:          992M       927M        65M        16K       112K        30M
-/+ buffers/cache:       896M        95M
Swap:         8.0G       481M       7.5G

             total       used       free     shared    buffers     cached
Mem:          992M       914M        78M        16K       1.8M        29M
-/+ buffers/cache:       882M       109M
Swap:         8.0G       500M       7.5G

             total       used       free     shared    buffers     cached
Mem:          992M       917M        74M        20K       1.8M        30M
-/+ buffers/cache:       884M       107M
Swap:         8.0G       499M       7.5G

             total       used       free     shared    buffers     cached
Mem:          992M       919M        72M        20K       1.8M        31M
-/+ buffers/cache:       886M       105M
Swap:         8.0G       498M       7.5G

             total       used       free     shared    buffers     cached
Mem:          992M       920M        71M        20K       1.8M        31M
-/+ buffers/cache:       887M       104M
Swap:         8.0G       497M       7.5G

             total       used       free     shared    buffers     cached
Mem:          992M       922M        69M        20K       1.8M        31M
-/+ buffers/cache:       889M       102M
Swap:         8.0G       496M       7.5G

             total       used       free     shared    buffers     cached
Mem:          992M       923M        68M        20K       1.8M        31M
-/+ buffers/cache:       890M       101M
Swap:         8.0G       496M       7.5G

             total       used       free     shared    buffers     cached
Mem:          992M       925M        66M        20K       1.8M        31M
-/+ buffers/cache:       892M        99M
Swap:         8.0G       495M       7.5G

             total       used       free     shared    buffers     cached
Mem:          992M       927M        65M        20K       1.8M        31M
-/+ buffers/cache:       894M        98M
Swap:         8.0G       494M       7.5G

             total       used       free     shared    buffers     cached
Mem:          992M       928M        63M        20K       1.8M        31M
-/+ buffers/cache:       895M        96M
Swap:         8.0G       493M       7.5G

             total       used       free     shared    buffers     cached
Mem:          992M       914M        77M        20K       1.8M        30M
-/+ buffers/cache:       882M       109M
Swap:         8.0G       500M       7.5G

             total       used       free     shared    buffers     cached
Mem:          992M       916M        76M        20K       1.8M        30M
-/+ buffers/cache:       883M       108M
Swap:         8.0G       500M       7.5G

             total       used       free     shared    buffers     cached
Mem:          992M       917M        74M        20K       1.8M        30M
-/+ buffers/cache:       885M       106M
Swap:         8.0G       499M       7.5G

             total       used       free     shared    buffers     cached
Mem:          992M       919M        72M        20K       1.8M        30M
-/+ buffers/cache:       886M       105M
Swap:         8.0G       498M       7.5G

             total       used       free     shared    buffers     cached
Mem:          992M       920M        71M        20K       1.8M        30M
-/+ buffers/cache:       888M       103M
Swap:         8.0G       498M       7.5G

             total       used       free     shared    buffers     cached
Mem:          992M       922M        69M        20K       1.8M        30M
-/+ buffers/cache:       889M       102M
Swap:         8.0G       497M       7.5G

             total       used       free     shared    buffers     cached
Mem:          992M       923M        68M        20K       1.8M        30M
-/+ buffers/cache:       891M       100M
Swap:         8.0G       496M       7.5G

             total       used       free     shared    buffers     cached
Mem:          992M       924M        67M        20K       1.8M        30M
-/+ buffers/cache:       892M        99M
Swap:         8.0G       495M       7.5G

             total       used       free     shared    buffers     cached
Mem:          992M       926M        65M        20K       1.8M        30M
-/+ buffers/cache:       894M        97M
Swap:         8.0G       495M       7.5G

             total       used       free     shared    buffers     cached
Mem:          992M       927M        64M        20K       1.8M        30M
-/+ buffers/cache:       895M        96M
Swap:         8.0G       494M       7.5G

             total       used       free     shared    buffers     cached
Mem:          992M       929M        63M        20K       1.8M        30M
-/+ buffers/cache:       896M        95M
Swap:         8.0G       493M       7.5G

             total       used       free     shared    buffers     cached
Mem:          992M       913M        78M        20K       1.8M        28M
-/+ buffers/cache:       883M       109M
Swap:         8.0G       508M       7.5G

             total       used       free     shared    buffers     cached
Mem:          992M       915M        76M        20K       1.8M        28M
-/+ buffers/cache:       884M       107M
Swap:         8.0G       508M       7.5G

             total       used       free     shared    buffers     cached
Mem:          992M       916M        75M        20K       1.8M        28M
-/+ buffers/cache:       886M       106M
Swap:         8.0G       507M       7.5G

             total       used       free     shared    buffers     cached
Mem:          992M       918M        74M        20K       1.8M        28M
-/+ buffers/cache:       887M       104M
Swap:         8.0G       506M       7.5G

             total       used       free     shared    buffers     cached
Mem:          992M       919M        72M        20K       1.8M        28M
-/+ buffers/cache:       888M       103M
Swap:         8.0G       506M       7.5G

             total       used       free     shared    buffers     cached
Mem:          992M       921M        70M        20K       1.8M        28M
-/+ buffers/cache:       890M       101M
Swap:         8.0G       505M       7.5G

             total       used       free     shared    buffers     cached
Mem:          992M       922M        69M        20K       1.8M        29M
-/+ buffers/cache:       891M       100M
Swap:         8.0G       504M       7.5G

             total       used       free     shared    buffers     cached
Mem:          992M       924M        67M        20K       1.8M        28M
-/+ buffers/cache:       893M        98M
Swap:         8.0G       503M       7.5G

             total       used       free     shared    buffers     cached
Mem:          992M       925M        66M        20K       1.8M        28M
-/+ buffers/cache:       894M        97M
Swap:         8.0G       502M       7.5G

             total       used       free     shared    buffers     cached
Mem:          992M       927M        65M        20K       1.8M        28M
-/+ buffers/cache:       896M        95M
Swap:         8.0G       502M       7.5G

             total       used       free     shared    buffers     cached
Mem:          992M       928M        63M        20K       1.8M        28M
-/+ buffers/cache:       897M        94M
Swap:         8.0G       501M       7.5G

             total       used       free     shared    buffers     cached
Mem:          992M       915M        76M        20K       1.8M        27M
-/+ buffers/cache:       885M       106M
Swap:         8.0G       507M       7.5G

             total       used       free     shared    buffers     cached
Mem:          992M       916M        75M        20K       1.8M        27M
-/+ buffers/cache:       886M       105M
Swap:         8.0G       507M       7.5G

             total       used       free     shared    buffers     cached
Mem:          992M       918M        74M        20K       1.8M        27M
-/+ buffers/cache:       888M       103M
Swap:         8.0G       506M       7.5G

             total       used       free     shared    buffers     cached
Mem:          992M       919M        72M        20K       1.8M        27M
-/+ buffers/cache:       889M       102M
Swap:         8.0G       505M       7.5G

             total       used       free     shared    buffers     cached
Mem:          992M       920M        71M        20K       1.8M        27M
-/+ buffers/cache:       891M       100M
Swap:         8.0G       504M       7.5G

             total       used       free     shared    buffers     cached
Mem:          992M       922M        69M        20K       1.8M        27M
-/+ buffers/cache:       892M        99M
Swap:         8.0G       504M       7.5G

             total       used       free     shared    buffers     cached
Mem:          992M       923M        68M        20K       1.8M        27M
-/+ buffers/cache:       894M        98M
Swap:         8.0G       503M       7.5G

             total       used       free     shared    buffers     cached
Mem:          992M       925M        67M        20K       1.8M        27M
-/+ buffers/cache:       895M        96M
Swap:         8.0G       502M       7.5G

             total       used       free     shared    buffers     cached
Mem:          992M       926M        65M        20K       1.8M        27M
-/+ buffers/cache:       896M        95M
Swap:         8.0G       501M       7.5G

             total       used       free     shared    buffers     cached
Mem:          992M       928M        64M        20K       1.8M        27M
-/+ buffers/cache:       898M        93M
Swap:         8.0G       501M       7.5G

             total       used       free     shared    buffers     cached
Mem:          992M       929M        62M        20K       1.8M        27M
-/+ buffers/cache:       899M        92M
Swap:         8.0G       500M       7.5G

             total       used       free     shared    buffers     cached
Mem:          992M       914M        77M        20K       1.8M        24M
-/+ buffers/cache:       888M       103M
Swap:         8.0G       513M       7.5G

             total       used       free     shared    buffers     cached
Mem:          992M       916M        75M        20K       1.8M        24M
-/+ buffers/cache:       890M       101M
Swap:         8.0G       513M       7.5G

             total       used       free     shared    buffers     cached
Mem:          992M       917M        74M        20K       1.8M        24M
-/+ buffers/cache:       891M       100M
Swap:         8.0G       512M       7.5G

             total       used       free     shared    buffers     cached
Mem:          992M       918M        73M        20K       1.8M        24M
-/+ buffers/cache:       892M        99M
Swap:         8.0G       511M       7.5G

             total       used       free     shared    buffers     cached
Mem:          992M       920M        71M        20K       1.8M        24M
-/+ buffers/cache:       894M        97M
Swap:         8.0G       510M       7.5G

             total       used       free     shared    buffers     cached
Mem:          992M       921M        70M        20K       1.8M        24M
-/+ buffers/cache:       895M        96M
Swap:         8.0G       510M       7.5G

             total       used       free     shared    buffers     cached
Mem:          992M       922M        69M        20K       1.8M        24M
-/+ buffers/cache:       897M        95M
Swap:         8.0G       509M       7.5G

             total       used       free     shared    buffers     cached
Mem:          992M       924M        67M        20K       1.9M        24M
-/+ buffers/cache:       898M        93M
Swap:         8.0G       508M       7.5G

             total       used       free     shared    buffers     cached
Mem:          992M       925M        66M        20K       1.9M        24M
-/+ buffers/cache:       900M        92M
Swap:         8.0G       507M       7.5G

             total       used       free     shared    buffers     cached
Mem:          992M       927M        64M        20K       1.9M        24M
-/+ buffers/cache:       901M        90M
Swap:         8.0G       506M       7.5G

             total       used       free     shared    buffers     cached
Mem:          992M       928M        63M        20K       1.9M        24M
-/+ buffers/cache:       902M        89M
Swap:         8.0G       506M       7.5G

             total       used       free     shared    buffers     cached
Mem:          992M       918M        73M        20K       964K        21M
-/+ buffers/cache:       896M        95M
Swap:         8.0G       505M       7.5G

             total       used       free     shared    buffers     cached
Mem:          992M       919M        72M        20K       964K        21M
-/+ buffers/cache:       897M        94M
Swap:         8.0G       504M       7.5G

             total       used       free     shared    buffers     cached
Mem:          992M       921M        70M        20K       972K        21M
-/+ buffers/cache:       899M        92M
Swap:         8.0G       503M       7.5G

             total       used       free     shared    buffers     cached
Mem:          992M       923M        68M        20K       972K        21M
-/+ buffers/cache:       901M        90M
Swap:         8.0G       502M       7.5G

             total       used       free     shared    buffers     cached
Mem:          992M       924M        67M        20K       972K        21M
-/+ buffers/cache:       902M        89M
Swap:         8.0G       501M       7.5G

             total       used       free     shared    buffers     cached
Mem:          992M       927M        64M        20K       972K        22M
-/+ buffers/cache:       904M        87M
Swap:         8.0G       500M       7.5G

             total       used       free     shared    buffers     cached
Mem:          992M       929M        62M        24K       972K        22M
-/+ buffers/cache:       905M        86M
Swap:         8.0G       500M       7.5G

             total       used       free     shared    buffers     cached
Mem:          992M       907M        85M        24K       128K        14M
-/+ buffers/cache:       892M        99M
Swap:         8.0G       513M       7.5G

             total       used       free     shared    buffers     cached
Mem:          992M       915M        76M        24K       128K        16M
-/+ buffers/cache:       898M        93M
Swap:         8.0G       510M       7.5G

             total       used       free     shared    buffers     cached
Mem:          992M       917M        75M        24K       156K        16M
-/+ buffers/cache:       900M        92M
Swap:         8.0G       509M       7.5G

             total       used       free     shared    buffers     cached
Mem:          992M       926M        65M        24K       156K        21M
-/+ buffers/cache:       905M        86M
Swap:         8.0G       507M       7.5G

             total       used       free     shared    buffers     cached
Mem:          992M       927M        65M        24K       156K        21M
-/+ buffers/cache:       905M        86M
Swap:         8.0G       507M       7.5G

             total       used       free     shared    buffers     cached
Mem:          992M       928M        64M        24K       156K        21M
-/+ buffers/cache:       906M        85M
Swap:         8.0G       506M       7.5G

             total       used       free     shared    buffers     cached
Mem:          992M       928M        63M        24K       164K        21M
-/+ buffers/cache:       907M        84M
Swap:         8.0G       506M       7.5G

             total       used       free     shared    buffers     cached
Mem:          992M       915M        76M        24K        88K        16M
-/+ buffers/cache:       899M        92M
Swap:         8.0G       508M       7.5G

             total       used       free     shared    buffers     cached
Mem:          992M       916M        75M        24K       220K        16M
-/+ buffers/cache:       899M        92M
Swap:         8.0G       508M       7.5G

             total       used       free     shared    buffers     cached
Mem:          992M       916M        75M        24K       220K        16M
-/+ buffers/cache:       900M        91M
Swap:         8.0G       508M       7.5G

             total       used       free     shared    buffers     cached
Mem:          992M       917M        74M        24K       484K        16M
-/+ buffers/cache:       901M        91M
Swap:         8.0G       507M       7.5G

             total       used       free     shared    buffers     cached
Mem:          992M       918M        73M        24K       492K        16M
-/+ buffers/cache:       901M        90M
Swap:         8.0G       507M       7.5G

             total       used       free     shared    buffers     cached
Mem:          992M       919M        72M        24K       492K        16M
-/+ buffers/cache:       902M        89M
Swap:         8.0G       507M       7.5G

             total       used       free     shared    buffers     cached
Mem:          992M       905M        86M       180K       944K        25M
-/+ buffers/cache:       879M       113M
Swap:         8.0G       541M       7.5G

             total       used       free     shared    buffers     cached
Mem:          992M       919M        73M       3.9M       5.4M        54M
-/+ buffers/cache:       859M       132M
Swap:         8.0G       567M       7.4G

             total       used       free     shared    buffers     cached
Mem:          992M       928M        64M       208K       5.3M        65M
-/+ buffers/cache:       857M       135M
Swap:         8.0G       579M       7.4G

             total       used       free     shared    buffers     cached
Mem:          992M       913M        78M       220K       4.1M        60M
-/+ buffers/cache:       848M       143M
Swap:         8.0G       586M       7.4G

             total       used       free     shared    buffers     cached
Mem:          992M       913M        78M       220K       4.1M        60M
-/+ buffers/cache:       849M       143M
Swap:         8.0G       586M       7.4G

             total       used       free     shared    buffers     cached
Mem:          992M       915M        77M       220K       4.1M        60M
-/+ buffers/cache:       850M       141M
Swap:         8.0G       585M       7.4G

             total       used       free     shared    buffers     cached
Mem:          992M       916M        75M       220K       4.1M        60M
-/+ buffers/cache:       851M       140M
Swap:         8.0G       584M       7.4G

             total       used       free     shared    buffers     cached
Mem:          992M       919M        72M       220K       4.3M        61M
-/+ buffers/cache:       853M       138M
Swap:         8.0G       584M       7.4G

             total       used       free     shared    buffers     cached
Mem:          992M       920M        71M       220K       4.3M        61M
-/+ buffers/cache:       855M       136M
Swap:         8.0G       583M       7.4G

             total       used       free     shared    buffers     cached
Mem:          992M       922M        69M       220K       4.3M        61M
-/+ buffers/cache:       856M       135M
Swap:         8.0G       582M       7.4G

             total       used       free     shared    buffers     cached
Mem:          992M       923M        68M       220K       4.3M        61M
-/+ buffers/cache:       858M       134M
Swap:         8.0G       582M       7.4G

             total       used       free     shared    buffers     cached
Mem:          992M       925M        66M       220K       4.3M        61M
-/+ buffers/cache:       859M       132M
Swap:         8.0G       581M       7.4G

             total       used       free     shared    buffers     cached
Mem:          992M       926M        65M       220K       4.3M        61M
-/+ buffers/cache:       861M       131M
Swap:         8.0G       580M       7.4G

             total       used       free     shared    buffers     cached
Mem:          992M       928M        63M       220K       4.3M        61M
-/+ buffers/cache:       862M       129M
Swap:         8.0G       580M       7.4G

             total       used       free     shared    buffers     cached
Mem:          992M       917M        74M       220K       4.3M        60M
-/+ buffers/cache:       852M       139M
Swap:         8.0G       593M       7.4G

             total       used       free     shared    buffers     cached
Mem:          992M       919M        73M       220K       4.3M        60M
-/+ buffers/cache:       853M       138M
Swap:         8.0G       592M       7.4G

             total       used       free     shared    buffers     cached
Mem:          992M       920M        71M       220K       4.3M        60M
-/+ buffers/cache:       855M       136M
Swap:         8.0G       592M       7.4G

             total       used       free     shared    buffers     cached
Mem:          992M       922M        69M       220K       4.3M        61M
-/+ buffers/cache:       856M       135M
Swap:         8.0G       591M       7.4G

             total       used       free     shared    buffers     cached
Mem:          992M       923M        68M       220K       4.3M        61M
-/+ buffers/cache:       858M       133M
Swap:         8.0G       591M       7.4G

             total       used       free     shared    buffers     cached
Mem:          992M       925M        66M       220K       4.3M        61M
-/+ buffers/cache:       859M       132M
Swap:         8.0G       590M       7.4G

             total       used       free     shared    buffers     cached
Mem:          992M       926M        65M       220K       4.3M        61M
-/+ buffers/cache:       861M       130M
Swap:         8.0G       589M       7.4G

             total       used       free     shared    buffers     cached
Mem:          992M       928M        63M       220K       4.3M        61M
-/+ buffers/cache:       862M       129M
Swap:         8.0G       589M       7.4G

             total       used       free     shared    buffers     cached
Mem:          992M       911M        80M       220K       3.9M        59M
-/+ buffers/cache:       847M       144M
Swap:         8.0G       598M       7.4G

             total       used       free     shared    buffers     cached
Mem:          992M       912M        79M       220K       3.9M        59M
-/+ buffers/cache:       849M       143M
Swap:         8.0G       597M       7.4G

             total       used       free     shared    buffers     cached
Mem:          992M       914M        77M       220K       3.9M        59M
-/+ buffers/cache:       850M       141M
Swap:         8.0G       596M       7.4G

             total       used       free     shared    buffers     cached
Mem:          992M       915M        76M       220K       3.9M        59M
-/+ buffers/cache:       851M       140M
Swap:         8.0G       596M       7.4G

             total       used       free     shared    buffers     cached
Mem:          992M       917M        74M       220K       3.9M        59M
-/+ buffers/cache:       853M       138M
Swap:         8.0G       595M       7.4G

             total       used       free     shared    buffers     cached
Mem:          992M       918M        73M       220K       3.9M        59M
-/+ buffers/cache:       855M       137M
Swap:         8.0G       595M       7.4G

             total       used       free     shared    buffers     cached
Mem:          992M       920M        71M       220K       3.9M        59M
-/+ buffers/cache:       856M       135M
Swap:         8.0G       594M       7.4G

             total       used       free     shared    buffers     cached
Mem:          992M       921M        70M       220K       3.9M        59M
-/+ buffers/cache:       858M       134M
Swap:         8.0G       593M       7.4G

             total       used       free     shared    buffers     cached
Mem:          992M       923M        68M       220K       3.9M        59M
-/+ buffers/cache:       859M       132M
Swap:         8.0G       593M       7.4G

             total       used       free     shared    buffers     cached
Mem:          992M       924M        67M       220K       3.9M        59M
-/+ buffers/cache:       861M       131M
Swap:         8.0G       592M       7.4G

             total       used       free     shared    buffers     cached
Mem:          992M       926M        65M       220K       3.9M        59M
-/+ buffers/cache:       862M       129M
Swap:         8.0G       591M       7.4G

             total       used       free     shared    buffers     cached
Mem:          992M       927M        64M       220K       3.9M        59M
-/+ buffers/cache:       864M       128M
Swap:         8.0G       591M       7.4G

             total       used       free     shared    buffers     cached
Mem:          992M       929M        62M       220K       3.9M        59M
-/+ buffers/cache:       865M       126M
Swap:         8.0G       590M       7.4G

             total       used       free     shared    buffers     cached
Mem:          992M       918M        74M       220K       3.9M        57M
-/+ buffers/cache:       857M       134M
Swap:         8.0G       595M       7.4G

             total       used       free     shared    buffers     cached
Mem:          992M       919M        72M       220K       3.9M        57M
-/+ buffers/cache:       858M       133M
Swap:         8.0G       594M       7.4G

             total       used       free     shared    buffers     cached
Mem:          992M       921M        70M       220K       3.9M        57M
-/+ buffers/cache:       860M       131M
Swap:         8.0G       593M       7.4G

             total       used       free     shared    buffers     cached
Mem:          992M       922M        69M       220K       3.9M        57M
-/+ buffers/cache:       862M       130M
Swap:         8.0G       593M       7.4G

             total       used       free     shared    buffers     cached
Mem:          992M       924M        67M       220K       3.9M        57M
-/+ buffers/cache:       863M       128M
Swap:         8.0G       592M       7.4G

             total       used       free     shared    buffers     cached
Mem:          992M       925M        66M       220K       3.9M        57M
-/+ buffers/cache:       865M       127M
Swap:         8.0G       591M       7.4G

             total       used       free     shared    buffers     cached
Mem:          992M       927M        64M       220K       3.9M        57M
-/+ buffers/cache:       866M       125M
Swap:         8.0G       591M       7.4G

             total       used       free     shared    buffers     cached
Mem:          992M       909M        82M       220K       4.2M        57M
-/+ buffers/cache:       848M       144M
Swap:         8.0G       607M       7.4G

             total       used       free     shared    buffers     cached
Mem:          992M       907M        84M       268K       6.1M        65M
-/+ buffers/cache:       836M       155M
Swap:         8.0G       622M       7.4G
