             total       used       free     shared    buffers     cached
Mem:          992M       664M       327M       3.2M        39M       290M
-/+ buffers/cache:       335M       656M
Swap:         8.0G         0B       8.0G

             total       used       free     shared    buffers     cached
Mem:          992M       663M       328M       1.4M        39M       288M
-/+ buffers/cache:       335M       656M
Swap:         8.0G         0B       8.0G

             total       used       free     shared    buffers     cached
Mem:          992M       663M       328M       1.4M        39M       288M
-/+ buffers/cache:       335M       656M
Swap:         8.0G         0B       8.0G

             total       used       free     shared    buffers     cached
Mem:          992M       663M       328M       1.4M        39M       288M
-/+ buffers/cache:       335M       656M
Swap:         8.0G         0B       8.0G

             total       used       free     shared    buffers     cached
Mem:          992M       663M       328M       1.4M        39M       288M
-/+ buffers/cache:       335M       656M
Swap:         8.0G         0B       8.0G

             total       used       free     shared    buffers     cached
Mem:          992M       663M       328M       1.4M        39M       288M
-/+ buffers/cache:       335M       656M
Swap:         8.0G         0B       8.0G

             total       used       free     shared    buffers     cached
Mem:          992M       663M       328M       1.4M        39M       288M
-/+ buffers/cache:       335M       656M
Swap:         8.0G         0B       8.0G

             total       used       free     shared    buffers     cached
Mem:          992M       663M       329M       1.4M        39M       288M
-/+ buffers/cache:       334M       657M
Swap:         8.0G         0B       8.0G

             total       used       free     shared    buffers     cached
Mem:          992M       663M       329M       1.4M        39M       288M
-/+ buffers/cache:       334M       657M
Swap:         8.0G         0B       8.0G

             total       used       free     shared    buffers     cached
Mem:          992M       663M       329M       1.4M        39M       288M
-/+ buffers/cache:       334M       657M
Swap:         8.0G         0B       8.0G

             total       used       free     shared    buffers     cached
Mem:          992M       666M       325M       1.5M        39M       288M
-/+ buffers/cache:       338M       653M
Swap:         8.0G         0B       8.0G

             total       used       free     shared    buffers     cached
Mem:          992M       688M       304M       1.5M        39M       289M
-/+ buffers/cache:       359M       632M
Swap:         8.0G         0B       8.0G

             total       used       free     shared    buffers     cached
Mem:          992M       672M       319M       1.5M        39M       290M
-/+ buffers/cache:       343M       649M
Swap:         8.0G         0B       8.0G

             total       used       free     shared    buffers     cached
Mem:          992M       672M       319M       1.5M        39M       290M
-/+ buffers/cache:       343M       649M
Swap:         8.0G         0B       8.0G

             total       used       free     shared    buffers     cached
Mem:          992M       672M       319M       1.5M        39M       290M
-/+ buffers/cache:       343M       649M
Swap:         8.0G         0B       8.0G

             total       used       free     shared    buffers     cached
Mem:          992M       672M       319M       1.5M        39M       290M
-/+ buffers/cache:       343M       649M
Swap:         8.0G         0B       8.0G

             total       used       free     shared    buffers     cached
Mem:          992M       672M       319M       1.5M        39M       290M
-/+ buffers/cache:       343M       649M
Swap:         8.0G         0B       8.0G

             total       used       free     shared    buffers     cached
Mem:          992M       672M       319M       1.5M        39M       290M
-/+ buffers/cache:       342M       649M
Swap:         8.0G         0B       8.0G

             total       used       free     shared    buffers     cached
Mem:          992M       672M       319M       1.5M        39M       290M
-/+ buffers/cache:       342M       649M
Swap:         8.0G         0B       8.0G

             total       used       free     shared    buffers     cached
Mem:          992M       672M       319M       1.5M        39M       290M
-/+ buffers/cache:       342M       649M
Swap:         8.0G         0B       8.0G

             total       used       free     shared    buffers     cached
Mem:          992M       672M       319M       1.5M        39M       290M
-/+ buffers/cache:       342M       649M
Swap:         8.0G         0B       8.0G

             total       used       free     shared    buffers     cached
Mem:          992M       672M       319M       1.5M        39M       290M
-/+ buffers/cache:       343M       649M
Swap:         8.0G         0B       8.0G

             total       used       free     shared    buffers     cached
Mem:          992M       672M       319M       1.5M        39M       290M
-/+ buffers/cache:       343M       649M
Swap:         8.0G         0B       8.0G

             total       used       free     shared    buffers     cached
Mem:          992M       672M       319M       1.5M        39M       290M
-/+ buffers/cache:       343M       649M
Swap:         8.0G         0B       8.0G

             total       used       free     shared    buffers     cached
Mem:          992M       672M       319M       1.5M        39M       290M
-/+ buffers/cache:       343M       649M
Swap:         8.0G         0B       8.0G

             total       used       free     shared    buffers     cached
Mem:          992M       672M       319M       1.5M        39M       290M
-/+ buffers/cache:       343M       649M
Swap:         8.0G         0B       8.0G

             total       used       free     shared    buffers     cached
Mem:          992M       672M       319M       1.5M        39M       290M
-/+ buffers/cache:       343M       649M
Swap:         8.0G         0B       8.0G

             total       used       free     shared    buffers     cached
Mem:          992M       672M       319M       1.5M        39M       290M
-/+ buffers/cache:       343M       649M
Swap:         8.0G         0B       8.0G

             total       used       free     shared    buffers     cached
Mem:          992M       672M       319M       1.5M        39M       290M
-/+ buffers/cache:       343M       649M
Swap:         8.0G         0B       8.0G

             total       used       free     shared    buffers     cached
Mem:          992M       672M       319M       1.5M        39M       290M
-/+ buffers/cache:       343M       649M
Swap:         8.0G         0B       8.0G

             total       used       free     shared    buffers     cached
Mem:          992M       672M       319M       1.5M        39M       290M
-/+ buffers/cache:       343M       649M
Swap:         8.0G         0B       8.0G

             total       used       free     shared    buffers     cached
Mem:          992M       672M       319M       1.5M        39M       290M
-/+ buffers/cache:       343M       649M
Swap:         8.0G         0B       8.0G

             total       used       free     shared    buffers     cached
Mem:          992M       672M       319M       1.5M        39M       290M
-/+ buffers/cache:       343M       649M
Swap:         8.0G         0B       8.0G

             total       used       free     shared    buffers     cached
Mem:          992M       678M       313M       1.5M        39M       290M
-/+ buffers/cache:       349M       643M
Swap:         8.0G         0B       8.0G

             total       used       free     shared    buffers     cached
Mem:          992M       694M       297M       1.5M        39M       290M
-/+ buffers/cache:       365M       626M
Swap:         8.0G         0B       8.0G

             total       used       free     shared    buffers     cached
Mem:          992M       712M       279M       1.5M        39M       290M
-/+ buffers/cache:       383M       608M
Swap:         8.0G         0B       8.0G

             total       used       free     shared    buffers     cached
Mem:          992M       729M       262M       1.5M        39M       290M
-/+ buffers/cache:       400M       591M
Swap:         8.0G         0B       8.0G

             total       used       free     shared    buffers     cached
Mem:          992M       747M       245M       1.5M        39M       290M
-/+ buffers/cache:       417M       574M
Swap:         8.0G         0B       8.0G

             total       used       free     shared    buffers     cached
Mem:          992M       765M       226M       1.5M        39M       290M
-/+ buffers/cache:       436M       555M
Swap:         8.0G         0B       8.0G

             total       used       free     shared    buffers     cached
Mem:          992M       782M       210M       1.5M        39M       290M
-/+ buffers/cache:       452M       539M
Swap:         8.0G         0B       8.0G

             total       used       free     shared    buffers     cached
Mem:          992M       797M       194M       1.5M        39M       290M
-/+ buffers/cache:       467M       524M
Swap:         8.0G         0B       8.0G

             total       used       free     shared    buffers     cached
Mem:          992M       814M       177M       1.5M        39M       290M
-/+ buffers/cache:       485M       507M
Swap:         8.0G         0B       8.0G

             total       used       free     shared    buffers     cached
Mem:          992M       830M       161M       1.5M        39M       290M
-/+ buffers/cache:       500M       491M
Swap:         8.0G         0B       8.0G

             total       used       free     shared    buffers     cached
Mem:          992M       851M       140M       1.5M        39M       290M
-/+ buffers/cache:       522M       470M
Swap:         8.0G         0B       8.0G

             total       used       free     shared    buffers     cached
Mem:          992M       868M       123M       1.5M        39M       290M
-/+ buffers/cache:       539M       453M
Swap:         8.0G         0B       8.0G

             total       used       free     shared    buffers     cached
Mem:          992M       884M       107M       1.5M        39M       290M
-/+ buffers/cache:       555M       436M
Swap:         8.0G         0B       8.0G

             total       used       free     shared    buffers     cached
Mem:          992M       898M        94M       1.5M        39M       290M
-/+ buffers/cache:       568M       423M
Swap:         8.0G         0B       8.0G

             total       used       free     shared    buffers     cached
Mem:          992M       914M        77M       1.5M        39M       290M
-/+ buffers/cache:       585M       406M
Swap:         8.0G         0B       8.0G

             total       used       free     shared    buffers     cached
Mem:          992M       931M        60M       1.5M        39M       290M
-/+ buffers/cache:       602M       389M
Swap:         8.0G         0B       8.0G

             total       used       free     shared    buffers     cached
Mem:          992M       926M        65M       1.5M        17M       288M
-/+ buffers/cache:       619M       372M
Swap:         8.0G         0B       8.0G

             total       used       free     shared    buffers     cached
Mem:          992M       927M        64M       1.5M        10M       279M
-/+ buffers/cache:       637M       354M
Swap:         8.0G         0B       8.0G

             total       used       free     shared    buffers     cached
Mem:          992M       927M        64M       1.4M        10M       262M
-/+ buffers/cache:       654M       338M
Swap:         8.0G       116K       8.0G

             total       used       free     shared    buffers     cached
Mem:          992M       924M        67M       1.3M        10M       244M
-/+ buffers/cache:       670M       321M
Swap:         8.0G       544K       8.0G

             total       used       free     shared    buffers     cached
Mem:          992M       927M        64M       1.2M        10M       231M
-/+ buffers/cache:       685M       306M
Swap:         8.0G       4.7M       8.0G

             total       used       free     shared    buffers     cached
Mem:          992M       913M        78M       1.1M       9.5M       206M
-/+ buffers/cache:       697M       294M
Swap:         8.0G       9.1M       8.0G

             total       used       free     shared    buffers     cached
Mem:          992M       927M        64M       1.1M       9.5M       206M
-/+ buffers/cache:       711M       280M
Swap:         8.0G       9.1M       8.0G

             total       used       free     shared    buffers     cached
Mem:          992M       917M        74M       1.1M       1.8M       188M
-/+ buffers/cache:       726M       265M
Swap:         8.0G       9.1M       8.0G

             total       used       free     shared    buffers     cached
Mem:          992M       918M        74M       1.1M       288K       174M
-/+ buffers/cache:       742M       249M
Swap:         8.0G       9.1M       8.0G

             total       used       free     shared    buffers     cached
Mem:          992M       908M        83M       1.1M       164K       152M
-/+ buffers/cache:       755M       236M
Swap:         8.0G       9.1M       8.0G

             total       used       free     shared    buffers     cached
Mem:          992M       922M        69M       1.1M       164K       152M
-/+ buffers/cache:       769M       222M
Swap:         8.0G       9.1M       8.0G

             total       used       free     shared    buffers     cached
Mem:          992M       918M        73M       1.1M       172K       134M
-/+ buffers/cache:       783M       208M
Swap:         8.0G       9.1M       8.0G

             total       used       free     shared    buffers     cached
Mem:          992M       927M        64M       1.1M       332K       134M
-/+ buffers/cache:       792M       199M
Swap:         8.0G       9.1M       8.0G

             total       used       free     shared    buffers     cached
Mem:          992M       926M        66M       1.1M       240K       119M
-/+ buffers/cache:       806M       185M
Swap:         8.0G       9.1M       8.0G

             total       used       free     shared    buffers     cached
Mem:          992M       926M        66M       1.1M       252K       104M
-/+ buffers/cache:       820M       171M
Swap:         8.0G       9.1M       8.0G

             total       used       free     shared    buffers     cached
Mem:          992M       909M        82M       1.1M       252K        71M
-/+ buffers/cache:       837M       154M
Swap:         8.0G       9.1M       8.0G

             total       used       free     shared    buffers     cached
Mem:          992M       925M        66M       1.1M       252K        71M
-/+ buffers/cache:       853M       138M
Swap:         8.0G       9.1M       8.0G

             total       used       free     shared    buffers     cached
Mem:          992M       925M        67M       1.1M       252K        55M
-/+ buffers/cache:       869M       122M
Swap:         8.0G       9.1M       8.0G

             total       used       free     shared    buffers     cached
Mem:          992M       926M        65M       1.1M       400K        42M
-/+ buffers/cache:       883M       108M
Swap:         8.0G       9.1M       8.0G

             total       used       free     shared    buffers     cached
Mem:          992M       923M        69M       1.1M       672K        24M
-/+ buffers/cache:       897M        94M
Swap:         8.0G       9.1M       8.0G

             total       used       free     shared    buffers     cached
Mem:          992M       929M        62M       1.1M       676K        15M
-/+ buffers/cache:       913M        78M
Swap:         8.0G       9.1M       8.0G

             total       used       free     shared    buffers     cached
Mem:          992M       921M        70M       744K       1.2M        12M
-/+ buffers/cache:       908M        83M
Swap:         8.0G        34M       8.0G

             total       used       free     shared    buffers     cached
Mem:          992M       923M        68M       712K       800K        11M
-/+ buffers/cache:       911M        80M
Swap:         8.0G        56M       7.9G

             total       used       free     shared    buffers     cached
Mem:          992M       922M        69M       712K       784K        10M
-/+ buffers/cache:       910M        81M
Swap:         8.0G        56M       7.9G

             total       used       free     shared    buffers     cached
Mem:          992M       925M        66M       712K       216K       8.2M
-/+ buffers/cache:       917M        74M
Swap:         8.0G        76M       7.9G

             total       used       free     shared    buffers     cached
Mem:          992M       918M        73M       704K        84K       4.9M
-/+ buffers/cache:       913M        78M
Swap:         8.0G        83M       7.9G

             total       used       free     shared    buffers     cached
Mem:          992M       918M        74M       688K       356K       3.9M
-/+ buffers/cache:       913M        78M
Swap:         8.0G       119M       7.9G

             total       used       free     shared    buffers     cached
Mem:          992M       921M        70M       676K       356K       3.3M
-/+ buffers/cache:       918M        74M
Swap:         8.0G       148M       7.9G

             total       used       free     shared    buffers     cached
Mem:          992M       919M        72M       676K       364K       3.2M
-/+ buffers/cache:       916M        75M
Swap:         8.0G       148M       7.9G

             total       used       free     shared    buffers     cached
Mem:          992M       920M        71M       676K       364K       3.2M
-/+ buffers/cache:       917M        75M
Swap:         8.0G       148M       7.9G

             total       used       free     shared    buffers     cached
Mem:          992M       921M        70M       624K       356K       3.1M
-/+ buffers/cache:       918M        73M
Swap:         8.0G       164M       7.8G

             total       used       free     shared    buffers     cached
Mem:          992M       922M        69M       636K       356K       3.1M
-/+ buffers/cache:       918M        73M
Swap:         8.0G       164M       7.8G

             total       used       free     shared    buffers     cached
Mem:          992M       921M        70M       584K       356K       3.0M
-/+ buffers/cache:       918M        73M
Swap:         8.0G       200M       7.8G

             total       used       free     shared    buffers     cached
Mem:          992M       920M        72M       584K       348K       3.1M
-/+ buffers/cache:       916M        75M
Swap:         8.0G       200M       7.8G

             total       used       free     shared    buffers     cached
Mem:          992M       919M        73M       584K       356K       2.9M
-/+ buffers/cache:       915M        76M
Swap:         8.0G       216M       7.8G

             total       used       free     shared    buffers     cached
Mem:          992M       906M        85M       532K       336K       2.6M
-/+ buffers/cache:       903M        88M
Swap:         8.0G       250M       7.8G

             total       used       free     shared    buffers     cached
Mem:          992M       919M        72M       548K       336K       2.7M
-/+ buffers/cache:       916M        75M
Swap:         8.0G       250M       7.8G

             total       used       free     shared    buffers     cached
Mem:          992M       915M        76M       548K       332K       2.7M
-/+ buffers/cache:       912M        79M
Swap:         8.0G       250M       7.8G

             total       used       free     shared    buffers     cached
Mem:          992M       927M        64M       548K       332K       2.7M
-/+ buffers/cache:       924M        67M
Swap:         8.0G       250M       7.8G

             total       used       free     shared    buffers     cached
Mem:          992M       906M        85M       548K       340K       2.6M
-/+ buffers/cache:       903M        88M
Swap:         8.0G       291M       7.7G

             total       used       free     shared    buffers     cached
Mem:          992M       910M        81M       548K       340K       2.6M
-/+ buffers/cache:       908M        84M
Swap:         8.0G       291M       7.7G

             total       used       free     shared    buffers     cached
Mem:          992M       917M        74M       548K       340K       2.6M
-/+ buffers/cache:       914M        77M
Swap:         8.0G       291M       7.7G

             total       used       free     shared    buffers     cached
Mem:          992M       923M        68M       548K       340K       2.6M
-/+ buffers/cache:       920M        71M
Swap:         8.0G       291M       7.7G

             total       used       free     shared    buffers     cached
Mem:          992M       916M        76M       548K       340K       2.6M
-/+ buffers/cache:       913M        78M
Swap:         8.0G       292M       7.7G

             total       used       free     shared    buffers     cached
Mem:          992M       922M        69M       548K       348K       2.6M
-/+ buffers/cache:       919M        72M
Swap:         8.0G       292M       7.7G

             total       used       free     shared    buffers     cached
Mem:          992M       927M        65M       548K       348K       2.6M
-/+ buffers/cache:       924M        68M
Swap:         8.0G       292M       7.7G

             total       used       free     shared    buffers     cached
Mem:          992M       916M        75M       548K       232K       2.6M
-/+ buffers/cache:       913M        78M
Swap:         8.0G       312M       7.7G

             total       used       free     shared    buffers     cached
Mem:          992M       921M        70M       548K       232K       2.6M
-/+ buffers/cache:       918M        73M
Swap:         8.0G       312M       7.7G

             total       used       free     shared    buffers     cached
Mem:          992M       926M        65M       548K       232K       2.6M
-/+ buffers/cache:       923M        68M
Swap:         8.0G       312M       7.7G

             total       used       free     shared    buffers     cached
Mem:          992M       909M        83M       548K        76K       2.5M
-/+ buffers/cache:       906M        85M
Swap:         8.0G       334M       7.7G

             total       used       free     shared    buffers     cached
Mem:          992M       912M        79M       548K        84K       2.5M
-/+ buffers/cache:       910M        82M
Swap:         8.0G       334M       7.7G

             total       used       free     shared    buffers     cached
Mem:          992M       916M        75M       548K        84K       2.5M
-/+ buffers/cache:       914M        78M
Swap:         8.0G       334M       7.7G

             total       used       free     shared    buffers     cached
Mem:          992M       920M        71M       548K        84K       2.5M
-/+ buffers/cache:       918M        73M
Swap:         8.0G       334M       7.7G

             total       used       free     shared    buffers     cached
Mem:          992M       918M        74M        28K        84K       2.0M
-/+ buffers/cache:       916M        76M
Swap:         8.0G       336M       7.7G

             total       used       free     shared    buffers     cached
Mem:          992M       918M        73M        16K        84K       1.9M
-/+ buffers/cache:       916M        75M
Swap:         8.0G       333M       7.7G

             total       used       free     shared    buffers     cached
Mem:          992M       911M        81M         0B        76K        16M
-/+ buffers/cache:       894M        97M
Swap:         8.0G       369M       7.6G

             total       used       free     shared    buffers     cached
Mem:          992M       918M        73M         0B       504K       7.4M
-/+ buffers/cache:       910M        81M
Swap:         8.0G       345M       7.7G

             total       used       free     shared    buffers     cached
Mem:          992M       919M        72M        28K       228K        11M
-/+ buffers/cache:       908M        83M
Swap:         8.0G       354M       7.7G

             total       used       free     shared    buffers     cached
Mem:          992M       914M        77M        28K       324K       4.3M
-/+ buffers/cache:       910M        82M
Swap:         8.0G       362M       7.6G

             total       used       free     shared    buffers     cached
Mem:          992M       919M        72M        28K        84K       3.5M
-/+ buffers/cache:       916M        76M
Swap:         8.0G       345M       7.7G

             total       used       free     shared    buffers     cached
Mem:          992M       916M        76M        28K        92K       1.7M
-/+ buffers/cache:       914M        78M
Swap:         8.0G       358M       7.6G

             total       used       free     shared    buffers     cached
Mem:          992M       917M        74M        28K       100K       2.1M
-/+ buffers/cache:       915M        76M
Swap:         8.0G       356M       7.6G

             total       used       free     shared    buffers     cached
Mem:          992M       928M        64M        28K       100K       2.2M
-/+ buffers/cache:       925M        66M
Swap:         8.0G       346M       7.7G

             total       used       free     shared    buffers     cached
Mem:          992M       916M        75M        28K        84K       1.8M
-/+ buffers/cache:       914M        77M
Swap:         8.0G       361M       7.6G

             total       used       free     shared    buffers     cached
Mem:          992M       918M        74M        28K        84K       1.8M
-/+ buffers/cache:       916M        76M
Swap:         8.0G       352M       7.7G

             total       used       free     shared    buffers     cached
Mem:          992M       921M        71M        28K        88K       1.7M
-/+ buffers/cache:       919M        72M
Swap:         8.0G       356M       7.6G

             total       used       free     shared    buffers     cached
Mem:          992M       917M        75M        28K        88K       1.7M
-/+ buffers/cache:       915M        76M
Swap:         8.0G       362M       7.6G

             total       used       free     shared    buffers     cached
Mem:          992M       919M        72M        28K        96K       1.7M
-/+ buffers/cache:       917M        74M
Swap:         8.0G       365M       7.6G

             total       used       free     shared    buffers     cached
Mem:          992M       918M        73M        28K        96K       2.0M
-/+ buffers/cache:       916M        75M
Swap:         8.0G       365M       7.6G

             total       used       free     shared    buffers     cached
Mem:          992M       923M        68M        28K       104K       2.0M
-/+ buffers/cache:       921M        70M
Swap:         8.0G       363M       7.6G

             total       used       free     shared    buffers     cached
Mem:          992M       929M        63M        28K       104K       2.0M
-/+ buffers/cache:       927M        65M
Swap:         8.0G       362M       7.6G

             total       used       free     shared    buffers     cached
Mem:          992M       917M        75M        28K       112K       1.9M
-/+ buffers/cache:       915M        77M
Swap:         8.0G       373M       7.6G

             total       used       free     shared    buffers     cached
Mem:          992M       922M        69M        28K       112K       2.1M
-/+ buffers/cache:       920M        71M
Swap:         8.0G       373M       7.6G

             total       used       free     shared    buffers     cached
Mem:          992M       927M        64M        28K       112K       2.1M
-/+ buffers/cache:       925M        66M
Swap:         8.0G       373M       7.6G

             total       used       free     shared    buffers     cached
Mem:          992M       918M        73M        28K        84K       2.0M
-/+ buffers/cache:       916M        75M
Swap:         8.0G       389M       7.6G

             total       used       free     shared    buffers     cached
Mem:          992M       923M        68M        28K        84K       2.0M
-/+ buffers/cache:       921M        70M
Swap:         8.0G       389M       7.6G

             total       used       free     shared    buffers     cached
Mem:          992M       915M        76M        28K        84K       2.0M
-/+ buffers/cache:       913M        78M
Swap:         8.0G       396M       7.6G

             total       used       free     shared    buffers     cached
Mem:          992M       920M        71M        28K        84K       2.0M
-/+ buffers/cache:       918M        73M
Swap:         8.0G       396M       7.6G

             total       used       free     shared    buffers     cached
Mem:          992M       925M        67M        28K        84K       2.0M
-/+ buffers/cache:       923M        69M
Swap:         8.0G       396M       7.6G

             total       used       free     shared    buffers     cached
Mem:          992M       928M        63M        28K       224K       2.7M
-/+ buffers/cache:       925M        66M
Swap:         8.0G       395M       7.6G

             total       used       free     shared    buffers     cached
Mem:          992M       916M        75M        28K       224K       2.6M
-/+ buffers/cache:       913M        78M
Swap:         8.0G       404M       7.6G

             total       used       free     shared    buffers     cached
Mem:          992M       918M        73M        28K       224K       2.6M
-/+ buffers/cache:       915M        76M
Swap:         8.0G       404M       7.6G

             total       used       free     shared    buffers     cached
Mem:          992M       921M        71M        28K       232K       2.8M
-/+ buffers/cache:       918M        74M
Swap:         8.0G       403M       7.6G

             total       used       free     shared    buffers     cached
Mem:          992M       923M        68M        28K       232K       2.8M
-/+ buffers/cache:       920M        71M
Swap:         8.0G       402M       7.6G

             total       used       free     shared    buffers     cached
Mem:          992M       925M        66M        28K       232K       2.8M
-/+ buffers/cache:       922M        69M
Swap:         8.0G       401M       7.6G

             total       used       free     shared    buffers     cached
Mem:          992M       927M        64M        28K       232K       2.8M
-/+ buffers/cache:       924M        67M
Swap:         8.0G       400M       7.6G

             total       used       free     shared    buffers     cached
Mem:          992M       914M        77M        28K       232K       2.8M
-/+ buffers/cache:       911M        80M
Swap:         8.0G       415M       7.6G

             total       used       free     shared    buffers     cached
Mem:          992M       916M        75M        28K       240K       2.7M
-/+ buffers/cache:       913M        78M
Swap:         8.0G       414M       7.6G

             total       used       free     shared    buffers     cached
Mem:          992M       918M        73M        28K       240K       2.7M
-/+ buffers/cache:       915M        76M
Swap:         8.0G       413M       7.6G

             total       used       free     shared    buffers     cached
Mem:          992M       920M        71M        28K       240K       2.8M
-/+ buffers/cache:       917M        74M
Swap:         8.0G       412M       7.6G

             total       used       free     shared    buffers     cached
Mem:          992M       922M        69M        28K       240K       2.7M
-/+ buffers/cache:       919M        72M
Swap:         8.0G       412M       7.6G

             total       used       free     shared    buffers     cached
Mem:          992M       925M        66M        28K       240K       2.9M
-/+ buffers/cache:       922M        70M
Swap:         8.0G       411M       7.6G

             total       used       free     shared    buffers     cached
Mem:          992M       927M        64M        28K       248K       2.9M
-/+ buffers/cache:       924M        67M
Swap:         8.0G       410M       7.6G

             total       used       free     shared    buffers     cached
Mem:          992M       915M        76M        28K       248K       2.8M
-/+ buffers/cache:       912M        79M
Swap:         8.0G       425M       7.6G

             total       used       free     shared    buffers     cached
Mem:          992M       917M        74M         0B       248K       2.8M
-/+ buffers/cache:       914M        77M
Swap:         8.0G       424M       7.6G

             total       used       free     shared    buffers     cached
Mem:          992M       919M        72M         0B       248K       2.8M
-/+ buffers/cache:       916M        75M
Swap:         8.0G       423M       7.6G

             total       used       free     shared    buffers     cached
Mem:          992M       921M        70M         0B       248K       2.8M
-/+ buffers/cache:       918M        73M
Swap:         8.0G       422M       7.6G

             total       used       free     shared    buffers     cached
Mem:          992M       923M        68M         0B       248K       2.8M
-/+ buffers/cache:       920M        71M
Swap:         8.0G       421M       7.6G

             total       used       free     shared    buffers     cached
Mem:          992M       926M        66M         0B       256K       2.8M
-/+ buffers/cache:       923M        69M
Swap:         8.0G       420M       7.6G

             total       used       free     shared    buffers     cached
Mem:          992M       928M        63M         0B       256K       2.8M
-/+ buffers/cache:       925M        66M
Swap:         8.0G       419M       7.6G

             total       used       free     shared    buffers     cached
Mem:          992M       918M        74M         0B       252K       2.8M
-/+ buffers/cache:       915M        77M
Swap:         8.0G       424M       7.6G

             total       used       free     shared    buffers     cached
Mem:          992M       920M        71M         0B       252K       2.8M
-/+ buffers/cache:       917M        74M
Swap:         8.0G       423M       7.6G

             total       used       free     shared    buffers     cached
Mem:          992M       922M        70M         0B       252K       2.8M
-/+ buffers/cache:       919M        73M
Swap:         8.0G       423M       7.6G

             total       used       free     shared    buffers     cached
Mem:          992M       924M        68M         0B       260K       2.7M
-/+ buffers/cache:       921M        71M
Swap:         8.0G       422M       7.6G

             total       used       free     shared    buffers     cached
Mem:          992M       925M        66M         0B       260K       2.7M
-/+ buffers/cache:       922M        69M
Swap:         8.0G       421M       7.6G

             total       used       free     shared    buffers     cached
Mem:          992M       927M        64M         0B       260K       2.8M
-/+ buffers/cache:       924M        67M
Swap:         8.0G       420M       7.6G

             total       used       free     shared    buffers     cached
Mem:          992M       914M        77M         0B       260K       2.7M
-/+ buffers/cache:       911M        80M
Swap:         8.0G       431M       7.6G

             total       used       free     shared    buffers     cached
Mem:          992M       916M        75M         0B       260K       2.7M
-/+ buffers/cache:       913M        78M
Swap:         8.0G       430M       7.6G

             total       used       free     shared    buffers     cached
Mem:          992M       918M        73M         0B       268K       2.7M
-/+ buffers/cache:       915M        76M
Swap:         8.0G       429M       7.6G

             total       used       free     shared    buffers     cached
Mem:          992M       920M        71M         0B       268K       2.7M
-/+ buffers/cache:       917M        74M
Swap:         8.0G       429M       7.6G

             total       used       free     shared    buffers     cached
Mem:          992M       922M        69M         0B       268K       2.7M
-/+ buffers/cache:       919M        72M
Swap:         8.0G       428M       7.6G

             total       used       free     shared    buffers     cached
Mem:          992M       924M        67M         0B       268K       2.7M
-/+ buffers/cache:       921M        70M
Swap:         8.0G       427M       7.6G

             total       used       free     shared    buffers     cached
Mem:          992M       926M        65M         0B       268K       2.7M
-/+ buffers/cache:       923M        68M
Swap:         8.0G       426M       7.6G

             total       used       free     shared    buffers     cached
Mem:          992M       928M        63M         0B       268K       2.7M
-/+ buffers/cache:       925M        66M
Swap:         8.0G       425M       7.6G

             total       used       free     shared    buffers     cached
Mem:          992M       911M        80M         0B       216K        18M
-/+ buffers/cache:       892M        99M
Swap:         8.0G       465M       7.5G

             total       used       free     shared    buffers     cached
Mem:          992M       913M        78M         0B       532K        18M
-/+ buffers/cache:       894M        97M
Swap:         8.0G       471M       7.5G

             total       used       free     shared    buffers     cached
Mem:          992M       916M        75M         0B       532K        18M
-/+ buffers/cache:       897M        95M
Swap:         8.0G       470M       7.5G

             total       used       free     shared    buffers     cached
Mem:          992M       918M        73M         0B       560K        18M
-/+ buffers/cache:       899M        93M
Swap:         8.0G       469M       7.5G

             total       used       free     shared    buffers     cached
Mem:          992M       920M        71M         0B       560K        18M
-/+ buffers/cache:       901M        90M
Swap:         8.0G       468M       7.5G

             total       used       free     shared    buffers     cached
Mem:          992M       922M        69M         0B       568K        18M
-/+ buffers/cache:       903M        88M
Swap:         8.0G       467M       7.5G

             total       used       free     shared    buffers     cached
Mem:          992M       924M        67M         0B       568K        18M
-/+ buffers/cache:       905M        86M
Swap:         8.0G       466M       7.5G

             total       used       free     shared    buffers     cached
Mem:          992M       927M        65M         0B       568K        18M
-/+ buffers/cache:       907M        84M
Swap:         8.0G       465M       7.5G

             total       used       free     shared    buffers     cached
Mem:          992M       929M        62M         0B       568K        18M
-/+ buffers/cache:       909M        82M
Swap:         8.0G       464M       7.5G

             total       used       free     shared    buffers     cached
Mem:          992M       916M        75M         0B       568K        18M
-/+ buffers/cache:       898M        94M
Swap:         8.0G       463M       7.5G

             total       used       free     shared    buffers     cached
Mem:          992M       917M        74M         0B       572K        18M
-/+ buffers/cache:       898M        93M
Swap:         8.0G       463M       7.5G

             total       used       free     shared    buffers     cached
Mem:          992M       917M        74M         0B       576K        18M
-/+ buffers/cache:       898M        93M
Swap:         8.0G       463M       7.5G

             total       used       free     shared    buffers     cached
Mem:          992M       917M        74M         0B       576K        18M
-/+ buffers/cache:       898M        93M
Swap:         8.0G       463M       7.5G

             total       used       free     shared    buffers     cached
Mem:          992M       922M        69M        52K       744K        28M
-/+ buffers/cache:       893M        98M
Swap:         8.0G       489M       7.5G

             total       used       free     shared    buffers     cached
Mem:          992M       924M        68M        40K       744K        28M
-/+ buffers/cache:       894M        97M
Swap:         8.0G       488M       7.5G

             total       used       free     shared    buffers     cached
Mem:          992M       925M        66M        40K       744K        28M
-/+ buffers/cache:       896M        96M
Swap:         8.0G       488M       7.5G

             total       used       free     shared    buffers     cached
Mem:          992M       926M        65M        40K       744K        28M
-/+ buffers/cache:       897M        94M
Swap:         8.0G       487M       7.5G

             total       used       free     shared    buffers     cached
Mem:          992M       907M        84M        40K       988K        25M
-/+ buffers/cache:       880M       111M
Swap:         8.0G       492M       7.5G

             total       used       free     shared    buffers     cached
Mem:          992M       908M        84M        40K       988K        25M
-/+ buffers/cache:       881M       110M
Swap:         8.0G       492M       7.5G

             total       used       free     shared    buffers     cached
Mem:          992M       909M        82M        40K       996K        25M
-/+ buffers/cache:       882M       109M
Swap:         8.0G       491M       7.5G

             total       used       free     shared    buffers     cached
Mem:          992M       912M        79M        40K       996K        26M
-/+ buffers/cache:       885M       107M
Swap:         8.0G       490M       7.5G

             total       used       free     shared    buffers     cached
Mem:          992M       913M        78M        40K       996K        26M
-/+ buffers/cache:       886M       106M
Swap:         8.0G       490M       7.5G

             total       used       free     shared    buffers     cached
Mem:          992M       915M        76M        40K       996K        26M
-/+ buffers/cache:       887M       104M
Swap:         8.0G       489M       7.5G

             total       used       free     shared    buffers     cached
Mem:          992M       916M        75M        40K       1.0M        26M
-/+ buffers/cache:       888M       103M
Swap:         8.0G       489M       7.5G

             total       used       free     shared    buffers     cached
Mem:          992M       917M        74M        40K       1.0M        26M
-/+ buffers/cache:       890M       102M
Swap:         8.0G       488M       7.5G

             total       used       free     shared    buffers     cached
Mem:          992M       919M        72M        40K       1.0M        26M
-/+ buffers/cache:       891M       100M
Swap:         8.0G       487M       7.5G

             total       used       free     shared    buffers     cached
Mem:          992M       920M        71M        40K       1.0M        26M
-/+ buffers/cache:       892M        99M
Swap:         8.0G       487M       7.5G

             total       used       free     shared    buffers     cached
Mem:          992M       921M        70M        40K       1.0M        26M
-/+ buffers/cache:       893M        98M
Swap:         8.0G       486M       7.5G

             total       used       free     shared    buffers     cached
Mem:          992M       922M        69M        40K       1.0M        26M
-/+ buffers/cache:       894M        97M
Swap:         8.0G       486M       7.5G

             total       used       free     shared    buffers     cached
Mem:          992M       924M        67M        40K       1.0M        26M
-/+ buffers/cache:       896M        95M
Swap:         8.0G       485M       7.5G

             total       used       free     shared    buffers     cached
Mem:          992M       925M        66M        40K       1.0M        26M
-/+ buffers/cache:       897M        94M
Swap:         8.0G       484M       7.5G

             total       used       free     shared    buffers     cached
Mem:          992M       926M        65M        40K       1.0M        26M
-/+ buffers/cache:       899M        93M
Swap:         8.0G       484M       7.5G

             total       used       free     shared    buffers     cached
Mem:          992M       928M        64M        40K       1.0M        26M
-/+ buffers/cache:       900M        91M
Swap:         8.0G       483M       7.5G

             total       used       free     shared    buffers     cached
Mem:          992M       916M        75M        40K       1.0M        25M
-/+ buffers/cache:       890M       101M
Swap:         8.0G       491M       7.5G

             total       used       free     shared    buffers     cached
Mem:          992M       917M        74M        40K       1.0M        25M
-/+ buffers/cache:       891M       100M
Swap:         8.0G       490M       7.5G

             total       used       free     shared    buffers     cached
Mem:          992M       919M        73M        40K       1.0M        25M
-/+ buffers/cache:       892M        99M
Swap:         8.0G       490M       7.5G

             total       used       free     shared    buffers     cached
Mem:          992M       920M        71M        40K       1.0M        25M
-/+ buffers/cache:       894M        98M
Swap:         8.0G       489M       7.5G

             total       used       free     shared    buffers     cached
Mem:          992M       921M        70M        40K       1.0M        25M
-/+ buffers/cache:       895M        96M
Swap:         8.0G       489M       7.5G

             total       used       free     shared    buffers     cached
Mem:          992M       923M        69M        40K       1.0M        25M
-/+ buffers/cache:       896M        95M
Swap:         8.0G       488M       7.5G

             total       used       free     shared    buffers     cached
Mem:          992M       924M        67M        40K       1.0M        25M
-/+ buffers/cache:       898M        94M
Swap:         8.0G       487M       7.5G

             total       used       free     shared    buffers     cached
Mem:          992M       925M        66M        40K       1.0M        25M
-/+ buffers/cache:       899M        92M
Swap:         8.0G       487M       7.5G

             total       used       free     shared    buffers     cached
Mem:          992M       927M        65M        40K       1.0M        25M
-/+ buffers/cache:       900M        91M
Swap:         8.0G       486M       7.5G

             total       used       free     shared    buffers     cached
Mem:          992M       928M        63M        40K       1.0M        25M
-/+ buffers/cache:       902M        90M
Swap:         8.0G       485M       7.5G

             total       used       free     shared    buffers     cached
Mem:          992M       908M        83M        40K       476K        23M
-/+ buffers/cache:       884M       107M
Swap:         8.0G       504M       7.5G

             total       used       free     shared    buffers     cached
Mem:          992M       909M        82M        40K       476K        23M
-/+ buffers/cache:       885M       106M
Swap:         8.0G       504M       7.5G

             total       used       free     shared    buffers     cached
Mem:          992M       910M        81M        40K       476K        23M
-/+ buffers/cache:       886M       105M
Swap:         8.0G       503M       7.5G

             total       used       free     shared    buffers     cached
Mem:          992M       912M        79M        40K       476K        23M
-/+ buffers/cache:       888M       103M
Swap:         8.0G       502M       7.5G

             total       used       free     shared    buffers     cached
Mem:          992M       913M        78M        40K       484K        23M
-/+ buffers/cache:       889M       102M
Swap:         8.0G       502M       7.5G

             total       used       free     shared    buffers     cached
Mem:          992M       915M        77M        40K       484K        23M
-/+ buffers/cache:       891M       101M
Swap:         8.0G       501M       7.5G

             total       used       free     shared    buffers     cached
Mem:          992M       916M        75M        40K       484K        23M
-/+ buffers/cache:       892M       100M
Swap:         8.0G       500M       7.5G

             total       used       free     shared    buffers     cached
Mem:          992M       917M        74M        40K       484K        23M
-/+ buffers/cache:       893M        98M
Swap:         8.0G       500M       7.5G

             total       used       free     shared    buffers     cached
Mem:          992M       918M        73M        40K       484K        23M
-/+ buffers/cache:       894M        97M
Swap:         8.0G       499M       7.5G

             total       used       free     shared    buffers     cached
Mem:          992M       920M        72M        40K       492K        23M
-/+ buffers/cache:       896M        96M
Swap:         8.0G       498M       7.5G

             total       used       free     shared    buffers     cached
Mem:          992M       921M        70M        40K       492K        23M
-/+ buffers/cache:       897M        95M
Swap:         8.0G       498M       7.5G

             total       used       free     shared    buffers     cached
Mem:          992M       916M        75M        40K       492K        29M
-/+ buffers/cache:       886M       105M
Swap:         8.0G       502M       7.5G

             total       used       free     shared    buffers     cached
Mem:          992M       917M        74M        40K       496K        29M
-/+ buffers/cache:       886M       105M
Swap:         8.0G       501M       7.5G

             total       used       free     shared    buffers     cached
Mem:          992M       918M        73M        40K       496K        29M
-/+ buffers/cache:       888M       104M
Swap:         8.0G       501M       7.5G

             total       used       free     shared    buffers     cached
Mem:          992M       919M        72M        40K       496K        29M
-/+ buffers/cache:       889M       102M
Swap:         8.0G       500M       7.5G

             total       used       free     shared    buffers     cached
Mem:          992M       920M        71M        40K       504K        29M
-/+ buffers/cache:       890M       101M
Swap:         8.0G       500M       7.5G

             total       used       free     shared    buffers     cached
Mem:          992M       922M        70M        40K       504K        29M
-/+ buffers/cache:       891M       100M
Swap:         8.0G       499M       7.5G

             total       used       free     shared    buffers     cached
Mem:          992M       923M        69M        40K       504K        29M
-/+ buffers/cache:       892M        99M
Swap:         8.0G       498M       7.5G

             total       used       free     shared    buffers     cached
Mem:          992M       924M        67M        40K       504K        29M
-/+ buffers/cache:       893M        98M
Swap:         8.0G       498M       7.5G

             total       used       free     shared    buffers     cached
Mem:          992M       925M        66M        40K       504K        29M
-/+ buffers/cache:       895M        96M
Swap:         8.0G       497M       7.5G

             total       used       free     shared    buffers     cached
Mem:          992M       926M        65M        40K       512K        29M
-/+ buffers/cache:       896M        95M
Swap:         8.0G       496M       7.5G

             total       used       free     shared    buffers     cached
Mem:          992M       927M        64M        40K       512K        29M
-/+ buffers/cache:       897M        94M
Swap:         8.0G       496M       7.5G

             total       used       free     shared    buffers     cached
Mem:          992M       929M        63M        40K       512K        29M
-/+ buffers/cache:       898M        93M
Swap:         8.0G       495M       7.5G

             total       used       free     shared    buffers     cached
Mem:          992M       910M        81M        40K       416K        27M
-/+ buffers/cache:       882M       109M
Swap:         8.0G       511M       7.5G

             total       used       free     shared    buffers     cached
Mem:          992M       911M        80M        40K       416K        27M
-/+ buffers/cache:       883M       108M
Swap:         8.0G       510M       7.5G

             total       used       free     shared    buffers     cached
Mem:          992M       912M        79M        40K       416K        27M
-/+ buffers/cache:       884M       107M
Swap:         8.0G       510M       7.5G

             total       used       free     shared    buffers     cached
Mem:          992M       913M        78M        40K       424K        27M
-/+ buffers/cache:       885M       106M
Swap:         8.0G       509M       7.5G

             total       used       free     shared    buffers     cached
Mem:          992M       915M        77M        40K       424K        27M
-/+ buffers/cache:       887M       105M
Swap:         8.0G       508M       7.5G

             total       used       free     shared    buffers     cached
Mem:          992M       916M        76M        40K       424K        27M
-/+ buffers/cache:       888M       104M
Swap:         8.0G       508M       7.5G

             total       used       free     shared    buffers     cached
Mem:          992M       917M        74M        40K       424K        27M
-/+ buffers/cache:       889M       102M
Swap:         8.0G       507M       7.5G

             total       used       free     shared    buffers     cached
Mem:          992M       918M        73M        40K       424K        27M
-/+ buffers/cache:       890M       101M
Swap:         8.0G       506M       7.5G

             total       used       free     shared    buffers     cached
Mem:          992M       919M        72M        40K       432K        27M
-/+ buffers/cache:       891M       100M
Swap:         8.0G       506M       7.5G

             total       used       free     shared    buffers     cached
Mem:          992M       921M        71M        40K       432K        27M
-/+ buffers/cache:       892M        99M
Swap:         8.0G       505M       7.5G

             total       used       free     shared    buffers     cached
Mem:          992M       922M        69M        40K       432K        27M
-/+ buffers/cache:       894M        98M
Swap:         8.0G       505M       7.5G

             total       used       free     shared    buffers     cached
Mem:          992M       923M        68M        40K       432K        27M
-/+ buffers/cache:       895M        96M
Swap:         8.0G       504M       7.5G

             total       used       free     shared    buffers     cached
Mem:          992M       924M        67M        40K       432K        27M
-/+ buffers/cache:       896M        95M
Swap:         8.0G       503M       7.5G

             total       used       free     shared    buffers     cached
Mem:          992M       927M        65M        40K       568K        28M
-/+ buffers/cache:       897M        94M
Swap:         8.0G       502M       7.5G

             total       used       free     shared    buffers     cached
Mem:          992M       913M        78M        44K       576K        27M
-/+ buffers/cache:       885M       107M
Swap:         8.0G       527M       7.5G

             total       used       free     shared    buffers     cached
Mem:          992M       914M        77M        44K       576K        27M
-/+ buffers/cache:       886M       105M
Swap:         8.0G       526M       7.5G

             total       used       free     shared    buffers     cached
Mem:          992M       922M        69M        44K       576K        30M
-/+ buffers/cache:       891M       100M
Swap:         8.0G       523M       7.5G

             total       used       free     shared    buffers     cached
Mem:          992M       923M        69M        44K       576K        30M
-/+ buffers/cache:       892M        99M
Swap:         8.0G       523M       7.5G

             total       used       free     shared    buffers     cached
Mem:          992M       923M        68M        44K       576K        30M
-/+ buffers/cache:       893M        98M
Swap:         8.0G       522M       7.5G

             total       used       free     shared    buffers     cached
Mem:          992M       924M        67M        44K       584K        30M
-/+ buffers/cache:       893M        98M
Swap:         8.0G       522M       7.5G

             total       used       free     shared    buffers     cached
Mem:          992M       925M        67M        44K       584K        30M
-/+ buffers/cache:       894M        97M
Swap:         8.0G       522M       7.5G

             total       used       free     shared    buffers     cached
Mem:          992M       925M        66M        44K       584K        30M
-/+ buffers/cache:       895M        97M
Swap:         8.0G       521M       7.5G

             total       used       free     shared    buffers     cached
Mem:          992M       926M        65M        44K       584K        30M
-/+ buffers/cache:       895M        96M
Swap:         8.0G       521M       7.5G

             total       used       free     shared    buffers     cached
Mem:          992M       927M        65M        44K       584K        30M
-/+ buffers/cache:       896M        95M
Swap:         8.0G       521M       7.5G

             total       used       free     shared    buffers     cached
Mem:          992M       927M        64M        44K       584K        30M
-/+ buffers/cache:       897M        95M
Swap:         8.0G       520M       7.5G

             total       used       free     shared    buffers     cached
Mem:          992M       928M        63M        44K       592K        30M
-/+ buffers/cache:       897M        94M
Swap:         8.0G       520M       7.5G

             total       used       free     shared    buffers     cached
Mem:          992M       920M        71M       200K       592K        33M
-/+ buffers/cache:       886M       105M
Swap:         8.0G       520M       7.5G

             total       used       free     shared    buffers     cached
Mem:          992M       917M        74M       3.9M       3.3M        51M
-/+ buffers/cache:       862M       129M
Swap:         8.0G       560M       7.4G

             total       used       free     shared    buffers     cached
Mem:          992M       920M        71M       3.9M       4.9M        66M
-/+ buffers/cache:       849M       142M
Swap:         8.0G       570M       7.4G

             total       used       free     shared    buffers     cached
Mem:          992M       929M        63M       232K       5.1M        65M
-/+ buffers/cache:       858M       134M
Swap:         8.0G       566M       7.4G

             total       used       free     shared    buffers     cached
Mem:          992M       911M        80M       232K       3.9M        60M
-/+ buffers/cache:       847M       145M
Swap:         8.0G       577M       7.4G

             total       used       free     shared    buffers     cached
Mem:          992M       912M        79M       232K       3.9M        60M
-/+ buffers/cache:       847M       144M
Swap:         8.0G       577M       7.4G

             total       used       free     shared    buffers     cached
Mem:          992M       913M        78M       232K       3.9M        60M
-/+ buffers/cache:       849M       142M
Swap:         8.0G       576M       7.4G

             total       used       free     shared    buffers     cached
Mem:          992M       914M        77M       232K       3.9M        60M
-/+ buffers/cache:       850M       141M
Swap:         8.0G       575M       7.4G

             total       used       free     shared    buffers     cached
Mem:          992M       916M        76M       232K       3.9M        60M
-/+ buffers/cache:       851M       140M
Swap:         8.0G       575M       7.4G

             total       used       free     shared    buffers     cached
Mem:          992M       918M        73M       232K       4.0M        61M
-/+ buffers/cache:       853M       139M
Swap:         8.0G       574M       7.4G

             total       used       free     shared    buffers     cached
Mem:          992M       919M        72M       232K       4.0M        61M
-/+ buffers/cache:       854M       137M
Swap:         8.0G       573M       7.4G

             total       used       free     shared    buffers     cached
Mem:          992M       921M        70M       232K       4.0M        61M
-/+ buffers/cache:       855M       136M
Swap:         8.0G       572M       7.4G

             total       used       free     shared    buffers     cached
Mem:          992M       922M        69M       232K       4.0M        61M
-/+ buffers/cache:       857M       135M
Swap:         8.0G       572M       7.4G

             total       used       free     shared    buffers     cached
Mem:          992M       923M        68M       232K       4.0M        61M
-/+ buffers/cache:       858M       134M
Swap:         8.0G       571M       7.4G

             total       used       free     shared    buffers     cached
Mem:          992M       924M        67M       232K       4.0M        61M
-/+ buffers/cache:       859M       132M
Swap:         8.0G       570M       7.4G

             total       used       free     shared    buffers     cached
Mem:          992M       926M        66M       232K       4.0M        61M
-/+ buffers/cache:       860M       131M
Swap:         8.0G       570M       7.4G

             total       used       free     shared    buffers     cached
Mem:          992M       927M        64M       232K       4.0M        61M
-/+ buffers/cache:       861M       130M
Swap:         8.0G       569M       7.4G

             total       used       free     shared    buffers     cached
Mem:          992M       928M        63M       232K       4.0M        61M
-/+ buffers/cache:       863M       129M
Swap:         8.0G       568M       7.4G

             total       used       free     shared    buffers     cached
Mem:          992M       907M        84M       232K       4.0M        59M
-/+ buffers/cache:       844M       147M
Swap:         8.0G       592M       7.4G

             total       used       free     shared    buffers     cached
Mem:          992M       909M        83M       232K       4.0M        59M
-/+ buffers/cache:       845M       146M
Swap:         8.0G       591M       7.4G

             total       used       free     shared    buffers     cached
Mem:          992M       910M        82M       232K       4.0M        59M
-/+ buffers/cache:       846M       145M
Swap:         8.0G       591M       7.4G

             total       used       free     shared    buffers     cached
Mem:          992M       911M        80M       232K       4.0M        59M
-/+ buffers/cache:       847M       144M
Swap:         8.0G       590M       7.4G

             total       used       free     shared    buffers     cached
Mem:          992M       913M        78M       232K       4.0M        60M
-/+ buffers/cache:       849M       143M
Swap:         8.0G       589M       7.4G

             total       used       free     shared    buffers     cached
Mem:          992M       914M        77M       232K       4.0M        60M
-/+ buffers/cache:       850M       141M
Swap:         8.0G       589M       7.4G

             total       used       free     shared    buffers     cached
Mem:          992M       915M        76M       232K       4.0M        60M
-/+ buffers/cache:       851M       140M
Swap:         8.0G       588M       7.4G

             total       used       free     shared    buffers     cached
Mem:          992M       917M        75M       232K       4.0M        60M
-/+ buffers/cache:       852M       139M
Swap:         8.0G       588M       7.4G

             total       used       free     shared    buffers     cached
Mem:          992M       918M        73M       232K       4.0M        60M
-/+ buffers/cache:       854M       138M
Swap:         8.0G       587M       7.4G

             total       used       free     shared    buffers     cached
Mem:          992M       919M        72M       232K       4.0M        60M
-/+ buffers/cache:       855M       136M
Swap:         8.0G       586M       7.4G

             total       used       free     shared    buffers     cached
Mem:          992M       920M        71M       232K       4.0M        60M
-/+ buffers/cache:       856M       135M
Swap:         8.0G       586M       7.4G

             total       used       free     shared    buffers     cached
Mem:          992M       922M        69M       232K       4.0M        60M
-/+ buffers/cache:       858M       134M
Swap:         8.0G       585M       7.4G

             total       used       free     shared    buffers     cached
Mem:          992M       923M        68M       232K       4.0M        60M
-/+ buffers/cache:       859M       132M
Swap:         8.0G       584M       7.4G

             total       used       free     shared    buffers     cached
Mem:          992M       925M        66M       232K       4.0M        60M
-/+ buffers/cache:       861M       131M
Swap:         8.0G       584M       7.4G

             total       used       free     shared    buffers     cached
Mem:          992M       926M        65M       232K       4.0M        60M
-/+ buffers/cache:       862M       129M
Swap:         8.0G       583M       7.4G

             total       used       free     shared    buffers     cached
Mem:          992M       927M        64M       232K       4.0M        60M
-/+ buffers/cache:       863M       128M
Swap:         8.0G       583M       7.4G

             total       used       free     shared    buffers     cached
Mem:          992M       928M        63M       232K       4.0M        60M
-/+ buffers/cache:       864M       127M
Swap:         8.0G       582M       7.4G

             total       used       free     shared    buffers     cached
Mem:          992M       916M        76M       232K       4.0M        59M
-/+ buffers/cache:       852M       139M
Swap:         8.0G       581M       7.4G

             total       used       free     shared    buffers     cached
Mem:          992M       917M        74M       232K       4.0M        59M
-/+ buffers/cache:       853M       138M
Swap:         8.0G       581M       7.4G

             total       used       free     shared    buffers     cached
Mem:          992M       918M        73M       232K       4.0M        59M
-/+ buffers/cache:       854M       137M
Swap:         8.0G       580M       7.4G

             total       used       free     shared    buffers     cached
Mem:          992M       919M        72M       232K       4.0M        59M
-/+ buffers/cache:       856M       136M
Swap:         8.0G       579M       7.4G

             total       used       free     shared    buffers     cached
Mem:          992M       921M        71M       232K       4.0M        59M
-/+ buffers/cache:       857M       134M
Swap:         8.0G       579M       7.4G

             total       used       free     shared    buffers     cached
Mem:          992M       922M        69M       232K       4.0M        59M
-/+ buffers/cache:       858M       133M
Swap:         8.0G       578M       7.4G

             total       used       free     shared    buffers     cached
Mem:          992M       913M        78M       280K       8.2M        71M
-/+ buffers/cache:       834M       157M
Swap:         8.0G       607M       7.4G

             total       used       free     shared    buffers     cached
Mem:          992M       919M        73M       276K       8.3M        71M
-/+ buffers/cache:       839M       152M
Swap:         8.0G       607M       7.4G
