             total       used       free     shared    buffers     cached
Mem:          3.9G       661M       3.2G       3.2M        38M       286M
-/+ buffers/cache:       336M       3.5G
Swap:         8.0G         0B       8.0G

             total       used       free     shared    buffers     cached
Mem:          3.9G       659M       3.2G       1.5M        38M       285M
-/+ buffers/cache:       335M       3.5G
Swap:         8.0G         0B       8.0G

             total       used       free     shared    buffers     cached
Mem:          3.9G       659M       3.2G       1.5M        38M       285M
-/+ buffers/cache:       335M       3.5G
Swap:         8.0G         0B       8.0G

             total       used       free     shared    buffers     cached
Mem:          3.9G       659M       3.2G       1.5M        38M       285M
-/+ buffers/cache:       335M       3.5G
Swap:         8.0G         0B       8.0G

             total       used       free     shared    buffers     cached
Mem:          3.9G       659M       3.2G       1.5M        38M       285M
-/+ buffers/cache:       335M       3.5G
Swap:         8.0G         0B       8.0G

             total       used       free     shared    buffers     cached
Mem:          3.9G       659M       3.2G       1.5M        38M       285M
-/+ buffers/cache:       335M       3.5G
Swap:         8.0G         0B       8.0G

             total       used       free     shared    buffers     cached
Mem:          3.9G       659M       3.2G       1.5M        38M       285M
-/+ buffers/cache:       335M       3.5G
Swap:         8.0G         0B       8.0G

             total       used       free     shared    buffers     cached
Mem:          3.9G       659M       3.2G       1.5M        38M       285M
-/+ buffers/cache:       335M       3.5G
Swap:         8.0G         0B       8.0G

             total       used       free     shared    buffers     cached
Mem:          3.9G       660M       3.2G       1.5M        38M       285M
-/+ buffers/cache:       335M       3.5G
Swap:         8.0G         0B       8.0G

             total       used       free     shared    buffers     cached
Mem:          3.9G       663M       3.2G       1.5M        38M       285M
-/+ buffers/cache:       338M       3.5G
Swap:         8.0G         0B       8.0G

             total       used       free     shared    buffers     cached
Mem:          3.9G       681M       3.2G       1.5M        38M       285M
-/+ buffers/cache:       357M       3.5G
Swap:         8.0G         0B       8.0G

             total       used       free     shared    buffers     cached
Mem:          3.9G       702M       3.2G       1.5M        38M       286M
-/+ buffers/cache:       377M       3.5G
Swap:         8.0G         0B       8.0G

             total       used       free     shared    buffers     cached
Mem:          3.9G       697M       3.2G       1.5M        38M       289M
-/+ buffers/cache:       368M       3.5G
Swap:         8.0G         0B       8.0G

             total       used       free     shared    buffers     cached
Mem:          3.9G       722M       3.2G       1.5M        38M       290M
-/+ buffers/cache:       393M       3.5G
Swap:         8.0G         0B       8.0G

             total       used       free     shared    buffers     cached
Mem:          3.9G       739M       3.1G       1.5M        38M       290M
-/+ buffers/cache:       410M       3.5G
Swap:         8.0G         0B       8.0G

             total       used       free     shared    buffers     cached
Mem:          3.9G       742M       3.1G       1.5M        38M       290M
-/+ buffers/cache:       413M       3.5G
Swap:         8.0G         0B       8.0G

             total       used       free     shared    buffers     cached
Mem:          3.9G       727M       3.1G       1.5M        39M       295M
-/+ buffers/cache:       392M       3.5G
Swap:         8.0G         0B       8.0G

             total       used       free     shared    buffers     cached
Mem:          3.9G       727M       3.1G       1.5M        39M       295M
-/+ buffers/cache:       392M       3.5G
Swap:         8.0G         0B       8.0G

             total       used       free     shared    buffers     cached
Mem:          3.9G       727M       3.1G       1.5M        39M       295M
-/+ buffers/cache:       392M       3.5G
Swap:         8.0G         0B       8.0G

             total       used       free     shared    buffers     cached
Mem:          3.9G       727M       3.1G       1.5M        39M       295M
-/+ buffers/cache:       392M       3.5G
Swap:         8.0G         0B       8.0G

             total       used       free     shared    buffers     cached
Mem:          3.9G       727M       3.1G       1.5M        39M       295M
-/+ buffers/cache:       392M       3.5G
Swap:         8.0G         0B       8.0G

             total       used       free     shared    buffers     cached
Mem:          3.9G       728M       3.1G       1.5M        39M       295M
-/+ buffers/cache:       393M       3.5G
Swap:         8.0G         0B       8.0G

             total       used       free     shared    buffers     cached
Mem:          3.9G       728M       3.1G       1.5M        39M       295M
-/+ buffers/cache:       393M       3.5G
Swap:         8.0G         0B       8.0G

             total       used       free     shared    buffers     cached
Mem:          3.9G       728M       3.1G       1.5M        39M       295M
-/+ buffers/cache:       393M       3.5G
Swap:         8.0G         0B       8.0G

             total       used       free     shared    buffers     cached
Mem:          3.9G       728M       3.1G       1.5M        39M       295M
-/+ buffers/cache:       393M       3.5G
Swap:         8.0G         0B       8.0G

             total       used       free     shared    buffers     cached
Mem:          3.9G       727M       3.1G       1.5M        39M       295M
-/+ buffers/cache:       393M       3.5G
Swap:         8.0G         0B       8.0G

             total       used       free     shared    buffers     cached
Mem:          3.9G       727M       3.1G       1.5M        39M       295M
-/+ buffers/cache:       393M       3.5G
Swap:         8.0G         0B       8.0G

             total       used       free     shared    buffers     cached
Mem:          3.9G       727M       3.1G       1.5M        39M       295M
-/+ buffers/cache:       393M       3.5G
Swap:         8.0G         0B       8.0G

             total       used       free     shared    buffers     cached
Mem:          3.9G       727M       3.1G       1.5M        39M       295M
-/+ buffers/cache:       393M       3.5G
Swap:         8.0G         0B       8.0G

             total       used       free     shared    buffers     cached
Mem:          3.9G       727M       3.1G       1.5M        39M       295M
-/+ buffers/cache:       393M       3.5G
Swap:         8.0G         0B       8.0G

             total       used       free     shared    buffers     cached
Mem:          3.9G       727M       3.1G       1.5M        39M       295M
-/+ buffers/cache:       393M       3.5G
Swap:         8.0G         0B       8.0G

             total       used       free     shared    buffers     cached
Mem:          3.9G       727M       3.1G       1.5M        39M       295M
-/+ buffers/cache:       393M       3.5G
Swap:         8.0G         0B       8.0G

             total       used       free     shared    buffers     cached
Mem:          3.9G       727M       3.1G       1.5M        39M       295M
-/+ buffers/cache:       393M       3.5G
Swap:         8.0G         0B       8.0G

             total       used       free     shared    buffers     cached
Mem:          3.9G       734M       3.1G       1.5M        39M       295M
-/+ buffers/cache:       400M       3.5G
Swap:         8.0G         0B       8.0G

             total       used       free     shared    buffers     cached
Mem:          3.9G       753M       3.1G       1.5M        39M       295M
-/+ buffers/cache:       419M       3.4G
Swap:         8.0G         0B       8.0G

             total       used       free     shared    buffers     cached
Mem:          3.9G       772M       3.1G       1.5M        39M       295M
-/+ buffers/cache:       438M       3.4G
Swap:         8.0G         0B       8.0G

             total       used       free     shared    buffers     cached
Mem:          3.9G       792M       3.1G       1.5M        39M       295M
-/+ buffers/cache:       458M       3.4G
Swap:         8.0G         0B       8.0G

             total       used       free     shared    buffers     cached
Mem:          3.9G       809M       3.1G       1.5M        39M       295M
-/+ buffers/cache:       475M       3.4G
Swap:         8.0G         0B       8.0G

             total       used       free     shared    buffers     cached
Mem:          3.9G       828M       3.0G       1.5M        39M       295M
-/+ buffers/cache:       494M       3.4G
Swap:         8.0G         0B       8.0G

             total       used       free     shared    buffers     cached
Mem:          3.9G       842M       3.0G       1.5M        39M       295M
-/+ buffers/cache:       508M       3.4G
Swap:         8.0G         0B       8.0G

             total       used       free     shared    buffers     cached
Mem:          3.9G       858M       3.0G       1.5M        39M       295M
-/+ buffers/cache:       524M       3.3G
Swap:         8.0G         0B       8.0G

             total       used       free     shared    buffers     cached
Mem:          3.9G       877M       3.0G       1.5M        39M       295M
-/+ buffers/cache:       543M       3.3G
Swap:         8.0G         0B       8.0G

             total       used       free     shared    buffers     cached
Mem:          3.9G       895M       3.0G       1.5M        39M       295M
-/+ buffers/cache:       561M       3.3G
Swap:         8.0G         0B       8.0G

             total       used       free     shared    buffers     cached
Mem:          3.9G       914M       3.0G       1.5M        39M       295M
-/+ buffers/cache:       580M       3.3G
Swap:         8.0G         0B       8.0G

             total       used       free     shared    buffers     cached
Mem:          3.9G       932M       2.9G       1.5M        39M       295M
-/+ buffers/cache:       598M       3.3G
Swap:         8.0G         0B       8.0G

             total       used       free     shared    buffers     cached
Mem:          3.9G       950M       2.9G       1.5M        39M       295M
-/+ buffers/cache:       616M       3.3G
Swap:         8.0G         0B       8.0G

             total       used       free     shared    buffers     cached
Mem:          3.9G       964M       2.9G       1.5M        39M       295M
-/+ buffers/cache:       630M       3.2G
Swap:         8.0G         0B       8.0G

             total       used       free     shared    buffers     cached
Mem:          3.9G       980M       2.9G       1.5M        39M       295M
-/+ buffers/cache:       646M       3.2G
Swap:         8.0G         0B       8.0G

             total       used       free     shared    buffers     cached
Mem:          3.9G       998M       2.9G       1.5M        39M       295M
-/+ buffers/cache:       664M       3.2G
Swap:         8.0G         0B       8.0G

             total       used       free     shared    buffers     cached
Mem:          3.9G       1.0G       2.9G       1.5M        39M       295M
-/+ buffers/cache:       682M       3.2G
Swap:         8.0G         0B       8.0G

             total       used       free     shared    buffers     cached
Mem:          3.9G       1.0G       2.8G       1.5M        39M       295M
-/+ buffers/cache:       702M       3.2G
Swap:         8.0G         0B       8.0G

             total       used       free     shared    buffers     cached
Mem:          3.9G       1.0G       2.8G       1.5M        39M       295M
-/+ buffers/cache:       718M       3.2G
Swap:         8.0G         0B       8.0G

             total       used       free     shared    buffers     cached
Mem:          3.9G       1.0G       2.8G       1.5M        39M       295M
-/+ buffers/cache:       736M       3.1G
Swap:         8.0G         0B       8.0G

             total       used       free     shared    buffers     cached
Mem:          3.9G       1.1G       2.8G       1.5M        39M       295M
-/+ buffers/cache:       756M       3.1G
Swap:         8.0G         0B       8.0G

             total       used       free     shared    buffers     cached
Mem:          3.9G       1.1G       2.8G       1.5M        39M       295M
-/+ buffers/cache:       774M       3.1G
Swap:         8.0G         0B       8.0G

             total       used       free     shared    buffers     cached
Mem:          3.9G       1.1G       2.8G       1.5M        39M       295M
-/+ buffers/cache:       789M       3.1G
Swap:         8.0G         0B       8.0G

             total       used       free     shared    buffers     cached
Mem:          3.9G       1.1G       2.7G       1.5M        39M       295M
-/+ buffers/cache:       805M       3.1G
Swap:         8.0G         0B       8.0G

             total       used       free     shared    buffers     cached
Mem:          3.9G       1.1G       2.7G       1.5M        39M       295M
-/+ buffers/cache:       820M       3.1G
Swap:         8.0G         0B       8.0G

             total       used       free     shared    buffers     cached
Mem:          3.9G       1.1G       2.7G       1.5M        39M       295M
-/+ buffers/cache:       835M       3.0G
Swap:         8.0G         0B       8.0G

             total       used       free     shared    buffers     cached
Mem:          3.9G       1.2G       2.7G       1.5M        39M       295M
-/+ buffers/cache:       844M       3.0G
Swap:         8.0G         0B       8.0G

             total       used       free     shared    buffers     cached
Mem:          3.9G       1.2G       2.7G       1.5M        39M       295M
-/+ buffers/cache:       861M       3.0G
Swap:         8.0G         0B       8.0G

             total       used       free     shared    buffers     cached
Mem:          3.9G       1.2G       2.7G       1.5M        39M       295M
-/+ buffers/cache:       878M       3.0G
Swap:         8.0G         0B       8.0G

             total       used       free     shared    buffers     cached
Mem:          3.9G       1.2G       2.7G       1.5M        39M       295M
-/+ buffers/cache:       893M       3.0G
Swap:         8.0G         0B       8.0G

             total       used       free     shared    buffers     cached
Mem:          3.9G       1.2G       2.6G       1.5M        39M       295M
-/+ buffers/cache:       908M       3.0G
Swap:         8.0G         0B       8.0G

             total       used       free     shared    buffers     cached
Mem:          3.9G       1.2G       2.6G       1.5M        39M       295M
-/+ buffers/cache:       922M       3.0G
Swap:         8.0G         0B       8.0G

             total       used       free     shared    buffers     cached
Mem:          3.9G       1.2G       2.6G       1.5M        39M       295M
-/+ buffers/cache:       936M       2.9G
Swap:         8.0G         0B       8.0G

             total       used       free     shared    buffers     cached
Mem:          3.9G       1.3G       2.6G       1.5M        39M       295M
-/+ buffers/cache:       951M       2.9G
Swap:         8.0G         0B       8.0G

             total       used       free     shared    buffers     cached
Mem:          3.9G       1.3G       2.6G       1.5M        39M       295M
-/+ buffers/cache:       967M       2.9G
Swap:         8.0G         0B       8.0G

             total       used       free     shared    buffers     cached
Mem:          3.9G       1.3G       2.6G       1.5M        39M       295M
-/+ buffers/cache:       984M       2.9G
Swap:         8.0G         0B       8.0G

             total       used       free     shared    buffers     cached
Mem:          3.9G       1.3G       2.6G       1.5M        39M       295M
-/+ buffers/cache:       1.0G       2.9G
Swap:         8.0G         0B       8.0G

             total       used       free     shared    buffers     cached
Mem:          3.9G       1.3G       2.5G       1.5M        39M       295M
-/+ buffers/cache:       1.0G       2.9G
Swap:         8.0G         0B       8.0G

             total       used       free     shared    buffers     cached
Mem:          3.9G       1.3G       2.5G       1.5M        39M       295M
-/+ buffers/cache:       1.0G       2.8G
Swap:         8.0G         0B       8.0G

             total       used       free     shared    buffers     cached
Mem:          3.9G       1.4G       2.5G       1.5M        39M       295M
-/+ buffers/cache:       1.0G       2.8G
Swap:         8.0G         0B       8.0G

             total       used       free     shared    buffers     cached
Mem:          3.9G       1.4G       2.5G       1.5M        39M       295M
-/+ buffers/cache:       1.0G       2.8G
Swap:         8.0G         0B       8.0G

             total       used       free     shared    buffers     cached
Mem:          3.9G       1.4G       2.5G       1.5M        39M       295M
-/+ buffers/cache:       1.1G       2.8G
Swap:         8.0G         0B       8.0G

             total       used       free     shared    buffers     cached
Mem:          3.9G       1.4G       2.5G       1.5M        39M       295M
-/+ buffers/cache:       1.1G       2.8G
Swap:         8.0G         0B       8.0G

             total       used       free     shared    buffers     cached
Mem:          3.9G       1.4G       2.4G       1.5M        39M       295M
-/+ buffers/cache:       1.1G       2.8G
Swap:         8.0G         0B       8.0G

             total       used       free     shared    buffers     cached
Mem:          3.9G       1.4G       2.4G       1.5M        39M       295M
-/+ buffers/cache:       1.1G       2.8G
Swap:         8.0G         0B       8.0G

             total       used       free     shared    buffers     cached
Mem:          3.9G       1.4G       2.4G       1.5M        39M       295M
-/+ buffers/cache:       1.1G       2.7G
Swap:         8.0G         0B       8.0G

             total       used       free     shared    buffers     cached
Mem:          3.9G       1.5G       2.4G       1.5M        39M       295M
-/+ buffers/cache:       1.1G       2.7G
Swap:         8.0G         0B       8.0G

             total       used       free     shared    buffers     cached
Mem:          3.9G       1.5G       2.4G       1.5M        39M       295M
-/+ buffers/cache:       1.2G       2.7G
Swap:         8.0G         0B       8.0G

             total       used       free     shared    buffers     cached
Mem:          3.9G       1.5G       2.4G       1.5M        39M       295M
-/+ buffers/cache:       1.2G       2.7G
Swap:         8.0G         0B       8.0G

             total       used       free     shared    buffers     cached
Mem:          3.9G       1.5G       2.3G       1.5M        39M       295M
-/+ buffers/cache:       1.2G       2.7G
Swap:         8.0G         0B       8.0G

             total       used       free     shared    buffers     cached
Mem:          3.9G       1.5G       2.3G       1.5M        39M       295M
-/+ buffers/cache:       1.2G       2.7G
Swap:         8.0G         0B       8.0G

             total       used       free     shared    buffers     cached
Mem:          3.9G       1.5G       2.3G       1.5M        39M       295M
-/+ buffers/cache:       1.2G       2.6G
Swap:         8.0G         0B       8.0G

             total       used       free     shared    buffers     cached
Mem:          3.9G       1.6G       2.3G       1.5M        39M       295M
-/+ buffers/cache:       1.2G       2.6G
Swap:         8.0G         0B       8.0G

             total       used       free     shared    buffers     cached
Mem:          3.9G       1.6G       2.3G       1.5M        39M       295M
-/+ buffers/cache:       1.3G       2.6G
Swap:         8.0G         0B       8.0G

             total       used       free     shared    buffers     cached
Mem:          3.9G       1.6G       2.3G       1.5M        39M       295M
-/+ buffers/cache:       1.3G       2.6G
Swap:         8.0G         0B       8.0G

             total       used       free     shared    buffers     cached
Mem:          3.9G       1.6G       2.3G       1.5M        39M       295M
-/+ buffers/cache:       1.3G       2.6G
Swap:         8.0G         0B       8.0G

             total       used       free     shared    buffers     cached
Mem:          3.9G       1.6G       2.2G       1.5M        39M       295M
-/+ buffers/cache:       1.3G       2.6G
Swap:         8.0G         0B       8.0G

             total       used       free     shared    buffers     cached
Mem:          3.9G       1.6G       2.2G       1.5M        39M       295M
-/+ buffers/cache:       1.3G       2.6G
Swap:         8.0G         0B       8.0G

             total       used       free     shared    buffers     cached
Mem:          3.9G       1.6G       2.2G       1.5M        39M       295M
-/+ buffers/cache:       1.3G       2.5G
Swap:         8.0G         0B       8.0G

             total       used       free     shared    buffers     cached
Mem:          3.9G       1.7G       2.2G       1.5M        39M       295M
-/+ buffers/cache:       1.3G       2.5G
Swap:         8.0G         0B       8.0G

             total       used       free     shared    buffers     cached
Mem:          3.9G       1.7G       2.2G       1.5M        39M       295M
-/+ buffers/cache:       1.3G       2.5G
Swap:         8.0G         0B       8.0G

             total       used       free     shared    buffers     cached
Mem:          3.9G       1.7G       2.2G       1.5M        39M       295M
-/+ buffers/cache:       1.4G       2.5G
Swap:         8.0G         0B       8.0G

             total       used       free     shared    buffers     cached
Mem:          3.9G       1.7G       2.2G       1.5M        39M       295M
-/+ buffers/cache:       1.4G       2.5G
Swap:         8.0G         0B       8.0G

             total       used       free     shared    buffers     cached
Mem:          3.9G       1.7G       2.1G       1.5M        39M       295M
-/+ buffers/cache:       1.4G       2.5G
Swap:         8.0G         0B       8.0G

             total       used       free     shared    buffers     cached
Mem:          3.9G       1.7G       2.1G       1.5M        39M       295M
-/+ buffers/cache:       1.4G       2.4G
Swap:         8.0G         0B       8.0G

             total       used       free     shared    buffers     cached
Mem:          3.9G       1.8G       2.1G       1.5M        39M       295M
-/+ buffers/cache:       1.4G       2.4G
Swap:         8.0G         0B       8.0G

             total       used       free     shared    buffers     cached
Mem:          3.9G       1.8G       2.1G       1.5M        39M       295M
-/+ buffers/cache:       1.5G       2.4G
Swap:         8.0G         0B       8.0G

             total       used       free     shared    buffers     cached
Mem:          3.9G       1.8G       2.1G       1.5M        39M       295M
-/+ buffers/cache:       1.5G       2.4G
Swap:         8.0G         0B       8.0G

             total       used       free     shared    buffers     cached
Mem:          3.9G       1.8G       2.0G       1.5M        39M       295M
-/+ buffers/cache:       1.5G       2.4G
Swap:         8.0G         0B       8.0G

             total       used       free     shared    buffers     cached
Mem:          3.9G       1.8G       2.0G       1.5M        39M       295M
-/+ buffers/cache:       1.5G       2.4G
Swap:         8.0G         0B       8.0G

             total       used       free     shared    buffers     cached
Mem:          3.9G       1.8G       2.0G       1.5M        39M       295M
-/+ buffers/cache:       1.5G       2.3G
Swap:         8.0G         0B       8.0G

             total       used       free     shared    buffers     cached
Mem:          3.9G       1.9G       2.0G       1.5M        39M       295M
-/+ buffers/cache:       1.5G       2.3G
Swap:         8.0G         0B       8.0G

             total       used       free     shared    buffers     cached
Mem:          3.9G       1.9G       2.0G       1.5M        39M       295M
-/+ buffers/cache:       1.5G       2.3G
Swap:         8.0G         0B       8.0G

             total       used       free     shared    buffers     cached
Mem:          3.9G       1.9G       2.0G       1.5M        39M       295M
-/+ buffers/cache:       1.6G       2.3G
Swap:         8.0G         0B       8.0G

             total       used       free     shared    buffers     cached
Mem:          3.9G       1.9G       2.0G       1.5M        39M       295M
-/+ buffers/cache:       1.6G       2.3G
Swap:         8.0G         0B       8.0G

             total       used       free     shared    buffers     cached
Mem:          3.9G       1.9G       1.9G       1.5M        39M       295M
-/+ buffers/cache:       1.6G       2.3G
Swap:         8.0G         0B       8.0G

             total       used       free     shared    buffers     cached
Mem:          3.9G       1.9G       1.9G       1.5M        39M       295M
-/+ buffers/cache:       1.6G       2.3G
Swap:         8.0G         0B       8.0G

             total       used       free     shared    buffers     cached
Mem:          3.9G       2.0G       1.9G       1.5M        39M       295M
-/+ buffers/cache:       1.6G       2.2G
Swap:         8.0G         0B       8.0G

             total       used       free     shared    buffers     cached
Mem:          3.9G       2.0G       1.9G       1.5M        39M       295M
-/+ buffers/cache:       1.6G       2.2G
Swap:         8.0G         0B       8.0G

             total       used       free     shared    buffers     cached
Mem:          3.9G       2.0G       1.9G       1.5M        39M       295M
-/+ buffers/cache:       1.7G       2.2G
Swap:         8.0G         0B       8.0G

             total       used       free     shared    buffers     cached
Mem:          3.9G       2.0G       1.9G       1.5M        39M       295M
-/+ buffers/cache:       1.7G       2.2G
Swap:         8.0G         0B       8.0G

             total       used       free     shared    buffers     cached
Mem:          3.9G       2.0G       1.8G       1.5M        39M       295M
-/+ buffers/cache:       1.7G       2.2G
Swap:         8.0G         0B       8.0G

             total       used       free     shared    buffers     cached
Mem:          3.9G       2.0G       1.8G       1.5M        39M       295M
-/+ buffers/cache:       1.7G       2.2G
Swap:         8.0G         0B       8.0G

             total       used       free     shared    buffers     cached
Mem:          3.9G       2.0G       1.8G       1.5M        39M       295M
-/+ buffers/cache:       1.7G       2.1G
Swap:         8.0G         0B       8.0G

             total       used       free     shared    buffers     cached
Mem:          3.9G       2.1G       1.8G       1.5M        39M       295M
-/+ buffers/cache:       1.7G       2.1G
Swap:         8.0G         0B       8.0G

             total       used       free     shared    buffers     cached
Mem:          3.9G       2.1G       1.8G       1.5M        39M       295M
-/+ buffers/cache:       1.8G       2.1G
Swap:         8.0G         0B       8.0G

             total       used       free     shared    buffers     cached
Mem:          3.9G       2.1G       1.8G       1.5M        39M       295M
-/+ buffers/cache:       1.8G       2.1G
Swap:         8.0G         0B       8.0G

             total       used       free     shared    buffers     cached
Mem:          3.9G       2.1G       1.7G       1.5M        39M       295M
-/+ buffers/cache:       1.8G       2.1G
Swap:         8.0G         0B       8.0G

             total       used       free     shared    buffers     cached
Mem:          3.9G       2.1G       1.7G       1.5M        39M       295M
-/+ buffers/cache:       1.8G       2.1G
Swap:         8.0G         0B       8.0G

             total       used       free     shared    buffers     cached
Mem:          3.9G       2.1G       1.7G       1.5M        39M       295M
-/+ buffers/cache:       1.8G       2.0G
Swap:         8.0G         0B       8.0G

             total       used       free     shared    buffers     cached
Mem:          3.9G       2.2G       1.7G       1.5M        39M       295M
-/+ buffers/cache:       1.8G       2.0G
Swap:         8.0G         0B       8.0G

             total       used       free     shared    buffers     cached
Mem:          3.9G       2.2G       1.7G       1.5M        39M       295M
-/+ buffers/cache:       1.8G       2.0G
Swap:         8.0G         0B       8.0G

             total       used       free     shared    buffers     cached
Mem:          3.9G       2.2G       1.7G       1.5M        39M       295M
-/+ buffers/cache:       1.9G       2.0G
Swap:         8.0G         0B       8.0G

             total       used       free     shared    buffers     cached
Mem:          3.9G       2.2G       1.7G       1.5M        39M       295M
-/+ buffers/cache:       1.9G       2.0G
Swap:         8.0G         0B       8.0G

             total       used       free     shared    buffers     cached
Mem:          3.9G       2.2G       1.6G       1.5M        39M       295M
-/+ buffers/cache:       1.9G       2.0G
Swap:         8.0G         0B       8.0G

             total       used       free     shared    buffers     cached
Mem:          3.9G       2.2G       1.6G       1.5M        39M       295M
-/+ buffers/cache:       1.9G       2.0G
Swap:         8.0G         0B       8.0G

             total       used       free     shared    buffers     cached
Mem:          3.9G       2.3G       1.6G       1.5M        39M       295M
-/+ buffers/cache:       1.9G       1.9G
Swap:         8.0G         0B       8.0G

             total       used       free     shared    buffers     cached
Mem:          3.9G       2.3G       1.6G       1.5M        39M       295M
-/+ buffers/cache:       1.9G       1.9G
Swap:         8.0G         0B       8.0G

             total       used       free     shared    buffers     cached
Mem:          3.9G       2.3G       1.6G       1.5M        39M       295M
-/+ buffers/cache:       2.0G       1.9G
Swap:         8.0G         0B       8.0G

             total       used       free     shared    buffers     cached
Mem:          3.9G       2.3G       1.6G       1.5M        39M       295M
-/+ buffers/cache:       2.0G       1.9G
Swap:         8.0G         0B       8.0G

             total       used       free     shared    buffers     cached
Mem:          3.9G       2.3G       1.5G       1.5M        39M       295M
-/+ buffers/cache:       2.0G       1.9G
Swap:         8.0G         0B       8.0G

             total       used       free     shared    buffers     cached
Mem:          3.9G       2.3G       1.5G       1.5M        39M       295M
-/+ buffers/cache:       2.0G       1.9G
Swap:         8.0G         0B       8.0G

             total       used       free     shared    buffers     cached
Mem:          3.9G       2.3G       1.5G       1.5M        39M       295M
-/+ buffers/cache:       2.0G       1.8G
Swap:         8.0G         0B       8.0G

             total       used       free     shared    buffers     cached
Mem:          3.9G       2.4G       1.5G       1.5M        39M       295M
-/+ buffers/cache:       2.0G       1.8G
Swap:         8.0G         0B       8.0G

             total       used       free     shared    buffers     cached
Mem:          3.9G       2.4G       1.5G       1.5M        39M       295M
-/+ buffers/cache:       2.1G       1.8G
Swap:         8.0G         0B       8.0G

             total       used       free     shared    buffers     cached
Mem:          3.9G       2.4G       1.5G       1.5M        39M       295M
-/+ buffers/cache:       2.1G       1.8G
Swap:         8.0G         0B       8.0G

             total       used       free     shared    buffers     cached
Mem:          3.9G       2.4G       1.4G       1.5M        39M       295M
-/+ buffers/cache:       2.1G       1.8G
Swap:         8.0G         0B       8.0G

             total       used       free     shared    buffers     cached
Mem:          3.9G       2.4G       1.4G       1.5M        39M       295M
-/+ buffers/cache:       2.1G       1.8G
Swap:         8.0G         0B       8.0G

             total       used       free     shared    buffers     cached
Mem:          3.9G       2.4G       1.4G       1.5M        39M       295M
-/+ buffers/cache:       2.1G       1.7G
Swap:         8.0G         0B       8.0G

             total       used       free     shared    buffers     cached
Mem:          3.9G       2.5G       1.4G       1.5M        39M       295M
-/+ buffers/cache:       2.1G       1.7G
Swap:         8.0G         0B       8.0G

             total       used       free     shared    buffers     cached
Mem:          3.9G       2.5G       1.4G       1.5M        39M       295M
-/+ buffers/cache:       2.1G       1.7G
Swap:         8.0G         0B       8.0G

             total       used       free     shared    buffers     cached
Mem:          3.9G       2.5G       1.4G       1.5M        39M       295M
-/+ buffers/cache:       2.1G       1.7G
Swap:         8.0G         0B       8.0G

             total       used       free     shared    buffers     cached
Mem:          3.9G       2.5G       1.4G       1.5M        39M       295M
-/+ buffers/cache:       2.2G       1.7G
Swap:         8.0G         0B       8.0G

             total       used       free     shared    buffers     cached
Mem:          3.9G       2.5G       1.4G       1.5M        39M       295M
-/+ buffers/cache:       2.2G       1.7G
Swap:         8.0G         0B       8.0G

             total       used       free     shared    buffers     cached
Mem:          3.9G       2.5G       1.3G       1.5M        39M       295M
-/+ buffers/cache:       2.2G       1.7G
Swap:         8.0G         0B       8.0G

             total       used       free     shared    buffers     cached
Mem:          3.9G       2.5G       1.3G       1.5M        39M       295M
-/+ buffers/cache:       2.2G       1.6G
Swap:         8.0G         0B       8.0G

             total       used       free     shared    buffers     cached
Mem:          3.9G       2.6G       1.3G       1.5M        39M       295M
-/+ buffers/cache:       2.2G       1.6G
Swap:         8.0G         0B       8.0G

             total       used       free     shared    buffers     cached
Mem:          3.9G       2.6G       1.3G       1.5M        39M       295M
-/+ buffers/cache:       2.2G       1.6G
Swap:         8.0G         0B       8.0G

             total       used       free     shared    buffers     cached
Mem:          3.9G       2.6G       1.3G       1.5M        39M       295M
-/+ buffers/cache:       2.3G       1.6G
Swap:         8.0G         0B       8.0G

             total       used       free     shared    buffers     cached
Mem:          3.9G       2.6G       1.2G       1.5M        39M       295M
-/+ buffers/cache:       2.3G       1.6G
Swap:         8.0G         0B       8.0G

             total       used       free     shared    buffers     cached
Mem:          3.9G       2.6G       1.2G       1.5M        39M       295M
-/+ buffers/cache:       2.3G       1.6G
Swap:         8.0G         0B       8.0G

             total       used       free     shared    buffers     cached
Mem:          3.9G       2.6G       1.2G       1.5M        39M       295M
-/+ buffers/cache:       2.3G       1.5G
Swap:         8.0G         0B       8.0G

             total       used       free     shared    buffers     cached
Mem:          3.9G       2.7G       1.2G       1.5M        39M       295M
-/+ buffers/cache:       2.3G       1.5G
Swap:         8.0G         0B       8.0G

             total       used       free     shared    buffers     cached
Mem:          3.9G       2.7G       1.2G       1.5M        39M       295M
-/+ buffers/cache:       2.3G       1.5G
Swap:         8.0G         0B       8.0G

             total       used       free     shared    buffers     cached
Mem:          3.9G       2.7G       1.2G       1.5M        39M       295M
-/+ buffers/cache:       2.4G       1.5G
Swap:         8.0G         0B       8.0G

             total       used       free     shared    buffers     cached
Mem:          3.9G       2.7G       1.2G       1.5M        39M       295M
-/+ buffers/cache:       2.4G       1.5G
Swap:         8.0G         0B       8.0G

             total       used       free     shared    buffers     cached
Mem:          3.9G       2.7G       1.1G       1.5M        39M       295M
-/+ buffers/cache:       2.4G       1.5G
Swap:         8.0G         0B       8.0G

             total       used       free     shared    buffers     cached
Mem:          3.9G       2.7G       1.1G       1.5M        39M       295M
-/+ buffers/cache:       2.4G       1.5G
Swap:         8.0G         0B       8.0G

             total       used       free     shared    buffers     cached
Mem:          3.9G       2.8G       1.1G       1.5M        39M       295M
-/+ buffers/cache:       2.4G       1.4G
Swap:         8.0G         0B       8.0G

             total       used       free     shared    buffers     cached
Mem:          3.9G       2.8G       1.1G       1.5M        39M       295M
-/+ buffers/cache:       2.4G       1.4G
Swap:         8.0G         0B       8.0G

             total       used       free     shared    buffers     cached
Mem:          3.9G       2.8G       1.1G       1.5M        39M       295M
-/+ buffers/cache:       2.5G       1.4G
Swap:         8.0G         0B       8.0G

             total       used       free     shared    buffers     cached
Mem:          3.9G       2.8G       1.1G       1.5M        39M       295M
-/+ buffers/cache:       2.5G       1.4G
Swap:         8.0G         0B       8.0G

             total       used       free     shared    buffers     cached
Mem:          3.9G       2.8G       1.0G       1.5M        39M       295M
-/+ buffers/cache:       2.5G       1.4G
Swap:         8.0G         0B       8.0G

             total       used       free     shared    buffers     cached
Mem:          3.9G       2.8G       1.0G       1.5M        39M       295M
-/+ buffers/cache:       2.5G       1.4G
Swap:         8.0G         0B       8.0G

             total       used       free     shared    buffers     cached
Mem:          3.9G       2.8G       1.0G       1.5M        39M       295M
-/+ buffers/cache:       2.5G       1.3G
Swap:         8.0G         0B       8.0G

             total       used       free     shared    buffers     cached
Mem:          3.9G       2.9G       1.0G       1.5M        39M       295M
-/+ buffers/cache:       2.5G       1.3G
Swap:         8.0G         0B       8.0G

             total       used       free     shared    buffers     cached
Mem:          3.9G       2.9G       1.0G       1.5M        39M       295M
-/+ buffers/cache:       2.5G       1.3G
Swap:         8.0G         0B       8.0G

             total       used       free     shared    buffers     cached
Mem:          3.9G       2.9G       995M       1.5M        39M       295M
-/+ buffers/cache:       2.6G       1.3G
Swap:         8.0G         0B       8.0G

             total       used       free     shared    buffers     cached
Mem:          3.9G       2.9G       985M       1.5M        39M       295M
-/+ buffers/cache:       2.6G       1.3G
Swap:         8.0G         0B       8.0G

             total       used       free     shared    buffers     cached
Mem:          3.9G       2.9G       973M       1.5M        39M       295M
-/+ buffers/cache:       2.6G       1.3G
Swap:         8.0G         0B       8.0G

             total       used       free     shared    buffers     cached
Mem:          3.9G       2.9G       963M       1.5M        39M       295M
-/+ buffers/cache:       2.6G       1.3G
Swap:         8.0G         0B       8.0G

             total       used       free     shared    buffers     cached
Mem:          3.9G       2.9G       952M       1.5M        39M       295M
-/+ buffers/cache:       2.6G       1.3G
Swap:         8.0G         0B       8.0G

             total       used       free     shared    buffers     cached
Mem:          3.9G       2.9G       942M       1.5M        39M       295M
-/+ buffers/cache:       2.6G       1.2G
Swap:         8.0G         0B       8.0G

             total       used       free     shared    buffers     cached
Mem:          3.9G       2.9G       931M       1.5M        39M       295M
-/+ buffers/cache:       2.6G       1.2G
Swap:         8.0G         0B       8.0G

             total       used       free     shared    buffers     cached
Mem:          3.9G       3.0G       920M       1.5M        39M       295M
-/+ buffers/cache:       2.6G       1.2G
Swap:         8.0G         0B       8.0G

             total       used       free     shared    buffers     cached
Mem:          3.9G       3.0G       910M       1.5M        39M       295M
-/+ buffers/cache:       2.6G       1.2G
Swap:         8.0G         0B       8.0G

             total       used       free     shared    buffers     cached
Mem:          3.9G       3.0G       899M       1.5M        39M       295M
-/+ buffers/cache:       2.7G       1.2G
Swap:         8.0G         0B       8.0G

             total       used       free     shared    buffers     cached
Mem:          3.9G       3.0G       888M       1.5M        39M       295M
-/+ buffers/cache:       2.7G       1.2G
Swap:         8.0G         0B       8.0G

             total       used       free     shared    buffers     cached
Mem:          3.9G       3.0G       877M       1.5M        39M       295M
-/+ buffers/cache:       2.7G       1.2G
Swap:         8.0G         0B       8.0G

             total       used       free     shared    buffers     cached
Mem:          3.9G       3.0G       865M       1.5M        39M       295M
-/+ buffers/cache:       2.7G       1.2G
Swap:         8.0G         0B       8.0G

             total       used       free     shared    buffers     cached
Mem:          3.9G       3.0G       855M       1.5M        39M       295M
-/+ buffers/cache:       2.7G       1.2G
Swap:         8.0G         0B       8.0G

             total       used       free     shared    buffers     cached
Mem:          3.9G       3.0G       845M       1.5M        39M       295M
-/+ buffers/cache:       2.7G       1.2G
Swap:         8.0G         0B       8.0G

             total       used       free     shared    buffers     cached
Mem:          3.9G       3.0G       834M       1.5M        39M       295M
-/+ buffers/cache:       2.7G       1.1G
Swap:         8.0G         0B       8.0G

             total       used       free     shared    buffers     cached
Mem:          3.9G       3.1G       823M       1.5M        39M       295M
-/+ buffers/cache:       2.7G       1.1G
Swap:         8.0G         0B       8.0G

             total       used       free     shared    buffers     cached
Mem:          3.9G       3.1G       812M       1.5M        39M       295M
-/+ buffers/cache:       2.7G       1.1G
Swap:         8.0G         0B       8.0G

             total       used       free     shared    buffers     cached
Mem:          3.9G       3.1G       802M       1.5M        39M       295M
-/+ buffers/cache:       2.7G       1.1G
Swap:         8.0G         0B       8.0G

             total       used       free     shared    buffers     cached
Mem:          3.9G       3.1G       785M       2.0M        39M       296M
-/+ buffers/cache:       2.8G       1.1G
Swap:         8.0G         0B       8.0G

             total       used       free     shared    buffers     cached
Mem:          3.9G       3.1G       777M       2.1M        39M       296M
-/+ buffers/cache:       2.8G       1.1G
Swap:         8.0G         0B       8.0G

             total       used       free     shared    buffers     cached
Mem:          3.9G       3.1G       766M       2.1M        39M       296M
-/+ buffers/cache:       2.8G       1.1G
Swap:         8.0G         0B       8.0G

             total       used       free     shared    buffers     cached
Mem:          3.9G       3.1G       755M       2.1M        39M       296M
-/+ buffers/cache:       2.8G       1.1G
Swap:         8.0G         0B       8.0G

             total       used       free     shared    buffers     cached
Mem:          3.9G       3.1G       746M       2.1M        39M       296M
-/+ buffers/cache:       2.8G       1.1G
Swap:         8.0G         0B       8.0G

             total       used       free     shared    buffers     cached
Mem:          3.9G       3.1G       736M       2.1M        39M       296M
-/+ buffers/cache:       2.8G       1.0G
Swap:         8.0G         0B       8.0G

             total       used       free     shared    buffers     cached
Mem:          3.9G       3.2G       725M       2.1M        39M       296M
-/+ buffers/cache:       2.8G       1.0G
Swap:         8.0G         0B       8.0G

             total       used       free     shared    buffers     cached
Mem:          3.9G       3.2G       715M       2.1M        39M       296M
-/+ buffers/cache:       2.8G       1.0G
Swap:         8.0G         0B       8.0G

             total       used       free     shared    buffers     cached
Mem:          3.9G       3.2G       705M       2.1M        39M       296M
-/+ buffers/cache:       2.8G       1.0G
Swap:         8.0G         0B       8.0G

             total       used       free     shared    buffers     cached
Mem:          3.9G       3.2G       695M       2.1M        39M       296M
-/+ buffers/cache:       2.9G       1.0G
Swap:         8.0G         0B       8.0G

             total       used       free     shared    buffers     cached
Mem:          3.9G       3.2G       683M       2.1M        39M       296M
-/+ buffers/cache:       2.9G       1.0G
Swap:         8.0G         0B       8.0G

             total       used       free     shared    buffers     cached
Mem:          3.9G       3.2G       672M       2.1M        39M       296M
-/+ buffers/cache:       2.9G       1.0G
Swap:         8.0G         0B       8.0G

             total       used       free     shared    buffers     cached
Mem:          3.9G       3.2G       659M       2.1M        39M       296M
-/+ buffers/cache:       2.9G       995M
Swap:         8.0G         0B       8.0G

             total       used       free     shared    buffers     cached
Mem:          3.9G       3.2G       649M       2.1M        39M       296M
-/+ buffers/cache:       2.9G       985M
Swap:         8.0G         0B       8.0G

             total       used       free     shared    buffers     cached
Mem:          3.9G       3.2G       645M       2.1M        39M       296M
-/+ buffers/cache:       2.9G       981M
Swap:         8.0G         0B       8.0G

             total       used       free     shared    buffers     cached
Mem:          3.9G       3.2G       632M       2.1M        39M       296M
-/+ buffers/cache:       2.9G       968M
Swap:         8.0G         0B       8.0G

             total       used       free     shared    buffers     cached
Mem:          3.9G       3.3G       619M       2.1M        39M       296M
-/+ buffers/cache:       2.9G       955M
Swap:         8.0G         0B       8.0G

             total       used       free     shared    buffers     cached
Mem:          3.9G       3.3G       606M       2.1M        39M       296M
-/+ buffers/cache:       2.9G       942M
Swap:         8.0G         0B       8.0G

             total       used       free     shared    buffers     cached
Mem:          3.9G       3.3G       593M       2.1M        39M       296M
-/+ buffers/cache:       3.0G       929M
Swap:         8.0G         0B       8.0G

             total       used       free     shared    buffers     cached
Mem:          3.9G       3.3G       579M       2.1M        39M       296M
-/+ buffers/cache:       3.0G       915M
Swap:         8.0G         0B       8.0G

             total       used       free     shared    buffers     cached
Mem:          3.9G       3.3G       566M       2.1M        39M       296M
-/+ buffers/cache:       3.0G       902M
Swap:         8.0G         0B       8.0G

             total       used       free     shared    buffers     cached
Mem:          3.9G       3.3G       552M       2.1M        39M       296M
-/+ buffers/cache:       3.0G       888M
Swap:         8.0G         0B       8.0G

             total       used       free     shared    buffers     cached
Mem:          3.9G       3.3G       538M       2.1M        39M       296M
-/+ buffers/cache:       3.0G       874M
Swap:         8.0G         0B       8.0G

             total       used       free     shared    buffers     cached
Mem:          3.9G       3.3G       524M       2.1M        39M       296M
-/+ buffers/cache:       3.0G       860M
Swap:         8.0G         0B       8.0G

             total       used       free     shared    buffers     cached
Mem:          3.9G       3.4G       510M       2.1M        39M       296M
-/+ buffers/cache:       3.0G       846M
Swap:         8.0G         0B       8.0G

             total       used       free     shared    buffers     cached
Mem:          3.9G       3.4G       496M       2.1M        39M       296M
-/+ buffers/cache:       3.0G       832M
Swap:         8.0G         0B       8.0G

             total       used       free     shared    buffers     cached
Mem:          3.9G       3.4G       482M       2.1M        39M       296M
-/+ buffers/cache:       3.1G       818M
Swap:         8.0G         0B       8.0G

             total       used       free     shared    buffers     cached
Mem:          3.9G       3.4G       467M       2.1M        39M       296M
-/+ buffers/cache:       3.1G       804M
Swap:         8.0G         0B       8.0G

             total       used       free     shared    buffers     cached
Mem:          3.9G       3.4G       453M       2.1M        39M       296M
-/+ buffers/cache:       3.1G       790M
Swap:         8.0G         0B       8.0G

             total       used       free     shared    buffers     cached
Mem:          3.9G       3.4G       440M       2.1M        39M       296M
-/+ buffers/cache:       3.1G       776M
Swap:         8.0G         0B       8.0G

             total       used       free     shared    buffers     cached
Mem:          3.9G       3.4G       426M       2.1M        39M       296M
-/+ buffers/cache:       3.1G       762M
Swap:         8.0G         0B       8.0G

             total       used       free     shared    buffers     cached
Mem:          3.9G       3.5G       412M       2.1M        39M       296M
-/+ buffers/cache:       3.1G       749M
Swap:         8.0G         0B       8.0G

             total       used       free     shared    buffers     cached
Mem:          3.9G       3.5G       399M       2.1M        39M       296M
-/+ buffers/cache:       3.1G       735M
Swap:         8.0G         0B       8.0G

             total       used       free     shared    buffers     cached
Mem:          3.9G       3.5G       386M       2.1M        39M       296M
-/+ buffers/cache:       3.2G       722M
Swap:         8.0G         0B       8.0G

             total       used       free     shared    buffers     cached
Mem:          3.9G       3.5G       372M       2.1M        39M       296M
-/+ buffers/cache:       3.2G       708M
Swap:         8.0G         0B       8.0G

             total       used       free     shared    buffers     cached
Mem:          3.9G       3.5G       358M       2.1M        39M       296M
-/+ buffers/cache:       3.2G       695M
Swap:         8.0G         0B       8.0G

             total       used       free     shared    buffers     cached
Mem:          3.9G       3.5G       344M       2.1M        39M       296M
-/+ buffers/cache:       3.2G       680M
Swap:         8.0G         0B       8.0G

             total       used       free     shared    buffers     cached
Mem:          3.9G       3.5G       330M       2.1M        39M       296M
-/+ buffers/cache:       3.2G       667M
Swap:         8.0G         0B       8.0G

             total       used       free     shared    buffers     cached
Mem:          3.9G       3.5G       317M       2.1M        39M       296M
-/+ buffers/cache:       3.2G       653M
Swap:         8.0G         0B       8.0G

             total       used       free     shared    buffers     cached
Mem:          3.9G       3.6G       303M       2.1M        39M       296M
-/+ buffers/cache:       3.2G       640M
Swap:         8.0G         0B       8.0G

             total       used       free     shared    buffers     cached
Mem:          3.9G       3.6G       290M       2.1M        39M       296M
-/+ buffers/cache:       3.2G       627M
Swap:         8.0G         0B       8.0G

             total       used       free     shared    buffers     cached
Mem:          3.9G       3.6G       277M       2.1M        39M       296M
-/+ buffers/cache:       3.3G       614M
Swap:         8.0G         0B       8.0G

             total       used       free     shared    buffers     cached
Mem:          3.9G       3.6G       264M       2.1M        39M       296M
-/+ buffers/cache:       3.3G       601M
Swap:         8.0G         0B       8.0G

             total       used       free     shared    buffers     cached
Mem:          3.9G       3.6G       251M       2.1M        39M       296M
-/+ buffers/cache:       3.3G       588M
Swap:         8.0G         0B       8.0G

             total       used       free     shared    buffers     cached
Mem:          3.9G       3.6G       237M       2.1M        39M       296M
-/+ buffers/cache:       3.3G       574M
Swap:         8.0G         0B       8.0G

             total       used       free     shared    buffers     cached
Mem:          3.9G       3.6G       223M       2.1M        39M       296M
-/+ buffers/cache:       3.3G       560M
Swap:         8.0G         0B       8.0G

             total       used       free     shared    buffers     cached
Mem:          3.9G       3.7G       209M       2.1M        39M       296M
-/+ buffers/cache:       3.3G       546M
Swap:         8.0G         0B       8.0G

             total       used       free     shared    buffers     cached
Mem:          3.9G       3.7G       196M       2.1M        39M       296M
-/+ buffers/cache:       3.3G       533M
Swap:         8.0G         0B       8.0G

             total       used       free     shared    buffers     cached
Mem:          3.9G       3.7G       182M       2.1M        39M       296M
-/+ buffers/cache:       3.4G       519M
Swap:         8.0G         0B       8.0G

             total       used       free     shared    buffers     cached
Mem:          3.9G       3.7G       168M       2.1M        39M       296M
-/+ buffers/cache:       3.4G       505M
Swap:         8.0G         0B       8.0G

             total       used       free     shared    buffers     cached
Mem:          3.9G       3.7G       154M       2.1M        39M       296M
-/+ buffers/cache:       3.4G       491M
Swap:         8.0G         0B       8.0G

             total       used       free     shared    buffers     cached
Mem:          3.9G       3.7G       139M       2.1M        39M       296M
-/+ buffers/cache:       3.4G       476M
Swap:         8.0G         0B       8.0G

             total       used       free     shared    buffers     cached
Mem:          3.9G       3.7G       125M       2.1M        39M       296M
-/+ buffers/cache:       3.4G       462M
Swap:         8.0G         0B       8.0G

             total       used       free     shared    buffers     cached
Mem:          3.9G       3.8G       110M       2.1M        39M       296M
-/+ buffers/cache:       3.4G       447M
Swap:         8.0G         0B       8.0G

             total       used       free     shared    buffers     cached
Mem:          3.9G       3.7G       124M       2.1M        12M       295M
-/+ buffers/cache:       3.4G       432M
Swap:         8.0G         0B       8.0G

             total       used       free     shared    buffers     cached
Mem:          3.9G       3.8G       110M       2.1M        12M       295M
-/+ buffers/cache:       3.5G       418M
Swap:         8.0G         0B       8.0G

             total       used       free     shared    buffers     cached
Mem:          3.9G       3.7G       117M       2.1M        11M       275M
-/+ buffers/cache:       3.5G       404M
Swap:         8.0G         0B       8.0G

             total       used       free     shared    buffers     cached
Mem:          3.9G       3.7G       121M       1.8M        10M       246M
-/+ buffers/cache:       3.5G       378M
Swap:         8.0G       832K       8.0G

             total       used       free     shared    buffers     cached
Mem:          3.9G       3.7G       115M       1.8M        10M       246M
-/+ buffers/cache:       3.5G       372M
Swap:         8.0G       832K       8.0G

             total       used       free     shared    buffers     cached
Mem:          3.9G       3.7G       141M       1.5M       4.6M       209M
-/+ buffers/cache:       3.5G       356M
Swap:         8.0G        27M       8.0G

             total       used       free     shared    buffers     cached
Mem:          3.9G       3.7G       127M       1.5M       4.6M       209M
-/+ buffers/cache:       3.5G       342M
Swap:         8.0G        26M       8.0G

             total       used       free     shared    buffers     cached
Mem:          3.9G       3.8G       111M       1.5M       4.6M       209M
-/+ buffers/cache:       3.5G       326M
Swap:         8.0G        26M       8.0G

             total       used       free     shared    buffers     cached
Mem:          3.9G       3.7G       123M       1.5M       1.7M       187M
-/+ buffers/cache:       3.6G       312M
Swap:         8.0G        25M       8.0G

             total       used       free     shared    buffers     cached
Mem:          3.9G       3.8G       109M       1.5M       1.7M       187M
-/+ buffers/cache:       3.6G       298M
Swap:         8.0G        25M       8.0G

             total       used       free     shared    buffers     cached
Mem:          3.9G       3.7G       121M       1.5M       1.6M       165M
-/+ buffers/cache:       3.6G       288M
Swap:         8.0G        25M       8.0G

             total       used       free     shared    buffers     cached
Mem:          3.9G       3.8G       108M       1.5M       1.6M       165M
-/+ buffers/cache:       3.6G       275M
Swap:         8.0G        25M       8.0G

             total       used       free     shared    buffers     cached
Mem:          3.9G       3.7G       115M       1.5M       1.6M       145M
-/+ buffers/cache:       3.6G       262M
Swap:         8.0G        25M       8.0G

             total       used       free     shared    buffers     cached
Mem:          3.9G       3.7G       134M       1.5M       164K       113M
-/+ buffers/cache:       3.6G       248M
Swap:         8.0G        25M       8.0G

             total       used       free     shared    buffers     cached
Mem:          3.9G       3.7G       120M       1.5M       180K       113M
-/+ buffers/cache:       3.6G       234M
Swap:         8.0G        25M       8.0G

             total       used       free     shared    buffers     cached
Mem:          3.9G       3.8G       105M       1.5M       180K       114M
-/+ buffers/cache:       3.6G       220M
Swap:         8.0G        25M       8.0G

             total       used       free     shared    buffers     cached
Mem:          3.9G       3.7G       118M       1.5M       500K        89M
-/+ buffers/cache:       3.7G       209M
Swap:         8.0G        25M       8.0G

             total       used       free     shared    buffers     cached
Mem:          3.9G       3.8G       106M       1.5M       500K        89M
-/+ buffers/cache:       3.7G       197M
Swap:         8.0G        25M       8.0G

             total       used       free     shared    buffers     cached
Mem:          3.9G       3.8G       111M       5.1M       3.3M        57M
-/+ buffers/cache:       3.7G       172M
Swap:         8.0G        25M       8.0G

             total       used       free     shared    buffers     cached
Mem:          3.9G       3.7G       123M       5.0M       3.7M        48M
-/+ buffers/cache:       3.7G       175M
Swap:         8.0G        39M       8.0G

             total       used       free     shared    buffers     cached
Mem:          3.9G       3.7G       120M       5.0M       2.1M        37M
-/+ buffers/cache:       3.7G       160M
Swap:         8.0G        70M       7.9G

             total       used       free     shared    buffers     cached
Mem:          3.9G       3.8G       111M       5.0M       652K        37M
-/+ buffers/cache:       3.7G       149M
Swap:         8.0G        70M       7.9G

             total       used       free     shared    buffers     cached
Mem:          3.9G       3.7G       117M       1.3M       2.4M        50M
-/+ buffers/cache:       3.7G       170M
Swap:         8.0G        67M       7.9G

             total       used       free     shared    buffers     cached
Mem:          3.9G       3.8G       104M       1.3M       2.4M        51M
-/+ buffers/cache:       3.7G       158M
Swap:         8.0G        67M       7.9G

             total       used       free     shared    buffers     cached
Mem:          3.9G       3.7G       113M       1.2M       288K        30M
-/+ buffers/cache:       3.7G       143M
Swap:         8.0G       196M       7.8G

             total       used       free     shared    buffers     cached
Mem:          3.9G       3.7G       120M       1.2M       160K        19M
-/+ buffers/cache:       3.7G       139M
Swap:         8.0G       196M       7.8G

             total       used       free     shared    buffers     cached
Mem:          3.9G       3.8G       106M       1.2M       316K        21M
-/+ buffers/cache:       3.7G       128M
Swap:         8.0G       196M       7.8G

             total       used       free     shared    buffers     cached
Mem:          3.9G       3.8G       105M       1.2M       316K        21M
-/+ buffers/cache:       3.7G       126M
Swap:         8.0G       196M       7.8G

             total       used       free     shared    buffers     cached
Mem:          3.9G       3.7G       113M       1.2M       316K        14M
-/+ buffers/cache:       3.7G       127M
Swap:         8.0G       196M       7.8G

             total       used       free     shared    buffers     cached
Mem:          3.9G       3.7G       124M       1.2M       316K        13M
-/+ buffers/cache:       3.7G       138M
Swap:         8.0G       196M       7.8G

             total       used       free     shared    buffers     cached
Mem:          3.9G       3.7G       113M       1.2M       316K        13M
-/+ buffers/cache:       3.7G       127M
Swap:         8.0G       196M       7.8G

             total       used       free     shared    buffers     cached
Mem:          3.9G       3.7G       166M       1.2M       456K       9.8M
-/+ buffers/cache:       3.7G       176M
Swap:         8.0G       216M       7.8G

             total       used       free     shared    buffers     cached
Mem:          3.9G       3.7G       156M       1.2M       720K       9.8M
-/+ buffers/cache:       3.7G       167M
Swap:         8.0G       216M       7.8G

             total       used       free     shared    buffers     cached
Mem:          3.9G       3.7G       143M       1.2M       720K       9.8M
-/+ buffers/cache:       3.7G       154M
Swap:         8.0G       216M       7.8G

             total       used       free     shared    buffers     cached
Mem:          3.9G       3.7G       127M       1.2M       720K        12M
-/+ buffers/cache:       3.7G       141M
Swap:         8.0G       216M       7.8G

             total       used       free     shared    buffers     cached
Mem:          3.9G       3.7G       115M       1.2M       720K        12M
-/+ buffers/cache:       3.7G       128M
Swap:         8.0G       216M       7.8G

             total       used       free     shared    buffers     cached
Mem:          3.9G       3.8G       110M       1.2M       720K        13M
-/+ buffers/cache:       3.7G       124M
Swap:         8.0G       214M       7.8G

             total       used       free     shared    buffers     cached
Mem:          3.9G       3.8G       106M       1.2M       728K        13M
-/+ buffers/cache:       3.7G       120M
Swap:         8.0G       213M       7.8G

             total       used       free     shared    buffers     cached
Mem:          3.9G       3.7G       130M       1.2M       496K        11M
-/+ buffers/cache:       3.7G       142M
Swap:         8.0G       211M       7.8G

             total       used       free     shared    buffers     cached
Mem:          3.9G       3.7G       126M       1.2M       496K        11M
-/+ buffers/cache:       3.7G       137M
Swap:         8.0G       210M       7.8G

             total       used       free     shared    buffers     cached
Mem:          3.9G       3.7G       120M       1.2M       496K        11M
-/+ buffers/cache:       3.7G       132M
Swap:         8.0G       209M       7.8G

             total       used       free     shared    buffers     cached
Mem:          3.9G       3.7G       115M       1.2M       496K        11M
-/+ buffers/cache:       3.7G       126M
Swap:         8.0G       209M       7.8G

             total       used       free     shared    buffers     cached
Mem:          3.9G       3.8G       109M       1.2M       504K        11M
-/+ buffers/cache:       3.7G       120M
Swap:         8.0G       209M       7.8G

             total       used       free     shared    buffers     cached
Mem:          3.9G       3.7G       117M       1.2M       508K        11M
-/+ buffers/cache:       3.7G       128M
Swap:         8.0G       209M       7.8G

             total       used       free     shared    buffers     cached
Mem:          3.9G       3.7G       119M       1.2M       240K       6.7M
-/+ buffers/cache:       3.7G       126M
Swap:         8.0G       249M       7.8G

             total       used       free     shared    buffers     cached
Mem:          3.9G       3.8G       108M       1.2M       232K        13M
-/+ buffers/cache:       3.7G       121M
Swap:         8.0G       249M       7.8G

             total       used       free     shared    buffers     cached
Mem:          3.9G       3.7G       122M       1.2M       232K        12M
-/+ buffers/cache:       3.7G       134M
Swap:         8.0G       249M       7.8G

             total       used       free     shared    buffers     cached
Mem:          3.9G       3.8G       105M       1.2M       240K        12M
-/+ buffers/cache:       3.7G       118M
Swap:         8.0G       249M       7.8G

             total       used       free     shared    buffers     cached
Mem:          3.9G       3.8G       101M       1.2M       240K        12M
-/+ buffers/cache:       3.7G       114M
Swap:         8.0G       510M       7.5G

             total       used       free     shared    buffers     cached
Mem:          3.9G       3.8G       101M       1.2M       240K        12M
-/+ buffers/cache:       3.7G       114M
Swap:         8.0G       510M       7.5G

             total       used       free     shared    buffers     cached
Mem:          3.9G       3.8G       101M       1.2M       240K        12M
-/+ buffers/cache:       3.7G       114M
Swap:         8.0G       510M       7.5G

             total       used       free     shared    buffers     cached
Mem:          3.9G       3.7G       147M       1.2M       240K        12M
-/+ buffers/cache:       3.7G       159M
Swap:         8.0G       510M       7.5G

             total       used       free     shared    buffers     cached
Mem:          3.9G       3.7G       136M       1.2M       240K        12M
-/+ buffers/cache:       3.7G       149M
Swap:         8.0G       510M       7.5G

             total       used       free     shared    buffers     cached
Mem:          3.9G       3.7G       136M       1.2M       248K        12M
-/+ buffers/cache:       3.7G       149M
Swap:         8.0G       510M       7.5G

             total       used       free     shared    buffers     cached
Mem:          3.9G       3.8G       109M       1.2M       2.6M        28M
-/+ buffers/cache:       3.7G       140M
Swap:         8.0G       508M       7.5G

             total       used       free     shared    buffers     cached
Mem:          3.9G       3.7G       156M       1.3M       5.4M        34M
-/+ buffers/cache:       3.7G       196M
Swap:         8.0G       507M       7.5G
