             total       used       free     shared    buffers     cached
Mem:          992M       654M       337M       3.2M        41M       287M
-/+ buffers/cache:       325M       666M
Swap:         8.0G         0B       8.0G

             total       used       free     shared    buffers     cached
Mem:          992M       654M       337M       3.2M        41M       287M
-/+ buffers/cache:       324M       667M
Swap:         8.0G         0B       8.0G

             total       used       free     shared    buffers     cached
Mem:          992M       654M       338M       3.2M        41M       287M
-/+ buffers/cache:       324M       667M
Swap:         8.0G         0B       8.0G

             total       used       free     shared    buffers     cached
Mem:          992M       658M       334M       3.2M        41M       287M
-/+ buffers/cache:       328M       663M
Swap:         8.0G         0B       8.0G

             total       used       free     shared    buffers     cached
Mem:          992M       674M       317M       3.2M        41M       287M
-/+ buffers/cache:       345M       646M
Swap:         8.0G         0B       8.0G

             total       used       free     shared    buffers     cached
Mem:          992M       702M       289M       3.2M        41M       288M
-/+ buffers/cache:       371M       620M
Swap:         8.0G         0B       8.0G

             total       used       free     shared    buffers     cached
Mem:          992M       696M       295M       3.2M        41M       291M
-/+ buffers/cache:       363M       629M
Swap:         8.0G         0B       8.0G

             total       used       free     shared    buffers     cached
Mem:          992M       732M       259M       3.2M        42M       291M
-/+ buffers/cache:       398M       593M
Swap:         8.0G         0B       8.0G

             total       used       free     shared    buffers     cached
Mem:          992M       731M       260M       3.2M        42M       291M
-/+ buffers/cache:       398M       594M
Swap:         8.0G         0B       8.0G

             total       used       free     shared    buffers     cached
Mem:          992M       734M       257M       3.2M        42M       291M
-/+ buffers/cache:       400M       591M
Swap:         8.0G         0B       8.0G

             total       used       free     shared    buffers     cached
Mem:          992M       720M       272M       3.3M        42M       296M
-/+ buffers/cache:       381M       611M
Swap:         8.0G         0B       8.0G

             total       used       free     shared    buffers     cached
Mem:          992M       722M       270M       3.3M        42M       296M
-/+ buffers/cache:       382M       609M
Swap:         8.0G         0B       8.0G

             total       used       free     shared    buffers     cached
Mem:          992M       722M       270M       3.3M        42M       296M
-/+ buffers/cache:       382M       609M
Swap:         8.0G         0B       8.0G

             total       used       free     shared    buffers     cached
Mem:          992M       722M       270M       3.3M        42M       296M
-/+ buffers/cache:       382M       609M
Swap:         8.0G         0B       8.0G

             total       used       free     shared    buffers     cached
Mem:          992M       722M       270M       3.3M        42M       296M
-/+ buffers/cache:       382M       609M
Swap:         8.0G         0B       8.0G

             total       used       free     shared    buffers     cached
Mem:          992M       722M       270M       3.3M        42M       296M
-/+ buffers/cache:       382M       609M
Swap:         8.0G         0B       8.0G

             total       used       free     shared    buffers     cached
Mem:          992M       722M       270M       3.3M        42M       296M
-/+ buffers/cache:       382M       609M
Swap:         8.0G         0B       8.0G

             total       used       free     shared    buffers     cached
Mem:          992M       722M       270M       3.3M        42M       296M
-/+ buffers/cache:       382M       609M
Swap:         8.0G         0B       8.0G

             total       used       free     shared    buffers     cached
Mem:          992M       722M       270M       3.3M        42M       296M
-/+ buffers/cache:       382M       609M
Swap:         8.0G         0B       8.0G

             total       used       free     shared    buffers     cached
Mem:          992M       722M       270M       3.3M        42M       296M
-/+ buffers/cache:       382M       609M
Swap:         8.0G         0B       8.0G

             total       used       free     shared    buffers     cached
Mem:          992M       722M       270M       3.3M        42M       296M
-/+ buffers/cache:       382M       609M
Swap:         8.0G         0B       8.0G

             total       used       free     shared    buffers     cached
Mem:          992M       722M       269M       3.3M        42M       296M
-/+ buffers/cache:       383M       608M
Swap:         8.0G         0B       8.0G

             total       used       free     shared    buffers     cached
Mem:          992M       722M       269M       3.3M        42M       296M
-/+ buffers/cache:       383M       608M
Swap:         8.0G         0B       8.0G

             total       used       free     shared    buffers     cached
Mem:          992M       722M       269M       3.3M        42M       296M
-/+ buffers/cache:       383M       608M
Swap:         8.0G         0B       8.0G

             total       used       free     shared    buffers     cached
Mem:          992M       722M       269M       3.3M        42M       296M
-/+ buffers/cache:       383M       608M
Swap:         8.0G         0B       8.0G

             total       used       free     shared    buffers     cached
Mem:          992M       722M       269M       3.3M        42M       296M
-/+ buffers/cache:       383M       608M
Swap:         8.0G         0B       8.0G

             total       used       free     shared    buffers     cached
Mem:          992M       722M       269M       3.3M        42M       296M
-/+ buffers/cache:       383M       608M
Swap:         8.0G         0B       8.0G

             total       used       free     shared    buffers     cached
Mem:          992M       722M       269M       3.3M        42M       296M
-/+ buffers/cache:       383M       608M
Swap:         8.0G         0B       8.0G

             total       used       free     shared    buffers     cached
Mem:          992M       722M       269M       3.3M        42M       296M
-/+ buffers/cache:       383M       608M
Swap:         8.0G         0B       8.0G

             total       used       free     shared    buffers     cached
Mem:          992M       722M       269M       3.3M        42M       296M
-/+ buffers/cache:       383M       608M
Swap:         8.0G         0B       8.0G

             total       used       free     shared    buffers     cached
Mem:          992M       722M       269M       3.3M        42M       296M
-/+ buffers/cache:       383M       608M
Swap:         8.0G         0B       8.0G

             total       used       free     shared    buffers     cached
Mem:          992M       722M       269M       3.3M        42M       296M
-/+ buffers/cache:       383M       608M
Swap:         8.0G         0B       8.0G

             total       used       free     shared    buffers     cached
Mem:          992M       722M       269M       3.3M        42M       296M
-/+ buffers/cache:       383M       608M
Swap:         8.0G         0B       8.0G

             total       used       free     shared    buffers     cached
Mem:          992M       727M       265M       3.3M        42M       296M
-/+ buffers/cache:       387M       604M
Swap:         8.0G         0B       8.0G

             total       used       free     shared    buffers     cached
Mem:          992M       743M       249M       3.3M        42M       296M
-/+ buffers/cache:       403M       588M
Swap:         8.0G         0B       8.0G

             total       used       free     shared    buffers     cached
Mem:          992M       757M       234M       3.3M        42M       296M
-/+ buffers/cache:       418M       573M
Swap:         8.0G         0B       8.0G

             total       used       free     shared    buffers     cached
Mem:          992M       772M       220M       3.3M        42M       296M
-/+ buffers/cache:       432M       559M
Swap:         8.0G         0B       8.0G

             total       used       free     shared    buffers     cached
Mem:          992M       787M       204M       3.3M        42M       296M
-/+ buffers/cache:       448M       543M
Swap:         8.0G         0B       8.0G

             total       used       free     shared    buffers     cached
Mem:          992M       804M       188M       3.3M        42M       296M
-/+ buffers/cache:       464M       527M
Swap:         8.0G         0B       8.0G

             total       used       free     shared    buffers     cached
Mem:          992M       820M       172M       3.3M        42M       296M
-/+ buffers/cache:       480M       511M
Swap:         8.0G         0B       8.0G

             total       used       free     shared    buffers     cached
Mem:          992M       836M       156M       3.3M        42M       296M
-/+ buffers/cache:       496M       495M
Swap:         8.0G         0B       8.0G

             total       used       free     shared    buffers     cached
Mem:          992M       852M       139M       3.3M        42M       296M
-/+ buffers/cache:       513M       478M
Swap:         8.0G         0B       8.0G

             total       used       free     shared    buffers     cached
Mem:          992M       868M       123M       3.3M        42M       296M
-/+ buffers/cache:       529M       462M
Swap:         8.0G         0B       8.0G

             total       used       free     shared    buffers     cached
Mem:          992M       886M       105M       3.3M        42M       296M
-/+ buffers/cache:       547M       444M
Swap:         8.0G         0B       8.0G

             total       used       free     shared    buffers     cached
Mem:          992M       903M        88M       3.3M        42M       296M
-/+ buffers/cache:       564M       427M
Swap:         8.0G         0B       8.0G

             total       used       free     shared    buffers     cached
Mem:          992M       921M        70M       3.3M        42M       296M
-/+ buffers/cache:       582M       409M
Swap:         8.0G         0B       8.0G

             total       used       free     shared    buffers     cached
Mem:          992M       923M        68M       3.3M        27M       295M
-/+ buffers/cache:       599M       392M
Swap:         8.0G         0B       8.0G

             total       used       free     shared    buffers     cached
Mem:          992M       926M        65M       3.3M        17M       295M
-/+ buffers/cache:       613M       378M
Swap:         8.0G         0B       8.0G

             total       used       free     shared    buffers     cached
Mem:          992M       927M        64M       3.3M        14M       283M
-/+ buffers/cache:       629M       362M
Swap:         8.0G         0B       8.0G

             total       used       free     shared    buffers     cached
Mem:          992M       925M        67M       3.2M        13M       265M
-/+ buffers/cache:       645M       346M
Swap:         8.0G       124K       8.0G

             total       used       free     shared    buffers     cached
Mem:          992M       924M        67M       3.1M        13M       247M
-/+ buffers/cache:       662M       329M
Swap:         8.0G       172K       8.0G

             total       used       free     shared    buffers     cached
Mem:          992M       927M        64M       3.1M        13M       236M
-/+ buffers/cache:       677M       314M
Swap:         8.0G       4.7M       8.0G

             total       used       free     shared    buffers     cached
Mem:          992M       911M        80M       2.9M        12M       211M
-/+ buffers/cache:       687M       304M
Swap:         8.0G        12M       8.0G

             total       used       free     shared    buffers     cached
Mem:          992M       928M        63M       2.9M        12M       211M
-/+ buffers/cache:       704M       287M
Swap:         8.0G        12M       8.0G

             total       used       free     shared    buffers     cached
Mem:          992M       930M        61M       2.9M       3.5M       207M
-/+ buffers/cache:       720M       271M
Swap:         8.0G        12M       8.0G

             total       used       free     shared    buffers     cached
Mem:          992M       922M        69M       2.9M       1.2M       184M
-/+ buffers/cache:       736M       255M
Swap:         8.0G        12M       8.0G

             total       used       free     shared    buffers     cached
Mem:          992M       930M        61M       2.9M       960K       179M
-/+ buffers/cache:       750M       242M
Swap:         8.0G        12M       8.0G

             total       used       free     shared    buffers     cached
Mem:          992M       924M        67M       2.9M       960K       158M
-/+ buffers/cache:       765M       226M
Swap:         8.0G        12M       8.0G

             total       used       free     shared    buffers     cached
Mem:          992M       919M        72M       2.9M       972K       139M
-/+ buffers/cache:       779M       212M
Swap:         8.0G        12M       8.0G

             total       used       free     shared    buffers     cached
Mem:          992M       917M        74M       2.9M        80K       123M
-/+ buffers/cache:       793M       198M
Swap:         8.0G        12M       8.0G

             total       used       free     shared    buffers     cached
Mem:          992M       931M        60M       2.9M        80K       123M
-/+ buffers/cache:       807M       184M
Swap:         8.0G        12M       8.0G

             total       used       free     shared    buffers     cached
Mem:          992M       928M        63M       2.9M        92K       109M
-/+ buffers/cache:       818M       173M
Swap:         8.0G        12M       8.0G

             total       used       free     shared    buffers     cached
Mem:          992M       923M        69M       2.9M       236K        98M
-/+ buffers/cache:       824M       168M
Swap:         8.0G        12M       8.0G

             total       used       free     shared    buffers     cached
Mem:          992M       920M        71M       2.9M       2.6M        77M
-/+ buffers/cache:       840M       151M
Swap:         8.0G        12M       8.0G

             total       used       free     shared    buffers     cached
Mem:          992M       930M        61M       2.9M       2.6M        72M
-/+ buffers/cache:       855M       136M
Swap:         8.0G        12M       8.0G

             total       used       free     shared    buffers     cached
Mem:          992M       929M        62M       2.9M       2.6M        56M
-/+ buffers/cache:       870M       121M
Swap:         8.0G        12M       8.0G

             total       used       free     shared    buffers     cached
Mem:          992M       928M        63M       2.9M       2.6M        39M
-/+ buffers/cache:       886M       106M
Swap:         8.0G        12M       8.0G

             total       used       free     shared    buffers     cached
Mem:          992M       925M        66M       2.9M       2.6M        23M
-/+ buffers/cache:       900M        92M
Swap:         8.0G        12M       8.0G

             total       used       free     shared    buffers     cached
Mem:          992M       924M        67M       2.9M       2.6M        14M
-/+ buffers/cache:       907M        84M
Swap:         8.0G        22M       8.0G

             total       used       free     shared    buffers     cached
Mem:          992M       919M        72M       2.6M       388K       4.9M
-/+ buffers/cache:       914M        77M
Swap:         8.0G        27M       8.0G

             total       used       free     shared    buffers     cached
Mem:          992M       929M        63M       2.6M       388K       5.0M
-/+ buffers/cache:       923M        68M
Swap:         8.0G        31M       8.0G

             total       used       free     shared    buffers     cached
Mem:          992M       920M        72M       2.6M       384K       4.6M
-/+ buffers/cache:       915M        77M
Swap:         8.0G        59M       7.9G

             total       used       free     shared    buffers     cached
Mem:          992M       921M        71M       2.5M       384K       4.6M
-/+ buffers/cache:       916M        76M
Swap:         8.0G        67M       7.9G

             total       used       free     shared    buffers     cached
Mem:          992M       921M        71M       2.5M       384K       4.5M
-/+ buffers/cache:       916M        76M
Swap:         8.0G        78M       7.9G

             total       used       free     shared    buffers     cached
Mem:          992M       915M        76M       2.5M       388K       4.5M
-/+ buffers/cache:       910M        81M
Swap:         8.0G        97M       7.9G

             total       used       free     shared    buffers     cached
Mem:          992M       928M        64M       2.5M       388K       4.5M
-/+ buffers/cache:       923M        68M
Swap:         8.0G        97M       7.9G

             total       used       free     shared    buffers     cached
Mem:          992M       918M        73M       2.5M       380K       4.4M
-/+ buffers/cache:       913M        78M
Swap:         8.0G       118M       7.9G

             total       used       free     shared    buffers     cached
Mem:          992M       922M        69M       2.5M       380K       4.4M
-/+ buffers/cache:       918M        74M
Swap:         8.0G       143M       7.9G

             total       used       free     shared    buffers     cached
Mem:          992M       923M        68M       2.5M       380K       4.4M
-/+ buffers/cache:       919M        73M
Swap:         8.0G       146M       7.9G

             total       used       free     shared    buffers     cached
Mem:          992M       916M        75M       2.4M        88K        22M
-/+ buffers/cache:       893M        98M
Swap:         8.0G       200M       7.8G

             total       used       free     shared    buffers     cached
Mem:          992M       929M        62M       2.4M       540K        22M
-/+ buffers/cache:       905M        86M
Swap:         8.0G       200M       7.8G

             total       used       free     shared    buffers     cached
Mem:          992M       927M        64M       2.4M       540K        22M
-/+ buffers/cache:       904M        87M
Swap:         8.0G       200M       7.8G

             total       used       free     shared    buffers     cached
Mem:          992M       928M        63M       2.4M       540K        22M
-/+ buffers/cache:       905M        86M
Swap:         8.0G       213M       7.8G

             total       used       free     shared    buffers     cached
Mem:          992M       927M        64M       2.4M       540K        21M
-/+ buffers/cache:       904M        87M
Swap:         8.0G       226M       7.8G

             total       used       free     shared    buffers     cached
Mem:          992M       927M        65M       2.4M       540K        21M
-/+ buffers/cache:       905M        87M
Swap:         8.0G       238M       7.8G

             total       used       free     shared    buffers     cached
Mem:          992M       923M        69M       2.4M       548K        20M
-/+ buffers/cache:       902M        89M
Swap:         8.0G       250M       7.8G

             total       used       free     shared    buffers     cached
Mem:          992M       915M        76M       2.4M       532K        17M
-/+ buffers/cache:       897M        94M
Swap:         8.0G       278M       7.7G

             total       used       free     shared    buffers     cached
Mem:          992M       929M        62M       2.4M       532K        17M
-/+ buffers/cache:       911M        80M
Swap:         8.0G       278M       7.7G

             total       used       free     shared    buffers     cached
Mem:          992M       925M        66M       2.4M        88K       9.2M
-/+ buffers/cache:       915M        76M
Swap:         8.0G       278M       7.7G

             total       used       free     shared    buffers     cached
Mem:          992M       926M        66M       2.4M        88K       4.7M
-/+ buffers/cache:       921M        70M
Swap:         8.0G       279M       7.7G

             total       used       free     shared    buffers     cached
Mem:          992M       901M        90M       2.4M        96K       4.1M
-/+ buffers/cache:       897M        94M
Swap:         8.0G       318M       7.7G

             total       used       free     shared    buffers     cached
Mem:          992M       904M        88M       2.4M        96K       4.1M
-/+ buffers/cache:       899M        92M
Swap:         8.0G       318M       7.7G

             total       used       free     shared    buffers     cached
Mem:          992M       910M        82M       2.4M        96K       4.1M
-/+ buffers/cache:       905M        86M
Swap:         8.0G       318M       7.7G

             total       used       free     shared    buffers     cached
Mem:          992M       915M        76M       2.4M        96K       4.1M
-/+ buffers/cache:       911M        80M
Swap:         8.0G       318M       7.7G

             total       used       free     shared    buffers     cached
Mem:          992M       920M        71M       2.4M        96K       4.1M
-/+ buffers/cache:       916M        75M
Swap:         8.0G       318M       7.7G

             total       used       free     shared    buffers     cached
Mem:          992M       925M        67M       2.4M        96K       4.1M
-/+ buffers/cache:       920M        71M
Swap:         8.0G       318M       7.7G

             total       used       free     shared    buffers     cached
Mem:          992M       931M        61M       2.4M       104K       4.1M
-/+ buffers/cache:       926M        65M
Swap:         8.0G       318M       7.7G

             total       used       free     shared    buffers     cached
Mem:          992M       922M        69M       2.4M       104K       4.0M
-/+ buffers/cache:       918M        73M
Swap:         8.0G       327M       7.7G

             total       used       free     shared    buffers     cached
Mem:          992M       927M        64M       2.4M       104K       4.0M
-/+ buffers/cache:       923M        68M
Swap:         8.0G       327M       7.7G

             total       used       free     shared    buffers     cached
Mem:          992M       896M        95M        52K       104K       1.6M
-/+ buffers/cache:       895M        97M
Swap:         8.0G       371M       7.6G

             total       used       free     shared    buffers     cached
Mem:          992M       899M        92M        20K       104K       1.6M
-/+ buffers/cache:       897M        94M
Swap:         8.0G       371M       7.6G

             total       used       free     shared    buffers     cached
Mem:          992M       903M        88M        20K       112K       1.6M
-/+ buffers/cache:       901M        90M
Swap:         8.0G       371M       7.6G

             total       used       free     shared    buffers     cached
Mem:          992M       907M        84M        20K       112K       1.6M
-/+ buffers/cache:       906M        86M
Swap:         8.0G       371M       7.6G

             total       used       free     shared    buffers     cached
Mem:          992M       910M        81M        20K       112K       1.6M
-/+ buffers/cache:       909M        83M
Swap:         8.0G       371M       7.6G

             total       used       free     shared    buffers     cached
Mem:          992M       914M        77M        20K       112K       1.7M
-/+ buffers/cache:       913M        79M
Swap:         8.0G       371M       7.6G

             total       used       free     shared    buffers     cached
Mem:          992M       919M        73M        20K       112K       1.6M
-/+ buffers/cache:       917M        74M
Swap:         8.0G       371M       7.6G

             total       used       free     shared    buffers     cached
Mem:          992M       923M        69M        20K       120K       1.6M
-/+ buffers/cache:       921M        70M
Swap:         8.0G       371M       7.6G

             total       used       free     shared    buffers     cached
Mem:          992M       927M        65M        20K       120K       1.6M
-/+ buffers/cache:       925M        66M
Swap:         8.0G       371M       7.6G

             total       used       free     shared    buffers     cached
Mem:          992M       919M        72M        20K       120K       1.6M
-/+ buffers/cache:       917M        74M
Swap:         8.0G       380M       7.6G

             total       used       free     shared    buffers     cached
Mem:          992M       922M        70M        20K       120K       1.6M
-/+ buffers/cache:       920M        71M
Swap:         8.0G       380M       7.6G

             total       used       free     shared    buffers     cached
Mem:          992M       926M        66M        20K       120K       1.6M
-/+ buffers/cache:       924M        67M
Swap:         8.0G       380M       7.6G

             total       used       free     shared    buffers     cached
Mem:          992M       923M        68M        20K       120K       1.6M
-/+ buffers/cache:       921M        70M
Swap:         8.0G       382M       7.6G

             total       used       free     shared    buffers     cached
Mem:          992M       914M        77M        20K       104K       1.6M
-/+ buffers/cache:       912M        79M
Swap:         8.0G       385M       7.6G

             total       used       free     shared    buffers     cached
Mem:          992M       925M        66M         4K       100K       1.6M
-/+ buffers/cache:       924M        68M
Swap:         8.0G       369M       7.6G

             total       used       free     shared    buffers     cached
Mem:          992M       921M        70M         0B        92K       1.6M
-/+ buffers/cache:       919M        72M
Swap:         8.0G       373M       7.6G

             total       used       free     shared    buffers     cached
Mem:          992M       925M        66M         0B        84K       1.5M
-/+ buffers/cache:       924M        68M
Swap:         8.0G       369M       7.6G

             total       used       free     shared    buffers     cached
Mem:          992M       920M        72M         0B        76K       1.4M
-/+ buffers/cache:       918M        73M
Swap:         8.0G       378M       7.6G

             total       used       free     shared    buffers     cached
Mem:          992M       929M        63M         0B        84K       1.4M
-/+ buffers/cache:       927M        64M
Swap:         8.0G       362M       7.6G

             total       used       free     shared    buffers     cached
Mem:          992M       929M        63M         0B        84K       1.4M
-/+ buffers/cache:       927M        64M
Swap:         8.0G       362M       7.6G

             total       used       free     shared    buffers     cached
Mem:          992M       921M        71M         0B        76K       1.4M
-/+ buffers/cache:       919M        72M
Swap:         8.0G       372M       7.6G

             total       used       free     shared    buffers     cached
Mem:          992M       920M        71M         0B        76K       1.4M
-/+ buffers/cache:       918M        73M
Swap:         8.0G       373M       7.6G

             total       used       free     shared    buffers     cached
Mem:          992M       919M        73M         0B        76K       1.3M
-/+ buffers/cache:       917M        74M
Swap:         8.0G       380M       7.6G

             total       used       free     shared    buffers     cached
Mem:          992M       924M        67M         0B       172K       2.1M
-/+ buffers/cache:       922M        69M
Swap:         8.0G       416M       7.6G

             total       used       free     shared    buffers     cached
Mem:          992M       918M        73M         0B       172K       2.0M
-/+ buffers/cache:       916M        75M
Swap:         8.0G       531M       7.5G

             total       used       free     shared    buffers     cached
Mem:          992M       920M        72M         0B       172K       2.2M
-/+ buffers/cache:       917M        74M
Swap:         8.0G       475M       7.5G

             total       used       free     shared    buffers     cached
Mem:          992M       920M        72M         0B       196K       2.2M
-/+ buffers/cache:       917M        74M
Swap:         8.0G       475M       7.5G

             total       used       free     shared    buffers     cached
Mem:          992M       920M        72M         0B       200K       2.5M
-/+ buffers/cache:       917M        74M
Swap:         8.0G       451M       7.6G

             total       used       free     shared    buffers     cached
Mem:          992M       923M        68M         0B       200K       2.5M
-/+ buffers/cache:       920M        71M
Swap:         8.0G       449M       7.6G

             total       used       free     shared    buffers     cached
Mem:          992M       929M        63M         0B       208K       2.5M
-/+ buffers/cache:       926M        65M
Swap:         8.0G       448M       7.6G

             total       used       free     shared    buffers     cached
Mem:          992M       916M        75M         0B       208K       2.5M
-/+ buffers/cache:       914M        78M
Swap:         8.0G       448M       7.6G

             total       used       free     shared    buffers     cached
Mem:          992M       921M        70M         0B       208K       2.5M
-/+ buffers/cache:       919M        73M
Swap:         8.0G       448M       7.6G

             total       used       free     shared    buffers     cached
Mem:          992M       926M        65M         0B       208K       2.5M
-/+ buffers/cache:       924M        67M
Swap:         8.0G       448M       7.6G

             total       used       free     shared    buffers     cached
Mem:          992M       916M        76M         0B       208K       2.5M
-/+ buffers/cache:       913M        78M
Swap:         8.0G       448M       7.6G

             total       used       free     shared    buffers     cached
Mem:          992M       919M        72M         0B       216K       2.5M
-/+ buffers/cache:       917M        75M
Swap:         8.0G       448M       7.6G

             total       used       free     shared    buffers     cached
Mem:          992M       925M        67M         0B       216K       2.6M
-/+ buffers/cache:       922M        69M
Swap:         8.0G       447M       7.6G

             total       used       free     shared    buffers     cached
Mem:          992M       928M        63M         0B       216K       2.6M
-/+ buffers/cache:       925M        66M
Swap:         8.0G       447M       7.6G

             total       used       free     shared    buffers     cached
Mem:          992M       929M        62M         0B       216K       2.6M
-/+ buffers/cache:       926M        65M
Swap:         8.0G       446M       7.6G

             total       used       free     shared    buffers     cached
Mem:          992M       931M        61M         0B       216K       2.6M
-/+ buffers/cache:       928M        63M
Swap:         8.0G       445M       7.6G

             total       used       free     shared    buffers     cached
Mem:          992M       919M        73M         0B       224K       2.6M
-/+ buffers/cache:       916M        75M
Swap:         8.0G       445M       7.6G

             total       used       free     shared    buffers     cached
Mem:          992M       904M        87M         0B        80K        19M
-/+ buffers/cache:       884M       107M
Swap:         8.0G       468M       7.5G

             total       used       free     shared    buffers     cached
Mem:          992M       900M        91M         0B       532K        20M
-/+ buffers/cache:       880M       111M
Swap:         8.0G       472M       7.5G

             total       used       free     shared    buffers     cached
Mem:          992M       902M        90M         0B       532K        20M
-/+ buffers/cache:       881M       110M
Swap:         8.0G       472M       7.5G

             total       used       free     shared    buffers     cached
Mem:          992M       903M        88M         0B       532K        20M
-/+ buffers/cache:       883M       109M
Swap:         8.0G       471M       7.5G

             total       used       free     shared    buffers     cached
Mem:          992M       905M        87M         0B       532K        20M
-/+ buffers/cache:       884M       107M
Swap:         8.0G       470M       7.5G

             total       used       free     shared    buffers     cached
Mem:          992M       906M        86M         0B       540K        20M
-/+ buffers/cache:       885M       106M
Swap:         8.0G       469M       7.5G

             total       used       free     shared    buffers     cached
Mem:          992M       907M        84M         0B       540K        20M
-/+ buffers/cache:       887M       105M
Swap:         8.0G       469M       7.5G

             total       used       free     shared    buffers     cached
Mem:          992M       909M        82M         0B       540K        20M
-/+ buffers/cache:       888M       103M
Swap:         8.0G       468M       7.5G

             total       used       free     shared    buffers     cached
Mem:          992M       910M        81M         0B       540K        20M
-/+ buffers/cache:       890M       102M
Swap:         8.0G       467M       7.5G

             total       used       free     shared    buffers     cached
Mem:          992M       912M        79M         0B       540K        20M
-/+ buffers/cache:       891M       100M
Swap:         8.0G       466M       7.5G

             total       used       free     shared    buffers     cached
Mem:          992M       913M        78M         0B       548K        20M
-/+ buffers/cache:       893M        99M
Swap:         8.0G       465M       7.5G

             total       used       free     shared    buffers     cached
Mem:          992M       915M        76M         0B       548K        20M
-/+ buffers/cache:       895M        97M
Swap:         8.0G       464M       7.5G

             total       used       free     shared    buffers     cached
Mem:          992M       917M        74M         0B       548K        20M
-/+ buffers/cache:       896M        95M
Swap:         8.0G       463M       7.5G

             total       used       free     shared    buffers     cached
Mem:          992M       918M        73M         0B       548K        20M
-/+ buffers/cache:       898M        93M
Swap:         8.0G       463M       7.5G

             total       used       free     shared    buffers     cached
Mem:          992M       920M        71M         0B       548K        20M
-/+ buffers/cache:       900M        92M
Swap:         8.0G       462M       7.5G

             total       used       free     shared    buffers     cached
Mem:          992M       922M        70M         0B       556K        20M
-/+ buffers/cache:       901M        90M
Swap:         8.0G       461M       7.5G

             total       used       free     shared    buffers     cached
Mem:          992M       923M        68M         0B       556K        20M
-/+ buffers/cache:       903M        89M
Swap:         8.0G       460M       7.5G

             total       used       free     shared    buffers     cached
Mem:          992M       925M        66M         0B       556K        20M
-/+ buffers/cache:       904M        87M
Swap:         8.0G       459M       7.5G

             total       used       free     shared    buffers     cached
Mem:          992M       926M        65M         0B       556K        20M
-/+ buffers/cache:       906M        85M
Swap:         8.0G       458M       7.5G

             total       used       free     shared    buffers     cached
Mem:          992M       928M        63M         0B       556K        20M
-/+ buffers/cache:       907M        84M
Swap:         8.0G       458M       7.5G

             total       used       free     shared    buffers     cached
Mem:          992M       929M        62M         0B       556K        20M
-/+ buffers/cache:       909M        82M
Swap:         8.0G       457M       7.6G

             total       used       free     shared    buffers     cached
Mem:          992M       925M        66M         0B       564K        19M
-/+ buffers/cache:       905M        86M
Swap:         8.0G       458M       7.5G

             total       used       free     shared    buffers     cached
Mem:          992M       920M        71M         0B       564K        19M
-/+ buffers/cache:       900M        91M
Swap:         8.0G       469M       7.5G

             total       used       free     shared    buffers     cached
Mem:          992M       922M        69M         0B       564K        19M
-/+ buffers/cache:       902M        90M
Swap:         8.0G       469M       7.5G

             total       used       free     shared    buffers     cached
Mem:          992M       923M        68M         0B       564K        19M
-/+ buffers/cache:       903M        88M
Swap:         8.0G       468M       7.5G

             total       used       free     shared    buffers     cached
Mem:          992M       925M        66M         0B       564K        19M
-/+ buffers/cache:       905M        86M
Swap:         8.0G       467M       7.5G

             total       used       free     shared    buffers     cached
Mem:          992M       927M        65M         0B       572K        19M
-/+ buffers/cache:       907M        85M
Swap:         8.0G       466M       7.5G

             total       used       free     shared    buffers     cached
Mem:          992M       928M        63M         0B       572K        19M
-/+ buffers/cache:       908M        83M
Swap:         8.0G       465M       7.5G

             total       used       free     shared    buffers     cached
Mem:          992M       930M        62M         0B       572K        19M
-/+ buffers/cache:       910M        82M
Swap:         8.0G       465M       7.5G

             total       used       free     shared    buffers     cached
Mem:          992M       918M        73M         0B       552K        18M
-/+ buffers/cache:       899M        92M
Swap:         8.0G       474M       7.5G

             total       used       free     shared    buffers     cached
Mem:          992M       919M        72M         0B       552K        18M
-/+ buffers/cache:       900M        91M
Swap:         8.0G       473M       7.5G

             total       used       free     shared    buffers     cached
Mem:          992M       920M        71M         0B       560K        18M
-/+ buffers/cache:       901M        90M
Swap:         8.0G       473M       7.5G

             total       used       free     shared    buffers     cached
Mem:          992M       921M        70M         0B       560K        18M
-/+ buffers/cache:       903M        89M
Swap:         8.0G       472M       7.5G

             total       used       free     shared    buffers     cached
Mem:          992M       923M        68M         0B       560K        18M
-/+ buffers/cache:       904M        87M
Swap:         8.0G       471M       7.5G

             total       used       free     shared    buffers     cached
Mem:          992M       924M        67M         0B       560K        18M
-/+ buffers/cache:       905M        86M
Swap:         8.0G       470M       7.5G

             total       used       free     shared    buffers     cached
Mem:          992M       926M        66M         0B       560K        18M
-/+ buffers/cache:       907M        85M
Swap:         8.0G       470M       7.5G

             total       used       free     shared    buffers     cached
Mem:          992M       927M        65M         0B       560K        18M
-/+ buffers/cache:       908M        83M
Swap:         8.0G       469M       7.5G

             total       used       free     shared    buffers     cached
Mem:          992M       928M        63M         0B       568K        18M
-/+ buffers/cache:       909M        82M
Swap:         8.0G       468M       7.5G

             total       used       free     shared    buffers     cached
Mem:          992M       930M        62M         0B       568K        18M
-/+ buffers/cache:       911M        80M
Swap:         8.0G       468M       7.5G

             total       used       free     shared    buffers     cached
Mem:          992M       917M        74M         0B       568K        16M
-/+ buffers/cache:       900M        91M
Swap:         8.0G       482M       7.5G

             total       used       free     shared    buffers     cached
Mem:          992M       919M        73M         0B       568K        16M
-/+ buffers/cache:       901M        90M
Swap:         8.0G       482M       7.5G

             total       used       free     shared    buffers     cached
Mem:          992M       925M        66M         0B       1.0M        19M
-/+ buffers/cache:       904M        87M
Swap:         8.0G       481M       7.5G

             total       used       free     shared    buffers     cached
Mem:          992M       920M        71M         0B       1.1M        26M
-/+ buffers/cache:       892M        99M
Swap:         8.0G       491M       7.5G

             total       used       free     shared    buffers     cached
Mem:          992M       921M        70M        20K       1.1M        27M
-/+ buffers/cache:       893M        98M
Swap:         8.0G       491M       7.5G

             total       used       free     shared    buffers     cached
Mem:          992M       923M        68M        20K       1.1M        27M
-/+ buffers/cache:       895M        97M
Swap:         8.0G       490M       7.5G

             total       used       free     shared    buffers     cached
Mem:          992M       925M        66M        20K       1.1M        27M
-/+ buffers/cache:       896M        95M
Swap:         8.0G       490M       7.5G

             total       used       free     shared    buffers     cached
Mem:          992M       926M        65M        20K       1.1M        27M
-/+ buffers/cache:       897M        94M
Swap:         8.0G       489M       7.5G

             total       used       free     shared    buffers     cached
Mem:          992M       927M        64M        20K       1.1M        27M
-/+ buffers/cache:       898M        93M
Swap:         8.0G       489M       7.5G

             total       used       free     shared    buffers     cached
Mem:          992M       928M        63M        20K       1.1M        27M
-/+ buffers/cache:       899M        92M
Swap:         8.0G       488M       7.5G

             total       used       free     shared    buffers     cached
Mem:          992M       929M        62M        20K       1.1M        27M
-/+ buffers/cache:       900M        91M
Swap:         8.0G       487M       7.5G

             total       used       free     shared    buffers     cached
Mem:          992M       930M        61M        20K       1.1M        27M
-/+ buffers/cache:       901M        90M
Swap:         8.0G       487M       7.5G

             total       used       free     shared    buffers     cached
Mem:          992M       914M        77M        20K       1.1M        25M
-/+ buffers/cache:       887M       104M
Swap:         8.0G       504M       7.5G

             total       used       free     shared    buffers     cached
Mem:          992M       914M        77M        20K       1.1M        25M
-/+ buffers/cache:       888M       103M
Swap:         8.0G       504M       7.5G

             total       used       free     shared    buffers     cached
Mem:          992M       916M        76M        20K       1.2M        25M
-/+ buffers/cache:       889M       102M
Swap:         8.0G       503M       7.5G

             total       used       free     shared    buffers     cached
Mem:          992M       917M        75M        20K       1.2M        25M
-/+ buffers/cache:       890M       101M
Swap:         8.0G       503M       7.5G

             total       used       free     shared    buffers     cached
Mem:          992M       917M        74M        20K       1.2M        25M
-/+ buffers/cache:       891M       100M
Swap:         8.0G       502M       7.5G

             total       used       free     shared    buffers     cached
Mem:          992M       919M        73M        20K       1.2M        25M
-/+ buffers/cache:       892M        99M
Swap:         8.0G       502M       7.5G

             total       used       free     shared    buffers     cached
Mem:          992M       920M        72M        20K       1.2M        25M
-/+ buffers/cache:       893M        98M
Swap:         8.0G       501M       7.5G

             total       used       free     shared    buffers     cached
Mem:          992M       921M        70M        20K       1.2M        25M
-/+ buffers/cache:       894M        97M
Swap:         8.0G       501M       7.5G

             total       used       free     shared    buffers     cached
Mem:          992M       922M        69M        20K       1.2M        25M
-/+ buffers/cache:       895M        96M
Swap:         8.0G       500M       7.5G

             total       used       free     shared    buffers     cached
Mem:          992M       929M        62M        20K       1.2M        31M
-/+ buffers/cache:       896M        95M
Swap:         8.0G       500M       7.5G

             total       used       free     shared    buffers     cached
Mem:          992M       920M        71M        20K       2.1M        31M
-/+ buffers/cache:       886M       105M
Swap:         8.0G       515M       7.5G

             total       used       free     shared    buffers     cached
Mem:          992M       921M        71M        24K       2.1M        31M
-/+ buffers/cache:       887M       105M
Swap:         8.0G       515M       7.5G

             total       used       free     shared    buffers     cached
Mem:          992M       922M        69M        24K       2.1M        31M
-/+ buffers/cache:       888M       104M
Swap:         8.0G       514M       7.5G

             total       used       free     shared    buffers     cached
Mem:          992M       923M        69M        24K       2.2M        31M
-/+ buffers/cache:       889M       103M
Swap:         8.0G       514M       7.5G

             total       used       free     shared    buffers     cached
Mem:          992M       924M        68M        24K       2.2M        31M
-/+ buffers/cache:       890M       102M
Swap:         8.0G       513M       7.5G

             total       used       free     shared    buffers     cached
Mem:          992M       925M        66M        24K       2.2M        31M
-/+ buffers/cache:       891M       100M
Swap:         8.0G       513M       7.5G

             total       used       free     shared    buffers     cached
Mem:          992M       926M        66M        24K       2.2M        31M
-/+ buffers/cache:       892M       100M
Swap:         8.0G       512M       7.5G

             total       used       free     shared    buffers     cached
Mem:          992M       927M        64M        24K       2.2M        31M
-/+ buffers/cache:       893M        99M
Swap:         8.0G       511M       7.5G

             total       used       free     shared    buffers     cached
Mem:          992M       928M        63M        24K       2.2M        31M
-/+ buffers/cache:       894M        97M
Swap:         8.0G       511M       7.5G

             total       used       free     shared    buffers     cached
Mem:          992M       929M        62M        24K       2.2M        31M
-/+ buffers/cache:       895M        96M
Swap:         8.0G       510M       7.5G

             total       used       free     shared    buffers     cached
Mem:          992M       930M        61M        24K       2.2M        31M
-/+ buffers/cache:       896M        95M
Swap:         8.0G       510M       7.5G

             total       used       free     shared    buffers     cached
Mem:          992M       931M        60M        24K       2.2M        31M
-/+ buffers/cache:       897M        94M
Swap:         8.0G       509M       7.5G

             total       used       free     shared    buffers     cached
Mem:          992M       921M        71M        24K       2.2M        31M
-/+ buffers/cache:       887M       104M
Swap:         8.0G       509M       7.5G

             total       used       free     shared    buffers     cached
Mem:          992M       922M        70M        24K       2.2M        31M
-/+ buffers/cache:       888M       103M
Swap:         8.0G       508M       7.5G

             total       used       free     shared    buffers     cached
Mem:          992M       923M        68M        24K       2.2M        31M
-/+ buffers/cache:       889M       102M
Swap:         8.0G       508M       7.5G

             total       used       free     shared    buffers     cached
Mem:          992M       924M        67M        24K       2.2M        31M
-/+ buffers/cache:       890M       101M
Swap:         8.0G       507M       7.5G

             total       used       free     shared    buffers     cached
Mem:          992M       925M        66M        24K       2.2M        31M
-/+ buffers/cache:       892M       100M
Swap:         8.0G       506M       7.5G

             total       used       free     shared    buffers     cached
Mem:          992M       926M        65M        24K       2.2M        31M
-/+ buffers/cache:       893M        98M
Swap:         8.0G       506M       7.5G

             total       used       free     shared    buffers     cached
Mem:          992M       927M        64M        24K       2.2M        31M
-/+ buffers/cache:       894M        97M
Swap:         8.0G       505M       7.5G

             total       used       free     shared    buffers     cached
Mem:          992M       928M        63M        24K       2.2M        31M
-/+ buffers/cache:       895M        96M
Swap:         8.0G       505M       7.5G

             total       used       free     shared    buffers     cached
Mem:          992M       930M        62M        24K       2.2M        31M
-/+ buffers/cache:       896M        95M
Swap:         8.0G       504M       7.5G

             total       used       free     shared    buffers     cached
Mem:          992M       931M        61M        24K       2.2M        31M
-/+ buffers/cache:       897M        94M
Swap:         8.0G       503M       7.5G

             total       used       free     shared    buffers     cached
Mem:          992M       917M        75M        24K       2.2M        29M
-/+ buffers/cache:       885M       106M
Swap:         8.0G       525M       7.5G

             total       used       free     shared    buffers     cached
Mem:          992M       918M        73M        24K       2.2M        29M
-/+ buffers/cache:       886M       105M
Swap:         8.0G       524M       7.5G

             total       used       free     shared    buffers     cached
Mem:          992M       919M        72M        24K       2.2M        29M
-/+ buffers/cache:       887M       104M
Swap:         8.0G       524M       7.5G

             total       used       free     shared    buffers     cached
Mem:          992M       920M        71M        24K       2.2M        29M
-/+ buffers/cache:       888M       103M
Swap:         8.0G       523M       7.5G

             total       used       free     shared    buffers     cached
Mem:          992M       921M        70M        24K       2.2M        29M
-/+ buffers/cache:       889M       102M
Swap:         8.0G       523M       7.5G

             total       used       free     shared    buffers     cached
Mem:          992M       922M        69M        24K       2.2M        29M
-/+ buffers/cache:       891M       101M
Swap:         8.0G       522M       7.5G

             total       used       free     shared    buffers     cached
Mem:          992M       923M        68M        24K       2.2M        29M
-/+ buffers/cache:       892M        99M
Swap:         8.0G       521M       7.5G

             total       used       free     shared    buffers     cached
Mem:          992M       924M        67M        24K       2.2M        29M
-/+ buffers/cache:       893M        98M
Swap:         8.0G       521M       7.5G

             total       used       free     shared    buffers     cached
Mem:          992M       925M        66M        24K       2.2M        29M
-/+ buffers/cache:       894M        97M
Swap:         8.0G       520M       7.5G

             total       used       free     shared    buffers     cached
Mem:          992M       926M        65M        24K       2.2M        29M
-/+ buffers/cache:       895M        96M
Swap:         8.0G       520M       7.5G

             total       used       free     shared    buffers     cached
Mem:          992M       928M        64M        24K       2.2M        29M
-/+ buffers/cache:       896M        95M
Swap:         8.0G       519M       7.5G

             total       used       free     shared    buffers     cached
Mem:          992M       929M        63M        24K       2.2M        29M
-/+ buffers/cache:       897M        94M
Swap:         8.0G       518M       7.5G

             total       used       free     shared    buffers     cached
Mem:          992M       930M        61M        24K       2.2M        29M
-/+ buffers/cache:       898M        93M
Swap:         8.0G       518M       7.5G

             total       used       free     shared    buffers     cached
Mem:          992M       931M        61M        24K       2.2M        29M
-/+ buffers/cache:       899M        92M
Swap:         8.0G       517M       7.5G

             total       used       free     shared    buffers     cached
Mem:          992M       917M        74M        24K       1.6M        28M
-/+ buffers/cache:       887M       104M
Swap:         8.0G       528M       7.5G

             total       used       free     shared    buffers     cached
Mem:          992M       919M        73M        24K       1.6M        28M
-/+ buffers/cache:       888M       103M
Swap:         8.0G       527M       7.5G

             total       used       free     shared    buffers     cached
Mem:          992M       920M        71M        24K       1.6M        28M
-/+ buffers/cache:       889M       102M
Swap:         8.0G       526M       7.5G

             total       used       free     shared    buffers     cached
Mem:          992M       919M        72M        24K       3.7M        38M
-/+ buffers/cache:       877M       115M
Swap:         8.0G       542M       7.5G

             total       used       free     shared    buffers     cached
Mem:          992M       910M        81M        28K       2.4M        50M
-/+ buffers/cache:       857M       135M
Swap:         8.0G       558M       7.5G

             total       used       free     shared    buffers     cached
Mem:          992M       904M        87M        28K       3.0M        51M
-/+ buffers/cache:       850M       142M
Swap:         8.0G       558M       7.5G

             total       used       free     shared    buffers     cached
Mem:          992M       906M        85M        28K       3.0M        52M
-/+ buffers/cache:       851M       140M
Swap:         8.0G       557M       7.5G

             total       used       free     shared    buffers     cached
Mem:          992M       916M        75M        28K       3.0M        56M
-/+ buffers/cache:       857M       135M
Swap:         8.0G       554M       7.5G

             total       used       free     shared    buffers     cached
Mem:          992M       917M        74M        28K       3.0M        56M
-/+ buffers/cache:       858M       133M
Swap:         8.0G       554M       7.5G

             total       used       free     shared    buffers     cached
Mem:          992M       923M        69M        28K       3.0M        59M
-/+ buffers/cache:       860M       131M
Swap:         8.0G       553M       7.5G

             total       used       free     shared    buffers     cached
Mem:          992M       917M        74M        28K       804K        60M
-/+ buffers/cache:       856M       136M
Swap:         8.0G       557M       7.5G

             total       used       free     shared    buffers     cached
Mem:          992M       917M        74M        28K       804K        60M
-/+ buffers/cache:       856M       135M
Swap:         8.0G       556M       7.5G

             total       used       free     shared    buffers     cached
Mem:          992M       918M        73M        28K       804K        60M
-/+ buffers/cache:       857M       134M
Swap:         8.0G       556M       7.5G

             total       used       free     shared    buffers     cached
Mem:          992M       919M        73M        28K       804K        60M
-/+ buffers/cache:       858M       134M
Swap:         8.0G       556M       7.5G

             total       used       free     shared    buffers     cached
Mem:          992M       919M        72M        28K       804K        60M
-/+ buffers/cache:       858M       133M
Swap:         8.0G       555M       7.5G

             total       used       free     shared    buffers     cached
Mem:          992M       920M        71M        28K       812K        60M
-/+ buffers/cache:       859M       132M
Swap:         8.0G       555M       7.5G

             total       used       free     shared    buffers     cached
Mem:          992M       921M        71M        28K       812K        60M
-/+ buffers/cache:       859M       132M
Swap:         8.0G       555M       7.5G

             total       used       free     shared    buffers     cached
Mem:          992M       921M        70M        28K       812K        60M
-/+ buffers/cache:       860M       131M
Swap:         8.0G       554M       7.5G

             total       used       free     shared    buffers     cached
Mem:          992M       922M        69M        28K       812K        60M
-/+ buffers/cache:       861M       130M
Swap:         8.0G       554M       7.5G

             total       used       free     shared    buffers     cached
Mem:          992M       922M        69M        28K       812K        60M
-/+ buffers/cache:       861M       130M
Swap:         8.0G       554M       7.5G

             total       used       free     shared    buffers     cached
Mem:          992M       926M        65M       184K       1.2M        58M
-/+ buffers/cache:       867M       124M
Swap:         8.0G       567M       7.4G

             total       used       free     shared    buffers     cached
Mem:          992M       905M        87M       3.9M       5.4M        55M
-/+ buffers/cache:       844M       148M
Swap:         8.0G       599M       7.4G

             total       used       free     shared    buffers     cached
Mem:          992M       927M        64M       3.9M       5.4M        73M
-/+ buffers/cache:       848M       143M
Swap:         8.0G       598M       7.4G

             total       used       free     shared    buffers     cached
Mem:          992M       921M        70M       280K       4.1M        60M
-/+ buffers/cache:       856M       135M
Swap:         8.0G       592M       7.4G

             total       used       free     shared    buffers     cached
Mem:          992M       922M        69M       268K       4.3M        60M
-/+ buffers/cache:       857M       134M
Swap:         8.0G       591M       7.4G

             total       used       free     shared    buffers     cached
Mem:          992M       923M        68M       268K       4.3M        60M
-/+ buffers/cache:       858M       133M
Swap:         8.0G       591M       7.4G

             total       used       free     shared    buffers     cached
Mem:          992M       924M        67M       268K       4.3M        60M
-/+ buffers/cache:       859M       133M
Swap:         8.0G       590M       7.4G

             total       used       free     shared    buffers     cached
Mem:          992M       925M        66M       268K       4.3M        60M
-/+ buffers/cache:       860M       131M
Swap:         8.0G       590M       7.4G

             total       used       free     shared    buffers     cached
Mem:          992M       927M        65M       268K       4.3M        60M
-/+ buffers/cache:       861M       130M
Swap:         8.0G       589M       7.4G

             total       used       free     shared    buffers     cached
Mem:          992M       929M        62M       268K       4.5M        61M
-/+ buffers/cache:       863M       129M
Swap:         8.0G       589M       7.4G

             total       used       free     shared    buffers     cached
Mem:          992M       930M        61M       268K       4.5M        61M
-/+ buffers/cache:       864M       127M
Swap:         8.0G       588M       7.4G

             total       used       free     shared    buffers     cached
Mem:          992M       913M        78M       268K       3.2M        59M
-/+ buffers/cache:       850M       141M
Swap:         8.0G       611M       7.4G

             total       used       free     shared    buffers     cached
Mem:          992M       915M        77M       268K       3.2M        59M
-/+ buffers/cache:       852M       139M
Swap:         8.0G       610M       7.4G

             total       used       free     shared    buffers     cached
Mem:          992M       916M        76M       268K       3.2M        59M
-/+ buffers/cache:       853M       138M
Swap:         8.0G       610M       7.4G

             total       used       free     shared    buffers     cached
Mem:          992M       917M        75M       268K       3.3M        59M
-/+ buffers/cache:       854M       137M
Swap:         8.0G       609M       7.4G

             total       used       free     shared    buffers     cached
Mem:          992M       918M        74M       268K       3.3M        59M
-/+ buffers/cache:       855M       136M
Swap:         8.0G       609M       7.4G

             total       used       free     shared    buffers     cached
Mem:          992M       919M        72M       268K       3.3M        59M
-/+ buffers/cache:       856M       135M
Swap:         8.0G       608M       7.4G

             total       used       free     shared    buffers     cached
Mem:          992M       920M        71M       268K       3.3M        59M
-/+ buffers/cache:       857M       134M
Swap:         8.0G       608M       7.4G

             total       used       free     shared    buffers     cached
Mem:          992M       921M        70M       268K       3.3M        59M
-/+ buffers/cache:       858M       133M
Swap:         8.0G       607M       7.4G

             total       used       free     shared    buffers     cached
Mem:          992M       922M        69M       268K       3.3M        59M
-/+ buffers/cache:       860M       132M
Swap:         8.0G       606M       7.4G

             total       used       free     shared    buffers     cached
Mem:          992M       924M        67M       268K       3.3M        59M
-/+ buffers/cache:       861M       131M
Swap:         8.0G       606M       7.4G

             total       used       free     shared    buffers     cached
Mem:          992M       925M        66M       268K       3.3M        59M
-/+ buffers/cache:       862M       129M
Swap:         8.0G       605M       7.4G

             total       used       free     shared    buffers     cached
Mem:          992M       926M        65M       268K       3.3M        59M
-/+ buffers/cache:       863M       128M
Swap:         8.0G       605M       7.4G

             total       used       free     shared    buffers     cached
Mem:          992M       927M        64M       268K       3.3M        59M
-/+ buffers/cache:       864M       127M
Swap:         8.0G       604M       7.4G

             total       used       free     shared    buffers     cached
Mem:          992M       929M        63M       268K       3.3M        59M
-/+ buffers/cache:       866M       126M
Swap:         8.0G       603M       7.4G

             total       used       free     shared    buffers     cached
Mem:          992M       930M        62M       268K       3.3M        59M
-/+ buffers/cache:       867M       125M
Swap:         8.0G       603M       7.4G

             total       used       free     shared    buffers     cached
Mem:          992M       931M        60M       268K       3.3M        59M
-/+ buffers/cache:       868M       123M
Swap:         8.0G       602M       7.4G

             total       used       free     shared    buffers     cached
Mem:          992M       917M        74M       268K       3.2M        59M
-/+ buffers/cache:       854M       137M
Swap:         8.0G       605M       7.4G

             total       used       free     shared    buffers     cached
Mem:          992M       918M        73M       268K       3.2M        59M
-/+ buffers/cache:       855M       136M
Swap:         8.0G       604M       7.4G

             total       used       free     shared    buffers     cached
Mem:          992M       920M        72M       268K       3.2M        59M
-/+ buffers/cache:       857M       135M
Swap:         8.0G       604M       7.4G

             total       used       free     shared    buffers     cached
Mem:          992M       921M        71M       268K       3.2M        59M
-/+ buffers/cache:       858M       134M
Swap:         8.0G       603M       7.4G

             total       used       free     shared    buffers     cached
Mem:          992M       922M        69M       268K       3.2M        59M
-/+ buffers/cache:       859M       132M
Swap:         8.0G       602M       7.4G

             total       used       free     shared    buffers     cached
Mem:          992M       923M        68M       268K       3.2M        59M
-/+ buffers/cache:       860M       131M
Swap:         8.0G       602M       7.4G

             total       used       free     shared    buffers     cached
Mem:          992M       924M        67M       268K       3.2M        59M
-/+ buffers/cache:       861M       130M
Swap:         8.0G       601M       7.4G

             total       used       free     shared    buffers     cached
Mem:          992M       925M        66M       268K       3.2M        59M
-/+ buffers/cache:       862M       129M
Swap:         8.0G       601M       7.4G

             total       used       free     shared    buffers     cached
Mem:          992M       927M        65M       268K       3.2M        59M
-/+ buffers/cache:       864M       128M
Swap:         8.0G       600M       7.4G

             total       used       free     shared    buffers     cached
Mem:          992M       920M        71M       268K       4.2M        62M
-/+ buffers/cache:       853M       138M
Swap:         8.0G       620M       7.4G

             total       used       free     shared    buffers     cached
Mem:          992M       916M        75M       316K       7.3M        71M
-/+ buffers/cache:       838M       153M
Swap:         8.0G       637M       7.4G

             total       used       free     shared    buffers     cached
Mem:          992M       920M        72M       344K       7.8M        73M
-/+ buffers/cache:       838M       153M
Swap:         8.0G       637M       7.4G
