             total       used       free     shared    buffers     cached
Mem:          992M       655M       336M       3.2M        38M       289M
-/+ buffers/cache:       327M       664M
Swap:         8.0G         0B       8.0G

             total       used       free     shared    buffers     cached
Mem:          992M       654M       337M       1.4M        38M       287M
-/+ buffers/cache:       328M       664M
Swap:         8.0G         0B       8.0G

             total       used       free     shared    buffers     cached
Mem:          992M       654M       337M       1.4M        38M       287M
-/+ buffers/cache:       327M       664M
Swap:         8.0G         0B       8.0G

             total       used       free     shared    buffers     cached
Mem:          992M       654M       337M       1.4M        38M       287M
-/+ buffers/cache:       327M       664M
Swap:         8.0G         0B       8.0G

             total       used       free     shared    buffers     cached
Mem:          992M       654M       337M       1.4M        38M       287M
-/+ buffers/cache:       327M       664M
Swap:         8.0G         0B       8.0G

             total       used       free     shared    buffers     cached
Mem:          992M       654M       337M       1.4M        38M       287M
-/+ buffers/cache:       327M       664M
Swap:         8.0G         0B       8.0G

             total       used       free     shared    buffers     cached
Mem:          992M       653M       338M       1.4M        38M       287M
-/+ buffers/cache:       327M       664M
Swap:         8.0G         0B       8.0G

             total       used       free     shared    buffers     cached
Mem:          992M       653M       338M       1.4M        38M       288M
-/+ buffers/cache:       327M       665M
Swap:         8.0G         0B       8.0G

             total       used       free     shared    buffers     cached
Mem:          992M       653M       338M       1.4M        38M       288M
-/+ buffers/cache:       327M       665M
Swap:         8.0G         0B       8.0G

             total       used       free     shared    buffers     cached
Mem:          992M       657M       335M       1.4M        38M       288M
-/+ buffers/cache:       330M       661M
Swap:         8.0G         0B       8.0G

             total       used       free     shared    buffers     cached
Mem:          992M       673M       318M       1.4M        38M       288M
-/+ buffers/cache:       347M       645M
Swap:         8.0G         0B       8.0G

             total       used       free     shared    buffers     cached
Mem:          992M       684M       307M       1.4M        38M       288M
-/+ buffers/cache:       357M       634M
Swap:         8.0G         0B       8.0G

             total       used       free     shared    buffers     cached
Mem:          992M       662M       329M       1.4M        38M       289M
-/+ buffers/cache:       335M       657M
Swap:         8.0G         0B       8.0G

             total       used       free     shared    buffers     cached
Mem:          992M       666M       325M       1.4M        38M       289M
-/+ buffers/cache:       338M       653M
Swap:         8.0G         0B       8.0G

             total       used       free     shared    buffers     cached
Mem:          992M       663M       328M       1.4M        38M       289M
-/+ buffers/cache:       335M       657M
Swap:         8.0G         0B       8.0G

             total       used       free     shared    buffers     cached
Mem:          992M       663M       328M       1.4M        38M       289M
-/+ buffers/cache:       335M       657M
Swap:         8.0G         0B       8.0G

             total       used       free     shared    buffers     cached
Mem:          992M       663M       328M       1.4M        38M       289M
-/+ buffers/cache:       335M       657M
Swap:         8.0G         0B       8.0G

             total       used       free     shared    buffers     cached
Mem:          992M       663M       328M       1.4M        38M       289M
-/+ buffers/cache:       335M       657M
Swap:         8.0G         0B       8.0G

             total       used       free     shared    buffers     cached
Mem:          992M       663M       328M       1.4M        38M       289M
-/+ buffers/cache:       335M       657M
Swap:         8.0G         0B       8.0G

             total       used       free     shared    buffers     cached
Mem:          992M       663M       328M       1.4M        38M       289M
-/+ buffers/cache:       335M       657M
Swap:         8.0G         0B       8.0G

             total       used       free     shared    buffers     cached
Mem:          992M       663M       328M       1.4M        38M       289M
-/+ buffers/cache:       335M       657M
Swap:         8.0G         0B       8.0G

             total       used       free     shared    buffers     cached
Mem:          992M       663M       328M       1.4M        38M       289M
-/+ buffers/cache:       335M       656M
Swap:         8.0G         0B       8.0G

             total       used       free     shared    buffers     cached
Mem:          992M       663M       328M       1.4M        38M       289M
-/+ buffers/cache:       335M       656M
Swap:         8.0G         0B       8.0G

             total       used       free     shared    buffers     cached
Mem:          992M       663M       328M       1.4M        38M       289M
-/+ buffers/cache:       335M       656M
Swap:         8.0G         0B       8.0G

             total       used       free     shared    buffers     cached
Mem:          992M       663M       328M       1.4M        38M       289M
-/+ buffers/cache:       335M       656M
Swap:         8.0G         0B       8.0G

             total       used       free     shared    buffers     cached
Mem:          992M       663M       328M       1.4M        38M       289M
-/+ buffers/cache:       335M       656M
Swap:         8.0G         0B       8.0G

             total       used       free     shared    buffers     cached
Mem:          992M       663M       328M       1.4M        38M       289M
-/+ buffers/cache:       335M       656M
Swap:         8.0G         0B       8.0G

             total       used       free     shared    buffers     cached
Mem:          992M       663M       328M       1.4M        38M       289M
-/+ buffers/cache:       335M       656M
Swap:         8.0G         0B       8.0G

             total       used       free     shared    buffers     cached
Mem:          992M       663M       328M       1.4M        38M       289M
-/+ buffers/cache:       335M       656M
Swap:         8.0G         0B       8.0G

             total       used       free     shared    buffers     cached
Mem:          992M       663M       328M       1.4M        38M       289M
-/+ buffers/cache:       335M       656M
Swap:         8.0G         0B       8.0G

             total       used       free     shared    buffers     cached
Mem:          992M       663M       328M       1.4M        38M       289M
-/+ buffers/cache:       335M       656M
Swap:         8.0G         0B       8.0G

             total       used       free     shared    buffers     cached
Mem:          992M       663M       328M       1.4M        38M       289M
-/+ buffers/cache:       335M       656M
Swap:         8.0G         0B       8.0G

             total       used       free     shared    buffers     cached
Mem:          992M       663M       328M       1.4M        38M       289M
-/+ buffers/cache:       335M       656M
Swap:         8.0G         0B       8.0G

             total       used       free     shared    buffers     cached
Mem:          992M       670M       321M       1.4M        38M       289M
-/+ buffers/cache:       342M       649M
Swap:         8.0G         0B       8.0G

             total       used       free     shared    buffers     cached
Mem:          992M       689M       302M       1.4M        38M       289M
-/+ buffers/cache:       361M       630M
Swap:         8.0G         0B       8.0G

             total       used       free     shared    buffers     cached
Mem:          992M       707M       284M       1.4M        38M       289M
-/+ buffers/cache:       378M       613M
Swap:         8.0G         0B       8.0G

             total       used       free     shared    buffers     cached
Mem:          992M       723M       269M       1.4M        38M       289M
-/+ buffers/cache:       394M       597M
Swap:         8.0G         0B       8.0G

             total       used       free     shared    buffers     cached
Mem:          992M       738M       254M       1.4M        38M       289M
-/+ buffers/cache:       409M       582M
Swap:         8.0G         0B       8.0G

             total       used       free     shared    buffers     cached
Mem:          992M       754M       238M       1.4M        38M       289M
-/+ buffers/cache:       425M       566M
Swap:         8.0G         0B       8.0G

             total       used       free     shared    buffers     cached
Mem:          992M       769M       223M       1.4M        38M       289M
-/+ buffers/cache:       440M       551M
Swap:         8.0G         0B       8.0G

             total       used       free     shared    buffers     cached
Mem:          992M       784M       207M       1.4M        38M       289M
-/+ buffers/cache:       456M       536M
Swap:         8.0G         0B       8.0G

             total       used       free     shared    buffers     cached
Mem:          992M       802M       189M       1.4M        38M       289M
-/+ buffers/cache:       474M       517M
Swap:         8.0G         0B       8.0G

             total       used       free     shared    buffers     cached
Mem:          992M       818M       173M       1.4M        38M       289M
-/+ buffers/cache:       490M       501M
Swap:         8.0G         0B       8.0G

             total       used       free     shared    buffers     cached
Mem:          992M       838M       153M       1.4M        38M       289M
-/+ buffers/cache:       510M       481M
Swap:         8.0G         0B       8.0G

             total       used       free     shared    buffers     cached
Mem:          992M       853M       138M       1.4M        38M       289M
-/+ buffers/cache:       525M       466M
Swap:         8.0G         0B       8.0G

             total       used       free     shared    buffers     cached
Mem:          992M       869M       122M       1.4M        38M       289M
-/+ buffers/cache:       541M       450M
Swap:         8.0G         0B       8.0G

             total       used       free     shared    buffers     cached
Mem:          992M       884M       107M       1.4M        38M       289M
-/+ buffers/cache:       556M       435M
Swap:         8.0G         0B       8.0G

             total       used       free     shared    buffers     cached
Mem:          992M       896M        95M       1.4M        38M       289M
-/+ buffers/cache:       568M       423M
Swap:         8.0G         0B       8.0G

             total       used       free     shared    buffers     cached
Mem:          992M       913M        78M       1.4M        38M       289M
-/+ buffers/cache:       585M       406M
Swap:         8.0G         0B       8.0G

             total       used       free     shared    buffers     cached
Mem:          992M       930M        61M       1.4M        38M       289M
-/+ buffers/cache:       602M       389M
Swap:         8.0G         0B       8.0G

             total       used       free     shared    buffers     cached
Mem:          992M       925M        66M       1.4M        17M       288M
-/+ buffers/cache:       619M       372M
Swap:         8.0G         0B       8.0G

             total       used       free     shared    buffers     cached
Mem:          992M       926M        66M       1.4M        10M       279M
-/+ buffers/cache:       636M       355M
Swap:         8.0G         0B       8.0G

             total       used       free     shared    buffers     cached
Mem:          992M       926M        65M       1.4M       9.6M       263M
-/+ buffers/cache:       653M       338M
Swap:         8.0G        76K       8.0G

             total       used       free     shared    buffers     cached
Mem:          992M       924M        68M       1.3M       9.6M       245M
-/+ buffers/cache:       669M       322M
Swap:         8.0G       352K       8.0G

             total       used       free     shared    buffers     cached
Mem:          992M       923M        68M       1.2M       9.6M       230M
-/+ buffers/cache:       683M       308M
Swap:         8.0G       4.5M       8.0G

             total       used       free     shared    buffers     cached
Mem:          992M       920M        71M       1.2M       9.7M       215M
-/+ buffers/cache:       695M       297M
Swap:         8.0G       7.4M       8.0G

             total       used       free     shared    buffers     cached
Mem:          992M       920M        71M       1.2M       4.6M       206M
-/+ buffers/cache:       708M       283M
Swap:         8.0G       7.4M       8.0G

             total       used       free     shared    buffers     cached
Mem:          992M       928M        63M       1.2M       2.8M       200M
-/+ buffers/cache:       724M       267M
Swap:         8.0G       7.4M       8.0G

             total       used       free     shared    buffers     cached
Mem:          992M       930M        62M       1.2M       1.7M       189M
-/+ buffers/cache:       738M       253M
Swap:         8.0G       7.4M       8.0G

             total       used       free     shared    buffers     cached
Mem:          992M       925M        67M       1.2M       216K       170M
-/+ buffers/cache:       754M       237M
Swap:         8.0G       7.4M       8.0G

             total       used       free     shared    buffers     cached
Mem:          992M       921M        71M       1.2M       208K       149M
-/+ buffers/cache:       771M       221M
Swap:         8.0G       7.4M       8.0G

             total       used       free     shared    buffers     cached
Mem:          992M       930M        62M       1.2M       208K       149M
-/+ buffers/cache:       780M       212M
Swap:         8.0G       7.4M       8.0G

             total       used       free     shared    buffers     cached
Mem:          992M       924M        67M       1.2M       380K       132M
-/+ buffers/cache:       792M       199M
Swap:         8.0G       7.4M       8.0G

             total       used       free     shared    buffers     cached
Mem:          992M       923M        68M       1.2M       220K       116M
-/+ buffers/cache:       807M       185M
Swap:         8.0G       7.4M       8.0G

             total       used       free     shared    buffers     cached
Mem:          992M       924M        67M       1.2M       220K       102M
-/+ buffers/cache:       821M       170M
Swap:         8.0G       7.4M       8.0G

             total       used       free     shared    buffers     cached
Mem:          992M       925M        66M       1.2M       220K        90M
-/+ buffers/cache:       834M       157M
Swap:         8.0G       7.4M       8.0G

             total       used       free     shared    buffers     cached
Mem:          992M       920M        71M       1.2M       224K        70M
-/+ buffers/cache:       850M       141M
Swap:         8.0G       7.4M       8.0G

             total       used       free     shared    buffers     cached
Mem:          992M       917M        74M       1.2M       232K        54M
-/+ buffers/cache:       863M       129M
Swap:         8.0G       7.4M       8.0G

             total       used       free     shared    buffers     cached
Mem:          992M       921M        70M       1.2M       376K        43M
-/+ buffers/cache:       878M       113M
Swap:         8.0G       7.4M       8.0G

             total       used       free     shared    buffers     cached
Mem:          992M       919M        73M       1.2M       3.1M        24M
-/+ buffers/cache:       892M       100M
Swap:         8.0G       8.2M       8.0G

             total       used       free     shared    buffers     cached
Mem:          992M       921M        70M       1.0M       104K        23M
-/+ buffers/cache:       897M        94M
Swap:         8.0G        20M       8.0G

             total       used       free     shared    buffers     cached
Mem:          992M       920M        71M       688K       516K        20M
-/+ buffers/cache:       899M        92M
Swap:         8.0G        41M       8.0G

             total       used       free     shared    buffers     cached
Mem:          992M       928M        63M       688K       1.8M        21M
-/+ buffers/cache:       904M        87M
Swap:         8.0G        43M       8.0G

             total       used       free     shared    buffers     cached
Mem:          992M       920M        71M       692K       1.8M       9.2M
-/+ buffers/cache:       909M        82M
Swap:         8.0G        53M       7.9G

             total       used       free     shared    buffers     cached
Mem:          992M       921M        70M       688K       952K       5.7M
-/+ buffers/cache:       914M        77M
Swap:         8.0G        72M       7.9G

             total       used       free     shared    buffers     cached
Mem:          992M       921M        70M       676K       168K       3.9M
-/+ buffers/cache:       917M        74M
Swap:         8.0G        74M       7.9G

             total       used       free     shared    buffers     cached
Mem:          992M       929M        62M       664K       176K       3.6M
-/+ buffers/cache:       925M        66M
Swap:         8.0G        88M       7.9G

             total       used       free     shared    buffers     cached
Mem:          992M       918M        73M       660K       176K       3.3M
-/+ buffers/cache:       915M        76M
Swap:         8.0G       109M       7.9G

             total       used       free     shared    buffers     cached
Mem:          992M       919M        72M       656K       176K       3.1M
-/+ buffers/cache:       916M        76M
Swap:         8.0G       135M       7.9G

             total       used       free     shared    buffers     cached
Mem:          992M       919M        72M       652K       176K       3.2M
-/+ buffers/cache:       916M        75M
Swap:         8.0G       135M       7.9G

             total       used       free     shared    buffers     cached
Mem:          992M       911M        80M       600K       168K       2.8M
-/+ buffers/cache:       908M        83M
Swap:         8.0G       179M       7.8G

             total       used       free     shared    buffers     cached
Mem:          992M       924M        67M       572K       176K       2.8M
-/+ buffers/cache:       921M        70M
Swap:         8.0G       179M       7.8G

             total       used       free     shared    buffers     cached
Mem:          992M       925M        66M       572K       176K       2.8M
-/+ buffers/cache:       922M        69M
Swap:         8.0G       179M       7.8G

             total       used       free     shared    buffers     cached
Mem:          992M       927M        64M       572K       176K       2.8M
-/+ buffers/cache:       924M        67M
Swap:         8.0G       182M       7.8G

             total       used       free     shared    buffers     cached
Mem:          992M       918M        73M       572K       164K       2.5M
-/+ buffers/cache:       916M        75M
Swap:         8.0G       225M       7.8G

             total       used       free     shared    buffers     cached
Mem:          992M       921M        71M       560K       164K       2.9M
-/+ buffers/cache:       917M        74M
Swap:         8.0G       225M       7.8G

             total       used       free     shared    buffers     cached
Mem:          992M       920M        71M       560K       172K       2.7M
-/+ buffers/cache:       917M        74M
Swap:         8.0G       230M       7.8G

             total       used       free     shared    buffers     cached
Mem:          992M       927M        64M       548K       172K       2.7M
-/+ buffers/cache:       924M        67M
Swap:         8.0G       235M       7.8G

             total       used       free     shared    buffers     cached
Mem:          992M       923M        68M       548K       168K       2.7M
-/+ buffers/cache:       921M        71M
Swap:         8.0G       258M       7.7G

             total       used       free     shared    buffers     cached
Mem:          992M       920M        71M       544K       168K       2.7M
-/+ buffers/cache:       917M        74M
Swap:         8.0G       259M       7.7G

             total       used       free     shared    buffers     cached
Mem:          992M       926M        66M       544K       168K       2.7M
-/+ buffers/cache:       923M        68M
Swap:         8.0G       259M       7.7G

             total       used       free     shared    buffers     cached
Mem:          992M       915M        76M       544K       140K       2.6M
-/+ buffers/cache:       913M        79M
Swap:         8.0G       286M       7.7G

             total       used       free     shared    buffers     cached
Mem:          992M       919M        72M       544K       280K       2.7M
-/+ buffers/cache:       916M        75M
Swap:         8.0G       286M       7.7G

             total       used       free     shared    buffers     cached
Mem:          992M       924M        67M       544K       280K       2.7M
-/+ buffers/cache:       921M        70M
Swap:         8.0G       286M       7.7G

             total       used       free     shared    buffers     cached
Mem:          992M       929M        62M       544K       544K       2.7M
-/+ buffers/cache:       926M        65M
Swap:         8.0G       286M       7.7G

             total       used       free     shared    buffers     cached
Mem:          992M       922M        69M       544K       544K       2.7M
-/+ buffers/cache:       919M        72M
Swap:         8.0G       288M       7.7G

             total       used       free     shared    buffers     cached
Mem:          992M       927M        64M       544K       544K       2.7M
-/+ buffers/cache:       924M        67M
Swap:         8.0G       288M       7.7G

             total       used       free     shared    buffers     cached
Mem:          992M       918M        73M        24K       552K       2.2M
-/+ buffers/cache:       916M        76M
Swap:         8.0G       320M       7.7G

             total       used       free     shared    buffers     cached
Mem:          992M       922M        69M        28K       552K       2.2M
-/+ buffers/cache:       920M        72M
Swap:         8.0G       320M       7.7G

             total       used       free     shared    buffers     cached
Mem:          992M       928M        63M        28K       552K       2.2M
-/+ buffers/cache:       925M        66M
Swap:         8.0G       320M       7.7G

             total       used       free     shared    buffers     cached
Mem:          992M       919M        72M        28K       552K       2.2M
-/+ buffers/cache:       917M        75M
Swap:         8.0G       320M       7.7G

             total       used       free     shared    buffers     cached
Mem:          992M       924M        68M        28K       552K       2.2M
-/+ buffers/cache:       921M        70M
Swap:         8.0G       320M       7.7G

             total       used       free     shared    buffers     cached
Mem:          992M       928M        63M        28K       560K       2.2M
-/+ buffers/cache:       925M        66M
Swap:         8.0G       320M       7.7G

             total       used       free     shared    buffers     cached
Mem:          992M       920M        71M        28K       544K       2.1M
-/+ buffers/cache:       917M        74M
Swap:         8.0G       337M       7.7G

             total       used       free     shared    buffers     cached
Mem:          992M       922M        70M        28K       544K       2.0M
-/+ buffers/cache:       919M        72M
Swap:         8.0G       327M       7.7G

             total       used       free     shared    buffers     cached
Mem:          992M       919M        73M        28K       516K       1.9M
-/+ buffers/cache:       916M        75M
Swap:         8.0G       326M       7.7G

             total       used       free     shared    buffers     cached
Mem:          992M       918M        73M        28K       484K       1.7M
-/+ buffers/cache:       916M        75M
Swap:         8.0G       323M       7.7G

             total       used       free     shared    buffers     cached
Mem:          992M       917M        74M        20K        84K       1.4M
-/+ buffers/cache:       915M        76M
Swap:         8.0G       336M       7.7G

             total       used       free     shared    buffers     cached
Mem:          992M       919M        72M        20K        92K       1.5M
-/+ buffers/cache:       918M        74M
Swap:         8.0G       334M       7.7G

             total       used       free     shared    buffers     cached
Mem:          992M       921M        70M         4K        92K       1.4M
-/+ buffers/cache:       920M        71M
Swap:         8.0G       320M       7.7G

             total       used       free     shared    buffers     cached
Mem:          992M       860M       131M         0B        88K       1.2M
-/+ buffers/cache:       859M       133M
Swap:         8.0G       428M       7.6G

             total       used       free     shared    buffers     cached
Mem:          992M       905M        86M         0B        96K       1.2M
-/+ buffers/cache:       904M        88M
Swap:         8.0G       369M       7.6G

             total       used       free     shared    buffers     cached
Mem:          992M       917M        74M         0B        96K       1.2M
-/+ buffers/cache:       916M        76M
Swap:         8.0G       326M       7.7G

             total       used       free     shared    buffers     cached
Mem:          992M       919M        72M         0B       104K       1.2M
-/+ buffers/cache:       918M        73M
Swap:         8.0G       324M       7.7G

             total       used       free     shared    buffers     cached
Mem:          992M       919M        72M         0B       104K       1.2M
-/+ buffers/cache:       918M        73M
Swap:         8.0G       324M       7.7G

             total       used       free     shared    buffers     cached
Mem:          992M       923M        68M         0B       104K       1.2M
-/+ buffers/cache:       921M        70M
Swap:         8.0G       324M       7.7G

             total       used       free     shared    buffers     cached
Mem:          992M       929M        62M         0B        84K       1.2M
-/+ buffers/cache:       928M        63M
Swap:         8.0G       324M       7.7G

             total       used       free     shared    buffers     cached
Mem:          992M       921M        71M         0B        84K       1.6M
-/+ buffers/cache:       919M        72M
Swap:         8.0G       326M       7.7G

             total       used       free     shared    buffers     cached
Mem:          992M       924M        68M         0B        92K       1.6M
-/+ buffers/cache:       922M        69M
Swap:         8.0G       324M       7.7G

             total       used       free     shared    buffers     cached
Mem:          992M       929M        62M         0B        92K       1.6M
-/+ buffers/cache:       928M        64M
Swap:         8.0G       324M       7.7G

             total       used       free     shared    buffers     cached
Mem:          992M       921M        71M         0B        80K       1.6M
-/+ buffers/cache:       919M        72M
Swap:         8.0G       336M       7.7G

             total       used       free     shared    buffers     cached
Mem:          992M       927M        64M         0B        80K       1.6M
-/+ buffers/cache:       925M        66M
Swap:         8.0G       336M       7.7G

             total       used       free     shared    buffers     cached
Mem:          992M       913M        78M         0B        80K       1.6M
-/+ buffers/cache:       911M        80M
Swap:         8.0G       358M       7.6G

             total       used       free     shared    buffers     cached
Mem:          992M       919M        72M         0B        80K       1.6M
-/+ buffers/cache:       918M        74M
Swap:         8.0G       358M       7.6G

             total       used       free     shared    buffers     cached
Mem:          992M       925M        67M         0B        88K       1.6M
-/+ buffers/cache:       923M        68M
Swap:         8.0G       358M       7.6G

             total       used       free     shared    buffers     cached
Mem:          992M       927M        64M         0B        88K       1.6M
-/+ buffers/cache:       925M        66M
Swap:         8.0G       358M       7.6G

             total       used       free     shared    buffers     cached
Mem:          992M       928M        63M         0B        88K       1.6M
-/+ buffers/cache:       927M        64M
Swap:         8.0G       358M       7.6G

             total       used       free     shared    buffers     cached
Mem:          992M       930M        61M         0B        88K       1.6M
-/+ buffers/cache:       928M        63M
Swap:         8.0G       357M       7.6G

             total       used       free     shared    buffers     cached
Mem:          992M       916M        75M         0B       220K       2.4M
-/+ buffers/cache:       913M        78M
Swap:         8.0G       373M       7.6G

             total       used       free     shared    buffers     cached
Mem:          992M       918M        73M         0B       228K       2.4M
-/+ buffers/cache:       916M        76M
Swap:         8.0G       372M       7.6G

             total       used       free     shared    buffers     cached
Mem:          992M       929M        62M         0B        80K        21M
-/+ buffers/cache:       907M        84M
Swap:         8.0G       385M       7.6G

             total       used       free     shared    buffers     cached
Mem:          992M       908M        83M         0B       240K        19M
-/+ buffers/cache:       889M       103M
Swap:         8.0G       419M       7.6G

             total       used       free     shared    buffers     cached
Mem:          992M       911M        81M         0B       640K        19M
-/+ buffers/cache:       891M       100M
Swap:         8.0G       418M       7.6G

             total       used       free     shared    buffers     cached
Mem:          992M       912M        79M         0B       640K        19M
-/+ buffers/cache:       892M        99M
Swap:         8.0G       418M       7.6G

             total       used       free     shared    buffers     cached
Mem:          992M       914M        77M         0B       656K        19M
-/+ buffers/cache:       894M        97M
Swap:         8.0G       417M       7.6G

             total       used       free     shared    buffers     cached
Mem:          992M       916M        76M         0B       656K        19M
-/+ buffers/cache:       896M        95M
Swap:         8.0G       416M       7.6G

             total       used       free     shared    buffers     cached
Mem:          992M       918M        74M         0B       656K        19M
-/+ buffers/cache:       898M        93M
Swap:         8.0G       415M       7.6G

             total       used       free     shared    buffers     cached
Mem:          992M       920M        71M         0B       656K        19M
-/+ buffers/cache:       900M        91M
Swap:         8.0G       414M       7.6G

             total       used       free     shared    buffers     cached
Mem:          992M       922M        69M         0B       656K        19M
-/+ buffers/cache:       902M        89M
Swap:         8.0G       413M       7.6G

             total       used       free     shared    buffers     cached
Mem:          992M       924M        67M         0B       656K        19M
-/+ buffers/cache:       904M        87M
Swap:         8.0G       412M       7.6G

             total       used       free     shared    buffers     cached
Mem:          992M       927M        64M         0B       664K        19M
-/+ buffers/cache:       907M        84M
Swap:         8.0G       411M       7.6G

             total       used       free     shared    buffers     cached
Mem:          992M       929M        63M         0B       664K        19M
-/+ buffers/cache:       909M        82M
Swap:         8.0G       410M       7.6G

             total       used       free     shared    buffers     cached
Mem:          992M       931M        60M         0B       664K        19M
-/+ buffers/cache:       911M        80M
Swap:         8.0G       409M       7.6G

             total       used       free     shared    buffers     cached
Mem:          992M       918M        74M         0B       664K        18M
-/+ buffers/cache:       898M        93M
Swap:         8.0G       410M       7.6G

             total       used       free     shared    buffers     cached
Mem:          992M       920M        72M         0B       664K        18M
-/+ buffers/cache:       900M        91M
Swap:         8.0G       409M       7.6G

             total       used       free     shared    buffers     cached
Mem:          992M       922M        69M         0B       672K        18M
-/+ buffers/cache:       902M        89M
Swap:         8.0G       408M       7.6G

             total       used       free     shared    buffers     cached
Mem:          992M       924M        68M         0B       672K        18M
-/+ buffers/cache:       904M        87M
Swap:         8.0G       407M       7.6G

             total       used       free     shared    buffers     cached
Mem:          992M       926M        65M         0B       672K        19M
-/+ buffers/cache:       906M        85M
Swap:         8.0G       406M       7.6G

             total       used       free     shared    buffers     cached
Mem:          992M       928M        63M         0B       672K        18M
-/+ buffers/cache:       908M        83M
Swap:         8.0G       405M       7.6G

             total       used       free     shared    buffers     cached
Mem:          992M       930M        61M         0B       672K        18M
-/+ buffers/cache:       910M        81M
Swap:         8.0G       404M       7.6G

             total       used       free     shared    buffers     cached
Mem:          992M       920M        71M         0B       680K        18M
-/+ buffers/cache:       901M        90M
Swap:         8.0G       422M       7.6G

             total       used       free     shared    buffers     cached
Mem:          992M       922M        69M         0B       680K        18M
-/+ buffers/cache:       903M        88M
Swap:         8.0G       421M       7.6G

             total       used       free     shared    buffers     cached
Mem:          992M       924M        67M         0B       680K        18M
-/+ buffers/cache:       905M        86M
Swap:         8.0G       420M       7.6G

             total       used       free     shared    buffers     cached
Mem:          992M       926M        65M         0B       680K        18M
-/+ buffers/cache:       907M        84M
Swap:         8.0G       419M       7.6G

             total       used       free     shared    buffers     cached
Mem:          992M       928M        63M         0B       680K        18M
-/+ buffers/cache:       909M        82M
Swap:         8.0G       418M       7.6G

             total       used       free     shared    buffers     cached
Mem:          992M       931M        61M         0B       680K        18M
-/+ buffers/cache:       912M        80M
Swap:         8.0G       417M       7.6G

             total       used       free     shared    buffers     cached
Mem:          992M       917M        74M         0B       688K        17M
-/+ buffers/cache:       899M        92M
Swap:         8.0G       429M       7.6G

             total       used       free     shared    buffers     cached
Mem:          992M       919M        72M         0B       688K        17M
-/+ buffers/cache:       901M        90M
Swap:         8.0G       428M       7.6G

             total       used       free     shared    buffers     cached
Mem:          992M       921M        70M         0B       688K        17M
-/+ buffers/cache:       903M        88M
Swap:         8.0G       426M       7.6G

             total       used       free     shared    buffers     cached
Mem:          992M       923M        68M         0B       688K        17M
-/+ buffers/cache:       906M        86M
Swap:         8.0G       425M       7.6G

             total       used       free     shared    buffers     cached
Mem:          992M       926M        65M         0B       688K        17M
-/+ buffers/cache:       908M        83M
Swap:         8.0G       424M       7.6G

             total       used       free     shared    buffers     cached
Mem:          992M       928M        63M         0B       696K        17M
-/+ buffers/cache:       910M        81M
Swap:         8.0G       423M       7.6G

             total       used       free     shared    buffers     cached
Mem:          992M       930M        61M         0B       696K        17M
-/+ buffers/cache:       912M        79M
Swap:         8.0G       422M       7.6G

             total       used       free     shared    buffers     cached
Mem:          992M       918M        73M         0B       696K        16M
-/+ buffers/cache:       902M        90M
Swap:         8.0G       435M       7.6G

             total       used       free     shared    buffers     cached
Mem:          992M       921M        70M         0B       696K        16M
-/+ buffers/cache:       904M        87M
Swap:         8.0G       434M       7.6G

             total       used       free     shared    buffers     cached
Mem:          992M       923M        68M         0B       696K        16M
-/+ buffers/cache:       906M        85M
Swap:         8.0G       433M       7.6G

             total       used       free     shared    buffers     cached
Mem:          992M       926M        65M         0B       704K        16M
-/+ buffers/cache:       909M        82M
Swap:         8.0G       432M       7.6G

             total       used       free     shared    buffers     cached
Mem:          992M       928M        63M         0B       704K        16M
-/+ buffers/cache:       911M        80M
Swap:         8.0G       430M       7.6G

             total       used       free     shared    buffers     cached
Mem:          992M       931M        61M         0B       704K        16M
-/+ buffers/cache:       914M        78M
Swap:         8.0G       429M       7.6G

             total       used       free     shared    buffers     cached
Mem:          992M       919M        72M         0B       704K        15M
-/+ buffers/cache:       903M        88M
Swap:         8.0G       440M       7.6G

             total       used       free     shared    buffers     cached
Mem:          992M       921M        70M         0B       704K        15M
-/+ buffers/cache:       905M        86M
Swap:         8.0G       439M       7.6G

             total       used       free     shared    buffers     cached
Mem:          992M       923M        68M         0B       704K        15M
-/+ buffers/cache:       907M        84M
Swap:         8.0G       438M       7.6G

             total       used       free     shared    buffers     cached
Mem:          992M       926M        66M         0B       712K        15M
-/+ buffers/cache:       910M        82M
Swap:         8.0G       437M       7.6G

             total       used       free     shared    buffers     cached
Mem:          992M       928M        63M         0B       712K        15M
-/+ buffers/cache:       912M        79M
Swap:         8.0G       436M       7.6G

             total       used       free     shared    buffers     cached
Mem:          992M       930M        61M         0B       712K        15M
-/+ buffers/cache:       914M        77M
Swap:         8.0G       435M       7.6G

             total       used       free     shared    buffers     cached
Mem:          992M       917M        74M         0B       668K        12M
-/+ buffers/cache:       903M        88M
Swap:         8.0G       444M       7.6G

             total       used       free     shared    buffers     cached
Mem:          992M       919M        73M         0B       668K        12M
-/+ buffers/cache:       905M        86M
Swap:         8.0G       443M       7.6G

             total       used       free     shared    buffers     cached
Mem:          992M       921M        71M         0B       676K        12M
-/+ buffers/cache:       907M        84M
Swap:         8.0G       442M       7.6G

             total       used       free     shared    buffers     cached
Mem:          992M       923M        68M         0B       676K        12M
-/+ buffers/cache:       909M        82M
Swap:         8.0G       441M       7.6G

             total       used       free     shared    buffers     cached
Mem:          992M       925M        66M         0B       676K        12M
-/+ buffers/cache:       911M        80M
Swap:         8.0G       440M       7.6G

             total       used       free     shared    buffers     cached
Mem:          992M       918M        74M         0B       956K       8.4M
-/+ buffers/cache:       908M        83M
Swap:         8.0G       440M       7.6G

             total       used       free     shared    buffers     cached
Mem:          992M       927M        65M         0B       536K        14M
-/+ buffers/cache:       912M        80M
Swap:         8.0G       445M       7.6G

             total       used       free     shared    buffers     cached
Mem:          992M       923M        68M        16K       548K        28M
-/+ buffers/cache:       894M        97M
Swap:         8.0G       467M       7.5G

             total       used       free     shared    buffers     cached
Mem:          992M       924M        67M        16K       556K        28M
-/+ buffers/cache:       895M        96M
Swap:         8.0G       467M       7.5G

             total       used       free     shared    buffers     cached
Mem:          992M       925M        66M        16K       556K        28M
-/+ buffers/cache:       897M        95M
Swap:         8.0G       466M       7.5G

             total       used       free     shared    buffers     cached
Mem:          992M       927M        65M        16K       556K        28M
-/+ buffers/cache:       898M        93M
Swap:         8.0G       466M       7.5G

             total       used       free     shared    buffers     cached
Mem:          992M       928M        63M        16K       556K        28M
-/+ buffers/cache:       899M        92M
Swap:         8.0G       465M       7.5G

             total       used       free     shared    buffers     cached
Mem:          992M       929M        62M        16K       556K        28M
-/+ buffers/cache:       900M        91M
Swap:         8.0G       464M       7.5G

             total       used       free     shared    buffers     cached
Mem:          992M       931M        60M        16K       684K        28M
-/+ buffers/cache:       902M        89M
Swap:         8.0G       464M       7.5G

             total       used       free     shared    buffers     cached
Mem:          992M       920M        71M        16K       216K        26M
-/+ buffers/cache:       893M        98M
Swap:         8.0G       469M       7.5G

             total       used       free     shared    buffers     cached
Mem:          992M       928M        63M        16K       216K        33M
-/+ buffers/cache:       895M        96M
Swap:         8.0G       468M       7.5G

             total       used       free     shared    buffers     cached
Mem:          992M       930M        62M        16K       216K        33M
-/+ buffers/cache:       896M        95M
Swap:         8.0G       468M       7.5G

             total       used       free     shared    buffers     cached
Mem:          992M       931M        60M        16K       228K        33M
-/+ buffers/cache:       897M        94M
Swap:         8.0G       467M       7.5G

             total       used       free     shared    buffers     cached
Mem:          992M       903M        88M        16K       228K        30M
-/+ buffers/cache:       872M       119M
Swap:         8.0G       492M       7.5G

             total       used       free     shared    buffers     cached
Mem:          992M       904M        87M        16K       240K        30M
-/+ buffers/cache:       873M       118M
Swap:         8.0G       491M       7.5G

             total       used       free     shared    buffers     cached
Mem:          992M       906M        86M        16K       240K        30M
-/+ buffers/cache:       875M       117M
Swap:         8.0G       490M       7.5G

             total       used       free     shared    buffers     cached
Mem:          992M       907M        84M        16K       240K        30M
-/+ buffers/cache:       876M       115M
Swap:         8.0G       490M       7.5G

             total       used       free     shared    buffers     cached
Mem:          992M       908M        83M        16K       240K        30M
-/+ buffers/cache:       877M       114M
Swap:         8.0G       489M       7.5G

             total       used       free     shared    buffers     cached
Mem:          992M       909M        82M        16K       240K        30M
-/+ buffers/cache:       878M       113M
Swap:         8.0G       489M       7.5G

             total       used       free     shared    buffers     cached
Mem:          992M       911M        80M        16K       248K        30M
-/+ buffers/cache:       880M       111M
Swap:         8.0G       488M       7.5G

             total       used       free     shared    buffers     cached
Mem:          992M       913M        79M        16K       248K        30M
-/+ buffers/cache:       882M       110M
Swap:         8.0G       487M       7.5G

             total       used       free     shared    buffers     cached
Mem:          992M       914M        77M        16K       248K        30M
-/+ buffers/cache:       883M       108M
Swap:         8.0G       486M       7.5G

             total       used       free     shared    buffers     cached
Mem:          992M       915M        76M        16K       248K        30M
-/+ buffers/cache:       884M       107M
Swap:         8.0G       486M       7.5G

             total       used       free     shared    buffers     cached
Mem:          992M       917M        75M        16K       248K        30M
-/+ buffers/cache:       885M       106M
Swap:         8.0G       485M       7.5G

             total       used       free     shared    buffers     cached
Mem:          992M       918M        73M        16K       248K        30M
-/+ buffers/cache:       887M       104M
Swap:         8.0G       485M       7.5G

             total       used       free     shared    buffers     cached
Mem:          992M       919M        72M        16K       256K        30M
-/+ buffers/cache:       888M       103M
Swap:         8.0G       484M       7.5G

             total       used       free     shared    buffers     cached
Mem:          992M       921M        71M        16K       256K        30M
-/+ buffers/cache:       890M       102M
Swap:         8.0G       483M       7.5G

             total       used       free     shared    buffers     cached
Mem:          992M       922M        69M        16K       256K        30M
-/+ buffers/cache:       891M       100M
Swap:         8.0G       483M       7.5G

             total       used       free     shared    buffers     cached
Mem:          992M       923M        68M        16K       256K        30M
-/+ buffers/cache:       892M        99M
Swap:         8.0G       482M       7.5G

             total       used       free     shared    buffers     cached
Mem:          992M       925M        66M        16K       256K        30M
-/+ buffers/cache:       894M        98M
Swap:         8.0G       481M       7.5G

             total       used       free     shared    buffers     cached
Mem:          992M       926M        65M        16K       264K        30M
-/+ buffers/cache:       895M        96M
Swap:         8.0G       481M       7.5G

             total       used       free     shared    buffers     cached
Mem:          992M       927M        64M        16K       264K        30M
-/+ buffers/cache:       896M        95M
Swap:         8.0G       480M       7.5G

             total       used       free     shared    buffers     cached
Mem:          992M       929M        63M        16K       264K        30M
-/+ buffers/cache:       897M        94M
Swap:         8.0G       480M       7.5G

             total       used       free     shared    buffers     cached
Mem:          992M       930M        61M        16K       264K        30M
-/+ buffers/cache:       899M        92M
Swap:         8.0G       479M       7.5G

             total       used       free     shared    buffers     cached
Mem:          992M       917M        75M        16K       260K        30M
-/+ buffers/cache:       886M       105M
Swap:         8.0G       492M       7.5G

             total       used       free     shared    buffers     cached
Mem:          992M       918M        73M        16K       260K        30M
-/+ buffers/cache:       888M       103M
Swap:         8.0G       491M       7.5G

             total       used       free     shared    buffers     cached
Mem:          992M       919M        72M        16K       268K        29M
-/+ buffers/cache:       889M       102M
Swap:         8.0G       490M       7.5G

             total       used       free     shared    buffers     cached
Mem:          992M       921M        70M        16K       268K        29M
-/+ buffers/cache:       891M       100M
Swap:         8.0G       490M       7.5G

             total       used       free     shared    buffers     cached
Mem:          992M       922M        69M        16K       268K        29M
-/+ buffers/cache:       892M        99M
Swap:         8.0G       489M       7.5G

             total       used       free     shared    buffers     cached
Mem:          992M       924M        67M        16K       268K        29M
-/+ buffers/cache:       894M        98M
Swap:         8.0G       488M       7.5G

             total       used       free     shared    buffers     cached
Mem:          992M       926M        66M        16K       268K        30M
-/+ buffers/cache:       895M        96M
Swap:         8.0G       488M       7.5G

             total       used       free     shared    buffers     cached
Mem:          992M       927M        64M        16K       276K        29M
-/+ buffers/cache:       897M        94M
Swap:         8.0G       487M       7.5G

             total       used       free     shared    buffers     cached
Mem:          992M       928M        63M        16K       276K        30M
-/+ buffers/cache:       898M        93M
Swap:         8.0G       486M       7.5G

             total       used       free     shared    buffers     cached
Mem:          992M       930M        61M        16K       276K        30M
-/+ buffers/cache:       900M        91M
Swap:         8.0G       486M       7.5G

             total       used       free     shared    buffers     cached
Mem:          992M       918M        73M        16K       276K        28M
-/+ buffers/cache:       889M       102M
Swap:         8.0G       500M       7.5G

             total       used       free     shared    buffers     cached
Mem:          992M       919M        72M        16K       276K        28M
-/+ buffers/cache:       890M       101M
Swap:         8.0G       500M       7.5G

             total       used       free     shared    buffers     cached
Mem:          992M       921M        70M        16K       276K        28M
-/+ buffers/cache:       892M        99M
Swap:         8.0G       499M       7.5G

             total       used       free     shared    buffers     cached
Mem:          992M       922M        69M        16K       284K        28M
-/+ buffers/cache:       893M        98M
Swap:         8.0G       498M       7.5G

             total       used       free     shared    buffers     cached
Mem:          992M       924M        67M        16K       284K        28M
-/+ buffers/cache:       895M        96M
Swap:         8.0G       498M       7.5G

             total       used       free     shared    buffers     cached
Mem:          992M       926M        66M        16K       284K        28M
-/+ buffers/cache:       897M        95M
Swap:         8.0G       497M       7.5G

             total       used       free     shared    buffers     cached
Mem:          992M       927M        64M        16K       284K        28M
-/+ buffers/cache:       898M        93M
Swap:         8.0G       496M       7.5G

             total       used       free     shared    buffers     cached
Mem:          992M       929M        62M        16K       284K        28M
-/+ buffers/cache:       900M        92M
Swap:         8.0G       495M       7.5G

             total       used       free     shared    buffers     cached
Mem:          992M       930M        61M        16K       292K        28M
-/+ buffers/cache:       901M        90M
Swap:         8.0G       495M       7.5G

             total       used       free     shared    buffers     cached
Mem:          992M       915M        76M        16K       292K        28M
-/+ buffers/cache:       887M       105M
Swap:         8.0G       501M       7.5G

             total       used       free     shared    buffers     cached
Mem:          992M       917M        74M        16K       292K        28M
-/+ buffers/cache:       888M       103M
Swap:         8.0G       500M       7.5G

             total       used       free     shared    buffers     cached
Mem:          992M       918M        73M        16K       292K        28M
-/+ buffers/cache:       890M       101M
Swap:         8.0G       500M       7.5G

             total       used       free     shared    buffers     cached
Mem:          992M       920M        72M        16K       292K        28M
-/+ buffers/cache:       891M       100M
Swap:         8.0G       499M       7.5G

             total       used       free     shared    buffers     cached
Mem:          992M       921M        70M        16K       292K        28M
-/+ buffers/cache:       893M        98M
Swap:         8.0G       498M       7.5G

             total       used       free     shared    buffers     cached
Mem:          992M       923M        69M        16K       300K        28M
-/+ buffers/cache:       894M        97M
Swap:         8.0G       498M       7.5G

             total       used       free     shared    buffers     cached
Mem:          992M       924M        67M        16K       300K        28M
-/+ buffers/cache:       895M        96M
Swap:         8.0G       497M       7.5G

             total       used       free     shared    buffers     cached
Mem:          992M       925M        66M        16K       300K        28M
-/+ buffers/cache:       897M        94M
Swap:         8.0G       496M       7.5G

             total       used       free     shared    buffers     cached
Mem:          992M       927M        64M        16K       300K        28M
-/+ buffers/cache:       898M        93M
Swap:         8.0G       496M       7.5G

             total       used       free     shared    buffers     cached
Mem:          992M       928M        63M        16K       300K        28M
-/+ buffers/cache:       900M        91M
Swap:         8.0G       495M       7.5G

             total       used       free     shared    buffers     cached
Mem:          992M       930M        61M        16K       308K        28M
-/+ buffers/cache:       902M        90M
Swap:         8.0G       494M       7.5G

             total       used       free     shared    buffers     cached
Mem:          992M       905M        86M        16K       140K        23M
-/+ buffers/cache:       882M       109M
Swap:         8.0G       515M       7.5G

             total       used       free     shared    buffers     cached
Mem:          992M       907M        85M        16K       140K        23M
-/+ buffers/cache:       883M       108M
Swap:         8.0G       515M       7.5G

             total       used       free     shared    buffers     cached
Mem:          992M       910M        82M        16K       276K        24M
-/+ buffers/cache:       885M       106M
Swap:         8.0G       514M       7.5G

             total       used       free     shared    buffers     cached
Mem:          992M       911M        80M        20K       276K        24M
-/+ buffers/cache:       886M       105M
Swap:         8.0G       513M       7.5G

             total       used       free     shared    buffers     cached
Mem:          992M       912M        79M        20K       276K        24M
-/+ buffers/cache:       888M       104M
Swap:         8.0G       513M       7.5G

             total       used       free     shared    buffers     cached
Mem:          992M       921M        70M        20K       284K        27M
-/+ buffers/cache:       893M        98M
Swap:         8.0G       510M       7.5G

             total       used       free     shared    buffers     cached
Mem:          992M       922M        69M        20K       284K        27M
-/+ buffers/cache:       895M        96M
Swap:         8.0G       509M       7.5G

             total       used       free     shared    buffers     cached
Mem:          992M       930M        61M        20K       284K        29M
-/+ buffers/cache:       900M        91M
Swap:         8.0G       506M       7.5G

             total       used       free     shared    buffers     cached
Mem:          992M       916M        75M        20K       248K        24M
-/+ buffers/cache:       892M       100M
Swap:         8.0G       509M       7.5G

             total       used       free     shared    buffers     cached
Mem:          992M       917M        74M        20K       256K        24M
-/+ buffers/cache:       892M        99M
Swap:         8.0G       508M       7.5G

             total       used       free     shared    buffers     cached
Mem:          992M       918M        73M        20K       424K        24M
-/+ buffers/cache:       893M        98M
Swap:         8.0G       508M       7.5G

             total       used       free     shared    buffers     cached
Mem:          992M       918M        73M        20K       424K        24M
-/+ buffers/cache:       893M        98M
Swap:         8.0G       508M       7.5G

             total       used       free     shared    buffers     cached
Mem:          992M       919M        72M        20K       424K        24M
-/+ buffers/cache:       894M        97M
Swap:         8.0G       507M       7.5G

             total       used       free     shared    buffers     cached
Mem:          992M       920M        71M        20K       424K        24M
-/+ buffers/cache:       895M        96M
Swap:         8.0G       507M       7.5G

             total       used       free     shared    buffers     cached
Mem:          992M       921M        71M        20K       424K        24M
-/+ buffers/cache:       896M        96M
Swap:         8.0G       507M       7.5G

             total       used       free     shared    buffers     cached
Mem:          992M       921M        70M        20K       424K        24M
-/+ buffers/cache:       896M        95M
Swap:         8.0G       506M       7.5G

             total       used       free     shared    buffers     cached
Mem:          992M       922M        69M        20K       432K        24M
-/+ buffers/cache:       897M        94M
Swap:         8.0G       506M       7.5G

             total       used       free     shared    buffers     cached
Mem:          992M       920M        71M       176K       432K        27M
-/+ buffers/cache:       892M        99M
Swap:         8.0G       522M       7.5G

             total       used       free     shared    buffers     cached
Mem:          992M       922M        69M       3.8M       4.7M        52M
-/+ buffers/cache:       866M       126M
Swap:         8.0G       553M       7.5G

             total       used       free     shared    buffers     cached
Mem:          992M       915M        76M       216K       3.9M        62M
-/+ buffers/cache:       849M       142M
Swap:         8.0G       571M       7.4G

             total       used       free     shared    buffers     cached
Mem:          992M       930M        62M       220K       4.1M        65M
-/+ buffers/cache:       860M       132M
Swap:         8.0G       566M       7.4G

             total       used       free     shared    buffers     cached
Mem:          992M       931M        61M       244K       4.2M        65M
-/+ buffers/cache:       860M       131M
Swap:         8.0G       565M       7.4G

             total       used       free     shared    buffers     cached
Mem:          992M       912M        79M       244K       3.8M        61M
-/+ buffers/cache:       847M       144M
Swap:         8.0G       572M       7.4G

             total       used       free     shared    buffers     cached
Mem:          992M       914M        78M       244K       3.8M        61M
-/+ buffers/cache:       849M       143M
Swap:         8.0G       571M       7.4G

             total       used       free     shared    buffers     cached
Mem:          992M       915M        76M       244K       3.8M        61M
-/+ buffers/cache:       850M       141M
Swap:         8.0G       571M       7.4G

             total       used       free     shared    buffers     cached
Mem:          992M       917M        75M       244K       3.8M        61M
-/+ buffers/cache:       851M       140M
Swap:         8.0G       570M       7.4G

             total       used       free     shared    buffers     cached
Mem:          992M       919M        72M       244K       4.0M        62M
-/+ buffers/cache:       853M       138M
Swap:         8.0G       569M       7.4G

             total       used       free     shared    buffers     cached
Mem:          992M       921M        71M       244K       4.0M        62M
-/+ buffers/cache:       855M       137M
Swap:         8.0G       569M       7.4G

             total       used       free     shared    buffers     cached
Mem:          992M       922M        69M       244K       4.0M        62M
-/+ buffers/cache:       856M       135M
Swap:         8.0G       568M       7.4G

             total       used       free     shared    buffers     cached
Mem:          992M       924M        67M       244K       4.0M        62M
-/+ buffers/cache:       858M       134M
Swap:         8.0G       567M       7.4G

             total       used       free     shared    buffers     cached
Mem:          992M       925M        66M       244K       4.0M        62M
-/+ buffers/cache:       859M       132M
Swap:         8.0G       567M       7.4G

             total       used       free     shared    buffers     cached
Mem:          992M       927M        65M       244K       4.0M        62M
-/+ buffers/cache:       861M       131M
Swap:         8.0G       566M       7.4G

             total       used       free     shared    buffers     cached
Mem:          992M       928M        63M       244K       4.0M        62M
-/+ buffers/cache:       862M       129M
Swap:         8.0G       566M       7.4G

             total       used       free     shared    buffers     cached
Mem:          992M       930M        61M       244K       4.0M        62M
-/+ buffers/cache:       864M       128M
Swap:         8.0G       565M       7.4G

             total       used       free     shared    buffers     cached
Mem:          992M       917M        74M       244K       3.9M        61M
-/+ buffers/cache:       852M       139M
Swap:         8.0G       574M       7.4G

             total       used       free     shared    buffers     cached
Mem:          992M       919M        73M       244K       3.9M        61M
-/+ buffers/cache:       853M       138M
Swap:         8.0G       573M       7.4G

             total       used       free     shared    buffers     cached
Mem:          992M       920M        71M       244K       3.9M        61M
-/+ buffers/cache:       855M       137M
Swap:         8.0G       572M       7.4G

             total       used       free     shared    buffers     cached
Mem:          992M       921M        70M       244K       3.9M        61M
-/+ buffers/cache:       856M       135M
Swap:         8.0G       572M       7.4G

             total       used       free     shared    buffers     cached
Mem:          992M       923M        68M       244K       3.9M        61M
-/+ buffers/cache:       858M       133M
Swap:         8.0G       571M       7.4G

             total       used       free     shared    buffers     cached
Mem:          992M       924M        67M       244K       3.9M        61M
-/+ buffers/cache:       859M       132M
Swap:         8.0G       570M       7.4G

             total       used       free     shared    buffers     cached
Mem:          992M       926M        65M       244K       3.9M        61M
-/+ buffers/cache:       860M       131M
Swap:         8.0G       570M       7.4G

             total       used       free     shared    buffers     cached
Mem:          992M       927M        64M       244K       3.9M        61M
-/+ buffers/cache:       862M       129M
Swap:         8.0G       569M       7.4G

             total       used       free     shared    buffers     cached
Mem:          992M       928M        63M       244K       3.9M        61M
-/+ buffers/cache:       863M       128M
Swap:         8.0G       569M       7.4G

             total       used       free     shared    buffers     cached
Mem:          992M       930M        61M       244K       3.9M        61M
-/+ buffers/cache:       865M       126M
Swap:         8.0G       568M       7.4G

             total       used       free     shared    buffers     cached
Mem:          992M       903M        89M       244K       3.7M        58M
-/+ buffers/cache:       840M       151M
Swap:         8.0G       590M       7.4G

             total       used       free     shared    buffers     cached
Mem:          992M       904M        87M       244K       3.7M        58M
-/+ buffers/cache:       842M       150M
Swap:         8.0G       589M       7.4G

             total       used       free     shared    buffers     cached
Mem:          992M       905M        86M       244K       3.7M        58M
-/+ buffers/cache:       843M       148M
Swap:         8.0G       589M       7.4G

             total       used       free     shared    buffers     cached
Mem:          992M       907M        84M       244K       3.7M        58M
-/+ buffers/cache:       844M       147M
Swap:         8.0G       588M       7.4G

             total       used       free     shared    buffers     cached
Mem:          992M       908M        83M       244K       3.7M        58M
-/+ buffers/cache:       846M       145M
Swap:         8.0G       587M       7.4G

             total       used       free     shared    buffers     cached
Mem:          992M       910M        82M       244K       3.7M        58M
-/+ buffers/cache:       847M       144M
Swap:         8.0G       587M       7.4G

             total       used       free     shared    buffers     cached
Mem:          992M       911M        80M       244K       3.7M        58M
-/+ buffers/cache:       849M       143M
Swap:         8.0G       586M       7.4G

             total       used       free     shared    buffers     cached
Mem:          992M       912M        79M       244K       3.7M        58M
-/+ buffers/cache:       850M       141M
Swap:         8.0G       585M       7.4G

             total       used       free     shared    buffers     cached
Mem:          992M       914M        77M       244K       3.7M        58M
-/+ buffers/cache:       851M       140M
Swap:         8.0G       585M       7.4G

             total       used       free     shared    buffers     cached
Mem:          992M       915M        76M       244K       3.7M        58M
-/+ buffers/cache:       853M       139M
Swap:         8.0G       584M       7.4G

             total       used       free     shared    buffers     cached
Mem:          992M       917M        75M       244K       3.7M        58M
-/+ buffers/cache:       854M       137M
Swap:         8.0G       583M       7.4G

             total       used       free     shared    buffers     cached
Mem:          992M       918M        74M       244K       3.7M        58M
-/+ buffers/cache:       855M       136M
Swap:         8.0G       583M       7.4G

             total       used       free     shared    buffers     cached
Mem:          992M       919M        72M       244K       3.7M        58M
-/+ buffers/cache:       857M       134M
Swap:         8.0G       582M       7.4G

             total       used       free     shared    buffers     cached
Mem:          992M       921M        70M       244K       3.7M        58M
-/+ buffers/cache:       858M       133M
Swap:         8.0G       581M       7.4G

             total       used       free     shared    buffers     cached
Mem:          992M       922M        69M       244K       3.8M        58M
-/+ buffers/cache:       860M       132M
Swap:         8.0G       581M       7.4G

             total       used       free     shared    buffers     cached
Mem:          992M       916M        75M       296K       5.0M        66M
-/+ buffers/cache:       845M       146M
Swap:         8.0G       610M       7.4G

             total       used       free     shared    buffers     cached
Mem:          992M       925M        66M       316K       8.1M        73M
-/+ buffers/cache:       844M       147M
Swap:         8.0G       609M       7.4G
