             total       used       free     shared    buffers     cached
Mem:          992M       657M       334M       3.2M        38M       289M
-/+ buffers/cache:       329M       662M
Swap:         8.0G         0B       8.0G

             total       used       free     shared    buffers     cached
Mem:          992M       657M       334M       3.2M        38M       289M
-/+ buffers/cache:       328M       663M
Swap:         8.0G         0B       8.0G

             total       used       free     shared    buffers     cached
Mem:          992M       657M       335M       3.2M        38M       289M
-/+ buffers/cache:       328M       663M
Swap:         8.0G         0B       8.0G

             total       used       free     shared    buffers     cached
Mem:          992M       657M       335M       3.2M        38M       289M
-/+ buffers/cache:       328M       663M
Swap:         8.0G         0B       8.0G

             total       used       free     shared    buffers     cached
Mem:          992M       657M       335M       3.2M        38M       289M
-/+ buffers/cache:       328M       663M
Swap:         8.0G         0B       8.0G

             total       used       free     shared    buffers     cached
Mem:          992M       657M       334M       3.2M        38M       289M
-/+ buffers/cache:       328M       663M
Swap:         8.0G         0B       8.0G

             total       used       free     shared    buffers     cached
Mem:          992M       657M       334M       3.2M        38M       289M
-/+ buffers/cache:       328M       663M
Swap:         8.0G         0B       8.0G

             total       used       free     shared    buffers     cached
Mem:          992M       657M       334M       3.2M        38M       289M
-/+ buffers/cache:       328M       663M
Swap:         8.0G         0B       8.0G

             total       used       free     shared    buffers     cached
Mem:          992M       657M       335M       3.2M        38M       289M
-/+ buffers/cache:       328M       663M
Swap:         8.0G         0B       8.0G

             total       used       free     shared    buffers     cached
Mem:          992M       656M       335M       3.2M        38M       289M
-/+ buffers/cache:       328M       663M
Swap:         8.0G         0B       8.0G

             total       used       free     shared    buffers     cached
Mem:          992M       658M       334M       3.2M        38M       289M
-/+ buffers/cache:       329M       662M
Swap:         8.0G         0B       8.0G

             total       used       free     shared    buffers     cached
Mem:          992M       666M       325M       3.2M        38M       290M
-/+ buffers/cache:       337M       654M
Swap:         8.0G         0B       8.0G

             total       used       free     shared    buffers     cached
Mem:          992M       693M       298M       3.2M        38M       290M
-/+ buffers/cache:       364M       627M
Swap:         8.0G         0B       8.0G

             total       used       free     shared    buffers     cached
Mem:          992M       666M       326M       3.2M        38M       291M
-/+ buffers/cache:       336M       656M
Swap:         8.0G         0B       8.0G

             total       used       free     shared    buffers     cached
Mem:          992M       668M       323M       3.2M        38M       291M
-/+ buffers/cache:       338M       653M
Swap:         8.0G         0B       8.0G

             total       used       free     shared    buffers     cached
Mem:          992M       666M       325M       3.2M        38M       291M
-/+ buffers/cache:       336M       655M
Swap:         8.0G         0B       8.0G

             total       used       free     shared    buffers     cached
Mem:          992M       666M       325M       3.2M        38M       291M
-/+ buffers/cache:       336M       655M
Swap:         8.0G         0B       8.0G

             total       used       free     shared    buffers     cached
Mem:          992M       666M       325M       3.2M        38M       291M
-/+ buffers/cache:       336M       655M
Swap:         8.0G         0B       8.0G

             total       used       free     shared    buffers     cached
Mem:          992M       666M       325M       3.2M        38M       291M
-/+ buffers/cache:       336M       655M
Swap:         8.0G         0B       8.0G

             total       used       free     shared    buffers     cached
Mem:          992M       666M       325M       3.2M        38M       291M
-/+ buffers/cache:       336M       655M
Swap:         8.0G         0B       8.0G

             total       used       free     shared    buffers     cached
Mem:          992M       666M       325M       3.2M        38M       291M
-/+ buffers/cache:       336M       655M
Swap:         8.0G         0B       8.0G

             total       used       free     shared    buffers     cached
Mem:          992M       666M       325M       3.2M        38M       291M
-/+ buffers/cache:       336M       655M
Swap:         8.0G         0B       8.0G

             total       used       free     shared    buffers     cached
Mem:          992M       666M       325M       3.2M        38M       291M
-/+ buffers/cache:       336M       655M
Swap:         8.0G         0B       8.0G

             total       used       free     shared    buffers     cached
Mem:          992M       666M       325M       3.2M        38M       291M
-/+ buffers/cache:       336M       655M
Swap:         8.0G         0B       8.0G

             total       used       free     shared    buffers     cached
Mem:          992M       666M       325M       3.2M        38M       291M
-/+ buffers/cache:       336M       655M
Swap:         8.0G         0B       8.0G

             total       used       free     shared    buffers     cached
Mem:          992M       666M       325M       3.2M        38M       291M
-/+ buffers/cache:       336M       655M
Swap:         8.0G         0B       8.0G

             total       used       free     shared    buffers     cached
Mem:          992M       666M       325M       3.2M        38M       291M
-/+ buffers/cache:       336M       655M
Swap:         8.0G         0B       8.0G

             total       used       free     shared    buffers     cached
Mem:          992M       666M       325M       3.2M        38M       291M
-/+ buffers/cache:       336M       655M
Swap:         8.0G         0B       8.0G

             total       used       free     shared    buffers     cached
Mem:          992M       666M       325M       3.2M        38M       291M
-/+ buffers/cache:       336M       655M
Swap:         8.0G         0B       8.0G

             total       used       free     shared    buffers     cached
Mem:          992M       666M       325M       3.2M        38M       291M
-/+ buffers/cache:       336M       655M
Swap:         8.0G         0B       8.0G

             total       used       free     shared    buffers     cached
Mem:          992M       666M       325M       3.2M        38M       291M
-/+ buffers/cache:       336M       655M
Swap:         8.0G         0B       8.0G

             total       used       free     shared    buffers     cached
Mem:          992M       666M       325M       3.2M        38M       291M
-/+ buffers/cache:       336M       655M
Swap:         8.0G         0B       8.0G

             total       used       free     shared    buffers     cached
Mem:          992M       666M       325M       3.2M        38M       291M
-/+ buffers/cache:       336M       655M
Swap:         8.0G         0B       8.0G

             total       used       free     shared    buffers     cached
Mem:          992M       671M       320M       3.2M        38M       291M
-/+ buffers/cache:       341M       650M
Swap:         8.0G         0B       8.0G

             total       used       free     shared    buffers     cached
Mem:          992M       688M       303M       3.2M        38M       291M
-/+ buffers/cache:       358M       633M
Swap:         8.0G         0B       8.0G

             total       used       free     shared    buffers     cached
Mem:          992M       706M       285M       3.2M        38M       291M
-/+ buffers/cache:       375M       616M
Swap:         8.0G         0B       8.0G

             total       used       free     shared    buffers     cached
Mem:          992M       723M       268M       3.2M        38M       291M
-/+ buffers/cache:       392M       599M
Swap:         8.0G         0B       8.0G

             total       used       free     shared    buffers     cached
Mem:          992M       737M       254M       3.2M        38M       291M
-/+ buffers/cache:       406M       585M
Swap:         8.0G         0B       8.0G

             total       used       free     shared    buffers     cached
Mem:          992M       751M       240M       3.2M        38M       291M
-/+ buffers/cache:       421M       570M
Swap:         8.0G         0B       8.0G

             total       used       free     shared    buffers     cached
Mem:          992M       767M       224M       3.2M        38M       291M
-/+ buffers/cache:       436M       555M
Swap:         8.0G         0B       8.0G

             total       used       free     shared    buffers     cached
Mem:          992M       782M       209M       3.2M        38M       291M
-/+ buffers/cache:       452M       539M
Swap:         8.0G         0B       8.0G

             total       used       free     shared    buffers     cached
Mem:          992M       799M       192M       3.2M        38M       291M
-/+ buffers/cache:       469M       522M
Swap:         8.0G         0B       8.0G

             total       used       free     shared    buffers     cached
Mem:          992M       815M       176M       3.2M        38M       291M
-/+ buffers/cache:       485M       506M
Swap:         8.0G         0B       8.0G

             total       used       free     shared    buffers     cached
Mem:          992M       833M       158M       3.2M        38M       291M
-/+ buffers/cache:       503M       488M
Swap:         8.0G         0B       8.0G

             total       used       free     shared    buffers     cached
Mem:          992M       849M       142M       3.2M        38M       291M
-/+ buffers/cache:       519M       472M
Swap:         8.0G         0B       8.0G

             total       used       free     shared    buffers     cached
Mem:          992M       865M       126M       3.2M        38M       291M
-/+ buffers/cache:       535M       456M
Swap:         8.0G         0B       8.0G

             total       used       free     shared    buffers     cached
Mem:          992M       882M       110M       3.2M        38M       291M
-/+ buffers/cache:       551M       440M
Swap:         8.0G         0B       8.0G

             total       used       free     shared    buffers     cached
Mem:          992M       894M        98M       3.2M        38M       291M
-/+ buffers/cache:       563M       428M
Swap:         8.0G         0B       8.0G

             total       used       free     shared    buffers     cached
Mem:          992M       911M        81M       3.2M        38M       291M
-/+ buffers/cache:       580M       411M
Swap:         8.0G         0B       8.0G

             total       used       free     shared    buffers     cached
Mem:          992M       928M        64M       3.2M        38M       291M
-/+ buffers/cache:       597M       394M
Swap:         8.0G         0B       8.0G

             total       used       free     shared    buffers     cached
Mem:          992M       921M        70M       3.2M        18M       290M
-/+ buffers/cache:       613M       379M
Swap:         8.0G         0B       8.0G

             total       used       free     shared    buffers     cached
Mem:          992M       922M        69M       3.2M        10M       283M
-/+ buffers/cache:       628M       363M
Swap:         8.0G         0B       8.0G

             total       used       free     shared    buffers     cached
Mem:          992M       919M        72M       3.2M        10M       266M
-/+ buffers/cache:       642M       349M
Swap:         8.0G       124K       8.0G

             total       used       free     shared    buffers     cached
Mem:          992M       915M        76M       3.1M       9.8M       246M
-/+ buffers/cache:       658M       333M
Swap:         8.0G       212K       8.0G

             total       used       free     shared    buffers     cached
Mem:          992M       930M        61M       3.1M       9.8M       246M
-/+ buffers/cache:       673M       318M
Swap:         8.0G       212K       8.0G

             total       used       free     shared    buffers     cached
Mem:          992M       931M        60M       3.0M       9.8M       234M
-/+ buffers/cache:       687M       304M
Swap:         8.0G       4.0M       8.0G

             total       used       free     shared    buffers     cached
Mem:          992M       916M        76M       2.9M       9.8M       208M
-/+ buffers/cache:       697M       294M
Swap:         8.0G       9.0M       8.0G

             total       used       free     shared    buffers     cached
Mem:          992M       930M        62M       2.9M       9.8M       208M
-/+ buffers/cache:       711M       280M
Swap:         8.0G       9.0M       8.0G

             total       used       free     shared    buffers     cached
Mem:          992M       932M        60M       2.9M       2.9M       202M
-/+ buffers/cache:       726M       265M
Swap:         8.0G       9.0M       8.0G

             total       used       free     shared    buffers     cached
Mem:          992M       931M        61M       2.9M       1.2M       188M
-/+ buffers/cache:       741M       250M
Swap:         8.0G       9.0M       8.0G

             total       used       free     shared    buffers     cached
Mem:          992M       923M        69M       2.9M       256K       166M
-/+ buffers/cache:       756M       236M
Swap:         8.0G       9.0M       8.0G

             total       used       free     shared    buffers     cached
Mem:          992M       918M        73M       2.9M       244K       147M
-/+ buffers/cache:       770M       221M
Swap:         8.0G       9.0M       8.0G

             total       used       free     shared    buffers     cached
Mem:          992M       928M        63M       2.9M       248K       147M
-/+ buffers/cache:       780M       211M
Swap:         8.0G       9.0M       8.0G

             total       used       free     shared    buffers     cached
Mem:          992M       924M        67M       2.9M        96K       130M
-/+ buffers/cache:       794M       197M
Swap:         8.0G       9.0M       8.0G

             total       used       free     shared    buffers     cached
Mem:          992M       924M        67M       2.9M        96K       114M
-/+ buffers/cache:       809M       182M
Swap:         8.0G       9.0M       8.0G

             total       used       free     shared    buffers     cached
Mem:          992M       923M        68M       2.9M        88K       101M
-/+ buffers/cache:       822M       169M
Swap:         8.0G       9.0M       8.0G

             total       used       free     shared    buffers     cached
Mem:          992M       927M        64M       2.9M        96K        89M
-/+ buffers/cache:       837M       154M
Swap:         8.0G       9.0M       8.0G

             total       used       free     shared    buffers     cached
Mem:          992M       920M        72M       2.9M       100K        67M
-/+ buffers/cache:       852M       139M
Swap:         8.0G       9.0M       8.0G

             total       used       free     shared    buffers     cached
Mem:          992M       917M        74M       2.9M       100K        51M
-/+ buffers/cache:       865M       126M
Swap:         8.0G       9.0M       8.0G

             total       used       free     shared    buffers     cached
Mem:          992M       921M        70M       2.9M       2.0M        41M
-/+ buffers/cache:       878M       114M
Swap:         8.0G       8.9M       8.0G

             total       used       free     shared    buffers     cached
Mem:          992M       927M        65M       2.9M       2.1M        34M
-/+ buffers/cache:       890M       101M
Swap:         8.0G       8.9M       8.0G

             total       used       free     shared    buffers     cached
Mem:          992M       920M        71M       2.8M       2.5M        25M
-/+ buffers/cache:       893M        99M
Swap:         8.0G        19M       8.0G

             total       used       free     shared    buffers     cached
Mem:          992M       930M        61M       2.8M       2.5M        24M
-/+ buffers/cache:       903M        89M
Swap:         8.0G        20M       8.0G

             total       used       free     shared    buffers     cached
Mem:          992M       920M        71M       2.5M       2.4M        18M
-/+ buffers/cache:       899M        92M
Swap:         8.0G        57M       7.9G

             total       used       free     shared    buffers     cached
Mem:          992M       919M        73M       2.5M       100K       8.6M
-/+ buffers/cache:       910M        81M
Swap:         8.0G        58M       7.9G

             total       used       free     shared    buffers     cached
Mem:          992M       919M        72M       2.5M       512K       5.1M
-/+ buffers/cache:       914M        78M
Swap:         8.0G        58M       7.9G

             total       used       free     shared    buffers     cached
Mem:          992M       920M        71M       2.5M       512K       5.0M
-/+ buffers/cache:       914M        77M
Swap:         8.0G        71M       7.9G

             total       used       free     shared    buffers     cached
Mem:          992M       920M        71M       2.5M       520K       4.9M
-/+ buffers/cache:       914M        77M
Swap:         8.0G        79M       7.9G

             total       used       free     shared    buffers     cached
Mem:          992M       913M        79M       2.5M       524K       4.9M
-/+ buffers/cache:       907M        84M
Swap:         8.0G       117M       7.9G

             total       used       free     shared    buffers     cached
Mem:          992M       927M        65M       2.5M       524K       4.9M
-/+ buffers/cache:       921M        70M
Swap:         8.0G       117M       7.9G

             total       used       free     shared    buffers     cached
Mem:          992M       925M        67M       2.5M       524K       5.1M
-/+ buffers/cache:       919M        72M
Swap:         8.0G       117M       7.9G

             total       used       free     shared    buffers     cached
Mem:          992M       920M        72M       2.4M       524K       4.9M
-/+ buffers/cache:       914M        77M
Swap:         8.0G       159M       7.8G

             total       used       free     shared    buffers     cached
Mem:          992M       920M        71M       2.4M       532K       4.8M
-/+ buffers/cache:       915M        77M
Swap:         8.0G       159M       7.8G

             total       used       free     shared    buffers     cached
Mem:          992M       920M        71M       2.4M       532K       4.8M
-/+ buffers/cache:       915M        76M
Swap:         8.0G       159M       7.8G

             total       used       free     shared    buffers     cached
Mem:          992M       917M        74M       2.4M       524K       4.7M
-/+ buffers/cache:       912M        80M
Swap:         8.0G       186M       7.8G

             total       used       free     shared    buffers     cached
Mem:          992M       930M        61M       2.4M       524K       4.7M
-/+ buffers/cache:       925M        67M
Swap:         8.0G       186M       7.8G

             total       used       free     shared    buffers     cached
Mem:          992M       913M        78M       2.4M       500K       4.7M
-/+ buffers/cache:       908M        83M
Swap:         8.0G       212M       7.8G

             total       used       free     shared    buffers     cached
Mem:          992M       929M        62M       2.4M       500K       4.7M
-/+ buffers/cache:       924M        68M
Swap:         8.0G       212M       7.8G

             total       used       free     shared    buffers     cached
Mem:          992M       865M       126M       2.3M       504K       4.5M
-/+ buffers/cache:       860M       131M
Swap:         8.0G       296M       7.7G

             total       used       free     shared    buffers     cached
Mem:          992M       869M       122M       2.3M       504K       4.4M
-/+ buffers/cache:       864M       127M
Swap:         8.0G       296M       7.7G

             total       used       free     shared    buffers     cached
Mem:          992M       874M       117M       2.3M       504K       4.4M
-/+ buffers/cache:       869M       122M
Swap:         8.0G       296M       7.7G

             total       used       free     shared    buffers     cached
Mem:          992M       879M       113M       2.3M       504K       4.5M
-/+ buffers/cache:       874M       118M
Swap:         8.0G       296M       7.7G

             total       used       free     shared    buffers     cached
Mem:          992M       882M       109M       2.3M       504K       4.5M
-/+ buffers/cache:       877M       114M
Swap:         8.0G       296M       7.7G

             total       used       free     shared    buffers     cached
Mem:          992M       888M       104M       2.3M       512K       4.5M
-/+ buffers/cache:       883M       109M
Swap:         8.0G       296M       7.7G

             total       used       free     shared    buffers     cached
Mem:          992M       892M       100M       2.3M       512K       4.5M
-/+ buffers/cache:       887M       105M
Swap:         8.0G       296M       7.7G

             total       used       free     shared    buffers     cached
Mem:          992M       896M        95M       2.3M       512K       4.5M
-/+ buffers/cache:       891M       100M
Swap:         8.0G       296M       7.7G

             total       used       free     shared    buffers     cached
Mem:          992M       900M        91M       2.3M       512K       4.5M
-/+ buffers/cache:       895M        96M
Swap:         8.0G       296M       7.7G

             total       used       free     shared    buffers     cached
Mem:          992M       904M        87M       2.3M       512K       4.5M
-/+ buffers/cache:       899M        92M
Swap:         8.0G       296M       7.7G

             total       used       free     shared    buffers     cached
Mem:          992M       910M        82M       2.3M       520K       4.5M
-/+ buffers/cache:       905M        87M
Swap:         8.0G       296M       7.7G

             total       used       free     shared    buffers     cached
Mem:          992M       915M        77M       2.3M       520K       4.5M
-/+ buffers/cache:       910M        82M
Swap:         8.0G       296M       7.7G

             total       used       free     shared    buffers     cached
Mem:          992M       920M        72M       2.3M       520K       4.5M
-/+ buffers/cache:       915M        77M
Swap:         8.0G       296M       7.7G

             total       used       free     shared    buffers     cached
Mem:          992M       925M        67M       2.3M       520K       4.5M
-/+ buffers/cache:       920M        72M
Swap:         8.0G       296M       7.7G

             total       used       free     shared    buffers     cached
Mem:          992M       929M        62M       2.3M       520K       4.5M
-/+ buffers/cache:       924M        67M
Swap:         8.0G       296M       7.7G

             total       used       free     shared    buffers     cached
Mem:          992M       921M        70M       2.3M       520K       4.5M
-/+ buffers/cache:       916M        75M
Swap:         8.0G       296M       7.7G

             total       used       free     shared    buffers     cached
Mem:          992M       925M        66M       2.3M       528K       4.5M
-/+ buffers/cache:       920M        71M
Swap:         8.0G       296M       7.7G

             total       used       free     shared    buffers     cached
Mem:          992M       918M        73M       2.3M       528K       4.5M
-/+ buffers/cache:       913M        78M
Swap:         8.0G       310M       7.7G

             total       used       free     shared    buffers     cached
Mem:          992M       922M        69M       2.3M       528K       4.5M
-/+ buffers/cache:       917M        74M
Swap:         8.0G       310M       7.7G

             total       used       free     shared    buffers     cached
Mem:          992M       927M        64M       2.3M       528K       4.5M
-/+ buffers/cache:       922M        69M
Swap:         8.0G       310M       7.7G

             total       used       free     shared    buffers     cached
Mem:          992M       931M        60M       2.3M       528K       4.5M
-/+ buffers/cache:       926M        65M
Swap:         8.0G       310M       7.7G

             total       used       free     shared    buffers     cached
Mem:          992M       922M        69M       2.3M       528K       4.4M
-/+ buffers/cache:       917M        74M
Swap:         8.0G       318M       7.7G

             total       used       free     shared    buffers     cached
Mem:          992M       926M        65M       2.3M       528K       4.4M
-/+ buffers/cache:       921M        70M
Swap:         8.0G       318M       7.7G

             total       used       free     shared    buffers     cached
Mem:          992M       919M        72M       1.1M       528K       3.0M
-/+ buffers/cache:       915M        76M
Swap:         8.0G       339M       7.7G

             total       used       free     shared    buffers     cached
Mem:          992M       923M        68M       1.0M       528K       3.1M
-/+ buffers/cache:       919M        72M
Swap:         8.0G       339M       7.7G

             total       used       free     shared    buffers     cached
Mem:          992M       927M        64M       1.0M       528K       3.1M
-/+ buffers/cache:       923M        68M
Swap:         8.0G       339M       7.7G

             total       used       free     shared    buffers     cached
Mem:          992M       920M        71M        12K       536K       2.1M
-/+ buffers/cache:       917M        74M
Swap:         8.0G       339M       7.7G

             total       used       free     shared    buffers     cached
Mem:          992M       920M        72M        12K       536K       2.0M
-/+ buffers/cache:       917M        74M
Swap:         8.0G       334M       7.7G

             total       used       free     shared    buffers     cached
Mem:          992M       922M        70M        12K       404K       2.0M
-/+ buffers/cache:       919M        72M
Swap:         8.0G       326M       7.7G

             total       used       free     shared    buffers     cached
Mem:          992M       923M        69M        12K       164K       1.8M
-/+ buffers/cache:       921M        71M
Swap:         8.0G       327M       7.7G

             total       used       free     shared    buffers     cached
Mem:          992M       922M        70M         0B        76K       1.7M
-/+ buffers/cache:       920M        71M
Swap:         8.0G       323M       7.7G

             total       used       free     shared    buffers     cached
Mem:          992M       919M        73M         0B        76K       1.6M
-/+ buffers/cache:       917M        74M
Swap:         8.0G       324M       7.7G

             total       used       free     shared    buffers     cached
Mem:          992M       916M        75M         0B        84K       1.5M
-/+ buffers/cache:       915M        77M
Swap:         8.0G       337M       7.7G

             total       used       free     shared    buffers     cached
Mem:          992M       922M        69M         0B        84K       1.4M
-/+ buffers/cache:       920M        71M
Swap:         8.0G       326M       7.7G

             total       used       free     shared    buffers     cached
Mem:          992M       920M        71M         0B        84K       1.3M
-/+ buffers/cache:       919M        73M
Swap:         8.0G       326M       7.7G

             total       used       free     shared    buffers     cached
Mem:          992M       922M        69M         0B        84K       1.3M
-/+ buffers/cache:       921M        70M
Swap:         8.0G       327M       7.7G

             total       used       free     shared    buffers     cached
Mem:          992M       920M        72M         0B        84K       1.3M
-/+ buffers/cache:       918M        73M
Swap:         8.0G       335M       7.7G

             total       used       free     shared    buffers     cached
Mem:          992M       927M        64M         0B        92K       1.3M
-/+ buffers/cache:       926M        65M
Swap:         8.0G       336M       7.7G

             total       used       free     shared    buffers     cached
Mem:          992M       920M        72M         0B        92K       1.3M
-/+ buffers/cache:       918M        73M
Swap:         8.0G       343M       7.7G

             total       used       free     shared    buffers     cached
Mem:          992M       926M        65M         0B        92K       1.7M
-/+ buffers/cache:       924M        67M
Swap:         8.0G       335M       7.7G

             total       used       free     shared    buffers     cached
Mem:          992M       930M        62M         0B        76K        22M
-/+ buffers/cache:       907M        84M
Swap:         8.0G       365M       7.6G

             total       used       free     shared    buffers     cached
Mem:          992M       909M        82M         0B       552K        20M
-/+ buffers/cache:       889M       103M
Swap:         8.0G       392M       7.6G

             total       used       free     shared    buffers     cached
Mem:          992M       913M        78M         0B       564K        20M
-/+ buffers/cache:       892M        99M
Swap:         8.0G       392M       7.6G

             total       used       free     shared    buffers     cached
Mem:          992M       919M        72M         0B       568K        20M
-/+ buffers/cache:       898M        94M
Swap:         8.0G       392M       7.6G

             total       used       free     shared    buffers     cached
Mem:          992M       924M        67M         0B       568K        20M
-/+ buffers/cache:       902M        89M
Swap:         8.0G       392M       7.6G

             total       used       free     shared    buffers     cached
Mem:          992M       930M        61M         0B       568K        20M
-/+ buffers/cache:       908M        83M
Swap:         8.0G       392M       7.6G

             total       used       free     shared    buffers     cached
Mem:          992M       922M        69M         0B       568K        20M
-/+ buffers/cache:       901M        90M
Swap:         8.0G       396M       7.6G

             total       used       free     shared    buffers     cached
Mem:          992M       927M        65M         0B       568K        20M
-/+ buffers/cache:       906M        86M
Swap:         8.0G       396M       7.6G

             total       used       free     shared    buffers     cached
Mem:          992M       918M        73M         0B       568K        17M
-/+ buffers/cache:       899M        92M
Swap:         8.0G       407M       7.6G

             total       used       free     shared    buffers     cached
Mem:          992M       922M        70M         0B       568K        17M
-/+ buffers/cache:       903M        88M
Swap:         8.0G       407M       7.6G

             total       used       free     shared    buffers     cached
Mem:          992M       924M        67M         0B       568K        17M
-/+ buffers/cache:       905M        86M
Swap:         8.0G       406M       7.6G

             total       used       free     shared    buffers     cached
Mem:          992M       926M        66M         0B       568K        17M
-/+ buffers/cache:       907M        84M
Swap:         8.0G       405M       7.6G

             total       used       free     shared    buffers     cached
Mem:          992M       928M        63M         0B       568K        17M
-/+ buffers/cache:       909M        82M
Swap:         8.0G       404M       7.6G

             total       used       free     shared    buffers     cached
Mem:          992M       930M        61M         0B       576K        17M
-/+ buffers/cache:       912M        79M
Swap:         8.0G       403M       7.6G

             total       used       free     shared    buffers     cached
Mem:          992M       909M        82M         0B       532K        11M
-/+ buffers/cache:       897M        94M
Swap:         8.0G       423M       7.6G

             total       used       free     shared    buffers     cached
Mem:          992M       911M        80M         0B       532K        11M
-/+ buffers/cache:       899M        92M
Swap:         8.0G       422M       7.6G

             total       used       free     shared    buffers     cached
Mem:          992M       913M        78M         0B       532K        11M
-/+ buffers/cache:       901M        90M
Swap:         8.0G       421M       7.6G

             total       used       free     shared    buffers     cached
Mem:          992M       915M        76M         0B       532K        11M
-/+ buffers/cache:       903M        88M
Swap:         8.0G       421M       7.6G

             total       used       free     shared    buffers     cached
Mem:          992M       917M        74M         0B       540K        11M
-/+ buffers/cache:       905M        87M
Swap:         8.0G       420M       7.6G

             total       used       free     shared    buffers     cached
Mem:          992M       919M        72M         0B       540K        11M
-/+ buffers/cache:       907M        84M
Swap:         8.0G       419M       7.6G

             total       used       free     shared    buffers     cached
Mem:          992M       921M        70M         0B       540K        11M
-/+ buffers/cache:       909M        82M
Swap:         8.0G       418M       7.6G

             total       used       free     shared    buffers     cached
Mem:          992M       923M        68M         0B       540K        11M
-/+ buffers/cache:       911M        80M
Swap:         8.0G       417M       7.6G

             total       used       free     shared    buffers     cached
Mem:          992M       925M        66M         0B       540K        11M
-/+ buffers/cache:       913M        78M
Swap:         8.0G       416M       7.6G

             total       used       free     shared    buffers     cached
Mem:          992M       927M        64M         0B       540K        11M
-/+ buffers/cache:       915M        76M
Swap:         8.0G       415M       7.6G

             total       used       free     shared    buffers     cached
Mem:          992M       930M        62M         0B       548K        11M
-/+ buffers/cache:       917M        74M
Swap:         8.0G       414M       7.6G

             total       used       free     shared    buffers     cached
Mem:          992M       920M        71M         0B       548K       9.0M
-/+ buffers/cache:       910M        81M
Swap:         8.0G       413M       7.6G

             total       used       free     shared    buffers     cached
Mem:          992M       922M        69M         0B       548K       9.1M
-/+ buffers/cache:       912M        79M
Swap:         8.0G       412M       7.6G

             total       used       free     shared    buffers     cached
Mem:          992M       924M        67M         0B       548K       9.0M
-/+ buffers/cache:       914M        77M
Swap:         8.0G       411M       7.6G

             total       used       free     shared    buffers     cached
Mem:          992M       926M        65M         0B       548K       9.1M
-/+ buffers/cache:       917M        75M
Swap:         8.0G       410M       7.6G

             total       used       free     shared    buffers     cached
Mem:          992M       928M        63M         0B       556K       9.0M
-/+ buffers/cache:       919M        72M
Swap:         8.0G       409M       7.6G

             total       used       free     shared    buffers     cached
Mem:          992M       931M        61M         0B       556K       9.1M
-/+ buffers/cache:       921M        70M
Swap:         8.0G       408M       7.6G

             total       used       free     shared    buffers     cached
Mem:          992M       920M        71M         0B        96K       4.2M
-/+ buffers/cache:       916M        75M
Swap:         8.0G       419M       7.6G

             total       used       free     shared    buffers     cached
Mem:          992M       922M        69M         0B        96K       4.2M
-/+ buffers/cache:       918M        73M
Swap:         8.0G       418M       7.6G

             total       used       free     shared    buffers     cached
Mem:          992M       925M        67M         0B        96K       4.2M
-/+ buffers/cache:       920M        71M
Swap:         8.0G       417M       7.6G

             total       used       free     shared    buffers     cached
Mem:          992M       927M        65M         0B       108K       4.2M
-/+ buffers/cache:       922M        69M
Swap:         8.0G       416M       7.6G

             total       used       free     shared    buffers     cached
Mem:          992M       929M        63M         0B       108K       4.2M
-/+ buffers/cache:       924M        67M
Swap:         8.0G       415M       7.6G

             total       used       free     shared    buffers     cached
Mem:          992M       931M        61M         0B       108K       4.2M
-/+ buffers/cache:       926M        65M
Swap:         8.0G       414M       7.6G

             total       used       free     shared    buffers     cached
Mem:          992M       913M        78M         0B       232K       2.1M
-/+ buffers/cache:       911M        80M
Swap:         8.0G       433M       7.6G

             total       used       free     shared    buffers     cached
Mem:          992M       915M        76M         0B       232K       2.0M
-/+ buffers/cache:       913M        78M
Swap:         8.0G       432M       7.6G

             total       used       free     shared    buffers     cached
Mem:          992M       917M        74M         0B       232K       2.0M
-/+ buffers/cache:       915M        77M
Swap:         8.0G       431M       7.6G

             total       used       free     shared    buffers     cached
Mem:          992M       919M        72M         0B       240K       2.0M
-/+ buffers/cache:       917M        74M
Swap:         8.0G       430M       7.6G

             total       used       free     shared    buffers     cached
Mem:          992M       921M        70M         0B       240K       2.0M
-/+ buffers/cache:       919M        72M
Swap:         8.0G       429M       7.6G

             total       used       free     shared    buffers     cached
Mem:          992M       923M        68M         0B       240K       2.1M
-/+ buffers/cache:       921M        70M
Swap:         8.0G       428M       7.6G

             total       used       free     shared    buffers     cached
Mem:          992M       925M        66M         0B       248K       2.1M
-/+ buffers/cache:       923M        68M
Swap:         8.0G       427M       7.6G

             total       used       free     shared    buffers     cached
Mem:          992M       927M        64M         0B       248K       2.1M
-/+ buffers/cache:       925M        67M
Swap:         8.0G       426M       7.6G

             total       used       free     shared    buffers     cached
Mem:          992M       929M        62M         0B       256K       2.1M
-/+ buffers/cache:       927M        65M
Swap:         8.0G       425M       7.6G

             total       used       free     shared    buffers     cached
Mem:          992M       931M        60M         0B       256K       2.0M
-/+ buffers/cache:       928M        63M
Swap:         8.0G       424M       7.6G

             total       used       free     shared    buffers     cached
Mem:          992M       915M        76M         0B       256K       1.9M
-/+ buffers/cache:       913M        78M
Swap:         8.0G       437M       7.6G

             total       used       free     shared    buffers     cached
Mem:          992M       916M        75M         0B       256K       2.0M
-/+ buffers/cache:       914M        77M
Swap:         8.0G       437M       7.6G

             total       used       free     shared    buffers     cached
Mem:          992M       918M        74M         0B       256K       2.0M
-/+ buffers/cache:       915M        76M
Swap:         8.0G       436M       7.6G

             total       used       free     shared    buffers     cached
Mem:          992M       919M        72M         0B       264K       2.0M
-/+ buffers/cache:       917M        74M
Swap:         8.0G       436M       7.6G

             total       used       free     shared    buffers     cached
Mem:          992M       920M        71M         0B       264K       2.0M
-/+ buffers/cache:       918M        73M
Swap:         8.0G       435M       7.6G

             total       used       free     shared    buffers     cached
Mem:          992M       927M        65M         0B       684K       5.0M
-/+ buffers/cache:       921M        70M
Swap:         8.0G       434M       7.6G

             total       used       free     shared    buffers     cached
Mem:          992M       909M        82M         0B       240K        28M
-/+ buffers/cache:       880M       111M
Swap:         8.0G       475M       7.5G

             total       used       free     shared    buffers     cached
Mem:          992M       911M        80M        16K       244K        29M
-/+ buffers/cache:       881M       110M
Swap:         8.0G       476M       7.5G

             total       used       free     shared    buffers     cached
Mem:          992M       913M        78M        16K       244K        29M
-/+ buffers/cache:       883M       108M
Swap:         8.0G       475M       7.5G

             total       used       free     shared    buffers     cached
Mem:          992M       914M        78M        16K       252K        29M
-/+ buffers/cache:       884M       108M
Swap:         8.0G       475M       7.5G

             total       used       free     shared    buffers     cached
Mem:          992M       915M        76M        16K       252K        29M
-/+ buffers/cache:       885M       107M
Swap:         8.0G       474M       7.5G

             total       used       free     shared    buffers     cached
Mem:          992M       916M        75M        16K       252K        29M
-/+ buffers/cache:       886M       105M
Swap:         8.0G       474M       7.5G

             total       used       free     shared    buffers     cached
Mem:          992M       918M        74M        16K       252K        29M
-/+ buffers/cache:       887M       104M
Swap:         8.0G       473M       7.5G

             total       used       free     shared    buffers     cached
Mem:          992M       923M        68M        16K       252K        34M
-/+ buffers/cache:       889M       102M
Swap:         8.0G       473M       7.5G

             total       used       free     shared    buffers     cached
Mem:          992M       925M        66M        16K       708K        34M
-/+ buffers/cache:       890M       101M
Swap:         8.0G       472M       7.5G

             total       used       free     shared    buffers     cached
Mem:          992M       928M        64M        16K       708K        35M
-/+ buffers/cache:       892M        99M
Swap:         8.0G       471M       7.5G

             total       used       free     shared    buffers     cached
Mem:          992M       929M        62M        16K       708K        35M
-/+ buffers/cache:       893M        98M
Swap:         8.0G       471M       7.5G

             total       used       free     shared    buffers     cached
Mem:          992M       931M        60M        16K       708K        35M
-/+ buffers/cache:       895M        96M
Swap:         8.0G       470M       7.5G

             total       used       free     shared    buffers     cached
Mem:          992M       910M        82M        16K       540K        33M
-/+ buffers/cache:       876M       115M
Swap:         8.0G       488M       7.5G

             total       used       free     shared    buffers     cached
Mem:          992M       911M        80M        16K       540K        32M
-/+ buffers/cache:       878M       114M
Swap:         8.0G       488M       7.5G

             total       used       free     shared    buffers     cached
Mem:          992M       912M        79M        16K       548K        33M
-/+ buffers/cache:       879M       112M
Swap:         8.0G       487M       7.5G

             total       used       free     shared    buffers     cached
Mem:          992M       914M        77M        16K       548K        32M
-/+ buffers/cache:       880M       111M
Swap:         8.0G       487M       7.5G

             total       used       free     shared    buffers     cached
Mem:          992M       915M        76M        16K       548K        33M
-/+ buffers/cache:       882M       109M
Swap:         8.0G       486M       7.5G

             total       used       free     shared    buffers     cached
Mem:          992M       917M        75M        16K       548K        33M
-/+ buffers/cache:       883M       108M
Swap:         8.0G       486M       7.5G

             total       used       free     shared    buffers     cached
Mem:          992M       918M        73M        16K       548K        32M
-/+ buffers/cache:       885M       107M
Swap:         8.0G       485M       7.5G

             total       used       free     shared    buffers     cached
Mem:          992M       920M        71M        16K       556K        33M
-/+ buffers/cache:       886M       105M
Swap:         8.0G       484M       7.5G

             total       used       free     shared    buffers     cached
Mem:          992M       921M        70M        16K       556K        33M
-/+ buffers/cache:       887M       104M
Swap:         8.0G       484M       7.5G

             total       used       free     shared    buffers     cached
Mem:          992M       923M        68M        16K       556K        33M
-/+ buffers/cache:       889M       102M
Swap:         8.0G       483M       7.5G

             total       used       free     shared    buffers     cached
Mem:          992M       924M        67M        16K       556K        33M
-/+ buffers/cache:       890M       101M
Swap:         8.0G       483M       7.5G

             total       used       free     shared    buffers     cached
Mem:          992M       926M        65M        16K       556K        33M
-/+ buffers/cache:       892M        99M
Swap:         8.0G       482M       7.5G

             total       used       free     shared    buffers     cached
Mem:          992M       927M        64M        16K       556K        33M
-/+ buffers/cache:       893M        98M
Swap:         8.0G       481M       7.5G

             total       used       free     shared    buffers     cached
Mem:          992M       928M        63M        16K       568K        33M
-/+ buffers/cache:       895M        97M
Swap:         8.0G       480M       7.5G

             total       used       free     shared    buffers     cached
Mem:          992M       930M        61M        16K       568K        33M
-/+ buffers/cache:       896M        95M
Swap:         8.0G       480M       7.5G

             total       used       free     shared    buffers     cached
Mem:          992M       916M        75M        16K       548K        32M
-/+ buffers/cache:       883M       108M
Swap:         8.0G       492M       7.5G

             total       used       free     shared    buffers     cached
Mem:          992M       917M        74M        16K       548K        32M
-/+ buffers/cache:       884M       107M
Swap:         8.0G       491M       7.5G

             total       used       free     shared    buffers     cached
Mem:          992M       918M        73M        16K       548K        32M
-/+ buffers/cache:       885M       106M
Swap:         8.0G       490M       7.5G

             total       used       free     shared    buffers     cached
Mem:          992M       920M        71M        16K       556K        32M
-/+ buffers/cache:       887M       105M
Swap:         8.0G       490M       7.5G

             total       used       free     shared    buffers     cached
Mem:          992M       921M        70M        16K       556K        32M
-/+ buffers/cache:       888M       103M
Swap:         8.0G       489M       7.5G

             total       used       free     shared    buffers     cached
Mem:          992M       923M        68M        16K       556K        32M
-/+ buffers/cache:       890M       102M
Swap:         8.0G       488M       7.5G

             total       used       free     shared    buffers     cached
Mem:          992M       924M        67M        16K       556K        32M
-/+ buffers/cache:       891M       100M
Swap:         8.0G       488M       7.5G

             total       used       free     shared    buffers     cached
Mem:          992M       925M        66M        16K       556K        32M
-/+ buffers/cache:       892M        99M
Swap:         8.0G       487M       7.5G

             total       used       free     shared    buffers     cached
Mem:          992M       927M        65M        16K       556K        32M
-/+ buffers/cache:       893M        98M
Swap:         8.0G       486M       7.5G

             total       used       free     shared    buffers     cached
Mem:          992M       928M        63M        16K       564K        32M
-/+ buffers/cache:       895M        96M
Swap:         8.0G       486M       7.5G

             total       used       free     shared    buffers     cached
Mem:          992M       930M        61M        16K       564K        32M
-/+ buffers/cache:       897M        94M
Swap:         8.0G       485M       7.5G

             total       used       free     shared    buffers     cached
Mem:          992M       910M        81M        16K       564K        30M
-/+ buffers/cache:       879M       112M
Swap:         8.0G       505M       7.5G

             total       used       free     shared    buffers     cached
Mem:          992M       911M        80M        16K       564K        30M
-/+ buffers/cache:       880M       111M
Swap:         8.0G       505M       7.5G

             total       used       free     shared    buffers     cached
Mem:          992M       913M        78M        16K       564K        30M
-/+ buffers/cache:       882M       109M
Swap:         8.0G       504M       7.5G

             total       used       free     shared    buffers     cached
Mem:          992M       914M        77M        16K       572K        30M
-/+ buffers/cache:       883M       108M
Swap:         8.0G       503M       7.5G

             total       used       free     shared    buffers     cached
Mem:          992M       915M        76M        16K       572K        30M
-/+ buffers/cache:       884M       107M
Swap:         8.0G       503M       7.5G

             total       used       free     shared    buffers     cached
Mem:          992M       917M        74M        16K       572K        30M
-/+ buffers/cache:       886M       105M
Swap:         8.0G       502M       7.5G

             total       used       free     shared    buffers     cached
Mem:          992M       918M        73M        16K       572K        30M
-/+ buffers/cache:       887M       104M
Swap:         8.0G       501M       7.5G

             total       used       free     shared    buffers     cached
Mem:          992M       920M        71M        16K       572K        30M
-/+ buffers/cache:       889M       102M
Swap:         8.0G       500M       7.5G

             total       used       free     shared    buffers     cached
Mem:          992M       921M        70M        16K       572K        30M
-/+ buffers/cache:       890M       101M
Swap:         8.0G       500M       7.5G

             total       used       free     shared    buffers     cached
Mem:          992M       923M        68M        16K       580K        30M
-/+ buffers/cache:       892M        99M
Swap:         8.0G       499M       7.5G

             total       used       free     shared    buffers     cached
Mem:          992M       925M        67M        16K       580K        30M
-/+ buffers/cache:       894M        98M
Swap:         8.0G       498M       7.5G

             total       used       free     shared    buffers     cached
Mem:          992M       926M        65M        16K       580K        30M
-/+ buffers/cache:       895M        96M
Swap:         8.0G       497M       7.5G

             total       used       free     shared    buffers     cached
Mem:          992M       927M        64M        16K       580K        30M
-/+ buffers/cache:       896M        95M
Swap:         8.0G       497M       7.5G

             total       used       free     shared    buffers     cached
Mem:          992M       929M        62M        16K       580K        30M
-/+ buffers/cache:       898M        93M
Swap:         8.0G       496M       7.5G

             total       used       free     shared    buffers     cached
Mem:          992M       930M        61M        16K       588K        30M
-/+ buffers/cache:       900M        92M
Swap:         8.0G       495M       7.5G

             total       used       free     shared    buffers     cached
Mem:          992M       915M        76M        16K       588K        29M
-/+ buffers/cache:       885M       106M
Swap:         8.0G       503M       7.5G

             total       used       free     shared    buffers     cached
Mem:          992M       917M        74M        16K       588K        29M
-/+ buffers/cache:       887M       104M
Swap:         8.0G       502M       7.5G

             total       used       free     shared    buffers     cached
Mem:          992M       919M        72M        16K       588K        29M
-/+ buffers/cache:       889M       103M
Swap:         8.0G       501M       7.5G

             total       used       free     shared    buffers     cached
Mem:          992M       920M        71M        16K       588K        29M
-/+ buffers/cache:       890M       101M
Swap:         8.0G       501M       7.5G

             total       used       free     shared    buffers     cached
Mem:          992M       922M        69M        16K       588K        29M
-/+ buffers/cache:       892M        99M
Swap:         8.0G       500M       7.5G

             total       used       free     shared    buffers     cached
Mem:          992M       923M        68M        16K       596K        29M
-/+ buffers/cache:       893M        98M
Swap:         8.0G       499M       7.5G

             total       used       free     shared    buffers     cached
Mem:          992M       925M        66M        16K       596K        29M
-/+ buffers/cache:       895M        97M
Swap:         8.0G       498M       7.5G

             total       used       free     shared    buffers     cached
Mem:          992M       926M        65M        16K       596K        29M
-/+ buffers/cache:       896M        95M
Swap:         8.0G       497M       7.5G

             total       used       free     shared    buffers     cached
Mem:          992M       928M        63M        16K       596K        29M
-/+ buffers/cache:       898M        93M
Swap:         8.0G       496M       7.5G

             total       used       free     shared    buffers     cached
Mem:          992M       930M        62M        16K       596K        29M
-/+ buffers/cache:       899M        92M
Swap:         8.0G       496M       7.5G

             total       used       free     shared    buffers     cached
Mem:          992M       919M        72M        16K       604K        29M
-/+ buffers/cache:       889M       102M
Swap:         8.0G       504M       7.5G

             total       used       free     shared    buffers     cached
Mem:          992M       920M        71M        16K       604K        29M
-/+ buffers/cache:       890M       101M
Swap:         8.0G       503M       7.5G

             total       used       free     shared    buffers     cached
Mem:          992M       923M        68M        20K       740K        30M
-/+ buffers/cache:       892M        99M
Swap:         8.0G       502M       7.5G

             total       used       free     shared    buffers     cached
Mem:          992M       924M        67M        20K       740K        30M
-/+ buffers/cache:       893M        98M
Swap:         8.0G       501M       7.5G

             total       used       free     shared    buffers     cached
Mem:          992M       927M        64M        20K       740K        30M
-/+ buffers/cache:       895M        96M
Swap:         8.0G       500M       7.5G

             total       used       free     shared    buffers     cached
Mem:          992M       929M        63M        20K       740K        30M
-/+ buffers/cache:       897M        94M
Swap:         8.0G       499M       7.5G

             total       used       free     shared    buffers     cached
Mem:          992M       911M        80M        20K       732K        28M
-/+ buffers/cache:       882M       109M
Swap:         8.0G       518M       7.5G

             total       used       free     shared    buffers     cached
Mem:          992M       913M        79M        20K       732K        28M
-/+ buffers/cache:       883M       108M
Swap:         8.0G       517M       7.5G

             total       used       free     shared    buffers     cached
Mem:          992M       914M        77M        20K       732K        28M
-/+ buffers/cache:       885M       107M
Swap:         8.0G       517M       7.5G

             total       used       free     shared    buffers     cached
Mem:          992M       922M        69M        20K       732K        31M
-/+ buffers/cache:       890M       101M
Swap:         8.0G       514M       7.5G

             total       used       free     shared    buffers     cached
Mem:          992M       923M        68M        20K       732K        31M
-/+ buffers/cache:       891M       100M
Swap:         8.0G       513M       7.5G

             total       used       free     shared    buffers     cached
Mem:          992M       924M        67M        20K       740K        31M
-/+ buffers/cache:       892M        99M
Swap:         8.0G       513M       7.5G

             total       used       free     shared    buffers     cached
Mem:          992M       925M        66M        20K       740K        31M
-/+ buffers/cache:       893M        98M
Swap:         8.0G       513M       7.5G

             total       used       free     shared    buffers     cached
Mem:          992M       926M        65M        20K       740K        31M
-/+ buffers/cache:       894M        98M
Swap:         8.0G       512M       7.5G

             total       used       free     shared    buffers     cached
Mem:          992M       927M        64M        20K       740K        31M
-/+ buffers/cache:       894M        97M
Swap:         8.0G       512M       7.5G

             total       used       free     shared    buffers     cached
Mem:          992M       928M        64M        20K       740K        31M
-/+ buffers/cache:       895M        96M
Swap:         8.0G       511M       7.5G

             total       used       free     shared    buffers     cached
Mem:          992M       929M        63M        20K       740K        31M
-/+ buffers/cache:       896M        95M
Swap:         8.0G       511M       7.5G

             total       used       free     shared    buffers     cached
Mem:          992M       929M        62M        20K       748K        31M
-/+ buffers/cache:       897M        94M
Swap:         8.0G       510M       7.5G

             total       used       free     shared    buffers     cached
Mem:          992M       930M        61M        20K       748K        31M
-/+ buffers/cache:       898M        93M
Swap:         8.0G       510M       7.5G

             total       used       free     shared    buffers     cached
Mem:          992M       918M        73M        20K       272K        27M
-/+ buffers/cache:       891M       101M
Swap:         8.0G       518M       7.5G

             total       used       free     shared    buffers     cached
Mem:          992M       927M        65M       200K       836K        39M
-/+ buffers/cache:       886M       105M
Swap:         8.0G       517M       7.5G

             total       used       free     shared    buffers     cached
Mem:          992M       931M        61M       3.9M       5.0M        55M
-/+ buffers/cache:       871M       121M
Swap:         8.0G       548M       7.5G

             total       used       free     shared    buffers     cached
Mem:          992M       919M        72M       3.9M       5.0M        66M
-/+ buffers/cache:       848M       144M
Swap:         8.0G       567M       7.4G

             total       used       free     shared    buffers     cached
Mem:          992M       930M        61M       252K       5.3M        66M
-/+ buffers/cache:       859M       133M
Swap:         8.0G       563M       7.4G

             total       used       free     shared    buffers     cached
Mem:          992M       912M        80M       224K       4.1M        61M
-/+ buffers/cache:       846M       145M
Swap:         8.0G       575M       7.4G

             total       used       free     shared    buffers     cached
Mem:          992M       913M        78M       224K       4.1M        61M
-/+ buffers/cache:       847M       144M
Swap:         8.0G       574M       7.4G

             total       used       free     shared    buffers     cached
Mem:          992M       914M        77M       224K       4.1M        61M
-/+ buffers/cache:       849M       142M
Swap:         8.0G       573M       7.4G

             total       used       free     shared    buffers     cached
Mem:          992M       917M        74M       224K       4.2M        62M
-/+ buffers/cache:       851M       141M
Swap:         8.0G       573M       7.4G

             total       used       free     shared    buffers     cached
Mem:          992M       918M        73M       224K       4.2M        62M
-/+ buffers/cache:       852M       139M
Swap:         8.0G       572M       7.4G

             total       used       free     shared    buffers     cached
Mem:          992M       920M        71M       224K       4.2M        62M
-/+ buffers/cache:       853M       138M
Swap:         8.0G       571M       7.4G

             total       used       free     shared    buffers     cached
Mem:          992M       922M        70M       224K       4.2M        62M
-/+ buffers/cache:       855M       136M
Swap:         8.0G       570M       7.4G

             total       used       free     shared    buffers     cached
Mem:          992M       923M        68M       224K       4.2M        62M
-/+ buffers/cache:       857M       135M
Swap:         8.0G       570M       7.4G

             total       used       free     shared    buffers     cached
Mem:          992M       924M        67M       224K       4.2M        62M
-/+ buffers/cache:       858M       133M
Swap:         8.0G       569M       7.4G

             total       used       free     shared    buffers     cached
Mem:          992M       926M        65M       224K       4.2M        62M
-/+ buffers/cache:       859M       132M
Swap:         8.0G       568M       7.4G

             total       used       free     shared    buffers     cached
Mem:          992M       928M        64M       224K       4.2M        62M
-/+ buffers/cache:       861M       130M
Swap:         8.0G       567M       7.4G

             total       used       free     shared    buffers     cached
Mem:          992M       929M        62M       224K       4.2M        62M
-/+ buffers/cache:       862M       129M
Swap:         8.0G       567M       7.4G

             total       used       free     shared    buffers     cached
Mem:          992M       931M        61M       224K       4.2M        62M
-/+ buffers/cache:       864M       127M
Swap:         8.0G       566M       7.4G

             total       used       free     shared    buffers     cached
Mem:          992M       918M        73M       224K       4.2M        60M
-/+ buffers/cache:       854M       137M
Swap:         8.0G       577M       7.4G

             total       used       free     shared    buffers     cached
Mem:          992M       920M        72M       224K       4.2M        60M
-/+ buffers/cache:       855M       136M
Swap:         8.0G       577M       7.4G

             total       used       free     shared    buffers     cached
Mem:          992M       921M        70M       224K       4.2M        60M
-/+ buffers/cache:       857M       134M
Swap:         8.0G       576M       7.4G

             total       used       free     shared    buffers     cached
Mem:          992M       922M        69M       224K       4.2M        60M
-/+ buffers/cache:       858M       133M
Swap:         8.0G       575M       7.4G

             total       used       free     shared    buffers     cached
Mem:          992M       924M        67M       224K       4.2M        60M
-/+ buffers/cache:       860M       132M
Swap:         8.0G       574M       7.4G

             total       used       free     shared    buffers     cached
Mem:          992M       925M        66M       224K       4.2M        60M
-/+ buffers/cache:       861M       130M
Swap:         8.0G       574M       7.4G

             total       used       free     shared    buffers     cached
Mem:          992M       927M        64M       224K       4.2M        60M
-/+ buffers/cache:       863M       129M
Swap:         8.0G       573M       7.4G

             total       used       free     shared    buffers     cached
Mem:          992M       928M        63M       224K       4.2M        60M
-/+ buffers/cache:       864M       127M
Swap:         8.0G       572M       7.4G

             total       used       free     shared    buffers     cached
Mem:          992M       930M        61M       224K       4.2M        60M
-/+ buffers/cache:       865M       126M
Swap:         8.0G       571M       7.4G

             total       used       free     shared    buffers     cached
Mem:          992M       915M        76M       224K       4.2M        59M
-/+ buffers/cache:       852M       140M
Swap:         8.0G       581M       7.4G

             total       used       free     shared    buffers     cached
Mem:          992M       916M        75M       224K       4.2M        59M
-/+ buffers/cache:       853M       139M
Swap:         8.0G       580M       7.4G

             total       used       free     shared    buffers     cached
Mem:          992M       918M        73M       224K       4.2M        59M
-/+ buffers/cache:       854M       137M
Swap:         8.0G       579M       7.4G

             total       used       free     shared    buffers     cached
Mem:          992M       919M        72M       224K       4.2M        59M
-/+ buffers/cache:       856M       136M
Swap:         8.0G       578M       7.4G

             total       used       free     shared    buffers     cached
Mem:          992M       921M        70M       224K       4.2M        59M
-/+ buffers/cache:       857M       134M
Swap:         8.0G       577M       7.4G

             total       used       free     shared    buffers     cached
Mem:          992M       922M        69M       224K       4.2M        59M
-/+ buffers/cache:       859M       133M
Swap:         8.0G       577M       7.4G

             total       used       free     shared    buffers     cached
Mem:          992M       924M        67M       224K       4.2M        59M
-/+ buffers/cache:       860M       131M
Swap:         8.0G       576M       7.4G

             total       used       free     shared    buffers     cached
Mem:          992M       925M        66M       224K       4.2M        59M
-/+ buffers/cache:       862M       130M
Swap:         8.0G       575M       7.4G

             total       used       free     shared    buffers     cached
Mem:          992M       911M        81M       224K       5.3M        61M
-/+ buffers/cache:       844M       148M
Swap:         8.0G       594M       7.4G

             total       used       free     shared    buffers     cached
Mem:          992M       920M        71M       304K       9.5M        73M
-/+ buffers/cache:       837M       155M
Swap:         8.0G       591M       7.4G
