             total       used       free     shared    buffers     cached
Mem:          3.9G       668M       3.2G       3.2M        38M       289M
-/+ buffers/cache:       340M       3.5G
Swap:         8.0G         0B       8.0G

             total       used       free     shared    buffers     cached
Mem:          3.9G       667M       3.2G       1.4M        38M       288M
-/+ buffers/cache:       340M       3.5G
Swap:         8.0G         0B       8.0G

             total       used       free     shared    buffers     cached
Mem:          3.9G       667M       3.2G       1.5M        38M       288M
-/+ buffers/cache:       340M       3.5G
Swap:         8.0G         0B       8.0G

             total       used       free     shared    buffers     cached
Mem:          3.9G       667M       3.2G       1.5M        38M       288M
-/+ buffers/cache:       340M       3.5G
Swap:         8.0G         0B       8.0G

             total       used       free     shared    buffers     cached
Mem:          3.9G       667M       3.2G       1.5M        38M       288M
-/+ buffers/cache:       340M       3.5G
Swap:         8.0G         0B       8.0G

             total       used       free     shared    buffers     cached
Mem:          3.9G       667M       3.2G       1.5M        38M       288M
-/+ buffers/cache:       340M       3.5G
Swap:         8.0G         0B       8.0G

             total       used       free     shared    buffers     cached
Mem:          3.9G       667M       3.2G       1.5M        38M       288M
-/+ buffers/cache:       340M       3.5G
Swap:         8.0G         0B       8.0G

             total       used       free     shared    buffers     cached
Mem:          3.9G       666M       3.2G       1.5M        38M       288M
-/+ buffers/cache:       339M       3.5G
Swap:         8.0G         0B       8.0G

             total       used       free     shared    buffers     cached
Mem:          3.9G       669M       3.2G       1.5M        38M       288M
-/+ buffers/cache:       342M       3.5G
Swap:         8.0G         0B       8.0G

             total       used       free     shared    buffers     cached
Mem:          3.9G       686M       3.2G       1.5M        38M       288M
-/+ buffers/cache:       359M       3.5G
Swap:         8.0G         0B       8.0G

             total       used       free     shared    buffers     cached
Mem:          3.9G       694M       3.2G       1.5M        38M       288M
-/+ buffers/cache:       368M       3.5G
Swap:         8.0G         0B       8.0G

             total       used       free     shared    buffers     cached
Mem:          3.9G       675M       3.2G       1.5M        38M       289M
-/+ buffers/cache:       347M       3.5G
Swap:         8.0G         0B       8.0G

             total       used       free     shared    buffers     cached
Mem:          3.9G       676M       3.2G       1.5M        38M       289M
-/+ buffers/cache:       348M       3.5G
Swap:         8.0G         0B       8.0G

             total       used       free     shared    buffers     cached
Mem:          3.9G       676M       3.2G       1.5M        38M       289M
-/+ buffers/cache:       348M       3.5G
Swap:         8.0G         0B       8.0G

             total       used       free     shared    buffers     cached
Mem:          3.9G       676M       3.2G       1.5M        38M       289M
-/+ buffers/cache:       348M       3.5G
Swap:         8.0G         0B       8.0G

             total       used       free     shared    buffers     cached
Mem:          3.9G       676M       3.2G       1.5M        38M       289M
-/+ buffers/cache:       348M       3.5G
Swap:         8.0G         0B       8.0G

             total       used       free     shared    buffers     cached
Mem:          3.9G       676M       3.2G       1.5M        38M       289M
-/+ buffers/cache:       348M       3.5G
Swap:         8.0G         0B       8.0G

             total       used       free     shared    buffers     cached
Mem:          3.9G       676M       3.2G       1.5M        38M       289M
-/+ buffers/cache:       348M       3.5G
Swap:         8.0G         0B       8.0G

             total       used       free     shared    buffers     cached
Mem:          3.9G       676M       3.2G       1.5M        38M       289M
-/+ buffers/cache:       348M       3.5G
Swap:         8.0G         0B       8.0G

             total       used       free     shared    buffers     cached
Mem:          3.9G       676M       3.2G       1.5M        38M       289M
-/+ buffers/cache:       348M       3.5G
Swap:         8.0G         0B       8.0G

             total       used       free     shared    buffers     cached
Mem:          3.9G       676M       3.2G       1.5M        38M       289M
-/+ buffers/cache:       348M       3.5G
Swap:         8.0G         0B       8.0G

             total       used       free     shared    buffers     cached
Mem:          3.9G       676M       3.2G       1.5M        38M       289M
-/+ buffers/cache:       348M       3.5G
Swap:         8.0G         0B       8.0G

             total       used       free     shared    buffers     cached
Mem:          3.9G       676M       3.2G       1.5M        38M       289M
-/+ buffers/cache:       348M       3.5G
Swap:         8.0G         0B       8.0G

             total       used       free     shared    buffers     cached
Mem:          3.9G       676M       3.2G       1.5M        38M       289M
-/+ buffers/cache:       348M       3.5G
Swap:         8.0G         0B       8.0G

             total       used       free     shared    buffers     cached
Mem:          3.9G       676M       3.2G       1.5M        38M       289M
-/+ buffers/cache:       348M       3.5G
Swap:         8.0G         0B       8.0G

             total       used       free     shared    buffers     cached
Mem:          3.9G       676M       3.2G       1.5M        38M       289M
-/+ buffers/cache:       348M       3.5G
Swap:         8.0G         0B       8.0G

             total       used       free     shared    buffers     cached
Mem:          3.9G       676M       3.2G       1.5M        38M       289M
-/+ buffers/cache:       348M       3.5G
Swap:         8.0G         0B       8.0G

             total       used       free     shared    buffers     cached
Mem:          3.9G       676M       3.2G       1.5M        38M       289M
-/+ buffers/cache:       348M       3.5G
Swap:         8.0G         0B       8.0G

             total       used       free     shared    buffers     cached
Mem:          3.9G       676M       3.2G       1.5M        38M       289M
-/+ buffers/cache:       348M       3.5G
Swap:         8.0G         0B       8.0G

             total       used       free     shared    buffers     cached
Mem:          3.9G       676M       3.2G       1.5M        38M       289M
-/+ buffers/cache:       348M       3.5G
Swap:         8.0G         0B       8.0G

             total       used       free     shared    buffers     cached
Mem:          3.9G       676M       3.2G       1.5M        38M       289M
-/+ buffers/cache:       348M       3.5G
Swap:         8.0G         0B       8.0G

             total       used       free     shared    buffers     cached
Mem:          3.9G       676M       3.2G       1.5M        38M       289M
-/+ buffers/cache:       348M       3.5G
Swap:         8.0G         0B       8.0G

             total       used       free     shared    buffers     cached
Mem:          3.9G       676M       3.2G       1.5M        38M       289M
-/+ buffers/cache:       348M       3.5G
Swap:         8.0G         0B       8.0G

             total       used       free     shared    buffers     cached
Mem:          3.9G       679M       3.2G       1.5M        38M       289M
-/+ buffers/cache:       350M       3.5G
Swap:         8.0G         0B       8.0G

             total       used       free     shared    buffers     cached
Mem:          3.9G       696M       3.2G       1.5M        38M       289M
-/+ buffers/cache:       367M       3.5G
Swap:         8.0G         0B       8.0G

             total       used       free     shared    buffers     cached
Mem:          3.9G       713M       3.2G       1.5M        38M       289M
-/+ buffers/cache:       384M       3.5G
Swap:         8.0G         0B       8.0G

             total       used       free     shared    buffers     cached
Mem:          3.9G       728M       3.1G       1.5M        38M       289M
-/+ buffers/cache:       400M       3.5G
Swap:         8.0G         0B       8.0G

             total       used       free     shared    buffers     cached
Mem:          3.9G       744M       3.1G       1.5M        38M       289M
-/+ buffers/cache:       415M       3.5G
Swap:         8.0G         0B       8.0G

             total       used       free     shared    buffers     cached
Mem:          3.9G       760M       3.1G       1.5M        38M       289M
-/+ buffers/cache:       431M       3.4G
Swap:         8.0G         0B       8.0G

             total       used       free     shared    buffers     cached
Mem:          3.9G       776M       3.1G       1.5M        38M       289M
-/+ buffers/cache:       447M       3.4G
Swap:         8.0G         0B       8.0G

             total       used       free     shared    buffers     cached
Mem:          3.9G       790M       3.1G       1.5M        38M       289M
-/+ buffers/cache:       461M       3.4G
Swap:         8.0G         0B       8.0G

             total       used       free     shared    buffers     cached
Mem:          3.9G       805M       3.1G       1.5M        38M       289M
-/+ buffers/cache:       476M       3.4G
Swap:         8.0G         0B       8.0G

             total       used       free     shared    buffers     cached
Mem:          3.9G       821M       3.1G       1.5M        38M       289M
-/+ buffers/cache:       492M       3.4G
Swap:         8.0G         0B       8.0G

             total       used       free     shared    buffers     cached
Mem:          3.9G       840M       3.0G       1.5M        38M       289M
-/+ buffers/cache:       512M       3.4G
Swap:         8.0G         0B       8.0G

             total       used       free     shared    buffers     cached
Mem:          3.9G       859M       3.0G       1.5M        38M       289M
-/+ buffers/cache:       530M       3.3G
Swap:         8.0G         0B       8.0G

             total       used       free     shared    buffers     cached
Mem:          3.9G       878M       3.0G       1.5M        38M       289M
-/+ buffers/cache:       549M       3.3G
Swap:         8.0G         0B       8.0G

             total       used       free     shared    buffers     cached
Mem:          3.9G       898M       3.0G       1.5M        38M       289M
-/+ buffers/cache:       569M       3.3G
Swap:         8.0G         0B       8.0G

             total       used       free     shared    buffers     cached
Mem:          3.9G       914M       3.0G       1.5M        38M       289M
-/+ buffers/cache:       585M       3.3G
Swap:         8.0G         0B       8.0G

             total       used       free     shared    buffers     cached
Mem:          3.9G       932M       2.9G       1.5M        38M       289M
-/+ buffers/cache:       603M       3.3G
Swap:         8.0G         0B       8.0G

             total       used       free     shared    buffers     cached
Mem:          3.9G       949M       2.9G       1.5M        38M       289M
-/+ buffers/cache:       620M       3.3G
Swap:         8.0G         0B       8.0G

             total       used       free     shared    buffers     cached
Mem:          3.9G       965M       2.9G       1.5M        38M       289M
-/+ buffers/cache:       636M       3.2G
Swap:         8.0G         0B       8.0G

             total       used       free     shared    buffers     cached
Mem:          3.9G       981M       2.9G       1.5M        38M       289M
-/+ buffers/cache:       652M       3.2G
Swap:         8.0G         0B       8.0G

             total       used       free     shared    buffers     cached
Mem:          3.9G       996M       2.9G       1.5M        38M       289M
-/+ buffers/cache:       667M       3.2G
Swap:         8.0G         0B       8.0G

             total       used       free     shared    buffers     cached
Mem:          3.9G       1.0G       2.9G       1.5M        38M       289M
-/+ buffers/cache:       683M       3.2G
Swap:         8.0G         0B       8.0G

             total       used       free     shared    buffers     cached
Mem:          3.9G       1.0G       2.9G       1.5M        38M       289M
-/+ buffers/cache:       702M       3.2G
Swap:         8.0G         0B       8.0G

             total       used       free     shared    buffers     cached
Mem:          3.9G       1.0G       2.8G       1.5M        38M       289M
-/+ buffers/cache:       719M       3.2G
Swap:         8.0G         0B       8.0G

             total       used       free     shared    buffers     cached
Mem:          3.9G       1.0G       2.8G       1.5M        38M       289M
-/+ buffers/cache:       737M       3.1G
Swap:         8.0G         0B       8.0G

             total       used       free     shared    buffers     cached
Mem:          3.9G       1.1G       2.8G       1.5M        38M       289M
-/+ buffers/cache:       756M       3.1G
Swap:         8.0G         0B       8.0G

             total       used       free     shared    buffers     cached
Mem:          3.9G       1.1G       2.8G       1.5M        38M       289M
-/+ buffers/cache:       772M       3.1G
Swap:         8.0G         0B       8.0G

             total       used       free     shared    buffers     cached
Mem:          3.9G       1.1G       2.8G       1.5M        38M       289M
-/+ buffers/cache:       787M       3.1G
Swap:         8.0G         0B       8.0G

             total       used       free     shared    buffers     cached
Mem:          3.9G       1.1G       2.8G       1.5M        38M       289M
-/+ buffers/cache:       798M       3.1G
Swap:         8.0G         0B       8.0G

             total       used       free     shared    buffers     cached
Mem:          3.9G       1.1G       2.7G       1.5M        38M       289M
-/+ buffers/cache:       811M       3.1G
Swap:         8.0G         0B       8.0G

             total       used       free     shared    buffers     cached
Mem:          3.9G       1.1G       2.7G       1.5M        38M       289M
-/+ buffers/cache:       828M       3.1G
Swap:         8.0G         0B       8.0G

             total       used       free     shared    buffers     cached
Mem:          3.9G       1.1G       2.7G       1.5M        38M       289M
-/+ buffers/cache:       844M       3.0G
Swap:         8.0G         0B       8.0G

             total       used       free     shared    buffers     cached
Mem:          3.9G       1.2G       2.7G       1.5M        38M       289M
-/+ buffers/cache:       861M       3.0G
Swap:         8.0G         0B       8.0G

             total       used       free     shared    buffers     cached
Mem:          3.9G       1.2G       2.7G       1.5M        38M       289M
-/+ buffers/cache:       880M       3.0G
Swap:         8.0G         0B       8.0G

             total       used       free     shared    buffers     cached
Mem:          3.9G       1.2G       2.7G       1.5M        38M       289M
-/+ buffers/cache:       898M       3.0G
Swap:         8.0G         0B       8.0G

             total       used       free     shared    buffers     cached
Mem:          3.9G       1.2G       2.6G       1.5M        38M       289M
-/+ buffers/cache:       916M       3.0G
Swap:         8.0G         0B       8.0G

             total       used       free     shared    buffers     cached
Mem:          3.9G       1.2G       2.6G       1.5M        38M       290M
-/+ buffers/cache:       934M       2.9G
Swap:         8.0G         0B       8.0G

             total       used       free     shared    buffers     cached
Mem:          3.9G       1.3G       2.6G       1.5M        38M       290M
-/+ buffers/cache:       951M       2.9G
Swap:         8.0G         0B       8.0G

             total       used       free     shared    buffers     cached
Mem:          3.9G       1.3G       2.6G       1.5M        38M       290M
-/+ buffers/cache:       967M       2.9G
Swap:         8.0G         0B       8.0G

             total       used       free     shared    buffers     cached
Mem:          3.9G       1.3G       2.6G       1.5M        38M       290M
-/+ buffers/cache:       983M       2.9G
Swap:         8.0G         0B       8.0G

             total       used       free     shared    buffers     cached
Mem:          3.9G       1.3G       2.6G       1.5M        38M       290M
-/+ buffers/cache:       999M       2.9G
Swap:         8.0G         0B       8.0G

             total       used       free     shared    buffers     cached
Mem:          3.9G       1.3G       2.5G       1.5M        38M       290M
-/+ buffers/cache:       1.0G       2.9G
Swap:         8.0G         0B       8.0G

             total       used       free     shared    buffers     cached
Mem:          3.9G       1.3G       2.5G       1.5M        38M       290M
-/+ buffers/cache:       1.0G       2.9G
Swap:         8.0G         0B       8.0G

             total       used       free     shared    buffers     cached
Mem:          3.9G       1.3G       2.5G       1.5M        38M       290M
-/+ buffers/cache:       1.0G       2.8G
Swap:         8.0G         0B       8.0G

             total       used       free     shared    buffers     cached
Mem:          3.9G       1.4G       2.5G       1.5M        38M       290M
-/+ buffers/cache:       1.0G       2.8G
Swap:         8.0G         0B       8.0G

             total       used       free     shared    buffers     cached
Mem:          3.9G       1.4G       2.5G       1.5M        38M       290M
-/+ buffers/cache:       1.1G       2.8G
Swap:         8.0G         0B       8.0G

             total       used       free     shared    buffers     cached
Mem:          3.9G       1.4G       2.5G       1.5M        38M       290M
-/+ buffers/cache:       1.1G       2.8G
Swap:         8.0G         0B       8.0G

             total       used       free     shared    buffers     cached
Mem:          3.9G       1.4G       2.4G       1.5M        38M       290M
-/+ buffers/cache:       1.1G       2.8G
Swap:         8.0G         0B       8.0G

             total       used       free     shared    buffers     cached
Mem:          3.9G       1.4G       2.4G       1.5M        38M       290M
-/+ buffers/cache:       1.1G       2.7G
Swap:         8.0G         0B       8.0G

             total       used       free     shared    buffers     cached
Mem:          3.9G       1.4G       2.4G       1.5M        38M       290M
-/+ buffers/cache:       1.1G       2.7G
Swap:         8.0G         0B       8.0G

             total       used       free     shared    buffers     cached
Mem:          3.9G       1.5G       2.4G       1.5M        38M       290M
-/+ buffers/cache:       1.1G       2.7G
Swap:         8.0G         0B       8.0G

             total       used       free     shared    buffers     cached
Mem:          3.9G       1.5G       2.4G       1.5M        38M       290M
-/+ buffers/cache:       1.2G       2.7G
Swap:         8.0G         0B       8.0G

             total       used       free     shared    buffers     cached
Mem:          3.9G       1.5G       2.4G       1.5M        38M       290M
-/+ buffers/cache:       1.2G       2.7G
Swap:         8.0G         0B       8.0G

             total       used       free     shared    buffers     cached
Mem:          3.9G       1.5G       2.3G       1.5M        38M       290M
-/+ buffers/cache:       1.2G       2.7G
Swap:         8.0G         0B       8.0G

             total       used       free     shared    buffers     cached
Mem:          3.9G       1.5G       2.3G       1.5M        38M       290M
-/+ buffers/cache:       1.2G       2.7G
Swap:         8.0G         0B       8.0G

             total       used       free     shared    buffers     cached
Mem:          3.9G       1.5G       2.3G       1.5M        38M       290M
-/+ buffers/cache:       1.2G       2.6G
Swap:         8.0G         0B       8.0G

             total       used       free     shared    buffers     cached
Mem:          3.9G       1.5G       2.3G       1.5M        38M       290M
-/+ buffers/cache:       1.2G       2.6G
Swap:         8.0G         0B       8.0G

             total       used       free     shared    buffers     cached
Mem:          3.9G       1.6G       2.3G       1.5M        38M       290M
-/+ buffers/cache:       1.2G       2.6G
Swap:         8.0G         0B       8.0G

             total       used       free     shared    buffers     cached
Mem:          3.9G       1.6G       2.3G       1.5M        38M       290M
-/+ buffers/cache:       1.3G       2.6G
Swap:         8.0G         0B       8.0G

             total       used       free     shared    buffers     cached
Mem:          3.9G       1.6G       2.3G       1.5M        38M       290M
-/+ buffers/cache:       1.3G       2.6G
Swap:         8.0G         0B       8.0G

             total       used       free     shared    buffers     cached
Mem:          3.9G       1.6G       2.3G       1.5M        38M       290M
-/+ buffers/cache:       1.3G       2.6G
Swap:         8.0G         0B       8.0G

             total       used       free     shared    buffers     cached
Mem:          3.9G       1.6G       2.2G       1.5M        38M       290M
-/+ buffers/cache:       1.3G       2.6G
Swap:         8.0G         0B       8.0G

             total       used       free     shared    buffers     cached
Mem:          3.9G       1.6G       2.2G       1.5M        38M       290M
-/+ buffers/cache:       1.3G       2.5G
Swap:         8.0G         0B       8.0G

             total       used       free     shared    buffers     cached
Mem:          3.9G       1.7G       2.2G       1.5M        38M       290M
-/+ buffers/cache:       1.3G       2.5G
Swap:         8.0G         0B       8.0G

             total       used       free     shared    buffers     cached
Mem:          3.9G       1.7G       2.2G       1.5M        38M       290M
-/+ buffers/cache:       1.3G       2.5G
Swap:         8.0G         0B       8.0G

             total       used       free     shared    buffers     cached
Mem:          3.9G       1.7G       2.2G       1.5M        38M       290M
-/+ buffers/cache:       1.4G       2.5G
Swap:         8.0G         0B       8.0G

             total       used       free     shared    buffers     cached
Mem:          3.9G       1.7G       2.2G       1.5M        38M       290M
-/+ buffers/cache:       1.4G       2.5G
Swap:         8.0G         0B       8.0G

             total       used       free     shared    buffers     cached
Mem:          3.9G       1.7G       2.1G       1.5M        38M       290M
-/+ buffers/cache:       1.4G       2.5G
Swap:         8.0G         0B       8.0G

             total       used       free     shared    buffers     cached
Mem:          3.9G       1.7G       2.1G       1.5M        38M       290M
-/+ buffers/cache:       1.4G       2.5G
Swap:         8.0G         0B       8.0G

             total       used       free     shared    buffers     cached
Mem:          3.9G       1.7G       2.1G       1.5M        38M       290M
-/+ buffers/cache:       1.4G       2.4G
Swap:         8.0G         0B       8.0G

             total       used       free     shared    buffers     cached
Mem:          3.9G       1.8G       2.1G       1.5M        38M       290M
-/+ buffers/cache:       1.4G       2.4G
Swap:         8.0G         0B       8.0G

             total       used       free     shared    buffers     cached
Mem:          3.9G       1.8G       2.1G       1.5M        38M       290M
-/+ buffers/cache:       1.5G       2.4G
Swap:         8.0G         0B       8.0G

             total       used       free     shared    buffers     cached
Mem:          3.9G       1.8G       2.1G       1.5M        38M       290M
-/+ buffers/cache:       1.5G       2.4G
Swap:         8.0G         0B       8.0G

             total       used       free     shared    buffers     cached
Mem:          3.9G       1.8G       2.0G       1.5M        38M       290M
-/+ buffers/cache:       1.5G       2.4G
Swap:         8.0G         0B       8.0G

             total       used       free     shared    buffers     cached
Mem:          3.9G       1.8G       2.0G       1.5M        38M       290M
-/+ buffers/cache:       1.5G       2.4G
Swap:         8.0G         0B       8.0G

             total       used       free     shared    buffers     cached
Mem:          3.9G       1.8G       2.0G       1.5M        38M       290M
-/+ buffers/cache:       1.5G       2.3G
Swap:         8.0G         0B       8.0G

             total       used       free     shared    buffers     cached
Mem:          3.9G       1.9G       2.0G       1.5M        38M       290M
-/+ buffers/cache:       1.5G       2.3G
Swap:         8.0G         0B       8.0G

             total       used       free     shared    buffers     cached
Mem:          3.9G       1.9G       2.0G       1.5M        38M       290M
-/+ buffers/cache:       1.6G       2.3G
Swap:         8.0G         0B       8.0G

             total       used       free     shared    buffers     cached
Mem:          3.9G       1.9G       2.0G       1.5M        38M       290M
-/+ buffers/cache:       1.6G       2.3G
Swap:         8.0G         0B       8.0G

             total       used       free     shared    buffers     cached
Mem:          3.9G       1.9G       1.9G       1.5M        38M       290M
-/+ buffers/cache:       1.6G       2.3G
Swap:         8.0G         0B       8.0G

             total       used       free     shared    buffers     cached
Mem:          3.9G       1.9G       1.9G       1.5M        38M       290M
-/+ buffers/cache:       1.6G       2.2G
Swap:         8.0G         0B       8.0G

             total       used       free     shared    buffers     cached
Mem:          3.9G       2.0G       1.9G       1.5M        38M       290M
-/+ buffers/cache:       1.6G       2.2G
Swap:         8.0G         0B       8.0G

             total       used       free     shared    buffers     cached
Mem:          3.9G       2.0G       1.9G       1.5M        38M       290M
-/+ buffers/cache:       1.6G       2.2G
Swap:         8.0G         0B       8.0G

             total       used       free     shared    buffers     cached
Mem:          3.9G       2.0G       1.9G       1.5M        38M       290M
-/+ buffers/cache:       1.7G       2.2G
Swap:         8.0G         0B       8.0G

             total       used       free     shared    buffers     cached
Mem:          3.9G       2.0G       1.9G       1.5M        38M       290M
-/+ buffers/cache:       1.7G       2.2G
Swap:         8.0G         0B       8.0G

             total       used       free     shared    buffers     cached
Mem:          3.9G       2.0G       1.8G       1.5M        38M       290M
-/+ buffers/cache:       1.7G       2.2G
Swap:         8.0G         0B       8.0G

             total       used       free     shared    buffers     cached
Mem:          3.9G       2.0G       1.8G       1.5M        38M       290M
-/+ buffers/cache:       1.7G       2.1G
Swap:         8.0G         0B       8.0G

             total       used       free     shared    buffers     cached
Mem:          3.9G       2.1G       1.8G       1.5M        38M       290M
-/+ buffers/cache:       1.7G       2.1G
Swap:         8.0G         0B       8.0G

             total       used       free     shared    buffers     cached
Mem:          3.9G       2.1G       1.8G       1.5M        38M       290M
-/+ buffers/cache:       1.7G       2.1G
Swap:         8.0G         0B       8.0G

             total       used       free     shared    buffers     cached
Mem:          3.9G       2.1G       1.8G       1.5M        38M       290M
-/+ buffers/cache:       1.8G       2.1G
Swap:         8.0G         0B       8.0G

             total       used       free     shared    buffers     cached
Mem:          3.9G       2.1G       1.8G       1.5M        38M       290M
-/+ buffers/cache:       1.8G       2.1G
Swap:         8.0G         0B       8.0G

             total       used       free     shared    buffers     cached
Mem:          3.9G       2.1G       1.7G       1.5M        38M       290M
-/+ buffers/cache:       1.8G       2.1G
Swap:         8.0G         0B       8.0G

             total       used       free     shared    buffers     cached
Mem:          3.9G       2.1G       1.7G       1.5M        38M       290M
-/+ buffers/cache:       1.8G       2.0G
Swap:         8.0G         0B       8.0G

             total       used       free     shared    buffers     cached
Mem:          3.9G       2.2G       1.7G       1.5M        38M       290M
-/+ buffers/cache:       1.8G       2.0G
Swap:         8.0G         0B       8.0G

             total       used       free     shared    buffers     cached
Mem:          3.9G       2.2G       1.7G       1.5M        38M       290M
-/+ buffers/cache:       1.8G       2.0G
Swap:         8.0G         0B       8.0G

             total       used       free     shared    buffers     cached
Mem:          3.9G       2.2G       1.7G       1.5M        38M       290M
-/+ buffers/cache:       1.9G       2.0G
Swap:         8.0G         0B       8.0G

             total       used       free     shared    buffers     cached
Mem:          3.9G       2.2G       1.7G       1.5M        38M       290M
-/+ buffers/cache:       1.9G       2.0G
Swap:         8.0G         0B       8.0G

             total       used       free     shared    buffers     cached
Mem:          3.9G       2.2G       1.6G       1.5M        38M       290M
-/+ buffers/cache:       1.9G       2.0G
Swap:         8.0G         0B       8.0G

             total       used       free     shared    buffers     cached
Mem:          3.9G       2.2G       1.6G       1.5M        38M       290M
-/+ buffers/cache:       1.9G       1.9G
Swap:         8.0G         0B       8.0G

             total       used       free     shared    buffers     cached
Mem:          3.9G       2.3G       1.6G       1.5M        38M       290M
-/+ buffers/cache:       1.9G       1.9G
Swap:         8.0G         0B       8.0G

             total       used       free     shared    buffers     cached
Mem:          3.9G       2.3G       1.6G       1.5M        38M       290M
-/+ buffers/cache:       1.9G       1.9G
Swap:         8.0G         0B       8.0G

             total       used       free     shared    buffers     cached
Mem:          3.9G       2.3G       1.6G       1.5M        38M       290M
-/+ buffers/cache:       2.0G       1.9G
Swap:         8.0G         0B       8.0G

             total       used       free     shared    buffers     cached
Mem:          3.9G       2.3G       1.6G       1.5M        38M       290M
-/+ buffers/cache:       2.0G       1.9G
Swap:         8.0G         0B       8.0G

             total       used       free     shared    buffers     cached
Mem:          3.9G       2.3G       1.5G       1.5M        38M       290M
-/+ buffers/cache:       2.0G       1.9G
Swap:         8.0G         0B       8.0G

             total       used       free     shared    buffers     cached
Mem:          3.9G       2.3G       1.5G       1.5M        38M       290M
-/+ buffers/cache:       2.0G       1.8G
Swap:         8.0G         0B       8.0G

             total       used       free     shared    buffers     cached
Mem:          3.9G       2.4G       1.5G       1.5M        38M       290M
-/+ buffers/cache:       2.0G       1.8G
Swap:         8.0G         0B       8.0G

             total       used       free     shared    buffers     cached
Mem:          3.9G       2.4G       1.5G       1.5M        38M       290M
-/+ buffers/cache:       2.1G       1.8G
Swap:         8.0G         0B       8.0G

             total       used       free     shared    buffers     cached
Mem:          3.9G       2.4G       1.5G       1.5M        38M       290M
-/+ buffers/cache:       2.1G       1.8G
Swap:         8.0G         0B       8.0G

             total       used       free     shared    buffers     cached
Mem:          3.9G       2.4G       1.5G       1.5M        38M       290M
-/+ buffers/cache:       2.1G       1.8G
Swap:         8.0G         0B       8.0G

             total       used       free     shared    buffers     cached
Mem:          3.9G       2.4G       1.4G       1.5M        38M       290M
-/+ buffers/cache:       2.1G       1.8G
Swap:         8.0G         0B       8.0G

             total       used       free     shared    buffers     cached
Mem:          3.9G       2.4G       1.4G       1.5M        38M       290M
-/+ buffers/cache:       2.1G       1.8G
Swap:         8.0G         0B       8.0G

             total       used       free     shared    buffers     cached
Mem:          3.9G       2.4G       1.4G       1.5M        38M       290M
-/+ buffers/cache:       2.1G       1.8G
Swap:         8.0G         0B       8.0G

             total       used       free     shared    buffers     cached
Mem:          3.9G       2.4G       1.4G       1.5M        38M       290M
-/+ buffers/cache:       2.1G       1.7G
Swap:         8.0G         0B       8.0G

             total       used       free     shared    buffers     cached
Mem:          3.9G       2.5G       1.4G       1.5M        38M       290M
-/+ buffers/cache:       2.1G       1.7G
Swap:         8.0G         0B       8.0G

             total       used       free     shared    buffers     cached
Mem:          3.9G       2.5G       1.4G       1.5M        38M       290M
-/+ buffers/cache:       2.2G       1.7G
Swap:         8.0G         0B       8.0G

             total       used       free     shared    buffers     cached
Mem:          3.9G       2.5G       1.4G       1.5M        38M       290M
-/+ buffers/cache:       2.2G       1.7G
Swap:         8.0G         0B       8.0G

             total       used       free     shared    buffers     cached
Mem:          3.9G       2.5G       1.4G       1.5M        38M       290M
-/+ buffers/cache:       2.2G       1.7G
Swap:         8.0G         0B       8.0G

             total       used       free     shared    buffers     cached
Mem:          3.9G       2.5G       1.3G       1.5M        38M       290M
-/+ buffers/cache:       2.2G       1.7G
Swap:         8.0G         0B       8.0G

             total       used       free     shared    buffers     cached
Mem:          3.9G       2.5G       1.3G       1.5M        38M       290M
-/+ buffers/cache:       2.2G       1.6G
Swap:         8.0G         0B       8.0G

             total       used       free     shared    buffers     cached
Mem:          3.9G       2.5G       1.3G       1.5M        38M       290M
-/+ buffers/cache:       2.2G       1.6G
Swap:         8.0G         0B       8.0G

             total       used       free     shared    buffers     cached
Mem:          3.9G       2.6G       1.3G       1.5M        38M       290M
-/+ buffers/cache:       2.2G       1.6G
Swap:         8.0G         0B       8.0G

             total       used       free     shared    buffers     cached
Mem:          3.9G       2.6G       1.3G       1.5M        38M       290M
-/+ buffers/cache:       2.3G       1.6G
Swap:         8.0G         0B       8.0G

             total       used       free     shared    buffers     cached
Mem:          3.9G       2.6G       1.3G       1.5M        38M       290M
-/+ buffers/cache:       2.3G       1.6G
Swap:         8.0G         0B       8.0G

             total       used       free     shared    buffers     cached
Mem:          3.9G       2.6G       1.2G       1.5M        38M       290M
-/+ buffers/cache:       2.3G       1.6G
Swap:         8.0G         0B       8.0G

             total       used       free     shared    buffers     cached
Mem:          3.9G       2.6G       1.2G       1.5M        38M       290M
-/+ buffers/cache:       2.3G       1.6G
Swap:         8.0G         0B       8.0G

             total       used       free     shared    buffers     cached
Mem:          3.9G       2.6G       1.2G       1.5M        38M       290M
-/+ buffers/cache:       2.3G       1.5G
Swap:         8.0G         0B       8.0G

             total       used       free     shared    buffers     cached
Mem:          3.9G       2.7G       1.2G       1.5M        38M       290M
-/+ buffers/cache:       2.3G       1.5G
Swap:         8.0G         0B       8.0G

             total       used       free     shared    buffers     cached
Mem:          3.9G       2.7G       1.2G       1.5M        38M       290M
-/+ buffers/cache:       2.3G       1.5G
Swap:         8.0G         0B       8.0G

             total       used       free     shared    buffers     cached
Mem:          3.9G       2.7G       1.2G       1.5M        38M       290M
-/+ buffers/cache:       2.4G       1.5G
Swap:         8.0G         0B       8.0G

             total       used       free     shared    buffers     cached
Mem:          3.9G       2.7G       1.2G       1.5M        38M       290M
-/+ buffers/cache:       2.4G       1.5G
Swap:         8.0G         0B       8.0G

             total       used       free     shared    buffers     cached
Mem:          3.9G       2.7G       1.1G       1.5M        38M       290M
-/+ buffers/cache:       2.4G       1.5G
Swap:         8.0G         0B       8.0G

             total       used       free     shared    buffers     cached
Mem:          3.9G       2.7G       1.1G       1.5M        38M       290M
-/+ buffers/cache:       2.4G       1.4G
Swap:         8.0G         0B       8.0G

             total       used       free     shared    buffers     cached
Mem:          3.9G       2.7G       1.1G       1.5M        38M       290M
-/+ buffers/cache:       2.4G       1.4G
Swap:         8.0G         0B       8.0G

             total       used       free     shared    buffers     cached
Mem:          3.9G       2.8G       1.1G       1.5M        38M       290M
-/+ buffers/cache:       2.4G       1.4G
Swap:         8.0G         0B       8.0G

             total       used       free     shared    buffers     cached
Mem:          3.9G       2.8G       1.1G       1.5M        38M       290M
-/+ buffers/cache:       2.5G       1.4G
Swap:         8.0G         0B       8.0G

             total       used       free     shared    buffers     cached
Mem:          3.9G       2.8G       1.1G       1.5M        38M       290M
-/+ buffers/cache:       2.5G       1.4G
Swap:         8.0G         0B       8.0G

             total       used       free     shared    buffers     cached
Mem:          3.9G       2.8G       1.0G       1.5M        38M       290M
-/+ buffers/cache:       2.5G       1.4G
Swap:         8.0G         0B       8.0G

             total       used       free     shared    buffers     cached
Mem:          3.9G       2.8G       1.0G       1.5M        38M       290M
-/+ buffers/cache:       2.5G       1.4G
Swap:         8.0G         0B       8.0G

             total       used       free     shared    buffers     cached
Mem:          3.9G       2.8G       1.0G       1.5M        38M       290M
-/+ buffers/cache:       2.5G       1.3G
Swap:         8.0G         0B       8.0G

             total       used       free     shared    buffers     cached
Mem:          3.9G       2.9G       1.0G       1.5M        38M       290M
-/+ buffers/cache:       2.5G       1.3G
Swap:         8.0G         0B       8.0G

             total       used       free     shared    buffers     cached
Mem:          3.9G       2.9G       1.0G       1.5M        38M       290M
-/+ buffers/cache:       2.5G       1.3G
Swap:         8.0G         0B       8.0G

             total       used       free     shared    buffers     cached
Mem:          3.9G       2.9G       1.0G       1.5M        38M       290M
-/+ buffers/cache:       2.6G       1.3G
Swap:         8.0G         0B       8.0G

             total       used       free     shared    buffers     cached
Mem:          3.9G       2.9G       992M       1.5M        38M       290M
-/+ buffers/cache:       2.6G       1.3G
Swap:         8.0G         0B       8.0G

             total       used       free     shared    buffers     cached
Mem:          3.9G       2.9G       980M       1.5M        38M       290M
-/+ buffers/cache:       2.6G       1.3G
Swap:         8.0G         0B       8.0G

             total       used       free     shared    buffers     cached
Mem:          3.9G       2.9G       968M       1.5M        38M       290M
-/+ buffers/cache:       2.6G       1.3G
Swap:         8.0G         0B       8.0G

             total       used       free     shared    buffers     cached
Mem:          3.9G       2.9G       958M       1.5M        38M       290M
-/+ buffers/cache:       2.6G       1.3G
Swap:         8.0G         0B       8.0G

             total       used       free     shared    buffers     cached
Mem:          3.9G       2.9G       947M       1.5M        38M       290M
-/+ buffers/cache:       2.6G       1.2G
Swap:         8.0G         0B       8.0G

             total       used       free     shared    buffers     cached
Mem:          3.9G       2.9G       937M       1.5M        38M       290M
-/+ buffers/cache:       2.6G       1.2G
Swap:         8.0G         0B       8.0G

             total       used       free     shared    buffers     cached
Mem:          3.9G       3.0G       925M       1.5M        38M       290M
-/+ buffers/cache:       2.6G       1.2G
Swap:         8.0G         0B       8.0G

             total       used       free     shared    buffers     cached
Mem:          3.9G       3.0G       915M       1.5M        38M       290M
-/+ buffers/cache:       2.6G       1.2G
Swap:         8.0G         0B       8.0G

             total       used       free     shared    buffers     cached
Mem:          3.9G       3.0G       903M       1.5M        38M       290M
-/+ buffers/cache:       2.7G       1.2G
Swap:         8.0G         0B       8.0G

             total       used       free     shared    buffers     cached
Mem:          3.9G       3.0G       892M       1.5M        38M       290M
-/+ buffers/cache:       2.7G       1.2G
Swap:         8.0G         0B       8.0G

             total       used       free     shared    buffers     cached
Mem:          3.9G       3.0G       880M       1.5M        38M       290M
-/+ buffers/cache:       2.7G       1.2G
Swap:         8.0G         0B       8.0G

             total       used       free     shared    buffers     cached
Mem:          3.9G       3.0G       867M       1.5M        38M       290M
-/+ buffers/cache:       2.7G       1.2G
Swap:         8.0G         0B       8.0G

             total       used       free     shared    buffers     cached
Mem:          3.9G       3.0G       855M       1.5M        38M       290M
-/+ buffers/cache:       2.7G       1.2G
Swap:         8.0G         0B       8.0G

             total       used       free     shared    buffers     cached
Mem:          3.9G       3.0G       845M       1.5M        38M       290M
-/+ buffers/cache:       2.7G       1.1G
Swap:         8.0G         0B       8.0G

             total       used       free     shared    buffers     cached
Mem:          3.9G       3.0G       836M       1.5M        38M       290M
-/+ buffers/cache:       2.7G       1.1G
Swap:         8.0G         0B       8.0G

             total       used       free     shared    buffers     cached
Mem:          3.9G       3.1G       826M       1.5M        38M       290M
-/+ buffers/cache:       2.7G       1.1G
Swap:         8.0G         0B       8.0G

             total       used       free     shared    buffers     cached
Mem:          3.9G       3.1G       816M       1.5M        38M       290M
-/+ buffers/cache:       2.7G       1.1G
Swap:         8.0G         0B       8.0G

             total       used       free     shared    buffers     cached
Mem:          3.9G       3.1G       806M       1.5M        38M       290M
-/+ buffers/cache:       2.7G       1.1G
Swap:         8.0G         0B       8.0G

             total       used       free     shared    buffers     cached
Mem:          3.9G       3.1G       796M       1.5M        38M       290M
-/+ buffers/cache:       2.8G       1.1G
Swap:         8.0G         0B       8.0G

             total       used       free     shared    buffers     cached
Mem:          3.9G       3.1G       785M       1.5M        38M       290M
-/+ buffers/cache:       2.8G       1.1G
Swap:         8.0G         0B       8.0G

             total       used       free     shared    buffers     cached
Mem:          3.9G       3.1G       776M       1.5M        38M       290M
-/+ buffers/cache:       2.8G       1.1G
Swap:         8.0G         0B       8.0G

             total       used       free     shared    buffers     cached
Mem:          3.9G       3.1G       765M       1.5M        38M       290M
-/+ buffers/cache:       2.8G       1.1G
Swap:         8.0G         0B       8.0G

             total       used       free     shared    buffers     cached
Mem:          3.9G       3.1G       759M       1.5M        38M       290M
-/+ buffers/cache:       2.8G       1.1G
Swap:         8.0G         0B       8.0G

             total       used       free     shared    buffers     cached
Mem:          3.9G       3.1G       748M       1.5M        38M       290M
-/+ buffers/cache:       2.8G       1.1G
Swap:         8.0G         0B       8.0G

             total       used       free     shared    buffers     cached
Mem:          3.9G       3.1G       736M       1.5M        38M       290M
-/+ buffers/cache:       2.8G       1.0G
Swap:         8.0G         0B       8.0G

             total       used       free     shared    buffers     cached
Mem:          3.9G       3.2G       724M       1.5M        38M       290M
-/+ buffers/cache:       2.8G       1.0G
Swap:         8.0G         0B       8.0G

             total       used       free     shared    buffers     cached
Mem:          3.9G       3.2G       711M       1.5M        38M       290M
-/+ buffers/cache:       2.8G       1.0G
Swap:         8.0G         0B       8.0G

             total       used       free     shared    buffers     cached
Mem:          3.9G       3.2G       698M       1.5M        38M       290M
-/+ buffers/cache:       2.9G       1.0G
Swap:         8.0G         0B       8.0G

             total       used       free     shared    buffers     cached
Mem:          3.9G       3.2G       684M       1.5M        38M       290M
-/+ buffers/cache:       2.9G       1.0G
Swap:         8.0G         0B       8.0G

             total       used       free     shared    buffers     cached
Mem:          3.9G       3.2G       671M       1.5M        38M       290M
-/+ buffers/cache:       2.9G       1.0G
Swap:         8.0G         0B       8.0G

             total       used       free     shared    buffers     cached
Mem:          3.9G       3.2G       657M       1.5M        38M       290M
-/+ buffers/cache:       2.9G       986M
Swap:         8.0G         0B       8.0G

             total       used       free     shared    buffers     cached
Mem:          3.9G       3.2G       644M       1.5M        38M       290M
-/+ buffers/cache:       2.9G       973M
Swap:         8.0G         0B       8.0G

             total       used       free     shared    buffers     cached
Mem:          3.9G       3.2G       632M       1.5M        38M       290M
-/+ buffers/cache:       2.9G       961M
Swap:         8.0G         0B       8.0G

             total       used       free     shared    buffers     cached
Mem:          3.9G       3.3G       620M       1.5M        38M       290M
-/+ buffers/cache:       2.9G       949M
Swap:         8.0G         0B       8.0G

             total       used       free     shared    buffers     cached
Mem:          3.9G       3.3G       607M       1.5M        38M       290M
-/+ buffers/cache:       2.9G       936M
Swap:         8.0G         0B       8.0G

             total       used       free     shared    buffers     cached
Mem:          3.9G       3.3G       593M       1.5M        38M       290M
-/+ buffers/cache:       3.0G       922M
Swap:         8.0G         0B       8.0G

             total       used       free     shared    buffers     cached
Mem:          3.9G       3.3G       580M       1.5M        38M       290M
-/+ buffers/cache:       3.0G       909M
Swap:         8.0G         0B       8.0G

             total       used       free     shared    buffers     cached
Mem:          3.9G       3.3G       568M       1.5M        38M       290M
-/+ buffers/cache:       3.0G       897M
Swap:         8.0G         0B       8.0G

             total       used       free     shared    buffers     cached
Mem:          3.9G       3.3G       555M       1.5M        38M       290M
-/+ buffers/cache:       3.0G       884M
Swap:         8.0G         0B       8.0G

             total       used       free     shared    buffers     cached
Mem:          3.9G       3.3G       541M       1.5M        38M       290M
-/+ buffers/cache:       3.0G       870M
Swap:         8.0G         0B       8.0G

             total       used       free     shared    buffers     cached
Mem:          3.9G       3.3G       527M       1.5M        38M       290M
-/+ buffers/cache:       3.0G       856M
Swap:         8.0G         0B       8.0G

             total       used       free     shared    buffers     cached
Mem:          3.9G       3.4G       514M       1.5M        38M       290M
-/+ buffers/cache:       3.0G       843M
Swap:         8.0G         0B       8.0G

             total       used       free     shared    buffers     cached
Mem:          3.9G       3.4G       500M       1.5M        38M       290M
-/+ buffers/cache:       3.0G       829M
Swap:         8.0G         0B       8.0G

             total       used       free     shared    buffers     cached
Mem:          3.9G       3.4G       486M       1.5M        38M       290M
-/+ buffers/cache:       3.1G       816M
Swap:         8.0G         0B       8.0G

             total       used       free     shared    buffers     cached
Mem:          3.9G       3.4G       473M       1.5M        38M       290M
-/+ buffers/cache:       3.1G       803M
Swap:         8.0G         0B       8.0G

             total       used       free     shared    buffers     cached
Mem:          3.9G       3.4G       460M       1.5M        38M       290M
-/+ buffers/cache:       3.1G       790M
Swap:         8.0G         0B       8.0G

             total       used       free     shared    buffers     cached
Mem:          3.9G       3.4G       448M       1.5M        38M       290M
-/+ buffers/cache:       3.1G       778M
Swap:         8.0G         0B       8.0G

             total       used       free     shared    buffers     cached
Mem:          3.9G       3.4G       437M       1.5M        38M       290M
-/+ buffers/cache:       3.1G       766M
Swap:         8.0G         0B       8.0G

             total       used       free     shared    buffers     cached
Mem:          3.9G       3.4G       424M       1.5M        38M       290M
-/+ buffers/cache:       3.1G       754M
Swap:         8.0G         0B       8.0G

             total       used       free     shared    buffers     cached
Mem:          3.9G       3.5G       413M       1.5M        38M       290M
-/+ buffers/cache:       3.1G       742M
Swap:         8.0G         0B       8.0G

             total       used       free     shared    buffers     cached
Mem:          3.9G       3.5G       399M       1.5M        38M       290M
-/+ buffers/cache:       3.1G       729M
Swap:         8.0G         0B       8.0G

             total       used       free     shared    buffers     cached
Mem:          3.9G       3.5G       387M       1.5M        38M       290M
-/+ buffers/cache:       3.2G       717M
Swap:         8.0G         0B       8.0G

             total       used       free     shared    buffers     cached
Mem:          3.9G       3.5G       373M       1.5M        38M       290M
-/+ buffers/cache:       3.2G       703M
Swap:         8.0G         0B       8.0G

             total       used       free     shared    buffers     cached
Mem:          3.9G       3.5G       360M       1.5M        38M       290M
-/+ buffers/cache:       3.2G       689M
Swap:         8.0G         0B       8.0G

             total       used       free     shared    buffers     cached
Mem:          3.9G       3.5G       346M       1.5M        39M       290M
-/+ buffers/cache:       3.2G       676M
Swap:         8.0G         0B       8.0G

             total       used       free     shared    buffers     cached
Mem:          3.9G       3.5G       332M       1.5M        39M       290M
-/+ buffers/cache:       3.2G       661M
Swap:         8.0G         0B       8.0G

             total       used       free     shared    buffers     cached
Mem:          3.9G       3.5G       318M       1.5M        39M       290M
-/+ buffers/cache:       3.2G       647M
Swap:         8.0G         0B       8.0G

             total       used       free     shared    buffers     cached
Mem:          3.9G       3.6G       303M       1.5M        39M       290M
-/+ buffers/cache:       3.2G       632M
Swap:         8.0G         0B       8.0G

             total       used       free     shared    buffers     cached
Mem:          3.9G       3.6G       289M       1.5M        39M       290M
-/+ buffers/cache:       3.3G       619M
Swap:         8.0G         0B       8.0G

             total       used       free     shared    buffers     cached
Mem:          3.9G       3.6G       274M       1.5M        39M       290M
-/+ buffers/cache:       3.3G       604M
Swap:         8.0G         0B       8.0G

             total       used       free     shared    buffers     cached
Mem:          3.9G       3.6G       260M       1.5M        39M       290M
-/+ buffers/cache:       3.3G       589M
Swap:         8.0G         0B       8.0G

             total       used       free     shared    buffers     cached
Mem:          3.9G       3.6G       245M       1.5M        39M       290M
-/+ buffers/cache:       3.3G       574M
Swap:         8.0G         0B       8.0G

             total       used       free     shared    buffers     cached
Mem:          3.9G       3.6G       231M       1.5M        39M       290M
-/+ buffers/cache:       3.3G       560M
Swap:         8.0G         0B       8.0G

             total       used       free     shared    buffers     cached
Mem:          3.9G       3.6G       217M       1.5M        39M       290M
-/+ buffers/cache:       3.3G       546M
Swap:         8.0G         0B       8.0G

             total       used       free     shared    buffers     cached
Mem:          3.9G       3.7G       202M       1.5M        39M       290M
-/+ buffers/cache:       3.3G       531M
Swap:         8.0G         0B       8.0G

             total       used       free     shared    buffers     cached
Mem:          3.9G       3.7G       188M       1.5M        39M       290M
-/+ buffers/cache:       3.4G       517M
Swap:         8.0G         0B       8.0G

             total       used       free     shared    buffers     cached
Mem:          3.9G       3.7G       174M       1.5M        39M       290M
-/+ buffers/cache:       3.4G       503M
Swap:         8.0G         0B       8.0G

             total       used       free     shared    buffers     cached
Mem:          3.9G       3.7G       160M       1.5M        39M       290M
-/+ buffers/cache:       3.4G       489M
Swap:         8.0G         0B       8.0G

             total       used       free     shared    buffers     cached
Mem:          3.9G       3.7G       147M       1.5M        39M       290M
-/+ buffers/cache:       3.4G       476M
Swap:         8.0G         0B       8.0G

             total       used       free     shared    buffers     cached
Mem:          3.9G       3.7G       133M       1.5M        39M       290M
-/+ buffers/cache:       3.4G       462M
Swap:         8.0G         0B       8.0G

             total       used       free     shared    buffers     cached
Mem:          3.9G       3.7G       121M       1.5M        39M       290M
-/+ buffers/cache:       3.4G       450M
Swap:         8.0G         0B       8.0G

             total       used       free     shared    buffers     cached
Mem:          3.9G       3.8G       108M       1.5M        39M       290M
-/+ buffers/cache:       3.4G       437M
Swap:         8.0G         0B       8.0G

             total       used       free     shared    buffers     cached
Mem:          3.9G       3.7G       122M       1.5M        12M       288M
-/+ buffers/cache:       3.4G       423M
Swap:         8.0G         0B       8.0G

             total       used       free     shared    buffers     cached
Mem:          3.9G       3.8G       109M       1.5M        12M       288M
-/+ buffers/cache:       3.5G       410M
Swap:         8.0G         0B       8.0G

             total       used       free     shared    buffers     cached
Mem:          3.9G       3.7G       128M       1.4M         9M       260M
-/+ buffers/cache:       3.5G       398M
Swap:         8.0G        88K       8.0G

             total       used       free     shared    buffers     cached
Mem:          3.9G       3.7G       114M       1.4M         9M       260M
-/+ buffers/cache:       3.5G       385M
Swap:         8.0G        88K       8.0G

             total       used       free     shared    buffers     cached
Mem:          3.9G       3.8G       111M       1.3M         9M       249M
-/+ buffers/cache:       3.5G       370M
Swap:         8.0G       516K       8.0G

             total       used       free     shared    buffers     cached
Mem:          3.9G       3.7G       128M       1.1M         9M       222M
-/+ buffers/cache:       3.5G       361M
Swap:         8.0G       9.6M       8.0G

             total       used       free     shared    buffers     cached
Mem:          3.9G       3.7G       116M       1.1M         9M       223M
-/+ buffers/cache:       3.5G       349M
Swap:         8.0G       9.6M       8.0G

             total       used       free     shared    buffers     cached
Mem:          3.9G       3.8G       103M       1.1M         9M       223M
-/+ buffers/cache:       3.5G       336M
Swap:         8.0G       9.6M       8.0G

             total       used       free     shared    buffers     cached
Mem:          3.9G       3.7G       117M       1.1M       4.0M       204M
-/+ buffers/cache:       3.5G       326M
Swap:         8.0G       9.6M       8.0G

             total       used       free     shared    buffers     cached
Mem:          3.9G       3.8G       103M       1.1M       4.0M       204M
-/+ buffers/cache:       3.6G       312M
Swap:         8.0G       9.6M       8.0G

             total       used       free     shared    buffers     cached
Mem:          3.9G       3.7G       117M       1.1M       1.1M       182M
-/+ buffers/cache:       3.6G       301M
Swap:         8.0G       9.6M       8.0G

             total       used       free     shared    buffers     cached
Mem:          3.9G       3.8G       105M       1.1M       1.1M       183M
-/+ buffers/cache:       3.6G       289M
Swap:         8.0G       9.6M       8.0G

             total       used       free     shared    buffers     cached
Mem:          3.9G       3.7G       137M       1.1M       520K       141M
-/+ buffers/cache:       3.6G       279M
Swap:         8.0G       9.6M       8.0G

             total       used       free     shared    buffers     cached
Mem:          3.9G       3.7G       124M       1.1M       520K       141M
-/+ buffers/cache:       3.6G       266M
Swap:         8.0G       9.6M       8.0G

             total       used       free     shared    buffers     cached
Mem:          3.9G       3.7G       113M       1.1M       520K       141M
-/+ buffers/cache:       3.6G       255M
Swap:         8.0G       9.6M       8.0G

             total       used       free     shared    buffers     cached
Mem:          3.9G       3.7G       131M       4.8M       1.1M       104M
-/+ buffers/cache:       3.6G       237M
Swap:         8.0G       9.5M       8.0G

             total       used       free     shared    buffers     cached
Mem:          3.9G       3.8G       109M       1.2M       2.4M       109M
-/+ buffers/cache:       3.6G       221M
Swap:         8.0G       9.5M       8.0G

             total       used       free     shared    buffers     cached
Mem:          3.9G       3.7G       119M       1.2M       2.4M        90M
-/+ buffers/cache:       3.7G       212M
Swap:         8.0G        11M       8.0G

             total       used       free     shared    buffers     cached
Mem:          3.9G       3.8G       106M       1.2M       2.4M        90M
-/+ buffers/cache:       3.7G       199M
Swap:         8.0G        11M       8.0G

             total       used       free     shared    buffers     cached
Mem:          3.9G       3.7G       130M       1.1M       2.4M        59M
-/+ buffers/cache:       3.7G       192M
Swap:         8.0G        22M       8.0G

             total       used       free     shared    buffers     cached
Mem:          3.9G       3.7G       117M       1.0M       2.4M        59M
-/+ buffers/cache:       3.7G       179M
Swap:         8.0G        22M       8.0G

             total       used       free     shared    buffers     cached
Mem:          3.9G       3.8G       104M       1.0M       2.4M        59M
-/+ buffers/cache:       3.7G       166M
Swap:         8.0G        22M       8.0G

             total       used       free     shared    buffers     cached
Mem:          3.9G       3.7G       121M       1.0M       2.0M        36M
-/+ buffers/cache:       3.7G       159M
Swap:         8.0G        23M       8.0G

             total       used       free     shared    buffers     cached
Mem:          3.9G       3.8G       108M       1.0M       2.1M        36M
-/+ buffers/cache:       3.7G       146M
Swap:         8.0G        23M       8.0G

             total       used       free     shared    buffers     cached
Mem:          3.9G       3.7G       115M       1.0M       492K        18M
-/+ buffers/cache:       3.7G       134M
Swap:         8.0G        25M       8.0G

             total       used       free     shared    buffers     cached
Mem:          3.9G       3.7G       121M       788K       492K       7.0M
-/+ buffers/cache:       3.7G       129M
Swap:         8.0G        47M       8.0G

             total       used       free     shared    buffers     cached
Mem:          3.9G       3.8G       110M       772K       492K       7.0M
-/+ buffers/cache:       3.7G       117M
Swap:         8.0G        47M       8.0G

             total       used       free     shared    buffers     cached
Mem:          3.9G       3.7G       112M       772K       492K       6.6M
-/+ buffers/cache:       3.7G       119M
Swap:         8.0G        47M       8.0G

             total       used       free     shared    buffers     cached
Mem:          3.9G       3.7G       122M       772K       444K       5.9M
-/+ buffers/cache:       3.7G       128M
Swap:         8.0G        73M       7.9G

             total       used       free     shared    buffers     cached
Mem:          3.9G       3.8G       107M       736K       444K       5.9M
-/+ buffers/cache:       3.7G       113M
Swap:         8.0G        73M       7.9G

             total       used       free     shared    buffers     cached
Mem:          3.9G       3.7G       123M       736K       144K       5.7M
-/+ buffers/cache:       3.7G       128M
Swap:         8.0G       103M       7.9G

             total       used       free     shared    buffers     cached
Mem:          3.9G       3.8G       105M       732K       144K       9.2M
-/+ buffers/cache:       3.7G       114M
Swap:         8.0G       103M       7.9G

             total       used       free     shared    buffers     cached
Mem:          3.9G       3.7G       151M       732K        96K       7.3M
-/+ buffers/cache:       3.7G       159M
Swap:         8.0G       179M       7.8G

             total       used       free     shared    buffers     cached
Mem:          3.9G       3.7G       149M       668K       104K       7.3M
-/+ buffers/cache:       3.7G       156M
Swap:         8.0G       179M       7.8G

             total       used       free     shared    buffers     cached
Mem:          3.9G       3.7G       145M       668K       104K       7.3M
-/+ buffers/cache:       3.7G       153M
Swap:         8.0G       179M       7.8G

             total       used       free     shared    buffers     cached
Mem:          3.9G       3.7G       141M       668K       104K       7.3M
-/+ buffers/cache:       3.7G       149M
Swap:         8.0G       179M       7.8G

             total       used       free     shared    buffers     cached
Mem:          3.9G       3.7G       137M       668K       104K       7.3M
-/+ buffers/cache:       3.7G       144M
Swap:         8.0G       179M       7.8G

             total       used       free     shared    buffers     cached
Mem:          3.9G       3.7G       131M       668K       104K       7.3M
-/+ buffers/cache:       3.7G       139M
Swap:         8.0G       179M       7.8G

             total       used       free     shared    buffers     cached
Mem:          3.9G       3.7G       125M       668K       104K       7.3M
-/+ buffers/cache:       3.7G       133M
Swap:         8.0G       179M       7.8G

             total       used       free     shared    buffers     cached
Mem:          3.9G       3.7G       134M       668K       112K       7.3M
-/+ buffers/cache:       3.7G       142M
Swap:         8.0G       179M       7.8G

             total       used       free     shared    buffers     cached
Mem:          3.9G       3.7G       120M       668K       112K       7.3M
-/+ buffers/cache:       3.7G       127M
Swap:         8.0G       179M       7.8G

             total       used       free     shared    buffers     cached
Mem:          3.9G       3.8G       105M       668K       112K       7.3M
-/+ buffers/cache:       3.7G       112M
Swap:         8.0G       179M       7.8G

             total       used       free     shared    buffers     cached
Mem:          3.9G       3.7G       121M       668K       100K       7.2M
-/+ buffers/cache:       3.7G       129M
Swap:         8.0G       183M       7.8G

             total       used       free     shared    buffers     cached
Mem:          3.9G       3.8G       107M       668K       100K       7.2M
-/+ buffers/cache:       3.7G       115M
Swap:         8.0G       183M       7.8G

             total       used       free     shared    buffers     cached
Mem:          3.9G       3.7G       126M       668K        96K       6.7M
-/+ buffers/cache:       3.7G       133M
Swap:         8.0G       218M       7.8G

             total       used       free     shared    buffers     cached
Mem:          3.9G       3.7G       112M       640K        96K       6.7M
-/+ buffers/cache:       3.7G       118M
Swap:         8.0G       218M       7.8G

             total       used       free     shared    buffers     cached
Mem:          3.9G       3.7G       198M       640K        76K       5.6M
-/+ buffers/cache:       3.7G       204M
Swap:         8.0G       411M       7.6G

             total       used       free     shared    buffers     cached
Mem:          3.9G       3.7G       190M       640K        76K       5.9M
-/+ buffers/cache:       3.7G       196M
Swap:         8.0G       411M       7.6G

             total       used       free     shared    buffers     cached
Mem:          3.9G       3.7G       182M       640K        76K       5.9M
-/+ buffers/cache:       3.7G       188M
Swap:         8.0G       411M       7.6G

             total       used       free     shared    buffers     cached
Mem:          3.9G       3.7G       175M       640K        84K       6.0M
-/+ buffers/cache:       3.7G       181M
Swap:         8.0G       411M       7.6G

             total       used       free     shared    buffers     cached
Mem:          3.9G       3.7G       175M       640K        84K       5.9M
-/+ buffers/cache:       3.7G       181M
Swap:         8.0G       411M       7.6G

             total       used       free     shared    buffers     cached
Mem:          3.9G       3.7G       170M       640K        84K       5.9M
-/+ buffers/cache:       3.7G       176M
Swap:         8.0G       411M       7.6G

             total       used       free     shared    buffers     cached
Mem:          3.9G       3.7G       156M       640K       1.5M        11M
-/+ buffers/cache:       3.7G       169M
Swap:         8.0G       411M       7.6G

             total       used       free     shared    buffers     cached
Mem:          3.9G       3.7G       126M       660K       5.9M        31M
-/+ buffers/cache:       3.7G       163M
Swap:         8.0G       407M       7.6G
