             total       used       free     shared    buffers     cached
Mem:          992M       659M       332M       3.2M        38M       289M
-/+ buffers/cache:       331M       660M
Swap:         8.0G         0B       8.0G

             total       used       free     shared    buffers     cached
Mem:          992M       658M       333M       1.4M        38M       287M
-/+ buffers/cache:       332M       659M
Swap:         8.0G         0B       8.0G

             total       used       free     shared    buffers     cached
Mem:          992M       658M       333M       1.4M        38M       287M
-/+ buffers/cache:       332M       659M
Swap:         8.0G         0B       8.0G

             total       used       free     shared    buffers     cached
Mem:          992M       658M       333M       1.4M        38M       287M
-/+ buffers/cache:       332M       659M
Swap:         8.0G         0B       8.0G

             total       used       free     shared    buffers     cached
Mem:          992M       658M       333M       1.4M        38M       287M
-/+ buffers/cache:       332M       659M
Swap:         8.0G         0B       8.0G

             total       used       free     shared    buffers     cached
Mem:          992M       658M       333M       1.4M        38M       287M
-/+ buffers/cache:       332M       659M
Swap:         8.0G         0B       8.0G

             total       used       free     shared    buffers     cached
Mem:          992M       658M       333M       1.4M        38M       287M
-/+ buffers/cache:       331M       660M
Swap:         8.0G         0B       8.0G

             total       used       free     shared    buffers     cached
Mem:          992M       658M       334M       1.4M        38M       288M
-/+ buffers/cache:       331M       660M
Swap:         8.0G         0B       8.0G

             total       used       free     shared    buffers     cached
Mem:          992M       659M       332M       1.4M        38M       288M
-/+ buffers/cache:       332M       659M
Swap:         8.0G         0B       8.0G

             total       used       free     shared    buffers     cached
Mem:          992M       665M       326M       1.4M        38M       288M
-/+ buffers/cache:       338M       653M
Swap:         8.0G         0B       8.0G

             total       used       free     shared    buffers     cached
Mem:          992M       680M       311M       1.4M        38M       288M
-/+ buffers/cache:       353M       638M
Swap:         8.0G         0B       8.0G

             total       used       free     shared    buffers     cached
Mem:          992M       708M       283M       1.4M        38M       289M
-/+ buffers/cache:       380M       611M
Swap:         8.0G         0B       8.0G

             total       used       free     shared    buffers     cached
Mem:          992M       667M       324M       1.4M        38M       289M
-/+ buffers/cache:       339M       652M
Swap:         8.0G         0B       8.0G

             total       used       free     shared    buffers     cached
Mem:          992M       670M       321M       1.4M        38M       289M
-/+ buffers/cache:       342M       649M
Swap:         8.0G         0B       8.0G

             total       used       free     shared    buffers     cached
Mem:          992M       667M       324M       1.4M        38M       289M
-/+ buffers/cache:       339M       652M
Swap:         8.0G         0B       8.0G

             total       used       free     shared    buffers     cached
Mem:          992M       667M       324M       1.4M        38M       289M
-/+ buffers/cache:       339M       652M
Swap:         8.0G         0B       8.0G

             total       used       free     shared    buffers     cached
Mem:          992M       667M       324M       1.4M        38M       289M
-/+ buffers/cache:       339M       652M
Swap:         8.0G         0B       8.0G

             total       used       free     shared    buffers     cached
Mem:          992M       667M       324M       1.4M        38M       289M
-/+ buffers/cache:       339M       652M
Swap:         8.0G         0B       8.0G

             total       used       free     shared    buffers     cached
Mem:          992M       667M       324M       1.4M        38M       289M
-/+ buffers/cache:       339M       652M
Swap:         8.0G         0B       8.0G

             total       used       free     shared    buffers     cached
Mem:          992M       667M       324M       1.4M        38M       289M
-/+ buffers/cache:       339M       652M
Swap:         8.0G         0B       8.0G

             total       used       free     shared    buffers     cached
Mem:          992M       667M       324M       1.4M        38M       289M
-/+ buffers/cache:       339M       652M
Swap:         8.0G         0B       8.0G

             total       used       free     shared    buffers     cached
Mem:          992M       668M       324M       1.4M        38M       289M
-/+ buffers/cache:       339M       652M
Swap:         8.0G         0B       8.0G

             total       used       free     shared    buffers     cached
Mem:          992M       668M       324M       1.4M        38M       289M
-/+ buffers/cache:       339M       652M
Swap:         8.0G         0B       8.0G

             total       used       free     shared    buffers     cached
Mem:          992M       668M       324M       1.4M        38M       289M
-/+ buffers/cache:       339M       652M
Swap:         8.0G         0B       8.0G

             total       used       free     shared    buffers     cached
Mem:          992M       668M       324M       1.4M        38M       289M
-/+ buffers/cache:       339M       652M
Swap:         8.0G         0B       8.0G

             total       used       free     shared    buffers     cached
Mem:          992M       668M       324M       1.4M        38M       289M
-/+ buffers/cache:       339M       652M
Swap:         8.0G         0B       8.0G

             total       used       free     shared    buffers     cached
Mem:          992M       668M       324M       1.4M        38M       289M
-/+ buffers/cache:       339M       652M
Swap:         8.0G         0B       8.0G

             total       used       free     shared    buffers     cached
Mem:          992M       668M       324M       1.4M        38M       289M
-/+ buffers/cache:       339M       652M
Swap:         8.0G         0B       8.0G

             total       used       free     shared    buffers     cached
Mem:          992M       668M       324M       1.4M        38M       289M
-/+ buffers/cache:       339M       652M
Swap:         8.0G         0B       8.0G

             total       used       free     shared    buffers     cached
Mem:          992M       668M       324M       1.4M        38M       289M
-/+ buffers/cache:       339M       652M
Swap:         8.0G         0B       8.0G

             total       used       free     shared    buffers     cached
Mem:          992M       668M       324M       1.4M        38M       289M
-/+ buffers/cache:       339M       652M
Swap:         8.0G         0B       8.0G

             total       used       free     shared    buffers     cached
Mem:          992M       668M       324M       1.4M        38M       289M
-/+ buffers/cache:       339M       652M
Swap:         8.0G         0B       8.0G

             total       used       free     shared    buffers     cached
Mem:          992M       668M       324M       1.4M        38M       289M
-/+ buffers/cache:       339M       652M
Swap:         8.0G         0B       8.0G

             total       used       free     shared    buffers     cached
Mem:          992M       675M       317M       1.4M        38M       289M
-/+ buffers/cache:       346M       645M
Swap:         8.0G         0B       8.0G

             total       used       free     shared    buffers     cached
Mem:          992M       692M       299M       1.4M        38M       289M
-/+ buffers/cache:       363M       628M
Swap:         8.0G         0B       8.0G

             total       used       free     shared    buffers     cached
Mem:          992M       710M       281M       1.4M        38M       289M
-/+ buffers/cache:       381M       610M
Swap:         8.0G         0B       8.0G

             total       used       free     shared    buffers     cached
Mem:          992M       726M       265M       1.4M        38M       289M
-/+ buffers/cache:       398M       594M
Swap:         8.0G         0B       8.0G

             total       used       free     shared    buffers     cached
Mem:          992M       743M       248M       1.4M        38M       289M
-/+ buffers/cache:       414M       577M
Swap:         8.0G         0B       8.0G

             total       used       free     shared    buffers     cached
Mem:          992M       760M       231M       1.4M        38M       289M
-/+ buffers/cache:       432M       560M
Swap:         8.0G         0B       8.0G

             total       used       free     shared    buffers     cached
Mem:          992M       777M       214M       1.4M        38M       289M
-/+ buffers/cache:       449M       543M
Swap:         8.0G         0B       8.0G

             total       used       free     shared    buffers     cached
Mem:          992M       791M       200M       1.4M        38M       289M
-/+ buffers/cache:       463M       529M
Swap:         8.0G         0B       8.0G

             total       used       free     shared    buffers     cached
Mem:          992M       807M       184M       1.4M        38M       289M
-/+ buffers/cache:       479M       513M
Swap:         8.0G         0B       8.0G

             total       used       free     shared    buffers     cached
Mem:          992M       823M       168M       1.4M        38M       289M
-/+ buffers/cache:       494M       497M
Swap:         8.0G         0B       8.0G

             total       used       free     shared    buffers     cached
Mem:          992M       841M       151M       1.4M        38M       289M
-/+ buffers/cache:       512M       479M
Swap:         8.0G         0B       8.0G

             total       used       free     shared    buffers     cached
Mem:          992M       858M       134M       1.4M        38M       289M
-/+ buffers/cache:       529M       462M
Swap:         8.0G         0B       8.0G

             total       used       free     shared    buffers     cached
Mem:          992M       875M       116M       1.4M        38M       289M
-/+ buffers/cache:       546M       445M
Swap:         8.0G         0B       8.0G

             total       used       free     shared    buffers     cached
Mem:          992M       890M       101M       1.4M        38M       289M
-/+ buffers/cache:       562M       429M
Swap:         8.0G         0B       8.0G

             total       used       free     shared    buffers     cached
Mem:          992M       905M        87M       1.4M        38M       289M
-/+ buffers/cache:       576M       415M
Swap:         8.0G         0B       8.0G

             total       used       free     shared    buffers     cached
Mem:          992M       921M        70M       1.4M        38M       289M
-/+ buffers/cache:       592M       399M
Swap:         8.0G         0B       8.0G

             total       used       free     shared    buffers     cached
Mem:          992M       922M        69M       1.4M        22M       288M
-/+ buffers/cache:       611M       380M
Swap:         8.0G         0B       8.0G

             total       used       free     shared    buffers     cached
Mem:          992M       922M        69M       1.4M        10M       284M
-/+ buffers/cache:       627M       364M
Swap:         8.0G         0B       8.0G

             total       used       free     shared    buffers     cached
Mem:          992M       933M        59M       1.4M        10M       276M
-/+ buffers/cache:       645M       346M
Swap:         8.0G         0B       8.0G

             total       used       free     shared    buffers     cached
Mem:          992M       923M        68M       1.3M       9.7M       251M
-/+ buffers/cache:       662M       330M
Swap:         8.0G       1.4M       8.0G

             total       used       free     shared    buffers     cached
Mem:          992M       932M        59M       1.3M       9.7M       243M
-/+ buffers/cache:       679M       312M
Swap:         8.0G       1.6M       8.0G

             total       used       free     shared    buffers     cached
Mem:          992M       901M        91M       1.0M       8.1M       205M
-/+ buffers/cache:       687M       304M
Swap:         8.0G        13M       8.0G

             total       used       free     shared    buffers     cached
Mem:          992M       915M        76M       988K       8.1M       205M
-/+ buffers/cache:       701M       290M
Swap:         8.0G        13M       8.0G

             total       used       free     shared    buffers     cached
Mem:          992M       919M        72M       988K       2.4M       198M
-/+ buffers/cache:       718M       273M
Swap:         8.0G        13M       8.0G

             total       used       free     shared    buffers     cached
Mem:          992M       924M        67M       988K       1.3M       187M
-/+ buffers/cache:       735M       256M
Swap:         8.0G        13M       8.0G

             total       used       free     shared    buffers     cached
Mem:          992M       917M        74M       988K       216K       165M
-/+ buffers/cache:       751M       240M
Swap:         8.0G        13M       8.0G

             total       used       free     shared    buffers     cached
Mem:          992M       913M        78M       988K       208K       146M
-/+ buffers/cache:       767M       224M
Swap:         8.0G        13M       8.0G

             total       used       free     shared    buffers     cached
Mem:          992M       926M        66M       988K       216K       146M
-/+ buffers/cache:       779M       212M
Swap:         8.0G        13M       8.0G

             total       used       free     shared    buffers     cached
Mem:          992M       921M        70M       988K       352K       128M
-/+ buffers/cache:       792M       199M
Swap:         8.0G        13M       8.0G

             total       used       free     shared    buffers     cached
Mem:          992M       922M        69M       988K       276K       115M
-/+ buffers/cache:       806M       185M
Swap:         8.0G        13M       8.0G

             total       used       free     shared    buffers     cached
Mem:          992M       923M        68M       988K       276K       101M
-/+ buffers/cache:       821M       170M
Swap:         8.0G        13M       8.0G

             total       used       free     shared    buffers     cached
Mem:          992M       920M        71M       988K       292K        81M
-/+ buffers/cache:       838M       153M
Swap:         8.0G        13M       8.0G

             total       used       free     shared    buffers     cached
Mem:          992M       920M        71M       988K       296K        65M
-/+ buffers/cache:       854M       137M
Swap:         8.0G        13M       8.0G

             total       used       free     shared    buffers     cached
Mem:          992M       920M        71M       988K       296K        49M
-/+ buffers/cache:       871M       120M
Swap:         8.0G        13M       8.0G

             total       used       free     shared    buffers     cached
Mem:          992M       913M        78M       988K       304K        26M
-/+ buffers/cache:       885M       106M
Swap:         8.0G        13M       8.0G

             total       used       free     shared    buffers     cached
Mem:          992M       921M        70M       988K       852K        18M
-/+ buffers/cache:       902M        89M
Swap:         8.0G        13M       8.0G

             total       used       free     shared    buffers     cached
Mem:          992M       930M        61M       972K       3.2M        17M
-/+ buffers/cache:       910M        81M
Swap:         8.0G        20M       8.0G

             total       used       free     shared    buffers     cached
Mem:          992M       921M        70M       680K       372K       8.2M
-/+ buffers/cache:       913M        79M
Swap:         8.0G        33M       8.0G

             total       used       free     shared    buffers     cached
Mem:          992M       921M        71M       680K       456K       4.2M
-/+ buffers/cache:       916M        75M
Swap:         8.0G        50M       7.9G

             total       used       free     shared    buffers     cached
Mem:          992M       924M        67M       676K       456K       3.5M
-/+ buffers/cache:       920M        71M
Swap:         8.0G        62M       7.9G

             total       used       free     shared    buffers     cached
Mem:          992M       921M        70M       676K       472K       3.4M
-/+ buffers/cache:       917M        74M
Swap:         8.0G       104M       7.9G

             total       used       free     shared    buffers     cached
Mem:          992M       920M        71M       652K       480K       3.4M
-/+ buffers/cache:       916M        75M
Swap:         8.0G       104M       7.9G

             total       used       free     shared    buffers     cached
Mem:          992M       920M        71M       652K       480K       3.2M
-/+ buffers/cache:       916M        75M
Swap:         8.0G       117M       7.9G

             total       used       free     shared    buffers     cached
Mem:          992M       918M        74M       644K       476K       2.8M
-/+ buffers/cache:       914M        77M
Swap:         8.0G       135M       7.9G

             total       used       free     shared    buffers     cached
Mem:          992M       921M        71M       636K       476K       2.8M
-/+ buffers/cache:       917M        74M
Swap:         8.0G       139M       7.9G

             total       used       free     shared    buffers     cached
Mem:          992M       917M        74M       584K       476K       2.7M
-/+ buffers/cache:       914M        78M
Swap:         8.0G       169M       7.8G

             total       used       free     shared    buffers     cached
Mem:          992M       918M        73M       572K       484K       2.8M
-/+ buffers/cache:       915M        76M
Swap:         8.0G       169M       7.8G

             total       used       free     shared    buffers     cached
Mem:          992M       907M        84M       572K       484K       2.8M
-/+ buffers/cache:       904M        87M
Swap:         8.0G       228M       7.8G

             total       used       free     shared    buffers     cached
Mem:          992M       923M        68M       568K       484K       2.8M
-/+ buffers/cache:       920M        72M
Swap:         8.0G       228M       7.8G

             total       used       free     shared    buffers     cached
Mem:          992M       925M        66M       568K       484K       2.8M
-/+ buffers/cache:       922M        69M
Swap:         8.0G       228M       7.8G

             total       used       free     shared    buffers     cached
Mem:          992M       927M        64M       568K       484K       2.8M
-/+ buffers/cache:       924M        67M
Swap:         8.0G       228M       7.8G

             total       used       free     shared    buffers     cached
Mem:          992M       929M        62M       544K       484K       3.1M
-/+ buffers/cache:       926M        65M
Swap:         8.0G       237M       7.8G

             total       used       free     shared    buffers     cached
Mem:          992M       926M        66M       544K       492K       3.0M
-/+ buffers/cache:       922M        69M
Swap:         8.0G       249M       7.8G

             total       used       free     shared    buffers     cached
Mem:          992M       922M        70M       544K       492K       3.0M
-/+ buffers/cache:       918M        73M
Swap:         8.0G       272M       7.7G

             total       used       free     shared    buffers     cached
Mem:          992M       928M        63M       544K       492K       3.0M
-/+ buffers/cache:       925M        66M
Swap:         8.0G       272M       7.7G

             total       used       free     shared    buffers     cached
Mem:          992M       924M        68M       544K       492K       3.0M
-/+ buffers/cache:       920M        71M
Swap:         8.0G       273M       7.7G

             total       used       free     shared    buffers     cached
Mem:          992M       931M        60M       544K       496K       3.0M
-/+ buffers/cache:       927M        64M
Swap:         8.0G       273M       7.7G

             total       used       free     shared    buffers     cached
Mem:          992M       919M        72M       544K       504K       3.0M
-/+ buffers/cache:       915M        76M
Swap:         8.0G       298M       7.7G

             total       used       free     shared    buffers     cached
Mem:          992M       925M        66M       544K       504K       2.9M
-/+ buffers/cache:       922M        70M
Swap:         8.0G       298M       7.7G

             total       used       free     shared    buffers     cached
Mem:          992M       930M        61M       544K       504K       3.0M
-/+ buffers/cache:       927M        65M
Swap:         8.0G       298M       7.7G

             total       used       free     shared    buffers     cached
Mem:          992M       922M        69M       544K       492K       2.9M
-/+ buffers/cache:       919M        73M
Swap:         8.0G       307M       7.7G

             total       used       free     shared    buffers     cached
Mem:          992M       928M        63M       544K       552K       3.0M
-/+ buffers/cache:       925M        66M
Swap:         8.0G       307M       7.7G

             total       used       free     shared    buffers     cached
Mem:          992M       917M        74M        24K       536K       2.4M
-/+ buffers/cache:       914M        77M
Swap:         8.0G       326M       7.7G

             total       used       free     shared    buffers     cached
Mem:          992M       923M        69M         8K       536K       2.4M
-/+ buffers/cache:       920M        71M
Swap:         8.0G       326M       7.7G

             total       used       free     shared    buffers     cached
Mem:          992M       928M        63M         8K       536K       2.4M
-/+ buffers/cache:       925M        66M
Swap:         8.0G       326M       7.7G

             total       used       free     shared    buffers     cached
Mem:          992M       923M        68M         8K       408K       2.4M
-/+ buffers/cache:       920M        71M
Swap:         8.0G       329M       7.7G

             total       used       free     shared    buffers     cached
Mem:          992M       922M        69M         8K       260K       2.4M
-/+ buffers/cache:       920M        72M
Swap:         8.0G       328M       7.7G

             total       used       free     shared    buffers     cached
Mem:          992M       920M        71M         8K       220K       2.0M
-/+ buffers/cache:       918M        74M
Swap:         8.0G       326M       7.7G

             total       used       free     shared    buffers     cached
Mem:          992M       923M        68M         0B       228K       2.1M
-/+ buffers/cache:       921M        70M
Swap:         8.0G       318M       7.7G

             total       used       free     shared    buffers     cached
Mem:          992M       925M        66M         0B       228K       2.0M
-/+ buffers/cache:       923M        68M
Swap:         8.0G       319M       7.7G

             total       used       free     shared    buffers     cached
Mem:          992M       924M        68M         0B       168K       1.7M
-/+ buffers/cache:       922M        70M
Swap:         8.0G       319M       7.7G

             total       used       free     shared    buffers     cached
Mem:          992M       921M        70M         0B       104K       1.6M
-/+ buffers/cache:       919M        72M
Swap:         8.0G       322M       7.7G

             total       used       free     shared    buffers     cached
Mem:          992M       921M        70M         0B       112K       1.5M
-/+ buffers/cache:       919M        72M
Swap:         8.0G       323M       7.7G

             total       used       free     shared    buffers     cached
Mem:          992M       919M        72M         0B       120K       1.4M
-/+ buffers/cache:       918M        73M
Swap:         8.0G       332M       7.7G

             total       used       free     shared    buffers     cached
Mem:          992M       919M        72M         0B       120K       1.3M
-/+ buffers/cache:       918M        73M
Swap:         8.0G       332M       7.7G

             total       used       free     shared    buffers     cached
Mem:          992M       922M        69M         0B       112K       1.3M
-/+ buffers/cache:       920M        71M
Swap:         8.0G       331M       7.7G

             total       used       free     shared    buffers     cached
Mem:          992M       902M        90M         0B       104K       1.6M
-/+ buffers/cache:       900M        91M
Swap:         8.0G       397M       7.6G

             total       used       free     shared    buffers     cached
Mem:          992M       931M        60M         0B       104K       1.9M
-/+ buffers/cache:       929M        62M
Swap:         8.0G       359M       7.6G

             total       used       free     shared    buffers     cached
Mem:          992M       920M        71M         0B       112K       1.9M
-/+ buffers/cache:       918M        73M
Swap:         8.0G       358M       7.6G

             total       used       free     shared    buffers     cached
Mem:          992M       924M        68M         0B       112K       1.9M
-/+ buffers/cache:       922M        70M
Swap:         8.0G       357M       7.6G

             total       used       free     shared    buffers     cached
Mem:          992M       931M        61M         0B       112K       1.9M
-/+ buffers/cache:       929M        63M
Swap:         8.0G       356M       7.6G

             total       used       free     shared    buffers     cached
Mem:          992M       924M        67M         0B       108K       1.9M
-/+ buffers/cache:       922M        69M
Swap:         8.0G       356M       7.6G

             total       used       free     shared    buffers     cached
Mem:          992M       917M        74M         0B       104K       2.0M
-/+ buffers/cache:       915M        76M
Swap:         8.0G       362M       7.6G

             total       used       free     shared    buffers     cached
Mem:          992M       924M        67M         0B       104K       2.0M
-/+ buffers/cache:       922M        69M
Swap:         8.0G       362M       7.6G

             total       used       free     shared    buffers     cached
Mem:          992M       923M        69M         0B       112K       2.0M
-/+ buffers/cache:       921M        71M
Swap:         8.0G       379M       7.6G

             total       used       free     shared    buffers     cached
Mem:          992M       914M        77M         0B       112K       2.0M
-/+ buffers/cache:       912M        79M
Swap:         8.0G       380M       7.6G

             total       used       free     shared    buffers     cached
Mem:          992M       916M        76M         0B       112K       2.0M
-/+ buffers/cache:       914M        78M
Swap:         8.0G       380M       7.6G

             total       used       free     shared    buffers     cached
Mem:          992M       917M        74M         0B       112K       2.0M
-/+ buffers/cache:       915M        76M
Swap:         8.0G       379M       7.6G

             total       used       free     shared    buffers     cached
Mem:          992M       919M        72M         0B       112K       2.0M
-/+ buffers/cache:       917M        74M
Swap:         8.0G       379M       7.6G

             total       used       free     shared    buffers     cached
Mem:          992M       919M        72M         0B       312K        10M
-/+ buffers/cache:       908M        83M
Swap:         8.0G       399M       7.6G

             total       used       free     shared    buffers     cached
Mem:          992M       913M        78M         0B       452K        14M
-/+ buffers/cache:       898M        93M
Swap:         8.0G       422M       7.6G

             total       used       free     shared    buffers     cached
Mem:          992M       921M        70M         4K       1.9M        17M
-/+ buffers/cache:       901M        90M
Swap:         8.0G       421M       7.6G

             total       used       free     shared    buffers     cached
Mem:          992M       924M        67M         4K       1.9M        18M
-/+ buffers/cache:       904M        87M
Swap:         8.0G       419M       7.6G

             total       used       free     shared    buffers     cached
Mem:          992M       926M        65M         4K       1.9M        18M
-/+ buffers/cache:       906M        85M
Swap:         8.0G       418M       7.6G

             total       used       free     shared    buffers     cached
Mem:          992M       928M        63M         4K       1.9M        18M
-/+ buffers/cache:       908M        83M
Swap:         8.0G       417M       7.6G

             total       used       free     shared    buffers     cached
Mem:          992M       917M        74M         4K       1.9M        17M
-/+ buffers/cache:       897M        94M
Swap:         8.0G       416M       7.6G

             total       used       free     shared    buffers     cached
Mem:          992M       919M        72M         4K       1.9M        17M
-/+ buffers/cache:       899M        92M
Swap:         8.0G       415M       7.6G

             total       used       free     shared    buffers     cached
Mem:          992M       922M        70M         4K       1.9M        18M
-/+ buffers/cache:       902M        89M
Swap:         8.0G       414M       7.6G

             total       used       free     shared    buffers     cached
Mem:          992M       924M        67M         4K       1.9M        18M
-/+ buffers/cache:       904M        87M
Swap:         8.0G       413M       7.6G

             total       used       free     shared    buffers     cached
Mem:          992M       926M        65M         4K       1.9M        18M
-/+ buffers/cache:       906M        85M
Swap:         8.0G       412M       7.6G

             total       used       free     shared    buffers     cached
Mem:          992M       928M        63M         4K       1.9M        18M
-/+ buffers/cache:       908M        83M
Swap:         8.0G       411M       7.6G

             total       used       free     shared    buffers     cached
Mem:          992M       930M        61M         4K       1.9M        18M
-/+ buffers/cache:       910M        81M
Swap:         8.0G       410M       7.6G

             total       used       free     shared    buffers     cached
Mem:          992M       919M        72M         4K       1.6M        13M
-/+ buffers/cache:       905M        87M
Swap:         8.0G       422M       7.6G

             total       used       free     shared    buffers     cached
Mem:          992M       922M        69M         4K       1.6M        13M
-/+ buffers/cache:       907M        84M
Swap:         8.0G       421M       7.6G

             total       used       free     shared    buffers     cached
Mem:          992M       924M        67M         4K       1.6M        13M
-/+ buffers/cache:       909M        82M
Swap:         8.0G       420M       7.6G

             total       used       free     shared    buffers     cached
Mem:          992M       926M        65M         4K       1.6M        13M
-/+ buffers/cache:       911M        80M
Swap:         8.0G       419M       7.6G

             total       used       free     shared    buffers     cached
Mem:          992M       929M        62M         4K       1.6M        13M
-/+ buffers/cache:       914M        77M
Swap:         8.0G       417M       7.6G

             total       used       free     shared    buffers     cached
Mem:          992M       920M        72M         4K       1.6M        12M
-/+ buffers/cache:       906M        86M
Swap:         8.0G       427M       7.6G

             total       used       free     shared    buffers     cached
Mem:          992M       922M        70M         4K       1.6M        12M
-/+ buffers/cache:       908M        84M
Swap:         8.0G       426M       7.6G

             total       used       free     shared    buffers     cached
Mem:          992M       924M        67M         4K       1.6M        12M
-/+ buffers/cache:       910M        81M
Swap:         8.0G       425M       7.6G

             total       used       free     shared    buffers     cached
Mem:          992M       926M        65M         4K       1.6M        12M
-/+ buffers/cache:       912M        79M
Swap:         8.0G       424M       7.6G

             total       used       free     shared    buffers     cached
Mem:          992M       928M        63M         4K       1.6M        12M
-/+ buffers/cache:       914M        77M
Swap:         8.0G       423M       7.6G

             total       used       free     shared    buffers     cached
Mem:          992M       919M        72M         4K       1.6M       9.6M
-/+ buffers/cache:       908M        84M
Swap:         8.0G       435M       7.6G

             total       used       free     shared    buffers     cached
Mem:          992M       921M        70M         4K       1.6M       9.6M
-/+ buffers/cache:       910M        81M
Swap:         8.0G       434M       7.6G

             total       used       free     shared    buffers     cached
Mem:          992M       923M        68M         4K       1.6M       9.6M
-/+ buffers/cache:       912M        79M
Swap:         8.0G       433M       7.6G

             total       used       free     shared    buffers     cached
Mem:          992M       926M        66M         4K       1.6M       9.6M
-/+ buffers/cache:       914M        77M
Swap:         8.0G       432M       7.6G

             total       used       free     shared    buffers     cached
Mem:          992M       928M        63M         4K       1.7M       9.6M
-/+ buffers/cache:       917M        75M
Swap:         8.0G       431M       7.6G

             total       used       free     shared    buffers     cached
Mem:          992M       930M        61M         4K       1.7M       9.6M
-/+ buffers/cache:       919M        72M
Swap:         8.0G       430M       7.6G

             total       used       free     shared    buffers     cached
Mem:          992M       920M        72M         4K       936K       8.0M
-/+ buffers/cache:       911M        81M
Swap:         8.0G       434M       7.6G

             total       used       free     shared    buffers     cached
Mem:          992M       922M        69M         4K       936K       8.1M
-/+ buffers/cache:       913M        78M
Swap:         8.0G       433M       7.6G

             total       used       free     shared    buffers     cached
Mem:          992M       925M        66M         4K       936K       8.1M
-/+ buffers/cache:       916M        75M
Swap:         8.0G       431M       7.6G

             total       used       free     shared    buffers     cached
Mem:          992M       927M        64M         4K       944K       8.1M
-/+ buffers/cache:       918M        73M
Swap:         8.0G       430M       7.6G

             total       used       free     shared    buffers     cached
Mem:          992M       930M        62M         4K       944K       8.0M
-/+ buffers/cache:       921M        71M
Swap:         8.0G       429M       7.6G

             total       used       free     shared    buffers     cached
Mem:          992M       919M        72M         4K       108K       2.4M
-/+ buffers/cache:       917M        74M
Swap:         8.0G       442M       7.6G

             total       used       free     shared    buffers     cached
Mem:          992M       922M        69M         4K       240K       2.4M
-/+ buffers/cache:       920M        72M
Swap:         8.0G       440M       7.6G

             total       used       free     shared    buffers     cached
Mem:          992M       925M        67M         4K       240K       2.3M
-/+ buffers/cache:       922M        69M
Swap:         8.0G       439M       7.6G

             total       used       free     shared    buffers     cached
Mem:          992M       927M        64M         4K       248K       2.3M
-/+ buffers/cache:       924M        67M
Swap:         8.0G       438M       7.6G

             total       used       free     shared    buffers     cached
Mem:          992M       929M        62M         4K       248K       2.3M
-/+ buffers/cache:       927M        65M
Swap:         8.0G       437M       7.6G

             total       used       free     shared    buffers     cached
Mem:          992M       920M        71M         4K       248K       2.3M
-/+ buffers/cache:       917M        74M
Swap:         8.0G       438M       7.6G

             total       used       free     shared    buffers     cached
Mem:          992M       923M        68M         4K       248K       2.3M
-/+ buffers/cache:       920M        71M
Swap:         8.0G       437M       7.6G

             total       used       free     shared    buffers     cached
Mem:          992M       925M        66M         4K       248K       2.3M
-/+ buffers/cache:       923M        68M
Swap:         8.0G       436M       7.6G

             total       used       free     shared    buffers     cached
Mem:          992M       928M        63M         4K       248K       2.3M
-/+ buffers/cache:       926M        66M
Swap:         8.0G       434M       7.6G

             total       used       free     shared    buffers     cached
Mem:          992M       931M        60M         4K       256K       2.3M
-/+ buffers/cache:       928M        63M
Swap:         8.0G       433M       7.6G

             total       used       free     shared    buffers     cached
Mem:          992M       922M        69M         4K       256K       2.2M
-/+ buffers/cache:       919M        72M
Swap:         8.0G       436M       7.6G

             total       used       free     shared    buffers     cached
Mem:          992M       925M        66M         4K       256K       2.2M
-/+ buffers/cache:       922M        69M
Swap:         8.0G       434M       7.6G

             total       used       free     shared    buffers     cached
Mem:          992M       927M        64M         4K       256K       2.2M
-/+ buffers/cache:       925M        66M
Swap:         8.0G       433M       7.6G

             total       used       free     shared    buffers     cached
Mem:          992M       930M        61M         4K       256K       2.2M
-/+ buffers/cache:       928M        64M
Swap:         8.0G       431M       7.6G

             total       used       free     shared    buffers     cached
Mem:          992M       911M        80M         4K       264K       2.2M
-/+ buffers/cache:       909M        82M
Swap:         8.0G       454M       7.6G

             total       used       free     shared    buffers     cached
Mem:          992M       914M        77M         4K       264K       2.6M
-/+ buffers/cache:       912M        80M
Swap:         8.0G       452M       7.6G

             total       used       free     shared    buffers     cached
Mem:          992M       917M        74M         4K       264K       2.6M
-/+ buffers/cache:       914M        77M
Swap:         8.0G       451M       7.6G

             total       used       free     shared    buffers     cached
Mem:          992M       920M        72M         4K       264K       2.6M
-/+ buffers/cache:       917M        75M
Swap:         8.0G       450M       7.6G

             total       used       free     shared    buffers     cached
Mem:          992M       922M        69M         4K       268K       3.9M
-/+ buffers/cache:       918M        73M
Swap:         8.0G       449M       7.6G

             total       used       free     shared    buffers     cached
Mem:          992M       924M        68M         4K       276K       3.9M
-/+ buffers/cache:       919M        72M
Swap:         8.0G       448M       7.6G

             total       used       free     shared    buffers     cached
Mem:          992M       925M        66M         4K       276K       3.9M
-/+ buffers/cache:       921M        71M
Swap:         8.0G       448M       7.6G

             total       used       free     shared    buffers     cached
Mem:          992M       926M        65M         4K       276K       3.9M
-/+ buffers/cache:       922M        70M
Swap:         8.0G       447M       7.6G

             total       used       free     shared    buffers     cached
Mem:          992M       927M        64M         4K       276K       4.0M
-/+ buffers/cache:       923M        69M
Swap:         8.0G       446M       7.6G

             total       used       free     shared    buffers     cached
Mem:          992M       928M        63M         4K       276K       3.9M
-/+ buffers/cache:       924M        68M
Swap:         8.0G       446M       7.6G

             total       used       free     shared    buffers     cached
Mem:          992M       913M        78M         4K       540K       3.7M
-/+ buffers/cache:       909M        82M
Swap:         8.0G       466M       7.5G

             total       used       free     shared    buffers     cached
Mem:          992M       931M        61M         4K       896K        16M
-/+ buffers/cache:       914M        78M
Swap:         8.0G       463M       7.5G

             total       used       free     shared    buffers     cached
Mem:          992M       923M        68M        20K       504K        29M
-/+ buffers/cache:       893M        99M
Swap:         8.0G       482M       7.5G

             total       used       free     shared    buffers     cached
Mem:          992M       925M        66M        20K       504K        29M
-/+ buffers/cache:       895M        96M
Swap:         8.0G       481M       7.5G

             total       used       free     shared    buffers     cached
Mem:          992M       927M        64M        20K       820K        29M
-/+ buffers/cache:       896M        95M
Swap:         8.0G       481M       7.5G

             total       used       free     shared    buffers     cached
Mem:          992M       928M        63M        20K       824K        29M
-/+ buffers/cache:       898M        94M
Swap:         8.0G       480M       7.5G

             total       used       free     shared    buffers     cached
Mem:          992M       929M        62M        20K       832K        29M
-/+ buffers/cache:       898M        93M
Swap:         8.0G       480M       7.5G

             total       used       free     shared    buffers     cached
Mem:          992M       931M        61M        20K       832K        30M
-/+ buffers/cache:       900M        91M
Swap:         8.0G       479M       7.5G

             total       used       free     shared    buffers     cached
Mem:          992M       907M        84M        16K       832K        25M
-/+ buffers/cache:       880M       111M
Swap:         8.0G       500M       7.5G

             total       used       free     shared    buffers     cached
Mem:          992M       910M        81M        16K       832K        26M
-/+ buffers/cache:       882M       109M
Swap:         8.0G       499M       7.5G

             total       used       free     shared    buffers     cached
Mem:          992M       911M        80M        16K       832K        26M
-/+ buffers/cache:       884M       108M
Swap:         8.0G       499M       7.5G

             total       used       free     shared    buffers     cached
Mem:          992M       912M        79M        16K       840K        27M
-/+ buffers/cache:       885M       107M
Swap:         8.0G       498M       7.5G

             total       used       free     shared    buffers     cached
Mem:          992M       914M        77M        16K       840K        26M
-/+ buffers/cache:       886M       105M
Swap:         8.0G       497M       7.5G

             total       used       free     shared    buffers     cached
Mem:          992M       915M        76M        16K       840K        26M
-/+ buffers/cache:       887M       104M
Swap:         8.0G       497M       7.5G

             total       used       free     shared    buffers     cached
Mem:          992M       916M        75M        16K       840K        26M
-/+ buffers/cache:       889M       103M
Swap:         8.0G       496M       7.5G

             total       used       free     shared    buffers     cached
Mem:          992M       918M        74M        16K       840K        27M
-/+ buffers/cache:       890M       101M
Swap:         8.0G       496M       7.5G

             total       used       free     shared    buffers     cached
Mem:          992M       919M        72M        16K       840K        27M
-/+ buffers/cache:       891M       100M
Swap:         8.0G       495M       7.5G

             total       used       free     shared    buffers     cached
Mem:          992M       920M        71M        16K       848K        26M
-/+ buffers/cache:       893M        99M
Swap:         8.0G       494M       7.5G

             total       used       free     shared    buffers     cached
Mem:          992M       922M        70M        16K       848K        26M
-/+ buffers/cache:       894M        97M
Swap:         8.0G       494M       7.5G

             total       used       free     shared    buffers     cached
Mem:          992M       923M        68M        16K       848K        27M
-/+ buffers/cache:       895M        96M
Swap:         8.0G       493M       7.5G

             total       used       free     shared    buffers     cached
Mem:          992M       925M        66M        16K       848K        27M
-/+ buffers/cache:       896M        95M
Swap:         8.0G       492M       7.5G

             total       used       free     shared    buffers     cached
Mem:          992M       926M        65M        16K       848K        27M
-/+ buffers/cache:       898M        93M
Swap:         8.0G       492M       7.5G

             total       used       free     shared    buffers     cached
Mem:          992M       927M        64M        16K       856K        27M
-/+ buffers/cache:       899M        92M
Swap:         8.0G       491M       7.5G

             total       used       free     shared    buffers     cached
Mem:          992M       929M        62M        16K       856K        27M
-/+ buffers/cache:       900M        91M
Swap:         8.0G       490M       7.5G

             total       used       free     shared    buffers     cached
Mem:          992M       930M        61M        16K       856K        27M
-/+ buffers/cache:       902M        89M
Swap:         8.0G       490M       7.5G

             total       used       free     shared    buffers     cached
Mem:          992M       920M        71M        16K       856K        26M
-/+ buffers/cache:       892M        99M
Swap:         8.0G       495M       7.5G

             total       used       free     shared    buffers     cached
Mem:          992M       921M        70M        16K       856K        26M
-/+ buffers/cache:       893M        98M
Swap:         8.0G       494M       7.5G

             total       used       free     shared    buffers     cached
Mem:          992M       923M        69M        16K       856K        26M
-/+ buffers/cache:       895M        96M
Swap:         8.0G       493M       7.5G

             total       used       free     shared    buffers     cached
Mem:          992M       924M        68M        16K       864K        26M
-/+ buffers/cache:       896M        95M
Swap:         8.0G       493M       7.5G

             total       used       free     shared    buffers     cached
Mem:          992M       925M        66M        16K       864K        26M
-/+ buffers/cache:       898M        94M
Swap:         8.0G       492M       7.5G

             total       used       free     shared    buffers     cached
Mem:          992M       927M        65M        16K       864K        26M
-/+ buffers/cache:       899M        92M
Swap:         8.0G       491M       7.5G

             total       used       free     shared    buffers     cached
Mem:          992M       928M        63M        16K       864K        26M
-/+ buffers/cache:       900M        91M
Swap:         8.0G       490M       7.5G

             total       used       free     shared    buffers     cached
Mem:          992M       929M        62M        16K       864K        26M
-/+ buffers/cache:       902M        90M
Swap:         8.0G       490M       7.5G

             total       used       free     shared    buffers     cached
Mem:          992M       931M        61M        16K       872K        26M
-/+ buffers/cache:       903M        88M
Swap:         8.0G       489M       7.5G

             total       used       free     shared    buffers     cached
Mem:          992M       913M        79M        16K       860K        25M
-/+ buffers/cache:       886M       105M
Swap:         8.0G       499M       7.5G

             total       used       free     shared    buffers     cached
Mem:          992M       914M        78M        16K       860K        25M
-/+ buffers/cache:       887M       104M
Swap:         8.0G       499M       7.5G

             total       used       free     shared    buffers     cached
Mem:          992M       915M        76M        16K       860K        25M
-/+ buffers/cache:       888M       103M
Swap:         8.0G       498M       7.5G

             total       used       free     shared    buffers     cached
Mem:          992M       916M        75M        16K       860K        25M
-/+ buffers/cache:       890M       102M
Swap:         8.0G       497M       7.5G

             total       used       free     shared    buffers     cached
Mem:          992M       918M        74M        16K       860K        25M
-/+ buffers/cache:       891M       100M
Swap:         8.0G       497M       7.5G

             total       used       free     shared    buffers     cached
Mem:          992M       919M        72M        16K       868K        25M
-/+ buffers/cache:       892M        99M
Swap:         8.0G       496M       7.5G

             total       used       free     shared    buffers     cached
Mem:          992M       920M        71M        16K       868K        25M
-/+ buffers/cache:       894M        98M
Swap:         8.0G       495M       7.5G

             total       used       free     shared    buffers     cached
Mem:          992M       921M        70M        16K       868K        25M
-/+ buffers/cache:       895M        97M
Swap:         8.0G       495M       7.5G

             total       used       free     shared    buffers     cached
Mem:          992M       923M        68M        16K       868K        25M
-/+ buffers/cache:       896M        95M
Swap:         8.0G       494M       7.5G

             total       used       free     shared    buffers     cached
Mem:          992M       924M        67M        16K       868K        25M
-/+ buffers/cache:       898M        94M
Swap:         8.0G       493M       7.5G

             total       used       free     shared    buffers     cached
Mem:          992M       925M        66M        16K       876K        25M
-/+ buffers/cache:       899M        92M
Swap:         8.0G       493M       7.5G

             total       used       free     shared    buffers     cached
Mem:          992M       927M        64M        16K       876K        25M
-/+ buffers/cache:       900M        91M
Swap:         8.0G       492M       7.5G

             total       used       free     shared    buffers     cached
Mem:          992M       928M        63M        16K       876K        25M
-/+ buffers/cache:       902M        90M
Swap:         8.0G       491M       7.5G

             total       used       free     shared    buffers     cached
Mem:          992M       930M        61M        16K       876K        25M
-/+ buffers/cache:       903M        88M
Swap:         8.0G       490M       7.5G

             total       used       free     shared    buffers     cached
Mem:          992M       914M        78M        16K       836K        21M
-/+ buffers/cache:       891M       100M
Swap:         8.0G       499M       7.5G

             total       used       free     shared    buffers     cached
Mem:          992M       915M        76M        16K       836K        21M
-/+ buffers/cache:       892M        99M
Swap:         8.0G       498M       7.5G

             total       used       free     shared    buffers     cached
Mem:          992M       916M        75M        16K       844K        21M
-/+ buffers/cache:       893M        98M
Swap:         8.0G       497M       7.5G

             total       used       free     shared    buffers     cached
Mem:          992M       917M        74M        16K       844K        21M
-/+ buffers/cache:       895M        96M
Swap:         8.0G       497M       7.5G

             total       used       free     shared    buffers     cached
Mem:          992M       918M        73M        16K       844K        21M
-/+ buffers/cache:       896M        95M
Swap:         8.0G       496M       7.5G

             total       used       free     shared    buffers     cached
Mem:          992M       920M        71M        16K       844K        21M
-/+ buffers/cache:       897M        94M
Swap:         8.0G       495M       7.5G

             total       used       free     shared    buffers     cached
Mem:          992M       921M        70M        16K       844K        21M
-/+ buffers/cache:       898M        93M
Swap:         8.0G       495M       7.5G

             total       used       free     shared    buffers     cached
Mem:          992M       922M        69M        16K       852K        21M
-/+ buffers/cache:       900M        91M
Swap:         8.0G       494M       7.5G

             total       used       free     shared    buffers     cached
Mem:          992M       924M        67M        16K       852K        21M
-/+ buffers/cache:       901M        90M
Swap:         8.0G       493M       7.5G

             total       used       free     shared    buffers     cached
Mem:          992M       925M        66M        16K       852K        21M
-/+ buffers/cache:       903M        89M
Swap:         8.0G       492M       7.5G

             total       used       free     shared    buffers     cached
Mem:          992M       926M        65M        16K       852K        21M
-/+ buffers/cache:       904M        87M
Swap:         8.0G       491M       7.5G

             total       used       free     shared    buffers     cached
Mem:          992M       928M        63M        16K       852K        21M
-/+ buffers/cache:       905M        86M
Swap:         8.0G       491M       7.5G

             total       used       free     shared    buffers     cached
Mem:          992M       929M        62M        16K       852K        21M
-/+ buffers/cache:       907M        85M
Swap:         8.0G       490M       7.5G

             total       used       free     shared    buffers     cached
Mem:          992M       931M        60M        16K       860K        21M
-/+ buffers/cache:       908M        83M
Swap:         8.0G       490M       7.5G

             total       used       free     shared    buffers     cached
Mem:          992M       926M        65M        16K       532K        22M
-/+ buffers/cache:       904M        88M
Swap:         8.0G       498M       7.5G

             total       used       free     shared    buffers     cached
Mem:          992M       928M        64M        16K       532K        22M
-/+ buffers/cache:       905M        86M
Swap:         8.0G       497M       7.5G

             total       used       free     shared    buffers     cached
Mem:          992M       929M        62M        16K       848K        22M
-/+ buffers/cache:       906M        85M
Swap:         8.0G       497M       7.5G

             total       used       free     shared    buffers     cached
Mem:          992M       914M        78M        16K       820K        19M
-/+ buffers/cache:       893M        98M
Swap:         8.0G       517M       7.5G

             total       used       free     shared    buffers     cached
Mem:          992M       916M        75M        16K       964K        20M
-/+ buffers/cache:       894M        97M
Swap:         8.0G       516M       7.5G

             total       used       free     shared    buffers     cached
Mem:          992M       917M        74M        20K       964K        20M
-/+ buffers/cache:       896M        95M
Swap:         8.0G       516M       7.5G

             total       used       free     shared    buffers     cached
Mem:          992M       919M        72M        20K       964K        20M
-/+ buffers/cache:       897M        94M
Swap:         8.0G       515M       7.5G

             total       used       free     shared    buffers     cached
Mem:          992M       927M        64M        20K       964K        22M
-/+ buffers/cache:       904M        87M
Swap:         8.0G       512M       7.5G

             total       used       free     shared    buffers     cached
Mem:          992M       929M        62M        20K       964K        22M
-/+ buffers/cache:       905M        86M
Swap:         8.0G       511M       7.5G

             total       used       free     shared    buffers     cached
Mem:          992M       917M        74M        20K       948K        23M
-/+ buffers/cache:       893M        99M
Swap:         8.0G       515M       7.5G

             total       used       free     shared    buffers     cached
Mem:          992M       917M        74M        20K       956K        23M
-/+ buffers/cache:       893M        98M
Swap:         8.0G       514M       7.5G

             total       used       free     shared    buffers     cached
Mem:          992M       918M        73M        20K       956K        23M
-/+ buffers/cache:       894M        97M
Swap:         8.0G       514M       7.5G

             total       used       free     shared    buffers     cached
Mem:          992M       919M        72M        20K       956K        23M
-/+ buffers/cache:       895M        96M
Swap:         8.0G       514M       7.5G

             total       used       free     shared    buffers     cached
Mem:          992M       920M        71M        20K       956K        23M
-/+ buffers/cache:       896M        95M
Swap:         8.0G       513M       7.5G

             total       used       free     shared    buffers     cached
Mem:          992M       921M        70M        20K       956K        23M
-/+ buffers/cache:       897M        95M
Swap:         8.0G       513M       7.5G

             total       used       free     shared    buffers     cached
Mem:          992M       922M        70M        20K       964K        23M
-/+ buffers/cache:       897M        94M
Swap:         8.0G       513M       7.5G

             total       used       free     shared    buffers     cached
Mem:          992M       923M        68M        20K       964K        23M
-/+ buffers/cache:       899M        93M
Swap:         8.0G       512M       7.5G

             total       used       free     shared    buffers     cached
Mem:          992M       924M        68M        20K       964K        23M
-/+ buffers/cache:       899M        92M
Swap:         8.0G       512M       7.5G

             total       used       free     shared    buffers     cached
Mem:          992M       924M        67M        20K       964K        23M
-/+ buffers/cache:       900M        91M
Swap:         8.0G       512M       7.5G

             total       used       free     shared    buffers     cached
Mem:          992M       926M        66M       176K       1.3M        34M
-/+ buffers/cache:       890M       101M
Swap:         8.0G       523M       7.5G

             total       used       free     shared    buffers     cached
Mem:          992M       922M        69M       3.9M       5.1M        56M
-/+ buffers/cache:       860M       131M
Swap:         8.0G       568M       7.4G

             total       used       free     shared    buffers     cached
Mem:          992M       921M        70M       3.9M       5.1M        67M
-/+ buffers/cache:       849M       143M
Swap:         8.0G       590M       7.4G

             total       used       free     shared    buffers     cached
Mem:          992M       914M        77M       232K       4.9M        62M
-/+ buffers/cache:       847M       145M
Swap:         8.0G       586M       7.4G

             total       used       free     shared    buffers     cached
Mem:          992M       916M        75M       224K       4.9M        62M
-/+ buffers/cache:       848M       143M
Swap:         8.0G       586M       7.4G

             total       used       free     shared    buffers     cached
Mem:          992M       918M        74M       224K       4.9M        62M
-/+ buffers/cache:       850M       141M
Swap:         8.0G       585M       7.4G

             total       used       free     shared    buffers     cached
Mem:          992M       919M        72M       224K       4.9M        62M
-/+ buffers/cache:       851M       140M
Swap:         8.0G       584M       7.4G

             total       used       free     shared    buffers     cached
Mem:          992M       921M        70M       224K       4.9M        62M
-/+ buffers/cache:       853M       138M
Swap:         8.0G       584M       7.4G

             total       used       free     shared    buffers     cached
Mem:          992M       924M        68M       224K       5.1M        63M
-/+ buffers/cache:       855M       137M
Swap:         8.0G       583M       7.4G

             total       used       free     shared    buffers     cached
Mem:          992M       925M        66M       224K       5.1M        64M
-/+ buffers/cache:       856M       135M
Swap:         8.0G       582M       7.4G

             total       used       free     shared    buffers     cached
Mem:          992M       927M        64M       224K       5.1M        64M
-/+ buffers/cache:       858M       133M
Swap:         8.0G       582M       7.4G

             total       used       free     shared    buffers     cached
Mem:          992M       929M        62M       224K       5.1M        64M
-/+ buffers/cache:       860M       132M
Swap:         8.0G       581M       7.4G

             total       used       free     shared    buffers     cached
Mem:          992M       930M        61M       224K       5.1M        64M
-/+ buffers/cache:       861M       130M
Swap:         8.0G       580M       7.4G

             total       used       free     shared    buffers     cached
Mem:          992M       917M        74M       224K       5.1M        61M
-/+ buffers/cache:       851M       141M
Swap:         8.0G       591M       7.4G

             total       used       free     shared    buffers     cached
Mem:          992M       918M        73M       224K       5.1M        61M
-/+ buffers/cache:       852M       139M
Swap:         8.0G       591M       7.4G

             total       used       free     shared    buffers     cached
Mem:          992M       920M        71M       224K       5.1M        61M
-/+ buffers/cache:       853M       138M
Swap:         8.0G       590M       7.4G

             total       used       free     shared    buffers     cached
Mem:          992M       921M        70M       224K       5.1M        61M
-/+ buffers/cache:       855M       136M
Swap:         8.0G       589M       7.4G

             total       used       free     shared    buffers     cached
Mem:          992M       923M        68M       224K       5.1M        61M
-/+ buffers/cache:       856M       135M
Swap:         8.0G       589M       7.4G

             total       used       free     shared    buffers     cached
Mem:          992M       924M        67M       224K       5.1M        61M
-/+ buffers/cache:       858M       133M
Swap:         8.0G       588M       7.4G

             total       used       free     shared    buffers     cached
Mem:          992M       925M        66M       224K       5.1M        61M
-/+ buffers/cache:       859M       132M
Swap:         8.0G       587M       7.4G

             total       used       free     shared    buffers     cached
Mem:          992M       927M        64M       224K       5.1M        61M
-/+ buffers/cache:       861M       131M
Swap:         8.0G       587M       7.4G

             total       used       free     shared    buffers     cached
Mem:          992M       928M        63M       224K       5.1M        61M
-/+ buffers/cache:       862M       129M
Swap:         8.0G       586M       7.4G

             total       used       free     shared    buffers     cached
Mem:          992M       930M        61M       224K       5.1M        61M
-/+ buffers/cache:       864M       128M
Swap:         8.0G       586M       7.4G

             total       used       free     shared    buffers     cached
Mem:          992M       918M        73M       224K       4.8M        60M
-/+ buffers/cache:       853M       138M
Swap:         8.0G       599M       7.4G

             total       used       free     shared    buffers     cached
Mem:          992M       919M        72M       224K       4.8M        60M
-/+ buffers/cache:       854M       137M
Swap:         8.0G       598M       7.4G

             total       used       free     shared    buffers     cached
Mem:          992M       921M        70M       224K       4.8M        60M
-/+ buffers/cache:       856M       135M
Swap:         8.0G       598M       7.4G

             total       used       free     shared    buffers     cached
Mem:          992M       922M        69M       224K       4.8M        60M
-/+ buffers/cache:       857M       134M
Swap:         8.0G       597M       7.4G

             total       used       free     shared    buffers     cached
Mem:          992M       924M        67M       224K       4.8M        60M
-/+ buffers/cache:       859M       132M
Swap:         8.0G       596M       7.4G

             total       used       free     shared    buffers     cached
Mem:          992M       925M        66M       224K       4.8M        60M
-/+ buffers/cache:       860M       131M
Swap:         8.0G       596M       7.4G

             total       used       free     shared    buffers     cached
Mem:          992M       927M        65M       224K       4.8M        60M
-/+ buffers/cache:       862M       130M
Swap:         8.0G       595M       7.4G

             total       used       free     shared    buffers     cached
Mem:          992M       928M        63M       224K       4.8M        60M
-/+ buffers/cache:       863M       128M
Swap:         8.0G       594M       7.4G

             total       used       free     shared    buffers     cached
Mem:          992M       920M        71M       224K       5.0M        64M
-/+ buffers/cache:       851M       140M
Swap:         8.0G       599M       7.4G

             total       used       free     shared    buffers     cached
Mem:          992M       919M        73M       272K       8.2M        72M
-/+ buffers/cache:       838M       153M
Swap:         8.0G       611M       7.4G
