             total       used       free     shared    buffers     cached
Mem:          992M       661M       330M       3.2M        38M       289M
-/+ buffers/cache:       333M       658M
Swap:         8.0G         0B       8.0G

             total       used       free     shared    buffers     cached
Mem:          992M       660M       331M       3.2M        38M       290M
-/+ buffers/cache:       332M       659M
Swap:         8.0G         0B       8.0G

             total       used       free     shared    buffers     cached
Mem:          992M       660M       331M       3.2M        38M       290M
-/+ buffers/cache:       332M       659M
Swap:         8.0G         0B       8.0G

             total       used       free     shared    buffers     cached
Mem:          992M       660M       331M       3.2M        38M       290M
-/+ buffers/cache:       332M       659M
Swap:         8.0G         0B       8.0G

             total       used       free     shared    buffers     cached
Mem:          992M       660M       331M       3.2M        38M       290M
-/+ buffers/cache:       332M       659M
Swap:         8.0G         0B       8.0G

             total       used       free     shared    buffers     cached
Mem:          992M       660M       331M       3.2M        38M       289M
-/+ buffers/cache:       332M       659M
Swap:         8.0G         0B       8.0G

             total       used       free     shared    buffers     cached
Mem:          992M       660M       331M       3.2M        38M       290M
-/+ buffers/cache:       332M       659M
Swap:         8.0G         0B       8.0G

             total       used       free     shared    buffers     cached
Mem:          992M       660M       331M       3.2M        38M       290M
-/+ buffers/cache:       332M       660M
Swap:         8.0G         0B       8.0G

             total       used       free     shared    buffers     cached
Mem:          992M       660M       331M       3.2M        38M       290M
-/+ buffers/cache:       331M       660M
Swap:         8.0G         0B       8.0G

             total       used       free     shared    buffers     cached
Mem:          992M       660M       331M       3.2M        38M       290M
-/+ buffers/cache:       331M       660M
Swap:         8.0G         0B       8.0G

             total       used       free     shared    buffers     cached
Mem:          992M       664M       328M       3.2M        38M       290M
-/+ buffers/cache:       335M       657M
Swap:         8.0G         0B       8.0G

             total       used       free     shared    buffers     cached
Mem:          992M       682M       309M       3.2M        38M       290M
-/+ buffers/cache:       353M       638M
Swap:         8.0G         0B       8.0G

             total       used       free     shared    buffers     cached
Mem:          992M       708M       284M       3.2M        38M       290M
-/+ buffers/cache:       378M       613M
Swap:         8.0G         0B       8.0G

             total       used       free     shared    buffers     cached
Mem:          992M       670M       322M       3.2M        38M       291M
-/+ buffers/cache:       339M       652M
Swap:         8.0G         0B       8.0G

             total       used       free     shared    buffers     cached
Mem:          992M       680M       311M       3.2M        38M       291M
-/+ buffers/cache:       350M       642M
Swap:         8.0G         0B       8.0G

             total       used       free     shared    buffers     cached
Mem:          992M       670M       321M       3.2M        38M       291M
-/+ buffers/cache:       340M       652M
Swap:         8.0G         0B       8.0G

             total       used       free     shared    buffers     cached
Mem:          992M       670M       321M       3.2M        38M       291M
-/+ buffers/cache:       340M       652M
Swap:         8.0G         0B       8.0G

             total       used       free     shared    buffers     cached
Mem:          992M       670M       321M       3.2M        38M       291M
-/+ buffers/cache:       340M       652M
Swap:         8.0G         0B       8.0G

             total       used       free     shared    buffers     cached
Mem:          992M       670M       321M       3.2M        38M       291M
-/+ buffers/cache:       340M       652M
Swap:         8.0G         0B       8.0G

             total       used       free     shared    buffers     cached
Mem:          992M       670M       321M       3.2M        38M       291M
-/+ buffers/cache:       340M       652M
Swap:         8.0G         0B       8.0G

             total       used       free     shared    buffers     cached
Mem:          992M       670M       321M       3.2M        38M       291M
-/+ buffers/cache:       340M       652M
Swap:         8.0G         0B       8.0G

             total       used       free     shared    buffers     cached
Mem:          992M       670M       321M       3.2M        38M       291M
-/+ buffers/cache:       340M       652M
Swap:         8.0G         0B       8.0G

             total       used       free     shared    buffers     cached
Mem:          992M       670M       321M       3.2M        38M       291M
-/+ buffers/cache:       340M       652M
Swap:         8.0G         0B       8.0G

             total       used       free     shared    buffers     cached
Mem:          992M       670M       321M       3.2M        38M       291M
-/+ buffers/cache:       340M       652M
Swap:         8.0G         0B       8.0G

             total       used       free     shared    buffers     cached
Mem:          992M       670M       321M       3.2M        38M       291M
-/+ buffers/cache:       340M       652M
Swap:         8.0G         0B       8.0G

             total       used       free     shared    buffers     cached
Mem:          992M       670M       321M       3.2M        38M       291M
-/+ buffers/cache:       340M       652M
Swap:         8.0G         0B       8.0G

             total       used       free     shared    buffers     cached
Mem:          992M       670M       321M       3.2M        38M       291M
-/+ buffers/cache:       340M       652M
Swap:         8.0G         0B       8.0G

             total       used       free     shared    buffers     cached
Mem:          992M       670M       321M       3.2M        38M       291M
-/+ buffers/cache:       340M       652M
Swap:         8.0G         0B       8.0G

             total       used       free     shared    buffers     cached
Mem:          992M       670M       321M       3.2M        38M       291M
-/+ buffers/cache:       340M       652M
Swap:         8.0G         0B       8.0G

             total       used       free     shared    buffers     cached
Mem:          992M       670M       321M       3.2M        38M       291M
-/+ buffers/cache:       340M       652M
Swap:         8.0G         0B       8.0G

             total       used       free     shared    buffers     cached
Mem:          992M       670M       321M       3.2M        38M       291M
-/+ buffers/cache:       340M       652M
Swap:         8.0G         0B       8.0G

             total       used       free     shared    buffers     cached
Mem:          992M       670M       321M       3.2M        38M       291M
-/+ buffers/cache:       340M       652M
Swap:         8.0G         0B       8.0G

             total       used       free     shared    buffers     cached
Mem:          992M       670M       321M       3.2M        38M       291M
-/+ buffers/cache:       340M       652M
Swap:         8.0G         0B       8.0G

             total       used       free     shared    buffers     cached
Mem:          992M       675M       316M       3.2M        38M       291M
-/+ buffers/cache:       345M       647M
Swap:         8.0G         0B       8.0G

             total       used       free     shared    buffers     cached
Mem:          992M       692M       300M       3.2M        38M       291M
-/+ buffers/cache:       361M       630M
Swap:         8.0G         0B       8.0G

             total       used       free     shared    buffers     cached
Mem:          992M       707M       285M       3.2M        38M       291M
-/+ buffers/cache:       376M       615M
Swap:         8.0G         0B       8.0G

             total       used       free     shared    buffers     cached
Mem:          992M       722M       269M       3.2M        38M       291M
-/+ buffers/cache:       392M       599M
Swap:         8.0G         0B       8.0G

             total       used       free     shared    buffers     cached
Mem:          992M       738M       253M       3.2M        38M       291M
-/+ buffers/cache:       408M       583M
Swap:         8.0G         0B       8.0G

             total       used       free     shared    buffers     cached
Mem:          992M       756M       236M       3.2M        38M       291M
-/+ buffers/cache:       425M       566M
Swap:         8.0G         0B       8.0G

             total       used       free     shared    buffers     cached
Mem:          992M       770M       222M       3.2M        38M       291M
-/+ buffers/cache:       439M       552M
Swap:         8.0G         0B       8.0G

             total       used       free     shared    buffers     cached
Mem:          992M       784M       207M       3.2M        38M       291M
-/+ buffers/cache:       454M       538M
Swap:         8.0G         0B       8.0G

             total       used       free     shared    buffers     cached
Mem:          992M       801M       190M       3.2M        38M       291M
-/+ buffers/cache:       471M       521M
Swap:         8.0G         0B       8.0G

             total       used       free     shared    buffers     cached
Mem:          992M       817M       174M       3.2M        38M       291M
-/+ buffers/cache:       487M       505M
Swap:         8.0G         0B       8.0G

             total       used       free     shared    buffers     cached
Mem:          992M       834M       157M       3.2M        38M       291M
-/+ buffers/cache:       504M       488M
Swap:         8.0G         0B       8.0G

             total       used       free     shared    buffers     cached
Mem:          992M       849M       142M       3.2M        38M       291M
-/+ buffers/cache:       519M       473M
Swap:         8.0G         0B       8.0G

             total       used       free     shared    buffers     cached
Mem:          992M       864M       127M       3.2M        38M       291M
-/+ buffers/cache:       534M       457M
Swap:         8.0G         0B       8.0G

             total       used       free     shared    buffers     cached
Mem:          992M       879M       112M       3.2M        38M       291M
-/+ buffers/cache:       549M       443M
Swap:         8.0G         0B       8.0G

             total       used       free     shared    buffers     cached
Mem:          992M       895M        97M       3.2M        38M       291M
-/+ buffers/cache:       564M       427M
Swap:         8.0G         0B       8.0G

             total       used       free     shared    buffers     cached
Mem:          992M       909M        83M       3.2M        38M       291M
-/+ buffers/cache:       578M       413M
Swap:         8.0G         0B       8.0G

             total       used       free     shared    buffers     cached
Mem:          992M       923M        68M       3.2M        38M       291M
-/+ buffers/cache:       593M       398M
Swap:         8.0G         0B       8.0G

             total       used       free     shared    buffers     cached
Mem:          992M       926M        65M       3.2M        26M       290M
-/+ buffers/cache:       609M       382M
Swap:         8.0G         0B       8.0G

             total       used       free     shared    buffers     cached
Mem:          992M       920M        72M       3.2M        10M       285M
-/+ buffers/cache:       624M       367M
Swap:         8.0G         0B       8.0G

             total       used       free     shared    buffers     cached
Mem:          992M       917M        74M       3.2M        10M       268M
-/+ buffers/cache:       639M       352M
Swap:         8.0G        76K       8.0G

             total       used       free     shared    buffers     cached
Mem:          992M       932M        59M       3.2M        10M       268M
-/+ buffers/cache:       654M       337M
Swap:         8.0G        76K       8.0G

             total       used       free     shared    buffers     cached
Mem:          992M       928M        63M       3.1M       9.8M       248M
-/+ buffers/cache:       669M       322M
Swap:         8.0G       208K       8.0G

             total       used       free     shared    buffers     cached
Mem:          992M       929M        62M       3.0M       9.8M       235M
-/+ buffers/cache:       684M       307M
Swap:         8.0G       3.4M       8.0G

             total       used       free     shared    buffers     cached
Mem:          992M       914M        77M       2.9M       9.8M       210M
-/+ buffers/cache:       694M       297M
Swap:         8.0G       7.6M       8.0G

             total       used       free     shared    buffers     cached
Mem:          992M       927M        64M       2.9M       9.8M       210M
-/+ buffers/cache:       707M       284M
Swap:         8.0G       7.6M       8.0G

             total       used       free     shared    buffers     cached
Mem:          992M       928M        63M       2.9M       3.1M       204M
-/+ buffers/cache:       721M       271M
Swap:         8.0G       7.6M       8.0G

             total       used       free     shared    buffers     cached
Mem:          992M       929M        62M       2.9M       1.9M       193M
-/+ buffers/cache:       734M       257M
Swap:         8.0G       7.6M       8.0G

             total       used       free     shared    buffers     cached
Mem:          992M       932M        59M       2.9M       748K       182M
-/+ buffers/cache:       749M       243M
Swap:         8.0G       7.6M       8.0G

             total       used       free     shared    buffers     cached
Mem:          992M       925M        66M       2.9M       224K       161M
-/+ buffers/cache:       763M       228M
Swap:         8.0G       7.6M       8.0G

             total       used       free     shared    buffers     cached
Mem:          992M       921M        71M       2.9M       228K       142M
-/+ buffers/cache:       778M       213M
Swap:         8.0G       7.6M       8.0G

             total       used       free     shared    buffers     cached
Mem:          992M       928M        63M       2.9M       236K       142M
-/+ buffers/cache:       786M       205M
Swap:         8.0G       7.6M       8.0G

             total       used       free     shared    buffers     cached
Mem:          992M       927M        64M       2.9M        76K       125M
-/+ buffers/cache:       801M       190M
Swap:         8.0G       7.6M       8.0G

             total       used       free     shared    buffers     cached
Mem:          992M       925M        66M       2.9M        80K       111M
-/+ buffers/cache:       814M       178M
Swap:         8.0G       7.6M       8.0G

             total       used       free     shared    buffers     cached
Mem:          992M       925M        66M       2.9M        80K        98M
-/+ buffers/cache:       827M       164M
Swap:         8.0G       7.6M       8.0G

             total       used       free     shared    buffers     cached
Mem:          992M       917M        75M       2.9M        92K        76M
-/+ buffers/cache:       840M       151M
Swap:         8.0G       7.6M       8.0G

             total       used       free     shared    buffers     cached
Mem:          992M       931M        61M       2.9M        92K        76M
-/+ buffers/cache:       854M       137M
Swap:         8.0G       7.6M       8.0G

             total       used       free     shared    buffers     cached
Mem:          992M       929M        62M       2.9M        92K        60M
-/+ buffers/cache:       868M       123M
Swap:         8.0G       7.6M       8.0G

             total       used       free     shared    buffers     cached
Mem:          992M       918M        73M       2.9M       3.0M        34M
-/+ buffers/cache:       881M       111M
Swap:         8.0G       7.6M       8.0G

             total       used       free     shared    buffers     cached
Mem:          992M       931M        60M       2.9M       3.0M        34M
-/+ buffers/cache:       894M        98M
Swap:         8.0G       7.6M       8.0G

             total       used       free     shared    buffers     cached
Mem:          992M       930M        61M       2.9M       3.0M        19M
-/+ buffers/cache:       907M        84M
Swap:         8.0G       7.6M       8.0G

             total       used       free     shared    buffers     cached
Mem:          992M       930M        62M       2.9M       496K       9.6M
-/+ buffers/cache:       919M        72M
Swap:         8.0G       8.2M       8.0G

             total       used       free     shared    buffers     cached
Mem:          992M       922M        69M       2.8M       492K       5.2M
-/+ buffers/cache:       916M        75M
Swap:         8.0G        26M       8.0G

             total       used       free     shared    buffers     cached
Mem:          992M       919M        72M       2.5M       484K       4.8M
-/+ buffers/cache:       914M        78M
Swap:         8.0G        45M       8.0G

             total       used       free     shared    buffers     cached
Mem:          992M       921M        71M       2.5M       484K       4.9M
-/+ buffers/cache:       915M        76M
Swap:         8.0G        71M       7.9G

             total       used       free     shared    buffers     cached
Mem:          992M       922M        69M       2.5M       488K       4.8M
-/+ buffers/cache:       917M        74M
Swap:         8.0G        71M       7.9G

             total       used       free     shared    buffers     cached
Mem:          992M       917M        75M       2.5M       456K       4.6M
-/+ buffers/cache:       912M        80M
Swap:         8.0G        94M       7.9G

             total       used       free     shared    buffers     cached
Mem:          992M       930M        62M       2.4M       456K       4.6M
-/+ buffers/cache:       925M        67M
Swap:         8.0G        94M       7.9G

             total       used       free     shared    buffers     cached
Mem:          992M       929M        62M       2.4M       384K       4.7M
-/+ buffers/cache:       924M        67M
Swap:         8.0G       102M       7.9G

             total       used       free     shared    buffers     cached
Mem:          992M       922M        69M       2.4M       220K       4.7M
-/+ buffers/cache:       917M        74M
Swap:         8.0G       125M       7.9G

             total       used       free     shared    buffers     cached
Mem:          992M       919M        72M       2.4M        88K       4.7M
-/+ buffers/cache:       914M        77M
Swap:         8.0G       156M       7.8G

             total       used       free     shared    buffers     cached
Mem:          992M       918M        73M       2.4M        96K       4.8M
-/+ buffers/cache:       914M        78M
Swap:         8.0G       156M       7.8G

             total       used       free     shared    buffers     cached
Mem:          992M       920M        72M       2.4M        84K       4.7M
-/+ buffers/cache:       915M        76M
Swap:         8.0G       177M       7.8G

             total       used       free     shared    buffers     cached
Mem:          992M       920M        72M       2.4M        84K       4.7M
-/+ buffers/cache:       915M        76M
Swap:         8.0G       177M       7.8G

             total       used       free     shared    buffers     cached
Mem:          992M       913M        78M       2.4M        84K       4.8M
-/+ buffers/cache:       908M        83M
Swap:         8.0G       208M       7.8G

             total       used       free     shared    buffers     cached
Mem:          992M       925M        66M       2.4M        84K       4.8M
-/+ buffers/cache:       920M        71M
Swap:         8.0G       208M       7.8G

             total       used       free     shared    buffers     cached
Mem:          992M       919M        72M       2.4M        92K       4.8M
-/+ buffers/cache:       914M        77M
Swap:         8.0G       222M       7.8G

             total       used       free     shared    buffers     cached
Mem:          992M       920M        72M       2.4M        92K       4.8M
-/+ buffers/cache:       915M        77M
Swap:         8.0G       236M       7.8G

             total       used       free     shared    buffers     cached
Mem:          992M       920M        71M       2.4M        92K       4.8M
-/+ buffers/cache:       915M        76M
Swap:         8.0G       249M       7.8G

             total       used       free     shared    buffers     cached
Mem:          992M       919M        72M       2.3M        92K       4.8M
-/+ buffers/cache:       914M        77M
Swap:         8.0G       272M       7.7G

             total       used       free     shared    buffers     cached
Mem:          992M       928M        63M       2.3M        92K       4.8M
-/+ buffers/cache:       923M        68M
Swap:         8.0G       272M       7.7G

             total       used       free     shared    buffers     cached
Mem:          992M       922M        69M       2.3M       100K       4.8M
-/+ buffers/cache:       917M        74M
Swap:         8.0G       273M       7.7G

             total       used       free     shared    buffers     cached
Mem:          992M       927M        64M       2.3M       100K       4.8M
-/+ buffers/cache:       922M        69M
Swap:         8.0G       273M       7.7G

             total       used       free     shared    buffers     cached
Mem:          992M       908M        83M       2.3M        96K       4.8M
-/+ buffers/cache:       904M        88M
Swap:         8.0G       302M       7.7G

             total       used       free     shared    buffers     cached
Mem:          992M       913M        78M       2.3M        96K       4.8M
-/+ buffers/cache:       909M        83M
Swap:         8.0G       302M       7.7G

             total       used       free     shared    buffers     cached
Mem:          992M       919M        72M       2.3M        96K       4.8M
-/+ buffers/cache:       915M        77M
Swap:         8.0G       302M       7.7G

             total       used       free     shared    buffers     cached
Mem:          992M       925M        67M       2.3M        96K       4.8M
-/+ buffers/cache:       920M        72M
Swap:         8.0G       302M       7.7G

             total       used       free     shared    buffers     cached
Mem:          992M       929M        62M       2.3M       104K       4.8M
-/+ buffers/cache:       925M        67M
Swap:         8.0G       302M       7.7G

             total       used       free     shared    buffers     cached
Mem:          992M       918M        73M       132K        80K        16M
-/+ buffers/cache:       902M        90M
Swap:         8.0G       336M       7.7G

             total       used       free     shared    buffers     cached
Mem:          992M       928M        63M       112K       636K        22M
-/+ buffers/cache:       905M        86M
Swap:         8.0G       336M       7.7G

             total       used       free     shared    buffers     cached
Mem:          992M       919M        72M       112K       1.1M        20M
-/+ buffers/cache:       897M        94M
Swap:         8.0G       357M       7.6G

             total       used       free     shared    buffers     cached
Mem:          992M       923M        68M       108K       1.1M        20M
-/+ buffers/cache:       901M        90M
Swap:         8.0G       357M       7.6G

             total       used       free     shared    buffers     cached
Mem:          992M       925M        66M       108K       1.1M        20M
-/+ buffers/cache:       903M        88M
Swap:         8.0G       357M       7.6G

             total       used       free     shared    buffers     cached
Mem:          992M       928M        63M       108K       1.1M        20M
-/+ buffers/cache:       906M        85M
Swap:         8.0G       357M       7.6G

             total       used       free     shared    buffers     cached
Mem:          992M       925M        66M        60K       1.1M        19M
-/+ buffers/cache:       904M        87M
Swap:         8.0G       349M       7.7G

             total       used       free     shared    buffers     cached
Mem:          992M       930M        61M         4K       1.1M        17M
-/+ buffers/cache:       911M        80M
Swap:         8.0G       345M       7.7G

             total       used       free     shared    buffers     cached
Mem:          992M       923M        68M         4K       1.0M        12M
-/+ buffers/cache:       909M        82M
Swap:         8.0G       346M       7.7G

             total       used       free     shared    buffers     cached
Mem:          992M       917M        74M         4K       512K       1.9M
-/+ buffers/cache:       914M        77M
Swap:         8.0G       337M       7.7G

             total       used       free     shared    buffers     cached
Mem:          992M       918M        73M         4K       512K       1.7M
-/+ buffers/cache:       916M        76M
Swap:         8.0G       342M       7.7G

             total       used       free     shared    buffers     cached
Mem:          992M       919M        72M         0B       512K       1.5M
-/+ buffers/cache:       917M        74M
Swap:         8.0G       335M       7.7G

             total       used       free     shared    buffers     cached
Mem:          992M       922M        70M         0B       296K       1.3M
-/+ buffers/cache:       920M        71M
Swap:         8.0G       335M       7.7G

             total       used       free     shared    buffers     cached
Mem:          992M       918M        73M         0B       104K       1.2M
-/+ buffers/cache:       917M        75M
Swap:         8.0G       349M       7.7G

             total       used       free     shared    buffers     cached
Mem:          992M       919M        72M         0B        80K       1.3M
-/+ buffers/cache:       918M        73M
Swap:         8.0G       339M       7.7G

             total       used       free     shared    buffers     cached
Mem:          992M       920M        71M         0B        88K       1.3M
-/+ buffers/cache:       919M        73M
Swap:         8.0G       335M       7.7G

             total       used       free     shared    buffers     cached
Mem:          992M       925M        66M         0B        88K       1.5M
-/+ buffers/cache:       924M        68M
Swap:         8.0G       337M       7.7G

             total       used       free     shared    buffers     cached
Mem:          992M       918M        73M         0B        88K       1.5M
-/+ buffers/cache:       916M        75M
Swap:         8.0G       351M       7.7G

             total       used       free     shared    buffers     cached
Mem:          992M       921M        71M         0B        88K       1.5M
-/+ buffers/cache:       919M        72M
Swap:         8.0G       350M       7.7G

             total       used       free     shared    buffers     cached
Mem:          992M       923M        68M         0B        88K       1.4M
-/+ buffers/cache:       922M        70M
Swap:         8.0G       348M       7.7G

             total       used       free     shared    buffers     cached
Mem:          992M       924M        67M         0B        96K       1.4M
-/+ buffers/cache:       922M        69M
Swap:         8.0G       343M       7.7G

             total       used       free     shared    buffers     cached
Mem:          992M       923M        68M         0B        96K       1.4M
-/+ buffers/cache:       921M        70M
Swap:         8.0G       430M       7.6G

             total       used       free     shared    buffers     cached
Mem:          992M       886M       105M         0B        96K       1.4M
-/+ buffers/cache:       884M       107M
Swap:         8.0G       427M       7.6G

             total       used       free     shared    buffers     cached
Mem:          992M       906M        86M         0B        96K       1.8M
-/+ buffers/cache:       904M        88M
Swap:         8.0G       400M       7.6G

             total       used       free     shared    buffers     cached
Mem:          992M       910M        81M         0B        96K       1.8M
-/+ buffers/cache:       908M        83M
Swap:         8.0G       399M       7.6G

             total       used       free     shared    buffers     cached
Mem:          992M       913M        78M         0B       104K       1.8M
-/+ buffers/cache:       911M        80M
Swap:         8.0G       397M       7.6G

             total       used       free     shared    buffers     cached
Mem:          992M       919M        72M         0B       104K       1.8M
-/+ buffers/cache:       917M        74M
Swap:         8.0G       397M       7.6G

             total       used       free     shared    buffers     cached
Mem:          992M       926M        66M         0B       104K       1.8M
-/+ buffers/cache:       924M        68M
Swap:         8.0G       396M       7.6G

             total       used       free     shared    buffers     cached
Mem:          992M       917M        74M         0B       104K       1.8M
-/+ buffers/cache:       915M        76M
Swap:         8.0G       396M       7.6G

             total       used       free     shared    buffers     cached
Mem:          992M       923M        68M         0B       104K       1.8M
-/+ buffers/cache:       921M        70M
Swap:         8.0G       396M       7.6G

             total       used       free     shared    buffers     cached
Mem:          992M       930M        61M         0B       244K       2.5M
-/+ buffers/cache:       928M        64M
Swap:         8.0G       396M       7.6G

             total       used       free     shared    buffers     cached
Mem:          992M       923M        68M         0B       232K       2.5M
-/+ buffers/cache:       921M        71M
Swap:         8.0G       396M       7.6G

             total       used       free     shared    buffers     cached
Mem:          992M       928M        63M         0B       232K       2.6M
-/+ buffers/cache:       925M        66M
Swap:         8.0G       396M       7.6G

             total       used       free     shared    buffers     cached
Mem:          992M       930M        61M         0B       232K       2.7M
-/+ buffers/cache:       927M        64M
Swap:         8.0G       395M       7.6G

             total       used       free     shared    buffers     cached
Mem:          992M       921M        71M         0B       200K       2.6M
-/+ buffers/cache:       918M        73M
Swap:         8.0G       394M       7.6G

             total       used       free     shared    buffers     cached
Mem:          992M       922M        69M         0B       200K       2.7M
-/+ buffers/cache:       920M        72M
Swap:         8.0G       393M       7.6G

             total       used       free     shared    buffers     cached
Mem:          992M       924M        67M         0B       208K       2.6M
-/+ buffers/cache:       921M        70M
Swap:         8.0G       393M       7.6G

             total       used       free     shared    buffers     cached
Mem:          992M       926M        65M         0B       208K       2.7M
-/+ buffers/cache:       923M        68M
Swap:         8.0G       391M       7.6G

             total       used       free     shared    buffers     cached
Mem:          992M       928M        63M         0B       208K       2.7M
-/+ buffers/cache:       925M        66M
Swap:         8.0G       390M       7.6G

             total       used       free     shared    buffers     cached
Mem:          992M       930M        61M         0B       208K       2.7M
-/+ buffers/cache:       927M        64M
Swap:         8.0G       389M       7.6G

             total       used       free     shared    buffers     cached
Mem:          992M       920M        71M         0B       196K       2.6M
-/+ buffers/cache:       917M        74M
Swap:         8.0G       400M       7.6G

             total       used       free     shared    buffers     cached
Mem:          992M       922M        69M         0B       204K       2.8M
-/+ buffers/cache:       920M        72M
Swap:         8.0G       399M       7.6G

             total       used       free     shared    buffers     cached
Mem:          992M       924M        67M         0B       204K       2.7M
-/+ buffers/cache:       922M        70M
Swap:         8.0G       398M       7.6G

             total       used       free     shared    buffers     cached
Mem:          992M       926M        65M         0B       204K       2.7M
-/+ buffers/cache:       923M        68M
Swap:         8.0G       397M       7.6G

             total       used       free     shared    buffers     cached
Mem:          992M       928M        63M         0B       204K       2.7M
-/+ buffers/cache:       925M        66M
Swap:         8.0G       396M       7.6G

             total       used       free     shared    buffers     cached
Mem:          992M       930M        61M         0B       204K       2.7M
-/+ buffers/cache:       927M        64M
Swap:         8.0G       395M       7.6G

             total       used       free     shared    buffers     cached
Mem:          992M       919M        72M         0B       204K       2.7M
-/+ buffers/cache:       916M        75M
Swap:         8.0G       406M       7.6G

             total       used       free     shared    buffers     cached
Mem:          992M       921M        70M         0B       212K       2.8M
-/+ buffers/cache:       918M        73M
Swap:         8.0G       405M       7.6G

             total       used       free     shared    buffers     cached
Mem:          992M       923M        68M         0B       212K       2.8M
-/+ buffers/cache:       920M        71M
Swap:         8.0G       404M       7.6G

             total       used       free     shared    buffers     cached
Mem:          992M       925M        66M         0B       212K       2.7M
-/+ buffers/cache:       922M        69M
Swap:         8.0G       403M       7.6G

             total       used       free     shared    buffers     cached
Mem:          992M       927M        64M         0B       212K       2.7M
-/+ buffers/cache:       925M        67M
Swap:         8.0G       402M       7.6G

             total       used       free     shared    buffers     cached
Mem:          992M       929M        62M         0B       212K       2.8M
-/+ buffers/cache:       927M        65M
Swap:         8.0G       401M       7.6G

             total       used       free     shared    buffers     cached
Mem:          992M       916M        75M         0B       220K       2.7M
-/+ buffers/cache:       913M        78M
Swap:         8.0G       409M       7.6G

             total       used       free     shared    buffers     cached
Mem:          992M       918M        74M         0B       220K       2.7M
-/+ buffers/cache:       915M        76M
Swap:         8.0G       408M       7.6G

             total       used       free     shared    buffers     cached
Mem:          992M       920M        71M         0B       220K       2.7M
-/+ buffers/cache:       917M        74M
Swap:         8.0G       407M       7.6G

             total       used       free     shared    buffers     cached
Mem:          992M       922M        69M         0B       220K       2.7M
-/+ buffers/cache:       919M        72M
Swap:         8.0G       406M       7.6G

             total       used       free     shared    buffers     cached
Mem:          992M       924M        67M         0B       220K       2.7M
-/+ buffers/cache:       921M        70M
Swap:         8.0G       405M       7.6G

             total       used       free     shared    buffers     cached
Mem:          992M       926M        65M         0B       228K       2.7M
-/+ buffers/cache:       923M        68M
Swap:         8.0G       404M       7.6G

             total       used       free     shared    buffers     cached
Mem:          992M       928M        64M         0B       228K       2.7M
-/+ buffers/cache:       925M        67M
Swap:         8.0G       403M       7.6G

             total       used       free     shared    buffers     cached
Mem:          992M       929M        62M         0B       228K       2.7M
-/+ buffers/cache:       926M        65M
Swap:         8.0G       402M       7.6G

             total       used       free     shared    buffers     cached
Mem:          992M       911M        80M         0B       220K        23M
-/+ buffers/cache:       887M       104M
Swap:         8.0G       482M       7.5G

             total       used       free     shared    buffers     cached
Mem:          992M       913M        78M         0B       240K        23M
-/+ buffers/cache:       889M       102M
Swap:         8.0G       481M       7.5G

             total       used       free     shared    buffers     cached
Mem:          992M       916M        76M         0B       560K        23M
-/+ buffers/cache:       891M       100M
Swap:         8.0G       480M       7.5G

             total       used       free     shared    buffers     cached
Mem:          992M       917M        74M         0B       572K        23M
-/+ buffers/cache:       893M        98M
Swap:         8.0G       480M       7.5G

             total       used       free     shared    buffers     cached
Mem:          992M       919M        72M         0B       580K        23M
-/+ buffers/cache:       895M        96M
Swap:         8.0G       479M       7.5G

             total       used       free     shared    buffers     cached
Mem:          992M       921M        70M         0B       580K        23M
-/+ buffers/cache:       897M        94M
Swap:         8.0G       478M       7.5G

             total       used       free     shared    buffers     cached
Mem:          992M       923M        68M         0B       580K        23M
-/+ buffers/cache:       899M        92M
Swap:         8.0G       477M       7.5G

             total       used       free     shared    buffers     cached
Mem:          992M       925M        66M         0B       580K        23M
-/+ buffers/cache:       901M        90M
Swap:         8.0G       476M       7.5G

             total       used       free     shared    buffers     cached
Mem:          992M       927M        64M         0B       588K        23M
-/+ buffers/cache:       903M        88M
Swap:         8.0G       475M       7.5G

             total       used       free     shared    buffers     cached
Mem:          992M       929M        62M         0B       588K        23M
-/+ buffers/cache:       905M        87M
Swap:         8.0G       474M       7.5G

             total       used       free     shared    buffers     cached
Mem:          992M       915M        76M         0B       588K        20M
-/+ buffers/cache:       894M        97M
Swap:         8.0G       473M       7.5G

             total       used       free     shared    buffers     cached
Mem:          992M       916M        75M         0B       588K        20M
-/+ buffers/cache:       895M        96M
Swap:         8.0G       473M       7.5G

             total       used       free     shared    buffers     cached
Mem:          992M       918M        73M         0B       588K        20M
-/+ buffers/cache:       897M        94M
Swap:         8.0G       472M       7.5G

             total       used       free     shared    buffers     cached
Mem:          992M       920M        71M         0B       596K        20M
-/+ buffers/cache:       899M        92M
Swap:         8.0G       471M       7.5G

             total       used       free     shared    buffers     cached
Mem:          992M       922M        69M         0B       596K        20M
-/+ buffers/cache:       901M        90M
Swap:         8.0G       470M       7.5G

             total       used       free     shared    buffers     cached
Mem:          992M       924M        67M         0B       596K        20M
-/+ buffers/cache:       903M        88M
Swap:         8.0G       469M       7.5G

             total       used       free     shared    buffers     cached
Mem:          992M       926M        65M         0B       596K        20M
-/+ buffers/cache:       905M        86M
Swap:         8.0G       468M       7.5G

             total       used       free     shared    buffers     cached
Mem:          992M       929M        63M         0B       596K        20M
-/+ buffers/cache:       908M        83M
Swap:         8.0G       467M       7.5G

             total       used       free     shared    buffers     cached
Mem:          992M       919M        73M         0B       596K        20M
-/+ buffers/cache:       898M        93M
Swap:         8.0G       466M       7.5G

             total       used       free     shared    buffers     cached
Mem:          992M       921M        70M         0B       604K        20M
-/+ buffers/cache:       900M        91M
Swap:         8.0G       465M       7.5G

             total       used       free     shared    buffers     cached
Mem:          992M       914M        77M         0B       668K        30M
-/+ buffers/cache:       884M       107M
Swap:         8.0G       484M       7.5G

             total       used       free     shared    buffers     cached
Mem:          992M       916M        75M        16K       668K        31M
-/+ buffers/cache:       885M       107M
Swap:         8.0G       484M       7.5G

             total       used       free     shared    buffers     cached
Mem:          992M       917M        74M        16K       672K        31M
-/+ buffers/cache:       885M       107M
Swap:         8.0G       484M       7.5G

             total       used       free     shared    buffers     cached
Mem:          992M       917M        74M        16K       672K        31M
-/+ buffers/cache:       885M       106M
Swap:         8.0G       483M       7.5G

             total       used       free     shared    buffers     cached
Mem:          992M       918M        73M        16K       680K        31M
-/+ buffers/cache:       886M       105M
Swap:         8.0G       483M       7.5G

             total       used       free     shared    buffers     cached
Mem:          992M       919M        72M        16K       680K        31M
-/+ buffers/cache:       887M       104M
Swap:         8.0G       483M       7.5G

             total       used       free     shared    buffers     cached
Mem:          992M       920M        71M        16K       680K        31M
-/+ buffers/cache:       888M       103M
Swap:         8.0G       482M       7.5G

             total       used       free     shared    buffers     cached
Mem:          992M       922M        70M        16K       680K        31M
-/+ buffers/cache:       890M       102M
Swap:         8.0G       481M       7.5G

             total       used       free     shared    buffers     cached
Mem:          992M       923M        68M        16K       680K        31M
-/+ buffers/cache:       891M       100M
Swap:         8.0G       481M       7.5G

             total       used       free     shared    buffers     cached
Mem:          992M       924M        67M        16K       680K        31M
-/+ buffers/cache:       892M        99M
Swap:         8.0G       480M       7.5G

             total       used       free     shared    buffers     cached
Mem:          992M       927M        64M        16K       816K        32M
-/+ buffers/cache:       894M        97M
Swap:         8.0G       479M       7.5G

             total       used       free     shared    buffers     cached
Mem:          992M       928M        63M        16K       816K        32M
-/+ buffers/cache:       895M        96M
Swap:         8.0G       479M       7.5G

             total       used       free     shared    buffers     cached
Mem:          992M       929M        62M        16K       816K        32M
-/+ buffers/cache:       896M        95M
Swap:         8.0G       478M       7.5G

             total       used       free     shared    buffers     cached
Mem:          992M       930M        61M        16K       816K        32M
-/+ buffers/cache:       897M        94M
Swap:         8.0G       478M       7.5G

             total       used       free     shared    buffers     cached
Mem:          992M       913M        79M        16K       816K        30M
-/+ buffers/cache:       881M       110M
Swap:         8.0G       496M       7.5G

             total       used       free     shared    buffers     cached
Mem:          992M       913M        78M        16K       824K        30M
-/+ buffers/cache:       882M       110M
Swap:         8.0G       495M       7.5G

             total       used       free     shared    buffers     cached
Mem:          992M       914M        77M        16K       824K        30M
-/+ buffers/cache:       883M       108M
Swap:         8.0G       495M       7.5G

             total       used       free     shared    buffers     cached
Mem:          992M       916M        75M        16K       824K        30M
-/+ buffers/cache:       884M       107M
Swap:         8.0G       494M       7.5G

             total       used       free     shared    buffers     cached
Mem:          992M       917M        74M        16K       824K        30M
-/+ buffers/cache:       885M       106M
Swap:         8.0G       494M       7.5G

             total       used       free     shared    buffers     cached
Mem:          992M       918M        73M        16K       824K        30M
-/+ buffers/cache:       886M       105M
Swap:         8.0G       493M       7.5G

             total       used       free     shared    buffers     cached
Mem:          992M       919M        72M        16K       824K        30M
-/+ buffers/cache:       888M       104M
Swap:         8.0G       493M       7.5G

             total       used       free     shared    buffers     cached
Mem:          992M       920M        71M        16K       832K        30M
-/+ buffers/cache:       889M       103M
Swap:         8.0G       492M       7.5G

             total       used       free     shared    buffers     cached
Mem:          992M       922M        69M        16K       832K        30M
-/+ buffers/cache:       890M       101M
Swap:         8.0G       492M       7.5G

             total       used       free     shared    buffers     cached
Mem:          992M       923M        68M        16K       832K        30M
-/+ buffers/cache:       891M       100M
Swap:         8.0G       491M       7.5G

             total       used       free     shared    buffers     cached
Mem:          992M       924M        67M        16K       832K        30M
-/+ buffers/cache:       892M        99M
Swap:         8.0G       491M       7.5G

             total       used       free     shared    buffers     cached
Mem:          992M       925M        66M        16K       832K        30M
-/+ buffers/cache:       893M        98M
Swap:         8.0G       490M       7.5G

             total       used       free     shared    buffers     cached
Mem:          992M       926M        65M        16K       840K        30M
-/+ buffers/cache:       894M        97M
Swap:         8.0G       490M       7.5G

             total       used       free     shared    buffers     cached
Mem:          992M       927M        64M        16K       840K        30M
-/+ buffers/cache:       896M        96M
Swap:         8.0G       489M       7.5G

             total       used       free     shared    buffers     cached
Mem:          992M       928M        63M        16K       840K        30M
-/+ buffers/cache:       897M        95M
Swap:         8.0G       488M       7.5G

             total       used       free     shared    buffers     cached
Mem:          992M       930M        61M        16K       840K        30M
-/+ buffers/cache:       898M        93M
Swap:         8.0G       488M       7.5G

             total       used       free     shared    buffers     cached
Mem:          992M       919M        72M        16K       840K        30M
-/+ buffers/cache:       888M       103M
Swap:         8.0G       490M       7.5G

             total       used       free     shared    buffers     cached
Mem:          992M       920M        71M        16K       840K        30M
-/+ buffers/cache:       888M       103M
Swap:         8.0G       489M       7.5G

             total       used       free     shared    buffers     cached
Mem:          992M       921M        70M        16K       848K        30M
-/+ buffers/cache:       890M       101M
Swap:         8.0G       489M       7.5G

             total       used       free     shared    buffers     cached
Mem:          992M       922M        69M        16K       848K        30M
-/+ buffers/cache:       891M       100M
Swap:         8.0G       488M       7.5G

             total       used       free     shared    buffers     cached
Mem:          992M       924M        68M        16K       848K        30M
-/+ buffers/cache:       892M        99M
Swap:         8.0G       487M       7.5G

             total       used       free     shared    buffers     cached
Mem:          992M       925M        66M        16K       848K        30M
-/+ buffers/cache:       893M        98M
Swap:         8.0G       487M       7.5G

             total       used       free     shared    buffers     cached
Mem:          992M       926M        65M        16K       848K        30M
-/+ buffers/cache:       894M        97M
Swap:         8.0G       486M       7.5G

             total       used       free     shared    buffers     cached
Mem:          992M       927M        64M        16K       856K        30M
-/+ buffers/cache:       896M        96M
Swap:         8.0G       486M       7.5G

             total       used       free     shared    buffers     cached
Mem:          992M       928M        63M        16K       856K        30M
-/+ buffers/cache:       897M        95M
Swap:         8.0G       485M       7.5G

             total       used       free     shared    buffers     cached
Mem:          992M       929M        62M        16K       856K        30M
-/+ buffers/cache:       898M        93M
Swap:         8.0G       485M       7.5G

             total       used       free     shared    buffers     cached
Mem:          992M       914M        77M        16K       856K        33M
-/+ buffers/cache:       879M       112M
Swap:         8.0G       509M       7.5G

             total       used       free     shared    buffers     cached
Mem:          992M       915M        76M        16K       868K        33M
-/+ buffers/cache:       881M       111M
Swap:         8.0G       509M       7.5G

             total       used       free     shared    buffers     cached
Mem:          992M       917M        75M        16K       868K        33M
-/+ buffers/cache:       882M       109M
Swap:         8.0G       508M       7.5G

             total       used       free     shared    buffers     cached
Mem:          992M       918M        73M        16K       876K        33M
-/+ buffers/cache:       883M       108M
Swap:         8.0G       507M       7.5G

             total       used       free     shared    buffers     cached
Mem:          992M       919M        72M        16K       876K        33M
-/+ buffers/cache:       884M       107M
Swap:         8.0G       507M       7.5G

             total       used       free     shared    buffers     cached
Mem:          992M       921M        71M        16K       876K        33M
-/+ buffers/cache:       886M       105M
Swap:         8.0G       506M       7.5G

             total       used       free     shared    buffers     cached
Mem:          992M       922M        70M        16K       876K        33M
-/+ buffers/cache:       887M       104M
Swap:         8.0G       506M       7.5G

             total       used       free     shared    buffers     cached
Mem:          992M       923M        68M        16K       876K        33M
-/+ buffers/cache:       888M       103M
Swap:         8.0G       505M       7.5G

             total       used       free     shared    buffers     cached
Mem:          992M       924M        67M        16K       884K        33M
-/+ buffers/cache:       889M       102M
Swap:         8.0G       504M       7.5G

             total       used       free     shared    buffers     cached
Mem:          992M       925M        66M        16K       884K        33M
-/+ buffers/cache:       890M       101M
Swap:         8.0G       504M       7.5G

             total       used       free     shared    buffers     cached
Mem:          992M       927M        65M        16K       884K        33M
-/+ buffers/cache:       892M        99M
Swap:         8.0G       503M       7.5G

             total       used       free     shared    buffers     cached
Mem:          992M       928M        63M        16K       884K        33M
-/+ buffers/cache:       893M        98M
Swap:         8.0G       503M       7.5G

             total       used       free     shared    buffers     cached
Mem:          992M       929M        62M        16K       884K        33M
-/+ buffers/cache:       895M        97M
Swap:         8.0G       502M       7.5G

             total       used       free     shared    buffers     cached
Mem:          992M       931M        61M        16K       884K        33M
-/+ buffers/cache:       896M        95M
Swap:         8.0G       501M       7.5G

             total       used       free     shared    buffers     cached
Mem:          992M       913M        78M        16K       892K        32M
-/+ buffers/cache:       880M       111M
Swap:         8.0G       509M       7.5G

             total       used       free     shared    buffers     cached
Mem:          992M       914M        77M        16K       892K        32M
-/+ buffers/cache:       881M       110M
Swap:         8.0G       509M       7.5G

             total       used       free     shared    buffers     cached
Mem:          992M       915M        76M        16K       892K        32M
-/+ buffers/cache:       882M       109M
Swap:         8.0G       508M       7.5G

             total       used       free     shared    buffers     cached
Mem:          992M       917M        74M        16K       892K        32M
-/+ buffers/cache:       884M       107M
Swap:         8.0G       508M       7.5G

             total       used       free     shared    buffers     cached
Mem:          992M       918M        73M        16K       892K        32M
-/+ buffers/cache:       885M       106M
Swap:         8.0G       507M       7.5G

             total       used       free     shared    buffers     cached
Mem:          992M       919M        72M        16K       900K        32M
-/+ buffers/cache:       886M       105M
Swap:         8.0G       506M       7.5G

             total       used       free     shared    buffers     cached
Mem:          992M       920M        71M        16K       900K        32M
-/+ buffers/cache:       887M       104M
Swap:         8.0G       506M       7.5G

             total       used       free     shared    buffers     cached
Mem:          992M       922M        69M        16K       900K        32M
-/+ buffers/cache:       889M       102M
Swap:         8.0G       505M       7.5G

             total       used       free     shared    buffers     cached
Mem:          992M       923M        68M        16K       900K        32M
-/+ buffers/cache:       890M       101M
Swap:         8.0G       505M       7.5G

             total       used       free     shared    buffers     cached
Mem:          992M       924M        67M        16K       900K        32M
-/+ buffers/cache:       891M       100M
Swap:         8.0G       504M       7.5G

             total       used       free     shared    buffers     cached
Mem:          992M       925M        66M        16K       900K        32M
-/+ buffers/cache:       893M        99M
Swap:         8.0G       503M       7.5G

             total       used       free     shared    buffers     cached
Mem:          992M       927M        64M        16K       908K        32M
-/+ buffers/cache:       894M        98M
Swap:         8.0G       503M       7.5G

             total       used       free     shared    buffers     cached
Mem:          992M       928M        63M        16K       908K        32M
-/+ buffers/cache:       895M        96M
Swap:         8.0G       502M       7.5G

             total       used       free     shared    buffers     cached
Mem:          992M       931M        61M        20K       1.0M        33M
-/+ buffers/cache:       896M        95M
Swap:         8.0G       501M       7.5G

             total       used       free     shared    buffers     cached
Mem:          992M       916M        76M        20K       576K        29M
-/+ buffers/cache:       885M       106M
Swap:         8.0G       519M       7.5G

             total       used       free     shared    buffers     cached
Mem:          992M       917M        74M        20K       576K        29M
-/+ buffers/cache:       886M       105M
Swap:         8.0G       518M       7.5G

             total       used       free     shared    buffers     cached
Mem:          992M       923M        68M        20K       584K        31M
-/+ buffers/cache:       891M       100M
Swap:         8.0G       516M       7.5G

             total       used       free     shared    buffers     cached
Mem:          992M       926M        65M        20K       584K        31M
-/+ buffers/cache:       894M        98M
Swap:         8.0G       514M       7.5G

             total       used       free     shared    buffers     cached
Mem:          992M       927M        64M        20K       584K        31M
-/+ buffers/cache:       895M        96M
Swap:         8.0G       514M       7.5G

             total       used       free     shared    buffers     cached
Mem:          992M       920M        71M        20K       432K        30M
-/+ buffers/cache:       889M       102M
Swap:         8.0G       516M       7.5G

             total       used       free     shared    buffers     cached
Mem:          992M       918M        73M        20K       432K        30M
-/+ buffers/cache:       887M       105M
Swap:         8.0G       515M       7.5G

             total       used       free     shared    buffers     cached
Mem:          992M       919M        72M        20K       432K        30M
-/+ buffers/cache:       887M       104M
Swap:         8.0G       515M       7.5G

             total       used       free     shared    buffers     cached
Mem:          992M       919M        72M        20K       440K        30M
-/+ buffers/cache:       888M       103M
Swap:         8.0G       515M       7.5G

             total       used       free     shared    buffers     cached
Mem:          992M       920M        71M        20K       440K        30M
-/+ buffers/cache:       889M       103M
Swap:         8.0G       514M       7.5G

             total       used       free     shared    buffers     cached
Mem:          992M       921M        71M        20K       440K        30M
-/+ buffers/cache:       889M       102M
Swap:         8.0G       514M       7.5G

             total       used       free     shared    buffers     cached
Mem:          992M       921M        70M        20K       440K        30M
-/+ buffers/cache:       890M       101M
Swap:         8.0G       514M       7.5G

             total       used       free     shared    buffers     cached
Mem:          992M       922M        69M        20K       440K        30M
-/+ buffers/cache:       891M       100M
Swap:         8.0G       513M       7.5G

             total       used       free     shared    buffers     cached
Mem:          992M       923M        68M        20K       448K        30M
-/+ buffers/cache:       891M       100M
Swap:         8.0G       513M       7.5G

             total       used       free     shared    buffers     cached
Mem:          992M       923M        68M        20K       448K        30M
-/+ buffers/cache:       892M        99M
Swap:         8.0G       513M       7.5G

             total       used       free     shared    buffers     cached
Mem:          992M       924M        67M        20K       448K        30M
-/+ buffers/cache:       893M        98M
Swap:         8.0G       512M       7.5G

             total       used       free     shared    buffers     cached
Mem:          992M       919M        72M       196K       1.7M        46M
-/+ buffers/cache:       871M       120M
Swap:         8.0G       541M       7.5G

             total       used       free     shared    buffers     cached
Mem:          992M       914M        78M       3.9M       5.0M        53M
-/+ buffers/cache:       855M       136M
Swap:         8.0G       573M       7.4G

             total       used       free     shared    buffers     cached
Mem:          992M       916M        75M       248K       4.4M        62M
-/+ buffers/cache:       850M       142M
Swap:         8.0G       573M       7.4G

             total       used       free     shared    buffers     cached
Mem:          992M       921M        70M       220K       4.5M        63M
-/+ buffers/cache:       854M       138M
Swap:         8.0G       571M       7.4G

             total       used       free     shared    buffers     cached
Mem:          992M       924M        67M       220K       4.5M        64M
-/+ buffers/cache:       855M       136M
Swap:         8.0G       570M       7.4G

             total       used       free     shared    buffers     cached
Mem:          992M       925M        66M       220K       4.5M        64M
-/+ buffers/cache:       857M       135M
Swap:         8.0G       570M       7.4G

             total       used       free     shared    buffers     cached
Mem:          992M       928M        63M       220K       4.7M        64M
-/+ buffers/cache:       858M       133M
Swap:         8.0G       569M       7.4G

             total       used       free     shared    buffers     cached
Mem:          992M       929M        62M       220K       4.7M        64M
-/+ buffers/cache:       859M       132M
Swap:         8.0G       568M       7.4G

             total       used       free     shared    buffers     cached
Mem:          992M       930M        61M       220K       4.7M        64M
-/+ buffers/cache:       861M       130M
Swap:         8.0G       568M       7.4G

             total       used       free     shared    buffers     cached
Mem:          992M       913M        78M       220K       3.8M        60M
-/+ buffers/cache:       848M       143M
Swap:         8.0G       584M       7.4G

             total       used       free     shared    buffers     cached
Mem:          992M       914M        77M       220K       3.8M        60M
-/+ buffers/cache:       849M       142M
Swap:         8.0G       583M       7.4G

             total       used       free     shared    buffers     cached
Mem:          992M       916M        76M       220K       3.8M        60M
-/+ buffers/cache:       851M       140M
Swap:         8.0G       583M       7.4G

             total       used       free     shared    buffers     cached
Mem:          992M       916M        75M       220K       3.8M        60M
-/+ buffers/cache:       852M       140M
Swap:         8.0G       582M       7.4G

             total       used       free     shared    buffers     cached
Mem:          992M       918M        73M       220K       3.8M        60M
-/+ buffers/cache:       853M       138M
Swap:         8.0G       582M       7.4G

             total       used       free     shared    buffers     cached
Mem:          992M       919M        72M       220K       3.8M        60M
-/+ buffers/cache:       854M       137M
Swap:         8.0G       581M       7.4G

             total       used       free     shared    buffers     cached
Mem:          992M       921M        71M       220K       3.8M        61M
-/+ buffers/cache:       855M       136M
Swap:         8.0G       580M       7.4G

             total       used       free     shared    buffers     cached
Mem:          992M       922M        69M       220K       3.8M        61M
-/+ buffers/cache:       857M       135M
Swap:         8.0G       580M       7.4G

             total       used       free     shared    buffers     cached
Mem:          992M       924M        68M       220K       3.8M        61M
-/+ buffers/cache:       858M       133M
Swap:         8.0G       579M       7.4G

             total       used       free     shared    buffers     cached
Mem:          992M       925M        66M       220K       3.8M        61M
-/+ buffers/cache:       859M       132M
Swap:         8.0G       578M       7.4G

             total       used       free     shared    buffers     cached
Mem:          992M       926M        65M       220K       3.8M        61M
-/+ buffers/cache:       861M       131M
Swap:         8.0G       578M       7.4G

             total       used       free     shared    buffers     cached
Mem:          992M       927M        64M       220K       3.8M        61M
-/+ buffers/cache:       862M       129M
Swap:         8.0G       577M       7.4G

             total       used       free     shared    buffers     cached
Mem:          992M       929M        62M       220K       3.8M        61M
-/+ buffers/cache:       863M       128M
Swap:         8.0G       576M       7.4G

             total       used       free     shared    buffers     cached
Mem:          992M       930M        61M       220K       3.8M        61M
-/+ buffers/cache:       864M       127M
Swap:         8.0G       576M       7.4G

             total       used       free     shared    buffers     cached
Mem:          992M       918M        73M       220K       3.8M        61M
-/+ buffers/cache:       853M       138M
Swap:         8.0G       579M       7.4G

             total       used       free     shared    buffers     cached
Mem:          992M       920M        72M       220K       3.8M        61M
-/+ buffers/cache:       855M       137M
Swap:         8.0G       578M       7.4G

             total       used       free     shared    buffers     cached
Mem:          992M       921M        70M       220K       3.8M        61M
-/+ buffers/cache:       856M       135M
Swap:         8.0G       577M       7.4G

             total       used       free     shared    buffers     cached
Mem:          992M       922M        69M       220K       3.8M        61M
-/+ buffers/cache:       857M       134M
Swap:         8.0G       577M       7.4G

             total       used       free     shared    buffers     cached
Mem:          992M       924M        68M       220K       3.8M        61M
-/+ buffers/cache:       859M       133M
Swap:         8.0G       576M       7.4G

             total       used       free     shared    buffers     cached
Mem:          992M       925M        66M       220K       3.8M        61M
-/+ buffers/cache:       860M       131M
Swap:         8.0G       575M       7.4G

             total       used       free     shared    buffers     cached
Mem:          992M       926M        65M       220K       3.8M        61M
-/+ buffers/cache:       861M       130M
Swap:         8.0G       575M       7.4G

             total       used       free     shared    buffers     cached
Mem:          992M       928M        64M       220K       3.8M        61M
-/+ buffers/cache:       863M       129M
Swap:         8.0G       574M       7.4G

             total       used       free     shared    buffers     cached
Mem:          992M       929M        63M       220K       3.8M        61M
-/+ buffers/cache:       864M       128M
Swap:         8.0G       573M       7.4G

             total       used       free     shared    buffers     cached
Mem:          992M       930M        61M       220K       3.8M        61M
-/+ buffers/cache:       865M       126M
Swap:         8.0G       572M       7.4G

             total       used       free     shared    buffers     cached
Mem:          992M       920M        72M       220K       3.8M        60M
-/+ buffers/cache:       855M       136M
Swap:         8.0G       588M       7.4G

             total       used       free     shared    buffers     cached
Mem:          992M       927M        64M       220K       4.9M        64M
-/+ buffers/cache:       857M       134M
Swap:         8.0G       587M       7.4G

             total       used       free     shared    buffers     cached
Mem:          992M       929M        62M       224K       4.9M        64M
-/+ buffers/cache:       859M       132M
Swap:         8.0G       587M       7.4G

             total       used       free     shared    buffers     cached
Mem:          992M       930M        61M       224K       4.9M        64M
-/+ buffers/cache:       860M       131M
Swap:         8.0G       586M       7.4G

             total       used       free     shared    buffers     cached
Mem:          992M       913M        78M       224K       4.6M        62M
-/+ buffers/cache:       845M       146M
Swap:         8.0G       591M       7.4G

             total       used       free     shared    buffers     cached
Mem:          992M       914M        77M       224K       4.6M        62M
-/+ buffers/cache:       847M       145M
Swap:         8.0G       591M       7.4G

             total       used       free     shared    buffers     cached
Mem:          992M       915M        76M       224K       4.7M        62M
-/+ buffers/cache:       848M       143M
Swap:         8.0G       590M       7.4G

             total       used       free     shared    buffers     cached
Mem:          992M       917M        74M       224K       4.7M        63M
-/+ buffers/cache:       849M       142M
Swap:         8.0G       589M       7.4G

             total       used       free     shared    buffers     cached
Mem:          992M       918M        73M       224K       4.7M        63M
-/+ buffers/cache:       851M       141M
Swap:         8.0G       589M       7.4G

             total       used       free     shared    buffers     cached
Mem:          992M       920M        71M       224K       4.7M        63M
-/+ buffers/cache:       852M       139M
Swap:         8.0G       588M       7.4G

             total       used       free     shared    buffers     cached
Mem:          992M       921M        70M       224K       4.7M        63M
-/+ buffers/cache:       853M       138M
Swap:         8.0G       588M       7.4G

             total       used       free     shared    buffers     cached
Mem:          992M       923M        69M       224K       4.7M        63M
-/+ buffers/cache:       855M       136M
Swap:         8.0G       587M       7.4G

             total       used       free     shared    buffers     cached
Mem:          992M       924M        67M       224K       4.7M        63M
-/+ buffers/cache:       856M       135M
Swap:         8.0G       586M       7.4G

             total       used       free     shared    buffers     cached
Mem:          992M       925M        66M       224K       4.7M        63M
-/+ buffers/cache:       857M       134M
Swap:         8.0G       586M       7.4G

             total       used       free     shared    buffers     cached
Mem:          992M       926M        65M       224K       4.7M        63M
-/+ buffers/cache:       859M       133M
Swap:         8.0G       585M       7.4G

             total       used       free     shared    buffers     cached
Mem:          992M       928M        63M       224K       4.7M        63M
-/+ buffers/cache:       860M       131M
Swap:         8.0G       585M       7.4G

             total       used       free     shared    buffers     cached
Mem:          992M       929M        62M       224K       4.7M        63M
-/+ buffers/cache:       861M       130M
Swap:         8.0G       584M       7.4G

             total       used       free     shared    buffers     cached
Mem:          992M       931M        61M       224K       4.7M        63M
-/+ buffers/cache:       863M       129M
Swap:         8.0G       583M       7.4G

             total       used       free     shared    buffers     cached
Mem:          992M       918M        73M       224K       4.0M        61M
-/+ buffers/cache:       853M       138M
Swap:         8.0G       591M       7.4G

             total       used       free     shared    buffers     cached
Mem:          992M       919M        72M       224K       4.0M        61M
-/+ buffers/cache:       854M       137M
Swap:         8.0G       590M       7.4G

             total       used       free     shared    buffers     cached
Mem:          992M       920M        71M       224K       4.0M        61M
-/+ buffers/cache:       855M       136M
Swap:         8.0G       590M       7.4G

             total       used       free     shared    buffers     cached
Mem:          992M       922M        70M       224K       4.0M        61M
-/+ buffers/cache:       856M       135M
Swap:         8.0G       589M       7.4G

             total       used       free     shared    buffers     cached
Mem:          992M       919M        73M       264K       8.0M        68M
-/+ buffers/cache:       842M       149M
Swap:         8.0G       605M       7.4G

             total       used       free     shared    buffers     cached
Mem:          992M       920M        71M       260K       8.0M        68M
-/+ buffers/cache:       844M       148M
Swap:         8.0G       604M       7.4G

             total       used       free     shared    buffers     cached
Mem:          992M       922M        70M       260K       8.0M        68M
-/+ buffers/cache:       845M       146M
Swap:         8.0G       604M       7.4G

             total       used       free     shared    buffers     cached
Mem:          992M       923M        69M       260K       8.0M        68M
-/+ buffers/cache:       846M       145M
Swap:         8.0G       603M       7.4G

             total       used       free     shared    buffers     cached
Mem:          992M       924M        67M       260K       8.0M        68M
-/+ buffers/cache:       847M       144M
Swap:         8.0G       602M       7.4G

             total       used       free     shared    buffers     cached
Mem:          992M       925M        66M       260K       8.0M        68M
-/+ buffers/cache:       848M       143M
Swap:         8.0G       602M       7.4G

             total       used       free     shared    buffers     cached
Mem:          992M       926M        65M       260K       8.0M        68M
-/+ buffers/cache:       849M       142M
Swap:         8.0G       601M       7.4G

             total       used       free     shared    buffers     cached
Mem:          992M       928M        64M       260K       8.0M        68M
-/+ buffers/cache:       851M       140M
Swap:         8.0G       601M       7.4G

             total       used       free     shared    buffers     cached
Mem:          992M       929M        62M       260K       8.0M        68M
-/+ buffers/cache:       852M       139M
Swap:         8.0G       600M       7.4G

             total       used       free     shared    buffers     cached
Mem:          992M       930M        61M       260K       8.0M        68M
-/+ buffers/cache:       853M       138M
Swap:         8.0G       599M       7.4G

             total       used       free     shared    buffers     cached
Mem:          992M       920M        72M       260K       6.2M        64M
-/+ buffers/cache:       849M       143M
Swap:         8.0G       606M       7.4G

             total       used       free     shared    buffers     cached
Mem:          992M       921M        70M       260K       6.2M        64M
-/+ buffers/cache:       850M       141M
Swap:         8.0G       605M       7.4G

             total       used       free     shared    buffers     cached
Mem:          992M       922M        69M       260K       6.2M        64M
-/+ buffers/cache:       851M       140M
Swap:         8.0G       605M       7.4G

             total       used       free     shared    buffers     cached
Mem:          992M       923M        68M       260K       6.2M        64M
-/+ buffers/cache:       852M       139M
Swap:         8.0G       604M       7.4G

             total       used       free     shared    buffers     cached
Mem:          992M       924M        67M       260K       6.2M        64M
-/+ buffers/cache:       853M       138M
Swap:         8.0G       603M       7.4G

             total       used       free     shared    buffers     cached
Mem:          992M       926M        66M       260K       6.2M        64M
-/+ buffers/cache:       855M       137M
Swap:         8.0G       603M       7.4G

             total       used       free     shared    buffers     cached
Mem:          992M       927M        64M       260K       6.2M        64M
-/+ buffers/cache:       856M       135M
Swap:         8.0G       602M       7.4G

             total       used       free     shared    buffers     cached
Mem:          992M       928M        63M       260K       6.2M        64M
-/+ buffers/cache:       857M       134M
Swap:         8.0G       601M       7.4G

             total       used       free     shared    buffers     cached
Mem:          992M       929M        62M       260K       6.2M        64M
-/+ buffers/cache:       858M       133M
Swap:         8.0G       601M       7.4G

             total       used       free     shared    buffers     cached
Mem:          992M       931M        61M       260K       6.2M        64M
-/+ buffers/cache:       859M       132M
Swap:         8.0G       600M       7.4G

             total       used       free     shared    buffers     cached
Mem:          992M       919M        73M       260K       6.2M        59M
-/+ buffers/cache:       853M       138M
Swap:         8.0G       605M       7.4G
