             total       used       free     shared    buffers     cached
Mem:          992M       656M       336M       3.2M        38M       289M
-/+ buffers/cache:       327M       664M
Swap:         8.0G         0B       8.0G

             total       used       free     shared    buffers     cached
Mem:          992M       655M       336M       3.2M        38M       289M
-/+ buffers/cache:       326M       665M
Swap:         8.0G         0B       8.0G

             total       used       free     shared    buffers     cached
Mem:          992M       655M       336M       3.2M        38M       289M
-/+ buffers/cache:       326M       665M
Swap:         8.0G         0B       8.0G

             total       used       free     shared    buffers     cached
Mem:          992M       655M       336M       3.2M        38M       289M
-/+ buffers/cache:       326M       665M
Swap:         8.0G         0B       8.0G

             total       used       free     shared    buffers     cached
Mem:          992M       655M       336M       3.2M        38M       289M
-/+ buffers/cache:       326M       665M
Swap:         8.0G         0B       8.0G

             total       used       free     shared    buffers     cached
Mem:          992M       655M       336M       3.2M        38M       289M
-/+ buffers/cache:       326M       665M
Swap:         8.0G         0B       8.0G

             total       used       free     shared    buffers     cached
Mem:          992M       655M       336M       3.2M        38M       289M
-/+ buffers/cache:       326M       665M
Swap:         8.0G         0B       8.0G

             total       used       free     shared    buffers     cached
Mem:          992M       655M       336M       3.2M        38M       289M
-/+ buffers/cache:       326M       665M
Swap:         8.0G         0B       8.0G

             total       used       free     shared    buffers     cached
Mem:          992M       655M       337M       3.2M        38M       289M
-/+ buffers/cache:       326M       665M
Swap:         8.0G         0B       8.0G

             total       used       free     shared    buffers     cached
Mem:          992M       655M       337M       3.2M        38M       289M
-/+ buffers/cache:       326M       665M
Swap:         8.0G         0B       8.0G

             total       used       free     shared    buffers     cached
Mem:          992M       655M       337M       3.2M        38M       289M
-/+ buffers/cache:       326M       665M
Swap:         8.0G         0B       8.0G

             total       used       free     shared    buffers     cached
Mem:          992M       660M       331M       3.2M        38M       290M
-/+ buffers/cache:       331M       660M
Swap:         8.0G         0B       8.0G

             total       used       free     shared    buffers     cached
Mem:          992M       679M       312M       3.2M        38M       290M
-/+ buffers/cache:       350M       641M
Swap:         8.0G         0B       8.0G

             total       used       free     shared    buffers     cached
Mem:          992M       664M       327M       3.2M        38M       291M
-/+ buffers/cache:       334M       657M
Swap:         8.0G         0B       8.0G

             total       used       free     shared    buffers     cached
Mem:          992M       664M       327M       3.2M        38M       291M
-/+ buffers/cache:       334M       657M
Swap:         8.0G         0B       8.0G

             total       used       free     shared    buffers     cached
Mem:          992M       664M       327M       3.2M        38M       291M
-/+ buffers/cache:       334M       657M
Swap:         8.0G         0B       8.0G

             total       used       free     shared    buffers     cached
Mem:          992M       664M       327M       3.2M        38M       291M
-/+ buffers/cache:       334M       657M
Swap:         8.0G         0B       8.0G

             total       used       free     shared    buffers     cached
Mem:          992M       664M       327M       3.2M        38M       291M
-/+ buffers/cache:       334M       657M
Swap:         8.0G         0B       8.0G

             total       used       free     shared    buffers     cached
Mem:          992M       664M       327M       3.2M        38M       291M
-/+ buffers/cache:       334M       657M
Swap:         8.0G         0B       8.0G

             total       used       free     shared    buffers     cached
Mem:          992M       664M       327M       3.2M        38M       291M
-/+ buffers/cache:       334M       657M
Swap:         8.0G         0B       8.0G

             total       used       free     shared    buffers     cached
Mem:          992M       664M       327M       3.2M        38M       291M
-/+ buffers/cache:       334M       657M
Swap:         8.0G         0B       8.0G

             total       used       free     shared    buffers     cached
Mem:          992M       665M       327M       3.2M        38M       291M
-/+ buffers/cache:       334M       657M
Swap:         8.0G         0B       8.0G

             total       used       free     shared    buffers     cached
Mem:          992M       665M       327M       3.2M        38M       291M
-/+ buffers/cache:       334M       657M
Swap:         8.0G         0B       8.0G

             total       used       free     shared    buffers     cached
Mem:          992M       665M       327M       3.2M        38M       291M
-/+ buffers/cache:       334M       657M
Swap:         8.0G         0B       8.0G

             total       used       free     shared    buffers     cached
Mem:          992M       665M       327M       3.2M        38M       291M
-/+ buffers/cache:       334M       657M
Swap:         8.0G         0B       8.0G

             total       used       free     shared    buffers     cached
Mem:          992M       665M       327M       3.2M        38M       291M
-/+ buffers/cache:       334M       657M
Swap:         8.0G         0B       8.0G

             total       used       free     shared    buffers     cached
Mem:          992M       665M       327M       3.2M        38M       291M
-/+ buffers/cache:       334M       657M
Swap:         8.0G         0B       8.0G

             total       used       free     shared    buffers     cached
Mem:          992M       665M       327M       3.2M        38M       291M
-/+ buffers/cache:       334M       657M
Swap:         8.0G         0B       8.0G

             total       used       free     shared    buffers     cached
Mem:          992M       665M       327M       3.2M        38M       291M
-/+ buffers/cache:       334M       657M
Swap:         8.0G         0B       8.0G

             total       used       free     shared    buffers     cached
Mem:          992M       665M       327M       3.2M        38M       291M
-/+ buffers/cache:       334M       657M
Swap:         8.0G         0B       8.0G

             total       used       free     shared    buffers     cached
Mem:          992M       665M       327M       3.2M        38M       291M
-/+ buffers/cache:       334M       657M
Swap:         8.0G         0B       8.0G

             total       used       free     shared    buffers     cached
Mem:          992M       665M       327M       3.2M        38M       291M
-/+ buffers/cache:       334M       657M
Swap:         8.0G         0B       8.0G

             total       used       free     shared    buffers     cached
Mem:          992M       665M       327M       3.2M        38M       291M
-/+ buffers/cache:       334M       657M
Swap:         8.0G         0B       8.0G

             total       used       free     shared    buffers     cached
Mem:          992M       670M       321M       3.2M        38M       291M
-/+ buffers/cache:       339M       652M
Swap:         8.0G         0B       8.0G

             total       used       free     shared    buffers     cached
Mem:          992M       687M       305M       3.2M        38M       291M
-/+ buffers/cache:       356M       635M
Swap:         8.0G         0B       8.0G

             total       used       free     shared    buffers     cached
Mem:          992M       703M       288M       3.2M        38M       291M
-/+ buffers/cache:       372M       619M
Swap:         8.0G         0B       8.0G

             total       used       free     shared    buffers     cached
Mem:          992M       718M       273M       3.2M        38M       291M
-/+ buffers/cache:       387M       604M
Swap:         8.0G         0B       8.0G

             total       used       free     shared    buffers     cached
Mem:          992M       733M       258M       3.2M        38M       291M
-/+ buffers/cache:       403M       589M
Swap:         8.0G         0B       8.0G

             total       used       free     shared    buffers     cached
Mem:          992M       747M       244M       3.2M        38M       291M
-/+ buffers/cache:       417M       575M
Swap:         8.0G         0B       8.0G

             total       used       free     shared    buffers     cached
Mem:          992M       762M       229M       3.2M        38M       291M
-/+ buffers/cache:       431M       560M
Swap:         8.0G         0B       8.0G

             total       used       free     shared    buffers     cached
Mem:          992M       776M       215M       3.2M        38M       291M
-/+ buffers/cache:       446M       545M
Swap:         8.0G         0B       8.0G

             total       used       free     shared    buffers     cached
Mem:          992M       790M       201M       3.2M        38M       291M
-/+ buffers/cache:       460M       531M
Swap:         8.0G         0B       8.0G

             total       used       free     shared    buffers     cached
Mem:          992M       807M       185M       3.2M        38M       291M
-/+ buffers/cache:       476M       515M
Swap:         8.0G         0B       8.0G

             total       used       free     shared    buffers     cached
Mem:          992M       825M       166M       3.2M        38M       291M
-/+ buffers/cache:       495M       496M
Swap:         8.0G         0B       8.0G

             total       used       free     shared    buffers     cached
Mem:          992M       841M       151M       3.2M        38M       291M
-/+ buffers/cache:       510M       481M
Swap:         8.0G         0B       8.0G

             total       used       free     shared    buffers     cached
Mem:          992M       856M       136M       3.2M        38M       291M
-/+ buffers/cache:       525M       466M
Swap:         8.0G         0B       8.0G

             total       used       free     shared    buffers     cached
Mem:          992M       872M       120M       3.2M        38M       291M
-/+ buffers/cache:       541M       450M
Swap:         8.0G         0B       8.0G

             total       used       free     shared    buffers     cached
Mem:          992M       887M       105M       3.2M        38M       291M
-/+ buffers/cache:       556M       435M
Swap:         8.0G         0B       8.0G

             total       used       free     shared    buffers     cached
Mem:          992M       899M        92M       3.2M        38M       291M
-/+ buffers/cache:       568M       423M
Swap:         8.0G         0B       8.0G

             total       used       free     shared    buffers     cached
Mem:          992M       914M        77M       3.2M        38M       291M
-/+ buffers/cache:       583M       408M
Swap:         8.0G         0B       8.0G

             total       used       free     shared    buffers     cached
Mem:          992M       931M        61M       3.2M        38M       291M
-/+ buffers/cache:       600M       391M
Swap:         8.0G         0B       8.0G

             total       used       free     shared    buffers     cached
Mem:          992M       924M        67M       3.2M        17M       290M
-/+ buffers/cache:       617M       374M
Swap:         8.0G         0B       8.0G

             total       used       free     shared    buffers     cached
Mem:          992M       922M        69M       3.2M        10M       280M
-/+ buffers/cache:       631M       361M
Swap:         8.0G         0B       8.0G

             total       used       free     shared    buffers     cached
Mem:          992M       920M        71M       3.2M       9.8M       264M
-/+ buffers/cache:       645M       346M
Swap:         8.0G        76K       8.0G

             total       used       free     shared    buffers     cached
Mem:          992M       916M        75M       3.1M       9.8M       246M
-/+ buffers/cache:       660M       331M
Swap:         8.0G       172K       8.0G

             total       used       free     shared    buffers     cached
Mem:          992M       918M        73M       3.0M       9.8M       233M
-/+ buffers/cache:       675M       316M
Swap:         8.0G       3.7M       8.0G

             total       used       free     shared    buffers     cached
Mem:          992M       902M        89M       3.0M       8.7M       207M
-/+ buffers/cache:       686M       306M
Swap:         8.0G       8.0M       8.0G

             total       used       free     shared    buffers     cached
Mem:          992M       917M        74M       3.0M       8.7M       207M
-/+ buffers/cache:       701M       290M
Swap:         8.0G       8.0M       8.0G

             total       used       free     shared    buffers     cached
Mem:          992M       919M        72M       3.0M       2.7M       200M
-/+ buffers/cache:       716M       275M
Swap:         8.0G       8.0M       8.0G

             total       used       free     shared    buffers     cached
Mem:          992M       922M        69M       3.0M       1.2M       190M
-/+ buffers/cache:       731M       261M
Swap:         8.0G       8.0M       8.0G

             total       used       free     shared    buffers     cached
Mem:          992M       923M        68M       3.0M       228K       176M
-/+ buffers/cache:       746M       245M
Swap:         8.0G       8.0M       8.0G

             total       used       free     shared    buffers     cached
Mem:          992M       916M        75M       3.0M       224K       155M
-/+ buffers/cache:       760M       231M
Swap:         8.0G       8.0M       8.0G

             total       used       free     shared    buffers     cached
Mem:          992M       928M        63M       3.0M       236K       155M
-/+ buffers/cache:       772M       219M
Swap:         8.0G       8.0M       8.0G

             total       used       free     shared    buffers     cached
Mem:          992M       916M        75M       3.0M       236K       137M
-/+ buffers/cache:       778M       213M
Swap:         8.0G       8.0M       8.0G

             total       used       free     shared    buffers     cached
Mem:          992M       915M        76M       3.0M        80K       121M
-/+ buffers/cache:       794M       198M
Swap:         8.0G       8.0M       8.0G

             total       used       free     shared    buffers     cached
Mem:          992M       914M        77M       3.0M        80K       107M
-/+ buffers/cache:       806M       185M
Swap:         8.0G       8.0M       8.0G

             total       used       free     shared    buffers     cached
Mem:          992M       928M        63M       3.0M        84K       107M
-/+ buffers/cache:       820M       171M
Swap:         8.0G       8.0M       8.0G

             total       used       free     shared    buffers     cached
Mem:          992M       929M        62M       3.0M        92K        94M
-/+ buffers/cache:       834M       157M
Swap:         8.0G       8.0M       8.0G

             total       used       free     shared    buffers     cached
Mem:          992M       921M        70M       3.0M        96K        73M
-/+ buffers/cache:       847M       144M
Swap:         8.0G       8.0M       8.0G

             total       used       free     shared    buffers     cached
Mem:          992M       919M        72M       3.0M        96K        57M
-/+ buffers/cache:       861M       130M
Swap:         8.0G       8.0M       8.0G

             total       used       free     shared    buffers     cached
Mem:          992M       923M        68M       3.0M       240K        47M
-/+ buffers/cache:       875M       116M
Swap:         8.0G       8.0M       8.0G

             total       used       free     shared    buffers     cached
Mem:          992M       921M        70M       3.0M       3.0M        27M
-/+ buffers/cache:       890M       101M
Swap:         8.0G       8.0M       8.0G

             total       used       free     shared    buffers     cached
Mem:          992M       923M        68M       2.9M       3.0M        17M
-/+ buffers/cache:       902M        89M
Swap:         8.0G        13M       8.0G

             total       used       free     shared    buffers     cached
Mem:          992M       924M        67M       2.8M       1.1M        12M
-/+ buffers/cache:       910M        81M
Swap:         8.0G        19M       8.0G

             total       used       free     shared    buffers     cached
Mem:          992M       925M        66M       2.8M       372K       5.1M
-/+ buffers/cache:       920M        72M
Swap:         8.0G        23M       8.0G

             total       used       free     shared    buffers     cached
Mem:          992M       928M        63M       2.5M       372K       4.9M
-/+ buffers/cache:       923M        68M
Swap:         8.0G        44M       8.0G

             total       used       free     shared    buffers     cached
Mem:          992M       926M        65M       2.5M       364K       5.0M
-/+ buffers/cache:       921M        70M
Swap:         8.0G        50M       7.9G

             total       used       free     shared    buffers     cached
Mem:          992M       926M        66M       2.5M       364K       4.8M
-/+ buffers/cache:       921M        71M
Swap:         8.0G        69M       7.9G

             total       used       free     shared    buffers     cached
Mem:          992M       915M        76M       2.5M       368K       4.6M
-/+ buffers/cache:       910M        81M
Swap:         8.0G        96M       7.9G

             total       used       free     shared    buffers     cached
Mem:          992M       916M        76M       2.5M       348K       4.6M
-/+ buffers/cache:       911M        80M
Swap:         8.0G       118M       7.9G

             total       used       free     shared    buffers     cached
Mem:          992M       917M        74M       2.5M       348K       4.8M
-/+ buffers/cache:       912M        80M
Swap:         8.0G       119M       7.9G

             total       used       free     shared    buffers     cached
Mem:          992M       915M        76M       2.4M       348K       4.6M
-/+ buffers/cache:       910M        81M
Swap:         8.0G       143M       7.9G

             total       used       free     shared    buffers     cached
Mem:          992M       915M        76M       2.4M       340K       4.6M
-/+ buffers/cache:       910M        81M
Swap:         8.0G       157M       7.8G

             total       used       free     shared    buffers     cached
Mem:          992M       928M        63M       2.4M       348K       4.5M
-/+ buffers/cache:       923M        68M
Swap:         8.0G       157M       7.8G

             total       used       free     shared    buffers     cached
Mem:          992M       925M        67M       2.4M       348K       4.5M
-/+ buffers/cache:       920M        71M
Swap:         8.0G       172M       7.8G

             total       used       free     shared    buffers     cached
Mem:          992M       916M        76M       2.4M       348K       4.4M
-/+ buffers/cache:       911M        80M
Swap:         8.0G       194M       7.8G

             total       used       free     shared    buffers     cached
Mem:          992M       915M        76M       2.4M       212K       4.6M
-/+ buffers/cache:       910M        81M
Swap:         8.0G       212M       7.8G

             total       used       free     shared    buffers     cached
Mem:          992M       928M        63M       2.4M       212K       4.6M
-/+ buffers/cache:       923M        68M
Swap:         8.0G       212M       7.8G

             total       used       free     shared    buffers     cached
Mem:          992M       927M        64M       2.4M       152K       4.6M
-/+ buffers/cache:       922M        69M
Swap:         8.0G       219M       7.8G

             total       used       free     shared    buffers     cached
Mem:          992M       920M        71M       2.3M        96K       4.6M
-/+ buffers/cache:       916M        76M
Swap:         8.0G       246M       7.8G

             total       used       free     shared    buffers     cached
Mem:          992M       919M        72M       2.3M        96K       4.5M
-/+ buffers/cache:       914M        77M
Swap:         8.0G       249M       7.8G

             total       used       free     shared    buffers     cached
Mem:          992M       912M        80M       2.3M        76K       4.5M
-/+ buffers/cache:       907M        84M
Swap:         8.0G       273M       7.7G

             total       used       free     shared    buffers     cached
Mem:          992M       919M        72M       2.3M        76K       4.5M
-/+ buffers/cache:       914M        77M
Swap:         8.0G       273M       7.7G

             total       used       free     shared    buffers     cached
Mem:          992M       925M        66M       2.3M        76K       4.5M
-/+ buffers/cache:       920M        71M
Swap:         8.0G       273M       7.7G

             total       used       free     shared    buffers     cached
Mem:          992M       916M        75M       2.3M        80K       4.4M
-/+ buffers/cache:       911M        80M
Swap:         8.0G       289M       7.7G

             total       used       free     shared    buffers     cached
Mem:          992M       921M        71M       2.3M        80K       4.4M
-/+ buffers/cache:       916M        75M
Swap:         8.0G       289M       7.7G

             total       used       free     shared    buffers     cached
Mem:          992M       926M        65M       2.3M        80K       4.4M
-/+ buffers/cache:       922M        69M
Swap:         8.0G       289M       7.7G

             total       used       free     shared    buffers     cached
Mem:          992M       916M        76M       2.3M        80K       4.3M
-/+ buffers/cache:       911M        80M
Swap:         8.0G       307M       7.7G

             total       used       free     shared    buffers     cached
Mem:          992M       919M        72M       2.3M        80K       4.3M
-/+ buffers/cache:       915M        76M
Swap:         8.0G       307M       7.7G

             total       used       free     shared    buffers     cached
Mem:          992M       921M        70M       2.3M        76K        15M
-/+ buffers/cache:       905M        86M
Swap:         8.0G       316M       7.7G

             total       used       free     shared    buffers     cached
Mem:          992M       907M        84M       2.2M       548K        19M
-/+ buffers/cache:       888M       103M
Swap:         8.0G       341M       7.7G

             total       used       free     shared    buffers     cached
Mem:          992M       912M        80M       2.2M       548K        20M
-/+ buffers/cache:       891M       100M
Swap:         8.0G       341M       7.7G

             total       used       free     shared    buffers     cached
Mem:          992M       915M        77M       2.2M       548K        20M
-/+ buffers/cache:       894M        97M
Swap:         8.0G       341M       7.7G

             total       used       free     shared    buffers     cached
Mem:          992M       918M        73M       2.2M       548K        20M
-/+ buffers/cache:       897M        94M
Swap:         8.0G       341M       7.7G

             total       used       free     shared    buffers     cached
Mem:          992M       921M        70M       2.2M       548K        20M
-/+ buffers/cache:       900M        91M
Swap:         8.0G       341M       7.7G

             total       used       free     shared    buffers     cached
Mem:          992M       924M        67M       2.2M       556K        20M
-/+ buffers/cache:       903M        88M
Swap:         8.0G       341M       7.7G

             total       used       free     shared    buffers     cached
Mem:          992M       927M        64M       2.2M       556K        20M
-/+ buffers/cache:       906M        85M
Swap:         8.0G       341M       7.7G

             total       used       free     shared    buffers     cached
Mem:          992M       915M        76M       156K       556K        15M
-/+ buffers/cache:       900M        92M
Swap:         8.0G       365M       7.6G

             total       used       free     shared    buffers     cached
Mem:          992M       919M        72M       136K       508K         9M
-/+ buffers/cache:       909M        83M
Swap:         8.0G       351M       7.7G

             total       used       free     shared    buffers     cached
Mem:          992M       919M        72M       136K       220K       2.9M
-/+ buffers/cache:       916M        75M
Swap:         8.0G       333M       7.7G

             total       used       free     shared    buffers     cached
Mem:          992M       918M        73M       136K       512K       2.6M
-/+ buffers/cache:       915M        76M
Swap:         8.0G       332M       7.7G

             total       used       free     shared    buffers     cached
Mem:          992M       919M        72M       136K       512K       2.6M
-/+ buffers/cache:       916M        76M
Swap:         8.0G       331M       7.7G

             total       used       free     shared    buffers     cached
Mem:          992M       917M        74M         8K       516K       2.3M
-/+ buffers/cache:       914M        77M
Swap:         8.0G       334M       7.7G

             total       used       free     shared    buffers     cached
Mem:          992M       923M        69M         0B       112K       1.8M
-/+ buffers/cache:       921M        71M
Swap:         8.0G       337M       7.7G

             total       used       free     shared    buffers     cached
Mem:          992M       920M        71M         0B        92K       1.6M
-/+ buffers/cache:       919M        73M
Swap:         8.0G       330M       7.7G

             total       used       free     shared    buffers     cached
Mem:          992M       924M        67M         0B        88K       1.3M
-/+ buffers/cache:       923M        68M
Swap:         8.0G       412M       7.6G

             total       used       free     shared    buffers     cached
Mem:          992M       917M        74M         0B       468K        11M
-/+ buffers/cache:       905M        86M
Swap:         8.0G       362M       7.6G

             total       used       free     shared    buffers     cached
Mem:          992M       920M        71M         0B       344K        28M
-/+ buffers/cache:       891M       100M
Swap:         8.0G       365M       7.6G

             total       used       free     shared    buffers     cached
Mem:          992M       918M        73M        16K       100K        23M
-/+ buffers/cache:       895M        97M
Swap:         8.0G       361M       7.6G

             total       used       free     shared    buffers     cached
Mem:          992M       920M        71M        16K       368K       3.3M
-/+ buffers/cache:       916M        75M
Swap:         8.0G       350M       7.7G

             total       used       free     shared    buffers     cached
Mem:          992M       921M        70M        16K       376K       3.1M
-/+ buffers/cache:       917M        74M
Swap:         8.0G       346M       7.7G

             total       used       free     shared    buffers     cached
Mem:          992M       921M        70M        16K       316K       2.1M
-/+ buffers/cache:       919M        73M
Swap:         8.0G       344M       7.7G

             total       used       free     shared    buffers     cached
Mem:          992M       924M        68M        16K        96K       1.9M
-/+ buffers/cache:       922M        70M
Swap:         8.0G       347M       7.7G

             total       used       free     shared    buffers     cached
Mem:          992M       923M        68M        16K        96K       1.8M
-/+ buffers/cache:       921M        70M
Swap:         8.0G       349M       7.7G

             total       used       free     shared    buffers     cached
Mem:          992M       919M        72M        16K        96K       2.2M
-/+ buffers/cache:       917M        74M
Swap:         8.0G       347M       7.7G

             total       used       free     shared    buffers     cached
Mem:          992M       922M        69M        16K       104K       2.2M
-/+ buffers/cache:       920M        71M
Swap:         8.0G       346M       7.7G

             total       used       free     shared    buffers     cached
Mem:          992M       924M        67M        16K       104K       2.2M
-/+ buffers/cache:       922M        70M
Swap:         8.0G       345M       7.7G

             total       used       free     shared    buffers     cached
Mem:          992M       929M        62M        16K       104K       2.2M
-/+ buffers/cache:       926M        65M
Swap:         8.0G       344M       7.7G

             total       used       free     shared    buffers     cached
Mem:          992M       922M        69M        16K       104K       2.1M
-/+ buffers/cache:       920M        71M
Swap:         8.0G       360M       7.6G

             total       used       free     shared    buffers     cached
Mem:          992M       929M        62M        16K       236K       2.8M
-/+ buffers/cache:       926M        66M
Swap:         8.0G       360M       7.6G

             total       used       free     shared    buffers     cached
Mem:          992M       922M        69M        16K       212K       2.7M
-/+ buffers/cache:       919M        72M
Swap:         8.0G       366M       7.6G

             total       used       free     shared    buffers     cached
Mem:          992M       928M        64M        16K       212K       2.8M
-/+ buffers/cache:       925M        67M
Swap:         8.0G       366M       7.6G

             total       used       free     shared    buffers     cached
Mem:          992M       918M        73M        16K       212K       2.9M
-/+ buffers/cache:       915M        76M
Swap:         8.0G       384M       7.6G

             total       used       free     shared    buffers     cached
Mem:          992M       923M        68M        16K       212K       2.9M
-/+ buffers/cache:       920M        71M
Swap:         8.0G       384M       7.6G

             total       used       free     shared    buffers     cached
Mem:          992M       918M        74M        16K       212K       2.8M
-/+ buffers/cache:       915M        77M
Swap:         8.0G       396M       7.6G

             total       used       free     shared    buffers     cached
Mem:          992M       919M        72M        16K       212K       2.8M
-/+ buffers/cache:       916M        75M
Swap:         8.0G       396M       7.6G

             total       used       free     shared    buffers     cached
Mem:          992M       921M        70M        16K       220K       2.8M
-/+ buffers/cache:       918M        74M
Swap:         8.0G       395M       7.6G

             total       used       free     shared    buffers     cached
Mem:          992M       923M        68M        16K       220K       2.8M
-/+ buffers/cache:       920M        71M
Swap:         8.0G       394M       7.6G

             total       used       free     shared    buffers     cached
Mem:          992M       925M        66M        16K       220K       2.8M
-/+ buffers/cache:       922M        69M
Swap:         8.0G       393M       7.6G

             total       used       free     shared    buffers     cached
Mem:          992M       928M        64M        16K       220K       2.8M
-/+ buffers/cache:       925M        67M
Swap:         8.0G       392M       7.6G

             total       used       free     shared    buffers     cached
Mem:          992M       918M        74M        16K       220K       2.9M
-/+ buffers/cache:       915M        77M
Swap:         8.0G       404M       7.6G

             total       used       free     shared    buffers     cached
Mem:          992M       920M        71M        16K       228K       2.9M
-/+ buffers/cache:       917M        75M
Swap:         8.0G       403M       7.6G

             total       used       free     shared    buffers     cached
Mem:          992M       922M        70M        16K       228K       2.9M
-/+ buffers/cache:       919M        73M
Swap:         8.0G       402M       7.6G

             total       used       free     shared    buffers     cached
Mem:          992M       924M        68M        16K       228K       2.9M
-/+ buffers/cache:       921M        71M
Swap:         8.0G       401M       7.6G

             total       used       free     shared    buffers     cached
Mem:          992M       925M        66M        16K       228K       2.8M
-/+ buffers/cache:       922M        69M
Swap:         8.0G       400M       7.6G

             total       used       free     shared    buffers     cached
Mem:          992M       927M        64M        16K       228K       2.8M
-/+ buffers/cache:       924M        67M
Swap:         8.0G       399M       7.6G

             total       used       free     shared    buffers     cached
Mem:          992M       917M        74M        16K       220K       2.8M
-/+ buffers/cache:       914M        77M
Swap:         8.0G       411M       7.6G

             total       used       free     shared    buffers     cached
Mem:          992M       919M        73M        16K       220K       2.8M
-/+ buffers/cache:       916M        76M
Swap:         8.0G       410M       7.6G

             total       used       free     shared    buffers     cached
Mem:          992M       921M        71M        16K       220K       2.8M
-/+ buffers/cache:       918M        74M
Swap:         8.0G       409M       7.6G

             total       used       free     shared    buffers     cached
Mem:          992M       923M        68M        16K       220K       2.8M
-/+ buffers/cache:       920M        71M
Swap:         8.0G       408M       7.6G

             total       used       free     shared    buffers     cached
Mem:          992M       925M        66M        16K       220K       2.8M
-/+ buffers/cache:       922M        69M
Swap:         8.0G       407M       7.6G

             total       used       free     shared    buffers     cached
Mem:          992M       927M        64M        16K       220K       2.8M
-/+ buffers/cache:       924M        67M
Swap:         8.0G       406M       7.6G

             total       used       free     shared    buffers     cached
Mem:          992M       929M        62M        16K       228K       2.8M
-/+ buffers/cache:       926M        65M
Swap:         8.0G       406M       7.6G

             total       used       free     shared    buffers     cached
Mem:          992M       918M        73M        16K       228K       2.8M
-/+ buffers/cache:       915M        76M
Swap:         8.0G       410M       7.6G

             total       used       free     shared    buffers     cached
Mem:          992M       921M        71M        16K       228K       2.8M
-/+ buffers/cache:       918M        74M
Swap:         8.0G       409M       7.6G

             total       used       free     shared    buffers     cached
Mem:          992M       923M        68M        16K       228K       2.8M
-/+ buffers/cache:       920M        71M
Swap:         8.0G       408M       7.6G

             total       used       free     shared    buffers     cached
Mem:          992M       925M        66M        16K       228K       2.8M
-/+ buffers/cache:       922M        69M
Swap:         8.0G       408M       7.6G

             total       used       free     shared    buffers     cached
Mem:          992M       927M        64M        16K       236K       2.8M
-/+ buffers/cache:       924M        67M
Swap:         8.0G       407M       7.6G

             total       used       free     shared    buffers     cached
Mem:          992M       914M        77M        16K       204K       6.2M
-/+ buffers/cache:       908M        84M
Swap:         8.0G       438M       7.6G

             total       used       free     shared    buffers     cached
Mem:          992M       899M        92M        16K       236K        18M
-/+ buffers/cache:       880M       111M
Swap:         8.0G       454M       7.6G

             total       used       free     shared    buffers     cached
Mem:          992M       907M        84M        20K       1.8M        22M
-/+ buffers/cache:       883M       108M
Swap:         8.0G       453M       7.6G

             total       used       free     shared    buffers     cached
Mem:          992M       909M        82M        20K       1.8M        22M
-/+ buffers/cache:       885M       106M
Swap:         8.0G       452M       7.6G

             total       used       free     shared    buffers     cached
Mem:          992M       910M        81M        20K       1.8M        22M
-/+ buffers/cache:       886M       105M
Swap:         8.0G       452M       7.6G

             total       used       free     shared    buffers     cached
Mem:          992M       912M        79M        20K       1.8M        22M
-/+ buffers/cache:       888M       103M
Swap:         8.0G       451M       7.6G

             total       used       free     shared    buffers     cached
Mem:          992M       914M        77M        20K       1.8M        22M
-/+ buffers/cache:       890M       101M
Swap:         8.0G       450M       7.6G

             total       used       free     shared    buffers     cached
Mem:          992M       916M        75M        20K       1.8M        22M
-/+ buffers/cache:       892M        99M
Swap:         8.0G       449M       7.6G

             total       used       free     shared    buffers     cached
Mem:          992M       919M        73M        20K       1.8M        22M
-/+ buffers/cache:       895M        97M
Swap:         8.0G       448M       7.6G

             total       used       free     shared    buffers     cached
Mem:          992M       921M        70M        20K       1.8M        22M
-/+ buffers/cache:       897M        94M
Swap:         8.0G       447M       7.6G

             total       used       free     shared    buffers     cached
Mem:          992M       923M        68M        20K       1.8M        22M
-/+ buffers/cache:       899M        92M
Swap:         8.0G       446M       7.6G

             total       used       free     shared    buffers     cached
Mem:          992M       925M        67M        20K       1.8M        22M
-/+ buffers/cache:       901M        91M
Swap:         8.0G       445M       7.6G

             total       used       free     shared    buffers     cached
Mem:          992M       927M        65M        20K       1.8M        22M
-/+ buffers/cache:       902M        89M
Swap:         8.0G       445M       7.6G

             total       used       free     shared    buffers     cached
Mem:          992M       929M        63M        20K       1.8M        22M
-/+ buffers/cache:       905M        87M
Swap:         8.0G       444M       7.6G

             total       used       free     shared    buffers     cached
Mem:          992M       919M        73M        20K       1.8M        21M
-/+ buffers/cache:       895M        96M
Swap:         8.0G       454M       7.6G

             total       used       free     shared    buffers     cached
Mem:          992M       921M        71M        20K       1.9M        21M
-/+ buffers/cache:       897M        94M
Swap:         8.0G       453M       7.6G

             total       used       free     shared    buffers     cached
Mem:          992M       922M        69M        20K       1.9M        21M
-/+ buffers/cache:       899M        92M
Swap:         8.0G       452M       7.6G

             total       used       free     shared    buffers     cached
Mem:          992M       924M        67M        20K       1.9M        21M
-/+ buffers/cache:       901M        91M
Swap:         8.0G       451M       7.6G

             total       used       free     shared    buffers     cached
Mem:          992M       926M        65M        20K       1.9M        21M
-/+ buffers/cache:       903M        89M
Swap:         8.0G       451M       7.6G

             total       used       free     shared    buffers     cached
Mem:          992M       928M        63M        20K       1.9M        21M
-/+ buffers/cache:       905M        87M
Swap:         8.0G       450M       7.6G

             total       used       free     shared    buffers     cached
Mem:          992M       915M        76M        20K       1.9M        20M
-/+ buffers/cache:       893M        99M
Swap:         8.0G       456M       7.6G

             total       used       free     shared    buffers     cached
Mem:          992M       922M        69M        20K       2.3M        26M
-/+ buffers/cache:       894M        98M
Swap:         8.0G       456M       7.6G

             total       used       free     shared    buffers     cached
Mem:          992M       909M        82M        32K       2.3M        26M
-/+ buffers/cache:       880M       111M
Swap:         8.0G       469M       7.5G

             total       used       free     shared    buffers     cached
Mem:          992M       912M        79M        32K       2.3M        27M
-/+ buffers/cache:       882M       110M
Swap:         8.0G       468M       7.5G

             total       used       free     shared    buffers     cached
Mem:          992M       913M        78M        32K       2.3M        27M
-/+ buffers/cache:       883M       108M
Swap:         8.0G       468M       7.5G

             total       used       free     shared    buffers     cached
Mem:          992M       914M        77M        32K       2.3M        27M
-/+ buffers/cache:       884M       107M
Swap:         8.0G       467M       7.5G

             total       used       free     shared    buffers     cached
Mem:          992M       915M        76M        32K       2.3M        27M
-/+ buffers/cache:       885M       106M
Swap:         8.0G       467M       7.5G

             total       used       free     shared    buffers     cached
Mem:          992M       917M        75M        32K       2.3M        27M
-/+ buffers/cache:       887M       105M
Swap:         8.0G       466M       7.5G

             total       used       free     shared    buffers     cached
Mem:          992M       918M        74M        32K       2.3M        27M
-/+ buffers/cache:       888M       104M
Swap:         8.0G       466M       7.5G

             total       used       free     shared    buffers     cached
Mem:          992M       919M        72M        32K       2.3M        27M
-/+ buffers/cache:       889M       102M
Swap:         8.0G       465M       7.5G

             total       used       free     shared    buffers     cached
Mem:          992M       920M        71M        32K       2.3M        27M
-/+ buffers/cache:       890M       101M
Swap:         8.0G       465M       7.5G

             total       used       free     shared    buffers     cached
Mem:          992M       921M        70M        32K       2.3M        27M
-/+ buffers/cache:       891M       100M
Swap:         8.0G       464M       7.5G

             total       used       free     shared    buffers     cached
Mem:          992M       924M        67M        32K       2.3M        28M
-/+ buffers/cache:       893M        98M
Swap:         8.0G       463M       7.5G

             total       used       free     shared    buffers     cached
Mem:          992M       925M        66M        32K       2.3M        29M
-/+ buffers/cache:       894M        97M
Swap:         8.0G       463M       7.5G

             total       used       free     shared    buffers     cached
Mem:          992M       926M        65M        32K       2.3M        29M
-/+ buffers/cache:       895M        96M
Swap:         8.0G       462M       7.5G

             total       used       free     shared    buffers     cached
Mem:          992M       928M        64M        32K       2.3M        29M
-/+ buffers/cache:       896M        95M
Swap:         8.0G       462M       7.5G

             total       used       free     shared    buffers     cached
Mem:          992M       928M        63M        32K       2.3M        29M
-/+ buffers/cache:       897M        94M
Swap:         8.0G       461M       7.5G

             total       used       free     shared    buffers     cached
Mem:          992M       913M        78M        32K       2.3M        27M
-/+ buffers/cache:       883M       108M
Swap:         8.0G       487M       7.5G

             total       used       free     shared    buffers     cached
Mem:          992M       914M        77M        32K       2.3M        27M
-/+ buffers/cache:       885M       107M
Swap:         8.0G       487M       7.5G

             total       used       free     shared    buffers     cached
Mem:          992M       915M        76M        32K       2.3M        27M
-/+ buffers/cache:       886M       105M
Swap:         8.0G       486M       7.5G

             total       used       free     shared    buffers     cached
Mem:          992M       917M        75M        32K       2.3M        27M
-/+ buffers/cache:       887M       104M
Swap:         8.0G       486M       7.5G

             total       used       free     shared    buffers     cached
Mem:          992M       917M        74M        32K       2.3M        27M
-/+ buffers/cache:       888M       104M
Swap:         8.0G       485M       7.5G

             total       used       free     shared    buffers     cached
Mem:          992M       919M        73M        32K       2.3M        27M
-/+ buffers/cache:       889M       102M
Swap:         8.0G       485M       7.5G

             total       used       free     shared    buffers     cached
Mem:          992M       920M        71M        32K       2.3M        27M
-/+ buffers/cache:       890M       101M
Swap:         8.0G       485M       7.5G

             total       used       free     shared    buffers     cached
Mem:          992M       921M        70M        32K       2.3M        27M
-/+ buffers/cache:       891M       100M
Swap:         8.0G       484M       7.5G

             total       used       free     shared    buffers     cached
Mem:          992M       922M        69M        32K       2.3M        27M
-/+ buffers/cache:       893M        99M
Swap:         8.0G       483M       7.5G

             total       used       free     shared    buffers     cached
Mem:          992M       924M        67M        32K       2.3M        27M
-/+ buffers/cache:       894M        97M
Swap:         8.0G       483M       7.5G

             total       used       free     shared    buffers     cached
Mem:          992M       925M        66M        32K       2.3M        27M
-/+ buffers/cache:       895M        96M
Swap:         8.0G       482M       7.5G

             total       used       free     shared    buffers     cached
Mem:          992M       926M        65M        32K       2.3M        27M
-/+ buffers/cache:       896M        95M
Swap:         8.0G       482M       7.5G

             total       used       free     shared    buffers     cached
Mem:          992M       927M        64M        32K       2.3M        27M
-/+ buffers/cache:       898M        94M
Swap:         8.0G       481M       7.5G

             total       used       free     shared    buffers     cached
Mem:          992M       928M        63M        32K       2.3M        27M
-/+ buffers/cache:       898M        93M
Swap:         8.0G       481M       7.5G

             total       used       free     shared    buffers     cached
Mem:          992M       915M        76M        32K       2.3M        26M
-/+ buffers/cache:       886M       105M
Swap:         8.0G       482M       7.5G

             total       used       free     shared    buffers     cached
Mem:          992M       916M        75M        32K       2.3M        26M
-/+ buffers/cache:       887M       104M
Swap:         8.0G       481M       7.5G

             total       used       free     shared    buffers     cached
Mem:          992M       917M        74M        32K       2.3M        26M
-/+ buffers/cache:       888M       103M
Swap:         8.0G       480M       7.5G

             total       used       free     shared    buffers     cached
Mem:          992M       919M        73M        32K       2.3M        26M
-/+ buffers/cache:       889M       102M
Swap:         8.0G       480M       7.5G

             total       used       free     shared    buffers     cached
Mem:          992M       920M        71M        32K       2.3M        26M
-/+ buffers/cache:       891M       101M
Swap:         8.0G       479M       7.5G

             total       used       free     shared    buffers     cached
Mem:          992M       921M        70M        32K       2.3M        26M
-/+ buffers/cache:       892M       100M
Swap:         8.0G       479M       7.5G

             total       used       free     shared    buffers     cached
Mem:          992M       922M        69M        32K       2.3M        26M
-/+ buffers/cache:       893M        98M
Swap:         8.0G       478M       7.5G

             total       used       free     shared    buffers     cached
Mem:          992M       923M        68M        32K       2.3M        26M
-/+ buffers/cache:       894M        97M
Swap:         8.0G       478M       7.5G

             total       used       free     shared    buffers     cached
Mem:          992M       924M        67M        32K       2.3M        26M
-/+ buffers/cache:       895M        96M
Swap:         8.0G       477M       7.5G

             total       used       free     shared    buffers     cached
Mem:          992M       928M        63M        32K       2.3M        30M
-/+ buffers/cache:       895M        96M
Swap:         8.0G       477M       7.5G

             total       used       free     shared    buffers     cached
Mem:          992M       908M        83M        32K       2.3M        28M
-/+ buffers/cache:       877M       114M
Swap:         8.0G       505M       7.5G

             total       used       free     shared    buffers     cached
Mem:          992M       909M        82M        32K       2.3M        28M
-/+ buffers/cache:       879M       112M
Swap:         8.0G       504M       7.5G

             total       used       free     shared    buffers     cached
Mem:          992M       911M        80M        32K       2.3M        28M
-/+ buffers/cache:       880M       111M
Swap:         8.0G       504M       7.5G

             total       used       free     shared    buffers     cached
Mem:          992M       912M        79M        32K       2.3M        28M
-/+ buffers/cache:       882M       110M
Swap:         8.0G       503M       7.5G

             total       used       free     shared    buffers     cached
Mem:          992M       914M        78M        32K       2.3M        28M
-/+ buffers/cache:       883M       108M
Swap:         8.0G       502M       7.5G

             total       used       free     shared    buffers     cached
Mem:          992M       915M        76M        32K       2.3M        28M
-/+ buffers/cache:       884M       107M
Swap:         8.0G       502M       7.5G

             total       used       free     shared    buffers     cached
Mem:          992M       916M        75M        32K       2.3M        28M
-/+ buffers/cache:       885M       106M
Swap:         8.0G       501M       7.5G

             total       used       free     shared    buffers     cached
Mem:          992M       917M        74M        32K       2.3M        28M
-/+ buffers/cache:       886M       105M
Swap:         8.0G       501M       7.5G

             total       used       free     shared    buffers     cached
Mem:          992M       918M        73M        32K       2.3M        28M
-/+ buffers/cache:       888M       103M
Swap:         8.0G       500M       7.5G

             total       used       free     shared    buffers     cached
Mem:          992M       920M        72M        32K       2.3M        28M
-/+ buffers/cache:       889M       102M
Swap:         8.0G       500M       7.5G

             total       used       free     shared    buffers     cached
Mem:          992M       921M        70M        32K       2.3M        28M
-/+ buffers/cache:       890M       101M
Swap:         8.0G       499M       7.5G

             total       used       free     shared    buffers     cached
Mem:          992M       922M        69M        32K       2.3M        28M
-/+ buffers/cache:       891M       100M
Swap:         8.0G       498M       7.5G

             total       used       free     shared    buffers     cached
Mem:          992M       923M        68M        32K       2.3M        28M
-/+ buffers/cache:       893M        98M
Swap:         8.0G       498M       7.5G

             total       used       free     shared    buffers     cached
Mem:          992M       924M        67M        32K       2.3M        28M
-/+ buffers/cache:       894M        97M
Swap:         8.0G       497M       7.5G

             total       used       free     shared    buffers     cached
Mem:          992M       926M        65M        32K       2.3M        28M
-/+ buffers/cache:       895M        96M
Swap:         8.0G       497M       7.5G

             total       used       free     shared    buffers     cached
Mem:          992M       927M        64M        32K       2.3M        28M
-/+ buffers/cache:       896M        95M
Swap:         8.0G       496M       7.5G

             total       used       free     shared    buffers     cached
Mem:          992M       928M        63M        32K       2.3M        28M
-/+ buffers/cache:       898M        94M
Swap:         8.0G       495M       7.5G

             total       used       free     shared    buffers     cached
Mem:          992M       916M        75M        32K       1.5M        28M
-/+ buffers/cache:       887M       104M
Swap:         8.0G       497M       7.5G

             total       used       free     shared    buffers     cached
Mem:          992M       918M        74M        32K       1.5M        28M
-/+ buffers/cache:       888M       103M
Swap:         8.0G       497M       7.5G

             total       used       free     shared    buffers     cached
Mem:          992M       919M        73M        32K       1.5M        28M
-/+ buffers/cache:       889M       102M
Swap:         8.0G       496M       7.5G

             total       used       free     shared    buffers     cached
Mem:          992M       920M        71M        32K       1.5M        28M
-/+ buffers/cache:       891M       101M
Swap:         8.0G       495M       7.5G

             total       used       free     shared    buffers     cached
Mem:          992M       922M        70M        32K       1.5M        28M
-/+ buffers/cache:       892M        99M
Swap:         8.0G       495M       7.5G

             total       used       free     shared    buffers     cached
Mem:          992M       923M        69M        32K       1.5M        28M
-/+ buffers/cache:       893M        98M
Swap:         8.0G       494M       7.5G

             total       used       free     shared    buffers     cached
Mem:          992M       924M        67M        32K       1.5M        28M
-/+ buffers/cache:       894M        97M
Swap:         8.0G       494M       7.5G

             total       used       free     shared    buffers     cached
Mem:          992M       925M        66M        32K       1.5M        28M
-/+ buffers/cache:       896M        96M
Swap:         8.0G       493M       7.5G

             total       used       free     shared    buffers     cached
Mem:          992M       927M        64M        32K       1.5M        28M
-/+ buffers/cache:       897M        94M
Swap:         8.0G       492M       7.5G

             total       used       free     shared    buffers     cached
Mem:          992M       928M        63M        32K       1.5M        28M
-/+ buffers/cache:       898M        93M
Swap:         8.0G       492M       7.5G

             total       used       free     shared    buffers     cached
Mem:          992M       917M        74M        32K       632K        27M
-/+ buffers/cache:       889M       102M
Swap:         8.0G       509M       7.5G

             total       used       free     shared    buffers     cached
Mem:          992M       918M        73M        36K       632K        27M
-/+ buffers/cache:       891M       101M
Swap:         8.0G       508M       7.5G

             total       used       free     shared    buffers     cached
Mem:          992M       919M        72M        36K       632K        27M
-/+ buffers/cache:       891M       100M
Swap:         8.0G       507M       7.5G

             total       used       free     shared    buffers     cached
Mem:          992M       921M        71M        36K       632K        27M
-/+ buffers/cache:       893M        98M
Swap:         8.0G       507M       7.5G

             total       used       free     shared    buffers     cached
Mem:          992M       928M        63M        36K       640K        28M
-/+ buffers/cache:       899M        92M
Swap:         8.0G       504M       7.5G

             total       used       free     shared    buffers     cached
Mem:          992M       912M        79M        36K       172K        24M
-/+ buffers/cache:       888M       104M
Swap:         8.0G       506M       7.5G

             total       used       free     shared    buffers     cached
Mem:          992M       914M        78M        36K       172K        24M
-/+ buffers/cache:       889M       102M
Swap:         8.0G       505M       7.5G

             total       used       free     shared    buffers     cached
Mem:          992M       922M        70M        36K       172K        27M
-/+ buffers/cache:       894M        97M
Swap:         8.0G       503M       7.5G

             total       used       free     shared    buffers     cached
Mem:          992M       922M        69M        36K       172K        27M
-/+ buffers/cache:       895M        96M
Swap:         8.0G       502M       7.5G

             total       used       free     shared    buffers     cached
Mem:          992M       923M        68M        36K       180K        27M
-/+ buffers/cache:       895M        96M
Swap:         8.0G       502M       7.5G

             total       used       free     shared    buffers     cached
Mem:          992M       924M        68M        36K       180K        27M
-/+ buffers/cache:       896M        95M
Swap:         8.0G       502M       7.5G

             total       used       free     shared    buffers     cached
Mem:          992M       924M        67M        36K       180K        27M
-/+ buffers/cache:       897M        95M
Swap:         8.0G       501M       7.5G

             total       used       free     shared    buffers     cached
Mem:          992M       925M        66M        36K       180K        27M
-/+ buffers/cache:       897M        94M
Swap:         8.0G       501M       7.5G

             total       used       free     shared    buffers     cached
Mem:          992M       926M        66M        36K       180K        27M
-/+ buffers/cache:       898M        93M
Swap:         8.0G       501M       7.5G

             total       used       free     shared    buffers     cached
Mem:          992M       926M        65M        36K       180K        27M
-/+ buffers/cache:       899M        92M
Swap:         8.0G       500M       7.5G

             total       used       free     shared    buffers     cached
Mem:          992M       927M        64M        36K       188K        27M
-/+ buffers/cache:       899M        92M
Swap:         8.0G       500M       7.5G

             total       used       free     shared    buffers     cached
Mem:          992M       928M        63M        36K       188K        27M
-/+ buffers/cache:       900M        91M
Swap:         8.0G       500M       7.5G

             total       used       free     shared    buffers     cached
Mem:          992M       925M        66M       192K       556K        35M
-/+ buffers/cache:       889M       102M
Swap:         8.0G       514M       7.5G

             total       used       free     shared    buffers     cached
Mem:          992M       922M        69M       3.9M       4.8M        53M
-/+ buffers/cache:       864M       127M
Swap:         8.0G       555M       7.5G

             total       used       free     shared    buffers     cached
Mem:          992M       917M        74M       260K       4.8M        61M
-/+ buffers/cache:       851M       140M
Swap:         8.0G       569M       7.4G

             total       used       free     shared    buffers     cached
Mem:          992M       922M        70M       228K       5.0M        62M
-/+ buffers/cache:       854M       137M
Swap:         8.0G       567M       7.4G

             total       used       free     shared    buffers     cached
Mem:          992M       918M        73M       264K       4.2M        62M
-/+ buffers/cache:       851M       140M
Swap:         8.0G       562M       7.4G

             total       used       free     shared    buffers     cached
Mem:          992M       919M        72M       264K       4.2M        62M
-/+ buffers/cache:       852M       139M
Swap:         8.0G       562M       7.4G

             total       used       free     shared    buffers     cached
Mem:          992M       920M        71M       264K       4.2M        62M
-/+ buffers/cache:       853M       138M
Swap:         8.0G       561M       7.4G

             total       used       free     shared    buffers     cached
Mem:          992M       922M        69M       264K       4.4M        63M
-/+ buffers/cache:       854M       137M
Swap:         8.0G       561M       7.4G

             total       used       free     shared    buffers     cached
Mem:          992M       924M        67M       264K       4.4M        63M
-/+ buffers/cache:       856M       135M
Swap:         8.0G       560M       7.4G

             total       used       free     shared    buffers     cached
Mem:          992M       925M        66M       264K       4.4M        63M
-/+ buffers/cache:       857M       134M
Swap:         8.0G       559M       7.5G

             total       used       free     shared    buffers     cached
Mem:          992M       926M        65M       264K       4.4M        63M
-/+ buffers/cache:       858M       133M
Swap:         8.0G       559M       7.5G

             total       used       free     shared    buffers     cached
Mem:          992M       928M        64M       264K       4.4M        63M
-/+ buffers/cache:       860M       131M
Swap:         8.0G       558M       7.5G

             total       used       free     shared    buffers     cached
Mem:          992M       919M        72M       264K       4.3M        61M
-/+ buffers/cache:       853M       138M
Swap:         8.0G       568M       7.4G

             total       used       free     shared    buffers     cached
Mem:          992M       916M        75M       264K       4.3M        61M
-/+ buffers/cache:       850M       141M
Swap:         8.0G       574M       7.4G

             total       used       free     shared    buffers     cached
Mem:          992M       917M        74M       264K       4.3M        61M
-/+ buffers/cache:       852M       140M
Swap:         8.0G       574M       7.4G

             total       used       free     shared    buffers     cached
Mem:          992M       919M        72M       264K       4.3M        61M
-/+ buffers/cache:       853M       139M
Swap:         8.0G       573M       7.4G

             total       used       free     shared    buffers     cached
Mem:          992M       920M        71M       264K       4.3M        61M
-/+ buffers/cache:       854M       137M
Swap:         8.0G       573M       7.4G

             total       used       free     shared    buffers     cached
Mem:          992M       922M        70M       264K       4.3M        61M
-/+ buffers/cache:       855M       136M
Swap:         8.0G       572M       7.4G

             total       used       free     shared    buffers     cached
Mem:          992M       923M        69M       264K       4.4M        61M
-/+ buffers/cache:       856M       135M
Swap:         8.0G       571M       7.4G

             total       used       free     shared    buffers     cached
Mem:          992M       924M        67M       264K       4.4M        61M
-/+ buffers/cache:       858M       133M
Swap:         8.0G       570M       7.4G

             total       used       free     shared    buffers     cached
Mem:          992M       925M        66M       264K       4.4M        61M
-/+ buffers/cache:       859M       132M
Swap:         8.0G       570M       7.4G

             total       used       free     shared    buffers     cached
Mem:          992M       927M        65M       264K       4.4M        61M
-/+ buffers/cache:       860M       131M
Swap:         8.0G       569M       7.4G

             total       used       free     shared    buffers     cached
Mem:          992M       928M        64M       264K       4.4M        61M
-/+ buffers/cache:       861M       130M
Swap:         8.0G       569M       7.4G

             total       used       free     shared    buffers     cached
Mem:          992M       929M        62M       264K       4.4M        61M
-/+ buffers/cache:       862M       129M
Swap:         8.0G       568M       7.4G

             total       used       free     shared    buffers     cached
Mem:          992M       918M        73M       264K       4.4M        61M
-/+ buffers/cache:       852M       139M
Swap:         8.0G       572M       7.4G

             total       used       free     shared    buffers     cached
Mem:          992M       919M        72M       264K       4.4M        61M
-/+ buffers/cache:       853M       138M
Swap:         8.0G       571M       7.4G

             total       used       free     shared    buffers     cached
Mem:          992M       920M        71M       264K       4.4M        61M
-/+ buffers/cache:       855M       137M
Swap:         8.0G       570M       7.4G

             total       used       free     shared    buffers     cached
Mem:          992M       922M        70M       264K       4.4M        61M
-/+ buffers/cache:       856M       135M
Swap:         8.0G       570M       7.4G

             total       used       free     shared    buffers     cached
Mem:          992M       923M        68M       264K       4.4M        61M
-/+ buffers/cache:       857M       134M
Swap:         8.0G       569M       7.4G

             total       used       free     shared    buffers     cached
Mem:          992M       924M        67M       264K       4.4M        61M
-/+ buffers/cache:       858M       133M
Swap:         8.0G       568M       7.4G

             total       used       free     shared    buffers     cached
Mem:          992M       926M        66M       264K       4.4M        61M
-/+ buffers/cache:       860M       132M
Swap:         8.0G       568M       7.4G

             total       used       free     shared    buffers     cached
Mem:          992M       927M        65M       264K       4.4M        61M
-/+ buffers/cache:       861M       130M
Swap:         8.0G       567M       7.4G

             total       used       free     shared    buffers     cached
Mem:          992M       928M        63M       264K       4.4M        61M
-/+ buffers/cache:       862M       129M
Swap:         8.0G       566M       7.4G

             total       used       free     shared    buffers     cached
Mem:          992M       912M        79M       264K       3.5M        59M
-/+ buffers/cache:       849M       142M
Swap:         8.0G       570M       7.4G

             total       used       free     shared    buffers     cached
Mem:          992M       913M        78M       264K       3.5M        59M
-/+ buffers/cache:       850M       141M
Swap:         8.0G       570M       7.4G

             total       used       free     shared    buffers     cached
Mem:          992M       921M        70M       268K       4.4M        64M
-/+ buffers/cache:       853M       138M
Swap:         8.0G       569M       7.4G

             total       used       free     shared    buffers     cached
Mem:          992M       923M        69M       268K       4.4M        64M
-/+ buffers/cache:       854M       137M
Swap:         8.0G       568M       7.4G

             total       used       free     shared    buffers     cached
Mem:          992M       924M        68M       268K       4.4M        63M
-/+ buffers/cache:       855M       136M
Swap:         8.0G       567M       7.4G

             total       used       free     shared    buffers     cached
Mem:          992M       925M        66M       268K       4.4M        63M
-/+ buffers/cache:       857M       135M
Swap:         8.0G       567M       7.4G

             total       used       free     shared    buffers     cached
Mem:          992M       926M        65M       268K       4.4M        64M
-/+ buffers/cache:       858M       134M
Swap:         8.0G       566M       7.4G

             total       used       free     shared    buffers     cached
Mem:          992M       911M        80M       320K       7.8M        70M
-/+ buffers/cache:       833M       158M
Swap:         8.0G       596M       7.4G

             total       used       free     shared    buffers     cached
Mem:          992M       916M        75M       332K       8.1M        72M
-/+ buffers/cache:       835M       156M
Swap:         8.0G       595M       7.4G
