             total       used       free     shared    buffers     cached
Mem:          3.9G       666M       3.2G       3.2M        38M       290M
-/+ buffers/cache:       337M       3.5G
Swap:         8.0G         0B       8.0G

             total       used       free     shared    buffers     cached
Mem:          3.9G       665M       3.2G       1.5M        38M       288M
-/+ buffers/cache:       337M       3.5G
Swap:         8.0G         0B       8.0G

             total       used       free     shared    buffers     cached
Mem:          3.9G       665M       3.2G       1.5M        38M       288M
-/+ buffers/cache:       337M       3.5G
Swap:         8.0G         0B       8.0G

             total       used       free     shared    buffers     cached
Mem:          3.9G       665M       3.2G       1.5M        38M       288M
-/+ buffers/cache:       337M       3.5G
Swap:         8.0G         0B       8.0G

             total       used       free     shared    buffers     cached
Mem:          3.9G       665M       3.2G       1.5M        38M       288M
-/+ buffers/cache:       337M       3.5G
Swap:         8.0G         0B       8.0G

             total       used       free     shared    buffers     cached
Mem:          3.9G       665M       3.2G       1.5M        38M       288M
-/+ buffers/cache:       337M       3.5G
Swap:         8.0G         0B       8.0G

             total       used       free     shared    buffers     cached
Mem:          3.9G       664M       3.2G       1.5M        38M       288M
-/+ buffers/cache:       337M       3.5G
Swap:         8.0G         0B       8.0G

             total       used       free     shared    buffers     cached
Mem:          3.9G       664M       3.2G       1.5M        38M       288M
-/+ buffers/cache:       337M       3.5G
Swap:         8.0G         0B       8.0G

             total       used       free     shared    buffers     cached
Mem:          3.9G       664M       3.2G       1.5M        38M       288M
-/+ buffers/cache:       337M       3.5G
Swap:         8.0G         0B       8.0G

             total       used       free     shared    buffers     cached
Mem:          3.9G       665M       3.2G       1.5M        38M       288M
-/+ buffers/cache:       337M       3.5G
Swap:         8.0G         0B       8.0G

             total       used       free     shared    buffers     cached
Mem:          3.9G       669M       3.2G       1.5M        38M       288M
-/+ buffers/cache:       342M       3.5G
Swap:         8.0G         0B       8.0G

             total       used       free     shared    buffers     cached
Mem:          3.9G       692M       3.2G       1.5M        38M       288M
-/+ buffers/cache:       364M       3.5G
Swap:         8.0G         0B       8.0G

             total       used       free     shared    buffers     cached
Mem:          3.9G       673M       3.2G       1.5M        38M       290M
-/+ buffers/cache:       345M       3.5G
Swap:         8.0G         0B       8.0G

             total       used       free     shared    buffers     cached
Mem:          3.9G       675M       3.2G       1.5M        38M       290M
-/+ buffers/cache:       347M       3.5G
Swap:         8.0G         0B       8.0G

             total       used       free     shared    buffers     cached
Mem:          3.9G       673M       3.2G       1.5M        38M       290M
-/+ buffers/cache:       345M       3.5G
Swap:         8.0G         0B       8.0G

             total       used       free     shared    buffers     cached
Mem:          3.9G       673M       3.2G       1.5M        38M       290M
-/+ buffers/cache:       345M       3.5G
Swap:         8.0G         0B       8.0G

             total       used       free     shared    buffers     cached
Mem:          3.9G       673M       3.2G       1.5M        38M       290M
-/+ buffers/cache:       345M       3.5G
Swap:         8.0G         0B       8.0G

             total       used       free     shared    buffers     cached
Mem:          3.9G       673M       3.2G       1.5M        38M       290M
-/+ buffers/cache:       345M       3.5G
Swap:         8.0G         0B       8.0G

             total       used       free     shared    buffers     cached
Mem:          3.9G       673M       3.2G       1.5M        38M       290M
-/+ buffers/cache:       345M       3.5G
Swap:         8.0G         0B       8.0G

             total       used       free     shared    buffers     cached
Mem:          3.9G       673M       3.2G       1.5M        38M       290M
-/+ buffers/cache:       345M       3.5G
Swap:         8.0G         0B       8.0G

             total       used       free     shared    buffers     cached
Mem:          3.9G       673M       3.2G       1.5M        38M       290M
-/+ buffers/cache:       345M       3.5G
Swap:         8.0G         0B       8.0G

             total       used       free     shared    buffers     cached
Mem:          3.9G       674M       3.2G       1.5M        38M       290M
-/+ buffers/cache:       345M       3.5G
Swap:         8.0G         0B       8.0G

             total       used       free     shared    buffers     cached
Mem:          3.9G       674M       3.2G       1.5M        38M       290M
-/+ buffers/cache:       345M       3.5G
Swap:         8.0G         0B       8.0G

             total       used       free     shared    buffers     cached
Mem:          3.9G       674M       3.2G       1.5M        38M       290M
-/+ buffers/cache:       345M       3.5G
Swap:         8.0G         0B       8.0G

             total       used       free     shared    buffers     cached
Mem:          3.9G       674M       3.2G       1.5M        38M       290M
-/+ buffers/cache:       345M       3.5G
Swap:         8.0G         0B       8.0G

             total       used       free     shared    buffers     cached
Mem:          3.9G       674M       3.2G       1.5M        38M       290M
-/+ buffers/cache:       345M       3.5G
Swap:         8.0G         0B       8.0G

             total       used       free     shared    buffers     cached
Mem:          3.9G       674M       3.2G       1.5M        38M       290M
-/+ buffers/cache:       345M       3.5G
Swap:         8.0G         0B       8.0G

             total       used       free     shared    buffers     cached
Mem:          3.9G       674M       3.2G       1.5M        38M       290M
-/+ buffers/cache:       345M       3.5G
Swap:         8.0G         0B       8.0G

             total       used       free     shared    buffers     cached
Mem:          3.9G       674M       3.2G       1.5M        38M       290M
-/+ buffers/cache:       345M       3.5G
Swap:         8.0G         0B       8.0G

             total       used       free     shared    buffers     cached
Mem:          3.9G       674M       3.2G       1.5M        38M       290M
-/+ buffers/cache:       345M       3.5G
Swap:         8.0G         0B       8.0G

             total       used       free     shared    buffers     cached
Mem:          3.9G       674M       3.2G       1.5M        38M       290M
-/+ buffers/cache:       345M       3.5G
Swap:         8.0G         0B       8.0G

             total       used       free     shared    buffers     cached
Mem:          3.9G       674M       3.2G       1.5M        38M       290M
-/+ buffers/cache:       345M       3.5G
Swap:         8.0G         0B       8.0G

             total       used       free     shared    buffers     cached
Mem:          3.9G       674M       3.2G       1.5M        38M       290M
-/+ buffers/cache:       345M       3.5G
Swap:         8.0G         0B       8.0G

             total       used       free     shared    buffers     cached
Mem:          3.9G       679M       3.2G       1.5M        38M       290M
-/+ buffers/cache:       351M       3.5G
Swap:         8.0G         0B       8.0G

             total       used       free     shared    buffers     cached
Mem:          3.9G       697M       3.2G       1.5M        38M       290M
-/+ buffers/cache:       368M       3.5G
Swap:         8.0G         0B       8.0G

             total       used       free     shared    buffers     cached
Mem:          3.9G       716M       3.2G       1.5M        38M       290M
-/+ buffers/cache:       387M       3.5G
Swap:         8.0G         0B       8.0G

             total       used       free     shared    buffers     cached
Mem:          3.9G       735M       3.1G       1.5M        38M       290M
-/+ buffers/cache:       407M       3.5G
Swap:         8.0G         0B       8.0G

             total       used       free     shared    buffers     cached
Mem:          3.9G       753M       3.1G       1.5M        38M       290M
-/+ buffers/cache:       425M       3.4G
Swap:         8.0G         0B       8.0G

             total       used       free     shared    buffers     cached
Mem:          3.9G       770M       3.1G       1.5M        38M       290M
-/+ buffers/cache:       442M       3.4G
Swap:         8.0G         0B       8.0G

             total       used       free     shared    buffers     cached
Mem:          3.9G       786M       3.1G       1.5M        38M       290M
-/+ buffers/cache:       458M       3.4G
Swap:         8.0G         0B       8.0G

             total       used       free     shared    buffers     cached
Mem:          3.9G       804M       3.1G       1.5M        38M       290M
-/+ buffers/cache:       475M       3.4G
Swap:         8.0G         0B       8.0G

             total       used       free     shared    buffers     cached
Mem:          3.9G       822M       3.1G       1.5M        38M       290M
-/+ buffers/cache:       493M       3.4G
Swap:         8.0G         0B       8.0G

             total       used       free     shared    buffers     cached
Mem:          3.9G       841M       3.0G       1.5M        38M       290M
-/+ buffers/cache:       512M       3.4G
Swap:         8.0G         0B       8.0G

             total       used       free     shared    buffers     cached
Mem:          3.9G       862M       3.0G       1.5M        38M       290M
-/+ buffers/cache:       533M       3.3G
Swap:         8.0G         0B       8.0G

             total       used       free     shared    buffers     cached
Mem:          3.9G       880M       3.0G       1.5M        38M       290M
-/+ buffers/cache:       551M       3.3G
Swap:         8.0G         0B       8.0G

             total       used       free     shared    buffers     cached
Mem:          3.9G       898M       3.0G       1.5M        38M       290M
-/+ buffers/cache:       569M       3.3G
Swap:         8.0G         0B       8.0G

             total       used       free     shared    buffers     cached
Mem:          3.9G       912M       3.0G       1.5M        38M       290M
-/+ buffers/cache:       583M       3.3G
Swap:         8.0G         0B       8.0G

             total       used       free     shared    buffers     cached
Mem:          3.9G       929M       3.0G       1.5M        38M       290M
-/+ buffers/cache:       600M       3.3G
Swap:         8.0G         0B       8.0G

             total       used       free     shared    buffers     cached
Mem:          3.9G       947M       2.9G       1.5M        38M       290M
-/+ buffers/cache:       618M       3.3G
Swap:         8.0G         0B       8.0G

             total       used       free     shared    buffers     cached
Mem:          3.9G       963M       2.9G       1.5M        38M       290M
-/+ buffers/cache:       635M       3.2G
Swap:         8.0G         0B       8.0G

             total       used       free     shared    buffers     cached
Mem:          3.9G       981M       2.9G       1.5M        38M       290M
-/+ buffers/cache:       652M       3.2G
Swap:         8.0G         0B       8.0G

             total       used       free     shared    buffers     cached
Mem:          3.9G       998M       2.9G       1.5M        38M       290M
-/+ buffers/cache:       669M       3.2G
Swap:         8.0G         0B       8.0G

             total       used       free     shared    buffers     cached
Mem:          3.9G       1.0G       2.9G       1.5M        38M       290M
-/+ buffers/cache:       687M       3.2G
Swap:         8.0G         0B       8.0G

             total       used       free     shared    buffers     cached
Mem:          3.9G       1.0G       2.8G       1.5M        38M       290M
-/+ buffers/cache:       705M       3.2G
Swap:         8.0G         0B       8.0G

             total       used       free     shared    buffers     cached
Mem:          3.9G       1.0G       2.8G       1.5M        38M       290M
-/+ buffers/cache:       722M       3.2G
Swap:         8.0G         0B       8.0G

             total       used       free     shared    buffers     cached
Mem:          3.9G       1.0G       2.8G       1.5M        38M       290M
-/+ buffers/cache:       741M       3.1G
Swap:         8.0G         0B       8.0G

             total       used       free     shared    buffers     cached
Mem:          3.9G       1.1G       2.8G       1.5M        38M       290M
-/+ buffers/cache:       759M       3.1G
Swap:         8.0G         0B       8.0G

             total       used       free     shared    buffers     cached
Mem:          3.9G       1.1G       2.8G       1.5M        38M       290M
-/+ buffers/cache:       778M       3.1G
Swap:         8.0G         0B       8.0G

             total       used       free     shared    buffers     cached
Mem:          3.9G       1.1G       2.8G       1.5M        38M       290M
-/+ buffers/cache:       794M       3.1G
Swap:         8.0G         0B       8.0G

             total       used       free     shared    buffers     cached
Mem:          3.9G       1.1G       2.8G       1.5M        38M       290M
-/+ buffers/cache:       806M       3.1G
Swap:         8.0G         0B       8.0G

             total       used       free     shared    buffers     cached
Mem:          3.9G       1.1G       2.7G       1.5M        38M       290M
-/+ buffers/cache:       824M       3.1G
Swap:         8.0G         0B       8.0G

             total       used       free     shared    buffers     cached
Mem:          3.9G       1.1G       2.7G       1.5M        38M       290M
-/+ buffers/cache:       841M       3.0G
Swap:         8.0G         0B       8.0G

             total       used       free     shared    buffers     cached
Mem:          3.9G       1.2G       2.7G       1.5M        38M       290M
-/+ buffers/cache:       859M       3.0G
Swap:         8.0G         0B       8.0G

             total       used       free     shared    buffers     cached
Mem:          3.9G       1.2G       2.7G       1.5M        38M       290M
-/+ buffers/cache:       876M       3.0G
Swap:         8.0G         0B       8.0G

             total       used       free     shared    buffers     cached
Mem:          3.9G       1.2G       2.7G       1.5M        38M       290M
-/+ buffers/cache:       895M       3.0G
Swap:         8.0G         0B       8.0G

             total       used       free     shared    buffers     cached
Mem:          3.9G       1.2G       2.6G       1.5M        38M       290M
-/+ buffers/cache:       913M       3.0G
Swap:         8.0G         0B       8.0G

             total       used       free     shared    buffers     cached
Mem:          3.9G       1.2G       2.6G       1.5M        38M       290M
-/+ buffers/cache:       931M       2.9G
Swap:         8.0G         0B       8.0G

             total       used       free     shared    buffers     cached
Mem:          3.9G       1.2G       2.6G       1.5M        38M       290M
-/+ buffers/cache:       948M       2.9G
Swap:         8.0G         0B       8.0G

             total       used       free     shared    buffers     cached
Mem:          3.9G       1.3G       2.6G       1.5M        38M       290M
-/+ buffers/cache:       966M       2.9G
Swap:         8.0G         0B       8.0G

             total       used       free     shared    buffers     cached
Mem:          3.9G       1.3G       2.6G       1.5M        38M       290M
-/+ buffers/cache:       983M       2.9G
Swap:         8.0G         0B       8.0G

             total       used       free     shared    buffers     cached
Mem:          3.9G       1.3G       2.6G       1.5M        38M       290M
-/+ buffers/cache:       1.0G       2.9G
Swap:         8.0G         0B       8.0G

             total       used       free     shared    buffers     cached
Mem:          3.9G       1.3G       2.5G       1.5M        38M       290M
-/+ buffers/cache:       1.0G       2.9G
Swap:         8.0G         0B       8.0G

             total       used       free     shared    buffers     cached
Mem:          3.9G       1.3G       2.5G       1.5M        38M       290M
-/+ buffers/cache:       1.0G       2.8G
Swap:         8.0G         0B       8.0G

             total       used       free     shared    buffers     cached
Mem:          3.9G       1.4G       2.5G       1.5M        38M       290M
-/+ buffers/cache:       1.0G       2.8G
Swap:         8.0G         0B       8.0G

             total       used       free     shared    buffers     cached
Mem:          3.9G       1.4G       2.5G       1.5M        38M       290M
-/+ buffers/cache:       1.0G       2.8G
Swap:         8.0G         0B       8.0G

             total       used       free     shared    buffers     cached
Mem:          3.9G       1.4G       2.5G       1.5M        38M       290M
-/+ buffers/cache:       1.1G       2.8G
Swap:         8.0G         0B       8.0G

             total       used       free     shared    buffers     cached
Mem:          3.9G       1.4G       2.5G       1.5M        38M       290M
-/+ buffers/cache:       1.1G       2.8G
Swap:         8.0G         0B       8.0G

             total       used       free     shared    buffers     cached
Mem:          3.9G       1.4G       2.4G       1.5M        38M       290M
-/+ buffers/cache:       1.1G       2.8G
Swap:         8.0G         0B       8.0G

             total       used       free     shared    buffers     cached
Mem:          3.9G       1.4G       2.4G       1.5M        38M       290M
-/+ buffers/cache:       1.1G       2.7G
Swap:         8.0G         0B       8.0G

             total       used       free     shared    buffers     cached
Mem:          3.9G       1.5G       2.4G       1.5M        38M       290M
-/+ buffers/cache:       1.1G       2.7G
Swap:         8.0G         0B       8.0G

             total       used       free     shared    buffers     cached
Mem:          3.9G       1.5G       2.4G       1.5M        38M       290M
-/+ buffers/cache:       1.2G       2.7G
Swap:         8.0G         0B       8.0G

             total       used       free     shared    buffers     cached
Mem:          3.9G       1.5G       2.4G       1.5M        38M       290M
-/+ buffers/cache:       1.2G       2.7G
Swap:         8.0G         0B       8.0G

             total       used       free     shared    buffers     cached
Mem:          3.9G       1.5G       2.3G       1.5M        38M       290M
-/+ buffers/cache:       1.2G       2.7G
Swap:         8.0G         0B       8.0G

             total       used       free     shared    buffers     cached
Mem:          3.9G       1.5G       2.3G       1.5M        38M       290M
-/+ buffers/cache:       1.2G       2.6G
Swap:         8.0G         0B       8.0G

             total       used       free     shared    buffers     cached
Mem:          3.9G       1.5G       2.3G       1.5M        38M       290M
-/+ buffers/cache:       1.2G       2.6G
Swap:         8.0G         0B       8.0G

             total       used       free     shared    buffers     cached
Mem:          3.9G       1.6G       2.3G       1.5M        38M       290M
-/+ buffers/cache:       1.2G       2.6G
Swap:         8.0G         0B       8.0G

             total       used       free     shared    buffers     cached
Mem:          3.9G       1.6G       2.3G       1.5M        38M       290M
-/+ buffers/cache:       1.3G       2.6G
Swap:         8.0G         0B       8.0G

             total       used       free     shared    buffers     cached
Mem:          3.9G       1.6G       2.3G       1.5M        38M       290M
-/+ buffers/cache:       1.3G       2.6G
Swap:         8.0G         0B       8.0G

             total       used       free     shared    buffers     cached
Mem:          3.9G       1.6G       2.3G       1.5M        38M       290M
-/+ buffers/cache:       1.3G       2.6G
Swap:         8.0G         0B       8.0G

             total       used       free     shared    buffers     cached
Mem:          3.9G       1.6G       2.2G       1.5M        38M       290M
-/+ buffers/cache:       1.3G       2.6G
Swap:         8.0G         0B       8.0G

             total       used       free     shared    buffers     cached
Mem:          3.9G       1.6G       2.2G       1.5M        38M       290M
-/+ buffers/cache:       1.3G       2.5G
Swap:         8.0G         0B       8.0G

             total       used       free     shared    buffers     cached
Mem:          3.9G       1.7G       2.2G       1.5M        38M       290M
-/+ buffers/cache:       1.3G       2.5G
Swap:         8.0G         0B       8.0G

             total       used       free     shared    buffers     cached
Mem:          3.9G       1.7G       2.2G       1.5M        38M       290M
-/+ buffers/cache:       1.4G       2.5G
Swap:         8.0G         0B       8.0G

             total       used       free     shared    buffers     cached
Mem:          3.9G       1.7G       2.2G       1.5M        38M       290M
-/+ buffers/cache:       1.4G       2.5G
Swap:         8.0G         0B       8.0G

             total       used       free     shared    buffers     cached
Mem:          3.9G       1.7G       2.1G       1.5M        38M       290M
-/+ buffers/cache:       1.4G       2.5G
Swap:         8.0G         0B       8.0G

             total       used       free     shared    buffers     cached
Mem:          3.9G       1.7G       2.1G       1.5M        38M       290M
-/+ buffers/cache:       1.4G       2.5G
Swap:         8.0G         0B       8.0G

             total       used       free     shared    buffers     cached
Mem:          3.9G       1.7G       2.1G       1.5M        38M       290M
-/+ buffers/cache:       1.4G       2.4G
Swap:         8.0G         0B       8.0G

             total       used       free     shared    buffers     cached
Mem:          3.9G       1.8G       2.1G       1.5M        38M       290M
-/+ buffers/cache:       1.4G       2.4G
Swap:         8.0G         0B       8.0G

             total       used       free     shared    buffers     cached
Mem:          3.9G       1.8G       2.1G       1.5M        38M       290M
-/+ buffers/cache:       1.5G       2.4G
Swap:         8.0G         0B       8.0G

             total       used       free     shared    buffers     cached
Mem:          3.9G       1.8G       2.1G       1.5M        38M       290M
-/+ buffers/cache:       1.5G       2.4G
Swap:         8.0G         0B       8.0G

             total       used       free     shared    buffers     cached
Mem:          3.9G       1.8G       2.0G       1.5M        38M       290M
-/+ buffers/cache:       1.5G       2.4G
Swap:         8.0G         0B       8.0G

             total       used       free     shared    buffers     cached
Mem:          3.9G       1.8G       2.0G       1.5M        38M       290M
-/+ buffers/cache:       1.5G       2.3G
Swap:         8.0G         0B       8.0G

             total       used       free     shared    buffers     cached
Mem:          3.9G       1.9G       2.0G       1.5M        38M       290M
-/+ buffers/cache:       1.5G       2.3G
Swap:         8.0G         0B       8.0G

             total       used       free     shared    buffers     cached
Mem:          3.9G       1.9G       2.0G       1.5M        38M       290M
-/+ buffers/cache:       1.5G       2.3G
Swap:         8.0G         0B       8.0G

             total       used       free     shared    buffers     cached
Mem:          3.9G       1.9G       2.0G       1.5M        38M       290M
-/+ buffers/cache:       1.6G       2.3G
Swap:         8.0G         0B       8.0G

             total       used       free     shared    buffers     cached
Mem:          3.9G       1.9G       2.0G       1.5M        38M       290M
-/+ buffers/cache:       1.6G       2.3G
Swap:         8.0G         0B       8.0G

             total       used       free     shared    buffers     cached
Mem:          3.9G       1.9G       1.9G       1.5M        38M       290M
-/+ buffers/cache:       1.6G       2.3G
Swap:         8.0G         0B       8.0G

             total       used       free     shared    buffers     cached
Mem:          3.9G       1.9G       1.9G       1.5M        38M       290M
-/+ buffers/cache:       1.6G       2.2G
Swap:         8.0G         0B       8.0G

             total       used       free     shared    buffers     cached
Mem:          3.9G       2.0G       1.9G       1.5M        38M       290M
-/+ buffers/cache:       1.6G       2.2G
Swap:         8.0G         0B       8.0G

             total       used       free     shared    buffers     cached
Mem:          3.9G       2.0G       1.9G       1.5M        38M       290M
-/+ buffers/cache:       1.7G       2.2G
Swap:         8.0G         0B       8.0G

             total       used       free     shared    buffers     cached
Mem:          3.9G       2.0G       1.9G       1.5M        38M       290M
-/+ buffers/cache:       1.7G       2.2G
Swap:         8.0G         0B       8.0G

             total       used       free     shared    buffers     cached
Mem:          3.9G       2.0G       1.9G       1.5M        38M       290M
-/+ buffers/cache:       1.7G       2.2G
Swap:         8.0G         0B       8.0G

             total       used       free     shared    buffers     cached
Mem:          3.9G       2.0G       1.8G       1.5M        38M       290M
-/+ buffers/cache:       1.7G       2.2G
Swap:         8.0G         0B       8.0G

             total       used       free     shared    buffers     cached
Mem:          3.9G       2.0G       1.8G       1.5M        38M       290M
-/+ buffers/cache:       1.7G       2.1G
Swap:         8.0G         0B       8.0G

             total       used       free     shared    buffers     cached
Mem:          3.9G       2.1G       1.8G       1.5M        38M       290M
-/+ buffers/cache:       1.7G       2.1G
Swap:         8.0G         0B       8.0G

             total       used       free     shared    buffers     cached
Mem:          3.9G       2.1G       1.8G       1.5M        38M       290M
-/+ buffers/cache:       1.8G       2.1G
Swap:         8.0G         0B       8.0G

             total       used       free     shared    buffers     cached
Mem:          3.9G       2.1G       1.8G       1.5M        38M       290M
-/+ buffers/cache:       1.8G       2.1G
Swap:         8.0G         0B       8.0G

             total       used       free     shared    buffers     cached
Mem:          3.9G       2.1G       1.7G       1.5M        38M       290M
-/+ buffers/cache:       1.8G       2.1G
Swap:         8.0G         0B       8.0G

             total       used       free     shared    buffers     cached
Mem:          3.9G       2.1G       1.7G       1.5M        38M       290M
-/+ buffers/cache:       1.8G       2.1G
Swap:         8.0G         0B       8.0G

             total       used       free     shared    buffers     cached
Mem:          3.9G       2.1G       1.7G       1.5M        38M       290M
-/+ buffers/cache:       1.8G       2.0G
Swap:         8.0G         0B       8.0G

             total       used       free     shared    buffers     cached
Mem:          3.9G       2.2G       1.7G       1.5M        38M       290M
-/+ buffers/cache:       1.8G       2.0G
Swap:         8.0G         0B       8.0G

             total       used       free     shared    buffers     cached
Mem:          3.9G       2.2G       1.7G       1.5M        38M       290M
-/+ buffers/cache:       1.9G       2.0G
Swap:         8.0G         0B       8.0G

             total       used       free     shared    buffers     cached
Mem:          3.9G       2.2G       1.7G       1.5M        38M       290M
-/+ buffers/cache:       1.9G       2.0G
Swap:         8.0G         0B       8.0G

             total       used       free     shared    buffers     cached
Mem:          3.9G       2.2G       1.6G       1.5M        38M       290M
-/+ buffers/cache:       1.9G       2.0G
Swap:         8.0G         0B       8.0G

             total       used       free     shared    buffers     cached
Mem:          3.9G       2.2G       1.6G       1.5M        38M       290M
-/+ buffers/cache:       1.9G       1.9G
Swap:         8.0G         0B       8.0G

             total       used       free     shared    buffers     cached
Mem:          3.9G       2.3G       1.6G       1.5M        38M       290M
-/+ buffers/cache:       1.9G       1.9G
Swap:         8.0G         0B       8.0G

             total       used       free     shared    buffers     cached
Mem:          3.9G       2.3G       1.6G       1.5M        38M       290M
-/+ buffers/cache:       2.0G       1.9G
Swap:         8.0G         0B       8.0G

             total       used       free     shared    buffers     cached
Mem:          3.9G       2.3G       1.6G       1.5M        38M       290M
-/+ buffers/cache:       2.0G       1.9G
Swap:         8.0G         0B       8.0G

             total       used       free     shared    buffers     cached
Mem:          3.9G       2.3G       1.5G       1.5M        38M       290M
-/+ buffers/cache:       2.0G       1.9G
Swap:         8.0G         0B       8.0G

             total       used       free     shared    buffers     cached
Mem:          3.9G       2.3G       1.5G       1.5M        38M       290M
-/+ buffers/cache:       2.0G       1.8G
Swap:         8.0G         0B       8.0G

             total       used       free     shared    buffers     cached
Mem:          3.9G       2.4G       1.5G       1.5M        38M       290M
-/+ buffers/cache:       2.0G       1.8G
Swap:         8.0G         0B       8.0G

             total       used       free     shared    buffers     cached
Mem:          3.9G       2.4G       1.5G       1.5M        38M       290M
-/+ buffers/cache:       2.0G       1.8G
Swap:         8.0G         0B       8.0G

             total       used       free     shared    buffers     cached
Mem:          3.9G       2.4G       1.5G       1.5M        38M       290M
-/+ buffers/cache:       2.1G       1.8G
Swap:         8.0G         0B       8.0G

             total       used       free     shared    buffers     cached
Mem:          3.9G       2.4G       1.5G       1.5M        38M       290M
-/+ buffers/cache:       2.1G       1.8G
Swap:         8.0G         0B       8.0G

             total       used       free     shared    buffers     cached
Mem:          3.9G       2.4G       1.4G       1.5M        38M       290M
-/+ buffers/cache:       2.1G       1.8G
Swap:         8.0G         0B       8.0G

             total       used       free     shared    buffers     cached
Mem:          3.9G       2.4G       1.4G       1.5M        38M       290M
-/+ buffers/cache:       2.1G       1.8G
Swap:         8.0G         0B       8.0G

             total       used       free     shared    buffers     cached
Mem:          3.9G       2.4G       1.4G       1.5M        38M       290M
-/+ buffers/cache:       2.1G       1.8G
Swap:         8.0G         0B       8.0G

             total       used       free     shared    buffers     cached
Mem:          3.9G       2.5G       1.4G       1.5M        38M       290M
-/+ buffers/cache:       2.1G       1.7G
Swap:         8.0G         0B       8.0G

             total       used       free     shared    buffers     cached
Mem:          3.9G       2.5G       1.4G       1.5M        38M       290M
-/+ buffers/cache:       2.1G       1.7G
Swap:         8.0G         0B       8.0G

             total       used       free     shared    buffers     cached
Mem:          3.9G       2.5G       1.4G       1.5M        38M       290M
-/+ buffers/cache:       2.2G       1.7G
Swap:         8.0G         0B       8.0G

             total       used       free     shared    buffers     cached
Mem:          3.9G       2.5G       1.4G       1.5M        38M       290M
-/+ buffers/cache:       2.2G       1.7G
Swap:         8.0G         0B       8.0G

             total       used       free     shared    buffers     cached
Mem:          3.9G       2.5G       1.3G       1.5M        38M       290M
-/+ buffers/cache:       2.2G       1.7G
Swap:         8.0G         0B       8.0G

             total       used       free     shared    buffers     cached
Mem:          3.9G       2.5G       1.3G       1.5M        38M       290M
-/+ buffers/cache:       2.2G       1.6G
Swap:         8.0G         0B       8.0G

             total       used       free     shared    buffers     cached
Mem:          3.9G       2.6G       1.3G       1.5M        38M       290M
-/+ buffers/cache:       2.2G       1.6G
Swap:         8.0G         0B       8.0G

             total       used       free     shared    buffers     cached
Mem:          3.9G       2.6G       1.3G       1.5M        38M       290M
-/+ buffers/cache:       2.3G       1.6G
Swap:         8.0G         0B       8.0G

             total       used       free     shared    buffers     cached
Mem:          3.9G       2.6G       1.3G       1.5M        38M       290M
-/+ buffers/cache:       2.3G       1.6G
Swap:         8.0G         0B       8.0G

             total       used       free     shared    buffers     cached
Mem:          3.9G       2.6G       1.2G       1.5M        38M       290M
-/+ buffers/cache:       2.3G       1.6G
Swap:         8.0G         0B       8.0G

             total       used       free     shared    buffers     cached
Mem:          3.9G       2.6G       1.2G       1.5M        38M       290M
-/+ buffers/cache:       2.3G       1.5G
Swap:         8.0G         0B       8.0G

             total       used       free     shared    buffers     cached
Mem:          3.9G       2.6G       1.2G       1.5M        38M       290M
-/+ buffers/cache:       2.3G       1.5G
Swap:         8.0G         0B       8.0G

             total       used       free     shared    buffers     cached
Mem:          3.9G       2.7G       1.2G       1.5M        38M       290M
-/+ buffers/cache:       2.3G       1.5G
Swap:         8.0G         0B       8.0G

             total       used       free     shared    buffers     cached
Mem:          3.9G       2.7G       1.2G       1.5M        38M       290M
-/+ buffers/cache:       2.4G       1.5G
Swap:         8.0G         0B       8.0G

             total       used       free     shared    buffers     cached
Mem:          3.9G       2.7G       1.2G       1.5M        38M       290M
-/+ buffers/cache:       2.4G       1.5G
Swap:         8.0G         0B       8.0G

             total       used       free     shared    buffers     cached
Mem:          3.9G       2.7G       1.1G       1.5M        38M       290M
-/+ buffers/cache:       2.4G       1.5G
Swap:         8.0G         0B       8.0G

             total       used       free     shared    buffers     cached
Mem:          3.9G       2.7G       1.1G       1.5M        38M       290M
-/+ buffers/cache:       2.4G       1.4G
Swap:         8.0G         0B       8.0G

             total       used       free     shared    buffers     cached
Mem:          3.9G       2.8G       1.1G       1.5M        38M       290M
-/+ buffers/cache:       2.4G       1.4G
Swap:         8.0G         0B       8.0G

             total       used       free     shared    buffers     cached
Mem:          3.9G       2.8G       1.1G       1.5M        38M       290M
-/+ buffers/cache:       2.5G       1.4G
Swap:         8.0G         0B       8.0G

             total       used       free     shared    buffers     cached
Mem:          3.9G       2.8G       1.1G       1.5M        38M       290M
-/+ buffers/cache:       2.5G       1.4G
Swap:         8.0G         0B       8.0G

             total       used       free     shared    buffers     cached
Mem:          3.9G       2.8G       1.0G       1.5M        38M       290M
-/+ buffers/cache:       2.5G       1.4G
Swap:         8.0G         0B       8.0G

             total       used       free     shared    buffers     cached
Mem:          3.9G       2.8G       1.0G       1.5M        38M       290M
-/+ buffers/cache:       2.5G       1.3G
Swap:         8.0G         0B       8.0G

             total       used       free     shared    buffers     cached
Mem:          3.9G       2.9G       1.0G       1.5M        38M       290M
-/+ buffers/cache:       2.5G       1.3G
Swap:         8.0G         0B       8.0G

             total       used       free     shared    buffers     cached
Mem:          3.9G       2.9G       1.0G       1.5M        38M       290M
-/+ buffers/cache:       2.5G       1.3G
Swap:         8.0G         0B       8.0G

             total       used       free     shared    buffers     cached
Mem:          3.9G       2.9G       998M       1.5M        38M       290M
-/+ buffers/cache:       2.6G       1.3G
Swap:         8.0G         0B       8.0G

             total       used       free     shared    buffers     cached
Mem:          3.9G       2.9G       981M       1.5M        38M       290M
-/+ buffers/cache:       2.6G       1.3G
Swap:         8.0G         0B       8.0G

             total       used       free     shared    buffers     cached
Mem:          3.9G       2.9G       962M       1.5M        38M       290M
-/+ buffers/cache:       2.6G       1.3G
Swap:         8.0G         0B       8.0G

             total       used       free     shared    buffers     cached
Mem:          3.9G       2.9G       944M       1.5M        38M       290M
-/+ buffers/cache:       2.6G       1.2G
Swap:         8.0G         0B       8.0G

             total       used       free     shared    buffers     cached
Mem:          3.9G       3.0G       925M       1.5M        38M       290M
-/+ buffers/cache:       2.6G       1.2G
Swap:         8.0G         0B       8.0G

             total       used       free     shared    buffers     cached
Mem:          3.9G       3.0G       908M       1.5M        38M       290M
-/+ buffers/cache:       2.7G       1.2G
Swap:         8.0G         0B       8.0G

             total       used       free     shared    buffers     cached
Mem:          3.9G       3.0G       887M       1.5M        38M       290M
-/+ buffers/cache:       2.7G       1.2G
Swap:         8.0G         0B       8.0G

             total       used       free     shared    buffers     cached
Mem:          3.9G       3.0G       868M       1.5M        38M       290M
-/+ buffers/cache:       2.7G       1.2G
Swap:         8.0G         0B       8.0G

             total       used       free     shared    buffers     cached
Mem:          3.9G       3.0G       848M       1.5M        38M       290M
-/+ buffers/cache:       2.7G       1.2G
Swap:         8.0G         0B       8.0G

             total       used       free     shared    buffers     cached
Mem:          3.9G       3.0G       828M       1.5M        38M       290M
-/+ buffers/cache:       2.7G       1.1G
Swap:         8.0G         0B       8.0G

             total       used       free     shared    buffers     cached
Mem:          3.9G       3.1G       810M       1.5M        38M       290M
-/+ buffers/cache:       2.7G       1.1G
Swap:         8.0G         0B       8.0G

             total       used       free     shared    buffers     cached
Mem:          3.9G       3.1G       791M       1.5M        38M       290M
-/+ buffers/cache:       2.8G       1.1G
Swap:         8.0G         0B       8.0G

             total       used       free     shared    buffers     cached
Mem:          3.9G       3.1G       773M       1.5M        38M       290M
-/+ buffers/cache:       2.8G       1.1G
Swap:         8.0G         0B       8.0G

             total       used       free     shared    buffers     cached
Mem:          3.9G       3.1G       757M       1.5M        38M       290M
-/+ buffers/cache:       2.8G       1.1G
Swap:         8.0G         0B       8.0G

             total       used       free     shared    buffers     cached
Mem:          3.9G       3.1G       739M       1.5M        38M       290M
-/+ buffers/cache:       2.8G       1.0G
Swap:         8.0G         0B       8.0G

             total       used       free     shared    buffers     cached
Mem:          3.9G       3.1G       729M       1.5M        38M       290M
-/+ buffers/cache:       2.8G       1.0G
Swap:         8.0G         0B       8.0G

             total       used       free     shared    buffers     cached
Mem:          3.9G       3.1G       728M       1.5M        38M       290M
-/+ buffers/cache:       2.8G       1.0G
Swap:         8.0G         0B       8.0G

             total       used       free     shared    buffers     cached
Mem:          3.9G       3.2G       723M       1.5M        38M       290M
-/+ buffers/cache:       2.8G       1.0G
Swap:         8.0G         0B       8.0G

             total       used       free     shared    buffers     cached
Mem:          3.9G       3.2G       721M       1.5M        38M       290M
-/+ buffers/cache:       2.8G       1.0G
Swap:         8.0G         0B       8.0G

             total       used       free     shared    buffers     cached
Mem:          3.9G       3.2G       718M       1.5M        38M       290M
-/+ buffers/cache:       2.8G       1.0G
Swap:         8.0G         0B       8.0G

             total       used       free     shared    buffers     cached
Mem:          3.9G       3.2G       716M       1.5M        38M       290M
-/+ buffers/cache:       2.8G       1.0G
Swap:         8.0G         0B       8.0G

             total       used       free     shared    buffers     cached
Mem:          3.9G       3.2G       714M       1.5M        38M       290M
-/+ buffers/cache:       2.8G       1.0G
Swap:         8.0G         0B       8.0G

             total       used       free     shared    buffers     cached
Mem:          3.9G       3.2G       711M       1.5M        38M       290M
-/+ buffers/cache:       2.8G       1.0G
Swap:         8.0G         0B       8.0G

             total       used       free     shared    buffers     cached
Mem:          3.9G       3.2G       708M       1.5M        38M       290M
-/+ buffers/cache:       2.8G       1.0G
Swap:         8.0G         0B       8.0G

             total       used       free     shared    buffers     cached
Mem:          3.9G       3.2G       707M       1.5M        38M       290M
-/+ buffers/cache:       2.8G       1.0G
Swap:         8.0G         0B       8.0G

             total       used       free     shared    buffers     cached
Mem:          3.9G       3.2G       704M       1.5M        38M       290M
-/+ buffers/cache:       2.8G       1.0G
Swap:         8.0G         0B       8.0G

             total       used       free     shared    buffers     cached
Mem:          3.9G       3.2G       701M       1.5M        38M       290M
-/+ buffers/cache:       2.9G       1.0G
Swap:         8.0G         0B       8.0G

             total       used       free     shared    buffers     cached
Mem:          3.9G       3.2G       697M       1.5M        38M       290M
-/+ buffers/cache:       2.9G       1.0G
Swap:         8.0G         0B       8.0G

             total       used       free     shared    buffers     cached
Mem:          3.9G       3.2G       688M       1.5M        38M       290M
-/+ buffers/cache:       2.9G       1.0G
Swap:         8.0G         0B       8.0G

             total       used       free     shared    buffers     cached
Mem:          3.9G       3.2G       679M       1.5M        38M       290M
-/+ buffers/cache:       2.9G       1.0G
Swap:         8.0G         0B       8.0G

             total       used       free     shared    buffers     cached
Mem:          3.9G       3.2G       669M       1.5M        38M       290M
-/+ buffers/cache:       2.9G       998M
Swap:         8.0G         0B       8.0G

             total       used       free     shared    buffers     cached
Mem:          3.9G       3.2G       665M       1.5M        38M       290M
-/+ buffers/cache:       2.9G       995M
Swap:         8.0G         0B       8.0G

             total       used       free     shared    buffers     cached
Mem:          3.9G       3.2G       663M       1.5M        38M       290M
-/+ buffers/cache:       2.9G       993M
Swap:         8.0G         0B       8.0G

             total       used       free     shared    buffers     cached
Mem:          3.9G       3.2G       661M       1.5M        38M       290M
-/+ buffers/cache:       2.9G       991M
Swap:         8.0G         0B       8.0G

             total       used       free     shared    buffers     cached
Mem:          3.9G       3.2G       657M       1.5M        38M       290M
-/+ buffers/cache:       2.9G       987M
Swap:         8.0G         0B       8.0G

             total       used       free     shared    buffers     cached
Mem:          3.9G       3.2G       649M       1.5M        38M       290M
-/+ buffers/cache:       2.9G       979M
Swap:         8.0G         0B       8.0G

             total       used       free     shared    buffers     cached
Mem:          3.9G       3.2G       639M       1.5M        38M       290M
-/+ buffers/cache:       2.9G       969M
Swap:         8.0G         0B       8.0G

             total       used       free     shared    buffers     cached
Mem:          3.9G       3.2G       629M       1.5M        38M       290M
-/+ buffers/cache:       2.9G       959M
Swap:         8.0G         0B       8.0G

             total       used       free     shared    buffers     cached
Mem:          3.9G       3.3G       614M       1.5M        38M       290M
-/+ buffers/cache:       2.9G       944M
Swap:         8.0G         0B       8.0G

             total       used       free     shared    buffers     cached
Mem:          3.9G       3.3G       597M       1.5M        38M       290M
-/+ buffers/cache:       3.0G       927M
Swap:         8.0G         0B       8.0G

             total       used       free     shared    buffers     cached
Mem:          3.9G       3.3G       580M       1.5M        38M       290M
-/+ buffers/cache:       3.0G       910M
Swap:         8.0G         0B       8.0G

             total       used       free     shared    buffers     cached
Mem:          3.9G       3.3G       563M       1.5M        38M       290M
-/+ buffers/cache:       3.0G       893M
Swap:         8.0G         0B       8.0G

             total       used       free     shared    buffers     cached
Mem:          3.9G       3.3G       545M       1.5M        38M       290M
-/+ buffers/cache:       3.0G       875M
Swap:         8.0G         0B       8.0G

             total       used       free     shared    buffers     cached
Mem:          3.9G       3.3G       528M       1.5M        38M       290M
-/+ buffers/cache:       3.0G       858M
Swap:         8.0G         0B       8.0G

             total       used       free     shared    buffers     cached
Mem:          3.9G       3.4G       511M       1.5M        38M       290M
-/+ buffers/cache:       3.0G       841M
Swap:         8.0G         0B       8.0G

             total       used       free     shared    buffers     cached
Mem:          3.9G       3.4G       494M       1.5M        38M       290M
-/+ buffers/cache:       3.1G       824M
Swap:         8.0G         0B       8.0G

             total       used       free     shared    buffers     cached
Mem:          3.9G       3.4G       477M       1.5M        38M       290M
-/+ buffers/cache:       3.1G       807M
Swap:         8.0G         0B       8.0G

             total       used       free     shared    buffers     cached
Mem:          3.9G       3.4G       460M       1.5M        38M       290M
-/+ buffers/cache:       3.1G       790M
Swap:         8.0G         0B       8.0G

             total       used       free     shared    buffers     cached
Mem:          3.9G       3.4G       444M       1.5M        38M       290M
-/+ buffers/cache:       3.1G       774M
Swap:         8.0G         0B       8.0G

             total       used       free     shared    buffers     cached
Mem:          3.9G       3.4G       427M       1.5M        38M       290M
-/+ buffers/cache:       3.1G       757M
Swap:         8.0G         0B       8.0G

             total       used       free     shared    buffers     cached
Mem:          3.9G       3.5G       410M       1.5M        38M       290M
-/+ buffers/cache:       3.1G       740M
Swap:         8.0G         0B       8.0G

             total       used       free     shared    buffers     cached
Mem:          3.9G       3.5G       394M       1.5M        38M       290M
-/+ buffers/cache:       3.2G       723M
Swap:         8.0G         0B       8.0G

             total       used       free     shared    buffers     cached
Mem:          3.9G       3.5G       377M       1.5M        38M       290M
-/+ buffers/cache:       3.2G       706M
Swap:         8.0G         0B       8.0G

             total       used       free     shared    buffers     cached
Mem:          3.9G       3.5G       359M       1.5M        38M       290M
-/+ buffers/cache:       3.2G       689M
Swap:         8.0G         0B       8.0G

             total       used       free     shared    buffers     cached
Mem:          3.9G       3.5G       343M       1.5M        38M       290M
-/+ buffers/cache:       3.2G       673M
Swap:         8.0G         0B       8.0G

             total       used       free     shared    buffers     cached
Mem:          3.9G       3.5G       327M       1.5M        38M       290M
-/+ buffers/cache:       3.2G       657M
Swap:         8.0G         0B       8.0G

             total       used       free     shared    buffers     cached
Mem:          3.9G       3.6G       310M       1.5M        38M       290M
-/+ buffers/cache:       3.2G       639M
Swap:         8.0G         0B       8.0G

             total       used       free     shared    buffers     cached
Mem:          3.9G       3.6G       295M       1.5M        38M       290M
-/+ buffers/cache:       3.2G       624M
Swap:         8.0G         0B       8.0G

             total       used       free     shared    buffers     cached
Mem:          3.9G       3.6G       278M       1.5M        38M       290M
-/+ buffers/cache:       3.3G       607M
Swap:         8.0G         0B       8.0G

             total       used       free     shared    buffers     cached
Mem:          3.9G       3.6G       261M       1.5M        38M       290M
-/+ buffers/cache:       3.3G       590M
Swap:         8.0G         0B       8.0G

             total       used       free     shared    buffers     cached
Mem:          3.9G       3.6G       243M       1.5M        38M       290M
-/+ buffers/cache:       3.3G       572M
Swap:         8.0G         0B       8.0G

             total       used       free     shared    buffers     cached
Mem:          3.9G       3.6G       226M       1.5M        38M       290M
-/+ buffers/cache:       3.3G       555M
Swap:         8.0G         0B       8.0G

             total       used       free     shared    buffers     cached
Mem:          3.9G       3.7G       209M       1.5M        39M       290M
-/+ buffers/cache:       3.3G       538M
Swap:         8.0G         0B       8.0G

             total       used       free     shared    buffers     cached
Mem:          3.9G       3.7G       193M       1.5M        39M       290M
-/+ buffers/cache:       3.3G       522M
Swap:         8.0G         0B       8.0G

             total       used       free     shared    buffers     cached
Mem:          3.9G       3.7G       175M       1.5M        39M       290M
-/+ buffers/cache:       3.4G       504M
Swap:         8.0G         0B       8.0G

             total       used       free     shared    buffers     cached
Mem:          3.9G       3.7G       159M       1.5M        39M       290M
-/+ buffers/cache:       3.4G       488M
Swap:         8.0G         0B       8.0G

             total       used       free     shared    buffers     cached
Mem:          3.9G       3.7G       141M       1.5M        39M       290M
-/+ buffers/cache:       3.4G       470M
Swap:         8.0G         0B       8.0G

             total       used       free     shared    buffers     cached
Mem:          3.9G       3.7G       125M       1.5M        39M       290M
-/+ buffers/cache:       3.4G       454M
Swap:         8.0G         0B       8.0G

             total       used       free     shared    buffers     cached
Mem:          3.9G       3.8G       108M       1.5M        39M       290M
-/+ buffers/cache:       3.4G       437M
Swap:         8.0G         0B       8.0G

             total       used       free     shared    buffers     cached
Mem:          3.9G       3.7G       116M       1.5M        15M       289M
-/+ buffers/cache:       3.4G       420M
Swap:         8.0G         0B       8.0G

             total       used       free     shared    buffers     cached
Mem:          3.9G       3.7G       143M       1.4M         9M       251M
-/+ buffers/cache:       3.5G       405M
Swap:         8.0G        60K       8.0G

             total       used       free     shared    buffers     cached
Mem:          3.9G       3.7G       126M       1.4M         9M       251M
-/+ buffers/cache:       3.5G       388M
Swap:         8.0G        60K       8.0G

             total       used       free     shared    buffers     cached
Mem:          3.9G       3.8G       109M       1.4M         9M       251M
-/+ buffers/cache:       3.5G       371M
Swap:         8.0G        60K       8.0G

             total       used       free     shared    buffers     cached
Mem:          3.9G       3.7G       133M       1.2M         9M       213M
-/+ buffers/cache:       3.5G       356M
Swap:         8.0G       9.7M       8.0G

             total       used       free     shared    buffers     cached
Mem:          3.9G       3.7G       115M       1.2M         9M       213M
-/+ buffers/cache:       3.5G       338M
Swap:         8.0G       9.7M       8.0G

             total       used       free     shared    buffers     cached
Mem:          3.9G       3.7G       122M       1.2M       2.4M       195M
-/+ buffers/cache:       3.5G       321M
Swap:         8.0G       9.7M       8.0G

             total       used       free     shared    buffers     cached
Mem:          3.9G       3.8G       105M       1.2M       2.4M       195M
-/+ buffers/cache:       3.6G       303M
Swap:         8.0G       9.7M       8.0G

             total       used       free     shared    buffers     cached
Mem:          3.9G       3.8G       110M       1.2M       520K       174M
-/+ buffers/cache:       3.6G       285M
Swap:         8.0G       9.7M       8.0G

             total       used       free     shared    buffers     cached
Mem:          3.9G       3.7G       116M       1.2M       428K       153M
-/+ buffers/cache:       3.6G       270M
Swap:         8.0G       9.7M       8.0G

             total       used       free     shared    buffers     cached
Mem:          3.9G       3.7G       135M       1.2M        76K       118M
-/+ buffers/cache:       3.6G       254M
Swap:         8.0G       9.7M       8.0G

             total       used       free     shared    buffers     cached
Mem:          3.9G       3.7G       116M       1.2M        76K       118M
-/+ buffers/cache:       3.6G       235M
Swap:         8.0G       9.7M       8.0G

             total       used       free     shared    buffers     cached
Mem:          3.9G       3.7G       128M       1.2M        88K        91M
-/+ buffers/cache:       3.6G       220M
Swap:         8.0G       9.7M       8.0G

             total       used       free     shared    buffers     cached
Mem:          3.9G       3.7G       112M       1.2M        88K        91M
-/+ buffers/cache:       3.7G       203M
Swap:         8.0G       9.7M       8.0G

             total       used       free     shared    buffers     cached
Mem:          3.9G       3.7G       119M       1.2M        88K        71M
-/+ buffers/cache:       3.7G       190M
Swap:         8.0G       9.7M       8.0G

             total       used       free     shared    buffers     cached
Mem:          3.9G       3.7G       133M       1.2M        96K        41M
-/+ buffers/cache:       3.7G       174M
Swap:         8.0G       9.7M       8.0G

             total       used       free     shared    buffers     cached
Mem:          3.9G       3.7G       114M       1.2M       648K        43M
-/+ buffers/cache:       3.7G       157M
Swap:         8.0G       9.7M       8.0G

             total       used       free     shared    buffers     cached
Mem:          3.9G       3.7G       126M       1.2M       656K        13M
-/+ buffers/cache:       3.7G       140M
Swap:         8.0G       9.7M       8.0G

             total       used       free     shared    buffers     cached
Mem:          3.9G       3.8G       108M       1.2M       656K        14M
-/+ buffers/cache:       3.7G       123M
Swap:         8.0G       9.7M       8.0G

             total       used       free     shared    buffers     cached
Mem:          3.9G       3.8G       111M       1.1M       228K       9.0M
-/+ buffers/cache:       3.7G       120M
Swap:         8.0G        13M       8.0G

             total       used       free     shared    buffers     cached
Mem:          3.9G       3.7G       113M       776K       376K       6.9M
-/+ buffers/cache:       3.7G       121M
Swap:         8.0G        35M       8.0G

             total       used       free     shared    buffers     cached
Mem:          3.9G       3.8G       108M       748K       368K        15M
-/+ buffers/cache:       3.7G       124M
Swap:         8.0G        59M       7.9G

             total       used       free     shared    buffers     cached
Mem:          3.9G       3.7G       112M       684K        76K        18M
-/+ buffers/cache:       3.7G       131M
Swap:         8.0G        74M       7.9G

             total       used       free     shared    buffers     cached
Mem:          3.9G       3.8G        95M       556K        84K        12M
-/+ buffers/cache:       3.8G       108M
Swap:         8.0G       291M       7.7G

             total       used       free     shared    buffers     cached
Mem:          3.9G       3.7G       164M       556K        88K        11M
-/+ buffers/cache:       3.7G       175M
Swap:         8.0G       370M       7.6G

             total       used       free     shared    buffers     cached
Mem:          3.9G       3.7G       164M       556K        88K        11M
-/+ buffers/cache:       3.7G       176M
Swap:         8.0G       370M       7.6G

             total       used       free     shared    buffers     cached
Mem:          3.9G       3.7G       162M       556K        88K        11M
-/+ buffers/cache:       3.7G       174M
Swap:         8.0G       370M       7.6G

             total       used       free     shared    buffers     cached
Mem:          3.9G       3.7G       154M       556K        88K        11M
-/+ buffers/cache:       3.7G       166M
Swap:         8.0G       370M       7.6G

             total       used       free     shared    buffers     cached
Mem:          3.9G       3.7G       149M       556K        96K        11M
-/+ buffers/cache:       3.7G       161M
Swap:         8.0G       361M       7.6G

             total       used       free     shared    buffers     cached
Mem:          3.9G       3.7G       146M       556K        96K        12M
-/+ buffers/cache:       3.7G       158M
Swap:         8.0G       347M       7.7G

             total       used       free     shared    buffers     cached
Mem:          3.9G       3.7G       143M       556K        96K        12M
-/+ buffers/cache:       3.7G       155M
Swap:         8.0G       332M       7.7G

             total       used       free     shared    buffers     cached
Mem:          3.9G       3.7G       139M       556K        96K        12M
-/+ buffers/cache:       3.7G       151M
Swap:         8.0G       319M       7.7G

             total       used       free     shared    buffers     cached
Mem:          3.9G       3.8G       104M       608K       848K        34M
-/+ buffers/cache:       3.7G       139M
Swap:         8.0G       294M       7.7G

             total       used       free     shared    buffers     cached
Mem:          3.9G       3.7G       172M       4.3M       5.0M        62M
-/+ buffers/cache:       3.6G       239M
Swap:         8.0G       293M       7.7G

             total       used       free     shared    buffers     cached
Mem:          3.9G       3.7G       151M       640K       5.2M        63M
-/+ buffers/cache:       3.6G       219M
Swap:         8.0G       278M       7.7G

             total       used       free     shared    buffers     cached
Mem:          3.9G       3.7G       132M       632K       5.2M        63M
-/+ buffers/cache:       3.7G       201M
Swap:         8.0G       258M       7.7G

             total       used       free     shared    buffers     cached
Mem:          3.9G       3.7G       116M       632K       5.2M        63M
-/+ buffers/cache:       3.7G       185M
Swap:         8.0G       242M       7.8G

             total       used       free     shared    buffers     cached
Mem:          3.9G       3.8G       103M       632K       5.2M        63M
-/+ buffers/cache:       3.7G       172M
Swap:         8.0G       230M       7.8G

             total       used       free     shared    buffers     cached
Mem:          3.9G       3.7G       144M       628K       4.1M        59M
-/+ buffers/cache:       3.7G       207M
Swap:         8.0G       225M       7.8G

             total       used       free     shared    buffers     cached
Mem:          3.9G       3.7G       134M       628K       4.1M        59M
-/+ buffers/cache:       3.7G       198M
Swap:         8.0G       219M       7.8G

             total       used       free     shared    buffers     cached
Mem:          3.9G       3.7G       126M       628K       4.2M        59M
-/+ buffers/cache:       3.7G       191M
Swap:         8.0G       217M       7.8G

             total       used       free     shared    buffers     cached
Mem:          3.9G       3.7G       126M       628K       4.2M        59M
-/+ buffers/cache:       3.7G       190M
Swap:         8.0G       217M       7.8G

             total       used       free     shared    buffers     cached
Mem:          3.9G       3.8G       108M       628K       4.2M        59M
-/+ buffers/cache:       3.7G       172M
Swap:         8.0G       217M       7.8G

             total       used       free     shared    buffers     cached
Mem:          3.9G       3.8G       108M       628K       372K        46M
-/+ buffers/cache:       3.7G       155M
Swap:         8.0G       217M       7.8G

             total       used       free     shared    buffers     cached
Mem:          3.9G       3.8G       110M       628K       212K        27M
-/+ buffers/cache:       3.7G       137M
Swap:         8.0G       217M       7.8G

             total       used       free     shared    buffers     cached
Mem:          3.9G       3.8G       108M       628K       472K        11M
-/+ buffers/cache:       3.7G       120M
Swap:         8.0G       217M       7.8G

             total       used       free     shared    buffers     cached
Mem:          3.9G       3.7G       141M       628K       480K       6.5M
-/+ buffers/cache:       3.7G       148M
Swap:         8.0G       278M       7.7G

             total       used       free     shared    buffers     cached
Mem:          3.9G       3.7G       117M       624K       480K        18M
-/+ buffers/cache:       3.7G       136M
Swap:         8.0G       277M       7.7G

             total       used       free     shared    buffers     cached
Mem:          3.9G       3.7G       128M       624K       1.9M        20M
-/+ buffers/cache:       3.7G       150M
Swap:         8.0G       312M       7.7G

             total       used       free     shared    buffers     cached
Mem:          3.9G       3.7G       151M       628K       1.9M        19M
-/+ buffers/cache:       3.7G       173M
Swap:         8.0G       332M       7.7G

             total       used       free     shared    buffers     cached
Mem:          3.9G       3.7G       146M       628K       1.9M        19M
-/+ buffers/cache:       3.7G       167M
Swap:         8.0G       332M       7.7G

             total       used       free     shared    buffers     cached
Mem:          3.9G       3.7G       145M       628K       1.9M        19M
-/+ buffers/cache:       3.7G       167M
Swap:         8.0G       332M       7.7G

             total       used       free     shared    buffers     cached
Mem:          3.9G       3.7G       144M       628K       1.9M        19M
-/+ buffers/cache:       3.7G       166M
Swap:         8.0G       332M       7.7G

             total       used       free     shared    buffers     cached
Mem:          3.9G       3.7G       144M       628K       1.9M        19M
-/+ buffers/cache:       3.7G       165M
Swap:         8.0G       332M       7.7G

             total       used       free     shared    buffers     cached
Mem:          3.9G       3.7G       143M       628K       1.9M        19M
-/+ buffers/cache:       3.7G       165M
Swap:         8.0G       331M       7.7G

             total       used       free     shared    buffers     cached
Mem:          3.9G       3.7G       142M       628K       1.9M        19M
-/+ buffers/cache:       3.7G       164M
Swap:         8.0G       331M       7.7G

             total       used       free     shared    buffers     cached
Mem:          3.9G       3.7G       142M       628K       1.9M        19M
-/+ buffers/cache:       3.7G       163M
Swap:         8.0G       331M       7.7G

             total       used       free     shared    buffers     cached
Mem:          3.9G       3.7G       141M       628K       1.9M        19M
-/+ buffers/cache:       3.7G       162M
Swap:         8.0G       331M       7.7G

             total       used       free     shared    buffers     cached
Mem:          3.9G       3.7G       140M       628K       1.9M        19M
-/+ buffers/cache:       3.7G       162M
Swap:         8.0G       330M       7.7G

             total       used       free     shared    buffers     cached
Mem:          3.9G       3.7G       140M       628K       1.9M        19M
-/+ buffers/cache:       3.7G       161M
Swap:         8.0G       330M       7.7G

             total       used       free     shared    buffers     cached
Mem:          3.9G       3.7G       139M       628K       1.9M        19M
-/+ buffers/cache:       3.7G       161M
Swap:         8.0G       330M       7.7G

             total       used       free     shared    buffers     cached
Mem:          3.9G       3.7G       138M       628K       1.9M        19M
-/+ buffers/cache:       3.7G       160M
Swap:         8.0G       330M       7.7G

             total       used       free     shared    buffers     cached
Mem:          3.9G       3.7G       138M       628K       2.0M        19M
-/+ buffers/cache:       3.7G       159M
Swap:         8.0G       330M       7.7G

             total       used       free     shared    buffers     cached
Mem:          3.9G       3.7G       137M       628K       2.0M        19M
-/+ buffers/cache:       3.7G       159M
Swap:         8.0G       329M       7.7G

             total       used       free     shared    buffers     cached
Mem:          3.9G       3.7G       136M       628K       2.0M        19M
-/+ buffers/cache:       3.7G       158M
Swap:         8.0G       329M       7.7G

             total       used       free     shared    buffers     cached
Mem:          3.9G       3.7G       135M       628K       2.0M        19M
-/+ buffers/cache:       3.7G       157M
Swap:         8.0G       329M       7.7G

             total       used       free     shared    buffers     cached
Mem:          3.9G       3.7G       135M       628K       2.0M        19M
-/+ buffers/cache:       3.7G       157M
Swap:         8.0G       329M       7.7G

             total       used       free     shared    buffers     cached
Mem:          3.9G       3.7G       134M       628K       2.0M        19M
-/+ buffers/cache:       3.7G       156M
Swap:         8.0G       329M       7.7G

             total       used       free     shared    buffers     cached
Mem:          3.9G       3.7G       133M       628K       2.0M        19M
-/+ buffers/cache:       3.7G       155M
Swap:         8.0G       328M       7.7G

             total       used       free     shared    buffers     cached
Mem:          3.9G       3.7G       133M       628K       2.0M        19M
-/+ buffers/cache:       3.7G       155M
Swap:         8.0G       328M       7.7G

             total       used       free     shared    buffers     cached
Mem:          3.9G       3.7G       132M       628K       2.0M        19M
-/+ buffers/cache:       3.7G       154M
Swap:         8.0G       328M       7.7G

             total       used       free     shared    buffers     cached
Mem:          3.9G       3.7G       132M       628K       2.0M        19M
-/+ buffers/cache:       3.7G       153M
Swap:         8.0G       328M       7.7G

             total       used       free     shared    buffers     cached
Mem:          3.9G       3.7G       131M       628K       2.0M        19M
-/+ buffers/cache:       3.7G       153M
Swap:         8.0G       327M       7.7G

             total       used       free     shared    buffers     cached
Mem:          3.9G       3.8G       107M       704K       5.2M        33M
-/+ buffers/cache:       3.7G       146M
Swap:         8.0G       325M       7.7G

             total       used       free     shared    buffers     cached
Mem:          3.9G       3.8G       111M       692K       5.8M        38M
-/+ buffers/cache:       3.7G       155M
Swap:         8.0G       337M       7.7G
