             total       used       free     shared    buffers     cached
Mem:          992M       657M       335M       3.2M        38M       289M
-/+ buffers/cache:       329M       662M
Swap:         8.0G         0B       8.0G

             total       used       free     shared    buffers     cached
Mem:          992M       656M       335M       1.4M        38M       287M
-/+ buffers/cache:       330M       662M
Swap:         8.0G         0B       8.0G

             total       used       free     shared    buffers     cached
Mem:          992M       656M       335M       1.4M        38M       287M
-/+ buffers/cache:       329M       662M
Swap:         8.0G         0B       8.0G

             total       used       free     shared    buffers     cached
Mem:          992M       656M       335M       1.4M        38M       287M
-/+ buffers/cache:       329M       662M
Swap:         8.0G         0B       8.0G

             total       used       free     shared    buffers     cached
Mem:          992M       656M       335M       1.4M        38M       287M
-/+ buffers/cache:       329M       662M
Swap:         8.0G         0B       8.0G

             total       used       free     shared    buffers     cached
Mem:          992M       656M       335M       1.4M        38M       287M
-/+ buffers/cache:       329M       662M
Swap:         8.0G         0B       8.0G

             total       used       free     shared    buffers     cached
Mem:          992M       656M       336M       1.4M        38M       287M
-/+ buffers/cache:       329M       662M
Swap:         8.0G         0B       8.0G

             total       used       free     shared    buffers     cached
Mem:          992M       655M       336M       1.4M        38M       288M
-/+ buffers/cache:       329M       663M
Swap:         8.0G         0B       8.0G

             total       used       free     shared    buffers     cached
Mem:          992M       655M       336M       1.4M        38M       288M
-/+ buffers/cache:       329M       663M
Swap:         8.0G         0B       8.0G

             total       used       free     shared    buffers     cached
Mem:          992M       659M       332M       1.4M        38M       288M
-/+ buffers/cache:       332M       659M
Swap:         8.0G         0B       8.0G

             total       used       free     shared    buffers     cached
Mem:          992M       678M       313M       1.4M        38M       288M
-/+ buffers/cache:       352M       640M
Swap:         8.0G         0B       8.0G

             total       used       free     shared    buffers     cached
Mem:          992M       664M       327M       1.4M        38M       289M
-/+ buffers/cache:       337M       655M
Swap:         8.0G         0B       8.0G

             total       used       free     shared    buffers     cached
Mem:          992M       664M       327M       1.4M        38M       289M
-/+ buffers/cache:       337M       655M
Swap:         8.0G         0B       8.0G

             total       used       free     shared    buffers     cached
Mem:          992M       665M       326M       1.4M        38M       289M
-/+ buffers/cache:       337M       654M
Swap:         8.0G         0B       8.0G

             total       used       free     shared    buffers     cached
Mem:          992M       665M       326M       1.4M        38M       289M
-/+ buffers/cache:       337M       654M
Swap:         8.0G         0B       8.0G

             total       used       free     shared    buffers     cached
Mem:          992M       665M       326M       1.4M        38M       289M
-/+ buffers/cache:       337M       654M
Swap:         8.0G         0B       8.0G

             total       used       free     shared    buffers     cached
Mem:          992M       665M       326M       1.4M        38M       289M
-/+ buffers/cache:       337M       654M
Swap:         8.0G         0B       8.0G

             total       used       free     shared    buffers     cached
Mem:          992M       665M       326M       1.4M        38M       289M
-/+ buffers/cache:       337M       654M
Swap:         8.0G         0B       8.0G

             total       used       free     shared    buffers     cached
Mem:          992M       665M       326M       1.4M        38M       289M
-/+ buffers/cache:       337M       654M
Swap:         8.0G         0B       8.0G

             total       used       free     shared    buffers     cached
Mem:          992M       665M       326M       1.4M        38M       289M
-/+ buffers/cache:       337M       654M
Swap:         8.0G         0B       8.0G

             total       used       free     shared    buffers     cached
Mem:          992M       665M       326M       1.4M        38M       289M
-/+ buffers/cache:       337M       654M
Swap:         8.0G         0B       8.0G

             total       used       free     shared    buffers     cached
Mem:          992M       665M       326M       1.4M        38M       289M
-/+ buffers/cache:       337M       654M
Swap:         8.0G         0B       8.0G

             total       used       free     shared    buffers     cached
Mem:          992M       665M       326M       1.4M        38M       289M
-/+ buffers/cache:       337M       654M
Swap:         8.0G         0B       8.0G

             total       used       free     shared    buffers     cached
Mem:          992M       665M       326M       1.4M        38M       289M
-/+ buffers/cache:       337M       654M
Swap:         8.0G         0B       8.0G

             total       used       free     shared    buffers     cached
Mem:          992M       665M       326M       1.4M        38M       289M
-/+ buffers/cache:       337M       654M
Swap:         8.0G         0B       8.0G

             total       used       free     shared    buffers     cached
Mem:          992M       665M       326M       1.4M        38M       289M
-/+ buffers/cache:       337M       654M
Swap:         8.0G         0B       8.0G

             total       used       free     shared    buffers     cached
Mem:          992M       665M       326M       1.4M        38M       289M
-/+ buffers/cache:       337M       654M
Swap:         8.0G         0B       8.0G

             total       used       free     shared    buffers     cached
Mem:          992M       665M       326M       1.4M        38M       289M
-/+ buffers/cache:       337M       654M
Swap:         8.0G         0B       8.0G

             total       used       free     shared    buffers     cached
Mem:          992M       665M       326M       1.4M        38M       289M
-/+ buffers/cache:       337M       654M
Swap:         8.0G         0B       8.0G

             total       used       free     shared    buffers     cached
Mem:          992M       665M       326M       1.4M        38M       289M
-/+ buffers/cache:       337M       654M
Swap:         8.0G         0B       8.0G

             total       used       free     shared    buffers     cached
Mem:          992M       665M       326M       1.4M        38M       289M
-/+ buffers/cache:       337M       654M
Swap:         8.0G         0B       8.0G

             total       used       free     shared    buffers     cached
Mem:          992M       665M       326M       1.4M        38M       289M
-/+ buffers/cache:       337M       654M
Swap:         8.0G         0B       8.0G

             total       used       free     shared    buffers     cached
Mem:          992M       665M       326M       1.4M        38M       289M
-/+ buffers/cache:       337M       654M
Swap:         8.0G         0B       8.0G

             total       used       free     shared    buffers     cached
Mem:          992M       672M       320M       1.4M        38M       289M
-/+ buffers/cache:       343M       648M
Swap:         8.0G         0B       8.0G

             total       used       free     shared    buffers     cached
Mem:          992M       687M       305M       1.4M        38M       289M
-/+ buffers/cache:       358M       633M
Swap:         8.0G         0B       8.0G

             total       used       free     shared    buffers     cached
Mem:          992M       703M       289M       1.4M        38M       289M
-/+ buffers/cache:       374M       617M
Swap:         8.0G         0B       8.0G

             total       used       free     shared    buffers     cached
Mem:          992M       719M       273M       1.4M        38M       289M
-/+ buffers/cache:       390M       601M
Swap:         8.0G         0B       8.0G

             total       used       free     shared    buffers     cached
Mem:          992M       733M       258M       1.4M        38M       289M
-/+ buffers/cache:       404M       587M
Swap:         8.0G         0B       8.0G

             total       used       free     shared    buffers     cached
Mem:          992M       747M       244M       1.4M        38M       289M
-/+ buffers/cache:       418M       573M
Swap:         8.0G         0B       8.0G

             total       used       free     shared    buffers     cached
Mem:          992M       762M       229M       1.4M        38M       289M
-/+ buffers/cache:       433M       558M
Swap:         8.0G         0B       8.0G

             total       used       free     shared    buffers     cached
Mem:          992M       776M       215M       1.4M        38M       289M
-/+ buffers/cache:       447M       544M
Swap:         8.0G         0B       8.0G

             total       used       free     shared    buffers     cached
Mem:          992M       788M       203M       1.4M        38M       289M
-/+ buffers/cache:       460M       531M
Swap:         8.0G         0B       8.0G

             total       used       free     shared    buffers     cached
Mem:          992M       803M       188M       1.4M        38M       289M
-/+ buffers/cache:       475M       516M
Swap:         8.0G         0B       8.0G

             total       used       free     shared    buffers     cached
Mem:          992M       820M       172M       1.4M        38M       289M
-/+ buffers/cache:       491M       500M
Swap:         8.0G         0B       8.0G

             total       used       free     shared    buffers     cached
Mem:          992M       834M       157M       1.4M        38M       289M
-/+ buffers/cache:       506M       485M
Swap:         8.0G         0B       8.0G

             total       used       free     shared    buffers     cached
Mem:          992M       849M       142M       1.4M        38M       289M
-/+ buffers/cache:       521M       470M
Swap:         8.0G         0B       8.0G

             total       used       free     shared    buffers     cached
Mem:          992M       865M       127M       1.4M        38M       289M
-/+ buffers/cache:       536M       455M
Swap:         8.0G         0B       8.0G

             total       used       free     shared    buffers     cached
Mem:          992M       879M       113M       1.4M        38M       289M
-/+ buffers/cache:       550M       441M
Swap:         8.0G         0B       8.0G

             total       used       free     shared    buffers     cached
Mem:          992M       891M       100M       1.4M        38M       289M
-/+ buffers/cache:       563M       429M
Swap:         8.0G         0B       8.0G

             total       used       free     shared    buffers     cached
Mem:          992M       906M        86M       1.4M        38M       289M
-/+ buffers/cache:       577M       414M
Swap:         8.0G         0B       8.0G

             total       used       free     shared    buffers     cached
Mem:          992M       920M        71M       1.4M        38M       289M
-/+ buffers/cache:       592M       399M
Swap:         8.0G         0B       8.0G

             total       used       free     shared    buffers     cached
Mem:          992M       922M        69M       1.4M        25M       288M
-/+ buffers/cache:       608M       383M
Swap:         8.0G         0B       8.0G

             total       used       free     shared    buffers     cached
Mem:          992M       916M        75M       1.4M        10M       283M
-/+ buffers/cache:       622M       369M
Swap:         8.0G         0B       8.0G

             total       used       free     shared    buffers     cached
Mem:          992M       931M        60M       1.4M        10M       283M
-/+ buffers/cache:       637M       354M
Swap:         8.0G         0B       8.0G

             total       used       free     shared    buffers     cached
Mem:          992M       929M        63M       1.4M        10M       266M
-/+ buffers/cache:       652M       339M
Swap:         8.0G       104K       8.0G

             total       used       free     shared    buffers     cached
Mem:          992M       921M        70M       1.3M       9.6M       247M
-/+ buffers/cache:       664M       327M
Swap:         8.0G       256K       8.0G

             total       used       free     shared    buffers     cached
Mem:          992M       920M        71M       1.2M       9.6M       233M
-/+ buffers/cache:       677M       314M
Swap:         8.0G       4.0M       8.0G

             total       used       free     shared    buffers     cached
Mem:          992M       905M        86M       1.2M       9.6M       208M
-/+ buffers/cache:       687M       304M
Swap:         8.0G       8.0M       8.0G

             total       used       free     shared    buffers     cached
Mem:          992M       920M        71M       1.2M       9.6M       208M
-/+ buffers/cache:       702M       289M
Swap:         8.0G       8.0M       8.0G

             total       used       free     shared    buffers     cached
Mem:          992M       922M        70M       1.2M       2.9M       202M
-/+ buffers/cache:       716M       275M
Swap:         8.0G       8.0M       8.0G

             total       used       free     shared    buffers     cached
Mem:          992M       922M        69M       1.2M       1.7M       189M
-/+ buffers/cache:       731M       261M
Swap:         8.0G       8.0M       8.0G

             total       used       free     shared    buffers     cached
Mem:          992M       929M        62M       1.2M       1.0M       183M
-/+ buffers/cache:       745M       247M
Swap:         8.0G       8.0M       8.0G

             total       used       free     shared    buffers     cached
Mem:          992M       922M        69M       1.2M       360K       162M
-/+ buffers/cache:       759M       232M
Swap:         8.0G       8.0M       8.0G

             total       used       free     shared    buffers     cached
Mem:          992M       918M        74M       1.2M       360K       143M
-/+ buffers/cache:       774M       217M
Swap:         8.0G       8.0M       8.0G

             total       used       free     shared    buffers     cached
Mem:          992M       926M        66M       1.2M       360K       143M
-/+ buffers/cache:       782M       209M
Swap:         8.0G       8.0M       8.0G

             total       used       free     shared    buffers     cached
Mem:          992M       923M        68M       1.2M       204K       126M
-/+ buffers/cache:       797M       194M
Swap:         8.0G       8.0M       8.0G

             total       used       free     shared    buffers     cached
Mem:          992M       922M        69M       1.2M       204K       111M
-/+ buffers/cache:       811M       180M
Swap:         8.0G       8.0M       8.0G

             total       used       free     shared    buffers     cached
Mem:          992M       923M        69M       1.2M       216K        98M
-/+ buffers/cache:       824M       167M
Swap:         8.0G       8.0M       8.0G

             total       used       free     shared    buffers     cached
Mem:          992M       922M        69M       1.2M       216K        85M
-/+ buffers/cache:       837M       154M
Swap:         8.0G       8.0M       8.0G

             total       used       free     shared    buffers     cached
Mem:          992M       930M        62M       1.2M       2.4M        75M
-/+ buffers/cache:       851M       140M
Swap:         8.0G       8.0M       8.0G

             total       used       free     shared    buffers     cached
Mem:          992M       926M        65M       1.2M       2.4M        58M
-/+ buffers/cache:       865M       126M
Swap:         8.0G       8.0M       8.0G

             total       used       free     shared    buffers     cached
Mem:          992M       917M        75M       1.2M       2.4M        36M
-/+ buffers/cache:       878M       113M
Swap:         8.0G       8.6M       8.0G

             total       used       free     shared    buffers     cached
Mem:          992M       931M        60M       1.2M       2.4M        36M
-/+ buffers/cache:       892M        99M
Swap:         8.0G       8.6M       8.0G

             total       used       free     shared    buffers     cached
Mem:          992M       929M        62M       1.1M       2.6M        20M
-/+ buffers/cache:       906M        86M
Swap:         8.0G       9.4M       8.0G

             total       used       free     shared    buffers     cached
Mem:          992M       929M        62M       1.0M       2.5M        12M
-/+ buffers/cache:       914M        77M
Swap:         8.0G        19M       8.0G

             total       used       free     shared    buffers     cached
Mem:          992M       929M        62M       1.0M       332K       5.5M
-/+ buffers/cache:       923M        68M
Swap:         8.0G        22M       8.0G

             total       used       free     shared    buffers     cached
Mem:          992M       929M        62M       712K       196K       4.0M
-/+ buffers/cache:       925M        66M
Swap:         8.0G        37M       8.0G

             total       used       free     shared    buffers     cached
Mem:          992M       928M        63M       712K       268K       3.0M
-/+ buffers/cache:       925M        66M
Swap:         8.0G        50M       7.9G

             total       used       free     shared    buffers     cached
Mem:          992M       920M        71M       708K       216K        19M
-/+ buffers/cache:       900M        91M
Swap:         8.0G        94M       7.9G

             total       used       free     shared    buffers     cached
Mem:          992M       920M        71M       676K       464K        18M
-/+ buffers/cache:       901M        90M
Swap:         8.0G       111M       7.9G

             total       used       free     shared    buffers     cached
Mem:          992M       914M        77M       656K       780K        16M
-/+ buffers/cache:       896M        95M
Swap:         8.0G       124M       7.9G

             total       used       free     shared    buffers     cached
Mem:          992M       927M        64M       656K       788K        17M
-/+ buffers/cache:       909M        82M
Swap:         8.0G       124M       7.9G

             total       used       free     shared    buffers     cached
Mem:          992M       925M        66M       656K       788K        15M
-/+ buffers/cache:       909M        82M
Swap:         8.0G       146M       7.9G

             total       used       free     shared    buffers     cached
Mem:          992M       922M        69M       656K       512K       7.4M
-/+ buffers/cache:       914M        77M
Swap:         8.0G       147M       7.9G

             total       used       free     shared    buffers     cached
Mem:          992M       920M        71M       604K       184K       3.0M
-/+ buffers/cache:       917M        75M
Swap:         8.0G       157M       7.8G

             total       used       free     shared    buffers     cached
Mem:          992M       923M        69M       596K       464K       2.9M
-/+ buffers/cache:       919M        72M
Swap:         8.0G       164M       7.8G

             total       used       free     shared    buffers     cached
Mem:          992M       920M        71M       584K       464K       2.8M
-/+ buffers/cache:       917M        75M
Swap:         8.0G       192M       7.8G

             total       used       free     shared    buffers     cached
Mem:          992M       920M        71M       576K       472K       2.7M
-/+ buffers/cache:       917M        74M
Swap:         8.0G       195M       7.8G

             total       used       free     shared    buffers     cached
Mem:          992M       930M        61M       576K       472K       2.7M
-/+ buffers/cache:       927M        64M
Swap:         8.0G       200M       7.8G

             total       used       free     shared    buffers     cached
Mem:          992M       929M        62M       556K       472K       2.6M
-/+ buffers/cache:       926M        66M
Swap:         8.0G       232M       7.8G

             total       used       free     shared    buffers     cached
Mem:          992M       931M        61M       556K       472K       2.6M
-/+ buffers/cache:       927M        64M
Swap:         8.0G       232M       7.8G

             total       used       free     shared    buffers     cached
Mem:          992M       926M        65M       544K       472K       2.5M
-/+ buffers/cache:       923M        68M
Swap:         8.0G       245M       7.8G

             total       used       free     shared    buffers     cached
Mem:          992M       922M        70M       544K       480K       2.5M
-/+ buffers/cache:       919M        72M
Swap:         8.0G       262M       7.7G

             total       used       free     shared    buffers     cached
Mem:          992M       929M        62M       544K       480K       2.5M
-/+ buffers/cache:       926M        65M
Swap:         8.0G       262M       7.7G

             total       used       free     shared    buffers     cached
Mem:          992M       924M        67M       544K       480K       2.4M
-/+ buffers/cache:       921M        70M
Swap:         8.0G       270M       7.7G

             total       used       free     shared    buffers     cached
Mem:          992M       930M        61M       544K       480K       2.4M
-/+ buffers/cache:       927M        64M
Swap:         8.0G       270M       7.7G

             total       used       free     shared    buffers     cached
Mem:          992M       920M        71M       544K       480K       2.4M
-/+ buffers/cache:       917M        74M
Swap:         8.0G       285M       7.7G

             total       used       free     shared    buffers     cached
Mem:          992M       925M        66M       544K       488K       2.4M
-/+ buffers/cache:       922M        69M
Swap:         8.0G       285M       7.7G

             total       used       free     shared    buffers     cached
Mem:          992M       930M        61M       544K       488K       2.4M
-/+ buffers/cache:       927M        64M
Swap:         8.0G       285M       7.7G

             total       used       free     shared    buffers     cached
Mem:          992M       919M        72M       544K       488K       2.3M
-/+ buffers/cache:       916M        75M
Swap:         8.0G       302M       7.7G

             total       used       free     shared    buffers     cached
Mem:          992M       924M        67M       544K       488K       2.3M
-/+ buffers/cache:       922M        70M
Swap:         8.0G       302M       7.7G

             total       used       free     shared    buffers     cached
Mem:          992M       930M        62M       544K       488K       2.3M
-/+ buffers/cache:       927M        64M
Swap:         8.0G       302M       7.7G

             total       used       free     shared    buffers     cached
Mem:          992M       921M        70M       544K       488K       2.2M
-/+ buffers/cache:       918M        73M
Swap:         8.0G       320M       7.7G

             total       used       free     shared    buffers     cached
Mem:          992M       925M        66M       544K       496K       2.3M
-/+ buffers/cache:       922M        69M
Swap:         8.0G       320M       7.7G

             total       used       free     shared    buffers     cached
Mem:          992M       929M        62M       544K       496K       2.3M
-/+ buffers/cache:       926M        65M
Swap:         8.0G       320M       7.7G

             total       used       free     shared    buffers     cached
Mem:          992M       919M        73M       492K       364K       2.1M
-/+ buffers/cache:       916M        75M
Swap:         8.0G       335M       7.7G

             total       used       free     shared    buffers     cached
Mem:          992M       918M        74M        36K       364K       1.6M
-/+ buffers/cache:       916M        75M
Swap:         8.0G       334M       7.7G

             total       used       free     shared    buffers     cached
Mem:          992M       921M        70M         4K       320K       1.5M
-/+ buffers/cache:       920M        72M
Swap:         8.0G       321M       7.7G

             total       used       free     shared    buffers     cached
Mem:          992M       930M        62M         0B        76K       1.4M
-/+ buffers/cache:       928M        63M
Swap:         8.0G       451M       7.6G

             total       used       free     shared    buffers     cached
Mem:          992M       878M       113M         0B        76K       1.5M
-/+ buffers/cache:       877M       115M
Swap:         8.0G       419M       7.6G

             total       used       free     shared    buffers     cached
Mem:          992M       883M       108M         0B        76K       1.4M
-/+ buffers/cache:       882M       110M
Swap:         8.0G       412M       7.6G

             total       used       free     shared    buffers     cached
Mem:          992M       916M        76M         0B        76K       1.5M
-/+ buffers/cache:       914M        77M
Swap:         8.0G       366M       7.6G

             total       used       free     shared    buffers     cached
Mem:          992M       921M        70M         0B        76K       1.5M
-/+ buffers/cache:       919M        72M
Swap:         8.0G       320M       7.7G

             total       used       free     shared    buffers     cached
Mem:          992M       922M        69M         0B        84K       1.4M
-/+ buffers/cache:       921M        71M
Swap:         8.0G       316M       7.7G

             total       used       free     shared    buffers     cached
Mem:          992M       925M        66M         0B        84K       1.4M
-/+ buffers/cache:       924M        67M
Swap:         8.0G       318M       7.7G

             total       used       free     shared    buffers     cached
Mem:          992M       920M        72M         0B        84K       1.4M
-/+ buffers/cache:       918M        73M
Swap:         8.0G       320M       7.7G

             total       used       free     shared    buffers     cached
Mem:          992M       911M        80M         0B        84K       1.3M
-/+ buffers/cache:       910M        81M
Swap:         8.0G       340M       7.7G

             total       used       free     shared    buffers     cached
Mem:          992M       922M        70M         0B        96K       1.8M
-/+ buffers/cache:       920M        71M
Swap:         8.0G       322M       7.7G

             total       used       free     shared    buffers     cached
Mem:          992M       927M        64M         0B        96K       1.7M
-/+ buffers/cache:       925M        66M
Swap:         8.0G       321M       7.7G

             total       used       free     shared    buffers     cached
Mem:          992M       916M        75M         0B       104K       1.7M
-/+ buffers/cache:       914M        77M
Swap:         8.0G       340M       7.7G

             total       used       free     shared    buffers     cached
Mem:          992M       923M        69M         0B       104K       1.7M
-/+ buffers/cache:       921M        70M
Swap:         8.0G       339M       7.7G

             total       used       free     shared    buffers     cached
Mem:          992M       929M        63M         0B       104K       1.7M
-/+ buffers/cache:       927M        64M
Swap:         8.0G       339M       7.7G

             total       used       free     shared    buffers     cached
Mem:          992M       920M        71M         0B        80K       1.7M
-/+ buffers/cache:       919M        73M
Swap:         8.0G       359M       7.6G

             total       used       free     shared    buffers     cached
Mem:          992M       927M        64M         0B        80K       1.7M
-/+ buffers/cache:       925M        66M
Swap:         8.0G       359M       7.6G

             total       used       free     shared    buffers     cached
Mem:          992M       909M        82M         0B        88K       1.7M
-/+ buffers/cache:       907M        84M
Swap:         8.0G       383M       7.6G

             total       used       free     shared    buffers     cached
Mem:          992M       910M        81M         0B        88K       1.7M
-/+ buffers/cache:       908M        83M
Swap:         8.0G       382M       7.6G

             total       used       free     shared    buffers     cached
Mem:          992M       912M        80M         0B        88K       1.7M
-/+ buffers/cache:       910M        81M
Swap:         8.0G       381M       7.6G

             total       used       free     shared    buffers     cached
Mem:          992M       913M        78M         0B        88K       1.7M
-/+ buffers/cache:       912M        80M
Swap:         8.0G       381M       7.6G

             total       used       free     shared    buffers     cached
Mem:          992M       915M        76M         0B        88K       1.7M
-/+ buffers/cache:       913M        78M
Swap:         8.0G       379M       7.6G

             total       used       free     shared    buffers     cached
Mem:          992M       918M        74M         0B       236K       2.5M
-/+ buffers/cache:       915M        76M
Swap:         8.0G       378M       7.6G

             total       used       free     shared    buffers     cached
Mem:          992M       919M        72M         0B       236K       2.6M
-/+ buffers/cache:       917M        75M
Swap:         8.0G       377M       7.6G

             total       used       free     shared    buffers     cached
Mem:          992M       921M        70M         0B       236K       2.7M
-/+ buffers/cache:       918M        73M
Swap:         8.0G       376M       7.6G

             total       used       free     shared    buffers     cached
Mem:          992M       923M        69M         0B       236K       2.6M
-/+ buffers/cache:       920M        71M
Swap:         8.0G       375M       7.6G

             total       used       free     shared    buffers     cached
Mem:          992M       924M        67M         0B       236K       2.6M
-/+ buffers/cache:       922M        70M
Swap:         8.0G       373M       7.6G

             total       used       free     shared    buffers     cached
Mem:          992M       926M        65M         0B       236K       2.6M
-/+ buffers/cache:       923M        68M
Swap:         8.0G       372M       7.6G

             total       used       free     shared    buffers     cached
Mem:          992M       928M        63M         0B       244K       2.6M
-/+ buffers/cache:       925M        66M
Swap:         8.0G       372M       7.6G

             total       used       free     shared    buffers     cached
Mem:          992M       929M        62M         0B       244K       2.6M
-/+ buffers/cache:       926M        65M
Swap:         8.0G       371M       7.6G

             total       used       free     shared    buffers     cached
Mem:          992M       931M        60M         0B       244K       2.6M
-/+ buffers/cache:       928M        63M
Swap:         8.0G       371M       7.6G

             total       used       free     shared    buffers     cached
Mem:          992M       914M        77M         0B        76K        17M
-/+ buffers/cache:       896M        95M
Swap:         8.0G       414M       7.6G

             total       used       free     shared    buffers     cached
Mem:          992M       917M        75M         0B       360K        17M
-/+ buffers/cache:       898M        93M
Swap:         8.0G       413M       7.6G

             total       used       free     shared    buffers     cached
Mem:          992M       920M        72M         0B       792K        18M
-/+ buffers/cache:       900M        91M
Swap:         8.0G       413M       7.6G

             total       used       free     shared    buffers     cached
Mem:          992M       921M        70M         0B       800K        18M
-/+ buffers/cache:       902M        90M
Swap:         8.0G       412M       7.6G

             total       used       free     shared    buffers     cached
Mem:          992M       923M        68M         0B       800K        18M
-/+ buffers/cache:       904M        88M
Swap:         8.0G       411M       7.6G

             total       used       free     shared    buffers     cached
Mem:          992M       925M        66M         0B       800K        18M
-/+ buffers/cache:       906M        85M
Swap:         8.0G       410M       7.6G

             total       used       free     shared    buffers     cached
Mem:          992M       927M        64M         0B       800K        18M
-/+ buffers/cache:       908M        84M
Swap:         8.0G       410M       7.6G

             total       used       free     shared    buffers     cached
Mem:          992M       929M        62M         0B       808K        18M
-/+ buffers/cache:       910M        82M
Swap:         8.0G       409M       7.6G

             total       used       free     shared    buffers     cached
Mem:          992M       917M        74M         0B       808K        16M
-/+ buffers/cache:       900M        92M
Swap:         8.0G       424M       7.6G

             total       used       free     shared    buffers     cached
Mem:          992M       919M        72M         0B       808K        16M
-/+ buffers/cache:       901M        90M
Swap:         8.0G       424M       7.6G

             total       used       free     shared    buffers     cached
Mem:          992M       921M        70M         0B       808K        16M
-/+ buffers/cache:       904M        88M
Swap:         8.0G       423M       7.6G

             total       used       free     shared    buffers     cached
Mem:          992M       923M        68M         0B       808K        16M
-/+ buffers/cache:       906M        86M
Swap:         8.0G       422M       7.6G

             total       used       free     shared    buffers     cached
Mem:          992M       925M        66M         0B       808K        16M
-/+ buffers/cache:       908M        83M
Swap:         8.0G       421M       7.6G

             total       used       free     shared    buffers     cached
Mem:          992M       927M        64M         0B       816K        16M
-/+ buffers/cache:       909M        82M
Swap:         8.0G       420M       7.6G

             total       used       free     shared    buffers     cached
Mem:          992M       929M        62M         0B       816K        16M
-/+ buffers/cache:       911M        80M
Swap:         8.0G       419M       7.6G

             total       used       free     shared    buffers     cached
Mem:          992M       918M        73M         0B       816K        16M
-/+ buffers/cache:       900M        91M
Swap:         8.0G       419M       7.6G

             total       used       free     shared    buffers     cached
Mem:          992M       919M        72M         0B       816K        16M
-/+ buffers/cache:       902M        89M
Swap:         8.0G       418M       7.6G

             total       used       free     shared    buffers     cached
Mem:          992M       922M        70M         0B       816K        16M
-/+ buffers/cache:       904M        87M
Swap:         8.0G       417M       7.6G

             total       used       free     shared    buffers     cached
Mem:          992M       924M        67M         0B       824K        16M
-/+ buffers/cache:       907M        85M
Swap:         8.0G       416M       7.6G

             total       used       free     shared    buffers     cached
Mem:          992M       926M        66M         0B       824K        16M
-/+ buffers/cache:       908M        83M
Swap:         8.0G       415M       7.6G

             total       used       free     shared    buffers     cached
Mem:          992M       928M        63M         0B       824K        16M
-/+ buffers/cache:       911M        81M
Swap:         8.0G       414M       7.6G

             total       used       free     shared    buffers     cached
Mem:          992M       930M        61M         0B       824K        16M
-/+ buffers/cache:       913M        78M
Swap:         8.0G       413M       7.6G

             total       used       free     shared    buffers     cached
Mem:          992M       917M        75M         0B       824K        14M
-/+ buffers/cache:       901M        90M
Swap:         8.0G       438M       7.6G

             total       used       free     shared    buffers     cached
Mem:          992M       918M        73M         0B       832K        14M
-/+ buffers/cache:       903M        89M
Swap:         8.0G       438M       7.6G

             total       used       free     shared    buffers     cached
Mem:          992M       920M        71M         0B       832K        14M
-/+ buffers/cache:       905M        86M
Swap:         8.0G       437M       7.6G

             total       used       free     shared    buffers     cached
Mem:          992M       923M        68M         0B       832K        14M
-/+ buffers/cache:       908M        84M
Swap:         8.0G       436M       7.6G

             total       used       free     shared    buffers     cached
Mem:          992M       925M        66M         0B       832K        14M
-/+ buffers/cache:       909M        82M
Swap:         8.0G       435M       7.6G

             total       used       free     shared    buffers     cached
Mem:          992M       927M        64M         0B       832K        14M
-/+ buffers/cache:       912M        79M
Swap:         8.0G       433M       7.6G

             total       used       free     shared    buffers     cached
Mem:          992M       930M        62M         0B       832K        14M
-/+ buffers/cache:       914M        77M
Swap:         8.0G       432M       7.6G

             total       used       free     shared    buffers     cached
Mem:          992M       919M        72M         0B       840K        14M
-/+ buffers/cache:       904M        87M
Swap:         8.0G       431M       7.6G

             total       used       free     shared    buffers     cached
Mem:          992M       921M        70M         0B       840K        14M
-/+ buffers/cache:       906M        85M
Swap:         8.0G       430M       7.6G

             total       used       free     shared    buffers     cached
Mem:          992M       923M        68M         0B       848K        14M
-/+ buffers/cache:       908M        83M
Swap:         8.0G       429M       7.6G

             total       used       free     shared    buffers     cached
Mem:          992M       926M        65M         0B       848K        14M
-/+ buffers/cache:       911M        80M
Swap:         8.0G       427M       7.6G

             total       used       free     shared    buffers     cached
Mem:          992M       928M        63M         0B       848K        14M
-/+ buffers/cache:       913M        78M
Swap:         8.0G       426M       7.6G

             total       used       free     shared    buffers     cached
Mem:          992M       930M        61M         0B       856K        14M
-/+ buffers/cache:       915M        76M
Swap:         8.0G       425M       7.6G

             total       used       free     shared    buffers     cached
Mem:          992M       921M        70M         0B       812K        12M
-/+ buffers/cache:       908M        83M
Swap:         8.0G       443M       7.6G

             total       used       free     shared    buffers     cached
Mem:          992M       923M        68M         0B       816K        12M
-/+ buffers/cache:       910M        81M
Swap:         8.0G       442M       7.6G

             total       used       free     shared    buffers     cached
Mem:          992M       925M        66M         0B       816K        12M
-/+ buffers/cache:       912M        79M
Swap:         8.0G       440M       7.6G

             total       used       free     shared    buffers     cached
Mem:          992M       927M        64M         0B       816K        12M
-/+ buffers/cache:       914M        77M
Swap:         8.0G       439M       7.6G

             total       used       free     shared    buffers     cached
Mem:          992M       929M        62M         0B       824K        12M
-/+ buffers/cache:       916M        75M
Swap:         8.0G       438M       7.6G

             total       used       free     shared    buffers     cached
Mem:          992M       922M        69M         0B       512K       7.1M
-/+ buffers/cache:       915M        76M
Swap:         8.0G       438M       7.6G

             total       used       free     shared    buffers     cached
Mem:          992M       916M        75M         0B       100K       5.9M
-/+ buffers/cache:       910M        81M
Swap:         8.0G       446M       7.6G

             total       used       free     shared    buffers     cached
Mem:          992M       921M        71M         0B       528K       7.1M
-/+ buffers/cache:       913M        78M
Swap:         8.0G       445M       7.6G

             total       used       free     shared    buffers     cached
Mem:          992M       909M        82M         0B        88K        27M
-/+ buffers/cache:       882M       110M
Swap:         8.0G       481M       7.5G

             total       used       free     shared    buffers     cached
Mem:          992M       912M        79M        16K       504K        27M
-/+ buffers/cache:       884M       108M
Swap:         8.0G       479M       7.5G

             total       used       free     shared    buffers     cached
Mem:          992M       915M        76M        28K       504K        29M
-/+ buffers/cache:       885M       106M
Swap:         8.0G       478M       7.5G

             total       used       free     shared    buffers     cached
Mem:          992M       917M        75M        28K       508K        29M
-/+ buffers/cache:       887M       104M
Swap:         8.0G       478M       7.5G

             total       used       free     shared    buffers     cached
Mem:          992M       918M        74M        28K       508K        29M
-/+ buffers/cache:       888M       103M
Swap:         8.0G       477M       7.5G

             total       used       free     shared    buffers     cached
Mem:          992M       919M        72M        28K       508K        29M
-/+ buffers/cache:       889M       102M
Swap:         8.0G       476M       7.5G

             total       used       free     shared    buffers     cached
Mem:          992M       920M        71M        28K       516K        29M
-/+ buffers/cache:       890M       101M
Swap:         8.0G       476M       7.5G

             total       used       free     shared    buffers     cached
Mem:          992M       923M        68M        28K       516K        30M
-/+ buffers/cache:       892M        99M
Swap:         8.0G       475M       7.5G

             total       used       free     shared    buffers     cached
Mem:          992M       924M        67M        28K       516K        30M
-/+ buffers/cache:       894M        98M
Swap:         8.0G       474M       7.5G

             total       used       free     shared    buffers     cached
Mem:          992M       925M        66M        28K       516K        30M
-/+ buffers/cache:       895M        97M
Swap:         8.0G       473M       7.5G

             total       used       free     shared    buffers     cached
Mem:          992M       927M        65M        28K       516K        30M
-/+ buffers/cache:       896M        95M
Swap:         8.0G       473M       7.5G

             total       used       free     shared    buffers     cached
Mem:          992M       928M        63M        28K       524K        30M
-/+ buffers/cache:       897M        94M
Swap:         8.0G       472M       7.5G

             total       used       free     shared    buffers     cached
Mem:          992M       929M        63M        28K       524K        30M
-/+ buffers/cache:       898M        93M
Swap:         8.0G       471M       7.5G

             total       used       free     shared    buffers     cached
Mem:          992M       930M        61M        28K       524K        30M
-/+ buffers/cache:       899M        92M
Swap:         8.0G       471M       7.5G

             total       used       free     shared    buffers     cached
Mem:          992M       918M        74M        28K       524K        29M
-/+ buffers/cache:       888M       104M
Swap:         8.0G       481M       7.5G

             total       used       free     shared    buffers     cached
Mem:          992M       919M        73M        28K       524K        29M
-/+ buffers/cache:       889M       103M
Swap:         8.0G       480M       7.5G

             total       used       free     shared    buffers     cached
Mem:          992M       924M        67M        28K       524K        33M
-/+ buffers/cache:       890M       101M
Swap:         8.0G       479M       7.5G

             total       used       free     shared    buffers     cached
Mem:          992M       926M        66M        28K       532K        33M
-/+ buffers/cache:       891M       100M
Swap:         8.0G       479M       7.5G

             total       used       free     shared    buffers     cached
Mem:          992M       927M        64M        28K       848K        33M
-/+ buffers/cache:       892M        99M
Swap:         8.0G       478M       7.5G

             total       used       free     shared    buffers     cached
Mem:          992M       928M        63M        28K       848K        33M
-/+ buffers/cache:       893M        98M
Swap:         8.0G       477M       7.5G

             total       used       free     shared    buffers     cached
Mem:          992M       930M        62M        28K       848K        34M
-/+ buffers/cache:       895M        96M
Swap:         8.0G       477M       7.5G

             total       used       free     shared    buffers     cached
Mem:          992M       931M        61M        28K       848K        33M
-/+ buffers/cache:       896M        95M
Swap:         8.0G       476M       7.5G

             total       used       free     shared    buffers     cached
Mem:          992M       917M        75M        28K       856K        32M
-/+ buffers/cache:       883M       108M
Swap:         8.0G       484M       7.5G

             total       used       free     shared    buffers     cached
Mem:          992M       918M        73M        28K       856K        32M
-/+ buffers/cache:       884M       107M
Swap:         8.0G       483M       7.5G

             total       used       free     shared    buffers     cached
Mem:          992M       919M        72M        28K       856K        32M
-/+ buffers/cache:       886M       106M
Swap:         8.0G       482M       7.5G

             total       used       free     shared    buffers     cached
Mem:          992M       921M        71M        28K       856K        32M
-/+ buffers/cache:       887M       104M
Swap:         8.0G       482M       7.5G

             total       used       free     shared    buffers     cached
Mem:          992M       922M        69M        28K       856K        32M
-/+ buffers/cache:       888M       103M
Swap:         8.0G       481M       7.5G

             total       used       free     shared    buffers     cached
Mem:          992M       923M        68M        28K       856K        32M
-/+ buffers/cache:       890M       102M
Swap:         8.0G       480M       7.5G

             total       used       free     shared    buffers     cached
Mem:          992M       925M        67M        28K       864K        32M
-/+ buffers/cache:       891M       100M
Swap:         8.0G       480M       7.5G

             total       used       free     shared    buffers     cached
Mem:          992M       926M        65M        28K       864K        32M
-/+ buffers/cache:       892M        99M
Swap:         8.0G       479M       7.5G

             total       used       free     shared    buffers     cached
Mem:          992M       927M        64M        28K       864K        32M
-/+ buffers/cache:       894M        98M
Swap:         8.0G       478M       7.5G

             total       used       free     shared    buffers     cached
Mem:          992M       928M        63M        28K       864K        32M
-/+ buffers/cache:       895M        96M
Swap:         8.0G       478M       7.5G

             total       used       free     shared    buffers     cached
Mem:          992M       929M        62M        28K       864K        32M
-/+ buffers/cache:       896M        95M
Swap:         8.0G       477M       7.5G

             total       used       free     shared    buffers     cached
Mem:          992M       931M        61M        28K       872K        32M
-/+ buffers/cache:       897M        94M
Swap:         8.0G       476M       7.5G

             total       used       free     shared    buffers     cached
Mem:          992M       913M        78M        28K       872K        30M
-/+ buffers/cache:       881M       110M
Swap:         8.0G       505M       7.5G

             total       used       free     shared    buffers     cached
Mem:          992M       914M        77M        28K       872K        30M
-/+ buffers/cache:       883M       109M
Swap:         8.0G       504M       7.5G

             total       used       free     shared    buffers     cached
Mem:          992M       915M        76M        28K       872K        30M
-/+ buffers/cache:       884M       108M
Swap:         8.0G       503M       7.5G

             total       used       free     shared    buffers     cached
Mem:          992M       917M        75M        28K       872K        30M
-/+ buffers/cache:       885M       106M
Swap:         8.0G       503M       7.5G

             total       used       free     shared    buffers     cached
Mem:          992M       918M        73M        28K       872K        30M
-/+ buffers/cache:       886M       105M
Swap:         8.0G       502M       7.5G

             total       used       free     shared    buffers     cached
Mem:          992M       919M        72M        28K       880K        30M
-/+ buffers/cache:       887M       104M
Swap:         8.0G       501M       7.5G

             total       used       free     shared    buffers     cached
Mem:          992M       920M        71M        28K       880K        30M
-/+ buffers/cache:       888M       103M
Swap:         8.0G       501M       7.5G

             total       used       free     shared    buffers     cached
Mem:          992M       921M        70M        28K       880K        30M
-/+ buffers/cache:       890M       102M
Swap:         8.0G       500M       7.5G

             total       used       free     shared    buffers     cached
Mem:          992M       923M        68M        28K       880K        30M
-/+ buffers/cache:       891M       100M
Swap:         8.0G       499M       7.5G

             total       used       free     shared    buffers     cached
Mem:          992M       924M        67M        28K       880K        30M
-/+ buffers/cache:       893M        98M
Swap:         8.0G       498M       7.5G

             total       used       free     shared    buffers     cached
Mem:          992M       925M        66M        28K       888K        30M
-/+ buffers/cache:       894M        97M
Swap:         8.0G       498M       7.5G

             total       used       free     shared    buffers     cached
Mem:          992M       927M        64M        28K       888K        30M
-/+ buffers/cache:       895M        96M
Swap:         8.0G       497M       7.5G

             total       used       free     shared    buffers     cached
Mem:          992M       928M        63M        28K       888K        30M
-/+ buffers/cache:       897M        95M
Swap:         8.0G       496M       7.5G

             total       used       free     shared    buffers     cached
Mem:          992M       930M        62M        28K       888K        30M
-/+ buffers/cache:       898M        93M
Swap:         8.0G       496M       7.5G

             total       used       free     shared    buffers     cached
Mem:          992M       916M        75M        28K       888K        30M
-/+ buffers/cache:       885M       106M
Swap:         8.0G       497M       7.5G

             total       used       free     shared    buffers     cached
Mem:          992M       917M        74M        28K       888K        30M
-/+ buffers/cache:       886M       105M
Swap:         8.0G       496M       7.5G

             total       used       free     shared    buffers     cached
Mem:          992M       919M        73M        28K       896K        30M
-/+ buffers/cache:       887M       104M
Swap:         8.0G       496M       7.5G

             total       used       free     shared    buffers     cached
Mem:          992M       920M        71M        28K       896K        30M
-/+ buffers/cache:       889M       102M
Swap:         8.0G       495M       7.5G

             total       used       free     shared    buffers     cached
Mem:          992M       921M        70M        28K       896K        30M
-/+ buffers/cache:       890M       101M
Swap:         8.0G       494M       7.5G

             total       used       free     shared    buffers     cached
Mem:          992M       923M        69M        28K       896K        30M
-/+ buffers/cache:       892M       100M
Swap:         8.0G       494M       7.5G

             total       used       free     shared    buffers     cached
Mem:          992M       924M        67M        28K       896K        30M
-/+ buffers/cache:       893M        98M
Swap:         8.0G       493M       7.5G

             total       used       free     shared    buffers     cached
Mem:          992M       925M        66M        28K       904K        30M
-/+ buffers/cache:       894M        97M
Swap:         8.0G       492M       7.5G

             total       used       free     shared    buffers     cached
Mem:          992M       927M        64M        28K       904K        30M
-/+ buffers/cache:       896M        96M
Swap:         8.0G       491M       7.5G

             total       used       free     shared    buffers     cached
Mem:          992M       928M        63M        28K       904K        30M
-/+ buffers/cache:       897M        94M
Swap:         8.0G       491M       7.5G

             total       used       free     shared    buffers     cached
Mem:          992M       930M        62M        28K       904K        30M
-/+ buffers/cache:       898M        93M
Swap:         8.0G       490M       7.5G

             total       used       free     shared    buffers     cached
Mem:          992M       931M        60M        28K       904K        30M
-/+ buffers/cache:       900M        92M
Swap:         8.0G       489M       7.5G

             total       used       free     shared    buffers     cached
Mem:          992M       918M        74M        28K       904K        28M
-/+ buffers/cache:       888M       103M
Swap:         8.0G       507M       7.5G

             total       used       free     shared    buffers     cached
Mem:          992M       919M        72M        28K       912K        28M
-/+ buffers/cache:       889M       102M
Swap:         8.0G       507M       7.5G

             total       used       free     shared    buffers     cached
Mem:          992M       920M        71M        28K       912K        28M
-/+ buffers/cache:       891M       101M
Swap:         8.0G       506M       7.5G

             total       used       free     shared    buffers     cached
Mem:          992M       922M        69M        28K       912K        29M
-/+ buffers/cache:       892M        99M
Swap:         8.0G       505M       7.5G

             total       used       free     shared    buffers     cached
Mem:          992M       924M        68M        28K       912K        29M
-/+ buffers/cache:       894M        98M
Swap:         8.0G       504M       7.5G

             total       used       free     shared    buffers     cached
Mem:          992M       926M        65M        28K       1.0M        29M
-/+ buffers/cache:       895M        96M
Swap:         8.0G       503M       7.5G

             total       used       free     shared    buffers     cached
Mem:          992M       927M        64M        32K       1.0M        29M
-/+ buffers/cache:       896M        95M
Swap:         8.0G       503M       7.5G

             total       used       free     shared    buffers     cached
Mem:          992M       916M        75M        32K       1.0M        30M
-/+ buffers/cache:       884M       107M
Swap:         8.0G       512M       7.5G

             total       used       free     shared    buffers     cached
Mem:          992M       918M        74M        32K       1.0M        30M
-/+ buffers/cache:       886M       105M
Swap:         8.0G       511M       7.5G

             total       used       free     shared    buffers     cached
Mem:          992M       925M        66M        32K       1.0M        33M
-/+ buffers/cache:       891M       100M
Swap:         8.0G       508M       7.5G

             total       used       free     shared    buffers     cached
Mem:          992M       926M        65M        32K       1.0M        33M
-/+ buffers/cache:       892M        99M
Swap:         8.0G       508M       7.5G

             total       used       free     shared    buffers     cached
Mem:          992M       927M        64M        32K       1.0M        33M
-/+ buffers/cache:       893M        98M
Swap:         8.0G       507M       7.5G

             total       used       free     shared    buffers     cached
Mem:          992M       927M        64M        32K       1.0M        33M
-/+ buffers/cache:       893M        98M
Swap:         8.0G       507M       7.5G

             total       used       free     shared    buffers     cached
Mem:          992M       928M        63M        32K       1.0M        33M
-/+ buffers/cache:       894M        97M
Swap:         8.0G       507M       7.5G

             total       used       free     shared    buffers     cached
Mem:          992M       929M        62M        32K       1.0M        33M
-/+ buffers/cache:       895M        96M
Swap:         8.0G       506M       7.5G

             total       used       free     shared    buffers     cached
Mem:          992M       930M        61M        32K       1.0M        33M
-/+ buffers/cache:       896M        95M
Swap:         8.0G       506M       7.5G

             total       used       free     shared    buffers     cached
Mem:          992M       931M        61M        32K       1.0M        33M
-/+ buffers/cache:       897M        95M
Swap:         8.0G       506M       7.5G

             total       used       free     shared    buffers     cached
Mem:          992M       918M        73M        32K       1.0M        32M
-/+ buffers/cache:       885M       106M
Swap:         8.0G       510M       7.5G

             total       used       free     shared    buffers     cached
Mem:          992M       919M        72M        32K       1.0M        32M
-/+ buffers/cache:       886M       105M
Swap:         8.0G       510M       7.5G

             total       used       free     shared    buffers     cached
Mem:          992M       930M        62M       188K       1.0M        36M
-/+ buffers/cache:       892M        99M
Swap:         8.0G       506M       7.5G

             total       used       free     shared    buffers     cached
Mem:          992M       918M        73M       3.9M       3.5M        50M
-/+ buffers/cache:       864M       127M
Swap:         8.0G       553M       7.5G

             total       used       free     shared    buffers     cached
Mem:          992M       920M        71M       240K       5.2M        62M
-/+ buffers/cache:       852M       139M
Swap:         8.0G       564M       7.4G

             total       used       free     shared    buffers     cached
Mem:          992M       928M        63M       232K       5.4M        64M
-/+ buffers/cache:       858M       133M
Swap:         8.0G       562M       7.4G

             total       used       free     shared    buffers     cached
Mem:          992M       929M        62M       232K       5.4M        64M
-/+ buffers/cache:       859M       133M
Swap:         8.0G       562M       7.4G

             total       used       free     shared    buffers     cached
Mem:          992M       930M        61M       232K       5.4M        64M
-/+ buffers/cache:       860M       131M
Swap:         8.0G       561M       7.4G

             total       used       free     shared    buffers     cached
Mem:          992M       914M        77M       232K       4.5M        59M
-/+ buffers/cache:       850M       141M
Swap:         8.0G       577M       7.4G

             total       used       free     shared    buffers     cached
Mem:          992M       917M        74M       232K       4.6M        60M
-/+ buffers/cache:       852M       140M
Swap:         8.0G       576M       7.4G

             total       used       free     shared    buffers     cached
Mem:          992M       918M        73M       232K       4.6M        60M
-/+ buffers/cache:       853M       138M
Swap:         8.0G       576M       7.4G

             total       used       free     shared    buffers     cached
Mem:          992M       919M        72M       232K       4.6M        60M
-/+ buffers/cache:       854M       137M
Swap:         8.0G       575M       7.4G

             total       used       free     shared    buffers     cached
Mem:          992M       920M        71M       232K       4.6M        60M
-/+ buffers/cache:       855M       136M
Swap:         8.0G       575M       7.4G

             total       used       free     shared    buffers     cached
Mem:          992M       922M        70M       232K       4.6M        60M
-/+ buffers/cache:       856M       135M
Swap:         8.0G       574M       7.4G

             total       used       free     shared    buffers     cached
Mem:          992M       923M        68M       232K       4.6M        60M
-/+ buffers/cache:       858M       133M
Swap:         8.0G       574M       7.4G

             total       used       free     shared    buffers     cached
Mem:          992M       925M        67M       232K       4.6M        60M
-/+ buffers/cache:       859M       132M
Swap:         8.0G       573M       7.4G

             total       used       free     shared    buffers     cached
Mem:          992M       926M        65M       232K       4.6M        60M
-/+ buffers/cache:       861M       130M
Swap:         8.0G       573M       7.4G

             total       used       free     shared    buffers     cached
Mem:          992M       927M        64M       232K       4.6M        60M
-/+ buffers/cache:       862M       129M
Swap:         8.0G       572M       7.4G

             total       used       free     shared    buffers     cached
Mem:          992M       928M        63M       232K       4.6M        60M
-/+ buffers/cache:       863M       128M
Swap:         8.0G       571M       7.4G

             total       used       free     shared    buffers     cached
Mem:          992M       930M        62M       232K       4.6M        60M
-/+ buffers/cache:       864M       127M
Swap:         8.0G       571M       7.4G

             total       used       free     shared    buffers     cached
Mem:          992M       931M        61M       232K       4.6M        60M
-/+ buffers/cache:       865M       126M
Swap:         8.0G       570M       7.4G

             total       used       free     shared    buffers     cached
Mem:          992M       915M        77M       232K       4.5M        59M
-/+ buffers/cache:       850M       141M
Swap:         8.0G       573M       7.4G

             total       used       free     shared    buffers     cached
Mem:          992M       916M        75M       232K       4.5M        60M
-/+ buffers/cache:       852M       140M
Swap:         8.0G       573M       7.4G

             total       used       free     shared    buffers     cached
Mem:          992M       918M        73M       232K       4.5M        60M
-/+ buffers/cache:       853M       138M
Swap:         8.0G       572M       7.4G

             total       used       free     shared    buffers     cached
Mem:          992M       919M        72M       232K       4.5M        60M
-/+ buffers/cache:       855M       136M
Swap:         8.0G       572M       7.4G

             total       used       free     shared    buffers     cached
Mem:          992M       921M        71M       232K       4.5M        60M
-/+ buffers/cache:       856M       135M
Swap:         8.0G       571M       7.4G

             total       used       free     shared    buffers     cached
Mem:          992M       922M        69M       232K       4.5M        60M
-/+ buffers/cache:       857M       134M
Swap:         8.0G       570M       7.4G

             total       used       free     shared    buffers     cached
Mem:          992M       923M        68M       232K       4.5M        60M
-/+ buffers/cache:       858M       133M
Swap:         8.0G       570M       7.4G

             total       used       free     shared    buffers     cached
Mem:          992M       925M        67M       232K       4.5M        60M
-/+ buffers/cache:       860M       131M
Swap:         8.0G       569M       7.4G

             total       used       free     shared    buffers     cached
Mem:          992M       926M        66M       232K       4.5M        60M
-/+ buffers/cache:       861M       130M
Swap:         8.0G       569M       7.4G

             total       used       free     shared    buffers     cached
Mem:          992M       927M        64M       232K       4.5M        60M
-/+ buffers/cache:       863M       129M
Swap:         8.0G       568M       7.4G

             total       used       free     shared    buffers     cached
Mem:          992M       928M        63M       232K       4.5M        60M
-/+ buffers/cache:       864M       127M
Swap:         8.0G       568M       7.4G

             total       used       free     shared    buffers     cached
Mem:          992M       930M        61M       232K       4.5M        60M
-/+ buffers/cache:       865M       126M
Swap:         8.0G       567M       7.4G

             total       used       free     shared    buffers     cached
Mem:          992M       908M        83M       232K       4.5M        58M
-/+ buffers/cache:       845M       146M
Swap:         8.0G       588M       7.4G

             total       used       free     shared    buffers     cached
Mem:          992M       909M        82M       232K       4.5M        58M
-/+ buffers/cache:       846M       145M
Swap:         8.0G       587M       7.4G

             total       used       free     shared    buffers     cached
Mem:          992M       910M        81M       232K       4.5M        58M
-/+ buffers/cache:       848M       144M
Swap:         8.0G       587M       7.4G

             total       used       free     shared    buffers     cached
Mem:          992M       912M        80M       232K       4.5M        58M
-/+ buffers/cache:       849M       142M
Swap:         8.0G       586M       7.4G

             total       used       free     shared    buffers     cached
Mem:          992M       913M        78M       232K       4.5M        58M
-/+ buffers/cache:       850M       141M
Swap:         8.0G       585M       7.4G

             total       used       free     shared    buffers     cached
Mem:          992M       914M        77M       232K       4.5M        58M
-/+ buffers/cache:       852M       139M
Swap:         8.0G       584M       7.4G

             total       used       free     shared    buffers     cached
Mem:          992M       916M        75M       232K       4.5M        58M
-/+ buffers/cache:       853M       138M
Swap:         8.0G       584M       7.4G

             total       used       free     shared    buffers     cached
Mem:          992M       917M        74M       232K       4.5M        58M
-/+ buffers/cache:       855M       136M
Swap:         8.0G       583M       7.4G

             total       used       free     shared    buffers     cached
Mem:          992M       919M        72M       232K       4.5M        58M
-/+ buffers/cache:       856M       135M
Swap:         8.0G       583M       7.4G

             total       used       free     shared    buffers     cached
Mem:          992M       920M        71M       232K       4.5M        58M
-/+ buffers/cache:       858M       134M
Swap:         8.0G       582M       7.4G

             total       used       free     shared    buffers     cached
Mem:          992M       922M        70M       232K       4.5M        58M
-/+ buffers/cache:       859M       132M
Swap:         8.0G       581M       7.4G

             total       used       free     shared    buffers     cached
Mem:          992M       908M        83M       336K       8.1M        68M
-/+ buffers/cache:       832M       159M
Swap:         8.0G       607M       7.4G
