             total       used       free     shared    buffers     cached
Mem:          2.0G       657M       1.3G       3.2M        38M       289M
-/+ buffers/cache:       329M       1.6G
Swap:         8.0G         0B       8.0G

             total       used       free     shared    buffers     cached
Mem:          2.0G       656M       1.3G       3.2M        38M       289M
-/+ buffers/cache:       328M       1.6G
Swap:         8.0G         0B       8.0G

             total       used       free     shared    buffers     cached
Mem:          2.0G       656M       1.3G       3.2M        38M       289M
-/+ buffers/cache:       328M       1.6G
Swap:         8.0G         0B       8.0G

             total       used       free     shared    buffers     cached
Mem:          2.0G       656M       1.3G       3.2M        38M       289M
-/+ buffers/cache:       328M       1.6G
Swap:         8.0G         0B       8.0G

             total       used       free     shared    buffers     cached
Mem:          2.0G       656M       1.3G       3.2M        38M       289M
-/+ buffers/cache:       328M       1.6G
Swap:         8.0G         0B       8.0G

             total       used       free     shared    buffers     cached
Mem:          2.0G       656M       1.3G       3.2M        38M       289M
-/+ buffers/cache:       328M       1.6G
Swap:         8.0G         0B       8.0G

             total       used       free     shared    buffers     cached
Mem:          2.0G       656M       1.3G       3.2M        38M       289M
-/+ buffers/cache:       328M       1.6G
Swap:         8.0G         0B       8.0G

             total       used       free     shared    buffers     cached
Mem:          2.0G       656M       1.3G       3.2M        38M       289M
-/+ buffers/cache:       327M       1.6G
Swap:         8.0G         0B       8.0G

             total       used       free     shared    buffers     cached
Mem:          2.0G       656M       1.3G       3.2M        38M       289M
-/+ buffers/cache:       327M       1.6G
Swap:         8.0G         0B       8.0G

             total       used       free     shared    buffers     cached
Mem:          2.0G       656M       1.3G       3.2M        38M       289M
-/+ buffers/cache:       327M       1.6G
Swap:         8.0G         0B       8.0G

             total       used       free     shared    buffers     cached
Mem:          2.0G       656M       1.3G       3.2M        38M       289M
-/+ buffers/cache:       327M       1.6G
Swap:         8.0G         0B       8.0G

             total       used       free     shared    buffers     cached
Mem:          2.0G       661M       1.3G       3.2M        38M       290M
-/+ buffers/cache:       332M       1.6G
Swap:         8.0G         0B       8.0G

             total       used       free     shared    buffers     cached
Mem:          2.0G       678M       1.3G       3.2M        38M       290M
-/+ buffers/cache:       349M       1.6G
Swap:         8.0G         0B       8.0G

             total       used       free     shared    buffers     cached
Mem:          2.0G       665M       1.3G       3.2M        38M       291M
-/+ buffers/cache:       335M       1.6G
Swap:         8.0G         0B       8.0G

             total       used       free     shared    buffers     cached
Mem:          2.0G       665M       1.3G       3.2M        38M       291M
-/+ buffers/cache:       335M       1.6G
Swap:         8.0G         0B       8.0G

             total       used       free     shared    buffers     cached
Mem:          2.0G       666M       1.3G       3.2M        38M       291M
-/+ buffers/cache:       335M       1.6G
Swap:         8.0G         0B       8.0G

             total       used       free     shared    buffers     cached
Mem:          2.0G       666M       1.3G       3.2M        38M       291M
-/+ buffers/cache:       335M       1.6G
Swap:         8.0G         0B       8.0G

             total       used       free     shared    buffers     cached
Mem:          2.0G       666M       1.3G       3.2M        38M       291M
-/+ buffers/cache:       335M       1.6G
Swap:         8.0G         0B       8.0G

             total       used       free     shared    buffers     cached
Mem:          2.0G       666M       1.3G       3.2M        38M       291M
-/+ buffers/cache:       335M       1.6G
Swap:         8.0G         0B       8.0G

             total       used       free     shared    buffers     cached
Mem:          2.0G       666M       1.3G       3.2M        38M       291M
-/+ buffers/cache:       335M       1.6G
Swap:         8.0G         0B       8.0G

             total       used       free     shared    buffers     cached
Mem:          2.0G       666M       1.3G       3.2M        38M       291M
-/+ buffers/cache:       335M       1.6G
Swap:         8.0G         0B       8.0G

             total       used       free     shared    buffers     cached
Mem:          2.0G       666M       1.3G       3.2M        38M       291M
-/+ buffers/cache:       335M       1.6G
Swap:         8.0G         0B       8.0G

             total       used       free     shared    buffers     cached
Mem:          2.0G       666M       1.3G       3.2M        38M       291M
-/+ buffers/cache:       335M       1.6G
Swap:         8.0G         0B       8.0G

             total       used       free     shared    buffers     cached
Mem:          2.0G       666M       1.3G       3.2M        38M       291M
-/+ buffers/cache:       335M       1.6G
Swap:         8.0G         0B       8.0G

             total       used       free     shared    buffers     cached
Mem:          2.0G       666M       1.3G       3.2M        38M       291M
-/+ buffers/cache:       335M       1.6G
Swap:         8.0G         0B       8.0G

             total       used       free     shared    buffers     cached
Mem:          2.0G       666M       1.3G       3.2M        38M       291M
-/+ buffers/cache:       335M       1.6G
Swap:         8.0G         0B       8.0G

             total       used       free     shared    buffers     cached
Mem:          2.0G       666M       1.3G       3.2M        38M       291M
-/+ buffers/cache:       335M       1.6G
Swap:         8.0G         0B       8.0G

             total       used       free     shared    buffers     cached
Mem:          2.0G       666M       1.3G       3.2M        38M       291M
-/+ buffers/cache:       335M       1.6G
Swap:         8.0G         0B       8.0G

             total       used       free     shared    buffers     cached
Mem:          2.0G       666M       1.3G       3.2M        38M       291M
-/+ buffers/cache:       335M       1.6G
Swap:         8.0G         0B       8.0G

             total       used       free     shared    buffers     cached
Mem:          2.0G       666M       1.3G       3.2M        38M       291M
-/+ buffers/cache:       335M       1.6G
Swap:         8.0G         0B       8.0G

             total       used       free     shared    buffers     cached
Mem:          2.0G       666M       1.3G       3.2M        38M       291M
-/+ buffers/cache:       335M       1.6G
Swap:         8.0G         0B       8.0G

             total       used       free     shared    buffers     cached
Mem:          2.0G       666M       1.3G       3.2M        38M       291M
-/+ buffers/cache:       335M       1.6G
Swap:         8.0G         0B       8.0G

             total       used       free     shared    buffers     cached
Mem:          2.0G       666M       1.3G       3.2M        38M       291M
-/+ buffers/cache:       335M       1.6G
Swap:         8.0G         0B       8.0G

             total       used       free     shared    buffers     cached
Mem:          2.0G       671M       1.3G       3.2M        38M       291M
-/+ buffers/cache:       340M       1.6G
Swap:         8.0G         0B       8.0G

             total       used       free     shared    buffers     cached
Mem:          2.0G       689M       1.3G       3.2M        38M       291M
-/+ buffers/cache:       358M       1.6G
Swap:         8.0G         0B       8.0G

             total       used       free     shared    buffers     cached
Mem:          2.0G       707M       1.3G       3.2M        38M       291M
-/+ buffers/cache:       376M       1.6G
Swap:         8.0G         0B       8.0G

             total       used       free     shared    buffers     cached
Mem:          2.0G       726M       1.2G       3.2M        38M       291M
-/+ buffers/cache:       396M       1.6G
Swap:         8.0G         0B       8.0G

             total       used       free     shared    buffers     cached
Mem:          2.0G       744M       1.2G       3.2M        38M       291M
-/+ buffers/cache:       414M       1.5G
Swap:         8.0G         0B       8.0G

             total       used       free     shared    buffers     cached
Mem:          2.0G       758M       1.2G       3.2M        38M       291M
-/+ buffers/cache:       428M       1.5G
Swap:         8.0G         0B       8.0G

             total       used       free     shared    buffers     cached
Mem:          2.0G       774M       1.2G       3.2M        38M       291M
-/+ buffers/cache:       444M       1.5G
Swap:         8.0G         0B       8.0G

             total       used       free     shared    buffers     cached
Mem:          2.0G       792M       1.2G       3.2M        38M       291M
-/+ buffers/cache:       461M       1.5G
Swap:         8.0G         0B       8.0G

             total       used       free     shared    buffers     cached
Mem:          2.0G       811M       1.2G       3.2M        38M       291M
-/+ buffers/cache:       480M       1.5G
Swap:         8.0G         0B       8.0G

             total       used       free     shared    buffers     cached
Mem:          2.0G       830M       1.1G       3.2M        38M       291M
-/+ buffers/cache:       499M       1.5G
Swap:         8.0G         0B       8.0G

             total       used       free     shared    buffers     cached
Mem:          2.0G       851M       1.1G       3.2M        38M       291M
-/+ buffers/cache:       520M       1.4G
Swap:         8.0G         0B       8.0G

             total       used       free     shared    buffers     cached
Mem:          2.0G       867M       1.1G       3.2M        38M       291M
-/+ buffers/cache:       536M       1.4G
Swap:         8.0G         0B       8.0G

             total       used       free     shared    buffers     cached
Mem:          2.0G       883M       1.1G       3.2M        38M       291M
-/+ buffers/cache:       553M       1.4G
Swap:         8.0G         0B       8.0G

             total       used       free     shared    buffers     cached
Mem:          2.0G       898M       1.1G       3.2M        38M       291M
-/+ buffers/cache:       568M       1.4G
Swap:         8.0G         0B       8.0G

             total       used       free     shared    buffers     cached
Mem:          2.0G       917M       1.1G       3.2M        38M       291M
-/+ buffers/cache:       587M       1.4G
Swap:         8.0G         0B       8.0G

             total       used       free     shared    buffers     cached
Mem:          2.0G       935M       1.0G       3.2M        38M       291M
-/+ buffers/cache:       604M       1.4G
Swap:         8.0G         0B       8.0G

             total       used       free     shared    buffers     cached
Mem:          2.0G       953M       1.0G       3.2M        38M       291M
-/+ buffers/cache:       622M       1.3G
Swap:         8.0G         0B       8.0G

             total       used       free     shared    buffers     cached
Mem:          2.0G       968M       1.0G       3.2M        38M       291M
-/+ buffers/cache:       638M       1.3G
Swap:         8.0G         0B       8.0G

             total       used       free     shared    buffers     cached
Mem:          2.0G       982M       1.0G       3.2M        38M       291M
-/+ buffers/cache:       651M       1.3G
Swap:         8.0G         0B       8.0G

             total       used       free     shared    buffers     cached
Mem:          2.0G       996M       1.0G       3.2M        38M       291M
-/+ buffers/cache:       666M       1.3G
Swap:         8.0G         0B       8.0G

             total       used       free     shared    buffers     cached
Mem:          2.0G       1.0G       990M       3.2M        38M       291M
-/+ buffers/cache:       678M       1.3G
Swap:         8.0G         0B       8.0G

             total       used       free     shared    buffers     cached
Mem:          2.0G       1.0G       976M       3.2M        38M       291M
-/+ buffers/cache:       693M       1.3G
Swap:         8.0G         0B       8.0G

             total       used       free     shared    buffers     cached
Mem:          2.0G       1.0G       960M       3.2M        38M       291M
-/+ buffers/cache:       709M       1.3G
Swap:         8.0G         0B       8.0G

             total       used       free     shared    buffers     cached
Mem:          2.0G       1.0G       941M       3.2M        38M       291M
-/+ buffers/cache:       728M       1.2G
Swap:         8.0G         0B       8.0G

             total       used       free     shared    buffers     cached
Mem:          2.0G       1.1G       922M       3.2M        38M       291M
-/+ buffers/cache:       747M       1.2G
Swap:         8.0G         0B       8.0G

             total       used       free     shared    buffers     cached
Mem:          2.0G       1.1G       904M       3.2M        38M       291M
-/+ buffers/cache:       765M       1.2G
Swap:         8.0G         0B       8.0G

             total       used       free     shared    buffers     cached
Mem:          2.0G       1.1G       890M       3.2M        38M       291M
-/+ buffers/cache:       779M       1.2G
Swap:         8.0G         0B       8.0G

             total       used       free     shared    buffers     cached
Mem:          2.0G       1.1G       881M       3.2M        38M       291M
-/+ buffers/cache:       788M       1.2G
Swap:         8.0G         0B       8.0G

             total       used       free     shared    buffers     cached
Mem:          2.0G       1.1G       868M       3.2M        38M       291M
-/+ buffers/cache:       801M       1.2G
Swap:         8.0G         0B       8.0G

             total       used       free     shared    buffers     cached
Mem:          2.0G       1.1G       854M       3.2M        38M       291M
-/+ buffers/cache:       815M       1.2G
Swap:         8.0G         0B       8.0G

             total       used       free     shared    buffers     cached
Mem:          2.0G       1.1G       840M       3.2M        38M       291M
-/+ buffers/cache:       829M       1.1G
Swap:         8.0G         0B       8.0G

             total       used       free     shared    buffers     cached
Mem:          2.0G       1.1G       826M       3.2M        38M       291M
-/+ buffers/cache:       843M       1.1G
Swap:         8.0G         0B       8.0G

             total       used       free     shared    buffers     cached
Mem:          2.0G       1.2G       814M       3.2M        38M       291M
-/+ buffers/cache:       855M       1.1G
Swap:         8.0G         0B       8.0G

             total       used       free     shared    buffers     cached
Mem:          2.0G       1.2G       800M       3.2M        38M       291M
-/+ buffers/cache:       869M       1.1G
Swap:         8.0G         0B       8.0G

             total       used       free     shared    buffers     cached
Mem:          2.0G       1.2G       787M       3.2M        38M       291M
-/+ buffers/cache:       882M       1.1G
Swap:         8.0G         0B       8.0G

             total       used       free     shared    buffers     cached
Mem:          2.0G       1.2G       773M       3.2M        38M       291M
-/+ buffers/cache:       896M       1.1G
Swap:         8.0G         0B       8.0G

             total       used       free     shared    buffers     cached
Mem:          2.0G       1.2G       759M       3.2M        38M       291M
-/+ buffers/cache:       910M       1.1G
Swap:         8.0G         0B       8.0G

             total       used       free     shared    buffers     cached
Mem:          2.0G       1.2G       746M       3.2M        38M       291M
-/+ buffers/cache:       923M       1.1G
Swap:         8.0G         0B       8.0G

             total       used       free     shared    buffers     cached
Mem:          2.0G       1.2G       729M       3.2M        38M       291M
-/+ buffers/cache:       940M       1.0G
Swap:         8.0G         0B       8.0G

             total       used       free     shared    buffers     cached
Mem:          2.0G       1.3G       713M       3.2M        38M       292M
-/+ buffers/cache:       956M       1.0G
Swap:         8.0G         0B       8.0G

             total       used       free     shared    buffers     cached
Mem:          2.0G       1.3G       700M       3.2M        38M       292M
-/+ buffers/cache:       968M       1.0G
Swap:         8.0G         0B       8.0G

             total       used       free     shared    buffers     cached
Mem:          2.0G       1.3G       686M       3.2M        38M       292M
-/+ buffers/cache:       983M       1.0G
Swap:         8.0G         0B       8.0G

             total       used       free     shared    buffers     cached
Mem:          2.0G       1.3G       672M       3.2M        38M       292M
-/+ buffers/cache:       996M       1.0G
Swap:         8.0G         0B       8.0G

             total       used       free     shared    buffers     cached
Mem:          2.0G       1.3G       658M       3.2M        38M       292M
-/+ buffers/cache:       1.0G       989M
Swap:         8.0G         0B       8.0G

             total       used       free     shared    buffers     cached
Mem:          2.0G       1.3G       644M       3.2M        38M       292M
-/+ buffers/cache:       1.0G       975M
Swap:         8.0G         0B       8.0G

             total       used       free     shared    buffers     cached
Mem:          2.0G       1.3G       629M       3.2M        38M       292M
-/+ buffers/cache:       1.0G       960M
Swap:         8.0G         0B       8.0G

             total       used       free     shared    buffers     cached
Mem:          2.0G       1.4G       616M       3.2M        38M       292M
-/+ buffers/cache:       1.0G       947M
Swap:         8.0G         0B       8.0G

             total       used       free     shared    buffers     cached
Mem:          2.0G       1.4G       602M       3.2M        38M       292M
-/+ buffers/cache:       1.0G       932M
Swap:         8.0G         0B       8.0G

             total       used       free     shared    buffers     cached
Mem:          2.0G       1.4G       589M       3.2M        38M       292M
-/+ buffers/cache:       1.1G       920M
Swap:         8.0G         0B       8.0G

             total       used       free     shared    buffers     cached
Mem:          2.0G       1.4G       572M       3.2M        38M       292M
-/+ buffers/cache:       1.1G       903M
Swap:         8.0G         0B       8.0G

             total       used       free     shared    buffers     cached
Mem:          2.0G       1.4G       555M       3.2M        38M       292M
-/+ buffers/cache:       1.1G       886M
Swap:         8.0G         0B       8.0G

             total       used       free     shared    buffers     cached
Mem:          2.0G       1.4G       540M       3.2M        38M       292M
-/+ buffers/cache:       1.1G       871M
Swap:         8.0G         0B       8.0G

             total       used       free     shared    buffers     cached
Mem:          2.0G       1.4G       526M       3.2M        38M       292M
-/+ buffers/cache:       1.1G       857M
Swap:         8.0G         0B       8.0G

             total       used       free     shared    buffers     cached
Mem:          2.0G       1.5G       512M       3.2M        38M       292M
-/+ buffers/cache:       1.1G       843M
Swap:         8.0G         0B       8.0G

             total       used       free     shared    buffers     cached
Mem:          2.0G       1.5G       497M       3.2M        38M       292M
-/+ buffers/cache:       1.1G       828M
Swap:         8.0G         0B       8.0G

             total       used       free     shared    buffers     cached
Mem:          2.0G       1.5G       482M       3.2M        38M       292M
-/+ buffers/cache:       1.2G       813M
Swap:         8.0G         0B       8.0G

             total       used       free     shared    buffers     cached
Mem:          2.0G       1.5G       469M       3.2M        38M       292M
-/+ buffers/cache:       1.2G       801M
Swap:         8.0G         0B       8.0G

             total       used       free     shared    buffers     cached
Mem:          2.0G       1.5G       454M       3.2M        38M       292M
-/+ buffers/cache:       1.2G       785M
Swap:         8.0G         0B       8.0G

             total       used       free     shared    buffers     cached
Mem:          2.0G       1.5G       440M       3.2M        38M       292M
-/+ buffers/cache:       1.2G       771M
Swap:         8.0G         0B       8.0G

             total       used       free     shared    buffers     cached
Mem:          2.0G       1.5G       432M       3.2M        38M       292M
-/+ buffers/cache:       1.2G       763M
Swap:         8.0G         0B       8.0G

             total       used       free     shared    buffers     cached
Mem:          2.0G       1.5G       422M       3.2M        38M       292M
-/+ buffers/cache:       1.2G       753M
Swap:         8.0G         0B       8.0G

             total       used       free     shared    buffers     cached
Mem:          2.0G       1.6G       408M       3.2M        38M       292M
-/+ buffers/cache:       1.2G       739M
Swap:         8.0G         0B       8.0G

             total       used       free     shared    buffers     cached
Mem:          2.0G       1.6G       393M       3.2M        38M       292M
-/+ buffers/cache:       1.2G       724M
Swap:         8.0G         0B       8.0G

             total       used       free     shared    buffers     cached
Mem:          2.0G       1.6G       379M       3.2M        38M       292M
-/+ buffers/cache:       1.3G       710M
Swap:         8.0G         0B       8.0G

             total       used       free     shared    buffers     cached
Mem:          2.0G       1.6G       365M       3.2M        38M       292M
-/+ buffers/cache:       1.3G       696M
Swap:         8.0G         0B       8.0G

             total       used       free     shared    buffers     cached
Mem:          2.0G       1.6G       351M       3.2M        39M       292M
-/+ buffers/cache:       1.3G       682M
Swap:         8.0G         0B       8.0G

             total       used       free     shared    buffers     cached
Mem:          2.0G       1.6G       336M       3.2M        39M       292M
-/+ buffers/cache:       1.3G       667M
Swap:         8.0G         0B       8.0G

             total       used       free     shared    buffers     cached
Mem:          2.0G       1.6G       322M       3.2M        39M       292M
-/+ buffers/cache:       1.3G       653M
Swap:         8.0G         0B       8.0G

             total       used       free     shared    buffers     cached
Mem:          2.0G       1.7G       308M       3.2M        39M       292M
-/+ buffers/cache:       1.3G       639M
Swap:         8.0G         0B       8.0G

             total       used       free     shared    buffers     cached
Mem:          2.0G       1.7G       294M       3.2M        39M       292M
-/+ buffers/cache:       1.3G       625M
Swap:         8.0G         0B       8.0G

             total       used       free     shared    buffers     cached
Mem:          2.0G       1.7G       281M       3.2M        39M       292M
-/+ buffers/cache:       1.4G       612M
Swap:         8.0G         0B       8.0G

             total       used       free     shared    buffers     cached
Mem:          2.0G       1.7G       267M       3.2M        39M       292M
-/+ buffers/cache:       1.4G       598M
Swap:         8.0G         0B       8.0G

             total       used       free     shared    buffers     cached
Mem:          2.0G       1.7G       252M       3.2M        39M       292M
-/+ buffers/cache:       1.4G       583M
Swap:         8.0G         0B       8.0G

             total       used       free     shared    buffers     cached
Mem:          2.0G       1.7G       238M       3.2M        39M       292M
-/+ buffers/cache:       1.4G       569M
Swap:         8.0G         0B       8.0G

             total       used       free     shared    buffers     cached
Mem:          2.0G       1.7G       224M       3.2M        39M       292M
-/+ buffers/cache:       1.4G       555M
Swap:         8.0G         0B       8.0G

             total       used       free     shared    buffers     cached
Mem:          2.0G       1.7G       210M       3.2M        39M       292M
-/+ buffers/cache:       1.4G       541M
Swap:         8.0G         0B       8.0G

             total       used       free     shared    buffers     cached
Mem:          2.0G       1.8G       196M       3.2M        39M       292M
-/+ buffers/cache:       1.4G       527M
Swap:         8.0G         0B       8.0G

             total       used       free     shared    buffers     cached
Mem:          2.0G       1.8G       182M       3.2M        39M       292M
-/+ buffers/cache:       1.5G       513M
Swap:         8.0G         0B       8.0G

             total       used       free     shared    buffers     cached
Mem:          2.0G       1.8G       168M       3.2M        39M       292M
-/+ buffers/cache:       1.5G       499M
Swap:         8.0G         0B       8.0G

             total       used       free     shared    buffers     cached
Mem:          2.0G       1.8G       152M       3.2M        39M       292M
-/+ buffers/cache:       1.5G       483M
Swap:         8.0G         0B       8.0G

             total       used       free     shared    buffers     cached
Mem:          2.0G       1.8G       134M       3.2M        39M       292M
-/+ buffers/cache:       1.5G       465M
Swap:         8.0G         0B       8.0G

             total       used       free     shared    buffers     cached
Mem:          2.0G       1.8G       119M       3.2M        39M       292M
-/+ buffers/cache:       1.5G       450M
Swap:         8.0G         0B       8.0G

             total       used       free     shared    buffers     cached
Mem:          2.0G       1.9G       105M       3.2M        39M       292M
-/+ buffers/cache:       1.5G       436M
Swap:         8.0G         0B       8.0G

             total       used       free     shared    buffers     cached
Mem:          2.0G       1.9G        92M       3.2M        39M       292M
-/+ buffers/cache:       1.5G       423M
Swap:         8.0G         0B       8.0G

             total       used       free     shared    buffers     cached
Mem:          2.0G       1.9G        79M       3.2M        39M       292M
-/+ buffers/cache:       1.6G       410M
Swap:         8.0G         0B       8.0G

             total       used       free     shared    buffers     cached
Mem:          2.0G       1.9G        63M       3.2M        39M       292M
-/+ buffers/cache:       1.6G       394M
Swap:         8.0G         0B       8.0G

             total       used       free     shared    buffers     cached
Mem:          2.0G       1.9G        65M       3.2M        20M       290M
-/+ buffers/cache:       1.6G       376M
Swap:         8.0G         0B       8.0G

             total       used       free     shared    buffers     cached
Mem:          2.0G       1.9G        66M       3.2M        10M       283M
-/+ buffers/cache:       1.6G       360M
Swap:         8.0G         0B       8.0G

             total       used       free     shared    buffers     cached
Mem:          2.0G       1.9G        68M       3.2M       9.9M       266M
-/+ buffers/cache:       1.6G       344M
Swap:         8.0G        88K       8.0G

             total       used       free     shared    buffers     cached
Mem:          2.0G       1.9G        71M       3.1M       9.9M       246M
-/+ buffers/cache:       1.6G       328M
Swap:         8.0G       180K       8.0G

             total       used       free     shared    buffers     cached
Mem:          2.0G       1.9G        70M       3.0M       9.9M       234M
-/+ buffers/cache:       1.6G       314M
Swap:         8.0G       4.8M       8.0G

             total       used       free     shared    buffers     cached
Mem:          2.0G       1.9G        86M       2.8M       9.9M       207M
-/+ buffers/cache:       1.7G       303M
Swap:         8.0G        10M       8.0G

             total       used       free     shared    buffers     cached
Mem:          2.0G       1.9G        72M       2.8M       9.9M       207M
-/+ buffers/cache:       1.7G       289M
Swap:         8.0G        10M       8.0G

             total       used       free     shared    buffers     cached
Mem:          2.0G       1.9G        71M       2.8M       2.8M       200M
-/+ buffers/cache:       1.7G       274M
Swap:         8.0G        10M       8.0G

             total       used       free     shared    buffers     cached
Mem:          2.0G       1.9G        72M       2.8M       1.1M       185M
-/+ buffers/cache:       1.7G       258M
Swap:         8.0G        10M       8.0G

             total       used       free     shared    buffers     cached
Mem:          2.0G       1.9G        78M       2.8M       308K       164M
-/+ buffers/cache:       1.7G       242M
Swap:         8.0G        10M       8.0G

             total       used       free     shared    buffers     cached
Mem:          2.0G       1.9G        81M       2.8M       308K       144M
-/+ buffers/cache:       1.7G       226M
Swap:         8.0G        10M       8.0G

             total       used       free     shared    buffers     cached
Mem:          2.0G       1.9G        80M       2.8M        80K       128M
-/+ buffers/cache:       1.7G       208M
Swap:         8.0G        10M       8.0G

             total       used       free     shared    buffers     cached
Mem:          2.0G       1.9G        79M       2.8M        76K       113M
-/+ buffers/cache:       1.8G       192M
Swap:         8.0G        10M       8.0G

             total       used       free     shared    buffers     cached
Mem:          2.0G       1.9G        77M       2.8M        88K        99M
-/+ buffers/cache:       1.8G       177M
Swap:         8.0G        10M       8.0G

             total       used       free     shared    buffers     cached
Mem:          2.0G       1.9G        84M       2.8M        88K        77M
-/+ buffers/cache:       1.8G       162M
Swap:         8.0G        10M       8.0G

             total       used       free     shared    buffers     cached
Mem:          2.0G       1.9G        67M       2.8M        88K        77M
-/+ buffers/cache:       1.8G       145M
Swap:         8.0G        10M       8.0G

             total       used       free     shared    buffers     cached
Mem:          2.0G       1.9G        69M       2.8M       104K        60M
-/+ buffers/cache:       1.8G       130M
Swap:         8.0G        10M       8.0G

             total       used       free     shared    buffers     cached
Mem:          2.0G       1.9G        66M       2.8M       116K        47M
-/+ buffers/cache:       1.8G       114M
Swap:         8.0G        10M       8.0G

             total       used       free     shared    buffers     cached
Mem:          2.0G       1.9G        70M       2.8M       512K        28M
-/+ buffers/cache:       1.9G        99M
Swap:         8.0G        10M       8.0G

             total       used       free     shared    buffers     cached
Mem:          2.0G       1.9G        76M       2.8M       512K       8.8M
-/+ buffers/cache:       1.9G        85M
Swap:         8.0G        12M       8.0G

             total       used       free     shared    buffers     cached
Mem:          2.0G       1.9G        68M       2.8M       512K       5.6M
-/+ buffers/cache:       1.9G        74M
Swap:         8.0G        23M       8.0G

             total       used       free     shared    buffers     cached
Mem:          2.0G       1.9G        70M       2.5M       512K       4.7M
-/+ buffers/cache:       1.9G        75M
Swap:         8.0G        40M       8.0G

             total       used       free     shared    buffers     cached
Mem:          2.0G       1.9G        75M       2.5M       520K       4.7M
-/+ buffers/cache:       1.9G        80M
Swap:         8.0G        56M       7.9G

             total       used       free     shared    buffers     cached
Mem:          2.0G       1.9G        79M       2.5M       520K       4.5M
-/+ buffers/cache:       1.9G        84M
Swap:         8.0G        82M       7.9G

             total       used       free     shared    buffers     cached
Mem:          2.0G       1.9G        80M       2.4M       520K       4.3M
-/+ buffers/cache:       1.9G        84M
Swap:         8.0G        99M       7.9G

             total       used       free     shared    buffers     cached
Mem:          2.0G       1.9G        75M       2.4M       512K       4.4M
-/+ buffers/cache:       1.9G        80M
Swap:         8.0G       105M       7.9G

             total       used       free     shared    buffers     cached
Mem:          2.0G       1.9G        78M       2.4M       496K       4.4M
-/+ buffers/cache:       1.9G        83M
Swap:         8.0G       126M       7.9G

             total       used       free     shared    buffers     cached
Mem:          2.0G       1.9G        64M       2.4M       504K       4.3M
-/+ buffers/cache:       1.9G        69M
Swap:         8.0G       126M       7.9G

             total       used       free     shared    buffers     cached
Mem:          2.0G       1.9G        75M       2.4M       488K       4.3M
-/+ buffers/cache:       1.9G        80M
Swap:         8.0G       153M       7.8G

             total       used       free     shared    buffers     cached
Mem:          2.0G       1.9G        75M       2.4M       488K       4.2M
-/+ buffers/cache:       1.9G        80M
Swap:         8.0G       169M       7.8G

             total       used       free     shared    buffers     cached
Mem:          2.0G       1.9G        75M       2.4M       488K       4.3M
-/+ buffers/cache:       1.9G        80M
Swap:         8.0G       185M       7.8G

             total       used       free     shared    buffers     cached
Mem:          2.0G       1.9G        72M       2.4M       488K       4.2M
-/+ buffers/cache:       1.9G        77M
Swap:         8.0G       195M       7.8G

             total       used       free     shared    buffers     cached
Mem:          2.0G       1.9G        76M       2.3M       496K       4.3M
-/+ buffers/cache:       1.9G        80M
Swap:         8.0G       211M       7.8G

             total       used       free     shared    buffers     cached
Mem:          2.0G       1.9G        70M       2.3M       496K       4.3M
-/+ buffers/cache:       1.9G        74M
Swap:         8.0G       211M       7.8G

             total       used       free     shared    buffers     cached
Mem:          2.0G       1.9G        82M       2.3M       496K       4.3M
-/+ buffers/cache:       1.9G        87M
Swap:         8.0G       226M       7.8G

             total       used       free     shared    buffers     cached
Mem:          2.0G       1.9G        79M       2.3M       444K       4.2M
-/+ buffers/cache:       1.9G        84M
Swap:         8.0G       243M       7.8G

             total       used       free     shared    buffers     cached
Mem:          2.0G       1.9G        78M       2.3M       396K       4.1M
-/+ buffers/cache:       1.9G        83M
Swap:         8.0G       250M       7.8G

             total       used       free     shared    buffers     cached
Mem:          2.0G       1.9G        78M       2.3M       396K       4.1M
-/+ buffers/cache:       1.9G        83M
Swap:         8.0G       282M       7.7G

             total       used       free     shared    buffers     cached
Mem:          2.0G       1.9G        67M       2.3M       404K       4.2M
-/+ buffers/cache:       1.9G        71M
Swap:         8.0G       282M       7.7G

             total       used       free     shared    buffers     cached
Mem:          2.0G       1.9G        67M       2.3M       404K       4.1M
-/+ buffers/cache:       1.9G        71M
Swap:         8.0G       282M       7.7G

             total       used       free     shared    buffers     cached
Mem:          2.0G       1.9G        66M       2.3M       404K       4.2M
-/+ buffers/cache:       1.9G        71M
Swap:         8.0G       282M       7.7G

             total       used       free     shared    buffers     cached
Mem:          2.0G       1.9G        66M       2.3M       404K       4.2M
-/+ buffers/cache:       1.9G        71M
Swap:         8.0G       282M       7.7G

             total       used       free     shared    buffers     cached
Mem:          2.0G       1.9G        66M       2.3M       404K       4.1M
-/+ buffers/cache:       1.9G        70M
Swap:         8.0G       282M       7.7G

             total       used       free     shared    buffers     cached
Mem:          2.0G       1.9G        65M       2.3M       412K       4.1M
-/+ buffers/cache:       1.9G        70M
Swap:         8.0G       282M       7.7G

             total       used       free     shared    buffers     cached
Mem:          2.0G       1.9G        65M       2.3M       412K       4.1M
-/+ buffers/cache:       1.9G        70M
Swap:         8.0G       282M       7.7G

             total       used       free     shared    buffers     cached
Mem:          2.0G       1.9G        65M       2.3M       412K       4.1M
-/+ buffers/cache:       1.9G        70M
Swap:         8.0G       282M       7.7G

             total       used       free     shared    buffers     cached
Mem:          2.0G       1.9G        65M       2.3M       412K       4.2M
-/+ buffers/cache:       1.9G        69M
Swap:         8.0G       282M       7.7G

             total       used       free     shared    buffers     cached
Mem:          2.0G       1.9G        65M       2.3M       412K       4.2M
-/+ buffers/cache:       1.9G        69M
Swap:         8.0G       281M       7.7G

             total       used       free     shared    buffers     cached
Mem:          2.0G       1.9G        64M       2.3M       420K       4.2M
-/+ buffers/cache:       1.9G        69M
Swap:         8.0G       281M       7.7G

             total       used       free     shared    buffers     cached
Mem:          2.0G       1.9G        76M       2.3M       404K       4.2M
-/+ buffers/cache:       1.9G        81M
Swap:         8.0G       282M       7.7G

             total       used       free     shared    buffers     cached
Mem:          2.0G       1.9G        76M       2.3M       404K       4.1M
-/+ buffers/cache:       1.9G        81M
Swap:         8.0G       282M       7.7G

             total       used       free     shared    buffers     cached
Mem:          2.0G       1.9G        76M       2.3M       404K       4.2M
-/+ buffers/cache:       1.9G        80M
Swap:         8.0G       282M       7.7G

             total       used       free     shared    buffers     cached
Mem:          2.0G       1.9G        75M       2.3M       404K       4.2M
-/+ buffers/cache:       1.9G        80M
Swap:         8.0G       282M       7.7G

             total       used       free     shared    buffers     cached
Mem:          2.0G       1.9G        75M       2.3M       404K       4.1M
-/+ buffers/cache:       1.9G        79M
Swap:         8.0G       282M       7.7G

             total       used       free     shared    buffers     cached
Mem:          2.0G       1.9G        75M       2.3M       412K       4.2M
-/+ buffers/cache:       1.9G        79M
Swap:         8.0G       282M       7.7G

             total       used       free     shared    buffers     cached
Mem:          2.0G       1.9G        77M       2.3M        76K        15M
-/+ buffers/cache:       1.9G        93M
Swap:         8.0G       321M       7.7G

             total       used       free     shared    buffers     cached
Mem:          2.0G       1.9G        73M       2.3M       532K        18M
-/+ buffers/cache:       1.9G        92M
Swap:         8.0G       321M       7.7G

             total       used       free     shared    buffers     cached
Mem:          2.0G       1.9G        72M       2.3M       556K        18M
-/+ buffers/cache:       1.9G        91M
Swap:         8.0G       320M       7.7G

             total       used       free     shared    buffers     cached
Mem:          2.0G       1.9G        71M       2.3M       556K        18M
-/+ buffers/cache:       1.9G        91M
Swap:         8.0G       320M       7.7G

             total       used       free     shared    buffers     cached
Mem:          2.0G       1.9G        71M       2.3M       568K        18M
-/+ buffers/cache:       1.9G        90M
Swap:         8.0G       319M       7.7G

             total       used       free     shared    buffers     cached
Mem:          2.0G       1.9G        70M       2.3M       568K        18M
-/+ buffers/cache:       1.9G        90M
Swap:         8.0G       319M       7.7G

             total       used       free     shared    buffers     cached
Mem:          2.0G       1.9G        86M       2.3M       1.1M        29M
-/+ buffers/cache:       1.8G       116M
Swap:         8.0G       352M       7.7G

             total       used       free     shared    buffers     cached
Mem:          2.0G       1.9G        85M       2.3M       1.1M        29M
-/+ buffers/cache:       1.8G       115M
Swap:         8.0G       351M       7.7G

             total       used       free     shared    buffers     cached
Mem:          2.0G       1.9G        83M       2.3M       1.1M        29M
-/+ buffers/cache:       1.8G       114M
Swap:         8.0G       351M       7.7G

             total       used       free     shared    buffers     cached
Mem:          2.0G       1.9G        83M       2.3M       1.1M        29M
-/+ buffers/cache:       1.8G       113M
Swap:         8.0G       350M       7.7G

             total       used       free     shared    buffers     cached
Mem:          2.0G       1.9G        81M       2.3M       1.1M        30M
-/+ buffers/cache:       1.8G       113M
Swap:         8.0G       350M       7.7G

             total       used       free     shared    buffers     cached
Mem:          2.0G       1.9G        80M       2.3M       1.1M        30M
-/+ buffers/cache:       1.8G       112M
Swap:         8.0G       349M       7.7G

             total       used       free     shared    buffers     cached
Mem:          2.0G       1.9G        80M       2.3M       1.1M        30M
-/+ buffers/cache:       1.8G       112M
Swap:         8.0G       349M       7.7G

             total       used       free     shared    buffers     cached
Mem:          2.0G       1.9G        79M       2.3M       1.1M        30M
-/+ buffers/cache:       1.8G       111M
Swap:         8.0G       349M       7.7G

             total       used       free     shared    buffers     cached
Mem:          2.0G       1.9G        79M       2.3M       1.1M        30M
-/+ buffers/cache:       1.8G       110M
Swap:         8.0G       349M       7.7G

             total       used       free     shared    buffers     cached
Mem:          2.0G       1.9G        78M       2.3M       1.1M        30M
-/+ buffers/cache:       1.8G       110M
Swap:         8.0G       348M       7.7G

             total       used       free     shared    buffers     cached
Mem:          2.0G       1.9G        77M       2.3M       1.1M        30M
-/+ buffers/cache:       1.8G       109M
Swap:         8.0G       348M       7.7G

             total       used       free     shared    buffers     cached
Mem:          2.0G       1.9G        76M       2.3M       1.1M        31M
-/+ buffers/cache:       1.8G       109M
Swap:         8.0G       347M       7.7G

             total       used       free     shared    buffers     cached
Mem:          2.0G       1.9G        75M       2.3M       1.1M        31M
-/+ buffers/cache:       1.8G       108M
Swap:         8.0G       347M       7.7G

             total       used       free     shared    buffers     cached
Mem:          2.0G       1.9G        75M       2.3M       1.1M        31M
-/+ buffers/cache:       1.8G       108M
Swap:         8.0G       346M       7.7G

             total       used       free     shared    buffers     cached
Mem:          2.0G       1.9G        74M       2.3M       1.1M        31M
-/+ buffers/cache:       1.8G       107M
Swap:         8.0G       346M       7.7G

             total       used       free     shared    buffers     cached
Mem:          2.0G       1.9G        74M       2.3M       1.1M        31M
-/+ buffers/cache:       1.8G       106M
Swap:         8.0G       346M       7.7G

             total       used       free     shared    buffers     cached
Mem:          2.0G       1.9G        73M       2.3M       1.1M        31M
-/+ buffers/cache:       1.8G       106M
Swap:         8.0G       346M       7.7G

             total       used       free     shared    buffers     cached
Mem:          2.0G       1.9G        73M       2.3M       1.1M        31M
-/+ buffers/cache:       1.8G       105M
Swap:         8.0G       345M       7.7G

             total       used       free     shared    buffers     cached
Mem:          2.0G       1.9G        72M       2.3M       1.1M        31M
-/+ buffers/cache:       1.9G       105M
Swap:         8.0G       345M       7.7G

             total       used       free     shared    buffers     cached
Mem:          2.0G       1.9G        72M       2.3M       1.1M        31M
-/+ buffers/cache:       1.9G       104M
Swap:         8.0G       345M       7.7G

             total       used       free     shared    buffers     cached
Mem:          2.0G       1.9G        71M       2.3M       1.1M        31M
-/+ buffers/cache:       1.9G       104M
Swap:         8.0G       344M       7.7G

             total       used       free     shared    buffers     cached
Mem:          2.0G       1.9G        71M       2.3M       1.1M        31M
-/+ buffers/cache:       1.9G       103M
Swap:         8.0G       344M       7.7G

             total       used       free     shared    buffers     cached
Mem:          2.0G       1.9G        70M       2.3M       1.1M        31M
-/+ buffers/cache:       1.9G       103M
Swap:         8.0G       344M       7.7G

             total       used       free     shared    buffers     cached
Mem:          2.0G       1.9G        69M       2.3M       1.1M        31M
-/+ buffers/cache:       1.9G       102M
Swap:         8.0G       343M       7.7G

             total       used       free     shared    buffers     cached
Mem:          2.0G       1.9G        69M       2.3M       1.1M        31M
-/+ buffers/cache:       1.9G       102M
Swap:         8.0G       343M       7.7G

             total       used       free     shared    buffers     cached
Mem:          2.0G       1.9G        68M       2.3M       1.1M        31M
-/+ buffers/cache:       1.9G       101M
Swap:         8.0G       343M       7.7G

             total       used       free     shared    buffers     cached
Mem:          2.0G       1.9G        68M       2.3M       1.1M        31M
-/+ buffers/cache:       1.9G       100M
Swap:         8.0G       342M       7.7G

             total       used       free     shared    buffers     cached
Mem:          2.0G       1.9G        67M       2.3M       1.1M        31M
-/+ buffers/cache:       1.9G       100M
Swap:         8.0G       342M       7.7G

             total       used       free     shared    buffers     cached
Mem:          2.0G       1.9G        67M       2.3M       1.1M        31M
-/+ buffers/cache:       1.9G        99M
Swap:         8.0G       342M       7.7G

             total       used       free     shared    buffers     cached
Mem:          2.0G       1.9G        66M       2.3M       1.1M        31M
-/+ buffers/cache:       1.9G        99M
Swap:         8.0G       342M       7.7G

             total       used       free     shared    buffers     cached
Mem:          2.0G       1.9G        66M       2.3M       1.1M        31M
-/+ buffers/cache:       1.9G        98M
Swap:         8.0G       341M       7.7G

             total       used       free     shared    buffers     cached
Mem:          2.0G       1.9G        65M       2.3M       1.1M        31M
-/+ buffers/cache:       1.9G        98M
Swap:         8.0G       341M       7.7G

             total       used       free     shared    buffers     cached
Mem:          2.0G       1.9G        64M       2.3M       1.1M        31M
-/+ buffers/cache:       1.9G        97M
Swap:         8.0G       341M       7.7G

             total       used       free     shared    buffers     cached
Mem:          2.0G       1.9G        80M       2.3M       680K        30M
-/+ buffers/cache:       1.8G       111M
Swap:         8.0G       344M       7.7G

             total       used       free     shared    buffers     cached
Mem:          2.0G       1.9G        80M       2.3M       680K        30M
-/+ buffers/cache:       1.8G       111M
Swap:         8.0G       343M       7.7G

             total       used       free     shared    buffers     cached
Mem:          2.0G       1.9G        79M       2.3M       680K        30M
-/+ buffers/cache:       1.8G       111M
Swap:         8.0G       343M       7.7G

             total       used       free     shared    buffers     cached
Mem:          2.0G       1.9G        79M       2.3M       688K        30M
-/+ buffers/cache:       1.8G       110M
Swap:         8.0G       343M       7.7G

             total       used       free     shared    buffers     cached
Mem:          2.0G       1.9G        78M       2.3M       688K        30M
-/+ buffers/cache:       1.8G       109M
Swap:         8.0G       342M       7.7G

             total       used       free     shared    buffers     cached
Mem:          2.0G       1.9G        78M       2.3M       688K        30M
-/+ buffers/cache:       1.8G       109M
Swap:         8.0G       342M       7.7G

             total       used       free     shared    buffers     cached
Mem:          2.0G       1.9G        77M       2.3M       688K        30M
-/+ buffers/cache:       1.8G       108M
Swap:         8.0G       342M       7.7G

             total       used       free     shared    buffers     cached
Mem:          2.0G       1.9G        77M       2.3M       688K        30M
-/+ buffers/cache:       1.8G       108M
Swap:         8.0G       342M       7.7G

             total       used       free     shared    buffers     cached
Mem:          2.0G       1.9G        76M       2.3M       688K        30M
-/+ buffers/cache:       1.8G       107M
Swap:         8.0G       341M       7.7G

             total       used       free     shared    buffers     cached
Mem:          2.0G       1.9G        75M       2.3M       696K        30M
-/+ buffers/cache:       1.8G       107M
Swap:         8.0G       341M       7.7G

             total       used       free     shared    buffers     cached
Mem:          2.0G       1.9G        75M       2.3M       696K        30M
-/+ buffers/cache:       1.8G       106M
Swap:         8.0G       341M       7.7G

             total       used       free     shared    buffers     cached
Mem:          2.0G       1.9G        74M       2.3M       696K        30M
-/+ buffers/cache:       1.8G       106M
Swap:         8.0G       340M       7.7G

             total       used       free     shared    buffers     cached
Mem:          2.0G       1.9G        74M       2.3M       696K        30M
-/+ buffers/cache:       1.9G       105M
Swap:         8.0G       340M       7.7G

             total       used       free     shared    buffers     cached
Mem:          2.0G       1.9G        73M       2.3M       696K        30M
-/+ buffers/cache:       1.9G       105M
Swap:         8.0G       340M       7.7G

             total       used       free     shared    buffers     cached
Mem:          2.0G       1.9G        73M       2.3M       704K        30M
-/+ buffers/cache:       1.9G       104M
Swap:         8.0G       339M       7.7G

             total       used       free     shared    buffers     cached
Mem:          2.0G       1.9G        72M       2.3M       704K        30M
-/+ buffers/cache:       1.9G       103M
Swap:         8.0G       339M       7.7G

             total       used       free     shared    buffers     cached
Mem:          2.0G       1.9G        72M       2.3M       704K        30M
-/+ buffers/cache:       1.9G       103M
Swap:         8.0G       339M       7.7G

             total       used       free     shared    buffers     cached
Mem:          2.0G       1.9G        71M       2.3M       704K        30M
-/+ buffers/cache:       1.9G       102M
Swap:         8.0G       338M       7.7G

             total       used       free     shared    buffers     cached
Mem:          2.0G       1.9G        70M       2.3M       704K        30M
-/+ buffers/cache:       1.9G       102M
Swap:         8.0G       338M       7.7G

             total       used       free     shared    buffers     cached
Mem:          2.0G       1.9G        70M       2.3M       704K        30M
-/+ buffers/cache:       1.9G       101M
Swap:         8.0G       338M       7.7G

             total       used       free     shared    buffers     cached
Mem:          2.0G       1.9G        69M       2.3M       712K        30M
-/+ buffers/cache:       1.9G       101M
Swap:         8.0G       338M       7.7G

             total       used       free     shared    buffers     cached
Mem:          2.0G       1.9G        65M       2.3M       712K        34M
-/+ buffers/cache:       1.9G       100M
Swap:         8.0G       337M       7.7G

             total       used       free     shared    buffers     cached
Mem:          2.0G       1.9G        77M       2.3M       136K        31M
-/+ buffers/cache:       1.8G       109M
Swap:         8.0G       352M       7.7G

             total       used       free     shared    buffers     cached
Mem:          2.0G       1.9G        75M       2.3M       548K        32M
-/+ buffers/cache:       1.8G       108M
Swap:         8.0G       351M       7.7G

             total       used       free     shared    buffers     cached
Mem:          2.0G       1.9G        74M       2.3M       548K        32M
-/+ buffers/cache:       1.8G       107M
Swap:         8.0G       350M       7.7G

             total       used       free     shared    buffers     cached
Mem:          2.0G       1.9G        73M       2.3M       556K        32M
-/+ buffers/cache:       1.8G       107M
Swap:         8.0G       350M       7.7G

             total       used       free     shared    buffers     cached
Mem:          2.0G       1.9G        73M       2.3M       556K        32M
-/+ buffers/cache:       1.8G       106M
Swap:         8.0G       350M       7.7G

             total       used       free     shared    buffers     cached
Mem:          2.0G       1.9G        72M       2.3M       556K        32M
-/+ buffers/cache:       1.8G       106M
Swap:         8.0G       349M       7.7G

             total       used       free     shared    buffers     cached
Mem:          2.0G       1.9G        72M       2.3M       556K        32M
-/+ buffers/cache:       1.9G       105M
Swap:         8.0G       349M       7.7G

             total       used       free     shared    buffers     cached
Mem:          2.0G       1.9G        71M       2.3M       556K        32M
-/+ buffers/cache:       1.9G       105M
Swap:         8.0G       349M       7.7G

             total       used       free     shared    buffers     cached
Mem:          2.0G       1.9G        71M       2.3M       556K        32M
-/+ buffers/cache:       1.9G       104M
Swap:         8.0G       349M       7.7G

             total       used       free     shared    buffers     cached
Mem:          2.0G       1.9G        70M       2.3M       564K        33M
-/+ buffers/cache:       1.9G       103M
Swap:         8.0G       348M       7.7G

             total       used       free     shared    buffers     cached
Mem:          2.0G       1.9G        69M       2.3M       564K        33M
-/+ buffers/cache:       1.9G       103M
Swap:         8.0G       348M       7.7G

             total       used       free     shared    buffers     cached
Mem:          2.0G       1.9G        68M       2.3M       700K        33M
-/+ buffers/cache:       1.9G       102M
Swap:         8.0G       347M       7.7G

             total       used       free     shared    buffers     cached
Mem:          2.0G       1.9G        67M       2.3M       700K        33M
-/+ buffers/cache:       1.9G       101M
Swap:         8.0G       347M       7.7G

             total       used       free     shared    buffers     cached
Mem:          2.0G       1.9G        66M       2.3M       700K        33M
-/+ buffers/cache:       1.9G       101M
Swap:         8.0G       347M       7.7G

             total       used       free     shared    buffers     cached
Mem:          2.0G       1.9G        66M       2.3M       708K        33M
-/+ buffers/cache:       1.9G       100M
Swap:         8.0G       346M       7.7G

             total       used       free     shared    buffers     cached
Mem:          2.0G       1.9G        77M       2.3M       696K        31M
-/+ buffers/cache:       1.8G       110M
Swap:         8.0G       356M       7.6G

             total       used       free     shared    buffers     cached
Mem:          2.0G       1.9G        75M       2.3M       696K        32M
-/+ buffers/cache:       1.8G       108M
Swap:         8.0G       354M       7.7G

             total       used       free     shared    buffers     cached
Mem:          2.0G       1.9G        74M       2.3M       696K        32M
-/+ buffers/cache:       1.8G       107M
Swap:         8.0G       353M       7.7G

             total       used       free     shared    buffers     cached
Mem:          2.0G       1.9G        73M       2.3M       696K        32M
-/+ buffers/cache:       1.8G       106M
Swap:         8.0G       352M       7.7G

             total       used       free     shared    buffers     cached
Mem:          2.0G       1.9G        66M       2.3M       696K        35M
-/+ buffers/cache:       1.9G       102M
Swap:         8.0G       349M       7.7G

             total       used       free     shared    buffers     cached
Mem:          2.0G       1.9G        65M       2.3M       704K        35M
-/+ buffers/cache:       1.9G       102M
Swap:         8.0G       348M       7.7G

             total       used       free     shared    buffers     cached
Mem:          2.0G       1.9G        65M       2.3M       704K        35M
-/+ buffers/cache:       1.9G       101M
Swap:         8.0G       348M       7.7G

             total       used       free     shared    buffers     cached
Mem:          2.0G       1.9G        64M       2.3M       704K        35M
-/+ buffers/cache:       1.9G       101M
Swap:         8.0G       347M       7.7G

             total       used       free     shared    buffers     cached
Mem:          2.0G       1.9G        77M       2.3M       704K        32M
-/+ buffers/cache:       1.8G       110M
Swap:         8.0G       360M       7.6G

             total       used       free     shared    buffers     cached
Mem:          2.0G       1.9G        76M       2.3M       704K        32M
-/+ buffers/cache:       1.8G       110M
Swap:         8.0G       359M       7.6G

             total       used       free     shared    buffers     cached
Mem:          2.0G       1.9G        76M       2.3M       712K        32M
-/+ buffers/cache:       1.8G       109M
Swap:         8.0G       359M       7.6G

             total       used       free     shared    buffers     cached
Mem:          2.0G       1.9G        75M       2.3M       712K        32M
-/+ buffers/cache:       1.8G       109M
Swap:         8.0G       358M       7.6G

             total       used       free     shared    buffers     cached
Mem:          2.0G       1.9G        75M       2.3M       712K        32M
-/+ buffers/cache:       1.8G       108M
Swap:         8.0G       358M       7.6G

             total       used       free     shared    buffers     cached
Mem:          2.0G       1.9G        75M       2.3M       712K        32M
-/+ buffers/cache:       1.8G       108M
Swap:         8.0G       357M       7.6G

             total       used       free     shared    buffers     cached
Mem:          2.0G       1.9G        76M       2.4M       2.3M        48M
-/+ buffers/cache:       1.8G       127M
Swap:         8.0G       374M       7.6G

             total       used       free     shared    buffers     cached
Mem:          2.0G       1.9G        69M       6.1M       5.0M        57M
-/+ buffers/cache:       1.8G       132M
Swap:         8.0G       404M       7.6G

             total       used       free     shared    buffers     cached
Mem:          2.0G       1.9G        76M       6.1M       3.9M        63M
-/+ buffers/cache:       1.8G       143M
Swap:         8.0G       410M       7.6G

             total       used       free     shared    buffers     cached
Mem:          2.0G       1.9G        89M       2.4M       4.0M        61M
-/+ buffers/cache:       1.8G       154M
Swap:         8.0G       429M       7.6G

             total       used       free     shared    buffers     cached
Mem:          2.0G       1.9G        88M       2.4M       4.0M        61M
-/+ buffers/cache:       1.8G       154M
Swap:         8.0G       427M       7.6G

             total       used       free     shared    buffers     cached
Mem:          2.0G       1.9G        87M       2.4M       4.0M        61M
-/+ buffers/cache:       1.8G       153M
Swap:         8.0G       426M       7.6G

             total       used       free     shared    buffers     cached
Mem:          2.0G       1.9G        86M       2.4M       4.0M        61M
-/+ buffers/cache:       1.8G       152M
Swap:         8.0G       425M       7.6G

             total       used       free     shared    buffers     cached
Mem:          2.0G       1.9G        84M       2.4M       4.1M        62M
-/+ buffers/cache:       1.8G       151M
Swap:         8.0G       424M       7.6G

             total       used       free     shared    buffers     cached
Mem:          2.0G       1.9G        83M       2.4M       4.1M        62M
-/+ buffers/cache:       1.8G       150M
Swap:         8.0G       423M       7.6G

             total       used       free     shared    buffers     cached
Mem:          2.0G       1.9G        82M       2.4M       4.1M        62M
-/+ buffers/cache:       1.8G       149M
Swap:         8.0G       422M       7.6G

             total       used       free     shared    buffers     cached
Mem:          2.0G       1.9G        81M       2.4M       4.1M        62M
-/+ buffers/cache:       1.8G       148M
Swap:         8.0G       421M       7.6G

             total       used       free     shared    buffers     cached
Mem:          2.0G       1.9G        80M       2.4M       4.1M        62M
-/+ buffers/cache:       1.8G       147M
Swap:         8.0G       420M       7.6G

             total       used       free     shared    buffers     cached
Mem:          2.0G       1.9G        79M       2.4M       4.1M        62M
-/+ buffers/cache:       1.8G       146M
Swap:         8.0G       419M       7.6G

             total       used       free     shared    buffers     cached
Mem:          2.0G       1.9G        78M       2.4M       4.1M        62M
-/+ buffers/cache:       1.8G       145M
Swap:         8.0G       418M       7.6G

             total       used       free     shared    buffers     cached
Mem:          2.0G       1.9G        77M       2.4M       4.1M        62M
-/+ buffers/cache:       1.8G       144M
Swap:         8.0G       417M       7.6G

             total       used       free     shared    buffers     cached
Mem:          2.0G       1.9G        76M       2.4M       4.1M        62M
-/+ buffers/cache:       1.8G       143M
Swap:         8.0G       416M       7.6G

             total       used       free     shared    buffers     cached
Mem:          2.0G       1.9G        75M       2.4M       4.1M        62M
-/+ buffers/cache:       1.8G       142M
Swap:         8.0G       414M       7.6G

             total       used       free     shared    buffers     cached
Mem:          2.0G       1.9G        74M       2.4M       4.1M        62M
-/+ buffers/cache:       1.8G       141M
Swap:         8.0G       413M       7.6G

             total       used       free     shared    buffers     cached
Mem:          2.0G       1.9G        73M       2.4M       4.1M        62M
-/+ buffers/cache:       1.8G       140M
Swap:         8.0G       412M       7.6G

             total       used       free     shared    buffers     cached
Mem:          2.0G       1.9G        72M       2.4M       4.1M        62M
-/+ buffers/cache:       1.8G       139M
Swap:         8.0G       411M       7.6G

             total       used       free     shared    buffers     cached
Mem:          2.0G       1.9G        71M       2.4M       4.1M        62M
-/+ buffers/cache:       1.8G       138M
Swap:         8.0G       410M       7.6G

             total       used       free     shared    buffers     cached
Mem:          2.0G       1.9G        70M       2.4M       4.1M        62M
-/+ buffers/cache:       1.8G       137M
Swap:         8.0G       409M       7.6G

             total       used       free     shared    buffers     cached
Mem:          2.0G       1.9G        69M       2.4M       4.1M        62M
-/+ buffers/cache:       1.8G       136M
Swap:         8.0G       408M       7.6G

             total       used       free     shared    buffers     cached
Mem:          2.0G       1.9G        68M       2.4M       4.1M        62M
-/+ buffers/cache:       1.8G       135M
Swap:         8.0G       408M       7.6G

             total       used       free     shared    buffers     cached
Mem:          2.0G       1.9G        68M       2.4M       4.1M        62M
-/+ buffers/cache:       1.8G       134M
Swap:         8.0G       407M       7.6G

             total       used       free     shared    buffers     cached
Mem:          2.0G       1.9G        66M       2.4M       4.1M        62M
-/+ buffers/cache:       1.8G       133M
Swap:         8.0G       406M       7.6G

             total       used       free     shared    buffers     cached
Mem:          2.0G       1.9G        65M       2.4M       4.1M        62M
-/+ buffers/cache:       1.8G       132M
Swap:         8.0G       405M       7.6G

             total       used       free     shared    buffers     cached
Mem:          2.0G       1.9G        64M       2.4M       4.1M        62M
-/+ buffers/cache:       1.8G       131M
Swap:         8.0G       404M       7.6G

             total       used       free     shared    buffers     cached
Mem:          2.0G       1.9G        79M       2.4M       3.2M        60M
-/+ buffers/cache:       1.8G       142M
Swap:         8.0G       409M       7.6G

             total       used       free     shared    buffers     cached
Mem:          2.0G       1.9G        71M       2.4M       4.2M        64M
-/+ buffers/cache:       1.8G       140M
Swap:         8.0G       408M       7.6G

             total       used       free     shared    buffers     cached
Mem:          2.0G       1.9G        77M       2.5M       8.5M        74M
-/+ buffers/cache:       1.8G       159M
Swap:         8.0G       433M       7.6G
