             total       used       free     shared    buffers     cached
Mem:          992M       656M       336M       3.2M        38M       289M
-/+ buffers/cache:       327M       664M
Swap:         8.0G         0B       8.0G

             total       used       free     shared    buffers     cached
Mem:          992M       655M       336M       3.2M        38M       289M
-/+ buffers/cache:       326M       665M
Swap:         8.0G         0B       8.0G

             total       used       free     shared    buffers     cached
Mem:          992M       655M       336M       3.2M        38M       289M
-/+ buffers/cache:       326M       665M
Swap:         8.0G         0B       8.0G

             total       used       free     shared    buffers     cached
Mem:          992M       655M       337M       3.2M        38M       289M
-/+ buffers/cache:       326M       665M
Swap:         8.0G         0B       8.0G

             total       used       free     shared    buffers     cached
Mem:          992M       655M       337M       3.2M        38M       289M
-/+ buffers/cache:       326M       665M
Swap:         8.0G         0B       8.0G

             total       used       free     shared    buffers     cached
Mem:          992M       658M       333M       3.2M        38M       289M
-/+ buffers/cache:       329M       662M
Swap:         8.0G         0B       8.0G

             total       used       free     shared    buffers     cached
Mem:          992M       677M       314M       3.2M        38M       290M
-/+ buffers/cache:       348M       643M
Swap:         8.0G         0B       8.0G

             total       used       free     shared    buffers     cached
Mem:          992M       661M       330M       3.2M        38M       290M
-/+ buffers/cache:       332M       659M
Swap:         8.0G         0B       8.0G

             total       used       free     shared    buffers     cached
Mem:          992M       661M       330M       3.2M        38M       290M
-/+ buffers/cache:       332M       659M
Swap:         8.0G         0B       8.0G

             total       used       free     shared    buffers     cached
Mem:          992M       662M       329M       3.2M        38M       291M
-/+ buffers/cache:       332M       659M
Swap:         8.0G         0B       8.0G

             total       used       free     shared    buffers     cached
Mem:          992M       662M       329M       3.2M        38M       291M
-/+ buffers/cache:       332M       659M
Swap:         8.0G         0B       8.0G

             total       used       free     shared    buffers     cached
Mem:          992M       664M       327M       3.2M        38M       291M
-/+ buffers/cache:       333M       658M
Swap:         8.0G         0B       8.0G

             total       used       free     shared    buffers     cached
Mem:          992M       664M       327M       3.2M        38M       291M
-/+ buffers/cache:       333M       658M
Swap:         8.0G         0B       8.0G

             total       used       free     shared    buffers     cached
Mem:          992M       664M       327M       3.2M        38M       291M
-/+ buffers/cache:       333M       658M
Swap:         8.0G         0B       8.0G

             total       used       free     shared    buffers     cached
Mem:          992M       664M       327M       3.2M        38M       291M
-/+ buffers/cache:       333M       658M
Swap:         8.0G         0B       8.0G

             total       used       free     shared    buffers     cached
Mem:          992M       664M       327M       3.2M        38M       291M
-/+ buffers/cache:       333M       658M
Swap:         8.0G         0B       8.0G

             total       used       free     shared    buffers     cached
Mem:          992M       664M       327M       3.2M        38M       291M
-/+ buffers/cache:       333M       658M
Swap:         8.0G         0B       8.0G

             total       used       free     shared    buffers     cached
Mem:          992M       664M       327M       3.2M        38M       291M
-/+ buffers/cache:       333M       658M
Swap:         8.0G         0B       8.0G

             total       used       free     shared    buffers     cached
Mem:          992M       664M       327M       3.2M        38M       291M
-/+ buffers/cache:       333M       658M
Swap:         8.0G         0B       8.0G

             total       used       free     shared    buffers     cached
Mem:          992M       664M       327M       3.2M        38M       291M
-/+ buffers/cache:       333M       658M
Swap:         8.0G         0B       8.0G

             total       used       free     shared    buffers     cached
Mem:          992M       664M       327M       3.2M        38M       291M
-/+ buffers/cache:       333M       658M
Swap:         8.0G         0B       8.0G

             total       used       free     shared    buffers     cached
Mem:          992M       665M       327M       3.2M        38M       291M
-/+ buffers/cache:       334M       657M
Swap:         8.0G         0B       8.0G

             total       used       free     shared    buffers     cached
Mem:          992M       665M       327M       3.2M        38M       291M
-/+ buffers/cache:       334M       657M
Swap:         8.0G         0B       8.0G

             total       used       free     shared    buffers     cached
Mem:          992M       665M       327M       3.2M        38M       291M
-/+ buffers/cache:       334M       657M
Swap:         8.0G         0B       8.0G

             total       used       free     shared    buffers     cached
Mem:          992M       665M       327M       3.2M        38M       291M
-/+ buffers/cache:       334M       657M
Swap:         8.0G         0B       8.0G

             total       used       free     shared    buffers     cached
Mem:          992M       665M       327M       3.2M        38M       291M
-/+ buffers/cache:       334M       657M
Swap:         8.0G         0B       8.0G

             total       used       free     shared    buffers     cached
Mem:          992M       665M       327M       3.2M        38M       291M
-/+ buffers/cache:       334M       657M
Swap:         8.0G         0B       8.0G

             total       used       free     shared    buffers     cached
Mem:          992M       665M       327M       3.2M        38M       291M
-/+ buffers/cache:       334M       657M
Swap:         8.0G         0B       8.0G

             total       used       free     shared    buffers     cached
Mem:          992M       665M       327M       3.2M        38M       291M
-/+ buffers/cache:       334M       657M
Swap:         8.0G         0B       8.0G

             total       used       free     shared    buffers     cached
Mem:          992M       665M       327M       3.2M        38M       291M
-/+ buffers/cache:       334M       657M
Swap:         8.0G         0B       8.0G

             total       used       free     shared    buffers     cached
Mem:          992M       665M       327M       3.2M        38M       291M
-/+ buffers/cache:       334M       657M
Swap:         8.0G         0B       8.0G

             total       used       free     shared    buffers     cached
Mem:          992M       665M       327M       3.2M        38M       291M
-/+ buffers/cache:       334M       657M
Swap:         8.0G         0B       8.0G

             total       used       free     shared    buffers     cached
Mem:          992M       665M       327M       3.2M        38M       291M
-/+ buffers/cache:       334M       657M
Swap:         8.0G         0B       8.0G

             total       used       free     shared    buffers     cached
Mem:          992M       669M       322M       3.2M        38M       291M
-/+ buffers/cache:       338M       653M
Swap:         8.0G         0B       8.0G

             total       used       free     shared    buffers     cached
Mem:          992M       686M       305M       3.2M        38M       291M
-/+ buffers/cache:       355M       636M
Swap:         8.0G         0B       8.0G

             total       used       free     shared    buffers     cached
Mem:          992M       703M       288M       3.2M        38M       291M
-/+ buffers/cache:       372M       619M
Swap:         8.0G         0B       8.0G

             total       used       free     shared    buffers     cached
Mem:          992M       719M       272M       3.2M        38M       291M
-/+ buffers/cache:       389M       603M
Swap:         8.0G         0B       8.0G

             total       used       free     shared    buffers     cached
Mem:          992M       734M       257M       3.2M        38M       291M
-/+ buffers/cache:       404M       588M
Swap:         8.0G         0B       8.0G

             total       used       free     shared    buffers     cached
Mem:          992M       750M       241M       3.2M        38M       291M
-/+ buffers/cache:       419M       572M
Swap:         8.0G         0B       8.0G

             total       used       free     shared    buffers     cached
Mem:          992M       766M       225M       3.2M        38M       291M
-/+ buffers/cache:       435M       556M
Swap:         8.0G         0B       8.0G

             total       used       free     shared    buffers     cached
Mem:          992M       781M       211M       3.2M        38M       291M
-/+ buffers/cache:       450M       541M
Swap:         8.0G         0B       8.0G

             total       used       free     shared    buffers     cached
Mem:          992M       797M       195M       3.2M        38M       291M
-/+ buffers/cache:       466M       525M
Swap:         8.0G         0B       8.0G

             total       used       free     shared    buffers     cached
Mem:          992M       812M       180M       3.2M        38M       291M
-/+ buffers/cache:       481M       510M
Swap:         8.0G         0B       8.0G

             total       used       free     shared    buffers     cached
Mem:          992M       827M       165M       3.2M        38M       291M
-/+ buffers/cache:       496M       495M
Swap:         8.0G         0B       8.0G

             total       used       free     shared    buffers     cached
Mem:          992M       844M       148M       3.2M        38M       291M
-/+ buffers/cache:       513M       478M
Swap:         8.0G         0B       8.0G

             total       used       free     shared    buffers     cached
Mem:          992M       861M       130M       3.2M        38M       291M
-/+ buffers/cache:       530M       461M
Swap:         8.0G         0B       8.0G

             total       used       free     shared    buffers     cached
Mem:          992M       877M       114M       3.2M        38M       291M
-/+ buffers/cache:       546M       445M
Swap:         8.0G         0B       8.0G

             total       used       free     shared    buffers     cached
Mem:          992M       890M       101M       3.2M        38M       291M
-/+ buffers/cache:       560M       431M
Swap:         8.0G         0B       8.0G

             total       used       free     shared    buffers     cached
Mem:          992M       907M        84M       3.2M        38M       291M
-/+ buffers/cache:       576M       415M
Swap:         8.0G         0B       8.0G

             total       used       free     shared    buffers     cached
Mem:          992M       924M        67M       3.2M        38M       291M
-/+ buffers/cache:       593M       398M
Swap:         8.0G         0B       8.0G

             total       used       free     shared    buffers     cached
Mem:          992M       918M        74M       3.2M        17M       290M
-/+ buffers/cache:       610M       381M
Swap:         8.0G         0B       8.0G

             total       used       free     shared    buffers     cached
Mem:          992M       918M        73M       3.2M        10M       280M
-/+ buffers/cache:       626M       365M
Swap:         8.0G         0B       8.0G

             total       used       free     shared    buffers     cached
Mem:          992M       930M        61M       3.2M        10M       277M
-/+ buffers/cache:       642M       349M
Swap:         8.0G         0B       8.0G

             total       used       free     shared    buffers     cached
Mem:          992M       933M        58M       3.2M       9.8M       264M
-/+ buffers/cache:       659M       332M
Swap:         8.0G       120K       8.0G

             total       used       free     shared    buffers     cached
Mem:          992M       931M        61M       3.1M       9.8M       246M
-/+ buffers/cache:       674M       317M
Swap:         8.0G       276K       8.0G

             total       used       free     shared    buffers     cached
Mem:          992M       929M        62M       3.0M       9.8M       231M
-/+ buffers/cache:       688M       303M
Swap:         8.0G       3.8M       8.0G

             total       used       free     shared    buffers     cached
Mem:          992M       931M        61M       3.0M       9.8M       218M
-/+ buffers/cache:       702M       289M
Swap:         8.0G       6.0M       8.0G

             total       used       free     shared    buffers     cached
Mem:          992M       920M        71M       3.0M       2.4M       201M
-/+ buffers/cache:       717M       275M
Swap:         8.0G       6.0M       8.0G

             total       used       free     shared    buffers     cached
Mem:          992M       922M        69M       3.0M       1.3M       190M
-/+ buffers/cache:       731M       261M
Swap:         8.0G       6.0M       8.0G

             total       used       free     shared    buffers     cached
Mem:          992M       923M        68M       3.0M       244K       175M
-/+ buffers/cache:       747M       244M
Swap:         8.0G       6.0M       8.0G

             total       used       free     shared    buffers     cached
Mem:          992M       918M        73M       3.0M       232K       155M
-/+ buffers/cache:       763M       228M
Swap:         8.0G       6.0M       8.0G

             total       used       free     shared    buffers     cached
Mem:          992M       931M        60M       3.0M       236K       155M
-/+ buffers/cache:       776M       215M
Swap:         8.0G       6.0M       8.0G

             total       used       free     shared    buffers     cached
Mem:          992M       921M        70M       3.0M       244K       136M
-/+ buffers/cache:       784M       207M
Swap:         8.0G       6.0M       8.0G

             total       used       free     shared    buffers     cached
Mem:          992M       920M        72M       3.0M        80K       120M
-/+ buffers/cache:       799M       193M
Swap:         8.0G       6.0M       8.0G

             total       used       free     shared    buffers     cached
Mem:          992M       921M        71M       3.0M        92K       106M
-/+ buffers/cache:       814M       177M
Swap:         8.0G       6.0M       8.0G

             total       used       free     shared    buffers     cached
Mem:          992M       924M        68M       3.0M       1.7M        92M
-/+ buffers/cache:       830M       161M
Swap:         8.0G       6.0M       8.0G

             total       used       free     shared    buffers     cached
Mem:          992M       918M        74M       3.0M       1.7M        71M
-/+ buffers/cache:       844M       147M
Swap:         8.0G       6.0M       8.0G

             total       used       free     shared    buffers     cached
Mem:          992M       933M        59M       3.0M       1.7M        71M
-/+ buffers/cache:       859M       132M
Swap:         8.0G       6.0M       8.0G

             total       used       free     shared    buffers     cached
Mem:          992M       930M        61M       3.0M       2.0M        56M
-/+ buffers/cache:       872M       119M
Swap:         8.0G       6.0M       8.0G

             total       used       free     shared    buffers     cached
Mem:          992M       914M        77M       3.0M       2.0M        24M
-/+ buffers/cache:       888M       103M
Swap:         8.0G       6.0M       8.0G

             total       used       free     shared    buffers     cached
Mem:          992M       928M        63M       3.0M       2.0M        24M
-/+ buffers/cache:       902M        89M
Swap:         8.0G       6.0M       8.0G

             total       used       free     shared    buffers     cached
Mem:          992M       920M        71M       2.8M       360K        10M
-/+ buffers/cache:       908M        83M
Swap:         8.0G        15M       8.0G

             total       used       free     shared    buffers     cached
Mem:          992M       925M        66M       2.8M        84K       5.2M
-/+ buffers/cache:       920M        71M
Swap:         8.0G        15M       8.0G

             total       used       free     shared    buffers     cached
Mem:          992M       919M        73M       2.5M        92K       5.2M
-/+ buffers/cache:       913M        78M
Swap:         8.0G        44M       8.0G

             total       used       free     shared    buffers     cached
Mem:          992M       930M        62M       2.5M        92K       5.2M
-/+ buffers/cache:       924M        67M
Swap:         8.0G        44M       8.0G

             total       used       free     shared    buffers     cached
Mem:          992M       925M        66M       2.5M        84K       4.9M
-/+ buffers/cache:       920M        71M
Swap:         8.0G        56M       7.9G

             total       used       free     shared    buffers     cached
Mem:          992M       913M        79M       2.5M        84K       4.6M
-/+ buffers/cache:       908M        83M
Swap:         8.0G       114M       7.9G

             total       used       free     shared    buffers     cached
Mem:          992M       923M        69M       2.4M        84K       4.6M
-/+ buffers/cache:       918M        73M
Swap:         8.0G       114M       7.9G

             total       used       free     shared    buffers     cached
Mem:          992M       919M        72M       2.4M        92K       4.6M
-/+ buffers/cache:       915M        76M
Swap:         8.0G       114M       7.9G

             total       used       free     shared    buffers     cached
Mem:          992M       928M        63M       2.4M        92K       4.6M
-/+ buffers/cache:       924M        67M
Swap:         8.0G       114M       7.9G

             total       used       free     shared    buffers     cached
Mem:          992M       925M        66M       2.4M        92K       4.9M
-/+ buffers/cache:       920M        71M
Swap:         8.0G       114M       7.9G

             total       used       free     shared    buffers     cached
Mem:          992M       920M        71M       2.4M        92K       5.0M
-/+ buffers/cache:       915M        76M
Swap:         8.0G       114M       7.9G

             total       used       free     shared    buffers     cached
Mem:          992M       929M        62M       2.4M        92K       4.9M
-/+ buffers/cache:       924M        67M
Swap:         8.0G       114M       7.9G

             total       used       free     shared    buffers     cached
Mem:          992M       918M        73M       2.4M       100K       4.9M
-/+ buffers/cache:       913M        78M
Swap:         8.0G       146M       7.9G

             total       used       free     shared    buffers     cached
Mem:          992M       928M        63M       2.4M       100K       4.9M
-/+ buffers/cache:       923M        68M
Swap:         8.0G       146M       7.9G

             total       used       free     shared    buffers     cached
Mem:          992M       925M        66M       2.4M       100K       4.9M
-/+ buffers/cache:       920M        71M
Swap:         8.0G       146M       7.9G

             total       used       free     shared    buffers     cached
Mem:          992M       916M        75M       2.4M       100K       4.8M
-/+ buffers/cache:       911M        80M
Swap:         8.0G       178M       7.8G

             total       used       free     shared    buffers     cached
Mem:          992M       927M        64M       2.4M       100K       4.9M
-/+ buffers/cache:       922M        69M
Swap:         8.0G       178M       7.8G

             total       used       free     shared    buffers     cached
Mem:          992M       924M        67M       2.4M       100K       4.9M
-/+ buffers/cache:       919M        72M
Swap:         8.0G       178M       7.8G

             total       used       free     shared    buffers     cached
Mem:          992M       923M        69M       2.4M       108K       4.8M
-/+ buffers/cache:       918M        74M
Swap:         8.0G       197M       7.8G

             total       used       free     shared    buffers     cached
Mem:          992M       920M        71M       2.4M       108K       4.8M
-/+ buffers/cache:       915M        76M
Swap:         8.0G       215M       7.8G

             total       used       free     shared    buffers     cached
Mem:          992M       930M        61M       2.4M       108K       4.8M
-/+ buffers/cache:       925M        66M
Swap:         8.0G       215M       7.8G

             total       used       free     shared    buffers     cached
Mem:          992M       928M        64M       2.4M       108K       4.8M
-/+ buffers/cache:       923M        69M
Swap:         8.0G       216M       7.8G

             total       used       free     shared    buffers     cached
Mem:          992M       926M        65M       2.4M       108K       4.8M
-/+ buffers/cache:       921M        70M
Swap:         8.0G       230M       7.8G

             total       used       free     shared    buffers     cached
Mem:          992M       922M        69M       2.4M       116K       4.8M
-/+ buffers/cache:       917M        74M
Swap:         8.0G       251M       7.8G

             total       used       free     shared    buffers     cached
Mem:          992M       924M        67M       2.3M        80K        15M
-/+ buffers/cache:       908M        83M
Swap:         8.0G       300M       7.7G

             total       used       free     shared    buffers     cached
Mem:          992M       894M        97M       2.3M       2.0M        17M
-/+ buffers/cache:       875M       117M
Swap:         8.0G       301M       7.7G

             total       used       free     shared    buffers     cached
Mem:          992M       897M        94M       2.3M       2.0M        17M
-/+ buffers/cache:       878M       114M
Swap:         8.0G       301M       7.7G

             total       used       free     shared    buffers     cached
Mem:          992M       901M        90M       2.3M       2.0M        17M
-/+ buffers/cache:       882M       109M
Swap:         8.0G       301M       7.7G

             total       used       free     shared    buffers     cached
Mem:          992M       904M        87M       2.3M       2.0M        17M
-/+ buffers/cache:       884M       107M
Swap:         8.0G       301M       7.7G

             total       used       free     shared    buffers     cached
Mem:          992M       908M        83M       2.3M       2.0M        17M
-/+ buffers/cache:       888M       103M
Swap:         8.0G       301M       7.7G

             total       used       free     shared    buffers     cached
Mem:          992M       912M        79M       2.3M       2.0M        17M
-/+ buffers/cache:       892M        99M
Swap:         8.0G       301M       7.7G

             total       used       free     shared    buffers     cached
Mem:          992M       916M        75M       2.3M       2.0M        17M
-/+ buffers/cache:       896M        95M
Swap:         8.0G       301M       7.7G

             total       used       free     shared    buffers     cached
Mem:          992M       919M        72M       2.3M       2.0M        17M
-/+ buffers/cache:       899M        92M
Swap:         8.0G       301M       7.7G

             total       used       free     shared    buffers     cached
Mem:          992M       924M        68M       2.3M       2.0M        17M
-/+ buffers/cache:       904M        87M
Swap:         8.0G       301M       7.7G

             total       used       free     shared    buffers     cached
Mem:          992M       928M        64M       2.3M       2.0M        17M
-/+ buffers/cache:       908M        83M
Swap:         8.0G       301M       7.7G

             total       used       free     shared    buffers     cached
Mem:          992M       916M        75M       2.3M       1.9M        14M
-/+ buffers/cache:       900M        91M
Swap:         8.0G       316M       7.7G

             total       used       free     shared    buffers     cached
Mem:          992M       919M        72M       2.3M       1.9M        14M
-/+ buffers/cache:       903M        88M
Swap:         8.0G       316M       7.7G

             total       used       free     shared    buffers     cached
Mem:          992M       923M        68M       2.3M       1.9M        14M
-/+ buffers/cache:       907M        84M
Swap:         8.0G       316M       7.7G

             total       used       free     shared    buffers     cached
Mem:          992M       927M        64M       2.3M       1.9M        14M
-/+ buffers/cache:       911M        80M
Swap:         8.0G       316M       7.7G

             total       used       free     shared    buffers     cached
Mem:          992M       930M        61M       2.3M       2.0M        14M
-/+ buffers/cache:       914M        77M
Swap:         8.0G       316M       7.7G

             total       used       free     shared    buffers     cached
Mem:          992M       921M        70M       2.3M       340K       6.6M
-/+ buffers/cache:       914M        77M
Swap:         8.0G       325M       7.7G

             total       used       free     shared    buffers     cached
Mem:          992M       925M        66M       2.3M       476K       6.5M
-/+ buffers/cache:       918M        73M
Swap:         8.0G       325M       7.7G

             total       used       free     shared    buffers     cached
Mem:          992M       928M        63M       2.3M       476K       6.6M
-/+ buffers/cache:       921M        70M
Swap:         8.0G       325M       7.7G

             total       used       free     shared    buffers     cached
Mem:          992M       919M        72M       2.2M       336K       4.5M
-/+ buffers/cache:       914M        77M
Swap:         8.0G       332M       7.7G

             total       used       free     shared    buffers     cached
Mem:          992M       921M        70M       2.2M       344K       4.5M
-/+ buffers/cache:       916M        75M
Swap:         8.0G       332M       7.7G

             total       used       free     shared    buffers     cached
Mem:          992M       925M        66M       2.2M       344K       4.5M
-/+ buffers/cache:       921M        71M
Swap:         8.0G       332M       7.7G

             total       used       free     shared    buffers     cached
Mem:          992M       928M        63M       2.2M       344K       4.5M
-/+ buffers/cache:       924M        68M
Swap:         8.0G       332M       7.7G

             total       used       free     shared    buffers     cached
Mem:          992M       917M        75M        44K       344K       2.3M
-/+ buffers/cache:       914M        77M
Swap:         8.0G       351M       7.7G

             total       used       free     shared    buffers     cached
Mem:          992M       920M        71M        24K       344K       2.2M
-/+ buffers/cache:       918M        73M
Swap:         8.0G       336M       7.7G

             total       used       free     shared    buffers     cached
Mem:          992M       927M        64M        24K       344K       2.1M
-/+ buffers/cache:       925M        66M
Swap:         8.0G       329M       7.7G

             total       used       free     shared    buffers     cached
Mem:          992M       930M        61M        24K       352K       2.0M
-/+ buffers/cache:       928M        63M
Swap:         8.0G       324M       7.7G

             total       used       free     shared    buffers     cached
Mem:          992M       920M        71M        20K       352K       1.9M
-/+ buffers/cache:       918M        73M
Swap:         8.0G       334M       7.7G

             total       used       free     shared    buffers     cached
Mem:          992M       919M        73M        16K       352K       1.6M
-/+ buffers/cache:       917M        74M
Swap:         8.0G       331M       7.7G

             total       used       free     shared    buffers     cached
Mem:          992M       921M        70M        16K       264K       1.4M
-/+ buffers/cache:       919M        72M
Swap:         8.0G       325M       7.7G

             total       used       free     shared    buffers     cached
Mem:          992M       922M        69M        16K       188K       2.1M
-/+ buffers/cache:       920M        72M
Swap:         8.0G       336M       7.7G

             total       used       free     shared    buffers     cached
Mem:          992M       920M        71M        16K       196K       2.2M
-/+ buffers/cache:       918M        73M
Swap:         8.0G       328M       7.7G

             total       used       free     shared    buffers     cached
Mem:          992M       929M        62M        16K       196K       2.1M
-/+ buffers/cache:       927M        64M
Swap:         8.0G       319M       7.7G

             total       used       free     shared    buffers     cached
Mem:          992M       927M        64M        16K       196K       2.2M
-/+ buffers/cache:       925M        66M
Swap:         8.0G       416M       7.6G

             total       used       free     shared    buffers     cached
Mem:          992M       910M        81M        16K       200K       2.3M
-/+ buffers/cache:       908M        83M
Swap:         8.0G       370M       7.6G

             total       used       free     shared    buffers     cached
Mem:          992M       923M        68M        16K       200K       2.3M
-/+ buffers/cache:       920M        71M
Swap:         8.0G       331M       7.7G

             total       used       free     shared    buffers     cached
Mem:          992M       931M        61M        16K       208K       2.2M
-/+ buffers/cache:       928M        63M
Swap:         8.0G       323M       7.7G

             total       used       free     shared    buffers     cached
Mem:          992M       920M        72M        16K       208K       2.2M
-/+ buffers/cache:       917M        74M
Swap:         8.0G       330M       7.7G

             total       used       free     shared    buffers     cached
Mem:          992M       914M        77M         0B       200K       2.0M
-/+ buffers/cache:       912M        80M
Swap:         8.0G       411M       7.6G

             total       used       free     shared    buffers     cached
Mem:          992M       921M        70M         0B       200K       2.0M
-/+ buffers/cache:       919M        72M
Swap:         8.0G       369M       7.6G

             total       used       free     shared    buffers     cached
Mem:          992M       929M        62M         0B       144K       2.0M
-/+ buffers/cache:       927M        64M
Swap:         8.0G       333M       7.7G

             total       used       free     shared    buffers     cached
Mem:          992M       926M        65M         0B        88K       2.3M
-/+ buffers/cache:       924M        67M
Swap:         8.0G       329M       7.7G

             total       used       free     shared    buffers     cached
Mem:          992M       928M        63M         0B        96K       2.2M
-/+ buffers/cache:       926M        66M
Swap:         8.0G       329M       7.7G

             total       used       free     shared    buffers     cached
Mem:          992M       931M        60M         0B        96K       2.2M
-/+ buffers/cache:       929M        63M
Swap:         8.0G       327M       7.7G

             total       used       free     shared    buffers     cached
Mem:          992M       920M        72M         0B        96K       2.2M
-/+ buffers/cache:       917M        74M
Swap:         8.0G       340M       7.7G

             total       used       free     shared    buffers     cached
Mem:          992M       925M        66M         0B        96K       2.2M
-/+ buffers/cache:       923M        69M
Swap:         8.0G       340M       7.7G

             total       used       free     shared    buffers     cached
Mem:          992M       930M        61M         0B        96K       2.2M
-/+ buffers/cache:       928M        63M
Swap:         8.0G       339M       7.7G

             total       used       free     shared    buffers     cached
Mem:          992M       914M        77M         0B       104K       2.2M
-/+ buffers/cache:       912M        80M
Swap:         8.0G       358M       7.6G

             total       used       free     shared    buffers     cached
Mem:          992M       919M        72M         0B       104K       2.2M
-/+ buffers/cache:       917M        74M
Swap:         8.0G       358M       7.6G

             total       used       free     shared    buffers     cached
Mem:          992M       923M        68M         0B       104K       2.2M
-/+ buffers/cache:       921M        70M
Swap:         8.0G       358M       7.6G

             total       used       free     shared    buffers     cached
Mem:          992M       927M        64M         0B       104K       2.2M
-/+ buffers/cache:       925M        66M
Swap:         8.0G       358M       7.6G

             total       used       free     shared    buffers     cached
Mem:          992M       911M        80M         0B       104K       2.1M
-/+ buffers/cache:       909M        82M
Swap:         8.0G       381M       7.6G

             total       used       free     shared    buffers     cached
Mem:          992M       912M        79M         0B       112K       2.1M
-/+ buffers/cache:       910M        81M
Swap:         8.0G       380M       7.6G

             total       used       free     shared    buffers     cached
Mem:          992M       914M        77M         0B       112K       2.1M
-/+ buffers/cache:       912M        79M
Swap:         8.0G       379M       7.6G

             total       used       free     shared    buffers     cached
Mem:          992M       916M        76M         0B       112K       2.1M
-/+ buffers/cache:       913M        78M
Swap:         8.0G       379M       7.6G

             total       used       free     shared    buffers     cached
Mem:          992M       917M        74M         0B       112K       2.1M
-/+ buffers/cache:       915M        76M
Swap:         8.0G       378M       7.6G

             total       used       free     shared    buffers     cached
Mem:          992M       918M        73M         0B       112K       2.1M
-/+ buffers/cache:       916M        75M
Swap:         8.0G       377M       7.6G

             total       used       free     shared    buffers     cached
Mem:          992M       920M        71M         0B       112K       2.1M
-/+ buffers/cache:       918M        73M
Swap:         8.0G       376M       7.6G

             total       used       free     shared    buffers     cached
Mem:          992M       922M        70M         0B       120K       2.1M
-/+ buffers/cache:       919M        72M
Swap:         8.0G       376M       7.6G

             total       used       free     shared    buffers     cached
Mem:          992M       923M        68M         0B       120K       2.1M
-/+ buffers/cache:       921M        70M
Swap:         8.0G       375M       7.6G

             total       used       free     shared    buffers     cached
Mem:          992M       921M        70M         0B       208K        20M
-/+ buffers/cache:       901M        91M
Swap:         8.0G       405M       7.6G

             total       used       free     shared    buffers     cached
Mem:          992M       923M        68M         0B       800K        20M
-/+ buffers/cache:       902M        89M
Swap:         8.0G       405M       7.6G

             total       used       free     shared    buffers     cached
Mem:          992M       925M        66M         0B       808K        20M
-/+ buffers/cache:       904M        88M
Swap:         8.0G       404M       7.6G

             total       used       free     shared    buffers     cached
Mem:          992M       926M        65M         0B       816K        20M
-/+ buffers/cache:       905M        86M
Swap:         8.0G       403M       7.6G

             total       used       free     shared    buffers     cached
Mem:          992M       928M        63M         0B       816K        20M
-/+ buffers/cache:       907M        84M
Swap:         8.0G       403M       7.6G

             total       used       free     shared    buffers     cached
Mem:          992M       930M        61M         0B       816K        20M
-/+ buffers/cache:       908M        83M
Swap:         8.0G       402M       7.6G

             total       used       free     shared    buffers     cached
Mem:          992M       911M        80M         0B       804K        18M
-/+ buffers/cache:       892M        99M
Swap:         8.0G       418M       7.6G

             total       used       free     shared    buffers     cached
Mem:          992M       913M        78M         0B       804K        18M
-/+ buffers/cache:       894M        98M
Swap:         8.0G       417M       7.6G

             total       used       free     shared    buffers     cached
Mem:          992M       914M        77M         0B       812K        18M
-/+ buffers/cache:       895M        96M
Swap:         8.0G       416M       7.6G

             total       used       free     shared    buffers     cached
Mem:          992M       916M        75M         0B       812K        18M
-/+ buffers/cache:       897M        95M
Swap:         8.0G       416M       7.6G

             total       used       free     shared    buffers     cached
Mem:          992M       917M        74M         0B       812K        18M
-/+ buffers/cache:       898M        93M
Swap:         8.0G       415M       7.6G

             total       used       free     shared    buffers     cached
Mem:          992M       919M        72M         0B       812K        18M
-/+ buffers/cache:       900M        91M
Swap:         8.0G       414M       7.6G

             total       used       free     shared    buffers     cached
Mem:          992M       921M        70M         0B       812K        18M
-/+ buffers/cache:       902M        89M
Swap:         8.0G       414M       7.6G

             total       used       free     shared    buffers     cached
Mem:          992M       923M        69M         0B       820K        18M
-/+ buffers/cache:       903M        88M
Swap:         8.0G       413M       7.6G

             total       used       free     shared    buffers     cached
Mem:          992M       924M        67M         0B       820K        18M
-/+ buffers/cache:       905M        86M
Swap:         8.0G       412M       7.6G

             total       used       free     shared    buffers     cached
Mem:          992M       926M        65M         0B       820K        18M
-/+ buffers/cache:       907M        84M
Swap:         8.0G       411M       7.6G

             total       used       free     shared    buffers     cached
Mem:          992M       928M        64M         0B       820K        18M
-/+ buffers/cache:       908M        83M
Swap:         8.0G       411M       7.6G

             total       used       free     shared    buffers     cached
Mem:          992M       929M        62M         0B       820K        18M
-/+ buffers/cache:       910M        81M
Swap:         8.0G       410M       7.6G

             total       used       free     shared    buffers     cached
Mem:          992M       930M        61M         0B       828K        18M
-/+ buffers/cache:       911M        80M
Swap:         8.0G       409M       7.6G

             total       used       free     shared    buffers     cached
Mem:          992M       919M        72M         0B       800K        17M
-/+ buffers/cache:       901M        90M
Swap:         8.0G       420M       7.6G

             total       used       free     shared    buffers     cached
Mem:          992M       921M        70M         0B       800K        17M
-/+ buffers/cache:       903M        89M
Swap:         8.0G       419M       7.6G

             total       used       free     shared    buffers     cached
Mem:          992M       922M        69M         0B       800K        17M
-/+ buffers/cache:       904M        87M
Swap:         8.0G       419M       7.6G

             total       used       free     shared    buffers     cached
Mem:          992M       924M        67M         0B       800K        17M
-/+ buffers/cache:       906M        85M
Swap:         8.0G       418M       7.6G

             total       used       free     shared    buffers     cached
Mem:          992M       926M        65M         0B       800K        18M
-/+ buffers/cache:       907M        84M
Swap:         8.0G       417M       7.6G

             total       used       free     shared    buffers     cached
Mem:          992M       927M        64M         0B       808K        18M
-/+ buffers/cache:       908M        83M
Swap:         8.0G       417M       7.6G

             total       used       free     shared    buffers     cached
Mem:          992M       930M        61M         0B       1.1M        19M
-/+ buffers/cache:       910M        81M
Swap:         8.0G       416M       7.6G

             total       used       free     shared    buffers     cached
Mem:          992M       916M        75M         0B       1.5M        22M
-/+ buffers/cache:       892M        99M
Swap:         8.0G       446M       7.6G

             total       used       free     shared    buffers     cached
Mem:          992M       917M        74M        16K       984K        31M
-/+ buffers/cache:       885M       106M
Swap:         8.0G       453M       7.6G

             total       used       free     shared    buffers     cached
Mem:          992M       918M        73M        16K       984K        31M
-/+ buffers/cache:       886M       105M
Swap:         8.0G       453M       7.6G

             total       used       free     shared    buffers     cached
Mem:          992M       919M        72M        16K       992K        31M
-/+ buffers/cache:       887M       105M
Swap:         8.0G       452M       7.6G

             total       used       free     shared    buffers     cached
Mem:          992M       922M        69M        16K       1.1M        32M
-/+ buffers/cache:       888M       103M
Swap:         8.0G       451M       7.6G

             total       used       free     shared    buffers     cached
Mem:          992M       923M        68M        16K       1.1M        32M
-/+ buffers/cache:       889M       102M
Swap:         8.0G       451M       7.6G

             total       used       free     shared    buffers     cached
Mem:          992M       924M        67M        16K       1.1M        32M
-/+ buffers/cache:       891M       101M
Swap:         8.0G       450M       7.6G

             total       used       free     shared    buffers     cached
Mem:          992M       925M        66M        16K       1.1M        32M
-/+ buffers/cache:       892M        99M
Swap:         8.0G       450M       7.6G

             total       used       free     shared    buffers     cached
Mem:          992M       927M        65M        16K       1.1M        32M
-/+ buffers/cache:       893M        98M
Swap:         8.0G       449M       7.6G

             total       used       free     shared    buffers     cached
Mem:          992M       928M        63M        16K       1.1M        32M
-/+ buffers/cache:       894M        97M
Swap:         8.0G       449M       7.6G

             total       used       free     shared    buffers     cached
Mem:          992M       929M        62M        16K       1.1M        32M
-/+ buffers/cache:       895M        96M
Swap:         8.0G       448M       7.6G

             total       used       free     shared    buffers     cached
Mem:          992M       930M        61M        16K       1.1M        32M
-/+ buffers/cache:       896M        95M
Swap:         8.0G       448M       7.6G

             total       used       free     shared    buffers     cached
Mem:          992M       931M        60M        16K       1.1M        32M
-/+ buffers/cache:       897M        94M
Swap:         8.0G       448M       7.6G

             total       used       free     shared    buffers     cached
Mem:          992M       918M        73M        16K       1.1M        32M
-/+ buffers/cache:       884M       107M
Swap:         8.0G       447M       7.6G

             total       used       free     shared    buffers     cached
Mem:          992M       919M        73M        16K       1.1M        32M
-/+ buffers/cache:       885M       106M
Swap:         8.0G       447M       7.6G

             total       used       free     shared    buffers     cached
Mem:          992M       920M        71M        16K       1.1M        32M
-/+ buffers/cache:       886M       105M
Swap:         8.0G       446M       7.6G

             total       used       free     shared    buffers     cached
Mem:          992M       921M        70M        16K       1.1M        32M
-/+ buffers/cache:       888M       104M
Swap:         8.0G       446M       7.6G

             total       used       free     shared    buffers     cached
Mem:          992M       922M        69M        16K       1.1M        32M
-/+ buffers/cache:       889M       102M
Swap:         8.0G       446M       7.6G

             total       used       free     shared    buffers     cached
Mem:          992M       923M        68M        16K       1.1M        32M
-/+ buffers/cache:       890M       102M
Swap:         8.0G       445M       7.6G

             total       used       free     shared    buffers     cached
Mem:          992M       924M        67M        16K       1.1M        32M
-/+ buffers/cache:       891M       101M
Swap:         8.0G       445M       7.6G

             total       used       free     shared    buffers     cached
Mem:          992M       925M        66M        16K       1.1M        32M
-/+ buffers/cache:       892M       100M
Swap:         8.0G       444M       7.6G

             total       used       free     shared    buffers     cached
Mem:          992M       926M        65M        16K       1.1M        32M
-/+ buffers/cache:       893M        98M
Swap:         8.0G       444M       7.6G

             total       used       free     shared    buffers     cached
Mem:          992M       927M        64M        16K       1.1M        32M
-/+ buffers/cache:       894M        97M
Swap:         8.0G       443M       7.6G

             total       used       free     shared    buffers     cached
Mem:          992M       928M        63M        16K       1.1M        32M
-/+ buffers/cache:       895M        96M
Swap:         8.0G       443M       7.6G

             total       used       free     shared    buffers     cached
Mem:          992M       929M        62M        16K       1.1M        32M
-/+ buffers/cache:       896M        95M
Swap:         8.0G       443M       7.6G

             total       used       free     shared    buffers     cached
Mem:          992M       931M        61M        16K       1.1M        32M
-/+ buffers/cache:       897M        94M
Swap:         8.0G       442M       7.6G

             total       used       free     shared    buffers     cached
Mem:          992M       908M        84M        16K       1.1M        30M
-/+ buffers/cache:       876M       116M
Swap:         8.0G       478M       7.5G

             total       used       free     shared    buffers     cached
Mem:          992M       909M        82M        16K       1.1M        30M
-/+ buffers/cache:       877M       114M
Swap:         8.0G       477M       7.5G

             total       used       free     shared    buffers     cached
Mem:          992M       910M        81M        16K       1.1M        30M
-/+ buffers/cache:       878M       113M
Swap:         8.0G       477M       7.5G

             total       used       free     shared    buffers     cached
Mem:          992M       911M        80M        16K       1.1M        30M
-/+ buffers/cache:       879M       112M
Swap:         8.0G       476M       7.5G

             total       used       free     shared    buffers     cached
Mem:          992M       912M        79M        16K       1.1M        30M
-/+ buffers/cache:       880M       111M
Swap:         8.0G       476M       7.5G

             total       used       free     shared    buffers     cached
Mem:          992M       913M        78M        16K       1.1M        30M
-/+ buffers/cache:       881M       110M
Swap:         8.0G       475M       7.5G

             total       used       free     shared    buffers     cached
Mem:          992M       915M        76M        16K       1.1M        30M
-/+ buffers/cache:       883M       108M
Swap:         8.0G       475M       7.5G

             total       used       free     shared    buffers     cached
Mem:          992M       916M        75M        16K       1.1M        30M
-/+ buffers/cache:       884M       107M
Swap:         8.0G       474M       7.5G

             total       used       free     shared    buffers     cached
Mem:          992M       921M        70M        16K       1.1M        35M
-/+ buffers/cache:       885M       106M
Swap:         8.0G       473M       7.5G

             total       used       free     shared    buffers     cached
Mem:          992M       923M        69M        16K       1.2M        35M
-/+ buffers/cache:       886M       105M
Swap:         8.0G       473M       7.5G

             total       used       free     shared    buffers     cached
Mem:          992M       924M        67M        16K       1.2M        35M
-/+ buffers/cache:       887M       104M
Swap:         8.0G       472M       7.5G

             total       used       free     shared    buffers     cached
Mem:          992M       925M        66M        16K       1.2M        35M
-/+ buffers/cache:       889M       103M
Swap:         8.0G       472M       7.5G

             total       used       free     shared    buffers     cached
Mem:          992M       926M        65M        16K       1.2M        35M
-/+ buffers/cache:       890M       101M
Swap:         8.0G       471M       7.5G

             total       used       free     shared    buffers     cached
Mem:          992M       927M        64M        16K       1.2M        35M
-/+ buffers/cache:       891M       100M
Swap:         8.0G       471M       7.5G

             total       used       free     shared    buffers     cached
Mem:          992M       928M        63M        16K       1.2M        35M
-/+ buffers/cache:       892M        99M
Swap:         8.0G       470M       7.5G

             total       used       free     shared    buffers     cached
Mem:          992M       929M        62M        16K       1.2M        35M
-/+ buffers/cache:       893M        98M
Swap:         8.0G       470M       7.5G

             total       used       free     shared    buffers     cached
Mem:          992M       931M        60M        16K       1.2M        35M
-/+ buffers/cache:       894M        97M
Swap:         8.0G       469M       7.5G

             total       used       free     shared    buffers     cached
Mem:          992M       918M        73M        16K       1.2M        34M
-/+ buffers/cache:       882M       109M
Swap:         8.0G       473M       7.5G

             total       used       free     shared    buffers     cached
Mem:          992M       920M        71M        16K       1.2M        34M
-/+ buffers/cache:       884M       107M
Swap:         8.0G       472M       7.5G

             total       used       free     shared    buffers     cached
Mem:          992M       921M        70M        16K       1.2M        34M
-/+ buffers/cache:       885M       106M
Swap:         8.0G       472M       7.5G

             total       used       free     shared    buffers     cached
Mem:          992M       922M        69M        16K       1.2M        34M
-/+ buffers/cache:       886M       105M
Swap:         8.0G       471M       7.5G

             total       used       free     shared    buffers     cached
Mem:          992M       923M        68M        16K       1.2M        34M
-/+ buffers/cache:       887M       104M
Swap:         8.0G       471M       7.5G

             total       used       free     shared    buffers     cached
Mem:          992M       924M        67M        16K       1.2M        34M
-/+ buffers/cache:       888M       103M
Swap:         8.0G       470M       7.5G

             total       used       free     shared    buffers     cached
Mem:          992M       925M        66M        16K       1.2M        34M
-/+ buffers/cache:       889M       102M
Swap:         8.0G       469M       7.5G

             total       used       free     shared    buffers     cached
Mem:          992M       927M        64M        16K       1.2M        34M
-/+ buffers/cache:       891M       100M
Swap:         8.0G       469M       7.5G

             total       used       free     shared    buffers     cached
Mem:          992M       928M        63M        16K       1.2M        34M
-/+ buffers/cache:       892M        99M
Swap:         8.0G       468M       7.5G

             total       used       free     shared    buffers     cached
Mem:          992M       929M        62M        16K       1.2M        34M
-/+ buffers/cache:       893M        98M
Swap:         8.0G       468M       7.5G

             total       used       free     shared    buffers     cached
Mem:          992M       930M        61M        16K       1.2M        34M
-/+ buffers/cache:       894M        97M
Swap:         8.0G       467M       7.5G

             total       used       free     shared    buffers     cached
Mem:          992M       907M        84M        16K       908K        32M
-/+ buffers/cache:       873M       118M
Swap:         8.0G       494M       7.5G

             total       used       free     shared    buffers     cached
Mem:          992M       908M        83M        16K       908K        32M
-/+ buffers/cache:       874M       117M
Swap:         8.0G       493M       7.5G

             total       used       free     shared    buffers     cached
Mem:          992M       909M        82M        16K       908K        32M
-/+ buffers/cache:       876M       115M
Swap:         8.0G       493M       7.5G

             total       used       free     shared    buffers     cached
Mem:          992M       910M        81M        16K       908K        32M
-/+ buffers/cache:       877M       114M
Swap:         8.0G       492M       7.5G

             total       used       free     shared    buffers     cached
Mem:          992M       912M        80M        16K       916K        32M
-/+ buffers/cache:       878M       113M
Swap:         8.0G       491M       7.5G

             total       used       free     shared    buffers     cached
Mem:          992M       913M        78M        16K       916K        32M
-/+ buffers/cache:       880M       112M
Swap:         8.0G       491M       7.5G

             total       used       free     shared    buffers     cached
Mem:          992M       916M        76M        20K       1.0M        33M
-/+ buffers/cache:       881M       110M
Swap:         8.0G       490M       7.5G

             total       used       free     shared    buffers     cached
Mem:          992M       917M        74M        20K       1.0M        33M
-/+ buffers/cache:       882M       109M
Swap:         8.0G       489M       7.5G

             total       used       free     shared    buffers     cached
Mem:          992M       918M        73M        20K       1.0M        33M
-/+ buffers/cache:       884M       107M
Swap:         8.0G       489M       7.5G

             total       used       free     shared    buffers     cached
Mem:          992M       920M        72M        20K       1.0M        33M
-/+ buffers/cache:       885M       106M
Swap:         8.0G       488M       7.5G

             total       used       free     shared    buffers     cached
Mem:          992M       925M        66M        20K       1.0M        34M
-/+ buffers/cache:       889M       102M
Swap:         8.0G       486M       7.5G

             total       used       free     shared    buffers     cached
Mem:          992M       928M        63M        20K       1.0M        35M
-/+ buffers/cache:       892M        99M
Swap:         8.0G       485M       7.5G

             total       used       free     shared    buffers     cached
Mem:          992M       929M        62M        20K       1.0M        35M
-/+ buffers/cache:       893M        98M
Swap:         8.0G       484M       7.5G

             total       used       free     shared    buffers     cached
Mem:          992M       920M        71M        20K       856K        35M
-/+ buffers/cache:       883M       108M
Swap:         8.0G       489M       7.5G

             total       used       free     shared    buffers     cached
Mem:          992M       919M        72M        20K       856K        36M
-/+ buffers/cache:       883M       109M
Swap:         8.0G       489M       7.5G

             total       used       free     shared    buffers     cached
Mem:          992M       920M        71M        20K       864K        36M
-/+ buffers/cache:       883M       108M
Swap:         8.0G       489M       7.5G

             total       used       free     shared    buffers     cached
Mem:          992M       921M        71M        20K       864K        36M
-/+ buffers/cache:       884M       108M
Swap:         8.0G       488M       7.5G

             total       used       free     shared    buffers     cached
Mem:          992M       921M        70M        20K       864K        36M
-/+ buffers/cache:       884M       107M
Swap:         8.0G       488M       7.5G

             total       used       free     shared    buffers     cached
Mem:          992M       922M        69M        20K       864K        36M
-/+ buffers/cache:       885M       106M
Swap:         8.0G       488M       7.5G

             total       used       free     shared    buffers     cached
Mem:          992M       923M        69M        20K       864K        36M
-/+ buffers/cache:       886M       106M
Swap:         8.0G       487M       7.5G

             total       used       free     shared    buffers     cached
Mem:          992M       923M        68M        20K       864K        36M
-/+ buffers/cache:       886M       105M
Swap:         8.0G       487M       7.5G

             total       used       free     shared    buffers     cached
Mem:          992M       924M        67M        20K       872K        36M
-/+ buffers/cache:       887M       104M
Swap:         8.0G       487M       7.5G

             total       used       free     shared    buffers     cached
Mem:          992M       925M        66M        20K       872K        36M
-/+ buffers/cache:       888M       103M
Swap:         8.0G       486M       7.5G

             total       used       free     shared    buffers     cached
Mem:          992M       925M        66M        20K       872K        36M
-/+ buffers/cache:       888M       103M
Swap:         8.0G       486M       7.5G

             total       used       free     shared    buffers     cached
Mem:          992M       916M        75M       3.8M       3.0M        53M
-/+ buffers/cache:       859M       132M
Swap:         8.0G       530M       7.5G

             total       used       free     shared    buffers     cached
Mem:          992M       926M        65M       3.9M       5.0M        69M
-/+ buffers/cache:       851M       140M
Swap:         8.0G       538M       7.5G

             total       used       free     shared    buffers     cached
Mem:          992M       920M        71M       228K       4.9M        65M
-/+ buffers/cache:       850M       142M
Swap:         8.0G       552M       7.5G

             total       used       free     shared    buffers     cached
Mem:          992M       919M        72M       236K       5.1M        66M
-/+ buffers/cache:       847M       144M
Swap:         8.0G       547M       7.5G

             total       used       free     shared    buffers     cached
Mem:          992M       920M        71M       256K       5.1M        66M
-/+ buffers/cache:       849M       143M
Swap:         8.0G       547M       7.5G

             total       used       free     shared    buffers     cached
Mem:          992M       922M        70M       256K       5.1M        66M
-/+ buffers/cache:       850M       141M
Swap:         8.0G       546M       7.5G

             total       used       free     shared    buffers     cached
Mem:          992M       922M        69M       256K       5.1M        66M
-/+ buffers/cache:       851M       140M
Swap:         8.0G       546M       7.5G

             total       used       free     shared    buffers     cached
Mem:          992M       925M        66M       256K       5.2M        67M
-/+ buffers/cache:       853M       139M
Swap:         8.0G       545M       7.5G

             total       used       free     shared    buffers     cached
Mem:          992M       926M        65M       256K       5.2M        67M
-/+ buffers/cache:       854M       137M
Swap:         8.0G       545M       7.5G

             total       used       free     shared    buffers     cached
Mem:          992M       928M        63M       256K       5.2M        67M
-/+ buffers/cache:       855M       136M
Swap:         8.0G       544M       7.5G

             total       used       free     shared    buffers     cached
Mem:          992M       929M        62M       256K       5.2M        67M
-/+ buffers/cache:       856M       135M
Swap:         8.0G       544M       7.5G

             total       used       free     shared    buffers     cached
Mem:          992M       930M        61M       256K       5.2M        67M
-/+ buffers/cache:       858M       133M
Swap:         8.0G       543M       7.5G

             total       used       free     shared    buffers     cached
Mem:          992M       913M        78M       256K       5.2M        64M
-/+ buffers/cache:       844M       148M
Swap:         8.0G       558M       7.5G

             total       used       free     shared    buffers     cached
Mem:          992M       914M        77M       256K       5.2M        64M
-/+ buffers/cache:       845M       146M
Swap:         8.0G       557M       7.5G

             total       used       free     shared    buffers     cached
Mem:          992M       916M        76M       256K       5.2M        64M
-/+ buffers/cache:       846M       145M
Swap:         8.0G       557M       7.5G

             total       used       free     shared    buffers     cached
Mem:          992M       917M        75M       256K       5.2M        64M
-/+ buffers/cache:       847M       144M
Swap:         8.0G       556M       7.5G

             total       used       free     shared    buffers     cached
Mem:          992M       919M        73M       256K       5.2M        64M
-/+ buffers/cache:       849M       143M
Swap:         8.0G       556M       7.5G

             total       used       free     shared    buffers     cached
Mem:          992M       920M        71M       256K       5.2M        64M
-/+ buffers/cache:       850M       142M
Swap:         8.0G       555M       7.5G

             total       used       free     shared    buffers     cached
Mem:          992M       921M        70M       256K       5.2M        64M
-/+ buffers/cache:       851M       140M
Swap:         8.0G       555M       7.5G

             total       used       free     shared    buffers     cached
Mem:          992M       923M        69M       256K       5.2M        64M
-/+ buffers/cache:       852M       139M
Swap:         8.0G       554M       7.5G

             total       used       free     shared    buffers     cached
Mem:          992M       924M        67M       256K       5.2M        64M
-/+ buffers/cache:       854M       137M
Swap:         8.0G       554M       7.5G

             total       used       free     shared    buffers     cached
Mem:          992M       925M        66M       256K       5.2M        64M
-/+ buffers/cache:       855M       136M
Swap:         8.0G       553M       7.5G

             total       used       free     shared    buffers     cached
Mem:          992M       926M        65M       256K       5.2M        64M
-/+ buffers/cache:       856M       135M
Swap:         8.0G       552M       7.5G

             total       used       free     shared    buffers     cached
Mem:          992M       928M        63M       256K       5.2M        64M
-/+ buffers/cache:       858M       134M
Swap:         8.0G       552M       7.5G

             total       used       free     shared    buffers     cached
Mem:          992M       929M        62M       256K       5.2M        64M
-/+ buffers/cache:       859M       132M
Swap:         8.0G       551M       7.5G

             total       used       free     shared    buffers     cached
Mem:          992M       930M        61M       256K       5.2M        64M
-/+ buffers/cache:       860M       131M
Swap:         8.0G       550M       7.5G

             total       used       free     shared    buffers     cached
Mem:          992M       912M        80M       256K       5.2M        63M
-/+ buffers/cache:       843M       148M
Swap:         8.0G       576M       7.4G

             total       used       free     shared    buffers     cached
Mem:          992M       913M        78M       256K       5.2M        63M
-/+ buffers/cache:       844M       147M
Swap:         8.0G       575M       7.4G

             total       used       free     shared    buffers     cached
Mem:          992M       914M        77M       256K       5.2M        63M
-/+ buffers/cache:       845M       146M
Swap:         8.0G       575M       7.4G

             total       used       free     shared    buffers     cached
Mem:          992M       915M        76M       256K       5.2M        63M
-/+ buffers/cache:       847M       144M
Swap:         8.0G       574M       7.4G

             total       used       free     shared    buffers     cached
Mem:          992M       916M        75M       256K       5.2M        63M
-/+ buffers/cache:       848M       143M
Swap:         8.0G       574M       7.4G

             total       used       free     shared    buffers     cached
Mem:          992M       918M        73M       256K       5.2M        63M
-/+ buffers/cache:       849M       142M
Swap:         8.0G       573M       7.4G

             total       used       free     shared    buffers     cached
Mem:          992M       919M        72M       256K       5.2M        63M
-/+ buffers/cache:       850M       141M
Swap:         8.0G       572M       7.4G

             total       used       free     shared    buffers     cached
Mem:          992M       924M        67M       256K       5.4M        66M
-/+ buffers/cache:       853M       139M
Swap:         8.0G       572M       7.4G

             total       used       free     shared    buffers     cached
Mem:          992M       909M        82M       304K       7.9M        71M
-/+ buffers/cache:       830M       162M
Swap:         8.0G       594M       7.4G
