             total       used       free     shared    buffers     cached
Mem:          3.9G       661M       3.2G       3.2M        38M       286M
-/+ buffers/cache:       336M       3.5G
Swap:         8.0G         0B       8.0G

             total       used       free     shared    buffers     cached
Mem:          3.9G       659M       3.2G       1.4M        38M       285M
-/+ buffers/cache:       335M       3.5G
Swap:         8.0G         0B       8.0G

             total       used       free     shared    buffers     cached
Mem:          3.9G       659M       3.2G       1.5M        38M       285M
-/+ buffers/cache:       335M       3.5G
Swap:         8.0G         0B       8.0G

             total       used       free     shared    buffers     cached
Mem:          3.9G       659M       3.2G       1.5M        38M       285M
-/+ buffers/cache:       335M       3.5G
Swap:         8.0G         0B       8.0G

             total       used       free     shared    buffers     cached
Mem:          3.9G       659M       3.2G       1.5M        38M       285M
-/+ buffers/cache:       335M       3.5G
Swap:         8.0G         0B       8.0G

             total       used       free     shared    buffers     cached
Mem:          3.9G       659M       3.2G       1.5M        38M       285M
-/+ buffers/cache:       335M       3.5G
Swap:         8.0G         0B       8.0G

             total       used       free     shared    buffers     cached
Mem:          3.9G       659M       3.2G       1.5M        38M       285M
-/+ buffers/cache:       335M       3.5G
Swap:         8.0G         0B       8.0G

             total       used       free     shared    buffers     cached
Mem:          3.9G       659M       3.2G       1.5M        38M       285M
-/+ buffers/cache:       335M       3.5G
Swap:         8.0G         0B       8.0G

             total       used       free     shared    buffers     cached
Mem:          3.9G       660M       3.2G       1.5M        38M       285M
-/+ buffers/cache:       335M       3.5G
Swap:         8.0G         0B       8.0G

             total       used       free     shared    buffers     cached
Mem:          3.9G       663M       3.2G       1.5M        38M       285M
-/+ buffers/cache:       338M       3.5G
Swap:         8.0G         0B       8.0G

             total       used       free     shared    buffers     cached
Mem:          3.9G       688M       3.2G       1.5M        38M       285M
-/+ buffers/cache:       363M       3.5G
Swap:         8.0G         0B       8.0G

             total       used       free     shared    buffers     cached
Mem:          3.9G       682M       3.2G       1.5M        38M       289M
-/+ buffers/cache:       354M       3.5G
Swap:         8.0G         0B       8.0G

             total       used       free     shared    buffers     cached
Mem:          3.9G       736M       3.1G       1.5M        38M       289M
-/+ buffers/cache:       408M       3.5G
Swap:         8.0G         0B       8.0G

             total       used       free     shared    buffers     cached
Mem:          3.9G       739M       3.1G       1.5M        38M       290M
-/+ buffers/cache:       410M       3.5G
Swap:         8.0G         0B       8.0G

             total       used       free     shared    buffers     cached
Mem:          3.9G       727M       3.1G       1.5M        39M       291M
-/+ buffers/cache:       396M       3.5G
Swap:         8.0G         0B       8.0G

             total       used       free     shared    buffers     cached
Mem:          3.9G       726M       3.1G       1.5M        39M       295M
-/+ buffers/cache:       392M       3.5G
Swap:         8.0G         0B       8.0G

             total       used       free     shared    buffers     cached
Mem:          3.9G       727M       3.1G       1.5M        39M       295M
-/+ buffers/cache:       393M       3.5G
Swap:         8.0G         0B       8.0G

             total       used       free     shared    buffers     cached
Mem:          3.9G       727M       3.1G       1.5M        39M       295M
-/+ buffers/cache:       392M       3.5G
Swap:         8.0G         0B       8.0G

             total       used       free     shared    buffers     cached
Mem:          3.9G       727M       3.1G       1.5M        39M       295M
-/+ buffers/cache:       392M       3.5G
Swap:         8.0G         0B       8.0G

             total       used       free     shared    buffers     cached
Mem:          3.9G       727M       3.1G       1.5M        39M       295M
-/+ buffers/cache:       392M       3.5G
Swap:         8.0G         0B       8.0G

             total       used       free     shared    buffers     cached
Mem:          3.9G       727M       3.1G       1.5M        39M       295M
-/+ buffers/cache:       392M       3.5G
Swap:         8.0G         0B       8.0G

             total       used       free     shared    buffers     cached
Mem:          3.9G       727M       3.1G       1.5M        39M       295M
-/+ buffers/cache:       393M       3.5G
Swap:         8.0G         0B       8.0G

             total       used       free     shared    buffers     cached
Mem:          3.9G       727M       3.1G       1.5M        39M       295M
-/+ buffers/cache:       393M       3.5G
Swap:         8.0G         0B       8.0G

             total       used       free     shared    buffers     cached
Mem:          3.9G       727M       3.1G       1.5M        39M       295M
-/+ buffers/cache:       393M       3.5G
Swap:         8.0G         0B       8.0G

             total       used       free     shared    buffers     cached
Mem:          3.9G       727M       3.1G       1.5M        39M       295M
-/+ buffers/cache:       393M       3.5G
Swap:         8.0G         0B       8.0G

             total       used       free     shared    buffers     cached
Mem:          3.9G       727M       3.1G       1.5M        39M       295M
-/+ buffers/cache:       393M       3.5G
Swap:         8.0G         0B       8.0G

             total       used       free     shared    buffers     cached
Mem:          3.9G       727M       3.1G       1.5M        39M       295M
-/+ buffers/cache:       393M       3.5G
Swap:         8.0G         0B       8.0G

             total       used       free     shared    buffers     cached
Mem:          3.9G       727M       3.1G       1.5M        39M       295M
-/+ buffers/cache:       393M       3.5G
Swap:         8.0G         0B       8.0G

             total       used       free     shared    buffers     cached
Mem:          3.9G       727M       3.1G       1.5M        39M       295M
-/+ buffers/cache:       393M       3.5G
Swap:         8.0G         0B       8.0G

             total       used       free     shared    buffers     cached
Mem:          3.9G       727M       3.1G       1.5M        39M       295M
-/+ buffers/cache:       393M       3.5G
Swap:         8.0G         0B       8.0G

             total       used       free     shared    buffers     cached
Mem:          3.9G       727M       3.1G       1.5M        39M       295M
-/+ buffers/cache:       393M       3.5G
Swap:         8.0G         0B       8.0G

             total       used       free     shared    buffers     cached
Mem:          3.9G       727M       3.1G       1.5M        39M       295M
-/+ buffers/cache:       393M       3.5G
Swap:         8.0G         0B       8.0G

             total       used       free     shared    buffers     cached
Mem:          3.9G       727M       3.1G       1.5M        39M       295M
-/+ buffers/cache:       393M       3.5G
Swap:         8.0G         0B       8.0G

             total       used       free     shared    buffers     cached
Mem:          3.9G       730M       3.1G       1.5M        39M       295M
-/+ buffers/cache:       396M       3.5G
Swap:         8.0G         0B       8.0G

             total       used       free     shared    buffers     cached
Mem:          3.9G       745M       3.1G       1.5M        39M       295M
-/+ buffers/cache:       411M       3.5G
Swap:         8.0G         0B       8.0G

             total       used       free     shared    buffers     cached
Mem:          3.9G       761M       3.1G       1.5M        39M       295M
-/+ buffers/cache:       427M       3.4G
Swap:         8.0G         0B       8.0G

             total       used       free     shared    buffers     cached
Mem:          3.9G       776M       3.1G       1.5M        39M       295M
-/+ buffers/cache:       442M       3.4G
Swap:         8.0G         0B       8.0G

             total       used       free     shared    buffers     cached
Mem:          3.9G       792M       3.1G       1.5M        39M       295M
-/+ buffers/cache:       458M       3.4G
Swap:         8.0G         0B       8.0G

             total       used       free     shared    buffers     cached
Mem:          3.9G       807M       3.1G       1.5M        39M       295M
-/+ buffers/cache:       473M       3.4G
Swap:         8.0G         0B       8.0G

             total       used       free     shared    buffers     cached
Mem:          3.9G       822M       3.1G       1.5M        39M       295M
-/+ buffers/cache:       488M       3.4G
Swap:         8.0G         0B       8.0G

             total       used       free     shared    buffers     cached
Mem:          3.9G       837M       3.0G       1.5M        39M       295M
-/+ buffers/cache:       503M       3.4G
Swap:         8.0G         0B       8.0G

             total       used       free     shared    buffers     cached
Mem:          3.9G       851M       3.0G       1.5M        39M       295M
-/+ buffers/cache:       517M       3.4G
Swap:         8.0G         0B       8.0G

             total       used       free     shared    buffers     cached
Mem:          3.9G       867M       3.0G       1.5M        39M       295M
-/+ buffers/cache:       533M       3.3G
Swap:         8.0G         0B       8.0G

             total       used       free     shared    buffers     cached
Mem:          3.9G       886M       3.0G       1.5M        39M       295M
-/+ buffers/cache:       552M       3.3G
Swap:         8.0G         0B       8.0G

             total       used       free     shared    buffers     cached
Mem:          3.9G       902M       3.0G       1.5M        39M       295M
-/+ buffers/cache:       568M       3.3G
Swap:         8.0G         0B       8.0G

             total       used       free     shared    buffers     cached
Mem:          3.9G       917M       3.0G       1.5M        39M       295M
-/+ buffers/cache:       583M       3.3G
Swap:         8.0G         0B       8.0G

             total       used       free     shared    buffers     cached
Mem:          3.9G       932M       2.9G       1.5M        39M       295M
-/+ buffers/cache:       598M       3.3G
Swap:         8.0G         0B       8.0G

             total       used       free     shared    buffers     cached
Mem:          3.9G       947M       2.9G       1.5M        39M       295M
-/+ buffers/cache:       613M       3.3G
Swap:         8.0G         0B       8.0G

             total       used       free     shared    buffers     cached
Mem:          3.9G       958M       2.9G       1.5M        39M       295M
-/+ buffers/cache:       624M       3.2G
Swap:         8.0G         0B       8.0G

             total       used       free     shared    buffers     cached
Mem:          3.9G       974M       2.9G       1.5M        39M       295M
-/+ buffers/cache:       640M       3.2G
Swap:         8.0G         0B       8.0G

             total       used       free     shared    buffers     cached
Mem:          3.9G       990M       2.9G       1.5M        39M       295M
-/+ buffers/cache:       656M       3.2G
Swap:         8.0G         0B       8.0G

             total       used       free     shared    buffers     cached
Mem:          3.9G       1.0G       2.9G       1.5M        39M       295M
-/+ buffers/cache:       672M       3.2G
Swap:         8.0G         0B       8.0G

             total       used       free     shared    buffers     cached
Mem:          3.9G       1.0G       2.9G       1.5M        39M       295M
-/+ buffers/cache:       687M       3.2G
Swap:         8.0G         0B       8.0G

             total       used       free     shared    buffers     cached
Mem:          3.9G       1.0G       2.8G       1.5M        39M       295M
-/+ buffers/cache:       702M       3.2G
Swap:         8.0G         0B       8.0G

             total       used       free     shared    buffers     cached
Mem:          3.9G       1.0G       2.8G       1.5M        39M       295M
-/+ buffers/cache:       718M       3.2G
Swap:         8.0G         0B       8.0G

             total       used       free     shared    buffers     cached
Mem:          3.9G       1.0G       2.8G       1.5M        39M       295M
-/+ buffers/cache:       733M       3.1G
Swap:         8.0G         0B       8.0G

             total       used       free     shared    buffers     cached
Mem:          3.9G       1.1G       2.8G       1.5M        39M       295M
-/+ buffers/cache:       748M       3.1G
Swap:         8.0G         0B       8.0G

             total       used       free     shared    buffers     cached
Mem:          3.9G       1.1G       2.8G       1.5M        39M       295M
-/+ buffers/cache:       763M       3.1G
Swap:         8.0G         0B       8.0G

             total       used       free     shared    buffers     cached
Mem:          3.9G       1.1G       2.8G       1.5M        39M       295M
-/+ buffers/cache:       776M       3.1G
Swap:         8.0G         0B       8.0G

             total       used       free     shared    buffers     cached
Mem:          3.9G       1.1G       2.8G       1.5M        39M       295M
-/+ buffers/cache:       791M       3.1G
Swap:         8.0G         0B       8.0G

             total       used       free     shared    buffers     cached
Mem:          3.9G       1.1G       2.7G       1.5M        39M       295M
-/+ buffers/cache:       805M       3.1G
Swap:         8.0G         0B       8.0G

             total       used       free     shared    buffers     cached
Mem:          3.9G       1.1G       2.7G       1.5M        39M       295M
-/+ buffers/cache:       819M       3.1G
Swap:         8.0G         0B       8.0G

             total       used       free     shared    buffers     cached
Mem:          3.9G       1.1G       2.7G       1.5M        39M       295M
-/+ buffers/cache:       832M       3.0G
Swap:         8.0G         0B       8.0G

             total       used       free     shared    buffers     cached
Mem:          3.9G       1.2G       2.7G       1.5M        39M       295M
-/+ buffers/cache:       843M       3.0G
Swap:         8.0G         0B       8.0G

             total       used       free     shared    buffers     cached
Mem:          3.9G       1.2G       2.7G       1.5M        39M       295M
-/+ buffers/cache:       855M       3.0G
Swap:         8.0G         0B       8.0G

             total       used       free     shared    buffers     cached
Mem:          3.9G       1.2G       2.7G       1.5M        39M       295M
-/+ buffers/cache:       869M       3.0G
Swap:         8.0G         0B       8.0G

             total       used       free     shared    buffers     cached
Mem:          3.9G       1.2G       2.7G       1.5M        39M       295M
-/+ buffers/cache:       884M       3.0G
Swap:         8.0G         0B       8.0G

             total       used       free     shared    buffers     cached
Mem:          3.9G       1.2G       2.7G       1.5M        39M       295M
-/+ buffers/cache:       899M       3.0G
Swap:         8.0G         0B       8.0G

             total       used       free     shared    buffers     cached
Mem:          3.9G       1.2G       2.6G       1.5M        39M       295M
-/+ buffers/cache:       915M       3.0G
Swap:         8.0G         0B       8.0G

             total       used       free     shared    buffers     cached
Mem:          3.9G       1.2G       2.6G       1.5M        39M       295M
-/+ buffers/cache:       932M       2.9G
Swap:         8.0G         0B       8.0G

             total       used       free     shared    buffers     cached
Mem:          3.9G       1.3G       2.6G       1.5M        39M       295M
-/+ buffers/cache:       947M       2.9G
Swap:         8.0G         0B       8.0G

             total       used       free     shared    buffers     cached
Mem:          3.9G       1.3G       2.6G       1.5M        39M       295M
-/+ buffers/cache:       963M       2.9G
Swap:         8.0G         0B       8.0G

             total       used       free     shared    buffers     cached
Mem:          3.9G       1.3G       2.6G       1.5M        39M       295M
-/+ buffers/cache:       979M       2.9G
Swap:         8.0G         0B       8.0G

             total       used       free     shared    buffers     cached
Mem:          3.9G       1.3G       2.6G       1.5M        39M       295M
-/+ buffers/cache:       995M       2.9G
Swap:         8.0G         0B       8.0G

             total       used       free     shared    buffers     cached
Mem:          3.9G       1.3G       2.5G       1.5M        39M       295M
-/+ buffers/cache:       1.0G       2.9G
Swap:         8.0G         0B       8.0G

             total       used       free     shared    buffers     cached
Mem:          3.9G       1.3G       2.5G       1.5M        39M       295M
-/+ buffers/cache:       1.0G       2.9G
Swap:         8.0G         0B       8.0G

             total       used       free     shared    buffers     cached
Mem:          3.9G       1.3G       2.5G       1.5M        39M       295M
-/+ buffers/cache:       1.0G       2.8G
Swap:         8.0G         0B       8.0G

             total       used       free     shared    buffers     cached
Mem:          3.9G       1.4G       2.5G       1.5M        39M       295M
-/+ buffers/cache:       1.0G       2.8G
Swap:         8.0G         0B       8.0G

             total       used       free     shared    buffers     cached
Mem:          3.9G       1.4G       2.5G       1.5M        39M       295M
-/+ buffers/cache:       1.0G       2.8G
Swap:         8.0G         0B       8.0G

             total       used       free     shared    buffers     cached
Mem:          3.9G       1.4G       2.5G       1.5M        39M       295M
-/+ buffers/cache:       1.1G       2.8G
Swap:         8.0G         0B       8.0G

             total       used       free     shared    buffers     cached
Mem:          3.9G       1.4G       2.5G       1.5M        39M       295M
-/+ buffers/cache:       1.1G       2.8G
Swap:         8.0G         0B       8.0G

             total       used       free     shared    buffers     cached
Mem:          3.9G       1.4G       2.4G       1.5M        39M       295M
-/+ buffers/cache:       1.1G       2.8G
Swap:         8.0G         0B       8.0G

             total       used       free     shared    buffers     cached
Mem:          3.9G       1.4G       2.4G       1.5M        39M       295M
-/+ buffers/cache:       1.1G       2.8G
Swap:         8.0G         0B       8.0G

             total       used       free     shared    buffers     cached
Mem:          3.9G       1.4G       2.4G       1.5M        39M       295M
-/+ buffers/cache:       1.1G       2.7G
Swap:         8.0G         0B       8.0G

             total       used       free     shared    buffers     cached
Mem:          3.9G       1.5G       2.4G       1.5M        39M       295M
-/+ buffers/cache:       1.1G       2.7G
Swap:         8.0G         0B       8.0G

             total       used       free     shared    buffers     cached
Mem:          3.9G       1.5G       2.4G       1.5M        39M       295M
-/+ buffers/cache:       1.1G       2.7G
Swap:         8.0G         0B       8.0G

             total       used       free     shared    buffers     cached
Mem:          3.9G       1.5G       2.4G       1.5M        39M       295M
-/+ buffers/cache:       1.2G       2.7G
Swap:         8.0G         0B       8.0G

             total       used       free     shared    buffers     cached
Mem:          3.9G       1.5G       2.4G       1.5M        39M       295M
-/+ buffers/cache:       1.2G       2.7G
Swap:         8.0G         0B       8.0G

             total       used       free     shared    buffers     cached
Mem:          3.9G       1.5G       2.3G       1.5M        39M       295M
-/+ buffers/cache:       1.2G       2.7G
Swap:         8.0G         0B       8.0G

             total       used       free     shared    buffers     cached
Mem:          3.9G       1.5G       2.3G       1.5M        39M       295M
-/+ buffers/cache:       1.2G       2.7G
Swap:         8.0G         0B       8.0G

             total       used       free     shared    buffers     cached
Mem:          3.9G       1.5G       2.3G       1.5M        39M       295M
-/+ buffers/cache:       1.2G       2.6G
Swap:         8.0G         0B       8.0G

             total       used       free     shared    buffers     cached
Mem:          3.9G       1.6G       2.3G       1.5M        39M       295M
-/+ buffers/cache:       1.2G       2.6G
Swap:         8.0G         0B       8.0G

             total       used       free     shared    buffers     cached
Mem:          3.9G       1.6G       2.3G       1.5M        39M       295M
-/+ buffers/cache:       1.2G       2.6G
Swap:         8.0G         0B       8.0G

             total       used       free     shared    buffers     cached
Mem:          3.9G       1.6G       2.3G       1.5M        39M       295M
-/+ buffers/cache:       1.3G       2.6G
Swap:         8.0G         0B       8.0G

             total       used       free     shared    buffers     cached
Mem:          3.9G       1.6G       2.3G       1.5M        39M       295M
-/+ buffers/cache:       1.3G       2.6G
Swap:         8.0G         0B       8.0G

             total       used       free     shared    buffers     cached
Mem:          3.9G       1.6G       2.3G       1.5M        39M       295M
-/+ buffers/cache:       1.3G       2.6G
Swap:         8.0G         0B       8.0G

             total       used       free     shared    buffers     cached
Mem:          3.9G       1.6G       2.2G       1.5M        39M       295M
-/+ buffers/cache:       1.3G       2.6G
Swap:         8.0G         0B       8.0G

             total       used       free     shared    buffers     cached
Mem:          3.9G       1.6G       2.2G       1.5M        39M       295M
-/+ buffers/cache:       1.3G       2.6G
Swap:         8.0G         0B       8.0G

             total       used       free     shared    buffers     cached
Mem:          3.9G       1.6G       2.2G       1.5M        39M       295M
-/+ buffers/cache:       1.3G       2.5G
Swap:         8.0G         0B       8.0G

             total       used       free     shared    buffers     cached
Mem:          3.9G       1.7G       2.2G       1.5M        39M       295M
-/+ buffers/cache:       1.3G       2.5G
Swap:         8.0G         0B       8.0G

             total       used       free     shared    buffers     cached
Mem:          3.9G       1.7G       2.2G       1.5M        39M       295M
-/+ buffers/cache:       1.3G       2.5G
Swap:         8.0G         0B       8.0G

             total       used       free     shared    buffers     cached
Mem:          3.9G       1.7G       2.2G       1.5M        39M       295M
-/+ buffers/cache:       1.4G       2.5G
Swap:         8.0G         0B       8.0G

             total       used       free     shared    buffers     cached
Mem:          3.9G       1.7G       2.2G       1.5M        39M       295M
-/+ buffers/cache:       1.4G       2.5G
Swap:         8.0G         0B       8.0G

             total       used       free     shared    buffers     cached
Mem:          3.9G       1.7G       2.1G       1.5M        39M       295M
-/+ buffers/cache:       1.4G       2.5G
Swap:         8.0G         0B       8.0G

             total       used       free     shared    buffers     cached
Mem:          3.9G       1.7G       2.1G       1.5M        39M       295M
-/+ buffers/cache:       1.4G       2.5G
Swap:         8.0G         0B       8.0G

             total       used       free     shared    buffers     cached
Mem:          3.9G       1.7G       2.1G       1.5M        39M       295M
-/+ buffers/cache:       1.4G       2.4G
Swap:         8.0G         0B       8.0G

             total       used       free     shared    buffers     cached
Mem:          3.9G       1.8G       2.1G       1.5M        39M       295M
-/+ buffers/cache:       1.4G       2.4G
Swap:         8.0G         0B       8.0G

             total       used       free     shared    buffers     cached
Mem:          3.9G       1.8G       2.1G       1.5M        39M       295M
-/+ buffers/cache:       1.4G       2.4G
Swap:         8.0G         0B       8.0G

             total       used       free     shared    buffers     cached
Mem:          3.9G       1.8G       2.1G       1.5M        39M       295M
-/+ buffers/cache:       1.5G       2.4G
Swap:         8.0G         0B       8.0G

             total       used       free     shared    buffers     cached
Mem:          3.9G       1.8G       2.1G       1.5M        39M       295M
-/+ buffers/cache:       1.5G       2.4G
Swap:         8.0G         0B       8.0G

             total       used       free     shared    buffers     cached
Mem:          3.9G       1.8G       2.0G       1.5M        39M       295M
-/+ buffers/cache:       1.5G       2.4G
Swap:         8.0G         0B       8.0G

             total       used       free     shared    buffers     cached
Mem:          3.9G       1.8G       2.0G       1.5M        39M       295M
-/+ buffers/cache:       1.5G       2.4G
Swap:         8.0G         0B       8.0G

             total       used       free     shared    buffers     cached
Mem:          3.9G       1.8G       2.0G       1.5M        39M       295M
-/+ buffers/cache:       1.5G       2.3G
Swap:         8.0G         0B       8.0G

             total       used       free     shared    buffers     cached
Mem:          3.9G       1.9G       2.0G       1.5M        39M       295M
-/+ buffers/cache:       1.5G       2.3G
Swap:         8.0G         0B       8.0G

             total       used       free     shared    buffers     cached
Mem:          3.9G       1.9G       2.0G       1.5M        39M       295M
-/+ buffers/cache:       1.5G       2.3G
Swap:         8.0G         0B       8.0G

             total       used       free     shared    buffers     cached
Mem:          3.9G       1.9G       2.0G       1.5M        39M       295M
-/+ buffers/cache:       1.6G       2.3G
Swap:         8.0G         0B       8.0G

             total       used       free     shared    buffers     cached
Mem:          3.9G       1.9G       2.0G       1.5M        39M       295M
-/+ buffers/cache:       1.6G       2.3G
Swap:         8.0G         0B       8.0G

             total       used       free     shared    buffers     cached
Mem:          3.9G       1.9G       1.9G       1.5M        39M       295M
-/+ buffers/cache:       1.6G       2.3G
Swap:         8.0G         0B       8.0G

             total       used       free     shared    buffers     cached
Mem:          3.9G       1.9G       1.9G       1.5M        39M       295M
-/+ buffers/cache:       1.6G       2.3G
Swap:         8.0G         0B       8.0G

             total       used       free     shared    buffers     cached
Mem:          3.9G       1.9G       1.9G       1.5M        39M       295M
-/+ buffers/cache:       1.6G       2.2G
Swap:         8.0G         0B       8.0G

             total       used       free     shared    buffers     cached
Mem:          3.9G       2.0G       1.9G       1.5M        39M       295M
-/+ buffers/cache:       1.6G       2.2G
Swap:         8.0G         0B       8.0G

             total       used       free     shared    buffers     cached
Mem:          3.9G       2.0G       1.9G       1.5M        39M       295M
-/+ buffers/cache:       1.6G       2.2G
Swap:         8.0G         0B       8.0G

             total       used       free     shared    buffers     cached
Mem:          3.9G       2.0G       1.9G       1.5M        39M       295M
-/+ buffers/cache:       1.7G       2.2G
Swap:         8.0G         0B       8.0G

             total       used       free     shared    buffers     cached
Mem:          3.9G       2.0G       1.9G       1.5M        39M       295M
-/+ buffers/cache:       1.7G       2.2G
Swap:         8.0G         0B       8.0G

             total       used       free     shared    buffers     cached
Mem:          3.9G       2.0G       1.8G       1.5M        39M       295M
-/+ buffers/cache:       1.7G       2.2G
Swap:         8.0G         0B       8.0G

             total       used       free     shared    buffers     cached
Mem:          3.9G       2.0G       1.8G       1.5M        39M       295M
-/+ buffers/cache:       1.7G       2.2G
Swap:         8.0G         0B       8.0G

             total       used       free     shared    buffers     cached
Mem:          3.9G       2.0G       1.8G       1.5M        39M       295M
-/+ buffers/cache:       1.7G       2.1G
Swap:         8.0G         0B       8.0G

             total       used       free     shared    buffers     cached
Mem:          3.9G       2.1G       1.8G       1.5M        39M       295M
-/+ buffers/cache:       1.7G       2.1G
Swap:         8.0G         0B       8.0G

             total       used       free     shared    buffers     cached
Mem:          3.9G       2.1G       1.8G       1.5M        39M       295M
-/+ buffers/cache:       1.8G       2.1G
Swap:         8.0G         0B       8.0G

             total       used       free     shared    buffers     cached
Mem:          3.9G       2.1G       1.8G       1.5M        39M       295M
-/+ buffers/cache:       1.8G       2.1G
Swap:         8.0G         0B       8.0G

             total       used       free     shared    buffers     cached
Mem:          3.9G       2.1G       1.8G       1.5M        39M       295M
-/+ buffers/cache:       1.8G       2.1G
Swap:         8.0G         0B       8.0G

             total       used       free     shared    buffers     cached
Mem:          3.9G       2.1G       1.7G       1.5M        39M       295M
-/+ buffers/cache:       1.8G       2.1G
Swap:         8.0G         0B       8.0G

             total       used       free     shared    buffers     cached
Mem:          3.9G       2.1G       1.7G       1.5M        39M       295M
-/+ buffers/cache:       1.8G       2.1G
Swap:         8.0G         0B       8.0G

             total       used       free     shared    buffers     cached
Mem:          3.9G       2.1G       1.7G       1.5M        39M       295M
-/+ buffers/cache:       1.8G       2.0G
Swap:         8.0G         0B       8.0G

             total       used       free     shared    buffers     cached
Mem:          3.9G       2.2G       1.7G       1.5M        39M       295M
-/+ buffers/cache:       1.8G       2.0G
Swap:         8.0G         0B       8.0G

             total       used       free     shared    buffers     cached
Mem:          3.9G       2.2G       1.7G       1.5M        39M       295M
-/+ buffers/cache:       1.9G       2.0G
Swap:         8.0G         0B       8.0G

             total       used       free     shared    buffers     cached
Mem:          3.9G       2.2G       1.7G       1.5M        39M       295M
-/+ buffers/cache:       1.9G       2.0G
Swap:         8.0G         0B       8.0G

             total       used       free     shared    buffers     cached
Mem:          3.9G       2.2G       1.7G       1.5M        39M       295M
-/+ buffers/cache:       1.9G       2.0G
Swap:         8.0G         0B       8.0G

             total       used       free     shared    buffers     cached
Mem:          3.9G       2.2G       1.6G       1.5M        39M       295M
-/+ buffers/cache:       1.9G       2.0G
Swap:         8.0G         0B       8.0G

             total       used       free     shared    buffers     cached
Mem:          3.9G       2.2G       1.6G       1.5M        39M       295M
-/+ buffers/cache:       1.9G       1.9G
Swap:         8.0G         0B       8.0G

             total       used       free     shared    buffers     cached
Mem:          3.9G       2.3G       1.6G       1.5M        39M       295M
-/+ buffers/cache:       1.9G       1.9G
Swap:         8.0G         0B       8.0G

             total       used       free     shared    buffers     cached
Mem:          3.9G       2.3G       1.6G       1.5M        39M       295M
-/+ buffers/cache:       1.9G       1.9G
Swap:         8.0G         0B       8.0G

             total       used       free     shared    buffers     cached
Mem:          3.9G       2.3G       1.6G       1.5M        39M       295M
-/+ buffers/cache:       2.0G       1.9G
Swap:         8.0G         0B       8.0G

             total       used       free     shared    buffers     cached
Mem:          3.9G       2.3G       1.6G       1.5M        39M       295M
-/+ buffers/cache:       2.0G       1.9G
Swap:         8.0G         0B       8.0G

             total       used       free     shared    buffers     cached
Mem:          3.9G       2.3G       1.6G       1.5M        39M       295M
-/+ buffers/cache:       2.0G       1.9G
Swap:         8.0G         0B       8.0G

             total       used       free     shared    buffers     cached
Mem:          3.9G       2.3G       1.5G       1.5M        39M       295M
-/+ buffers/cache:       2.0G       1.9G
Swap:         8.0G         0B       8.0G

             total       used       free     shared    buffers     cached
Mem:          3.9G       2.3G       1.5G       1.5M        39M       295M
-/+ buffers/cache:       2.0G       1.9G
Swap:         8.0G         0B       8.0G

             total       used       free     shared    buffers     cached
Mem:          3.9G       2.3G       1.5G       1.5M        39M       295M
-/+ buffers/cache:       2.0G       1.8G
Swap:         8.0G         0B       8.0G

             total       used       free     shared    buffers     cached
Mem:          3.9G       2.4G       1.5G       1.5M        39M       295M
-/+ buffers/cache:       2.0G       1.8G
Swap:         8.0G         0B       8.0G

             total       used       free     shared    buffers     cached
Mem:          3.9G       2.4G       1.5G       1.5M        39M       295M
-/+ buffers/cache:       2.0G       1.8G
Swap:         8.0G         0B       8.0G

             total       used       free     shared    buffers     cached
Mem:          3.9G       2.4G       1.5G       1.5M        39M       295M
-/+ buffers/cache:       2.1G       1.8G
Swap:         8.0G         0B       8.0G

             total       used       free     shared    buffers     cached
Mem:          3.9G       2.4G       1.5G       1.5M        39M       295M
-/+ buffers/cache:       2.1G       1.8G
Swap:         8.0G         0B       8.0G

             total       used       free     shared    buffers     cached
Mem:          3.9G       2.4G       1.4G       1.5M        39M       295M
-/+ buffers/cache:       2.1G       1.8G
Swap:         8.0G         0B       8.0G

             total       used       free     shared    buffers     cached
Mem:          3.9G       2.4G       1.4G       1.5M        39M       295M
-/+ buffers/cache:       2.1G       1.8G
Swap:         8.0G         0B       8.0G

             total       used       free     shared    buffers     cached
Mem:          3.9G       2.4G       1.4G       1.5M        39M       295M
-/+ buffers/cache:       2.1G       1.7G
Swap:         8.0G         0B       8.0G

             total       used       free     shared    buffers     cached
Mem:          3.9G       2.5G       1.4G       1.5M        39M       295M
-/+ buffers/cache:       2.1G       1.7G
Swap:         8.0G         0B       8.0G

             total       used       free     shared    buffers     cached
Mem:          3.9G       2.5G       1.4G       1.5M        39M       295M
-/+ buffers/cache:       2.1G       1.7G
Swap:         8.0G         0B       8.0G

             total       used       free     shared    buffers     cached
Mem:          3.9G       2.5G       1.4G       1.5M        39M       295M
-/+ buffers/cache:       2.1G       1.7G
Swap:         8.0G         0B       8.0G

             total       used       free     shared    buffers     cached
Mem:          3.9G       2.5G       1.4G       1.5M        39M       295M
-/+ buffers/cache:       2.2G       1.7G
Swap:         8.0G         0B       8.0G

             total       used       free     shared    buffers     cached
Mem:          3.9G       2.5G       1.4G       1.5M        39M       295M
-/+ buffers/cache:       2.2G       1.7G
Swap:         8.0G         0B       8.0G

             total       used       free     shared    buffers     cached
Mem:          3.9G       2.5G       1.3G       1.5M        39M       295M
-/+ buffers/cache:       2.2G       1.7G
Swap:         8.0G         0B       8.0G

             total       used       free     shared    buffers     cached
Mem:          3.9G       2.5G       1.3G       1.5M        39M       295M
-/+ buffers/cache:       2.2G       1.7G
Swap:         8.0G         0B       8.0G

             total       used       free     shared    buffers     cached
Mem:          3.9G       2.5G       1.3G       1.5M        39M       295M
-/+ buffers/cache:       2.2G       1.6G
Swap:         8.0G         0B       8.0G

             total       used       free     shared    buffers     cached
Mem:          3.9G       2.6G       1.3G       1.5M        39M       295M
-/+ buffers/cache:       2.2G       1.6G
Swap:         8.0G         0B       8.0G

             total       used       free     shared    buffers     cached
Mem:          3.9G       2.6G       1.3G       1.5M        39M       295M
-/+ buffers/cache:       2.2G       1.6G
Swap:         8.0G         0B       8.0G

             total       used       free     shared    buffers     cached
Mem:          3.9G       2.6G       1.3G       1.5M        39M       295M
-/+ buffers/cache:       2.3G       1.6G
Swap:         8.0G         0B       8.0G

             total       used       free     shared    buffers     cached
Mem:          3.9G       2.6G       1.3G       1.5M        39M       295M
-/+ buffers/cache:       2.3G       1.6G
Swap:         8.0G         0B       8.0G

             total       used       free     shared    buffers     cached
Mem:          3.9G       2.6G       1.2G       1.5M        39M       295M
-/+ buffers/cache:       2.3G       1.6G
Swap:         8.0G         0B       8.0G

             total       used       free     shared    buffers     cached
Mem:          3.9G       2.6G       1.2G       1.5M        39M       295M
-/+ buffers/cache:       2.3G       1.6G
Swap:         8.0G         0B       8.0G

             total       used       free     shared    buffers     cached
Mem:          3.9G       2.6G       1.2G       1.5M        39M       295M
-/+ buffers/cache:       2.3G       1.5G
Swap:         8.0G         0B       8.0G

             total       used       free     shared    buffers     cached
Mem:          3.9G       2.7G       1.2G       1.5M        39M       295M
-/+ buffers/cache:       2.3G       1.5G
Swap:         8.0G         0B       8.0G

             total       used       free     shared    buffers     cached
Mem:          3.9G       2.7G       1.2G       1.5M        39M       295M
-/+ buffers/cache:       2.3G       1.5G
Swap:         8.0G         0B       8.0G

             total       used       free     shared    buffers     cached
Mem:          3.9G       2.7G       1.2G       1.5M        39M       295M
-/+ buffers/cache:       2.4G       1.5G
Swap:         8.0G         0B       8.0G

             total       used       free     shared    buffers     cached
Mem:          3.9G       2.7G       1.2G       1.5M        39M       295M
-/+ buffers/cache:       2.4G       1.5G
Swap:         8.0G         0B       8.0G

             total       used       free     shared    buffers     cached
Mem:          3.9G       2.7G       1.1G       1.5M        39M       295M
-/+ buffers/cache:       2.4G       1.5G
Swap:         8.0G         0B       8.0G

             total       used       free     shared    buffers     cached
Mem:          3.9G       2.7G       1.1G       1.5M        39M       295M
-/+ buffers/cache:       2.4G       1.5G
Swap:         8.0G         0B       8.0G

             total       used       free     shared    buffers     cached
Mem:          3.9G       2.7G       1.1G       1.5M        39M       295M
-/+ buffers/cache:       2.4G       1.4G
Swap:         8.0G         0B       8.0G

             total       used       free     shared    buffers     cached
Mem:          3.9G       2.8G       1.1G       1.5M        39M       295M
-/+ buffers/cache:       2.4G       1.4G
Swap:         8.0G         0B       8.0G

             total       used       free     shared    buffers     cached
Mem:          3.9G       2.8G       1.1G       1.5M        39M       295M
-/+ buffers/cache:       2.4G       1.4G
Swap:         8.0G         0B       8.0G

             total       used       free     shared    buffers     cached
Mem:          3.9G       2.8G       1.1G       1.5M        39M       295M
-/+ buffers/cache:       2.5G       1.4G
Swap:         8.0G         0B       8.0G

             total       used       free     shared    buffers     cached
Mem:          3.9G       2.8G       1.1G       1.5M        39M       295M
-/+ buffers/cache:       2.5G       1.4G
Swap:         8.0G         0B       8.0G

             total       used       free     shared    buffers     cached
Mem:          3.9G       2.8G       1.1G       1.5M        39M       295M
-/+ buffers/cache:       2.5G       1.4G
Swap:         8.0G         0B       8.0G

             total       used       free     shared    buffers     cached
Mem:          3.9G       2.8G       1.0G       1.5M        39M       295M
-/+ buffers/cache:       2.5G       1.4G
Swap:         8.0G         0B       8.0G

             total       used       free     shared    buffers     cached
Mem:          3.9G       2.8G       1.0G       1.5M        39M       295M
-/+ buffers/cache:       2.5G       1.4G
Swap:         8.0G         0B       8.0G

             total       used       free     shared    buffers     cached
Mem:          3.9G       2.8G       1.0G       1.5M        39M       295M
-/+ buffers/cache:       2.5G       1.3G
Swap:         8.0G         0B       8.0G

             total       used       free     shared    buffers     cached
Mem:          3.9G       2.8G       1.0G       1.5M        39M       295M
-/+ buffers/cache:       2.5G       1.3G
Swap:         8.0G         0B       8.0G

             total       used       free     shared    buffers     cached
Mem:          3.9G       2.9G       1.0G       1.5M        39M       295M
-/+ buffers/cache:       2.5G       1.3G
Swap:         8.0G         0B       8.0G

             total       used       free     shared    buffers     cached
Mem:          3.9G       2.9G       1.0G       1.5M        39M       295M
-/+ buffers/cache:       2.5G       1.3G
Swap:         8.0G         0B       8.0G

             total       used       free     shared    buffers     cached
Mem:          3.9G       2.9G       1.0G       1.5M        39M       295M
-/+ buffers/cache:       2.6G       1.3G
Swap:         8.0G         0B       8.0G

             total       used       free     shared    buffers     cached
Mem:          3.9G       2.9G       984M       2.1M        39M       296M
-/+ buffers/cache:       2.6G       1.3G
Swap:         8.0G         0B       8.0G

             total       used       free     shared    buffers     cached
Mem:          3.9G       2.9G       973M       2.1M        39M       296M
-/+ buffers/cache:       2.6G       1.3G
Swap:         8.0G         0B       8.0G

             total       used       free     shared    buffers     cached
Mem:          3.9G       2.9G       961M       2.1M        39M       296M
-/+ buffers/cache:       2.6G       1.3G
Swap:         8.0G         0B       8.0G

             total       used       free     shared    buffers     cached
Mem:          3.9G       2.9G       951M       2.1M        39M       296M
-/+ buffers/cache:       2.6G       1.3G
Swap:         8.0G         0B       8.0G

             total       used       free     shared    buffers     cached
Mem:          3.9G       2.9G       939M       2.1M        39M       296M
-/+ buffers/cache:       2.6G       1.2G
Swap:         8.0G         0B       8.0G

             total       used       free     shared    buffers     cached
Mem:          3.9G       3.0G       929M       2.1M        39M       296M
-/+ buffers/cache:       2.6G       1.2G
Swap:         8.0G         0B       8.0G

             total       used       free     shared    buffers     cached
Mem:          3.9G       3.0G       917M       2.1M        39M       296M
-/+ buffers/cache:       2.6G       1.2G
Swap:         8.0G         0B       8.0G

             total       used       free     shared    buffers     cached
Mem:          3.9G       3.0G       905M       2.1M        39M       296M
-/+ buffers/cache:       2.6G       1.2G
Swap:         8.0G         0B       8.0G

             total       used       free     shared    buffers     cached
Mem:          3.9G       3.0G       894M       2.1M        39M       296M
-/+ buffers/cache:       2.7G       1.2G
Swap:         8.0G         0B       8.0G

             total       used       free     shared    buffers     cached
Mem:          3.9G       3.0G       882M       2.1M        39M       296M
-/+ buffers/cache:       2.7G       1.2G
Swap:         8.0G         0B       8.0G

             total       used       free     shared    buffers     cached
Mem:          3.9G       3.0G       875M       2.1M        39M       296M
-/+ buffers/cache:       2.7G       1.2G
Swap:         8.0G         0B       8.0G

             total       used       free     shared    buffers     cached
Mem:          3.9G       3.0G       859M       2.1M        39M       296M
-/+ buffers/cache:       2.7G       1.2G
Swap:         8.0G         0B       8.0G

             total       used       free     shared    buffers     cached
Mem:          3.9G       3.0G       841M       2.1M        39M       296M
-/+ buffers/cache:       2.7G       1.2G
Swap:         8.0G         0B       8.0G

             total       used       free     shared    buffers     cached
Mem:          3.9G       3.1G       823M       2.1M        39M       296M
-/+ buffers/cache:       2.7G       1.1G
Swap:         8.0G         0B       8.0G

             total       used       free     shared    buffers     cached
Mem:          3.9G       3.1G       805M       2.1M        39M       296M
-/+ buffers/cache:       2.7G       1.1G
Swap:         8.0G         0B       8.0G

             total       used       free     shared    buffers     cached
Mem:          3.9G       3.1G       787M       2.1M        39M       296M
-/+ buffers/cache:       2.8G       1.1G
Swap:         8.0G         0B       8.0G

             total       used       free     shared    buffers     cached
Mem:          3.9G       3.1G       769M       2.1M        39M       296M
-/+ buffers/cache:       2.8G       1.1G
Swap:         8.0G         0B       8.0G

             total       used       free     shared    buffers     cached
Mem:          3.9G       3.1G       750M       2.1M        39M       296M
-/+ buffers/cache:       2.8G       1.1G
Swap:         8.0G         0B       8.0G

             total       used       free     shared    buffers     cached
Mem:          3.9G       3.1G       731M       2.1M        39M       296M
-/+ buffers/cache:       2.8G       1.0G
Swap:         8.0G         0B       8.0G

             total       used       free     shared    buffers     cached
Mem:          3.9G       3.2G       715M       2.1M        39M       296M
-/+ buffers/cache:       2.8G       1.0G
Swap:         8.0G         0B       8.0G

             total       used       free     shared    buffers     cached
Mem:          3.9G       3.2G       696M       2.1M        39M       296M
-/+ buffers/cache:       2.8G       1.0G
Swap:         8.0G         0B       8.0G

             total       used       free     shared    buffers     cached
Mem:          3.9G       3.2G       679M       2.1M        39M       296M
-/+ buffers/cache:       2.9G       1.0G
Swap:         8.0G         0B       8.0G

             total       used       free     shared    buffers     cached
Mem:          3.9G       3.2G       660M       2.1M        39M       296M
-/+ buffers/cache:       2.9G       997M
Swap:         8.0G         0B       8.0G

             total       used       free     shared    buffers     cached
Mem:          3.9G       3.2G       642M       2.1M        39M       296M
-/+ buffers/cache:       2.9G       979M
Swap:         8.0G         0B       8.0G

             total       used       free     shared    buffers     cached
Mem:          3.9G       3.3G       623M       2.1M        39M       296M
-/+ buffers/cache:       2.9G       960M
Swap:         8.0G         0B       8.0G

             total       used       free     shared    buffers     cached
Mem:          3.9G       3.3G       606M       2.1M        39M       296M
-/+ buffers/cache:       2.9G       943M
Swap:         8.0G         0B       8.0G

             total       used       free     shared    buffers     cached
Mem:          3.9G       3.3G       588M       2.1M        39M       296M
-/+ buffers/cache:       3.0G       924M
Swap:         8.0G         0B       8.0G

             total       used       free     shared    buffers     cached
Mem:          3.9G       3.3G       570M       2.1M        39M       296M
-/+ buffers/cache:       3.0G       906M
Swap:         8.0G         0B       8.0G

             total       used       free     shared    buffers     cached
Mem:          3.9G       3.3G       554M       2.1M        39M       296M
-/+ buffers/cache:       3.0G       890M
Swap:         8.0G         0B       8.0G

             total       used       free     shared    buffers     cached
Mem:          3.9G       3.3G       536M       2.1M        39M       296M
-/+ buffers/cache:       3.0G       872M
Swap:         8.0G         0B       8.0G

             total       used       free     shared    buffers     cached
Mem:          3.9G       3.4G       520M       2.1M        39M       296M
-/+ buffers/cache:       3.0G       856M
Swap:         8.0G         0B       8.0G

             total       used       free     shared    buffers     cached
Mem:          3.9G       3.4G       502M       2.1M        39M       296M
-/+ buffers/cache:       3.0G       838M
Swap:         8.0G         0B       8.0G

             total       used       free     shared    buffers     cached
Mem:          3.9G       3.4G       484M       2.1M        39M       296M
-/+ buffers/cache:       3.1G       820M
Swap:         8.0G         0B       8.0G

             total       used       free     shared    buffers     cached
Mem:          3.9G       3.4G       471M       2.1M        39M       296M
-/+ buffers/cache:       3.1G       807M
Swap:         8.0G         0B       8.0G

             total       used       free     shared    buffers     cached
Mem:          3.9G       3.4G       454M       2.1M        39M       296M
-/+ buffers/cache:       3.1G       790M
Swap:         8.0G         0B       8.0G

             total       used       free     shared    buffers     cached
Mem:          3.9G       3.4G       437M       2.1M        39M       296M
-/+ buffers/cache:       3.1G       773M
Swap:         8.0G         0B       8.0G

             total       used       free     shared    buffers     cached
Mem:          3.9G       3.4G       420M       2.1M        39M       296M
-/+ buffers/cache:       3.1G       756M
Swap:         8.0G         0B       8.0G

             total       used       free     shared    buffers     cached
Mem:          3.9G       3.5G       402M       2.1M        39M       296M
-/+ buffers/cache:       3.1G       738M
Swap:         8.0G         0B       8.0G

             total       used       free     shared    buffers     cached
Mem:          3.9G       3.5G       385M       2.1M        39M       296M
-/+ buffers/cache:       3.2G       721M
Swap:         8.0G         0B       8.0G

             total       used       free     shared    buffers     cached
Mem:          3.9G       3.5G       367M       2.1M        39M       296M
-/+ buffers/cache:       3.2G       703M
Swap:         8.0G         0B       8.0G

             total       used       free     shared    buffers     cached
Mem:          3.9G       3.5G       350M       2.1M        39M       296M
-/+ buffers/cache:       3.2G       686M
Swap:         8.0G         0B       8.0G

             total       used       free     shared    buffers     cached
Mem:          3.9G       3.5G       332M       2.1M        39M       296M
-/+ buffers/cache:       3.2G       668M
Swap:         8.0G         0B       8.0G

             total       used       free     shared    buffers     cached
Mem:          3.9G       3.6G       312M       2.1M        39M       296M
-/+ buffers/cache:       3.2G       649M
Swap:         8.0G         0B       8.0G

             total       used       free     shared    buffers     cached
Mem:          3.9G       3.6G       295M       2.1M        39M       296M
-/+ buffers/cache:       3.2G       631M
Swap:         8.0G         0B       8.0G

             total       used       free     shared    buffers     cached
Mem:          3.9G       3.6G       279M       2.1M        39M       296M
-/+ buffers/cache:       3.3G       615M
Swap:         8.0G         0B       8.0G

             total       used       free     shared    buffers     cached
Mem:          3.9G       3.6G       259M       2.1M        39M       296M
-/+ buffers/cache:       3.3G       596M
Swap:         8.0G         0B       8.0G

             total       used       free     shared    buffers     cached
Mem:          3.9G       3.6G       241M       2.1M        39M       296M
-/+ buffers/cache:       3.3G       578M
Swap:         8.0G         0B       8.0G

             total       used       free     shared    buffers     cached
Mem:          3.9G       3.6G       223M       2.1M        39M       296M
-/+ buffers/cache:       3.3G       560M
Swap:         8.0G         0B       8.0G

             total       used       free     shared    buffers     cached
Mem:          3.9G       3.7G       206M       2.1M        39M       296M
-/+ buffers/cache:       3.3G       542M
Swap:         8.0G         0B       8.0G

             total       used       free     shared    buffers     cached
Mem:          3.9G       3.7G       189M       2.1M        39M       296M
-/+ buffers/cache:       3.3G       525M
Swap:         8.0G         0B       8.0G

             total       used       free     shared    buffers     cached
Mem:          3.9G       3.7G       171M       2.1M        39M       296M
-/+ buffers/cache:       3.4G       508M
Swap:         8.0G         0B       8.0G

             total       used       free     shared    buffers     cached
Mem:          3.9G       3.7G       152M       2.1M        39M       296M
-/+ buffers/cache:       3.4G       489M
Swap:         8.0G         0B       8.0G

             total       used       free     shared    buffers     cached
Mem:          3.9G       3.7G       135M       2.1M        39M       296M
-/+ buffers/cache:       3.4G       472M
Swap:         8.0G         0B       8.0G

             total       used       free     shared    buffers     cached
Mem:          3.9G       3.7G       118M       2.1M        39M       296M
-/+ buffers/cache:       3.4G       455M
Swap:         8.0G         0B       8.0G

             total       used       free     shared    buffers     cached
Mem:          3.9G       3.8G       102M       2.1M        39M       296M
-/+ buffers/cache:       3.4G       439M
Swap:         8.0G         0B       8.0G

             total       used       free     shared    buffers     cached
Mem:          3.9G       3.8G       109M       2.1M        14M       295M
-/+ buffers/cache:       3.4G       420M
Swap:         8.0G         0B       8.0G

             total       used       free     shared    buffers     cached
Mem:          3.9G       3.7G       113M       2.0M        11M       277M
-/+ buffers/cache:       3.5G       402M
Swap:         8.0G       100K       8.0G

             total       used       free     shared    buffers     cached
Mem:          3.9G       3.7G       118M       1.9M        10M       246M
-/+ buffers/cache:       3.5G       375M
Swap:         8.0G       1.8M       8.0G

             total       used       free     shared    buffers     cached
Mem:          3.9G       3.7G       111M       1.9M        10M       246M
-/+ buffers/cache:       3.5G       369M
Swap:         8.0G       1.8M       8.0G

             total       used       free     shared    buffers     cached
Mem:          3.9G       3.7G       135M       1.6M       5.4M       211M
-/+ buffers/cache:       3.5G       351M
Swap:         8.0G        29M       8.0G

             total       used       free     shared    buffers     cached
Mem:          3.9G       3.7G       119M       1.5M       5.5M       211M
-/+ buffers/cache:       3.5G       335M
Swap:         8.0G        28M       8.0G

             total       used       free     shared    buffers     cached
Mem:          3.9G       3.7G       128M       1.5M       1.9M       189M
-/+ buffers/cache:       3.5G       319M
Swap:         8.0G        28M       8.0G

             total       used       free     shared    buffers     cached
Mem:          3.9G       3.7G       111M       1.5M       1.9M       189M
-/+ buffers/cache:       3.6G       302M
Swap:         8.0G        27M       8.0G

             total       used       free     shared    buffers     cached
Mem:          3.9G       3.7G       121M       1.5M       1.6M       166M
-/+ buffers/cache:       3.6G       289M
Swap:         8.0G        27M       8.0G

             total       used       free     shared    buffers     cached
Mem:          3.9G       3.8G       107M       1.5M       1.6M       166M
-/+ buffers/cache:       3.6G       276M
Swap:         8.0G        27M       8.0G

             total       used       free     shared    buffers     cached
Mem:          3.9G       3.7G       131M       1.5M       344K       129M
-/+ buffers/cache:       3.6G       262M
Swap:         8.0G        27M       8.0G

             total       used       free     shared    buffers     cached
Mem:          3.9G       3.7G       117M       1.5M       356K       129M
-/+ buffers/cache:       3.6G       248M
Swap:         8.0G        27M       8.0G

             total       used       free     shared    buffers     cached
Mem:          3.9G       3.7G       132M       1.5M       356K       101M
-/+ buffers/cache:       3.6G       234M
Swap:         8.0G        27M       8.0G

             total       used       free     shared    buffers     cached
Mem:          3.9G       3.7G       119M       1.5M       356K       101M
-/+ buffers/cache:       3.6G       220M
Swap:         8.0G        27M       8.0G

             total       used       free     shared    buffers     cached
Mem:          3.9G       3.8G       104M       1.5M       360K       101M
-/+ buffers/cache:       3.7G       205M
Swap:         8.0G        27M       8.0G

             total       used       free     shared    buffers     cached
Mem:          3.9G       3.7G       116M       1.5M       360K        78M
-/+ buffers/cache:       3.7G       195M
Swap:         8.0G        27M       8.0G

             total       used       free     shared    buffers     cached
Mem:          3.9G       3.8G       105M       1.5M       368K        78M
-/+ buffers/cache:       3.7G       184M
Swap:         8.0G        27M       8.0G

             total       used       free     shared    buffers     cached
Mem:          3.9G       3.7G       118M       5.2M       5.4M        53M
-/+ buffers/cache:       3.7G       177M
Swap:         8.0G        26M       8.0G

             total       used       free     shared    buffers     cached
Mem:          3.9G       3.7G       112M       5.0M       3.3M        47M
-/+ buffers/cache:       3.7G       163M
Swap:         8.0G        83M       7.9G

             total       used       free     shared    buffers     cached
Mem:          3.9G       3.7G       115M       5.0M       1.2M        36M
-/+ buffers/cache:       3.7G       152M
Swap:         8.0G        83M       7.9G

             total       used       free     shared    buffers     cached
Mem:          3.9G       3.7G       121M       1.3M       256K        40M
-/+ buffers/cache:       3.7G       161M
Swap:         8.0G        83M       7.9G

             total       used       free     shared    buffers     cached
Mem:          3.9G       3.7G       115M       1.3M       1.4M        52M
-/+ buffers/cache:       3.7G       169M
Swap:         8.0G        81M       7.9G

             total       used       free     shared    buffers     cached
Mem:          3.9G       3.7G       119M       1.2M       384K        37M
-/+ buffers/cache:       3.7G       157M
Swap:         8.0G       247M       7.8G

             total       used       free     shared    buffers     cached
Mem:          3.9G       3.8G       111M       1.2M       384K        37M
-/+ buffers/cache:       3.7G       149M
Swap:         8.0G       247M       7.8G

             total       used       free     shared    buffers     cached
Mem:          3.9G       3.7G       120M       1.2M       120K        22M
-/+ buffers/cache:       3.7G       142M
Swap:         8.0G       247M       7.8G

             total       used       free     shared    buffers     cached
Mem:          3.9G       3.7G       115M       1.2M       272K        23M
-/+ buffers/cache:       3.7G       139M
Swap:         8.0G       247M       7.8G

             total       used       free     shared    buffers     cached
Mem:          3.9G       3.8G       106M       1.2M       704K        23M
-/+ buffers/cache:       3.7G       131M
Swap:         8.0G       247M       7.8G

             total       used       free     shared    buffers     cached
Mem:          3.9G       3.7G       167M       1.2M       688K        11M
-/+ buffers/cache:       3.7G       180M
Swap:         8.0G       247M       7.8G

             total       used       free     shared    buffers     cached
Mem:          3.9G       3.7G       153M       1.2M       688K        11M
-/+ buffers/cache:       3.7G       166M
Swap:         8.0G       247M       7.8G

             total       used       free     shared    buffers     cached
Mem:          3.9G       3.7G       142M       1.2M       688K        11M
-/+ buffers/cache:       3.7G       154M
Swap:         8.0G       247M       7.8G

             total       used       free     shared    buffers     cached
Mem:          3.9G       3.7G       130M       1.2M       952K        11M
-/+ buffers/cache:       3.7G       142M
Swap:         8.0G       247M       7.8G

             total       used       free     shared    buffers     cached
Mem:          3.9G       3.7G       111M       1.2M       960K        20M
-/+ buffers/cache:       3.7G       133M
Swap:         8.0G       247M       7.8G

             total       used       free     shared    buffers     cached
Mem:          3.9G       3.7G       174M       1.2M       904K        16M
-/+ buffers/cache:       3.7G       191M
Swap:         8.0G       247M       7.8G

             total       used       free     shared    buffers     cached
Mem:          3.9G       3.7G       162M       1.2M       1.2M        17M
-/+ buffers/cache:       3.7G       181M
Swap:         8.0G       247M       7.8G

             total       used       free     shared    buffers     cached
Mem:          3.9G       3.7G       153M       1.2M       1.2M        17M
-/+ buffers/cache:       3.7G       172M
Swap:         8.0G       244M       7.8G

             total       used       free     shared    buffers     cached
Mem:          3.9G       3.7G       145M       1.2M       1.2M        17M
-/+ buffers/cache:       3.7G       164M
Swap:         8.0G       235M       7.8G

             total       used       free     shared    buffers     cached
Mem:          3.9G       3.7G       137M       1.2M       1.2M        17M
-/+ buffers/cache:       3.7G       156M
Swap:         8.0G       227M       7.8G

             total       used       free     shared    buffers     cached
Mem:          3.9G       3.7G       131M       1.2M       1.2M        17M
-/+ buffers/cache:       3.7G       150M
Swap:         8.0G       221M       7.8G

             total       used       free     shared    buffers     cached
Mem:          3.9G       3.7G       124M       1.2M       1.2M        17M
-/+ buffers/cache:       3.7G       143M
Swap:         8.0G       215M       7.8G

             total       used       free     shared    buffers     cached
Mem:          3.9G       3.7G       117M       1.2M       1.2M        17M
-/+ buffers/cache:       3.7G       137M
Swap:         8.0G       211M       7.8G

             total       used       free     shared    buffers     cached
Mem:          3.9G       3.8G       111M       1.2M       1.2M        17M
-/+ buffers/cache:       3.7G       130M
Swap:         8.0G       208M       7.8G

             total       used       free     shared    buffers     cached
Mem:          3.9G       3.8G       105M       1.2M       1.2M        17M
-/+ buffers/cache:       3.7G       124M
Swap:         8.0G       207M       7.8G

             total       used       free     shared    buffers     cached
Mem:          3.9G       3.7G       131M       1.2M       1.2M        17M
-/+ buffers/cache:       3.7G       150M
Swap:         8.0G       219M       7.8G

             total       used       free     shared    buffers     cached
Mem:          3.9G       3.7G       113M       1.2M       1.2M        17M
-/+ buffers/cache:       3.7G       132M
Swap:         8.0G       219M       7.8G

             total       used       free     shared    buffers     cached
Mem:          3.9G       3.7G       141M       1.2M       108K       9.7M
-/+ buffers/cache:       3.7G       151M
Swap:         8.0G       247M       7.8G

             total       used       free     shared    buffers     cached
Mem:          3.9G       3.7G       121M       1.2M       108K       9.8M
-/+ buffers/cache:       3.7G       131M
Swap:         8.0G       247M       7.8G

             total       used       free     shared    buffers     cached
Mem:          3.9G       3.8G       103M       1.2M       108K       9.8M
-/+ buffers/cache:       3.7G       113M
Swap:         8.0G       247M       7.8G

             total       used       free     shared    buffers     cached
Mem:          3.9G       3.8G        96M       1.2M       120K       9.0M
-/+ buffers/cache:       3.8G       105M
Swap:         8.0G       506M       7.5G

             total       used       free     shared    buffers     cached
Mem:          3.9G       3.7G       145M       1.2M       136K       9.5M
-/+ buffers/cache:       3.7G       155M
Swap:         8.0G       672M       7.3G

             total       used       free     shared    buffers     cached
Mem:          3.9G       3.7G       153M       1.2M       272K       9.7M
-/+ buffers/cache:       3.7G       163M
Swap:         8.0G       748M       7.3G

             total       used       free     shared    buffers     cached
Mem:          3.9G       3.7G       156M       1.2M       276K         9M
-/+ buffers/cache:       3.7G       166M
Swap:         8.0G       748M       7.3G

             total       used       free     shared    buffers     cached
Mem:          3.9G       3.7G       158M       1.2M       292K        10M
-/+ buffers/cache:       3.7G       169M
Swap:         8.0G       747M       7.3G

             total       used       free     shared    buffers     cached
Mem:          3.9G       3.7G       144M       1.2M       452K        27M
-/+ buffers/cache:       3.7G       172M
Swap:         8.0G       746M       7.3G

             total       used       free     shared    buffers     cached
Mem:          3.9G       3.7G       134M       1.2M       452K        27M
-/+ buffers/cache:       3.7G       162M
Swap:         8.0G       746M       7.3G

             total       used       free     shared    buffers     cached
Mem:          3.9G       3.7G       124M       1.2M       456K        27M
-/+ buffers/cache:       3.7G       152M
Swap:         8.0G       746M       7.3G

             total       used       free     shared    buffers     cached
Mem:          3.9G       3.7G       115M       1.2M       456K        27M
-/+ buffers/cache:       3.7G       143M
Swap:         8.0G       746M       7.3G

             total       used       free     shared    buffers     cached
Mem:          3.9G       3.8G       106M       1.2M       456K        27M
-/+ buffers/cache:       3.7G       134M
Swap:         8.0G       746M       7.3G

             total       used       free     shared    buffers     cached
Mem:          3.9G       3.8G       106M       1.2M       464K        27M
-/+ buffers/cache:       3.7G       134M
Swap:         8.0G       746M       7.3G

             total       used       free     shared    buffers     cached
Mem:          3.9G       3.7G       140M       1.2M       5.1M        42M
-/+ buffers/cache:       3.7G       188M
Swap:         8.0G       744M       7.3G

             total       used       free     shared    buffers     cached
Mem:          3.9G       3.7G       134M       1.3M       5.4M        44M
-/+ buffers/cache:       3.7G       185M
Swap:         8.0G       744M       7.3G
