             total       used       free     shared    buffers     cached
Mem:          2.0G       660M       1.3G       3.2M        38M       289M
-/+ buffers/cache:       331M       1.6G
Swap:         8.0G         0B       8.0G

             total       used       free     shared    buffers     cached
Mem:          2.0G       659M       1.3G       3.2M        38M       289M
-/+ buffers/cache:       331M       1.6G
Swap:         8.0G         0B       8.0G

             total       used       free     shared    buffers     cached
Mem:          2.0G       659M       1.3G       3.2M        38M       289M
-/+ buffers/cache:       330M       1.6G
Swap:         8.0G         0B       8.0G

             total       used       free     shared    buffers     cached
Mem:          2.0G       659M       1.3G       3.2M        38M       289M
-/+ buffers/cache:       330M       1.6G
Swap:         8.0G         0B       8.0G

             total       used       free     shared    buffers     cached
Mem:          2.0G       659M       1.3G       3.2M        38M       289M
-/+ buffers/cache:       330M       1.6G
Swap:         8.0G         0B       8.0G

             total       used       free     shared    buffers     cached
Mem:          2.0G       659M       1.3G       3.2M        38M       289M
-/+ buffers/cache:       330M       1.6G
Swap:         8.0G         0B       8.0G

             total       used       free     shared    buffers     cached
Mem:          2.0G       662M       1.3G       3.2M        38M       289M
-/+ buffers/cache:       333M       1.6G
Swap:         8.0G         0B       8.0G

             total       used       free     shared    buffers     cached
Mem:          2.0G       679M       1.3G       3.2M        38M       290M
-/+ buffers/cache:       350M       1.6G
Swap:         8.0G         0B       8.0G

             total       used       free     shared    buffers     cached
Mem:          2.0G       665M       1.3G       3.2M        38M       290M
-/+ buffers/cache:       336M       1.6G
Swap:         8.0G         0B       8.0G

             total       used       free     shared    buffers     cached
Mem:          2.0G       665M       1.3G       3.2M        38M       290M
-/+ buffers/cache:       336M       1.6G
Swap:         8.0G         0B       8.0G

             total       used       free     shared    buffers     cached
Mem:          2.0G       666M       1.3G       3.2M        38M       291M
-/+ buffers/cache:       336M       1.6G
Swap:         8.0G         0B       8.0G

             total       used       free     shared    buffers     cached
Mem:          2.0G       668M       1.3G       3.2M        38M       291M
-/+ buffers/cache:       337M       1.6G
Swap:         8.0G         0B       8.0G

             total       used       free     shared    buffers     cached
Mem:          2.0G       668M       1.3G       3.2M        38M       291M
-/+ buffers/cache:       337M       1.6G
Swap:         8.0G         0B       8.0G

             total       used       free     shared    buffers     cached
Mem:          2.0G       668M       1.3G       3.2M        38M       291M
-/+ buffers/cache:       337M       1.6G
Swap:         8.0G         0B       8.0G

             total       used       free     shared    buffers     cached
Mem:          2.0G       668M       1.3G       3.2M        38M       291M
-/+ buffers/cache:       337M       1.6G
Swap:         8.0G         0B       8.0G

             total       used       free     shared    buffers     cached
Mem:          2.0G       668M       1.3G       3.2M        38M       291M
-/+ buffers/cache:       337M       1.6G
Swap:         8.0G         0B       8.0G

             total       used       free     shared    buffers     cached
Mem:          2.0G       668M       1.3G       3.2M        38M       291M
-/+ buffers/cache:       337M       1.6G
Swap:         8.0G         0B       8.0G

             total       used       free     shared    buffers     cached
Mem:          2.0G       668M       1.3G       3.2M        38M       291M
-/+ buffers/cache:       337M       1.6G
Swap:         8.0G         0B       8.0G

             total       used       free     shared    buffers     cached
Mem:          2.0G       668M       1.3G       3.2M        38M       291M
-/+ buffers/cache:       337M       1.6G
Swap:         8.0G         0B       8.0G

             total       used       free     shared    buffers     cached
Mem:          2.0G       668M       1.3G       3.2M        38M       291M
-/+ buffers/cache:       337M       1.6G
Swap:         8.0G         0B       8.0G

             total       used       free     shared    buffers     cached
Mem:          2.0G       668M       1.3G       3.2M        38M       291M
-/+ buffers/cache:       337M       1.6G
Swap:         8.0G         0B       8.0G

             total       used       free     shared    buffers     cached
Mem:          2.0G       669M       1.3G       3.2M        38M       291M
-/+ buffers/cache:       338M       1.6G
Swap:         8.0G         0B       8.0G

             total       used       free     shared    buffers     cached
Mem:          2.0G       669M       1.3G       3.2M        38M       291M
-/+ buffers/cache:       338M       1.6G
Swap:         8.0G         0B       8.0G

             total       used       free     shared    buffers     cached
Mem:          2.0G       669M       1.3G       3.2M        38M       291M
-/+ buffers/cache:       338M       1.6G
Swap:         8.0G         0B       8.0G

             total       used       free     shared    buffers     cached
Mem:          2.0G       669M       1.3G       3.2M        38M       291M
-/+ buffers/cache:       338M       1.6G
Swap:         8.0G         0B       8.0G

             total       used       free     shared    buffers     cached
Mem:          2.0G       669M       1.3G       3.2M        38M       291M
-/+ buffers/cache:       338M       1.6G
Swap:         8.0G         0B       8.0G

             total       used       free     shared    buffers     cached
Mem:          2.0G       669M       1.3G       3.2M        38M       291M
-/+ buffers/cache:       338M       1.6G
Swap:         8.0G         0B       8.0G

             total       used       free     shared    buffers     cached
Mem:          2.0G       669M       1.3G       3.2M        38M       291M
-/+ buffers/cache:       338M       1.6G
Swap:         8.0G         0B       8.0G

             total       used       free     shared    buffers     cached
Mem:          2.0G       669M       1.3G       3.2M        38M       291M
-/+ buffers/cache:       338M       1.6G
Swap:         8.0G         0B       8.0G

             total       used       free     shared    buffers     cached
Mem:          2.0G       669M       1.3G       3.2M        38M       291M
-/+ buffers/cache:       338M       1.6G
Swap:         8.0G         0B       8.0G

             total       used       free     shared    buffers     cached
Mem:          2.0G       669M       1.3G       3.2M        38M       291M
-/+ buffers/cache:       338M       1.6G
Swap:         8.0G         0B       8.0G

             total       used       free     shared    buffers     cached
Mem:          2.0G       669M       1.3G       3.2M        38M       291M
-/+ buffers/cache:       338M       1.6G
Swap:         8.0G         0B       8.0G

             total       used       free     shared    buffers     cached
Mem:          2.0G       669M       1.3G       3.2M        38M       291M
-/+ buffers/cache:       338M       1.6G
Swap:         8.0G         0B       8.0G

             total       used       free     shared    buffers     cached
Mem:          2.0G       676M       1.3G       3.2M        38M       291M
-/+ buffers/cache:       345M       1.6G
Swap:         8.0G         0B       8.0G

             total       used       free     shared    buffers     cached
Mem:          2.0G       691M       1.3G       3.2M        38M       291M
-/+ buffers/cache:       360M       1.6G
Swap:         8.0G         0B       8.0G

             total       used       free     shared    buffers     cached
Mem:          2.0G       705M       1.3G       3.2M        38M       291M
-/+ buffers/cache:       374M       1.6G
Swap:         8.0G         0B       8.0G

             total       used       free     shared    buffers     cached
Mem:          2.0G       722M       1.2G       3.2M        38M       291M
-/+ buffers/cache:       391M       1.6G
Swap:         8.0G         0B       8.0G

             total       used       free     shared    buffers     cached
Mem:          2.0G       737M       1.2G       3.2M        38M       291M
-/+ buffers/cache:       406M       1.6G
Swap:         8.0G         0B       8.0G

             total       used       free     shared    buffers     cached
Mem:          2.0G       751M       1.2G       3.2M        38M       291M
-/+ buffers/cache:       420M       1.5G
Swap:         8.0G         0B       8.0G

             total       used       free     shared    buffers     cached
Mem:          2.0G       767M       1.2G       3.2M        38M       291M
-/+ buffers/cache:       437M       1.5G
Swap:         8.0G         0B       8.0G

             total       used       free     shared    buffers     cached
Mem:          2.0G       782M       1.2G       3.2M        38M       291M
-/+ buffers/cache:       451M       1.5G
Swap:         8.0G         0B       8.0G

             total       used       free     shared    buffers     cached
Mem:          2.0G       797M       1.2G       3.2M        38M       291M
-/+ buffers/cache:       467M       1.5G
Swap:         8.0G         0B       8.0G

             total       used       free     shared    buffers     cached
Mem:          2.0G       812M       1.2G       3.2M        38M       291M
-/+ buffers/cache:       482M       1.5G
Swap:         8.0G         0B       8.0G

             total       used       free     shared    buffers     cached
Mem:          2.0G       826M       1.1G       3.2M        38M       291M
-/+ buffers/cache:       495M       1.5G
Swap:         8.0G         0B       8.0G

             total       used       free     shared    buffers     cached
Mem:          2.0G       841M       1.1G       3.2M        38M       291M
-/+ buffers/cache:       510M       1.5G
Swap:         8.0G         0B       8.0G

             total       used       free     shared    buffers     cached
Mem:          2.0G       855M       1.1G       3.2M        38M       291M
-/+ buffers/cache:       524M       1.4G
Swap:         8.0G         0B       8.0G

             total       used       free     shared    buffers     cached
Mem:          2.0G       870M       1.1G       3.2M        38M       291M
-/+ buffers/cache:       540M       1.4G
Swap:         8.0G         0B       8.0G

             total       used       free     shared    buffers     cached
Mem:          2.0G       885M       1.1G       3.2M        38M       291M
-/+ buffers/cache:       554M       1.4G
Swap:         8.0G         0B       8.0G

             total       used       free     shared    buffers     cached
Mem:          2.0G       898M       1.1G       3.2M        38M       291M
-/+ buffers/cache:       567M       1.4G
Swap:         8.0G         0B       8.0G

             total       used       free     shared    buffers     cached
Mem:          2.0G       914M       1.1G       3.2M        38M       291M
-/+ buffers/cache:       583M       1.4G
Swap:         8.0G         0B       8.0G

             total       used       free     shared    buffers     cached
Mem:          2.0G       929M       1.0G       3.2M        38M       291M
-/+ buffers/cache:       598M       1.4G
Swap:         8.0G         0B       8.0G

             total       used       free     shared    buffers     cached
Mem:          2.0G       945M       1.0G       3.2M        38M       291M
-/+ buffers/cache:       614M       1.4G
Swap:         8.0G         0B       8.0G

             total       used       free     shared    buffers     cached
Mem:          2.0G       959M       1.0G       3.2M        38M       291M
-/+ buffers/cache:       628M       1.3G
Swap:         8.0G         0B       8.0G

             total       used       free     shared    buffers     cached
Mem:          2.0G       974M       1.0G       3.2M        38M       291M
-/+ buffers/cache:       643M       1.3G
Swap:         8.0G         0B       8.0G

             total       used       free     shared    buffers     cached
Mem:          2.0G       987M       1.0G       3.2M        38M       291M
-/+ buffers/cache:       656M       1.3G
Swap:         8.0G         0B       8.0G

             total       used       free     shared    buffers     cached
Mem:          2.0G       1.0G       999M       3.2M        38M       291M
-/+ buffers/cache:       669M       1.3G
Swap:         8.0G         0B       8.0G

             total       used       free     shared    buffers     cached
Mem:          2.0G       1.0G       985M       3.2M        38M       291M
-/+ buffers/cache:       683M       1.3G
Swap:         8.0G         0B       8.0G

             total       used       free     shared    buffers     cached
Mem:          2.0G       1.0G       968M       3.2M        38M       291M
-/+ buffers/cache:       700M       1.3G
Swap:         8.0G         0B       8.0G

             total       used       free     shared    buffers     cached
Mem:          2.0G       1.0G       954M       3.2M        38M       291M
-/+ buffers/cache:       715M       1.3G
Swap:         8.0G         0B       8.0G

             total       used       free     shared    buffers     cached
Mem:          2.0G       1.0G       938M       3.2M        38M       291M
-/+ buffers/cache:       730M       1.2G
Swap:         8.0G         0B       8.0G

             total       used       free     shared    buffers     cached
Mem:          2.0G       1.1G       922M       3.2M        38M       291M
-/+ buffers/cache:       746M       1.2G
Swap:         8.0G         0B       8.0G

             total       used       free     shared    buffers     cached
Mem:          2.0G       1.1G       906M       3.2M        38M       291M
-/+ buffers/cache:       762M       1.2G
Swap:         8.0G         0B       8.0G

             total       used       free     shared    buffers     cached
Mem:          2.0G       1.1G       892M       3.2M        38M       291M
-/+ buffers/cache:       777M       1.2G
Swap:         8.0G         0B       8.0G

             total       used       free     shared    buffers     cached
Mem:          2.0G       1.1G       880M       3.2M        38M       291M
-/+ buffers/cache:       789M       1.2G
Swap:         8.0G         0B       8.0G

             total       used       free     shared    buffers     cached
Mem:          2.0G       1.1G       866M       3.2M        38M       291M
-/+ buffers/cache:       803M       1.2G
Swap:         8.0G         0B       8.0G

             total       used       free     shared    buffers     cached
Mem:          2.0G       1.1G       849M       3.2M        38M       291M
-/+ buffers/cache:       819M       1.2G
Swap:         8.0G         0B       8.0G

             total       used       free     shared    buffers     cached
Mem:          2.0G       1.1G       834M       3.2M        38M       291M
-/+ buffers/cache:       834M       1.1G
Swap:         8.0G         0B       8.0G

             total       used       free     shared    buffers     cached
Mem:          2.0G       1.2G       820M       3.2M        38M       291M
-/+ buffers/cache:       848M       1.1G
Swap:         8.0G         0B       8.0G

             total       used       free     shared    buffers     cached
Mem:          2.0G       1.2G       806M       3.2M        38M       291M
-/+ buffers/cache:       862M       1.1G
Swap:         8.0G         0B       8.0G

             total       used       free     shared    buffers     cached
Mem:          2.0G       1.2G       793M       3.2M        38M       291M
-/+ buffers/cache:       875M       1.1G
Swap:         8.0G         0B       8.0G

             total       used       free     shared    buffers     cached
Mem:          2.0G       1.2G       778M       3.2M        38M       291M
-/+ buffers/cache:       890M       1.1G
Swap:         8.0G         0B       8.0G

             total       used       free     shared    buffers     cached
Mem:          2.0G       1.2G       763M       3.2M        38M       291M
-/+ buffers/cache:       905M       1.1G
Swap:         8.0G         0B       8.0G

             total       used       free     shared    buffers     cached
Mem:          2.0G       1.2G       746M       3.2M        38M       291M
-/+ buffers/cache:       922M       1.1G
Swap:         8.0G         0B       8.0G

             total       used       free     shared    buffers     cached
Mem:          2.0G       1.2G       731M       3.2M        38M       291M
-/+ buffers/cache:       937M       1.0G
Swap:         8.0G         0B       8.0G

             total       used       free     shared    buffers     cached
Mem:          2.0G       1.3G       716M       3.2M        38M       291M
-/+ buffers/cache:       952M       1.0G
Swap:         8.0G         0B       8.0G

             total       used       free     shared    buffers     cached
Mem:          2.0G       1.3G       701M       3.2M        38M       291M
-/+ buffers/cache:       967M       1.0G
Swap:         8.0G         0B       8.0G

             total       used       free     shared    buffers     cached
Mem:          2.0G       1.3G       686M       3.2M        38M       291M
-/+ buffers/cache:       983M       1.0G
Swap:         8.0G         0B       8.0G

             total       used       free     shared    buffers     cached
Mem:          2.0G       1.3G       671M       3.2M        38M       291M
-/+ buffers/cache:       997M       1.0G
Swap:         8.0G         0B       8.0G

             total       used       free     shared    buffers     cached
Mem:          2.0G       1.3G       657M       3.2M        38M       291M
-/+ buffers/cache:       1.0G       988M
Swap:         8.0G         0B       8.0G

             total       used       free     shared    buffers     cached
Mem:          2.0G       1.3G       642M       3.2M        38M       291M
-/+ buffers/cache:       1.0G       973M
Swap:         8.0G         0B       8.0G

             total       used       free     shared    buffers     cached
Mem:          2.0G       1.3G       626M       3.2M        38M       291M
-/+ buffers/cache:       1.0G       957M
Swap:         8.0G         0B       8.0G

             total       used       free     shared    buffers     cached
Mem:          2.0G       1.4G       612M       3.2M        38M       291M
-/+ buffers/cache:       1.0G       943M
Swap:         8.0G         0B       8.0G

             total       used       free     shared    buffers     cached
Mem:          2.0G       1.4G       596M       3.2M        38M       291M
-/+ buffers/cache:       1.0G       927M
Swap:         8.0G         0B       8.0G

             total       used       free     shared    buffers     cached
Mem:          2.0G       1.4G       581M       3.2M        38M       291M
-/+ buffers/cache:       1.1G       912M
Swap:         8.0G         0B       8.0G

             total       used       free     shared    buffers     cached
Mem:          2.0G       1.4G       568M       3.2M        38M       291M
-/+ buffers/cache:       1.1G       899M
Swap:         8.0G         0B       8.0G

             total       used       free     shared    buffers     cached
Mem:          2.0G       1.4G       552M       3.2M        38M       291M
-/+ buffers/cache:       1.1G       883M
Swap:         8.0G         0B       8.0G

             total       used       free     shared    buffers     cached
Mem:          2.0G       1.4G       538M       3.2M        38M       291M
-/+ buffers/cache:       1.1G       869M
Swap:         8.0G         0B       8.0G

             total       used       free     shared    buffers     cached
Mem:          2.0G       1.4G       524M       3.2M        38M       291M
-/+ buffers/cache:       1.1G       855M
Swap:         8.0G         0B       8.0G

             total       used       free     shared    buffers     cached
Mem:          2.0G       1.5G       509M       3.2M        38M       291M
-/+ buffers/cache:       1.1G       840M
Swap:         8.0G         0B       8.0G

             total       used       free     shared    buffers     cached
Mem:          2.0G       1.5G       497M       3.2M        38M       291M
-/+ buffers/cache:       1.1G       828M
Swap:         8.0G         0B       8.0G

             total       used       free     shared    buffers     cached
Mem:          2.0G       1.5G       484M       3.2M        38M       291M
-/+ buffers/cache:       1.2G       815M
Swap:         8.0G         0B       8.0G

             total       used       free     shared    buffers     cached
Mem:          2.0G       1.5G       470M       3.2M        38M       291M
-/+ buffers/cache:       1.2G       801M
Swap:         8.0G         0B       8.0G

             total       used       free     shared    buffers     cached
Mem:          2.0G       1.5G       453M       3.2M        38M       291M
-/+ buffers/cache:       1.2G       784M
Swap:         8.0G         0B       8.0G

             total       used       free     shared    buffers     cached
Mem:          2.0G       1.5G       437M       3.2M        38M       291M
-/+ buffers/cache:       1.2G       768M
Swap:         8.0G         0B       8.0G

             total       used       free     shared    buffers     cached
Mem:          2.0G       1.5G       428M       3.2M        38M       291M
-/+ buffers/cache:       1.2G       759M
Swap:         8.0G         0B       8.0G

             total       used       free     shared    buffers     cached
Mem:          2.0G       1.5G       418M       3.2M        38M       291M
-/+ buffers/cache:       1.2G       749M
Swap:         8.0G         0B       8.0G

             total       used       free     shared    buffers     cached
Mem:          2.0G       1.6G       402M       3.2M        38M       291M
-/+ buffers/cache:       1.2G       733M
Swap:         8.0G         0B       8.0G

             total       used       free     shared    buffers     cached
Mem:          2.0G       1.6G       385M       3.2M        38M       291M
-/+ buffers/cache:       1.3G       716M
Swap:         8.0G         0B       8.0G

             total       used       free     shared    buffers     cached
Mem:          2.0G       1.6G       369M       3.2M        38M       291M
-/+ buffers/cache:       1.3G       700M
Swap:         8.0G         0B       8.0G

             total       used       free     shared    buffers     cached
Mem:          2.0G       1.6G       352M       3.2M        38M       291M
-/+ buffers/cache:       1.3G       683M
Swap:         8.0G         0B       8.0G

             total       used       free     shared    buffers     cached
Mem:          2.0G       1.6G       337M       3.2M        38M       291M
-/+ buffers/cache:       1.3G       668M
Swap:         8.0G         0B       8.0G

             total       used       free     shared    buffers     cached
Mem:          2.0G       1.6G       324M       3.2M        38M       291M
-/+ buffers/cache:       1.3G       655M
Swap:         8.0G         0B       8.0G

             total       used       free     shared    buffers     cached
Mem:          2.0G       1.7G       310M       3.2M        38M       291M
-/+ buffers/cache:       1.3G       641M
Swap:         8.0G         0B       8.0G

             total       used       free     shared    buffers     cached
Mem:          2.0G       1.7G       296M       3.2M        38M       291M
-/+ buffers/cache:       1.3G       627M
Swap:         8.0G         0B       8.0G

             total       used       free     shared    buffers     cached
Mem:          2.0G       1.7G       283M       3.2M        38M       291M
-/+ buffers/cache:       1.4G       613M
Swap:         8.0G         0B       8.0G

             total       used       free     shared    buffers     cached
Mem:          2.0G       1.7G       269M       3.2M        38M       291M
-/+ buffers/cache:       1.4G       600M
Swap:         8.0G         0B       8.0G

             total       used       free     shared    buffers     cached
Mem:          2.0G       1.7G       254M       3.2M        38M       291M
-/+ buffers/cache:       1.4G       585M
Swap:         8.0G         0B       8.0G

             total       used       free     shared    buffers     cached
Mem:          2.0G       1.7G       241M       3.2M        38M       291M
-/+ buffers/cache:       1.4G       571M
Swap:         8.0G         0B       8.0G

             total       used       free     shared    buffers     cached
Mem:          2.0G       1.7G       226M       3.2M        38M       291M
-/+ buffers/cache:       1.4G       557M
Swap:         8.0G         0B       8.0G

             total       used       free     shared    buffers     cached
Mem:          2.0G       1.7G       212M       3.2M        38M       291M
-/+ buffers/cache:       1.4G       542M
Swap:         8.0G         0B       8.0G

             total       used       free     shared    buffers     cached
Mem:          2.0G       1.8G       198M       3.2M        38M       291M
-/+ buffers/cache:       1.4G       529M
Swap:         8.0G         0B       8.0G

             total       used       free     shared    buffers     cached
Mem:          2.0G       1.8G       183M       3.2M        38M       291M
-/+ buffers/cache:       1.5G       514M
Swap:         8.0G         0B       8.0G

             total       used       free     shared    buffers     cached
Mem:          2.0G       1.8G       169M       3.2M        38M       291M
-/+ buffers/cache:       1.5G       500M
Swap:         8.0G         0B       8.0G

             total       used       free     shared    buffers     cached
Mem:          2.0G       1.8G       156M       3.2M        38M       291M
-/+ buffers/cache:       1.5G       487M
Swap:         8.0G         0B       8.0G

             total       used       free     shared    buffers     cached
Mem:          2.0G       1.8G       143M       3.2M        38M       291M
-/+ buffers/cache:       1.5G       474M
Swap:         8.0G         0B       8.0G

             total       used       free     shared    buffers     cached
Mem:          2.0G       1.8G       127M       3.2M        38M       291M
-/+ buffers/cache:       1.5G       458M
Swap:         8.0G         0B       8.0G

             total       used       free     shared    buffers     cached
Mem:          2.0G       1.8G       112M       3.2M        38M       291M
-/+ buffers/cache:       1.5G       443M
Swap:         8.0G         0B       8.0G

             total       used       free     shared    buffers     cached
Mem:          2.0G       1.9G        97M       3.2M        38M       291M
-/+ buffers/cache:       1.5G       428M
Swap:         8.0G         0B       8.0G

             total       used       free     shared    buffers     cached
Mem:          2.0G       1.9G        83M       3.2M        38M       291M
-/+ buffers/cache:       1.5G       414M
Swap:         8.0G         0B       8.0G

             total       used       free     shared    buffers     cached
Mem:          2.0G       1.9G        67M       3.2M        38M       291M
-/+ buffers/cache:       1.6G       398M
Swap:         8.0G         0B       8.0G

             total       used       free     shared    buffers     cached
Mem:          2.0G       1.9G        72M       3.2M        19M       290M
-/+ buffers/cache:       1.6G       383M
Swap:         8.0G         0B       8.0G

             total       used       free     shared    buffers     cached
Mem:          2.0G       1.9G        74M       3.2M        10M       283M
-/+ buffers/cache:       1.6G       368M
Swap:         8.0G         0B       8.0G

             total       used       free     shared    buffers     cached
Mem:          2.0G       1.9G        78M       3.2M         9M       266M
-/+ buffers/cache:       1.6G       354M
Swap:         8.0G       132K       8.0G

             total       used       free     shared    buffers     cached
Mem:          2.0G       1.9G        64M       3.1M         9M       266M
-/+ buffers/cache:       1.6G       340M
Swap:         8.0G       132K       8.0G

             total       used       free     shared    buffers     cached
Mem:          2.0G       1.9G        70M       3.1M       9.9M       246M
-/+ buffers/cache:       1.6G       326M
Swap:         8.0G       240K       8.0G

             total       used       free     shared    buffers     cached
Mem:          2.0G       1.9G        70M       2.9M       9.9M       233M
-/+ buffers/cache:       1.6G       314M
Swap:         8.0G       6.0M       8.0G

             total       used       free     shared    buffers     cached
Mem:          2.0G       1.9G        92M       2.9M       7.8M       206M
-/+ buffers/cache:       1.7G       307M
Swap:         8.0G        11M       8.0G

             total       used       free     shared    buffers     cached
Mem:          2.0G       1.9G        77M       2.9M       7.8M       206M
-/+ buffers/cache:       1.7G       291M
Swap:         8.0G        11M       8.0G

             total       used       free     shared    buffers     cached
Mem:          2.0G       1.9G        75M       2.9M       2.7M       198M
-/+ buffers/cache:       1.7G       277M
Swap:         8.0G        11M       8.0G

             total       used       free     shared    buffers     cached
Mem:          2.0G       1.9G        74M       2.9M       1.2M       186M
-/+ buffers/cache:       1.7G       262M
Swap:         8.0G        11M       8.0G

             total       used       free     shared    buffers     cached
Mem:          2.0G       1.9G        83M       2.9M       340K       165M
-/+ buffers/cache:       1.7G       248M
Swap:         8.0G        11M       8.0G

             total       used       free     shared    buffers     cached
Mem:          2.0G       1.9G        68M       2.9M       340K       165M
-/+ buffers/cache:       1.7G       234M
Swap:         8.0G        11M       8.0G

             total       used       free     shared    buffers     cached
Mem:          2.0G       1.9G        73M       2.9M       348K       146M
-/+ buffers/cache:       1.7G       220M
Swap:         8.0G        11M       8.0G

             total       used       free     shared    buffers     cached
Mem:          2.0G       1.9G        77M       2.9M        80K       129M
-/+ buffers/cache:       1.8G       206M
Swap:         8.0G        11M       8.0G

             total       used       free     shared    buffers     cached
Mem:          2.0G       1.9G        79M       2.9M        80K       114M
-/+ buffers/cache:       1.8G       193M
Swap:         8.0G        11M       8.0G

             total       used       free     shared    buffers     cached
Mem:          2.0G       1.9G        66M       2.9M        92K       114M
-/+ buffers/cache:       1.8G       180M
Swap:         8.0G        11M       8.0G

             total       used       free     shared    buffers     cached
Mem:          2.0G       1.9G        66M       2.9M        92K       100M
-/+ buffers/cache:       1.8G       167M
Swap:         8.0G        11M       8.0G

             total       used       free     shared    buffers     cached
Mem:          2.0G       1.9G        66M       2.9M       100K        89M
-/+ buffers/cache:       1.8G       155M
Swap:         8.0G        11M       8.0G

             total       used       free     shared    buffers     cached
Mem:          2.0G       1.9G        73M       2.9M       100K        69M
-/+ buffers/cache:       1.8G       142M
Swap:         8.0G        11M       8.0G

             total       used       free     shared    buffers     cached
Mem:          2.0G       1.9G        74M       2.9M       104K        54M
-/+ buffers/cache:       1.8G       128M
Swap:         8.0G        11M       8.0G

             total       used       free     shared    buffers     cached
Mem:          2.0G       1.9G        73M       2.9M       104K        42M
-/+ buffers/cache:       1.8G       115M
Swap:         8.0G        11M       8.0G

             total       used       free     shared    buffers     cached
Mem:          2.0G       1.9G        76M       2.9M       112K        25M
-/+ buffers/cache:       1.9G       102M
Swap:         8.0G        11M       8.0G

             total       used       free     shared    buffers     cached
Mem:          2.0G       1.9G        76M       2.9M       252K        11M
-/+ buffers/cache:       1.9G        88M
Swap:         8.0G        11M       8.0G

             total       used       free     shared    buffers     cached
Mem:          2.0G       1.9G        75M       2.8M       524K       6.1M
-/+ buffers/cache:       1.9G        82M
Swap:         8.0G        17M       8.0G

             total       used       free     shared    buffers     cached
Mem:          2.0G       1.9G        64M       2.8M       524K       5.6M
-/+ buffers/cache:       1.9G        71M
Swap:         8.0G        21M       8.0G

             total       used       free     shared    buffers     cached
Mem:          2.0G       1.9G        68M       2.5M       524K       4.8M
-/+ buffers/cache:       1.9G        74M
Swap:         8.0G        48M       7.9G

             total       used       free     shared    buffers     cached
Mem:          2.0G       1.9G        68M       2.5M       524K       4.3M
-/+ buffers/cache:       1.9G        73M
Swap:         8.0G        52M       7.9G

             total       used       free     shared    buffers     cached
Mem:          2.0G       1.9G        75M       2.5M       524K       4.0M
-/+ buffers/cache:       1.9G        79M
Swap:         8.0G        73M       7.9G

             total       used       free     shared    buffers     cached
Mem:          2.0G       1.9G        76M       2.5M       524K       3.9M
-/+ buffers/cache:       1.9G        81M
Swap:         8.0G        84M       7.9G

             total       used       free     shared    buffers     cached
Mem:          2.0G       1.9G        75M       2.4M       524K       3.9M
-/+ buffers/cache:       1.9G        80M
Swap:         8.0G        97M       7.9G

             total       used       free     shared    buffers     cached
Mem:          2.0G       1.9G        78M       2.4M       480K       3.8M
-/+ buffers/cache:       1.9G        82M
Swap:         8.0G       117M       7.9G

             total       used       free     shared    buffers     cached
Mem:          2.0G       1.9G        83M       2.4M       472K       3.8M
-/+ buffers/cache:       1.9G        87M
Swap:         8.0G       138M       7.9G

             total       used       free     shared    buffers     cached
Mem:          2.0G       1.9G        69M       2.4M       472K       3.8M
-/+ buffers/cache:       1.9G        73M
Swap:         8.0G       138M       7.9G

             total       used       free     shared    buffers     cached
Mem:          2.0G       1.9G        68M       2.4M       472K       3.7M
-/+ buffers/cache:       1.9G        73M
Swap:         8.0G       157M       7.8G

             total       used       free     shared    buffers     cached
Mem:          2.0G       1.9G        69M       2.4M       460K       3.7M
-/+ buffers/cache:       1.9G        73M
Swap:         8.0G       164M       7.8G

             total       used       free     shared    buffers     cached
Mem:          2.0G       1.9G        74M       2.4M       320K        19M
-/+ buffers/cache:       1.9G        94M
Swap:         8.0G       199M       7.8G

             total       used       free     shared    buffers     cached
Mem:          2.0G       1.9G        78M       2.3M       592K        21M
-/+ buffers/cache:       1.9G        99M
Swap:         8.0G       231M       7.8G

             total       used       free     shared    buffers     cached
Mem:          2.0G       1.9G        65M       2.3M       1.0M        21M
-/+ buffers/cache:       1.9G        88M
Swap:         8.0G       231M       7.8G

             total       used       free     shared    buffers     cached
Mem:          2.0G       1.9G        83M       2.3M       792K        13M
-/+ buffers/cache:       1.9G        98M
Swap:         8.0G       241M       7.8G

             total       used       free     shared    buffers     cached
Mem:          2.0G       1.9G        77M       2.3M       804K        14M
-/+ buffers/cache:       1.9G        92M
Swap:         8.0G       240M       7.8G

             total       used       free     shared    buffers     cached
Mem:          2.0G       1.9G        74M       2.3M       804K        13M
-/+ buffers/cache:       1.9G        89M
Swap:         8.0G       240M       7.8G

             total       used       free     shared    buffers     cached
Mem:          2.0G       1.9G        73M       2.3M       780K       9.0M
-/+ buffers/cache:       1.9G        83M
Swap:         8.0G       240M       7.8G

             total       used       free     shared    buffers     cached
Mem:          2.0G       1.8G       117M       2.3M       780K       9.0M
-/+ buffers/cache:       1.8G       126M
Swap:         8.0G       323M       7.7G

             total       used       free     shared    buffers     cached
Mem:          2.0G       1.8G       110M       2.3M       920K       9.0M
-/+ buffers/cache:       1.8G       120M
Swap:         8.0G       323M       7.7G

             total       used       free     shared    buffers     cached
Mem:          2.0G       1.8G       107M       2.3M       928K       9.0M
-/+ buffers/cache:       1.8G       117M
Swap:         8.0G       323M       7.7G

             total       used       free     shared    buffers     cached
Mem:          2.0G       1.9G        98M       2.3M       928K       9.0M
-/+ buffers/cache:       1.8G       108M
Swap:         8.0G       323M       7.7G

             total       used       free     shared    buffers     cached
Mem:          2.0G       1.9G        92M       2.3M       928K       9.0M
-/+ buffers/cache:       1.9G       102M
Swap:         8.0G       323M       7.7G

             total       used       free     shared    buffers     cached
Mem:          2.0G       1.9G        84M       2.3M       928K       9.0M
-/+ buffers/cache:       1.9G        94M
Swap:         8.0G       323M       7.7G

             total       used       free     shared    buffers     cached
Mem:          2.0G       1.9G        81M       2.3M       928K       9.0M
-/+ buffers/cache:       1.9G        91M
Swap:         8.0G       323M       7.7G

             total       used       free     shared    buffers     cached
Mem:          2.0G       1.9G        81M       2.3M       936K       9.0M
-/+ buffers/cache:       1.9G        91M
Swap:         8.0G       322M       7.7G

             total       used       free     shared    buffers     cached
Mem:          2.0G       1.9G        80M       2.3M       936K       9.0M
-/+ buffers/cache:       1.9G        90M
Swap:         8.0G       322M       7.7G

             total       used       free     shared    buffers     cached
Mem:          2.0G       1.9G        79M       2.3M       936K       9.0M
-/+ buffers/cache:       1.9G        89M
Swap:         8.0G       321M       7.7G

             total       used       free     shared    buffers     cached
Mem:          2.0G       1.9G        78M       2.3M       936K       9.0M
-/+ buffers/cache:       1.9G        88M
Swap:         8.0G       320M       7.7G

             total       used       free     shared    buffers     cached
Mem:          2.0G       1.9G        77M       2.3M       936K       9.0M
-/+ buffers/cache:       1.9G        87M
Swap:         8.0G       320M       7.7G

             total       used       free     shared    buffers     cached
Mem:          2.0G       1.9G        77M       2.3M       944K       9.0M
-/+ buffers/cache:       1.9G        87M
Swap:         8.0G       319M       7.7G

             total       used       free     shared    buffers     cached
Mem:          2.0G       1.9G        76M       2.3M       944K       9.0M
-/+ buffers/cache:       1.9G        86M
Swap:         8.0G       319M       7.7G

             total       used       free     shared    buffers     cached
Mem:          2.0G       1.9G        75M       2.3M       944K       9.0M
-/+ buffers/cache:       1.9G        85M
Swap:         8.0G       318M       7.7G

             total       used       free     shared    buffers     cached
Mem:          2.0G       1.9G        75M       2.3M       944K       9.0M
-/+ buffers/cache:       1.9G        85M
Swap:         8.0G       318M       7.7G

             total       used       free     shared    buffers     cached
Mem:          2.0G       1.9G        74M       2.3M       944K       9.0M
-/+ buffers/cache:       1.9G        84M
Swap:         8.0G       317M       7.7G

             total       used       free     shared    buffers     cached
Mem:          2.0G       1.9G        74M       2.3M       944K       9.0M
-/+ buffers/cache:       1.9G        84M
Swap:         8.0G       317M       7.7G

             total       used       free     shared    buffers     cached
Mem:          2.0G       1.9G        71M       2.3M       1.2M       9.6M
-/+ buffers/cache:       1.9G        82M
Swap:         8.0G       316M       7.7G

             total       used       free     shared    buffers     cached
Mem:          2.0G       1.9G        76M       2.3M       240K        30M
-/+ buffers/cache:       1.8G       107M
Swap:         8.0G       326M       7.7G

             total       used       free     shared    buffers     cached
Mem:          2.0G       1.9G        75M       2.3M       240K        30M
-/+ buffers/cache:       1.8G       106M
Swap:         8.0G       325M       7.7G

             total       used       free     shared    buffers     cached
Mem:          2.0G       1.9G        74M       2.3M       248K        30M
-/+ buffers/cache:       1.9G       105M
Swap:         8.0G       324M       7.7G

             total       used       free     shared    buffers     cached
Mem:          2.0G       1.9G        73M       2.3M       248K        30M
-/+ buffers/cache:       1.9G       104M
Swap:         8.0G       324M       7.7G

             total       used       free     shared    buffers     cached
Mem:          2.0G       1.9G        72M       2.3M       252K        30M
-/+ buffers/cache:       1.9G       103M
Swap:         8.0G       324M       7.7G

             total       used       free     shared    buffers     cached
Mem:          2.0G       1.9G        70M       2.3M       260K        31M
-/+ buffers/cache:       1.9G       102M
Swap:         8.0G       323M       7.7G

             total       used       free     shared    buffers     cached
Mem:          2.0G       1.9G        69M       2.3M       260K        31M
-/+ buffers/cache:       1.9G       101M
Swap:         8.0G       322M       7.7G

             total       used       free     shared    buffers     cached
Mem:          2.0G       1.9G        67M       2.3M       260K        33M
-/+ buffers/cache:       1.9G       100M
Swap:         8.0G       322M       7.7G

             total       used       free     shared    buffers     cached
Mem:          2.0G       1.9G        66M       2.3M       260K        33M
-/+ buffers/cache:       1.9G       100M
Swap:         8.0G       321M       7.7G

             total       used       free     shared    buffers     cached
Mem:          2.0G       1.9G        65M       2.3M       260K        33M
-/+ buffers/cache:       1.9G        99M
Swap:         8.0G       321M       7.7G

             total       used       free     shared    buffers     cached
Mem:          2.0G       1.9G        65M       2.3M       260K        33M
-/+ buffers/cache:       1.9G        98M
Swap:         8.0G       321M       7.7G

             total       used       free     shared    buffers     cached
Mem:          2.0G       1.9G        64M       2.3M       268K        33M
-/+ buffers/cache:       1.9G        98M
Swap:         8.0G       320M       7.7G

             total       used       free     shared    buffers     cached
Mem:          2.0G       1.9G        79M       2.3M       252K        29M
-/+ buffers/cache:       1.8G       109M
Swap:         8.0G       344M       7.7G

             total       used       free     shared    buffers     cached
Mem:          2.0G       1.9G        79M       2.3M       252K        29M
-/+ buffers/cache:       1.8G       108M
Swap:         8.0G       343M       7.7G

             total       used       free     shared    buffers     cached
Mem:          2.0G       1.9G        78M       2.3M       252K        29M
-/+ buffers/cache:       1.8G       108M
Swap:         8.0G       343M       7.7G

             total       used       free     shared    buffers     cached
Mem:          2.0G       1.9G        77M       2.3M       252K        29M
-/+ buffers/cache:       1.8G       107M
Swap:         8.0G       343M       7.7G

             total       used       free     shared    buffers     cached
Mem:          2.0G       1.9G        77M       2.3M       260K        29M
-/+ buffers/cache:       1.8G       107M
Swap:         8.0G       342M       7.7G

             total       used       free     shared    buffers     cached
Mem:          2.0G       1.9G        76M       2.3M       260K        29M
-/+ buffers/cache:       1.8G       106M
Swap:         8.0G       342M       7.7G

             total       used       free     shared    buffers     cached
Mem:          2.0G       1.9G        76M       2.3M       260K        29M
-/+ buffers/cache:       1.8G       106M
Swap:         8.0G       341M       7.7G

             total       used       free     shared    buffers     cached
Mem:          2.0G       1.9G        75M       2.3M       260K        29M
-/+ buffers/cache:       1.9G       105M
Swap:         8.0G       341M       7.7G

             total       used       free     shared    buffers     cached
Mem:          2.0G       1.9G        74M       2.3M       260K        29M
-/+ buffers/cache:       1.9G       104M
Swap:         8.0G       341M       7.7G

             total       used       free     shared    buffers     cached
Mem:          2.0G       1.9G        74M       2.3M       260K        29M
-/+ buffers/cache:       1.9G       104M
Swap:         8.0G       340M       7.7G

             total       used       free     shared    buffers     cached
Mem:          2.0G       1.9G        73M       2.3M       268K        29M
-/+ buffers/cache:       1.9G       103M
Swap:         8.0G       340M       7.7G

             total       used       free     shared    buffers     cached
Mem:          2.0G       1.9G        72M       2.3M       268K        29M
-/+ buffers/cache:       1.9G       102M
Swap:         8.0G       339M       7.7G

             total       used       free     shared    buffers     cached
Mem:          2.0G       1.9G        72M       2.3M       268K        29M
-/+ buffers/cache:       1.9G       102M
Swap:         8.0G       339M       7.7G

             total       used       free     shared    buffers     cached
Mem:          2.0G       1.9G        71M       2.3M       268K        29M
-/+ buffers/cache:       1.9G       101M
Swap:         8.0G       339M       7.7G

             total       used       free     shared    buffers     cached
Mem:          2.0G       1.9G        71M       2.3M       268K        29M
-/+ buffers/cache:       1.9G       101M
Swap:         8.0G       338M       7.7G

             total       used       free     shared    buffers     cached
Mem:          2.0G       1.9G        70M       2.3M       276K        29M
-/+ buffers/cache:       1.9G       100M
Swap:         8.0G       338M       7.7G

             total       used       free     shared    buffers     cached
Mem:          2.0G       1.9G        69M       2.3M       276K        29M
-/+ buffers/cache:       1.9G        99M
Swap:         8.0G       337M       7.7G

             total       used       free     shared    buffers     cached
Mem:          2.0G       1.9G        69M       2.3M       276K        29M
-/+ buffers/cache:       1.9G        99M
Swap:         8.0G       337M       7.7G

             total       used       free     shared    buffers     cached
Mem:          2.0G       1.9G        68M       2.3M       276K        29M
-/+ buffers/cache:       1.9G        98M
Swap:         8.0G       336M       7.7G

             total       used       free     shared    buffers     cached
Mem:          2.0G       1.9G        68M       2.3M       276K        29M
-/+ buffers/cache:       1.9G        97M
Swap:         8.0G       336M       7.7G

             total       used       free     shared    buffers     cached
Mem:          2.0G       1.9G        67M       2.3M       276K        29M
-/+ buffers/cache:       1.9G        97M
Swap:         8.0G       336M       7.7G

             total       used       free     shared    buffers     cached
Mem:          2.0G       1.9G        66M       2.3M       284K        29M
-/+ buffers/cache:       1.9G        96M
Swap:         8.0G       335M       7.7G

             total       used       free     shared    buffers     cached
Mem:          2.0G       1.9G        77M       2.3M       260K        32M
-/+ buffers/cache:       1.8G       109M
Swap:         8.0G       340M       7.7G

             total       used       free     shared    buffers     cached
Mem:          2.0G       1.9G        76M       2.3M       260K        32M
-/+ buffers/cache:       1.8G       109M
Swap:         8.0G       340M       7.7G

             total       used       free     shared    buffers     cached
Mem:          2.0G       1.9G        75M       2.3M       576K        32M
-/+ buffers/cache:       1.8G       108M
Swap:         8.0G       340M       7.7G

             total       used       free     shared    buffers     cached
Mem:          2.0G       1.9G        75M       2.3M       576K        32M
-/+ buffers/cache:       1.8G       107M
Swap:         8.0G       339M       7.7G

             total       used       free     shared    buffers     cached
Mem:          2.0G       1.9G        74M       2.3M       584K        32M
-/+ buffers/cache:       1.8G       107M
Swap:         8.0G       339M       7.7G

             total       used       free     shared    buffers     cached
Mem:          2.0G       1.9G        73M       2.3M       584K        32M
-/+ buffers/cache:       1.8G       106M
Swap:         8.0G       338M       7.7G

             total       used       free     shared    buffers     cached
Mem:          2.0G       1.9G        73M       2.3M       584K        32M
-/+ buffers/cache:       1.8G       106M
Swap:         8.0G       338M       7.7G

             total       used       free     shared    buffers     cached
Mem:          2.0G       1.9G        72M       2.3M       584K        32M
-/+ buffers/cache:       1.9G       105M
Swap:         8.0G       337M       7.7G

             total       used       free     shared    buffers     cached
Mem:          2.0G       1.9G        72M       2.3M       584K        32M
-/+ buffers/cache:       1.9G       104M
Swap:         8.0G       337M       7.7G

             total       used       free     shared    buffers     cached
Mem:          2.0G       1.9G        71M       2.3M       584K        32M
-/+ buffers/cache:       1.9G       104M
Swap:         8.0G       337M       7.7G

             total       used       free     shared    buffers     cached
Mem:          2.0G       1.9G        70M       2.3M       592K        32M
-/+ buffers/cache:       1.9G       103M
Swap:         8.0G       336M       7.7G

             total       used       free     shared    buffers     cached
Mem:          2.0G       1.9G        70M       2.3M       592K        32M
-/+ buffers/cache:       1.9G       102M
Swap:         8.0G       336M       7.7G

             total       used       free     shared    buffers     cached
Mem:          2.0G       1.9G        69M       2.3M       592K        32M
-/+ buffers/cache:       1.9G       102M
Swap:         8.0G       335M       7.7G

             total       used       free     shared    buffers     cached
Mem:          2.0G       1.9G        68M       2.3M       592K        32M
-/+ buffers/cache:       1.9G       101M
Swap:         8.0G       335M       7.7G

             total       used       free     shared    buffers     cached
Mem:          2.0G       1.9G        68M       2.3M       592K        32M
-/+ buffers/cache:       1.9G       101M
Swap:         8.0G       334M       7.7G

             total       used       free     shared    buffers     cached
Mem:          2.0G       1.9G        67M       2.3M       600K        32M
-/+ buffers/cache:       1.9G       100M
Swap:         8.0G       334M       7.7G

             total       used       free     shared    buffers     cached
Mem:          2.0G       1.9G        66M       2.3M       600K        32M
-/+ buffers/cache:       1.9G        99M
Swap:         8.0G       333M       7.7G

             total       used       free     shared    buffers     cached
Mem:          2.0G       1.9G        66M       2.3M       600K        32M
-/+ buffers/cache:       1.9G        98M
Swap:         8.0G       333M       7.7G

             total       used       free     shared    buffers     cached
Mem:          2.0G       1.9G        65M       2.3M       600K        32M
-/+ buffers/cache:       1.9G        98M
Swap:         8.0G       333M       7.7G

             total       used       free     shared    buffers     cached
Mem:          2.0G       1.9G        64M       2.3M       600K        32M
-/+ buffers/cache:       1.9G        97M
Swap:         8.0G       332M       7.7G

             total       used       free     shared    buffers     cached
Mem:          2.0G       1.9G        79M       2.3M       596K        29M
-/+ buffers/cache:       1.8G       109M
Swap:         8.0G       354M       7.7G

             total       used       free     shared    buffers     cached
Mem:          2.0G       1.9G        79M       2.3M       604K        29M
-/+ buffers/cache:       1.8G       109M
Swap:         8.0G       353M       7.7G

             total       used       free     shared    buffers     cached
Mem:          2.0G       1.9G        78M       2.3M       604K        29M
-/+ buffers/cache:       1.8G       108M
Swap:         8.0G       353M       7.7G

             total       used       free     shared    buffers     cached
Mem:          2.0G       1.9G        77M       2.3M       604K        29M
-/+ buffers/cache:       1.8G       107M
Swap:         8.0G       352M       7.7G

             total       used       free     shared    buffers     cached
Mem:          2.0G       1.9G        77M       2.3M       604K        29M
-/+ buffers/cache:       1.8G       107M
Swap:         8.0G       352M       7.7G

             total       used       free     shared    buffers     cached
Mem:          2.0G       1.9G        76M       2.3M       604K        29M
-/+ buffers/cache:       1.8G       106M
Swap:         8.0G       351M       7.7G

             total       used       free     shared    buffers     cached
Mem:          2.0G       1.9G        74M       2.3M       748K        30M
-/+ buffers/cache:       1.9G       105M
Swap:         8.0G       351M       7.7G

             total       used       free     shared    buffers     cached
Mem:          2.0G       1.9G        73M       2.3M       748K        30M
-/+ buffers/cache:       1.9G       105M
Swap:         8.0G       350M       7.7G

             total       used       free     shared    buffers     cached
Mem:          2.0G       1.9G        73M       2.3M       748K        30M
-/+ buffers/cache:       1.9G       104M
Swap:         8.0G       350M       7.7G

             total       used       free     shared    buffers     cached
Mem:          2.0G       1.9G        72M       2.3M       748K        30M
-/+ buffers/cache:       1.9G       103M
Swap:         8.0G       349M       7.7G

             total       used       free     shared    buffers     cached
Mem:          2.0G       1.9G        70M       2.3M       748K        30M
-/+ buffers/cache:       1.9G       102M
Swap:         8.0G       349M       7.7G

             total       used       free     shared    buffers     cached
Mem:          2.0G       1.9G        65M       2.3M       748K        32M
-/+ buffers/cache:       1.9G        98M
Swap:         8.0G       346M       7.7G

             total       used       free     shared    buffers     cached
Mem:          2.0G       1.9G        77M       2.3M       756K        30M
-/+ buffers/cache:       1.8G       108M
Swap:         8.0G       353M       7.7G

             total       used       free     shared    buffers     cached
Mem:          2.0G       1.9G        76M       2.3M       756K        30M
-/+ buffers/cache:       1.8G       108M
Swap:         8.0G       352M       7.7G

             total       used       free     shared    buffers     cached
Mem:          2.0G       1.9G        69M       2.3M       756K        33M
-/+ buffers/cache:       1.9G       104M
Swap:         8.0G       350M       7.7G

             total       used       free     shared    buffers     cached
Mem:          2.0G       1.9G        69M       2.3M       756K        33M
-/+ buffers/cache:       1.9G       104M
Swap:         8.0G       350M       7.7G

             total       used       free     shared    buffers     cached
Mem:          2.0G       1.9G        68M       2.3M       756K        33M
-/+ buffers/cache:       1.9G       103M
Swap:         8.0G       350M       7.7G

             total       used       free     shared    buffers     cached
Mem:          2.0G       1.9G        68M       2.3M       764K        33M
-/+ buffers/cache:       1.9G       103M
Swap:         8.0G       350M       7.7G

             total       used       free     shared    buffers     cached
Mem:          2.0G       1.9G        68M       2.3M       764K        33M
-/+ buffers/cache:       1.9G       102M
Swap:         8.0G       349M       7.7G

             total       used       free     shared    buffers     cached
Mem:          2.0G       1.9G        67M       2.3M       764K        33M
-/+ buffers/cache:       1.9G       102M
Swap:         8.0G       349M       7.7G

             total       used       free     shared    buffers     cached
Mem:          2.0G       1.9G        67M       2.3M       764K        33M
-/+ buffers/cache:       1.9G       101M
Swap:         8.0G       349M       7.7G

             total       used       free     shared    buffers     cached
Mem:          2.0G       1.9G        66M       2.3M       764K        33M
-/+ buffers/cache:       1.9G       101M
Swap:         8.0G       349M       7.7G

             total       used       free     shared    buffers     cached
Mem:          2.0G       1.9G        66M       2.3M       764K        33M
-/+ buffers/cache:       1.9G       100M
Swap:         8.0G       348M       7.7G

             total       used       free     shared    buffers     cached
Mem:          2.0G       1.9G        65M       2.3M       772K        33M
-/+ buffers/cache:       1.9G       100M
Swap:         8.0G       348M       7.7G

             total       used       free     shared    buffers     cached
Mem:          2.0G       1.9G        78M       2.4M       2.2M        46M
-/+ buffers/cache:       1.8G       126M
Swap:         8.0G       384M       7.6G

             total       used       free     shared    buffers     cached
Mem:          2.0G       1.9G        73M       6.1M       5.1M        57M
-/+ buffers/cache:       1.8G       136M
Swap:         8.0G       407M       7.6G

             total       used       free     shared    buffers     cached
Mem:          2.0G       1.9G        69M       2.4M       5.3M        65M
-/+ buffers/cache:       1.8G       140M
Swap:         8.0G       411M       7.6G

             total       used       free     shared    buffers     cached
Mem:          2.0G       1.9G        66M       2.4M       5.3M        66M
-/+ buffers/cache:       1.8G       138M
Swap:         8.0G       410M       7.6G

             total       used       free     shared    buffers     cached
Mem:          2.0G       1.9G        65M       2.4M       5.3M        66M
-/+ buffers/cache:       1.8G       137M
Swap:         8.0G       410M       7.6G

             total       used       free     shared    buffers     cached
Mem:          2.0G       1.9G        65M       2.4M       5.3M        66M
-/+ buffers/cache:       1.8G       137M
Swap:         8.0G       410M       7.6G

             total       used       free     shared    buffers     cached
Mem:          2.0G       1.9G        80M       2.4M       4.2M        61M
-/+ buffers/cache:       1.8G       147M
Swap:         8.0G       426M       7.6G

             total       used       free     shared    buffers     cached
Mem:          2.0G       1.9G        79M       2.4M       4.4M        62M
-/+ buffers/cache:       1.8G       146M
Swap:         8.0G       425M       7.6G

             total       used       free     shared    buffers     cached
Mem:          2.0G       1.9G        78M       2.4M       4.4M        62M
-/+ buffers/cache:       1.8G       145M
Swap:         8.0G       425M       7.6G

             total       used       free     shared    buffers     cached
Mem:          2.0G       1.9G        77M       2.4M       4.4M        62M
-/+ buffers/cache:       1.8G       144M
Swap:         8.0G       424M       7.6G

             total       used       free     shared    buffers     cached
Mem:          2.0G       1.9G        76M       2.4M       4.4M        62M
-/+ buffers/cache:       1.8G       143M
Swap:         8.0G       424M       7.6G

             total       used       free     shared    buffers     cached
Mem:          2.0G       1.9G        75M       2.4M       4.4M        62M
-/+ buffers/cache:       1.8G       142M
Swap:         8.0G       423M       7.6G

             total       used       free     shared    buffers     cached
Mem:          2.0G       1.9G        74M       2.4M       4.4M        62M
-/+ buffers/cache:       1.8G       141M
Swap:         8.0G       423M       7.6G

             total       used       free     shared    buffers     cached
Mem:          2.0G       1.9G        73M       2.4M       4.4M        62M
-/+ buffers/cache:       1.8G       140M
Swap:         8.0G       422M       7.6G

             total       used       free     shared    buffers     cached
Mem:          2.0G       1.9G        72M       2.4M       4.4M        62M
-/+ buffers/cache:       1.8G       139M
Swap:         8.0G       422M       7.6G

             total       used       free     shared    buffers     cached
Mem:          2.0G       1.9G        71M       2.4M       4.4M        62M
-/+ buffers/cache:       1.8G       138M
Swap:         8.0G       421M       7.6G

             total       used       free     shared    buffers     cached
Mem:          2.0G       1.9G        70M       2.4M       4.4M        63M
-/+ buffers/cache:       1.8G       138M
Swap:         8.0G       421M       7.6G

             total       used       free     shared    buffers     cached
Mem:          2.0G       1.9G        69M       2.4M       4.4M        63M
-/+ buffers/cache:       1.8G       137M
Swap:         8.0G       420M       7.6G

             total       used       free     shared    buffers     cached
Mem:          2.0G       1.9G        68M       2.4M       4.4M        63M
-/+ buffers/cache:       1.8G       136M
Swap:         8.0G       420M       7.6G

             total       used       free     shared    buffers     cached
Mem:          2.0G       1.9G        67M       2.4M       4.4M        63M
-/+ buffers/cache:       1.8G       135M
Swap:         8.0G       419M       7.6G

             total       used       free     shared    buffers     cached
Mem:          2.0G       1.9G        66M       2.4M       4.4M        63M
-/+ buffers/cache:       1.8G       134M
Swap:         8.0G       419M       7.6G

             total       used       free     shared    buffers     cached
Mem:          2.0G       1.9G        65M       2.4M       4.4M        63M
-/+ buffers/cache:       1.8G       133M
Swap:         8.0G       418M       7.6G

             total       used       free     shared    buffers     cached
Mem:          2.0G       1.9G        85M       2.4M       4.0M        60M
-/+ buffers/cache:       1.8G       149M
Swap:         8.0G       443M       7.6G

             total       used       free     shared    buffers     cached
Mem:          2.0G       1.9G        85M       2.4M       4.0M        60M
-/+ buffers/cache:       1.8G       150M
Swap:         8.0G       442M       7.6G

             total       used       free     shared    buffers     cached
Mem:          2.0G       1.9G        85M       2.4M       4.0M        60M
-/+ buffers/cache:       1.8G       149M
Swap:         8.0G       442M       7.6G

             total       used       free     shared    buffers     cached
Mem:          2.0G       1.9G        83M       2.4M       4.0M        60M
-/+ buffers/cache:       1.8G       148M
Swap:         8.0G       441M       7.6G

             total       used       free     shared    buffers     cached
Mem:          2.0G       1.9G        82M       2.4M       4.0M        60M
-/+ buffers/cache:       1.8G       147M
Swap:         8.0G       441M       7.6G

             total       used       free     shared    buffers     cached
Mem:          2.0G       1.9G        81M       2.4M       4.0M        60M
-/+ buffers/cache:       1.8G       146M
Swap:         8.0G       440M       7.6G

             total       used       free     shared    buffers     cached
Mem:          2.0G       1.9G        80M       2.4M       4.0M        60M
-/+ buffers/cache:       1.8G       145M
Swap:         8.0G       440M       7.6G

             total       used       free     shared    buffers     cached
Mem:          2.0G       1.9G        79M       2.4M       4.0M        60M
-/+ buffers/cache:       1.8G       144M
Swap:         8.0G       439M       7.6G

             total       used       free     shared    buffers     cached
Mem:          2.0G       1.9G        78M       2.4M       4.0M        60M
-/+ buffers/cache:       1.8G       143M
Swap:         8.0G       439M       7.6G

             total       used       free     shared    buffers     cached
Mem:          2.0G       1.9G        77M       2.4M       4.0M        60M
-/+ buffers/cache:       1.8G       141M
Swap:         8.0G       438M       7.6G

             total       used       free     shared    buffers     cached
Mem:          2.0G       1.9G        76M       2.4M       4.0M        60M
-/+ buffers/cache:       1.8G       141M
Swap:         8.0G       437M       7.6G

             total       used       free     shared    buffers     cached
Mem:          2.0G       1.9G        75M       2.4M       4.0M        60M
-/+ buffers/cache:       1.8G       140M
Swap:         8.0G       437M       7.6G

             total       used       free     shared    buffers     cached
Mem:          2.0G       1.9G        74M       2.4M       4.0M        60M
-/+ buffers/cache:       1.8G       139M
Swap:         8.0G       436M       7.6G

             total       used       free     shared    buffers     cached
Mem:          2.0G       1.9G        73M       2.4M       4.0M        60M
-/+ buffers/cache:       1.8G       138M
Swap:         8.0G       436M       7.6G

             total       used       free     shared    buffers     cached
Mem:          2.0G       1.9G        72M       2.4M       4.0M        60M
-/+ buffers/cache:       1.8G       136M
Swap:         8.0G       435M       7.6G

             total       used       free     shared    buffers     cached
Mem:          2.0G       1.9G        71M       2.4M       4.0M        60M
-/+ buffers/cache:       1.8G       135M
Swap:         8.0G       435M       7.6G

             total       used       free     shared    buffers     cached
Mem:          2.0G       1.9G        70M       2.4M       4.0M        60M
-/+ buffers/cache:       1.8G       134M
Swap:         8.0G       434M       7.6G

             total       used       free     shared    buffers     cached
Mem:          2.0G       1.9G        69M       2.4M       4.0M        60M
-/+ buffers/cache:       1.8G       133M
Swap:         8.0G       433M       7.6G

             total       used       free     shared    buffers     cached
Mem:          2.0G       1.9G        72M       2.5M       8.0M        71M
-/+ buffers/cache:       1.8G       152M
Swap:         8.0G       453M       7.6G
