             total       used       free     shared    buffers     cached
Mem:          992M       658M       333M       3.2M        38M       289M
-/+ buffers/cache:       330M       662M
Swap:         8.0G         0B       8.0G

             total       used       free     shared    buffers     cached
Mem:          992M       657M       334M       1.4M        38M       288M
-/+ buffers/cache:       330M       661M
Swap:         8.0G         0B       8.0G

             total       used       free     shared    buffers     cached
Mem:          992M       657M       334M       1.4M        38M       288M
-/+ buffers/cache:       330M       662M
Swap:         8.0G         0B       8.0G

             total       used       free     shared    buffers     cached
Mem:          992M       657M       334M       1.4M        38M       288M
-/+ buffers/cache:       330M       662M
Swap:         8.0G         0B       8.0G

             total       used       free     shared    buffers     cached
Mem:          992M       657M       334M       1.4M        38M       288M
-/+ buffers/cache:       330M       662M
Swap:         8.0G         0B       8.0G

             total       used       free     shared    buffers     cached
Mem:          992M       657M       334M       1.4M        38M       288M
-/+ buffers/cache:       330M       662M
Swap:         8.0G         0B       8.0G

             total       used       free     shared    buffers     cached
Mem:          992M       656M       335M       1.4M        38M       288M
-/+ buffers/cache:       329M       662M
Swap:         8.0G         0B       8.0G

             total       used       free     shared    buffers     cached
Mem:          992M       656M       335M       1.4M        38M       288M
-/+ buffers/cache:       329M       662M
Swap:         8.0G         0B       8.0G

             total       used       free     shared    buffers     cached
Mem:          992M       656M       335M       1.4M        38M       288M
-/+ buffers/cache:       329M       662M
Swap:         8.0G         0B       8.0G

             total       used       free     shared    buffers     cached
Mem:          992M       656M       335M       1.4M        38M       288M
-/+ buffers/cache:       329M       662M
Swap:         8.0G         0B       8.0G

             total       used       free     shared    buffers     cached
Mem:          992M       660M       332M       1.4M        38M       288M
-/+ buffers/cache:       332M       659M
Swap:         8.0G         0B       8.0G

             total       used       free     shared    buffers     cached
Mem:          992M       679M       312M       1.4M        38M       289M
-/+ buffers/cache:       352M       640M
Swap:         8.0G         0B       8.0G

             total       used       free     shared    buffers     cached
Mem:          992M       665M       327M       1.4M        38M       289M
-/+ buffers/cache:       336M       655M
Swap:         8.0G         0B       8.0G

             total       used       free     shared    buffers     cached
Mem:          992M       665M       326M       1.4M        38M       289M
-/+ buffers/cache:       337M       654M
Swap:         8.0G         0B       8.0G

             total       used       free     shared    buffers     cached
Mem:          992M       666M       326M       1.4M        38M       289M
-/+ buffers/cache:       337M       654M
Swap:         8.0G         0B       8.0G

             total       used       free     shared    buffers     cached
Mem:          992M       666M       326M       1.4M        38M       289M
-/+ buffers/cache:       337M       654M
Swap:         8.0G         0B       8.0G

             total       used       free     shared    buffers     cached
Mem:          992M       666M       326M       1.4M        38M       289M
-/+ buffers/cache:       337M       654M
Swap:         8.0G         0B       8.0G

             total       used       free     shared    buffers     cached
Mem:          992M       666M       326M       1.4M        38M       289M
-/+ buffers/cache:       337M       654M
Swap:         8.0G         0B       8.0G

             total       used       free     shared    buffers     cached
Mem:          992M       666M       326M       1.4M        38M       289M
-/+ buffers/cache:       337M       654M
Swap:         8.0G         0B       8.0G

             total       used       free     shared    buffers     cached
Mem:          992M       666M       326M       1.4M        38M       289M
-/+ buffers/cache:       337M       654M
Swap:         8.0G         0B       8.0G

             total       used       free     shared    buffers     cached
Mem:          992M       666M       326M       1.4M        38M       289M
-/+ buffers/cache:       337M       654M
Swap:         8.0G         0B       8.0G

             total       used       free     shared    buffers     cached
Mem:          992M       666M       325M       1.4M        38M       290M
-/+ buffers/cache:       337M       654M
Swap:         8.0G         0B       8.0G

             total       used       free     shared    buffers     cached
Mem:          992M       666M       325M       1.4M        38M       290M
-/+ buffers/cache:       337M       654M
Swap:         8.0G         0B       8.0G

             total       used       free     shared    buffers     cached
Mem:          992M       666M       325M       1.4M        38M       289M
-/+ buffers/cache:       337M       654M
Swap:         8.0G         0B       8.0G

             total       used       free     shared    buffers     cached
Mem:          992M       666M       325M       1.4M        38M       290M
-/+ buffers/cache:       337M       654M
Swap:         8.0G         0B       8.0G

             total       used       free     shared    buffers     cached
Mem:          992M       666M       325M       1.4M        38M       290M
-/+ buffers/cache:       337M       654M
Swap:         8.0G         0B       8.0G

             total       used       free     shared    buffers     cached
Mem:          992M       666M       325M       1.4M        38M       290M
-/+ buffers/cache:       337M       654M
Swap:         8.0G         0B       8.0G

             total       used       free     shared    buffers     cached
Mem:          992M       666M       325M       1.4M        38M       290M
-/+ buffers/cache:       337M       654M
Swap:         8.0G         0B       8.0G

             total       used       free     shared    buffers     cached
Mem:          992M       666M       325M       1.4M        38M       289M
-/+ buffers/cache:       337M       654M
Swap:         8.0G         0B       8.0G

             total       used       free     shared    buffers     cached
Mem:          992M       666M       325M       1.4M        38M       290M
-/+ buffers/cache:       337M       654M
Swap:         8.0G         0B       8.0G

             total       used       free     shared    buffers     cached
Mem:          992M       666M       325M       1.4M        38M       290M
-/+ buffers/cache:       337M       654M
Swap:         8.0G         0B       8.0G

             total       used       free     shared    buffers     cached
Mem:          992M       666M       325M       1.4M        38M       290M
-/+ buffers/cache:       337M       654M
Swap:         8.0G         0B       8.0G

             total       used       free     shared    buffers     cached
Mem:          992M       666M       325M       1.4M        38M       290M
-/+ buffers/cache:       337M       654M
Swap:         8.0G         0B       8.0G

             total       used       free     shared    buffers     cached
Mem:          992M       674M       317M       1.4M        38M       290M
-/+ buffers/cache:       345M       646M
Swap:         8.0G         0B       8.0G

             total       used       free     shared    buffers     cached
Mem:          992M       691M       300M       1.4M        38M       290M
-/+ buffers/cache:       362M       629M
Swap:         8.0G         0B       8.0G

             total       used       free     shared    buffers     cached
Mem:          992M       710M       281M       1.4M        38M       290M
-/+ buffers/cache:       381M       610M
Swap:         8.0G         0B       8.0G

             total       used       free     shared    buffers     cached
Mem:          992M       728M       263M       1.4M        38M       290M
-/+ buffers/cache:       399M       592M
Swap:         8.0G         0B       8.0G

             total       used       free     shared    buffers     cached
Mem:          992M       745M       246M       1.4M        38M       290M
-/+ buffers/cache:       416M       575M
Swap:         8.0G         0B       8.0G

             total       used       free     shared    buffers     cached
Mem:          992M       762M       229M       1.4M        38M       290M
-/+ buffers/cache:       433M       558M
Swap:         8.0G         0B       8.0G

             total       used       free     shared    buffers     cached
Mem:          992M       777M       214M       1.4M        38M       290M
-/+ buffers/cache:       448M       543M
Swap:         8.0G         0B       8.0G

             total       used       free     shared    buffers     cached
Mem:          992M       790M       201M       1.4M        38M       290M
-/+ buffers/cache:       461M       530M
Swap:         8.0G         0B       8.0G

             total       used       free     shared    buffers     cached
Mem:          992M       805M       187M       1.4M        38M       290M
-/+ buffers/cache:       476M       515M
Swap:         8.0G         0B       8.0G

             total       used       free     shared    buffers     cached
Mem:          992M       821M       170M       1.4M        38M       290M
-/+ buffers/cache:       492M       499M
Swap:         8.0G         0B       8.0G

             total       used       free     shared    buffers     cached
Mem:          992M       841M       150M       1.4M        38M       290M
-/+ buffers/cache:       512M       479M
Swap:         8.0G         0B       8.0G

             total       used       free     shared    buffers     cached
Mem:          992M       860M       131M       1.4M        38M       290M
-/+ buffers/cache:       532M       460M
Swap:         8.0G         0B       8.0G

             total       used       free     shared    buffers     cached
Mem:          992M       882M       109M       1.4M        38M       290M
-/+ buffers/cache:       553M       438M
Swap:         8.0G         0B       8.0G

             total       used       free     shared    buffers     cached
Mem:          992M       899M        92M       1.4M        38M       290M
-/+ buffers/cache:       570M       421M
Swap:         8.0G         0B       8.0G

             total       used       free     shared    buffers     cached
Mem:          992M       920M        71M       1.4M        38M       290M
-/+ buffers/cache:       591M       400M
Swap:         8.0G         0B       8.0G

             total       used       free     shared    buffers     cached
Mem:          992M       923M        69M       1.4M        23M       288M
-/+ buffers/cache:       611M       380M
Swap:         8.0G         0B       8.0G

             total       used       free     shared    buffers     cached
Mem:          992M       923M        68M       1.4M        10M       282M
-/+ buffers/cache:       630M       361M
Swap:         8.0G         0B       8.0G

             total       used       free     shared    buffers     cached
Mem:          992M       924M        67M       1.4M       9.9M       264M
-/+ buffers/cache:       649M       342M
Swap:         8.0G        84K       8.0G

             total       used       free     shared    buffers     cached
Mem:          992M       924M        67M       1.3M       9.7M       245M
-/+ buffers/cache:       669M       322M
Swap:         8.0G       188K       8.0G

             total       used       free     shared    buffers     cached
Mem:          992M       928M        63M       1.2M       9.7M       232M
-/+ buffers/cache:       686M       305M
Swap:         8.0G       3.6M       8.0G

             total       used       free     shared    buffers     cached
Mem:          992M       918M        74M       1.1M       9.7M       206M
-/+ buffers/cache:       701M       290M
Swap:         8.0G       7.8M       8.0G

             total       used       free     shared    buffers     cached
Mem:          992M       922M        69M       1.1M       2.4M       197M
-/+ buffers/cache:       722M       269M
Swap:         8.0G       7.8M       8.0G

             total       used       free     shared    buffers     cached
Mem:          992M       922M        70M       1.1M       788K       181M
-/+ buffers/cache:       739M       252M
Swap:         8.0G       7.8M       8.0G

             total       used       free     shared    buffers     cached
Mem:          992M       915M        77M       1.1M       120K       158M
-/+ buffers/cache:       756M       235M
Swap:         8.0G       7.8M       8.0G

             total       used       free     shared    buffers     cached
Mem:          992M       915M        77M       1.1M       120K       139M
-/+ buffers/cache:       775M       216M
Swap:         8.0G       7.8M       8.0G

             total       used       free     shared    buffers     cached
Mem:          992M       927M        64M       1.1M       124K       139M
-/+ buffers/cache:       787M       204M
Swap:         8.0G       7.8M       8.0G

             total       used       free     shared    buffers     cached
Mem:          992M       929M        62M       1.1M        80K       122M
-/+ buffers/cache:       806M       185M
Swap:         8.0G       7.8M       8.0G

             total       used       free     shared    buffers     cached
Mem:          992M       919M        73M       1.1M        92K        93M
-/+ buffers/cache:       825M       166M
Swap:         8.0G       7.8M       8.0G

             total       used       free     shared    buffers     cached
Mem:          992M       916M        76M       1.1M        92K        72M
-/+ buffers/cache:       843M       148M
Swap:         8.0G       7.8M       8.0G

             total       used       free     shared    buffers     cached
Mem:          992M       921M        70M       1.1M       248K        56M
-/+ buffers/cache:       864M       127M
Swap:         8.0G       7.8M       8.0G

             total       used       free     shared    buffers     cached
Mem:          992M       929M        63M       1.1M       260K        44M
-/+ buffers/cache:       884M       107M
Swap:         8.0G       7.8M       8.0G

             total       used       free     shared    buffers     cached
Mem:          992M       930M        62M       1.1M       532K        26M
-/+ buffers/cache:       903M        88M
Swap:         8.0G       7.8M       8.0G

             total       used       free     shared    buffers     cached
Mem:          992M       923M        68M       988K       532K       4.3M
-/+ buffers/cache:       918M        73M
Swap:         8.0G        21M       8.0G

             total       used       free     shared    buffers     cached
Mem:          992M       914M        77M       684K       324K       2.7M
-/+ buffers/cache:       911M        80M
Swap:         8.0G        61M       7.9G

             total       used       free     shared    buffers     cached
Mem:          992M       917M        74M       676K       336K       2.6M
-/+ buffers/cache:       914M        77M
Swap:         8.0G        79M       7.9G

             total       used       free     shared    buffers     cached
Mem:          992M       919M        72M       676K       308K       2.5M
-/+ buffers/cache:       916M        75M
Swap:         8.0G        79M       7.9G

             total       used       free     shared    buffers     cached
Mem:          992M       920M        72M       676K       212K       5.0M
-/+ buffers/cache:       914M        77M
Swap:         8.0G        93M       7.9G

             total       used       free     shared    buffers     cached
Mem:          992M       893M        98M       672K       1.6M        12M
-/+ buffers/cache:       879M       112M
Swap:         8.0G       147M       7.9G

             total       used       free     shared    buffers     cached
Mem:          992M       911M        81M       660K       1.6M        12M
-/+ buffers/cache:       896M        95M
Swap:         8.0G       147M       7.9G

             total       used       free     shared    buffers     cached
Mem:          992M       924M        67M       660K       1.6M        13M
-/+ buffers/cache:       909M        82M
Swap:         8.0G       147M       7.9G

             total       used       free     shared    buffers     cached
Mem:          992M       920M        71M       556K       1.6M        12M
-/+ buffers/cache:       906M        85M
Swap:         8.0G       175M       7.8G

             total       used       free     shared    buffers     cached
Mem:          992M       919M        72M       572K       1.6M        12M
-/+ buffers/cache:       906M        86M
Swap:         8.0G       185M       7.8G

             total       used       free     shared    buffers     cached
Mem:          992M       922M        70M       572K       948K        10M
-/+ buffers/cache:       910M        82M
Swap:         8.0G       213M       7.8G

             total       used       free     shared    buffers     cached
Mem:          992M       909M        82M       568K        88K       7.6M
-/+ buffers/cache:       902M        89M
Swap:         8.0G       215M       7.8G

             total       used       free     shared    buffers     cached
Mem:          992M       925M        67M       568K        88K       7.6M
-/+ buffers/cache:       917M        74M
Swap:         8.0G       215M       7.8G

             total       used       free     shared    buffers     cached
Mem:          992M       905M        86M       568K       100K       4.8M
-/+ buffers/cache:       900M        91M
Swap:         8.0G       253M       7.7G

             total       used       free     shared    buffers     cached
Mem:          992M       915M        76M       540K       116K       4.9M
-/+ buffers/cache:       910M        81M
Swap:         8.0G       253M       7.7G

             total       used       free     shared    buffers     cached
Mem:          992M       927M        64M       540K       120K       5.0M
-/+ buffers/cache:       922M        69M
Swap:         8.0G       253M       7.7G

             total       used       free     shared    buffers     cached
Mem:          992M       922M        69M       540K       240K       2.9M
-/+ buffers/cache:       919M        72M
Swap:         8.0G       254M       7.7G

             total       used       free     shared    buffers     cached
Mem:          992M       930M        61M       540K       240K       2.8M
-/+ buffers/cache:       927M        64M
Swap:         8.0G       254M       7.7G

             total       used       free     shared    buffers     cached
Mem:          992M       922M        69M       540K       512K       2.8M
-/+ buffers/cache:       919M        73M
Swap:         8.0G       282M       7.7G

             total       used       free     shared    buffers     cached
Mem:          992M       929M        62M       540K       512K       2.9M
-/+ buffers/cache:       926M        65M
Swap:         8.0G       282M       7.7G

             total       used       free     shared    buffers     cached
Mem:          992M       923M        68M       540K       512K       3.0M
-/+ buffers/cache:       919M        72M
Swap:         8.0G       282M       7.7G

             total       used       free     shared    buffers     cached
Mem:          992M       928M        63M       540K       512K       3.0M
-/+ buffers/cache:       924M        67M
Swap:         8.0G       282M       7.7G

             total       used       free     shared    buffers     cached
Mem:          992M       917M        74M       540K       512K       2.8M
-/+ buffers/cache:       914M        78M
Swap:         8.0G       301M       7.7G

             total       used       free     shared    buffers     cached
Mem:          992M       922M        70M       540K       520K       2.8M
-/+ buffers/cache:       918M        73M
Swap:         8.0G       301M       7.7G

             total       used       free     shared    buffers     cached
Mem:          992M       926M        66M       540K       520K       2.8M
-/+ buffers/cache:       922M        69M
Swap:         8.0G       301M       7.7G

             total       used       free     shared    buffers     cached
Mem:          992M       924M        68M       540K        76K        16M
-/+ buffers/cache:       907M        84M
Swap:         8.0G       333M       7.7G

             total       used       free     shared    buffers     cached
Mem:          992M       930M        62M       536K       228K        18M
-/+ buffers/cache:       911M        80M
Swap:         8.0G       333M       7.7G

             total       used       free     shared    buffers     cached
Mem:          992M       918M        73M        96K       544K        15M
-/+ buffers/cache:       902M        89M
Swap:         8.0G       351M       7.7G

             total       used       free     shared    buffers     cached
Mem:          992M       921M        70M        96K       544K        15M
-/+ buffers/cache:       905M        86M
Swap:         8.0G       351M       7.7G

             total       used       free     shared    buffers     cached
Mem:          992M       924M        67M        96K       556K        15M
-/+ buffers/cache:       908M        83M
Swap:         8.0G       351M       7.7G

             total       used       free     shared    buffers     cached
Mem:          992M       927M        64M        96K       556K        15M
-/+ buffers/cache:       911M        80M
Swap:         8.0G       351M       7.7G

             total       used       free     shared    buffers     cached
Mem:          992M       930M        61M        96K       556K        15M
-/+ buffers/cache:       914M        77M
Swap:         8.0G       351M       7.7G

             total       used       free     shared    buffers     cached
Mem:          992M       926M        65M         0B       556K        12M
-/+ buffers/cache:       912M        79M
Swap:         8.0G       353M       7.7G

             total       used       free     shared    buffers     cached
Mem:          992M       919M        72M         4K        80K       1.5M
-/+ buffers/cache:       917M        74M
Swap:         8.0G       340M       7.7G

             total       used       free     shared    buffers     cached
Mem:          992M       920M        72M         4K       384K       1.5M
-/+ buffers/cache:       918M        73M
Swap:         8.0G       332M       7.7G

             total       used       free     shared    buffers     cached
Mem:          992M       923M        68M         4K       384K       1.6M
-/+ buffers/cache:       921M        70M
Swap:         8.0G       331M       7.7G

             total       used       free     shared    buffers     cached
Mem:          992M       921M        70M         0B       328K       1.4M
-/+ buffers/cache:       919M        72M
Swap:         8.0G       343M       7.7G

             total       used       free     shared    buffers     cached
Mem:          992M       922M        69M         0B       204K       1.7M
-/+ buffers/cache:       920M        71M
Swap:         8.0G       332M       7.7G

             total       used       free     shared    buffers     cached
Mem:          992M       924M        68M         0B        80K       1.7M
-/+ buffers/cache:       922M        69M
Swap:         8.0G       331M       7.7G

             total       used       free     shared    buffers     cached
Mem:          992M       919M        72M         0B        88K       1.5M
-/+ buffers/cache:       917M        74M
Swap:         8.0G       338M       7.7G

             total       used       free     shared    buffers     cached
Mem:          992M       919M        72M         0B        88K       1.6M
-/+ buffers/cache:       917M        74M
Swap:         8.0G       338M       7.7G

             total       used       free     shared    buffers     cached
Mem:          992M       920M        71M         0B        88K       1.5M
-/+ buffers/cache:       918M        73M
Swap:         8.0G       338M       7.7G

             total       used       free     shared    buffers     cached
Mem:          992M       919M        72M         0B        88K       1.3M
-/+ buffers/cache:       918M        73M
Swap:         8.0G       422M       7.6G

             total       used       free     shared    buffers     cached
Mem:          992M       919M        72M         0B        88K       1.3M
-/+ buffers/cache:       918M        74M
Swap:         8.0G       354M       7.7G

             total       used       free     shared    buffers     cached
Mem:          992M       911M        80M         0B        88K       1.3M
-/+ buffers/cache:       910M        82M
Swap:         8.0G       346M       7.7G

             total       used       free     shared    buffers     cached
Mem:          992M       916M        75M         0B        96K       1.4M
-/+ buffers/cache:       915M        76M
Swap:         8.0G       341M       7.7G

             total       used       free     shared    buffers     cached
Mem:          992M       924M        67M         0B        96K       1.8M
-/+ buffers/cache:       923M        69M
Swap:         8.0G       331M       7.7G

             total       used       free     shared    buffers     cached
Mem:          992M       929M        62M         0B        96K       1.8M
-/+ buffers/cache:       927M        64M
Swap:         8.0G       330M       7.7G

             total       used       free     shared    buffers     cached
Mem:          992M       915M        76M         0B        96K       1.8M
-/+ buffers/cache:       914M        78M
Swap:         8.0G       358M       7.6G

             total       used       free     shared    buffers     cached
Mem:          992M       922M        69M         0B        96K       1.8M
-/+ buffers/cache:       920M        71M
Swap:         8.0G       358M       7.6G

             total       used       free     shared    buffers     cached
Mem:          992M       926M        65M         0B       104K       1.8M
-/+ buffers/cache:       924M        67M
Swap:         8.0G       358M       7.6G

             total       used       free     shared    buffers     cached
Mem:          992M       920M        71M         0B       104K       1.8M
-/+ buffers/cache:       918M        73M
Swap:         8.0G       358M       7.6G

             total       used       free     shared    buffers     cached
Mem:          992M       925M        66M         0B       104K       1.8M
-/+ buffers/cache:       923M        68M
Swap:         8.0G       360M       7.6G

             total       used       free     shared    buffers     cached
Mem:          992M       914M        77M         0B       104K       1.8M
-/+ buffers/cache:       912M        79M
Swap:         8.0G       388M       7.6G

             total       used       free     shared    buffers     cached
Mem:          992M       918M        73M         0B       104K       1.8M
-/+ buffers/cache:       916M        75M
Swap:         8.0G       388M       7.6G

             total       used       free     shared    buffers     cached
Mem:          992M       920M        72M         0B       112K       1.8M
-/+ buffers/cache:       918M        74M
Swap:         8.0G       387M       7.6G

             total       used       free     shared    buffers     cached
Mem:          992M       921M        70M         0B       112K       1.8M
-/+ buffers/cache:       920M        72M
Swap:         8.0G       386M       7.6G

             total       used       free     shared    buffers     cached
Mem:          992M       923M        68M         0B       112K       1.8M
-/+ buffers/cache:       922M        70M
Swap:         8.0G       385M       7.6G

             total       used       free     shared    buffers     cached
Mem:          992M       926M        66M         0B       112K       1.8M
-/+ buffers/cache:       924M        67M
Swap:         8.0G       384M       7.6G

             total       used       free     shared    buffers     cached
Mem:          992M       928M        64M         0B       112K       1.8M
-/+ buffers/cache:       926M        65M
Swap:         8.0G       383M       7.6G

             total       used       free     shared    buffers     cached
Mem:          992M       929M        62M         0B       112K       1.8M
-/+ buffers/cache:       928M        64M
Swap:         8.0G       383M       7.6G

             total       used       free     shared    buffers     cached
Mem:          992M       918M        73M         0B        80K       1.7M
-/+ buffers/cache:       916M        75M
Swap:         8.0G       388M       7.6G

             total       used       free     shared    buffers     cached
Mem:          992M       920M        71M         0B        80K       1.7M
-/+ buffers/cache:       918M        73M
Swap:         8.0G       388M       7.6G

             total       used       free     shared    buffers     cached
Mem:          992M       922M        69M         0B        80K       1.7M
-/+ buffers/cache:       920M        71M
Swap:         8.0G       387M       7.6G

             total       used       free     shared    buffers     cached
Mem:          992M       925M        66M         0B       212K       2.5M
-/+ buffers/cache:       922M        69M
Swap:         8.0G       386M       7.6G

             total       used       free     shared    buffers     cached
Mem:          992M       927M        64M         0B       212K       2.4M
-/+ buffers/cache:       924M        67M
Swap:         8.0G       385M       7.6G

             total       used       free     shared    buffers     cached
Mem:          992M       929M        62M         0B       220K       2.6M
-/+ buffers/cache:       927M        65M
Swap:         8.0G       384M       7.6G

             total       used       free     shared    buffers     cached
Mem:          992M       919M        72M         0B       220K       2.5M
-/+ buffers/cache:       916M        75M
Swap:         8.0G       388M       7.6G

             total       used       free     shared    buffers     cached
Mem:          992M       921M        70M         0B       220K       2.5M
-/+ buffers/cache:       918M        73M
Swap:         8.0G       387M       7.6G

             total       used       free     shared    buffers     cached
Mem:          992M       923M        69M         0B       220K       2.5M
-/+ buffers/cache:       920M        71M
Swap:         8.0G       387M       7.6G

             total       used       free     shared    buffers     cached
Mem:          992M       925M        67M         0B       220K       2.5M
-/+ buffers/cache:       922M        69M
Swap:         8.0G       386M       7.6G

             total       used       free     shared    buffers     cached
Mem:          992M       926M        65M         0B       228K       2.5M
-/+ buffers/cache:       924M        68M
Swap:         8.0G       385M       7.6G

             total       used       free     shared    buffers     cached
Mem:          992M       928M        63M         0B       228K       2.5M
-/+ buffers/cache:       925M        66M
Swap:         8.0G       384M       7.6G

             total       used       free     shared    buffers     cached
Mem:          992M       930M        61M         0B       228K       2.5M
-/+ buffers/cache:       927M        64M
Swap:         8.0G       383M       7.6G

             total       used       free     shared    buffers     cached
Mem:          992M       920M        71M         0B       228K       2.5M
-/+ buffers/cache:       917M        74M
Swap:         8.0G       399M       7.6G

             total       used       free     shared    buffers     cached
Mem:          992M       922M        69M         0B       228K       2.7M
-/+ buffers/cache:       919M        72M
Swap:         8.0G       398M       7.6G

             total       used       free     shared    buffers     cached
Mem:          992M       925M        67M         0B       236K       2.6M
-/+ buffers/cache:       922M        70M
Swap:         8.0G       397M       7.6G

             total       used       free     shared    buffers     cached
Mem:          992M       926M        65M         0B       236K       2.6M
-/+ buffers/cache:       923M        68M
Swap:         8.0G       396M       7.6G

             total       used       free     shared    buffers     cached
Mem:          992M       928M        63M         0B       236K       2.7M
-/+ buffers/cache:       926M        66M
Swap:         8.0G       395M       7.6G

             total       used       free     shared    buffers     cached
Mem:          992M       930M        61M         0B       236K       2.7M
-/+ buffers/cache:       927M        64M
Swap:         8.0G       394M       7.6G

             total       used       free     shared    buffers     cached
Mem:          992M       920M        71M         0B       236K       2.7M
-/+ buffers/cache:       917M        74M
Swap:         8.0G       398M       7.6G

             total       used       free     shared    buffers     cached
Mem:          992M       922M        69M         0B       236K       2.7M
-/+ buffers/cache:       919M        72M
Swap:         8.0G       397M       7.6G

             total       used       free     shared    buffers     cached
Mem:          992M       924M        67M         0B       244K       2.6M
-/+ buffers/cache:       921M        70M
Swap:         8.0G       396M       7.6G

             total       used       free     shared    buffers     cached
Mem:          992M       926M        65M         0B       244K       2.6M
-/+ buffers/cache:       923M        68M
Swap:         8.0G       395M       7.6G

             total       used       free     shared    buffers     cached
Mem:          992M       928M        63M         0B       244K       2.7M
-/+ buffers/cache:       925M        66M
Swap:         8.0G       394M       7.6G

             total       used       free     shared    buffers     cached
Mem:          992M       907M        84M         0B        80K        15M
-/+ buffers/cache:       891M       100M
Swap:         8.0G       443M       7.6G

             total       used       free     shared    buffers     cached
Mem:          992M       904M        87M         0B       516K        21M
-/+ buffers/cache:       881M       110M
Swap:         8.0G       454M       7.6G

             total       used       free     shared    buffers     cached
Mem:          992M       910M        82M         4K       2.1M        24M
-/+ buffers/cache:       883M       108M
Swap:         8.0G       454M       7.6G

             total       used       free     shared    buffers     cached
Mem:          992M       911M        80M         4K       2.1M        24M
-/+ buffers/cache:       885M       106M
Swap:         8.0G       453M       7.6G

             total       used       free     shared    buffers     cached
Mem:          992M       914M        77M         4K       2.1M        24M
-/+ buffers/cache:       887M       104M
Swap:         8.0G       452M       7.6G

             total       used       free     shared    buffers     cached
Mem:          992M       916M        76M         4K       2.1M        24M
-/+ buffers/cache:       889M       102M
Swap:         8.0G       451M       7.6G

             total       used       free     shared    buffers     cached
Mem:          992M       918M        73M         4K       2.1M        24M
-/+ buffers/cache:       891M       100M
Swap:         8.0G       450M       7.6G

             total       used       free     shared    buffers     cached
Mem:          992M       920M        71M         4K       2.1M        24M
-/+ buffers/cache:       893M        98M
Swap:         8.0G       450M       7.6G

             total       used       free     shared    buffers     cached
Mem:          992M       922M        69M         4K       2.1M        24M
-/+ buffers/cache:       895M        96M
Swap:         8.0G       449M       7.6G

             total       used       free     shared    buffers     cached
Mem:          992M       924M        67M         4K       2.1M        24M
-/+ buffers/cache:       897M        94M
Swap:         8.0G       448M       7.6G

             total       used       free     shared    buffers     cached
Mem:          992M       926M        65M         4K       2.1M        24M
-/+ buffers/cache:       899M        92M
Swap:         8.0G       447M       7.6G

             total       used       free     shared    buffers     cached
Mem:          992M       928M        63M         4K       2.1M        24M
-/+ buffers/cache:       901M        90M
Swap:         8.0G       446M       7.6G

             total       used       free     shared    buffers     cached
Mem:          992M       930M        61M         4K       2.1M        24M
-/+ buffers/cache:       903M        88M
Swap:         8.0G       445M       7.6G

             total       used       free     shared    buffers     cached
Mem:          992M       919M        73M         4K       2.1M        22M
-/+ buffers/cache:       894M        98M
Swap:         8.0G       452M       7.6G

             total       used       free     shared    buffers     cached
Mem:          992M       921M        70M         4K       2.1M        22M
-/+ buffers/cache:       896M        95M
Swap:         8.0G       451M       7.6G

             total       used       free     shared    buffers     cached
Mem:          992M       923M        68M         4K       2.1M        22M
-/+ buffers/cache:       898M        93M
Swap:         8.0G       450M       7.6G

             total       used       free     shared    buffers     cached
Mem:          992M       926M        66M         4K       2.1M        22M
-/+ buffers/cache:       901M        91M
Swap:         8.0G       449M       7.6G

             total       used       free     shared    buffers     cached
Mem:          992M       928M        64M         4K       2.1M        22M
-/+ buffers/cache:       903M        89M
Swap:         8.0G       448M       7.6G

             total       used       free     shared    buffers     cached
Mem:          992M       930M        62M         4K       2.1M        22M
-/+ buffers/cache:       905M        87M
Swap:         8.0G       447M       7.6G

             total       used       free     shared    buffers     cached
Mem:          992M       913M        78M         4K       2.1M        19M
-/+ buffers/cache:       891M       100M
Swap:         8.0G       467M       7.5G

             total       used       free     shared    buffers     cached
Mem:          992M       915M        76M         4K       2.1M        19M
-/+ buffers/cache:       893M        98M
Swap:         8.0G       466M       7.5G

             total       used       free     shared    buffers     cached
Mem:          992M       917M        74M         4K       2.1M        20M
-/+ buffers/cache:       895M        96M
Swap:         8.0G       465M       7.5G

             total       used       free     shared    buffers     cached
Mem:          992M       919M        72M         4K       2.1M        20M
-/+ buffers/cache:       897M        94M
Swap:         8.0G       464M       7.5G

             total       used       free     shared    buffers     cached
Mem:          992M       921M        70M         4K       2.1M        20M
-/+ buffers/cache:       899M        92M
Swap:         8.0G       463M       7.5G

             total       used       free     shared    buffers     cached
Mem:          992M       921M        70M         4K       2.1M        20M
-/+ buffers/cache:       899M        92M
Swap:         8.0G       463M       7.5G

             total       used       free     shared    buffers     cached
Mem:          992M       921M        70M         4K       2.1M        20M
-/+ buffers/cache:       899M        92M
Swap:         8.0G       463M       7.5G

             total       used       free     shared    buffers     cached
Mem:          992M       925M        66M         4K       2.1M        21M
-/+ buffers/cache:       901M        90M
Swap:         8.0G       462M       7.5G

             total       used       free     shared    buffers     cached
Mem:          992M       926M        65M         4K       2.1M        21M
-/+ buffers/cache:       902M        89M
Swap:         8.0G       461M       7.5G

             total       used       free     shared    buffers     cached
Mem:          992M       927M        64M         4K       2.1M        21M
-/+ buffers/cache:       903M        88M
Swap:         8.0G       461M       7.5G

             total       used       free     shared    buffers     cached
Mem:          992M       928M        63M         4K       2.1M        21M
-/+ buffers/cache:       904M        87M
Swap:         8.0G       460M       7.5G

             total       used       free     shared    buffers     cached
Mem:          992M       930M        61M         4K       2.1M        21M
-/+ buffers/cache:       906M        85M
Swap:         8.0G       459M       7.5G

             total       used       free     shared    buffers     cached
Mem:          992M       919M        72M         4K       2.4M        19M
-/+ buffers/cache:       898M        94M
Swap:         8.0G       468M       7.5G

             total       used       free     shared    buffers     cached
Mem:          992M       919M        72M         8K       2.4M        30M
-/+ buffers/cache:       887M       105M
Swap:         8.0G       482M       7.5G

             total       used       free     shared    buffers     cached
Mem:          992M       922M        69M        20K       2.4M        31M
-/+ buffers/cache:       889M       102M
Swap:         8.0G       481M       7.5G

             total       used       free     shared    buffers     cached
Mem:          992M       924M        68M        20K       2.4M        31M
-/+ buffers/cache:       890M       101M
Swap:         8.0G       480M       7.5G

             total       used       free     shared    buffers     cached
Mem:          992M       925M        66M        20K       2.4M        31M
-/+ buffers/cache:       891M       100M
Swap:         8.0G       479M       7.5G

             total       used       free     shared    buffers     cached
Mem:          992M       926M        65M        20K       2.4M        31M
-/+ buffers/cache:       892M        99M
Swap:         8.0G       479M       7.5G

             total       used       free     shared    buffers     cached
Mem:          992M       927M        64M        20K       2.4M        31M
-/+ buffers/cache:       893M        98M
Swap:         8.0G       478M       7.5G

             total       used       free     shared    buffers     cached
Mem:          992M       928M        63M        20K       2.4M        31M
-/+ buffers/cache:       894M        97M
Swap:         8.0G       478M       7.5G

             total       used       free     shared    buffers     cached
Mem:          992M       929M        62M        20K       2.4M        31M
-/+ buffers/cache:       895M        96M
Swap:         8.0G       477M       7.5G

             total       used       free     shared    buffers     cached
Mem:          992M       930M        61M        20K       2.4M        31M
-/+ buffers/cache:       896M        95M
Swap:         8.0G       477M       7.5G

             total       used       free     shared    buffers     cached
Mem:          992M       916M        76M        20K       1.3M        30M
-/+ buffers/cache:       883M       108M
Swap:         8.0G       488M       7.5G

             total       used       free     shared    buffers     cached
Mem:          992M       917M        75M        20K       1.3M        30M
-/+ buffers/cache:       884M       107M
Swap:         8.0G       488M       7.5G

             total       used       free     shared    buffers     cached
Mem:          992M       918M        73M        20K       1.3M        30M
-/+ buffers/cache:       886M       105M
Swap:         8.0G       487M       7.5G

             total       used       free     shared    buffers     cached
Mem:          992M       919M        72M        20K       1.3M        30M
-/+ buffers/cache:       887M       104M
Swap:         8.0G       486M       7.5G

             total       used       free     shared    buffers     cached
Mem:          992M       921M        70M        20K       1.3M        30M
-/+ buffers/cache:       888M       103M
Swap:         8.0G       486M       7.5G

             total       used       free     shared    buffers     cached
Mem:          992M       922M        69M        20K       1.3M        30M
-/+ buffers/cache:       890M       102M
Swap:         8.0G       485M       7.5G

             total       used       free     shared    buffers     cached
Mem:          992M       923M        68M        20K       1.3M        30M
-/+ buffers/cache:       891M       100M
Swap:         8.0G       485M       7.5G

             total       used       free     shared    buffers     cached
Mem:          992M       924M        67M        20K       1.3M        30M
-/+ buffers/cache:       892M        99M
Swap:         8.0G       484M       7.5G

             total       used       free     shared    buffers     cached
Mem:          992M       926M        66M        20K       1.3M        30M
-/+ buffers/cache:       893M        98M
Swap:         8.0G       484M       7.5G

             total       used       free     shared    buffers     cached
Mem:          992M       927M        64M        20K       1.3M        30M
-/+ buffers/cache:       894M        97M
Swap:         8.0G       483M       7.5G

             total       used       free     shared    buffers     cached
Mem:          992M       928M        63M        20K       1.3M        30M
-/+ buffers/cache:       896M        95M
Swap:         8.0G       482M       7.5G

             total       used       free     shared    buffers     cached
Mem:          992M       929M        62M        20K       1.3M        30M
-/+ buffers/cache:       897M        94M
Swap:         8.0G       482M       7.5G

             total       used       free     shared    buffers     cached
Mem:          992M       914M        77M        20K       572K        34M
-/+ buffers/cache:       879M       112M
Swap:         8.0G       497M       7.5G

             total       used       free     shared    buffers     cached
Mem:          992M       915M        76M        20K       580K        34M
-/+ buffers/cache:       880M       111M
Swap:         8.0G       497M       7.5G

             total       used       free     shared    buffers     cached
Mem:          992M       916M        75M        20K       592K        34M
-/+ buffers/cache:       881M       110M
Swap:         8.0G       496M       7.5G

             total       used       free     shared    buffers     cached
Mem:          992M       917M        74M        20K       592K        34M
-/+ buffers/cache:       883M       109M
Swap:         8.0G       496M       7.5G

             total       used       free     shared    buffers     cached
Mem:          992M       919M        73M        20K       592K        34M
-/+ buffers/cache:       884M       107M
Swap:         8.0G       495M       7.5G

             total       used       free     shared    buffers     cached
Mem:          992M       920M        71M        20K       592K        34M
-/+ buffers/cache:       885M       106M
Swap:         8.0G       495M       7.5G

             total       used       free     shared    buffers     cached
Mem:          992M       921M        70M        20K       600K        34M
-/+ buffers/cache:       886M       105M
Swap:         8.0G       494M       7.5G

             total       used       free     shared    buffers     cached
Mem:          992M       922M        69M        20K       600K        34M
-/+ buffers/cache:       888M       104M
Swap:         8.0G       493M       7.5G

             total       used       free     shared    buffers     cached
Mem:          992M       923M        68M        20K       600K        34M
-/+ buffers/cache:       889M       103M
Swap:         8.0G       493M       7.5G

             total       used       free     shared    buffers     cached
Mem:          992M       925M        67M        20K       600K        34M
-/+ buffers/cache:       890M       101M
Swap:         8.0G       492M       7.5G

             total       used       free     shared    buffers     cached
Mem:          992M       926M        65M        20K       600K        34M
-/+ buffers/cache:       891M       100M
Swap:         8.0G       492M       7.5G

             total       used       free     shared    buffers     cached
Mem:          992M       927M        64M        20K       600K        34M
-/+ buffers/cache:       892M        99M
Swap:         8.0G       491M       7.5G

             total       used       free     shared    buffers     cached
Mem:          992M       928M        63M        20K       608K        34M
-/+ buffers/cache:       894M        97M
Swap:         8.0G       490M       7.5G

             total       used       free     shared    buffers     cached
Mem:          992M       930M        61M        20K       608K        34M
-/+ buffers/cache:       895M        96M
Swap:         8.0G       490M       7.5G

             total       used       free     shared    buffers     cached
Mem:          992M       918M        73M        20K       600K        33M
-/+ buffers/cache:       884M       107M
Swap:         8.0G       502M       7.5G

             total       used       free     shared    buffers     cached
Mem:          992M       919M        72M        20K       600K        33M
-/+ buffers/cache:       885M       106M
Swap:         8.0G       501M       7.5G

             total       used       free     shared    buffers     cached
Mem:          992M       920M        71M        20K       600K        33M
-/+ buffers/cache:       886M       105M
Swap:         8.0G       501M       7.5G

             total       used       free     shared    buffers     cached
Mem:          992M       922M        69M        20K       608K        33M
-/+ buffers/cache:       888M       103M
Swap:         8.0G       500M       7.5G

             total       used       free     shared    buffers     cached
Mem:          992M       923M        68M        20K       608K        33M
-/+ buffers/cache:       889M       102M
Swap:         8.0G       499M       7.5G

             total       used       free     shared    buffers     cached
Mem:          992M       925M        67M        20K       608K        33M
-/+ buffers/cache:       891M       101M
Swap:         8.0G       498M       7.5G

             total       used       free     shared    buffers     cached
Mem:          992M       926M        65M        20K       608K        33M
-/+ buffers/cache:       892M        99M
Swap:         8.0G       498M       7.5G

             total       used       free     shared    buffers     cached
Mem:          992M       927M        64M        20K       608K        33M
-/+ buffers/cache:       893M        98M
Swap:         8.0G       497M       7.5G

             total       used       free     shared    buffers     cached
Mem:          992M       929M        63M        20K       608K        33M
-/+ buffers/cache:       895M        97M
Swap:         8.0G       496M       7.5G

             total       used       free     shared    buffers     cached
Mem:          992M       930M        61M        20K       616K        33M
-/+ buffers/cache:       896M        95M
Swap:         8.0G       496M       7.5G

             total       used       free     shared    buffers     cached
Mem:          992M       914M        78M        20K       616K        31M
-/+ buffers/cache:       882M       109M
Swap:         8.0G       515M       7.5G

             total       used       free     shared    buffers     cached
Mem:          992M       915M        76M        20K       616K        31M
-/+ buffers/cache:       883M       108M
Swap:         8.0G       514M       7.5G

             total       used       free     shared    buffers     cached
Mem:          992M       916M        75M        20K       616K        31M
-/+ buffers/cache:       885M       107M
Swap:         8.0G       514M       7.5G

             total       used       free     shared    buffers     cached
Mem:          992M       917M        74M        20K       616K        31M
-/+ buffers/cache:       886M       106M
Swap:         8.0G       513M       7.5G

             total       used       free     shared    buffers     cached
Mem:          992M       919M        73M        20K       624K        31M
-/+ buffers/cache:       887M       104M
Swap:         8.0G       512M       7.5G

             total       used       free     shared    buffers     cached
Mem:          992M       920M        71M        20K       624K        31M
-/+ buffers/cache:       888M       103M
Swap:         8.0G       512M       7.5G

             total       used       free     shared    buffers     cached
Mem:          992M       921M        70M        20K       624K        31M
-/+ buffers/cache:       889M       102M
Swap:         8.0G       511M       7.5G

             total       used       free     shared    buffers     cached
Mem:          992M       922M        69M        20K       624K        31M
-/+ buffers/cache:       891M       101M
Swap:         8.0G       510M       7.5G

             total       used       free     shared    buffers     cached
Mem:          992M       924M        68M        20K       624K        31M
-/+ buffers/cache:       892M        99M
Swap:         8.0G       509M       7.5G

             total       used       free     shared    buffers     cached
Mem:          992M       925M        66M        20K       624K        31M
-/+ buffers/cache:       893M        98M
Swap:         8.0G       509M       7.5G

             total       used       free     shared    buffers     cached
Mem:          992M       926M        65M        20K       632K        31M
-/+ buffers/cache:       894M        97M
Swap:         8.0G       508M       7.5G

             total       used       free     shared    buffers     cached
Mem:          992M       928M        63M        20K       632K        31M
-/+ buffers/cache:       896M        95M
Swap:         8.0G       507M       7.5G

             total       used       free     shared    buffers     cached
Mem:          992M       929M        62M        20K       632K        31M
-/+ buffers/cache:       897M        94M
Swap:         8.0G       507M       7.5G

             total       used       free     shared    buffers     cached
Mem:          992M       917M        74M        24K       328K        31M
-/+ buffers/cache:       885M       106M
Swap:         8.0G       507M       7.5G

             total       used       free     shared    buffers     cached
Mem:          992M       918M        73M        24K       328K        31M
-/+ buffers/cache:       886M       105M
Swap:         8.0G       506M       7.5G

             total       used       free     shared    buffers     cached
Mem:          992M       925M        66M        24K       336K        33M
-/+ buffers/cache:       892M        99M
Swap:         8.0G       503M       7.5G

             total       used       free     shared    buffers     cached
Mem:          992M       927M        64M        24K       336K        33M
-/+ buffers/cache:       894M        98M
Swap:         8.0G       502M       7.5G

             total       used       free     shared    buffers     cached
Mem:          992M       928M        63M        24K       336K        33M
-/+ buffers/cache:       895M        96M
Swap:         8.0G       501M       7.5G

             total       used       free     shared    buffers     cached
Mem:          992M       919M        73M        24K       140K        33M
-/+ buffers/cache:       886M       106M
Swap:         8.0G       522M       7.5G

             total       used       free     shared    buffers     cached
Mem:          992M       920M        72M        24K       140K        32M
-/+ buffers/cache:       886M       105M
Swap:         8.0G       521M       7.5G

             total       used       free     shared    buffers     cached
Mem:          992M       920M        71M        24K       140K        32M
-/+ buffers/cache:       887M       104M
Swap:         8.0G       521M       7.5G

             total       used       free     shared    buffers     cached
Mem:          992M       921M        70M        24K       148K        33M
-/+ buffers/cache:       888M       104M
Swap:         8.0G       521M       7.5G

             total       used       free     shared    buffers     cached
Mem:          992M       922M        70M        24K       148K        33M
-/+ buffers/cache:       888M       103M
Swap:         8.0G       520M       7.5G

             total       used       free     shared    buffers     cached
Mem:          992M       923M        69M        24K       148K        33M
-/+ buffers/cache:       889M       102M
Swap:         8.0G       520M       7.5G

             total       used       free     shared    buffers     cached
Mem:          992M       923M        68M        24K       148K        33M
-/+ buffers/cache:       890M       101M
Swap:         8.0G       519M       7.5G

             total       used       free     shared    buffers     cached
Mem:          992M       924M        67M        24K       148K        33M
-/+ buffers/cache:       891M       100M
Swap:         8.0G       519M       7.5G

             total       used       free     shared    buffers     cached
Mem:          992M       924M        67M        24K       156K        33M
-/+ buffers/cache:       891M       100M
Swap:         8.0G       519M       7.5G

             total       used       free     shared    buffers     cached
Mem:          992M       925M        66M        24K       156K        33M
-/+ buffers/cache:       892M        99M
Swap:         8.0G       518M       7.5G

             total       used       free     shared    buffers     cached
Mem:          992M       921M        71M       180K       1.4M        44M
-/+ buffers/cache:       875M       117M
Swap:         8.0G       528M       7.5G

             total       used       free     shared    buffers     cached
Mem:          992M       917M        74M       3.9M       4.8M        59M
-/+ buffers/cache:       853M       138M
Swap:         8.0G       563M       7.4G

             total       used       free     shared    buffers     cached
Mem:          992M       922M        69M       268K       4.0M        61M
-/+ buffers/cache:       856M       135M
Swap:         8.0G       565M       7.4G

             total       used       free     shared    buffers     cached
Mem:          992M       915M        76M       252K       4.0M        61M
-/+ buffers/cache:       850M       142M
Swap:         8.0G       573M       7.4G

             total       used       free     shared    buffers     cached
Mem:          992M       916M        76M       252K       4.0M        61M
-/+ buffers/cache:       850M       141M
Swap:         8.0G       573M       7.4G

             total       used       free     shared    buffers     cached
Mem:          992M       917M        74M       252K       4.0M        61M
-/+ buffers/cache:       851M       140M
Swap:         8.0G       572M       7.4G

             total       used       free     shared    buffers     cached
Mem:          992M       918M        73M       252K       4.0M        61M
-/+ buffers/cache:       853M       139M
Swap:         8.0G       572M       7.4G

             total       used       free     shared    buffers     cached
Mem:          992M       920M        72M       252K       4.0M        61M
-/+ buffers/cache:       854M       137M
Swap:         8.0G       571M       7.4G

             total       used       free     shared    buffers     cached
Mem:          992M       921M        70M       252K       4.0M        61M
-/+ buffers/cache:       855M       136M
Swap:         8.0G       570M       7.4G

             total       used       free     shared    buffers     cached
Mem:          992M       924M        67M       252K       4.2M        62M
-/+ buffers/cache:       857M       134M
Swap:         8.0G       570M       7.4G

             total       used       free     shared    buffers     cached
Mem:          992M       927M        64M       252K       4.5M        63M
-/+ buffers/cache:       858M       133M
Swap:         8.0G       569M       7.4G

             total       used       free     shared    buffers     cached
Mem:          992M       928M        63M       256K       4.5M        63M
-/+ buffers/cache:       860M       132M
Swap:         8.0G       569M       7.4G

             total       used       free     shared    buffers     cached
Mem:          992M       930M        62M       256K       4.5M        63M
-/+ buffers/cache:       861M       130M
Swap:         8.0G       568M       7.4G

             total       used       free     shared    buffers     cached
Mem:          992M       931M        60M       256K       4.5M        63M
-/+ buffers/cache:       862M       129M
Swap:         8.0G       567M       7.4G

             total       used       free     shared    buffers     cached
Mem:          992M       915M        77M       256K       4.3M        61M
-/+ buffers/cache:       849M       142M
Swap:         8.0G       580M       7.4G

             total       used       free     shared    buffers     cached
Mem:          992M       916M        76M       256K       4.4M        61M
-/+ buffers/cache:       850M       141M
Swap:         8.0G       579M       7.4G

             total       used       free     shared    buffers     cached
Mem:          992M       917M        74M       256K       4.4M        61M
-/+ buffers/cache:       851M       140M
Swap:         8.0G       579M       7.4G

             total       used       free     shared    buffers     cached
Mem:          992M       919M        73M       256K       4.4M        61M
-/+ buffers/cache:       853M       138M
Swap:         8.0G       578M       7.4G

             total       used       free     shared    buffers     cached
Mem:          992M       920M        71M       256K       4.4M        61M
-/+ buffers/cache:       854M       137M
Swap:         8.0G       578M       7.4G

             total       used       free     shared    buffers     cached
Mem:          992M       922M        70M       256K       4.4M        61M
-/+ buffers/cache:       855M       136M
Swap:         8.0G       577M       7.4G

             total       used       free     shared    buffers     cached
Mem:          992M       923M        68M       256K       4.4M        61M
-/+ buffers/cache:       857M       134M
Swap:         8.0G       576M       7.4G

             total       used       free     shared    buffers     cached
Mem:          992M       924M        67M       256K       4.4M        61M
-/+ buffers/cache:       858M       133M
Swap:         8.0G       576M       7.4G

             total       used       free     shared    buffers     cached
Mem:          992M       926M        66M       256K       4.4M        61M
-/+ buffers/cache:       859M       132M
Swap:         8.0G       575M       7.4G

             total       used       free     shared    buffers     cached
Mem:          992M       927M        64M       256K       4.4M        61M
-/+ buffers/cache:       861M       130M
Swap:         8.0G       574M       7.4G

             total       used       free     shared    buffers     cached
Mem:          992M       928M        63M       256K       4.4M        61M
-/+ buffers/cache:       862M       129M
Swap:         8.0G       574M       7.4G

             total       used       free     shared    buffers     cached
Mem:          992M       930M        61M       256K       4.4M        61M
-/+ buffers/cache:       864M       128M
Swap:         8.0G       573M       7.4G

             total       used       free     shared    buffers     cached
Mem:          992M       931M        60M       256K       4.4M        61M
-/+ buffers/cache:       865M       127M
Swap:         8.0G       573M       7.4G

             total       used       free     shared    buffers     cached
Mem:          992M       917M        74M       256K       3.9M        59M
-/+ buffers/cache:       854M       137M
Swap:         8.0G       579M       7.4G

             total       used       free     shared    buffers     cached
Mem:          992M       919M        72M       256K       3.9M        59M
-/+ buffers/cache:       855M       136M
Swap:         8.0G       578M       7.4G

             total       used       free     shared    buffers     cached
Mem:          992M       920M        71M       256K       3.9M        59M
-/+ buffers/cache:       856M       135M
Swap:         8.0G       578M       7.4G

             total       used       free     shared    buffers     cached
Mem:          992M       921M        70M       256K       3.9M        59M
-/+ buffers/cache:       858M       133M
Swap:         8.0G       577M       7.4G

             total       used       free     shared    buffers     cached
Mem:          992M       923M        68M       256K       3.9M        59M
-/+ buffers/cache:       859M       132M
Swap:         8.0G       576M       7.4G

             total       used       free     shared    buffers     cached
Mem:          992M       924M        67M       256K       3.9M        59M
-/+ buffers/cache:       861M       130M
Swap:         8.0G       576M       7.4G

             total       used       free     shared    buffers     cached
Mem:          992M       926M        65M       256K       3.9M        59M
-/+ buffers/cache:       862M       129M
Swap:         8.0G       575M       7.4G

             total       used       free     shared    buffers     cached
Mem:          992M       927M        64M       256K       3.9M        59M
-/+ buffers/cache:       864M       127M
Swap:         8.0G       574M       7.4G

             total       used       free     shared    buffers     cached
Mem:          992M       929M        63M       256K       3.9M        59M
-/+ buffers/cache:       865M       126M
Swap:         8.0G       574M       7.4G

             total       used       free     shared    buffers     cached
Mem:          992M       930M        61M       256K       3.9M        59M
-/+ buffers/cache:       867M       125M
Swap:         8.0G       573M       7.4G

             total       used       free     shared    buffers     cached
Mem:          992M       910M        82M       256K       3.3M        57M
-/+ buffers/cache:       848M       143M
Swap:         8.0G       600M       7.4G

             total       used       free     shared    buffers     cached
Mem:          992M       911M        80M       256K       3.3M        57M
-/+ buffers/cache:       850M       141M
Swap:         8.0G       600M       7.4G

             total       used       free     shared    buffers     cached
Mem:          992M       912M        79M       256K       3.3M        57M
-/+ buffers/cache:       851M       140M
Swap:         8.0G       599M       7.4G

             total       used       free     shared    buffers     cached
Mem:          992M       914M        78M       256K       3.3M        57M
-/+ buffers/cache:       852M       139M
Swap:         8.0G       599M       7.4G

             total       used       free     shared    buffers     cached
Mem:          992M       922M        69M       312K       8.1M        70M
-/+ buffers/cache:       843M       148M
Swap:         8.0G       596M       7.4G

             total       used       free     shared    buffers     cached
Mem:          992M       925M        66M       296K       8.4M        73M
-/+ buffers/cache:       844M       147M
Swap:         8.0G       595M       7.4G
