             total       used       free     shared    buffers     cached
Mem:          2.0G       662M       1.3G       3.2M        38M       290M
-/+ buffers/cache:       333M       1.6G
Swap:         8.0G         0B       8.0G

             total       used       free     shared    buffers     cached
Mem:          2.0G       661M       1.3G       1.5M        38M       288M
-/+ buffers/cache:       333M       1.6G
Swap:         8.0G         0B       8.0G

             total       used       free     shared    buffers     cached
Mem:          2.0G       661M       1.3G       1.4M        38M       288M
-/+ buffers/cache:       333M       1.6G
Swap:         8.0G         0B       8.0G

             total       used       free     shared    buffers     cached
Mem:          2.0G       661M       1.3G       1.4M        38M       288M
-/+ buffers/cache:       333M       1.6G
Swap:         8.0G         0B       8.0G

             total       used       free     shared    buffers     cached
Mem:          2.0G       661M       1.3G       1.4M        38M       288M
-/+ buffers/cache:       333M       1.6G
Swap:         8.0G         0B       8.0G

             total       used       free     shared    buffers     cached
Mem:          2.0G       661M       1.3G       1.4M        38M       288M
-/+ buffers/cache:       333M       1.6G
Swap:         8.0G         0B       8.0G

             total       used       free     shared    buffers     cached
Mem:          2.0G       660M       1.3G       1.4M        38M       288M
-/+ buffers/cache:       333M       1.6G
Swap:         8.0G         0B       8.0G

             total       used       free     shared    buffers     cached
Mem:          2.0G       660M       1.3G       1.4M        38M       288M
-/+ buffers/cache:       332M       1.6G
Swap:         8.0G         0B       8.0G

             total       used       free     shared    buffers     cached
Mem:          2.0G       660M       1.3G       1.4M        38M       288M
-/+ buffers/cache:       332M       1.6G
Swap:         8.0G         0B       8.0G

             total       used       free     shared    buffers     cached
Mem:          2.0G       660M       1.3G       1.4M        38M       288M
-/+ buffers/cache:       332M       1.6G
Swap:         8.0G         0B       8.0G

             total       used       free     shared    buffers     cached
Mem:          2.0G       663M       1.3G       1.4M        38M       288M
-/+ buffers/cache:       336M       1.6G
Swap:         8.0G         0B       8.0G

             total       used       free     shared    buffers     cached
Mem:          2.0G       683M       1.3G       1.5M        38M       289M
-/+ buffers/cache:       355M       1.6G
Swap:         8.0G         0B       8.0G

             total       used       free     shared    buffers     cached
Mem:          2.0G       669M       1.3G       1.5M        38M       290M
-/+ buffers/cache:       340M       1.6G
Swap:         8.0G         0B       8.0G

             total       used       free     shared    buffers     cached
Mem:          2.0G       669M       1.3G       1.5M        38M       290M
-/+ buffers/cache:       340M       1.6G
Swap:         8.0G         0B       8.0G

             total       used       free     shared    buffers     cached
Mem:          2.0G       669M       1.3G       1.5M        38M       290M
-/+ buffers/cache:       341M       1.6G
Swap:         8.0G         0B       8.0G

             total       used       free     shared    buffers     cached
Mem:          2.0G       669M       1.3G       1.5M        38M       290M
-/+ buffers/cache:       341M       1.6G
Swap:         8.0G         0B       8.0G

             total       used       free     shared    buffers     cached
Mem:          2.0G       669M       1.3G       1.5M        38M       290M
-/+ buffers/cache:       340M       1.6G
Swap:         8.0G         0B       8.0G

             total       used       free     shared    buffers     cached
Mem:          2.0G       669M       1.3G       1.5M        38M       290M
-/+ buffers/cache:       340M       1.6G
Swap:         8.0G         0B       8.0G

             total       used       free     shared    buffers     cached
Mem:          2.0G       669M       1.3G       1.5M        38M       290M
-/+ buffers/cache:       340M       1.6G
Swap:         8.0G         0B       8.0G

             total       used       free     shared    buffers     cached
Mem:          2.0G       669M       1.3G       1.5M        38M       290M
-/+ buffers/cache:       340M       1.6G
Swap:         8.0G         0B       8.0G

             total       used       free     shared    buffers     cached
Mem:          2.0G       669M       1.3G       1.5M        38M       290M
-/+ buffers/cache:       340M       1.6G
Swap:         8.0G         0B       8.0G

             total       used       free     shared    buffers     cached
Mem:          2.0G       669M       1.3G       1.5M        38M       290M
-/+ buffers/cache:       341M       1.6G
Swap:         8.0G         0B       8.0G

             total       used       free     shared    buffers     cached
Mem:          2.0G       669M       1.3G       1.5M        38M       290M
-/+ buffers/cache:       341M       1.6G
Swap:         8.0G         0B       8.0G

             total       used       free     shared    buffers     cached
Mem:          2.0G       669M       1.3G       1.5M        38M       290M
-/+ buffers/cache:       341M       1.6G
Swap:         8.0G         0B       8.0G

             total       used       free     shared    buffers     cached
Mem:          2.0G       669M       1.3G       1.5M        38M       290M
-/+ buffers/cache:       341M       1.6G
Swap:         8.0G         0B       8.0G

             total       used       free     shared    buffers     cached
Mem:          2.0G       669M       1.3G       1.5M        38M       290M
-/+ buffers/cache:       341M       1.6G
Swap:         8.0G         0B       8.0G

             total       used       free     shared    buffers     cached
Mem:          2.0G       669M       1.3G       1.5M        38M       290M
-/+ buffers/cache:       340M       1.6G
Swap:         8.0G         0B       8.0G

             total       used       free     shared    buffers     cached
Mem:          2.0G       669M       1.3G       1.5M        38M       290M
-/+ buffers/cache:       340M       1.6G
Swap:         8.0G         0B       8.0G

             total       used       free     shared    buffers     cached
Mem:          2.0G       669M       1.3G       1.5M        38M       290M
-/+ buffers/cache:       340M       1.6G
Swap:         8.0G         0B       8.0G

             total       used       free     shared    buffers     cached
Mem:          2.0G       669M       1.3G       1.5M        38M       290M
-/+ buffers/cache:       340M       1.6G
Swap:         8.0G         0B       8.0G

             total       used       free     shared    buffers     cached
Mem:          2.0G       669M       1.3G       1.5M        38M       290M
-/+ buffers/cache:       340M       1.6G
Swap:         8.0G         0B       8.0G

             total       used       free     shared    buffers     cached
Mem:          2.0G       669M       1.3G       1.5M        38M       290M
-/+ buffers/cache:       340M       1.6G
Swap:         8.0G         0B       8.0G

             total       used       free     shared    buffers     cached
Mem:          2.0G       669M       1.3G       1.5M        38M       290M
-/+ buffers/cache:       340M       1.6G
Swap:         8.0G         0B       8.0G

             total       used       free     shared    buffers     cached
Mem:          2.0G       677M       1.3G       1.5M        38M       290M
-/+ buffers/cache:       348M       1.6G
Swap:         8.0G         0B       8.0G

             total       used       free     shared    buffers     cached
Mem:          2.0G       694M       1.3G       1.5M        38M       290M
-/+ buffers/cache:       365M       1.6G
Swap:         8.0G         0B       8.0G

             total       used       free     shared    buffers     cached
Mem:          2.0G       711M       1.3G       1.5M        38M       290M
-/+ buffers/cache:       382M       1.6G
Swap:         8.0G         0B       8.0G

             total       used       free     shared    buffers     cached
Mem:          2.0G       726M       1.2G       1.5M        38M       290M
-/+ buffers/cache:       397M       1.6G
Swap:         8.0G         0B       8.0G

             total       used       free     shared    buffers     cached
Mem:          2.0G       743M       1.2G       1.5M        38M       290M
-/+ buffers/cache:       414M       1.5G
Swap:         8.0G         0B       8.0G

             total       used       free     shared    buffers     cached
Mem:          2.0G       759M       1.2G       1.5M        38M       290M
-/+ buffers/cache:       430M       1.5G
Swap:         8.0G         0B       8.0G

             total       used       free     shared    buffers     cached
Mem:          2.0G       774M       1.2G       1.5M        38M       290M
-/+ buffers/cache:       445M       1.5G
Swap:         8.0G         0B       8.0G

             total       used       free     shared    buffers     cached
Mem:          2.0G       787M       1.2G       1.5M        38M       290M
-/+ buffers/cache:       458M       1.5G
Swap:         8.0G         0B       8.0G

             total       used       free     shared    buffers     cached
Mem:          2.0G       801M       1.2G       1.5M        38M       290M
-/+ buffers/cache:       472M       1.5G
Swap:         8.0G         0B       8.0G

             total       used       free     shared    buffers     cached
Mem:          2.0G       817M       1.2G       1.5M        38M       290M
-/+ buffers/cache:       488M       1.5G
Swap:         8.0G         0B       8.0G

             total       used       free     shared    buffers     cached
Mem:          2.0G       836M       1.1G       1.5M        38M       290M
-/+ buffers/cache:       507M       1.5G
Swap:         8.0G         0B       8.0G

             total       used       free     shared    buffers     cached
Mem:          2.0G       852M       1.1G       1.5M        38M       290M
-/+ buffers/cache:       524M       1.4G
Swap:         8.0G         0B       8.0G

             total       used       free     shared    buffers     cached
Mem:          2.0G       869M       1.1G       1.5M        38M       290M
-/+ buffers/cache:       540M       1.4G
Swap:         8.0G         0B       8.0G

             total       used       free     shared    buffers     cached
Mem:          2.0G       883M       1.1G       1.5M        38M       290M
-/+ buffers/cache:       554M       1.4G
Swap:         8.0G         0B       8.0G

             total       used       free     shared    buffers     cached
Mem:          2.0G       895M       1.1G       1.5M        38M       290M
-/+ buffers/cache:       566M       1.4G
Swap:         8.0G         0B       8.0G

             total       used       free     shared    buffers     cached
Mem:          2.0G       910M       1.1G       1.5M        38M       290M
-/+ buffers/cache:       581M       1.4G
Swap:         8.0G         0B       8.0G

             total       used       free     shared    buffers     cached
Mem:          2.0G       925M       1.0G       1.5M        38M       290M
-/+ buffers/cache:       596M       1.4G
Swap:         8.0G         0B       8.0G

             total       used       free     shared    buffers     cached
Mem:          2.0G       942M       1.0G       1.5M        38M       290M
-/+ buffers/cache:       613M       1.4G
Swap:         8.0G         0B       8.0G

             total       used       free     shared    buffers     cached
Mem:          2.0G       959M       1.0G       1.5M        38M       290M
-/+ buffers/cache:       630M       1.3G
Swap:         8.0G         0B       8.0G

             total       used       free     shared    buffers     cached
Mem:          2.0G       974M       1.0G       1.5M        38M       290M
-/+ buffers/cache:       645M       1.3G
Swap:         8.0G         0B       8.0G

             total       used       free     shared    buffers     cached
Mem:          2.0G       990M       1.0G       1.5M        38M       290M
-/+ buffers/cache:       661M       1.3G
Swap:         8.0G         0B       8.0G

             total       used       free     shared    buffers     cached
Mem:          2.0G       1.0G       993M       1.5M        38M       290M
-/+ buffers/cache:       678M       1.3G
Swap:         8.0G         0B       8.0G

             total       used       free     shared    buffers     cached
Mem:          2.0G       1.0G       976M       1.5M        38M       290M
-/+ buffers/cache:       694M       1.3G
Swap:         8.0G         0B       8.0G

             total       used       free     shared    buffers     cached
Mem:          2.0G       1.0G       960M       1.5M        38M       290M
-/+ buffers/cache:       710M       1.3G
Swap:         8.0G         0B       8.0G

             total       used       free     shared    buffers     cached
Mem:          2.0G       1.0G       944M       1.5M        38M       290M
-/+ buffers/cache:       727M       1.2G
Swap:         8.0G         0B       8.0G

             total       used       free     shared    buffers     cached
Mem:          2.0G       1.0G       929M       1.5M        38M       290M
-/+ buffers/cache:       742M       1.2G
Swap:         8.0G         0B       8.0G

             total       used       free     shared    buffers     cached
Mem:          2.0G       1.1G       911M       1.5M        38M       290M
-/+ buffers/cache:       759M       1.2G
Swap:         8.0G         0B       8.0G

             total       used       free     shared    buffers     cached
Mem:          2.0G       1.1G       895M       1.5M        38M       290M
-/+ buffers/cache:       775M       1.2G
Swap:         8.0G         0B       8.0G

             total       used       free     shared    buffers     cached
Mem:          2.0G       1.1G       881M       1.5M        38M       290M
-/+ buffers/cache:       789M       1.2G
Swap:         8.0G         0B       8.0G

             total       used       free     shared    buffers     cached
Mem:          2.0G       1.1G       870M       1.5M        38M       290M
-/+ buffers/cache:       800M       1.2G
Swap:         8.0G         0B       8.0G

             total       used       free     shared    buffers     cached
Mem:          2.0G       1.1G       855M       1.5M        38M       290M
-/+ buffers/cache:       815M       1.2G
Swap:         8.0G         0B       8.0G

             total       used       free     shared    buffers     cached
Mem:          2.0G       1.1G       839M       1.5M        38M       290M
-/+ buffers/cache:       831M       1.1G
Swap:         8.0G         0B       8.0G

             total       used       free     shared    buffers     cached
Mem:          2.0G       1.1G       824M       1.5M        38M       290M
-/+ buffers/cache:       846M       1.1G
Swap:         8.0G         0B       8.0G

             total       used       free     shared    buffers     cached
Mem:          2.0G       1.2G       810M       1.5M        38M       290M
-/+ buffers/cache:       860M       1.1G
Swap:         8.0G         0B       8.0G

             total       used       free     shared    buffers     cached
Mem:          2.0G       1.2G       795M       1.5M        38M       290M
-/+ buffers/cache:       875M       1.1G
Swap:         8.0G         0B       8.0G

             total       used       free     shared    buffers     cached
Mem:          2.0G       1.2G       780M       1.5M        38M       290M
-/+ buffers/cache:       890M       1.1G
Swap:         8.0G         0B       8.0G

             total       used       free     shared    buffers     cached
Mem:          2.0G       1.2G       764M       1.5M        38M       290M
-/+ buffers/cache:       906M       1.1G
Swap:         8.0G         0B       8.0G

             total       used       free     shared    buffers     cached
Mem:          2.0G       1.2G       748M       1.5M        38M       290M
-/+ buffers/cache:       922M       1.1G
Swap:         8.0G         0B       8.0G

             total       used       free     shared    buffers     cached
Mem:          2.0G       1.2G       734M       1.5M        38M       290M
-/+ buffers/cache:       936M       1.0G
Swap:         8.0G         0B       8.0G

             total       used       free     shared    buffers     cached
Mem:          2.0G       1.3G       719M       1.5M        38M       290M
-/+ buffers/cache:       951M       1.0G
Swap:         8.0G         0B       8.0G

             total       used       free     shared    buffers     cached
Mem:          2.0G       1.3G       705M       1.5M        38M       290M
-/+ buffers/cache:       965M       1.0G
Swap:         8.0G         0B       8.0G

             total       used       free     shared    buffers     cached
Mem:          2.0G       1.3G       690M       1.5M        38M       290M
-/+ buffers/cache:       980M       1.0G
Swap:         8.0G         0B       8.0G

             total       used       free     shared    buffers     cached
Mem:          2.0G       1.3G       676M       1.5M        38M       290M
-/+ buffers/cache:       994M       1.0G
Swap:         8.0G         0B       8.0G

             total       used       free     shared    buffers     cached
Mem:          2.0G       1.3G       662M       1.5M        38M       290M
-/+ buffers/cache:       1.0G       991M
Swap:         8.0G         0B       8.0G

             total       used       free     shared    buffers     cached
Mem:          2.0G       1.3G       647M       1.5M        38M       290M
-/+ buffers/cache:       1.0G       976M
Swap:         8.0G         0B       8.0G

             total       used       free     shared    buffers     cached
Mem:          2.0G       1.3G       631M       1.5M        38M       290M
-/+ buffers/cache:       1.0G       960M
Swap:         8.0G         0B       8.0G

             total       used       free     shared    buffers     cached
Mem:          2.0G       1.4G       617M       1.5M        38M       290M
-/+ buffers/cache:       1.0G       946M
Swap:         8.0G         0B       8.0G

             total       used       free     shared    buffers     cached
Mem:          2.0G       1.4G       603M       1.5M        38M       290M
-/+ buffers/cache:       1.0G       932M
Swap:         8.0G         0B       8.0G

             total       used       free     shared    buffers     cached
Mem:          2.0G       1.4G       588M       1.5M        38M       290M
-/+ buffers/cache:       1.1G       917M
Swap:         8.0G         0B       8.0G

             total       used       free     shared    buffers     cached
Mem:          2.0G       1.4G       572M       1.5M        38M       290M
-/+ buffers/cache:       1.1G       901M
Swap:         8.0G         0B       8.0G

             total       used       free     shared    buffers     cached
Mem:          2.0G       1.4G       556M       1.5M        38M       290M
-/+ buffers/cache:       1.1G       885M
Swap:         8.0G         0B       8.0G

             total       used       free     shared    buffers     cached
Mem:          2.0G       1.4G       540M       1.5M        38M       290M
-/+ buffers/cache:       1.1G       869M
Swap:         8.0G         0B       8.0G

             total       used       free     shared    buffers     cached
Mem:          2.0G       1.4G       524M       1.5M        38M       290M
-/+ buffers/cache:       1.1G       853M
Swap:         8.0G         0B       8.0G

             total       used       free     shared    buffers     cached
Mem:          2.0G       1.5G       509M       1.5M        38M       290M
-/+ buffers/cache:       1.1G       838M
Swap:         8.0G         0B       8.0G

             total       used       free     shared    buffers     cached
Mem:          2.0G       1.5G       493M       1.5M        38M       290M
-/+ buffers/cache:       1.1G       822M
Swap:         8.0G         0B       8.0G

             total       used       free     shared    buffers     cached
Mem:          2.0G       1.5G       478M       1.5M        38M       290M
-/+ buffers/cache:       1.2G       807M
Swap:         8.0G         0B       8.0G

             total       used       free     shared    buffers     cached
Mem:          2.0G       1.5G       462M       1.5M        38M       290M
-/+ buffers/cache:       1.2G       791M
Swap:         8.0G         0B       8.0G

             total       used       free     shared    buffers     cached
Mem:          2.0G       1.5G       446M       1.5M        38M       290M
-/+ buffers/cache:       1.2G       775M
Swap:         8.0G         0B       8.0G

             total       used       free     shared    buffers     cached
Mem:          2.0G       1.5G       432M       1.5M        38M       290M
-/+ buffers/cache:       1.2G       761M
Swap:         8.0G         0B       8.0G

             total       used       free     shared    buffers     cached
Mem:          2.0G       1.5G       428M       1.5M        38M       290M
-/+ buffers/cache:       1.2G       757M
Swap:         8.0G         0B       8.0G

             total       used       free     shared    buffers     cached
Mem:          2.0G       1.6G       411M       1.5M        38M       290M
-/+ buffers/cache:       1.2G       740M
Swap:         8.0G         0B       8.0G

             total       used       free     shared    buffers     cached
Mem:          2.0G       1.6G       395M       1.5M        38M       290M
-/+ buffers/cache:       1.2G       724M
Swap:         8.0G         0B       8.0G

             total       used       free     shared    buffers     cached
Mem:          2.0G       1.6G       379M       1.5M        38M       290M
-/+ buffers/cache:       1.3G       708M
Swap:         8.0G         0B       8.0G

             total       used       free     shared    buffers     cached
Mem:          2.0G       1.6G       364M       1.5M        38M       290M
-/+ buffers/cache:       1.3G       693M
Swap:         8.0G         0B       8.0G

             total       used       free     shared    buffers     cached
Mem:          2.0G       1.6G       348M       1.5M        38M       290M
-/+ buffers/cache:       1.3G       677M
Swap:         8.0G         0B       8.0G

             total       used       free     shared    buffers     cached
Mem:          2.0G       1.6G       333M       1.5M        38M       290M
-/+ buffers/cache:       1.3G       662M
Swap:         8.0G         0B       8.0G

             total       used       free     shared    buffers     cached
Mem:          2.0G       1.6G       316M       1.5M        38M       290M
-/+ buffers/cache:       1.3G       645M
Swap:         8.0G         0B       8.0G

             total       used       free     shared    buffers     cached
Mem:          2.0G       1.7G       300M       1.5M        38M       290M
-/+ buffers/cache:       1.3G       629M
Swap:         8.0G         0B       8.0G

             total       used       free     shared    buffers     cached
Mem:          2.0G       1.7G       283M       1.5M        38M       290M
-/+ buffers/cache:       1.4G       612M
Swap:         8.0G         0B       8.0G

             total       used       free     shared    buffers     cached
Mem:          2.0G       1.7G       267M       1.5M        38M       290M
-/+ buffers/cache:       1.4G       596M
Swap:         8.0G         0B       8.0G

             total       used       free     shared    buffers     cached
Mem:          2.0G       1.7G       253M       1.5M        38M       290M
-/+ buffers/cache:       1.4G       582M
Swap:         8.0G         0B       8.0G

             total       used       free     shared    buffers     cached
Mem:          2.0G       1.7G       237M       1.5M        38M       290M
-/+ buffers/cache:       1.4G       567M
Swap:         8.0G         0B       8.0G

             total       used       free     shared    buffers     cached
Mem:          2.0G       1.7G       223M       1.5M        38M       290M
-/+ buffers/cache:       1.4G       553M
Swap:         8.0G         0B       8.0G

             total       used       free     shared    buffers     cached
Mem:          2.0G       1.7G       210M       1.5M        38M       290M
-/+ buffers/cache:       1.4G       539M
Swap:         8.0G         0B       8.0G

             total       used       free     shared    buffers     cached
Mem:          2.0G       1.8G       196M       1.5M        38M       290M
-/+ buffers/cache:       1.4G       525M
Swap:         8.0G         0B       8.0G

             total       used       free     shared    buffers     cached
Mem:          2.0G       1.8G       181M       1.5M        38M       290M
-/+ buffers/cache:       1.5G       510M
Swap:         8.0G         0B       8.0G

             total       used       free     shared    buffers     cached
Mem:          2.0G       1.8G       165M       1.5M        38M       290M
-/+ buffers/cache:       1.5G       495M
Swap:         8.0G         0B       8.0G

             total       used       free     shared    buffers     cached
Mem:          2.0G       1.8G       150M       1.5M        38M       290M
-/+ buffers/cache:       1.5G       480M
Swap:         8.0G         0B       8.0G

             total       used       free     shared    buffers     cached
Mem:          2.0G       1.8G       135M       1.5M        38M       290M
-/+ buffers/cache:       1.5G       465M
Swap:         8.0G         0B       8.0G

             total       used       free     shared    buffers     cached
Mem:          2.0G       1.8G       120M       1.5M        38M       290M
-/+ buffers/cache:       1.5G       450M
Swap:         8.0G         0B       8.0G

             total       used       free     shared    buffers     cached
Mem:          2.0G       1.8G       106M       1.5M        38M       290M
-/+ buffers/cache:       1.5G       436M
Swap:         8.0G         0B       8.0G

             total       used       free     shared    buffers     cached
Mem:          2.0G       1.9G        91M       1.5M        38M       290M
-/+ buffers/cache:       1.5G       421M
Swap:         8.0G         0B       8.0G

             total       used       free     shared    buffers     cached
Mem:          2.0G       1.9G        76M       1.5M        38M       290M
-/+ buffers/cache:       1.6G       406M
Swap:         8.0G         0B       8.0G

             total       used       free     shared    buffers     cached
Mem:          2.0G       1.9G        63M       1.5M        38M       289M
-/+ buffers/cache:       1.6G       391M
Swap:         8.0G         0B       8.0G

             total       used       free     shared    buffers     cached
Mem:          2.0G       1.9G        70M       1.5M        17M       289M
-/+ buffers/cache:       1.6G       376M
Swap:         8.0G         0B       8.0G

             total       used       free     shared    buffers     cached
Mem:          2.0G       1.9G        70M       1.5M        10M       279M
-/+ buffers/cache:       1.6G       361M
Swap:         8.0G         0B       8.0G

             total       used       free     shared    buffers     cached
Mem:          2.0G       1.9G        71M       1.4M       9.9M       263M
-/+ buffers/cache:       1.6G       345M
Swap:         8.0G        96K       8.0G

             total       used       free     shared    buffers     cached
Mem:          2.0G       1.9G        74M       1.3M       9.9M       244M
-/+ buffers/cache:       1.6G       329M
Swap:         8.0G       1.0M       8.0G

             total       used       free     shared    buffers     cached
Mem:          2.0G       1.9G        75M       1.2M       9.9M       232M
-/+ buffers/cache:       1.6G       317M
Swap:         8.0G       6.6M       8.0G

             total       used       free     shared    buffers     cached
Mem:          2.0G       1.9G        93M       1.0M       8.9M       206M
-/+ buffers/cache:       1.7G       309M
Swap:         8.0G        11M       8.0G

             total       used       free     shared    buffers     cached
Mem:          2.0G       1.9G        80M       1.0M       8.9M       206M
-/+ buffers/cache:       1.7G       296M
Swap:         8.0G        11M       8.0G

             total       used       free     shared    buffers     cached
Mem:          2.0G       1.9G        66M       1.0M       8.9M       206M
-/+ buffers/cache:       1.7G       282M
Swap:         8.0G        11M       8.0G

             total       used       free     shared    buffers     cached
Mem:          2.0G       1.9G        65M       1.0M       2.9M       199M
-/+ buffers/cache:       1.7G       267M
Swap:         8.0G        11M       8.0G

             total       used       free     shared    buffers     cached
Mem:          2.0G       1.9G        65M       1.0M       1.3M       187M
-/+ buffers/cache:       1.7G       254M
Swap:         8.0G        11M       8.0G

             total       used       free     shared    buffers     cached
Mem:          2.0G       1.9G        73M       1.0M       244K       165M
-/+ buffers/cache:       1.7G       239M
Swap:         8.0G        11M       8.0G

             total       used       free     shared    buffers     cached
Mem:          2.0G       1.9G        79M       1.0M       244K       145M
-/+ buffers/cache:       1.7G       225M
Swap:         8.0G        11M       8.0G

             total       used       free     shared    buffers     cached
Mem:          2.0G       1.9G        64M       1.0M       256K       145M
-/+ buffers/cache:       1.7G       211M
Swap:         8.0G        11M       8.0G

             total       used       free     shared    buffers     cached
Mem:          2.0G       1.9G        68M       1.0M       232K       128M
-/+ buffers/cache:       1.8G       197M
Swap:         8.0G        11M       8.0G

             total       used       free     shared    buffers     cached
Mem:          2.0G       1.9G        70M       1.0M        76K       113M
-/+ buffers/cache:       1.8G       184M
Swap:         8.0G        11M       8.0G

             total       used       free     shared    buffers     cached
Mem:          2.0G       1.9G        71M       1.0M        88K        99M
-/+ buffers/cache:       1.8G       171M
Swap:         8.0G        11M       8.0G

             total       used       free     shared    buffers     cached
Mem:          2.0G       1.9G        83M       1.0M        88K        77M
-/+ buffers/cache:       1.8G       160M
Swap:         8.0G        11M       8.0G

             total       used       free     shared    buffers     cached
Mem:          2.0G       1.9G        69M       1.0M        88K        77M
-/+ buffers/cache:       1.8G       146M
Swap:         8.0G        11M       8.0G

             total       used       free     shared    buffers     cached
Mem:          2.0G       1.9G        72M       1.0M        88K        59M
-/+ buffers/cache:       1.8G       132M
Swap:         8.0G        11M       8.0G

             total       used       free     shared    buffers     cached
Mem:          2.0G       1.9G        71M       1.0M        96K        46M
-/+ buffers/cache:       1.8G       117M
Swap:         8.0G        11M       8.0G

             total       used       free     shared    buffers     cached
Mem:          2.0G       1.9G        74M       1.0M        96K        27M
-/+ buffers/cache:       1.9G       101M
Swap:         8.0G        11M       8.0G

             total       used       free     shared    buffers     cached
Mem:          2.0G       1.9G        76M       1.0M        96K        10M
-/+ buffers/cache:       1.9G        87M
Swap:         8.0G        11M       8.0G

             total       used       free     shared    buffers     cached
Mem:          2.0G       1.9G        74M       1.0M        76K       1.9M
-/+ buffers/cache:       1.9G        76M
Swap:         8.0G        19M       8.0G

             total       used       free     shared    buffers     cached
Mem:          2.0G       1.9G        74M       700K       392K       6.0M
-/+ buffers/cache:       1.9G        80M
Swap:         8.0G        56M       7.9G

             total       used       free     shared    buffers     cached
Mem:          2.0G       1.9G        65M       696K       404K       6.1M
-/+ buffers/cache:       1.9G        71M
Swap:         8.0G        66M       7.9G

             total       used       free     shared    buffers     cached
Mem:          2.0G       1.9G        68M       696K       404K       6.3M
-/+ buffers/cache:       1.9G        75M
Swap:         8.0G        67M       7.9G

             total       used       free     shared    buffers     cached
Mem:          2.0G       1.9G        73M       696K       408K       6.4M
-/+ buffers/cache:       1.9G        79M
Swap:         8.0G        79M       7.9G

             total       used       free     shared    buffers     cached
Mem:          2.0G       1.9G        73M       684K       408K       6.1M
-/+ buffers/cache:       1.9G        79M
Swap:         8.0G       101M       7.9G

             total       used       free     shared    buffers     cached
Mem:          2.0G       1.9G        76M       672K       404K       6.0M
-/+ buffers/cache:       1.9G        82M
Swap:         8.0G       114M       7.9G

             total       used       free     shared    buffers     cached
Mem:          2.0G       1.9G        76M       660K       404K       6.0M
-/+ buffers/cache:       1.9G        82M
Swap:         8.0G       121M       7.9G

             total       used       free     shared    buffers     cached
Mem:          2.0G       1.9G        78M       660K       388K       5.8M
-/+ buffers/cache:       1.9G        85M
Swap:         8.0G       145M       7.9G

             total       used       free     shared    buffers     cached
Mem:          2.0G       1.9G        75M       588K       204K       5.8M
-/+ buffers/cache:       1.9G        81M
Swap:         8.0G       152M       7.8G

             total       used       free     shared    buffers     cached
Mem:          2.0G       1.9G        78M       604K       180K       5.6M
-/+ buffers/cache:       1.9G        83M
Swap:         8.0G       174M       7.8G

             total       used       free     shared    buffers     cached
Mem:          2.0G       1.9G        74M       584K        76K        20M
-/+ buffers/cache:       1.9G        95M
Swap:         8.0G       229M       7.8G

             total       used       free     shared    buffers     cached
Mem:          2.0G       1.9G        83M       576K        84K        20M
-/+ buffers/cache:       1.9G       104M
Swap:         8.0G       222M       7.8G

             total       used       free     shared    buffers     cached
Mem:          2.0G       1.9G        70M       576K       524K        21M
-/+ buffers/cache:       1.9G        92M
Swap:         8.0G       222M       7.8G

             total       used       free     shared    buffers     cached
Mem:          2.0G       1.9G        75M       576K       524K        20M
-/+ buffers/cache:       1.9G        96M
Swap:         8.0G       237M       7.8G

             total       used       free     shared    buffers     cached
Mem:          2.0G       1.9G        70M       552K       524K        20M
-/+ buffers/cache:       1.9G        92M
Swap:         8.0G       237M       7.8G

             total       used       free     shared    buffers     cached
Mem:          2.0G       1.9G        80M       552K       524K        20M
-/+ buffers/cache:       1.9G       101M
Swap:         8.0G       243M       7.8G

             total       used       free     shared    buffers     cached
Mem:          2.0G       1.9G        77M       532K       524K        20M
-/+ buffers/cache:       1.9G        98M
Swap:         8.0G       242M       7.8G

             total       used       free     shared    buffers     cached
Mem:          2.0G       1.9G        74M       532K        76K       8.8M
-/+ buffers/cache:       1.9G        83M
Swap:         8.0G       242M       7.8G

             total       used       free     shared    buffers     cached
Mem:          2.0G       1.9G        73M       532K        76K       6.1M
-/+ buffers/cache:       1.9G        79M
Swap:         8.0G       287M       7.7G

             total       used       free     shared    buffers     cached
Mem:          2.0G       1.9G        75M       532K       368K       5.5M
-/+ buffers/cache:       1.9G        81M
Swap:         8.0G       287M       7.7G

             total       used       free     shared    buffers     cached
Mem:          2.0G       1.9G        71M       532K       368K       5.5M
-/+ buffers/cache:       1.9G        76M
Swap:         8.0G       287M       7.7G

             total       used       free     shared    buffers     cached
Mem:          2.0G       1.9G        68M       532K       368K       5.2M
-/+ buffers/cache:       1.9G        73M
Swap:         8.0G       287M       7.7G

             total       used       free     shared    buffers     cached
Mem:          2.0G       1.9G        67M       532K       368K       5.2M
-/+ buffers/cache:       1.9G        73M
Swap:         8.0G       287M       7.7G

             total       used       free     shared    buffers     cached
Mem:          2.0G       1.9G        66M       532K       376K       5.2M
-/+ buffers/cache:       1.9G        72M
Swap:         8.0G       287M       7.7G

             total       used       free     shared    buffers     cached
Mem:          2.0G       1.9G        66M       532K       376K       5.3M
-/+ buffers/cache:       1.9G        71M
Swap:         8.0G       286M       7.7G

             total       used       free     shared    buffers     cached
Mem:          2.0G       1.9G        65M       532K       376K       5.3M
-/+ buffers/cache:       1.9G        71M
Swap:         8.0G       286M       7.7G

             total       used       free     shared    buffers     cached
Mem:          2.0G       1.9G        65M       532K       376K       5.3M
-/+ buffers/cache:       1.9G        70M
Swap:         8.0G       285M       7.7G

             total       used       free     shared    buffers     cached
Mem:          2.0G       1.9G        80M       532K       368K       3.3M
-/+ buffers/cache:       1.9G        83M
Swap:         8.0G       302M       7.7G

             total       used       free     shared    buffers     cached
Mem:          2.0G       1.9G        79M       532K       376K       3.4M
-/+ buffers/cache:       1.9G        83M
Swap:         8.0G       302M       7.7G

             total       used       free     shared    buffers     cached
Mem:          2.0G       1.9G        78M       532K       388K       3.3M
-/+ buffers/cache:       1.9G        82M
Swap:         8.0G       301M       7.7G

             total       used       free     shared    buffers     cached
Mem:          2.0G       1.9G        77M       532K       388K       3.6M
-/+ buffers/cache:       1.9G        81M
Swap:         8.0G       301M       7.7G

             total       used       free     shared    buffers     cached
Mem:          2.0G       1.9G        77M       532K       388K       3.5M
-/+ buffers/cache:       1.9G        81M
Swap:         8.0G       300M       7.7G

             total       used       free     shared    buffers     cached
Mem:          2.0G       1.9G        76M       532K       388K       3.6M
-/+ buffers/cache:       1.9G        80M
Swap:         8.0G       300M       7.7G

             total       used       free     shared    buffers     cached
Mem:          2.0G       1.9G        75M       532K       396K       3.5M
-/+ buffers/cache:       1.9G        79M
Swap:         8.0G       299M       7.7G

             total       used       free     shared    buffers     cached
Mem:          2.0G       1.9G        75M       532K       400K       3.6M
-/+ buffers/cache:       1.9G        78M
Swap:         8.0G       299M       7.7G

             total       used       free     shared    buffers     cached
Mem:          2.0G       1.9G        74M       532K       400K       3.5M
-/+ buffers/cache:       1.9G        78M
Swap:         8.0G       298M       7.7G

             total       used       free     shared    buffers     cached
Mem:          2.0G       1.9G        73M       532K       400K       3.6M
-/+ buffers/cache:       1.9G        77M
Swap:         8.0G       298M       7.7G

             total       used       free     shared    buffers     cached
Mem:          2.0G       1.9G        72M       532K       400K       3.6M
-/+ buffers/cache:       1.9G        76M
Swap:         8.0G       298M       7.7G

             total       used       free     shared    buffers     cached
Mem:          2.0G       1.9G        72M       532K       400K       3.6M
-/+ buffers/cache:       1.9G        76M
Swap:         8.0G       297M       7.7G

             total       used       free     shared    buffers     cached
Mem:          2.0G       1.9G        71M       532K       408K       3.5M
-/+ buffers/cache:       1.9G        75M
Swap:         8.0G       297M       7.7G

             total       used       free     shared    buffers     cached
Mem:          2.0G       1.9G        68M       532K       828K       5.1M
-/+ buffers/cache:       1.9G        74M
Swap:         8.0G       296M       7.7G

             total       used       free     shared    buffers     cached
Mem:          2.0G       1.9G        88M       532K        88K        25M
-/+ buffers/cache:       1.8G       114M
Swap:         8.0G       360M       7.6G

             total       used       free     shared    buffers     cached
Mem:          2.0G       1.9G        87M       536K       228K        25M
-/+ buffers/cache:       1.8G       113M
Swap:         8.0G       359M       7.6G

             total       used       free     shared    buffers     cached
Mem:          2.0G       1.9G        86M       536K       228K        25M
-/+ buffers/cache:       1.8G       112M
Swap:         8.0G       358M       7.6G

             total       used       free     shared    buffers     cached
Mem:          2.0G       1.9G        85M       536K       228K        25M
-/+ buffers/cache:       1.8G       111M
Swap:         8.0G       358M       7.6G

             total       used       free     shared    buffers     cached
Mem:          2.0G       1.9G        84M       536K       232K        25M
-/+ buffers/cache:       1.8G       110M
Swap:         8.0G       357M       7.6G

             total       used       free     shared    buffers     cached
Mem:          2.0G       1.9G        83M       536K       232K        25M
-/+ buffers/cache:       1.8G       109M
Swap:         8.0G       357M       7.6G

             total       used       free     shared    buffers     cached
Mem:          2.0G       1.9G        83M       536K       240K        25M
-/+ buffers/cache:       1.8G       109M
Swap:         8.0G       357M       7.6G

             total       used       free     shared    buffers     cached
Mem:          2.0G       1.9G        81M       536K       240K        26M
-/+ buffers/cache:       1.8G       108M
Swap:         8.0G       356M       7.6G

             total       used       free     shared    buffers     cached
Mem:          2.0G       1.9G        80M       536K       240K        26M
-/+ buffers/cache:       1.8G       107M
Swap:         8.0G       356M       7.6G

             total       used       free     shared    buffers     cached
Mem:          2.0G       1.9G        78M       536K       240K        27M
-/+ buffers/cache:       1.8G       106M
Swap:         8.0G       355M       7.7G

             total       used       free     shared    buffers     cached
Mem:          2.0G       1.9G        78M       536K       240K        27M
-/+ buffers/cache:       1.8G       106M
Swap:         8.0G       354M       7.7G

             total       used       free     shared    buffers     cached
Mem:          2.0G       1.9G        77M       536K       248K        27M
-/+ buffers/cache:       1.9G       105M
Swap:         8.0G       354M       7.7G

             total       used       free     shared    buffers     cached
Mem:          2.0G       1.9G        76M       536K       248K        27M
-/+ buffers/cache:       1.9G       104M
Swap:         8.0G       353M       7.7G

             total       used       free     shared    buffers     cached
Mem:          2.0G       1.9G        76M       536K       248K        27M
-/+ buffers/cache:       1.9G       104M
Swap:         8.0G       353M       7.7G

             total       used       free     shared    buffers     cached
Mem:          2.0G       1.9G        75M       536K       248K        27M
-/+ buffers/cache:       1.9G       103M
Swap:         8.0G       353M       7.7G

             total       used       free     shared    buffers     cached
Mem:          2.0G       1.9G        75M       536K       248K        27M
-/+ buffers/cache:       1.9G       103M
Swap:         8.0G       352M       7.7G

             total       used       free     shared    buffers     cached
Mem:          2.0G       1.9G        74M       536K       248K        27M
-/+ buffers/cache:       1.9G       102M
Swap:         8.0G       352M       7.7G

             total       used       free     shared    buffers     cached
Mem:          2.0G       1.9G        74M       536K       256K        27M
-/+ buffers/cache:       1.9G       102M
Swap:         8.0G       352M       7.7G

             total       used       free     shared    buffers     cached
Mem:          2.0G       1.9G        73M       536K       256K        27M
-/+ buffers/cache:       1.9G       101M
Swap:         8.0G       351M       7.7G

             total       used       free     shared    buffers     cached
Mem:          2.0G       1.9G        73M       536K       256K        27M
-/+ buffers/cache:       1.9G       101M
Swap:         8.0G       351M       7.7G

             total       used       free     shared    buffers     cached
Mem:          2.0G       1.9G        72M       536K       256K        27M
-/+ buffers/cache:       1.9G       100M
Swap:         8.0G       350M       7.7G

             total       used       free     shared    buffers     cached
Mem:          2.0G       1.9G        72M       536K       256K        27M
-/+ buffers/cache:       1.9G       100M
Swap:         8.0G       350M       7.7G

             total       used       free     shared    buffers     cached
Mem:          2.0G       1.9G        71M       536K       264K        27M
-/+ buffers/cache:       1.9G        99M
Swap:         8.0G       349M       7.7G

             total       used       free     shared    buffers     cached
Mem:          2.0G       1.9G        70M       536K       264K        27M
-/+ buffers/cache:       1.9G        99M
Swap:         8.0G       349M       7.7G

             total       used       free     shared    buffers     cached
Mem:          2.0G       1.9G        70M       536K       264K        27M
-/+ buffers/cache:       1.9G        98M
Swap:         8.0G       349M       7.7G

             total       used       free     shared    buffers     cached
Mem:          2.0G       1.9G        69M       536K       264K        27M
-/+ buffers/cache:       1.9G        97M
Swap:         8.0G       348M       7.7G

             total       used       free     shared    buffers     cached
Mem:          2.0G       1.9G        69M       536K       264K        27M
-/+ buffers/cache:       1.9G        97M
Swap:         8.0G       348M       7.7G

             total       used       free     shared    buffers     cached
Mem:          2.0G       1.9G        68M       536K       264K        27M
-/+ buffers/cache:       1.9G        96M
Swap:         8.0G       347M       7.7G

             total       used       free     shared    buffers     cached
Mem:          2.0G       1.9G        68M       536K       272K        27M
-/+ buffers/cache:       1.9G        96M
Swap:         8.0G       347M       7.7G

             total       used       free     shared    buffers     cached
Mem:          2.0G       1.9G        76M       536K       248K        30M
-/+ buffers/cache:       1.8G       106M
Swap:         8.0G       347M       7.7G

             total       used       free     shared    buffers     cached
Mem:          2.0G       1.9G        76M       536K       248K        30M
-/+ buffers/cache:       1.8G       106M
Swap:         8.0G       346M       7.7G

             total       used       free     shared    buffers     cached
Mem:          2.0G       1.9G        75M       536K       564K        30M
-/+ buffers/cache:       1.8G       106M
Swap:         8.0G       346M       7.7G

             total       used       free     shared    buffers     cached
Mem:          2.0G       1.9G        74M       536K       564K        30M
-/+ buffers/cache:       1.9G       105M
Swap:         8.0G       345M       7.7G

             total       used       free     shared    buffers     cached
Mem:          2.0G       1.9G        73M       536K       572K        30M
-/+ buffers/cache:       1.9G       105M
Swap:         8.0G       345M       7.7G

             total       used       free     shared    buffers     cached
Mem:          2.0G       1.9G        73M       536K       572K        30M
-/+ buffers/cache:       1.9G       104M
Swap:         8.0G       345M       7.7G

             total       used       free     shared    buffers     cached
Mem:          2.0G       1.9G        72M       536K       572K        30M
-/+ buffers/cache:       1.9G       103M
Swap:         8.0G       344M       7.7G

             total       used       free     shared    buffers     cached
Mem:          2.0G       1.9G        72M       536K       572K        30M
-/+ buffers/cache:       1.9G       103M
Swap:         8.0G       344M       7.7G

             total       used       free     shared    buffers     cached
Mem:          2.0G       1.9G        71M       536K       572K        30M
-/+ buffers/cache:       1.9G       102M
Swap:         8.0G       344M       7.7G

             total       used       free     shared    buffers     cached
Mem:          2.0G       1.9G        71M       536K       572K        30M
-/+ buffers/cache:       1.9G       102M
Swap:         8.0G       343M       7.7G

             total       used       free     shared    buffers     cached
Mem:          2.0G       1.9G        70M       536K       580K        30M
-/+ buffers/cache:       1.9G       101M
Swap:         8.0G       343M       7.7G

             total       used       free     shared    buffers     cached
Mem:          2.0G       1.9G        70M       536K       580K        30M
-/+ buffers/cache:       1.9G       101M
Swap:         8.0G       343M       7.7G

             total       used       free     shared    buffers     cached
Mem:          2.0G       1.9G        69M       536K       580K        30M
-/+ buffers/cache:       1.9G       100M
Swap:         8.0G       342M       7.7G

             total       used       free     shared    buffers     cached
Mem:          2.0G       1.9G        68M       536K       580K        30M
-/+ buffers/cache:       1.9G       100M
Swap:         8.0G       342M       7.7G

             total       used       free     shared    buffers     cached
Mem:          2.0G       1.9G        68M       536K       580K        30M
-/+ buffers/cache:       1.9G        99M
Swap:         8.0G       342M       7.7G

             total       used       free     shared    buffers     cached
Mem:          2.0G       1.9G        67M       536K       588K        30M
-/+ buffers/cache:       1.9G        98M
Swap:         8.0G       341M       7.7G

             total       used       free     shared    buffers     cached
Mem:          2.0G       1.9G        67M       536K       588K        30M
-/+ buffers/cache:       1.9G        98M
Swap:         8.0G       341M       7.7G

             total       used       free     shared    buffers     cached
Mem:          2.0G       1.9G        66M       536K       588K        30M
-/+ buffers/cache:       1.9G        98M
Swap:         8.0G       340M       7.7G

             total       used       free     shared    buffers     cached
Mem:          2.0G       1.9G        66M       536K       588K        30M
-/+ buffers/cache:       1.9G        97M
Swap:         8.0G       340M       7.7G

             total       used       free     shared    buffers     cached
Mem:          2.0G       1.9G        65M       536K       588K        30M
-/+ buffers/cache:       1.9G        96M
Swap:         8.0G       340M       7.7G

             total       used       free     shared    buffers     cached
Mem:          2.0G       1.9G        65M       536K       588K        30M
-/+ buffers/cache:       1.9G        96M
Swap:         8.0G       339M       7.7G

             total       used       free     shared    buffers     cached
Mem:          2.0G       1.9G        64M       536K       596K        30M
-/+ buffers/cache:       1.9G        95M
Swap:         8.0G       339M       7.7G

             total       used       free     shared    buffers     cached
Mem:          2.0G       1.9G        82M       536K       576K        28M
-/+ buffers/cache:       1.8G       110M
Swap:         8.0G       357M       7.6G

             total       used       free     shared    buffers     cached
Mem:          2.0G       1.9G        81M       536K       576K        28M
-/+ buffers/cache:       1.8G       110M
Swap:         8.0G       356M       7.6G

             total       used       free     shared    buffers     cached
Mem:          2.0G       1.9G        81M       536K       576K        28M
-/+ buffers/cache:       1.8G       109M
Swap:         8.0G       356M       7.6G

             total       used       free     shared    buffers     cached
Mem:          2.0G       1.9G        80M       536K       576K        28M
-/+ buffers/cache:       1.8G       109M
Swap:         8.0G       355M       7.6G

             total       used       free     shared    buffers     cached
Mem:          2.0G       1.9G        79M       536K       584K        28M
-/+ buffers/cache:       1.8G       108M
Swap:         8.0G       355M       7.6G

             total       used       free     shared    buffers     cached
Mem:          2.0G       1.9G        79M       536K       584K        28M
-/+ buffers/cache:       1.8G       108M
Swap:         8.0G       355M       7.7G

             total       used       free     shared    buffers     cached
Mem:          2.0G       1.9G        78M       536K       584K        28M
-/+ buffers/cache:       1.8G       107M
Swap:         8.0G       354M       7.7G

             total       used       free     shared    buffers     cached
Mem:          2.0G       1.9G        78M       536K       584K        28M
-/+ buffers/cache:       1.8G       106M
Swap:         8.0G       354M       7.7G

             total       used       free     shared    buffers     cached
Mem:          2.0G       1.9G        77M       536K       584K        28M
-/+ buffers/cache:       1.8G       106M
Swap:         8.0G       353M       7.7G

             total       used       free     shared    buffers     cached
Mem:          2.0G       1.9G        76M       536K       584K        28M
-/+ buffers/cache:       1.8G       105M
Swap:         8.0G       353M       7.7G

             total       used       free     shared    buffers     cached
Mem:          2.0G       1.9G        76M       536K       592K        28M
-/+ buffers/cache:       1.9G       105M
Swap:         8.0G       353M       7.7G

             total       used       free     shared    buffers     cached
Mem:          2.0G       1.9G        75M       536K       592K        28M
-/+ buffers/cache:       1.9G       104M
Swap:         8.0G       352M       7.7G

             total       used       free     shared    buffers     cached
Mem:          2.0G       1.9G        74M       536K       592K        28M
-/+ buffers/cache:       1.9G       104M
Swap:         8.0G       352M       7.7G

             total       used       free     shared    buffers     cached
Mem:          2.0G       1.9G        73M       536K       728K        29M
-/+ buffers/cache:       1.9G       103M
Swap:         8.0G       351M       7.7G

             total       used       free     shared    buffers     cached
Mem:          2.0G       1.9G        72M       540K       728K        29M
-/+ buffers/cache:       1.9G       102M
Swap:         8.0G       351M       7.7G

             total       used       free     shared    buffers     cached
Mem:          2.0G       1.9G        72M       540K       736K        29M
-/+ buffers/cache:       1.9G       102M
Swap:         8.0G       350M       7.7G

             total       used       free     shared    buffers     cached
Mem:          2.0G       1.9G        71M       540K       736K        29M
-/+ buffers/cache:       1.9G       101M
Swap:         8.0G       350M       7.7G

             total       used       free     shared    buffers     cached
Mem:          2.0G       1.9G        76M       540K       736K        30M
-/+ buffers/cache:       1.8G       107M
Swap:         8.0G       354M       7.7G

             total       used       free     shared    buffers     cached
Mem:          2.0G       1.9G        75M       540K       736K        30M
-/+ buffers/cache:       1.8G       106M
Swap:         8.0G       353M       7.7G

             total       used       free     shared    buffers     cached
Mem:          2.0G       1.9G        73M       540K       736K        31M
-/+ buffers/cache:       1.9G       105M
Swap:         8.0G       352M       7.7G

             total       used       free     shared    buffers     cached
Mem:          2.0G       1.9G        68M       540K       736K        32M
-/+ buffers/cache:       1.9G       102M
Swap:         8.0G       351M       7.7G

             total       used       free     shared    buffers     cached
Mem:          2.0G       1.9G        68M       540K       744K        32M
-/+ buffers/cache:       1.9G       101M
Swap:         8.0G       350M       7.7G

             total       used       free     shared    buffers     cached
Mem:          2.0G       1.9G        67M       540K       744K        32M
-/+ buffers/cache:       1.9G       101M
Swap:         8.0G       350M       7.7G

             total       used       free     shared    buffers     cached
Mem:          2.0G       1.9G        67M       540K       744K        32M
-/+ buffers/cache:       1.9G       100M
Swap:         8.0G       350M       7.7G

             total       used       free     shared    buffers     cached
Mem:          2.0G       1.9G        67M       540K       744K        32M
-/+ buffers/cache:       1.9G       100M
Swap:         8.0G       350M       7.7G

             total       used       free     shared    buffers     cached
Mem:          2.0G       1.9G        66M       540K       744K        32M
-/+ buffers/cache:       1.9G       100M
Swap:         8.0G       349M       7.7G

             total       used       free     shared    buffers     cached
Mem:          2.0G       1.9G        66M       540K       752K        32M
-/+ buffers/cache:       1.9G        99M
Swap:         8.0G       349M       7.7G

             total       used       free     shared    buffers     cached
Mem:          2.0G       1.9G        65M       540K       752K        32M
-/+ buffers/cache:       1.9G        99M
Swap:         8.0G       349M       7.7G

             total       used       free     shared    buffers     cached
Mem:          2.0G       1.9G        65M       540K       752K        32M
-/+ buffers/cache:       1.9G        99M
Swap:         8.0G       349M       7.7G

             total       used       free     shared    buffers     cached
Mem:          2.0G       1.9G        65M       540K       752K        32M
-/+ buffers/cache:       1.9G        98M
Swap:         8.0G       348M       7.7G

             total       used       free     shared    buffers     cached
Mem:          2.0G       1.9G        77M       604K       2.9M        48M
-/+ buffers/cache:       1.8G       128M
Swap:         8.0G       383M       7.6G

             total       used       free     shared    buffers     cached
Mem:          2.0G       1.9G        72M       4.3M       5.0M        62M
-/+ buffers/cache:       1.8G       140M
Swap:         8.0G       420M       7.6G

             total       used       free     shared    buffers     cached
Mem:          2.0G       1.9G        65M       4.3M       5.0M        69M
-/+ buffers/cache:       1.8G       139M
Swap:         8.0G       419M       7.6G

             total       used       free     shared    buffers     cached
Mem:          2.0G       1.9G        72M       628K       4.2M        64M
-/+ buffers/cache:       1.8G       141M
Swap:         8.0G       416M       7.6G

             total       used       free     shared    buffers     cached
Mem:          2.0G       1.9G        71M       640K       4.2M        64M
-/+ buffers/cache:       1.8G       140M
Swap:         8.0G       416M       7.6G

             total       used       free     shared    buffers     cached
Mem:          2.0G       1.9G        70M       640K       4.2M        64M
-/+ buffers/cache:       1.8G       139M
Swap:         8.0G       415M       7.6G

             total       used       free     shared    buffers     cached
Mem:          2.0G       1.9G        70M       640K       4.2M        64M
-/+ buffers/cache:       1.8G       138M
Swap:         8.0G       415M       7.6G

             total       used       free     shared    buffers     cached
Mem:          2.0G       1.9G        69M       640K       4.2M        64M
-/+ buffers/cache:       1.8G       137M
Swap:         8.0G       414M       7.6G

             total       used       free     shared    buffers     cached
Mem:          2.0G       1.9G        66M       640K       4.4M        65M
-/+ buffers/cache:       1.8G       136M
Swap:         8.0G       414M       7.6G

             total       used       free     shared    buffers     cached
Mem:          2.0G       1.9G        65M       640K       4.4M        65M
-/+ buffers/cache:       1.8G       135M
Swap:         8.0G       413M       7.6G

             total       used       free     shared    buffers     cached
Mem:          2.0G       1.9G        64M       640K       4.4M        65M
-/+ buffers/cache:       1.8G       135M
Swap:         8.0G       413M       7.6G

             total       used       free     shared    buffers     cached
Mem:          2.0G       1.9G        81M       640K       2.9M        61M
-/+ buffers/cache:       1.8G       146M
Swap:         8.0G       432M       7.6G

             total       used       free     shared    buffers     cached
Mem:          2.0G       1.9G        80M       640K       2.9M        61M
-/+ buffers/cache:       1.8G       145M
Swap:         8.0G       431M       7.6G

             total       used       free     shared    buffers     cached
Mem:          2.0G       1.9G        79M       640K       2.9M        61M
-/+ buffers/cache:       1.8G       144M
Swap:         8.0G       431M       7.6G

             total       used       free     shared    buffers     cached
Mem:          2.0G       1.9G        79M       640K       2.9M        61M
-/+ buffers/cache:       1.8G       143M
Swap:         8.0G       431M       7.6G

             total       used       free     shared    buffers     cached
Mem:          2.0G       1.9G        78M       640K       2.9M        61M
-/+ buffers/cache:       1.8G       142M
Swap:         8.0G       430M       7.6G

             total       used       free     shared    buffers     cached
Mem:          2.0G       1.9G        77M       640K       2.9M        61M
-/+ buffers/cache:       1.8G       141M
Swap:         8.0G       430M       7.6G

             total       used       free     shared    buffers     cached
Mem:          2.0G       1.9G        76M       640K       2.9M        61M
-/+ buffers/cache:       1.8G       141M
Swap:         8.0G       429M       7.6G

             total       used       free     shared    buffers     cached
Mem:          2.0G       1.9G        75M       640K       2.9M        61M
-/+ buffers/cache:       1.8G       140M
Swap:         8.0G       429M       7.6G

             total       used       free     shared    buffers     cached
Mem:          2.0G       1.9G        74M       640K       2.9M        61M
-/+ buffers/cache:       1.8G       139M
Swap:         8.0G       428M       7.6G

             total       used       free     shared    buffers     cached
Mem:          2.0G       1.9G        73M       640K       2.9M        62M
-/+ buffers/cache:       1.8G       138M
Swap:         8.0G       428M       7.6G

             total       used       free     shared    buffers     cached
Mem:          2.0G       1.9G        72M       640K       2.9M        62M
-/+ buffers/cache:       1.8G       137M
Swap:         8.0G       427M       7.6G

             total       used       free     shared    buffers     cached
Mem:          2.0G       1.9G        71M       640K       2.9M        62M
-/+ buffers/cache:       1.8G       136M
Swap:         8.0G       427M       7.6G

             total       used       free     shared    buffers     cached
Mem:          2.0G       1.9G        70M       640K       2.9M        62M
-/+ buffers/cache:       1.8G       135M
Swap:         8.0G       426M       7.6G

             total       used       free     shared    buffers     cached
Mem:          2.0G       1.9G        69M       640K       2.9M        62M
-/+ buffers/cache:       1.8G       134M
Swap:         8.0G       426M       7.6G

             total       used       free     shared    buffers     cached
Mem:          2.0G       1.9G        68M       640K       2.9M        62M
-/+ buffers/cache:       1.8G       133M
Swap:         8.0G       425M       7.6G

             total       used       free     shared    buffers     cached
Mem:          2.0G       1.9G        67M       640K       2.9M        62M
-/+ buffers/cache:       1.8G       132M
Swap:         8.0G       425M       7.6G

             total       used       free     shared    buffers     cached
Mem:          2.0G       1.9G        66M       640K       2.9M        62M
-/+ buffers/cache:       1.8G       131M
Swap:         8.0G       424M       7.6G

             total       used       free     shared    buffers     cached
Mem:          2.0G       1.9G        65M       640K       2.9M        62M
-/+ buffers/cache:       1.8G       130M
Swap:         8.0G       424M       7.6G

             total       used       free     shared    buffers     cached
Mem:          2.0G       1.9G        64M       640K       2.9M        62M
-/+ buffers/cache:       1.8G       129M
Swap:         8.0G       423M       7.6G

             total       used       free     shared    buffers     cached
Mem:          2.0G       1.9G        82M       640K       2.9M        60M
-/+ buffers/cache:       1.8G       146M
Swap:         8.0G       444M       7.6G

             total       used       free     shared    buffers     cached
Mem:          2.0G       1.9G        81M       640K       2.9M        60M
-/+ buffers/cache:       1.8G       145M
Swap:         8.0G       444M       7.6G

             total       used       free     shared    buffers     cached
Mem:          2.0G       1.9G        80M       640K       2.9M        60M
-/+ buffers/cache:       1.8G       144M
Swap:         8.0G       443M       7.6G

             total       used       free     shared    buffers     cached
Mem:          2.0G       1.9G        79M       640K       2.9M        60M
-/+ buffers/cache:       1.8G       143M
Swap:         8.0G       443M       7.6G

             total       used       free     shared    buffers     cached
Mem:          2.0G       1.9G        78M       640K       2.9M        60M
-/+ buffers/cache:       1.8G       142M
Swap:         8.0G       443M       7.6G

             total       used       free     shared    buffers     cached
Mem:          2.0G       1.9G        77M       640K       2.9M        60M
-/+ buffers/cache:       1.8G       141M
Swap:         8.0G       442M       7.6G

             total       used       free     shared    buffers     cached
Mem:          2.0G       1.9G        76M       640K       2.9M        60M
-/+ buffers/cache:       1.8G       140M
Swap:         8.0G       442M       7.6G

             total       used       free     shared    buffers     cached
Mem:          2.0G       1.9G        75M       640K       2.9M        60M
-/+ buffers/cache:       1.8G       139M
Swap:         8.0G       441M       7.6G

             total       used       free     shared    buffers     cached
Mem:          2.0G       1.9G        74M       640K       2.9M        60M
-/+ buffers/cache:       1.8G       138M
Swap:         8.0G       441M       7.6G

             total       used       free     shared    buffers     cached
Mem:          2.0G       1.9G        73M       640K       2.9M        60M
-/+ buffers/cache:       1.8G       137M
Swap:         8.0G       440M       7.6G

             total       used       free     shared    buffers     cached
Mem:          2.0G       1.9G        72M       640K       2.9M        60M
-/+ buffers/cache:       1.8G       136M
Swap:         8.0G       439M       7.6G

             total       used       free     shared    buffers     cached
Mem:          2.0G       1.9G        79M       704K       4.9M        67M
-/+ buffers/cache:       1.8G       152M
Swap:         8.0G       448M       7.6G

             total       used       free     shared    buffers     cached
Mem:          2.0G       1.9G        76M       704K       8.0M        74M
-/+ buffers/cache:       1.8G       158M
Swap:         8.0G       455M       7.6G
