             total       used       free     shared    buffers     cached
Mem:          992M       659M       332M       3.2M        38M       289M
-/+ buffers/cache:       331M       660M
Swap:         8.0G         0B       8.0G

             total       used       free     shared    buffers     cached
Mem:          992M       659M       332M       1.4M        38M       288M
-/+ buffers/cache:       332M       659M
Swap:         8.0G         0B       8.0G

             total       used       free     shared    buffers     cached
Mem:          992M       659M       332M       1.4M        38M       288M
-/+ buffers/cache:       332M       659M
Swap:         8.0G         0B       8.0G

             total       used       free     shared    buffers     cached
Mem:          992M       659M       333M       1.4M        38M       288M
-/+ buffers/cache:       332M       659M
Swap:         8.0G         0B       8.0G

             total       used       free     shared    buffers     cached
Mem:          992M       659M       333M       1.4M        38M       288M
-/+ buffers/cache:       332M       659M
Swap:         8.0G         0B       8.0G

             total       used       free     shared    buffers     cached
Mem:          992M       659M       333M       1.4M        38M       288M
-/+ buffers/cache:       332M       659M
Swap:         8.0G         0B       8.0G

             total       used       free     shared    buffers     cached
Mem:          992M       659M       333M       1.4M        38M       288M
-/+ buffers/cache:       332M       659M
Swap:         8.0G         0B       8.0G

             total       used       free     shared    buffers     cached
Mem:          992M       658M       333M       1.4M        38M       288M
-/+ buffers/cache:       332M       660M
Swap:         8.0G         0B       8.0G

             total       used       free     shared    buffers     cached
Mem:          992M       658M       333M       1.4M        38M       288M
-/+ buffers/cache:       331M       660M
Swap:         8.0G         0B       8.0G

             total       used       free     shared    buffers     cached
Mem:          992M       661M       330M       1.4M        38M       288M
-/+ buffers/cache:       335M       657M
Swap:         8.0G         0B       8.0G

             total       used       free     shared    buffers     cached
Mem:          992M       679M       312M       1.4M        38M       288M
-/+ buffers/cache:       352M       639M
Swap:         8.0G         0B       8.0G

             total       used       free     shared    buffers     cached
Mem:          992M       702M       289M       1.4M        38M       288M
-/+ buffers/cache:       375M       616M
Swap:         8.0G         0B       8.0G

             total       used       free     shared    buffers     cached
Mem:          992M       667M       324M       1.4M        38M       289M
-/+ buffers/cache:       339M       652M
Swap:         8.0G         0B       8.0G

             total       used       free     shared    buffers     cached
Mem:          992M       668M       323M       1.4M        38M       289M
-/+ buffers/cache:       339M       652M
Swap:         8.0G         0B       8.0G

             total       used       free     shared    buffers     cached
Mem:          992M       668M       323M       1.4M        38M       289M
-/+ buffers/cache:       339M       652M
Swap:         8.0G         0B       8.0G

             total       used       free     shared    buffers     cached
Mem:          992M       668M       323M       1.4M        38M       289M
-/+ buffers/cache:       339M       652M
Swap:         8.0G         0B       8.0G

             total       used       free     shared    buffers     cached
Mem:          992M       668M       323M       1.4M        38M       289M
-/+ buffers/cache:       339M       652M
Swap:         8.0G         0B       8.0G

             total       used       free     shared    buffers     cached
Mem:          992M       668M       323M       1.4M        38M       289M
-/+ buffers/cache:       339M       652M
Swap:         8.0G         0B       8.0G

             total       used       free     shared    buffers     cached
Mem:          992M       668M       323M       1.4M        38M       289M
-/+ buffers/cache:       339M       652M
Swap:         8.0G         0B       8.0G

             total       used       free     shared    buffers     cached
Mem:          992M       668M       323M       1.4M        38M       289M
-/+ buffers/cache:       339M       652M
Swap:         8.0G         0B       8.0G

             total       used       free     shared    buffers     cached
Mem:          992M       668M       323M       1.4M        38M       289M
-/+ buffers/cache:       339M       652M
Swap:         8.0G         0B       8.0G

             total       used       free     shared    buffers     cached
Mem:          992M       668M       323M       1.4M        38M       289M
-/+ buffers/cache:       340M       652M
Swap:         8.0G         0B       8.0G

             total       used       free     shared    buffers     cached
Mem:          992M       668M       323M       1.4M        38M       289M
-/+ buffers/cache:       340M       652M
Swap:         8.0G         0B       8.0G

             total       used       free     shared    buffers     cached
Mem:          992M       668M       323M       1.4M        38M       289M
-/+ buffers/cache:       340M       652M
Swap:         8.0G         0B       8.0G

             total       used       free     shared    buffers     cached
Mem:          992M       668M       323M       1.4M        38M       289M
-/+ buffers/cache:       340M       652M
Swap:         8.0G         0B       8.0G

             total       used       free     shared    buffers     cached
Mem:          992M       668M       323M       1.4M        38M       289M
-/+ buffers/cache:       340M       652M
Swap:         8.0G         0B       8.0G

             total       used       free     shared    buffers     cached
Mem:          992M       668M       323M       1.4M        38M       289M
-/+ buffers/cache:       340M       652M
Swap:         8.0G         0B       8.0G

             total       used       free     shared    buffers     cached
Mem:          992M       668M       323M       1.4M        38M       289M
-/+ buffers/cache:       340M       652M
Swap:         8.0G         0B       8.0G

             total       used       free     shared    buffers     cached
Mem:          992M       668M       323M       1.4M        38M       289M
-/+ buffers/cache:       339M       652M
Swap:         8.0G         0B       8.0G

             total       used       free     shared    buffers     cached
Mem:          992M       668M       323M       1.4M        38M       289M
-/+ buffers/cache:       339M       652M
Swap:         8.0G         0B       8.0G

             total       used       free     shared    buffers     cached
Mem:          992M       668M       323M       1.4M        38M       289M
-/+ buffers/cache:       339M       652M
Swap:         8.0G         0B       8.0G

             total       used       free     shared    buffers     cached
Mem:          992M       668M       323M       1.4M        38M       289M
-/+ buffers/cache:       339M       652M
Swap:         8.0G         0B       8.0G

             total       used       free     shared    buffers     cached
Mem:          992M       668M       323M       1.4M        38M       289M
-/+ buffers/cache:       339M       652M
Swap:         8.0G         0B       8.0G

             total       used       free     shared    buffers     cached
Mem:          992M       674M       317M       1.4M        38M       289M
-/+ buffers/cache:       346M       646M
Swap:         8.0G         0B       8.0G

             total       used       free     shared    buffers     cached
Mem:          992M       695M       296M       1.4M        38M       289M
-/+ buffers/cache:       367M       624M
Swap:         8.0G         0B       8.0G

             total       used       free     shared    buffers     cached
Mem:          992M       717M       274M       1.4M        38M       289M
-/+ buffers/cache:       389M       603M
Swap:         8.0G         0B       8.0G

             total       used       free     shared    buffers     cached
Mem:          992M       734M       257M       1.4M        38M       289M
-/+ buffers/cache:       406M       585M
Swap:         8.0G         0B       8.0G

             total       used       free     shared    buffers     cached
Mem:          992M       752M       239M       1.4M        38M       289M
-/+ buffers/cache:       424M       567M
Swap:         8.0G         0B       8.0G

             total       used       free     shared    buffers     cached
Mem:          992M       770M       221M       1.4M        38M       289M
-/+ buffers/cache:       442M       550M
Swap:         8.0G         0B       8.0G

             total       used       free     shared    buffers     cached
Mem:          992M       789M       202M       1.4M        38M       289M
-/+ buffers/cache:       460M       531M
Swap:         8.0G         0B       8.0G

             total       used       free     shared    buffers     cached
Mem:          992M       807M       184M       1.4M        38M       289M
-/+ buffers/cache:       478M       513M
Swap:         8.0G         0B       8.0G

             total       used       free     shared    buffers     cached
Mem:          992M       826M       165M       1.4M        38M       289M
-/+ buffers/cache:       497M       494M
Swap:         8.0G         0B       8.0G

             total       used       free     shared    buffers     cached
Mem:          992M       844M       147M       1.4M        38M       289M
-/+ buffers/cache:       515M       476M
Swap:         8.0G         0B       8.0G

             total       used       free     shared    buffers     cached
Mem:          992M       865M       126M       1.4M        38M       289M
-/+ buffers/cache:       536M       455M
Swap:         8.0G         0B       8.0G

             total       used       free     shared    buffers     cached
Mem:          992M       884M       107M       1.4M        38M       289M
-/+ buffers/cache:       555M       436M
Swap:         8.0G         0B       8.0G

             total       used       free     shared    buffers     cached
Mem:          992M       899M        92M       1.4M        38M       289M
-/+ buffers/cache:       571M       421M
Swap:         8.0G         0B       8.0G

             total       used       free     shared    buffers     cached
Mem:          992M       918M        73M       1.4M        38M       289M
-/+ buffers/cache:       590M       402M
Swap:         8.0G         0B       8.0G

             total       used       free     shared    buffers     cached
Mem:          992M       922M        69M       1.4M        24M       288M
-/+ buffers/cache:       609M       382M
Swap:         8.0G         0B       8.0G

             total       used       free     shared    buffers     cached
Mem:          992M       922M        69M       1.4M        10M       283M
-/+ buffers/cache:       629M       362M
Swap:         8.0G         0B       8.0G

             total       used       free     shared    buffers     cached
Mem:          992M       928M        63M       1.4M        10M       271M
-/+ buffers/cache:       647M       344M
Swap:         8.0G        84K       8.0G

             total       used       free     shared    buffers     cached
Mem:          992M       928M        64M       1.3M       9.7M       252M
-/+ buffers/cache:       666M       325M
Swap:         8.0G       452K       8.0G

             total       used       free     shared    buffers     cached
Mem:          992M       928M        63M       1.2M       9.7M       234M
-/+ buffers/cache:       683M       308M
Swap:         8.0G       4.9M       8.0G

             total       used       free     shared    buffers     cached
Mem:          992M       924M        67M       1.2M       9.7M       219M
-/+ buffers/cache:       695M       296M
Swap:         8.0G       7.1M       8.0G

             total       used       free     shared    buffers     cached
Mem:          992M       928M        64M       1.2M       8.6M       206M
-/+ buffers/cache:       713M       278M
Swap:         8.0G       7.5M       8.0G

             total       used       free     shared    buffers     cached
Mem:          992M       921M        70M       1.2M       1.2M       188M
-/+ buffers/cache:       732M       260M
Swap:         8.0G       7.5M       8.0G

             total       used       free     shared    buffers     cached
Mem:          992M       926M        65M       1.2M       228K       175M
-/+ buffers/cache:       750M       241M
Swap:         8.0G       7.5M       8.0G

             total       used       free     shared    buffers     cached
Mem:          992M       922M        70M       1.2M       196K       154M
-/+ buffers/cache:       767M       224M
Swap:         8.0G       7.5M       8.0G

             total       used       free     shared    buffers     cached
Mem:          992M       917M        74M       1.2M       196K       136M
-/+ buffers/cache:       781M       210M
Swap:         8.0G       7.5M       8.0G

             total       used       free     shared    buffers     cached
Mem:          992M       929M        62M       1.2M       200K       136M
-/+ buffers/cache:       793M       198M
Swap:         8.0G       7.5M       8.0G

             total       used       free     shared    buffers     cached
Mem:          992M       930M        62M       1.2M        92K       120M
-/+ buffers/cache:       809M       182M
Swap:         8.0G       7.5M       8.0G

             total       used       free     shared    buffers     cached
Mem:          992M       931M        61M       1.2M        88K       105M
-/+ buffers/cache:       825M       167M
Swap:         8.0G       7.5M       8.0G

             total       used       free     shared    buffers     cached
Mem:          992M       912M        79M       1.2M       244K        73M
-/+ buffers/cache:       839M       152M
Swap:         8.0G       7.5M       8.0G

             total       used       free     shared    buffers     cached
Mem:          992M       929M        62M       1.2M       244K        73M
-/+ buffers/cache:       856M       135M
Swap:         8.0G       7.5M       8.0G

             total       used       free     shared    buffers     cached
Mem:          992M       928M        63M       1.2M       248K        56M
-/+ buffers/cache:       872M       120M
Swap:         8.0G       7.5M       8.0G

             total       used       free     shared    buffers     cached
Mem:          992M       931M        60M       1.2M       264K        43M
-/+ buffers/cache:       887M       104M
Swap:         8.0G       7.5M       8.0G

             total       used       free     shared    buffers     cached
Mem:          992M       929M        62M       1.2M       396K        25M
-/+ buffers/cache:       903M        88M
Swap:         8.0G       7.5M       8.0G

             total       used       free     shared    buffers     cached
Mem:          992M       929M        62M       1.2M       396K       9.3M
-/+ buffers/cache:       920M        71M
Swap:         8.0G       7.5M       8.0G

             total       used       free     shared    buffers     cached
Mem:          992M       932M        59M       1.0M       668K       5.9M
-/+ buffers/cache:       925M        66M
Swap:         8.0G        22M       8.0G

             total       used       free     shared    buffers     cached
Mem:          992M       928M        63M       732K       668K       3.8M
-/+ buffers/cache:       924M        68M
Swap:         8.0G        37M       8.0G

             total       used       free     shared    buffers     cached
Mem:          992M       918M        73M       680K       2.6M        13M
-/+ buffers/cache:       901M        90M
Swap:         8.0G        74M       7.9G

             total       used       free     shared    buffers     cached
Mem:          992M       910M        81M       688K       1.1M        12M
-/+ buffers/cache:       896M        95M
Swap:         8.0G       117M       7.9G

             total       used       free     shared    buffers     cached
Mem:          992M       926M        65M       656K       1.1M        12M
-/+ buffers/cache:       912M        79M
Swap:         8.0G       117M       7.9G

             total       used       free     shared    buffers     cached
Mem:          992M       925M        66M       656K        96K       8.8M
-/+ buffers/cache:       916M        75M
Swap:         8.0G       118M       7.9G

             total       used       free     shared    buffers     cached
Mem:          992M       936M        55M       656K        96K       7.3M
-/+ buffers/cache:       929M        63M
Swap:         8.0G       118M       7.9G

             total       used       free     shared    buffers     cached
Mem:          992M       923M        68M       584K        96K       7.3M
-/+ buffers/cache:       916M        75M
Swap:         8.0G       170M       7.8G

             total       used       free     shared    buffers     cached
Mem:          992M       926M        65M       584K       360K       4.3M
-/+ buffers/cache:       921M        70M
Swap:         8.0G       170M       7.8G

             total       used       free     shared    buffers     cached
Mem:          992M       925M        66M       584K       360K       4.0M
-/+ buffers/cache:       920M        71M
Swap:         8.0G       170M       7.8G

             total       used       free     shared    buffers     cached
Mem:          992M       924M        67M       584K       368K       3.1M
-/+ buffers/cache:       921M        70M
Swap:         8.0G       192M       7.8G

             total       used       free     shared    buffers     cached
Mem:          992M       925M        66M       572K       368K       3.0M
-/+ buffers/cache:       922M        69M
Swap:         8.0G       193M       7.8G

             total       used       free     shared    buffers     cached
Mem:          992M       922M        70M       572K       368K       2.9M
-/+ buffers/cache:       918M        73M
Swap:         8.0G       237M       7.8G

             total       used       free     shared    buffers     cached
Mem:          992M       922M        69M       572K       368K       3.0M
-/+ buffers/cache:       919M        72M
Swap:         8.0G       237M       7.8G

             total       used       free     shared    buffers     cached
Mem:          992M       930M        61M       572K        76K        23M
-/+ buffers/cache:       907M        84M
Swap:         8.0G       268M       7.7G

             total       used       free     shared    buffers     cached
Mem:          992M       924M        67M       544K       528K        20M
-/+ buffers/cache:       903M        89M
Swap:         8.0G       270M       7.7G

             total       used       free     shared    buffers     cached
Mem:          992M       926M        65M       544K       792K        21M
-/+ buffers/cache:       904M        87M
Swap:         8.0G       270M       7.7G

             total       used       free     shared    buffers     cached
Mem:          992M       914M        77M       544K       780K        16M
-/+ buffers/cache:       897M        94M
Swap:         8.0G       294M       7.7G

             total       used       free     shared    buffers     cached
Mem:          992M       920M        71M       540K       780K        16M
-/+ buffers/cache:       903M        88M
Swap:         8.0G       294M       7.7G

             total       used       free     shared    buffers     cached
Mem:          992M       925M        66M       540K       780K        16M
-/+ buffers/cache:       908M        83M
Swap:         8.0G       294M       7.7G

             total       used       free     shared    buffers     cached
Mem:          992M       930M        61M       540K       780K        16M
-/+ buffers/cache:       913M        78M
Swap:         8.0G       294M       7.7G

             total       used       free     shared    buffers     cached
Mem:          992M       922M        69M       540K       776K       8.9M
-/+ buffers/cache:       912M        79M
Swap:         8.0G       294M       7.7G

             total       used       free     shared    buffers     cached
Mem:          992M       928M        63M       540K       776K       8.9M
-/+ buffers/cache:       918M        73M
Swap:         8.0G       294M       7.7G

             total       used       free     shared    buffers     cached
Mem:          992M       921M        70M       540K        92K       3.5M
-/+ buffers/cache:       917M        74M
Swap:         8.0G       294M       7.7G

             total       used       free     shared    buffers     cached
Mem:          992M       926M        65M       540K       348K       3.7M
-/+ buffers/cache:       922M        69M
Swap:         8.0G       294M       7.7G

             total       used       free     shared    buffers     cached
Mem:          992M       912M        79M       540K       336K       2.5M
-/+ buffers/cache:       909M        82M
Swap:         8.0G       320M       7.7G

             total       used       free     shared    buffers     cached
Mem:          992M       914M        77M       540K       344K       2.5M
-/+ buffers/cache:       912M        80M
Swap:         8.0G       320M       7.7G

             total       used       free     shared    buffers     cached
Mem:          992M       919M        73M       540K       344K       2.6M
-/+ buffers/cache:       916M        76M
Swap:         8.0G       320M       7.7G

             total       used       free     shared    buffers     cached
Mem:          992M       923M        68M       540K       344K       2.6M
-/+ buffers/cache:       920M        71M
Swap:         8.0G       320M       7.7G

             total       used       free     shared    buffers     cached
Mem:          992M       928M        63M       540K       344K       2.6M
-/+ buffers/cache:       925M        66M
Swap:         8.0G       320M       7.7G

             total       used       free     shared    buffers     cached
Mem:          992M       908M        83M        20K       344K       1.8M
-/+ buffers/cache:       906M        85M
Swap:         8.0G       353M       7.7G

             total       used       free     shared    buffers     cached
Mem:          992M       912M        80M         4K       344K       1.8M
-/+ buffers/cache:       909M        82M
Swap:         8.0G       353M       7.7G

             total       used       free     shared    buffers     cached
Mem:          992M       916M        75M         4K       352K       1.8M
-/+ buffers/cache:       914M        78M
Swap:         8.0G       353M       7.7G

             total       used       free     shared    buffers     cached
Mem:          992M       920M        71M         4K       352K       1.8M
-/+ buffers/cache:       918M        73M
Swap:         8.0G       353M       7.7G

             total       used       free     shared    buffers     cached
Mem:          992M       924M        67M         4K       352K       1.8M
-/+ buffers/cache:       922M        69M
Swap:         8.0G       353M       7.7G

             total       used       free     shared    buffers     cached
Mem:          992M       918M        74M         4K       352K       1.7M
-/+ buffers/cache:       916M        76M
Swap:         8.0G       347M       7.7G

             total       used       free     shared    buffers     cached
Mem:          992M       923M        68M         4K       332K       1.5M
-/+ buffers/cache:       921M        70M
Swap:         8.0G       337M       7.7G

             total       used       free     shared    buffers     cached
Mem:          992M       920M        71M         4K       256K       1.5M
-/+ buffers/cache:       918M        73M
Swap:         8.0G       336M       7.7G

             total       used       free     shared    buffers     cached
Mem:          992M       922M        69M         4K        84K       1.3M
-/+ buffers/cache:       921M        71M
Swap:         8.0G       432M       7.6G

             total       used       free     shared    buffers     cached
Mem:          992M       928M        63M         0B        76K       1.5M
-/+ buffers/cache:       927M        64M
Swap:         8.0G       364M       7.6G

             total       used       free     shared    buffers     cached
Mem:          992M       919M        72M         0B        76K       1.6M
-/+ buffers/cache:       917M        74M
Swap:         8.0G       335M       7.7G

             total       used       free     shared    buffers     cached
Mem:          992M       922M        70M         0B        76K       1.7M
-/+ buffers/cache:       920M        71M
Swap:         8.0G       332M       7.7G

             total       used       free     shared    buffers     cached
Mem:          992M       919M        72M         0B        76K       1.6M
-/+ buffers/cache:       918M        73M
Swap:         8.0G       409M       7.6G

             total       used       free     shared    buffers     cached
Mem:          992M       922M        69M         0B        76K       1.6M
-/+ buffers/cache:       921M        70M
Swap:         8.0G       379M       7.6G

             total       used       free     shared    buffers     cached
Mem:          992M       923M        68M         0B        76K       1.6M
-/+ buffers/cache:       921M        70M
Swap:         8.0G       329M       7.7G

             total       used       free     shared    buffers     cached
Mem:          992M       920M        71M         0B        76K       1.4M
-/+ buffers/cache:       919M        73M
Swap:         8.0G       333M       7.7G

             total       used       free     shared    buffers     cached
Mem:          992M       914M        77M         0B        76K       1.5M
-/+ buffers/cache:       912M        79M
Swap:         8.0G       351M       7.7G

             total       used       free     shared    buffers     cached
Mem:          992M       919M        72M         0B        76K       1.8M
-/+ buffers/cache:       918M        74M
Swap:         8.0G       332M       7.7G

             total       used       free     shared    buffers     cached
Mem:          992M       922M        69M         0B        88K       1.8M
-/+ buffers/cache:       920M        71M
Swap:         8.0G       331M       7.7G

             total       used       free     shared    buffers     cached
Mem:          992M       928M        63M         0B        88K       1.8M
-/+ buffers/cache:       926M        65M
Swap:         8.0G       330M       7.7G

             total       used       free     shared    buffers     cached
Mem:          992M       921M        71M         0B        88K       1.8M
-/+ buffers/cache:       919M        72M
Swap:         8.0G       344M       7.7G

             total       used       free     shared    buffers     cached
Mem:          992M       927M        64M         0B        88K       1.8M
-/+ buffers/cache:       925M        66M
Swap:         8.0G       344M       7.7G

             total       used       free     shared    buffers     cached
Mem:          992M       918M        73M         0B       104K       1.7M
-/+ buffers/cache:       916M        75M
Swap:         8.0G       360M       7.6G

             total       used       free     shared    buffers     cached
Mem:          992M       922M        69M         0B       112K       1.8M
-/+ buffers/cache:       920M        71M
Swap:         8.0G       360M       7.6G

             total       used       free     shared    buffers     cached
Mem:          992M       929M        63M         0B       112K       1.8M
-/+ buffers/cache:       927M        64M
Swap:         8.0G       360M       7.6G

             total       used       free     shared    buffers     cached
Mem:          992M       918M        73M         0B       112K       1.7M
-/+ buffers/cache:       916M        75M
Swap:         8.0G       380M       7.6G

             total       used       free     shared    buffers     cached
Mem:          992M       921M        70M         0B       112K       1.8M
-/+ buffers/cache:       919M        72M
Swap:         8.0G       379M       7.6G

             total       used       free     shared    buffers     cached
Mem:          992M       923M        68M         0B       112K       1.7M
-/+ buffers/cache:       921M        70M
Swap:         8.0G       379M       7.6G

             total       used       free     shared    buffers     cached
Mem:          992M       924M        67M         0B       120K       1.8M
-/+ buffers/cache:       922M        69M
Swap:         8.0G       378M       7.6G

             total       used       free     shared    buffers     cached
Mem:          992M       926M        65M         0B       120K       1.7M
-/+ buffers/cache:       924M        67M
Swap:         8.0G       377M       7.6G

             total       used       free     shared    buffers     cached
Mem:          992M       927M        64M         0B       120K       1.8M
-/+ buffers/cache:       926M        66M
Swap:         8.0G       377M       7.6G

             total       used       free     shared    buffers     cached
Mem:          992M       929M        62M         0B       120K       1.7M
-/+ buffers/cache:       927M        64M
Swap:         8.0G       376M       7.6G

             total       used       free     shared    buffers     cached
Mem:          992M       919M        72M         0B       232K       2.4M
-/+ buffers/cache:       916M        75M
Swap:         8.0G       384M       7.6G

             total       used       free     shared    buffers     cached
Mem:          992M       921M        70M         0B       232K       2.4M
-/+ buffers/cache:       918M        73M
Swap:         8.0G       383M       7.6G

             total       used       free     shared    buffers     cached
Mem:          992M       923M        68M         0B       240K       2.6M
-/+ buffers/cache:       920M        71M
Swap:         8.0G       382M       7.6G

             total       used       free     shared    buffers     cached
Mem:          992M       925M        66M         0B       240K       2.6M
-/+ buffers/cache:       922M        69M
Swap:         8.0G       381M       7.6G

             total       used       free     shared    buffers     cached
Mem:          992M       927M        64M         0B       240K       2.6M
-/+ buffers/cache:       924M        67M
Swap:         8.0G       380M       7.6G

             total       used       free     shared    buffers     cached
Mem:          992M       929M        62M         0B       240K       2.6M
-/+ buffers/cache:       926M        65M
Swap:         8.0G       379M       7.6G

             total       used       free     shared    buffers     cached
Mem:          992M       931M        60M         0B       240K       2.6M
-/+ buffers/cache:       928M        63M
Swap:         8.0G       378M       7.6G

             total       used       free     shared    buffers     cached
Mem:          992M       921M        70M         0B       232K       2.6M
-/+ buffers/cache:       918M        73M
Swap:         8.0G       383M       7.6G

             total       used       free     shared    buffers     cached
Mem:          992M       923M        68M         0B       232K       2.6M
-/+ buffers/cache:       920M        71M
Swap:         8.0G       382M       7.6G

             total       used       free     shared    buffers     cached
Mem:          992M       925M        67M         0B       232K       2.6M
-/+ buffers/cache:       922M        69M
Swap:         8.0G       382M       7.6G

             total       used       free     shared    buffers     cached
Mem:          992M       927M        64M         0B       232K       2.6M
-/+ buffers/cache:       924M        67M
Swap:         8.0G       381M       7.6G

             total       used       free     shared    buffers     cached
Mem:          992M       929M        62M         0B       232K       2.6M
-/+ buffers/cache:       926M        65M
Swap:         8.0G       380M       7.6G

             total       used       free     shared    buffers     cached
Mem:          992M       929M        62M         0B       164K        20M
-/+ buffers/cache:       909M        83M
Swap:         8.0G       408M       7.6G

             total       used       free     shared    buffers     cached
Mem:          992M       920M        71M         0B       492K        20M
-/+ buffers/cache:       899M        92M
Swap:         8.0G       414M       7.6G

             total       used       free     shared    buffers     cached
Mem:          992M       922M        69M         0B       516K        20M
-/+ buffers/cache:       901M        90M
Swap:         8.0G       413M       7.6G

             total       used       free     shared    buffers     cached
Mem:          992M       923M        68M         0B       516K        20M
-/+ buffers/cache:       903M        88M
Swap:         8.0G       413M       7.6G

             total       used       free     shared    buffers     cached
Mem:          992M       925M        66M         0B       516K        20M
-/+ buffers/cache:       905M        87M
Swap:         8.0G       412M       7.6G

             total       used       free     shared    buffers     cached
Mem:          992M       927M        64M         0B       516K        20M
-/+ buffers/cache:       907M        84M
Swap:         8.0G       411M       7.6G

             total       used       free     shared    buffers     cached
Mem:          992M       929M        62M         0B       524K        20M
-/+ buffers/cache:       909M        83M
Swap:         8.0G       410M       7.6G

             total       used       free     shared    buffers     cached
Mem:          992M       915M        76M         0B       388K        18M
-/+ buffers/cache:       896M        95M
Swap:         8.0G       429M       7.6G

             total       used       free     shared    buffers     cached
Mem:          992M       917M        75M         0B       388K        18M
-/+ buffers/cache:       898M        93M
Swap:         8.0G       428M       7.6G

             total       used       free     shared    buffers     cached
Mem:          992M       919M        72M         0B       388K        18M
-/+ buffers/cache:       900M        91M
Swap:         8.0G       427M       7.6G

             total       used       free     shared    buffers     cached
Mem:          992M       921M        71M         0B       388K        18M
-/+ buffers/cache:       902M        89M
Swap:         8.0G       426M       7.6G

             total       used       free     shared    buffers     cached
Mem:          992M       922M        69M         0B       396K        18M
-/+ buffers/cache:       904M        88M
Swap:         8.0G       425M       7.6G

             total       used       free     shared    buffers     cached
Mem:          992M       924M        67M         0B       396K        18M
-/+ buffers/cache:       906M        86M
Swap:         8.0G       424M       7.6G

             total       used       free     shared    buffers     cached
Mem:          992M       926M        65M         0B       396K        18M
-/+ buffers/cache:       907M        84M
Swap:         8.0G       424M       7.6G

             total       used       free     shared    buffers     cached
Mem:          992M       928M        63M         0B       396K        18M
-/+ buffers/cache:       910M        82M
Swap:         8.0G       423M       7.6G

             total       used       free     shared    buffers     cached
Mem:          992M       930M        61M         0B       396K        18M
-/+ buffers/cache:       912M        80M
Swap:         8.0G       422M       7.6G

             total       used       free     shared    buffers     cached
Mem:          992M       914M        77M         0B       404K        15M
-/+ buffers/cache:       898M        93M
Swap:         8.0G       439M       7.6G

             total       used       free     shared    buffers     cached
Mem:          992M       916M        76M         0B       404K        15M
-/+ buffers/cache:       900M        91M
Swap:         8.0G       438M       7.6G

             total       used       free     shared    buffers     cached
Mem:          992M       917M        74M         0B       404K        15M
-/+ buffers/cache:       901M        90M
Swap:         8.0G       437M       7.6G

             total       used       free     shared    buffers     cached
Mem:          992M       920M        72M         0B       404K        15M
-/+ buffers/cache:       904M        88M
Swap:         8.0G       436M       7.6G

             total       used       free     shared    buffers     cached
Mem:          992M       922M        70M         0B       404K        15M
-/+ buffers/cache:       906M        86M
Swap:         8.0G       435M       7.6G

             total       used       free     shared    buffers     cached
Mem:          992M       923M        68M         0B       404K        15M
-/+ buffers/cache:       907M        84M
Swap:         8.0G       434M       7.6G

             total       used       free     shared    buffers     cached
Mem:          992M       926M        66M         0B       412K        15M
-/+ buffers/cache:       910M        82M
Swap:         8.0G       433M       7.6G

             total       used       free     shared    buffers     cached
Mem:          992M       927M        64M         0B       412K        15M
-/+ buffers/cache:       911M        80M
Swap:         8.0G       432M       7.6G

             total       used       free     shared    buffers     cached
Mem:          992M       929M        62M         0B       412K        15M
-/+ buffers/cache:       914M        78M
Swap:         8.0G       431M       7.6G

             total       used       free     shared    buffers     cached
Mem:          992M       918M        73M         0B       412K       6.5M
-/+ buffers/cache:       911M        80M
Swap:         8.0G       431M       7.6G

             total       used       free     shared    buffers     cached
Mem:          992M       920M        71M         0B       676K       6.5M
-/+ buffers/cache:       913M        78M
Swap:         8.0G       430M       7.6G

             total       used       free     shared    buffers     cached
Mem:          992M       922M        69M         0B       684K       6.5M
-/+ buffers/cache:       915M        77M
Swap:         8.0G       429M       7.6G

             total       used       free     shared    buffers     cached
Mem:          992M       924M        67M         0B       684K       6.5M
-/+ buffers/cache:       917M        75M
Swap:         8.0G       428M       7.6G

             total       used       free     shared    buffers     cached
Mem:          992M       926M        65M         0B       684K       6.5M
-/+ buffers/cache:       919M        73M
Swap:         8.0G       427M       7.6G

             total       used       free     shared    buffers     cached
Mem:          992M       928M        64M         0B       684K       6.5M
-/+ buffers/cache:       920M        71M
Swap:         8.0G       426M       7.6G

             total       used       free     shared    buffers     cached
Mem:          992M       930M        61M         0B       684K       6.5M
-/+ buffers/cache:       923M        68M
Swap:         8.0G       425M       7.6G

             total       used       free     shared    buffers     cached
Mem:          992M       914M        77M         0B       652K       5.5M
-/+ buffers/cache:       908M        84M
Swap:         8.0G       449M       7.6G

             total       used       free     shared    buffers     cached
Mem:          992M       916M        75M         0B       652K       5.5M
-/+ buffers/cache:       910M        82M
Swap:         8.0G       448M       7.6G

             total       used       free     shared    buffers     cached
Mem:          992M       918M        73M         0B       652K       5.5M
-/+ buffers/cache:       912M        79M
Swap:         8.0G       447M       7.6G

             total       used       free     shared    buffers     cached
Mem:          992M       921M        70M         0B       652K       5.5M
-/+ buffers/cache:       915M        77M
Swap:         8.0G       446M       7.6G

             total       used       free     shared    buffers     cached
Mem:          992M       923M        68M         0B       652K       5.5M
-/+ buffers/cache:       917M        74M
Swap:         8.0G       445M       7.6G

             total       used       free     shared    buffers     cached
Mem:          992M       925M        66M         0B       652K       5.5M
-/+ buffers/cache:       919M        72M
Swap:         8.0G       443M       7.6G

             total       used       free     shared    buffers     cached
Mem:          992M       927M        64M         0B       660K       5.5M
-/+ buffers/cache:       921M        70M
Swap:         8.0G       442M       7.6G

             total       used       free     shared    buffers     cached
Mem:          992M       917M        74M         0B       796K       3.1M
-/+ buffers/cache:       913M        78M
Swap:         8.0G       450M       7.6G

             total       used       free     shared    buffers     cached
Mem:          992M       942M        49M         0B       952K        28M
-/+ buffers/cache:       912M        79M
Swap:         8.0G       446M       7.6G

             total       used       free     shared    buffers     cached
Mem:          992M       903M        88M        16K       364K        26M
-/+ buffers/cache:       876M       115M
Swap:         8.0G       493M       7.5G

             total       used       free     shared    buffers     cached
Mem:          992M       904M        87M        16K       376K        26M
-/+ buffers/cache:       878M       113M
Swap:         8.0G       492M       7.5G

             total       used       free     shared    buffers     cached
Mem:          992M       909M        83M        16K       376K        28M
-/+ buffers/cache:       880M       111M
Swap:         8.0G       491M       7.5G

             total       used       free     shared    buffers     cached
Mem:          992M       910M        81M        28K       376K        28M
-/+ buffers/cache:       881M       110M
Swap:         8.0G       491M       7.5G

             total       used       free     shared    buffers     cached
Mem:          992M       911M        80M        28K       384K        28M
-/+ buffers/cache:       882M       109M
Swap:         8.0G       490M       7.5G

             total       used       free     shared    buffers     cached
Mem:          992M       912M        79M        28K       384K        28M
-/+ buffers/cache:       883M       108M
Swap:         8.0G       490M       7.5G

             total       used       free     shared    buffers     cached
Mem:          992M       915M        76M        28K       384K        29M
-/+ buffers/cache:       886M       106M
Swap:         8.0G       489M       7.5G

             total       used       free     shared    buffers     cached
Mem:          992M       916M        75M        28K       384K        29M
-/+ buffers/cache:       887M       104M
Swap:         8.0G       488M       7.5G

             total       used       free     shared    buffers     cached
Mem:          992M       918M        74M        28K       384K        29M
-/+ buffers/cache:       888M       103M
Swap:         8.0G       487M       7.5G

             total       used       free     shared    buffers     cached
Mem:          992M       919M        72M        28K       392K        29M
-/+ buffers/cache:       889M       102M
Swap:         8.0G       487M       7.5G

             total       used       free     shared    buffers     cached
Mem:          992M       920M        71M        28K       392K        29M
-/+ buffers/cache:       890M       101M
Swap:         8.0G       486M       7.5G

             total       used       free     shared    buffers     cached
Mem:          992M       921M        70M        28K       392K        29M
-/+ buffers/cache:       891M       100M
Swap:         8.0G       486M       7.5G

             total       used       free     shared    buffers     cached
Mem:          992M       922M        69M        28K       392K        29M
-/+ buffers/cache:       892M        99M
Swap:         8.0G       485M       7.5G

             total       used       free     shared    buffers     cached
Mem:          992M       923M        68M        28K       392K        29M
-/+ buffers/cache:       893M        98M
Swap:         8.0G       485M       7.5G

             total       used       free     shared    buffers     cached
Mem:          992M       924M        67M        28K       392K        29M
-/+ buffers/cache:       895M        97M
Swap:         8.0G       484M       7.5G

             total       used       free     shared    buffers     cached
Mem:          992M       926M        66M        28K       400K        29M
-/+ buffers/cache:       896M        95M
Swap:         8.0G       484M       7.5G

             total       used       free     shared    buffers     cached
Mem:          992M       927M        65M        28K       400K        29M
-/+ buffers/cache:       897M        94M
Swap:         8.0G       483M       7.5G

             total       used       free     shared    buffers     cached
Mem:          992M       928M        63M        28K       400K        29M
-/+ buffers/cache:       898M        93M
Swap:         8.0G       482M       7.5G

             total       used       free     shared    buffers     cached
Mem:          992M       918M        73M        28K       400K        30M
-/+ buffers/cache:       887M       104M
Swap:         8.0G       483M       7.5G

             total       used       free     shared    buffers     cached
Mem:          992M       921M        70M        28K       716K        33M
-/+ buffers/cache:       888M       103M
Swap:         8.0G       488M       7.5G

             total       used       free     shared    buffers     cached
Mem:          992M       923M        69M        28K       724K        33M
-/+ buffers/cache:       889M       102M
Swap:         8.0G       487M       7.5G

             total       used       free     shared    buffers     cached
Mem:          992M       924M        68M        28K       724K        33M
-/+ buffers/cache:       890M       101M
Swap:         8.0G       487M       7.5G

             total       used       free     shared    buffers     cached
Mem:          992M       925M        67M        28K       724K        33M
-/+ buffers/cache:       891M       100M
Swap:         8.0G       486M       7.5G

             total       used       free     shared    buffers     cached
Mem:          992M       926M        65M        28K       724K        33M
-/+ buffers/cache:       892M        99M
Swap:         8.0G       486M       7.5G

             total       used       free     shared    buffers     cached
Mem:          992M       927M        64M        28K       724K        33M
-/+ buffers/cache:       893M        98M
Swap:         8.0G       485M       7.5G

             total       used       free     shared    buffers     cached
Mem:          992M       928M        63M        28K       724K        33M
-/+ buffers/cache:       895M        97M
Swap:         8.0G       484M       7.5G

             total       used       free     shared    buffers     cached
Mem:          992M       929M        62M        28K       732K        33M
-/+ buffers/cache:       896M        96M
Swap:         8.0G       484M       7.5G

             total       used       free     shared    buffers     cached
Mem:          992M       931M        61M        28K       732K        33M
-/+ buffers/cache:       897M        94M
Swap:         8.0G       483M       7.5G

             total       used       free     shared    buffers     cached
Mem:          992M       911M        80M        28K       564K        30M
-/+ buffers/cache:       880M       112M
Swap:         8.0G       504M       7.5G

             total       used       free     shared    buffers     cached
Mem:          992M       912M        79M        28K       564K        30M
-/+ buffers/cache:       881M       110M
Swap:         8.0G       503M       7.5G

             total       used       free     shared    buffers     cached
Mem:          992M       914M        78M        28K       564K        30M
-/+ buffers/cache:       882M       109M
Swap:         8.0G       503M       7.5G

             total       used       free     shared    buffers     cached
Mem:          992M       915M        77M        28K       572K        30M
-/+ buffers/cache:       883M       108M
Swap:         8.0G       502M       7.5G

             total       used       free     shared    buffers     cached
Mem:          992M       916M        75M        28K       572K        30M
-/+ buffers/cache:       884M       107M
Swap:         8.0G       501M       7.5G

             total       used       free     shared    buffers     cached
Mem:          992M       917M        74M        28K       572K        30M
-/+ buffers/cache:       885M       106M
Swap:         8.0G       501M       7.5G

             total       used       free     shared    buffers     cached
Mem:          992M       918M        73M        28K       572K        30M
-/+ buffers/cache:       887M       104M
Swap:         8.0G       500M       7.5G

             total       used       free     shared    buffers     cached
Mem:          992M       919M        72M        28K       572K        30M
-/+ buffers/cache:       888M       103M
Swap:         8.0G       500M       7.5G

             total       used       free     shared    buffers     cached
Mem:          992M       921M        71M        28K       572K        30M
-/+ buffers/cache:       889M       102M
Swap:         8.0G       499M       7.5G

             total       used       free     shared    buffers     cached
Mem:          992M       922M        70M        28K       580K        30M
-/+ buffers/cache:       890M       101M
Swap:         8.0G       499M       7.5G

             total       used       free     shared    buffers     cached
Mem:          992M       923M        68M        28K       580K        30M
-/+ buffers/cache:       891M       100M
Swap:         8.0G       498M       7.5G

             total       used       free     shared    buffers     cached
Mem:          992M       924M        67M        28K       580K        30M
-/+ buffers/cache:       893M        98M
Swap:         8.0G       497M       7.5G

             total       used       free     shared    buffers     cached
Mem:          992M       925M        66M        28K       580K        30M
-/+ buffers/cache:       894M        97M
Swap:         8.0G       497M       7.5G

             total       used       free     shared    buffers     cached
Mem:          992M       927M        64M        28K       580K        30M
-/+ buffers/cache:       895M        96M
Swap:         8.0G       496M       7.5G

             total       used       free     shared    buffers     cached
Mem:          992M       928M        64M        28K       588K        30M
-/+ buffers/cache:       896M        95M
Swap:         8.0G       496M       7.5G

             total       used       free     shared    buffers     cached
Mem:          992M       929M        62M        28K       588K        30M
-/+ buffers/cache:       897M        94M
Swap:         8.0G       495M       7.5G

             total       used       free     shared    buffers     cached
Mem:          992M       930M        61M        28K       588K        30M
-/+ buffers/cache:       899M        92M
Swap:         8.0G       494M       7.5G

             total       used       free     shared    buffers     cached
Mem:          992M       919M        72M        28K       572K        30M
-/+ buffers/cache:       889M       103M
Swap:         8.0G       495M       7.5G

             total       used       free     shared    buffers     cached
Mem:          992M       920M        71M        28K       572K        30M
-/+ buffers/cache:       889M       102M
Swap:         8.0G       495M       7.5G

             total       used       free     shared    buffers     cached
Mem:          992M       921M        70M        28K       572K        30M
-/+ buffers/cache:       891M       101M
Swap:         8.0G       494M       7.5G

             total       used       free     shared    buffers     cached
Mem:          992M       922M        69M        28K       580K        30M
-/+ buffers/cache:       892M       100M
Swap:         8.0G       493M       7.5G

             total       used       free     shared    buffers     cached
Mem:          992M       924M        68M        28K       580K        30M
-/+ buffers/cache:       893M        98M
Swap:         8.0G       493M       7.5G

             total       used       free     shared    buffers     cached
Mem:          992M       925M        66M        28K       580K        30M
-/+ buffers/cache:       894M        97M
Swap:         8.0G       492M       7.5G

             total       used       free     shared    buffers     cached
Mem:          992M       926M        65M        28K       580K        30M
-/+ buffers/cache:       895M        96M
Swap:         8.0G       492M       7.5G

             total       used       free     shared    buffers     cached
Mem:          992M       927M        64M        28K       580K        30M
-/+ buffers/cache:       896M        95M
Swap:         8.0G       491M       7.5G

             total       used       free     shared    buffers     cached
Mem:          992M       928M        63M        28K       588K        30M
-/+ buffers/cache:       898M        94M
Swap:         8.0G       490M       7.5G

             total       used       free     shared    buffers     cached
Mem:          992M       930M        62M        28K       588K        30M
-/+ buffers/cache:       899M        92M
Swap:         8.0G       490M       7.5G

             total       used       free     shared    buffers     cached
Mem:          992M       931M        60M        28K       588K        30M
-/+ buffers/cache:       900M        91M
Swap:         8.0G       489M       7.5G

             total       used       free     shared    buffers     cached
Mem:          992M       914M        78M        28K       588K        28M
-/+ buffers/cache:       884M       107M
Swap:         8.0G       509M       7.5G

             total       used       free     shared    buffers     cached
Mem:          992M       915M        76M        28K       588K        28M
-/+ buffers/cache:       885M       106M
Swap:         8.0G       509M       7.5G

             total       used       free     shared    buffers     cached
Mem:          992M       916M        75M        28K       588K        29M
-/+ buffers/cache:       887M       105M
Swap:         8.0G       508M       7.5G

             total       used       free     shared    buffers     cached
Mem:          992M       917M        74M        28K       596K        28M
-/+ buffers/cache:       888M       103M
Swap:         8.0G       507M       7.5G

             total       used       free     shared    buffers     cached
Mem:          992M       918M        73M        28K       596K        28M
-/+ buffers/cache:       889M       102M
Swap:         8.0G       507M       7.5G

             total       used       free     shared    buffers     cached
Mem:          992M       920M        71M        28K       596K        29M
-/+ buffers/cache:       890M       101M
Swap:         8.0G       506M       7.5G

             total       used       free     shared    buffers     cached
Mem:          992M       921M        70M        28K       596K        29M
-/+ buffers/cache:       892M       100M
Swap:         8.0G       505M       7.5G

             total       used       free     shared    buffers     cached
Mem:          992M       923M        68M        28K       596K        29M
-/+ buffers/cache:       893M        98M
Swap:         8.0G       505M       7.5G

             total       used       free     shared    buffers     cached
Mem:          992M       925M        66M        28K       740K        30M
-/+ buffers/cache:       894M        97M
Swap:         8.0G       504M       7.5G

             total       used       free     shared    buffers     cached
Mem:          992M       927M        65M        32K       740K        30M
-/+ buffers/cache:       896M        95M
Swap:         8.0G       503M       7.5G

             total       used       free     shared    buffers     cached
Mem:          992M       928M        63M        32K       740K        30M
-/+ buffers/cache:       897M        94M
Swap:         8.0G       502M       7.5G

             total       used       free     shared    buffers     cached
Mem:          992M       920M        71M        32K       740K        31M
-/+ buffers/cache:       887M       104M
Swap:         8.0G       506M       7.5G

             total       used       free     shared    buffers     cached
Mem:          992M       921M        70M        32K       740K        31M
-/+ buffers/cache:       889M       103M
Swap:         8.0G       506M       7.5G

             total       used       free     shared    buffers     cached
Mem:          992M       928M        63M        32K       740K        34M
-/+ buffers/cache:       893M        98M
Swap:         8.0G       503M       7.5G

             total       used       free     shared    buffers     cached
Mem:          992M       929M        62M        32K       748K        34M
-/+ buffers/cache:       894M        97M
Swap:         8.0G       503M       7.5G

             total       used       free     shared    buffers     cached
Mem:          992M       929M        62M        32K       748K        34M
-/+ buffers/cache:       895M        97M
Swap:         8.0G       503M       7.5G

             total       used       free     shared    buffers     cached
Mem:          992M       930M        61M        32K       748K        34M
-/+ buffers/cache:       896M        96M
Swap:         8.0G       502M       7.5G

             total       used       free     shared    buffers     cached
Mem:          992M       915M        76M        32K       748K        31M
-/+ buffers/cache:       883M       108M
Swap:         8.0G       511M       7.5G

             total       used       free     shared    buffers     cached
Mem:          992M       915M        76M        32K       748K        31M
-/+ buffers/cache:       883M       108M
Swap:         8.0G       510M       7.5G

             total       used       free     shared    buffers     cached
Mem:          992M       916M        75M        32K       756K        31M
-/+ buffers/cache:       884M       107M
Swap:         8.0G       510M       7.5G

             total       used       free     shared    buffers     cached
Mem:          992M       916M        75M        32K       756K        31M
-/+ buffers/cache:       884M       107M
Swap:         8.0G       510M       7.5G

             total       used       free     shared    buffers     cached
Mem:          992M       917M        74M        32K       756K        31M
-/+ buffers/cache:       885M       107M
Swap:         8.0G       509M       7.5G

             total       used       free     shared    buffers     cached
Mem:          992M       918M        74M        32K       756K        31M
-/+ buffers/cache:       886M       106M
Swap:         8.0G       509M       7.5G

             total       used       free     shared    buffers     cached
Mem:          992M       927M        64M       188K       756K        35M
-/+ buffers/cache:       891M       100M
Swap:         8.0G       511M       7.5G

             total       used       free     shared    buffers     cached
Mem:          992M       930M        61M       3.9M       5.3M        54M
-/+ buffers/cache:       871M       120M
Swap:         8.0G       554M       7.5G

             total       used       free     shared    buffers     cached
Mem:          992M       914M        77M       3.9M       5.1M        65M
-/+ buffers/cache:       843M       148M
Swap:         8.0G       569M       7.4G

             total       used       free     shared    buffers     cached
Mem:          992M       910M        81M       236K       4.1M        61M
-/+ buffers/cache:       844M       147M
Swap:         8.0G       571M       7.4G

             total       used       free     shared    buffers     cached
Mem:          992M       911M        80M       260K       4.1M        61M
-/+ buffers/cache:       845M       146M
Swap:         8.0G       570M       7.4G

             total       used       free     shared    buffers     cached
Mem:          992M       912M        79M       260K       4.1M        61M
-/+ buffers/cache:       846M       145M
Swap:         8.0G       570M       7.4G

             total       used       free     shared    buffers     cached
Mem:          992M       913M        78M       260K       4.1M        61M
-/+ buffers/cache:       847M       144M
Swap:         8.0G       569M       7.4G

             total       used       free     shared    buffers     cached
Mem:          992M       915M        77M       260K       4.1M        61M
-/+ buffers/cache:       849M       143M
Swap:         8.0G       569M       7.4G

             total       used       free     shared    buffers     cached
Mem:          992M       917M        74M       260K       4.2M        62M
-/+ buffers/cache:       850M       141M
Swap:         8.0G       568M       7.4G

             total       used       free     shared    buffers     cached
Mem:          992M       918M        73M       260K       4.2M        62M
-/+ buffers/cache:       851M       140M
Swap:         8.0G       568M       7.4G

             total       used       free     shared    buffers     cached
Mem:          992M       920M        71M       260K       4.2M        62M
-/+ buffers/cache:       853M       138M
Swap:         8.0G       567M       7.4G

             total       used       free     shared    buffers     cached
Mem:          992M       921M        70M       260K       4.2M        62M
-/+ buffers/cache:       854M       137M
Swap:         8.0G       566M       7.4G

             total       used       free     shared    buffers     cached
Mem:          992M       922M        69M       260K       4.2M        62M
-/+ buffers/cache:       855M       136M
Swap:         8.0G       566M       7.4G

             total       used       free     shared    buffers     cached
Mem:          992M       923M        68M       260K       4.2M        62M
-/+ buffers/cache:       856M       135M
Swap:         8.0G       565M       7.4G

             total       used       free     shared    buffers     cached
Mem:          992M       925M        66M       260K       4.2M        62M
-/+ buffers/cache:       858M       133M
Swap:         8.0G       565M       7.4G

             total       used       free     shared    buffers     cached
Mem:          992M       926M        65M       260K       4.2M        62M
-/+ buffers/cache:       859M       132M
Swap:         8.0G       564M       7.4G

             total       used       free     shared    buffers     cached
Mem:          992M       928M        64M       260K       4.2M        62M
-/+ buffers/cache:       861M       131M
Swap:         8.0G       564M       7.4G

             total       used       free     shared    buffers     cached
Mem:          992M       929M        62M       260K       4.2M        62M
-/+ buffers/cache:       862M       129M
Swap:         8.0G       563M       7.4G

             total       used       free     shared    buffers     cached
Mem:          992M       930M        61M       260K       4.2M        62M
-/+ buffers/cache:       863M       128M
Swap:         8.0G       562M       7.4G

             total       used       free     shared    buffers     cached
Mem:          992M       912M        79M       260K       4.2M        61M
-/+ buffers/cache:       847M       145M
Swap:         8.0G       585M       7.4G

             total       used       free     shared    buffers     cached
Mem:          992M       913M        78M       260K       4.2M        61M
-/+ buffers/cache:       848M       143M
Swap:         8.0G       584M       7.4G

             total       used       free     shared    buffers     cached
Mem:          992M       914M        77M       260K       4.2M        61M
-/+ buffers/cache:       849M       142M
Swap:         8.0G       583M       7.4G

             total       used       free     shared    buffers     cached
Mem:          992M       916M        75M       260K       4.2M        61M
-/+ buffers/cache:       850M       141M
Swap:         8.0G       583M       7.4G

             total       used       free     shared    buffers     cached
Mem:          992M       917M        74M       260K       4.2M        61M
-/+ buffers/cache:       852M       139M
Swap:         8.0G       582M       7.4G

             total       used       free     shared    buffers     cached
Mem:          992M       918M        73M       260K       4.2M        61M
-/+ buffers/cache:       853M       138M
Swap:         8.0G       582M       7.4G

             total       used       free     shared    buffers     cached
Mem:          992M       920M        72M       260K       4.3M        61M
-/+ buffers/cache:       854M       137M
Swap:         8.0G       581M       7.4G

             total       used       free     shared    buffers     cached
Mem:          992M       921M        70M       260K       4.3M        61M
-/+ buffers/cache:       855M       136M
Swap:         8.0G       581M       7.4G

             total       used       free     shared    buffers     cached
Mem:          992M       922M        69M       260K       4.3M        61M
-/+ buffers/cache:       857M       134M
Swap:         8.0G       580M       7.4G

             total       used       free     shared    buffers     cached
Mem:          992M       923M        68M       260K       4.3M        61M
-/+ buffers/cache:       858M       133M
Swap:         8.0G       579M       7.4G

             total       used       free     shared    buffers     cached
Mem:          992M       924M        67M       260K       4.3M        61M
-/+ buffers/cache:       859M       132M
Swap:         8.0G       579M       7.4G

             total       used       free     shared    buffers     cached
Mem:          992M       926M        66M       260K       4.3M        61M
-/+ buffers/cache:       860M       131M
Swap:         8.0G       578M       7.4G

             total       used       free     shared    buffers     cached
Mem:          992M       927M        64M       260K       4.3M        61M
-/+ buffers/cache:       862M       130M
Swap:         8.0G       578M       7.4G

             total       used       free     shared    buffers     cached
Mem:          992M       928M        63M       260K       4.3M        61M
-/+ buffers/cache:       863M       128M
Swap:         8.0G       577M       7.4G

             total       used       free     shared    buffers     cached
Mem:          992M       929M        62M       260K       4.3M        61M
-/+ buffers/cache:       864M       127M
Swap:         8.0G       576M       7.4G

             total       used       free     shared    buffers     cached
Mem:          992M       931M        61M       260K       4.3M        61M
-/+ buffers/cache:       865M       126M
Swap:         8.0G       576M       7.4G

             total       used       free     shared    buffers     cached
Mem:          992M       915M        76M       260K       4.3M        59M
-/+ buffers/cache:       852M       139M
Swap:         8.0G       579M       7.4G

             total       used       free     shared    buffers     cached
Mem:          992M       917M        75M       260K       4.3M        59M
-/+ buffers/cache:       853M       138M
Swap:         8.0G       578M       7.4G

             total       used       free     shared    buffers     cached
Mem:          992M       918M        73M       260K       4.3M        59M
-/+ buffers/cache:       854M       137M
Swap:         8.0G       578M       7.4G

             total       used       free     shared    buffers     cached
Mem:          992M       919M        72M       260K       4.3M        59M
-/+ buffers/cache:       856M       136M
Swap:         8.0G       577M       7.4G

             total       used       free     shared    buffers     cached
Mem:          992M       921M        71M       260K       4.3M        59M
-/+ buffers/cache:       857M       134M
Swap:         8.0G       577M       7.4G

             total       used       free     shared    buffers     cached
Mem:          992M       922M        69M       260K       4.3M        59M
-/+ buffers/cache:       858M       133M
Swap:         8.0G       576M       7.4G

             total       used       free     shared    buffers     cached
Mem:          992M       925M        66M       316K       8.5M        72M
-/+ buffers/cache:       844M       147M
Swap:         8.0G       601M       7.4G

             total       used       free     shared    buffers     cached
Mem:          992M       921M        70M       340K       8.9M        74M
-/+ buffers/cache:       838M       153M
Swap:         8.0G       602M       7.4G
