             total       used       free     shared    buffers     cached
Mem:          2.0G       662M       1.3G       3.2M        38M       289M
-/+ buffers/cache:       334M       1.6G
Swap:         8.0G         0B       8.0G

             total       used       free     shared    buffers     cached
Mem:          2.0G       661M       1.3G       1.4M        38M       287M
-/+ buffers/cache:       334M       1.6G
Swap:         8.0G         0B       8.0G

             total       used       free     shared    buffers     cached
Mem:          2.0G       661M       1.3G       1.4M        38M       287M
-/+ buffers/cache:       334M       1.6G
Swap:         8.0G         0B       8.0G

             total       used       free     shared    buffers     cached
Mem:          2.0G       661M       1.3G       1.4M        38M       288M
-/+ buffers/cache:       334M       1.6G
Swap:         8.0G         0B       8.0G

             total       used       free     shared    buffers     cached
Mem:          2.0G       661M       1.3G       1.4M        38M       288M
-/+ buffers/cache:       334M       1.6G
Swap:         8.0G         0B       8.0G

             total       used       free     shared    buffers     cached
Mem:          2.0G       661M       1.3G       1.4M        38M       287M
-/+ buffers/cache:       334M       1.6G
Swap:         8.0G         0B       8.0G

             total       used       free     shared    buffers     cached
Mem:          2.0G       660M       1.3G       1.4M        38M       288M
-/+ buffers/cache:       334M       1.6G
Swap:         8.0G         0B       8.0G

             total       used       free     shared    buffers     cached
Mem:          2.0G       660M       1.3G       1.4M        38M       288M
-/+ buffers/cache:       333M       1.6G
Swap:         8.0G         0B       8.0G

             total       used       free     shared    buffers     cached
Mem:          2.0G       660M       1.3G       1.4M        38M       288M
-/+ buffers/cache:       333M       1.6G
Swap:         8.0G         0B       8.0G

             total       used       free     shared    buffers     cached
Mem:          2.0G       664M       1.3G       1.4M        38M       288M
-/+ buffers/cache:       337M       1.6G
Swap:         8.0G         0B       8.0G

             total       used       free     shared    buffers     cached
Mem:          2.0G       682M       1.3G       1.4M        38M       288M
-/+ buffers/cache:       356M       1.6G
Swap:         8.0G         0B       8.0G

             total       used       free     shared    buffers     cached
Mem:          2.0G       704M       1.3G       1.4M        38M       288M
-/+ buffers/cache:       377M       1.6G
Swap:         8.0G         0B       8.0G

             total       used       free     shared    buffers     cached
Mem:          2.0G       669M       1.3G       1.4M        38M       289M
-/+ buffers/cache:       341M       1.6G
Swap:         8.0G         0B       8.0G

             total       used       free     shared    buffers     cached
Mem:          2.0G       670M       1.3G       1.4M        38M       289M
-/+ buffers/cache:       342M       1.6G
Swap:         8.0G         0B       8.0G

             total       used       free     shared    buffers     cached
Mem:          2.0G       670M       1.3G       1.4M        38M       289M
-/+ buffers/cache:       342M       1.6G
Swap:         8.0G         0B       8.0G

             total       used       free     shared    buffers     cached
Mem:          2.0G       670M       1.3G       1.4M        38M       289M
-/+ buffers/cache:       342M       1.6G
Swap:         8.0G         0B       8.0G

             total       used       free     shared    buffers     cached
Mem:          2.0G       670M       1.3G       1.4M        38M       289M
-/+ buffers/cache:       342M       1.6G
Swap:         8.0G         0B       8.0G

             total       used       free     shared    buffers     cached
Mem:          2.0G       670M       1.3G       1.4M        38M       289M
-/+ buffers/cache:       342M       1.6G
Swap:         8.0G         0B       8.0G

             total       used       free     shared    buffers     cached
Mem:          2.0G       670M       1.3G       1.4M        38M       289M
-/+ buffers/cache:       342M       1.6G
Swap:         8.0G         0B       8.0G

             total       used       free     shared    buffers     cached
Mem:          2.0G       670M       1.3G       1.4M        38M       289M
-/+ buffers/cache:       342M       1.6G
Swap:         8.0G         0B       8.0G

             total       used       free     shared    buffers     cached
Mem:          2.0G       670M       1.3G       1.4M        38M       289M
-/+ buffers/cache:       342M       1.6G
Swap:         8.0G         0B       8.0G

             total       used       free     shared    buffers     cached
Mem:          2.0G       670M       1.3G       1.4M        38M       289M
-/+ buffers/cache:       342M       1.6G
Swap:         8.0G         0B       8.0G

             total       used       free     shared    buffers     cached
Mem:          2.0G       670M       1.3G       1.4M        38M       289M
-/+ buffers/cache:       342M       1.6G
Swap:         8.0G         0B       8.0G

             total       used       free     shared    buffers     cached
Mem:          2.0G       670M       1.3G       1.4M        38M       289M
-/+ buffers/cache:       342M       1.6G
Swap:         8.0G         0B       8.0G

             total       used       free     shared    buffers     cached
Mem:          2.0G       670M       1.3G       1.4M        38M       289M
-/+ buffers/cache:       342M       1.6G
Swap:         8.0G         0B       8.0G

             total       used       free     shared    buffers     cached
Mem:          2.0G       670M       1.3G       1.4M        38M       289M
-/+ buffers/cache:       342M       1.6G
Swap:         8.0G         0B       8.0G

             total       used       free     shared    buffers     cached
Mem:          2.0G       670M       1.3G       1.4M        38M       289M
-/+ buffers/cache:       342M       1.6G
Swap:         8.0G         0B       8.0G

             total       used       free     shared    buffers     cached
Mem:          2.0G       670M       1.3G       1.4M        38M       289M
-/+ buffers/cache:       342M       1.6G
Swap:         8.0G         0B       8.0G

             total       used       free     shared    buffers     cached
Mem:          2.0G       670M       1.3G       1.4M        38M       289M
-/+ buffers/cache:       342M       1.6G
Swap:         8.0G         0B       8.0G

             total       used       free     shared    buffers     cached
Mem:          2.0G       670M       1.3G       1.4M        38M       289M
-/+ buffers/cache:       342M       1.6G
Swap:         8.0G         0B       8.0G

             total       used       free     shared    buffers     cached
Mem:          2.0G       670M       1.3G       1.4M        38M       289M
-/+ buffers/cache:       342M       1.6G
Swap:         8.0G         0B       8.0G

             total       used       free     shared    buffers     cached
Mem:          2.0G       670M       1.3G       1.4M        38M       289M
-/+ buffers/cache:       342M       1.6G
Swap:         8.0G         0B       8.0G

             total       used       free     shared    buffers     cached
Mem:          2.0G       670M       1.3G       1.4M        38M       289M
-/+ buffers/cache:       342M       1.6G
Swap:         8.0G         0B       8.0G

             total       used       free     shared    buffers     cached
Mem:          2.0G       676M       1.3G       1.4M        38M       289M
-/+ buffers/cache:       348M       1.6G
Swap:         8.0G         0B       8.0G

             total       used       free     shared    buffers     cached
Mem:          2.0G       691M       1.3G       1.4M        38M       289M
-/+ buffers/cache:       363M       1.6G
Swap:         8.0G         0B       8.0G

             total       used       free     shared    buffers     cached
Mem:          2.0G       705M       1.3G       1.4M        38M       289M
-/+ buffers/cache:       377M       1.6G
Swap:         8.0G         0B       8.0G

             total       used       free     shared    buffers     cached
Mem:          2.0G       719M       1.3G       1.4M        38M       289M
-/+ buffers/cache:       391M       1.6G
Swap:         8.0G         0B       8.0G

             total       used       free     shared    buffers     cached
Mem:          2.0G       733M       1.2G       1.4M        38M       289M
-/+ buffers/cache:       405M       1.6G
Swap:         8.0G         0B       8.0G

             total       used       free     shared    buffers     cached
Mem:          2.0G       747M       1.2G       1.4M        38M       289M
-/+ buffers/cache:       419M       1.5G
Swap:         8.0G         0B       8.0G

             total       used       free     shared    buffers     cached
Mem:          2.0G       762M       1.2G       1.4M        38M       289M
-/+ buffers/cache:       433M       1.5G
Swap:         8.0G         0B       8.0G

             total       used       free     shared    buffers     cached
Mem:          2.0G       777M       1.2G       1.4M        38M       289M
-/+ buffers/cache:       448M       1.5G
Swap:         8.0G         0B       8.0G

             total       used       free     shared    buffers     cached
Mem:          2.0G       791M       1.2G       1.4M        38M       289M
-/+ buffers/cache:       463M       1.5G
Swap:         8.0G         0B       8.0G

             total       used       free     shared    buffers     cached
Mem:          2.0G       805M       1.2G       1.4M        38M       289M
-/+ buffers/cache:       477M       1.5G
Swap:         8.0G         0B       8.0G

             total       used       free     shared    buffers     cached
Mem:          2.0G       823M       1.1G       1.4M        38M       289M
-/+ buffers/cache:       495M       1.5G
Swap:         8.0G         0B       8.0G

             total       used       free     shared    buffers     cached
Mem:          2.0G       839M       1.1G       1.4M        38M       289M
-/+ buffers/cache:       511M       1.5G
Swap:         8.0G         0B       8.0G

             total       used       free     shared    buffers     cached
Mem:          2.0G       854M       1.1G       1.4M        38M       289M
-/+ buffers/cache:       526M       1.4G
Swap:         8.0G         0B       8.0G

             total       used       free     shared    buffers     cached
Mem:          2.0G       869M       1.1G       1.4M        38M       289M
-/+ buffers/cache:       541M       1.4G
Swap:         8.0G         0B       8.0G

             total       used       free     shared    buffers     cached
Mem:          2.0G       884M       1.1G       1.4M        38M       289M
-/+ buffers/cache:       556M       1.4G
Swap:         8.0G         0B       8.0G

             total       used       free     shared    buffers     cached
Mem:          2.0G       897M       1.1G       1.4M        38M       289M
-/+ buffers/cache:       569M       1.4G
Swap:         8.0G         0B       8.0G

             total       used       free     shared    buffers     cached
Mem:          2.0G       912M       1.1G       1.4M        38M       289M
-/+ buffers/cache:       584M       1.4G
Swap:         8.0G         0B       8.0G

             total       used       free     shared    buffers     cached
Mem:          2.0G       927M       1.0G       1.4M        38M       289M
-/+ buffers/cache:       599M       1.4G
Swap:         8.0G         0B       8.0G

             total       used       free     shared    buffers     cached
Mem:          2.0G       942M       1.0G       1.4M        38M       289M
-/+ buffers/cache:       614M       1.4G
Swap:         8.0G         0B       8.0G

             total       used       free     shared    buffers     cached
Mem:          2.0G       957M       1.0G       1.4M        38M       289M
-/+ buffers/cache:       629M       1.3G
Swap:         8.0G         0B       8.0G

             total       used       free     shared    buffers     cached
Mem:          2.0G       972M       1.0G       1.4M        38M       289M
-/+ buffers/cache:       644M       1.3G
Swap:         8.0G         0B       8.0G

             total       used       free     shared    buffers     cached
Mem:          2.0G       986M       1.0G       1.4M        38M       289M
-/+ buffers/cache:       658M       1.3G
Swap:         8.0G         0B       8.0G

             total       used       free     shared    buffers     cached
Mem:          2.0G       1.0G       998M       1.4M        38M       289M
-/+ buffers/cache:       673M       1.3G
Swap:         8.0G         0B       8.0G

             total       used       free     shared    buffers     cached
Mem:          2.0G       1.0G       982M       1.4M        38M       289M
-/+ buffers/cache:       689M       1.3G
Swap:         8.0G         0B       8.0G

             total       used       free     shared    buffers     cached
Mem:          2.0G       1.0G       967M       1.4M        38M       289M
-/+ buffers/cache:       704M       1.3G
Swap:         8.0G         0B       8.0G

             total       used       free     shared    buffers     cached
Mem:          2.0G       1.0G       952M       1.4M        38M       289M
-/+ buffers/cache:       719M       1.3G
Swap:         8.0G         0B       8.0G

             total       used       free     shared    buffers     cached
Mem:          2.0G       1.0G       937M       1.4M        38M       289M
-/+ buffers/cache:       734M       1.2G
Swap:         8.0G         0B       8.0G

             total       used       free     shared    buffers     cached
Mem:          2.0G       1.1G       922M       1.4M        38M       289M
-/+ buffers/cache:       749M       1.2G
Swap:         8.0G         0B       8.0G

             total       used       free     shared    buffers     cached
Mem:          2.0G       1.1G       908M       1.4M        38M       289M
-/+ buffers/cache:       763M       1.2G
Swap:         8.0G         0B       8.0G

             total       used       free     shared    buffers     cached
Mem:          2.0G       1.1G       893M       1.4M        38M       289M
-/+ buffers/cache:       777M       1.2G
Swap:         8.0G         0B       8.0G

             total       used       free     shared    buffers     cached
Mem:          2.0G       1.1G       880M       1.4M        38M       289M
-/+ buffers/cache:       791M       1.2G
Swap:         8.0G         0B       8.0G

             total       used       free     shared    buffers     cached
Mem:          2.0G       1.1G       869M       1.4M        38M       289M
-/+ buffers/cache:       802M       1.2G
Swap:         8.0G         0B       8.0G

             total       used       free     shared    buffers     cached
Mem:          2.0G       1.1G       855M       1.4M        38M       289M
-/+ buffers/cache:       816M       1.2G
Swap:         8.0G         0B       8.0G

             total       used       free     shared    buffers     cached
Mem:          2.0G       1.1G       839M       1.4M        38M       289M
-/+ buffers/cache:       831M       1.1G
Swap:         8.0G         0B       8.0G

             total       used       free     shared    buffers     cached
Mem:          2.0G       1.1G       825M       1.4M        38M       289M
-/+ buffers/cache:       846M       1.1G
Swap:         8.0G         0B       8.0G

             total       used       free     shared    buffers     cached
Mem:          2.0G       1.2G       810M       1.4M        38M       289M
-/+ buffers/cache:       861M       1.1G
Swap:         8.0G         0B       8.0G

             total       used       free     shared    buffers     cached
Mem:          2.0G       1.2G       794M       1.4M        38M       290M
-/+ buffers/cache:       876M       1.1G
Swap:         8.0G         0B       8.0G

             total       used       free     shared    buffers     cached
Mem:          2.0G       1.2G       779M       1.4M        38M       290M
-/+ buffers/cache:       891M       1.1G
Swap:         8.0G         0B       8.0G

             total       used       free     shared    buffers     cached
Mem:          2.0G       1.2G       763M       1.4M        38M       290M
-/+ buffers/cache:       907M       1.1G
Swap:         8.0G         0B       8.0G

             total       used       free     shared    buffers     cached
Mem:          2.0G       1.2G       749M       1.4M        38M       290M
-/+ buffers/cache:       921M       1.1G
Swap:         8.0G         0B       8.0G

             total       used       free     shared    buffers     cached
Mem:          2.0G       1.2G       734M       1.4M        38M       290M
-/+ buffers/cache:       936M       1.0G
Swap:         8.0G         0B       8.0G

             total       used       free     shared    buffers     cached
Mem:          2.0G       1.3G       719M       1.4M        38M       290M
-/+ buffers/cache:       951M       1.0G
Swap:         8.0G         0B       8.0G

             total       used       free     shared    buffers     cached
Mem:          2.0G       1.3G       705M       1.4M        38M       290M
-/+ buffers/cache:       965M       1.0G
Swap:         8.0G         0B       8.0G

             total       used       free     shared    buffers     cached
Mem:          2.0G       1.3G       688M       1.4M        38M       290M
-/+ buffers/cache:       982M       1.0G
Swap:         8.0G         0B       8.0G

             total       used       free     shared    buffers     cached
Mem:          2.0G       1.3G       673M       1.4M        38M       290M
-/+ buffers/cache:       997M       1.0G
Swap:         8.0G         0B       8.0G

             total       used       free     shared    buffers     cached
Mem:          2.0G       1.3G       658M       1.4M        38M       290M
-/+ buffers/cache:       1.0G       987M
Swap:         8.0G         0B       8.0G

             total       used       free     shared    buffers     cached
Mem:          2.0G       1.3G       643M       1.4M        38M       290M
-/+ buffers/cache:       1.0G       972M
Swap:         8.0G         0B       8.0G

             total       used       free     shared    buffers     cached
Mem:          2.0G       1.3G       628M       1.4M        38M       290M
-/+ buffers/cache:       1.0G       957M
Swap:         8.0G         0B       8.0G

             total       used       free     shared    buffers     cached
Mem:          2.0G       1.4G       613M       1.4M        38M       290M
-/+ buffers/cache:       1.0G       942M
Swap:         8.0G         0B       8.0G

             total       used       free     shared    buffers     cached
Mem:          2.0G       1.4G       598M       1.4M        38M       290M
-/+ buffers/cache:       1.0G       927M
Swap:         8.0G         0B       8.0G

             total       used       free     shared    buffers     cached
Mem:          2.0G       1.4G       584M       1.4M        38M       290M
-/+ buffers/cache:       1.1G       913M
Swap:         8.0G         0B       8.0G

             total       used       free     shared    buffers     cached
Mem:          2.0G       1.4G       569M       1.4M        38M       290M
-/+ buffers/cache:       1.1G       898M
Swap:         8.0G         0B       8.0G

             total       used       free     shared    buffers     cached
Mem:          2.0G       1.4G       554M       1.4M        38M       290M
-/+ buffers/cache:       1.1G       883M
Swap:         8.0G         0B       8.0G

             total       used       free     shared    buffers     cached
Mem:          2.0G       1.4G       539M       1.4M        38M       290M
-/+ buffers/cache:       1.1G       868M
Swap:         8.0G         0B       8.0G

             total       used       free     shared    buffers     cached
Mem:          2.0G       1.4G       525M       1.4M        38M       290M
-/+ buffers/cache:       1.1G       854M
Swap:         8.0G         0B       8.0G

             total       used       free     shared    buffers     cached
Mem:          2.0G       1.5G       509M       1.4M        38M       290M
-/+ buffers/cache:       1.1G       838M
Swap:         8.0G         0B       8.0G

             total       used       free     shared    buffers     cached
Mem:          2.0G       1.5G       493M       1.4M        38M       290M
-/+ buffers/cache:       1.1G       822M
Swap:         8.0G         0B       8.0G

             total       used       free     shared    buffers     cached
Mem:          2.0G       1.5G       478M       1.4M        38M       290M
-/+ buffers/cache:       1.2G       807M
Swap:         8.0G         0B       8.0G

             total       used       free     shared    buffers     cached
Mem:          2.0G       1.5G       462M       1.4M        38M       290M
-/+ buffers/cache:       1.2G       791M
Swap:         8.0G         0B       8.0G

             total       used       free     shared    buffers     cached
Mem:          2.0G       1.5G       446M       1.4M        38M       290M
-/+ buffers/cache:       1.2G       775M
Swap:         8.0G         0B       8.0G

             total       used       free     shared    buffers     cached
Mem:          2.0G       1.5G       433M       1.4M        38M       290M
-/+ buffers/cache:       1.2G       762M
Swap:         8.0G         0B       8.0G

             total       used       free     shared    buffers     cached
Mem:          2.0G       1.5G       426M       1.4M        38M       290M
-/+ buffers/cache:       1.2G       755M
Swap:         8.0G         0B       8.0G

             total       used       free     shared    buffers     cached
Mem:          2.0G       1.5G       415M       1.4M        38M       290M
-/+ buffers/cache:       1.2G       744M
Swap:         8.0G         0B       8.0G

             total       used       free     shared    buffers     cached
Mem:          2.0G       1.6G       400M       1.4M        38M       290M
-/+ buffers/cache:       1.2G       729M
Swap:         8.0G         0B       8.0G

             total       used       free     shared    buffers     cached
Mem:          2.0G       1.6G       385M       1.4M        38M       290M
-/+ buffers/cache:       1.3G       714M
Swap:         8.0G         0B       8.0G

             total       used       free     shared    buffers     cached
Mem:          2.0G       1.6G       370M       1.4M        38M       290M
-/+ buffers/cache:       1.3G       699M
Swap:         8.0G         0B       8.0G

             total       used       free     shared    buffers     cached
Mem:          2.0G       1.6G       356M       1.4M        38M       290M
-/+ buffers/cache:       1.3G       685M
Swap:         8.0G         0B       8.0G

             total       used       free     shared    buffers     cached
Mem:          2.0G       1.6G       341M       1.4M        38M       290M
-/+ buffers/cache:       1.3G       670M
Swap:         8.0G         0B       8.0G

             total       used       free     shared    buffers     cached
Mem:          2.0G       1.6G       325M       1.4M        38M       290M
-/+ buffers/cache:       1.3G       654M
Swap:         8.0G         0B       8.0G

             total       used       free     shared    buffers     cached
Mem:          2.0G       1.7G       310M       1.4M        38M       290M
-/+ buffers/cache:       1.3G       639M
Swap:         8.0G         0B       8.0G

             total       used       free     shared    buffers     cached
Mem:          2.0G       1.7G       295M       1.4M        38M       290M
-/+ buffers/cache:       1.3G       624M
Swap:         8.0G         0B       8.0G

             total       used       free     shared    buffers     cached
Mem:          2.0G       1.7G       281M       1.4M        38M       290M
-/+ buffers/cache:       1.4G       610M
Swap:         8.0G         0B       8.0G

             total       used       free     shared    buffers     cached
Mem:          2.0G       1.7G       266M       1.4M        38M       290M
-/+ buffers/cache:       1.4G       595M
Swap:         8.0G         0B       8.0G

             total       used       free     shared    buffers     cached
Mem:          2.0G       1.7G       252M       1.4M        38M       290M
-/+ buffers/cache:       1.4G       581M
Swap:         8.0G         0B       8.0G

             total       used       free     shared    buffers     cached
Mem:          2.0G       1.7G       236M       1.4M        38M       290M
-/+ buffers/cache:       1.4G       565M
Swap:         8.0G         0B       8.0G

             total       used       free     shared    buffers     cached
Mem:          2.0G       1.7G       220M       1.4M        38M       290M
-/+ buffers/cache:       1.4G       549M
Swap:         8.0G         0B       8.0G

             total       used       free     shared    buffers     cached
Mem:          2.0G       1.8G       204M       1.4M        38M       290M
-/+ buffers/cache:       1.4G       533M
Swap:         8.0G         0B       8.0G

             total       used       free     shared    buffers     cached
Mem:          2.0G       1.8G       188M       1.4M        38M       290M
-/+ buffers/cache:       1.4G       517M
Swap:         8.0G         0B       8.0G

             total       used       free     shared    buffers     cached
Mem:          2.0G       1.8G       171M       1.4M        38M       290M
-/+ buffers/cache:       1.5G       500M
Swap:         8.0G         0B       8.0G

             total       used       free     shared    buffers     cached
Mem:          2.0G       1.8G       156M       1.4M        38M       290M
-/+ buffers/cache:       1.5G       485M
Swap:         8.0G         0B       8.0G

             total       used       free     shared    buffers     cached
Mem:          2.0G       1.8G       141M       1.4M        38M       290M
-/+ buffers/cache:       1.5G       470M
Swap:         8.0G         0B       8.0G

             total       used       free     shared    buffers     cached
Mem:          2.0G       1.8G       125M       1.4M        38M       290M
-/+ buffers/cache:       1.5G       454M
Swap:         8.0G         0B       8.0G

             total       used       free     shared    buffers     cached
Mem:          2.0G       1.8G       109M       1.4M        38M       290M
-/+ buffers/cache:       1.5G       438M
Swap:         8.0G         0B       8.0G

             total       used       free     shared    buffers     cached
Mem:          2.0G       1.9G        93M       1.4M        38M       290M
-/+ buffers/cache:       1.5G       422M
Swap:         8.0G         0B       8.0G

             total       used       free     shared    buffers     cached
Mem:          2.0G       1.9G        78M       1.4M        38M       290M
-/+ buffers/cache:       1.6G       407M
Swap:         8.0G         0B       8.0G

             total       used       free     shared    buffers     cached
Mem:          2.0G       1.9G        73M       1.4M        28M       288M
-/+ buffers/cache:       1.6G       390M
Swap:         8.0G         0B       8.0G

             total       used       free     shared    buffers     cached
Mem:          2.0G       1.9G        81M       1.4M        10M       283M
-/+ buffers/cache:       1.6G       375M
Swap:         8.0G         0B       8.0G

             total       used       free     shared    buffers     cached
Mem:          2.0G       1.9G        66M       1.4M        10M       283M
-/+ buffers/cache:       1.6G       360M
Swap:         8.0G         0B       8.0G

             total       used       free     shared    buffers     cached
Mem:          2.0G       1.9G        69M       1.4M        10M       266M
-/+ buffers/cache:       1.6G       346M
Swap:         8.0G       108K       8.0G

             total       used       free     shared    buffers     cached
Mem:          2.0G       1.9G        74M       1.3M       9.8M       248M
-/+ buffers/cache:       1.6G       332M
Swap:         8.0G       592K       8.0G

             total       used       free     shared    buffers     cached
Mem:          2.0G       1.9G        77M       1.1M       9.8M       233M
-/+ buffers/cache:       1.6G       320M
Swap:         8.0G       5.8M       8.0G

             total       used       free     shared    buffers     cached
Mem:          2.0G       1.9G        82M       1.1M       9.8M       218M
-/+ buffers/cache:       1.7G       310M
Swap:         8.0G        11M       8.0G

             total       used       free     shared    buffers     cached
Mem:          2.0G       1.9G        77M       1.1M       9.8M       208M
-/+ buffers/cache:       1.7G       296M
Swap:         8.0G        11M       8.0G

             total       used       free     shared    buffers     cached
Mem:          2.0G       1.9G        62M       1.1M       9.8M       208M
-/+ buffers/cache:       1.7G       281M
Swap:         8.0G        11M       8.0G

             total       used       free     shared    buffers     cached
Mem:          2.0G       1.9G        63M       1.1M       3.2M       201M
-/+ buffers/cache:       1.7G       268M
Swap:         8.0G        11M       8.0G

             total       used       free     shared    buffers     cached
Mem:          2.0G       1.9G        66M       1.1M       1.1M       186M
-/+ buffers/cache:       1.7G       253M
Swap:         8.0G        11M       8.0G

             total       used       free     shared    buffers     cached
Mem:          2.0G       1.9G        74M       1.1M       328K       164M
-/+ buffers/cache:       1.7G       239M
Swap:         8.0G        11M       8.0G

             total       used       free     shared    buffers     cached
Mem:          2.0G       1.9G        79M       1.1M       324K       145M
-/+ buffers/cache:       1.7G       225M
Swap:         8.0G        11M       8.0G

             total       used       free     shared    buffers     cached
Mem:          2.0G       1.9G        65M       1.1M       332K       145M
-/+ buffers/cache:       1.7G       211M
Swap:         8.0G        11M       8.0G

             total       used       free     shared    buffers     cached
Mem:          2.0G       1.9G        69M       1.1M        80K       128M
-/+ buffers/cache:       1.8G       197M
Swap:         8.0G        11M       8.0G

             total       used       free     shared    buffers     cached
Mem:          2.0G       1.9G        68M       1.1M        80K       115M
-/+ buffers/cache:       1.8G       183M
Swap:         8.0G        11M       8.0G

             total       used       free     shared    buffers     cached
Mem:          2.0G       1.9G        67M       1.1M        84K       101M
-/+ buffers/cache:       1.8G       169M
Swap:         8.0G        11M       8.0G

             total       used       free     shared    buffers     cached
Mem:          2.0G       1.9G        66M       1.1M       112K        89M
-/+ buffers/cache:       1.8G       156M
Swap:         8.0G        11M       8.0G

             total       used       free     shared    buffers     cached
Mem:          2.0G       1.9G        72M       1.1M       120K        70M
-/+ buffers/cache:       1.8G       143M
Swap:         8.0G        11M       8.0G

             total       used       free     shared    buffers     cached
Mem:          2.0G       1.9G        75M       1.1M       120K        55M
-/+ buffers/cache:       1.8G       130M
Swap:         8.0G        11M       8.0G

             total       used       free     shared    buffers     cached
Mem:          2.0G       1.9G        74M       1.1M       120K        42M
-/+ buffers/cache:       1.8G       116M
Swap:         8.0G        11M       8.0G

             total       used       free     shared    buffers     cached
Mem:          2.0G       1.9G        77M       1.1M       532K        24M
-/+ buffers/cache:       1.9G       102M
Swap:         8.0G        11M       8.0G

             total       used       free     shared    buffers     cached
Mem:          2.0G       1.9G        76M       1.1M       532K        12M
-/+ buffers/cache:       1.9G        88M
Swap:         8.0G        11M       8.0G

             total       used       free     shared    buffers     cached
Mem:          2.0G       1.9G        65M       1.1M       532K       9.6M
-/+ buffers/cache:       1.9G        75M
Swap:         8.0G        11M       8.0G

             total       used       free     shared    buffers     cached
Mem:          2.0G       1.9G        66M       972K       448K       3.9M
-/+ buffers/cache:       1.9G        70M
Swap:         8.0G        24M       8.0G

             total       used       free     shared    buffers     cached
Mem:          2.0G       1.9G        72M       676K       364K       2.6M
-/+ buffers/cache:       1.9G        75M
Swap:         8.0G        43M       8.0G

             total       used       free     shared    buffers     cached
Mem:          2.0G       1.9G        80M       676K       364K       2.3M
-/+ buffers/cache:       1.9G        83M
Swap:         8.0G        67M       7.9G

             total       used       free     shared    buffers     cached
Mem:          2.0G       1.9G        66M       672K       364K       2.3M
-/+ buffers/cache:       1.9G        69M
Swap:         8.0G        67M       7.9G

             total       used       free     shared    buffers     cached
Mem:          2.0G       1.9G        66M       644K       364K       2.3M
-/+ buffers/cache:       1.9G        69M
Swap:         8.0G        86M       7.9G

             total       used       free     shared    buffers     cached
Mem:          2.0G       1.9G        82M       636K       372K       2.3M
-/+ buffers/cache:       1.9G        85M
Swap:         8.0G       110M       7.9G

             total       used       free     shared    buffers     cached
Mem:          2.0G       1.9G        67M       636K       372K       2.3M
-/+ buffers/cache:       1.9G        70M
Swap:         8.0G       110M       7.9G

             total       used       free     shared    buffers     cached
Mem:          2.0G       1.9G        69M       636K       364K       2.2M
-/+ buffers/cache:       1.9G        72M
Swap:         8.0G       126M       7.9G

             total       used       free     shared    buffers     cached
Mem:          2.0G       1.9G        70M       636K       364K       2.2M
-/+ buffers/cache:       1.9G        73M
Swap:         8.0G       151M       7.8G

             total       used       free     shared    buffers     cached
Mem:          2.0G       1.9G        71M       632K       364K       2.2M
-/+ buffers/cache:       1.9G        73M
Swap:         8.0G       155M       7.8G

             total       used       free     shared    buffers     cached
Mem:          2.0G       1.9G        74M       560K       356K       2.1M
-/+ buffers/cache:       1.9G        77M
Swap:         8.0G       186M       7.8G

             total       used       free     shared    buffers     cached
Mem:          2.0G       1.9G        75M       560K       356K       2.1M
-/+ buffers/cache:       1.9G        78M
Swap:         8.0G       186M       7.8G

             total       used       free     shared    buffers     cached
Mem:          2.0G       1.9G        82M       560K       320K       2.1M
-/+ buffers/cache:       1.9G        84M
Swap:         8.0G       222M       7.8G

             total       used       free     shared    buffers     cached
Mem:          2.0G       1.9G        73M       556K       320K       2.2M
-/+ buffers/cache:       1.9G        76M
Swap:         8.0G       222M       7.8G

             total       used       free     shared    buffers     cached
Mem:          2.0G       1.9G        67M       556K       320K       2.2M
-/+ buffers/cache:       1.9G        70M
Swap:         8.0G       222M       7.8G

             total       used       free     shared    buffers     cached
Mem:          2.0G       1.9G        82M       556K       328K       2.2M
-/+ buffers/cache:       1.9G        84M
Swap:         8.0G       222M       7.8G

             total       used       free     shared    buffers     cached
Mem:          2.0G       1.9G        67M       556K       328K       2.2M
-/+ buffers/cache:       1.9G        69M
Swap:         8.0G       222M       7.8G

             total       used       free     shared    buffers     cached
Mem:          2.0G       1.9G        70M       532K       264K       2.2M
-/+ buffers/cache:       1.9G        72M
Swap:         8.0G       244M       7.8G

             total       used       free     shared    buffers     cached
Mem:          2.0G       1.9G        96M       532K       264K       2.2M
-/+ buffers/cache:       1.9G        98M
Swap:         8.0G       311M       7.7G

             total       used       free     shared    buffers     cached
Mem:          2.0G       1.9G        85M       532K       264K       2.2M
-/+ buffers/cache:       1.9G        88M
Swap:         8.0G       311M       7.7G

             total       used       free     shared    buffers     cached
Mem:          2.0G       1.9G        75M       532K       264K       2.2M
-/+ buffers/cache:       1.9G        77M
Swap:         8.0G       311M       7.7G

             total       used       free     shared    buffers     cached
Mem:          2.0G       1.9G        71M       532K       272K       2.2M
-/+ buffers/cache:       1.9G        74M
Swap:         8.0G       311M       7.7G

             total       used       free     shared    buffers     cached
Mem:          2.0G       1.9G        71M       532K       272K       2.2M
-/+ buffers/cache:       1.9G        73M
Swap:         8.0G       310M       7.7G

             total       used       free     shared    buffers     cached
Mem:          2.0G       1.9G        70M       532K       276K       2.2M
-/+ buffers/cache:       1.9G        73M
Swap:         8.0G       310M       7.7G

             total       used       free     shared    buffers     cached
Mem:          2.0G       1.9G        70M       532K       276K       2.2M
-/+ buffers/cache:       1.9G        72M
Swap:         8.0G       309M       7.7G

             total       used       free     shared    buffers     cached
Mem:          2.0G       1.9G        69M       532K       276K       2.2M
-/+ buffers/cache:       1.9G        71M
Swap:         8.0G       308M       7.7G

             total       used       free     shared    buffers     cached
Mem:          2.0G       1.9G        68M       532K       284K       2.2M
-/+ buffers/cache:       1.9G        71M
Swap:         8.0G       308M       7.7G

             total       used       free     shared    buffers     cached
Mem:          2.0G       1.9G        68M       532K       284K       2.2M
-/+ buffers/cache:       1.9G        70M
Swap:         8.0G       307M       7.7G

             total       used       free     shared    buffers     cached
Mem:          2.0G       1.9G        67M       532K       284K       2.2M
-/+ buffers/cache:       1.9G        70M
Swap:         8.0G       307M       7.7G

             total       used       free     shared    buffers     cached
Mem:          2.0G       1.9G        67M       532K       284K       2.2M
-/+ buffers/cache:       1.9G        69M
Swap:         8.0G       306M       7.7G

             total       used       free     shared    buffers     cached
Mem:          2.0G       1.9G        66M       532K       284K       2.2M
-/+ buffers/cache:       1.9G        69M
Swap:         8.0G       306M       7.7G

             total       used       free     shared    buffers     cached
Mem:          2.0G       1.9G        66M       532K       292K       2.2M
-/+ buffers/cache:       1.9G        68M
Swap:         8.0G       305M       7.7G

             total       used       free     shared    buffers     cached
Mem:          2.0G       1.9G        65M       532K       292K       2.3M
-/+ buffers/cache:       1.9G        68M
Swap:         8.0G       305M       7.7G

             total       used       free     shared    buffers     cached
Mem:          2.0G       1.9G        68M       532K       232K        25M
-/+ buffers/cache:       1.9G        94M
Swap:         8.0G       329M       7.7G

             total       used       free     shared    buffers     cached
Mem:          2.0G       1.9G        84M       536K       232K        21M
-/+ buffers/cache:       1.8G       106M
Swap:         8.0G       336M       7.7G

             total       used       free     shared    buffers     cached
Mem:          2.0G       1.9G        81M       536K       232K        23M
-/+ buffers/cache:       1.9G       104M
Swap:         8.0G       335M       7.7G

             total       used       free     shared    buffers     cached
Mem:          2.0G       1.9G        80M       536K       232K        23M
-/+ buffers/cache:       1.9G       104M
Swap:         8.0G       335M       7.7G

             total       used       free     shared    buffers     cached
Mem:          2.0G       1.9G        79M       536K       260K        23M
-/+ buffers/cache:       1.9G       103M
Swap:         8.0G       334M       7.7G

             total       used       free     shared    buffers     cached
Mem:          2.0G       1.9G        77M       536K       544K        24M
-/+ buffers/cache:       1.9G       102M
Swap:         8.0G       334M       7.7G

             total       used       free     shared    buffers     cached
Mem:          2.0G       1.9G        65M       536K       552K        33M
-/+ buffers/cache:       1.9G        99M
Swap:         8.0G       332M       7.7G

             total       used       free     shared    buffers     cached
Mem:          2.0G       1.9G        76M       536K       548K        30M
-/+ buffers/cache:       1.8G       107M
Swap:         8.0G       339M       7.7G

             total       used       free     shared    buffers     cached
Mem:          2.0G       1.9G        74M       536K       864K        31M
-/+ buffers/cache:       1.8G       106M
Swap:         8.0G       338M       7.7G

             total       used       free     shared    buffers     cached
Mem:          2.0G       1.9G        74M       536K       864K        31M
-/+ buffers/cache:       1.8G       106M
Swap:         8.0G       338M       7.7G

             total       used       free     shared    buffers     cached
Mem:          2.0G       1.9G        73M       536K       872K        31M
-/+ buffers/cache:       1.9G       105M
Swap:         8.0G       337M       7.7G

             total       used       free     shared    buffers     cached
Mem:          2.0G       1.9G        72M       536K       872K        31M
-/+ buffers/cache:       1.9G       104M
Swap:         8.0G       337M       7.7G

             total       used       free     shared    buffers     cached
Mem:          2.0G       1.9G        71M       536K       872K        31M
-/+ buffers/cache:       1.9G       103M
Swap:         8.0G       337M       7.7G

             total       used       free     shared    buffers     cached
Mem:          2.0G       1.9G        70M       536K       872K        31M
-/+ buffers/cache:       1.9G       102M
Swap:         8.0G       336M       7.7G

             total       used       free     shared    buffers     cached
Mem:          2.0G       1.9G        69M       536K       872K        31M
-/+ buffers/cache:       1.9G       102M
Swap:         8.0G       336M       7.7G

             total       used       free     shared    buffers     cached
Mem:          2.0G       1.9G        69M       536K       880K        31M
-/+ buffers/cache:       1.9G       101M
Swap:         8.0G       335M       7.7G

             total       used       free     shared    buffers     cached
Mem:          2.0G       1.9G        68M       536K       880K        31M
-/+ buffers/cache:       1.9G       100M
Swap:         8.0G       335M       7.7G

             total       used       free     shared    buffers     cached
Mem:          2.0G       1.9G        67M       536K       880K        31M
-/+ buffers/cache:       1.9G        99M
Swap:         8.0G       334M       7.7G

             total       used       free     shared    buffers     cached
Mem:          2.0G       1.9G        67M       536K       880K        31M
-/+ buffers/cache:       1.9G        99M
Swap:         8.0G       334M       7.7G

             total       used       free     shared    buffers     cached
Mem:          2.0G       1.9G        66M       536K       880K        31M
-/+ buffers/cache:       1.9G        98M
Swap:         8.0G       333M       7.7G

             total       used       free     shared    buffers     cached
Mem:          2.0G       1.9G        65M       536K       880K        31M
-/+ buffers/cache:       1.9G        97M
Swap:         8.0G       333M       7.7G

             total       used       free     shared    buffers     cached
Mem:          2.0G       1.9G        64M       536K       888K        31M
-/+ buffers/cache:       1.9G        96M
Swap:         8.0G       333M       7.7G

             total       used       free     shared    buffers     cached
Mem:          2.0G       1.9G        82M       536K       872K        29M
-/+ buffers/cache:       1.8G       113M
Swap:         8.0G       357M       7.6G

             total       used       free     shared    buffers     cached
Mem:          2.0G       1.9G        81M       536K       872K        29M
-/+ buffers/cache:       1.8G       112M
Swap:         8.0G       357M       7.6G

             total       used       free     shared    buffers     cached
Mem:          2.0G       1.9G        80M       536K       872K        29M
-/+ buffers/cache:       1.8G       111M
Swap:         8.0G       356M       7.6G

             total       used       free     shared    buffers     cached
Mem:          2.0G       1.9G        80M       536K       872K        29M
-/+ buffers/cache:       1.8G       110M
Swap:         8.0G       356M       7.6G

             total       used       free     shared    buffers     cached
Mem:          2.0G       1.9G        79M       536K       880K        29M
-/+ buffers/cache:       1.8G       110M
Swap:         8.0G       355M       7.6G

             total       used       free     shared    buffers     cached
Mem:          2.0G       1.9G        78M       536K       880K        29M
-/+ buffers/cache:       1.8G       109M
Swap:         8.0G       355M       7.7G

             total       used       free     shared    buffers     cached
Mem:          2.0G       1.9G        77M       536K       880K        29M
-/+ buffers/cache:       1.8G       108M
Swap:         8.0G       354M       7.7G

             total       used       free     shared    buffers     cached
Mem:          2.0G       1.9G        77M       536K       880K        29M
-/+ buffers/cache:       1.8G       107M
Swap:         8.0G       354M       7.7G

             total       used       free     shared    buffers     cached
Mem:          2.0G       1.9G        76M       536K       880K        29M
-/+ buffers/cache:       1.8G       107M
Swap:         8.0G       353M       7.7G

             total       used       free     shared    buffers     cached
Mem:          2.0G       1.9G        75M       536K       880K        29M
-/+ buffers/cache:       1.8G       106M
Swap:         8.0G       353M       7.7G

             total       used       free     shared    buffers     cached
Mem:          2.0G       1.9G        74M       536K       888K        29M
-/+ buffers/cache:       1.9G       105M
Swap:         8.0G       352M       7.7G

             total       used       free     shared    buffers     cached
Mem:          2.0G       1.9G        73M       536K       888K        29M
-/+ buffers/cache:       1.9G       104M
Swap:         8.0G       352M       7.7G

             total       used       free     shared    buffers     cached
Mem:          2.0G       1.9G        72M       536K       888K        29M
-/+ buffers/cache:       1.9G       103M
Swap:         8.0G       351M       7.7G

             total       used       free     shared    buffers     cached
Mem:          2.0G       1.9G        72M       536K       888K        29M
-/+ buffers/cache:       1.9G       102M
Swap:         8.0G       351M       7.7G

             total       used       free     shared    buffers     cached
Mem:          2.0G       1.9G        71M       536K       888K        29M
-/+ buffers/cache:       1.9G       102M
Swap:         8.0G       350M       7.7G

             total       used       free     shared    buffers     cached
Mem:          2.0G       1.9G        70M       536K       896K        29M
-/+ buffers/cache:       1.9G       101M
Swap:         8.0G       350M       7.7G

             total       used       free     shared    buffers     cached
Mem:          2.0G       1.9G        69M       536K       896K        29M
-/+ buffers/cache:       1.9G       100M
Swap:         8.0G       349M       7.7G

             total       used       free     shared    buffers     cached
Mem:          2.0G       1.9G        69M       536K       896K        29M
-/+ buffers/cache:       1.9G        99M
Swap:         8.0G       349M       7.7G

             total       used       free     shared    buffers     cached
Mem:          2.0G       1.9G        67M       536K       896K        29M
-/+ buffers/cache:       1.9G        98M
Swap:         8.0G       348M       7.7G

             total       used       free     shared    buffers     cached
Mem:          2.0G       1.9G        67M       536K       896K        29M
-/+ buffers/cache:       1.9G        98M
Swap:         8.0G       348M       7.7G

             total       used       free     shared    buffers     cached
Mem:          2.0G       1.9G        66M       536K       896K        29M
-/+ buffers/cache:       1.9G        97M
Swap:         8.0G       347M       7.7G

             total       used       free     shared    buffers     cached
Mem:          2.0G       1.9G        65M       536K       904K        29M
-/+ buffers/cache:       1.9G        96M
Swap:         8.0G       347M       7.7G

             total       used       free     shared    buffers     cached
Mem:          2.0G       1.9G        76M       536K       888K        29M
-/+ buffers/cache:       1.8G       106M
Swap:         8.0G       348M       7.7G

             total       used       free     shared    buffers     cached
Mem:          2.0G       1.9G        76M       536K       888K        29M
-/+ buffers/cache:       1.8G       106M
Swap:         8.0G       348M       7.7G

             total       used       free     shared    buffers     cached
Mem:          2.0G       1.9G        75M       536K       888K        29M
-/+ buffers/cache:       1.9G       105M
Swap:         8.0G       347M       7.7G

             total       used       free     shared    buffers     cached
Mem:          2.0G       1.9G        74M       536K       888K        29M
-/+ buffers/cache:       1.9G       104M
Swap:         8.0G       347M       7.7G

             total       used       free     shared    buffers     cached
Mem:          2.0G       1.9G        73M       536K       896K        29M
-/+ buffers/cache:       1.9G       103M
Swap:         8.0G       346M       7.7G

             total       used       free     shared    buffers     cached
Mem:          2.0G       1.9G        72M       536K       896K        29M
-/+ buffers/cache:       1.9G       103M
Swap:         8.0G       346M       7.7G

             total       used       free     shared    buffers     cached
Mem:          2.0G       1.9G        71M       536K       896K        29M
-/+ buffers/cache:       1.9G       102M
Swap:         8.0G       345M       7.7G

             total       used       free     shared    buffers     cached
Mem:          2.0G       1.9G        70M       536K       896K        29M
-/+ buffers/cache:       1.9G       101M
Swap:         8.0G       345M       7.7G

             total       used       free     shared    buffers     cached
Mem:          2.0G       1.9G        70M       536K       896K        29M
-/+ buffers/cache:       1.9G       100M
Swap:         8.0G       344M       7.7G

             total       used       free     shared    buffers     cached
Mem:          2.0G       1.9G        69M       536K       896K        29M
-/+ buffers/cache:       1.9G        99M
Swap:         8.0G       344M       7.7G

             total       used       free     shared    buffers     cached
Mem:          2.0G       1.9G        68M       536K       904K        29M
-/+ buffers/cache:       1.9G        98M
Swap:         8.0G       343M       7.7G

             total       used       free     shared    buffers     cached
Mem:          2.0G       1.9G        67M       536K       904K        29M
-/+ buffers/cache:       1.9G        98M
Swap:         8.0G       343M       7.7G

             total       used       free     shared    buffers     cached
Mem:          2.0G       1.9G        66M       536K       904K        29M
-/+ buffers/cache:       1.9G        97M
Swap:         8.0G       342M       7.7G

             total       used       free     shared    buffers     cached
Mem:          2.0G       1.9G        65M       536K       904K        29M
-/+ buffers/cache:       1.9G        96M
Swap:         8.0G       342M       7.7G

             total       used       free     shared    buffers     cached
Mem:          2.0G       1.9G        78M       536K       1.0M        29M
-/+ buffers/cache:       1.8G       108M
Swap:         8.0G       363M       7.6G

             total       used       free     shared    buffers     cached
Mem:          2.0G       1.9G        77M       540K       1.0M        29M
-/+ buffers/cache:       1.8G       107M
Swap:         8.0G       363M       7.6G

             total       used       free     shared    buffers     cached
Mem:          2.0G       1.9G        76M       540K       1.0M        29M
-/+ buffers/cache:       1.8G       106M
Swap:         8.0G       362M       7.6G

             total       used       free     shared    buffers     cached
Mem:          2.0G       1.9G        75M       540K       1.0M        29M
-/+ buffers/cache:       1.8G       106M
Swap:         8.0G       362M       7.6G

             total       used       free     shared    buffers     cached
Mem:          2.0G       1.9G        68M       540K       1.0M        31M
-/+ buffers/cache:       1.9G       100M
Swap:         8.0G       359M       7.6G

             total       used       free     shared    buffers     cached
Mem:          2.0G       1.9G        67M       540K       1.0M        31M
-/+ buffers/cache:       1.9G       100M
Swap:         8.0G       359M       7.6G

             total       used       free     shared    buffers     cached
Mem:          2.0G       1.9G        72M       540K       912K        32M
-/+ buffers/cache:       1.8G       106M
Swap:         8.0G       361M       7.6G

             total       used       free     shared    buffers     cached
Mem:          2.0G       1.9G        72M       540K       920K        32M
-/+ buffers/cache:       1.9G       105M
Swap:         8.0G       361M       7.6G

             total       used       free     shared    buffers     cached
Mem:          2.0G       1.9G        71M       540K       920K        32M
-/+ buffers/cache:       1.9G       104M
Swap:         8.0G       360M       7.6G

             total       used       free     shared    buffers     cached
Mem:          2.0G       1.9G        70M       540K       920K        32M
-/+ buffers/cache:       1.9G       104M
Swap:         8.0G       360M       7.6G

             total       used       free     shared    buffers     cached
Mem:          2.0G       1.9G        70M       540K       920K        32M
-/+ buffers/cache:       1.9G       103M
Swap:         8.0G       360M       7.6G

             total       used       free     shared    buffers     cached
Mem:          2.0G       1.9G        68M       540K       1.3M        33M
-/+ buffers/cache:       1.9G       102M
Swap:         8.0G       359M       7.6G

             total       used       free     shared    buffers     cached
Mem:          2.0G       1.9G        67M       540K       1.3M        33M
-/+ buffers/cache:       1.9G       101M
Swap:         8.0G       359M       7.6G

             total       used       free     shared    buffers     cached
Mem:          2.0G       1.9G        66M       540K       1.3M        33M
-/+ buffers/cache:       1.9G       101M
Swap:         8.0G       358M       7.6G

             total       used       free     shared    buffers     cached
Mem:          2.0G       1.9G        66M       540K       1.3M        33M
-/+ buffers/cache:       1.9G       101M
Swap:         8.0G       358M       7.6G

             total       used       free     shared    buffers     cached
Mem:          2.0G       1.9G        65M       540K       1.3M        33M
-/+ buffers/cache:       1.9G       100M
Swap:         8.0G       358M       7.6G

             total       used       free     shared    buffers     cached
Mem:          2.0G       1.9G        75M       604K       992K        33M
-/+ buffers/cache:       1.8G       109M
Swap:         8.0G       370M       7.6G

             total       used       free     shared    buffers     cached
Mem:          2.0G       1.9G        70M       4.2M       4.1M        48M
-/+ buffers/cache:       1.8G       123M
Swap:         8.0G       412M       7.6G

             total       used       free     shared    buffers     cached
Mem:          2.0G       1.9G        77M       4.3M       5.1M        52M
-/+ buffers/cache:       1.8G       134M
Swap:         8.0G       410M       7.6G

             total       used       free     shared    buffers     cached
Mem:          2.0G       1.9G        78M       636K       3.9M        60M
-/+ buffers/cache:       1.8G       143M
Swap:         8.0G       438M       7.6G

             total       used       free     shared    buffers     cached
Mem:          2.0G       1.9G        68M       640K       4.0M        63M
-/+ buffers/cache:       1.8G       136M
Swap:         8.0G       435M       7.6G

             total       used       free     shared    buffers     cached
Mem:          2.0G       1.9G        67M       640K       4.0M        63M
-/+ buffers/cache:       1.8G       134M
Swap:         8.0G       434M       7.6G

             total       used       free     shared    buffers     cached
Mem:          2.0G       1.9G        66M       640K       4.0M        63M
-/+ buffers/cache:       1.8G       133M
Swap:         8.0G       434M       7.6G

             total       used       free     shared    buffers     cached
Mem:          2.0G       1.9G        65M       640K       4.0M        63M
-/+ buffers/cache:       1.8G       133M
Swap:         8.0G       433M       7.6G

             total       used       free     shared    buffers     cached
Mem:          2.0G       1.9G        80M       640K       4.0M        62M
-/+ buffers/cache:       1.8G       146M
Swap:         8.0G       435M       7.6G

             total       used       free     shared    buffers     cached
Mem:          2.0G       1.9G        78M       640K       4.1M        63M
-/+ buffers/cache:       1.8G       145M
Swap:         8.0G       434M       7.6G

             total       used       free     shared    buffers     cached
Mem:          2.0G       1.9G        77M       640K       4.1M        63M
-/+ buffers/cache:       1.8G       144M
Swap:         8.0G       434M       7.6G

             total       used       free     shared    buffers     cached
Mem:          2.0G       1.9G        76M       640K       4.1M        63M
-/+ buffers/cache:       1.8G       143M
Swap:         8.0G       433M       7.6G

             total       used       free     shared    buffers     cached
Mem:          2.0G       1.9G        75M       640K       4.1M        63M
-/+ buffers/cache:       1.8G       142M
Swap:         8.0G       433M       7.6G

             total       used       free     shared    buffers     cached
Mem:          2.0G       1.9G        73M       640K       4.1M        63M
-/+ buffers/cache:       1.8G       141M
Swap:         8.0G       432M       7.6G

             total       used       free     shared    buffers     cached
Mem:          2.0G       1.9G        72M       640K       4.1M        63M
-/+ buffers/cache:       1.8G       140M
Swap:         8.0G       432M       7.6G

             total       used       free     shared    buffers     cached
Mem:          2.0G       1.9G        71M       640K       4.1M        63M
-/+ buffers/cache:       1.8G       139M
Swap:         8.0G       431M       7.6G

             total       used       free     shared    buffers     cached
Mem:          2.0G       1.9G        70M       640K       4.1M        63M
-/+ buffers/cache:       1.8G       138M
Swap:         8.0G       430M       7.6G

             total       used       free     shared    buffers     cached
Mem:          2.0G       1.9G        69M       640K       4.2M        63M
-/+ buffers/cache:       1.8G       136M
Swap:         8.0G       430M       7.6G

             total       used       free     shared    buffers     cached
Mem:          2.0G       1.9G        68M       640K       4.2M        63M
-/+ buffers/cache:       1.8G       135M
Swap:         8.0G       429M       7.6G

             total       used       free     shared    buffers     cached
Mem:          2.0G       1.9G        67M       640K       4.2M        63M
-/+ buffers/cache:       1.8G       134M
Swap:         8.0G       429M       7.6G

             total       used       free     shared    buffers     cached
Mem:          2.0G       1.9G        65M       640K       4.2M        63M
-/+ buffers/cache:       1.8G       133M
Swap:         8.0G       428M       7.6G

             total       used       free     shared    buffers     cached
Mem:          2.0G       1.9G        64M       640K       4.2M        63M
-/+ buffers/cache:       1.8G       132M
Swap:         8.0G       428M       7.6G

             total       used       free     shared    buffers     cached
Mem:          2.0G       1.9G        82M       640K       3.6M        58M
-/+ buffers/cache:       1.8G       144M
Swap:         8.0G       449M       7.6G

             total       used       free     shared    buffers     cached
Mem:          2.0G       1.9G        80M       640K       3.6M        59M
-/+ buffers/cache:       1.8G       143M
Swap:         8.0G       448M       7.6G

             total       used       free     shared    buffers     cached
Mem:          2.0G       1.9G        80M       640K       3.6M        59M
-/+ buffers/cache:       1.8G       142M
Swap:         8.0G       448M       7.6G

             total       used       free     shared    buffers     cached
Mem:          2.0G       1.9G        78M       640K       3.6M        59M
-/+ buffers/cache:       1.8G       141M
Swap:         8.0G       447M       7.6G

             total       used       free     shared    buffers     cached
Mem:          2.0G       1.9G        77M       640K       3.6M        59M
-/+ buffers/cache:       1.8G       140M
Swap:         8.0G       446M       7.6G

             total       used       free     shared    buffers     cached
Mem:          2.0G       1.9G        76M       640K       3.6M        59M
-/+ buffers/cache:       1.8G       139M
Swap:         8.0G       445M       7.6G

             total       used       free     shared    buffers     cached
Mem:          2.0G       1.9G        75M       640K       3.6M        59M
-/+ buffers/cache:       1.8G       138M
Swap:         8.0G       444M       7.6G

             total       used       free     shared    buffers     cached
Mem:          2.0G       1.9G        74M       640K       3.6M        59M
-/+ buffers/cache:       1.8G       137M
Swap:         8.0G       443M       7.6G

             total       used       free     shared    buffers     cached
Mem:          2.0G       1.9G        73M       640K       3.6M        59M
-/+ buffers/cache:       1.8G       136M
Swap:         8.0G       442M       7.6G

             total       used       free     shared    buffers     cached
Mem:          2.0G       1.9G        72M       640K       3.6M        59M
-/+ buffers/cache:       1.8G       135M
Swap:         8.0G       441M       7.6G

             total       used       free     shared    buffers     cached
Mem:          2.0G       1.9G        71M       640K       3.6M        59M
-/+ buffers/cache:       1.8G       134M
Swap:         8.0G       440M       7.6G

             total       used       free     shared    buffers     cached
Mem:          2.0G       1.9G        70M       640K       3.6M        59M
-/+ buffers/cache:       1.8G       133M
Swap:         8.0G       439M       7.6G

             total       used       free     shared    buffers     cached
Mem:          2.0G       1.9G        69M       640K       3.6M        59M
-/+ buffers/cache:       1.8G       132M
Swap:         8.0G       438M       7.6G

             total       used       free     shared    buffers     cached
Mem:          2.0G       1.9G        68M       640K       3.6M        59M
-/+ buffers/cache:       1.8G       131M
Swap:         8.0G       437M       7.6G

             total       used       free     shared    buffers     cached
Mem:          2.0G       1.9G        67M       640K       3.6M        59M
-/+ buffers/cache:       1.8G       129M
Swap:         8.0G       436M       7.6G

             total       used       free     shared    buffers     cached
Mem:          2.0G       1.9G        66M       640K       3.6M        59M
-/+ buffers/cache:       1.8G       128M
Swap:         8.0G       434M       7.6G

             total       used       free     shared    buffers     cached
Mem:          2.0G       1.9G        65M       640K       3.6M        59M
-/+ buffers/cache:       1.8G       127M
Swap:         8.0G       433M       7.6G

             total       used       free     shared    buffers     cached
Mem:          2.0G       1.9G        75M       640K       3.1M        58M
-/+ buffers/cache:       1.8G       137M
Swap:         8.0G       432M       7.6G

             total       used       free     shared    buffers     cached
Mem:          2.0G       1.9G        74M       640K       3.1M        58M
-/+ buffers/cache:       1.8G       136M
Swap:         8.0G       430M       7.6G

             total       used       free     shared    buffers     cached
Mem:          2.0G       1.9G        72M       640K       3.1M        58M
-/+ buffers/cache:       1.8G       134M
Swap:         8.0G       429M       7.6G

             total       used       free     shared    buffers     cached
Mem:          2.0G       1.9G        71M       640K       4.1M        59M
-/+ buffers/cache:       1.8G       135M
Swap:         8.0G       437M       7.6G

             total       used       free     shared    buffers     cached
Mem:          2.0G       1.9G        77M       688K       6.1M        64M
-/+ buffers/cache:       1.8G       147M
Swap:         8.0G       460M       7.5G
