             total       used       free     shared    buffers     cached
Mem:          992M       656M       336M       3.2M        38M       289M
-/+ buffers/cache:       328M       663M
Swap:         8.0G         0B       8.0G

             total       used       free     shared    buffers     cached
Mem:          992M       655M       337M       1.4M        38M       287M
-/+ buffers/cache:       328M       663M
Swap:         8.0G         0B       8.0G

             total       used       free     shared    buffers     cached
Mem:          992M       654M       337M       1.4M        38M       287M
-/+ buffers/cache:       328M       663M
Swap:         8.0G         0B       8.0G

             total       used       free     shared    buffers     cached
Mem:          992M       654M       337M       1.4M        38M       287M
-/+ buffers/cache:       328M       663M
Swap:         8.0G         0B       8.0G

             total       used       free     shared    buffers     cached
Mem:          992M       654M       337M       1.4M        38M       287M
-/+ buffers/cache:       328M       663M
Swap:         8.0G         0B       8.0G

             total       used       free     shared    buffers     cached
Mem:          992M       654M       337M       1.4M        38M       287M
-/+ buffers/cache:       328M       663M
Swap:         8.0G         0B       8.0G

             total       used       free     shared    buffers     cached
Mem:          992M       654M       337M       1.4M        38M       287M
-/+ buffers/cache:       328M       664M
Swap:         8.0G         0B       8.0G

             total       used       free     shared    buffers     cached
Mem:          992M       654M       337M       1.4M        38M       288M
-/+ buffers/cache:       327M       664M
Swap:         8.0G         0B       8.0G

             total       used       free     shared    buffers     cached
Mem:          992M       654M       338M       1.4M        38M       288M
-/+ buffers/cache:       327M       664M
Swap:         8.0G         0B       8.0G

             total       used       free     shared    buffers     cached
Mem:          992M       657M       334M       1.4M        38M       288M
-/+ buffers/cache:       330M       661M
Swap:         8.0G         0B       8.0G

             total       used       free     shared    buffers     cached
Mem:          992M       682M       309M       1.4M        38M       288M
-/+ buffers/cache:       355M       636M
Swap:         8.0G         0B       8.0G

             total       used       free     shared    buffers     cached
Mem:          992M       662M       329M       1.4M        38M       289M
-/+ buffers/cache:       335M       657M
Swap:         8.0G         0B       8.0G

             total       used       free     shared    buffers     cached
Mem:          992M       662M       329M       1.4M        38M       289M
-/+ buffers/cache:       335M       657M
Swap:         8.0G         0B       8.0G

             total       used       free     shared    buffers     cached
Mem:          992M       663M       328M       1.4M        38M       289M
-/+ buffers/cache:       335M       656M
Swap:         8.0G         0B       8.0G

             total       used       free     shared    buffers     cached
Mem:          992M       663M       328M       1.4M        38M       289M
-/+ buffers/cache:       335M       656M
Swap:         8.0G         0B       8.0G

             total       used       free     shared    buffers     cached
Mem:          992M       663M       328M       1.4M        38M       289M
-/+ buffers/cache:       335M       656M
Swap:         8.0G         0B       8.0G

             total       used       free     shared    buffers     cached
Mem:          992M       663M       328M       1.4M        38M       289M
-/+ buffers/cache:       335M       656M
Swap:         8.0G         0B       8.0G

             total       used       free     shared    buffers     cached
Mem:          992M       663M       328M       1.4M        38M       289M
-/+ buffers/cache:       335M       656M
Swap:         8.0G         0B       8.0G

             total       used       free     shared    buffers     cached
Mem:          992M       663M       328M       1.4M        38M       289M
-/+ buffers/cache:       335M       656M
Swap:         8.0G         0B       8.0G

             total       used       free     shared    buffers     cached
Mem:          992M       663M       328M       1.4M        38M       289M
-/+ buffers/cache:       335M       656M
Swap:         8.0G         0B       8.0G

             total       used       free     shared    buffers     cached
Mem:          992M       663M       328M       1.4M        38M       289M
-/+ buffers/cache:       335M       656M
Swap:         8.0G         0B       8.0G

             total       used       free     shared    buffers     cached
Mem:          992M       664M       328M       1.4M        38M       289M
-/+ buffers/cache:       335M       656M
Swap:         8.0G         0B       8.0G

             total       used       free     shared    buffers     cached
Mem:          992M       664M       328M       1.4M        38M       289M
-/+ buffers/cache:       335M       656M
Swap:         8.0G         0B       8.0G

             total       used       free     shared    buffers     cached
Mem:          992M       664M       328M       1.4M        38M       289M
-/+ buffers/cache:       335M       656M
Swap:         8.0G         0B       8.0G

             total       used       free     shared    buffers     cached
Mem:          992M       664M       328M       1.4M        38M       289M
-/+ buffers/cache:       335M       656M
Swap:         8.0G         0B       8.0G

             total       used       free     shared    buffers     cached
Mem:          992M       664M       328M       1.4M        38M       289M
-/+ buffers/cache:       335M       656M
Swap:         8.0G         0B       8.0G

             total       used       free     shared    buffers     cached
Mem:          992M       664M       328M       1.4M        38M       289M
-/+ buffers/cache:       335M       656M
Swap:         8.0G         0B       8.0G

             total       used       free     shared    buffers     cached
Mem:          992M       664M       328M       1.4M        38M       289M
-/+ buffers/cache:       335M       656M
Swap:         8.0G         0B       8.0G

             total       used       free     shared    buffers     cached
Mem:          992M       664M       328M       1.4M        38M       289M
-/+ buffers/cache:       335M       656M
Swap:         8.0G         0B       8.0G

             total       used       free     shared    buffers     cached
Mem:          992M       664M       328M       1.4M        38M       289M
-/+ buffers/cache:       335M       656M
Swap:         8.0G         0B       8.0G

             total       used       free     shared    buffers     cached
Mem:          992M       664M       328M       1.4M        38M       289M
-/+ buffers/cache:       335M       656M
Swap:         8.0G         0B       8.0G

             total       used       free     shared    buffers     cached
Mem:          992M       664M       328M       1.4M        38M       289M
-/+ buffers/cache:       335M       656M
Swap:         8.0G         0B       8.0G

             total       used       free     shared    buffers     cached
Mem:          992M       664M       328M       1.4M        38M       289M
-/+ buffers/cache:       335M       656M
Swap:         8.0G         0B       8.0G

             total       used       free     shared    buffers     cached
Mem:          992M       668M       323M       1.4M        38M       289M
-/+ buffers/cache:       339M       652M
Swap:         8.0G         0B       8.0G

             total       used       free     shared    buffers     cached
Mem:          992M       683M       309M       1.4M        38M       289M
-/+ buffers/cache:       354M       637M
Swap:         8.0G         0B       8.0G

             total       used       free     shared    buffers     cached
Mem:          992M       699M       293M       1.4M        38M       289M
-/+ buffers/cache:       370M       621M
Swap:         8.0G         0B       8.0G

             total       used       free     shared    buffers     cached
Mem:          992M       713M       278M       1.4M        38M       289M
-/+ buffers/cache:       385M       607M
Swap:         8.0G         0B       8.0G

             total       used       free     shared    buffers     cached
Mem:          992M       728M       263M       1.4M        38M       289M
-/+ buffers/cache:       400M       592M
Swap:         8.0G         0B       8.0G

             total       used       free     shared    buffers     cached
Mem:          992M       743M       248M       1.4M        38M       289M
-/+ buffers/cache:       415M       577M
Swap:         8.0G         0B       8.0G

             total       used       free     shared    buffers     cached
Mem:          992M       758M       233M       1.4M        38M       289M
-/+ buffers/cache:       430M       562M
Swap:         8.0G         0B       8.0G

             total       used       free     shared    buffers     cached
Mem:          992M       772M       219M       1.4M        38M       289M
-/+ buffers/cache:       443M       548M
Swap:         8.0G         0B       8.0G

             total       used       free     shared    buffers     cached
Mem:          992M       786M       205M       1.4M        38M       289M
-/+ buffers/cache:       458M       533M
Swap:         8.0G         0B       8.0G

             total       used       free     shared    buffers     cached
Mem:          992M       802M       190M       1.4M        38M       289M
-/+ buffers/cache:       473M       518M
Swap:         8.0G         0B       8.0G

             total       used       free     shared    buffers     cached
Mem:          992M       820M       172M       1.4M        38M       289M
-/+ buffers/cache:       491M       500M
Swap:         8.0G         0B       8.0G

             total       used       free     shared    buffers     cached
Mem:          992M       835M       156M       1.4M        38M       289M
-/+ buffers/cache:       507M       484M
Swap:         8.0G         0B       8.0G

             total       used       free     shared    buffers     cached
Mem:          992M       850M       142M       1.4M        38M       289M
-/+ buffers/cache:       521M       470M
Swap:         8.0G         0B       8.0G

             total       used       free     shared    buffers     cached
Mem:          992M       866M       126M       1.4M        38M       289M
-/+ buffers/cache:       537M       454M
Swap:         8.0G         0B       8.0G

             total       used       free     shared    buffers     cached
Mem:          992M       881M       111M       1.4M        38M       289M
-/+ buffers/cache:       552M       439M
Swap:         8.0G         0B       8.0G

             total       used       free     shared    buffers     cached
Mem:          992M       894M        98M       1.4M        38M       289M
-/+ buffers/cache:       565M       426M
Swap:         8.0G         0B       8.0G

             total       used       free     shared    buffers     cached
Mem:          992M       910M        82M       1.4M        38M       289M
-/+ buffers/cache:       581M       410M
Swap:         8.0G         0B       8.0G

             total       used       free     shared    buffers     cached
Mem:          992M       925M        67M       1.4M        38M       289M
-/+ buffers/cache:       596M       395M
Swap:         8.0G         0B       8.0G

             total       used       free     shared    buffers     cached
Mem:          992M       923M        68M       1.4M        22M       288M
-/+ buffers/cache:       612M       379M
Swap:         8.0G         0B       8.0G

             total       used       free     shared    buffers     cached
Mem:          992M       924M        67M       1.4M        10M       288M
-/+ buffers/cache:       625M       366M
Swap:         8.0G         0B       8.0G

             total       used       free     shared    buffers     cached
Mem:          992M       919M        72M       1.4M        10M       269M
-/+ buffers/cache:       639M       352M
Swap:         8.0G         4K       8.0G

             total       used       free     shared    buffers     cached
Mem:          992M       913M        78M       1.3M       9.7M       249M
-/+ buffers/cache:       653M       338M
Swap:         8.0G       212K       8.0G

             total       used       free     shared    buffers     cached
Mem:          992M       928M        63M       1.3M       9.7M       249M
-/+ buffers/cache:       668M       323M
Swap:         8.0G       212K       8.0G

             total       used       free     shared    buffers     cached
Mem:          992M       925M        66M       1.2M       9.7M       233M
-/+ buffers/cache:       681M       310M
Swap:         8.0G       3.7M       8.0G

             total       used       free     shared    buffers     cached
Mem:          992M       913M        79M       1.1M       9.6M       210M
-/+ buffers/cache:       692M       299M
Swap:         8.0G       7.6M       8.0G

             total       used       free     shared    buffers     cached
Mem:          992M       928M        64M       1.1M       9.6M       210M
-/+ buffers/cache:       707M       284M
Swap:         8.0G       7.6M       8.0G

             total       used       free     shared    buffers     cached
Mem:          992M       929M        63M       1.1M       3.0M       204M
-/+ buffers/cache:       721M       270M
Swap:         8.0G       7.6M       8.0G

             total       used       free     shared    buffers     cached
Mem:          992M       926M        66M       1.1M       1.7M       188M
-/+ buffers/cache:       735M       256M
Swap:         8.0G       7.6M       8.0G

             total       used       free     shared    buffers     cached
Mem:          992M       922M        69M       1.1M       216K       173M
-/+ buffers/cache:       749M       242M
Swap:         8.0G       7.6M       8.0G

             total       used       free     shared    buffers     cached
Mem:          992M       916M        76M       1.1M       364K       152M
-/+ buffers/cache:       763M       229M
Swap:         8.0G       7.6M       8.0G

             total       used       free     shared    buffers     cached
Mem:          992M       930M        61M       1.1M       372K       152M
-/+ buffers/cache:       777M       214M
Swap:         8.0G       7.6M       8.0G

             total       used       free     shared    buffers     cached
Mem:          992M       920M        71M       1.1M       372K       134M
-/+ buffers/cache:       785M       206M
Swap:         8.0G       7.6M       8.0G

             total       used       free     shared    buffers     cached
Mem:          992M       917M        74M       1.1M       212K       118M
-/+ buffers/cache:       798M       193M
Swap:         8.0G       7.6M       8.0G

             total       used       free     shared    buffers     cached
Mem:          992M       916M        75M       1.1M       212K       104M
-/+ buffers/cache:       811M       180M
Swap:         8.0G       7.6M       8.0G

             total       used       free     shared    buffers     cached
Mem:          992M       930M        61M       1.1M       224K       104M
-/+ buffers/cache:       825M       166M
Swap:         8.0G       7.6M       8.0G

             total       used       free     shared    buffers     cached
Mem:          992M       910M        81M       1.1M       216K        70M
-/+ buffers/cache:       839M       152M
Swap:         8.0G       7.6M       8.0G

             total       used       free     shared    buffers     cached
Mem:          992M       921M        70M       1.1M       2.6M        64M
-/+ buffers/cache:       854M       138M
Swap:         8.0G       7.6M       8.0G

             total       used       free     shared    buffers     cached
Mem:          992M       920M        71M       1.1M       2.6M        49M
-/+ buffers/cache:       868M       123M
Swap:         8.0G       7.6M       8.0G

             total       used       free     shared    buffers     cached
Mem:          992M       916M        75M       1.1M       2.6M        30M
-/+ buffers/cache:       883M       108M
Swap:         8.0G       7.6M       8.0G

             total       used       free     shared    buffers     cached
Mem:          992M       930M        61M       1.1M       2.6M        31M
-/+ buffers/cache:       897M        94M
Swap:         8.0G       7.6M       8.0G

             total       used       free     shared    buffers     cached
Mem:          992M       930M        61M       1.1M       2.6M        17M
-/+ buffers/cache:       910M        81M
Swap:         8.0G        10M       8.0G

             total       used       free     shared    buffers     cached
Mem:          992M       927M        64M       972K       100K        19M
-/+ buffers/cache:       907M        84M
Swap:         8.0G        25M       8.0G

             total       used       free     shared    buffers     cached
Mem:          992M       927M        64M       676K       788K        16M
-/+ buffers/cache:       910M        81M
Swap:         8.0G        49M       7.9G

             total       used       free     shared    buffers     cached
Mem:          992M       928M        64M       676K       644K       5.8M
-/+ buffers/cache:       921M        70M
Swap:         8.0G        49M       7.9G

             total       used       free     shared    buffers     cached
Mem:          992M       929M        62M       672K       400K       2.6M
-/+ buffers/cache:       926M        65M
Swap:         8.0G        60M       7.9G

             total       used       free     shared    buffers     cached
Mem:          992M       928M        63M       672K       100K       2.5M
-/+ buffers/cache:       925M        66M
Swap:         8.0G        67M       7.9G

             total       used       free     shared    buffers     cached
Mem:          992M       920M        71M       636K       388K       2.6M
-/+ buffers/cache:       917M        74M
Swap:         8.0G       107M       7.9G

             total       used       free     shared    buffers     cached
Mem:          992M       923M        68M       636K       388K       2.6M
-/+ buffers/cache:       920M        71M
Swap:         8.0G       107M       7.9G

             total       used       free     shared    buffers     cached
Mem:          992M       923M        68M       636K       380K       2.5M
-/+ buffers/cache:       921M        71M
Swap:         8.0G       119M       7.9G

             total       used       free     shared    buffers     cached
Mem:          992M       922M        70M       636K       376K       2.4M
-/+ buffers/cache:       919M        72M
Swap:         8.0G       141M       7.9G

             total       used       free     shared    buffers     cached
Mem:          992M       921M        70M       632K       376K       2.5M
-/+ buffers/cache:       918M        73M
Swap:         8.0G       146M       7.9G

             total       used       free     shared    buffers     cached
Mem:          992M       916M        75M       580K       376K       2.6M
-/+ buffers/cache:       913M        78M
Swap:         8.0G       195M       7.8G

             total       used       free     shared    buffers     cached
Mem:          992M       918M        73M       572K       376K       2.6M
-/+ buffers/cache:       915M        76M
Swap:         8.0G       195M       7.8G

             total       used       free     shared    buffers     cached
Mem:          992M       919M        73M       572K       384K       2.6M
-/+ buffers/cache:       916M        76M
Swap:         8.0G       195M       7.8G

             total       used       free     shared    buffers     cached
Mem:          992M       920M        71M       572K       384K       2.6M
-/+ buffers/cache:       917M        74M
Swap:         8.0G       217M       7.8G

             total       used       free     shared    buffers     cached
Mem:          992M       927M        65M       572K       384K       2.7M
-/+ buffers/cache:       924M        68M
Swap:         8.0G       227M       7.8G

             total       used       free     shared    buffers     cached
Mem:          992M       929M        63M       572K       384K       2.7M
-/+ buffers/cache:       926M        66M
Swap:         8.0G       227M       7.8G

             total       used       free     shared    buffers     cached
Mem:          992M       928M        63M       544K       384K       2.6M
-/+ buffers/cache:       925M        66M
Swap:         8.0G       238M       7.8G

             total       used       free     shared    buffers     cached
Mem:          992M       922M        69M       544K       384K       2.6M
-/+ buffers/cache:       919M        72M
Swap:         8.0G       267M       7.7G

             total       used       free     shared    buffers     cached
Mem:          992M       930M        62M       544K       392K       2.6M
-/+ buffers/cache:       927M        64M
Swap:         8.0G       267M       7.7G

             total       used       free     shared    buffers     cached
Mem:          992M       924M        67M       544K       392K       2.6M
-/+ buffers/cache:       921M        70M
Swap:         8.0G       267M       7.7G

             total       used       free     shared    buffers     cached
Mem:          992M       913M        79M       544K       392K       2.6M
-/+ buffers/cache:       910M        82M
Swap:         8.0G       290M       7.7G

             total       used       free     shared    buffers     cached
Mem:          992M       916M        75M       544K       392K       2.5M
-/+ buffers/cache:       914M        78M
Swap:         8.0G       290M       7.7G

             total       used       free     shared    buffers     cached
Mem:          992M       923M        69M       544K       392K       2.5M
-/+ buffers/cache:       920M        72M
Swap:         8.0G       290M       7.7G

             total       used       free     shared    buffers     cached
Mem:          992M       928M        64M       544K       400K       2.5M
-/+ buffers/cache:       925M        67M
Swap:         8.0G       290M       7.7G

             total       used       free     shared    buffers     cached
Mem:          992M       920M        71M       544K       352K       2.5M
-/+ buffers/cache:       917M        74M
Swap:         8.0G       302M       7.7G

             total       used       free     shared    buffers     cached
Mem:          992M       925M        66M       544K       352K       2.5M
-/+ buffers/cache:       922M        69M
Swap:         8.0G       302M       7.7G

             total       used       free     shared    buffers     cached
Mem:          992M       915M        77M       544K       352K       2.4M
-/+ buffers/cache:       912M        79M
Swap:         8.0G       333M       7.7G

             total       used       free     shared    buffers     cached
Mem:          992M       909M        82M       544K       352K       2.4M
-/+ buffers/cache:       906M        85M
Swap:         8.0G       333M       7.7G

             total       used       free     shared    buffers     cached
Mem:          992M       913M        78M       544K       360K       2.5M
-/+ buffers/cache:       910M        81M
Swap:         8.0G       333M       7.7G

             total       used       free     shared    buffers     cached
Mem:          992M       919M        73M       544K       360K       2.4M
-/+ buffers/cache:       916M        75M
Swap:         8.0G       333M       7.7G

             total       used       free     shared    buffers     cached
Mem:          992M       923M        68M       284K       360K       2.1M
-/+ buffers/cache:       920M        71M
Swap:         8.0G       323M       7.7G

             total       used       free     shared    buffers     cached
Mem:          992M       921M        70M         4K       272K       1.8M
-/+ buffers/cache:       919M        72M
Swap:         8.0G       319M       7.7G

             total       used       free     shared    buffers     cached
Mem:          992M       917M        74M         4K        76K       1.7M
-/+ buffers/cache:       915M        76M
Swap:         8.0G       323M       7.7G

             total       used       free     shared    buffers     cached
Mem:          992M       921M        70M         0B        76K       1.6M
-/+ buffers/cache:       919M        72M
Swap:         8.0G       325M       7.7G

             total       used       free     shared    buffers     cached
Mem:          992M       920M        71M         0B        84K       1.6M
-/+ buffers/cache:       918M        73M
Swap:         8.0G       323M       7.7G

             total       used       free     shared    buffers     cached
Mem:          992M       927M        64M         0B        84K       1.5M
-/+ buffers/cache:       925M        66M
Swap:         8.0G       315M       7.7G

             total       used       free     shared    buffers     cached
Mem:          992M       919M        72M         0B        84K       1.4M
-/+ buffers/cache:       918M        74M
Swap:         8.0G       329M       7.7G

             total       used       free     shared    buffers     cached
Mem:          992M       927M        64M         0B        84K       1.3M
-/+ buffers/cache:       926M        65M
Swap:         8.0G       322M       7.7G

             total       used       free     shared    buffers     cached
Mem:          992M       925M        66M         0B        84K       1.2M
-/+ buffers/cache:       924M        68M
Swap:         8.0G       326M       7.7G

             total       used       free     shared    buffers     cached
Mem:          992M       919M        73M         0B        84K       1.2M
-/+ buffers/cache:       917M        74M
Swap:         8.0G       330M       7.7G

             total       used       free     shared    buffers     cached
Mem:          992M       930M        62M         0B        84K       1.3M
-/+ buffers/cache:       928M        63M
Swap:         8.0G       405M       7.6G

             total       used       free     shared    buffers     cached
Mem:          992M       904M        87M         0B       108K       1.3M
-/+ buffers/cache:       903M        89M
Swap:         8.0G       413M       7.6G

             total       used       free     shared    buffers     cached
Mem:          992M       916M        75M         0B       108K       1.7M
-/+ buffers/cache:       915M        77M
Swap:         8.0G       351M       7.7G

             total       used       free     shared    buffers     cached
Mem:          992M       921M        70M         0B       108K       1.7M
-/+ buffers/cache:       919M        72M
Swap:         8.0G       349M       7.7G

             total       used       free     shared    buffers     cached
Mem:          992M       925M        67M         0B       120K       1.7M
-/+ buffers/cache:       923M        68M
Swap:         8.0G       348M       7.7G

             total       used       free     shared    buffers     cached
Mem:          992M       930M        61M         0B       120K       1.7M
-/+ buffers/cache:       928M        63M
Swap:         8.0G       347M       7.7G

             total       used       free     shared    buffers     cached
Mem:          992M       921M        70M         0B       120K       1.6M
-/+ buffers/cache:       919M        72M
Swap:         8.0G       347M       7.7G

             total       used       free     shared    buffers     cached
Mem:          992M       927M        64M         0B       120K       1.6M
-/+ buffers/cache:       925M        66M
Swap:         8.0G       347M       7.7G

             total       used       free     shared    buffers     cached
Mem:          992M       916M        75M         0B       112K       1.6M
-/+ buffers/cache:       914M        77M
Swap:         8.0G       361M       7.6G

             total       used       free     shared    buffers     cached
Mem:          992M       921M        70M         0B       112K       1.6M
-/+ buffers/cache:       920M        72M
Swap:         8.0G       361M       7.6G

             total       used       free     shared    buffers     cached
Mem:          992M       928M        63M         0B       120K       1.6M
-/+ buffers/cache:       926M        65M
Swap:         8.0G       361M       7.6G

             total       used       free     shared    buffers     cached
Mem:          992M       930M        62M         0B       120K       1.7M
-/+ buffers/cache:       928M        63M
Swap:         8.0G       361M       7.6G

             total       used       free     shared    buffers     cached
Mem:          992M       920M        71M         0B       100K       1.7M
-/+ buffers/cache:       918M        73M
Swap:         8.0G       380M       7.6G

             total       used       free     shared    buffers     cached
Mem:          992M       922M        69M         0B       100K       1.6M
-/+ buffers/cache:       920M        71M
Swap:         8.0G       379M       7.6G

             total       used       free     shared    buffers     cached
Mem:          992M       924M        67M         0B       100K       1.7M
-/+ buffers/cache:       922M        69M
Swap:         8.0G       379M       7.6G

             total       used       free     shared    buffers     cached
Mem:          992M       927M        64M         0B       248K       2.4M
-/+ buffers/cache:       924M        67M
Swap:         8.0G       378M       7.6G

             total       used       free     shared    buffers     cached
Mem:          992M       929M        62M         0B       248K       2.6M
-/+ buffers/cache:       926M        65M
Swap:         8.0G       377M       7.6G

             total       used       free     shared    buffers     cached
Mem:          992M       919M        72M         0B       228K       2.6M
-/+ buffers/cache:       916M        75M
Swap:         8.0G       382M       7.6G

             total       used       free     shared    buffers     cached
Mem:          992M       921M        71M         0B       228K       2.6M
-/+ buffers/cache:       918M        73M
Swap:         8.0G       381M       7.6G

             total       used       free     shared    buffers     cached
Mem:          992M       923M        68M         0B       228K       2.9M
-/+ buffers/cache:       920M        71M
Swap:         8.0G       380M       7.6G

             total       used       free     shared    buffers     cached
Mem:          992M       920M        71M         0B       100K        18M
-/+ buffers/cache:       901M        90M
Swap:         8.0G       421M       7.6G

             total       used       free     shared    buffers     cached
Mem:          992M       923M        68M         0B       660K        19M
-/+ buffers/cache:       903M        88M
Swap:         8.0G       420M       7.6G

             total       used       free     shared    buffers     cached
Mem:          992M       926M        66M         0B       660K        19M
-/+ buffers/cache:       906M        85M
Swap:         8.0G       418M       7.6G

             total       used       free     shared    buffers     cached
Mem:          992M       928M        63M         0B       660K        19M
-/+ buffers/cache:       908M        83M
Swap:         8.0G       417M       7.6G

             total       used       free     shared    buffers     cached
Mem:          992M       930M        61M         0B       660K        19M
-/+ buffers/cache:       910M        81M
Swap:         8.0G       416M       7.6G

             total       used       free     shared    buffers     cached
Mem:          992M       918M        73M         0B       660K        18M
-/+ buffers/cache:       898M        93M
Swap:         8.0G       415M       7.6G

             total       used       free     shared    buffers     cached
Mem:          992M       920M        71M         0B       668K        19M
-/+ buffers/cache:       901M        91M
Swap:         8.0G       413M       7.6G

             total       used       free     shared    buffers     cached
Mem:          992M       922M        69M         0B       668K        19M
-/+ buffers/cache:       902M        89M
Swap:         8.0G       412M       7.6G

             total       used       free     shared    buffers     cached
Mem:          992M       925M        66M         0B       668K        19M
-/+ buffers/cache:       905M        86M
Swap:         8.0G       411M       7.6G

             total       used       free     shared    buffers     cached
Mem:          992M       927M        64M         0B       668K        19M
-/+ buffers/cache:       907M        84M
Swap:         8.0G       410M       7.6G

             total       used       free     shared    buffers     cached
Mem:          992M       929M        62M         0B       668K        19M
-/+ buffers/cache:       909M        82M
Swap:         8.0G       409M       7.6G

             total       used       free     shared    buffers     cached
Mem:          992M       917M        74M         0B       676K        17M
-/+ buffers/cache:       899M        92M
Swap:         8.0G       432M       7.6G

             total       used       free     shared    buffers     cached
Mem:          992M       919M        72M         0B       676K        17M
-/+ buffers/cache:       901M        90M
Swap:         8.0G       431M       7.6G

             total       used       free     shared    buffers     cached
Mem:          992M       921M        70M         0B       676K        17M
-/+ buffers/cache:       903M        88M
Swap:         8.0G       430M       7.6G

             total       used       free     shared    buffers     cached
Mem:          992M       923M        68M         0B       676K        17M
-/+ buffers/cache:       906M        86M
Swap:         8.0G       429M       7.6G

             total       used       free     shared    buffers     cached
Mem:          992M       926M        65M         0B       676K        17M
-/+ buffers/cache:       908M        83M
Swap:         8.0G       428M       7.6G

             total       used       free     shared    buffers     cached
Mem:          992M       927M        64M         0B       684K        17M
-/+ buffers/cache:       910M        82M
Swap:         8.0G       427M       7.6G

             total       used       free     shared    buffers     cached
Mem:          992M       930M        62M         0B       684K        17M
-/+ buffers/cache:       912M        79M
Swap:         8.0G       426M       7.6G

             total       used       free     shared    buffers     cached
Mem:          992M       918M        73M         0B       684K        16M
-/+ buffers/cache:       901M        90M
Swap:         8.0G       432M       7.6G

             total       used       free     shared    buffers     cached
Mem:          992M       921M        71M         0B       684K        16M
-/+ buffers/cache:       904M        87M
Swap:         8.0G       431M       7.6G

             total       used       free     shared    buffers     cached
Mem:          992M       923M        68M         0B       684K        16M
-/+ buffers/cache:       906M        85M
Swap:         8.0G       430M       7.6G

             total       used       free     shared    buffers     cached
Mem:          992M       925M        66M         0B       684K        16M
-/+ buffers/cache:       908M        83M
Swap:         8.0G       429M       7.6G

             total       used       free     shared    buffers     cached
Mem:          992M       928M        64M         0B       692K        16M
-/+ buffers/cache:       911M        81M
Swap:         8.0G       428M       7.6G

             total       used       free     shared    buffers     cached
Mem:          992M       930M        62M         0B       692K        16M
-/+ buffers/cache:       913M        78M
Swap:         8.0G       427M       7.6G

             total       used       free     shared    buffers     cached
Mem:          992M       917M        74M         0B       656K        13M
-/+ buffers/cache:       903M        89M
Swap:         8.0G       429M       7.6G

             total       used       free     shared    buffers     cached
Mem:          992M       919M        72M         0B       656K        13M
-/+ buffers/cache:       905M        86M
Swap:         8.0G       428M       7.6G

             total       used       free     shared    buffers     cached
Mem:          992M       922M        69M         0B       656K        13M
-/+ buffers/cache:       907M        84M
Swap:         8.0G       427M       7.6G

             total       used       free     shared    buffers     cached
Mem:          992M       924M        67M         0B       672K        13M
-/+ buffers/cache:       909M        82M
Swap:         8.0G       426M       7.6G

             total       used       free     shared    buffers     cached
Mem:          992M       926M        65M         0B       672K        13M
-/+ buffers/cache:       912M        80M
Swap:         8.0G       425M       7.6G

             total       used       free     shared    buffers     cached
Mem:          992M       928M        63M         0B       672K        13M
-/+ buffers/cache:       914M        77M
Swap:         8.0G       424M       7.6G

             total       used       free     shared    buffers     cached
Mem:          992M       930M        61M         0B       672K        13M
-/+ buffers/cache:       916M        75M
Swap:         8.0G       423M       7.6G

             total       used       free     shared    buffers     cached
Mem:          992M       920M        72M         0B       656K       7.0M
-/+ buffers/cache:       912M        79M
Swap:         8.0G       426M       7.6G

             total       used       free     shared    buffers     cached
Mem:          992M       922M        70M         0B       664K       7.0M
-/+ buffers/cache:       914M        77M
Swap:         8.0G       425M       7.6G

             total       used       free     shared    buffers     cached
Mem:          992M       924M        68M         0B       664K       7.0M
-/+ buffers/cache:       916M        75M
Swap:         8.0G       423M       7.6G

             total       used       free     shared    buffers     cached
Mem:          992M       926M        65M         0B       664K       7.0M
-/+ buffers/cache:       918M        73M
Swap:         8.0G       422M       7.6G

             total       used       free     shared    buffers     cached
Mem:          992M       928M        63M         0B       664K       7.0M
-/+ buffers/cache:       920M        71M
Swap:         8.0G       421M       7.6G

             total       used       free     shared    buffers     cached
Mem:          992M       930M        61M         0B       664K       6.9M
-/+ buffers/cache:       923M        68M
Swap:         8.0G       420M       7.6G

             total       used       free     shared    buffers     cached
Mem:          992M       921M        70M         0B       220K       2.5M
-/+ buffers/cache:       918M        73M
Swap:         8.0G       429M       7.6G

             total       used       free     shared    buffers     cached
Mem:          992M       923M        68M         0B       360K       2.5M
-/+ buffers/cache:       920M        71M
Swap:         8.0G       428M       7.6G

             total       used       free     shared    buffers     cached
Mem:          992M       925M        66M         0B       360K       2.6M
-/+ buffers/cache:       922M        69M
Swap:         8.0G       427M       7.6G

             total       used       free     shared    buffers     cached
Mem:          992M       927M        64M         0B       360K       2.6M
-/+ buffers/cache:       924M        67M
Swap:         8.0G       426M       7.6G

             total       used       free     shared    buffers     cached
Mem:          992M       929M        62M         0B       360K       2.6M
-/+ buffers/cache:       926M        65M
Swap:         8.0G       425M       7.6G

             total       used       free     shared    buffers     cached
Mem:          992M       924M        67M         0B       360K       2.6M
-/+ buffers/cache:       922M        70M
Swap:         8.0G       428M       7.6G

             total       used       free     shared    buffers     cached
Mem:          992M       919M        73M         0B       368K       2.4M
-/+ buffers/cache:       916M        75M
Swap:         8.0G       433M       7.6G

             total       used       free     shared    buffers     cached
Mem:          992M       921M        71M         0B       368K       2.3M
-/+ buffers/cache:       918M        73M
Swap:         8.0G       432M       7.6G

             total       used       free     shared    buffers     cached
Mem:          992M       923M        68M         0B       368K       2.3M
-/+ buffers/cache:       920M        71M
Swap:         8.0G       431M       7.6G

             total       used       free     shared    buffers     cached
Mem:          992M       928M        64M         0B       656K       3.6M
-/+ buffers/cache:       923M        68M
Swap:         8.0G       430M       7.6G

             total       used       free     shared    buffers     cached
Mem:          992M       921M        70M        16K       232K        26M
-/+ buffers/cache:       895M        96M
Swap:         8.0G       461M       7.5G

             total       used       free     shared    buffers     cached
Mem:          992M       924M        67M        16K       236K        26M
-/+ buffers/cache:       897M        94M
Swap:         8.0G       460M       7.5G

             total       used       free     shared    buffers     cached
Mem:          992M       925M        67M        16K       244K        26M
-/+ buffers/cache:       898M        94M
Swap:         8.0G       460M       7.5G

             total       used       free     shared    buffers     cached
Mem:          992M       927M        64M        16K       244K        28M
-/+ buffers/cache:       899M        92M
Swap:         8.0G       459M       7.5G

             total       used       free     shared    buffers     cached
Mem:          992M       928M        63M        16K       244K        28M
-/+ buffers/cache:       900M        91M
Swap:         8.0G       458M       7.5G

             total       used       free     shared    buffers     cached
Mem:          992M       929M        62M        16K       244K        28M
-/+ buffers/cache:       901M        91M
Swap:         8.0G       458M       7.5G

             total       used       free     shared    buffers     cached
Mem:          992M       930M        61M        16K       244K        28M
-/+ buffers/cache:       902M        89M
Swap:         8.0G       457M       7.6G

             total       used       free     shared    buffers     cached
Mem:          992M       919M        73M        16K       252K        25M
-/+ buffers/cache:       892M        99M
Swap:         8.0G       474M       7.5G

             total       used       free     shared    buffers     cached
Mem:          992M       922M        70M        16K       252K        26M
-/+ buffers/cache:       894M        97M
Swap:         8.0G       473M       7.5G

             total       used       free     shared    buffers     cached
Mem:          992M       923M        68M        16K       252K        27M
-/+ buffers/cache:       895M        96M
Swap:         8.0G       472M       7.5G

             total       used       free     shared    buffers     cached
Mem:          992M       924M        67M        16K       256K        27M
-/+ buffers/cache:       897M        94M
Swap:         8.0G       472M       7.5G

             total       used       free     shared    buffers     cached
Mem:          992M       925M        66M        16K       256K        27M
-/+ buffers/cache:       898M        93M
Swap:         8.0G       471M       7.5G

             total       used       free     shared    buffers     cached
Mem:          992M       927M        64M        16K       256K        27M
-/+ buffers/cache:       899M        92M
Swap:         8.0G       470M       7.5G

             total       used       free     shared    buffers     cached
Mem:          992M       920M        71M        16K       232K        30M
-/+ buffers/cache:       889M       102M
Swap:         8.0G       476M       7.5G

             total       used       free     shared    buffers     cached
Mem:          992M       922M        69M        16K       548K        30M
-/+ buffers/cache:       890M       101M
Swap:         8.0G       475M       7.5G

             total       used       free     shared    buffers     cached
Mem:          992M       923M        68M        16K       548K        30M
-/+ buffers/cache:       892M       100M
Swap:         8.0G       475M       7.5G

             total       used       free     shared    buffers     cached
Mem:          992M       924M        67M        16K       548K        30M
-/+ buffers/cache:       893M        99M
Swap:         8.0G       474M       7.5G

             total       used       free     shared    buffers     cached
Mem:          992M       926M        66M        16K       548K        30M
-/+ buffers/cache:       894M        97M
Swap:         8.0G       474M       7.5G

             total       used       free     shared    buffers     cached
Mem:          992M       927M        65M        16K       556K        30M
-/+ buffers/cache:       895M        96M
Swap:         8.0G       473M       7.5G

             total       used       free     shared    buffers     cached
Mem:          992M       928M        63M        16K       556K        30M
-/+ buffers/cache:       896M        95M
Swap:         8.0G       472M       7.5G

             total       used       free     shared    buffers     cached
Mem:          992M       929M        62M        16K       556K        30M
-/+ buffers/cache:       897M        94M
Swap:         8.0G       472M       7.5G

             total       used       free     shared    buffers     cached
Mem:          992M       930M        61M        16K       556K        30M
-/+ buffers/cache:       899M        92M
Swap:         8.0G       471M       7.5G

             total       used       free     shared    buffers     cached
Mem:          992M       916M        76M        16K       544K        28M
-/+ buffers/cache:       886M       105M
Swap:         8.0G       491M       7.5G

             total       used       free     shared    buffers     cached
Mem:          992M       917M        74M        16K       544K        28M
-/+ buffers/cache:       887M       104M
Swap:         8.0G       490M       7.5G

             total       used       free     shared    buffers     cached
Mem:          992M       918M        73M        16K       552K        28M
-/+ buffers/cache:       888M       103M
Swap:         8.0G       490M       7.5G

             total       used       free     shared    buffers     cached
Mem:          992M       919M        72M        16K       552K        28M
-/+ buffers/cache:       890M       102M
Swap:         8.0G       489M       7.5G

             total       used       free     shared    buffers     cached
Mem:          992M       920M        71M        16K       552K        28M
-/+ buffers/cache:       891M       101M
Swap:         8.0G       489M       7.5G

             total       used       free     shared    buffers     cached
Mem:          992M       921M        70M        16K       552K        28M
-/+ buffers/cache:       892M        99M
Swap:         8.0G       488M       7.5G

             total       used       free     shared    buffers     cached
Mem:          992M       923M        68M        16K       552K        28M
-/+ buffers/cache:       893M        98M
Swap:         8.0G       487M       7.5G

             total       used       free     shared    buffers     cached
Mem:          992M       924M        67M        16K       560K        28M
-/+ buffers/cache:       895M        97M
Swap:         8.0G       487M       7.5G

             total       used       free     shared    buffers     cached
Mem:          992M       925M        66M        16K       560K        28M
-/+ buffers/cache:       896M        95M
Swap:         8.0G       486M       7.5G

             total       used       free     shared    buffers     cached
Mem:          992M       927M        65M        16K       560K        28M
-/+ buffers/cache:       897M        94M
Swap:         8.0G       485M       7.5G

             total       used       free     shared    buffers     cached
Mem:          992M       928M        63M        16K       560K        28M
-/+ buffers/cache:       899M        92M
Swap:         8.0G       485M       7.5G

             total       used       free     shared    buffers     cached
Mem:          992M       930M        62M        16K       560K        28M
-/+ buffers/cache:       900M        91M
Swap:         8.0G       484M       7.5G

             total       used       free     shared    buffers     cached
Mem:          992M       931M        60M        16K       560K        28M
-/+ buffers/cache:       901M        90M
Swap:         8.0G       483M       7.5G

             total       used       free     shared    buffers     cached
Mem:          992M       919M        72M        16K       568K        28M
-/+ buffers/cache:       891M       100M
Swap:         8.0G       483M       7.5G

             total       used       free     shared    buffers     cached
Mem:          992M       921M        71M        16K       568K        28M
-/+ buffers/cache:       892M        99M
Swap:         8.0G       482M       7.5G

             total       used       free     shared    buffers     cached
Mem:          992M       922M        69M        16K       568K        28M
-/+ buffers/cache:       893M        98M
Swap:         8.0G       481M       7.5G

             total       used       free     shared    buffers     cached
Mem:          992M       923M        68M        16K       568K        28M
-/+ buffers/cache:       895M        96M
Swap:         8.0G       481M       7.5G

             total       used       free     shared    buffers     cached
Mem:          992M       925M        67M        16K       568K        28M
-/+ buffers/cache:       896M        95M
Swap:         8.0G       480M       7.5G

             total       used       free     shared    buffers     cached
Mem:          992M       926M        65M        16K       576K        28M
-/+ buffers/cache:       897M        94M
Swap:         8.0G       479M       7.5G

             total       used       free     shared    buffers     cached
Mem:          992M       927M        64M        16K       576K        28M
-/+ buffers/cache:       898M        93M
Swap:         8.0G       479M       7.5G

             total       used       free     shared    buffers     cached
Mem:          992M       928M        63M        16K       576K        28M
-/+ buffers/cache:       900M        91M
Swap:         8.0G       478M       7.5G

             total       used       free     shared    buffers     cached
Mem:          992M       930M        62M        16K       576K        28M
-/+ buffers/cache:       901M        90M
Swap:         8.0G       477M       7.5G

             total       used       free     shared    buffers     cached
Mem:          992M       915M        76M        16K       576K        26M
-/+ buffers/cache:       888M       103M
Swap:         8.0G       496M       7.5G

             total       used       free     shared    buffers     cached
Mem:          992M       916M        75M        16K       576K        26M
-/+ buffers/cache:       889M       102M
Swap:         8.0G       495M       7.5G

             total       used       free     shared    buffers     cached
Mem:          992M       917M        74M        16K       584K        26M
-/+ buffers/cache:       890M       101M
Swap:         8.0G       495M       7.5G

             total       used       free     shared    buffers     cached
Mem:          992M       919M        73M        16K       584K        26M
-/+ buffers/cache:       892M       100M
Swap:         8.0G       494M       7.5G

             total       used       free     shared    buffers     cached
Mem:          992M       920M        71M        16K       584K        26M
-/+ buffers/cache:       893M        98M
Swap:         8.0G       493M       7.5G

             total       used       free     shared    buffers     cached
Mem:          992M       921M        70M        16K       584K        26M
-/+ buffers/cache:       894M        97M
Swap:         8.0G       493M       7.5G

             total       used       free     shared    buffers     cached
Mem:          992M       923M        69M        16K       584K        26M
-/+ buffers/cache:       896M        95M
Swap:         8.0G       492M       7.5G

             total       used       free     shared    buffers     cached
Mem:          992M       924M        67M        16K       592K        26M
-/+ buffers/cache:       897M        94M
Swap:         8.0G       491M       7.5G

             total       used       free     shared    buffers     cached
Mem:          992M       925M        66M        16K       592K        26M
-/+ buffers/cache:       898M        93M
Swap:         8.0G       491M       7.5G

             total       used       free     shared    buffers     cached
Mem:          992M       927M        65M        16K       592K        26M
-/+ buffers/cache:       900M        92M
Swap:         8.0G       490M       7.5G

             total       used       free     shared    buffers     cached
Mem:          992M       928M        63M        16K       592K        26M
-/+ buffers/cache:       901M        90M
Swap:         8.0G       489M       7.5G

             total       used       free     shared    buffers     cached
Mem:          992M       929M        62M        16K       592K        26M
-/+ buffers/cache:       902M        89M
Swap:         8.0G       488M       7.5G

             total       used       free     shared    buffers     cached
Mem:          992M       930M        61M        16K       592K        26M
-/+ buffers/cache:       903M        88M
Swap:         8.0G       488M       7.5G

             total       used       free     shared    buffers     cached
Mem:          992M       919M        72M        16K       600K        25M
-/+ buffers/cache:       892M        99M
Swap:         8.0G       492M       7.5G

             total       used       free     shared    buffers     cached
Mem:          992M       920M        71M        16K       600K        25M
-/+ buffers/cache:       893M        98M
Swap:         8.0G       492M       7.5G

             total       used       free     shared    buffers     cached
Mem:          992M       921M        70M        16K       600K        25M
-/+ buffers/cache:       895M        96M
Swap:         8.0G       491M       7.5G

             total       used       free     shared    buffers     cached
Mem:          992M       923M        68M        16K       600K        25M
-/+ buffers/cache:       896M        95M
Swap:         8.0G       490M       7.5G

             total       used       free     shared    buffers     cached
Mem:          992M       924M        67M        16K       600K        25M
-/+ buffers/cache:       897M        94M
Swap:         8.0G       489M       7.5G

             total       used       free     shared    buffers     cached
Mem:          992M       926M        66M        16K       608K        25M
-/+ buffers/cache:       899M        92M
Swap:         8.0G       489M       7.5G

             total       used       free     shared    buffers     cached
Mem:          992M       927M        64M        16K       608K        26M
-/+ buffers/cache:       900M        91M
Swap:         8.0G       488M       7.5G

             total       used       free     shared    buffers     cached
Mem:          992M       929M        62M        16K       744K        26M
-/+ buffers/cache:       902M        90M
Swap:         8.0G       487M       7.5G

             total       used       free     shared    buffers     cached
Mem:          992M       931M        60M        20K       744K        27M
-/+ buffers/cache:       903M        88M
Swap:         8.0G       486M       7.5G

             total       used       free     shared    buffers     cached
Mem:          992M       913M        78M        20K       744K        23M
-/+ buffers/cache:       888M       103M
Swap:         8.0G       509M       7.5G

             total       used       free     shared    buffers     cached
Mem:          992M       914M        77M        20K       744K        23M
-/+ buffers/cache:       890M       102M
Swap:         8.0G       509M       7.5G

             total       used       free     shared    buffers     cached
Mem:          992M       923M        69M        20K       752K        26M
-/+ buffers/cache:       896M        96M
Swap:         8.0G       506M       7.5G

             total       used       free     shared    buffers     cached
Mem:          992M       924M        67M        20K       752K        26M
-/+ buffers/cache:       897M        94M
Swap:         8.0G       505M       7.5G

             total       used       free     shared    buffers     cached
Mem:          992M       911M        80M        20K       228K        20M
-/+ buffers/cache:       890M       101M
Swap:         8.0G       504M       7.5G

             total       used       free     shared    buffers     cached
Mem:          992M       912M        79M        20K       256K        20M
-/+ buffers/cache:       892M       100M
Swap:         8.0G       510M       7.5G

             total       used       free     shared    buffers     cached
Mem:          992M       914M        77M        20K       256K        21M
-/+ buffers/cache:       892M        99M
Swap:         8.0G       509M       7.5G

             total       used       free     shared    buffers     cached
Mem:          992M       916M        76M        20K       268K        22M
-/+ buffers/cache:       893M        98M
Swap:         8.0G       509M       7.5G

             total       used       free     shared    buffers     cached
Mem:          992M       920M        71M        20K       1.5M        24M
-/+ buffers/cache:       894M        97M
Swap:         8.0G       508M       7.5G

             total       used       free     shared    buffers     cached
Mem:          992M       921M        70M        24K       1.5M        24M
-/+ buffers/cache:       895M        96M
Swap:         8.0G       508M       7.5G

             total       used       free     shared    buffers     cached
Mem:          992M       922M        69M        24K       1.5M        24M
-/+ buffers/cache:       896M        95M
Swap:         8.0G       508M       7.5G

             total       used       free     shared    buffers     cached
Mem:          992M       923M        68M        24K       1.5M        24M
-/+ buffers/cache:       897M        94M
Swap:         8.0G       507M       7.5G

             total       used       free     shared    buffers     cached
Mem:          992M       923M        68M        24K       1.5M        24M
-/+ buffers/cache:       897M        94M
Swap:         8.0G       507M       7.5G

             total       used       free     shared    buffers     cached
Mem:          992M       924M        67M        24K       1.5M        24M
-/+ buffers/cache:       898M        93M
Swap:         8.0G       507M       7.5G

             total       used       free     shared    buffers     cached
Mem:          992M       925M        66M        24K       1.5M        24M
-/+ buffers/cache:       899M        92M
Swap:         8.0G       506M       7.5G

             total       used       free     shared    buffers     cached
Mem:          992M       919M        72M       3.9M       3.8M        48M
-/+ buffers/cache:       867M       125M
Swap:         8.0G       556M       7.5G

             total       used       free     shared    buffers     cached
Mem:          992M       927M        64M       3.9M       5.2M        69M
-/+ buffers/cache:       852M       139M
Swap:         8.0G       571M       7.4G

             total       used       free     shared    buffers     cached
Mem:          992M       929M        62M       280K       4.9M        66M
-/+ buffers/cache:       858M       134M
Swap:         8.0G       565M       7.4G

             total       used       free     shared    buffers     cached
Mem:          992M       929M        62M       264K       4.9M        66M
-/+ buffers/cache:       858M       133M
Swap:         8.0G       565M       7.4G

             total       used       free     shared    buffers     cached
Mem:          992M       931M        60M       264K       4.9M        66M
-/+ buffers/cache:       859M       132M
Swap:         8.0G       564M       7.4G

             total       used       free     shared    buffers     cached
Mem:          992M       920M        72M       264K       4.3M        64M
-/+ buffers/cache:       851M       140M
Swap:         8.0G       570M       7.4G

             total       used       free     shared    buffers     cached
Mem:          992M       921M        70M       264K       4.3M        64M
-/+ buffers/cache:       853M       138M
Swap:         8.0G       570M       7.4G

             total       used       free     shared    buffers     cached
Mem:          992M       923M        69M       264K       4.3M        64M
-/+ buffers/cache:       854M       137M
Swap:         8.0G       569M       7.4G

             total       used       free     shared    buffers     cached
Mem:          992M       925M        66M       264K       4.4M        64M
-/+ buffers/cache:       856M       135M
Swap:         8.0G       569M       7.4G

             total       used       free     shared    buffers     cached
Mem:          992M       926M        65M       264K       4.4M        64M
-/+ buffers/cache:       857M       134M
Swap:         8.0G       568M       7.4G

             total       used       free     shared    buffers     cached
Mem:          992M       928M        64M       264K       4.4M        64M
-/+ buffers/cache:       858M       133M
Swap:         8.0G       568M       7.4G

             total       used       free     shared    buffers     cached
Mem:          992M       929M        62M       264K       4.4M        64M
-/+ buffers/cache:       860M       132M
Swap:         8.0G       567M       7.4G

             total       used       free     shared    buffers     cached
Mem:          992M       930M        61M       264K       4.4M        64M
-/+ buffers/cache:       861M       130M
Swap:         8.0G       567M       7.4G

             total       used       free     shared    buffers     cached
Mem:          992M       907M        84M       264K       4.4M        60M
-/+ buffers/cache:       842M       149M
Swap:         8.0G       586M       7.4G

             total       used       free     shared    buffers     cached
Mem:          992M       908M        83M       264K       4.4M        60M
-/+ buffers/cache:       843M       148M
Swap:         8.0G       585M       7.4G

             total       used       free     shared    buffers     cached
Mem:          992M       909M        82M       264K       4.4M        60M
-/+ buffers/cache:       844M       147M
Swap:         8.0G       585M       7.4G

             total       used       free     shared    buffers     cached
Mem:          992M       911M        80M       264K       4.4M        60M
-/+ buffers/cache:       846M       145M
Swap:         8.0G       584M       7.4G

             total       used       free     shared    buffers     cached
Mem:          992M       912M        79M       264K       4.4M        60M
-/+ buffers/cache:       847M       144M
Swap:         8.0G       584M       7.4G

             total       used       free     shared    buffers     cached
Mem:          992M       914M        78M       264K       4.4M        60M
-/+ buffers/cache:       849M       143M
Swap:         8.0G       583M       7.4G

             total       used       free     shared    buffers     cached
Mem:          992M       915M        76M       264K       4.4M        60M
-/+ buffers/cache:       850M       141M
Swap:         8.0G       582M       7.4G

             total       used       free     shared    buffers     cached
Mem:          992M       917M        75M       264K       4.4M        60M
-/+ buffers/cache:       851M       140M
Swap:         8.0G       582M       7.4G

             total       used       free     shared    buffers     cached
Mem:          992M       918M        73M       264K       4.4M        60M
-/+ buffers/cache:       853M       138M
Swap:         8.0G       581M       7.4G

             total       used       free     shared    buffers     cached
Mem:          992M       920M        72M       264K       4.4M        60M
-/+ buffers/cache:       854M       137M
Swap:         8.0G       581M       7.4G

             total       used       free     shared    buffers     cached
Mem:          992M       921M        70M       264K       4.4M        60M
-/+ buffers/cache:       856M       136M
Swap:         8.0G       580M       7.4G

             total       used       free     shared    buffers     cached
Mem:          992M       922M        69M       264K       4.4M        60M
-/+ buffers/cache:       857M       134M
Swap:         8.0G       580M       7.4G

             total       used       free     shared    buffers     cached
Mem:          992M       924M        67M       264K       4.4M        60M
-/+ buffers/cache:       858M       133M
Swap:         8.0G       579M       7.4G

             total       used       free     shared    buffers     cached
Mem:          992M       925M        66M       264K       4.4M        60M
-/+ buffers/cache:       860M       131M
Swap:         8.0G       578M       7.4G

             total       used       free     shared    buffers     cached
Mem:          992M       927M        64M       264K       4.4M        60M
-/+ buffers/cache:       862M       130M
Swap:         8.0G       578M       7.4G

             total       used       free     shared    buffers     cached
Mem:          992M       928M        63M       264K       4.4M        60M
-/+ buffers/cache:       863M       128M
Swap:         8.0G       577M       7.4G

             total       used       free     shared    buffers     cached
Mem:          992M       930M        62M       264K       4.4M        60M
-/+ buffers/cache:       864M       127M
Swap:         8.0G       577M       7.4G

             total       used       free     shared    buffers     cached
Mem:          992M       931M        60M       264K       4.4M        60M
-/+ buffers/cache:       865M       126M
Swap:         8.0G       576M       7.4G

             total       used       free     shared    buffers     cached
Mem:          992M       910M        81M       264K       4.4M        59M
-/+ buffers/cache:       846M       145M
Swap:         8.0G       596M       7.4G

             total       used       free     shared    buffers     cached
Mem:          992M       912M        80M       264K       4.4M        59M
-/+ buffers/cache:       848M       143M
Swap:         8.0G       595M       7.4G

             total       used       free     shared    buffers     cached
Mem:          992M       913M        78M       264K       4.4M        59M
-/+ buffers/cache:       849M       142M
Swap:         8.0G       594M       7.4G

             total       used       free     shared    buffers     cached
Mem:          992M       914M        77M       264K       4.4M        59M
-/+ buffers/cache:       850M       141M
Swap:         8.0G       594M       7.4G

             total       used       free     shared    buffers     cached
Mem:          992M       916M        76M       264K       4.4M        59M
-/+ buffers/cache:       852M       139M
Swap:         8.0G       593M       7.4G

             total       used       free     shared    buffers     cached
Mem:          992M       917M        74M       264K       4.4M        59M
-/+ buffers/cache:       853M       138M
Swap:         8.0G       593M       7.4G

             total       used       free     shared    buffers     cached
Mem:          992M       918M        73M       264K       4.4M        59M
-/+ buffers/cache:       854M       137M
Swap:         8.0G       592M       7.4G

             total       used       free     shared    buffers     cached
Mem:          992M       920M        72M       264K       4.4M        59M
-/+ buffers/cache:       856M       135M
Swap:         8.0G       592M       7.4G

             total       used       free     shared    buffers     cached
Mem:          992M       921M        70M       264K       4.4M        59M
-/+ buffers/cache:       857M       134M
Swap:         8.0G       591M       7.4G

             total       used       free     shared    buffers     cached
Mem:          992M       923M        69M       264K       4.4M        59M
-/+ buffers/cache:       858M       133M
Swap:         8.0G       590M       7.4G

             total       used       free     shared    buffers     cached
Mem:          992M       914M        78M       324K       8.1M        73M
-/+ buffers/cache:       832M       159M
Swap:         8.0G       614M       7.4G

             total       used       free     shared    buffers     cached
Mem:          992M       920M        71M       328K       8.2M        73M
-/+ buffers/cache:       838M       153M
Swap:         8.0G       613M       7.4G
