             total       used       free     shared    buffers     cached
Mem:          992M       659M       332M       3.2M        38M       289M
-/+ buffers/cache:       331M       660M
Swap:         8.0G         0B       8.0G

             total       used       free     shared    buffers     cached
Mem:          992M       658M       333M       1.4M        38M       287M
-/+ buffers/cache:       331M       660M
Swap:         8.0G         0B       8.0G

             total       used       free     shared    buffers     cached
Mem:          992M       658M       334M       1.4M        38M       287M
-/+ buffers/cache:       331M       660M
Swap:         8.0G         0B       8.0G

             total       used       free     shared    buffers     cached
Mem:          992M       658M       334M       1.4M        38M       287M
-/+ buffers/cache:       331M       660M
Swap:         8.0G         0B       8.0G

             total       used       free     shared    buffers     cached
Mem:          992M       658M       334M       1.4M        38M       287M
-/+ buffers/cache:       331M       660M
Swap:         8.0G         0B       8.0G

             total       used       free     shared    buffers     cached
Mem:          992M       658M       333M       1.4M        38M       287M
-/+ buffers/cache:       331M       660M
Swap:         8.0G         0B       8.0G

             total       used       free     shared    buffers     cached
Mem:          992M       657M       334M       1.4M        38M       287M
-/+ buffers/cache:       331M       660M
Swap:         8.0G         0B       8.0G

             total       used       free     shared    buffers     cached
Mem:          992M       657M       334M       1.4M        38M       288M
-/+ buffers/cache:       330M       661M
Swap:         8.0G         0B       8.0G

             total       used       free     shared    buffers     cached
Mem:          992M       660M       331M       1.4M        38M       288M
-/+ buffers/cache:       334M       658M
Swap:         8.0G         0B       8.0G

             total       used       free     shared    buffers     cached
Mem:          992M       668M       323M       1.4M        38M       288M
-/+ buffers/cache:       341M       650M
Swap:         8.0G         0B       8.0G

             total       used       free     shared    buffers     cached
Mem:          992M       697M       294M       1.4M        38M       288M
-/+ buffers/cache:       370M       621M
Swap:         8.0G         0B       8.0G

             total       used       free     shared    buffers     cached
Mem:          992M       666M       326M       1.4M        38M       289M
-/+ buffers/cache:       338M       653M
Swap:         8.0G         0B       8.0G

             total       used       free     shared    buffers     cached
Mem:          992M       672M       319M       1.4M        38M       289M
-/+ buffers/cache:       344M       647M
Swap:         8.0G         0B       8.0G

             total       used       free     shared    buffers     cached
Mem:          992M       667M       324M       1.4M        38M       289M
-/+ buffers/cache:       338M       653M
Swap:         8.0G         0B       8.0G

             total       used       free     shared    buffers     cached
Mem:          992M       667M       324M       1.4M        38M       289M
-/+ buffers/cache:       338M       653M
Swap:         8.0G         0B       8.0G

             total       used       free     shared    buffers     cached
Mem:          992M       667M       324M       1.4M        38M       289M
-/+ buffers/cache:       338M       653M
Swap:         8.0G         0B       8.0G

             total       used       free     shared    buffers     cached
Mem:          992M       667M       325M       1.4M        38M       289M
-/+ buffers/cache:       338M       653M
Swap:         8.0G         0B       8.0G

             total       used       free     shared    buffers     cached
Mem:          992M       667M       325M       1.4M        38M       289M
-/+ buffers/cache:       338M       653M
Swap:         8.0G         0B       8.0G

             total       used       free     shared    buffers     cached
Mem:          992M       667M       325M       1.4M        38M       289M
-/+ buffers/cache:       338M       653M
Swap:         8.0G         0B       8.0G

             total       used       free     shared    buffers     cached
Mem:          992M       667M       325M       1.4M        38M       289M
-/+ buffers/cache:       338M       653M
Swap:         8.0G         0B       8.0G

             total       used       free     shared    buffers     cached
Mem:          992M       667M       325M       1.4M        38M       289M
-/+ buffers/cache:       338M       653M
Swap:         8.0G         0B       8.0G

             total       used       free     shared    buffers     cached
Mem:          992M       667M       324M       1.4M        38M       289M
-/+ buffers/cache:       339M       653M
Swap:         8.0G         0B       8.0G

             total       used       free     shared    buffers     cached
Mem:          992M       667M       324M       1.4M        38M       289M
-/+ buffers/cache:       339M       653M
Swap:         8.0G         0B       8.0G

             total       used       free     shared    buffers     cached
Mem:          992M       667M       324M       1.4M        38M       289M
-/+ buffers/cache:       339M       653M
Swap:         8.0G         0B       8.0G

             total       used       free     shared    buffers     cached
Mem:          992M       667M       324M       1.4M        38M       289M
-/+ buffers/cache:       339M       653M
Swap:         8.0G         0B       8.0G

             total       used       free     shared    buffers     cached
Mem:          992M       667M       324M       1.4M        38M       289M
-/+ buffers/cache:       339M       653M
Swap:         8.0G         0B       8.0G

             total       used       free     shared    buffers     cached
Mem:          992M       667M       324M       1.4M        38M       289M
-/+ buffers/cache:       339M       653M
Swap:         8.0G         0B       8.0G

             total       used       free     shared    buffers     cached
Mem:          992M       667M       324M       1.4M        38M       289M
-/+ buffers/cache:       339M       653M
Swap:         8.0G         0B       8.0G

             total       used       free     shared    buffers     cached
Mem:          992M       667M       324M       1.4M        38M       289M
-/+ buffers/cache:       338M       653M
Swap:         8.0G         0B       8.0G

             total       used       free     shared    buffers     cached
Mem:          992M       667M       324M       1.4M        38M       289M
-/+ buffers/cache:       338M       653M
Swap:         8.0G         0B       8.0G

             total       used       free     shared    buffers     cached
Mem:          992M       667M       324M       1.4M        38M       289M
-/+ buffers/cache:       338M       653M
Swap:         8.0G         0B       8.0G

             total       used       free     shared    buffers     cached
Mem:          992M       667M       324M       1.4M        38M       289M
-/+ buffers/cache:       338M       653M
Swap:         8.0G         0B       8.0G

             total       used       free     shared    buffers     cached
Mem:          992M       667M       324M       1.4M        38M       289M
-/+ buffers/cache:       338M       653M
Swap:         8.0G         0B       8.0G

             total       used       free     shared    buffers     cached
Mem:          992M       675M       316M       1.4M        38M       289M
-/+ buffers/cache:       347M       644M
Swap:         8.0G         0B       8.0G

             total       used       free     shared    buffers     cached
Mem:          992M       695M       296M       1.4M        38M       289M
-/+ buffers/cache:       367M       624M
Swap:         8.0G         0B       8.0G

             total       used       free     shared    buffers     cached
Mem:          992M       713M       278M       1.4M        38M       289M
-/+ buffers/cache:       385M       607M
Swap:         8.0G         0B       8.0G

             total       used       free     shared    buffers     cached
Mem:          992M       731M       260M       1.4M        38M       289M
-/+ buffers/cache:       403M       588M
Swap:         8.0G         0B       8.0G

             total       used       free     shared    buffers     cached
Mem:          992M       749M       243M       1.4M        38M       289M
-/+ buffers/cache:       420M       571M
Swap:         8.0G         0B       8.0G

             total       used       free     shared    buffers     cached
Mem:          992M       765M       227M       1.4M        38M       289M
-/+ buffers/cache:       436M       555M
Swap:         8.0G         0B       8.0G

             total       used       free     shared    buffers     cached
Mem:          992M       780M       212M       1.4M        38M       289M
-/+ buffers/cache:       451M       540M
Swap:         8.0G         0B       8.0G

             total       used       free     shared    buffers     cached
Mem:          992M       793M       198M       1.4M        38M       289M
-/+ buffers/cache:       464M       527M
Swap:         8.0G         0B       8.0G

             total       used       free     shared    buffers     cached
Mem:          992M       811M       180M       1.4M        38M       289M
-/+ buffers/cache:       483M       509M
Swap:         8.0G         0B       8.0G

             total       used       free     shared    buffers     cached
Mem:          992M       832M       159M       1.4M        38M       289M
-/+ buffers/cache:       503M       488M
Swap:         8.0G         0B       8.0G

             total       used       free     shared    buffers     cached
Mem:          992M       852M       139M       1.4M        38M       289M
-/+ buffers/cache:       524M       468M
Swap:         8.0G         0B       8.0G

             total       used       free     shared    buffers     cached
Mem:          992M       872M       119M       1.4M        38M       289M
-/+ buffers/cache:       544M       448M
Swap:         8.0G         0B       8.0G

             total       used       free     shared    buffers     cached
Mem:          992M       891M       100M       1.4M        38M       289M
-/+ buffers/cache:       563M       428M
Swap:         8.0G         0B       8.0G

             total       used       free     shared    buffers     cached
Mem:          992M       904M        87M       1.4M        38M       289M
-/+ buffers/cache:       576M       416M
Swap:         8.0G         0B       8.0G

             total       used       free     shared    buffers     cached
Mem:          992M       923M        68M       1.4M        38M       289M
-/+ buffers/cache:       595M       396M
Swap:         8.0G         0B       8.0G

             total       used       free     shared    buffers     cached
Mem:          992M       919M        72M       1.4M        17M       288M
-/+ buffers/cache:       613M       378M
Swap:         8.0G         0B       8.0G

             total       used       free     shared    buffers     cached
Mem:          992M       922M        69M       1.4M        10M       279M
-/+ buffers/cache:       633M       358M
Swap:         8.0G         0B       8.0G

             total       used       free     shared    buffers     cached
Mem:          992M       927M        64M       1.4M       9.6M       263M
-/+ buffers/cache:       654M       337M
Swap:         8.0G        76K       8.0G

             total       used       free     shared    buffers     cached
Mem:          992M       929M        63M       1.3M       9.6M       245M
-/+ buffers/cache:       674M       317M
Swap:         8.0G       408K       8.0G

             total       used       free     shared    buffers     cached
Mem:          992M       902M        90M       1.2M       8.9M       206M
-/+ buffers/cache:       686M       305M
Swap:         8.0G       8.7M       8.0G

             total       used       free     shared    buffers     cached
Mem:          992M       921M        71M       1.1M       8.9M       206M
-/+ buffers/cache:       705M       286M
Swap:         8.0G       8.7M       8.0G

             total       used       free     shared    buffers     cached
Mem:          992M       926M        65M       1.1M       2.6M       199M
-/+ buffers/cache:       724M       267M
Swap:         8.0G       8.7M       8.0G

             total       used       free     shared    buffers     cached
Mem:          992M       928M        64M       1.1M       960K       185M
-/+ buffers/cache:       741M       250M
Swap:         8.0G       8.7M       8.0G

             total       used       free     shared    buffers     cached
Mem:          992M       923M        68M       1.1M       196K       164M
-/+ buffers/cache:       759M       232M
Swap:         8.0G       8.7M       8.0G

             total       used       free     shared    buffers     cached
Mem:          992M       919M        72M       1.1M       200K       144M
-/+ buffers/cache:       775M       217M
Swap:         8.0G       8.7M       8.0G

             total       used       free     shared    buffers     cached
Mem:          992M       928M        63M       1.1M       200K       144M
-/+ buffers/cache:       783M       208M
Swap:         8.0G       8.7M       8.0G

             total       used       free     shared    buffers     cached
Mem:          992M       927M        64M       1.1M        92K       127M
-/+ buffers/cache:       799M       192M
Swap:         8.0G       8.7M       8.0G

             total       used       free     shared    buffers     cached
Mem:          992M       926M        65M       1.1M       100K       112M
-/+ buffers/cache:       814M       177M
Swap:         8.0G       8.7M       8.0G

             total       used       free     shared    buffers     cached
Mem:          992M       930M        61M       1.1M       256K        99M
-/+ buffers/cache:       830M       161M
Swap:         8.0G       8.7M       8.0G

             total       used       free     shared    buffers     cached
Mem:          992M       921M        70M       1.1M       260K        77M
-/+ buffers/cache:       844M       147M
Swap:         8.0G       8.7M       8.0G

             total       used       free     shared    buffers     cached
Mem:          992M       920M        71M       1.1M       260K        59M
-/+ buffers/cache:       860M       131M
Swap:         8.0G       8.7M       8.0G

             total       used       free     shared    buffers     cached
Mem:          992M       925M        66M       1.1M       400K        46M
-/+ buffers/cache:       878M       113M
Swap:         8.0G       8.7M       8.0G

             total       used       free     shared    buffers     cached
Mem:          992M       927M        65M       1.1M       400K        26M
-/+ buffers/cache:       899M        92M
Swap:         8.0G       8.7M       8.0G

             total       used       free     shared    buffers     cached
Mem:          992M       919M        72M       1.0M       672K       5.4M
-/+ buffers/cache:       913M        78M
Swap:         8.0G        14M       8.0G

             total       used       free     shared    buffers     cached
Mem:          992M       920M        71M       688K       680K       4.4M
-/+ buffers/cache:       915M        76M
Swap:         8.0G        40M       8.0G

             total       used       free     shared    buffers     cached
Mem:          992M       921M        70M       692K       836K        10M
-/+ buffers/cache:       910M        81M
Swap:         8.0G        70M       7.9G

             total       used       free     shared    buffers     cached
Mem:          992M       926M        65M       692K       1.7M        14M
-/+ buffers/cache:       910M        82M
Swap:         8.0G        74M       7.9G

             total       used       free     shared    buffers     cached
Mem:          992M       920M        72M       668K       1.3M        12M
-/+ buffers/cache:       906M        85M
Swap:         8.0G       105M       7.9G

             total       used       free     shared    buffers     cached
Mem:          992M       920M        71M       656K       1.3M        12M
-/+ buffers/cache:       907M        84M
Swap:         8.0G       110M       7.9G

             total       used       free     shared    buffers     cached
Mem:          992M       930M        62M       652K       1.3M        12M
-/+ buffers/cache:       916M        75M
Swap:         8.0G       113M       7.9G

             total       used       free     shared    buffers     cached
Mem:          992M       928M        63M       652K       1.3M        11M
-/+ buffers/cache:       915M        76M
Swap:         8.0G       144M       7.9G

             total       used       free     shared    buffers     cached
Mem:          992M       928M        63M       652K       936K        10M
-/+ buffers/cache:       916M        75M
Swap:         8.0G       147M       7.9G

             total       used       free     shared    buffers     cached
Mem:          992M       930M        61M       604K       372K       3.9M
-/+ buffers/cache:       926M        66M
Swap:         8.0G       153M       7.8G

             total       used       free     shared    buffers     cached
Mem:          992M       912M        79M       568K       344K       2.8M
-/+ buffers/cache:       909M        82M
Swap:         8.0G       222M       7.8G

             total       used       free     shared    buffers     cached
Mem:          992M       930M        61M       568K       352K       2.8M
-/+ buffers/cache:       927M        64M
Swap:         8.0G       222M       7.8G

             total       used       free     shared    buffers     cached
Mem:          992M       923M        69M       568K       352K       2.8M
-/+ buffers/cache:       919M        72M
Swap:         8.0G       222M       7.8G

             total       used       free     shared    buffers     cached
Mem:          992M       922M        69M       568K       352K       2.9M
-/+ buffers/cache:       919M        72M
Swap:         8.0G       236M       7.8G

             total       used       free     shared    buffers     cached
Mem:          992M       924M        67M       568K       352K       2.9M
-/+ buffers/cache:       921M        71M
Swap:         8.0G       254M       7.7G

             total       used       free     shared    buffers     cached
Mem:          992M       924M        67M       544K       352K       2.9M
-/+ buffers/cache:       921M        70M
Swap:         8.0G       254M       7.7G

             total       used       free     shared    buffers     cached
Mem:          992M       920M        71M       544K       352K       2.9M
-/+ buffers/cache:       917M        75M
Swap:         8.0G       280M       7.7G

             total       used       free     shared    buffers     cached
Mem:          992M       924M        67M       540K       360K       2.8M
-/+ buffers/cache:       921M        70M
Swap:         8.0G       280M       7.7G

             total       used       free     shared    buffers     cached
Mem:          992M       919M        72M       540K       360K       3.2M
-/+ buffers/cache:       916M        76M
Swap:         8.0G       280M       7.7G

             total       used       free     shared    buffers     cached
Mem:          992M       925M        66M       540K       360K       3.2M
-/+ buffers/cache:       921M        70M
Swap:         8.0G       280M       7.7G

             total       used       free     shared    buffers     cached
Mem:          992M       930M        61M       540K       360K       3.2M
-/+ buffers/cache:       926M        65M
Swap:         8.0G       280M       7.7G

             total       used       free     shared    buffers     cached
Mem:          992M       921M        70M       540K       360K       3.2M
-/+ buffers/cache:       918M        74M
Swap:         8.0G       307M       7.7G

             total       used       free     shared    buffers     cached
Mem:          992M       927M        64M       540K       368K       3.2M
-/+ buffers/cache:       924M        68M
Swap:         8.0G       307M       7.7G

             total       used       free     shared    buffers     cached
Mem:          992M       921M        70M       540K       368K       3.2M
-/+ buffers/cache:       917M        74M
Swap:         8.0G       307M       7.7G

             total       used       free     shared    buffers     cached
Mem:          992M       925M        66M       540K       368K       3.2M
-/+ buffers/cache:       921M        70M
Swap:         8.0G       307M       7.7G

             total       used       free     shared    buffers     cached
Mem:          992M       930M        61M       540K       368K       3.2M
-/+ buffers/cache:       927M        65M
Swap:         8.0G       307M       7.7G

             total       used       free     shared    buffers     cached
Mem:          992M       922M        69M       540K       368K       3.2M
-/+ buffers/cache:       918M        73M
Swap:         8.0G       335M       7.7G

             total       used       free     shared    buffers     cached
Mem:          992M       926M        65M       540K       376K       3.2M
-/+ buffers/cache:       923M        69M
Swap:         8.0G       335M       7.7G

             total       used       free     shared    buffers     cached
Mem:          992M       929M        62M        20K       344K       2.0M
-/+ buffers/cache:       927M        65M
Swap:         8.0G       317M       7.7G

             total       used       free     shared    buffers     cached
Mem:          992M       926M        65M        20K       344K       1.8M
-/+ buffers/cache:       924M        68M
Swap:         8.0G       322M       7.7G

             total       used       free     shared    buffers     cached
Mem:          992M       927M        64M         8K       344K       1.7M
-/+ buffers/cache:       925M        66M
Swap:         8.0G       317M       7.7G

             total       used       free     shared    buffers     cached
Mem:          992M       910M        81M         0B        76K        11M
-/+ buffers/cache:       899M        93M
Swap:         8.0G       347M       7.7G

             total       used       free     shared    buffers     cached
Mem:          992M       920M        72M         0B       352K        15M
-/+ buffers/cache:       903M        88M
Swap:         8.0G       350M       7.7G

             total       used       free     shared    buffers     cached
Mem:          992M       920M        71M         0B       360K        14M
-/+ buffers/cache:       905M        86M
Swap:         8.0G       350M       7.7G

             total       used       free     shared    buffers     cached
Mem:          992M       920M        71M         0B       360K        14M
-/+ buffers/cache:       905M        86M
Swap:         8.0G       350M       7.7G

             total       used       free     shared    buffers     cached
Mem:          992M       931M        60M         0B       756K        12M
-/+ buffers/cache:       918M        73M
Swap:         8.0G       349M       7.7G

             total       used       free     shared    buffers     cached
Mem:          992M       920M        72M         0B       452K       5.6M
-/+ buffers/cache:       914M        78M
Swap:         8.0G       354M       7.7G

             total       used       free     shared    buffers     cached
Mem:          992M       921M        70M         0B       452K       5.8M
-/+ buffers/cache:       915M        77M
Swap:         8.0G       349M       7.7G

             total       used       free     shared    buffers     cached
Mem:          992M       929M        62M         0B       460K       4.9M
-/+ buffers/cache:       924M        67M
Swap:         8.0G       346M       7.7G

             total       used       free     shared    buffers     cached
Mem:          992M       915M        76M         0B        76K       2.9M
-/+ buffers/cache:       912M        79M
Swap:         8.0G       357M       7.6G

             total       used       free     shared    buffers     cached
Mem:          992M       925M        66M         0B        76K       2.2M
-/+ buffers/cache:       922M        69M
Swap:         8.0G       352M       7.7G

             total       used       free     shared    buffers     cached
Mem:          992M       922M        70M         0B        76K       2.4M
-/+ buffers/cache:       919M        72M
Swap:         8.0G       353M       7.7G

             total       used       free     shared    buffers     cached
Mem:          992M       923M        68M         0B        76K       2.3M
-/+ buffers/cache:       920M        71M
Swap:         8.0G       352M       7.7G

             total       used       free     shared    buffers     cached
Mem:          992M       923M        68M         0B        80K       2.4M
-/+ buffers/cache:       921M        71M
Swap:         8.0G       352M       7.7G

             total       used       free     shared    buffers     cached
Mem:          992M       924M        68M         0B        84K       2.8M
-/+ buffers/cache:       921M        71M
Swap:         8.0G       352M       7.7G

             total       used       free     shared    buffers     cached
Mem:          992M       924M        67M         0B        84K       3.1M
-/+ buffers/cache:       921M        71M
Swap:         8.0G       352M       7.7G

             total       used       free     shared    buffers     cached
Mem:          992M       924M        67M         0B        84K       3.1M
-/+ buffers/cache:       921M        70M
Swap:         8.0G       352M       7.7G

             total       used       free     shared    buffers     cached
Mem:          992M       920M        72M        56K       208K        22M
-/+ buffers/cache:       896M        95M
Swap:         8.0G       388M       7.6G

             total       used       free     shared    buffers     cached
Mem:          992M       922M        69M        40K       348K        28M
-/+ buffers/cache:       893M        98M
Swap:         8.0G       380M       7.6G

             total       used       free     shared    buffers     cached
Mem:          992M       925M        66M        40K       348K        29M
-/+ buffers/cache:       895M        96M
Swap:         8.0G       380M       7.6G

             total       used       free     shared    buffers     cached
Mem:          992M       928M        63M        40K       348K        29M
-/+ buffers/cache:       899M        92M
Swap:         8.0G       379M       7.6G

             total       used       free     shared    buffers     cached
Mem:          992M       909M        82M        40K       308K        25M
-/+ buffers/cache:       883M       108M
Swap:         8.0G       399M       7.6G

             total       used       free     shared    buffers     cached
Mem:          992M       912M        80M        40K       316K        25M
-/+ buffers/cache:       886M       105M
Swap:         8.0G       399M       7.6G

             total       used       free     shared    buffers     cached
Mem:          992M       915M        77M        40K       316K        25M
-/+ buffers/cache:       889M       102M
Swap:         8.0G       399M       7.6G

             total       used       free     shared    buffers     cached
Mem:          992M       918M        73M        40K       316K        25M
-/+ buffers/cache:       892M        99M
Swap:         8.0G       399M       7.6G

             total       used       free     shared    buffers     cached
Mem:          992M       921M        70M        40K       316K        25M
-/+ buffers/cache:       896M        96M
Swap:         8.0G       399M       7.6G

             total       used       free     shared    buffers     cached
Mem:          992M       924M        67M        40K       316K        25M
-/+ buffers/cache:       899M        93M
Swap:         8.0G       399M       7.6G

             total       used       free     shared    buffers     cached
Mem:          992M       928M        63M        40K       324K        25M
-/+ buffers/cache:       902M        89M
Swap:         8.0G       399M       7.6G

             total       used       free     shared    buffers     cached
Mem:          992M       914M        77M        40K       324K        24M
-/+ buffers/cache:       890M       101M
Swap:         8.0G       427M       7.6G

             total       used       free     shared    buffers     cached
Mem:          992M       918M        73M        40K       324K        24M
-/+ buffers/cache:       893M        98M
Swap:         8.0G       427M       7.6G

             total       used       free     shared    buffers     cached
Mem:          992M       921M        70M        40K       324K        24M
-/+ buffers/cache:       897M        95M
Swap:         8.0G       427M       7.6G

             total       used       free     shared    buffers     cached
Mem:          992M       924M        67M        40K       324K        24M
-/+ buffers/cache:       900M        92M
Swap:         8.0G       427M       7.6G

             total       used       free     shared    buffers     cached
Mem:          992M       926M        65M        40K       324K        24M
-/+ buffers/cache:       902M        89M
Swap:         8.0G       427M       7.6G

             total       used       free     shared    buffers     cached
Mem:          992M       929M        62M        40K       332K        24M
-/+ buffers/cache:       905M        87M
Swap:         8.0G       427M       7.6G

             total       used       free     shared    buffers     cached
Mem:          992M       931M        61M        40K       332K        24M
-/+ buffers/cache:       906M        85M
Swap:         8.0G       427M       7.6G

             total       used       free     shared    buffers     cached
Mem:          992M       917M        75M        40K       332K        23M
-/+ buffers/cache:       892M        99M
Swap:         8.0G       426M       7.6G

             total       used       free     shared    buffers     cached
Mem:          992M       918M        73M        40K       332K        23M
-/+ buffers/cache:       894M        97M
Swap:         8.0G       425M       7.6G

             total       used       free     shared    buffers     cached
Mem:          992M       920M        71M        40K       332K        24M
-/+ buffers/cache:       896M        95M
Swap:         8.0G       425M       7.6G

             total       used       free     shared    buffers     cached
Mem:          992M       922M        69M        40K       340K        24M
-/+ buffers/cache:       897M        94M
Swap:         8.0G       424M       7.6G

             total       used       free     shared    buffers     cached
Mem:          992M       923M        68M        40K       340K        24M
-/+ buffers/cache:       899M        92M
Swap:         8.0G       423M       7.6G

             total       used       free     shared    buffers     cached
Mem:          992M       925M        66M        40K       340K        24M
-/+ buffers/cache:       901M        90M
Swap:         8.0G       423M       7.6G

             total       used       free     shared    buffers     cached
Mem:          992M       927M        64M        40K       340K        24M
-/+ buffers/cache:       903M        89M
Swap:         8.0G       422M       7.6G

             total       used       free     shared    buffers     cached
Mem:          992M       928M        63M        40K       340K        24M
-/+ buffers/cache:       904M        87M
Swap:         8.0G       421M       7.6G

             total       used       free     shared    buffers     cached
Mem:          992M       930M        62M        40K       348K        24M
-/+ buffers/cache:       905M        86M
Swap:         8.0G       421M       7.6G

             total       used       free     shared    buffers     cached
Mem:          992M       915M        76M        40K       220K        21M
-/+ buffers/cache:       894M        98M
Swap:         8.0G       440M       7.6G

             total       used       free     shared    buffers     cached
Mem:          992M       917M        74M        40K       220K        21M
-/+ buffers/cache:       895M        96M
Swap:         8.0G       439M       7.6G

             total       used       free     shared    buffers     cached
Mem:          992M       919M        73M        40K       220K        21M
-/+ buffers/cache:       897M        95M
Swap:         8.0G       439M       7.6G

             total       used       free     shared    buffers     cached
Mem:          992M       920M        71M        40K       220K        21M
-/+ buffers/cache:       898M        93M
Swap:         8.0G       438M       7.6G

             total       used       free     shared    buffers     cached
Mem:          992M       922M        70M        40K       220K        21M
-/+ buffers/cache:       900M        92M
Swap:         8.0G       437M       7.6G

             total       used       free     shared    buffers     cached
Mem:          992M       923M        68M        40K       228K        21M
-/+ buffers/cache:       901M        90M
Swap:         8.0G       437M       7.6G

             total       used       free     shared    buffers     cached
Mem:          992M       925M        67M        40K       228K        21M
-/+ buffers/cache:       903M        88M
Swap:         8.0G       436M       7.6G

             total       used       free     shared    buffers     cached
Mem:          992M       926M        65M        40K       228K        21M
-/+ buffers/cache:       904M        87M
Swap:         8.0G       435M       7.6G

             total       used       free     shared    buffers     cached
Mem:          992M       928M        63M        40K       228K        21M
-/+ buffers/cache:       906M        85M
Swap:         8.0G       435M       7.6G

             total       used       free     shared    buffers     cached
Mem:          992M       930M        61M        40K       228K        21M
-/+ buffers/cache:       908M        83M
Swap:         8.0G       434M       7.6G

             total       used       free     shared    buffers     cached
Mem:          992M       919M        72M        40K       236K        19M
-/+ buffers/cache:       899M        92M
Swap:         8.0G       433M       7.6G

             total       used       free     shared    buffers     cached
Mem:          992M       920M        71M        40K       236K        19M
-/+ buffers/cache:       901M        91M
Swap:         8.0G       433M       7.6G

             total       used       free     shared    buffers     cached
Mem:          992M       928M        63M        40K       236K        25M
-/+ buffers/cache:       902M        89M
Swap:         8.0G       432M       7.6G

             total       used       free     shared    buffers     cached
Mem:          992M       930M        61M        40K       568K        25M
-/+ buffers/cache:       904M        87M
Swap:         8.0G       431M       7.6G

             total       used       free     shared    buffers     cached
Mem:          992M       906M        85M        40K       424K        19M
-/+ buffers/cache:       886M       105M
Swap:         8.0G       457M       7.6G

             total       used       free     shared    buffers     cached
Mem:          992M       907M        84M        40K       432K        19M
-/+ buffers/cache:       888M       104M
Swap:         8.0G       456M       7.6G

             total       used       free     shared    buffers     cached
Mem:          992M       908M        83M        40K       432K        19M
-/+ buffers/cache:       888M       103M
Swap:         8.0G       456M       7.6G

             total       used       free     shared    buffers     cached
Mem:          992M       910M        81M        40K       432K        19M
-/+ buffers/cache:       890M       101M
Swap:         8.0G       455M       7.6G

             total       used       free     shared    buffers     cached
Mem:          992M       911M        80M        40K       432K        19M
-/+ buffers/cache:       891M       100M
Swap:         8.0G       455M       7.6G

             total       used       free     shared    buffers     cached
Mem:          992M       913M        79M        40K       432K        19M
-/+ buffers/cache:       893M        98M
Swap:         8.0G       454M       7.6G

             total       used       free     shared    buffers     cached
Mem:          992M       914M        77M        40K       432K        19M
-/+ buffers/cache:       894M        97M
Swap:         8.0G       453M       7.6G

             total       used       free     shared    buffers     cached
Mem:          992M       916M        75M        40K       440K        19M
-/+ buffers/cache:       896M        95M
Swap:         8.0G       453M       7.6G

             total       used       free     shared    buffers     cached
Mem:          992M       917M        74M        40K       440K        19M
-/+ buffers/cache:       897M        94M
Swap:         8.0G       452M       7.6G

             total       used       free     shared    buffers     cached
Mem:          992M       919M        72M        40K       440K        19M
-/+ buffers/cache:       899M        92M
Swap:         8.0G       451M       7.6G

             total       used       free     shared    buffers     cached
Mem:          992M       920M        71M        40K       440K        19M
-/+ buffers/cache:       900M        91M
Swap:         8.0G       451M       7.6G

             total       used       free     shared    buffers     cached
Mem:          992M       922M        69M        40K       440K        19M
-/+ buffers/cache:       902M        89M
Swap:         8.0G       450M       7.6G

             total       used       free     shared    buffers     cached
Mem:          992M       923M        68M        40K       448K        19M
-/+ buffers/cache:       904M        88M
Swap:         8.0G       449M       7.6G

             total       used       free     shared    buffers     cached
Mem:          992M       925M        66M        40K       448K        19M
-/+ buffers/cache:       905M        86M
Swap:         8.0G       449M       7.6G

             total       used       free     shared    buffers     cached
Mem:          992M       926M        65M        40K       456K        19M
-/+ buffers/cache:       907M        85M
Swap:         8.0G       448M       7.6G

             total       used       free     shared    buffers     cached
Mem:          992M       928M        63M        40K       456K        19M
-/+ buffers/cache:       908M        83M
Swap:         8.0G       447M       7.6G

             total       used       free     shared    buffers     cached
Mem:          992M       929M        62M        40K       456K        19M
-/+ buffers/cache:       910M        82M
Swap:         8.0G       447M       7.6G

             total       used       free     shared    buffers     cached
Mem:          992M       919M        72M        40K       464K        18M
-/+ buffers/cache:       900M        91M
Swap:         8.0G       448M       7.6G

             total       used       free     shared    buffers     cached
Mem:          992M       920M        71M        40K       464K        18M
-/+ buffers/cache:       901M        91M
Swap:         8.0G       448M       7.6G

             total       used       free     shared    buffers     cached
Mem:          992M       922M        69M        40K       464K        18M
-/+ buffers/cache:       902M        89M
Swap:         8.0G       447M       7.6G

             total       used       free     shared    buffers     cached
Mem:          992M       923M        68M        40K       464K        18M
-/+ buffers/cache:       904M        87M
Swap:         8.0G       446M       7.6G

             total       used       free     shared    buffers     cached
Mem:          992M       925M        66M        40K       464K        18M
-/+ buffers/cache:       906M        86M
Swap:         8.0G       445M       7.6G

             total       used       free     shared    buffers     cached
Mem:          992M       926M        65M        40K       464K        18M
-/+ buffers/cache:       907M        84M
Swap:         8.0G       445M       7.6G

             total       used       free     shared    buffers     cached
Mem:          992M       928M        63M        40K       472K        18M
-/+ buffers/cache:       909M        83M
Swap:         8.0G       444M       7.6G

             total       used       free     shared    buffers     cached
Mem:          992M       930M        61M        40K       472K        18M
-/+ buffers/cache:       910M        81M
Swap:         8.0G       443M       7.6G

             total       used       free     shared    buffers     cached
Mem:          992M       908M        83M        40K       472K        18M
-/+ buffers/cache:       889M       102M
Swap:         8.0G       468M       7.5G

             total       used       free     shared    buffers     cached
Mem:          992M       910M        81M        40K       892K        18M
-/+ buffers/cache:       891M       100M
Swap:         8.0G       467M       7.5G

             total       used       free     shared    buffers     cached
Mem:          992M       923M        68M        40K       928K        28M
-/+ buffers/cache:       894M        98M
Swap:         8.0G       466M       7.5G

             total       used       free     shared    buffers     cached
Mem:          992M       924M        67M        40K       936K        28M
-/+ buffers/cache:       895M        96M
Swap:         8.0G       466M       7.5G

             total       used       free     shared    buffers     cached
Mem:          992M       928M        63M        40K       936K        29M
-/+ buffers/cache:       898M        93M
Swap:         8.0G       464M       7.5G

             total       used       free     shared    buffers     cached
Mem:          992M       930M        61M        40K       936K        29M
-/+ buffers/cache:       900M        91M
Swap:         8.0G       463M       7.5G

             total       used       free     shared    buffers     cached
Mem:          992M       907M        84M        40K       920K        27M
-/+ buffers/cache:       879M       112M
Swap:         8.0G       490M       7.5G

             total       used       free     shared    buffers     cached
Mem:          992M       909M        82M        40K       920K        27M
-/+ buffers/cache:       881M       111M
Swap:         8.0G       490M       7.5G

             total       used       free     shared    buffers     cached
Mem:          992M       910M        81M        40K       920K        27M
-/+ buffers/cache:       882M       109M
Swap:         8.0G       489M       7.5G

             total       used       free     shared    buffers     cached
Mem:          992M       912M        79M        40K       928K        27M
-/+ buffers/cache:       884M       108M
Swap:         8.0G       488M       7.5G

             total       used       free     shared    buffers     cached
Mem:          992M       913M        78M        40K       928K        27M
-/+ buffers/cache:       885M       106M
Swap:         8.0G       488M       7.5G

             total       used       free     shared    buffers     cached
Mem:          992M       915M        76M        40K       928K        27M
-/+ buffers/cache:       887M       105M
Swap:         8.0G       487M       7.5G

             total       used       free     shared    buffers     cached
Mem:          992M       916M        75M        40K       928K        27M
-/+ buffers/cache:       888M       103M
Swap:         8.0G       486M       7.5G

             total       used       free     shared    buffers     cached
Mem:          992M       918M        73M        40K       928K        27M
-/+ buffers/cache:       890M       102M
Swap:         8.0G       486M       7.5G

             total       used       free     shared    buffers     cached
Mem:          992M       920M        72M        40K       936K        27M
-/+ buffers/cache:       891M       100M
Swap:         8.0G       485M       7.5G

             total       used       free     shared    buffers     cached
Mem:          992M       921M        70M        40K       936K        27M
-/+ buffers/cache:       893M        98M
Swap:         8.0G       484M       7.5G

             total       used       free     shared    buffers     cached
Mem:          992M       923M        68M        40K       936K        27M
-/+ buffers/cache:       894M        97M
Swap:         8.0G       483M       7.5G

             total       used       free     shared    buffers     cached
Mem:          992M       924M        67M        40K       936K        27M
-/+ buffers/cache:       896M        96M
Swap:         8.0G       483M       7.5G

             total       used       free     shared    buffers     cached
Mem:          992M       926M        65M        40K       936K        27M
-/+ buffers/cache:       897M        94M
Swap:         8.0G       482M       7.5G

             total       used       free     shared    buffers     cached
Mem:          992M       928M        63M        40K       936K        27M
-/+ buffers/cache:       899M        92M
Swap:         8.0G       481M       7.5G

             total       used       free     shared    buffers     cached
Mem:          992M       929M        62M        40K       944K        27M
-/+ buffers/cache:       901M        91M
Swap:         8.0G       480M       7.5G

             total       used       free     shared    buffers     cached
Mem:          992M       918M        74M        40K       944K        27M
-/+ buffers/cache:       889M       102M
Swap:         8.0G       482M       7.5G

             total       used       free     shared    buffers     cached
Mem:          992M       919M        73M        40K       944K        27M
-/+ buffers/cache:       891M       101M
Swap:         8.0G       481M       7.5G

             total       used       free     shared    buffers     cached
Mem:          992M       920M        71M        40K       944K        27M
-/+ buffers/cache:       892M        99M
Swap:         8.0G       481M       7.5G

             total       used       free     shared    buffers     cached
Mem:          992M       922M        70M        40K       948K        27M
-/+ buffers/cache:       894M        98M
Swap:         8.0G       480M       7.5G

             total       used       free     shared    buffers     cached
Mem:          992M       924M        68M        40K       956K        27M
-/+ buffers/cache:       895M        96M
Swap:         8.0G       479M       7.5G

             total       used       free     shared    buffers     cached
Mem:          992M       925M        66M        40K       956K        27M
-/+ buffers/cache:       897M        94M
Swap:         8.0G       478M       7.5G

             total       used       free     shared    buffers     cached
Mem:          992M       927M        64M        40K       956K        27M
-/+ buffers/cache:       899M        92M
Swap:         8.0G       478M       7.5G

             total       used       free     shared    buffers     cached
Mem:          992M       928M        63M        40K       956K        27M
-/+ buffers/cache:       900M        91M
Swap:         8.0G       477M       7.5G

             total       used       free     shared    buffers     cached
Mem:          992M       930M        61M        40K       956K        27M
-/+ buffers/cache:       902M        89M
Swap:         8.0G       476M       7.5G

             total       used       free     shared    buffers     cached
Mem:          992M       914M        77M        40K       848K        24M
-/+ buffers/cache:       889M       102M
Swap:         8.0G       498M       7.5G

             total       used       free     shared    buffers     cached
Mem:          992M       916M        75M        40K       856K        24M
-/+ buffers/cache:       891M       101M
Swap:         8.0G       497M       7.5G

             total       used       free     shared    buffers     cached
Mem:          992M       918M        74M        40K       856K        24M
-/+ buffers/cache:       892M        99M
Swap:         8.0G       496M       7.5G

             total       used       free     shared    buffers     cached
Mem:          992M       920M        72M        40K       856K        24M
-/+ buffers/cache:       894M        97M
Swap:         8.0G       495M       7.5G

             total       used       free     shared    buffers     cached
Mem:          992M       921M        70M        40K       856K        24M
-/+ buffers/cache:       896M        95M
Swap:         8.0G       494M       7.5G

             total       used       free     shared    buffers     cached
Mem:          992M       923M        68M        40K       856K        24M
-/+ buffers/cache:       898M        94M
Swap:         8.0G       493M       7.5G

             total       used       free     shared    buffers     cached
Mem:          992M       925M        66M        40K       864K        24M
-/+ buffers/cache:       900M        92M
Swap:         8.0G       492M       7.5G

             total       used       free     shared    buffers     cached
Mem:          992M       927M        64M        40K       864K        24M
-/+ buffers/cache:       902M        89M
Swap:         8.0G       491M       7.5G

             total       used       free     shared    buffers     cached
Mem:          992M       929M        62M        40K       864K        24M
-/+ buffers/cache:       903M        88M
Swap:         8.0G       490M       7.5G

             total       used       free     shared    buffers     cached
Mem:          992M       931M        60M        40K       864K        24M
-/+ buffers/cache:       905M        86M
Swap:         8.0G       489M       7.5G

             total       used       free     shared    buffers     cached
Mem:          992M       921M        70M        40K       864K        24M
-/+ buffers/cache:       896M        95M
Swap:         8.0G       490M       7.5G

             total       used       free     shared    buffers     cached
Mem:          992M       923M        68M        40K       864K        24M
-/+ buffers/cache:       898M        93M
Swap:         8.0G       489M       7.5G

             total       used       free     shared    buffers     cached
Mem:          992M       925M        66M        40K       872K        24M
-/+ buffers/cache:       900M        92M
Swap:         8.0G       488M       7.5G

             total       used       free     shared    buffers     cached
Mem:          992M       927M        65M        40K       872K        24M
-/+ buffers/cache:       901M        90M
Swap:         8.0G       487M       7.5G

             total       used       free     shared    buffers     cached
Mem:          992M       928M        63M        40K       872K        24M
-/+ buffers/cache:       903M        88M
Swap:         8.0G       486M       7.5G

             total       used       free     shared    buffers     cached
Mem:          992M       930M        61M        40K       872K        24M
-/+ buffers/cache:       905M        87M
Swap:         8.0G       485M       7.5G

             total       used       free     shared    buffers     cached
Mem:          992M       918M        73M        40K       872K        22M
-/+ buffers/cache:       895M        96M
Swap:         8.0G       507M       7.5G

             total       used       free     shared    buffers     cached
Mem:          992M       920M        71M        40K       880K        22M
-/+ buffers/cache:       897M        94M
Swap:         8.0G       506M       7.5G

             total       used       free     shared    buffers     cached
Mem:          992M       922M        69M        40K       880K        22M
-/+ buffers/cache:       899M        93M
Swap:         8.0G       505M       7.5G

             total       used       free     shared    buffers     cached
Mem:          992M       924M        68M        40K       880K        22M
-/+ buffers/cache:       901M        91M
Swap:         8.0G       504M       7.5G

             total       used       free     shared    buffers     cached
Mem:          992M       926M        66M        40K       880K        22M
-/+ buffers/cache:       902M        89M
Swap:         8.0G       503M       7.5G

             total       used       free     shared    buffers     cached
Mem:          992M       927M        64M        40K       880K        22M
-/+ buffers/cache:       904M        87M
Swap:         8.0G       502M       7.5G

             total       used       free     shared    buffers     cached
Mem:          992M       929M        62M        40K       880K        22M
-/+ buffers/cache:       906M        85M
Swap:         8.0G       501M       7.5G

             total       used       free     shared    buffers     cached
Mem:          992M       919M        72M        60K       2.6M        30M
-/+ buffers/cache:       886M       105M
Swap:         8.0G       513M       7.5G

             total       used       free     shared    buffers     cached
Mem:          992M       925M        67M        96K       6.0M        37M
-/+ buffers/cache:       881M       110M
Swap:         8.0G       524M       7.5G
