             total       used       free     shared    buffers     cached
Mem:          992M       661M       331M       3.2M        38M       289M
-/+ buffers/cache:       332M       659M
Swap:         8.0G         0B       8.0G

             total       used       free     shared    buffers     cached
Mem:          992M       676M       315M       3.2M        38M       290M
-/+ buffers/cache:       348M       644M
Swap:         8.0G         0B       8.0G

             total       used       free     shared    buffers     cached
Mem:          992M       702M       289M       3.2M        38M       290M
-/+ buffers/cache:       374M       618M
Swap:         8.0G         0B       8.0G

             total       used       free     shared    buffers     cached
Mem:          992M       663M       328M       3.2M        38M       290M
-/+ buffers/cache:       333M       658M
Swap:         8.0G         0B       8.0G

             total       used       free     shared    buffers     cached
Mem:          992M       666M       326M       3.2M        38M       291M
-/+ buffers/cache:       336M       656M
Swap:         8.0G         0B       8.0G

             total       used       free     shared    buffers     cached
Mem:          992M       664M       327M       3.2M        38M       291M
-/+ buffers/cache:       334M       657M
Swap:         8.0G         0B       8.0G

             total       used       free     shared    buffers     cached
Mem:          992M       664M       327M       3.2M        38M       291M
-/+ buffers/cache:       334M       657M
Swap:         8.0G         0B       8.0G

             total       used       free     shared    buffers     cached
Mem:          992M       664M       327M       3.2M        38M       291M
-/+ buffers/cache:       334M       657M
Swap:         8.0G         0B       8.0G

             total       used       free     shared    buffers     cached
Mem:          992M       664M       327M       3.2M        38M       291M
-/+ buffers/cache:       334M       657M
Swap:         8.0G         0B       8.0G

             total       used       free     shared    buffers     cached
Mem:          992M       664M       327M       3.2M        38M       291M
-/+ buffers/cache:       334M       657M
Swap:         8.0G         0B       8.0G

             total       used       free     shared    buffers     cached
Mem:          992M       664M       327M       3.2M        38M       291M
-/+ buffers/cache:       334M       658M
Swap:         8.0G         0B       8.0G

             total       used       free     shared    buffers     cached
Mem:          992M       666M       326M       3.2M        38M       291M
-/+ buffers/cache:       335M       656M
Swap:         8.0G         0B       8.0G

             total       used       free     shared    buffers     cached
Mem:          992M       666M       326M       3.2M        38M       291M
-/+ buffers/cache:       335M       656M
Swap:         8.0G         0B       8.0G

             total       used       free     shared    buffers     cached
Mem:          992M       666M       326M       3.2M        38M       291M
-/+ buffers/cache:       335M       656M
Swap:         8.0G         0B       8.0G

             total       used       free     shared    buffers     cached
Mem:          992M       666M       326M       3.2M        38M       291M
-/+ buffers/cache:       335M       656M
Swap:         8.0G         0B       8.0G

             total       used       free     shared    buffers     cached
Mem:          992M       666M       326M       3.2M        38M       291M
-/+ buffers/cache:       335M       656M
Swap:         8.0G         0B       8.0G

             total       used       free     shared    buffers     cached
Mem:          992M       665M       326M       3.2M        38M       291M
-/+ buffers/cache:       335M       656M
Swap:         8.0G         0B       8.0G

             total       used       free     shared    buffers     cached
Mem:          992M       665M       326M       3.2M        38M       291M
-/+ buffers/cache:       335M       656M
Swap:         8.0G         0B       8.0G

             total       used       free     shared    buffers     cached
Mem:          992M       666M       326M       3.2M        38M       291M
-/+ buffers/cache:       335M       656M
Swap:         8.0G         0B       8.0G

             total       used       free     shared    buffers     cached
Mem:          992M       666M       326M       3.2M        38M       291M
-/+ buffers/cache:       335M       656M
Swap:         8.0G         0B       8.0G

             total       used       free     shared    buffers     cached
Mem:          992M       666M       326M       3.2M        38M       291M
-/+ buffers/cache:       335M       656M
Swap:         8.0G         0B       8.0G

             total       used       free     shared    buffers     cached
Mem:          992M       666M       325M       3.2M        38M       291M
-/+ buffers/cache:       336M       655M
Swap:         8.0G         0B       8.0G

             total       used       free     shared    buffers     cached
Mem:          992M       666M       325M       3.2M        38M       291M
-/+ buffers/cache:       336M       655M
Swap:         8.0G         0B       8.0G

             total       used       free     shared    buffers     cached
Mem:          992M       666M       325M       3.2M        38M       291M
-/+ buffers/cache:       336M       655M
Swap:         8.0G         0B       8.0G

             total       used       free     shared    buffers     cached
Mem:          992M       666M       325M       3.2M        38M       291M
-/+ buffers/cache:       336M       655M
Swap:         8.0G         0B       8.0G

             total       used       free     shared    buffers     cached
Mem:          992M       666M       325M       3.2M        38M       291M
-/+ buffers/cache:       336M       655M
Swap:         8.0G         0B       8.0G

             total       used       free     shared    buffers     cached
Mem:          992M       666M       325M       3.2M        38M       291M
-/+ buffers/cache:       336M       655M
Swap:         8.0G         0B       8.0G

             total       used       free     shared    buffers     cached
Mem:          992M       666M       325M       3.2M        38M       291M
-/+ buffers/cache:       336M       655M
Swap:         8.0G         0B       8.0G

             total       used       free     shared    buffers     cached
Mem:          992M       666M       325M       3.2M        38M       291M
-/+ buffers/cache:       336M       655M
Swap:         8.0G         0B       8.0G

             total       used       free     shared    buffers     cached
Mem:          992M       666M       325M       3.2M        38M       291M
-/+ buffers/cache:       336M       655M
Swap:         8.0G         0B       8.0G

             total       used       free     shared    buffers     cached
Mem:          992M       666M       325M       3.2M        38M       291M
-/+ buffers/cache:       336M       655M
Swap:         8.0G         0B       8.0G

             total       used       free     shared    buffers     cached
Mem:          992M       666M       325M       3.2M        38M       291M
-/+ buffers/cache:       336M       655M
Swap:         8.0G         0B       8.0G

             total       used       free     shared    buffers     cached
Mem:          992M       666M       325M       3.2M        38M       291M
-/+ buffers/cache:       336M       655M
Swap:         8.0G         0B       8.0G

             total       used       free     shared    buffers     cached
Mem:          992M       674M       317M       3.2M        38M       291M
-/+ buffers/cache:       344M       647M
Swap:         8.0G         0B       8.0G

             total       used       free     shared    buffers     cached
Mem:          992M       694M       297M       3.2M        38M       291M
-/+ buffers/cache:       364M       627M
Swap:         8.0G         0B       8.0G

             total       used       free     shared    buffers     cached
Mem:          992M       712M       279M       3.2M        38M       291M
-/+ buffers/cache:       382M       609M
Swap:         8.0G         0B       8.0G

             total       used       free     shared    buffers     cached
Mem:          992M       730M       261M       3.2M        38M       291M
-/+ buffers/cache:       400M       591M
Swap:         8.0G         0B       8.0G

             total       used       free     shared    buffers     cached
Mem:          992M       748M       243M       3.2M        38M       291M
-/+ buffers/cache:       418M       573M
Swap:         8.0G         0B       8.0G

             total       used       free     shared    buffers     cached
Mem:          992M       768M       224M       3.2M        38M       291M
-/+ buffers/cache:       437M       554M
Swap:         8.0G         0B       8.0G

             total       used       free     shared    buffers     cached
Mem:          992M       784M       207M       3.2M        38M       291M
-/+ buffers/cache:       454M       538M
Swap:         8.0G         0B       8.0G

             total       used       free     shared    buffers     cached
Mem:          992M       803M       188M       3.2M        38M       291M
-/+ buffers/cache:       473M       519M
Swap:         8.0G         0B       8.0G

             total       used       free     shared    buffers     cached
Mem:          992M       821M       170M       3.2M        38M       291M
-/+ buffers/cache:       491M       501M
Swap:         8.0G         0B       8.0G

             total       used       free     shared    buffers     cached
Mem:          992M       838M       153M       3.2M        38M       291M
-/+ buffers/cache:       508M       484M
Swap:         8.0G         0B       8.0G

             total       used       free     shared    buffers     cached
Mem:          992M       854M       137M       3.2M        38M       291M
-/+ buffers/cache:       524M       468M
Swap:         8.0G         0B       8.0G

             total       used       free     shared    buffers     cached
Mem:          992M       871M       120M       3.2M        38M       291M
-/+ buffers/cache:       541M       451M
Swap:         8.0G         0B       8.0G

             total       used       free     shared    buffers     cached
Mem:          992M       888M       103M       3.2M        38M       291M
-/+ buffers/cache:       558M       433M
Swap:         8.0G         0B       8.0G

             total       used       free     shared    buffers     cached
Mem:          992M       902M        89M       3.2M        38M       291M
-/+ buffers/cache:       572M       419M
Swap:         8.0G         0B       8.0G

             total       used       free     shared    buffers     cached
Mem:          992M       920M        71M       3.2M        38M       291M
-/+ buffers/cache:       590M       401M
Swap:         8.0G         0B       8.0G

             total       used       free     shared    buffers     cached
Mem:          992M       924M        67M       3.2M        25M       290M
-/+ buffers/cache:       608M       383M
Swap:         8.0G         0B       8.0G

             total       used       free     shared    buffers     cached
Mem:          992M       924M        67M       3.2M        10M       287M
-/+ buffers/cache:       626M       365M
Swap:         8.0G         0B       8.0G

             total       used       free     shared    buffers     cached
Mem:          992M       924M        67M       3.2M        10M       269M
-/+ buffers/cache:       644M       347M
Swap:         8.0G       100K       8.0G

             total       used       free     shared    buffers     cached
Mem:          992M       919M        72M       3.1M       9.8M       250M
-/+ buffers/cache:       659M       332M
Swap:         8.0G       240K       8.0G

             total       used       free     shared    buffers     cached
Mem:          992M       919M        72M       3.0M       9.8M       235M
-/+ buffers/cache:       674M       318M
Swap:         8.0G       3.7M       8.0G

             total       used       free     shared    buffers     cached
Mem:          992M       907M        85M       2.9M       9.8M       211M
-/+ buffers/cache:       685M       306M
Swap:         8.0G       7.9M       8.0G

             total       used       free     shared    buffers     cached
Mem:          992M       923M        69M       2.9M       9.8M       211M
-/+ buffers/cache:       701M       290M
Swap:         8.0G       7.9M       8.0G

             total       used       free     shared    buffers     cached
Mem:          992M       926M        65M       2.9M       3.1M       205M
-/+ buffers/cache:       717M       274M
Swap:         8.0G       7.9M       8.0G

             total       used       free     shared    buffers     cached
Mem:          992M       922M        70M       2.9M       1.1M       188M
-/+ buffers/cache:       732M       259M
Swap:         8.0G       7.9M       8.0G

             total       used       free     shared    buffers     cached
Mem:          992M       913M        78M       2.9M       244K       166M
-/+ buffers/cache:       746M       245M
Swap:         8.0G       7.9M       8.0G

             total       used       free     shared    buffers     cached
Mem:          992M       929M        62M       2.9M       244K       166M
-/+ buffers/cache:       762M       229M
Swap:         8.0G       7.9M       8.0G

             total       used       free     shared    buffers     cached
Mem:          992M       923M        68M       2.9M       252K       147M
-/+ buffers/cache:       775M       216M
Swap:         8.0G       7.9M       8.0G

             total       used       free     shared    buffers     cached
Mem:          992M       914M        77M       2.9M       504K       132M
-/+ buffers/cache:       781M       210M
Swap:         8.0G       7.9M       8.0G

             total       used       free     shared    buffers     cached
Mem:          992M       930M        61M       2.9M       504K       132M
-/+ buffers/cache:       797M       194M
Swap:         8.0G       7.9M       8.0G

             total       used       free     shared    buffers     cached
Mem:          992M       920M        71M       2.9M       508K       106M
-/+ buffers/cache:       813M       178M
Swap:         8.0G       7.9M       8.0G

             total       used       free     shared    buffers     cached
Mem:          992M       915M        77M       2.9M       500K        84M
-/+ buffers/cache:       830M       161M
Swap:         8.0G       7.9M       8.0G

             total       used       free     shared    buffers     cached
Mem:          992M       932M        60M       2.9M       500K        84M
-/+ buffers/cache:       847M       144M
Swap:         8.0G       7.9M       8.0G

             total       used       free     shared    buffers     cached
Mem:          992M       931M        60M       2.9M       500K        65M
-/+ buffers/cache:       865M       126M
Swap:         8.0G       7.9M       8.0G

             total       used       free     shared    buffers     cached
Mem:          992M       932M        59M       2.9M       500K        50M
-/+ buffers/cache:       881M       111M
Swap:         8.0G       7.9M       8.0G

             total       used       free     shared    buffers     cached
Mem:          992M       926M        66M       2.9M       912K        28M
-/+ buffers/cache:       896M        95M
Swap:         8.0G       7.9M       8.0G

             total       used       free     shared    buffers     cached
Mem:          992M       930M        61M       2.8M       912K        17M
-/+ buffers/cache:       911M        80M
Swap:         8.0G        12M       8.0G

             total       used       free     shared    buffers     cached
Mem:          992M       913M        78M       2.8M       464K       5.8M
-/+ buffers/cache:       907M        84M
Swap:         8.0G        28M       8.0G

             total       used       free     shared    buffers     cached
Mem:          992M       929M        62M       2.7M       464K       5.9M
-/+ buffers/cache:       923M        68M
Swap:         8.0G        28M       8.0G

             total       used       free     shared    buffers     cached
Mem:          992M       928M        63M       2.5M       192K       4.7M
-/+ buffers/cache:       924M        68M
Swap:         8.0G        45M       8.0G

             total       used       free     shared    buffers     cached
Mem:          992M       931M        61M       2.4M       192K       4.7M
-/+ buffers/cache:       926M        65M
Swap:         8.0G        79M       7.9G

             total       used       free     shared    buffers     cached
Mem:          992M       928M        63M       2.4M       200K       4.6M
-/+ buffers/cache:       923M        68M
Swap:         8.0G        79M       7.9G

             total       used       free     shared    buffers     cached
Mem:          992M       927M        65M       2.4M       200K       4.5M
-/+ buffers/cache:       922M        69M
Swap:         8.0G        94M       7.9G

             total       used       free     shared    buffers     cached
Mem:          992M       927M        64M       2.4M       200K       4.5M
-/+ buffers/cache:       922M        69M
Swap:         8.0G       115M       7.9G

             total       used       free     shared    buffers     cached
Mem:          992M       927M        64M       2.4M       200K       4.7M
-/+ buffers/cache:       923M        69M
Swap:         8.0G       120M       7.9G

             total       used       free     shared    buffers     cached
Mem:          992M       926M        66M       2.4M       200K       4.7M
-/+ buffers/cache:       921M        70M
Swap:         8.0G       144M       7.9G

             total       used       free     shared    buffers     cached
Mem:          992M       922M        70M       2.4M       208K       4.5M
-/+ buffers/cache:       917M        74M
Swap:         8.0G       161M       7.8G

             total       used       free     shared    buffers     cached
Mem:          992M       922M        70M       2.4M       208K       4.5M
-/+ buffers/cache:       917M        74M
Swap:         8.0G       185M       7.8G

             total       used       free     shared    buffers     cached
Mem:          992M       924M        68M       2.4M       208K       4.5M
-/+ buffers/cache:       919M        72M
Swap:         8.0G       185M       7.8G

             total       used       free     shared    buffers     cached
Mem:          992M       915M        77M       2.4M       208K       4.5M
-/+ buffers/cache:       910M        81M
Swap:         8.0G       232M       7.8G

             total       used       free     shared    buffers     cached
Mem:          992M       931M        61M       2.4M       208K       4.5M
-/+ buffers/cache:       926M        65M
Swap:         8.0G       232M       7.8G

             total       used       free     shared    buffers     cached
Mem:          992M       929M        62M       2.4M       216K       4.5M
-/+ buffers/cache:       925M        66M
Swap:         8.0G       232M       7.8G

             total       used       free     shared    buffers     cached
Mem:          992M       927M        64M       2.4M       216K       4.5M
-/+ buffers/cache:       922M        69M
Swap:         8.0G       242M       7.8G

             total       used       free     shared    buffers     cached
Mem:          992M       922M        69M       2.3M       216K       4.4M
-/+ buffers/cache:       918M        74M
Swap:         8.0G       253M       7.7G

             total       used       free     shared    buffers     cached
Mem:          992M       918M        73M       2.3M       216K       4.4M
-/+ buffers/cache:       914M        77M
Swap:         8.0G       268M       7.7G

             total       used       free     shared    buffers     cached
Mem:          992M       926M        65M       2.3M       216K       4.4M
-/+ buffers/cache:       921M        70M
Swap:         8.0G       268M       7.7G

             total       used       free     shared    buffers     cached
Mem:          992M       921M        70M       2.3M       216K       4.3M
-/+ buffers/cache:       916M        75M
Swap:         8.0G       285M       7.7G

             total       used       free     shared    buffers     cached
Mem:          992M       924M        67M       2.3M       224K       4.3M
-/+ buffers/cache:       920M        72M
Swap:         8.0G       285M       7.7G

             total       used       free     shared    buffers     cached
Mem:          992M       920M        71M       2.3M       224K       4.3M
-/+ buffers/cache:       915M        76M
Swap:         8.0G       292M       7.7G

             total       used       free     shared    buffers     cached
Mem:          992M       924M        67M       2.3M       224K       4.3M
-/+ buffers/cache:       920M        71M
Swap:         8.0G       292M       7.7G

             total       used       free     shared    buffers     cached
Mem:          992M       930M        61M       2.3M       224K       4.3M
-/+ buffers/cache:       926M        66M
Swap:         8.0G       292M       7.7G

             total       used       free     shared    buffers     cached
Mem:          992M       919M        72M       2.3M       224K       4.3M
-/+ buffers/cache:       914M        77M
Swap:         8.0G       323M       7.7G

             total       used       free     shared    buffers     cached
Mem:          992M       924M        68M       2.3M       232K       4.3M
-/+ buffers/cache:       919M        72M
Swap:         8.0G       323M       7.7G

             total       used       free     shared    buffers     cached
Mem:          992M       929M        62M       2.3M       232K       4.3M
-/+ buffers/cache:       924M        67M
Swap:         8.0G       323M       7.7G

             total       used       free     shared    buffers     cached
Mem:          992M       923M        68M       2.3M       232K       4.3M
-/+ buffers/cache:       919M        73M
Swap:         8.0G       322M       7.7G

             total       used       free     shared    buffers     cached
Mem:          992M       921M        70M         0B        80K        13M
-/+ buffers/cache:       907M        84M
Swap:         8.0G       340M       7.7G

             total       used       free     shared    buffers     cached
Mem:          992M       922M        70M         4K       536K        19M
-/+ buffers/cache:       902M        90M
Swap:         8.0G       344M       7.7G

             total       used       free     shared    buffers     cached
Mem:          992M       920M        71M         0B       660K        13M
-/+ buffers/cache:       906M        85M
Swap:         8.0G       344M       7.7G

             total       used       free     shared    buffers     cached
Mem:          992M       920M        71M         0B       656K       6.0M
-/+ buffers/cache:       913M        78M
Swap:         8.0G       334M       7.7G

             total       used       free     shared    buffers     cached
Mem:          992M       920M        71M         0B       456K       1.5M
-/+ buffers/cache:       918M        73M
Swap:         8.0G       328M       7.7G

             total       used       free     shared    buffers     cached
Mem:          992M       921M        70M         0B       456K       1.4M
-/+ buffers/cache:       919M        72M
Swap:         8.0G       329M       7.7G

             total       used       free     shared    buffers     cached
Mem:          992M       920M        71M         0B       360K       1.4M
-/+ buffers/cache:       918M        73M
Swap:         8.0G       331M       7.7G

             total       used       free     shared    buffers     cached
Mem:          992M       919M        72M         0B       160K       1.6M
-/+ buffers/cache:       917M        74M
Swap:         8.0G       336M       7.7G

             total       used       free     shared    buffers     cached
Mem:          992M       919M        72M         0B       104K       1.8M
-/+ buffers/cache:       917M        74M
Swap:         8.0G       334M       7.7G

             total       used       free     shared    buffers     cached
Mem:          992M       910M        81M         0B        76K       1.7M
-/+ buffers/cache:       908M        83M
Swap:         8.0G       403M       7.6G

             total       used       free     shared    buffers     cached
Mem:          992M       919M        72M         0B        76K       1.7M
-/+ buffers/cache:       917M        74M
Swap:         8.0G       351M       7.7G

             total       used       free     shared    buffers     cached
Mem:          992M       920M        72M         0B        76K       1.6M
-/+ buffers/cache:       918M        73M
Swap:         8.0G       339M       7.7G

             total       used       free     shared    buffers     cached
Mem:          992M       919M        72M         0B        76K       1.6M
-/+ buffers/cache:       918M        73M
Swap:         8.0G       348M       7.7G

             total       used       free     shared    buffers     cached
Mem:          992M       920M        71M         0B        84K       1.6M
-/+ buffers/cache:       918M        73M
Swap:         8.0G       346M       7.7G

             total       used       free     shared    buffers     cached
Mem:          992M       919M        72M         0B        84K       1.5M
-/+ buffers/cache:       918M        74M
Swap:         8.0G       377M       7.6G

             total       used       free     shared    buffers     cached
Mem:          992M       918M        73M         0B        84K       1.5M
-/+ buffers/cache:       917M        74M
Swap:         8.0G       377M       7.6G

             total       used       free     shared    buffers     cached
Mem:          992M       922M        69M         0B        84K       1.5M
-/+ buffers/cache:       921M        71M
Swap:         8.0G       349M       7.7G

             total       used       free     shared    buffers     cached
Mem:          992M       917M        74M         0B        84K       1.5M
-/+ buffers/cache:       915M        76M
Swap:         8.0G       349M       7.7G

             total       used       free     shared    buffers     cached
Mem:          992M       919M        73M         0B        92K       1.9M
-/+ buffers/cache:       917M        75M
Swap:         8.0G       344M       7.7G

             total       used       free     shared    buffers     cached
Mem:          992M       923M        68M         0B        92K       1.9M
-/+ buffers/cache:       921M        70M
Swap:         8.0G       342M       7.7G

             total       used       free     shared    buffers     cached
Mem:          992M       929M        62M         0B        92K       1.9M
-/+ buffers/cache:       927M        64M
Swap:         8.0G       341M       7.7G

             total       used       free     shared    buffers     cached
Mem:          992M       917M        74M         0B        76K       1.9M
-/+ buffers/cache:       915M        76M
Swap:         8.0G       357M       7.6G

             total       used       free     shared    buffers     cached
Mem:          992M       924M        67M         0B        76K       1.9M
-/+ buffers/cache:       922M        69M
Swap:         8.0G       357M       7.6G

             total       used       free     shared    buffers     cached
Mem:          992M       915M        76M         0B       224K       2.4M
-/+ buffers/cache:       913M        78M
Swap:         8.0G       373M       7.6G

             total       used       free     shared    buffers     cached
Mem:          992M       921M        70M         0B       224K       2.5M
-/+ buffers/cache:       918M        73M
Swap:         8.0G       373M       7.6G

             total       used       free     shared    buffers     cached
Mem:          992M       927M        64M         0B       224K       2.7M
-/+ buffers/cache:       924M        67M
Swap:         8.0G       372M       7.6G

             total       used       free     shared    buffers     cached
Mem:          992M       915M        76M         0B       220K       2.7M
-/+ buffers/cache:       913M        79M
Swap:         8.0G       388M       7.6G

             total       used       free     shared    buffers     cached
Mem:          992M       918M        73M         0B       220K       2.6M
-/+ buffers/cache:       915M        76M
Swap:         8.0G       387M       7.6G

             total       used       free     shared    buffers     cached
Mem:          992M       920M        71M         0B       220K       2.7M
-/+ buffers/cache:       917M        74M
Swap:         8.0G       386M       7.6G

             total       used       free     shared    buffers     cached
Mem:          992M       921M        70M         0B       228K       2.6M
-/+ buffers/cache:       919M        73M
Swap:         8.0G       385M       7.6G

             total       used       free     shared    buffers     cached
Mem:          992M       924M        67M         0B       228K       2.6M
-/+ buffers/cache:       921M        70M
Swap:         8.0G       384M       7.6G

             total       used       free     shared    buffers     cached
Mem:          992M       926M        65M         0B       228K       2.6M
-/+ buffers/cache:       923M        68M
Swap:         8.0G       383M       7.6G

             total       used       free     shared    buffers     cached
Mem:          992M       928M        63M         0B       228K       2.6M
-/+ buffers/cache:       925M        66M
Swap:         8.0G       382M       7.6G

             total       used       free     shared    buffers     cached
Mem:          992M       930M        61M         0B       228K       2.6M
-/+ buffers/cache:       927M        64M
Swap:         8.0G       382M       7.6G

             total       used       free     shared    buffers     cached
Mem:          992M       918M        74M         0B       236K       2.7M
-/+ buffers/cache:       915M        77M
Swap:         8.0G       396M       7.6G

             total       used       free     shared    buffers     cached
Mem:          992M       920M        72M         0B       236K       2.7M
-/+ buffers/cache:       917M        74M
Swap:         8.0G       395M       7.6G

             total       used       free     shared    buffers     cached
Mem:          992M       922M        69M         0B       236K       2.7M
-/+ buffers/cache:       919M        72M
Swap:         8.0G       394M       7.6G

             total       used       free     shared    buffers     cached
Mem:          992M       925M        67M         0B       240K       2.7M
-/+ buffers/cache:       922M        70M
Swap:         8.0G       393M       7.6G

             total       used       free     shared    buffers     cached
Mem:          992M       926M        65M         0B       240K       2.7M
-/+ buffers/cache:       924M        68M
Swap:         8.0G       393M       7.6G

             total       used       free     shared    buffers     cached
Mem:          992M       929M        63M         0B       248K       2.7M
-/+ buffers/cache:       926M        65M
Swap:         8.0G       392M       7.6G

             total       used       free     shared    buffers     cached
Mem:          992M       931M        60M         0B       248K       2.7M
-/+ buffers/cache:       928M        63M
Swap:         8.0G       391M       7.6G

             total       used       free     shared    buffers     cached
Mem:          992M       921M        70M         0B       248K       2.7M
-/+ buffers/cache:       918M        73M
Swap:         8.0G       400M       7.6G

             total       used       free     shared    buffers     cached
Mem:          992M       923M        68M         0B       248K       2.7M
-/+ buffers/cache:       920M        71M
Swap:         8.0G       399M       7.6G

             total       used       free     shared    buffers     cached
Mem:          992M       925M        66M         0B       248K       2.7M
-/+ buffers/cache:       922M        69M
Swap:         8.0G       398M       7.6G

             total       used       free     shared    buffers     cached
Mem:          992M       927M        64M         0B       248K       2.7M
-/+ buffers/cache:       924M        67M
Swap:         8.0G       397M       7.6G

             total       used       free     shared    buffers     cached
Mem:          992M       929M        62M         0B       256K       2.7M
-/+ buffers/cache:       926M        65M
Swap:         8.0G       396M       7.6G

             total       used       free     shared    buffers     cached
Mem:          992M       911M        80M         0B       256K       2.6M
-/+ buffers/cache:       908M        83M
Swap:         8.0G       416M       7.6G

             total       used       free     shared    buffers     cached
Mem:          992M       913M        78M         0B       256K       2.7M
-/+ buffers/cache:       910M        81M
Swap:         8.0G       415M       7.6G

             total       used       free     shared    buffers     cached
Mem:          992M       915M        76M         0B       256K       2.6M
-/+ buffers/cache:       912M        79M
Swap:         8.0G       414M       7.6G

             total       used       free     shared    buffers     cached
Mem:          992M       917M        74M         0B       256K       2.6M
-/+ buffers/cache:       915M        77M
Swap:         8.0G       413M       7.6G

             total       used       free     shared    buffers     cached
Mem:          992M       919M        72M         0B       264K       2.6M
-/+ buffers/cache:       916M        75M
Swap:         8.0G       413M       7.6G

             total       used       free     shared    buffers     cached
Mem:          992M       921M        70M         0B       264K       2.6M
-/+ buffers/cache:       919M        73M
Swap:         8.0G       412M       7.6G

             total       used       free     shared    buffers     cached
Mem:          992M       924M        67M         0B       264K       2.6M
-/+ buffers/cache:       921M        70M
Swap:         8.0G       411M       7.6G

             total       used       free     shared    buffers     cached
Mem:          992M       926M        65M         0B       264K       2.6M
-/+ buffers/cache:       923M        68M
Swap:         8.0G       410M       7.6G

             total       used       free     shared    buffers     cached
Mem:          992M       929M        63M         0B       264K       2.7M
-/+ buffers/cache:       926M        66M
Swap:         8.0G       409M       7.6G

             total       used       free     shared    buffers     cached
Mem:          992M       931M        61M         0B       272K       2.6M
-/+ buffers/cache:       928M        63M
Swap:         8.0G       408M       7.6G

             total       used       free     shared    buffers     cached
Mem:          992M       917M        74M         0B       272K       2.6M
-/+ buffers/cache:       914M        77M
Swap:         8.0G       417M       7.6G

             total       used       free     shared    buffers     cached
Mem:          992M       919M        72M         0B       272K       2.6M
-/+ buffers/cache:       916M        75M
Swap:         8.0G       416M       7.6G

             total       used       free     shared    buffers     cached
Mem:          992M       921M        70M         0B       272K       2.6M
-/+ buffers/cache:       918M        73M
Swap:         8.0G       415M       7.6G

             total       used       free     shared    buffers     cached
Mem:          992M       924M        68M         0B       272K       2.6M
-/+ buffers/cache:       921M        70M
Swap:         8.0G       414M       7.6G

             total       used       free     shared    buffers     cached
Mem:          992M       893M        98M         0B       264K        18M
-/+ buffers/cache:       874M       117M
Swap:         8.0G       472M       7.5G

             total       used       free     shared    buffers     cached
Mem:          992M       898M        93M         0B       588K        23M
-/+ buffers/cache:       874M       117M
Swap:         8.0G       471M       7.5G

             total       used       free     shared    buffers     cached
Mem:          992M       900M        91M         0B       588K        23M
-/+ buffers/cache:       876M       115M
Swap:         8.0G       471M       7.5G

             total       used       free     shared    buffers     cached
Mem:          992M       902M        89M         0B       588K        23M
-/+ buffers/cache:       878M       113M
Swap:         8.0G       470M       7.5G

             total       used       free     shared    buffers     cached
Mem:          992M       904M        87M         0B       588K        23M
-/+ buffers/cache:       880M       111M
Swap:         8.0G       469M       7.5G

             total       used       free     shared    buffers     cached
Mem:          992M       907M        85M         0B       588K        23M
-/+ buffers/cache:       883M       109M
Swap:         8.0G       468M       7.5G

             total       used       free     shared    buffers     cached
Mem:          992M       909M        82M         0B       596K        23M
-/+ buffers/cache:       885M       106M
Swap:         8.0G       467M       7.5G

             total       used       free     shared    buffers     cached
Mem:          992M       911M        80M         0B       596K        23M
-/+ buffers/cache:       887M       104M
Swap:         8.0G       467M       7.5G

             total       used       free     shared    buffers     cached
Mem:          992M       913M        78M         0B       596K        23M
-/+ buffers/cache:       889M       102M
Swap:         8.0G       465M       7.5G

             total       used       free     shared    buffers     cached
Mem:          992M       916M        76M         0B       596K        23M
-/+ buffers/cache:       892M       100M
Swap:         8.0G       465M       7.5G

             total       used       free     shared    buffers     cached
Mem:          992M       918M        74M         0B       596K        23M
-/+ buffers/cache:       894M        98M
Swap:         8.0G       464M       7.5G

             total       used       free     shared    buffers     cached
Mem:          992M       920M        71M         0B       604K        23M
-/+ buffers/cache:       896M        95M
Swap:         8.0G       463M       7.5G

             total       used       free     shared    buffers     cached
Mem:          992M       922M        69M         0B       612K        23M
-/+ buffers/cache:       898M        93M
Swap:         8.0G       462M       7.5G

             total       used       free     shared    buffers     cached
Mem:          992M       924M        67M         0B       612K        23M
-/+ buffers/cache:       900M        91M
Swap:         8.0G       461M       7.5G

             total       used       free     shared    buffers     cached
Mem:          992M       926M        65M         0B       612K        23M
-/+ buffers/cache:       902M        89M
Swap:         8.0G       460M       7.5G

             total       used       free     shared    buffers     cached
Mem:          992M       929M        63M         0B       612K        23M
-/+ buffers/cache:       905M        87M
Swap:         8.0G       459M       7.5G

             total       used       free     shared    buffers     cached
Mem:          992M       909M        82M         0B       612K        19M
-/+ buffers/cache:       888M       103M
Swap:         8.0G       475M       7.5G

             total       used       free     shared    buffers     cached
Mem:          992M       908M        83M         0B       624K        19M
-/+ buffers/cache:       887M       104M
Swap:         8.0G       474M       7.5G

             total       used       free     shared    buffers     cached
Mem:          992M       910M        81M         0B       756K        19M
-/+ buffers/cache:       890M       102M
Swap:         8.0G       473M       7.5G

             total       used       free     shared    buffers     cached
Mem:          992M       912M        79M         0B       756K        19M
-/+ buffers/cache:       892M        99M
Swap:         8.0G       472M       7.5G

             total       used       free     shared    buffers     cached
Mem:          992M       915M        77M         0B       756K        19M
-/+ buffers/cache:       894M        97M
Swap:         8.0G       471M       7.5G

             total       used       free     shared    buffers     cached
Mem:          992M       917M        74M         0B       756K        19M
-/+ buffers/cache:       896M        95M
Swap:         8.0G       470M       7.5G

             total       used       free     shared    buffers     cached
Mem:          992M       919M        72M         0B       764K        19M
-/+ buffers/cache:       898M        93M
Swap:         8.0G       469M       7.5G

             total       used       free     shared    buffers     cached
Mem:          992M       907M        84M         0B       672K        28M
-/+ buffers/cache:       878M       113M
Swap:         8.0G       494M       7.5G

             total       used       free     shared    buffers     cached
Mem:          992M       908M        83M        16K       672K        28M
-/+ buffers/cache:       879M       113M
Swap:         8.0G       494M       7.5G

             total       used       free     shared    buffers     cached
Mem:          992M       911M        80M        16K       672K        30M
-/+ buffers/cache:       880M       111M
Swap:         8.0G       493M       7.5G

             total       used       free     shared    buffers     cached
Mem:          992M       912M        79M        16K       672K        30M
-/+ buffers/cache:       881M       110M
Swap:         8.0G       493M       7.5G

             total       used       free     shared    buffers     cached
Mem:          992M       913M        78M        16K       676K        30M
-/+ buffers/cache:       882M       109M
Swap:         8.0G       492M       7.5G

             total       used       free     shared    buffers     cached
Mem:          992M       914M        77M        16K       684K        30M
-/+ buffers/cache:       884M       108M
Swap:         8.0G       492M       7.5G

             total       used       free     shared    buffers     cached
Mem:          992M       916M        76M        16K       684K        30M
-/+ buffers/cache:       885M       107M
Swap:         8.0G       491M       7.5G

             total       used       free     shared    buffers     cached
Mem:          992M       917M        74M        16K       684K        30M
-/+ buffers/cache:       886M       105M
Swap:         8.0G       491M       7.5G

             total       used       free     shared    buffers     cached
Mem:          992M       918M        73M        16K       684K        30M
-/+ buffers/cache:       887M       104M
Swap:         8.0G       490M       7.5G

             total       used       free     shared    buffers     cached
Mem:          992M       919M        72M        16K       684K        30M
-/+ buffers/cache:       888M       103M
Swap:         8.0G       490M       7.5G

             total       used       free     shared    buffers     cached
Mem:          992M       920M        71M        16K       692K        30M
-/+ buffers/cache:       889M       102M
Swap:         8.0G       489M       7.5G

             total       used       free     shared    buffers     cached
Mem:          992M       921M        70M        16K       692K        30M
-/+ buffers/cache:       890M       101M
Swap:         8.0G       489M       7.5G

             total       used       free     shared    buffers     cached
Mem:          992M       922M        69M        16K       692K        30M
-/+ buffers/cache:       891M       100M
Swap:         8.0G       488M       7.5G

             total       used       free     shared    buffers     cached
Mem:          992M       923M        68M        16K       692K        30M
-/+ buffers/cache:       892M        99M
Swap:         8.0G       488M       7.5G

             total       used       free     shared    buffers     cached
Mem:          992M       925M        67M        16K       692K        30M
-/+ buffers/cache:       894M        98M
Swap:         8.0G       487M       7.5G

             total       used       free     shared    buffers     cached
Mem:          992M       926M        66M        16K       692K        30M
-/+ buffers/cache:       895M        97M
Swap:         8.0G       487M       7.5G

             total       used       free     shared    buffers     cached
Mem:          992M       927M        64M        16K       700K        30M
-/+ buffers/cache:       896M        95M
Swap:         8.0G       486M       7.5G

             total       used       free     shared    buffers     cached
Mem:          992M       928M        63M        16K       700K        30M
-/+ buffers/cache:       897M        94M
Swap:         8.0G       486M       7.5G

             total       used       free     shared    buffers     cached
Mem:          992M       929M        62M        16K       700K        30M
-/+ buffers/cache:       898M        93M
Swap:         8.0G       485M       7.5G

             total       used       free     shared    buffers     cached
Mem:          992M       930M        61M        16K       700K        30M
-/+ buffers/cache:       899M        92M
Swap:         8.0G       485M       7.5G

             total       used       free     shared    buffers     cached
Mem:          992M       919M        72M        16K       700K        29M
-/+ buffers/cache:       890M       102M
Swap:         8.0G       494M       7.5G

             total       used       free     shared    buffers     cached
Mem:          992M       920M        71M        16K       708K        29M
-/+ buffers/cache:       890M       101M
Swap:         8.0G       493M       7.5G

             total       used       free     shared    buffers     cached
Mem:          992M       922M        70M        16K       708K        29M
-/+ buffers/cache:       892M       100M
Swap:         8.0G       493M       7.5G

             total       used       free     shared    buffers     cached
Mem:          992M       923M        68M        16K       708K        29M
-/+ buffers/cache:       893M        98M
Swap:         8.0G       492M       7.5G

             total       used       free     shared    buffers     cached
Mem:          992M       924M        67M        16K       708K        29M
-/+ buffers/cache:       894M        97M
Swap:         8.0G       491M       7.5G

             total       used       free     shared    buffers     cached
Mem:          992M       925M        66M        16K       708K        29M
-/+ buffers/cache:       895M        96M
Swap:         8.0G       491M       7.5G

             total       used       free     shared    buffers     cached
Mem:          992M       926M        65M        16K       708K        29M
-/+ buffers/cache:       896M        95M
Swap:         8.0G       490M       7.5G

             total       used       free     shared    buffers     cached
Mem:          992M       928M        63M        16K       716K        29M
-/+ buffers/cache:       898M        93M
Swap:         8.0G       489M       7.5G

             total       used       free     shared    buffers     cached
Mem:          992M       929M        62M        16K       716K        29M
-/+ buffers/cache:       899M        92M
Swap:         8.0G       489M       7.5G

             total       used       free     shared    buffers     cached
Mem:          992M       930M        61M        16K       716K        29M
-/+ buffers/cache:       900M        91M
Swap:         8.0G       488M       7.5G

             total       used       free     shared    buffers     cached
Mem:          992M       917M        74M        16K       716K        28M
-/+ buffers/cache:       888M       103M
Swap:         8.0G       499M       7.5G

             total       used       free     shared    buffers     cached
Mem:          992M       918M        73M        16K       716K        28M
-/+ buffers/cache:       890M       102M
Swap:         8.0G       498M       7.5G

             total       used       free     shared    buffers     cached
Mem:          992M       919M        72M        16K       724K        28M
-/+ buffers/cache:       891M       101M
Swap:         8.0G       498M       7.5G

             total       used       free     shared    buffers     cached
Mem:          992M       921M        71M        16K       724K        28M
-/+ buffers/cache:       892M        99M
Swap:         8.0G       497M       7.5G

             total       used       free     shared    buffers     cached
Mem:          992M       922M        69M        16K       724K        28M
-/+ buffers/cache:       893M        98M
Swap:         8.0G       497M       7.5G

             total       used       free     shared    buffers     cached
Mem:          992M       923M        68M        16K       724K        28M
-/+ buffers/cache:       894M        97M
Swap:         8.0G       496M       7.5G

             total       used       free     shared    buffers     cached
Mem:          992M       924M        67M        16K       724K        27M
-/+ buffers/cache:       896M        96M
Swap:         8.0G       495M       7.5G

             total       used       free     shared    buffers     cached
Mem:          992M       917M        74M        16K       724K        31M
-/+ buffers/cache:       884M       107M
Swap:         8.0G       498M       7.5G

             total       used       free     shared    buffers     cached
Mem:          992M       918M        73M        16K       1.1M        31M
-/+ buffers/cache:       885M       106M
Swap:         8.0G       498M       7.5G

             total       used       free     shared    buffers     cached
Mem:          992M       920M        72M        16K       1.1M        31M
-/+ buffers/cache:       886M       105M
Swap:         8.0G       497M       7.5G

             total       used       free     shared    buffers     cached
Mem:          992M       921M        70M        16K       1.1M        31M
-/+ buffers/cache:       888M       103M
Swap:         8.0G       496M       7.5G

             total       used       free     shared    buffers     cached
Mem:          992M       922M        69M        16K       1.1M        31M
-/+ buffers/cache:       889M       102M
Swap:         8.0G       496M       7.5G

             total       used       free     shared    buffers     cached
Mem:          992M       924M        68M        16K       1.1M        31M
-/+ buffers/cache:       891M       101M
Swap:         8.0G       495M       7.5G

             total       used       free     shared    buffers     cached
Mem:          992M       925M        66M        16K       1.2M        31M
-/+ buffers/cache:       892M        99M
Swap:         8.0G       494M       7.5G

             total       used       free     shared    buffers     cached
Mem:          992M       926M        65M        16K       1.2M        31M
-/+ buffers/cache:       893M        98M
Swap:         8.0G       494M       7.5G

             total       used       free     shared    buffers     cached
Mem:          992M       927M        64M        16K       1.2M        31M
-/+ buffers/cache:       894M        97M
Swap:         8.0G       493M       7.5G

             total       used       free     shared    buffers     cached
Mem:          992M       929M        62M        16K       1.2M        31M
-/+ buffers/cache:       896M        96M
Swap:         8.0G       492M       7.5G

             total       used       free     shared    buffers     cached
Mem:          992M       930M        61M        16K       1.2M        31M
-/+ buffers/cache:       897M        94M
Swap:         8.0G       492M       7.5G

             total       used       free     shared    buffers     cached
Mem:          992M       915M        77M        16K       556K        28M
-/+ buffers/cache:       886M       105M
Swap:         8.0G       514M       7.5G

             total       used       free     shared    buffers     cached
Mem:          992M       915M        76M        16K       564K        28M
-/+ buffers/cache:       887M       104M
Swap:         8.0G       514M       7.5G

             total       used       free     shared    buffers     cached
Mem:          992M       917M        74M        16K       564K        28M
-/+ buffers/cache:       888M       103M
Swap:         8.0G       513M       7.5G

             total       used       free     shared    buffers     cached
Mem:          992M       918M        73M        16K       564K        28M
-/+ buffers/cache:       889M       102M
Swap:         8.0G       513M       7.5G

             total       used       free     shared    buffers     cached
Mem:          992M       919M        72M        16K       564K        28M
-/+ buffers/cache:       890M       101M
Swap:         8.0G       512M       7.5G

             total       used       free     shared    buffers     cached
Mem:          992M       920M        71M        16K       564K        28M
-/+ buffers/cache:       892M       100M
Swap:         8.0G       511M       7.5G

             total       used       free     shared    buffers     cached
Mem:          992M       922M        69M        16K       572K        28M
-/+ buffers/cache:       893M        98M
Swap:         8.0G       511M       7.5G

             total       used       free     shared    buffers     cached
Mem:          992M       923M        68M        16K       572K        28M
-/+ buffers/cache:       894M        97M
Swap:         8.0G       510M       7.5G

             total       used       free     shared    buffers     cached
Mem:          992M       925M        66M        16K       708K        29M
-/+ buffers/cache:       895M        96M
Swap:         8.0G       509M       7.5G

             total       used       free     shared    buffers     cached
Mem:          992M       927M        65M        20K       708K        29M
-/+ buffers/cache:       897M        95M
Swap:         8.0G       509M       7.5G

             total       used       free     shared    buffers     cached
Mem:          992M       928M        63M        20K       708K        29M
-/+ buffers/cache:       898M        93M
Swap:         8.0G       508M       7.5G

             total       used       free     shared    buffers     cached
Mem:          992M       929M        62M        20K       708K        29M
-/+ buffers/cache:       899M        92M
Swap:         8.0G       507M       7.5G

             total       used       free     shared    buffers     cached
Mem:          992M       919M        72M        20K       716K        29M
-/+ buffers/cache:       889M       102M
Swap:         8.0G       508M       7.5G

             total       used       free     shared    buffers     cached
Mem:          992M       921M        70M        20K       716K        29M
-/+ buffers/cache:       891M       101M
Swap:         8.0G       508M       7.5G

             total       used       free     shared    buffers     cached
Mem:          992M       922M        69M        20K       716K        29M
-/+ buffers/cache:       892M       100M
Swap:         8.0G       507M       7.5G

             total       used       free     shared    buffers     cached
Mem:          992M       930M        61M        20K       716K        32M
-/+ buffers/cache:       897M        94M
Swap:         8.0G       504M       7.5G

             total       used       free     shared    buffers     cached
Mem:          992M       917M        74M        20K       716K        23M
-/+ buffers/cache:       893M        98M
Swap:         8.0G       508M       7.5G

             total       used       free     shared    buffers     cached
Mem:          992M       904M        88M        20K       724K        23M
-/+ buffers/cache:       880M       112M
Swap:         8.0G       531M       7.5G

             total       used       free     shared    buffers     cached
Mem:          992M       904M        87M        20K       736K        23M
-/+ buffers/cache:       880M       111M
Swap:         8.0G       531M       7.5G

             total       used       free     shared    buffers     cached
Mem:          992M       905M        86M        20K       736K        23M
-/+ buffers/cache:       881M       110M
Swap:         8.0G       530M       7.5G

             total       used       free     shared    buffers     cached
Mem:          992M       906M        86M        20K       736K        23M
-/+ buffers/cache:       881M       110M
Swap:         8.0G       530M       7.5G

             total       used       free     shared    buffers     cached
Mem:          992M       906M        85M        20K       736K        23M
-/+ buffers/cache:       882M       109M
Swap:         8.0G       530M       7.5G

             total       used       free     shared    buffers     cached
Mem:          992M       907M        84M        20K       736K        23M
-/+ buffers/cache:       883M       109M
Swap:         8.0G       529M       7.5G

             total       used       free     shared    buffers     cached
Mem:          992M       908M        84M        20K       744K        23M
-/+ buffers/cache:       883M       108M
Swap:         8.0G       529M       7.5G

             total       used       free     shared    buffers     cached
Mem:          992M       908M        83M        20K       744K        23M
-/+ buffers/cache:       884M       107M
Swap:         8.0G       529M       7.5G

             total       used       free     shared    buffers     cached
Mem:          992M       912M        79M        20K       744K        26M
-/+ buffers/cache:       885M       106M
Swap:         8.0G       528M       7.5G

             total       used       free     shared    buffers     cached
Mem:          992M       929M        62M       2.0M       2.9M        51M
-/+ buffers/cache:       875M       116M
Swap:         8.0G       552M       7.5G

             total       used       free     shared    buffers     cached
Mem:          992M       921M        71M       3.9M       5.1M        60M
-/+ buffers/cache:       855M       136M
Swap:         8.0G       565M       7.4G

             total       used       free     shared    buffers     cached
Mem:          992M       926M        65M       224K       5.1M        66M
-/+ buffers/cache:       854M       137M
Swap:         8.0G       564M       7.4G

             total       used       free     shared    buffers     cached
Mem:          992M       920M        71M       216K       5.2M        62M
-/+ buffers/cache:       853M       139M
Swap:         8.0G       578M       7.4G

             total       used       free     shared    buffers     cached
Mem:          992M       921M        70M       216K       5.2M        62M
-/+ buffers/cache:       854M       137M
Swap:         8.0G       577M       7.4G

             total       used       free     shared    buffers     cached
Mem:          992M       923M        69M       216K       5.2M        62M
-/+ buffers/cache:       855M       136M
Swap:         8.0G       576M       7.4G

             total       used       free     shared    buffers     cached
Mem:          992M       925M        66M       216K       5.3M        62M
-/+ buffers/cache:       857M       134M
Swap:         8.0G       576M       7.4G

             total       used       free     shared    buffers     cached
Mem:          992M       927M        65M       216K       5.3M        62M
-/+ buffers/cache:       858M       133M
Swap:         8.0G       575M       7.4G

             total       used       free     shared    buffers     cached
Mem:          992M       928M        64M       216K       5.3M        62M
-/+ buffers/cache:       859M       132M
Swap:         8.0G       574M       7.4G

             total       used       free     shared    buffers     cached
Mem:          992M       929M        62M       216K       5.3M        62M
-/+ buffers/cache:       861M       130M
Swap:         8.0G       574M       7.4G

             total       used       free     shared    buffers     cached
Mem:          992M       930M        61M       216K       5.3M        62M
-/+ buffers/cache:       862M       129M
Swap:         8.0G       573M       7.4G

             total       used       free     shared    buffers     cached
Mem:          992M       919M        72M       216K       4.6M        61M
-/+ buffers/cache:       853M       139M
Swap:         8.0G       575M       7.4G

             total       used       free     shared    buffers     cached
Mem:          992M       920M        71M       216K       4.6M        61M
-/+ buffers/cache:       854M       137M
Swap:         8.0G       574M       7.4G

             total       used       free     shared    buffers     cached
Mem:          992M       921M        70M       216K       4.6M        61M
-/+ buffers/cache:       855M       136M
Swap:         8.0G       573M       7.4G

             total       used       free     shared    buffers     cached
Mem:          992M       922M        69M       216K       4.6M        61M
-/+ buffers/cache:       856M       135M
Swap:         8.0G       573M       7.4G

             total       used       free     shared    buffers     cached
Mem:          992M       924M        67M       216K       4.6M        61M
-/+ buffers/cache:       858M       134M
Swap:         8.0G       572M       7.4G

             total       used       free     shared    buffers     cached
Mem:          992M       925M        66M       216K       4.6M        61M
-/+ buffers/cache:       859M       132M
Swap:         8.0G       571M       7.4G

             total       used       free     shared    buffers     cached
Mem:          992M       927M        65M       216K       4.6M        61M
-/+ buffers/cache:       860M       131M
Swap:         8.0G       571M       7.4G

             total       used       free     shared    buffers     cached
Mem:          992M       928M        63M       216K       4.6M        61M
-/+ buffers/cache:       862M       130M
Swap:         8.0G       570M       7.4G

             total       used       free     shared    buffers     cached
Mem:          992M       929M        62M       216K       4.6M        61M
-/+ buffers/cache:       863M       128M
Swap:         8.0G       569M       7.4G

             total       used       free     shared    buffers     cached
Mem:          992M       930M        61M       216K       4.6M        61M
-/+ buffers/cache:       864M       127M
Swap:         8.0G       569M       7.4G

             total       used       free     shared    buffers     cached
Mem:          992M       919M        73M       216K       4.2M        59M
-/+ buffers/cache:       855M       136M
Swap:         8.0G       575M       7.4G

             total       used       free     shared    buffers     cached
Mem:          992M       919M        72M       216K       4.2M        59M
-/+ buffers/cache:       856M       135M
Swap:         8.0G       575M       7.4G

             total       used       free     shared    buffers     cached
Mem:          992M       922M        70M       216K       4.2M        59M
-/+ buffers/cache:       858M       134M
Swap:         8.0G       574M       7.4G

             total       used       free     shared    buffers     cached
Mem:          992M       923M        69M       216K       4.2M        59M
-/+ buffers/cache:       859M       133M
Swap:         8.0G       574M       7.4G

             total       used       free     shared    buffers     cached
Mem:          992M       924M        67M       216K       4.2M        60M
-/+ buffers/cache:       860M       131M
Swap:         8.0G       573M       7.4G

             total       used       free     shared    buffers     cached
Mem:          992M       926M        66M       216K       4.2M        60M
-/+ buffers/cache:       861M       130M
Swap:         8.0G       573M       7.4G

             total       used       free     shared    buffers     cached
Mem:          992M       927M        64M       216K       4.2M        60M
-/+ buffers/cache:       863M       129M
Swap:         8.0G       572M       7.4G

             total       used       free     shared    buffers     cached
Mem:          992M       928M        63M       216K       4.2M        60M
-/+ buffers/cache:       864M       127M
Swap:         8.0G       572M       7.4G

             total       used       free     shared    buffers     cached
Mem:          992M       929M        62M       216K       4.2M        60M
-/+ buffers/cache:       865M       126M
Swap:         8.0G       571M       7.4G

             total       used       free     shared    buffers     cached
Mem:          992M       931M        61M       216K       4.2M        60M
-/+ buffers/cache:       866M       125M
Swap:         8.0G       570M       7.4G

             total       used       free     shared    buffers     cached
Mem:          992M       916M        75M       216K       4.2M        58M
-/+ buffers/cache:       854M       138M
Swap:         8.0G       585M       7.4G

             total       used       free     shared    buffers     cached
Mem:          992M       917M        74M       216K       4.2M        58M
-/+ buffers/cache:       855M       136M
Swap:         8.0G       584M       7.4G

             total       used       free     shared    buffers     cached
Mem:          992M       919M        73M       216K       4.2M        58M
-/+ buffers/cache:       856M       135M
Swap:         8.0G       584M       7.4G

             total       used       free     shared    buffers     cached
Mem:          992M       920M        71M       216K       4.2M        58M
-/+ buffers/cache:       858M       134M
Swap:         8.0G       583M       7.4G

             total       used       free     shared    buffers     cached
Mem:          992M       921M        70M       216K       4.2M        58M
-/+ buffers/cache:       859M       133M
Swap:         8.0G       583M       7.4G

             total       used       free     shared    buffers     cached
Mem:          992M       922M        69M       216K       4.2M        58M
-/+ buffers/cache:       860M       132M
Swap:         8.0G       582M       7.4G

             total       used       free     shared    buffers     cached
Mem:          992M       923M        68M       216K       4.2M        58M
-/+ buffers/cache:       861M       130M
Swap:         8.0G       581M       7.4G

             total       used       free     shared    buffers     cached
Mem:          992M       925M        66M       216K       4.2M        58M
-/+ buffers/cache:       862M       129M
Swap:         8.0G       581M       7.4G

             total       used       free     shared    buffers     cached
Mem:          992M       926M        65M       216K       4.2M        58M
-/+ buffers/cache:       864M       128M
Swap:         8.0G       580M       7.4G

             total       used       free     shared    buffers     cached
Mem:          992M       927M        64M       216K       4.2M        58M
-/+ buffers/cache:       865M       126M
Swap:         8.0G       580M       7.4G

             total       used       free     shared    buffers     cached
Mem:          992M       928M        63M       216K       4.2M        58M
-/+ buffers/cache:       866M       125M
Swap:         8.0G       579M       7.4G

             total       used       free     shared    buffers     cached
Mem:          992M       930M        62M       216K       4.2M        58M
-/+ buffers/cache:       867M       124M
Swap:         8.0G       579M       7.4G

             total       used       free     shared    buffers     cached
Mem:          992M       931M        60M       216K       4.2M        58M
-/+ buffers/cache:       868M       123M
Swap:         8.0G       578M       7.4G

             total       used       free     shared    buffers     cached
Mem:          992M       930M        61M       268K       5.8M        66M
-/+ buffers/cache:       858M       133M
Swap:         8.0G       585M       7.4G

             total       used       free     shared    buffers     cached
Mem:          992M       922M        69M       264K       8.3M        69M
-/+ buffers/cache:       845M       147M
Swap:         8.0G       600M       7.4G
