             total       used       free     shared    buffers     cached
Mem:          2.0G       663M       1.3G       3.2M        38M       289M
-/+ buffers/cache:       335M       1.6G
Swap:         8.0G         0B       8.0G

             total       used       free     shared    buffers     cached
Mem:          2.0G       663M       1.3G       3.2M        38M       289M
-/+ buffers/cache:       334M       1.6G
Swap:         8.0G         0B       8.0G

             total       used       free     shared    buffers     cached
Mem:          2.0G       663M       1.3G       3.2M        38M       290M
-/+ buffers/cache:       334M       1.6G
Swap:         8.0G         0B       8.0G

             total       used       free     shared    buffers     cached
Mem:          2.0G       663M       1.3G       3.2M        38M       290M
-/+ buffers/cache:       334M       1.6G
Swap:         8.0G         0B       8.0G

             total       used       free     shared    buffers     cached
Mem:          2.0G       663M       1.3G       3.2M        38M       290M
-/+ buffers/cache:       334M       1.6G
Swap:         8.0G         0B       8.0G

             total       used       free     shared    buffers     cached
Mem:          2.0G       663M       1.3G       3.2M        38M       290M
-/+ buffers/cache:       334M       1.6G
Swap:         8.0G         0B       8.0G

             total       used       free     shared    buffers     cached
Mem:          2.0G       663M       1.3G       3.2M        38M       290M
-/+ buffers/cache:       334M       1.6G
Swap:         8.0G         0B       8.0G

             total       used       free     shared    buffers     cached
Mem:          2.0G       663M       1.3G       3.2M        38M       290M
-/+ buffers/cache:       334M       1.6G
Swap:         8.0G         0B       8.0G

             total       used       free     shared    buffers     cached
Mem:          2.0G       662M       1.3G       3.2M        38M       290M
-/+ buffers/cache:       334M       1.6G
Swap:         8.0G         0B       8.0G

             total       used       free     shared    buffers     cached
Mem:          2.0G       662M       1.3G       3.2M        38M       290M
-/+ buffers/cache:       333M       1.6G
Swap:         8.0G         0B       8.0G

             total       used       free     shared    buffers     cached
Mem:          2.0G       666M       1.3G       3.2M        38M       290M
-/+ buffers/cache:       337M       1.6G
Swap:         8.0G         0B       8.0G

             total       used       free     shared    buffers     cached
Mem:          2.0G       678M       1.3G       3.2M        38M       290M
-/+ buffers/cache:       348M       1.6G
Swap:         8.0G         0B       8.0G

             total       used       free     shared    buffers     cached
Mem:          2.0G       711M       1.3G       3.2M        38M       290M
-/+ buffers/cache:       381M       1.6G
Swap:         8.0G         0B       8.0G

             total       used       free     shared    buffers     cached
Mem:          2.0G       672M       1.3G       3.2M        38M       291M
-/+ buffers/cache:       341M       1.6G
Swap:         8.0G         0B       8.0G

             total       used       free     shared    buffers     cached
Mem:          2.0G       679M       1.3G       3.2M        38M       291M
-/+ buffers/cache:       349M       1.6G
Swap:         8.0G         0B       8.0G

             total       used       free     shared    buffers     cached
Mem:          2.0G       672M       1.3G       3.2M        38M       291M
-/+ buffers/cache:       342M       1.6G
Swap:         8.0G         0B       8.0G

             total       used       free     shared    buffers     cached
Mem:          2.0G       672M       1.3G       3.2M        38M       291M
-/+ buffers/cache:       342M       1.6G
Swap:         8.0G         0B       8.0G

             total       used       free     shared    buffers     cached
Mem:          2.0G       672M       1.3G       3.2M        38M       291M
-/+ buffers/cache:       342M       1.6G
Swap:         8.0G         0B       8.0G

             total       used       free     shared    buffers     cached
Mem:          2.0G       672M       1.3G       3.2M        38M       291M
-/+ buffers/cache:       342M       1.6G
Swap:         8.0G         0B       8.0G

             total       used       free     shared    buffers     cached
Mem:          2.0G       672M       1.3G       3.2M        38M       291M
-/+ buffers/cache:       342M       1.6G
Swap:         8.0G         0B       8.0G

             total       used       free     shared    buffers     cached
Mem:          2.0G       672M       1.3G       3.2M        38M       291M
-/+ buffers/cache:       342M       1.6G
Swap:         8.0G         0B       8.0G

             total       used       free     shared    buffers     cached
Mem:          2.0G       673M       1.3G       3.2M        38M       291M
-/+ buffers/cache:       342M       1.6G
Swap:         8.0G         0B       8.0G

             total       used       free     shared    buffers     cached
Mem:          2.0G       673M       1.3G       3.2M        38M       291M
-/+ buffers/cache:       342M       1.6G
Swap:         8.0G         0B       8.0G

             total       used       free     shared    buffers     cached
Mem:          2.0G       673M       1.3G       3.2M        38M       291M
-/+ buffers/cache:       342M       1.6G
Swap:         8.0G         0B       8.0G

             total       used       free     shared    buffers     cached
Mem:          2.0G       673M       1.3G       3.2M        38M       291M
-/+ buffers/cache:       342M       1.6G
Swap:         8.0G         0B       8.0G

             total       used       free     shared    buffers     cached
Mem:          2.0G       673M       1.3G       3.2M        38M       291M
-/+ buffers/cache:       342M       1.6G
Swap:         8.0G         0B       8.0G

             total       used       free     shared    buffers     cached
Mem:          2.0G       673M       1.3G       3.2M        38M       291M
-/+ buffers/cache:       342M       1.6G
Swap:         8.0G         0B       8.0G

             total       used       free     shared    buffers     cached
Mem:          2.0G       673M       1.3G       3.2M        38M       291M
-/+ buffers/cache:       342M       1.6G
Swap:         8.0G         0B       8.0G

             total       used       free     shared    buffers     cached
Mem:          2.0G       673M       1.3G       3.2M        38M       291M
-/+ buffers/cache:       342M       1.6G
Swap:         8.0G         0B       8.0G

             total       used       free     shared    buffers     cached
Mem:          2.0G       673M       1.3G       3.2M        38M       291M
-/+ buffers/cache:       342M       1.6G
Swap:         8.0G         0B       8.0G

             total       used       free     shared    buffers     cached
Mem:          2.0G       673M       1.3G       3.2M        38M       291M
-/+ buffers/cache:       342M       1.6G
Swap:         8.0G         0B       8.0G

             total       used       free     shared    buffers     cached
Mem:          2.0G       673M       1.3G       3.2M        38M       291M
-/+ buffers/cache:       342M       1.6G
Swap:         8.0G         0B       8.0G

             total       used       free     shared    buffers     cached
Mem:          2.0G       673M       1.3G       3.2M        38M       291M
-/+ buffers/cache:       342M       1.6G
Swap:         8.0G         0B       8.0G

             total       used       free     shared    buffers     cached
Mem:          2.0G       678M       1.3G       3.2M        38M       291M
-/+ buffers/cache:       347M       1.6G
Swap:         8.0G         0B       8.0G

             total       used       free     shared    buffers     cached
Mem:          2.0G       694M       1.3G       3.2M        38M       291M
-/+ buffers/cache:       363M       1.6G
Swap:         8.0G         0B       8.0G

             total       used       free     shared    buffers     cached
Mem:          2.0G       710M       1.3G       3.2M        38M       291M
-/+ buffers/cache:       379M       1.6G
Swap:         8.0G         0B       8.0G

             total       used       free     shared    buffers     cached
Mem:          2.0G       725M       1.2G       3.2M        38M       291M
-/+ buffers/cache:       394M       1.6G
Swap:         8.0G         0B       8.0G

             total       used       free     shared    buffers     cached
Mem:          2.0G       739M       1.2G       3.2M        38M       291M
-/+ buffers/cache:       408M       1.6G
Swap:         8.0G         0B       8.0G

             total       used       free     shared    buffers     cached
Mem:          2.0G       756M       1.2G       3.2M        38M       291M
-/+ buffers/cache:       425M       1.5G
Swap:         8.0G         0B       8.0G

             total       used       free     shared    buffers     cached
Mem:          2.0G       771M       1.2G       3.2M        38M       291M
-/+ buffers/cache:       440M       1.5G
Swap:         8.0G         0B       8.0G

             total       used       free     shared    buffers     cached
Mem:          2.0G       786M       1.2G       3.2M        38M       291M
-/+ buffers/cache:       455M       1.5G
Swap:         8.0G         0B       8.0G

             total       used       free     shared    buffers     cached
Mem:          2.0G       799M       1.2G       3.2M        38M       291M
-/+ buffers/cache:       469M       1.5G
Swap:         8.0G         0B       8.0G

             total       used       free     shared    buffers     cached
Mem:          2.0G       815M       1.2G       3.2M        38M       291M
-/+ buffers/cache:       485M       1.5G
Swap:         8.0G         0B       8.0G

             total       used       free     shared    buffers     cached
Mem:          2.0G       831M       1.1G       3.2M        38M       291M
-/+ buffers/cache:       501M       1.5G
Swap:         8.0G         0B       8.0G

             total       used       free     shared    buffers     cached
Mem:          2.0G       847M       1.1G       3.2M        38M       291M
-/+ buffers/cache:       517M       1.4G
Swap:         8.0G         0B       8.0G

             total       used       free     shared    buffers     cached
Mem:          2.0G       864M       1.1G       3.2M        38M       291M
-/+ buffers/cache:       533M       1.4G
Swap:         8.0G         0B       8.0G

             total       used       free     shared    buffers     cached
Mem:          2.0G       880M       1.1G       3.2M        38M       291M
-/+ buffers/cache:       549M       1.4G
Swap:         8.0G         0B       8.0G

             total       used       free     shared    buffers     cached
Mem:          2.0G       895M       1.1G       3.2M        38M       291M
-/+ buffers/cache:       564M       1.4G
Swap:         8.0G         0B       8.0G

             total       used       free     shared    buffers     cached
Mem:          2.0G       907M       1.1G       3.2M        38M       291M
-/+ buffers/cache:       576M       1.4G
Swap:         8.0G         0B       8.0G

             total       used       free     shared    buffers     cached
Mem:          2.0G       921M       1.1G       3.2M        38M       291M
-/+ buffers/cache:       590M       1.4G
Swap:         8.0G         0B       8.0G

             total       used       free     shared    buffers     cached
Mem:          2.0G       937M       1.0G       3.2M        38M       291M
-/+ buffers/cache:       606M       1.4G
Swap:         8.0G         0B       8.0G

             total       used       free     shared    buffers     cached
Mem:          2.0G       953M       1.0G       3.2M        38M       291M
-/+ buffers/cache:       622M       1.3G
Swap:         8.0G         0B       8.0G

             total       used       free     shared    buffers     cached
Mem:          2.0G       968M       1.0G       3.2M        38M       291M
-/+ buffers/cache:       637M       1.3G
Swap:         8.0G         0B       8.0G

             total       used       free     shared    buffers     cached
Mem:          2.0G       984M       1.0G       3.2M        38M       291M
-/+ buffers/cache:       653M       1.3G
Swap:         8.0G         0B       8.0G

             total       used       free     shared    buffers     cached
Mem:          2.0G       1.0G       999M       3.2M        38M       291M
-/+ buffers/cache:       669M       1.3G
Swap:         8.0G         0B       8.0G

             total       used       free     shared    buffers     cached
Mem:          2.0G       1.0G       984M       3.2M        38M       291M
-/+ buffers/cache:       685M       1.3G
Swap:         8.0G         0B       8.0G

             total       used       free     shared    buffers     cached
Mem:          2.0G       1.0G       969M       3.2M        38M       291M
-/+ buffers/cache:       700M       1.3G
Swap:         8.0G         0B       8.0G

             total       used       free     shared    buffers     cached
Mem:          2.0G       1.0G       953M       3.2M        38M       291M
-/+ buffers/cache:       715M       1.3G
Swap:         8.0G         0B       8.0G

             total       used       free     shared    buffers     cached
Mem:          2.0G       1.0G       938M       3.2M        38M       291M
-/+ buffers/cache:       730M       1.2G
Swap:         8.0G         0B       8.0G

             total       used       free     shared    buffers     cached
Mem:          2.0G       1.1G       923M       3.2M        38M       291M
-/+ buffers/cache:       745M       1.2G
Swap:         8.0G         0B       8.0G

             total       used       free     shared    buffers     cached
Mem:          2.0G       1.1G       908M       3.2M        38M       291M
-/+ buffers/cache:       760M       1.2G
Swap:         8.0G         0B       8.0G

             total       used       free     shared    buffers     cached
Mem:          2.0G       1.1G       892M       3.2M        38M       291M
-/+ buffers/cache:       776M       1.2G
Swap:         8.0G         0B       8.0G

             total       used       free     shared    buffers     cached
Mem:          2.0G       1.1G       878M       3.2M        38M       291M
-/+ buffers/cache:       791M       1.2G
Swap:         8.0G         0B       8.0G

             total       used       free     shared    buffers     cached
Mem:          2.0G       1.1G       867M       3.2M        38M       291M
-/+ buffers/cache:       801M       1.2G
Swap:         8.0G         0B       8.0G

             total       used       free     shared    buffers     cached
Mem:          2.0G       1.1G       852M       3.2M        38M       291M
-/+ buffers/cache:       816M       1.2G
Swap:         8.0G         0B       8.0G

             total       used       free     shared    buffers     cached
Mem:          2.0G       1.1G       835M       3.2M        38M       291M
-/+ buffers/cache:       833M       1.1G
Swap:         8.0G         0B       8.0G

             total       used       free     shared    buffers     cached
Mem:          2.0G       1.2G       820M       3.2M        38M       291M
-/+ buffers/cache:       848M       1.1G
Swap:         8.0G         0B       8.0G

             total       used       free     shared    buffers     cached
Mem:          2.0G       1.2G       804M       3.2M        38M       291M
-/+ buffers/cache:       864M       1.1G
Swap:         8.0G         0B       8.0G

             total       used       free     shared    buffers     cached
Mem:          2.0G       1.2G       788M       3.2M        38M       291M
-/+ buffers/cache:       881M       1.1G
Swap:         8.0G         0B       8.0G

             total       used       free     shared    buffers     cached
Mem:          2.0G       1.2G       772M       3.2M        38M       291M
-/+ buffers/cache:       896M       1.1G
Swap:         8.0G         0B       8.0G

             total       used       free     shared    buffers     cached
Mem:          2.0G       1.2G       755M       3.2M        38M       292M
-/+ buffers/cache:       913M       1.1G
Swap:         8.0G         0B       8.0G

             total       used       free     shared    buffers     cached
Mem:          2.0G       1.2G       739M       3.2M        38M       292M
-/+ buffers/cache:       929M       1.0G
Swap:         8.0G         0B       8.0G

             total       used       free     shared    buffers     cached
Mem:          2.0G       1.2G       724M       3.2M        38M       292M
-/+ buffers/cache:       944M       1.0G
Swap:         8.0G         0B       8.0G

             total       used       free     shared    buffers     cached
Mem:          2.0G       1.3G       709M       3.2M        38M       292M
-/+ buffers/cache:       959M       1.0G
Swap:         8.0G         0B       8.0G

             total       used       free     shared    buffers     cached
Mem:          2.0G       1.3G       694M       3.2M        38M       292M
-/+ buffers/cache:       974M       1.0G
Swap:         8.0G         0B       8.0G

             total       used       free     shared    buffers     cached
Mem:          2.0G       1.3G       678M       3.2M        38M       292M
-/+ buffers/cache:       990M       1.0G
Swap:         8.0G         0B       8.0G

             total       used       free     shared    buffers     cached
Mem:          2.0G       1.3G       664M       3.2M        38M       292M
-/+ buffers/cache:       1.0G       995M
Swap:         8.0G         0B       8.0G

             total       used       free     shared    buffers     cached
Mem:          2.0G       1.3G       649M       3.2M        38M       292M
-/+ buffers/cache:       1.0G       980M
Swap:         8.0G         0B       8.0G

             total       used       free     shared    buffers     cached
Mem:          2.0G       1.3G       635M       3.2M        38M       292M
-/+ buffers/cache:       1.0G       966M
Swap:         8.0G         0B       8.0G

             total       used       free     shared    buffers     cached
Mem:          2.0G       1.3G       621M       3.2M        38M       292M
-/+ buffers/cache:       1.0G       952M
Swap:         8.0G         0B       8.0G

             total       used       free     shared    buffers     cached
Mem:          2.0G       1.4G       607M       3.2M        38M       292M
-/+ buffers/cache:       1.0G       938M
Swap:         8.0G         0B       8.0G

             total       used       free     shared    buffers     cached
Mem:          2.0G       1.4G       592M       3.2M        38M       292M
-/+ buffers/cache:       1.1G       923M
Swap:         8.0G         0B       8.0G

             total       used       free     shared    buffers     cached
Mem:          2.0G       1.4G       576M       3.2M        38M       292M
-/+ buffers/cache:       1.1G       907M
Swap:         8.0G         0B       8.0G

             total       used       free     shared    buffers     cached
Mem:          2.0G       1.4G       562M       3.2M        38M       292M
-/+ buffers/cache:       1.1G       893M
Swap:         8.0G         0B       8.0G

             total       used       free     shared    buffers     cached
Mem:          2.0G       1.4G       548M       3.2M        38M       292M
-/+ buffers/cache:       1.1G       879M
Swap:         8.0G         0B       8.0G

             total       used       free     shared    buffers     cached
Mem:          2.0G       1.4G       532M       3.2M        38M       292M
-/+ buffers/cache:       1.1G       863M
Swap:         8.0G         0B       8.0G

             total       used       free     shared    buffers     cached
Mem:          2.0G       1.4G       517M       3.2M        38M       292M
-/+ buffers/cache:       1.1G       848M
Swap:         8.0G         0B       8.0G

             total       used       free     shared    buffers     cached
Mem:          2.0G       1.5G       503M       3.2M        38M       292M
-/+ buffers/cache:       1.1G       834M
Swap:         8.0G         0B       8.0G

             total       used       free     shared    buffers     cached
Mem:          2.0G       1.5G       489M       3.2M        38M       292M
-/+ buffers/cache:       1.2G       820M
Swap:         8.0G         0B       8.0G

             total       used       free     shared    buffers     cached
Mem:          2.0G       1.5G       474M       3.2M        38M       292M
-/+ buffers/cache:       1.2G       805M
Swap:         8.0G         0B       8.0G

             total       used       free     shared    buffers     cached
Mem:          2.0G       1.5G       460M       3.2M        38M       292M
-/+ buffers/cache:       1.2G       791M
Swap:         8.0G         0B       8.0G

             total       used       free     shared    buffers     cached
Mem:          2.0G       1.5G       445M       3.2M        38M       292M
-/+ buffers/cache:       1.2G       776M
Swap:         8.0G         0B       8.0G

             total       used       free     shared    buffers     cached
Mem:          2.0G       1.5G       430M       3.2M        38M       292M
-/+ buffers/cache:       1.2G       761M
Swap:         8.0G         0B       8.0G

             total       used       free     shared    buffers     cached
Mem:          2.0G       1.5G       426M       3.2M        38M       292M
-/+ buffers/cache:       1.2G       757M
Swap:         8.0G         0B       8.0G

             total       used       free     shared    buffers     cached
Mem:          2.0G       1.6G       411M       3.2M        38M       292M
-/+ buffers/cache:       1.2G       742M
Swap:         8.0G         0B       8.0G

             total       used       free     shared    buffers     cached
Mem:          2.0G       1.6G       397M       3.2M        38M       292M
-/+ buffers/cache:       1.2G       728M
Swap:         8.0G         0B       8.0G

             total       used       free     shared    buffers     cached
Mem:          2.0G       1.6G       382M       3.2M        38M       292M
-/+ buffers/cache:       1.3G       713M
Swap:         8.0G         0B       8.0G

             total       used       free     shared    buffers     cached
Mem:          2.0G       1.6G       367M       3.2M        38M       292M
-/+ buffers/cache:       1.3G       699M
Swap:         8.0G         0B       8.0G

             total       used       free     shared    buffers     cached
Mem:          2.0G       1.6G       351M       3.2M        38M       292M
-/+ buffers/cache:       1.3G       682M
Swap:         8.0G         0B       8.0G

             total       used       free     shared    buffers     cached
Mem:          2.0G       1.6G       336M       3.2M        38M       292M
-/+ buffers/cache:       1.3G       667M
Swap:         8.0G         0B       8.0G

             total       used       free     shared    buffers     cached
Mem:          2.0G       1.6G       320M       3.2M        38M       292M
-/+ buffers/cache:       1.3G       651M
Swap:         8.0G         0B       8.0G

             total       used       free     shared    buffers     cached
Mem:          2.0G       1.7G       304M       3.2M        38M       292M
-/+ buffers/cache:       1.3G       635M
Swap:         8.0G         0B       8.0G

             total       used       free     shared    buffers     cached
Mem:          2.0G       1.7G       289M       3.2M        38M       292M
-/+ buffers/cache:       1.3G       620M
Swap:         8.0G         0B       8.0G

             total       used       free     shared    buffers     cached
Mem:          2.0G       1.7G       273M       3.2M        38M       292M
-/+ buffers/cache:       1.4G       604M
Swap:         8.0G         0B       8.0G

             total       used       free     shared    buffers     cached
Mem:          2.0G       1.7G       258M       3.2M        38M       292M
-/+ buffers/cache:       1.4G       589M
Swap:         8.0G         0B       8.0G

             total       used       free     shared    buffers     cached
Mem:          2.0G       1.7G       243M       3.2M        38M       292M
-/+ buffers/cache:       1.4G       574M
Swap:         8.0G         0B       8.0G

             total       used       free     shared    buffers     cached
Mem:          2.0G       1.7G       228M       3.2M        38M       292M
-/+ buffers/cache:       1.4G       559M
Swap:         8.0G         0B       8.0G

             total       used       free     shared    buffers     cached
Mem:          2.0G       1.7G       213M       3.2M        38M       292M
-/+ buffers/cache:       1.4G       544M
Swap:         8.0G         0B       8.0G

             total       used       free     shared    buffers     cached
Mem:          2.0G       1.8G       197M       3.2M        38M       292M
-/+ buffers/cache:       1.4G       529M
Swap:         8.0G         0B       8.0G

             total       used       free     shared    buffers     cached
Mem:          2.0G       1.8G       183M       3.2M        38M       292M
-/+ buffers/cache:       1.5G       514M
Swap:         8.0G         0B       8.0G

             total       used       free     shared    buffers     cached
Mem:          2.0G       1.8G       167M       3.2M        38M       292M
-/+ buffers/cache:       1.5G       499M
Swap:         8.0G         0B       8.0G

             total       used       free     shared    buffers     cached
Mem:          2.0G       1.8G       153M       3.2M        38M       292M
-/+ buffers/cache:       1.5G       484M
Swap:         8.0G         0B       8.0G

             total       used       free     shared    buffers     cached
Mem:          2.0G       1.8G       136M       3.2M        38M       292M
-/+ buffers/cache:       1.5G       468M
Swap:         8.0G         0B       8.0G

             total       used       free     shared    buffers     cached
Mem:          2.0G       1.8G       122M       3.2M        38M       292M
-/+ buffers/cache:       1.5G       453M
Swap:         8.0G         0B       8.0G

             total       used       free     shared    buffers     cached
Mem:          2.0G       1.8G       106M       3.2M        39M       292M
-/+ buffers/cache:       1.5G       438M
Swap:         8.0G         0B       8.0G

             total       used       free     shared    buffers     cached
Mem:          2.0G       1.9G        91M       3.2M        39M       292M
-/+ buffers/cache:       1.5G       422M
Swap:         8.0G         0B       8.0G

             total       used       free     shared    buffers     cached
Mem:          2.0G       1.9G        76M       3.2M        39M       292M
-/+ buffers/cache:       1.6G       408M
Swap:         8.0G         0B       8.0G

             total       used       free     shared    buffers     cached
Mem:          2.0G       1.9G        73M       3.2M        28M       290M
-/+ buffers/cache:       1.6G       393M
Swap:         8.0G         0B       8.0G

             total       used       free     shared    buffers     cached
Mem:          2.0G       1.9G        73M       3.2M        13M       290M
-/+ buffers/cache:       1.6G       378M
Swap:         8.0G         0B       8.0G

             total       used       free     shared    buffers     cached
Mem:          2.0G       1.9G        65M       3.2M        10M       287M
-/+ buffers/cache:       1.6G       363M
Swap:         8.0G         0B       8.0G

             total       used       free     shared    buffers     cached
Mem:          2.0G       1.9G        69M       3.2M        10M       269M
-/+ buffers/cache:       1.6G       349M
Swap:         8.0G        76K       8.0G

             total       used       free     shared    buffers     cached
Mem:          2.0G       1.9G        75M       3.1M       9.9M       250M
-/+ buffers/cache:       1.6G       335M
Swap:         8.0G       204K       8.0G

             total       used       free     shared    buffers     cached
Mem:          2.0G       1.9G        77M       3.0M       9.9M       235M
-/+ buffers/cache:       1.6G       322M
Swap:         8.0G       4.9M       8.0G

             total       used       free     shared    buffers     cached
Mem:          2.0G       1.9G        93M       3.0M       9.9M       210M
-/+ buffers/cache:       1.6G       313M
Swap:         8.0G        10M       8.0G

             total       used       free     shared    buffers     cached
Mem:          2.0G       1.9G        78M       3.0M       9.9M       210M
-/+ buffers/cache:       1.7G       299M
Swap:         8.0G        10M       8.0G

             total       used       free     shared    buffers     cached
Mem:          2.0G       1.9G        65M       3.0M       9.9M       210M
-/+ buffers/cache:       1.7G       285M
Swap:         8.0G        10M       8.0G

             total       used       free     shared    buffers     cached
Mem:          2.0G       1.9G        67M       3.0M       2.9M       201M
-/+ buffers/cache:       1.7G       271M
Swap:         8.0G        10M       8.0G

             total       used       free     shared    buffers     cached
Mem:          2.0G       1.9G        75M       3.0M       508K       179M
-/+ buffers/cache:       1.7G       255M
Swap:         8.0G        10M       8.0G

             total       used       free     shared    buffers     cached
Mem:          2.0G       1.9G        73M       3.0M       340K       168M
-/+ buffers/cache:       1.7G       242M
Swap:         8.0G        10M       8.0G

             total       used       free     shared    buffers     cached
Mem:          2.0G       1.9G        78M       3.0M       344K       149M
-/+ buffers/cache:       1.7G       228M
Swap:         8.0G        10M       8.0G

             total       used       free     shared    buffers     cached
Mem:          2.0G       1.9G        81M       3.0M       344K       131M
-/+ buffers/cache:       1.7G       213M
Swap:         8.0G        10M       8.0G

             total       used       free     shared    buffers     cached
Mem:          2.0G       1.9G        68M       3.0M       344K       131M
-/+ buffers/cache:       1.8G       200M
Swap:         8.0G        10M       8.0G

             total       used       free     shared    buffers     cached
Mem:          2.0G       1.9G        70M       3.0M        80K       116M
-/+ buffers/cache:       1.8G       187M
Swap:         8.0G        10M       8.0G

             total       used       free     shared    buffers     cached
Mem:          2.0G       1.9G        71M       3.0M        92K       102M
-/+ buffers/cache:       1.8G       174M
Swap:         8.0G        10M       8.0G

             total       used       free     shared    buffers     cached
Mem:          2.0G       1.9G        69M       3.0M        92K        90M
-/+ buffers/cache:       1.8G       160M
Swap:         8.0G        10M       8.0G

             total       used       free     shared    buffers     cached
Mem:          2.0G       1.9G        75M       3.0M        96K        70M
-/+ buffers/cache:       1.8G       146M
Swap:         8.0G        10M       8.0G

             total       used       free     shared    buffers     cached
Mem:          2.0G       1.9G        76M       3.0M        96K        54M
-/+ buffers/cache:       1.8G       131M
Swap:         8.0G        10M       8.0G

             total       used       free     shared    buffers     cached
Mem:          2.0G       1.9G        75M       3.0M       368K        42M
-/+ buffers/cache:       1.8G       118M
Swap:         8.0G        10M       8.0G

             total       used       free     shared    buffers     cached
Mem:          2.0G       1.9G        77M       3.0M       500K        25M
-/+ buffers/cache:       1.9G       103M
Swap:         8.0G        10M       8.0G

             total       used       free     shared    buffers     cached
Mem:          2.0G       1.9G        75M       3.0M       504K        12M
-/+ buffers/cache:       1.9G        88M
Swap:         8.0G        10M       8.0G

             total       used       free     shared    buffers     cached
Mem:          2.0G       1.9G        75M       2.8M       388K       4.0M
-/+ buffers/cache:       1.9G        79M
Swap:         8.0G        16M       8.0G

             total       used       free     shared    buffers     cached
Mem:          2.0G       1.9G        86M       2.5M        76K       4.1M
-/+ buffers/cache:       1.9G        90M
Swap:         8.0G        54M       7.9G

             total       used       free     shared    buffers     cached
Mem:          2.0G       1.9G        72M       2.5M        76K       4.1M
-/+ buffers/cache:       1.9G        76M
Swap:         8.0G        54M       7.9G

             total       used       free     shared    buffers     cached
Mem:          2.0G       1.9G        70M       2.5M        76K       4.3M
-/+ buffers/cache:       1.9G        74M
Swap:         8.0G        54M       7.9G

             total       used       free     shared    buffers     cached
Mem:          2.0G       1.9G        71M       2.5M        76K       4.3M
-/+ buffers/cache:       1.9G        75M
Swap:         8.0G        79M       7.9G

             total       used       free     shared    buffers     cached
Mem:          2.0G       1.9G        69M       2.5M        76K       4.3M
-/+ buffers/cache:       1.9G        73M
Swap:         8.0G        80M       7.9G

             total       used       free     shared    buffers     cached
Mem:          2.0G       1.9G        71M       2.5M        84K       4.2M
-/+ buffers/cache:       1.9G        75M
Swap:         8.0G       109M       7.9G

             total       used       free     shared    buffers     cached
Mem:          2.0G       1.9G        71M       2.4M        84K       4.2M
-/+ buffers/cache:       1.9G        76M
Swap:         8.0G       109M       7.9G

             total       used       free     shared    buffers     cached
Mem:          2.0G       1.9G        75M       2.4M        84K       4.2M
-/+ buffers/cache:       1.9G        79M
Swap:         8.0G       139M       7.9G

             total       used       free     shared    buffers     cached
Mem:          2.0G       1.9G        74M       2.4M        84K       4.2M
-/+ buffers/cache:       1.9G        78M
Swap:         8.0G       139M       7.9G

             total       used       free     shared    buffers     cached
Mem:          2.0G       1.9G        92M       2.4M        84K       4.2M
-/+ buffers/cache:       1.9G        97M
Swap:         8.0G       192M       7.8G

             total       used       free     shared    buffers     cached
Mem:          2.0G       1.9G        77M       2.4M        92K       4.2M
-/+ buffers/cache:       1.9G        82M
Swap:         8.0G       192M       7.8G

             total       used       free     shared    buffers     cached
Mem:          2.0G       1.9G        77M       2.4M        92K       4.2M
-/+ buffers/cache:       1.9G        81M
Swap:         8.0G       192M       7.8G

             total       used       free     shared    buffers     cached
Mem:          2.0G       1.9G        89M       2.4M        92K       4.2M
-/+ buffers/cache:       1.9G        93M
Swap:         8.0G       221M       7.8G

             total       used       free     shared    buffers     cached
Mem:          2.0G       1.9G        80M       2.3M        92K       4.3M
-/+ buffers/cache:       1.9G        84M
Swap:         8.0G       221M       7.8G

             total       used       free     shared    buffers     cached
Mem:          2.0G       1.9G        73M       2.3M        92K       4.2M
-/+ buffers/cache:       1.9G        78M
Swap:         8.0G       221M       7.8G

             total       used       free     shared    buffers     cached
Mem:          2.0G       1.9G        71M       2.3M        92K       4.3M
-/+ buffers/cache:       1.9G        76M
Swap:         8.0G       221M       7.8G

             total       used       free     shared    buffers     cached
Mem:          2.0G       1.9G        69M       2.3M       100K       4.3M
-/+ buffers/cache:       1.9G        74M
Swap:         8.0G       245M       7.8G

             total       used       free     shared    buffers     cached
Mem:          2.0G       1.9G        69M       2.3M       100K       4.2M
-/+ buffers/cache:       1.9G        73M
Swap:         8.0G       245M       7.8G

             total       used       free     shared    buffers     cached
Mem:          2.0G       1.9G        88M       2.3M        76K       8.0M
-/+ buffers/cache:       1.9G        97M
Swap:         8.0G       284M       7.7G

             total       used       free     shared    buffers     cached
Mem:          2.0G       1.9G        77M       2.3M        84K       8.6M
-/+ buffers/cache:       1.9G        86M
Swap:         8.0G       284M       7.7G

             total       used       free     shared    buffers     cached
Mem:          2.0G       1.9G        68M       2.3M        84K       8.6M
-/+ buffers/cache:       1.9G        77M
Swap:         8.0G       284M       7.7G

             total       used       free     shared    buffers     cached
Mem:          2.0G       1.9G        68M       2.3M        92K       8.7M
-/+ buffers/cache:       1.9G        77M
Swap:         8.0G       284M       7.7G

             total       used       free     shared    buffers     cached
Mem:          2.0G       1.9G        67M       2.3M        92K       8.8M
-/+ buffers/cache:       1.9G        76M
Swap:         8.0G       284M       7.7G

             total       used       free     shared    buffers     cached
Mem:          2.0G       1.9G        67M       2.3M        92K       8.8M
-/+ buffers/cache:       1.9G        76M
Swap:         8.0G       284M       7.7G

             total       used       free     shared    buffers     cached
Mem:          2.0G       1.9G        67M       2.3M        92K       8.8M
-/+ buffers/cache:       1.9G        76M
Swap:         8.0G       284M       7.7G

             total       used       free     shared    buffers     cached
Mem:          2.0G       1.9G        66M       2.3M        92K       8.8M
-/+ buffers/cache:       1.9G        75M
Swap:         8.0G       284M       7.7G

             total       used       free     shared    buffers     cached
Mem:          2.0G       1.9G        66M       2.3M       100K       8.8M
-/+ buffers/cache:       1.9G        75M
Swap:         8.0G       284M       7.7G

             total       used       free     shared    buffers     cached
Mem:          2.0G       1.9G        66M       2.3M       100K       8.9M
-/+ buffers/cache:       1.9G        75M
Swap:         8.0G       284M       7.7G

             total       used       free     shared    buffers     cached
Mem:          2.0G       1.9G        65M       2.3M       100K       8.8M
-/+ buffers/cache:       1.9G        74M
Swap:         8.0G       284M       7.7G

             total       used       free     shared    buffers     cached
Mem:          2.0G       1.9G        77M       2.3M        80K        22M
-/+ buffers/cache:       1.9G        99M
Swap:         8.0G       323M       7.7G

             total       used       free     shared    buffers     cached
Mem:          2.0G       1.9G        75M       2.3M       804K        22M
-/+ buffers/cache:       1.9G        98M
Swap:         8.0G       322M       7.7G

             total       used       free     shared    buffers     cached
Mem:          2.0G       1.9G        74M       2.3M       804K        22M
-/+ buffers/cache:       1.9G        97M
Swap:         8.0G       322M       7.7G

             total       used       free     shared    buffers     cached
Mem:          2.0G       1.9G        73M       2.3M       812K        22M
-/+ buffers/cache:       1.9G        97M
Swap:         8.0G       321M       7.7G

             total       used       free     shared    buffers     cached
Mem:          2.0G       1.9G        72M       2.3M       828K        22M
-/+ buffers/cache:       1.9G        96M
Swap:         8.0G       321M       7.7G

             total       used       free     shared    buffers     cached
Mem:          2.0G       1.9G        71M       2.3M       828K        22M
-/+ buffers/cache:       1.9G        95M
Swap:         8.0G       321M       7.7G

             total       used       free     shared    buffers     cached
Mem:          2.0G       1.9G        71M       2.3M       828K        22M
-/+ buffers/cache:       1.9G        94M
Swap:         8.0G       320M       7.7G

             total       used       free     shared    buffers     cached
Mem:          2.0G       1.9G        70M       2.3M       828K        22M
-/+ buffers/cache:       1.9G        94M
Swap:         8.0G       320M       7.7G

             total       used       free     shared    buffers     cached
Mem:          2.0G       1.9G        69M       2.3M       836K        23M
-/+ buffers/cache:       1.9G        93M
Swap:         8.0G       320M       7.7G

             total       used       free     shared    buffers     cached
Mem:          2.0G       1.9G        68M       2.3M       836K        23M
-/+ buffers/cache:       1.9G        92M
Swap:         8.0G       319M       7.7G

             total       used       free     shared    buffers     cached
Mem:          2.0G       1.9G        66M       2.3M       1.1M        23M
-/+ buffers/cache:       1.9G        91M
Swap:         8.0G       319M       7.7G

             total       used       free     shared    buffers     cached
Mem:          2.0G       1.9G        97M       2.3M       1.3M        28M
-/+ buffers/cache:       1.8G       127M
Swap:         8.0G       357M       7.6G

             total       used       free     shared    buffers     cached
Mem:          2.0G       1.9G        96M       2.3M       1.3M        28M
-/+ buffers/cache:       1.8G       126M
Swap:         8.0G       357M       7.6G

             total       used       free     shared    buffers     cached
Mem:          2.0G       1.9G        95M       2.3M       1.4M        28M
-/+ buffers/cache:       1.8G       125M
Swap:         8.0G       357M       7.6G

             total       used       free     shared    buffers     cached
Mem:          2.0G       1.9G        94M       2.3M       1.4M        28M
-/+ buffers/cache:       1.8G       125M
Swap:         8.0G       356M       7.6G

             total       used       free     shared    buffers     cached
Mem:          2.0G       1.9G        93M       2.3M       1.4M        28M
-/+ buffers/cache:       1.8G       124M
Swap:         8.0G       356M       7.6G

             total       used       free     shared    buffers     cached
Mem:          2.0G       1.9G        92M       2.3M       1.4M        28M
-/+ buffers/cache:       1.8G       123M
Swap:         8.0G       355M       7.6G

             total       used       free     shared    buffers     cached
Mem:          2.0G       1.9G        91M       2.3M       1.4M        28M
-/+ buffers/cache:       1.8G       121M
Swap:         8.0G       355M       7.6G

             total       used       free     shared    buffers     cached
Mem:          2.0G       1.9G        90M       2.3M       1.4M        28M
-/+ buffers/cache:       1.8G       121M
Swap:         8.0G       354M       7.7G

             total       used       free     shared    buffers     cached
Mem:          2.0G       1.9G        89M       2.3M       1.4M        29M
-/+ buffers/cache:       1.8G       119M
Swap:         8.0G       354M       7.7G

             total       used       free     shared    buffers     cached
Mem:          2.0G       1.9G        87M       2.3M       1.4M        29M
-/+ buffers/cache:       1.8G       117M
Swap:         8.0G       353M       7.7G

             total       used       free     shared    buffers     cached
Mem:          2.0G       1.9G        86M       2.3M       1.4M        29M
-/+ buffers/cache:       1.8G       117M
Swap:         8.0G       352M       7.7G

             total       used       free     shared    buffers     cached
Mem:          2.0G       1.9G        85M       2.3M       1.4M        29M
-/+ buffers/cache:       1.8G       116M
Swap:         8.0G       352M       7.7G

             total       used       free     shared    buffers     cached
Mem:          2.0G       1.9G        84M       2.3M       1.4M        29M
-/+ buffers/cache:       1.8G       115M
Swap:         8.0G       351M       7.7G

             total       used       free     shared    buffers     cached
Mem:          2.0G       1.9G        82M       2.3M       1.4M        30M
-/+ buffers/cache:       1.8G       114M
Swap:         8.0G       351M       7.7G

             total       used       free     shared    buffers     cached
Mem:          2.0G       1.9G        81M       2.3M       1.4M        31M
-/+ buffers/cache:       1.8G       113M
Swap:         8.0G       350M       7.7G

             total       used       free     shared    buffers     cached
Mem:          2.0G       1.9G        80M       2.3M       1.4M        31M
-/+ buffers/cache:       1.8G       113M
Swap:         8.0G       350M       7.7G

             total       used       free     shared    buffers     cached
Mem:          2.0G       1.9G        80M       2.3M       1.4M        31M
-/+ buffers/cache:       1.8G       112M
Swap:         8.0G       350M       7.7G

             total       used       free     shared    buffers     cached
Mem:          2.0G       1.9G        79M       2.3M       1.4M        30M
-/+ buffers/cache:       1.8G       112M
Swap:         8.0G       350M       7.7G

             total       used       free     shared    buffers     cached
Mem:          2.0G       1.9G        79M       2.3M       1.4M        31M
-/+ buffers/cache:       1.8G       111M
Swap:         8.0G       349M       7.7G

             total       used       free     shared    buffers     cached
Mem:          2.0G       1.9G        78M       2.3M       1.4M        31M
-/+ buffers/cache:       1.8G       111M
Swap:         8.0G       349M       7.7G

             total       used       free     shared    buffers     cached
Mem:          2.0G       1.9G        78M       2.3M       1.4M        31M
-/+ buffers/cache:       1.8G       110M
Swap:         8.0G       349M       7.7G

             total       used       free     shared    buffers     cached
Mem:          2.0G       1.9G        77M       2.3M       1.4M        31M
-/+ buffers/cache:       1.8G       109M
Swap:         8.0G       348M       7.7G

             total       used       free     shared    buffers     cached
Mem:          2.0G       1.9G        77M       2.3M       1.4M        31M
-/+ buffers/cache:       1.8G       109M
Swap:         8.0G       348M       7.7G

             total       used       free     shared    buffers     cached
Mem:          2.0G       1.9G        76M       2.3M       1.4M        31M
-/+ buffers/cache:       1.8G       108M
Swap:         8.0G       348M       7.7G

             total       used       free     shared    buffers     cached
Mem:          2.0G       1.9G        75M       2.3M       1.4M        31M
-/+ buffers/cache:       1.8G       108M
Swap:         8.0G       347M       7.7G

             total       used       free     shared    buffers     cached
Mem:          2.0G       1.9G        75M       2.3M       1.4M        31M
-/+ buffers/cache:       1.8G       107M
Swap:         8.0G       347M       7.7G

             total       used       free     shared    buffers     cached
Mem:          2.0G       1.9G        74M       2.3M       1.4M        31M
-/+ buffers/cache:       1.8G       107M
Swap:         8.0G       347M       7.7G

             total       used       free     shared    buffers     cached
Mem:          2.0G       1.9G        74M       2.3M       1.4M        31M
-/+ buffers/cache:       1.8G       106M
Swap:         8.0G       346M       7.7G

             total       used       free     shared    buffers     cached
Mem:          2.0G       1.9G        73M       2.3M       1.4M        31M
-/+ buffers/cache:       1.8G       106M
Swap:         8.0G       346M       7.7G

             total       used       free     shared    buffers     cached
Mem:          2.0G       1.9G        73M       2.3M       1.4M        31M
-/+ buffers/cache:       1.9G       105M
Swap:         8.0G       346M       7.7G

             total       used       free     shared    buffers     cached
Mem:          2.0G       1.9G        72M       2.3M       1.4M        31M
-/+ buffers/cache:       1.9G       105M
Swap:         8.0G       346M       7.7G

             total       used       free     shared    buffers     cached
Mem:          2.0G       1.9G        72M       2.3M       1.4M        31M
-/+ buffers/cache:       1.9G       104M
Swap:         8.0G       345M       7.7G

             total       used       free     shared    buffers     cached
Mem:          2.0G       1.9G        71M       2.3M       1.4M        31M
-/+ buffers/cache:       1.9G       103M
Swap:         8.0G       345M       7.7G

             total       used       free     shared    buffers     cached
Mem:          2.0G       1.9G        70M       2.3M       1.4M        31M
-/+ buffers/cache:       1.9G       103M
Swap:         8.0G       345M       7.7G

             total       used       free     shared    buffers     cached
Mem:          2.0G       1.9G        70M       2.3M       1.4M        31M
-/+ buffers/cache:       1.9G       102M
Swap:         8.0G       344M       7.7G

             total       used       free     shared    buffers     cached
Mem:          2.0G       1.9G        69M       2.3M       1.4M        31M
-/+ buffers/cache:       1.9G       102M
Swap:         8.0G       344M       7.7G

             total       used       free     shared    buffers     cached
Mem:          2.0G       1.9G        69M       2.3M       1.4M        31M
-/+ buffers/cache:       1.9G       101M
Swap:         8.0G       344M       7.7G

             total       used       free     shared    buffers     cached
Mem:          2.0G       1.9G        68M       2.3M       1.4M        31M
-/+ buffers/cache:       1.9G       101M
Swap:         8.0G       343M       7.7G

             total       used       free     shared    buffers     cached
Mem:          2.0G       1.9G        68M       2.3M       1.4M        31M
-/+ buffers/cache:       1.9G       100M
Swap:         8.0G       343M       7.7G

             total       used       free     shared    buffers     cached
Mem:          2.0G       1.9G        67M       2.3M       1.4M        31M
-/+ buffers/cache:       1.9G       100M
Swap:         8.0G       343M       7.7G

             total       used       free     shared    buffers     cached
Mem:          2.0G       1.9G        67M       2.3M       1.4M        31M
-/+ buffers/cache:       1.9G        99M
Swap:         8.0G       343M       7.7G

             total       used       free     shared    buffers     cached
Mem:          2.0G       1.9G        66M       2.3M       1.4M        31M
-/+ buffers/cache:       1.9G        98M
Swap:         8.0G       342M       7.7G

             total       used       free     shared    buffers     cached
Mem:          2.0G       1.9G        66M       2.3M       1.4M        31M
-/+ buffers/cache:       1.9G        98M
Swap:         8.0G       342M       7.7G

             total       used       free     shared    buffers     cached
Mem:          2.0G       1.9G        65M       2.3M       1.4M        31M
-/+ buffers/cache:       1.9G        97M
Swap:         8.0G       342M       7.7G

             total       used       free     shared    buffers     cached
Mem:          2.0G       1.9G        65M       2.3M       1.4M        31M
-/+ buffers/cache:       1.9G        97M
Swap:         8.0G       341M       7.7G

             total       used       free     shared    buffers     cached
Mem:          2.0G       1.9G        81M       2.3M       416K        27M
-/+ buffers/cache:       1.8G       109M
Swap:         8.0G       356M       7.6G

             total       used       free     shared    buffers     cached
Mem:          2.0G       1.9G        80M       2.3M       424K        27M
-/+ buffers/cache:       1.8G       108M
Swap:         8.0G       356M       7.6G

             total       used       free     shared    buffers     cached
Mem:          2.0G       1.9G        79M       2.3M       424K        27M
-/+ buffers/cache:       1.8G       108M
Swap:         8.0G       356M       7.6G

             total       used       free     shared    buffers     cached
Mem:          2.0G       1.9G        79M       2.3M       424K        27M
-/+ buffers/cache:       1.8G       107M
Swap:         8.0G       355M       7.6G

             total       used       free     shared    buffers     cached
Mem:          2.0G       1.9G        72M       2.3M       424K        33M
-/+ buffers/cache:       1.8G       106M
Swap:         8.0G       355M       7.7G

             total       used       free     shared    buffers     cached
Mem:          2.0G       1.9G        71M       2.3M       436K        33M
-/+ buffers/cache:       1.8G       106M
Swap:         8.0G       354M       7.7G

             total       used       free     shared    buffers     cached
Mem:          2.0G       1.9G        71M       2.3M       436K        33M
-/+ buffers/cache:       1.9G       105M
Swap:         8.0G       354M       7.7G

             total       used       free     shared    buffers     cached
Mem:          2.0G       1.9G        70M       2.3M       444K        33M
-/+ buffers/cache:       1.9G       104M
Swap:         8.0G       354M       7.7G

             total       used       free     shared    buffers     cached
Mem:          2.0G       1.9G        70M       2.3M       444K        33M
-/+ buffers/cache:       1.9G       104M
Swap:         8.0G       353M       7.7G

             total       used       free     shared    buffers     cached
Mem:          2.0G       1.9G        69M       2.3M       444K        33M
-/+ buffers/cache:       1.9G       103M
Swap:         8.0G       353M       7.7G

             total       used       free     shared    buffers     cached
Mem:          2.0G       1.9G        68M       2.3M       444K        33M
-/+ buffers/cache:       1.9G       103M
Swap:         8.0G       353M       7.7G

             total       used       free     shared    buffers     cached
Mem:          2.0G       1.9G        68M       2.3M       444K        33M
-/+ buffers/cache:       1.9G       102M
Swap:         8.0G       352M       7.7G

             total       used       free     shared    buffers     cached
Mem:          2.0G       1.9G        67M       2.3M       452K        33M
-/+ buffers/cache:       1.9G       102M
Swap:         8.0G       352M       7.7G

             total       used       free     shared    buffers     cached
Mem:          2.0G       1.9G        67M       2.3M       452K        33M
-/+ buffers/cache:       1.9G       101M
Swap:         8.0G       352M       7.7G

             total       used       free     shared    buffers     cached
Mem:          2.0G       1.9G        66M       2.3M       452K        33M
-/+ buffers/cache:       1.9G       100M
Swap:         8.0G       351M       7.7G

             total       used       free     shared    buffers     cached
Mem:          2.0G       1.9G        66M       2.3M       452K        33M
-/+ buffers/cache:       1.9G       100M
Swap:         8.0G       351M       7.7G

             total       used       free     shared    buffers     cached
Mem:          2.0G       1.9G        65M       2.3M       452K        33M
-/+ buffers/cache:       1.9G        99M
Swap:         8.0G       351M       7.7G

             total       used       free     shared    buffers     cached
Mem:          2.0G       1.9G        64M       2.3M       452K        33M
-/+ buffers/cache:       1.9G        99M
Swap:         8.0G       350M       7.7G

             total       used       free     shared    buffers     cached
Mem:          2.0G       1.9G        81M       2.3M       164K        31M
-/+ buffers/cache:       1.8G       112M
Swap:         8.0G       366M       7.6G

             total       used       free     shared    buffers     cached
Mem:          2.0G       1.9G        80M       2.3M       164K        31M
-/+ buffers/cache:       1.8G       112M
Swap:         8.0G       365M       7.6G

             total       used       free     shared    buffers     cached
Mem:          2.0G       1.9G        79M       2.3M       300K        32M
-/+ buffers/cache:       1.8G       111M
Swap:         8.0G       365M       7.6G

             total       used       free     shared    buffers     cached
Mem:          2.0G       1.9G        78M       2.3M       300K        32M
-/+ buffers/cache:       1.8G       110M
Swap:         8.0G       365M       7.6G

             total       used       free     shared    buffers     cached
Mem:          2.0G       1.9G        77M       2.3M       300K        32M
-/+ buffers/cache:       1.8G       110M
Swap:         8.0G       364M       7.6G

             total       used       free     shared    buffers     cached
Mem:          2.0G       1.9G        77M       2.3M       308K        32M
-/+ buffers/cache:       1.8G       109M
Swap:         8.0G       364M       7.6G

             total       used       free     shared    buffers     cached
Mem:          2.0G       1.9G        70M       2.3M       308K        33M
-/+ buffers/cache:       1.9G       105M
Swap:         8.0G       362M       7.6G

             total       used       free     shared    buffers     cached
Mem:          2.0G       1.9G        70M       2.3M       308K        33M
-/+ buffers/cache:       1.9G       104M
Swap:         8.0G       361M       7.6G

             total       used       free     shared    buffers     cached
Mem:          2.0G       1.9G        69M       2.3M       308K        33M
-/+ buffers/cache:       1.9G       103M
Swap:         8.0G       361M       7.6G

             total       used       free     shared    buffers     cached
Mem:          2.0G       1.9G        75M       2.3M       308K        32M
-/+ buffers/cache:       1.8G       108M
Swap:         8.0G       370M       7.6G

             total       used       free     shared    buffers     cached
Mem:          2.0G       1.9G        75M       2.3M       308K        32M
-/+ buffers/cache:       1.8G       108M
Swap:         8.0G       370M       7.6G

             total       used       free     shared    buffers     cached
Mem:          2.0G       1.9G        75M       2.3M       316K        32M
-/+ buffers/cache:       1.8G       108M
Swap:         8.0G       369M       7.6G

             total       used       free     shared    buffers     cached
Mem:          2.0G       1.9G        74M       2.3M       316K        32M
-/+ buffers/cache:       1.8G       107M
Swap:         8.0G       369M       7.6G

             total       used       free     shared    buffers     cached
Mem:          2.0G       1.9G        74M       2.3M       316K        32M
-/+ buffers/cache:       1.8G       107M
Swap:         8.0G       369M       7.6G

             total       used       free     shared    buffers     cached
Mem:          2.0G       1.9G        74M       2.3M       316K        32M
-/+ buffers/cache:       1.8G       107M
Swap:         8.0G       369M       7.6G

             total       used       free     shared    buffers     cached
Mem:          2.0G       1.9G        73M       2.3M       316K        32M
-/+ buffers/cache:       1.8G       106M
Swap:         8.0G       369M       7.6G

             total       used       free     shared    buffers     cached
Mem:          2.0G       1.9G        73M       2.3M       324K        32M
-/+ buffers/cache:       1.8G       106M
Swap:         8.0G       368M       7.6G

             total       used       free     shared    buffers     cached
Mem:          2.0G       1.9G        72M       2.3M       324K        32M
-/+ buffers/cache:       1.8G       105M
Swap:         8.0G       368M       7.6G

             total       used       free     shared    buffers     cached
Mem:          2.0G       1.9G        72M       2.3M       324K        32M
-/+ buffers/cache:       1.9G       105M
Swap:         8.0G       368M       7.6G

             total       used       free     shared    buffers     cached
Mem:          2.0G       1.9G        71M       2.3M       324K        32M
-/+ buffers/cache:       1.9G       104M
Swap:         8.0G       368M       7.6G

             total       used       free     shared    buffers     cached
Mem:          2.0G       1.9G        73M       2.4M       1.6M        44M
-/+ buffers/cache:       1.8G       119M
Swap:         8.0G       381M       7.6G

             total       used       free     shared    buffers     cached
Mem:          2.0G       1.9G        75M       6.1M       5.0M        56M
-/+ buffers/cache:       1.8G       136M
Swap:         8.0G       414M       7.6G

             total       used       free     shared    buffers     cached
Mem:          2.0G       1.9G        75M       6.1M       4.0M        63M
-/+ buffers/cache:       1.8G       143M
Swap:         8.0G       427M       7.6G

             total       used       free     shared    buffers     cached
Mem:          2.0G       1.9G        75M       2.4M       4.1M        62M
-/+ buffers/cache:       1.8G       142M
Swap:         8.0G       430M       7.6G

             total       used       free     shared    buffers     cached
Mem:          2.0G       1.9G        75M       2.4M       4.1M        62M
-/+ buffers/cache:       1.8G       142M
Swap:         8.0G       429M       7.6G

             total       used       free     shared    buffers     cached
Mem:          2.0G       1.9G        74M       2.4M       4.1M        62M
-/+ buffers/cache:       1.8G       141M
Swap:         8.0G       429M       7.6G

             total       used       free     shared    buffers     cached
Mem:          2.0G       1.9G        73M       2.4M       4.1M        62M
-/+ buffers/cache:       1.8G       140M
Swap:         8.0G       428M       7.6G

             total       used       free     shared    buffers     cached
Mem:          2.0G       1.9G        71M       2.4M       4.2M        63M
-/+ buffers/cache:       1.8G       139M
Swap:         8.0G       428M       7.6G

             total       used       free     shared    buffers     cached
Mem:          2.0G       1.9G        70M       2.4M       4.2M        63M
-/+ buffers/cache:       1.8G       138M
Swap:         8.0G       427M       7.6G

             total       used       free     shared    buffers     cached
Mem:          2.0G       1.9G        69M       2.4M       4.2M        63M
-/+ buffers/cache:       1.8G       137M
Swap:         8.0G       427M       7.6G

             total       used       free     shared    buffers     cached
Mem:          2.0G       1.9G        68M       2.4M       4.2M        63M
-/+ buffers/cache:       1.8G       136M
Swap:         8.0G       426M       7.6G

             total       used       free     shared    buffers     cached
Mem:          2.0G       1.9G        67M       2.4M       4.2M        63M
-/+ buffers/cache:       1.8G       135M
Swap:         8.0G       426M       7.6G

             total       used       free     shared    buffers     cached
Mem:          2.0G       1.9G        66M       2.4M       4.2M        63M
-/+ buffers/cache:       1.8G       134M
Swap:         8.0G       425M       7.6G

             total       used       free     shared    buffers     cached
Mem:          2.0G       1.9G        65M       2.4M       4.2M        63M
-/+ buffers/cache:       1.8G       133M
Swap:         8.0G       425M       7.6G

             total       used       free     shared    buffers     cached
Mem:          2.0G       1.9G        83M       2.4M       3.0M        60M
-/+ buffers/cache:       1.8G       147M
Swap:         8.0G       441M       7.6G

             total       used       free     shared    buffers     cached
Mem:          2.0G       1.9G        82M       2.4M       3.0M        60M
-/+ buffers/cache:       1.8G       146M
Swap:         8.0G       441M       7.6G

             total       used       free     shared    buffers     cached
Mem:          2.0G       1.9G        81M       2.4M       3.0M        60M
-/+ buffers/cache:       1.8G       145M
Swap:         8.0G       440M       7.6G

             total       used       free     shared    buffers     cached
Mem:          2.0G       1.9G        81M       2.4M       3.0M        60M
-/+ buffers/cache:       1.8G       144M
Swap:         8.0G       440M       7.6G

             total       used       free     shared    buffers     cached
Mem:          2.0G       1.9G        80M       2.4M       3.0M        60M
-/+ buffers/cache:       1.8G       143M
Swap:         8.0G       439M       7.6G

             total       used       free     shared    buffers     cached
Mem:          2.0G       1.9G        79M       2.4M       3.0M        60M
-/+ buffers/cache:       1.8G       142M
Swap:         8.0G       439M       7.6G

             total       used       free     shared    buffers     cached
Mem:          2.0G       1.9G        78M       2.4M       3.0M        60M
-/+ buffers/cache:       1.8G       141M
Swap:         8.0G       439M       7.6G

             total       used       free     shared    buffers     cached
Mem:          2.0G       1.9G        77M       2.4M       3.0M        60M
-/+ buffers/cache:       1.8G       140M
Swap:         8.0G       438M       7.6G

             total       used       free     shared    buffers     cached
Mem:          2.0G       1.9G        76M       2.4M       3.0M        60M
-/+ buffers/cache:       1.8G       139M
Swap:         8.0G       438M       7.6G

             total       used       free     shared    buffers     cached
Mem:          2.0G       1.9G        75M       2.4M       3.0M        60M
-/+ buffers/cache:       1.8G       138M
Swap:         8.0G       437M       7.6G

             total       used       free     shared    buffers     cached
Mem:          2.0G       1.9G        74M       2.4M       3.0M        60M
-/+ buffers/cache:       1.8G       137M
Swap:         8.0G       436M       7.6G

             total       used       free     shared    buffers     cached
Mem:          2.0G       1.9G        73M       2.4M       3.0M        60M
-/+ buffers/cache:       1.8G       136M
Swap:         8.0G       435M       7.6G

             total       used       free     shared    buffers     cached
Mem:          2.0G       1.9G        70M       2.4M       3.2M        61M
-/+ buffers/cache:       1.8G       135M
Swap:         8.0G       434M       7.6G

             total       used       free     shared    buffers     cached
Mem:          2.0G       1.9G        69M       2.4M       3.2M        61M
-/+ buffers/cache:       1.8G       134M
Swap:         8.0G       433M       7.6G

             total       used       free     shared    buffers     cached
Mem:          2.0G       1.9G        68M       2.4M       3.2M        61M
-/+ buffers/cache:       1.8G       133M
Swap:         8.0G       432M       7.6G

             total       used       free     shared    buffers     cached
Mem:          2.0G       1.9G        67M       2.4M       3.3M        61M
-/+ buffers/cache:       1.8G       132M
Swap:         8.0G       431M       7.6G

             total       used       free     shared    buffers     cached
Mem:          2.0G       1.9G        66M       2.4M       3.3M        61M
-/+ buffers/cache:       1.8G       131M
Swap:         8.0G       430M       7.6G

             total       used       free     shared    buffers     cached
Mem:          2.0G       1.9G        65M       2.4M       3.3M        61M
-/+ buffers/cache:       1.8G       130M
Swap:         8.0G       429M       7.6G

             total       used       free     shared    buffers     cached
Mem:          2.0G       1.9G        64M       2.4M       3.3M        61M
-/+ buffers/cache:       1.8G       129M
Swap:         8.0G       427M       7.6G

             total       used       free     shared    buffers     cached
Mem:          2.0G       1.9G        76M       2.4M       3.1M        59M
-/+ buffers/cache:       1.8G       139M
Swap:         8.0G       437M       7.6G

             total       used       free     shared    buffers     cached
Mem:          2.0G       1.9G        72M       2.5M       7.9M        70M
-/+ buffers/cache:       1.8G       151M
Swap:         8.0G       455M       7.6G

             total       used       free     shared    buffers     cached
Mem:          2.0G       1.9G        66M       2.5M       8.5M        74M
-/+ buffers/cache:       1.8G       148M
Swap:         8.0G       454M       7.6G
