             total       used       free     shared    buffers     cached
Mem:          3.9G       662M       3.2G       3.2M        38M       289M
-/+ buffers/cache:       334M       3.5G
Swap:         8.0G         0B       8.0G

             total       used       free     shared    buffers     cached
Mem:          3.9G       661M       3.2G       3.3M        38M       289M
-/+ buffers/cache:       333M       3.5G
Swap:         8.0G         0B       8.0G

             total       used       free     shared    buffers     cached
Mem:          3.9G       661M       3.2G       3.3M        38M       289M
-/+ buffers/cache:       333M       3.5G
Swap:         8.0G         0B       8.0G

             total       used       free     shared    buffers     cached
Mem:          3.9G       661M       3.2G       3.3M        38M       289M
-/+ buffers/cache:       333M       3.5G
Swap:         8.0G         0B       8.0G

             total       used       free     shared    buffers     cached
Mem:          3.9G       661M       3.2G       3.3M        38M       289M
-/+ buffers/cache:       333M       3.5G
Swap:         8.0G         0B       8.0G

             total       used       free     shared    buffers     cached
Mem:          3.9G       661M       3.2G       3.3M        38M       289M
-/+ buffers/cache:       333M       3.5G
Swap:         8.0G         0B       8.0G

             total       used       free     shared    buffers     cached
Mem:          3.9G       661M       3.2G       3.3M        38M       289M
-/+ buffers/cache:       333M       3.5G
Swap:         8.0G         0B       8.0G

             total       used       free     shared    buffers     cached
Mem:          3.9G       661M       3.2G       3.3M        38M       289M
-/+ buffers/cache:       332M       3.5G
Swap:         8.0G         0B       8.0G

             total       used       free     shared    buffers     cached
Mem:          3.9G       661M       3.2G       3.3M        38M       289M
-/+ buffers/cache:       333M       3.5G
Swap:         8.0G         0B       8.0G

             total       used       free     shared    buffers     cached
Mem:          3.9G       661M       3.2G       3.3M        38M       290M
-/+ buffers/cache:       332M       3.5G
Swap:         8.0G         0B       8.0G

             total       used       free     shared    buffers     cached
Mem:          3.9G       661M       3.2G       3.3M        38M       290M
-/+ buffers/cache:       332M       3.5G
Swap:         8.0G         0B       8.0G

             total       used       free     shared    buffers     cached
Mem:          3.9G       667M       3.2G       3.3M        38M       290M
-/+ buffers/cache:       338M       3.5G
Swap:         8.0G         0B       8.0G

             total       used       free     shared    buffers     cached
Mem:          3.9G       692M       3.2G       3.3M        38M       290M
-/+ buffers/cache:       362M       3.5G
Swap:         8.0G         0B       8.0G

             total       used       free     shared    buffers     cached
Mem:          3.9G       670M       3.2G       3.3M        38M       291M
-/+ buffers/cache:       340M       3.5G
Swap:         8.0G         0B       8.0G

             total       used       free     shared    buffers     cached
Mem:          3.9G       670M       3.2G       3.3M        38M       291M
-/+ buffers/cache:       340M       3.5G
Swap:         8.0G         0B       8.0G

             total       used       free     shared    buffers     cached
Mem:          3.9G       671M       3.2G       3.3M        38M       291M
-/+ buffers/cache:       341M       3.5G
Swap:         8.0G         0B       8.0G

             total       used       free     shared    buffers     cached
Mem:          3.9G       671M       3.2G       3.3M        38M       291M
-/+ buffers/cache:       340M       3.5G
Swap:         8.0G         0B       8.0G

             total       used       free     shared    buffers     cached
Mem:          3.9G       671M       3.2G       3.3M        38M       291M
-/+ buffers/cache:       340M       3.5G
Swap:         8.0G         0B       8.0G

             total       used       free     shared    buffers     cached
Mem:          3.9G       671M       3.2G       3.3M        38M       291M
-/+ buffers/cache:       340M       3.5G
Swap:         8.0G         0B       8.0G

             total       used       free     shared    buffers     cached
Mem:          3.9G       671M       3.2G       3.3M        38M       291M
-/+ buffers/cache:       340M       3.5G
Swap:         8.0G         0B       8.0G

             total       used       free     shared    buffers     cached
Mem:          3.9G       671M       3.2G       3.3M        38M       291M
-/+ buffers/cache:       340M       3.5G
Swap:         8.0G         0B       8.0G

             total       used       free     shared    buffers     cached
Mem:          3.9G       671M       3.2G       3.3M        38M       291M
-/+ buffers/cache:       341M       3.5G
Swap:         8.0G         0B       8.0G

             total       used       free     shared    buffers     cached
Mem:          3.9G       671M       3.2G       3.3M        38M       291M
-/+ buffers/cache:       341M       3.5G
Swap:         8.0G         0B       8.0G

             total       used       free     shared    buffers     cached
Mem:          3.9G       671M       3.2G       3.3M        38M       291M
-/+ buffers/cache:       341M       3.5G
Swap:         8.0G         0B       8.0G

             total       used       free     shared    buffers     cached
Mem:          3.9G       671M       3.2G       3.3M        38M       291M
-/+ buffers/cache:       341M       3.5G
Swap:         8.0G         0B       8.0G

             total       used       free     shared    buffers     cached
Mem:          3.9G       671M       3.2G       3.3M        38M       291M
-/+ buffers/cache:       341M       3.5G
Swap:         8.0G         0B       8.0G

             total       used       free     shared    buffers     cached
Mem:          3.9G       671M       3.2G       3.3M        38M       291M
-/+ buffers/cache:       341M       3.5G
Swap:         8.0G         0B       8.0G

             total       used       free     shared    buffers     cached
Mem:          3.9G       671M       3.2G       3.3M        38M       291M
-/+ buffers/cache:       341M       3.5G
Swap:         8.0G         0B       8.0G

             total       used       free     shared    buffers     cached
Mem:          3.9G       671M       3.2G       3.3M        38M       291M
-/+ buffers/cache:       341M       3.5G
Swap:         8.0G         0B       8.0G

             total       used       free     shared    buffers     cached
Mem:          3.9G       671M       3.2G       3.3M        38M       291M
-/+ buffers/cache:       341M       3.5G
Swap:         8.0G         0B       8.0G

             total       used       free     shared    buffers     cached
Mem:          3.9G       671M       3.2G       3.3M        38M       291M
-/+ buffers/cache:       341M       3.5G
Swap:         8.0G         0B       8.0G

             total       used       free     shared    buffers     cached
Mem:          3.9G       671M       3.2G       3.3M        38M       291M
-/+ buffers/cache:       341M       3.5G
Swap:         8.0G         0B       8.0G

             total       used       free     shared    buffers     cached
Mem:          3.9G       671M       3.2G       3.3M        38M       291M
-/+ buffers/cache:       341M       3.5G
Swap:         8.0G         0B       8.0G

             total       used       free     shared    buffers     cached
Mem:          3.9G       678M       3.2G       3.3M        38M       291M
-/+ buffers/cache:       347M       3.5G
Swap:         8.0G         0B       8.0G

             total       used       free     shared    buffers     cached
Mem:          3.9G       698M       3.2G       3.3M        38M       291M
-/+ buffers/cache:       367M       3.5G
Swap:         8.0G         0B       8.0G

             total       used       free     shared    buffers     cached
Mem:          3.9G       717M       3.2G       3.3M        38M       291M
-/+ buffers/cache:       386M       3.5G
Swap:         8.0G         0B       8.0G

             total       used       free     shared    buffers     cached
Mem:          3.9G       735M       3.1G       3.3M        38M       291M
-/+ buffers/cache:       404M       3.5G
Swap:         8.0G         0B       8.0G

             total       used       free     shared    buffers     cached
Mem:          3.9G       754M       3.1G       3.3M        38M       291M
-/+ buffers/cache:       423M       3.4G
Swap:         8.0G         0B       8.0G

             total       used       free     shared    buffers     cached
Mem:          3.9G       774M       3.1G       3.3M        38M       291M
-/+ buffers/cache:       443M       3.4G
Swap:         8.0G         0B       8.0G

             total       used       free     shared    buffers     cached
Mem:          3.9G       792M       3.1G       3.3M        38M       291M
-/+ buffers/cache:       461M       3.4G
Swap:         8.0G         0B       8.0G

             total       used       free     shared    buffers     cached
Mem:          3.9G       810M       3.1G       3.3M        39M       291M
-/+ buffers/cache:       479M       3.4G
Swap:         8.0G         0B       8.0G

             total       used       free     shared    buffers     cached
Mem:          3.9G       830M       3.0G       3.3M        39M       291M
-/+ buffers/cache:       499M       3.4G
Swap:         8.0G         0B       8.0G

             total       used       free     shared    buffers     cached
Mem:          3.9G       849M       3.0G       3.3M        39M       291M
-/+ buffers/cache:       518M       3.4G
Swap:         8.0G         0B       8.0G

             total       used       free     shared    buffers     cached
Mem:          3.9G       866M       3.0G       3.3M        39M       291M
-/+ buffers/cache:       535M       3.3G
Swap:         8.0G         0B       8.0G

             total       used       free     shared    buffers     cached
Mem:          3.9G       886M       3.0G       3.3M        39M       291M
-/+ buffers/cache:       555M       3.3G
Swap:         8.0G         0B       8.0G

             total       used       free     shared    buffers     cached
Mem:          3.9G       901M       3.0G       3.3M        39M       291M
-/+ buffers/cache:       570M       3.3G
Swap:         8.0G         0B       8.0G

             total       used       free     shared    buffers     cached
Mem:          3.9G       921M       3.0G       3.3M        39M       291M
-/+ buffers/cache:       590M       3.3G
Swap:         8.0G         0B       8.0G

             total       used       free     shared    buffers     cached
Mem:          3.9G       939M       2.9G       3.3M        39M       291M
-/+ buffers/cache:       609M       3.3G
Swap:         8.0G         0B       8.0G

             total       used       free     shared    buffers     cached
Mem:          3.9G       958M       2.9G       3.3M        39M       291M
-/+ buffers/cache:       627M       3.2G
Swap:         8.0G         0B       8.0G

             total       used       free     shared    buffers     cached
Mem:          3.9G       977M       2.9G       3.3M        39M       291M
-/+ buffers/cache:       646M       3.2G
Swap:         8.0G         0B       8.0G

             total       used       free     shared    buffers     cached
Mem:          3.9G       995M       2.9G       3.3M        39M       291M
-/+ buffers/cache:       664M       3.2G
Swap:         8.0G         0B       8.0G

             total       used       free     shared    buffers     cached
Mem:          3.9G       1.0G       2.9G       3.3M        39M       291M
-/+ buffers/cache:       683M       3.2G
Swap:         8.0G         0B       8.0G

             total       used       free     shared    buffers     cached
Mem:          3.9G       1.0G       2.8G       3.3M        39M       291M
-/+ buffers/cache:       702M       3.2G
Swap:         8.0G         0B       8.0G

             total       used       free     shared    buffers     cached
Mem:          3.9G       1.0G       2.8G       3.3M        39M       291M
-/+ buffers/cache:       720M       3.2G
Swap:         8.0G         0B       8.0G

             total       used       free     shared    buffers     cached
Mem:          3.9G       1.0G       2.8G       3.3M        39M       291M
-/+ buffers/cache:       740M       3.1G
Swap:         8.0G         0B       8.0G

             total       used       free     shared    buffers     cached
Mem:          3.9G       1.1G       2.8G       3.3M        39M       291M
-/+ buffers/cache:       758M       3.1G
Swap:         8.0G         0B       8.0G

             total       used       free     shared    buffers     cached
Mem:          3.9G       1.1G       2.8G       3.3M        39M       291M
-/+ buffers/cache:       779M       3.1G
Swap:         8.0G         0B       8.0G

             total       used       free     shared    buffers     cached
Mem:          3.9G       1.1G       2.8G       3.3M        39M       291M
-/+ buffers/cache:       791M       3.1G
Swap:         8.0G         0B       8.0G

             total       used       free     shared    buffers     cached
Mem:          3.9G       1.1G       2.7G       3.3M        39M       291M
-/+ buffers/cache:       809M       3.1G
Swap:         8.0G         0B       8.0G

             total       used       free     shared    buffers     cached
Mem:          3.9G       1.1G       2.7G       3.3M        39M       291M
-/+ buffers/cache:       826M       3.1G
Swap:         8.0G         0B       8.0G

             total       used       free     shared    buffers     cached
Mem:          3.9G       1.1G       2.7G       3.3M        39M       291M
-/+ buffers/cache:       846M       3.0G
Swap:         8.0G         0B       8.0G

             total       used       free     shared    buffers     cached
Mem:          3.9G       1.2G       2.7G       3.3M        39M       291M
-/+ buffers/cache:       864M       3.0G
Swap:         8.0G         0B       8.0G

             total       used       free     shared    buffers     cached
Mem:          3.9G       1.2G       2.7G       3.3M        39M       291M
-/+ buffers/cache:       884M       3.0G
Swap:         8.0G         0B       8.0G

             total       used       free     shared    buffers     cached
Mem:          3.9G       1.2G       2.7G       3.3M        39M       291M
-/+ buffers/cache:       902M       3.0G
Swap:         8.0G         0B       8.0G

             total       used       free     shared    buffers     cached
Mem:          3.9G       1.2G       2.6G       3.3M        39M       291M
-/+ buffers/cache:       922M       3.0G
Swap:         8.0G         0B       8.0G

             total       used       free     shared    buffers     cached
Mem:          3.9G       1.2G       2.6G       3.3M        39M       291M
-/+ buffers/cache:       941M       2.9G
Swap:         8.0G         0B       8.0G

             total       used       free     shared    buffers     cached
Mem:          3.9G       1.3G       2.6G       3.3M        39M       291M
-/+ buffers/cache:       960M       2.9G
Swap:         8.0G         0B       8.0G

             total       used       free     shared    buffers     cached
Mem:          3.9G       1.3G       2.6G       3.3M        39M       291M
-/+ buffers/cache:       979M       2.9G
Swap:         8.0G         0B       8.0G

             total       used       free     shared    buffers     cached
Mem:          3.9G       1.3G       2.6G       3.3M        39M       291M
-/+ buffers/cache:       999M       2.9G
Swap:         8.0G         0B       8.0G

             total       used       free     shared    buffers     cached
Mem:          3.9G       1.3G       2.5G       3.3M        39M       291M
-/+ buffers/cache:       1.0G       2.9G
Swap:         8.0G         0B       8.0G

             total       used       free     shared    buffers     cached
Mem:          3.9G       1.3G       2.5G       3.3M        39M       291M
-/+ buffers/cache:       1.0G       2.8G
Swap:         8.0G         0B       8.0G

             total       used       free     shared    buffers     cached
Mem:          3.9G       1.4G       2.5G       3.3M        39M       292M
-/+ buffers/cache:       1.0G       2.8G
Swap:         8.0G         0B       8.0G

             total       used       free     shared    buffers     cached
Mem:          3.9G       1.4G       2.5G       3.3M        39M       292M
-/+ buffers/cache:       1.0G       2.8G
Swap:         8.0G         0B       8.0G

             total       used       free     shared    buffers     cached
Mem:          3.9G       1.4G       2.5G       3.3M        39M       292M
-/+ buffers/cache:       1.1G       2.8G
Swap:         8.0G         0B       8.0G

             total       used       free     shared    buffers     cached
Mem:          3.9G       1.4G       2.5G       3.3M        39M       292M
-/+ buffers/cache:       1.1G       2.8G
Swap:         8.0G         0B       8.0G

             total       used       free     shared    buffers     cached
Mem:          3.9G       1.4G       2.4G       3.3M        39M       292M
-/+ buffers/cache:       1.1G       2.8G
Swap:         8.0G         0B       8.0G

             total       used       free     shared    buffers     cached
Mem:          3.9G       1.4G       2.4G       3.3M        39M       292M
-/+ buffers/cache:       1.1G       2.7G
Swap:         8.0G         0B       8.0G

             total       used       free     shared    buffers     cached
Mem:          3.9G       1.5G       2.4G       3.3M        39M       292M
-/+ buffers/cache:       1.1G       2.7G
Swap:         8.0G         0B       8.0G

             total       used       free     shared    buffers     cached
Mem:          3.9G       1.5G       2.4G       3.3M        39M       292M
-/+ buffers/cache:       1.2G       2.7G
Swap:         8.0G         0B       8.0G

             total       used       free     shared    buffers     cached
Mem:          3.9G       1.5G       2.4G       3.3M        39M       292M
-/+ buffers/cache:       1.2G       2.7G
Swap:         8.0G         0B       8.0G

             total       used       free     shared    buffers     cached
Mem:          3.9G       1.5G       2.3G       3.3M        39M       292M
-/+ buffers/cache:       1.2G       2.7G
Swap:         8.0G         0B       8.0G

             total       used       free     shared    buffers     cached
Mem:          3.9G       1.5G       2.3G       3.3M        39M       292M
-/+ buffers/cache:       1.2G       2.6G
Swap:         8.0G         0B       8.0G

             total       used       free     shared    buffers     cached
Mem:          3.9G       1.5G       2.3G       3.3M        39M       292M
-/+ buffers/cache:       1.2G       2.6G
Swap:         8.0G         0B       8.0G

             total       used       free     shared    buffers     cached
Mem:          3.9G       1.6G       2.3G       3.3M        39M       292M
-/+ buffers/cache:       1.2G       2.6G
Swap:         8.0G         0B       8.0G

             total       used       free     shared    buffers     cached
Mem:          3.9G       1.6G       2.3G       3.3M        39M       292M
-/+ buffers/cache:       1.3G       2.6G
Swap:         8.0G         0B       8.0G

             total       used       free     shared    buffers     cached
Mem:          3.9G       1.6G       2.3G       3.3M        39M       292M
-/+ buffers/cache:       1.3G       2.6G
Swap:         8.0G         0B       8.0G

             total       used       free     shared    buffers     cached
Mem:          3.9G       1.6G       2.2G       3.3M        39M       292M
-/+ buffers/cache:       1.3G       2.6G
Swap:         8.0G         0B       8.0G

             total       used       free     shared    buffers     cached
Mem:          3.9G       1.6G       2.2G       3.3M        39M       292M
-/+ buffers/cache:       1.3G       2.6G
Swap:         8.0G         0B       8.0G

             total       used       free     shared    buffers     cached
Mem:          3.9G       1.6G       2.2G       3.3M        39M       292M
-/+ buffers/cache:       1.3G       2.5G
Swap:         8.0G         0B       8.0G

             total       used       free     shared    buffers     cached
Mem:          3.9G       1.7G       2.2G       3.3M        39M       292M
-/+ buffers/cache:       1.3G       2.5G
Swap:         8.0G         0B       8.0G

             total       used       free     shared    buffers     cached
Mem:          3.9G       1.7G       2.2G       3.3M        39M       292M
-/+ buffers/cache:       1.4G       2.5G
Swap:         8.0G         0B       8.0G

             total       used       free     shared    buffers     cached
Mem:          3.9G       1.7G       2.2G       3.3M        39M       292M
-/+ buffers/cache:       1.4G       2.5G
Swap:         8.0G         0B       8.0G

             total       used       free     shared    buffers     cached
Mem:          3.9G       1.7G       2.1G       3.3M        39M       292M
-/+ buffers/cache:       1.4G       2.5G
Swap:         8.0G         0B       8.0G

             total       used       free     shared    buffers     cached
Mem:          3.9G       1.7G       2.1G       3.3M        39M       292M
-/+ buffers/cache:       1.4G       2.4G
Swap:         8.0G         0B       8.0G

             total       used       free     shared    buffers     cached
Mem:          3.9G       1.8G       2.1G       3.3M        39M       292M
-/+ buffers/cache:       1.4G       2.4G
Swap:         8.0G         0B       8.0G

             total       used       free     shared    buffers     cached
Mem:          3.9G       1.8G       2.1G       3.3M        39M       292M
-/+ buffers/cache:       1.5G       2.4G
Swap:         8.0G         0B       8.0G

             total       used       free     shared    buffers     cached
Mem:          3.9G       1.8G       2.1G       3.3M        39M       292M
-/+ buffers/cache:       1.5G       2.4G
Swap:         8.0G         0B       8.0G

             total       used       free     shared    buffers     cached
Mem:          3.9G       1.8G       2.0G       3.3M        39M       292M
-/+ buffers/cache:       1.5G       2.4G
Swap:         8.0G         0B       8.0G

             total       used       free     shared    buffers     cached
Mem:          3.9G       1.8G       2.0G       3.3M        39M       292M
-/+ buffers/cache:       1.5G       2.3G
Swap:         8.0G         0B       8.0G

             total       used       free     shared    buffers     cached
Mem:          3.9G       1.9G       2.0G       3.3M        39M       292M
-/+ buffers/cache:       1.5G       2.3G
Swap:         8.0G         0B       8.0G

             total       used       free     shared    buffers     cached
Mem:          3.9G       1.9G       2.0G       3.3M        39M       292M
-/+ buffers/cache:       1.5G       2.3G
Swap:         8.0G         0B       8.0G

             total       used       free     shared    buffers     cached
Mem:          3.9G       1.9G       2.0G       3.3M        39M       292M
-/+ buffers/cache:       1.6G       2.3G
Swap:         8.0G         0B       8.0G

             total       used       free     shared    buffers     cached
Mem:          3.9G       1.9G       2.0G       3.3M        39M       292M
-/+ buffers/cache:       1.6G       2.3G
Swap:         8.0G         0B       8.0G

             total       used       free     shared    buffers     cached
Mem:          3.9G       1.9G       1.9G       3.3M        39M       292M
-/+ buffers/cache:       1.6G       2.3G
Swap:         8.0G         0B       8.0G

             total       used       free     shared    buffers     cached
Mem:          3.9G       1.9G       1.9G       3.3M        39M       292M
-/+ buffers/cache:       1.6G       2.2G
Swap:         8.0G         0B       8.0G

             total       used       free     shared    buffers     cached
Mem:          3.9G       2.0G       1.9G       3.3M        39M       292M
-/+ buffers/cache:       1.6G       2.2G
Swap:         8.0G         0B       8.0G

             total       used       free     shared    buffers     cached
Mem:          3.9G       2.0G       1.9G       3.3M        39M       292M
-/+ buffers/cache:       1.7G       2.2G
Swap:         8.0G         0B       8.0G

             total       used       free     shared    buffers     cached
Mem:          3.9G       2.0G       1.9G       3.3M        39M       292M
-/+ buffers/cache:       1.7G       2.2G
Swap:         8.0G         0B       8.0G

             total       used       free     shared    buffers     cached
Mem:          3.9G       2.0G       1.8G       3.3M        39M       292M
-/+ buffers/cache:       1.7G       2.2G
Swap:         8.0G         0B       8.0G

             total       used       free     shared    buffers     cached
Mem:          3.9G       2.0G       1.8G       3.3M        39M       292M
-/+ buffers/cache:       1.7G       2.2G
Swap:         8.0G         0B       8.0G

             total       used       free     shared    buffers     cached
Mem:          3.9G       2.0G       1.8G       3.3M        39M       292M
-/+ buffers/cache:       1.7G       2.1G
Swap:         8.0G         0B       8.0G

             total       used       free     shared    buffers     cached
Mem:          3.9G       2.1G       1.8G       3.3M        39M       292M
-/+ buffers/cache:       1.7G       2.1G
Swap:         8.0G         0B       8.0G

             total       used       free     shared    buffers     cached
Mem:          3.9G       2.1G       1.8G       3.3M        39M       292M
-/+ buffers/cache:       1.8G       2.1G
Swap:         8.0G         0B       8.0G

             total       used       free     shared    buffers     cached
Mem:          3.9G       2.1G       1.8G       3.3M        39M       292M
-/+ buffers/cache:       1.8G       2.1G
Swap:         8.0G         0B       8.0G

             total       used       free     shared    buffers     cached
Mem:          3.9G       2.1G       1.7G       3.3M        39M       292M
-/+ buffers/cache:       1.8G       2.1G
Swap:         8.0G         0B       8.0G

             total       used       free     shared    buffers     cached
Mem:          3.9G       2.1G       1.7G       3.3M        39M       292M
-/+ buffers/cache:       1.8G       2.0G
Swap:         8.0G         0B       8.0G

             total       used       free     shared    buffers     cached
Mem:          3.9G       2.2G       1.7G       3.3M        39M       292M
-/+ buffers/cache:       1.8G       2.0G
Swap:         8.0G         0B       8.0G

             total       used       free     shared    buffers     cached
Mem:          3.9G       2.2G       1.7G       3.3M        39M       292M
-/+ buffers/cache:       1.8G       2.0G
Swap:         8.0G         0B       8.0G

             total       used       free     shared    buffers     cached
Mem:          3.9G       2.2G       1.7G       3.3M        39M       292M
-/+ buffers/cache:       1.9G       2.0G
Swap:         8.0G         0B       8.0G

             total       used       free     shared    buffers     cached
Mem:          3.9G       2.2G       1.7G       3.3M        39M       292M
-/+ buffers/cache:       1.9G       2.0G
Swap:         8.0G         0B       8.0G

             total       used       free     shared    buffers     cached
Mem:          3.9G       2.2G       1.6G       3.3M        39M       292M
-/+ buffers/cache:       1.9G       2.0G
Swap:         8.0G         0B       8.0G

             total       used       free     shared    buffers     cached
Mem:          3.9G       2.2G       1.6G       3.3M        39M       292M
-/+ buffers/cache:       1.9G       1.9G
Swap:         8.0G         0B       8.0G

             total       used       free     shared    buffers     cached
Mem:          3.9G       2.3G       1.6G       3.3M        39M       292M
-/+ buffers/cache:       1.9G       1.9G
Swap:         8.0G         0B       8.0G

             total       used       free     shared    buffers     cached
Mem:          3.9G       2.3G       1.6G       3.3M        39M       292M
-/+ buffers/cache:       2.0G       1.9G
Swap:         8.0G         0B       8.0G

             total       used       free     shared    buffers     cached
Mem:          3.9G       2.3G       1.6G       3.3M        39M       292M
-/+ buffers/cache:       2.0G       1.9G
Swap:         8.0G         0B       8.0G

             total       used       free     shared    buffers     cached
Mem:          3.9G       2.3G       1.5G       3.3M        39M       292M
-/+ buffers/cache:       2.0G       1.9G
Swap:         8.0G         0B       8.0G

             total       used       free     shared    buffers     cached
Mem:          3.9G       2.3G       1.5G       3.3M        39M       292M
-/+ buffers/cache:       2.0G       1.8G
Swap:         8.0G         0B       8.0G

             total       used       free     shared    buffers     cached
Mem:          3.9G       2.4G       1.5G       3.3M        39M       292M
-/+ buffers/cache:       2.0G       1.8G
Swap:         8.0G         0B       8.0G

             total       used       free     shared    buffers     cached
Mem:          3.9G       2.4G       1.5G       3.3M        39M       292M
-/+ buffers/cache:       2.0G       1.8G
Swap:         8.0G         0B       8.0G

             total       used       free     shared    buffers     cached
Mem:          3.9G       2.4G       1.5G       3.3M        39M       292M
-/+ buffers/cache:       2.1G       1.8G
Swap:         8.0G         0B       8.0G

             total       used       free     shared    buffers     cached
Mem:          3.9G       2.4G       1.5G       3.3M        39M       292M
-/+ buffers/cache:       2.1G       1.8G
Swap:         8.0G         0B       8.0G

             total       used       free     shared    buffers     cached
Mem:          3.9G       2.4G       1.4G       3.3M        39M       292M
-/+ buffers/cache:       2.1G       1.8G
Swap:         8.0G         0B       8.0G

             total       used       free     shared    buffers     cached
Mem:          3.9G       2.4G       1.4G       3.3M        39M       292M
-/+ buffers/cache:       2.1G       1.8G
Swap:         8.0G         0B       8.0G

             total       used       free     shared    buffers     cached
Mem:          3.9G       2.4G       1.4G       3.3M        39M       292M
-/+ buffers/cache:       2.1G       1.8G
Swap:         8.0G         0B       8.0G

             total       used       free     shared    buffers     cached
Mem:          3.9G       2.5G       1.4G       3.3M        39M       292M
-/+ buffers/cache:       2.1G       1.7G
Swap:         8.0G         0B       8.0G

             total       used       free     shared    buffers     cached
Mem:          3.9G       2.5G       1.4G       3.3M        39M       292M
-/+ buffers/cache:       2.1G       1.7G
Swap:         8.0G         0B       8.0G

             total       used       free     shared    buffers     cached
Mem:          3.9G       2.5G       1.4G       3.3M        39M       292M
-/+ buffers/cache:       2.2G       1.7G
Swap:         8.0G         0B       8.0G

             total       used       free     shared    buffers     cached
Mem:          3.9G       2.5G       1.4G       3.3M        39M       292M
-/+ buffers/cache:       2.2G       1.7G
Swap:         8.0G         0B       8.0G

             total       used       free     shared    buffers     cached
Mem:          3.9G       2.5G       1.3G       3.3M        39M       292M
-/+ buffers/cache:       2.2G       1.7G
Swap:         8.0G         0B       8.0G

             total       used       free     shared    buffers     cached
Mem:          3.9G       2.5G       1.3G       3.3M        39M       292M
-/+ buffers/cache:       2.2G       1.6G
Swap:         8.0G         0B       8.0G

             total       used       free     shared    buffers     cached
Mem:          3.9G       2.6G       1.3G       3.3M        39M       292M
-/+ buffers/cache:       2.2G       1.6G
Swap:         8.0G         0B       8.0G

             total       used       free     shared    buffers     cached
Mem:          3.9G       2.6G       1.3G       3.3M        39M       292M
-/+ buffers/cache:       2.3G       1.6G
Swap:         8.0G         0B       8.0G

             total       used       free     shared    buffers     cached
Mem:          3.9G       2.6G       1.3G       3.3M        39M       292M
-/+ buffers/cache:       2.3G       1.6G
Swap:         8.0G         0B       8.0G

             total       used       free     shared    buffers     cached
Mem:          3.9G       2.6G       1.2G       3.3M        39M       292M
-/+ buffers/cache:       2.3G       1.6G
Swap:         8.0G         0B       8.0G

             total       used       free     shared    buffers     cached
Mem:          3.9G       2.6G       1.2G       3.3M        39M       292M
-/+ buffers/cache:       2.3G       1.5G
Swap:         8.0G         0B       8.0G

             total       used       free     shared    buffers     cached
Mem:          3.9G       2.7G       1.2G       3.3M        39M       292M
-/+ buffers/cache:       2.3G       1.5G
Swap:         8.0G         0B       8.0G

             total       used       free     shared    buffers     cached
Mem:          3.9G       2.7G       1.2G       3.3M        39M       292M
-/+ buffers/cache:       2.3G       1.5G
Swap:         8.0G         0B       8.0G

             total       used       free     shared    buffers     cached
Mem:          3.9G       2.7G       1.2G       3.3M        39M       292M
-/+ buffers/cache:       2.4G       1.5G
Swap:         8.0G         0B       8.0G

             total       used       free     shared    buffers     cached
Mem:          3.9G       2.7G       1.2G       3.3M        39M       292M
-/+ buffers/cache:       2.4G       1.5G
Swap:         8.0G         0B       8.0G

             total       used       free     shared    buffers     cached
Mem:          3.9G       2.7G       1.1G       3.3M        39M       292M
-/+ buffers/cache:       2.4G       1.5G
Swap:         8.0G         0B       8.0G

             total       used       free     shared    buffers     cached
Mem:          3.9G       2.7G       1.1G       3.3M        39M       292M
-/+ buffers/cache:       2.4G       1.4G
Swap:         8.0G         0B       8.0G

             total       used       free     shared    buffers     cached
Mem:          3.9G       2.8G       1.1G       3.3M        39M       292M
-/+ buffers/cache:       2.4G       1.4G
Swap:         8.0G         0B       8.0G

             total       used       free     shared    buffers     cached
Mem:          3.9G       2.8G       1.1G       3.3M        39M       292M
-/+ buffers/cache:       2.5G       1.4G
Swap:         8.0G         0B       8.0G

             total       used       free     shared    buffers     cached
Mem:          3.9G       2.8G       1.1G       3.3M        39M       292M
-/+ buffers/cache:       2.5G       1.4G
Swap:         8.0G         0B       8.0G

             total       used       free     shared    buffers     cached
Mem:          3.9G       2.8G       1.0G       3.3M        39M       292M
-/+ buffers/cache:       2.5G       1.4G
Swap:         8.0G         0B       8.0G

             total       used       free     shared    buffers     cached
Mem:          3.9G       2.8G       1.0G       3.3M        39M       292M
-/+ buffers/cache:       2.5G       1.3G
Swap:         8.0G         0B       8.0G

             total       used       free     shared    buffers     cached
Mem:          3.9G       2.9G       1.0G       3.3M        39M       292M
-/+ buffers/cache:       2.5G       1.3G
Swap:         8.0G         0B       8.0G

             total       used       free     shared    buffers     cached
Mem:          3.9G       2.9G       1.0G       3.3M        39M       292M
-/+ buffers/cache:       2.5G       1.3G
Swap:         8.0G         0B       8.0G

             total       used       free     shared    buffers     cached
Mem:          3.9G       2.9G       990M       3.3M        39M       292M
-/+ buffers/cache:       2.6G       1.3G
Swap:         8.0G         0B       8.0G

             total       used       free     shared    buffers     cached
Mem:          3.9G       2.9G       972M       3.3M        39M       292M
-/+ buffers/cache:       2.6G       1.3G
Swap:         8.0G         0B       8.0G

             total       used       free     shared    buffers     cached
Mem:          3.9G       2.9G       954M       3.3M        39M       292M
-/+ buffers/cache:       2.6G       1.3G
Swap:         8.0G         0B       8.0G

             total       used       free     shared    buffers     cached
Mem:          3.9G       2.9G       936M       3.3M        39M       292M
-/+ buffers/cache:       2.6G       1.2G
Swap:         8.0G         0B       8.0G

             total       used       free     shared    buffers     cached
Mem:          3.9G       3.0G       919M       3.3M        39M       292M
-/+ buffers/cache:       2.6G       1.2G
Swap:         8.0G         0B       8.0G

             total       used       free     shared    buffers     cached
Mem:          3.9G       3.0G       901M       3.3M        39M       292M
-/+ buffers/cache:       2.7G       1.2G
Swap:         8.0G         0B       8.0G

             total       used       free     shared    buffers     cached
Mem:          3.9G       3.0G       883M       3.3M        39M       292M
-/+ buffers/cache:       2.7G       1.2G
Swap:         8.0G         0B       8.0G

             total       used       free     shared    buffers     cached
Mem:          3.9G       3.0G       866M       3.3M        39M       292M
-/+ buffers/cache:       2.7G       1.2G
Swap:         8.0G         0B       8.0G

             total       used       free     shared    buffers     cached
Mem:          3.9G       3.0G       848M       3.3M        39M       292M
-/+ buffers/cache:       2.7G       1.2G
Swap:         8.0G         0B       8.0G

             total       used       free     shared    buffers     cached
Mem:          3.9G       3.0G       829M       3.3M        39M       292M
-/+ buffers/cache:       2.7G       1.1G
Swap:         8.0G         0B       8.0G

             total       used       free     shared    buffers     cached
Mem:          3.9G       3.1G       812M       3.3M        39M       292M
-/+ buffers/cache:       2.7G       1.1G
Swap:         8.0G         0B       8.0G

             total       used       free     shared    buffers     cached
Mem:          3.9G       3.1G       795M       3.3M        39M       292M
-/+ buffers/cache:       2.8G       1.1G
Swap:         8.0G         0B       8.0G

             total       used       free     shared    buffers     cached
Mem:          3.9G       3.1G       779M       3.3M        39M       292M
-/+ buffers/cache:       2.8G       1.1G
Swap:         8.0G         0B       8.0G

             total       used       free     shared    buffers     cached
Mem:          3.9G       3.1G       767M       3.3M        39M       292M
-/+ buffers/cache:       2.8G       1.1G
Swap:         8.0G         0B       8.0G

             total       used       free     shared    buffers     cached
Mem:          3.9G       3.1G       755M       3.3M        39M       292M
-/+ buffers/cache:       2.8G       1.1G
Swap:         8.0G         0B       8.0G

             total       used       free     shared    buffers     cached
Mem:          3.9G       3.1G       743M       3.3M        39M       292M
-/+ buffers/cache:       2.8G       1.0G
Swap:         8.0G         0B       8.0G

             total       used       free     shared    buffers     cached
Mem:          3.9G       3.1G       731M       3.3M        39M       292M
-/+ buffers/cache:       2.8G       1.0G
Swap:         8.0G         0B       8.0G

             total       used       free     shared    buffers     cached
Mem:          3.9G       3.2G       719M       3.3M        39M       292M
-/+ buffers/cache:       2.8G       1.0G
Swap:         8.0G         0B       8.0G

             total       used       free     shared    buffers     cached
Mem:          3.9G       3.2G       707M       3.3M        39M       292M
-/+ buffers/cache:       2.8G       1.0G
Swap:         8.0G         0B       8.0G

             total       used       free     shared    buffers     cached
Mem:          3.9G       3.2G       694M       3.3M        39M       292M
-/+ buffers/cache:       2.9G       1.0G
Swap:         8.0G         0B       8.0G

             total       used       free     shared    buffers     cached
Mem:          3.9G       3.2G       682M       3.3M        39M       292M
-/+ buffers/cache:       2.9G       1.0G
Swap:         8.0G         0B       8.0G

             total       used       free     shared    buffers     cached
Mem:          3.9G       3.2G       670M       3.3M        39M       292M
-/+ buffers/cache:       2.9G       1.0G
Swap:         8.0G         0B       8.0G

             total       used       free     shared    buffers     cached
Mem:          3.9G       3.2G       657M       3.3M        39M       292M
-/+ buffers/cache:       2.9G       988M
Swap:         8.0G         0B       8.0G

             total       used       free     shared    buffers     cached
Mem:          3.9G       3.2G       644M       3.3M        39M       292M
-/+ buffers/cache:       2.9G       976M
Swap:         8.0G         0B       8.0G

             total       used       free     shared    buffers     cached
Mem:          3.9G       3.2G       632M       3.3M        39M       292M
-/+ buffers/cache:       2.9G       963M
Swap:         8.0G         0B       8.0G

             total       used       free     shared    buffers     cached
Mem:          3.9G       3.3G       619M       3.3M        39M       292M
-/+ buffers/cache:       2.9G       951M
Swap:         8.0G         0B       8.0G

             total       used       free     shared    buffers     cached
Mem:          3.9G       3.3G       607M       3.3M        39M       292M
-/+ buffers/cache:       2.9G       938M
Swap:         8.0G         0B       8.0G

             total       used       free     shared    buffers     cached
Mem:          3.9G       3.3G       595M       3.3M        39M       292M
-/+ buffers/cache:       3.0G       926M
Swap:         8.0G         0B       8.0G

             total       used       free     shared    buffers     cached
Mem:          3.9G       3.3G       582M       3.3M        39M       292M
-/+ buffers/cache:       3.0G       913M
Swap:         8.0G         0B       8.0G

             total       used       free     shared    buffers     cached
Mem:          3.9G       3.3G       570M       3.3M        39M       292M
-/+ buffers/cache:       3.0G       901M
Swap:         8.0G         0B       8.0G

             total       used       free     shared    buffers     cached
Mem:          3.9G       3.3G       558M       3.3M        39M       292M
-/+ buffers/cache:       3.0G       889M
Swap:         8.0G         0B       8.0G

             total       used       free     shared    buffers     cached
Mem:          3.9G       3.3G       546M       3.3M        39M       292M
-/+ buffers/cache:       3.0G       877M
Swap:         8.0G         0B       8.0G

             total       used       free     shared    buffers     cached
Mem:          3.9G       3.3G       534M       3.3M        39M       292M
-/+ buffers/cache:       3.0G       865M
Swap:         8.0G         0B       8.0G

             total       used       free     shared    buffers     cached
Mem:          3.9G       3.3G       522M       3.3M        39M       292M
-/+ buffers/cache:       3.0G       853M
Swap:         8.0G         0B       8.0G

             total       used       free     shared    buffers     cached
Mem:          3.9G       3.4G       509M       3.3M        39M       292M
-/+ buffers/cache:       3.0G       840M
Swap:         8.0G         0B       8.0G

             total       used       free     shared    buffers     cached
Mem:          3.9G       3.4G       498M       3.3M        39M       292M
-/+ buffers/cache:       3.0G       829M
Swap:         8.0G         0B       8.0G

             total       used       free     shared    buffers     cached
Mem:          3.9G       3.4G       486M       3.3M        39M       292M
-/+ buffers/cache:       3.1G       817M
Swap:         8.0G         0B       8.0G

             total       used       free     shared    buffers     cached
Mem:          3.9G       3.4G       475M       3.3M        39M       292M
-/+ buffers/cache:       3.1G       806M
Swap:         8.0G         0B       8.0G

             total       used       free     shared    buffers     cached
Mem:          3.9G       3.4G       464M       3.3M        39M       292M
-/+ buffers/cache:       3.1G       795M
Swap:         8.0G         0B       8.0G

             total       used       free     shared    buffers     cached
Mem:          3.9G       3.4G       452M       3.3M        39M       292M
-/+ buffers/cache:       3.1G       783M
Swap:         8.0G         0B       8.0G

             total       used       free     shared    buffers     cached
Mem:          3.9G       3.4G       440M       3.3M        39M       292M
-/+ buffers/cache:       3.1G       771M
Swap:         8.0G         0B       8.0G

             total       used       free     shared    buffers     cached
Mem:          3.9G       3.4G       429M       3.3M        39M       292M
-/+ buffers/cache:       3.1G       760M
Swap:         8.0G         0B       8.0G

             total       used       free     shared    buffers     cached
Mem:          3.9G       3.5G       417M       3.3M        39M       292M
-/+ buffers/cache:       3.1G       748M
Swap:         8.0G         0B       8.0G

             total       used       free     shared    buffers     cached
Mem:          3.9G       3.5G       405M       3.3M        39M       292M
-/+ buffers/cache:       3.1G       736M
Swap:         8.0G         0B       8.0G

             total       used       free     shared    buffers     cached
Mem:          3.9G       3.5G       393M       3.3M        39M       292M
-/+ buffers/cache:       3.2G       724M
Swap:         8.0G         0B       8.0G

             total       used       free     shared    buffers     cached
Mem:          3.9G       3.5G       381M       3.3M        39M       292M
-/+ buffers/cache:       3.2G       712M
Swap:         8.0G         0B       8.0G

             total       used       free     shared    buffers     cached
Mem:          3.9G       3.5G       372M       3.3M        39M       292M
-/+ buffers/cache:       3.2G       703M
Swap:         8.0G         0B       8.0G

             total       used       free     shared    buffers     cached
Mem:          3.9G       3.5G       369M       3.3M        39M       292M
-/+ buffers/cache:       3.2G       700M
Swap:         8.0G         0B       8.0G

             total       used       free     shared    buffers     cached
Mem:          3.9G       3.5G       354M       3.3M        39M       292M
-/+ buffers/cache:       3.2G       685M
Swap:         8.0G         0B       8.0G

             total       used       free     shared    buffers     cached
Mem:          3.9G       3.5G       340M       3.3M        39M       292M
-/+ buffers/cache:       3.2G       671M
Swap:         8.0G         0B       8.0G

             total       used       free     shared    buffers     cached
Mem:          3.9G       3.5G       325M       3.3M        39M       292M
-/+ buffers/cache:       3.2G       656M
Swap:         8.0G         0B       8.0G

             total       used       free     shared    buffers     cached
Mem:          3.9G       3.6G       311M       3.3M        39M       292M
-/+ buffers/cache:       3.2G       643M
Swap:         8.0G         0B       8.0G

             total       used       free     shared    buffers     cached
Mem:          3.9G       3.6G       297M       3.3M        39M       292M
-/+ buffers/cache:       3.2G       628M
Swap:         8.0G         0B       8.0G

             total       used       free     shared    buffers     cached
Mem:          3.9G       3.6G       282M       3.3M        39M       292M
-/+ buffers/cache:       3.3G       613M
Swap:         8.0G         0B       8.0G

             total       used       free     shared    buffers     cached
Mem:          3.9G       3.6G       268M       3.3M        39M       292M
-/+ buffers/cache:       3.3G       599M
Swap:         8.0G         0B       8.0G

             total       used       free     shared    buffers     cached
Mem:          3.9G       3.6G       252M       3.3M        39M       292M
-/+ buffers/cache:       3.3G       584M
Swap:         8.0G         0B       8.0G

             total       used       free     shared    buffers     cached
Mem:          3.9G       3.6G       239M       3.3M        39M       292M
-/+ buffers/cache:       3.3G       571M
Swap:         8.0G         0B       8.0G

             total       used       free     shared    buffers     cached
Mem:          3.9G       3.6G       226M       3.3M        39M       292M
-/+ buffers/cache:       3.3G       557M
Swap:         8.0G         0B       8.0G

             total       used       free     shared    buffers     cached
Mem:          3.9G       3.7G       210M       3.3M        39M       292M
-/+ buffers/cache:       3.3G       541M
Swap:         8.0G         0B       8.0G

             total       used       free     shared    buffers     cached
Mem:          3.9G       3.7G       197M       3.3M        39M       292M
-/+ buffers/cache:       3.3G       528M
Swap:         8.0G         0B       8.0G

             total       used       free     shared    buffers     cached
Mem:          3.9G       3.7G       183M       3.3M        39M       292M
-/+ buffers/cache:       3.4G       515M
Swap:         8.0G         0B       8.0G

             total       used       free     shared    buffers     cached
Mem:          3.9G       3.7G       169M       3.3M        39M       292M
-/+ buffers/cache:       3.4G       501M
Swap:         8.0G         0B       8.0G

             total       used       free     shared    buffers     cached
Mem:          3.9G       3.7G       155M       3.3M        39M       292M
-/+ buffers/cache:       3.4G       487M
Swap:         8.0G         0B       8.0G

             total       used       free     shared    buffers     cached
Mem:          3.9G       3.7G       140M       3.3M        39M       292M
-/+ buffers/cache:       3.4G       472M
Swap:         8.0G         0B       8.0G

             total       used       free     shared    buffers     cached
Mem:          3.9G       3.7G       127M       3.3M        39M       292M
-/+ buffers/cache:       3.4G       459M
Swap:         8.0G         0B       8.0G

             total       used       free     shared    buffers     cached
Mem:          3.9G       3.7G       113M       3.3M        39M       292M
-/+ buffers/cache:       3.4G       445M
Swap:         8.0G         0B       8.0G

             total       used       free     shared    buffers     cached
Mem:          3.9G       3.7G       123M       3.3M        15M       290M
-/+ buffers/cache:       3.4G       429M
Swap:         8.0G         0B       8.0G

             total       used       free     shared    buffers     cached
Mem:          3.9G       3.8G       109M       3.3M        15M       290M
-/+ buffers/cache:       3.5G       415M
Swap:         8.0G         0B       8.0G

             total       used       free     shared    buffers     cached
Mem:          3.9G       3.7G       113M       3.3M        10M       277M
-/+ buffers/cache:       3.5G       401M
Swap:         8.0G        20K       8.0G

             total       used       free     shared    buffers     cached
Mem:          3.9G       3.7G       132M       3.1M        10M       244M
-/+ buffers/cache:       3.5G       386M
Swap:         8.0G       420K       8.0G

             total       used       free     shared    buffers     cached
Mem:          3.9G       3.7G       115M       3.1M        10M       243M
-/+ buffers/cache:       3.5G       370M
Swap:         8.0G       420K       8.0G

             total       used       free     shared    buffers     cached
Mem:          3.9G       3.7G       128M       3.0M        10M       219M
-/+ buffers/cache:       3.5G       357M
Swap:         8.0G         9M       8.0G

             total       used       free     shared    buffers     cached
Mem:          3.9G       3.7G       137M       2.9M       4.1M       203M
-/+ buffers/cache:       3.5G       345M
Swap:         8.0G        11M       8.0G

             total       used       free     shared    buffers     cached
Mem:          3.9G       3.7G       120M       2.9M       4.1M       203M
-/+ buffers/cache:       3.5G       328M
Swap:         8.0G        11M       8.0G

             total       used       free     shared    buffers     cached
Mem:          3.9G       3.8G       106M       2.9M       4.1M       203M
-/+ buffers/cache:       3.6G       314M
Swap:         8.0G        11M       8.0G

             total       used       free     shared    buffers     cached
Mem:          3.9G       3.7G       117M       2.9M       1.0M       181M
-/+ buffers/cache:       3.6G       300M
Swap:         8.0G        11M       8.0G

             total       used       free     shared    buffers     cached
Mem:          3.9G       3.7G       142M       2.9M       492K       141M
-/+ buffers/cache:       3.6G       283M
Swap:         8.0G        11M       8.0G

             total       used       free     shared    buffers     cached
Mem:          3.9G       3.7G       128M       2.9M       492K       141M
-/+ buffers/cache:       3.6G       269M
Swap:         8.0G        11M       8.0G

             total       used       free     shared    buffers     cached
Mem:          3.9G       3.7G       113M       2.9M       492K       141M
-/+ buffers/cache:       3.6G       254M
Swap:         8.0G        11M       8.0G

             total       used       free     shared    buffers     cached
Mem:          3.9G       3.7G       133M       2.9M        76K       109M
-/+ buffers/cache:       3.6G       243M
Swap:         8.0G        11M       8.0G

             total       used       free     shared    buffers     cached
Mem:          3.9G       3.7G       118M       2.9M        92K       109M
-/+ buffers/cache:       3.6G       228M
Swap:         8.0G        11M       8.0G

             total       used       free     shared    buffers     cached
Mem:          3.9G       3.7G       114M       2.9M       100K        97M
-/+ buffers/cache:       3.7G       212M
Swap:         8.0G        11M       8.0G

             total       used       free     shared    buffers     cached
Mem:          3.9G       3.7G       114M       2.9M       100K        85M
-/+ buffers/cache:       3.7G       199M
Swap:         8.0G        11M       8.0G

             total       used       free     shared    buffers     cached
Mem:          3.9G       3.7G       119M       2.9M       100K        66M
-/+ buffers/cache:       3.7G       185M
Swap:         8.0G        11M       8.0G

             total       used       free     shared    buffers     cached
Mem:          3.9G       3.8G       103M       2.9M       100K        66M
-/+ buffers/cache:       3.7G       170M
Swap:         8.0G        11M       8.0G

             total       used       free     shared    buffers     cached
Mem:          3.9G       3.7G       117M       2.9M       240K        39M
-/+ buffers/cache:       3.7G       157M
Swap:         8.0G        11M       8.0G

             total       used       free     shared    buffers     cached
Mem:          3.9G       3.8G       103M       2.9M       516K        39M
-/+ buffers/cache:       3.7G       143M
Swap:         8.0G        11M       8.0G

             total       used       free     shared    buffers     cached
Mem:          3.9G       3.7G       116M       2.9M       524K        13M
-/+ buffers/cache:       3.7G       130M
Swap:         8.0G        11M       8.0G

             total       used       free     shared    buffers     cached
Mem:          3.9G       3.7G       128M       2.8M       660K       7.5M
-/+ buffers/cache:       3.7G       137M
Swap:         8.0G        45M       8.0G

             total       used       free     shared    buffers     cached
Mem:          3.9G       3.7G       113M       2.7M       660K       7.5M
-/+ buffers/cache:       3.7G       121M
Swap:         8.0G        45M       8.0G

             total       used       free     shared    buffers     cached
Mem:          3.9G       3.7G       116M       2.5M       660K       5.6M
-/+ buffers/cache:       3.7G       122M
Swap:         8.0G        53M       7.9G

             total       used       free     shared    buffers     cached
Mem:          3.9G       3.7G       118M       2.5M        96K       4.9M
-/+ buffers/cache:       3.7G       123M
Swap:         8.0G        65M       7.9G

             total       used       free     shared    buffers     cached
Mem:          3.9G       3.8G       104M       2.5M       244K       6.2M
-/+ buffers/cache:       3.8G       111M
Swap:         8.0G        65M       7.9G

             total       used       free     shared    buffers     cached
Mem:          3.9G       3.7G       178M       2.4M       228K        10M
-/+ buffers/cache:       3.7G       189M
Swap:         8.0G       204M       7.8G

             total       used       free     shared    buffers     cached
Mem:          3.9G       3.7G       187M       2.4M       260K        10M
-/+ buffers/cache:       3.7G       198M
Swap:         8.0G       211M       7.8G

             total       used       free     shared    buffers     cached
Mem:          3.9G       3.7G       183M       2.4M       260K        10M
-/+ buffers/cache:       3.7G       194M
Swap:         8.0G       209M       7.8G

             total       used       free     shared    buffers     cached
Mem:          3.9G       3.7G       154M       2.4M       260K        26M
-/+ buffers/cache:       3.7G       181M
Swap:         8.0G       200M       7.8G

             total       used       free     shared    buffers     cached
Mem:          3.9G       3.7G       152M       2.4M       260K        26M
-/+ buffers/cache:       3.7G       179M
Swap:         8.0G       199M       7.8G

             total       used       free     shared    buffers     cached
Mem:          3.9G       3.7G       150M       2.4M       268K        26M
-/+ buffers/cache:       3.7G       177M
Swap:         8.0G       199M       7.8G

             total       used       free     shared    buffers     cached
Mem:          3.9G       3.7G       148M       2.4M       268K        26M
-/+ buffers/cache:       3.7G       175M
Swap:         8.0G       198M       7.8G

             total       used       free     shared    buffers     cached
Mem:          3.9G       3.7G       146M       2.4M       268K        26M
-/+ buffers/cache:       3.7G       173M
Swap:         8.0G       198M       7.8G

             total       used       free     shared    buffers     cached
Mem:          3.9G       3.7G       144M       2.4M       268K        26M
-/+ buffers/cache:       3.7G       171M
Swap:         8.0G       198M       7.8G

             total       used       free     shared    buffers     cached
Mem:          3.9G       3.7G       143M       2.4M       268K        26M
-/+ buffers/cache:       3.7G       169M
Swap:         8.0G       198M       7.8G

             total       used       free     shared    buffers     cached
Mem:          3.9G       3.7G       141M       2.4M       276K        26M
-/+ buffers/cache:       3.7G       168M
Swap:         8.0G       198M       7.8G

             total       used       free     shared    buffers     cached
Mem:          3.9G       3.7G       139M       2.4M       276K        26M
-/+ buffers/cache:       3.7G       166M
Swap:         8.0G       198M       7.8G

             total       used       free     shared    buffers     cached
Mem:          3.9G       3.7G       137M       2.4M       276K        26M
-/+ buffers/cache:       3.7G       164M
Swap:         8.0G       198M       7.8G

             total       used       free     shared    buffers     cached
Mem:          3.9G       3.7G       115M       2.4M       556K        39M
-/+ buffers/cache:       3.7G       155M
Swap:         8.0G       193M       7.8G

             total       used       free     shared    buffers     cached
Mem:          3.9G       3.8G       104M       6.1M       5.3M        60M
-/+ buffers/cache:       3.7G       170M
Swap:         8.0G       201M       7.8G

             total       used       free     shared    buffers     cached
Mem:          3.9G       3.7G       124M       2.4M       4.2M        68M
-/+ buffers/cache:       3.7G       196M
Swap:         8.0G       217M       7.8G

             total       used       free     shared    buffers     cached
Mem:          3.9G       3.8G       108M       2.4M       4.2M        68M
-/+ buffers/cache:       3.7G       181M
Swap:         8.0G       217M       7.8G

             total       used       free     shared    buffers     cached
Mem:          3.9G       3.7G       121M       2.4M       384K        43M
-/+ buffers/cache:       3.7G       165M
Swap:         8.0G       217M       7.8G

             total       used       free     shared    buffers     cached
Mem:          3.9G       3.8G       104M       2.4M       832K        44M
-/+ buffers/cache:       3.7G       149M
Swap:         8.0G       217M       7.8G

             total       used       free     shared    buffers     cached
Mem:          3.9G       3.7G       118M       2.4M       108K        13M
-/+ buffers/cache:       3.7G       132M
Swap:         8.0G       217M       7.8G

             total       used       free     shared    buffers     cached
Mem:          3.9G       3.7G       121M       2.4M       156K        11M
-/+ buffers/cache:       3.7G       133M
Swap:         8.0G       263M       7.7G

             total       used       free     shared    buffers     cached
Mem:          3.9G       3.7G       112M       2.4M       260K        17M
-/+ buffers/cache:       3.7G       129M
Swap:         8.0G       263M       7.7G

             total       used       free     shared    buffers     cached
Mem:          3.9G       3.7G       140M       2.4M       260K        13M
-/+ buffers/cache:       3.7G       154M
Swap:         8.0G       304M       7.7G

             total       used       free     shared    buffers     cached
Mem:          3.9G       3.7G       129M       2.4M       264K        13M
-/+ buffers/cache:       3.7G       143M
Swap:         8.0G       304M       7.7G

             total       used       free     shared    buffers     cached
Mem:          3.9G       3.7G       120M       2.4M       264K        13M
-/+ buffers/cache:       3.7G       134M
Swap:         8.0G       304M       7.7G

             total       used       free     shared    buffers     cached
Mem:          3.9G       3.7G       117M       2.4M       264K        13M
-/+ buffers/cache:       3.7G       131M
Swap:         8.0G       304M       7.7G

             total       used       free     shared    buffers     cached
Mem:          3.9G       3.7G       117M       2.4M       272K        13M
-/+ buffers/cache:       3.7G       131M
Swap:         8.0G       303M       7.7G

             total       used       free     shared    buffers     cached
Mem:          3.9G       3.7G       116M       2.4M       272K        13M
-/+ buffers/cache:       3.7G       130M
Swap:         8.0G       303M       7.7G

             total       used       free     shared    buffers     cached
Mem:          3.9G       3.7G       116M       2.4M       272K        13M
-/+ buffers/cache:       3.7G       130M
Swap:         8.0G       303M       7.7G

             total       used       free     shared    buffers     cached
Mem:          3.9G       3.7G       115M       2.4M       272K        13M
-/+ buffers/cache:       3.7G       129M
Swap:         8.0G       303M       7.7G

             total       used       free     shared    buffers     cached
Mem:          3.9G       3.7G       111M       2.4M       272K        17M
-/+ buffers/cache:       3.7G       129M
Swap:         8.0G       303M       7.7G

             total       used       free     shared    buffers     cached
Mem:          3.9G       3.8G       111M       2.4M       280K        17M
-/+ buffers/cache:       3.7G       128M
Swap:         8.0G       302M       7.7G

             total       used       free     shared    buffers     cached
Mem:          3.9G       3.8G       110M       2.4M       280K        17M
-/+ buffers/cache:       3.7G       128M
Swap:         8.0G       302M       7.7G

             total       used       free     shared    buffers     cached
Mem:          3.9G       3.8G       110M       2.4M       280K        17M
-/+ buffers/cache:       3.7G       127M
Swap:         8.0G       302M       7.7G

             total       used       free     shared    buffers     cached
Mem:          3.9G       3.8G       109M       2.4M       280K        17M
-/+ buffers/cache:       3.7G       127M
Swap:         8.0G       302M       7.7G

             total       used       free     shared    buffers     cached
Mem:          3.9G       3.8G       109M       2.4M       284K        17M
-/+ buffers/cache:       3.7G       126M
Swap:         8.0G       302M       7.7G

             total       used       free     shared    buffers     cached
Mem:          3.9G       3.8G       108M       2.4M       284K        17M
-/+ buffers/cache:       3.7G       126M
Swap:         8.0G       302M       7.7G

             total       used       free     shared    buffers     cached
Mem:          3.9G       3.8G       108M       2.4M       292K        17M
-/+ buffers/cache:       3.7G       125M
Swap:         8.0G       301M       7.7G

             total       used       free     shared    buffers     cached
Mem:          3.9G       3.8G       107M       2.4M       292K        17M
-/+ buffers/cache:       3.7G       125M
Swap:         8.0G       301M       7.7G

             total       used       free     shared    buffers     cached
Mem:          3.9G       3.8G       107M       2.4M       292K        17M
-/+ buffers/cache:       3.7G       124M
Swap:         8.0G       301M       7.7G

             total       used       free     shared    buffers     cached
Mem:          3.9G       3.8G       107M       2.4M       292K        17M
-/+ buffers/cache:       3.7G       124M
Swap:         8.0G       301M       7.7G

             total       used       free     shared    buffers     cached
Mem:          3.9G       3.7G       155M       2.4M       1.5M        18M
-/+ buffers/cache:       3.7G       174M
Swap:         8.0G       348M       7.7G

             total       used       free     shared    buffers     cached
Mem:          3.9G       3.7G       138M       2.5M       5.7M        34M
-/+ buffers/cache:       3.7G       178M
Swap:         8.0G       372M       7.6G

             total       used       free     shared    buffers     cached
Mem:          3.9G       3.7G       135M       2.5M       6.3M        36M
-/+ buffers/cache:       3.7G       178M
Swap:         8.0G       371M       7.6G
