             total       used       free     shared    buffers     cached
Mem:          992M       661M       330M       3.2M        38M       289M
-/+ buffers/cache:       333M       658M
Swap:         8.0G         0B       8.0G

             total       used       free     shared    buffers     cached
Mem:          992M       661M       331M       3.2M        38M       290M
-/+ buffers/cache:       332M       659M
Swap:         8.0G         0B       8.0G

             total       used       free     shared    buffers     cached
Mem:          992M       661M       331M       3.2M        38M       290M
-/+ buffers/cache:       332M       659M
Swap:         8.0G         0B       8.0G

             total       used       free     shared    buffers     cached
Mem:          992M       661M       331M       3.2M        38M       290M
-/+ buffers/cache:       332M       659M
Swap:         8.0G         0B       8.0G

             total       used       free     shared    buffers     cached
Mem:          992M       661M       331M       3.2M        38M       290M
-/+ buffers/cache:       332M       659M
Swap:         8.0G         0B       8.0G

             total       used       free     shared    buffers     cached
Mem:          992M       661M       331M       3.2M        38M       289M
-/+ buffers/cache:       332M       659M
Swap:         8.0G         0B       8.0G

             total       used       free     shared    buffers     cached
Mem:          992M       661M       331M       3.2M        38M       290M
-/+ buffers/cache:       332M       659M
Swap:         8.0G         0B       8.0G

             total       used       free     shared    buffers     cached
Mem:          992M       661M       331M       3.2M        38M       290M
-/+ buffers/cache:       332M       659M
Swap:         8.0G         0B       8.0G

             total       used       free     shared    buffers     cached
Mem:          992M       660M       331M       3.2M        38M       290M
-/+ buffers/cache:       331M       660M
Swap:         8.0G         0B       8.0G

             total       used       free     shared    buffers     cached
Mem:          992M       660M       331M       3.2M        38M       290M
-/+ buffers/cache:       331M       660M
Swap:         8.0G         0B       8.0G

             total       used       free     shared    buffers     cached
Mem:          992M       660M       331M       3.2M        38M       290M
-/+ buffers/cache:       331M       660M
Swap:         8.0G         0B       8.0G

             total       used       free     shared    buffers     cached
Mem:          992M       666M       325M       3.2M        38M       290M
-/+ buffers/cache:       337M       654M
Swap:         8.0G         0B       8.0G

             total       used       free     shared    buffers     cached
Mem:          992M       685M       306M       3.2M        38M       290M
-/+ buffers/cache:       356M       636M
Swap:         8.0G         0B       8.0G

             total       used       free     shared    buffers     cached
Mem:          992M       670M       322M       3.2M        38M       291M
-/+ buffers/cache:       340M       652M
Swap:         8.0G         0B       8.0G

             total       used       free     shared    buffers     cached
Mem:          992M       670M       322M       3.2M        38M       291M
-/+ buffers/cache:       339M       652M
Swap:         8.0G         0B       8.0G

             total       used       free     shared    buffers     cached
Mem:          992M       670M       321M       3.2M        38M       291M
-/+ buffers/cache:       340M       652M
Swap:         8.0G         0B       8.0G

             total       used       free     shared    buffers     cached
Mem:          992M       670M       321M       3.2M        38M       291M
-/+ buffers/cache:       340M       652M
Swap:         8.0G         0B       8.0G

             total       used       free     shared    buffers     cached
Mem:          992M       670M       321M       3.2M        38M       291M
-/+ buffers/cache:       340M       652M
Swap:         8.0G         0B       8.0G

             total       used       free     shared    buffers     cached
Mem:          992M       670M       321M       3.2M        38M       291M
-/+ buffers/cache:       340M       652M
Swap:         8.0G         0B       8.0G

             total       used       free     shared    buffers     cached
Mem:          992M       670M       321M       3.2M        38M       291M
-/+ buffers/cache:       340M       652M
Swap:         8.0G         0B       8.0G

             total       used       free     shared    buffers     cached
Mem:          992M       670M       321M       3.2M        38M       291M
-/+ buffers/cache:       340M       652M
Swap:         8.0G         0B       8.0G

             total       used       free     shared    buffers     cached
Mem:          992M       670M       321M       3.2M        38M       291M
-/+ buffers/cache:       340M       651M
Swap:         8.0G         0B       8.0G

             total       used       free     shared    buffers     cached
Mem:          992M       670M       321M       3.2M        38M       291M
-/+ buffers/cache:       340M       651M
Swap:         8.0G         0B       8.0G

             total       used       free     shared    buffers     cached
Mem:          992M       670M       321M       3.2M        38M       291M
-/+ buffers/cache:       340M       651M
Swap:         8.0G         0B       8.0G

             total       used       free     shared    buffers     cached
Mem:          992M       670M       321M       3.2M        38M       291M
-/+ buffers/cache:       340M       651M
Swap:         8.0G         0B       8.0G

             total       used       free     shared    buffers     cached
Mem:          992M       670M       321M       3.2M        38M       291M
-/+ buffers/cache:       340M       651M
Swap:         8.0G         0B       8.0G

             total       used       free     shared    buffers     cached
Mem:          992M       670M       321M       3.2M        38M       291M
-/+ buffers/cache:       340M       651M
Swap:         8.0G         0B       8.0G

             total       used       free     shared    buffers     cached
Mem:          992M       670M       321M       3.2M        38M       291M
-/+ buffers/cache:       340M       651M
Swap:         8.0G         0B       8.0G

             total       used       free     shared    buffers     cached
Mem:          992M       670M       321M       3.2M        38M       291M
-/+ buffers/cache:       340M       651M
Swap:         8.0G         0B       8.0G

             total       used       free     shared    buffers     cached
Mem:          992M       670M       321M       3.2M        38M       291M
-/+ buffers/cache:       340M       651M
Swap:         8.0G         0B       8.0G

             total       used       free     shared    buffers     cached
Mem:          992M       670M       321M       3.2M        38M       291M
-/+ buffers/cache:       340M       651M
Swap:         8.0G         0B       8.0G

             total       used       free     shared    buffers     cached
Mem:          992M       670M       321M       3.2M        38M       291M
-/+ buffers/cache:       340M       651M
Swap:         8.0G         0B       8.0G

             total       used       free     shared    buffers     cached
Mem:          992M       670M       321M       3.2M        38M       291M
-/+ buffers/cache:       340M       651M
Swap:         8.0G         0B       8.0G

             total       used       free     shared    buffers     cached
Mem:          992M       675M       316M       3.2M        38M       291M
-/+ buffers/cache:       345M       646M
Swap:         8.0G         0B       8.0G

             total       used       free     shared    buffers     cached
Mem:          992M       693M       298M       3.2M        38M       291M
-/+ buffers/cache:       362M       629M
Swap:         8.0G         0B       8.0G

             total       used       free     shared    buffers     cached
Mem:          992M       709M       283M       3.2M        38M       291M
-/+ buffers/cache:       378M       613M
Swap:         8.0G         0B       8.0G

             total       used       free     shared    buffers     cached
Mem:          992M       726M       266M       3.2M        38M       291M
-/+ buffers/cache:       395M       596M
Swap:         8.0G         0B       8.0G

             total       used       free     shared    buffers     cached
Mem:          992M       742M       250M       3.2M        38M       291M
-/+ buffers/cache:       411M       580M
Swap:         8.0G         0B       8.0G

             total       used       free     shared    buffers     cached
Mem:          992M       758M       233M       3.2M        38M       291M
-/+ buffers/cache:       427M       564M
Swap:         8.0G         0B       8.0G

             total       used       free     shared    buffers     cached
Mem:          992M       774M       217M       3.2M        38M       291M
-/+ buffers/cache:       443M       548M
Swap:         8.0G         0B       8.0G

             total       used       free     shared    buffers     cached
Mem:          992M       788M       203M       3.2M        38M       291M
-/+ buffers/cache:       458M       534M
Swap:         8.0G         0B       8.0G

             total       used       free     shared    buffers     cached
Mem:          992M       803M       188M       3.2M        38M       291M
-/+ buffers/cache:       473M       519M
Swap:         8.0G         0B       8.0G

             total       used       free     shared    buffers     cached
Mem:          992M       819M       172M       3.2M        38M       291M
-/+ buffers/cache:       489M       503M
Swap:         8.0G         0B       8.0G

             total       used       free     shared    buffers     cached
Mem:          992M       837M       154M       3.2M        38M       291M
-/+ buffers/cache:       506M       485M
Swap:         8.0G         0B       8.0G

             total       used       free     shared    buffers     cached
Mem:          992M       852M       140M       3.2M        38M       291M
-/+ buffers/cache:       521M       470M
Swap:         8.0G         0B       8.0G

             total       used       free     shared    buffers     cached
Mem:          992M       868M       123M       3.2M        38M       291M
-/+ buffers/cache:       537M       454M
Swap:         8.0G         0B       8.0G

             total       used       free     shared    buffers     cached
Mem:          992M       885M       106M       3.2M        38M       291M
-/+ buffers/cache:       554M       437M
Swap:         8.0G         0B       8.0G

             total       used       free     shared    buffers     cached
Mem:          992M       897M        94M       3.2M        38M       291M
-/+ buffers/cache:       567M       424M
Swap:         8.0G         0B       8.0G

             total       used       free     shared    buffers     cached
Mem:          992M       914M        77M       3.2M        38M       291M
-/+ buffers/cache:       584M       407M
Swap:         8.0G         0B       8.0G

             total       used       free     shared    buffers     cached
Mem:          992M       933M        59M       3.2M        38M       291M
-/+ buffers/cache:       602M       389M
Swap:         8.0G         0B       8.0G

             total       used       free     shared    buffers     cached
Mem:          992M       925M        66M       3.2M        17M       290M
-/+ buffers/cache:       617M       374M
Swap:         8.0G         0B       8.0G

             total       used       free     shared    buffers     cached
Mem:          992M       924M        67M       3.2M        10M       281M
-/+ buffers/cache:       632M       359M
Swap:         8.0G         0B       8.0G

             total       used       free     shared    buffers     cached
Mem:          992M       924M        67M       3.2M       9.8M       265M
-/+ buffers/cache:       649M       342M
Swap:         8.0G        88K       8.0G

             total       used       free     shared    buffers     cached
Mem:          992M       920M        71M       3.1M       9.8M       246M
-/+ buffers/cache:       664M       327M
Swap:         8.0G       220K       8.0G

             total       used       free     shared    buffers     cached
Mem:          992M       924M        67M       3.0M       9.8M       233M
-/+ buffers/cache:       680M       311M
Swap:         8.0G       4.0M       8.0G

             total       used       free     shared    buffers     cached
Mem:          992M       906M        86M       3.0M       7.8M       207M
-/+ buffers/cache:       690M       301M
Swap:         8.0G       8.2M       8.0G

             total       used       free     shared    buffers     cached
Mem:          992M       921M        71M       3.0M       7.8M       207M
-/+ buffers/cache:       705M       286M
Swap:         8.0G       8.2M       8.0G

             total       used       free     shared    buffers     cached
Mem:          992M       923M        68M       3.0M       2.7M       200M
-/+ buffers/cache:       720M       271M
Swap:         8.0G       8.2M       8.0G

             total       used       free     shared    buffers     cached
Mem:          992M       921M        70M       3.0M       1.0M       185M
-/+ buffers/cache:       735M       256M
Swap:         8.0G       8.2M       8.0G

             total       used       free     shared    buffers     cached
Mem:          992M       915M        77M       3.0M       248K       164M
-/+ buffers/cache:       750M       241M
Swap:         8.0G       8.2M       8.0G

             total       used       free     shared    buffers     cached
Mem:          992M       931M        61M       3.0M       248K       164M
-/+ buffers/cache:       766M       225M
Swap:         8.0G       8.2M       8.0G

             total       used       free     shared    buffers     cached
Mem:          992M       926M        65M       3.0M       256K       144M
-/+ buffers/cache:       781M       210M
Swap:         8.0G       8.2M       8.0G

             total       used       free     shared    buffers     cached
Mem:          992M       914M        77M       3.0M        96K       127M
-/+ buffers/cache:       786M       205M
Swap:         8.0G       8.2M       8.0G

             total       used       free     shared    buffers     cached
Mem:          992M       930M        61M       3.0M        96K       127M
-/+ buffers/cache:       802M       189M
Swap:         8.0G       8.2M       8.0G

             total       used       free     shared    buffers     cached
Mem:          992M       930M        61M       3.0M       108K       112M
-/+ buffers/cache:       817M       174M
Swap:         8.0G       8.2M       8.0G

             total       used       free     shared    buffers     cached
Mem:          992M       923M        68M       3.0M       108K        91M
-/+ buffers/cache:       831M       160M
Swap:         8.0G       8.2M       8.0G

             total       used       free     shared    buffers     cached
Mem:          992M       913M        79M       3.0M       108K        68M
-/+ buffers/cache:       844M       147M
Swap:         8.0G       8.2M       8.0G

             total       used       free     shared    buffers     cached
Mem:          992M       929M        63M       3.0M       116K        68M
-/+ buffers/cache:       860M       131M
Swap:         8.0G       8.2M       8.0G

             total       used       free     shared    buffers     cached
Mem:          992M       928M        63M       3.0M       120K        53M
-/+ buffers/cache:       875M       116M
Swap:         8.0G       8.2M       8.0G

             total       used       free     shared    buffers     cached
Mem:          992M       930M        61M       3.0M       528K        41M
-/+ buffers/cache:       888M       103M
Swap:         8.0G       8.2M       8.0G

             total       used       free     shared    buffers     cached
Mem:          992M       917M        75M       3.0M       532K        12M
-/+ buffers/cache:       903M        88M
Swap:         8.0G       8.2M       8.0G

             total       used       free     shared    buffers     cached
Mem:          992M       925M        66M       2.8M       2.6M        17M
-/+ buffers/cache:       905M        86M
Swap:         8.0G        27M       8.0G

             total       used       free     shared    buffers     cached
Mem:          992M       917M        74M       2.5M       1.5M        13M
-/+ buffers/cache:       902M        89M
Swap:         8.0G        37M       8.0G

             total       used       free     shared    buffers     cached
Mem:          992M       930M        61M       2.5M       1.5M        13M
-/+ buffers/cache:       915M        76M
Swap:         8.0G        37M       8.0G

             total       used       free     shared    buffers     cached
Mem:          992M       929M        62M       2.5M       896K        11M
-/+ buffers/cache:       917M        74M
Swap:         8.0G        64M       7.9G

             total       used       free     shared    buffers     cached
Mem:          992M       925M        66M       2.5M        92K       6.1M
-/+ buffers/cache:       919M        72M
Swap:         8.0G        65M       7.9G

             total       used       free     shared    buffers     cached
Mem:          992M       923M        68M       2.4M       372K       4.8M
-/+ buffers/cache:       918M        74M
Swap:         8.0G        82M       7.9G

             total       used       free     shared    buffers     cached
Mem:          992M       920M        71M       2.4M       380K       4.9M
-/+ buffers/cache:       915M        76M
Swap:         8.0G       102M       7.9G

             total       used       free     shared    buffers     cached
Mem:          992M       921M        70M       2.4M       380K       4.7M
-/+ buffers/cache:       916M        75M
Swap:         8.0G       109M       7.9G

             total       used       free     shared    buffers     cached
Mem:          992M       918M        74M       2.4M       380K       4.4M
-/+ buffers/cache:       913M        78M
Swap:         8.0G       142M       7.9G

             total       used       free     shared    buffers     cached
Mem:          992M       919M        72M       2.4M       380K       4.8M
-/+ buffers/cache:       914M        78M
Swap:         8.0G       142M       7.9G

             total       used       free     shared    buffers     cached
Mem:          992M       918M        73M       2.4M       380K       4.8M
-/+ buffers/cache:       913M        78M
Swap:         8.0G       170M       7.8G

             total       used       free     shared    buffers     cached
Mem:          992M       931M        60M       2.4M       388K       4.8M
-/+ buffers/cache:       926M        65M
Swap:         8.0G       170M       7.8G

             total       used       free     shared    buffers     cached
Mem:          992M       910M        82M       2.4M       388K       4.6M
-/+ buffers/cache:       905M        87M
Swap:         8.0G       189M       7.8G

             total       used       free     shared    buffers     cached
Mem:          992M       923M        68M       2.4M       388K       4.6M
-/+ buffers/cache:       918M        73M
Swap:         8.0G       189M       7.8G

             total       used       free     shared    buffers     cached
Mem:          992M       925M        66M       2.4M       388K       4.6M
-/+ buffers/cache:       920M        71M
Swap:         8.0G       202M       7.8G

             total       used       free     shared    buffers     cached
Mem:          992M       924M        67M       2.4M       388K       4.8M
-/+ buffers/cache:       919M        72M
Swap:         8.0G       216M       7.8G

             total       used       free     shared    buffers     cached
Mem:          992M       918M        73M       2.4M       388K       4.8M
-/+ buffers/cache:       913M        78M
Swap:         8.0G       249M       7.8G

             total       used       free     shared    buffers     cached
Mem:          992M       930M        61M       2.3M       396K       4.9M
-/+ buffers/cache:       925M        66M
Swap:         8.0G       249M       7.8G

             total       used       free     shared    buffers     cached
Mem:          992M       928M        64M       2.3M       372K       4.8M
-/+ buffers/cache:       922M        69M
Swap:         8.0G       249M       7.8G

             total       used       free     shared    buffers     cached
Mem:          992M       923M        68M       2.3M       372K       4.8M
-/+ buffers/cache:       918M        74M
Swap:         8.0G       277M       7.7G

             total       used       free     shared    buffers     cached
Mem:          992M       930M        61M       2.3M       372K       4.8M
-/+ buffers/cache:       925M        66M
Swap:         8.0G       277M       7.7G

             total       used       free     shared    buffers     cached
Mem:          992M       925M        67M       2.3M       372K       4.8M
-/+ buffers/cache:       919M        72M
Swap:         8.0G       277M       7.7G

             total       used       free     shared    buffers     cached
Mem:          992M       930M        61M       2.3M       380K       4.8M
-/+ buffers/cache:       925M        66M
Swap:         8.0G       277M       7.7G

             total       used       free     shared    buffers     cached
Mem:          992M       916M        76M       2.3M       360K       4.6M
-/+ buffers/cache:       911M        81M
Swap:         8.0G       300M       7.7G

             total       used       free     shared    buffers     cached
Mem:          992M       920M        71M       2.3M       360K       4.6M
-/+ buffers/cache:       915M        76M
Swap:         8.0G       300M       7.7G

             total       used       free     shared    buffers     cached
Mem:          992M       924M        67M       2.3M       360K       4.7M
-/+ buffers/cache:       919M        72M
Swap:         8.0G       300M       7.7G

             total       used       free     shared    buffers     cached
Mem:          992M       929M        62M       2.3M       360K       4.6M
-/+ buffers/cache:       924M        67M
Swap:         8.0G       300M       7.7G

             total       used       free     shared    buffers     cached
Mem:          992M       918M        74M       2.3M       356K       4.4M
-/+ buffers/cache:       913M        78M
Swap:         8.0G       316M       7.7G

             total       used       free     shared    buffers     cached
Mem:          992M       922M        70M       2.3M       356K       4.5M
-/+ buffers/cache:       917M        74M
Swap:         8.0G       316M       7.7G

             total       used       free     shared    buffers     cached
Mem:          992M       926M        66M       2.3M       356K       4.5M
-/+ buffers/cache:       921M        70M
Swap:         8.0G       316M       7.7G

             total       used       free     shared    buffers     cached
Mem:          992M       930M        61M       2.3M       356K       4.5M
-/+ buffers/cache:       926M        66M
Swap:         8.0G       316M       7.7G

             total       used       free     shared    buffers     cached
Mem:          992M       913M        79M       2.3M        76K        14M
-/+ buffers/cache:       898M        93M
Swap:         8.0G       347M       7.7G

             total       used       free     shared    buffers     cached
Mem:          992M       929M        62M       2.2M       532K        19M
-/+ buffers/cache:       910M        82M
Swap:         8.0G       341M       7.7G

             total       used       free     shared    buffers     cached
Mem:          992M       922M        69M         8K       540K        14M
-/+ buffers/cache:       907M        85M
Swap:         8.0G       344M       7.7G

             total       used       free     shared    buffers     cached
Mem:          992M       914M        77M         8K        80K       4.4M
-/+ buffers/cache:       909M        82M
Swap:         8.0G       343M       7.7G

             total       used       free     shared    buffers     cached
Mem:          992M       921M        70M         8K        92K       2.8M
-/+ buffers/cache:       918M        73M
Swap:         8.0G       334M       7.7G

             total       used       free     shared    buffers     cached
Mem:          992M       921M        70M         8K        92K       2.1M
-/+ buffers/cache:       919M        72M
Swap:         8.0G       332M       7.7G

             total       used       free     shared    buffers     cached
Mem:          992M       922M        69M         0B       344K       1.8M
-/+ buffers/cache:       920M        71M
Swap:         8.0G       336M       7.7G

             total       used       free     shared    buffers     cached
Mem:          992M       917M        74M         0B       352K       1.7M
-/+ buffers/cache:       915M        76M
Swap:         8.0G       340M       7.7G

             total       used       free     shared    buffers     cached
Mem:          992M       917M        74M         0B       332K       1.7M
-/+ buffers/cache:       915M        76M
Swap:         8.0G       342M       7.7G

             total       used       free     shared    buffers     cached
Mem:          992M       920M        71M         0B       332K       1.4M
-/+ buffers/cache:       918M        73M
Swap:         8.0G       338M       7.7G

             total       used       free     shared    buffers     cached
Mem:          992M       921M        70M         0B       284K       1.3M
-/+ buffers/cache:       920M        72M
Swap:         8.0G       342M       7.7G

             total       used       free     shared    buffers     cached
Mem:          992M       911M        80M         0B        96K       1.3M
-/+ buffers/cache:       910M        81M
Swap:         8.0G       368M       7.6G

             total       used       free     shared    buffers     cached
Mem:          992M       911M        80M         0B       104K       1.3M
-/+ buffers/cache:       910M        81M
Swap:         8.0G       368M       7.6G

             total       used       free     shared    buffers     cached
Mem:          992M       920M        71M         0B        88K       1.3M
-/+ buffers/cache:       919M        73M
Swap:         8.0G       348M       7.7G

             total       used       free     shared    buffers     cached
Mem:          992M       917M        74M         0B        80K       1.3M
-/+ buffers/cache:       916M        75M
Swap:         8.0G       355M       7.6G

             total       used       free     shared    buffers     cached
Mem:          992M       919M        72M         0B        80K       1.7M
-/+ buffers/cache:       918M        74M
Swap:         8.0G       353M       7.7G

             total       used       free     shared    buffers     cached
Mem:          992M       924M        67M         0B        80K       1.7M
-/+ buffers/cache:       922M        69M
Swap:         8.0G       351M       7.7G

             total       used       free     shared    buffers     cached
Mem:          992M       931M        61M         0B        80K       1.7M
-/+ buffers/cache:       929M        62M
Swap:         8.0G       350M       7.7G

             total       used       free     shared    buffers     cached
Mem:          992M       923M        68M         0B        88K       1.7M
-/+ buffers/cache:       922M        70M
Swap:         8.0G       359M       7.6G

             total       used       free     shared    buffers     cached
Mem:          992M       930M        61M         0B        88K       1.7M
-/+ buffers/cache:       929M        63M
Swap:         8.0G       359M       7.6G

             total       used       free     shared    buffers     cached
Mem:          992M       920M        71M         0B        88K       1.6M
-/+ buffers/cache:       919M        72M
Swap:         8.0G       376M       7.6G

             total       used       free     shared    buffers     cached
Mem:          992M       927M        64M         0B        88K       1.6M
-/+ buffers/cache:       925M        66M
Swap:         8.0G       376M       7.6G

             total       used       free     shared    buffers     cached
Mem:          992M       920M        71M         0B        88K       1.6M
-/+ buffers/cache:       918M        73M
Swap:         8.0G       386M       7.6G

             total       used       free     shared    buffers     cached
Mem:          992M       925M        66M         0B        96K       1.6M
-/+ buffers/cache:       923M        68M
Swap:         8.0G       386M       7.6G

             total       used       free     shared    buffers     cached
Mem:          992M       927M        64M         0B        96K       1.6M
-/+ buffers/cache:       925M        66M
Swap:         8.0G       385M       7.6G

             total       used       free     shared    buffers     cached
Mem:          992M       929M        62M         0B        96K       1.7M
-/+ buffers/cache:       927M        64M
Swap:         8.0G       385M       7.6G

             total       used       free     shared    buffers     cached
Mem:          992M       931M        60M         0B        96K       1.6M
-/+ buffers/cache:       929M        62M
Swap:         8.0G       384M       7.6G

             total       used       free     shared    buffers     cached
Mem:          992M       905M        86M         0B        96K       1.6M
-/+ buffers/cache:       904M        88M
Swap:         8.0G       409M       7.6G

             total       used       free     shared    buffers     cached
Mem:          992M       909M        83M         0B       248K       2.4M
-/+ buffers/cache:       906M        85M
Swap:         8.0G       408M       7.6G

             total       used       free     shared    buffers     cached
Mem:          992M       911M        80M         0B       248K       2.4M
-/+ buffers/cache:       908M        83M
Swap:         8.0G       407M       7.6G

             total       used       free     shared    buffers     cached
Mem:          992M       913M        78M         0B       248K       2.6M
-/+ buffers/cache:       910M        81M
Swap:         8.0G       406M       7.6G

             total       used       free     shared    buffers     cached
Mem:          992M       915M        76M         0B       248K       2.6M
-/+ buffers/cache:       912M        79M
Swap:         8.0G       405M       7.6G

             total       used       free     shared    buffers     cached
Mem:          992M       917M        74M         0B       248K       2.6M
-/+ buffers/cache:       914M        77M
Swap:         8.0G       404M       7.6G

             total       used       free     shared    buffers     cached
Mem:          992M       919M        72M         0B       248K       2.6M
-/+ buffers/cache:       916M        75M
Swap:         8.0G       404M       7.6G

             total       used       free     shared    buffers     cached
Mem:          992M       921M        70M         0B       256K       2.6M
-/+ buffers/cache:       918M        73M
Swap:         8.0G       403M       7.6G

             total       used       free     shared    buffers     cached
Mem:          992M       923M        69M         0B       256K       2.6M
-/+ buffers/cache:       920M        71M
Swap:         8.0G       402M       7.6G

             total       used       free     shared    buffers     cached
Mem:          992M       925M        67M         0B       256K       2.6M
-/+ buffers/cache:       922M        69M
Swap:         8.0G       401M       7.6G

             total       used       free     shared    buffers     cached
Mem:          992M       927M        65M         0B       256K       2.6M
-/+ buffers/cache:       924M        67M
Swap:         8.0G       400M       7.6G

             total       used       free     shared    buffers     cached
Mem:          992M       929M        62M         0B       256K       2.6M
-/+ buffers/cache:       926M        65M
Swap:         8.0G       399M       7.6G

             total       used       free     shared    buffers     cached
Mem:          992M       920M        72M         0B       264K       2.7M
-/+ buffers/cache:       917M        75M
Swap:         8.0G       412M       7.6G

             total       used       free     shared    buffers     cached
Mem:          992M       921M        70M         0B       264K       2.8M
-/+ buffers/cache:       918M        73M
Swap:         8.0G       411M       7.6G

             total       used       free     shared    buffers     cached
Mem:          992M       924M        68M         0B       264K       2.7M
-/+ buffers/cache:       921M        71M
Swap:         8.0G       410M       7.6G

             total       used       free     shared    buffers     cached
Mem:          992M       926M        66M         0B       264K       2.8M
-/+ buffers/cache:       923M        69M
Swap:         8.0G       409M       7.6G

             total       used       free     shared    buffers     cached
Mem:          992M       927M        64M         0B       264K       2.8M
-/+ buffers/cache:       924M        67M
Swap:         8.0G       408M       7.6G

             total       used       free     shared    buffers     cached
Mem:          992M       929M        62M         0B       272K       2.7M
-/+ buffers/cache:       926M        65M
Swap:         8.0G       407M       7.6G

             total       used       free     shared    buffers     cached
Mem:          992M       913M        78M         0B       268K       2.6M
-/+ buffers/cache:       911M        81M
Swap:         8.0G       420M       7.6G

             total       used       free     shared    buffers     cached
Mem:          992M       915M        76M         0B       268K       2.6M
-/+ buffers/cache:       912M        79M
Swap:         8.0G       420M       7.6G

             total       used       free     shared    buffers     cached
Mem:          992M       917M        74M         0B       268K       2.6M
-/+ buffers/cache:       914M        77M
Swap:         8.0G       419M       7.6G

             total       used       free     shared    buffers     cached
Mem:          992M       919M        73M         0B       268K       2.6M
-/+ buffers/cache:       916M        75M
Swap:         8.0G       418M       7.6G

             total       used       free     shared    buffers     cached
Mem:          992M       920M        71M         0B       268K       2.6M
-/+ buffers/cache:       917M        74M
Swap:         8.0G       417M       7.6G

             total       used       free     shared    buffers     cached
Mem:          992M       922M        69M         0B       276K       2.6M
-/+ buffers/cache:       919M        72M
Swap:         8.0G       416M       7.6G

             total       used       free     shared    buffers     cached
Mem:          992M       924M        67M         0B       276K       2.6M
-/+ buffers/cache:       921M        70M
Swap:         8.0G       415M       7.6G

             total       used       free     shared    buffers     cached
Mem:          992M       926M        65M         0B       276K       2.6M
-/+ buffers/cache:       923M        68M
Swap:         8.0G       414M       7.6G

             total       used       free     shared    buffers     cached
Mem:          992M       928M        64M         0B       276K       2.6M
-/+ buffers/cache:       925M        66M
Swap:         8.0G       414M       7.6G

             total       used       free     shared    buffers     cached
Mem:          992M       930M        61M         0B       276K       2.6M
-/+ buffers/cache:       927M        64M
Swap:         8.0G       413M       7.6G

             total       used       free     shared    buffers     cached
Mem:          992M       916M        75M         0B       276K       2.6M
-/+ buffers/cache:       913M        78M
Swap:         8.0G       421M       7.6G

             total       used       free     shared    buffers     cached
Mem:          992M       918M        73M         0B       276K       2.6M
-/+ buffers/cache:       916M        76M
Swap:         8.0G       420M       7.6G

             total       used       free     shared    buffers     cached
Mem:          992M       920M        71M         0B       276K       2.6M
-/+ buffers/cache:       918M        74M
Swap:         8.0G       419M       7.6G

             total       used       free     shared    buffers     cached
Mem:          992M       922M        69M         0B       276K       2.6M
-/+ buffers/cache:       919M        72M
Swap:         8.0G       418M       7.6G

             total       used       free     shared    buffers     cached
Mem:          992M       924M        67M         0B       276K       2.6M
-/+ buffers/cache:       921M        70M
Swap:         8.0G       417M       7.6G

             total       used       free     shared    buffers     cached
Mem:          992M       913M        78M         0B        76K        20M
-/+ buffers/cache:       892M        99M
Swap:         8.0G       454M       7.6G

             total       used       free     shared    buffers     cached
Mem:          992M       897M        94M         0B       532K        18M
-/+ buffers/cache:       878M       113M
Swap:         8.0G       469M       7.5G

             total       used       free     shared    buffers     cached
Mem:          992M       900M        92M         0B       696K        18M
-/+ buffers/cache:       880M       111M
Swap:         8.0G       468M       7.5G

             total       used       free     shared    buffers     cached
Mem:          992M       902M        89M         0B       696K        18M
-/+ buffers/cache:       882M       109M
Swap:         8.0G       467M       7.5G

             total       used       free     shared    buffers     cached
Mem:          992M       904M        88M         0B       700K        18M
-/+ buffers/cache:       884M       107M
Swap:         8.0G       466M       7.5G

             total       used       free     shared    buffers     cached
Mem:          992M       906M        86M         0B       700K        19M
-/+ buffers/cache:       886M       105M
Swap:         8.0G       466M       7.5G

             total       used       free     shared    buffers     cached
Mem:          992M       907M        85M         0B       708K        18M
-/+ buffers/cache:       887M       104M
Swap:         8.0G       465M       7.5G

             total       used       free     shared    buffers     cached
Mem:          992M       908M        83M         0B       708K        18M
-/+ buffers/cache:       889M       103M
Swap:         8.0G       465M       7.5G

             total       used       free     shared    buffers     cached
Mem:          992M       910M        81M         0B       708K        19M
-/+ buffers/cache:       891M       101M
Swap:         8.0G       464M       7.5G

             total       used       free     shared    buffers     cached
Mem:          992M       912M        79M         0B       708K        18M
-/+ buffers/cache:       892M        99M
Swap:         8.0G       463M       7.5G

             total       used       free     shared    buffers     cached
Mem:          992M       914M        77M         0B       708K        19M
-/+ buffers/cache:       894M        97M
Swap:         8.0G       463M       7.5G

             total       used       free     shared    buffers     cached
Mem:          992M       916M        75M         0B       716K        19M
-/+ buffers/cache:       896M        95M
Swap:         8.0G       462M       7.5G

             total       used       free     shared    buffers     cached
Mem:          992M       918M        73M         0B       716K        18M
-/+ buffers/cache:       898M        93M
Swap:         8.0G       461M       7.5G

             total       used       free     shared    buffers     cached
Mem:          992M       920M        71M         0B       716K        18M
-/+ buffers/cache:       900M        91M
Swap:         8.0G       460M       7.5G

             total       used       free     shared    buffers     cached
Mem:          992M       921M        70M         0B       716K        19M
-/+ buffers/cache:       902M        89M
Swap:         8.0G       459M       7.5G

             total       used       free     shared    buffers     cached
Mem:          992M       923M        68M         0B       716K        19M
-/+ buffers/cache:       904M        88M
Swap:         8.0G       459M       7.5G

             total       used       free     shared    buffers     cached
Mem:          992M       926M        65M         0B       724K        20M
-/+ buffers/cache:       905M        86M
Swap:         8.0G       458M       7.5G

             total       used       free     shared    buffers     cached
Mem:          992M       927M        64M         0B       724K        20M
-/+ buffers/cache:       906M        85M
Swap:         8.0G       457M       7.5G

             total       used       free     shared    buffers     cached
Mem:          992M       931M        61M         0B       1.0M        21M
-/+ buffers/cache:       909M        83M
Swap:         8.0G       457M       7.6G

             total       used       free     shared    buffers     cached
Mem:          992M       930M        61M         0B       1.2M        26M
-/+ buffers/cache:       902M        89M
Swap:         8.0G       467M       7.5G

             total       used       free     shared    buffers     cached
Mem:          992M       930M        61M        16K       1.1M        35M
-/+ buffers/cache:       894M        98M
Swap:         8.0G       480M       7.5G

             total       used       free     shared    buffers     cached
Mem:          992M       917M        74M        16K       1.1M        32M
-/+ buffers/cache:       883M       108M
Swap:         8.0G       489M       7.5G

             total       used       free     shared    buffers     cached
Mem:          992M       918M        73M        16K       1.1M        32M
-/+ buffers/cache:       884M       107M
Swap:         8.0G       489M       7.5G

             total       used       free     shared    buffers     cached
Mem:          992M       919M        72M        16K       1.1M        32M
-/+ buffers/cache:       885M       106M
Swap:         8.0G       488M       7.5G

             total       used       free     shared    buffers     cached
Mem:          992M       920M        71M        16K       1.1M        32M
-/+ buffers/cache:       887M       104M
Swap:         8.0G       487M       7.5G

             total       used       free     shared    buffers     cached
Mem:          992M       922M        69M        16K       1.1M        32M
-/+ buffers/cache:       888M       103M
Swap:         8.0G       487M       7.5G

             total       used       free     shared    buffers     cached
Mem:          992M       923M        68M        16K       1.1M        32M
-/+ buffers/cache:       889M       102M
Swap:         8.0G       486M       7.5G

             total       used       free     shared    buffers     cached
Mem:          992M       924M        67M        16K       1.2M        32M
-/+ buffers/cache:       891M       100M
Swap:         8.0G       486M       7.5G

             total       used       free     shared    buffers     cached
Mem:          992M       926M        65M        16K       1.2M        32M
-/+ buffers/cache:       892M        99M
Swap:         8.0G       485M       7.5G

             total       used       free     shared    buffers     cached
Mem:          992M       929M        63M        16K       1.2M        33M
-/+ buffers/cache:       894M        97M
Swap:         8.0G       484M       7.5G

             total       used       free     shared    buffers     cached
Mem:          992M       930M        61M        16K       1.2M        33M
-/+ buffers/cache:       895M        96M
Swap:         8.0G       483M       7.5G

             total       used       free     shared    buffers     cached
Mem:          992M       917M        75M        16K       1.1M        31M
-/+ buffers/cache:       883M       108M
Swap:         8.0G       496M       7.5G

             total       used       free     shared    buffers     cached
Mem:          992M       918M        73M        16K       1.1M        31M
-/+ buffers/cache:       885M       107M
Swap:         8.0G       495M       7.5G

             total       used       free     shared    buffers     cached
Mem:          992M       919M        72M        16K       1.1M        31M
-/+ buffers/cache:       886M       105M
Swap:         8.0G       495M       7.5G

             total       used       free     shared    buffers     cached
Mem:          992M       920M        71M        16K       1.1M        31M
-/+ buffers/cache:       887M       104M
Swap:         8.0G       494M       7.5G

             total       used       free     shared    buffers     cached
Mem:          992M       922M        70M        16K       1.1M        31M
-/+ buffers/cache:       888M       103M
Swap:         8.0G       493M       7.5G

             total       used       free     shared    buffers     cached
Mem:          992M       923M        68M        16K       1.1M        31M
-/+ buffers/cache:       890M       101M
Swap:         8.0G       493M       7.5G

             total       used       free     shared    buffers     cached
Mem:          992M       924M        67M        16K       1.1M        32M
-/+ buffers/cache:       891M       100M
Swap:         8.0G       492M       7.5G

             total       used       free     shared    buffers     cached
Mem:          992M       925M        66M        16K       1.1M        32M
-/+ buffers/cache:       892M        99M
Swap:         8.0G       491M       7.5G

             total       used       free     shared    buffers     cached
Mem:          992M       927M        64M        16K       1.1M        32M
-/+ buffers/cache:       894M        98M
Swap:         8.0G       491M       7.5G

             total       used       free     shared    buffers     cached
Mem:          992M       928M        63M        16K       1.1M        32M
-/+ buffers/cache:       895M        96M
Swap:         8.0G       490M       7.5G

             total       used       free     shared    buffers     cached
Mem:          992M       930M        62M        16K       1.1M        32M
-/+ buffers/cache:       896M        95M
Swap:         8.0G       489M       7.5G

             total       used       free     shared    buffers     cached
Mem:          992M       931M        60M        16K       1.1M        32M
-/+ buffers/cache:       898M        94M
Swap:         8.0G       489M       7.5G

             total       used       free     shared    buffers     cached
Mem:          992M       917M        75M        16K       1.2M        30M
-/+ buffers/cache:       885M       106M
Swap:         8.0G       501M       7.5G

             total       used       free     shared    buffers     cached
Mem:          992M       918M        73M        16K       1.2M        30M
-/+ buffers/cache:       887M       105M
Swap:         8.0G       500M       7.5G

             total       used       free     shared    buffers     cached
Mem:          992M       920M        71M        16K       1.2M        30M
-/+ buffers/cache:       888M       103M
Swap:         8.0G       499M       7.5G

             total       used       free     shared    buffers     cached
Mem:          992M       921M        70M        16K       1.2M        30M
-/+ buffers/cache:       890M       102M
Swap:         8.0G       499M       7.5G

             total       used       free     shared    buffers     cached
Mem:          992M       922M        69M        16K       1.2M        30M
-/+ buffers/cache:       891M       100M
Swap:         8.0G       498M       7.5G

             total       used       free     shared    buffers     cached
Mem:          992M       923M        68M        16K       1.2M        30M
-/+ buffers/cache:       892M        99M
Swap:         8.0G       498M       7.5G

             total       used       free     shared    buffers     cached
Mem:          992M       925M        66M        16K       1.2M        30M
-/+ buffers/cache:       893M        98M
Swap:         8.0G       497M       7.5G

             total       used       free     shared    buffers     cached
Mem:          992M       926M        65M        16K       1.2M        30M
-/+ buffers/cache:       895M        96M
Swap:         8.0G       496M       7.5G

             total       used       free     shared    buffers     cached
Mem:          992M       928M        64M        16K       1.2M        30M
-/+ buffers/cache:       896M        95M
Swap:         8.0G       496M       7.5G

             total       used       free     shared    buffers     cached
Mem:          992M       929M        62M        16K       1.2M        30M
-/+ buffers/cache:       897M        94M
Swap:         8.0G       495M       7.5G

             total       used       free     shared    buffers     cached
Mem:          992M       931M        61M        16K       1.2M        30M
-/+ buffers/cache:       899M        92M
Swap:         8.0G       495M       7.5G

             total       used       free     shared    buffers     cached
Mem:          992M       917M        74M        16K       1.2M        30M
-/+ buffers/cache:       886M       105M
Swap:         8.0G       497M       7.5G

             total       used       free     shared    buffers     cached
Mem:          992M       919M        72M        16K       1.2M        30M
-/+ buffers/cache:       888M       103M
Swap:         8.0G       497M       7.5G

             total       used       free     shared    buffers     cached
Mem:          992M       921M        71M        16K       1.2M        30M
-/+ buffers/cache:       889M       102M
Swap:         8.0G       496M       7.5G

             total       used       free     shared    buffers     cached
Mem:          992M       922M        69M        16K       1.2M        30M
-/+ buffers/cache:       891M       101M
Swap:         8.0G       495M       7.5G

             total       used       free     shared    buffers     cached
Mem:          992M       923M        68M        16K       1.2M        30M
-/+ buffers/cache:       892M        99M
Swap:         8.0G       494M       7.5G

             total       used       free     shared    buffers     cached
Mem:          992M       925M        66M        16K       1.2M        29M
-/+ buffers/cache:       894M        98M
Swap:         8.0G       494M       7.5G

             total       used       free     shared    buffers     cached
Mem:          992M       911M        81M        16K       1.2M        34M
-/+ buffers/cache:       875M       117M
Swap:         8.0G       522M       7.5G

             total       used       free     shared    buffers     cached
Mem:          992M       912M        80M        16K       1.2M        34M
-/+ buffers/cache:       876M       116M
Swap:         8.0G       522M       7.5G

             total       used       free     shared    buffers     cached
Mem:          992M       913M        78M        16K       1.2M        34M
-/+ buffers/cache:       877M       114M
Swap:         8.0G       521M       7.5G

             total       used       free     shared    buffers     cached
Mem:          992M       915M        76M        16K       1.2M        34M
-/+ buffers/cache:       879M       112M
Swap:         8.0G       520M       7.5G

             total       used       free     shared    buffers     cached
Mem:          992M       916M        75M        16K       1.2M        34M
-/+ buffers/cache:       880M       111M
Swap:         8.0G       520M       7.5G

             total       used       free     shared    buffers     cached
Mem:          992M       917M        74M        16K       1.2M        34M
-/+ buffers/cache:       881M       110M
Swap:         8.0G       519M       7.5G

             total       used       free     shared    buffers     cached
Mem:          992M       918M        73M        16K       1.2M        34M
-/+ buffers/cache:       882M       109M
Swap:         8.0G       519M       7.5G

             total       used       free     shared    buffers     cached
Mem:          992M       920M        71M        16K       1.2M        34M
-/+ buffers/cache:       884M       107M
Swap:         8.0G       518M       7.5G

             total       used       free     shared    buffers     cached
Mem:          992M       921M        70M        16K       1.2M        34M
-/+ buffers/cache:       885M       106M
Swap:         8.0G       517M       7.5G

             total       used       free     shared    buffers     cached
Mem:          992M       923M        69M        16K       1.2M        34M
-/+ buffers/cache:       887M       105M
Swap:         8.0G       517M       7.5G

             total       used       free     shared    buffers     cached
Mem:          992M       924M        67M        16K       1.2M        34M
-/+ buffers/cache:       888M       103M
Swap:         8.0G       516M       7.5G

             total       used       free     shared    buffers     cached
Mem:          992M       925M        66M        16K       1.2M        34M
-/+ buffers/cache:       889M       102M
Swap:         8.0G       515M       7.5G

             total       used       free     shared    buffers     cached
Mem:          992M       927M        64M        16K       1.2M        34M
-/+ buffers/cache:       891M       100M
Swap:         8.0G       514M       7.5G

             total       used       free     shared    buffers     cached
Mem:          992M       928M        63M        16K       1.2M        34M
-/+ buffers/cache:       892M        99M
Swap:         8.0G       514M       7.5G

             total       used       free     shared    buffers     cached
Mem:          992M       930M        61M        16K       1.2M        34M
-/+ buffers/cache:       894M        97M
Swap:         8.0G       513M       7.5G

             total       used       free     shared    buffers     cached
Mem:          992M       920M        71M        16K       1.2M        34M
-/+ buffers/cache:       884M       107M
Swap:         8.0G       516M       7.5G

             total       used       free     shared    buffers     cached
Mem:          992M       921M        70M        16K       1.2M        34M
-/+ buffers/cache:       886M       106M
Swap:         8.0G       515M       7.5G

             total       used       free     shared    buffers     cached
Mem:          992M       923M        69M        16K       1.2M        34M
-/+ buffers/cache:       887M       104M
Swap:         8.0G       514M       7.5G

             total       used       free     shared    buffers     cached
Mem:          992M       924M        67M        16K       1.2M        34M
-/+ buffers/cache:       888M       103M
Swap:         8.0G       513M       7.5G

             total       used       free     shared    buffers     cached
Mem:          992M       926M        65M        16K       1.2M        34M
-/+ buffers/cache:       890M       101M
Swap:         8.0G       513M       7.5G

             total       used       free     shared    buffers     cached
Mem:          992M       927M        64M        16K       1.2M        34M
-/+ buffers/cache:       891M       100M
Swap:         8.0G       512M       7.5G

             total       used       free     shared    buffers     cached
Mem:          992M       928M        63M        16K       1.2M        34M
-/+ buffers/cache:       893M        98M
Swap:         8.0G       511M       7.5G

             total       used       free     shared    buffers     cached
Mem:          992M       930M        61M        16K       1.2M        34M
-/+ buffers/cache:       894M        97M
Swap:         8.0G       511M       7.5G

             total       used       free     shared    buffers     cached
Mem:          992M       912M        80M        16K       304K        32M
-/+ buffers/cache:       879M       112M
Swap:         8.0G       528M       7.5G

             total       used       free     shared    buffers     cached
Mem:          992M       913M        78M        16K       304K        32M
-/+ buffers/cache:       881M       110M
Swap:         8.0G       528M       7.5G

             total       used       free     shared    buffers     cached
Mem:          992M       916M        75M        20K       440K        32M
-/+ buffers/cache:       882M       109M
Swap:         8.0G       527M       7.5G

             total       used       free     shared    buffers     cached
Mem:          992M       917M        74M        20K       440K        32M
-/+ buffers/cache:       884M       108M
Swap:         8.0G       526M       7.5G

             total       used       free     shared    buffers     cached
Mem:          992M       918M        73M        20K       448K        32M
-/+ buffers/cache:       885M       106M
Swap:         8.0G       526M       7.5G

             total       used       free     shared    buffers     cached
Mem:          992M       926M        65M        20K       448K        34M
-/+ buffers/cache:       891M       100M
Swap:         8.0G       523M       7.5G

             total       used       free     shared    buffers     cached
Mem:          992M       927M        64M        20K       448K        34M
-/+ buffers/cache:       892M        99M
Swap:         8.0G       522M       7.5G

             total       used       free     shared    buffers     cached
Mem:          992M       929M        62M        20K       448K        34M
-/+ buffers/cache:       894M        97M
Swap:         8.0G       521M       7.5G

             total       used       free     shared    buffers     cached
Mem:          992M       919M        72M        20K       272K        34M
-/+ buffers/cache:       885M       106M
Swap:         8.0G       525M       7.5G

             total       used       free     shared    buffers     cached
Mem:          992M       920M        71M        20K       280K        34M
-/+ buffers/cache:       886M       106M
Swap:         8.0G       525M       7.5G

             total       used       free     shared    buffers     cached
Mem:          992M       921M        70M        20K       280K        34M
-/+ buffers/cache:       887M       105M
Swap:         8.0G       524M       7.5G

             total       used       free     shared    buffers     cached
Mem:          992M       922M        69M        20K       280K        34M
-/+ buffers/cache:       887M       104M
Swap:         8.0G       524M       7.5G

             total       used       free     shared    buffers     cached
Mem:          992M       923M        69M        20K       280K        34M
-/+ buffers/cache:       888M       103M
Swap:         8.0G       524M       7.5G

             total       used       free     shared    buffers     cached
Mem:          992M       923M        68M        20K       280K        34M
-/+ buffers/cache:       889M       102M
Swap:         8.0G       523M       7.5G

             total       used       free     shared    buffers     cached
Mem:          992M       924M        67M        20K       280K        34M
-/+ buffers/cache:       890M       101M
Swap:         8.0G       523M       7.5G

             total       used       free     shared    buffers     cached
Mem:          992M       925M        66M        20K       288K        34M
-/+ buffers/cache:       891M       101M
Swap:         8.0G       522M       7.5G

             total       used       free     shared    buffers     cached
Mem:          992M       926M        65M        20K       288K        34M
-/+ buffers/cache:       891M       100M
Swap:         8.0G       522M       7.5G

             total       used       free     shared    buffers     cached
Mem:          992M       926M        65M        20K       288K        34M
-/+ buffers/cache:       892M        99M
Swap:         8.0G       522M       7.5G

             total       used       free     shared    buffers     cached
Mem:          992M       927M        64M        20K       288K        34M
-/+ buffers/cache:       893M        98M
Swap:         8.0G       521M       7.5G

             total       used       free     shared    buffers     cached
Mem:          992M       914M        77M       3.9M       3.3M        52M
-/+ buffers/cache:       858M       133M
Swap:         8.0G       566M       7.4G

             total       used       free     shared    buffers     cached
Mem:          992M       928M        64M       3.9M       5.0M        58M
-/+ buffers/cache:       864M       127M
Swap:         8.0G       562M       7.4G

             total       used       free     shared    buffers     cached
Mem:          992M       922M        69M       3.9M       4.9M        66M
-/+ buffers/cache:       851M       140M
Swap:         8.0G       571M       7.4G

             total       used       free     shared    buffers     cached
Mem:          992M       918M        73M       280K       4.1M        62M
-/+ buffers/cache:       851M       140M
Swap:         8.0G       580M       7.4G

             total       used       free     shared    buffers     cached
Mem:          992M       919M        72M       264K       4.1M        62M
-/+ buffers/cache:       853M       138M
Swap:         8.0G       579M       7.4G

             total       used       free     shared    buffers     cached
Mem:          992M       921M        70M       264K       4.1M        62M
-/+ buffers/cache:       854M       137M
Swap:         8.0G       578M       7.4G

             total       used       free     shared    buffers     cached
Mem:          992M       922M        69M       264K       4.1M        62M
-/+ buffers/cache:       855M       136M
Swap:         8.0G       578M       7.4G

             total       used       free     shared    buffers     cached
Mem:          992M       924M        67M       264K       4.3M        63M
-/+ buffers/cache:       856M       135M
Swap:         8.0G       577M       7.4G

             total       used       free     shared    buffers     cached
Mem:          992M       925M        66M       264K       4.3M        63M
-/+ buffers/cache:       858M       134M
Swap:         8.0G       577M       7.4G

             total       used       free     shared    buffers     cached
Mem:          992M       927M        65M       264K       4.3M        63M
-/+ buffers/cache:       859M       132M
Swap:         8.0G       576M       7.4G

             total       used       free     shared    buffers     cached
Mem:          992M       928M        63M       264K       4.3M        63M
-/+ buffers/cache:       860M       131M
Swap:         8.0G       575M       7.4G

             total       used       free     shared    buffers     cached
Mem:          992M       929M        62M       264K       4.3M        63M
-/+ buffers/cache:       861M       130M
Swap:         8.0G       574M       7.4G

             total       used       free     shared    buffers     cached
Mem:          992M       930M        61M       264K       4.3M        63M
-/+ buffers/cache:       862M       129M
Swap:         8.0G       574M       7.4G

             total       used       free     shared    buffers     cached
Mem:          992M       914M        77M       264K       4.1M        61M
-/+ buffers/cache:       848M       143M
Swap:         8.0G       580M       7.4G

             total       used       free     shared    buffers     cached
Mem:          992M       915M        76M       264K       4.1M        61M
-/+ buffers/cache:       849M       142M
Swap:         8.0G       579M       7.4G

             total       used       free     shared    buffers     cached
Mem:          992M       917M        74M       264K       4.1M        61M
-/+ buffers/cache:       851M       140M
Swap:         8.0G       578M       7.4G

             total       used       free     shared    buffers     cached
Mem:          992M       918M        73M       264K       4.1M        61M
-/+ buffers/cache:       852M       139M
Swap:         8.0G       578M       7.4G

             total       used       free     shared    buffers     cached
Mem:          992M       919M        72M       264K       4.1M        61M
-/+ buffers/cache:       853M       138M
Swap:         8.0G       577M       7.4G

             total       used       free     shared    buffers     cached
Mem:          992M       921M        70M       264K       4.1M        62M
-/+ buffers/cache:       855M       137M
Swap:         8.0G       577M       7.4G

             total       used       free     shared    buffers     cached
Mem:          992M       923M        69M       264K       4.1M        62M
-/+ buffers/cache:       856M       135M
Swap:         8.0G       576M       7.4G

             total       used       free     shared    buffers     cached
Mem:          992M       924M        67M       264K       4.1M        62M
-/+ buffers/cache:       857M       134M
Swap:         8.0G       575M       7.4G

             total       used       free     shared    buffers     cached
Mem:          992M       925M        66M       264K       4.1M        62M
-/+ buffers/cache:       858M       133M
Swap:         8.0G       574M       7.4G

             total       used       free     shared    buffers     cached
Mem:          992M       926M        65M       264K       4.1M        62M
-/+ buffers/cache:       860M       132M
Swap:         8.0G       574M       7.4G

             total       used       free     shared    buffers     cached
Mem:          992M       928M        63M       264K       4.1M        62M
-/+ buffers/cache:       861M       130M
Swap:         8.0G       573M       7.4G

             total       used       free     shared    buffers     cached
Mem:          992M       929M        62M       264K       4.1M        62M
-/+ buffers/cache:       863M       129M
Swap:         8.0G       572M       7.4G

             total       used       free     shared    buffers     cached
Mem:          992M       931M        61M       264K       4.1M        62M
-/+ buffers/cache:       864M       127M
Swap:         8.0G       572M       7.4G

             total       used       free     shared    buffers     cached
Mem:          992M       905M        86M       264K       3.5M        60M
-/+ buffers/cache:       841M       150M
Swap:         8.0G       595M       7.4G

             total       used       free     shared    buffers     cached
Mem:          992M       906M        85M       264K       3.5M        60M
-/+ buffers/cache:       843M       149M
Swap:         8.0G       595M       7.4G

             total       used       free     shared    buffers     cached
Mem:          992M       907M        84M       264K       3.5M        60M
-/+ buffers/cache:       844M       147M
Swap:         8.0G       594M       7.4G

             total       used       free     shared    buffers     cached
Mem:          992M       908M        83M       316K       8.0M        71M
-/+ buffers/cache:       829M       162M
Swap:         8.0G       617M       7.4G

             total       used       free     shared    buffers     cached
Mem:          992M       914M        78M       308K       8.3M        73M
-/+ buffers/cache:       832M       159M
Swap:         8.0G       616M       7.4G
