             total       used       free     shared    buffers     cached
Mem:          2.0G       661M       1.3G       3.2M        38M       289M
-/+ buffers/cache:       333M       1.6G
Swap:         8.0G         0B       8.0G

             total       used       free     shared    buffers     cached
Mem:          2.0G       660M       1.3G       1.4M        38M       287M
-/+ buffers/cache:       333M       1.6G
Swap:         8.0G         0B       8.0G

             total       used       free     shared    buffers     cached
Mem:          2.0G       660M       1.3G       1.4M        38M       287M
-/+ buffers/cache:       333M       1.6G
Swap:         8.0G         0B       8.0G

             total       used       free     shared    buffers     cached
Mem:          2.0G       660M       1.3G       1.4M        38M       287M
-/+ buffers/cache:       333M       1.6G
Swap:         8.0G         0B       8.0G

             total       used       free     shared    buffers     cached
Mem:          2.0G       660M       1.3G       1.4M        38M       287M
-/+ buffers/cache:       333M       1.6G
Swap:         8.0G         0B       8.0G

             total       used       free     shared    buffers     cached
Mem:          2.0G       660M       1.3G       1.4M        38M       287M
-/+ buffers/cache:       333M       1.6G
Swap:         8.0G         0B       8.0G

             total       used       free     shared    buffers     cached
Mem:          2.0G       659M       1.3G       1.4M        38M       287M
-/+ buffers/cache:       333M       1.6G
Swap:         8.0G         0B       8.0G

             total       used       free     shared    buffers     cached
Mem:          2.0G       659M       1.3G       1.4M        38M       288M
-/+ buffers/cache:       332M       1.6G
Swap:         8.0G         0B       8.0G

             total       used       free     shared    buffers     cached
Mem:          2.0G       659M       1.3G       1.4M        38M       288M
-/+ buffers/cache:       332M       1.6G
Swap:         8.0G         0B       8.0G

             total       used       free     shared    buffers     cached
Mem:          2.0G       662M       1.3G       1.4M        38M       288M
-/+ buffers/cache:       336M       1.6G
Swap:         8.0G         0B       8.0G

             total       used       free     shared    buffers     cached
Mem:          2.0G       682M       1.3G       1.4M        38M       288M
-/+ buffers/cache:       355M       1.6G
Swap:         8.0G         0B       8.0G

             total       used       free     shared    buffers     cached
Mem:          2.0G       668M       1.3G       1.4M        38M       289M
-/+ buffers/cache:       340M       1.6G
Swap:         8.0G         0B       8.0G

             total       used       free     shared    buffers     cached
Mem:          2.0G       668M       1.3G       1.4M        38M       289M
-/+ buffers/cache:       340M       1.6G
Swap:         8.0G         0B       8.0G

             total       used       free     shared    buffers     cached
Mem:          2.0G       669M       1.3G       1.4M        38M       289M
-/+ buffers/cache:       340M       1.6G
Swap:         8.0G         0B       8.0G

             total       used       free     shared    buffers     cached
Mem:          2.0G       669M       1.3G       1.4M        38M       289M
-/+ buffers/cache:       340M       1.6G
Swap:         8.0G         0B       8.0G

             total       used       free     shared    buffers     cached
Mem:          2.0G       669M       1.3G       1.4M        38M       289M
-/+ buffers/cache:       340M       1.6G
Swap:         8.0G         0B       8.0G

             total       used       free     shared    buffers     cached
Mem:          2.0G       669M       1.3G       1.4M        38M       289M
-/+ buffers/cache:       340M       1.6G
Swap:         8.0G         0B       8.0G

             total       used       free     shared    buffers     cached
Mem:          2.0G       669M       1.3G       1.4M        38M       289M
-/+ buffers/cache:       340M       1.6G
Swap:         8.0G         0B       8.0G

             total       used       free     shared    buffers     cached
Mem:          2.0G       669M       1.3G       1.4M        38M       289M
-/+ buffers/cache:       340M       1.6G
Swap:         8.0G         0B       8.0G

             total       used       free     shared    buffers     cached
Mem:          2.0G       669M       1.3G       1.4M        38M       289M
-/+ buffers/cache:       340M       1.6G
Swap:         8.0G         0B       8.0G

             total       used       free     shared    buffers     cached
Mem:          2.0G       669M       1.3G       1.4M        38M       289M
-/+ buffers/cache:       340M       1.6G
Swap:         8.0G         0B       8.0G

             total       used       free     shared    buffers     cached
Mem:          2.0G       669M       1.3G       1.4M        38M       289M
-/+ buffers/cache:       341M       1.6G
Swap:         8.0G         0B       8.0G

             total       used       free     shared    buffers     cached
Mem:          2.0G       669M       1.3G       1.4M        38M       289M
-/+ buffers/cache:       341M       1.6G
Swap:         8.0G         0B       8.0G

             total       used       free     shared    buffers     cached
Mem:          2.0G       669M       1.3G       1.4M        38M       289M
-/+ buffers/cache:       341M       1.6G
Swap:         8.0G         0B       8.0G

             total       used       free     shared    buffers     cached
Mem:          2.0G       669M       1.3G       1.4M        38M       289M
-/+ buffers/cache:       341M       1.6G
Swap:         8.0G         0B       8.0G

             total       used       free     shared    buffers     cached
Mem:          2.0G       669M       1.3G       1.4M        38M       289M
-/+ buffers/cache:       341M       1.6G
Swap:         8.0G         0B       8.0G

             total       used       free     shared    buffers     cached
Mem:          2.0G       669M       1.3G       1.4M        38M       289M
-/+ buffers/cache:       341M       1.6G
Swap:         8.0G         0B       8.0G

             total       used       free     shared    buffers     cached
Mem:          2.0G       669M       1.3G       1.4M        38M       289M
-/+ buffers/cache:       341M       1.6G
Swap:         8.0G         0B       8.0G

             total       used       free     shared    buffers     cached
Mem:          2.0G       669M       1.3G       1.4M        38M       289M
-/+ buffers/cache:       341M       1.6G
Swap:         8.0G         0B       8.0G

             total       used       free     shared    buffers     cached
Mem:          2.0G       669M       1.3G       1.4M        38M       289M
-/+ buffers/cache:       340M       1.6G
Swap:         8.0G         0B       8.0G

             total       used       free     shared    buffers     cached
Mem:          2.0G       669M       1.3G       1.4M        38M       289M
-/+ buffers/cache:       340M       1.6G
Swap:         8.0G         0B       8.0G

             total       used       free     shared    buffers     cached
Mem:          2.0G       669M       1.3G       1.4M        38M       289M
-/+ buffers/cache:       340M       1.6G
Swap:         8.0G         0B       8.0G

             total       used       free     shared    buffers     cached
Mem:          2.0G       669M       1.3G       1.4M        38M       289M
-/+ buffers/cache:       340M       1.6G
Swap:         8.0G         0B       8.0G

             total       used       free     shared    buffers     cached
Mem:          2.0G       676M       1.3G       1.4M        38M       289M
-/+ buffers/cache:       348M       1.6G
Swap:         8.0G         0B       8.0G

             total       used       free     shared    buffers     cached
Mem:          2.0G       693M       1.3G       1.4M        38M       289M
-/+ buffers/cache:       365M       1.6G
Swap:         8.0G         0B       8.0G

             total       used       free     shared    buffers     cached
Mem:          2.0G       710M       1.3G       1.4M        38M       289M
-/+ buffers/cache:       382M       1.6G
Swap:         8.0G         0B       8.0G

             total       used       free     shared    buffers     cached
Mem:          2.0G       726M       1.2G       1.4M        38M       289M
-/+ buffers/cache:       398M       1.6G
Swap:         8.0G         0B       8.0G

             total       used       free     shared    buffers     cached
Mem:          2.0G       742M       1.2G       1.4M        38M       289M
-/+ buffers/cache:       414M       1.5G
Swap:         8.0G         0B       8.0G

             total       used       free     shared    buffers     cached
Mem:          2.0G       760M       1.2G       1.4M        38M       289M
-/+ buffers/cache:       432M       1.5G
Swap:         8.0G         0B       8.0G

             total       used       free     shared    buffers     cached
Mem:          2.0G       780M       1.2G       1.4M        38M       289M
-/+ buffers/cache:       452M       1.5G
Swap:         8.0G         0B       8.0G

             total       used       free     shared    buffers     cached
Mem:          2.0G       798M       1.2G       1.4M        38M       289M
-/+ buffers/cache:       469M       1.5G
Swap:         8.0G         0B       8.0G

             total       used       free     shared    buffers     cached
Mem:          2.0G       817M       1.2G       1.4M        38M       289M
-/+ buffers/cache:       489M       1.5G
Swap:         8.0G         0B       8.0G

             total       used       free     shared    buffers     cached
Mem:          2.0G       834M       1.1G       1.4M        38M       289M
-/+ buffers/cache:       505M       1.5G
Swap:         8.0G         0B       8.0G

             total       used       free     shared    buffers     cached
Mem:          2.0G       853M       1.1G       1.4M        38M       289M
-/+ buffers/cache:       525M       1.4G
Swap:         8.0G         0B       8.0G

             total       used       free     shared    buffers     cached
Mem:          2.0G       869M       1.1G       1.4M        38M       289M
-/+ buffers/cache:       541M       1.4G
Swap:         8.0G         0B       8.0G

             total       used       free     shared    buffers     cached
Mem:          2.0G       886M       1.1G       1.4M        38M       289M
-/+ buffers/cache:       558M       1.4G
Swap:         8.0G         0B       8.0G

             total       used       free     shared    buffers     cached
Mem:          2.0G       900M       1.1G       1.4M        38M       289M
-/+ buffers/cache:       572M       1.4G
Swap:         8.0G         0B       8.0G

             total       used       free     shared    buffers     cached
Mem:          2.0G       918M       1.1G       1.4M        38M       289M
-/+ buffers/cache:       590M       1.4G
Swap:         8.0G         0B       8.0G

             total       used       free     shared    buffers     cached
Mem:          2.0G       935M       1.0G       1.4M        38M       289M
-/+ buffers/cache:       607M       1.4G
Swap:         8.0G         0B       8.0G

             total       used       free     shared    buffers     cached
Mem:          2.0G       951M       1.0G       1.4M        38M       289M
-/+ buffers/cache:       623M       1.3G
Swap:         8.0G         0B       8.0G

             total       used       free     shared    buffers     cached
Mem:          2.0G       966M       1.0G       1.4M        38M       289M
-/+ buffers/cache:       638M       1.3G
Swap:         8.0G         0B       8.0G

             total       used       free     shared    buffers     cached
Mem:          2.0G       982M       1.0G       1.4M        38M       289M
-/+ buffers/cache:       654M       1.3G
Swap:         8.0G         0B       8.0G

             total       used       free     shared    buffers     cached
Mem:          2.0G       998M       1.0G       1.4M        38M       289M
-/+ buffers/cache:       670M       1.3G
Swap:         8.0G         0B       8.0G

             total       used       free     shared    buffers     cached
Mem:          2.0G       1.0G       985M       1.4M        38M       289M
-/+ buffers/cache:       686M       1.3G
Swap:         8.0G         0B       8.0G

             total       used       free     shared    buffers     cached
Mem:          2.0G       1.0G       969M       1.4M        38M       289M
-/+ buffers/cache:       702M       1.3G
Swap:         8.0G         0B       8.0G

             total       used       free     shared    buffers     cached
Mem:          2.0G       1.0G       954M       1.4M        38M       289M
-/+ buffers/cache:       717M       1.3G
Swap:         8.0G         0B       8.0G

             total       used       free     shared    buffers     cached
Mem:          2.0G       1.0G       938M       1.4M        38M       289M
-/+ buffers/cache:       733M       1.2G
Swap:         8.0G         0B       8.0G

             total       used       free     shared    buffers     cached
Mem:          2.0G       1.1G       924M       1.4M        38M       289M
-/+ buffers/cache:       747M       1.2G
Swap:         8.0G         0B       8.0G

             total       used       free     shared    buffers     cached
Mem:          2.0G       1.1G       907M       1.4M        38M       289M
-/+ buffers/cache:       764M       1.2G
Swap:         8.0G         0B       8.0G

             total       used       free     shared    buffers     cached
Mem:          2.0G       1.1G       890M       1.4M        38M       289M
-/+ buffers/cache:       781M       1.2G
Swap:         8.0G         0B       8.0G

             total       used       free     shared    buffers     cached
Mem:          2.0G       1.1G       880M       1.4M        38M       289M
-/+ buffers/cache:       791M       1.2G
Swap:         8.0G         0B       8.0G

             total       used       free     shared    buffers     cached
Mem:          2.0G       1.1G       866M       1.4M        38M       289M
-/+ buffers/cache:       805M       1.2G
Swap:         8.0G         0B       8.0G

             total       used       free     shared    buffers     cached
Mem:          2.0G       1.1G       849M       1.4M        38M       289M
-/+ buffers/cache:       821M       1.2G
Swap:         8.0G         0B       8.0G

             total       used       free     shared    buffers     cached
Mem:          2.0G       1.1G       834M       1.4M        38M       289M
-/+ buffers/cache:       837M       1.1G
Swap:         8.0G         0B       8.0G

             total       used       free     shared    buffers     cached
Mem:          2.0G       1.2G       818M       1.4M        38M       289M
-/+ buffers/cache:       853M       1.1G
Swap:         8.0G         0B       8.0G

             total       used       free     shared    buffers     cached
Mem:          2.0G       1.2G       801M       1.4M        38M       289M
-/+ buffers/cache:       869M       1.1G
Swap:         8.0G         0B       8.0G

             total       used       free     shared    buffers     cached
Mem:          2.0G       1.2G       785M       1.4M        38M       289M
-/+ buffers/cache:       885M       1.1G
Swap:         8.0G         0B       8.0G

             total       used       free     shared    buffers     cached
Mem:          2.0G       1.2G       768M       1.4M        38M       289M
-/+ buffers/cache:       903M       1.1G
Swap:         8.0G         0B       8.0G

             total       used       free     shared    buffers     cached
Mem:          2.0G       1.2G       750M       1.4M        38M       289M
-/+ buffers/cache:       920M       1.1G
Swap:         8.0G         0B       8.0G

             total       used       free     shared    buffers     cached
Mem:          2.0G       1.2G       731M       1.4M        38M       290M
-/+ buffers/cache:       940M       1.0G
Swap:         8.0G         0B       8.0G

             total       used       free     shared    buffers     cached
Mem:          2.0G       1.3G       712M       1.4M        38M       290M
-/+ buffers/cache:       958M       1.0G
Swap:         8.0G         0B       8.0G

             total       used       free     shared    buffers     cached
Mem:          2.0G       1.3G       695M       1.4M        38M       290M
-/+ buffers/cache:       976M       1.0G
Swap:         8.0G         0B       8.0G

             total       used       free     shared    buffers     cached
Mem:          2.0G       1.3G       679M       1.4M        38M       290M
-/+ buffers/cache:       992M       1.0G
Swap:         8.0G         0B       8.0G

             total       used       free     shared    buffers     cached
Mem:          2.0G       1.3G       661M       1.4M        38M       290M
-/+ buffers/cache:       1.0G       990M
Swap:         8.0G         0B       8.0G

             total       used       free     shared    buffers     cached
Mem:          2.0G       1.3G       646M       1.4M        38M       290M
-/+ buffers/cache:       1.0G       974M
Swap:         8.0G         0B       8.0G

             total       used       free     shared    buffers     cached
Mem:          2.0G       1.3G       631M       1.4M        38M       290M
-/+ buffers/cache:       1.0G       960M
Swap:         8.0G         0B       8.0G

             total       used       free     shared    buffers     cached
Mem:          2.0G       1.4G       615M       1.4M        38M       290M
-/+ buffers/cache:       1.0G       944M
Swap:         8.0G         0B       8.0G

             total       used       free     shared    buffers     cached
Mem:          2.0G       1.4G       599M       1.4M        38M       290M
-/+ buffers/cache:       1.0G       928M
Swap:         8.0G         0B       8.0G

             total       used       free     shared    buffers     cached
Mem:          2.0G       1.4G       584M       1.4M        38M       290M
-/+ buffers/cache:       1.1G       913M
Swap:         8.0G         0B       8.0G

             total       used       free     shared    buffers     cached
Mem:          2.0G       1.4G       568M       1.4M        38M       290M
-/+ buffers/cache:       1.1G       897M
Swap:         8.0G         0B       8.0G

             total       used       free     shared    buffers     cached
Mem:          2.0G       1.4G       552M       1.4M        38M       290M
-/+ buffers/cache:       1.1G       881M
Swap:         8.0G         0B       8.0G

             total       used       free     shared    buffers     cached
Mem:          2.0G       1.4G       536M       1.4M        38M       290M
-/+ buffers/cache:       1.1G       865M
Swap:         8.0G         0B       8.0G

             total       used       free     shared    buffers     cached
Mem:          2.0G       1.4G       520M       1.4M        38M       290M
-/+ buffers/cache:       1.1G       849M
Swap:         8.0G         0B       8.0G

             total       used       free     shared    buffers     cached
Mem:          2.0G       1.5G       504M       1.4M        38M       290M
-/+ buffers/cache:       1.1G       833M
Swap:         8.0G         0B       8.0G

             total       used       free     shared    buffers     cached
Mem:          2.0G       1.5G       488M       1.4M        38M       290M
-/+ buffers/cache:       1.2G       817M
Swap:         8.0G         0B       8.0G

             total       used       free     shared    buffers     cached
Mem:          2.0G       1.5G       472M       1.4M        38M       290M
-/+ buffers/cache:       1.2G       801M
Swap:         8.0G         0B       8.0G

             total       used       free     shared    buffers     cached
Mem:          2.0G       1.5G       457M       1.4M        38M       290M
-/+ buffers/cache:       1.2G       786M
Swap:         8.0G         0B       8.0G

             total       used       free     shared    buffers     cached
Mem:          2.0G       1.5G       440M       1.4M        38M       290M
-/+ buffers/cache:       1.2G       769M
Swap:         8.0G         0B       8.0G

             total       used       free     shared    buffers     cached
Mem:          2.0G       1.5G       430M       1.4M        38M       290M
-/+ buffers/cache:       1.2G       759M
Swap:         8.0G         0B       8.0G

             total       used       free     shared    buffers     cached
Mem:          2.0G       1.5G       421M       1.4M        38M       290M
-/+ buffers/cache:       1.2G       750M
Swap:         8.0G         0B       8.0G

             total       used       free     shared    buffers     cached
Mem:          2.0G       1.6G       403M       1.4M        38M       290M
-/+ buffers/cache:       1.2G       732M
Swap:         8.0G         0B       8.0G

             total       used       free     shared    buffers     cached
Mem:          2.0G       1.6G       387M       1.4M        38M       290M
-/+ buffers/cache:       1.3G       716M
Swap:         8.0G         0B       8.0G

             total       used       free     shared    buffers     cached
Mem:          2.0G       1.6G       371M       1.4M        38M       290M
-/+ buffers/cache:       1.3G       700M
Swap:         8.0G         0B       8.0G

             total       used       free     shared    buffers     cached
Mem:          2.0G       1.6G       355M       1.4M        38M       290M
-/+ buffers/cache:       1.3G       684M
Swap:         8.0G         0B       8.0G

             total       used       free     shared    buffers     cached
Mem:          2.0G       1.6G       339M       1.4M        38M       290M
-/+ buffers/cache:       1.3G       668M
Swap:         8.0G         0B       8.0G

             total       used       free     shared    buffers     cached
Mem:          2.0G       1.6G       323M       1.4M        38M       290M
-/+ buffers/cache:       1.3G       652M
Swap:         8.0G         0B       8.0G

             total       used       free     shared    buffers     cached
Mem:          2.0G       1.7G       306M       1.4M        38M       290M
-/+ buffers/cache:       1.3G       635M
Swap:         8.0G         0B       8.0G

             total       used       free     shared    buffers     cached
Mem:          2.0G       1.7G       290M       1.4M        38M       290M
-/+ buffers/cache:       1.3G       619M
Swap:         8.0G         0B       8.0G

             total       used       free     shared    buffers     cached
Mem:          2.0G       1.7G       274M       1.4M        38M       290M
-/+ buffers/cache:       1.4G       603M
Swap:         8.0G         0B       8.0G

             total       used       free     shared    buffers     cached
Mem:          2.0G       1.7G       257M       1.4M        38M       290M
-/+ buffers/cache:       1.4G       586M
Swap:         8.0G         0B       8.0G

             total       used       free     shared    buffers     cached
Mem:          2.0G       1.7G       242M       1.4M        38M       290M
-/+ buffers/cache:       1.4G       571M
Swap:         8.0G         0B       8.0G

             total       used       free     shared    buffers     cached
Mem:          2.0G       1.7G       225M       1.4M        38M       290M
-/+ buffers/cache:       1.4G       554M
Swap:         8.0G         0B       8.0G

             total       used       free     shared    buffers     cached
Mem:          2.0G       1.7G       210M       1.4M        38M       290M
-/+ buffers/cache:       1.4G       539M
Swap:         8.0G         0B       8.0G

             total       used       free     shared    buffers     cached
Mem:          2.0G       1.8G       195M       1.4M        38M       290M
-/+ buffers/cache:       1.4G       524M
Swap:         8.0G         0B       8.0G

             total       used       free     shared    buffers     cached
Mem:          2.0G       1.8G       179M       1.4M        38M       290M
-/+ buffers/cache:       1.5G       508M
Swap:         8.0G         0B       8.0G

             total       used       free     shared    buffers     cached
Mem:          2.0G       1.8G       161M       1.4M        38M       290M
-/+ buffers/cache:       1.5G       490M
Swap:         8.0G         0B       8.0G

             total       used       free     shared    buffers     cached
Mem:          2.0G       1.8G       145M       1.4M        38M       290M
-/+ buffers/cache:       1.5G       474M
Swap:         8.0G         0B       8.0G

             total       used       free     shared    buffers     cached
Mem:          2.0G       1.8G       129M       1.4M        38M       290M
-/+ buffers/cache:       1.5G       458M
Swap:         8.0G         0B       8.0G

             total       used       free     shared    buffers     cached
Mem:          2.0G       1.8G       118M       1.4M        38M       290M
-/+ buffers/cache:       1.5G       447M
Swap:         8.0G         0B       8.0G

             total       used       free     shared    buffers     cached
Mem:          2.0G       1.8G       118M       1.4M        38M       290M
-/+ buffers/cache:       1.5G       447M
Swap:         8.0G         0B       8.0G

             total       used       free     shared    buffers     cached
Mem:          2.0G       1.9G       104M       1.4M        38M       290M
-/+ buffers/cache:       1.5G       433M
Swap:         8.0G         0B       8.0G

             total       used       free     shared    buffers     cached
Mem:          2.0G       1.9G        91M       1.4M        38M       290M
-/+ buffers/cache:       1.5G       420M
Swap:         8.0G         0B       8.0G

             total       used       free     shared    buffers     cached
Mem:          2.0G       1.9G        78M       1.4M        38M       290M
-/+ buffers/cache:       1.6G       407M
Swap:         8.0G         0B       8.0G

             total       used       free     shared    buffers     cached
Mem:          2.0G       1.9G        64M       1.4M        38M       290M
-/+ buffers/cache:       1.6G       393M
Swap:         8.0G         0B       8.0G

             total       used       free     shared    buffers     cached
Mem:          2.0G       1.9G        73M       1.4M        17M       288M
-/+ buffers/cache:       1.6G       379M
Swap:         8.0G         0B       8.0G

             total       used       free     shared    buffers     cached
Mem:          2.0G       1.9G        77M       1.4M        10M       278M
-/+ buffers/cache:       1.6G       366M
Swap:         8.0G         0B       8.0G

             total       used       free     shared    buffers     cached
Mem:          2.0G       1.9G        63M       1.4M        10M       278M
-/+ buffers/cache:       1.6G       352M
Swap:         8.0G         0B       8.0G

             total       used       free     shared    buffers     cached
Mem:          2.0G       1.9G        68M       1.4M       9.8M       262M
-/+ buffers/cache:       1.6G       340M
Swap:         8.0G        76K       8.0G

             total       used       free     shared    buffers     cached
Mem:          2.0G       1.9G        72M       1.2M       9.8M       243M
-/+ buffers/cache:       1.6G       326M
Swap:         8.0G       832K       8.0G

             total       used       free     shared    buffers     cached
Mem:          2.0G       1.9G        74M       1.2M       9.8M       231M
-/+ buffers/cache:       1.6G       315M
Swap:         8.0G       6.4M       8.0G

             total       used       free     shared    buffers     cached
Mem:          2.0G       1.9G        90M       1.1M       9.8M       205M
-/+ buffers/cache:       1.7G       305M
Swap:         8.0G        11M       8.0G

             total       used       free     shared    buffers     cached
Mem:          2.0G       1.9G        76M       1.1M       9.8M       205M
-/+ buffers/cache:       1.7G       290M
Swap:         8.0G        11M       8.0G

             total       used       free     shared    buffers     cached
Mem:          2.0G       1.9G        75M       1.1M       2.9M       199M
-/+ buffers/cache:       1.7G       277M
Swap:         8.0G        11M       8.0G

             total       used       free     shared    buffers     cached
Mem:          2.0G       1.9G        76M       1.1M       1.0M       184M
-/+ buffers/cache:       1.7G       262M
Swap:         8.0G        11M       8.0G

             total       used       free     shared    buffers     cached
Mem:          2.0G       1.9G        85M       1.1M       320K       163M
-/+ buffers/cache:       1.7G       249M
Swap:         8.0G        11M       8.0G

             total       used       free     shared    buffers     cached
Mem:          2.0G       1.9G        71M       1.1M       328K       163M
-/+ buffers/cache:       1.7G       234M
Swap:         8.0G        11M       8.0G

             total       used       free     shared    buffers     cached
Mem:          2.0G       1.9G        74M       1.1M       328K       143M
-/+ buffers/cache:       1.7G       218M
Swap:         8.0G        11M       8.0G

             total       used       free     shared    buffers     cached
Mem:          2.0G       1.9G        77M       1.1M        88K       126M
-/+ buffers/cache:       1.8G       204M
Swap:         8.0G        11M       8.0G

             total       used       free     shared    buffers     cached
Mem:          2.0G       1.9G        78M       1.1M        76K       112M
-/+ buffers/cache:       1.8G       191M
Swap:         8.0G        11M       8.0G

             total       used       free     shared    buffers     cached
Mem:          2.0G       1.9G        78M       1.1M        76K        98M
-/+ buffers/cache:       1.8G       177M
Swap:         8.0G        11M       8.0G

             total       used       free     shared    buffers     cached
Mem:          2.0G       1.9G        76M       1.1M       100K        87M
-/+ buffers/cache:       1.8G       164M
Swap:         8.0G        11M       8.0G

             total       used       free     shared    buffers     cached
Mem:          2.0G       1.9G        83M       1.1M       100K        68M
-/+ buffers/cache:       1.8G       151M
Swap:         8.0G        11M       8.0G

             total       used       free     shared    buffers     cached
Mem:          2.0G       1.9G        68M       1.1M       100K        68M
-/+ buffers/cache:       1.8G       137M
Swap:         8.0G        11M       8.0G

             total       used       free     shared    buffers     cached
Mem:          2.0G       1.9G        70M       1.1M       100K        52M
-/+ buffers/cache:       1.8G       123M
Swap:         8.0G        11M       8.0G

             total       used       free     shared    buffers     cached
Mem:          2.0G       1.9G        71M       1.1M       112K        39M
-/+ buffers/cache:       1.8G       111M
Swap:         8.0G        11M       8.0G

             total       used       free     shared    buffers     cached
Mem:          2.0G       1.9G        74M       1.1M       120K        23M
-/+ buffers/cache:       1.9G        97M
Swap:         8.0G        11M       8.0G

             total       used       free     shared    buffers     cached
Mem:          2.0G       1.9G        75M       1.1M       108K       7.5M
-/+ buffers/cache:       1.9G        82M
Swap:         8.0G        11M       8.0G

             total       used       free     shared    buffers     cached
Mem:          2.0G       1.9G        68M       1.0M        80K       2.9M
-/+ buffers/cache:       1.9G        71M
Swap:         8.0G        13M       8.0G

             total       used       free     shared    buffers     cached
Mem:          2.0G       1.9G        71M       676K       352K       2.4M
-/+ buffers/cache:       1.9G        74M
Swap:         8.0G        47M       8.0G

             total       used       free     shared    buffers     cached
Mem:          2.0G       1.9G        70M       676K       352K       2.4M
-/+ buffers/cache:       1.9G        73M
Swap:         8.0G        47M       8.0G

             total       used       free     shared    buffers     cached
Mem:          2.0G       1.9G        71M       676K       360K       2.3M
-/+ buffers/cache:       1.9G        74M
Swap:         8.0G        66M       7.9G

             total       used       free     shared    buffers     cached
Mem:          2.0G       1.9G        77M       672K       360K       2.2M
-/+ buffers/cache:       1.9G        79M
Swap:         8.0G        80M       7.9G

             total       used       free     shared    buffers     cached
Mem:          2.0G       1.9G        86M       652K       352K       2.1M
-/+ buffers/cache:       1.9G        88M
Swap:         8.0G       128M       7.9G

             total       used       free     shared    buffers     cached
Mem:          2.0G       1.9G        72M       644K       352K       2.1M
-/+ buffers/cache:       1.9G        74M
Swap:         8.0G       128M       7.9G

             total       used       free     shared    buffers     cached
Mem:          2.0G       1.9G        71M       644K       352K       2.1M
-/+ buffers/cache:       1.9G        74M
Swap:         8.0G       128M       7.9G

             total       used       free     shared    buffers     cached
Mem:          2.0G       1.9G        70M       644K       352K       2.1M
-/+ buffers/cache:       1.9G        72M
Swap:         8.0G       128M       7.9G

             total       used       free     shared    buffers     cached
Mem:          2.0G       1.9G        88M       580K       360K       2.0M
-/+ buffers/cache:       1.9G        91M
Swap:         8.0G       189M       7.8G

             total       used       free     shared    buffers     cached
Mem:          2.0G       1.9G        74M       560K       360K       2.0M
-/+ buffers/cache:       1.9G        77M
Swap:         8.0G       189M       7.8G

             total       used       free     shared    buffers     cached
Mem:          2.0G       1.9G        74M       560K       360K       2.0M
-/+ buffers/cache:       1.9G        76M
Swap:         8.0G       189M       7.8G

             total       used       free     shared    buffers     cached
Mem:          2.0G       1.9G        74M       560K       360K       2.0M
-/+ buffers/cache:       1.9G        76M
Swap:         8.0G       189M       7.8G

             total       used       free     shared    buffers     cached
Mem:          2.0G       1.9G        81M       560K       360K       1.9M
-/+ buffers/cache:       1.9G        83M
Swap:         8.0G       227M       7.8G

             total       used       free     shared    buffers     cached
Mem:          2.0G       1.9G        79M       556K       368K       2.1M
-/+ buffers/cache:       1.9G        81M
Swap:         8.0G       227M       7.8G

             total       used       free     shared    buffers     cached
Mem:          2.0G       1.9G        79M       556K       368K       2.1M
-/+ buffers/cache:       1.9G        82M
Swap:         8.0G       227M       7.8G

             total       used       free     shared    buffers     cached
Mem:          2.0G       1.9G        77M       556K       368K       2.1M
-/+ buffers/cache:       1.9G        80M
Swap:         8.0G       227M       7.8G

             total       used       free     shared    buffers     cached
Mem:          2.0G       1.9G        71M       556K       368K       2.1M
-/+ buffers/cache:       1.9G        73M
Swap:         8.0G       227M       7.8G

             total       used       free     shared    buffers     cached
Mem:          2.0G       1.9G        85M       556K       372K       2.1M
-/+ buffers/cache:       1.9G        87M
Swap:         8.0G       227M       7.8G

             total       used       free     shared    buffers     cached
Mem:          2.0G       1.9G        70M       556K       380K       2.1M
-/+ buffers/cache:       1.9G        73M
Swap:         8.0G       227M       7.8G

             total       used       free     shared    buffers     cached
Mem:          2.0G       1.9G        69M       556K       380K       2.1M
-/+ buffers/cache:       1.9G        72M
Swap:         8.0G       242M       7.8G

             total       used       free     shared    buffers     cached
Mem:          2.0G       1.8G       130M       544K       216K       6.5M
-/+ buffers/cache:       1.8G       137M
Swap:         8.0G       361M       7.6G

             total       used       free     shared    buffers     cached
Mem:          2.0G       1.8G       122M       532K       216K       7.6M
-/+ buffers/cache:       1.8G       129M
Swap:         8.0G       361M       7.6G

             total       used       free     shared    buffers     cached
Mem:          2.0G       1.8G       113M       532K       216K       7.6M
-/+ buffers/cache:       1.8G       121M
Swap:         8.0G       361M       7.6G

             total       used       free     shared    buffers     cached
Mem:          2.0G       1.9G       104M       532K       216K       7.6M
-/+ buffers/cache:       1.8G       112M
Swap:         8.0G       361M       7.6G

             total       used       free     shared    buffers     cached
Mem:          2.0G       1.9G        99M       532K       232K       8.0M
-/+ buffers/cache:       1.8G       107M
Swap:         8.0G       361M       7.6G

             total       used       free     shared    buffers     cached
Mem:          2.0G       1.9G        98M       532K       236K       7.9M
-/+ buffers/cache:       1.8G       106M
Swap:         8.0G       360M       7.6G

             total       used       free     shared    buffers     cached
Mem:          2.0G       1.9G        97M       532K       236K       8.0M
-/+ buffers/cache:       1.8G       106M
Swap:         8.0G       360M       7.6G

             total       used       free     shared    buffers     cached
Mem:          2.0G       1.9G        96M       532K       236K       8.0M
-/+ buffers/cache:       1.9G       105M
Swap:         8.0G       359M       7.6G

             total       used       free     shared    buffers     cached
Mem:          2.0G       1.9G        96M       532K       236K       7.9M
-/+ buffers/cache:       1.9G       104M
Swap:         8.0G       358M       7.6G

             total       used       free     shared    buffers     cached
Mem:          2.0G       1.9G        95M       532K       244K       8.0M
-/+ buffers/cache:       1.9G       103M
Swap:         8.0G       358M       7.6G

             total       used       free     shared    buffers     cached
Mem:          2.0G       1.9G        94M       532K       244K       8.0M
-/+ buffers/cache:       1.9G       102M
Swap:         8.0G       357M       7.6G

             total       used       free     shared    buffers     cached
Mem:          2.0G       1.9G        93M       532K       244K       7.9M
-/+ buffers/cache:       1.9G       101M
Swap:         8.0G       356M       7.6G

             total       used       free     shared    buffers     cached
Mem:          2.0G       1.9G        92M       532K       244K       7.9M
-/+ buffers/cache:       1.9G       100M
Swap:         8.0G       355M       7.6G

             total       used       free     shared    buffers     cached
Mem:          2.0G       1.9G        91M       532K       244K       8.0M
-/+ buffers/cache:       1.9G       100M
Swap:         8.0G       355M       7.7G

             total       used       free     shared    buffers     cached
Mem:          2.0G       1.9G        90M       532K       252K       7.9M
-/+ buffers/cache:       1.9G        99M
Swap:         8.0G       354M       7.7G

             total       used       free     shared    buffers     cached
Mem:          2.0G       1.9G        85M       532K       252K        11M
-/+ buffers/cache:       1.9G        97M
Swap:         8.0G       353M       7.7G

             total       used       free     shared    buffers     cached
Mem:          2.0G       1.9G        84M       536K       252K        11M
-/+ buffers/cache:       1.9G        96M
Swap:         8.0G       352M       7.7G

             total       used       free     shared    buffers     cached
Mem:          2.0G       1.9G        83M       536K       252K        11M
-/+ buffers/cache:       1.9G        95M
Swap:         8.0G       351M       7.7G

             total       used       free     shared    buffers     cached
Mem:          2.0G       1.9G        83M       536K       252K        11M
-/+ buffers/cache:       1.9G        94M
Swap:         8.0G       350M       7.7G

             total       used       free     shared    buffers     cached
Mem:          2.0G       1.9G        82M       536K       252K        11M
-/+ buffers/cache:       1.9G        93M
Swap:         8.0G       349M       7.7G

             total       used       free     shared    buffers     cached
Mem:          2.0G       1.9G        81M       536K       260K        11M
-/+ buffers/cache:       1.9G        93M
Swap:         8.0G       348M       7.7G

             total       used       free     shared    buffers     cached
Mem:          2.0G       1.9G        80M       536K       548K        11M
-/+ buffers/cache:       1.9G        92M
Swap:         8.0G       348M       7.7G

             total       used       free     shared    buffers     cached
Mem:          2.0G       1.9G        76M       536K        88K        29M
-/+ buffers/cache:       1.9G       105M
Swap:         8.0G       338M       7.7G

             total       used       free     shared    buffers     cached
Mem:          2.0G       1.9G        74M       536K        96K        29M
-/+ buffers/cache:       1.9G       104M
Swap:         8.0G       337M       7.7G

             total       used       free     shared    buffers     cached
Mem:          2.0G       1.9G        73M       536K       112K        29M
-/+ buffers/cache:       1.9G       102M
Swap:         8.0G       336M       7.7G

             total       used       free     shared    buffers     cached
Mem:          2.0G       1.9G        72M       536K       120K        29M
-/+ buffers/cache:       1.9G       101M
Swap:         8.0G       335M       7.7G

             total       used       free     shared    buffers     cached
Mem:          2.0G       1.9G        71M       536K       120K        29M
-/+ buffers/cache:       1.9G       101M
Swap:         8.0G       335M       7.7G

             total       used       free     shared    buffers     cached
Mem:          2.0G       1.9G        88M       536K       120K        29M
-/+ buffers/cache:       1.8G       118M
Swap:         8.0G       367M       7.6G

             total       used       free     shared    buffers     cached
Mem:          2.0G       1.9G        86M       536K       576K        29M
-/+ buffers/cache:       1.8G       116M
Swap:         8.0G       367M       7.6G

             total       used       free     shared    buffers     cached
Mem:          2.0G       1.9G        85M       536K       576K        29M
-/+ buffers/cache:       1.8G       115M
Swap:         8.0G       366M       7.6G

             total       used       free     shared    buffers     cached
Mem:          2.0G       1.9G        84M       536K       576K        29M
-/+ buffers/cache:       1.8G       114M
Swap:         8.0G       365M       7.6G

             total       used       free     shared    buffers     cached
Mem:          2.0G       1.9G        83M       536K       584K        29M
-/+ buffers/cache:       1.8G       113M
Swap:         8.0G       365M       7.6G

             total       used       free     shared    buffers     cached
Mem:          2.0G       1.9G        82M       536K       584K        29M
-/+ buffers/cache:       1.8G       112M
Swap:         8.0G       364M       7.6G

             total       used       free     shared    buffers     cached
Mem:          2.0G       1.9G        81M       536K       584K        29M
-/+ buffers/cache:       1.8G       111M
Swap:         8.0G       363M       7.6G

             total       used       free     shared    buffers     cached
Mem:          2.0G       1.9G        80M       536K       584K        29M
-/+ buffers/cache:       1.8G       110M
Swap:         8.0G       362M       7.6G

             total       used       free     shared    buffers     cached
Mem:          2.0G       1.9G        79M       536K       584K        29M
-/+ buffers/cache:       1.8G       109M
Swap:         8.0G       362M       7.6G

             total       used       free     shared    buffers     cached
Mem:          2.0G       1.9G        78M       536K       592K        29M
-/+ buffers/cache:       1.8G       108M
Swap:         8.0G       361M       7.6G

             total       used       free     shared    buffers     cached
Mem:          2.0G       1.9G        77M       536K       592K        29M
-/+ buffers/cache:       1.8G       107M
Swap:         8.0G       360M       7.6G

             total       used       free     shared    buffers     cached
Mem:          2.0G       1.9G        76M       536K       592K        29M
-/+ buffers/cache:       1.8G       106M
Swap:         8.0G       359M       7.6G

             total       used       free     shared    buffers     cached
Mem:          2.0G       1.9G        75M       536K       592K        29M
-/+ buffers/cache:       1.9G       105M
Swap:         8.0G       359M       7.6G

             total       used       free     shared    buffers     cached
Mem:          2.0G       1.9G        73M       536K       592K        29M
-/+ buffers/cache:       1.9G       104M
Swap:         8.0G       358M       7.6G

             total       used       free     shared    buffers     cached
Mem:          2.0G       1.9G        72M       536K       592K        29M
-/+ buffers/cache:       1.9G       103M
Swap:         8.0G       357M       7.6G

             total       used       free     shared    buffers     cached
Mem:          2.0G       1.9G        71M       536K       600K        29M
-/+ buffers/cache:       1.9G       101M
Swap:         8.0G       356M       7.6G

             total       used       free     shared    buffers     cached
Mem:          2.0G       1.9G        70M       536K       600K        29M
-/+ buffers/cache:       1.9G       101M
Swap:         8.0G       356M       7.6G

             total       used       free     shared    buffers     cached
Mem:          2.0G       1.9G        69M       536K       600K        29M
-/+ buffers/cache:       1.9G       100M
Swap:         8.0G       355M       7.6G

             total       used       free     shared    buffers     cached
Mem:          2.0G       1.9G        68M       536K       600K        29M
-/+ buffers/cache:       1.9G        98M
Swap:         8.0G       354M       7.7G

             total       used       free     shared    buffers     cached
Mem:          2.0G       1.9G        67M       536K       600K        29M
-/+ buffers/cache:       1.9G        97M
Swap:         8.0G       353M       7.7G

             total       used       free     shared    buffers     cached
Mem:          2.0G       1.9G        66M       536K       608K        29M
-/+ buffers/cache:       1.9G        96M
Swap:         8.0G       353M       7.7G

             total       used       free     shared    buffers     cached
Mem:          2.0G       1.9G        65M       536K       608K        29M
-/+ buffers/cache:       1.9G        96M
Swap:         8.0G       352M       7.7G

             total       used       free     shared    buffers     cached
Mem:          2.0G       1.9G        64M       536K       608K        29M
-/+ buffers/cache:       1.9G        94M
Swap:         8.0G       351M       7.7G

             total       used       free     shared    buffers     cached
Mem:          2.0G       1.9G        76M       536K       608K        28M
-/+ buffers/cache:       1.8G       105M
Swap:         8.0G       351M       7.7G

             total       used       free     shared    buffers     cached
Mem:          2.0G       1.9G        75M       536K       608K        28M
-/+ buffers/cache:       1.9G       104M
Swap:         8.0G       350M       7.7G

             total       used       free     shared    buffers     cached
Mem:          2.0G       1.9G        74M       536K       608K        28M
-/+ buffers/cache:       1.9G       103M
Swap:         8.0G       349M       7.7G

             total       used       free     shared    buffers     cached
Mem:          2.0G       1.9G        73M       536K       616K        28M
-/+ buffers/cache:       1.9G       102M
Swap:         8.0G       349M       7.7G

             total       used       free     shared    buffers     cached
Mem:          2.0G       1.9G        72M       536K       616K        28M
-/+ buffers/cache:       1.9G       101M
Swap:         8.0G       348M       7.7G

             total       used       free     shared    buffers     cached
Mem:          2.0G       1.9G        71M       536K       616K        28M
-/+ buffers/cache:       1.9G       100M
Swap:         8.0G       347M       7.7G

             total       used       free     shared    buffers     cached
Mem:          2.0G       1.9G        69M       536K       616K        29M
-/+ buffers/cache:       1.9G        99M
Swap:         8.0G       346M       7.7G

             total       used       free     shared    buffers     cached
Mem:          2.0G       1.9G        69M       536K       616K        29M
-/+ buffers/cache:       1.9G        98M
Swap:         8.0G       346M       7.7G

             total       used       free     shared    buffers     cached
Mem:          2.0G       1.9G        68M       536K       624K        29M
-/+ buffers/cache:       1.9G        97M
Swap:         8.0G       345M       7.7G

             total       used       free     shared    buffers     cached
Mem:          2.0G       1.9G        66M       536K       624K        28M
-/+ buffers/cache:       1.9G        96M
Swap:         8.0G       344M       7.7G

             total       used       free     shared    buffers     cached
Mem:          2.0G       1.9G        65M       536K       624K        28M
-/+ buffers/cache:       1.9G        95M
Swap:         8.0G       344M       7.7G

             total       used       free     shared    buffers     cached
Mem:          2.0G       1.9G        64M       536K       624K        28M
-/+ buffers/cache:       1.9G        94M
Swap:         8.0G       343M       7.7G

             total       used       free     shared    buffers     cached
Mem:          2.0G       1.9G        77M       536K       624K        27M
-/+ buffers/cache:       1.8G       106M
Swap:         8.0G       364M       7.6G

             total       used       free     shared    buffers     cached
Mem:          2.0G       1.9G        69M       536K       1.9M        32M
-/+ buffers/cache:       1.9G       103M
Swap:         8.0G       363M       7.6G

             total       used       free     shared    buffers     cached
Mem:          2.0G       1.9G        76M       604K       6.3M        35M
-/+ buffers/cache:       1.8G       118M
Swap:         8.0G       382M       7.6G
