             total       used       free     shared    buffers     cached
Mem:          992M       660M       331M       3.2M        38M       289M
-/+ buffers/cache:       332M       659M
Swap:         8.0G         0B       8.0G

             total       used       free     shared    buffers     cached
Mem:          992M       659M       332M       1.4M        38M       287M
-/+ buffers/cache:       333M       659M
Swap:         8.0G         0B       8.0G

             total       used       free     shared    buffers     cached
Mem:          992M       659M       332M       1.4M        38M       287M
-/+ buffers/cache:       332M       659M
Swap:         8.0G         0B       8.0G

             total       used       free     shared    buffers     cached
Mem:          992M       659M       332M       1.4M        38M       287M
-/+ buffers/cache:       332M       659M
Swap:         8.0G         0B       8.0G

             total       used       free     shared    buffers     cached
Mem:          992M       659M       332M       1.4M        38M       287M
-/+ buffers/cache:       332M       659M
Swap:         8.0G         0B       8.0G

             total       used       free     shared    buffers     cached
Mem:          992M       659M       332M       1.4M        38M       287M
-/+ buffers/cache:       332M       659M
Swap:         8.0G         0B       8.0G

             total       used       free     shared    buffers     cached
Mem:          992M       659M       332M       1.4M        38M       287M
-/+ buffers/cache:       332M       659M
Swap:         8.0G         0B       8.0G

             total       used       free     shared    buffers     cached
Mem:          992M       658M       333M       1.4M        38M       288M
-/+ buffers/cache:       332M       659M
Swap:         8.0G         0B       8.0G

             total       used       free     shared    buffers     cached
Mem:          992M       658M       333M       1.4M        38M       288M
-/+ buffers/cache:       332M       660M
Swap:         8.0G         0B       8.0G

             total       used       free     shared    buffers     cached
Mem:          992M       662M       330M       1.4M        38M       288M
-/+ buffers/cache:       335M       656M
Swap:         8.0G         0B       8.0G

             total       used       free     shared    buffers     cached
Mem:          992M       678M       313M       1.4M        38M       288M
-/+ buffers/cache:       352M       640M
Swap:         8.0G         0B       8.0G

             total       used       free     shared    buffers     cached
Mem:          992M       689M       302M       1.4M        38M       288M
-/+ buffers/cache:       362M       629M
Swap:         8.0G         0B       8.0G

             total       used       free     shared    buffers     cached
Mem:          992M       667M       324M       1.4M        38M       289M
-/+ buffers/cache:       340M       652M
Swap:         8.0G         0B       8.0G

             total       used       free     shared    buffers     cached
Mem:          992M       668M       323M       1.4M        38M       289M
-/+ buffers/cache:       340M       651M
Swap:         8.0G         0B       8.0G

             total       used       free     shared    buffers     cached
Mem:          992M       668M       323M       1.4M        38M       289M
-/+ buffers/cache:       340M       651M
Swap:         8.0G         0B       8.0G

             total       used       free     shared    buffers     cached
Mem:          992M       668M       323M       1.4M        38M       289M
-/+ buffers/cache:       340M       651M
Swap:         8.0G         0B       8.0G

             total       used       free     shared    buffers     cached
Mem:          992M       668M       323M       1.4M        38M       289M
-/+ buffers/cache:       340M       651M
Swap:         8.0G         0B       8.0G

             total       used       free     shared    buffers     cached
Mem:          992M       668M       323M       1.4M        38M       289M
-/+ buffers/cache:       340M       651M
Swap:         8.0G         0B       8.0G

             total       used       free     shared    buffers     cached
Mem:          992M       668M       323M       1.4M        38M       289M
-/+ buffers/cache:       340M       651M
Swap:         8.0G         0B       8.0G

             total       used       free     shared    buffers     cached
Mem:          992M       668M       323M       1.4M        38M       289M
-/+ buffers/cache:       340M       651M
Swap:         8.0G         0B       8.0G

             total       used       free     shared    buffers     cached
Mem:          992M       668M       323M       1.4M        38M       289M
-/+ buffers/cache:       340M       651M
Swap:         8.0G         0B       8.0G

             total       used       free     shared    buffers     cached
Mem:          992M       668M       323M       1.4M        38M       289M
-/+ buffers/cache:       340M       651M
Swap:         8.0G         0B       8.0G

             total       used       free     shared    buffers     cached
Mem:          992M       668M       323M       1.4M        38M       289M
-/+ buffers/cache:       340M       651M
Swap:         8.0G         0B       8.0G

             total       used       free     shared    buffers     cached
Mem:          992M       668M       323M       1.4M        38M       289M
-/+ buffers/cache:       340M       651M
Swap:         8.0G         0B       8.0G

             total       used       free     shared    buffers     cached
Mem:          992M       668M       323M       1.4M        38M       289M
-/+ buffers/cache:       340M       651M
Swap:         8.0G         0B       8.0G

             total       used       free     shared    buffers     cached
Mem:          992M       668M       323M       1.4M        38M       289M
-/+ buffers/cache:       340M       651M
Swap:         8.0G         0B       8.0G

             total       used       free     shared    buffers     cached
Mem:          992M       668M       323M       1.4M        38M       289M
-/+ buffers/cache:       340M       651M
Swap:         8.0G         0B       8.0G

             total       used       free     shared    buffers     cached
Mem:          992M       668M       323M       1.4M        38M       289M
-/+ buffers/cache:       340M       651M
Swap:         8.0G         0B       8.0G

             total       used       free     shared    buffers     cached
Mem:          992M       668M       323M       1.4M        38M       289M
-/+ buffers/cache:       340M       651M
Swap:         8.0G         0B       8.0G

             total       used       free     shared    buffers     cached
Mem:          992M       668M       323M       1.4M        38M       289M
-/+ buffers/cache:       340M       651M
Swap:         8.0G         0B       8.0G

             total       used       free     shared    buffers     cached
Mem:          992M       668M       323M       1.4M        38M       289M
-/+ buffers/cache:       340M       651M
Swap:         8.0G         0B       8.0G

             total       used       free     shared    buffers     cached
Mem:          992M       668M       323M       1.4M        38M       289M
-/+ buffers/cache:       340M       651M
Swap:         8.0G         0B       8.0G

             total       used       free     shared    buffers     cached
Mem:          992M       668M       323M       1.4M        38M       289M
-/+ buffers/cache:       340M       651M
Swap:         8.0G         0B       8.0G

             total       used       free     shared    buffers     cached
Mem:          992M       675M       316M       1.4M        38M       289M
-/+ buffers/cache:       347M       644M
Swap:         8.0G         0B       8.0G

             total       used       free     shared    buffers     cached
Mem:          992M       692M       299M       1.4M        38M       289M
-/+ buffers/cache:       364M       627M
Swap:         8.0G         0B       8.0G

             total       used       free     shared    buffers     cached
Mem:          992M       711M       280M       1.4M        38M       289M
-/+ buffers/cache:       383M       608M
Swap:         8.0G         0B       8.0G

             total       used       free     shared    buffers     cached
Mem:          992M       728M       263M       1.4M        38M       289M
-/+ buffers/cache:       400M       591M
Swap:         8.0G         0B       8.0G

             total       used       free     shared    buffers     cached
Mem:          992M       746M       246M       1.4M        38M       289M
-/+ buffers/cache:       417M       574M
Swap:         8.0G         0B       8.0G

             total       used       free     shared    buffers     cached
Mem:          992M       763M       228M       1.4M        38M       289M
-/+ buffers/cache:       435M       556M
Swap:         8.0G         0B       8.0G

             total       used       free     shared    buffers     cached
Mem:          992M       781M       210M       1.4M        38M       289M
-/+ buffers/cache:       453M       539M
Swap:         8.0G         0B       8.0G

             total       used       free     shared    buffers     cached
Mem:          992M       795M       196M       1.4M        38M       289M
-/+ buffers/cache:       467M       524M
Swap:         8.0G         0B       8.0G

             total       used       free     shared    buffers     cached
Mem:          992M       808M       183M       1.4M        38M       289M
-/+ buffers/cache:       480M       511M
Swap:         8.0G         0B       8.0G

             total       used       free     shared    buffers     cached
Mem:          992M       821M       170M       1.4M        38M       289M
-/+ buffers/cache:       493M       498M
Swap:         8.0G         0B       8.0G

             total       used       free     shared    buffers     cached
Mem:          992M       838M       153M       1.4M        38M       289M
-/+ buffers/cache:       510M       481M
Swap:         8.0G         0B       8.0G

             total       used       free     shared    buffers     cached
Mem:          992M       854M       137M       1.4M        38M       289M
-/+ buffers/cache:       526M       465M
Swap:         8.0G         0B       8.0G

             total       used       free     shared    buffers     cached
Mem:          992M       867M       124M       1.4M        38M       289M
-/+ buffers/cache:       539M       452M
Swap:         8.0G         0B       8.0G

             total       used       free     shared    buffers     cached
Mem:          992M       882M       109M       1.4M        38M       289M
-/+ buffers/cache:       554M       437M
Swap:         8.0G         0B       8.0G

             total       used       free     shared    buffers     cached
Mem:          992M       895M        96M       1.4M        38M       289M
-/+ buffers/cache:       567M       424M
Swap:         8.0G         0B       8.0G

             total       used       free     shared    buffers     cached
Mem:          992M       911M        80M       1.4M        38M       289M
-/+ buffers/cache:       583M       408M
Swap:         8.0G         0B       8.0G

             total       used       free     shared    buffers     cached
Mem:          992M       926M        65M       1.4M        38M       289M
-/+ buffers/cache:       598M       393M
Swap:         8.0G         0B       8.0G

             total       used       free     shared    buffers     cached
Mem:          992M       918M        73M       1.4M        17M       288M
-/+ buffers/cache:       613M       379M
Swap:         8.0G         0B       8.0G

             total       used       free     shared    buffers     cached
Mem:          992M       932M        59M       1.4M        17M       288M
-/+ buffers/cache:       627M       365M
Swap:         8.0G         0B       8.0G

             total       used       free     shared    buffers     cached
Mem:          992M       912M        79M       1.4M       9.6M       262M
-/+ buffers/cache:       641M       351M
Swap:         8.0G        76K       8.0G

             total       used       free     shared    buffers     cached
Mem:          992M       926M        65M       1.4M       9.6M       262M
-/+ buffers/cache:       654M       337M
Swap:         8.0G        76K       8.0G

             total       used       free     shared    buffers     cached
Mem:          992M       922M        69M       1.3M       9.6M       243M
-/+ buffers/cache:       669M       322M
Swap:         8.0G       372K       8.0G

             total       used       free     shared    buffers     cached
Mem:          992M       924M        67M       1.2M       9.6M       231M
-/+ buffers/cache:       683M       309M
Swap:         8.0G       4.5M       8.0G

             total       used       free     shared    buffers     cached
Mem:          992M       906M        85M       1.2M       9.6M       205M
-/+ buffers/cache:       691M       300M
Swap:         8.0G       8.7M       8.0G

             total       used       free     shared    buffers     cached
Mem:          992M       920M        71M       1.2M       9.6M       205M
-/+ buffers/cache:       705M       286M
Swap:         8.0G       8.7M       8.0G

             total       used       free     shared    buffers     cached
Mem:          992M       922M        70M       1.2M       2.8M       199M
-/+ buffers/cache:       720M       272M
Swap:         8.0G       8.7M       8.0G

             total       used       free     shared    buffers     cached
Mem:          992M       918M        74M       1.2M       668K       182M
-/+ buffers/cache:       735M       256M
Swap:         8.0G       8.7M       8.0G

             total       used       free     shared    buffers     cached
Mem:          992M       910M        81M       1.2M       196K       160M
-/+ buffers/cache:       749M       243M
Swap:         8.0G       8.7M       8.0G

             total       used       free     shared    buffers     cached
Mem:          992M       924M        67M       1.2M       204K       160M
-/+ buffers/cache:       763M       228M
Swap:         8.0G       8.7M       8.0G

             total       used       free     shared    buffers     cached
Mem:          992M       920M        71M       1.2M       416K       141M
-/+ buffers/cache:       778M       214M
Swap:         8.0G       8.7M       8.0G

             total       used       free     shared    buffers     cached
Mem:          992M       928M        63M       1.2M       416K       141M
-/+ buffers/cache:       786M       206M
Swap:         8.0G       8.7M       8.0G

             total       used       free     shared    buffers     cached
Mem:          992M       926M        65M       1.2M       256K       125M
-/+ buffers/cache:       800M       191M
Swap:         8.0G       8.7M       8.0G

             total       used       free     shared    buffers     cached
Mem:          992M       924M        67M       1.2M       268K       110M
-/+ buffers/cache:       813M       178M
Swap:         8.0G       8.7M       8.0G

             total       used       free     shared    buffers     cached
Mem:          992M       926M        65M       1.2M       268K        97M
-/+ buffers/cache:       828M       163M
Swap:         8.0G       8.7M       8.0G

             total       used       free     shared    buffers     cached
Mem:          992M       909M        82M       1.2M       276K        65M
-/+ buffers/cache:       843M       148M
Swap:         8.0G       8.7M       8.0G

             total       used       free     shared    buffers     cached
Mem:          992M       925M        66M       1.2M       276K        67M
-/+ buffers/cache:       858M       134M
Swap:         8.0G       8.7M       8.0G

             total       used       free     shared    buffers     cached
Mem:          992M       914M        77M       1.2M       3.2M        39M
-/+ buffers/cache:       871M       120M
Swap:         8.0G       8.7M       8.0G

             total       used       free     shared    buffers     cached
Mem:          992M       927M        64M       1.2M       3.2M        39M
-/+ buffers/cache:       884M       107M
Swap:         8.0G       8.7M       8.0G

             total       used       free     shared    buffers     cached
Mem:          992M       915M        76M       1.0M       3.2M        15M
-/+ buffers/cache:       896M        95M
Swap:         8.0G        14M       8.0G

             total       used       free     shared    buffers     cached
Mem:          992M       929M        63M       1.0M       3.2M        15M
-/+ buffers/cache:       910M        81M
Swap:         8.0G        14M       8.0G

             total       used       free     shared    buffers     cached
Mem:          992M       926M        65M       1.0M       120K       5.2M
-/+ buffers/cache:       921M        70M
Swap:         8.0G        16M       8.0G

             total       used       free     shared    buffers     cached
Mem:          992M       927M        64M       692K       100K        19M
-/+ buffers/cache:       908M        83M
Swap:         8.0G        58M       7.9G

             total       used       free     shared    buffers     cached
Mem:          992M       917M        74M       692K       812K       9.8M
-/+ buffers/cache:       906M        85M
Swap:         8.0G        77M       7.9G

             total       used       free     shared    buffers     cached
Mem:          992M       919M        73M       672K       812K       9.9M
-/+ buffers/cache:       908M        83M
Swap:         8.0G        84M       7.9G

             total       used       free     shared    buffers     cached
Mem:          992M       919M        72M       672K       772K       9.0M
-/+ buffers/cache:       909M        82M
Swap:         8.0G        84M       7.9G

             total       used       free     shared    buffers     cached
Mem:          992M       918M        73M       672K       104K       3.8M
-/+ buffers/cache:       914M        77M
Swap:         8.0G        93M       7.9G

             total       used       free     shared    buffers     cached
Mem:          992M       918M        73M       664K       240K       4.1M
-/+ buffers/cache:       914M        77M
Swap:         8.0G       113M       7.9G

             total       used       free     shared    buffers     cached
Mem:          992M       912M        79M       664K       248K       3.6M
-/+ buffers/cache:       909M        83M
Swap:         8.0G       143M       7.9G

             total       used       free     shared    buffers     cached
Mem:          992M       924M        67M       652K       248K       3.6M
-/+ buffers/cache:       921M        71M
Swap:         8.0G       143M       7.9G

             total       used       free     shared    buffers     cached
Mem:          992M       925M        67M       652K       248K       3.6M
-/+ buffers/cache:       921M        70M
Swap:         8.0G       143M       7.9G

             total       used       free     shared    buffers     cached
Mem:          992M       924M        67M       588K       248K       3.3M
-/+ buffers/cache:       921M        71M
Swap:         8.0G       161M       7.8G

             total       used       free     shared    buffers     cached
Mem:          992M       922M        70M       580K       248K       3.2M
-/+ buffers/cache:       918M        73M
Swap:         8.0G       178M       7.8G

             total       used       free     shared    buffers     cached
Mem:          992M       919M        72M       576K       256K       3.3M
-/+ buffers/cache:       916M        76M
Swap:         8.0G       191M       7.8G

             total       used       free     shared    buffers     cached
Mem:          992M       915M        76M       576K       256K       3.2M
-/+ buffers/cache:       912M        79M
Swap:         8.0G       209M       7.8G

             total       used       free     shared    buffers     cached
Mem:          992M       917M        74M       576K       256K       3.1M
-/+ buffers/cache:       914M        77M
Swap:         8.0G       215M       7.8G

             total       used       free     shared    buffers     cached
Mem:          992M       918M        73M       576K       256K       3.1M
-/+ buffers/cache:       915M        76M
Swap:         8.0G       229M       7.8G

             total       used       free     shared    buffers     cached
Mem:          992M       925M        66M       560K       320K       3.1M
-/+ buffers/cache:       921M        70M
Swap:         8.0G       234M       7.8G

             total       used       free     shared    buffers     cached
Mem:          992M       923M        68M       548K       320K       2.9M
-/+ buffers/cache:       920M        71M
Swap:         8.0G       253M       7.7G

             total       used       free     shared    buffers     cached
Mem:          992M       928M        63M       548K       328K       2.9M
-/+ buffers/cache:       925M        66M
Swap:         8.0G       253M       7.7G

             total       used       free     shared    buffers     cached
Mem:          992M       919M        72M       548K       236K       2.8M
-/+ buffers/cache:       916M        75M
Swap:         8.0G       268M       7.7G

             total       used       free     shared    buffers     cached
Mem:          992M       926M        65M       548K       236K       2.8M
-/+ buffers/cache:       923M        68M
Swap:         8.0G       268M       7.7G

             total       used       free     shared    buffers     cached
Mem:          992M       920M        71M       548K       136K       2.8M
-/+ buffers/cache:       917M        74M
Swap:         8.0G       279M       7.7G

             total       used       free     shared    buffers     cached
Mem:          992M       926M        65M       548K       136K       2.8M
-/+ buffers/cache:       923M        68M
Swap:         8.0G       279M       7.7G

             total       used       free     shared    buffers     cached
Mem:          992M       911M        80M       548K       116K       2.6M
-/+ buffers/cache:       908M        83M
Swap:         8.0G       298M       7.7G

             total       used       free     shared    buffers     cached
Mem:          992M       917M        74M       548K       116K       2.6M
-/+ buffers/cache:       914M        77M
Swap:         8.0G       298M       7.7G

             total       used       free     shared    buffers     cached
Mem:          992M       922M        69M       548K       116K       2.6M
-/+ buffers/cache:       920M        72M
Swap:         8.0G       298M       7.7G

             total       used       free     shared    buffers     cached
Mem:          992M       927M        64M       548K       116K       2.6M
-/+ buffers/cache:       925M        67M
Swap:         8.0G       298M       7.7G

             total       used       free     shared    buffers     cached
Mem:          992M       911M        80M       548K       116K       2.4M
-/+ buffers/cache:       909M        83M
Swap:         8.0G       319M       7.7G

             total       used       free     shared    buffers     cached
Mem:          992M       915M        76M       548K       124K       2.4M
-/+ buffers/cache:       913M        78M
Swap:         8.0G       319M       7.7G

             total       used       free     shared    buffers     cached
Mem:          992M       919M        72M       548K       124K       2.4M
-/+ buffers/cache:       917M        74M
Swap:         8.0G       319M       7.7G

             total       used       free     shared    buffers     cached
Mem:          992M       924M        67M       548K       124K       2.4M
-/+ buffers/cache:       922M        69M
Swap:         8.0G       319M       7.7G

             total       used       free     shared    buffers     cached
Mem:          992M       929M        63M       548K       124K       2.4M
-/+ buffers/cache:       926M        65M
Swap:         8.0G       319M       7.7G

             total       used       free     shared    buffers     cached
Mem:          992M       916M        75M         4K       116K       1.7M
-/+ buffers/cache:       914M        77M
Swap:         8.0G       340M       7.7G

             total       used       free     shared    buffers     cached
Mem:          992M       920M        71M         4K       116K       1.8M
-/+ buffers/cache:       919M        73M
Swap:         8.0G       340M       7.7G

             total       used       free     shared    buffers     cached
Mem:          992M       918M        73M         4K        92K       1.6M
-/+ buffers/cache:       917M        74M
Swap:         8.0G       335M       7.7G

             total       used       free     shared    buffers     cached
Mem:          992M       919M        72M         4K        84K       1.6M
-/+ buffers/cache:       917M        74M
Swap:         8.0G       329M       7.7G

             total       used       free     shared    buffers     cached
Mem:          992M       919M        72M         0B        84K       1.5M
-/+ buffers/cache:       917M        74M
Swap:         8.0G       327M       7.7G

             total       used       free     shared    buffers     cached
Mem:          992M       915M        76M         0B        88K       1.4M
-/+ buffers/cache:       914M        77M
Swap:         8.0G       329M       7.7G

             total       used       free     shared    buffers     cached
Mem:          992M       918M        73M         0B        88K       1.4M
-/+ buffers/cache:       917M        75M
Swap:         8.0G       329M       7.7G

             total       used       free     shared    buffers     cached
Mem:          992M       918M        73M         0B        96K       1.3M
-/+ buffers/cache:       917M        74M
Swap:         8.0G       337M       7.7G

             total       used       free     shared    buffers     cached
Mem:          992M       918M        73M         0B        96K       1.4M
-/+ buffers/cache:       917M        74M
Swap:         8.0G       337M       7.7G

             total       used       free     shared    buffers     cached
Mem:          992M       922M        69M         0B        92K       1.4M
-/+ buffers/cache:       921M        71M
Swap:         8.0G       332M       7.7G

             total       used       free     shared    buffers     cached
Mem:          992M       918M        73M         0B        76K       1.3M
-/+ buffers/cache:       917M        75M
Swap:         8.0G       329M       7.7G

             total       used       free     shared    buffers     cached
Mem:          992M       916M        75M         0B        76K       1.3M
-/+ buffers/cache:       915M        76M
Swap:         8.0G       341M       7.7G

             total       used       free     shared    buffers     cached
Mem:          992M       929M        63M         0B        84K       1.3M
-/+ buffers/cache:       927M        64M
Swap:         8.0G       338M       7.7G

             total       used       free     shared    buffers     cached
Mem:          992M       918M        73M         0B        84K       1.3M
-/+ buffers/cache:       916M        75M
Swap:         8.0G       359M       7.6G

             total       used       free     shared    buffers     cached
Mem:          992M       918M        73M         0B        84K       1.7M
-/+ buffers/cache:       917M        75M
Swap:         8.0G       341M       7.7G

             total       used       free     shared    buffers     cached
Mem:          992M       923M        68M         0B        84K       1.7M
-/+ buffers/cache:       921M        70M
Swap:         8.0G       339M       7.7G

             total       used       free     shared    buffers     cached
Mem:          992M       914M        77M         0B        84K       1.7M
-/+ buffers/cache:       912M        79M
Swap:         8.0G       362M       7.6G

             total       used       free     shared    buffers     cached
Mem:          992M       921M        71M         0B        84K       1.7M
-/+ buffers/cache:       919M        72M
Swap:         8.0G       362M       7.6G

             total       used       free     shared    buffers     cached
Mem:          992M       925M        66M         0B        92K       1.7M
-/+ buffers/cache:       923M        68M
Swap:         8.0G       362M       7.6G

             total       used       free     shared    buffers     cached
Mem:          992M       919M        72M         0B        88K       1.7M
-/+ buffers/cache:       917M        74M
Swap:         8.0G       363M       7.6G

             total       used       free     shared    buffers     cached
Mem:          992M       925M        66M         0B        88K       1.7M
-/+ buffers/cache:       923M        68M
Swap:         8.0G       363M       7.6G

             total       used       free     shared    buffers     cached
Mem:          992M       916M        75M         0B        84K       1.7M
-/+ buffers/cache:       915M        77M
Swap:         8.0G       383M       7.6G

             total       used       free     shared    buffers     cached
Mem:          992M       922M        69M         0B        84K       1.7M
-/+ buffers/cache:       920M        71M
Swap:         8.0G       383M       7.6G

             total       used       free     shared    buffers     cached
Mem:          992M       924M        67M         0B        92K       2.1M
-/+ buffers/cache:       922M        69M
Swap:         8.0G       382M       7.6G

             total       used       free     shared    buffers     cached
Mem:          992M       927M        64M         0B       224K       2.9M
-/+ buffers/cache:       924M        67M
Swap:         8.0G       381M       7.6G

             total       used       free     shared    buffers     cached
Mem:          992M       911M        80M         0B       224K       2.8M
-/+ buffers/cache:       908M        83M
Swap:         8.0G       398M       7.6G

             total       used       free     shared    buffers     cached
Mem:          992M       913M        78M         0B       224K       2.9M
-/+ buffers/cache:       910M        81M
Swap:         8.0G       397M       7.6G

             total       used       free     shared    buffers     cached
Mem:          992M       916M        76M         0B       224K       2.9M
-/+ buffers/cache:       913M        79M
Swap:         8.0G       396M       7.6G

             total       used       free     shared    buffers     cached
Mem:          992M       918M        73M         0B       232K       3.0M
-/+ buffers/cache:       915M        76M
Swap:         8.0G       395M       7.6G

             total       used       free     shared    buffers     cached
Mem:          992M       907M        84M         0B        92K        20M
-/+ buffers/cache:       886M       105M
Swap:         8.0G       439M       7.6G

             total       used       free     shared    buffers     cached
Mem:          992M       910M        81M         0B       512K        20M
-/+ buffers/cache:       889M       102M
Swap:         8.0G       438M       7.6G

             total       used       free     shared    buffers     cached
Mem:          992M       912M        79M         0B       512K        20M
-/+ buffers/cache:       891M       100M
Swap:         8.0G       437M       7.6G

             total       used       free     shared    buffers     cached
Mem:          992M       914M        77M         0B       516K        20M
-/+ buffers/cache:       893M        98M
Swap:         8.0G       436M       7.6G

             total       used       free     shared    buffers     cached
Mem:          992M       916M        75M         0B       516K        20M
-/+ buffers/cache:       895M        96M
Swap:         8.0G       435M       7.6G

             total       used       free     shared    buffers     cached
Mem:          992M       918M        73M         0B       524K        20M
-/+ buffers/cache:       897M        94M
Swap:         8.0G       434M       7.6G

             total       used       free     shared    buffers     cached
Mem:          992M       921M        70M         0B       524K        20M
-/+ buffers/cache:       900M        91M
Swap:         8.0G       433M       7.6G

             total       used       free     shared    buffers     cached
Mem:          992M       923M        68M         0B       524K        20M
-/+ buffers/cache:       902M        89M
Swap:         8.0G       432M       7.6G

             total       used       free     shared    buffers     cached
Mem:          992M       926M        65M         0B       524K        20M
-/+ buffers/cache:       905M        86M
Swap:         8.0G       431M       7.6G

             total       used       free     shared    buffers     cached
Mem:          992M       928M        63M         0B       524K        20M
-/+ buffers/cache:       907M        84M
Swap:         8.0G       430M       7.6G

             total       used       free     shared    buffers     cached
Mem:          992M       913M        78M         0B       532K        20M
-/+ buffers/cache:       893M        98M
Swap:         8.0G       429M       7.6G

             total       used       free     shared    buffers     cached
Mem:          992M       916M        75M         0B       532K        20M
-/+ buffers/cache:       895M        96M
Swap:         8.0G       428M       7.6G

             total       used       free     shared    buffers     cached
Mem:          992M       918M        73M         0B       532K        20M
-/+ buffers/cache:       897M        94M
Swap:         8.0G       427M       7.6G

             total       used       free     shared    buffers     cached
Mem:          992M       921M        71M         0B       532K        20M
-/+ buffers/cache:       900M        91M
Swap:         8.0G       426M       7.6G

             total       used       free     shared    buffers     cached
Mem:          992M       923M        68M         0B       532K        20M
-/+ buffers/cache:       902M        89M
Swap:         8.0G       425M       7.6G

             total       used       free     shared    buffers     cached
Mem:          992M       925M        66M         0B       540K        20M
-/+ buffers/cache:       904M        87M
Swap:         8.0G       424M       7.6G

             total       used       free     shared    buffers     cached
Mem:          992M       928M        64M         0B       540K        20M
-/+ buffers/cache:       907M        84M
Swap:         8.0G       423M       7.6G

             total       used       free     shared    buffers     cached
Mem:          992M       909M        82M         0B       540K        19M
-/+ buffers/cache:       889M       102M
Swap:         8.0G       446M       7.6G

             total       used       free     shared    buffers     cached
Mem:          992M       911M        80M         0B       540K        19M
-/+ buffers/cache:       892M       100M
Swap:         8.0G       445M       7.6G

             total       used       free     shared    buffers     cached
Mem:          992M       914M        78M         0B       540K        19M
-/+ buffers/cache:       894M        97M
Swap:         8.0G       444M       7.6G

             total       used       free     shared    buffers     cached
Mem:          992M       916M        75M         0B       540K        19M
-/+ buffers/cache:       896M        95M
Swap:         8.0G       443M       7.6G

             total       used       free     shared    buffers     cached
Mem:          992M       918M        73M         0B       548K        19M
-/+ buffers/cache:       898M        93M
Swap:         8.0G       442M       7.6G

             total       used       free     shared    buffers     cached
Mem:          992M       921M        71M         0B       548K        19M
-/+ buffers/cache:       901M        91M
Swap:         8.0G       441M       7.6G

             total       used       free     shared    buffers     cached
Mem:          992M       923M        68M         0B       548K        19M
-/+ buffers/cache:       903M        88M
Swap:         8.0G       440M       7.6G

             total       used       free     shared    buffers     cached
Mem:          992M       925M        66M         0B       548K        19M
-/+ buffers/cache:       905M        86M
Swap:         8.0G       439M       7.6G

             total       used       free     shared    buffers     cached
Mem:          992M       928M        64M         0B       548K        19M
-/+ buffers/cache:       908M        84M
Swap:         8.0G       438M       7.6G

             total       used       free     shared    buffers     cached
Mem:          992M       914M        78M         0B       548K        18M
-/+ buffers/cache:       895M        96M
Swap:         8.0G       449M       7.6G

             total       used       free     shared    buffers     cached
Mem:          992M       916M        75M         0B       548K        18M
-/+ buffers/cache:       897M        94M
Swap:         8.0G       448M       7.6G

             total       used       free     shared    buffers     cached
Mem:          992M       918M        73M         0B       548K        18M
-/+ buffers/cache:       900M        92M
Swap:         8.0G       447M       7.6G

             total       used       free     shared    buffers     cached
Mem:          992M       921M        71M         0B       548K        18M
-/+ buffers/cache:       902M        89M
Swap:         8.0G       446M       7.6G

             total       used       free     shared    buffers     cached
Mem:          992M       923M        68M         0B       548K        18M
-/+ buffers/cache:       904M        87M
Swap:         8.0G       445M       7.6G

             total       used       free     shared    buffers     cached
Mem:          992M       925M        67M         0B       556K        18M
-/+ buffers/cache:       906M        85M
Swap:         8.0G       444M       7.6G

             total       used       free     shared    buffers     cached
Mem:          992M       927M        65M         0B       556K        18M
-/+ buffers/cache:       908M        83M
Swap:         8.0G       443M       7.6G

             total       used       free     shared    buffers     cached
Mem:          992M       929M        62M         0B       556K        18M
-/+ buffers/cache:       910M        81M
Swap:         8.0G       442M       7.6G

             total       used       free     shared    buffers     cached
Mem:          992M       914M        77M         0B       552K        15M
-/+ buffers/cache:       898M        93M
Swap:         8.0G       462M       7.5G

             total       used       free     shared    buffers     cached
Mem:          992M       916M        75M         0B       552K        15M
-/+ buffers/cache:       900M        91M
Swap:         8.0G       461M       7.5G

             total       used       free     shared    buffers     cached
Mem:          992M       919M        73M         0B       552K        15M
-/+ buffers/cache:       902M        89M
Swap:         8.0G       460M       7.5G

             total       used       free     shared    buffers     cached
Mem:          992M       921M        70M         0B       560K        15M
-/+ buffers/cache:       904M        87M
Swap:         8.0G       459M       7.5G

             total       used       free     shared    buffers     cached
Mem:          992M       923M        69M         0B       560K        15M
-/+ buffers/cache:       906M        85M
Swap:         8.0G       458M       7.5G

             total       used       free     shared    buffers     cached
Mem:          992M       925M        66M         0B       560K        15M
-/+ buffers/cache:       908M        83M
Swap:         8.0G       457M       7.6G

             total       used       free     shared    buffers     cached
Mem:          992M       927M        64M         0B       568K        16M
-/+ buffers/cache:       910M        82M
Swap:         8.0G       456M       7.6G

             total       used       free     shared    buffers     cached
Mem:          992M       928M        63M         0B       568K        16M
-/+ buffers/cache:       911M        80M
Swap:         8.0G       456M       7.6G

             total       used       free     shared    buffers     cached
Mem:          992M       915M        76M         0B       532K       9.7M
-/+ buffers/cache:       905M        86M
Swap:         8.0G       455M       7.6G

             total       used       free     shared    buffers     cached
Mem:          992M       916M        75M         0B       796K       9.7M
-/+ buffers/cache:       906M        85M
Swap:         8.0G       455M       7.6G

             total       used       free     shared    buffers     cached
Mem:          992M       918M        74M         0B       796K       9.8M
-/+ buffers/cache:       907M        84M
Swap:         8.0G       454M       7.6G

             total       used       free     shared    buffers     cached
Mem:          992M       918M        73M         0B       800K       9.7M
-/+ buffers/cache:       908M        83M
Swap:         8.0G       454M       7.6G

             total       used       free     shared    buffers     cached
Mem:          992M       922M        69M         0B       1.1M        10M
-/+ buffers/cache:       910M        81M
Swap:         8.0G       453M       7.6G

             total       used       free     shared    buffers     cached
Mem:          992M       911M        80M        16K       684K        22M
-/+ buffers/cache:       887M       104M
Swap:         8.0G       478M       7.5G

             total       used       free     shared    buffers     cached
Mem:          992M       905M        86M        16K       688K        26M
-/+ buffers/cache:       877M       114M
Swap:         8.0G       490M       7.5G

             total       used       free     shared    buffers     cached
Mem:          992M       906M        85M        16K       688K        26M
-/+ buffers/cache:       879M       112M
Swap:         8.0G       489M       7.5G

             total       used       free     shared    buffers     cached
Mem:          992M       908M        84M        16K       688K        26M
-/+ buffers/cache:       880M       111M
Swap:         8.0G       489M       7.5G

             total       used       free     shared    buffers     cached
Mem:          992M       909M        82M        16K       688K        26M
-/+ buffers/cache:       882M       110M
Swap:         8.0G       488M       7.5G

             total       used       free     shared    buffers     cached
Mem:          992M       910M        81M        16K       688K        26M
-/+ buffers/cache:       883M       108M
Swap:         8.0G       487M       7.5G

             total       used       free     shared    buffers     cached
Mem:          992M       912M        80M        16K       696K        26M
-/+ buffers/cache:       884M       107M
Swap:         8.0G       487M       7.5G

             total       used       free     shared    buffers     cached
Mem:          992M       913M        78M        16K       696K        26M
-/+ buffers/cache:       886M       106M
Swap:         8.0G       486M       7.5G

             total       used       free     shared    buffers     cached
Mem:          992M       916M        75M        16K       696K        27M
-/+ buffers/cache:       888M       104M
Swap:         8.0G       485M       7.5G

             total       used       free     shared    buffers     cached
Mem:          992M       917M        74M        16K       696K        27M
-/+ buffers/cache:       889M       102M
Swap:         8.0G       484M       7.5G

             total       used       free     shared    buffers     cached
Mem:          992M       919M        72M        16K       696K        27M
-/+ buffers/cache:       890M       101M
Swap:         8.0G       483M       7.5G

             total       used       free     shared    buffers     cached
Mem:          992M       920M        71M        16K       704K        27M
-/+ buffers/cache:       892M        99M
Swap:         8.0G       483M       7.5G

             total       used       free     shared    buffers     cached
Mem:          992M       922M        70M        16K       704K        27M
-/+ buffers/cache:       893M        98M
Swap:         8.0G       482M       7.5G

             total       used       free     shared    buffers     cached
Mem:          992M       914M        77M        16K       704K        31M
-/+ buffers/cache:       881M       110M
Swap:         8.0G       504M       7.5G

             total       used       free     shared    buffers     cached
Mem:          992M       920M        71M        16K       2.2M        34M
-/+ buffers/cache:       883M       108M
Swap:         8.0G       503M       7.5G

             total       used       free     shared    buffers     cached
Mem:          992M       921M        70M        20K       2.2M        34M
-/+ buffers/cache:       885M       107M
Swap:         8.0G       503M       7.5G

             total       used       free     shared    buffers     cached
Mem:          992M       923M        69M        20K       2.2M        34M
-/+ buffers/cache:       886M       105M
Swap:         8.0G       502M       7.5G

             total       used       free     shared    buffers     cached
Mem:          992M       924M        67M        20K       2.2M        34M
-/+ buffers/cache:       887M       104M
Swap:         8.0G       502M       7.5G

             total       used       free     shared    buffers     cached
Mem:          992M       925M        66M        20K       2.2M        34M
-/+ buffers/cache:       888M       103M
Swap:         8.0G       501M       7.5G

             total       used       free     shared    buffers     cached
Mem:          992M       927M        65M        20K       2.2M        34M
-/+ buffers/cache:       890M       101M
Swap:         8.0G       500M       7.5G

             total       used       free     shared    buffers     cached
Mem:          992M       928M        63M        20K       2.2M        34M
-/+ buffers/cache:       891M       100M
Swap:         8.0G       500M       7.5G

             total       used       free     shared    buffers     cached
Mem:          992M       912M        79M        20K       1.6M        34M
-/+ buffers/cache:       876M       115M
Swap:         8.0G       501M       7.5G

             total       used       free     shared    buffers     cached
Mem:          992M       914M        77M        20K       1.6M        34M
-/+ buffers/cache:       878M       113M
Swap:         8.0G       500M       7.5G

             total       used       free     shared    buffers     cached
Mem:          992M       915M        76M        20K       1.6M        34M
-/+ buffers/cache:       879M       112M
Swap:         8.0G       500M       7.5G

             total       used       free     shared    buffers     cached
Mem:          992M       916M        75M        20K       1.6M        34M
-/+ buffers/cache:       881M       111M
Swap:         8.0G       499M       7.5G

             total       used       free     shared    buffers     cached
Mem:          992M       918M        74M        20K       1.6M        34M
-/+ buffers/cache:       882M       109M
Swap:         8.0G       498M       7.5G

             total       used       free     shared    buffers     cached
Mem:          992M       919M        72M        20K       1.6M        34M
-/+ buffers/cache:       883M       108M
Swap:         8.0G       498M       7.5G

             total       used       free     shared    buffers     cached
Mem:          992M       921M        71M        20K       1.6M        34M
-/+ buffers/cache:       885M       107M
Swap:         8.0G       497M       7.5G

             total       used       free     shared    buffers     cached
Mem:          992M       922M        69M        20K       1.7M        34M
-/+ buffers/cache:       886M       105M
Swap:         8.0G       496M       7.5G

             total       used       free     shared    buffers     cached
Mem:          992M       923M        68M        20K       1.7M        34M
-/+ buffers/cache:       888M       104M
Swap:         8.0G       496M       7.5G

             total       used       free     shared    buffers     cached
Mem:          992M       925M        67M        20K       1.7M        34M
-/+ buffers/cache:       889M       102M
Swap:         8.0G       495M       7.5G

             total       used       free     shared    buffers     cached
Mem:          992M       926M        65M        20K       1.7M        34M
-/+ buffers/cache:       890M       101M
Swap:         8.0G       494M       7.5G

             total       used       free     shared    buffers     cached
Mem:          992M       927M        64M        20K       1.7M        34M
-/+ buffers/cache:       892M       100M
Swap:         8.0G       494M       7.5G

             total       used       free     shared    buffers     cached
Mem:          992M       912M        79M        20K       1.6M        31M
-/+ buffers/cache:       878M       113M
Swap:         8.0G       516M       7.5G

             total       used       free     shared    buffers     cached
Mem:          992M       912M        79M        20K       1.6M        31M
-/+ buffers/cache:       879M       112M
Swap:         8.0G       516M       7.5G

             total       used       free     shared    buffers     cached
Mem:          992M       914M        78M        20K       1.6M        31M
-/+ buffers/cache:       880M       111M
Swap:         8.0G       515M       7.5G

             total       used       free     shared    buffers     cached
Mem:          992M       915M        76M        20K       1.6M        31M
-/+ buffers/cache:       882M       109M
Swap:         8.0G       514M       7.5G

             total       used       free     shared    buffers     cached
Mem:          992M       916M        75M        20K       1.6M        31M
-/+ buffers/cache:       883M       108M
Swap:         8.0G       514M       7.5G

             total       used       free     shared    buffers     cached
Mem:          992M       918M        73M        20K       1.6M        31M
-/+ buffers/cache:       885M       106M
Swap:         8.0G       513M       7.5G

             total       used       free     shared    buffers     cached
Mem:          992M       920M        71M        20K       1.6M        31M
-/+ buffers/cache:       887M       105M
Swap:         8.0G       512M       7.5G

             total       used       free     shared    buffers     cached
Mem:          992M       921M        70M        20K       1.6M        31M
-/+ buffers/cache:       888M       103M
Swap:         8.0G       511M       7.5G

             total       used       free     shared    buffers     cached
Mem:          992M       923M        68M        20K       1.6M        31M
-/+ buffers/cache:       890M       102M
Swap:         8.0G       510M       7.5G

             total       used       free     shared    buffers     cached
Mem:          992M       924M        67M        20K       1.6M        31M
-/+ buffers/cache:       891M       100M
Swap:         8.0G       510M       7.5G

             total       used       free     shared    buffers     cached
Mem:          992M       926M        65M        20K       1.6M        31M
-/+ buffers/cache:       892M        99M
Swap:         8.0G       509M       7.5G

             total       used       free     shared    buffers     cached
Mem:          992M       927M        64M        20K       1.6M        31M
-/+ buffers/cache:       894M        97M
Swap:         8.0G       508M       7.5G

             total       used       free     shared    buffers     cached
Mem:          992M       913M        78M        20K       1.6M        31M
-/+ buffers/cache:       880M       111M
Swap:         8.0G       520M       7.5G

             total       used       free     shared    buffers     cached
Mem:          992M       914M        77M        20K       1.6M        31M
-/+ buffers/cache:       881M       110M
Swap:         8.0G       519M       7.5G

             total       used       free     shared    buffers     cached
Mem:          992M       916M        75M        20K       1.6M        31M
-/+ buffers/cache:       883M       108M
Swap:         8.0G       519M       7.5G

             total       used       free     shared    buffers     cached
Mem:          992M       918M        73M        20K       1.6M        31M
-/+ buffers/cache:       885M       106M
Swap:         8.0G       518M       7.5G

             total       used       free     shared    buffers     cached
Mem:          992M       919M        72M        20K       1.6M        31M
-/+ buffers/cache:       887M       105M
Swap:         8.0G       517M       7.5G

             total       used       free     shared    buffers     cached
Mem:          992M       921M        70M        20K       1.6M        31M
-/+ buffers/cache:       888M       103M
Swap:         8.0G       516M       7.5G

             total       used       free     shared    buffers     cached
Mem:          992M       922M        69M        20K       1.6M        31M
-/+ buffers/cache:       890M       102M
Swap:         8.0G       516M       7.5G

             total       used       free     shared    buffers     cached
Mem:          992M       924M        67M        20K       1.6M        31M
-/+ buffers/cache:       891M       100M
Swap:         8.0G       515M       7.5G

             total       used       free     shared    buffers     cached
Mem:          992M       926M        66M        20K       1.6M        31M
-/+ buffers/cache:       893M        98M
Swap:         8.0G       514M       7.5G

             total       used       free     shared    buffers     cached
Mem:          992M       927M        64M        20K       1.6M        31M
-/+ buffers/cache:       894M        97M
Swap:         8.0G       513M       7.5G

             total       used       free     shared    buffers     cached
Mem:          992M       929M        62M        20K       1.6M        31M
-/+ buffers/cache:       896M        95M
Swap:         8.0G       512M       7.5G

             total       used       free     shared    buffers     cached
Mem:          992M       914M        77M        20K       1.6M        30M
-/+ buffers/cache:       882M       109M
Swap:         8.0G       517M       7.5G

             total       used       free     shared    buffers     cached
Mem:          992M       916M        75M        20K       1.6M        30M
-/+ buffers/cache:       884M       107M
Swap:         8.0G       517M       7.5G

             total       used       free     shared    buffers     cached
Mem:          992M       918M        73M        20K       1.6M        30M
-/+ buffers/cache:       886M       106M
Swap:         8.0G       516M       7.5G

             total       used       free     shared    buffers     cached
Mem:          992M       919M        72M        20K       1.6M        30M
-/+ buffers/cache:       887M       104M
Swap:         8.0G       515M       7.5G

             total       used       free     shared    buffers     cached
Mem:          992M       921M        70M        20K       1.6M        30M
-/+ buffers/cache:       888M       103M
Swap:         8.0G       514M       7.5G

             total       used       free     shared    buffers     cached
Mem:          992M       923M        69M        20K       1.6M        30M
-/+ buffers/cache:       890M       101M
Swap:         8.0G       514M       7.5G

             total       used       free     shared    buffers     cached
Mem:          992M       924M        67M        20K       1.6M        30M
-/+ buffers/cache:       891M       100M
Swap:         8.0G       513M       7.5G

             total       used       free     shared    buffers     cached
Mem:          992M       926M        65M        20K       1.6M        30M
-/+ buffers/cache:       893M        98M
Swap:         8.0G       512M       7.5G

             total       used       free     shared    buffers     cached
Mem:          992M       928M        63M        20K       1.6M        31M
-/+ buffers/cache:       895M        96M
Swap:         8.0G       511M       7.5G

             total       used       free     shared    buffers     cached
Mem:          992M       908M        83M        20K       1.6M        26M
-/+ buffers/cache:       880M       111M
Swap:         8.0G       530M       7.5G

             total       used       free     shared    buffers     cached
Mem:          992M       910M        81M        20K       1.6M        26M
-/+ buffers/cache:       882M       109M
Swap:         8.0G       529M       7.5G

             total       used       free     shared    buffers     cached
Mem:          992M       912M        79M        24K       1.6M        26M
-/+ buffers/cache:       883M       108M
Swap:         8.0G       529M       7.5G

             total       used       free     shared    buffers     cached
Mem:          992M       921M        71M        24K       1.6M        29M
-/+ buffers/cache:       890M       101M
Swap:         8.0G       525M       7.5G

             total       used       free     shared    buffers     cached
Mem:          992M       922M        69M        24K       1.6M        29M
-/+ buffers/cache:       891M       100M
Swap:         8.0G       525M       7.5G

             total       used       free     shared    buffers     cached
Mem:          992M       925M        66M        24K       1.6M        29M
-/+ buffers/cache:       893M        98M
Swap:         8.0G       524M       7.5G

             total       used       free     shared    buffers     cached
Mem:          992M       916M        75M        24K       1.6M        26M
-/+ buffers/cache:       888M       103M
Swap:         8.0G       524M       7.5G

             total       used       free     shared    buffers     cached
Mem:          992M       917M        74M        24K       1.6M        26M
-/+ buffers/cache:       889M       102M
Swap:         8.0G       523M       7.5G

             total       used       free     shared    buffers     cached
Mem:          992M       919M        72M        24K       1.6M        27M
-/+ buffers/cache:       890M       101M
Swap:         8.0G       523M       7.5G

             total       used       free     shared    buffers     cached
Mem:          992M       920M        71M        24K       1.6M        27M
-/+ buffers/cache:       891M       101M
Swap:         8.0G       522M       7.5G

             total       used       free     shared    buffers     cached
Mem:          992M       920M        71M        24K       1.6M        27M
-/+ buffers/cache:       891M       100M
Swap:         8.0G       522M       7.5G

             total       used       free     shared    buffers     cached
Mem:          992M       921M        70M        24K       1.6M        27M
-/+ buffers/cache:       892M        99M
Swap:         8.0G       521M       7.5G

             total       used       free     shared    buffers     cached
Mem:          992M       923M        69M        24K       1.6M        27M
-/+ buffers/cache:       893M        98M
Swap:         8.0G       521M       7.5G

             total       used       free     shared    buffers     cached
Mem:          992M       924M        68M        24K       1.6M        27M
-/+ buffers/cache:       894M        97M
Swap:         8.0G       520M       7.5G

             total       used       free     shared    buffers     cached
Mem:          992M       924M        67M        24K       1.6M        27M
-/+ buffers/cache:       895M        96M
Swap:         8.0G       520M       7.5G

             total       used       free     shared    buffers     cached
Mem:          992M       925M        66M        24K       1.6M        27M
-/+ buffers/cache:       896M        95M
Swap:         8.0G       519M       7.5G

             total       used       free     shared    buffers     cached
Mem:          992M       927M        64M       2.0M       2.6M        48M
-/+ buffers/cache:       876M       116M
Swap:         8.0G       549M       7.5G

             total       used       free     shared    buffers     cached
Mem:          992M       922M        69M       3.9M       5.0M        69M
-/+ buffers/cache:       847M       144M
Swap:         8.0G       576M       7.4G

             total       used       free     shared    buffers     cached
Mem:          992M       923M        68M       224K       5.0M        67M
-/+ buffers/cache:       851M       140M
Swap:         8.0G       576M       7.4G

             total       used       free     shared    buffers     cached
Mem:          992M       915M        77M       252K       4.9M        62M
-/+ buffers/cache:       847M       144M
Swap:         8.0G       583M       7.4G

             total       used       free     shared    buffers     cached
Mem:          992M       916M        75M       252K       4.9M        62M
-/+ buffers/cache:       849M       142M
Swap:         8.0G       583M       7.4G

             total       used       free     shared    buffers     cached
Mem:          992M       917M        74M       252K       4.9M        62M
-/+ buffers/cache:       850M       141M
Swap:         8.0G       582M       7.4G

             total       used       free     shared    buffers     cached
Mem:          992M       919M        73M       252K       4.9M        62M
-/+ buffers/cache:       851M       140M
Swap:         8.0G       581M       7.4G

             total       used       free     shared    buffers     cached
Mem:          992M       920M        71M       252K       4.9M        62M
-/+ buffers/cache:       853M       139M
Swap:         8.0G       581M       7.4G

             total       used       free     shared    buffers     cached
Mem:          992M       923M        69M       252K       5.0M        63M
-/+ buffers/cache:       854M       137M
Swap:         8.0G       580M       7.4G

             total       used       free     shared    buffers     cached
Mem:          992M       925M        67M       252K       5.0M        63M
-/+ buffers/cache:       856M       135M
Swap:         8.0G       579M       7.4G

             total       used       free     shared    buffers     cached
Mem:          992M       926M        65M       252K       5.0M        63M
-/+ buffers/cache:       857M       134M
Swap:         8.0G       578M       7.4G

             total       used       free     shared    buffers     cached
Mem:          992M       928M        64M       252K       5.0M        63M
-/+ buffers/cache:       859M       132M
Swap:         8.0G       578M       7.4G

             total       used       free     shared    buffers     cached
Mem:          992M       916M        75M       252K       3.9M        61M
-/+ buffers/cache:       850M       141M
Swap:         8.0G       590M       7.4G

             total       used       free     shared    buffers     cached
Mem:          992M       917M        74M       252K       3.9M        61M
-/+ buffers/cache:       851M       140M
Swap:         8.0G       589M       7.4G

             total       used       free     shared    buffers     cached
Mem:          992M       918M        73M       252K       3.9M        61M
-/+ buffers/cache:       853M       138M
Swap:         8.0G       589M       7.4G

             total       used       free     shared    buffers     cached
Mem:          992M       920M        71M       252K       3.9M        61M
-/+ buffers/cache:       855M       137M
Swap:         8.0G       588M       7.4G

             total       used       free     shared    buffers     cached
Mem:          992M       922M        70M       252K       3.9M        61M
-/+ buffers/cache:       856M       135M
Swap:         8.0G       587M       7.4G

             total       used       free     shared    buffers     cached
Mem:          992M       923M        68M       252K       3.9M        61M
-/+ buffers/cache:       857M       134M
Swap:         8.0G       586M       7.4G

             total       used       free     shared    buffers     cached
Mem:          992M       924M        67M       252K       3.9M        61M
-/+ buffers/cache:       859M       132M
Swap:         8.0G       585M       7.4G

             total       used       free     shared    buffers     cached
Mem:          992M       926M        65M       252K       4.0M        61M
-/+ buffers/cache:       861M       131M
Swap:         8.0G       585M       7.4G

             total       used       free     shared    buffers     cached
Mem:          992M       927M        64M       252K       4.0M        61M
-/+ buffers/cache:       862M       129M
Swap:         8.0G       584M       7.4G

             total       used       free     shared    buffers     cached
Mem:          992M       929M        62M       252K       4.0M        61M
-/+ buffers/cache:       863M       128M
Swap:         8.0G       583M       7.4G

             total       used       free     shared    buffers     cached
Mem:          992M       918M        73M       252K       3.9M        60M
-/+ buffers/cache:       853M       138M
Swap:         8.0G       588M       7.4G

             total       used       free     shared    buffers     cached
Mem:          992M       919M        72M       252K       3.9M        60M
-/+ buffers/cache:       854M       137M
Swap:         8.0G       587M       7.4G

             total       used       free     shared    buffers     cached
Mem:          992M       921M        71M       252K       3.9M        60M
-/+ buffers/cache:       856M       135M
Swap:         8.0G       587M       7.4G

             total       used       free     shared    buffers     cached
Mem:          992M       922M        69M       252K       3.9M        60M
-/+ buffers/cache:       857M       134M
Swap:         8.0G       586M       7.4G

             total       used       free     shared    buffers     cached
Mem:          992M       923M        68M       252K       3.9M        60M
-/+ buffers/cache:       859M       132M
Swap:         8.0G       586M       7.4G

             total       used       free     shared    buffers     cached
Mem:          992M       925M        66M       252K       3.9M        60M
-/+ buffers/cache:       860M       131M
Swap:         8.0G       585M       7.4G

             total       used       free     shared    buffers     cached
Mem:          992M       926M        65M       252K       3.9M        60M
-/+ buffers/cache:       862M       129M
Swap:         8.0G       584M       7.4G

             total       used       free     shared    buffers     cached
Mem:          992M       928M        63M       252K       3.9M        60M
-/+ buffers/cache:       863M       128M
Swap:         8.0G       583M       7.4G

             total       used       free     shared    buffers     cached
Mem:          992M       921M        70M       304K       6.4M        70M
-/+ buffers/cache:       845M       146M
Swap:         8.0G       596M       7.4G

             total       used       free     shared    buffers     cached
Mem:          992M       917M        75M       296K       8.8M        75M
-/+ buffers/cache:       833M       159M
Swap:         8.0G       612M       7.4G
