             total       used       free     shared    buffers     cached
Mem:          992M       661M       330M       3.2M        38M       289M
-/+ buffers/cache:       333M       658M
Swap:         8.0G         0B       8.0G

             total       used       free     shared    buffers     cached
Mem:          992M       661M       330M       3.2M        38M       290M
-/+ buffers/cache:       332M       659M
Swap:         8.0G         0B       8.0G

             total       used       free     shared    buffers     cached
Mem:          992M       661M       330M       3.2M        38M       290M
-/+ buffers/cache:       332M       659M
Swap:         8.0G         0B       8.0G

             total       used       free     shared    buffers     cached
Mem:          992M       661M       330M       3.2M        38M       290M
-/+ buffers/cache:       332M       659M
Swap:         8.0G         0B       8.0G

             total       used       free     shared    buffers     cached
Mem:          992M       661M       330M       3.2M        38M       290M
-/+ buffers/cache:       332M       659M
Swap:         8.0G         0B       8.0G

             total       used       free     shared    buffers     cached
Mem:          992M       661M       330M       3.2M        38M       289M
-/+ buffers/cache:       332M       659M
Swap:         8.0G         0B       8.0G

             total       used       free     shared    buffers     cached
Mem:          992M       661M       330M       3.2M        38M       290M
-/+ buffers/cache:       332M       659M
Swap:         8.0G         0B       8.0G

             total       used       free     shared    buffers     cached
Mem:          992M       661M       331M       3.2M        38M       290M
-/+ buffers/cache:       332M       659M
Swap:         8.0G         0B       8.0G

             total       used       free     shared    buffers     cached
Mem:          992M       660M       331M       3.2M        38M       290M
-/+ buffers/cache:       332M       660M
Swap:         8.0G         0B       8.0G

             total       used       free     shared    buffers     cached
Mem:          992M       660M       331M       3.2M        38M       290M
-/+ buffers/cache:       331M       660M
Swap:         8.0G         0B       8.0G

             total       used       free     shared    buffers     cached
Mem:          992M       664M       327M       3.2M        38M       290M
-/+ buffers/cache:       335M       656M
Swap:         8.0G         0B       8.0G

             total       used       free     shared    buffers     cached
Mem:          992M       682M       309M       3.2M        38M       290M
-/+ buffers/cache:       353M       638M
Swap:         8.0G         0B       8.0G

             total       used       free     shared    buffers     cached
Mem:          992M       709M       282M       3.2M        38M       290M
-/+ buffers/cache:       380M       611M
Swap:         8.0G         0B       8.0G

             total       used       free     shared    buffers     cached
Mem:          992M       670M       322M       3.2M        38M       291M
-/+ buffers/cache:       339M       652M
Swap:         8.0G         0B       8.0G

             total       used       free     shared    buffers     cached
Mem:          992M       678M       313M       3.2M        38M       291M
-/+ buffers/cache:       348M       644M
Swap:         8.0G         0B       8.0G

             total       used       free     shared    buffers     cached
Mem:          992M       670M       321M       3.2M        38M       291M
-/+ buffers/cache:       340M       652M
Swap:         8.0G         0B       8.0G

             total       used       free     shared    buffers     cached
Mem:          992M       670M       321M       3.2M        38M       291M
-/+ buffers/cache:       340M       652M
Swap:         8.0G         0B       8.0G

             total       used       free     shared    buffers     cached
Mem:          992M       670M       321M       3.2M        38M       291M
-/+ buffers/cache:       340M       652M
Swap:         8.0G         0B       8.0G

             total       used       free     shared    buffers     cached
Mem:          992M       670M       321M       3.2M        38M       291M
-/+ buffers/cache:       340M       652M
Swap:         8.0G         0B       8.0G

             total       used       free     shared    buffers     cached
Mem:          992M       670M       321M       3.2M        38M       291M
-/+ buffers/cache:       340M       652M
Swap:         8.0G         0B       8.0G

             total       used       free     shared    buffers     cached
Mem:          992M       670M       321M       3.2M        38M       291M
-/+ buffers/cache:       340M       652M
Swap:         8.0G         0B       8.0G

             total       used       free     shared    buffers     cached
Mem:          992M       670M       321M       3.2M        38M       291M
-/+ buffers/cache:       340M       651M
Swap:         8.0G         0B       8.0G

             total       used       free     shared    buffers     cached
Mem:          992M       670M       321M       3.2M        38M       291M
-/+ buffers/cache:       340M       651M
Swap:         8.0G         0B       8.0G

             total       used       free     shared    buffers     cached
Mem:          992M       670M       321M       3.2M        38M       291M
-/+ buffers/cache:       340M       651M
Swap:         8.0G         0B       8.0G

             total       used       free     shared    buffers     cached
Mem:          992M       670M       321M       3.2M        38M       291M
-/+ buffers/cache:       340M       651M
Swap:         8.0G         0B       8.0G

             total       used       free     shared    buffers     cached
Mem:          992M       670M       321M       3.2M        38M       291M
-/+ buffers/cache:       340M       651M
Swap:         8.0G         0B       8.0G

             total       used       free     shared    buffers     cached
Mem:          992M       670M       321M       3.2M        38M       291M
-/+ buffers/cache:       340M       651M
Swap:         8.0G         0B       8.0G

             total       used       free     shared    buffers     cached
Mem:          992M       670M       321M       3.2M        38M       291M
-/+ buffers/cache:       340M       651M
Swap:         8.0G         0B       8.0G

             total       used       free     shared    buffers     cached
Mem:          992M       670M       321M       3.2M        38M       291M
-/+ buffers/cache:       340M       651M
Swap:         8.0G         0B       8.0G

             total       used       free     shared    buffers     cached
Mem:          992M       670M       321M       3.2M        38M       291M
-/+ buffers/cache:       340M       651M
Swap:         8.0G         0B       8.0G

             total       used       free     shared    buffers     cached
Mem:          992M       670M       321M       3.2M        38M       291M
-/+ buffers/cache:       340M       651M
Swap:         8.0G         0B       8.0G

             total       used       free     shared    buffers     cached
Mem:          992M       670M       321M       3.2M        38M       291M
-/+ buffers/cache:       340M       651M
Swap:         8.0G         0B       8.0G

             total       used       free     shared    buffers     cached
Mem:          992M       670M       321M       3.2M        38M       291M
-/+ buffers/cache:       340M       651M
Swap:         8.0G         0B       8.0G

             total       used       free     shared    buffers     cached
Mem:          992M       677M       314M       3.2M        38M       291M
-/+ buffers/cache:       346M       645M
Swap:         8.0G         0B       8.0G

             total       used       free     shared    buffers     cached
Mem:          992M       695M       297M       3.2M        38M       291M
-/+ buffers/cache:       364M       627M
Swap:         8.0G         0B       8.0G

             total       used       free     shared    buffers     cached
Mem:          992M       714M       277M       3.2M        38M       291M
-/+ buffers/cache:       383M       608M
Swap:         8.0G         0B       8.0G

             total       used       free     shared    buffers     cached
Mem:          992M       732M       259M       3.2M        38M       291M
-/+ buffers/cache:       401M       590M
Swap:         8.0G         0B       8.0G

             total       used       free     shared    buffers     cached
Mem:          992M       749M       242M       3.2M        38M       291M
-/+ buffers/cache:       418M       573M
Swap:         8.0G         0B       8.0G

             total       used       free     shared    buffers     cached
Mem:          992M       767M       224M       3.2M        38M       291M
-/+ buffers/cache:       436M       555M
Swap:         8.0G         0B       8.0G

             total       used       free     shared    buffers     cached
Mem:          992M       783M       208M       3.2M        38M       291M
-/+ buffers/cache:       453M       538M
Swap:         8.0G         0B       8.0G

             total       used       free     shared    buffers     cached
Mem:          992M       799M       192M       3.2M        38M       291M
-/+ buffers/cache:       469M       522M
Swap:         8.0G         0B       8.0G

             total       used       free     shared    buffers     cached
Mem:          992M       817M       174M       3.2M        38M       291M
-/+ buffers/cache:       487M       505M
Swap:         8.0G         0B       8.0G

             total       used       free     shared    buffers     cached
Mem:          992M       835M       157M       3.2M        38M       291M
-/+ buffers/cache:       504M       487M
Swap:         8.0G         0B       8.0G

             total       used       free     shared    buffers     cached
Mem:          992M       853M       139M       3.2M        38M       291M
-/+ buffers/cache:       522M       469M
Swap:         8.0G         0B       8.0G

             total       used       free     shared    buffers     cached
Mem:          992M       870M       122M       3.2M        38M       291M
-/+ buffers/cache:       539M       452M
Swap:         8.0G         0B       8.0G

             total       used       free     shared    buffers     cached
Mem:          992M       887M       105M       3.2M        38M       291M
-/+ buffers/cache:       556M       435M
Swap:         8.0G         0B       8.0G

             total       used       free     shared    buffers     cached
Mem:          992M       901M        91M       3.2M        38M       291M
-/+ buffers/cache:       570M       421M
Swap:         8.0G         0B       8.0G

             total       used       free     shared    buffers     cached
Mem:          992M       916M        76M       3.2M        38M       291M
-/+ buffers/cache:       585M       406M
Swap:         8.0G         0B       8.0G

             total       used       free     shared    buffers     cached
Mem:          992M       931M        61M       3.2M        38M       291M
-/+ buffers/cache:       600M       391M
Swap:         8.0G         0B       8.0G

             total       used       free     shared    buffers     cached
Mem:          992M       923M        69M       3.2M        17M       290M
-/+ buffers/cache:       615M       376M
Swap:         8.0G         0B       8.0G

             total       used       free     shared    buffers     cached
Mem:          992M       921M        71M       3.2M        10M       281M
-/+ buffers/cache:       629M       362M
Swap:         8.0G         0B       8.0G

             total       used       free     shared    buffers     cached
Mem:          992M       918M        74M       3.2M       9.8M       264M
-/+ buffers/cache:       643M       348M
Swap:         8.0G        76K       8.0G

             total       used       free     shared    buffers     cached
Mem:          992M       931M        61M       3.2M       9.8M       264M
-/+ buffers/cache:       656M       335M
Swap:         8.0G        76K       8.0G

             total       used       free     shared    buffers     cached
Mem:          992M       926M        65M       3.1M       9.8M       246M
-/+ buffers/cache:       670M       321M
Swap:         8.0G       172K       8.0G

             total       used       free     shared    buffers     cached
Mem:          992M       923M        68M       3.0M       9.8M       229M
-/+ buffers/cache:       684M       307M
Swap:         8.0G       3.8M       8.0G

             total       used       free     shared    buffers     cached
Mem:          992M       901M        90M       2.9M       3.0M       204M
-/+ buffers/cache:       693M       298M
Swap:         8.0G       8.5M       8.0G

             total       used       free     shared    buffers     cached
Mem:          992M       916M        76M       2.9M       3.0M       204M
-/+ buffers/cache:       708M       284M
Swap:         8.0G       8.5M       8.0G

             total       used       free     shared    buffers     cached
Mem:          992M       931M        61M       2.9M       3.0M       204M
-/+ buffers/cache:       723M       269M
Swap:         8.0G       8.5M       8.0G

             total       used       free     shared    buffers     cached
Mem:          992M       932M        59M       2.9M       1.9M       193M
-/+ buffers/cache:       737M       255M
Swap:         8.0G       8.5M       8.0G

             total       used       free     shared    buffers     cached
Mem:          992M       933M        58M       2.9M       680K       181M
-/+ buffers/cache:       750M       241M
Swap:         8.0G       8.4M       8.0G

             total       used       free     shared    buffers     cached
Mem:          992M       924M        67M       2.9M       224K       160M
-/+ buffers/cache:       763M       228M
Swap:         8.0G       8.4M       8.0G

             total       used       free     shared    buffers     cached
Mem:          992M       918M        73M       2.9M       232K       141M
-/+ buffers/cache:       776M       215M
Swap:         8.0G       8.4M       8.0G

             total       used       free     shared    buffers     cached
Mem:          992M       926M        65M       2.9M       252K       141M
-/+ buffers/cache:       784M       208M
Swap:         8.0G       8.4M       8.0G

             total       used       free     shared    buffers     cached
Mem:          992M       920M        71M       2.9M        88K       125M
-/+ buffers/cache:       795M       197M
Swap:         8.0G       8.4M       8.0G

             total       used       free     shared    buffers     cached
Mem:          992M       919M        72M       2.9M        88K       111M
-/+ buffers/cache:       807M       184M
Swap:         8.0G       8.4M       8.0G

             total       used       free     shared    buffers     cached
Mem:          992M       932M        59M       2.9M       100K       111M
-/+ buffers/cache:       821M       171M
Swap:         8.0G       8.4M       8.0G

             total       used       free     shared    buffers     cached
Mem:          992M       932M        60M       2.9M       100K        98M
-/+ buffers/cache:       833M       158M
Swap:         8.0G       8.4M       8.0G

             total       used       free     shared    buffers     cached
Mem:          992M       923M        68M       2.9M       112K        77M
-/+ buffers/cache:       845M       146M
Swap:         8.0G       8.4M       8.0G

             total       used       free     shared    buffers     cached
Mem:          992M       917M        75M       2.9M       112K        58M
-/+ buffers/cache:       858M       133M
Swap:         8.0G       8.4M       8.0G

             total       used       free     shared    buffers     cached
Mem:          992M       930M        61M       2.9M       112K        59M
-/+ buffers/cache:       871M       120M
Swap:         8.0G       8.4M       8.0G

             total       used       free     shared    buffers     cached
Mem:          992M       918M        74M       2.9M       2.8M        32M
-/+ buffers/cache:       883M       109M
Swap:         8.0G       9.1M       8.0G

             total       used       free     shared    buffers     cached
Mem:          992M       930M        61M       2.9M       2.8M        32M
-/+ buffers/cache:       896M        96M
Swap:         8.0G       9.1M       8.0G

             total       used       free     shared    buffers     cached
Mem:          992M       930M        61M       2.9M       2.8M        20M
-/+ buffers/cache:       907M        84M
Swap:         8.0G        14M       8.0G

             total       used       free     shared    buffers     cached
Mem:          992M       922M        69M       2.9M       500K       5.7M
-/+ buffers/cache:       916M        75M
Swap:         8.0G        14M       8.0G

             total       used       free     shared    buffers     cached
Mem:          992M       929M        62M       2.7M       504K       5.3M
-/+ buffers/cache:       924M        68M
Swap:         8.0G        23M       8.0G

             total       used       free     shared    buffers     cached
Mem:          992M       930M        61M       2.5M       476K       4.7M
-/+ buffers/cache:       925M        66M
Swap:         8.0G        45M       8.0G

             total       used       free     shared    buffers     cached
Mem:          992M       918M        73M       2.5M       180K       4.7M
-/+ buffers/cache:       913M        78M
Swap:         8.0G        73M       7.9G

             total       used       free     shared    buffers     cached
Mem:          992M       927M        65M       2.4M       188K       4.6M
-/+ buffers/cache:       922M        69M
Swap:         8.0G        76M       7.9G

             total       used       free     shared    buffers     cached
Mem:          992M       928M        63M       2.4M       184K       4.6M
-/+ buffers/cache:       923M        68M
Swap:         8.0G        88M       7.9G

             total       used       free     shared    buffers     cached
Mem:          992M       922M        70M       2.4M       180K       4.6M
-/+ buffers/cache:       917M        74M
Swap:         8.0G       103M       7.9G

             total       used       free     shared    buffers     cached
Mem:          992M       923M        69M       2.4M       176K       4.7M
-/+ buffers/cache:       918M        73M
Swap:         8.0G       137M       7.9G

             total       used       free     shared    buffers     cached
Mem:          992M       923M        68M       2.4M       176K       4.7M
-/+ buffers/cache:       918M        73M
Swap:         8.0G       137M       7.9G

             total       used       free     shared    buffers     cached
Mem:          992M       921M        70M       2.4M       176K       4.6M
-/+ buffers/cache:       916M        75M
Swap:         8.0G       150M       7.9G

             total       used       free     shared    buffers     cached
Mem:          992M       918M        73M       2.4M       184K       4.5M
-/+ buffers/cache:       914M        77M
Swap:         8.0G       165M       7.8G

             total       used       free     shared    buffers     cached
Mem:          992M       912M        79M       2.4M       180K       4.5M
-/+ buffers/cache:       907M        84M
Swap:         8.0G       194M       7.8G

             total       used       free     shared    buffers     cached
Mem:          992M       927M        64M       2.4M       180K       4.5M
-/+ buffers/cache:       923M        69M
Swap:         8.0G       194M       7.8G

             total       used       free     shared    buffers     cached
Mem:          992M       929M        63M       2.4M       180K       4.6M
-/+ buffers/cache:       924M        67M
Swap:         8.0G       194M       7.8G

             total       used       free     shared    buffers     cached
Mem:          992M       928M        63M       2.4M       180K       4.6M
-/+ buffers/cache:       923M        68M
Swap:         8.0G       214M       7.8G

             total       used       free     shared    buffers     cached
Mem:          992M       929M        62M       2.4M       188K       4.6M
-/+ buffers/cache:       924M        67M
Swap:         8.0G       227M       7.8G

             total       used       free     shared    buffers     cached
Mem:          992M       926M        65M       2.3M       188K       4.6M
-/+ buffers/cache:       921M        70M
Swap:         8.0G       243M       7.8G

             total       used       free     shared    buffers     cached
Mem:          992M       925M        67M       2.3M       184K       4.5M
-/+ buffers/cache:       920M        71M
Swap:         8.0G       255M       7.7G

             total       used       free     shared    buffers     cached
Mem:          992M       915M        77M       2.3M       180K       4.5M
-/+ buffers/cache:       910M        81M
Swap:         8.0G       271M       7.7G

             total       used       free     shared    buffers     cached
Mem:          992M       920M        71M       2.3M       180K       4.5M
-/+ buffers/cache:       916M        76M
Swap:         8.0G       271M       7.7G

             total       used       free     shared    buffers     cached
Mem:          992M       926M        65M       2.3M       188K       4.5M
-/+ buffers/cache:       922M        70M
Swap:         8.0G       271M       7.7G

             total       used       free     shared    buffers     cached
Mem:          992M       912M        79M       2.3M       172K       4.5M
-/+ buffers/cache:       907M        84M
Swap:         8.0G       298M       7.7G

             total       used       free     shared    buffers     cached
Mem:          992M       917M        74M       2.3M       172K       4.5M
-/+ buffers/cache:       912M        79M
Swap:         8.0G       298M       7.7G

             total       used       free     shared    buffers     cached
Mem:          992M       922M        69M       2.3M       172K       4.5M
-/+ buffers/cache:       918M        74M
Swap:         8.0G       298M       7.7G

             total       used       free     shared    buffers     cached
Mem:          992M       927M        64M       2.3M       172K       4.5M
-/+ buffers/cache:       923M        69M
Swap:         8.0G       298M       7.7G

             total       used       free     shared    buffers     cached
Mem:          992M       920M        72M       2.3M       168K       4.5M
-/+ buffers/cache:       915M        76M
Swap:         8.0G       308M       7.7G

             total       used       free     shared    buffers     cached
Mem:          992M       924M        68M       2.3M       176K       4.5M
-/+ buffers/cache:       919M        72M
Swap:         8.0G       308M       7.7G

             total       used       free     shared    buffers     cached
Mem:          992M       928M        64M       2.3M       176K       4.5M
-/+ buffers/cache:       923M        68M
Swap:         8.0G       308M       7.7G

             total       used       free     shared    buffers     cached
Mem:          992M       915M        76M       2.3M       168K       4.5M
-/+ buffers/cache:       910M        81M
Swap:         8.0G       326M       7.7G

             total       used       free     shared    buffers     cached
Mem:          992M       919M        72M       2.3M       168K       4.5M
-/+ buffers/cache:       914M        77M
Swap:         8.0G       326M       7.7G

             total       used       free     shared    buffers     cached
Mem:          992M       924M        67M       2.3M       168K       4.5M
-/+ buffers/cache:       919M        72M
Swap:         8.0G       326M       7.7G

             total       used       free     shared    buffers     cached
Mem:          992M       927M        64M       2.3M       176K       4.5M
-/+ buffers/cache:       922M        69M
Swap:         8.0G       326M       7.7G

             total       used       free     shared    buffers     cached
Mem:          992M       917M        74M       2.3M       176K       4.5M
-/+ buffers/cache:       912M        79M
Swap:         8.0G       338M       7.7G

             total       used       free     shared    buffers     cached
Mem:          992M       926M        65M       200K       176K       2.3M
-/+ buffers/cache:       924M        67M
Swap:         8.0G       326M       7.7G

             total       used       free     shared    buffers     cached
Mem:          992M       915M        76M       188K       176K       2.3M
-/+ buffers/cache:       912M        79M
Swap:         8.0G       333M       7.7G

             total       used       free     shared    buffers     cached
Mem:          992M       920M        71M       188K       176K       2.3M
-/+ buffers/cache:       918M        74M
Swap:         8.0G       328M       7.7G

             total       used       free     shared    buffers     cached
Mem:          992M       919M        73M       184K       144K       2.2M
-/+ buffers/cache:       916M        75M
Swap:         8.0G       330M       7.7G

             total       used       free     shared    buffers     cached
Mem:          992M       918M        73M       184K       140K       2.2M
-/+ buffers/cache:       916M        75M
Swap:         8.0G       326M       7.7G

             total       used       free     shared    buffers     cached
Mem:          992M       923M        68M       184K       140K       2.2M
-/+ buffers/cache:       920M        71M
Swap:         8.0G       332M       7.7G

             total       used       free     shared    buffers     cached
Mem:          992M       921M        70M       184K       132K       2.0M
-/+ buffers/cache:       919M        72M
Swap:         8.0G       323M       7.7G

             total       used       free     shared    buffers     cached
Mem:          992M       920M        71M       184K       112K       1.8M
-/+ buffers/cache:       918M        73M
Swap:         8.0G       329M       7.7G

             total       used       free     shared    buffers     cached
Mem:          992M       918M        73M       112K       108K       1.6M
-/+ buffers/cache:       917M        74M
Swap:         8.0G       326M       7.7G

             total       used       free     shared    buffers     cached
Mem:          992M       919M        72M        32K       132K       1.4M
-/+ buffers/cache:       918M        73M
Swap:         8.0G       334M       7.7G

             total       used       free     shared    buffers     cached
Mem:          992M       917M        74M         0B       128K       1.4M
-/+ buffers/cache:       915M        76M
Swap:         8.0G       340M       7.7G

             total       used       free     shared    buffers     cached
Mem:          992M       920M        72M         0B       128K       1.4M
-/+ buffers/cache:       918M        73M
Swap:         8.0G       339M       7.7G

             total       used       free     shared    buffers     cached
Mem:          992M       922M        69M         0B       128K       1.7M
-/+ buffers/cache:       920M        71M
Swap:         8.0G       336M       7.7G

             total       used       free     shared    buffers     cached
Mem:          992M       927M        65M         0B       128K       1.7M
-/+ buffers/cache:       925M        66M
Swap:         8.0G       335M       7.7G

             total       used       free     shared    buffers     cached
Mem:          992M       930M        61M         0B       136K       1.7M
-/+ buffers/cache:       928M        63M
Swap:         8.0G       431M       7.6G

             total       used       free     shared    buffers     cached
Mem:          992M       917M        74M         0B       100K        20M
-/+ buffers/cache:       897M        95M
Swap:         8.0G       434M       7.6G

             total       used       free     shared    buffers     cached
Mem:          992M       920M        71M         0B       108K        20M
-/+ buffers/cache:       899M        92M
Swap:         8.0G       434M       7.6G

             total       used       free     shared    buffers     cached
Mem:          992M       925M        67M         0B       564K        20M
-/+ buffers/cache:       903M        88M
Swap:         8.0G       433M       7.6G

             total       used       free     shared    buffers     cached
Mem:          992M       929M        62M         0B       564K        20M
-/+ buffers/cache:       908M        83M
Swap:         8.0G       433M       7.6G

             total       used       free     shared    buffers     cached
Mem:          992M       911M        80M         0B       572K        20M
-/+ buffers/cache:       890M       101M
Swap:         8.0G       433M       7.6G

             total       used       free     shared    buffers     cached
Mem:          992M       915M        76M         0B       572K        20M
-/+ buffers/cache:       895M        96M
Swap:         8.0G       433M       7.6G

             total       used       free     shared    buffers     cached
Mem:          992M       921M        70M         0B       572K        20M
-/+ buffers/cache:       900M        91M
Swap:         8.0G       433M       7.6G

             total       used       free     shared    buffers     cached
Mem:          992M       925M        66M         0B       572K        20M
-/+ buffers/cache:       905M        86M
Swap:         8.0G       433M       7.6G

             total       used       free     shared    buffers     cached
Mem:          992M       928M        63M         0B       572K        20M
-/+ buffers/cache:       907M        84M
Swap:         8.0G       433M       7.6G

             total       used       free     shared    buffers     cached
Mem:          992M       930M        61M         0B       572K        20M
-/+ buffers/cache:       909M        82M
Swap:         8.0G       431M       7.6G

             total       used       free     shared    buffers     cached
Mem:          992M       919M        72M         0B       580K        20M
-/+ buffers/cache:       899M        93M
Swap:         8.0G       430M       7.6G

             total       used       free     shared    buffers     cached
Mem:          992M       921M        70M         0B       580K        20M
-/+ buffers/cache:       900M        91M
Swap:         8.0G       429M       7.6G

             total       used       free     shared    buffers     cached
Mem:          992M       923M        68M         0B       580K        20M
-/+ buffers/cache:       902M        89M
Swap:         8.0G       428M       7.6G

             total       used       free     shared    buffers     cached
Mem:          992M       924M        67M         0B       580K        20M
-/+ buffers/cache:       903M        88M
Swap:         8.0G       426M       7.6G

             total       used       free     shared    buffers     cached
Mem:          992M       926M        65M         0B       580K        20M
-/+ buffers/cache:       905M        86M
Swap:         8.0G       425M       7.6G

             total       used       free     shared    buffers     cached
Mem:          992M       928M        63M         0B       588K        20M
-/+ buffers/cache:       907M        84M
Swap:         8.0G       424M       7.6G

             total       used       free     shared    buffers     cached
Mem:          992M       930M        62M         0B       588K        20M
-/+ buffers/cache:       909M        82M
Swap:         8.0G       423M       7.6G

             total       used       free     shared    buffers     cached
Mem:          992M       919M        72M         0B       588K        20M
-/+ buffers/cache:       898M        93M
Swap:         8.0G       422M       7.6G

             total       used       free     shared    buffers     cached
Mem:          992M       921M        70M         0B       588K        20M
-/+ buffers/cache:       900M        91M
Swap:         8.0G       421M       7.6G

             total       used       free     shared    buffers     cached
Mem:          992M       923M        68M         0B       588K        20M
-/+ buffers/cache:       902M        89M
Swap:         8.0G       421M       7.6G

             total       used       free     shared    buffers     cached
Mem:          992M       925M        66M         0B       596K        20M
-/+ buffers/cache:       904M        87M
Swap:         8.0G       419M       7.6G

             total       used       free     shared    buffers     cached
Mem:          992M       927M        64M         0B       596K        20M
-/+ buffers/cache:       906M        85M
Swap:         8.0G       418M       7.6G

             total       used       free     shared    buffers     cached
Mem:          992M       929M        62M         0B       596K        20M
-/+ buffers/cache:       908M        83M
Swap:         8.0G       418M       7.6G

             total       used       free     shared    buffers     cached
Mem:          992M       931M        61M         0B       596K        20M
-/+ buffers/cache:       910M        81M
Swap:         8.0G       417M       7.6G

             total       used       free     shared    buffers     cached
Mem:          992M       906M        85M         0B       552K        18M
-/+ buffers/cache:       888M       104M
Swap:         8.0G       435M       7.6G

             total       used       free     shared    buffers     cached
Mem:          992M       908M        83M         0B       552K        18M
-/+ buffers/cache:       890M       102M
Swap:         8.0G       434M       7.6G

             total       used       free     shared    buffers     cached
Mem:          992M       910M        81M         0B       560K        18M
-/+ buffers/cache:       891M       100M
Swap:         8.0G       433M       7.6G

             total       used       free     shared    buffers     cached
Mem:          992M       912M        79M         0B       560K        18M
-/+ buffers/cache:       893M        98M
Swap:         8.0G       432M       7.6G

             total       used       free     shared    buffers     cached
Mem:          992M       914M        78M         0B       560K        18M
-/+ buffers/cache:       895M        96M
Swap:         8.0G       431M       7.6G

             total       used       free     shared    buffers     cached
Mem:          992M       916M        76M         0B       560K        18M
-/+ buffers/cache:       897M        94M
Swap:         8.0G       430M       7.6G

             total       used       free     shared    buffers     cached
Mem:          992M       917M        74M         0B       560K        18M
-/+ buffers/cache:       898M        93M
Swap:         8.0G       429M       7.6G

             total       used       free     shared    buffers     cached
Mem:          992M       919M        72M         0B       568K        18M
-/+ buffers/cache:       900M        91M
Swap:         8.0G       428M       7.6G

             total       used       free     shared    buffers     cached
Mem:          992M       921M        70M         0B       568K        18M
-/+ buffers/cache:       902M        89M
Swap:         8.0G       427M       7.6G

             total       used       free     shared    buffers     cached
Mem:          992M       922M        69M         0B       568K        18M
-/+ buffers/cache:       903M        88M
Swap:         8.0G       426M       7.6G

             total       used       free     shared    buffers     cached
Mem:          992M       924M        67M         0B       568K        18M
-/+ buffers/cache:       905M        86M
Swap:         8.0G       425M       7.6G

             total       used       free     shared    buffers     cached
Mem:          992M       926M        65M         0B       568K        18M
-/+ buffers/cache:       907M        84M
Swap:         8.0G       424M       7.6G

             total       used       free     shared    buffers     cached
Mem:          992M       928M        63M         0B       576K        18M
-/+ buffers/cache:       909M        82M
Swap:         8.0G       423M       7.6G

             total       used       free     shared    buffers     cached
Mem:          992M       930M        61M         0B       576K        18M
-/+ buffers/cache:       911M        80M
Swap:         8.0G       422M       7.6G

             total       used       free     shared    buffers     cached
Mem:          992M       917M        74M         0B       576K        15M
-/+ buffers/cache:       900M        91M
Swap:         8.0G       441M       7.6G

             total       used       free     shared    buffers     cached
Mem:          992M       919M        72M         0B       576K        15M
-/+ buffers/cache:       902M        89M
Swap:         8.0G       440M       7.6G

             total       used       free     shared    buffers     cached
Mem:          992M       921M        71M         0B       576K        15M
-/+ buffers/cache:       904M        87M
Swap:         8.0G       439M       7.6G

             total       used       free     shared    buffers     cached
Mem:          992M       922M        69M         0B       576K        15M
-/+ buffers/cache:       906M        85M
Swap:         8.0G       438M       7.6G

             total       used       free     shared    buffers     cached
Mem:          992M       924M        67M         0B       584K        15M
-/+ buffers/cache:       908M        83M
Swap:         8.0G       437M       7.6G

             total       used       free     shared    buffers     cached
Mem:          992M       926M        65M         0B       584K        15M
-/+ buffers/cache:       910M        82M
Swap:         8.0G       436M       7.6G

             total       used       free     shared    buffers     cached
Mem:          992M       928M        63M         0B       584K        15M
-/+ buffers/cache:       912M        79M
Swap:         8.0G       435M       7.6G

             total       used       free     shared    buffers     cached
Mem:          992M       931M        61M         0B       584K        15M
-/+ buffers/cache:       914M        77M
Swap:         8.0G       434M       7.6G

             total       used       free     shared    buffers     cached
Mem:          992M       921M        70M         0B       584K        15M
-/+ buffers/cache:       905M        86M
Swap:         8.0G       435M       7.6G

             total       used       free     shared    buffers     cached
Mem:          992M       923M        68M         0B       592K        15M
-/+ buffers/cache:       907M        84M
Swap:         8.0G       434M       7.6G

             total       used       free     shared    buffers     cached
Mem:          992M       925M        66M         0B       592K        15M
-/+ buffers/cache:       909M        82M
Swap:         8.0G       433M       7.6G

             total       used       free     shared    buffers     cached
Mem:          992M       926M        65M         0B       592K        15M
-/+ buffers/cache:       911M        81M
Swap:         8.0G       432M       7.6G

             total       used       free     shared    buffers     cached
Mem:          992M       929M        63M         0B       592K        15M
-/+ buffers/cache:       913M        78M
Swap:         8.0G       431M       7.6G

             total       used       free     shared    buffers     cached
Mem:          992M       931M        61M         0B       592K        15M
-/+ buffers/cache:       915M        76M
Swap:         8.0G       430M       7.6G

             total       used       free     shared    buffers     cached
Mem:          992M       919M        72M         0B       148K       7.2M
-/+ buffers/cache:       911M        80M
Swap:         8.0G       435M       7.6G

             total       used       free     shared    buffers     cached
Mem:          992M       920M        71M         0B       152K       7.2M
-/+ buffers/cache:       913M        78M
Swap:         8.0G       435M       7.6G

             total       used       free     shared    buffers     cached
Mem:          992M       922M        69M         0B       156K       7.2M
-/+ buffers/cache:       915M        77M
Swap:         8.0G       434M       7.6G

             total       used       free     shared    buffers     cached
Mem:          992M       925M        66M         0B       156K       8.6M
-/+ buffers/cache:       916M        75M
Swap:         8.0G       433M       7.6G

             total       used       free     shared    buffers     cached
Mem:          992M       926M        66M         0B       156K       8.6M
-/+ buffers/cache:       917M        74M
Swap:         8.0G       432M       7.6G

             total       used       free     shared    buffers     cached
Mem:          992M       927M        64M         0B       156K       8.6M
-/+ buffers/cache:       918M        73M
Swap:         8.0G       432M       7.6G

             total       used       free     shared    buffers     cached
Mem:          992M       928M        63M         0B       164K       8.6M
-/+ buffers/cache:       919M        72M
Swap:         8.0G       432M       7.6G

             total       used       free     shared    buffers     cached
Mem:          992M       931M        60M         0B       592K       9.5M
-/+ buffers/cache:       921M        70M
Swap:         8.0G       431M       7.6G

             total       used       free     shared    buffers     cached
Mem:          992M       929M        62M         0B       252K        24M
-/+ buffers/cache:       904M        87M
Swap:         8.0G       451M       7.6G

             total       used       free     shared    buffers     cached
Mem:          992M       916M        76M        16K       260K        34M
-/+ buffers/cache:       881M       111M
Swap:         8.0G       476M       7.5G

             total       used       free     shared    buffers     cached
Mem:          992M       917M        74M        16K       712K        34M
-/+ buffers/cache:       882M       109M
Swap:         8.0G       475M       7.5G

             total       used       free     shared    buffers     cached
Mem:          992M       918M        73M        16K       712K        34M
-/+ buffers/cache:       883M       108M
Swap:         8.0G       475M       7.5G

             total       used       free     shared    buffers     cached
Mem:          992M       920M        71M        16K       712K        34M
-/+ buffers/cache:       884M       107M
Swap:         8.0G       474M       7.5G

             total       used       free     shared    buffers     cached
Mem:          992M       921M        70M        16K       712K        34M
-/+ buffers/cache:       885M       106M
Swap:         8.0G       474M       7.5G

             total       used       free     shared    buffers     cached
Mem:          992M       922M        70M        16K       720K        34M
-/+ buffers/cache:       886M       105M
Swap:         8.0G       473M       7.5G

             total       used       free     shared    buffers     cached
Mem:          992M       923M        68M        16K       720K        34M
-/+ buffers/cache:       887M       104M
Swap:         8.0G       473M       7.5G

             total       used       free     shared    buffers     cached
Mem:          992M       924M        67M        16K       720K        34M
-/+ buffers/cache:       889M       103M
Swap:         8.0G       472M       7.5G

             total       used       free     shared    buffers     cached
Mem:          992M       927M        64M        16K       720K        35M
-/+ buffers/cache:       891M       101M
Swap:         8.0G       471M       7.5G

             total       used       free     shared    buffers     cached
Mem:          992M       928M        63M        16K       720K        35M
-/+ buffers/cache:       892M        99M
Swap:         8.0G       471M       7.5G

             total       used       free     shared    buffers     cached
Mem:          992M       930M        62M        16K       728K        35M
-/+ buffers/cache:       893M        98M
Swap:         8.0G       470M       7.5G

             total       used       free     shared    buffers     cached
Mem:          992M       931M        61M        16K       728K        35M
-/+ buffers/cache:       894M        97M
Swap:         8.0G       470M       7.5G

             total       used       free     shared    buffers     cached
Mem:          992M       919M        72M        16K       728K        34M
-/+ buffers/cache:       884M       107M
Swap:         8.0G       485M       7.5G

             total       used       free     shared    buffers     cached
Mem:          992M       921M        70M        16K       728K        34M
-/+ buffers/cache:       885M       106M
Swap:         8.0G       484M       7.5G

             total       used       free     shared    buffers     cached
Mem:          992M       922M        69M        16K       728K        34M
-/+ buffers/cache:       886M       105M
Swap:         8.0G       484M       7.5G

             total       used       free     shared    buffers     cached
Mem:          992M       923M        68M        16K       728K        34M
-/+ buffers/cache:       888M       104M
Swap:         8.0G       483M       7.5G

             total       used       free     shared    buffers     cached
Mem:          992M       924M        67M        16K       736K        34M
-/+ buffers/cache:       889M       103M
Swap:         8.0G       483M       7.5G

             total       used       free     shared    buffers     cached
Mem:          992M       925M        66M        16K       736K        34M
-/+ buffers/cache:       890M       102M
Swap:         8.0G       482M       7.5G

             total       used       free     shared    buffers     cached
Mem:          992M       926M        65M        16K       736K        34M
-/+ buffers/cache:       891M       100M
Swap:         8.0G       481M       7.5G

             total       used       free     shared    buffers     cached
Mem:          992M       928M        64M        16K       736K        34M
-/+ buffers/cache:       892M        99M
Swap:         8.0G       481M       7.5G

             total       used       free     shared    buffers     cached
Mem:          992M       929M        62M        16K       736K        34M
-/+ buffers/cache:       893M        98M
Swap:         8.0G       480M       7.5G

             total       used       free     shared    buffers     cached
Mem:          992M       930M        61M        16K       744K        34M
-/+ buffers/cache:       894M        97M
Swap:         8.0G       480M       7.5G

             total       used       free     shared    buffers     cached
Mem:          992M       918M        73M        16K       744K        34M
-/+ buffers/cache:       883M       108M
Swap:         8.0G       491M       7.5G

             total       used       free     shared    buffers     cached
Mem:          992M       919M        73M        16K       744K        34M
-/+ buffers/cache:       884M       107M
Swap:         8.0G       490M       7.5G

             total       used       free     shared    buffers     cached
Mem:          992M       920M        71M        16K       744K        34M
-/+ buffers/cache:       885M       106M
Swap:         8.0G       490M       7.5G

             total       used       free     shared    buffers     cached
Mem:          992M       921M        70M        16K       744K        34M
-/+ buffers/cache:       886M       105M
Swap:         8.0G       489M       7.5G

             total       used       free     shared    buffers     cached
Mem:          992M       923M        69M        16K       744K        34M
-/+ buffers/cache:       888M       104M
Swap:         8.0G       488M       7.5G

             total       used       free     shared    buffers     cached
Mem:          992M       924M        67M        16K       752K        34M
-/+ buffers/cache:       889M       102M
Swap:         8.0G       488M       7.5G

             total       used       free     shared    buffers     cached
Mem:          992M       925M        66M        16K       752K        34M
-/+ buffers/cache:       890M       101M
Swap:         8.0G       487M       7.5G

             total       used       free     shared    buffers     cached
Mem:          992M       926M        65M        16K       752K        34M
-/+ buffers/cache:       891M       100M
Swap:         8.0G       487M       7.5G

             total       used       free     shared    buffers     cached
Mem:          992M       927M        64M        16K       752K        34M
-/+ buffers/cache:       893M        99M
Swap:         8.0G       486M       7.5G

             total       used       free     shared    buffers     cached
Mem:          992M       929M        62M        16K       752K        34M
-/+ buffers/cache:       894M        97M
Swap:         8.0G       485M       7.5G

             total       used       free     shared    buffers     cached
Mem:          992M       930M        61M        16K       760K        34M
-/+ buffers/cache:       895M        96M
Swap:         8.0G       485M       7.5G

             total       used       free     shared    buffers     cached
Mem:          992M       918M        73M        16K       760K        33M
-/+ buffers/cache:       884M       107M
Swap:         8.0G       495M       7.5G

             total       used       free     shared    buffers     cached
Mem:          992M       919M        72M        16K       760K        33M
-/+ buffers/cache:       885M       106M
Swap:         8.0G       495M       7.5G

             total       used       free     shared    buffers     cached
Mem:          992M       921M        71M        16K       760K        33M
-/+ buffers/cache:       887M       104M
Swap:         8.0G       494M       7.5G

             total       used       free     shared    buffers     cached
Mem:          992M       922M        69M        16K       760K        33M
-/+ buffers/cache:       888M       103M
Swap:         8.0G       493M       7.5G

             total       used       free     shared    buffers     cached
Mem:          992M       924M        68M        16K       760K        33M
-/+ buffers/cache:       890M       101M
Swap:         8.0G       493M       7.5G

             total       used       free     shared    buffers     cached
Mem:          992M       925M        67M        16K       768K        33M
-/+ buffers/cache:       891M       100M
Swap:         8.0G       492M       7.5G

             total       used       free     shared    buffers     cached
Mem:          992M       926M        65M        16K       768K        33M
-/+ buffers/cache:       893M        99M
Swap:         8.0G       491M       7.5G

             total       used       free     shared    buffers     cached
Mem:          992M       928M        63M        16K       768K        33M
-/+ buffers/cache:       894M        97M
Swap:         8.0G       491M       7.5G

             total       used       free     shared    buffers     cached
Mem:          992M       930M        62M        16K       768K        33M
-/+ buffers/cache:       896M        95M
Swap:         8.0G       490M       7.5G

             total       used       free     shared    buffers     cached
Mem:          992M       931M        60M        16K       768K        33M
-/+ buffers/cache:       897M        94M
Swap:         8.0G       489M       7.5G

             total       used       free     shared    buffers     cached
Mem:          992M       910M        82M        16K       572K        28M
-/+ buffers/cache:       880M       111M
Swap:         8.0G       505M       7.5G

             total       used       free     shared    buffers     cached
Mem:          992M       911M        80M        16K       572K        28M
-/+ buffers/cache:       882M       110M
Swap:         8.0G       505M       7.5G

             total       used       free     shared    buffers     cached
Mem:          992M       913M        79M        16K       572K        28M
-/+ buffers/cache:       883M       108M
Swap:         8.0G       504M       7.5G

             total       used       free     shared    buffers     cached
Mem:          992M       914M        77M        16K       572K        29M
-/+ buffers/cache:       885M       106M
Swap:         8.0G       503M       7.5G

             total       used       free     shared    buffers     cached
Mem:          992M       916M        75M        16K       572K        29M
-/+ buffers/cache:       886M       105M
Swap:         8.0G       502M       7.5G

             total       used       free     shared    buffers     cached
Mem:          992M       917M        74M        16K       572K        29M
-/+ buffers/cache:       888M       103M
Swap:         8.0G       502M       7.5G

             total       used       free     shared    buffers     cached
Mem:          992M       919M        72M        16K       580K        28M
-/+ buffers/cache:       889M       102M
Swap:         8.0G       501M       7.5G

             total       used       free     shared    buffers     cached
Mem:          992M       920M        71M        16K       580K        29M
-/+ buffers/cache:       891M       100M
Swap:         8.0G       500M       7.5G

             total       used       free     shared    buffers     cached
Mem:          992M       922M        69M        16K       580K        29M
-/+ buffers/cache:       893M        99M
Swap:         8.0G       499M       7.5G

             total       used       free     shared    buffers     cached
Mem:          992M       924M        67M        16K       580K        29M
-/+ buffers/cache:       894M        97M
Swap:         8.0G       498M       7.5G

             total       used       free     shared    buffers     cached
Mem:          992M       925M        66M        16K       580K        28M
-/+ buffers/cache:       896M        96M
Swap:         8.0G       497M       7.5G

             total       used       free     shared    buffers     cached
Mem:          992M       927M        64M        16K       588K        29M
-/+ buffers/cache:       897M        94M
Swap:         8.0G       497M       7.5G

             total       used       free     shared    buffers     cached
Mem:          992M       928M        63M        16K       588K        29M
-/+ buffers/cache:       899M        92M
Swap:         8.0G       496M       7.5G

             total       used       free     shared    buffers     cached
Mem:          992M       930M        61M        16K       588K        29M
-/+ buffers/cache:       900M        91M
Swap:         8.0G       495M       7.5G

             total       used       free     shared    buffers     cached
Mem:          992M       917M        74M        16K       588K        26M
-/+ buffers/cache:       891M       100M
Swap:         8.0G       505M       7.5G

             total       used       free     shared    buffers     cached
Mem:          992M       919M        72M        16K       588K        26M
-/+ buffers/cache:       892M        99M
Swap:         8.0G       504M       7.5G

             total       used       free     shared    buffers     cached
Mem:          992M       922M        70M        16K       588K        27M
-/+ buffers/cache:       894M        97M
Swap:         8.0G       503M       7.5G

             total       used       free     shared    buffers     cached
Mem:          992M       923M        68M        16K       596K        27M
-/+ buffers/cache:       895M        96M
Swap:         8.0G       502M       7.5G

             total       used       free     shared    buffers     cached
Mem:          992M       925M        66M        16K       596K        27M
-/+ buffers/cache:       897M        94M
Swap:         8.0G       501M       7.5G

             total       used       free     shared    buffers     cached
Mem:          992M       927M        65M        16K       596K        27M
-/+ buffers/cache:       898M        93M
Swap:         8.0G       500M       7.5G

             total       used       free     shared    buffers     cached
Mem:          992M       928M        63M        16K       596K        27M
-/+ buffers/cache:       900M        91M
Swap:         8.0G       500M       7.5G

             total       used       free     shared    buffers     cached
Mem:          992M       922M        69M        16K       732K        24M
-/+ buffers/cache:       897M        94M
Swap:         8.0G       499M       7.5G

             total       used       free     shared    buffers     cached
Mem:          992M       918M        74M        20K       584K        18M
-/+ buffers/cache:       898M        93M
Swap:         8.0G       498M       7.5G

             total       used       free     shared    buffers     cached
Mem:          992M       919M        72M        20K       584K        18M
-/+ buffers/cache:       900M        91M
Swap:         8.0G       497M       7.5G

             total       used       free     shared    buffers     cached
Mem:          992M       921M        70M        20K       584K        18M
-/+ buffers/cache:       902M        90M
Swap:         8.0G       496M       7.5G

             total       used       free     shared    buffers     cached
Mem:          992M       930M        61M        20K       588K        21M
-/+ buffers/cache:       908M        83M
Swap:         8.0G       493M       7.5G

             total       used       free     shared    buffers     cached
Mem:          992M       916M        76M        20K       184K        13M
-/+ buffers/cache:       902M        89M
Swap:         8.0G       507M       7.5G

             total       used       free     shared    buffers     cached
Mem:          992M       917M        74M        20K       188K        13M
-/+ buffers/cache:       904M        87M
Swap:         8.0G       506M       7.5G

             total       used       free     shared    buffers     cached
Mem:          992M       928M        63M        20K       216K        18M
-/+ buffers/cache:       910M        81M
Swap:         8.0G       504M       7.5G

             total       used       free     shared    buffers     cached
Mem:          992M       929M        62M        20K       216K        18M
-/+ buffers/cache:       910M        81M
Swap:         8.0G       503M       7.5G

             total       used       free     shared    buffers     cached
Mem:          992M       930M        61M        20K       220K        18M
-/+ buffers/cache:       911M        80M
Swap:         8.0G       503M       7.5G

             total       used       free     shared    buffers     cached
Mem:          992M       931M        61M        20K       220K        18M
-/+ buffers/cache:       912M        79M
Swap:         8.0G       502M       7.5G

             total       used       free     shared    buffers     cached
Mem:          992M       914M        78M        20K        76K        13M
-/+ buffers/cache:       900M        92M
Swap:         8.0G       505M       7.5G

             total       used       free     shared    buffers     cached
Mem:          992M       914M        77M        20K        84K        13M
-/+ buffers/cache:       900M        91M
Swap:         8.0G       504M       7.5G

             total       used       free     shared    buffers     cached
Mem:          992M       915M        76M        20K        84K        13M
-/+ buffers/cache:       901M        90M
Swap:         8.0G       504M       7.5G

             total       used       free     shared    buffers     cached
Mem:          992M       916M        75M        20K        84K        13M
-/+ buffers/cache:       902M        89M
Swap:         8.0G       503M       7.5G

             total       used       free     shared    buffers     cached
Mem:          992M       917M        74M        20K        84K        13M
-/+ buffers/cache:       903M        88M
Swap:         8.0G       503M       7.5G

             total       used       free     shared    buffers     cached
Mem:          992M       918M        73M        20K        84K        13M
-/+ buffers/cache:       904M        87M
Swap:         8.0G       502M       7.5G

             total       used       free     shared    buffers     cached
Mem:          992M       927M        65M       176K        84K        20M
-/+ buffers/cache:       906M        85M
Swap:         8.0G       501M       7.5G

             total       used       free     shared    buffers     cached
Mem:          992M       930M        61M       3.9M       3.4M        49M
-/+ buffers/cache:       877M       114M
Swap:         8.0G       546M       7.5G

             total       used       free     shared    buffers     cached
Mem:          992M       924M        67M       3.9M       5.2M        65M
-/+ buffers/cache:       853M       138M
Swap:         8.0G       562M       7.4G

             total       used       free     shared    buffers     cached
Mem:          992M       925M        66M       232K       4.4M        62M
-/+ buffers/cache:       858M       133M
Swap:         8.0G       567M       7.4G

             total       used       free     shared    buffers     cached
Mem:          992M       927M        65M       224K       4.4M        62M
-/+ buffers/cache:       860M       131M
Swap:         8.0G       566M       7.4G

             total       used       free     shared    buffers     cached
Mem:          992M       928M        64M       224K       4.4M        62M
-/+ buffers/cache:       861M       130M
Swap:         8.0G       565M       7.4G

             total       used       free     shared    buffers     cached
Mem:          992M       929M        63M       224K       4.4M        62M
-/+ buffers/cache:       862M       129M
Swap:         8.0G       565M       7.4G

             total       used       free     shared    buffers     cached
Mem:          992M       930M        61M       224K       4.4M        62M
-/+ buffers/cache:       863M       128M
Swap:         8.0G       564M       7.4G

             total       used       free     shared    buffers     cached
Mem:          992M       920M        71M       224K       3.6M        59M
-/+ buffers/cache:       857M       135M
Swap:         8.0G       572M       7.4G

             total       used       free     shared    buffers     cached
Mem:          992M       922M        70M       224K       3.6M        59M
-/+ buffers/cache:       858M       133M
Swap:         8.0G       571M       7.4G

             total       used       free     shared    buffers     cached
Mem:          992M       923M        68M       224K       3.6M        59M
-/+ buffers/cache:       860M       132M
Swap:         8.0G       571M       7.4G

             total       used       free     shared    buffers     cached
Mem:          992M       925M        67M       224K       3.6M        59M
-/+ buffers/cache:       861M       130M
Swap:         8.0G       570M       7.4G

             total       used       free     shared    buffers     cached
Mem:          992M       926M        65M       224K       3.6M        59M
-/+ buffers/cache:       862M       129M
Swap:         8.0G       569M       7.4G

             total       used       free     shared    buffers     cached
Mem:          992M       927M        64M       224K       3.7M        59M
-/+ buffers/cache:       864M       127M
Swap:         8.0G       569M       7.4G

             total       used       free     shared    buffers     cached
Mem:          992M       929M        62M       224K       3.7M        59M
-/+ buffers/cache:       865M       126M
Swap:         8.0G       568M       7.4G

             total       used       free     shared    buffers     cached
Mem:          992M       930M        61M       224K       3.7M        59M
-/+ buffers/cache:       867M       125M
Swap:         8.0G       567M       7.4G

             total       used       free     shared    buffers     cached
Mem:          992M       919M        72M       224K       3.7M        59M
-/+ buffers/cache:       856M       135M
Swap:         8.0G       579M       7.4G

             total       used       free     shared    buffers     cached
Mem:          992M       920M        71M       224K       3.7M        59M
-/+ buffers/cache:       857M       134M
Swap:         8.0G       579M       7.4G

             total       used       free     shared    buffers     cached
Mem:          992M       921M        70M       224K       3.7M        59M
-/+ buffers/cache:       858M       133M
Swap:         8.0G       578M       7.4G

             total       used       free     shared    buffers     cached
Mem:          992M       923M        68M       224K       3.7M        59M
-/+ buffers/cache:       860M       131M
Swap:         8.0G       577M       7.4G

             total       used       free     shared    buffers     cached
Mem:          992M       924M        67M       224K       3.7M        59M
-/+ buffers/cache:       861M       130M
Swap:         8.0G       577M       7.4G

             total       used       free     shared    buffers     cached
Mem:          992M       926M        66M       224K       3.7M        59M
-/+ buffers/cache:       863M       129M
Swap:         8.0G       576M       7.4G

             total       used       free     shared    buffers     cached
Mem:          992M       927M        64M       224K       3.7M        59M
-/+ buffers/cache:       864M       127M
Swap:         8.0G       575M       7.4G

             total       used       free     shared    buffers     cached
Mem:          992M       929M        63M       224K       3.7M        59M
-/+ buffers/cache:       865M       126M
Swap:         8.0G       574M       7.4G

             total       used       free     shared    buffers     cached
Mem:          992M       930M        61M       224K       3.7M        59M
-/+ buffers/cache:       867M       124M
Swap:         8.0G       574M       7.4G

             total       used       free     shared    buffers     cached
Mem:          992M       913M        78M       224K       3.7M        58M
-/+ buffers/cache:       851M       140M
Swap:         8.0G       577M       7.4G

             total       used       free     shared    buffers     cached
Mem:          992M       915M        76M       224K       3.7M        58M
-/+ buffers/cache:       852M       139M
Swap:         8.0G       577M       7.4G

             total       used       free     shared    buffers     cached
Mem:          992M       916M        75M       224K       3.7M        58M
-/+ buffers/cache:       854M       137M
Swap:         8.0G       576M       7.4G

             total       used       free     shared    buffers     cached
Mem:          992M       918M        74M       224K       3.7M        58M
-/+ buffers/cache:       855M       136M
Swap:         8.0G       575M       7.4G

             total       used       free     shared    buffers     cached
Mem:          992M       919M        72M       224K       3.7M        58M
-/+ buffers/cache:       857M       134M
Swap:         8.0G       575M       7.4G

             total       used       free     shared    buffers     cached
Mem:          992M       927M        64M       224K       4.8M        62M
-/+ buffers/cache:       860M       131M
Swap:         8.0G       574M       7.4G

             total       used       free     shared    buffers     cached
Mem:          992M       929M        62M       228K       4.8M        62M
-/+ buffers/cache:       861M       130M
Swap:         8.0G       573M       7.4G

             total       used       free     shared    buffers     cached
Mem:          992M       930M        61M       228K       4.8M        62M
-/+ buffers/cache:       863M       128M
Swap:         8.0G       572M       7.4G

             total       used       free     shared    buffers     cached
Mem:          992M       905M        86M       228K       4.8M        60M
-/+ buffers/cache:       840M       151M
Swap:         8.0G       590M       7.4G

             total       used       free     shared    buffers     cached
Mem:          992M       906M        85M       224K       4.8M        60M
-/+ buffers/cache:       841M       150M
Swap:         8.0G       590M       7.4G

             total       used       free     shared    buffers     cached
Mem:          992M       911M        81M       224K       4.8M        63M
-/+ buffers/cache:       843M       148M
Swap:         8.0G       589M       7.4G

             total       used       free     shared    buffers     cached
Mem:          992M       903M        88M       296K       7.7M        69M
-/+ buffers/cache:       826M       166M
Swap:         8.0G       614M       7.4G
