             total       used       free     shared    buffers     cached
Mem:          992M       665M       326M       3.2M        38M       290M
-/+ buffers/cache:       335M       656M
Swap:         8.0G         0B       8.0G

             total       used       free     shared    buffers     cached
Mem:          992M       664M       328M       1.4M        38M       289M
-/+ buffers/cache:       336M       656M
Swap:         8.0G         0B       8.0G

             total       used       free     shared    buffers     cached
Mem:          992M       663M       328M       1.4M        38M       289M
-/+ buffers/cache:       335M       656M
Swap:         8.0G         0B       8.0G

             total       used       free     shared    buffers     cached
Mem:          992M       663M       328M       1.4M        38M       289M
-/+ buffers/cache:       335M       656M
Swap:         8.0G         0B       8.0G

             total       used       free     shared    buffers     cached
Mem:          992M       663M       328M       1.4M        38M       289M
-/+ buffers/cache:       335M       656M
Swap:         8.0G         0B       8.0G

             total       used       free     shared    buffers     cached
Mem:          992M       663M       328M       1.4M        38M       289M
-/+ buffers/cache:       335M       656M
Swap:         8.0G         0B       8.0G

             total       used       free     shared    buffers     cached
Mem:          992M       663M       328M       1.4M        38M       289M
-/+ buffers/cache:       335M       656M
Swap:         8.0G         0B       8.0G

             total       used       free     shared    buffers     cached
Mem:          992M       663M       328M       1.4M        38M       289M
-/+ buffers/cache:       335M       656M
Swap:         8.0G         0B       8.0G

             total       used       free     shared    buffers     cached
Mem:          992M       663M       328M       1.4M        38M       289M
-/+ buffers/cache:       335M       656M
Swap:         8.0G         0B       8.0G

             total       used       free     shared    buffers     cached
Mem:          992M       663M       328M       1.4M        38M       289M
-/+ buffers/cache:       335M       656M
Swap:         8.0G         0B       8.0G

             total       used       free     shared    buffers     cached
Mem:          992M       663M       328M       1.4M        38M       289M
-/+ buffers/cache:       335M       656M
Swap:         8.0G         0B       8.0G

             total       used       free     shared    buffers     cached
Mem:          992M       665M       326M       1.4M        38M       289M
-/+ buffers/cache:       337M       654M
Swap:         8.0G         0B       8.0G

             total       used       free     shared    buffers     cached
Mem:          992M       665M       326M       1.4M        38M       289M
-/+ buffers/cache:       337M       654M
Swap:         8.0G         0B       8.0G

             total       used       free     shared    buffers     cached
Mem:          992M       665M       326M       1.4M        38M       289M
-/+ buffers/cache:       337M       654M
Swap:         8.0G         0B       8.0G

             total       used       free     shared    buffers     cached
Mem:          992M       665M       326M       1.4M        38M       289M
-/+ buffers/cache:       337M       654M
Swap:         8.0G         0B       8.0G

             total       used       free     shared    buffers     cached
Mem:          992M       665M       326M       1.4M        38M       289M
-/+ buffers/cache:       337M       654M
Swap:         8.0G         0B       8.0G

             total       used       free     shared    buffers     cached
Mem:          992M       665M       326M       1.4M        38M       289M
-/+ buffers/cache:       337M       654M
Swap:         8.0G         0B       8.0G

             total       used       free     shared    buffers     cached
Mem:          992M       665M       326M       1.4M        38M       289M
-/+ buffers/cache:       337M       654M
Swap:         8.0G         0B       8.0G

             total       used       free     shared    buffers     cached
Mem:          992M       665M       326M       1.4M        38M       289M
-/+ buffers/cache:       337M       654M
Swap:         8.0G         0B       8.0G

             total       used       free     shared    buffers     cached
Mem:          992M       665M       326M       1.4M        38M       289M
-/+ buffers/cache:       337M       654M
Swap:         8.0G         0B       8.0G

             total       used       free     shared    buffers     cached
Mem:          992M       665M       326M       1.4M        38M       289M
-/+ buffers/cache:       337M       654M
Swap:         8.0G         0B       8.0G

             total       used       free     shared    buffers     cached
Mem:          992M       666M       325M       1.4M        38M       289M
-/+ buffers/cache:       338M       654M
Swap:         8.0G         0B       8.0G

             total       used       free     shared    buffers     cached
Mem:          992M       666M       325M       1.4M        38M       289M
-/+ buffers/cache:       338M       654M
Swap:         8.0G         0B       8.0G

             total       used       free     shared    buffers     cached
Mem:          992M       666M       325M       1.4M        38M       289M
-/+ buffers/cache:       338M       654M
Swap:         8.0G         0B       8.0G

             total       used       free     shared    buffers     cached
Mem:          992M       666M       325M       1.4M        38M       289M
-/+ buffers/cache:       338M       654M
Swap:         8.0G         0B       8.0G

             total       used       free     shared    buffers     cached
Mem:          992M       666M       325M       1.4M        38M       289M
-/+ buffers/cache:       338M       654M
Swap:         8.0G         0B       8.0G

             total       used       free     shared    buffers     cached
Mem:          992M       666M       325M       1.4M        38M       289M
-/+ buffers/cache:       338M       654M
Swap:         8.0G         0B       8.0G

             total       used       free     shared    buffers     cached
Mem:          992M       666M       325M       1.4M        38M       289M
-/+ buffers/cache:       338M       654M
Swap:         8.0G         0B       8.0G

             total       used       free     shared    buffers     cached
Mem:          992M       666M       325M       1.4M        38M       289M
-/+ buffers/cache:       338M       654M
Swap:         8.0G         0B       8.0G

             total       used       free     shared    buffers     cached
Mem:          992M       666M       325M       1.4M        38M       289M
-/+ buffers/cache:       338M       654M
Swap:         8.0G         0B       8.0G

             total       used       free     shared    buffers     cached
Mem:          992M       666M       325M       1.4M        38M       289M
-/+ buffers/cache:       338M       654M
Swap:         8.0G         0B       8.0G

             total       used       free     shared    buffers     cached
Mem:          992M       666M       325M       1.4M        38M       289M
-/+ buffers/cache:       338M       654M
Swap:         8.0G         0B       8.0G

             total       used       free     shared    buffers     cached
Mem:          992M       666M       325M       1.4M        38M       289M
-/+ buffers/cache:       338M       654M
Swap:         8.0G         0B       8.0G

             total       used       free     shared    buffers     cached
Mem:          992M       674M       317M       1.4M        38M       289M
-/+ buffers/cache:       346M       645M
Swap:         8.0G         0B       8.0G

             total       used       free     shared    buffers     cached
Mem:          992M       694M       297M       1.4M        38M       289M
-/+ buffers/cache:       365M       626M
Swap:         8.0G         0B       8.0G

             total       used       free     shared    buffers     cached
Mem:          992M       713M       278M       1.4M        38M       289M
-/+ buffers/cache:       385M       606M
Swap:         8.0G         0B       8.0G

             total       used       free     shared    buffers     cached
Mem:          992M       731M       260M       1.4M        38M       289M
-/+ buffers/cache:       403M       588M
Swap:         8.0G         0B       8.0G

             total       used       free     shared    buffers     cached
Mem:          992M       748M       243M       1.4M        38M       289M
-/+ buffers/cache:       420M       571M
Swap:         8.0G         0B       8.0G

             total       used       free     shared    buffers     cached
Mem:          992M       766M       225M       1.4M        38M       289M
-/+ buffers/cache:       438M       553M
Swap:         8.0G         0B       8.0G

             total       used       free     shared    buffers     cached
Mem:          992M       786M       205M       1.4M        38M       289M
-/+ buffers/cache:       458M       534M
Swap:         8.0G         0B       8.0G

             total       used       free     shared    buffers     cached
Mem:          992M       807M       184M       1.4M        38M       289M
-/+ buffers/cache:       478M       513M
Swap:         8.0G         0B       8.0G

             total       used       free     shared    buffers     cached
Mem:          992M       826M       165M       1.4M        38M       289M
-/+ buffers/cache:       498M       493M
Swap:         8.0G         0B       8.0G

             total       used       free     shared    buffers     cached
Mem:          992M       843M       148M       1.4M        38M       289M
-/+ buffers/cache:       515M       477M
Swap:         8.0G         0B       8.0G

             total       used       free     shared    buffers     cached
Mem:          992M       864M       127M       1.4M        38M       289M
-/+ buffers/cache:       536M       456M
Swap:         8.0G         0B       8.0G

             total       used       free     shared    buffers     cached
Mem:          992M       883M       108M       1.4M        38M       289M
-/+ buffers/cache:       555M       437M
Swap:         8.0G         0B       8.0G

             total       used       free     shared    buffers     cached
Mem:          992M       899M        92M       1.4M        38M       289M
-/+ buffers/cache:       571M       420M
Swap:         8.0G         0B       8.0G

             total       used       free     shared    buffers     cached
Mem:          992M       913M        78M       1.4M        38M       289M
-/+ buffers/cache:       585M       406M
Swap:         8.0G         0B       8.0G

             total       used       free     shared    buffers     cached
Mem:          992M       915M        76M       1.4M        38M       289M
-/+ buffers/cache:       587M       405M
Swap:         8.0G         0B       8.0G

             total       used       free     shared    buffers     cached
Mem:          992M       916M        75M       1.4M        38M       289M
-/+ buffers/cache:       588M       403M
Swap:         8.0G         0B       8.0G

             total       used       free     shared    buffers     cached
Mem:          992M       921M        70M       1.4M        38M       289M
-/+ buffers/cache:       593M       398M
Swap:         8.0G         0B       8.0G

             total       used       free     shared    buffers     cached
Mem:          992M       923M        68M       1.4M        27M       288M
-/+ buffers/cache:       607M       384M
Swap:         8.0G         0B       8.0G

             total       used       free     shared    buffers     cached
Mem:          992M       931M        60M       1.4M        25M       288M
-/+ buffers/cache:       617M       374M
Swap:         8.0G         0B       8.0G

             total       used       free     shared    buffers     cached
Mem:          992M       923M        68M       1.4M        10M       283M
-/+ buffers/cache:       630M       361M
Swap:         8.0G         0B       8.0G

             total       used       free     shared    buffers     cached
Mem:          992M       922M        70M       1.4M         9M       265M
-/+ buffers/cache:       646M       345M
Swap:         8.0G        84K       8.0G

             total       used       free     shared    buffers     cached
Mem:          992M       914M        77M       1.3M       9.7M       247M
-/+ buffers/cache:       657M       334M
Swap:         8.0G       228K       8.0G

             total       used       free     shared    buffers     cached
Mem:          992M       926M        65M       1.3M       9.7M       247M
-/+ buffers/cache:       669M       322M
Swap:         8.0G       228K       8.0G

             total       used       free     shared    buffers     cached
Mem:          992M       927M        64M       1.2M       9.7M       233M
-/+ buffers/cache:       684M       307M
Swap:         8.0G       4.1M       8.0G

             total       used       free     shared    buffers     cached
Mem:          992M       915M        76M       1.2M       9.6M       208M
-/+ buffers/cache:       697M       294M
Swap:         8.0G       8.7M       8.0G

             total       used       free     shared    buffers     cached
Mem:          992M       932M        59M       1.2M       9.6M       208M
-/+ buffers/cache:       714M       277M
Swap:         8.0G       8.7M       8.0G

             total       used       free     shared    buffers     cached
Mem:          992M       921M        70M       1.2M       1.7M       190M
-/+ buffers/cache:       729M       262M
Swap:         8.0G       8.7M       8.0G

             total       used       free     shared    buffers     cached
Mem:          992M       912M        79M       1.2M       312K       166M
-/+ buffers/cache:       746M       246M
Swap:         8.0G       8.7M       8.0G

             total       used       free     shared    buffers     cached
Mem:          992M       924M        67M       1.2M       312K       166M
-/+ buffers/cache:       758M       234M
Swap:         8.0G       8.7M       8.0G

             total       used       free     shared    buffers     cached
Mem:          992M       914M        77M       1.2M       472K       146M
-/+ buffers/cache:       767M       224M
Swap:         8.0G       8.7M       8.0G

             total       used       free     shared    buffers     cached
Mem:          992M       928M        63M       1.2M       472K       146M
-/+ buffers/cache:       781M       210M
Swap:         8.0G       8.7M       8.0G

             total       used       free     shared    buffers     cached
Mem:          992M       920M        72M       1.2M       240K       129M
-/+ buffers/cache:       790M       201M
Swap:         8.0G       8.7M       8.0G

             total       used       free     shared    buffers     cached
Mem:          992M       917M        74M       1.2M       244K       114M
-/+ buffers/cache:       803M       188M
Swap:         8.0G       8.7M       8.0G

             total       used       free     shared    buffers     cached
Mem:          992M       918M        74M       1.2M       208K       100M
-/+ buffers/cache:       817M       175M
Swap:         8.0G       8.7M       8.0G

             total       used       free     shared    buffers     cached
Mem:          992M       920M        72M       1.2M       216K        88M
-/+ buffers/cache:       831M       161M
Swap:         8.0G       8.7M       8.0G

             total       used       free     shared    buffers     cached
Mem:          992M       914M        78M       1.2M       216K        68M
-/+ buffers/cache:       845M       146M
Swap:         8.0G       8.7M       8.0G

             total       used       free     shared    buffers     cached
Mem:          992M       929M        63M       1.2M       216K        68M
-/+ buffers/cache:       860M       131M
Swap:         8.0G       8.7M       8.0G

             total       used       free     shared    buffers     cached
Mem:          992M       927M        64M       1.2M       216K        52M
-/+ buffers/cache:       874M       117M
Swap:         8.0G       8.7M       8.0G

             total       used       free     shared    buffers     cached
Mem:          992M       920M        71M       1.2M       356K        31M
-/+ buffers/cache:       888M       103M
Swap:         8.0G       8.7M       8.0G

             total       used       free     shared    buffers     cached
Mem:          992M       922M        69M       1.2M       640K        18M
-/+ buffers/cache:       903M        88M
Swap:         8.0G       8.7M       8.0G

             total       used       free     shared    buffers     cached
Mem:          992M       926M        65M       1.2M       640K       6.3M
-/+ buffers/cache:       919M        72M
Swap:         8.0G       8.7M       8.0G

             total       used       free     shared    buffers     cached
Mem:          992M       921M        71M       712K       640K       5.3M
-/+ buffers/cache:       915M        77M
Swap:         8.0G        42M       8.0G

             total       used       free     shared    buffers     cached
Mem:          992M       916M        75M       712K       632K       3.2M
-/+ buffers/cache:       912M        79M
Swap:         8.0G        42M       8.0G

             total       used       free     shared    buffers     cached
Mem:          992M       930M        61M       712K       632K       3.2M
-/+ buffers/cache:       927M        65M
Swap:         8.0G        42M       8.0G

             total       used       free     shared    buffers     cached
Mem:          992M       927M        64M       708K       632K       2.7M
-/+ buffers/cache:       924M        68M
Swap:         8.0G        63M       7.9G

             total       used       free     shared    buffers     cached
Mem:          992M       918M        73M       656K       480K       2.4M
-/+ buffers/cache:       916M        76M
Swap:         8.0G        78M       7.9G

             total       used       free     shared    buffers     cached
Mem:          992M       919M        73M       672K       436K       2.4M
-/+ buffers/cache:       916M        75M
Swap:         8.0G        88M       7.9G

             total       used       free     shared    buffers     cached
Mem:          992M       917M        74M       640K       340K       2.4M
-/+ buffers/cache:       914M        77M
Swap:         8.0G       106M       7.9G

             total       used       free     shared    buffers     cached
Mem:          992M       920M        71M       636K       340K       2.3M
-/+ buffers/cache:       918M        74M
Swap:         8.0G       111M       7.9G

             total       used       free     shared    buffers     cached
Mem:          992M       925M        67M       632K       340K       2.3M
-/+ buffers/cache:       922M        69M
Swap:         8.0G       130M       7.9G

             total       used       free     shared    buffers     cached
Mem:          992M       931M        60M       632K       348K       2.3M
-/+ buffers/cache:       928M        63M
Swap:         8.0G       139M       7.9G

             total       used       free     shared    buffers     cached
Mem:          992M       930M        62M       632K       348K       2.3M
-/+ buffers/cache:       927M        64M
Swap:         8.0G       139M       7.9G

             total       used       free     shared    buffers     cached
Mem:          992M       924M        67M       584K       296K       2.3M
-/+ buffers/cache:       922M        70M
Swap:         8.0G       165M       7.8G

             total       used       free     shared    buffers     cached
Mem:          992M       921M        71M       580K       276K       2.3M
-/+ buffers/cache:       918M        73M
Swap:         8.0G       173M       7.8G

             total       used       free     shared    buffers     cached
Mem:          992M       917M        74M       568K       216K       2.2M
-/+ buffers/cache:       915M        76M
Swap:         8.0G       205M       7.8G

             total       used       free     shared    buffers     cached
Mem:          992M       930M        61M       568K       224K       2.2M
-/+ buffers/cache:       928M        63M
Swap:         8.0G       205M       7.8G

             total       used       free     shared    buffers     cached
Mem:          992M       914M        78M       568K       172K       2.2M
-/+ buffers/cache:       911M        80M
Swap:         8.0G       238M       7.8G

             total       used       free     shared    buffers     cached
Mem:          992M       926M        65M       568K       172K       2.2M
-/+ buffers/cache:       924M        68M
Swap:         8.0G       238M       7.8G

             total       used       free     shared    buffers     cached
Mem:          992M       927M        64M       568K       172K       2.2M
-/+ buffers/cache:       925M        67M
Swap:         8.0G       238M       7.8G

             total       used       free     shared    buffers     cached
Mem:          992M       913M        78M       540K        92K       2.1M
-/+ buffers/cache:       911M        81M
Swap:         8.0G       263M       7.7G

             total       used       free     shared    buffers     cached
Mem:          992M       923M        68M       540K        92K       2.1M
-/+ buffers/cache:       921M        70M
Swap:         8.0G       263M       7.7G

             total       used       free     shared    buffers     cached
Mem:          992M       919M        72M       540K       100K       2.1M
-/+ buffers/cache:       917M        74M
Swap:         8.0G       279M       7.7G

             total       used       free     shared    buffers     cached
Mem:          992M       926M        65M       540K       100K       2.1M
-/+ buffers/cache:       924M        68M
Swap:         8.0G       279M       7.7G

             total       used       free     shared    buffers     cached
Mem:          992M       920M        71M       540K       100K       2.1M
-/+ buffers/cache:       918M        73M
Swap:         8.0G       292M       7.7G

             total       used       free     shared    buffers     cached
Mem:          992M       926M        65M       540K       100K       2.1M
-/+ buffers/cache:       924M        67M
Swap:         8.0G       292M       7.7G

             total       used       free     shared    buffers     cached
Mem:          992M       921M        71M       540K       100K       2.1M
-/+ buffers/cache:       918M        73M
Swap:         8.0G       305M       7.7G

             total       used       free     shared    buffers     cached
Mem:          992M       926M        66M       540K       108K       2.1M
-/+ buffers/cache:       923M        68M
Swap:         8.0G       305M       7.7G

             total       used       free     shared    buffers     cached
Mem:          992M       930M        61M       540K       108K       2.1M
-/+ buffers/cache:       928M        63M
Swap:         8.0G       305M       7.7G

             total       used       free     shared    buffers     cached
Mem:          992M       920M        71M       540K       108K       2.1M
-/+ buffers/cache:       918M        74M
Swap:         8.0G       317M       7.7G

             total       used       free     shared    buffers     cached
Mem:          992M       925M        66M       540K       108K       2.1M
-/+ buffers/cache:       923M        68M
Swap:         8.0G       317M       7.7G

             total       used       free     shared    buffers     cached
Mem:          992M       910M        81M        20K       108K       1.5M
-/+ buffers/cache:       908M        83M
Swap:         8.0G       336M       7.7G

             total       used       free     shared    buffers     cached
Mem:          992M       920M        71M         4K       116K       1.5M
-/+ buffers/cache:       918M        73M
Swap:         8.0G       319M       7.7G

             total       used       free     shared    buffers     cached
Mem:          992M       924M        67M         4K       116K       1.5M
-/+ buffers/cache:       922M        69M
Swap:         8.0G       314M       7.7G

             total       used       free     shared    buffers     cached
Mem:          992M       923M        68M         0B       168K       5.3M
-/+ buffers/cache:       918M        74M
Swap:         8.0G       327M       7.7G

             total       used       free     shared    buffers     cached
Mem:          992M       920M        71M         0B       424K       5.4M
-/+ buffers/cache:       915M        77M
Swap:         8.0G       334M       7.7G

             total       used       free     shared    buffers     cached
Mem:          992M       921M        70M         0B       312K       4.3M
-/+ buffers/cache:       917M        74M
Swap:         8.0G       343M       7.7G

             total       used       free     shared    buffers     cached
Mem:          992M       919M        72M         0B        84K       2.3M
-/+ buffers/cache:       917M        74M
Swap:         8.0G       338M       7.7G

             total       used       free     shared    buffers     cached
Mem:          992M       918M        73M         0B        76K       1.5M
-/+ buffers/cache:       916M        75M
Swap:         8.0G       419M       7.6G

             total       used       free     shared    buffers     cached
Mem:          992M       920M        71M        40K       220K        27M
-/+ buffers/cache:       892M        99M
Swap:         8.0G       373M       7.6G

             total       used       free     shared    buffers     cached
Mem:          992M       919M        73M        40K       224K        26M
-/+ buffers/cache:       892M        99M
Swap:         8.0G       371M       7.6G

             total       used       free     shared    buffers     cached
Mem:          992M       923M        69M       144K       344K        22M
-/+ buffers/cache:       900M        91M
Swap:         8.0G       386M       7.6G

             total       used       free     shared    buffers     cached
Mem:          992M       918M        73M       188K       224K       3.8M
-/+ buffers/cache:       914M        77M
Swap:         8.0G       360M       7.6G

             total       used       free     shared    buffers     cached
Mem:          992M       919M        72M       188K       236K       3.9M
-/+ buffers/cache:       915M        76M
Swap:         8.0G       359M       7.6G

             total       used       free     shared    buffers     cached
Mem:          992M       916M        75M       188K       468K       6.8M
-/+ buffers/cache:       909M        82M
Swap:         8.0G       369M       7.6G

             total       used       free     shared    buffers     cached
Mem:          992M       919M        72M       188K       468K       6.7M
-/+ buffers/cache:       912M        79M
Swap:         8.0G       367M       7.6G

             total       used       free     shared    buffers     cached
Mem:          992M       924M        67M       188K       468K       6.8M
-/+ buffers/cache:       917M        75M
Swap:         8.0G       366M       7.6G

             total       used       free     shared    buffers     cached
Mem:          992M       931M        61M       188K       472K       7.1M
-/+ buffers/cache:       923M        68M
Swap:         8.0G       365M       7.6G

             total       used       free     shared    buffers     cached
Mem:          992M       925M        66M       188K       472K       6.9M
-/+ buffers/cache:       918M        74M
Swap:         8.0G       373M       7.6G

             total       used       free     shared    buffers     cached
Mem:          992M       920M        72M       188K       480K       6.8M
-/+ buffers/cache:       912M        79M
Swap:         8.0G       377M       7.6G

             total       used       free     shared    buffers     cached
Mem:          992M       924M        67M       188K       488K       6.8M
-/+ buffers/cache:       917M        75M
Swap:         8.0G       377M       7.6G

             total       used       free     shared    buffers     cached
Mem:          992M       930M        61M       188K       488K       6.8M
-/+ buffers/cache:       923M        69M
Swap:         8.0G       377M       7.6G

             total       used       free     shared    buffers     cached
Mem:          992M       915M        77M       188K       308K       6.4M
-/+ buffers/cache:       908M        83M
Swap:         8.0G       392M       7.6G

             total       used       free     shared    buffers     cached
Mem:          992M       921M        71M       188K       308K       6.6M
-/+ buffers/cache:       914M        77M
Swap:         8.0G       392M       7.6G

             total       used       free     shared    buffers     cached
Mem:          992M       925M        67M       188K       316K       6.7M
-/+ buffers/cache:       918M        74M
Swap:         8.0G       392M       7.6G

             total       used       free     shared    buffers     cached
Mem:          992M       926M        65M       188K       316K       6.6M
-/+ buffers/cache:       919M        72M
Swap:         8.0G       391M       7.6G

             total       used       free     shared    buffers     cached
Mem:          992M       928M        63M       188K       316K       6.6M
-/+ buffers/cache:       921M        70M
Swap:         8.0G       390M       7.6G

             total       used       free     shared    buffers     cached
Mem:          992M       930M        61M       188K       316K       6.6M
-/+ buffers/cache:       923M        68M
Swap:         8.0G       389M       7.6G

             total       used       free     shared    buffers     cached
Mem:          992M       898M        93M       188K       308K       5.9M
-/+ buffers/cache:       892M        99M
Swap:         8.0G       424M       7.6G

             total       used       free     shared    buffers     cached
Mem:          992M       900M        91M       188K       308K       5.9M
-/+ buffers/cache:       894M        97M
Swap:         8.0G       423M       7.6G

             total       used       free     shared    buffers     cached
Mem:          992M       902M        89M       188K       316K       5.9M
-/+ buffers/cache:       896M        96M
Swap:         8.0G       422M       7.6G

             total       used       free     shared    buffers     cached
Mem:          992M       904M        88M       188K       316K       5.9M
-/+ buffers/cache:       897M        94M
Swap:         8.0G       422M       7.6G

             total       used       free     shared    buffers     cached
Mem:          992M       906M        86M       188K       316K       5.9M
-/+ buffers/cache:       899M        92M
Swap:         8.0G       421M       7.6G

             total       used       free     shared    buffers     cached
Mem:          992M       908M        83M       188K       316K       5.9M
-/+ buffers/cache:       902M        90M
Swap:         8.0G       420M       7.6G

             total       used       free     shared    buffers     cached
Mem:          992M       909M        82M       188K       316K       5.9M
-/+ buffers/cache:       903M        88M
Swap:         8.0G       419M       7.6G

             total       used       free     shared    buffers     cached
Mem:          992M       911M        80M       188K       324K       5.9M
-/+ buffers/cache:       905M        86M
Swap:         8.0G       418M       7.6G

             total       used       free     shared    buffers     cached
Mem:          992M       913M        78M       188K       324K       5.9M
-/+ buffers/cache:       907M        84M
Swap:         8.0G       417M       7.6G

             total       used       free     shared    buffers     cached
Mem:          992M       915M        76M       188K       324K       5.9M
-/+ buffers/cache:       909M        82M
Swap:         8.0G       417M       7.6G

             total       used       free     shared    buffers     cached
Mem:          992M       917M        74M       188K       324K       5.9M
-/+ buffers/cache:       911M        80M
Swap:         8.0G       416M       7.6G

             total       used       free     shared    buffers     cached
Mem:          992M       920M        72M       188K       324K       5.9M
-/+ buffers/cache:       913M        78M
Swap:         8.0G       415M       7.6G

             total       used       free     shared    buffers     cached
Mem:          992M       921M        70M       188K       332K       5.9M
-/+ buffers/cache:       915M        76M
Swap:         8.0G       414M       7.6G

             total       used       free     shared    buffers     cached
Mem:          992M       924M        68M       188K       332K       5.9M
-/+ buffers/cache:       917M        74M
Swap:         8.0G       413M       7.6G

             total       used       free     shared    buffers     cached
Mem:          992M       925M        66M       188K       332K       5.9M
-/+ buffers/cache:       919M        72M
Swap:         8.0G       412M       7.6G

             total       used       free     shared    buffers     cached
Mem:          992M       928M        63M       188K       332K       5.9M
-/+ buffers/cache:       922M        70M
Swap:         8.0G       411M       7.6G

             total       used       free     shared    buffers     cached
Mem:          992M       930M        61M       188K       332K       6.3M
-/+ buffers/cache:       924M        68M
Swap:         8.0G       410M       7.6G

             total       used       free     shared    buffers     cached
Mem:          992M       920M        71M       188K       332K       6.1M
-/+ buffers/cache:       913M        78M
Swap:         8.0G       414M       7.6G

             total       used       free     shared    buffers     cached
Mem:          992M       922M        69M       188K       340K       6.1M
-/+ buffers/cache:       916M        76M
Swap:         8.0G       413M       7.6G

             total       used       free     shared    buffers     cached
Mem:          992M       924M        67M       188K       340K       6.2M
-/+ buffers/cache:       917M        74M
Swap:         8.0G       412M       7.6G

             total       used       free     shared    buffers     cached
Mem:          992M       926M        65M       188K       340K       6.1M
-/+ buffers/cache:       920M        72M
Swap:         8.0G       411M       7.6G

             total       used       free     shared    buffers     cached
Mem:          992M       928M        63M       188K       340K       6.1M
-/+ buffers/cache:       922M        69M
Swap:         8.0G       410M       7.6G

             total       used       free     shared    buffers     cached
Mem:          992M       931M        61M       188K       344K       6.2M
-/+ buffers/cache:       924M        67M
Swap:         8.0G       409M       7.6G

             total       used       free     shared    buffers     cached
Mem:          992M       921M        70M       188K       352K       5.8M
-/+ buffers/cache:       915M        76M
Swap:         8.0G       421M       7.6G

             total       used       free     shared    buffers     cached
Mem:          992M       923M        68M       188K       352K       5.8M
-/+ buffers/cache:       917M        74M
Swap:         8.0G       420M       7.6G

             total       used       free     shared    buffers     cached
Mem:          992M       925M        66M       188K       352K       5.8M
-/+ buffers/cache:       919M        72M
Swap:         8.0G       419M       7.6G

             total       used       free     shared    buffers     cached
Mem:          992M       927M        64M       188K       352K       5.8M
-/+ buffers/cache:       921M        70M
Swap:         8.0G       418M       7.6G

             total       used       free     shared    buffers     cached
Mem:          992M       929M        62M       188K       360K       5.8M
-/+ buffers/cache:       923M        68M
Swap:         8.0G       417M       7.6G

             total       used       free     shared    buffers     cached
Mem:          992M       919M        72M       188K       368K       5.6M
-/+ buffers/cache:       913M        78M
Swap:         8.0G       423M       7.6G

             total       used       free     shared    buffers     cached
Mem:          992M       922M        70M       188K       368K       5.6M
-/+ buffers/cache:       916M        76M
Swap:         8.0G       422M       7.6G

             total       used       free     shared    buffers     cached
Mem:          992M       924M        68M       188K       368K       5.6M
-/+ buffers/cache:       918M        74M
Swap:         8.0G       421M       7.6G

             total       used       free     shared    buffers     cached
Mem:          992M       925M        66M       188K       368K       5.6M
-/+ buffers/cache:       919M        72M
Swap:         8.0G       420M       7.6G

             total       used       free     shared    buffers     cached
Mem:          992M       928M        64M       188K       368K       5.6M
-/+ buffers/cache:       922M        70M
Swap:         8.0G       419M       7.6G

             total       used       free     shared    buffers     cached
Mem:          992M       929M        62M       188K       368K       5.6M
-/+ buffers/cache:       923M        68M
Swap:         8.0G       418M       7.6G

             total       used       free     shared    buffers     cached
Mem:          992M       918M        74M       188K       192K       5.4M
-/+ buffers/cache:       912M        79M
Swap:         8.0G       427M       7.6G

             total       used       free     shared    buffers     cached
Mem:          992M       910M        81M       188K        84K        20M
-/+ buffers/cache:       889M       102M
Swap:         8.0G       466M       7.5G

             total       used       free     shared    buffers     cached
Mem:          992M       913M        78M       188K       532K        20M
-/+ buffers/cache:       892M        99M
Swap:         8.0G       464M       7.5G

             total       used       free     shared    buffers     cached
Mem:          992M       915M        76M       188K       560K        20M
-/+ buffers/cache:       894M        97M
Swap:         8.0G       464M       7.5G

             total       used       free     shared    buffers     cached
Mem:          992M       918M        73M       188K       560K        20M
-/+ buffers/cache:       897M        95M
Swap:         8.0G       462M       7.5G

             total       used       free     shared    buffers     cached
Mem:          992M       918M        73M       188K       568K        20M
-/+ buffers/cache:       897M        94M
Swap:         8.0G       462M       7.5G

             total       used       free     shared    buffers     cached
Mem:          992M       920M        71M       188K       568K        20M
-/+ buffers/cache:       899M        92M
Swap:         8.0G       461M       7.5G

             total       used       free     shared    buffers     cached
Mem:          992M       922M        69M       188K       568K        20M
-/+ buffers/cache:       901M        90M
Swap:         8.0G       461M       7.5G

             total       used       free     shared    buffers     cached
Mem:          992M       924M        67M       188K       568K        20M
-/+ buffers/cache:       903M        88M
Swap:         8.0G       460M       7.5G

             total       used       free     shared    buffers     cached
Mem:          992M       928M        63M       188K       568K        21M
-/+ buffers/cache:       905M        86M
Swap:         8.0G       458M       7.5G

             total       used       free     shared    buffers     cached
Mem:          992M       930M        61M       188K       576K        22M
-/+ buffers/cache:       907M        84M
Swap:         8.0G       458M       7.5G

             total       used       free     shared    buffers     cached
Mem:          992M       917M        74M       188K       576K        21M
-/+ buffers/cache:       895M        97M
Swap:         8.0G       466M       7.5G

             total       used       free     shared    buffers     cached
Mem:          992M       919M        72M       188K       576K        21M
-/+ buffers/cache:       897M        94M
Swap:         8.0G       465M       7.5G

             total       used       free     shared    buffers     cached
Mem:          992M       921M        70M       188K       576K        21M
-/+ buffers/cache:       899M        92M
Swap:         8.0G       463M       7.5G

             total       used       free     shared    buffers     cached
Mem:          992M       926M        65M       192K       720K        24M
-/+ buffers/cache:       902M        90M
Swap:         8.0G       462M       7.5G

             total       used       free     shared    buffers     cached
Mem:          992M       927M        64M       192K       720K        24M
-/+ buffers/cache:       902M        89M
Swap:         8.0G       462M       7.5G

             total       used       free     shared    buffers     cached
Mem:          992M       929M        62M       192K       1.0M        24M
-/+ buffers/cache:       904M        87M
Swap:         8.0G       461M       7.5G

             total       used       free     shared    buffers     cached
Mem:          992M       923M        68M       192K       1.1M        34M
-/+ buffers/cache:       888M       104M
Swap:         8.0G       485M       7.5G

             total       used       free     shared    buffers     cached
Mem:          992M       924M        67M       192K       1.1M        34M
-/+ buffers/cache:       888M       103M
Swap:         8.0G       484M       7.5G

             total       used       free     shared    buffers     cached
Mem:          992M       925M        66M       192K       1.1M        34M
-/+ buffers/cache:       890M       102M
Swap:         8.0G       483M       7.5G

             total       used       free     shared    buffers     cached
Mem:          992M       926M        65M       192K       1.1M        34M
-/+ buffers/cache:       891M       100M
Swap:         8.0G       483M       7.5G

             total       used       free     shared    buffers     cached
Mem:          992M       927M        64M       192K       1.1M        34M
-/+ buffers/cache:       892M       100M
Swap:         8.0G       482M       7.5G

             total       used       free     shared    buffers     cached
Mem:          992M       929M        63M       192K       1.1M        34M
-/+ buffers/cache:       893M        98M
Swap:         8.0G       482M       7.5G

             total       used       free     shared    buffers     cached
Mem:          992M       930M        61M       192K       1.1M        34M
-/+ buffers/cache:       894M        97M
Swap:         8.0G       481M       7.5G

             total       used       free     shared    buffers     cached
Mem:          992M       917M        74M       192K       1.1M        32M
-/+ buffers/cache:       883M       108M
Swap:         8.0G       490M       7.5G

             total       used       free     shared    buffers     cached
Mem:          992M       918M        73M       192K       1.1M        32M
-/+ buffers/cache:       884M       107M
Swap:         8.0G       489M       7.5G

             total       used       free     shared    buffers     cached
Mem:          992M       919M        72M       192K       1.1M        32M
-/+ buffers/cache:       885M       106M
Swap:         8.0G       489M       7.5G

             total       used       free     shared    buffers     cached
Mem:          992M       920M        71M       192K       1.2M        32M
-/+ buffers/cache:       886M       105M
Swap:         8.0G       488M       7.5G

             total       used       free     shared    buffers     cached
Mem:          992M       922M        70M       192K       1.2M        32M
-/+ buffers/cache:       888M       103M
Swap:         8.0G       487M       7.5G

             total       used       free     shared    buffers     cached
Mem:          992M       923M        68M       192K       1.2M        32M
-/+ buffers/cache:       889M       102M
Swap:         8.0G       486M       7.5G

             total       used       free     shared    buffers     cached
Mem:          992M       924M        67M       192K       1.2M        32M
-/+ buffers/cache:       891M       101M
Swap:         8.0G       486M       7.5G

             total       used       free     shared    buffers     cached
Mem:          992M       926M        66M       192K       1.2M        32M
-/+ buffers/cache:       892M       100M
Swap:         8.0G       485M       7.5G

             total       used       free     shared    buffers     cached
Mem:          992M       927M        64M       192K       1.2M        32M
-/+ buffers/cache:       893M        98M
Swap:         8.0G       485M       7.5G

             total       used       free     shared    buffers     cached
Mem:          992M       928M        63M       192K       1.2M        32M
-/+ buffers/cache:       894M        97M
Swap:         8.0G       484M       7.5G

             total       used       free     shared    buffers     cached
Mem:          992M       929M        62M       192K       1.2M        32M
-/+ buffers/cache:       895M        96M
Swap:         8.0G       483M       7.5G

             total       used       free     shared    buffers     cached
Mem:          992M       930M        61M       192K       1.2M        32M
-/+ buffers/cache:       897M        95M
Swap:         8.0G       483M       7.5G

             total       used       free     shared    buffers     cached
Mem:          992M       917M        75M       192K       1.2M        31M
-/+ buffers/cache:       884M       107M
Swap:         8.0G       492M       7.5G

             total       used       free     shared    buffers     cached
Mem:          992M       918M        73M       192K       1.2M        31M
-/+ buffers/cache:       885M       106M
Swap:         8.0G       492M       7.5G

             total       used       free     shared    buffers     cached
Mem:          992M       919M        72M       192K       1.2M        31M
-/+ buffers/cache:       887M       105M
Swap:         8.0G       491M       7.5G

             total       used       free     shared    buffers     cached
Mem:          992M       921M        71M       192K       1.2M        31M
-/+ buffers/cache:       888M       103M
Swap:         8.0G       490M       7.5G

             total       used       free     shared    buffers     cached
Mem:          992M       922M        69M       192K       1.2M        31M
-/+ buffers/cache:       889M       102M
Swap:         8.0G       490M       7.5G

             total       used       free     shared    buffers     cached
Mem:          992M       923M        68M       192K       1.2M        31M
-/+ buffers/cache:       890M       101M
Swap:         8.0G       489M       7.5G

             total       used       free     shared    buffers     cached
Mem:          992M       925M        67M       192K       1.2M        31M
-/+ buffers/cache:       892M        99M
Swap:         8.0G       488M       7.5G

             total       used       free     shared    buffers     cached
Mem:          992M       926M        65M       192K       1.2M        31M
-/+ buffers/cache:       893M        98M
Swap:         8.0G       488M       7.5G

             total       used       free     shared    buffers     cached
Mem:          992M       927M        64M       192K       1.2M        31M
-/+ buffers/cache:       895M        97M
Swap:         8.0G       487M       7.5G

             total       used       free     shared    buffers     cached
Mem:          992M       929M        63M       192K       1.2M        31M
-/+ buffers/cache:       896M        95M
Swap:         8.0G       486M       7.5G

             total       used       free     shared    buffers     cached
Mem:          992M       930M        61M       192K       1.2M        31M
-/+ buffers/cache:       897M        94M
Swap:         8.0G       486M       7.5G

             total       used       free     shared    buffers     cached
Mem:          992M       914M        77M       192K       1.2M        29M
-/+ buffers/cache:       883M       108M
Swap:         8.0G       509M       7.5G

             total       used       free     shared    buffers     cached
Mem:          992M       915M        76M       192K       1.2M        29M
-/+ buffers/cache:       884M       107M
Swap:         8.0G       509M       7.5G

             total       used       free     shared    buffers     cached
Mem:          992M       916M        75M       192K       1.2M        29M
-/+ buffers/cache:       885M       106M
Swap:         8.0G       508M       7.5G

             total       used       free     shared    buffers     cached
Mem:          992M       917M        74M       192K       1.2M        29M
-/+ buffers/cache:       887M       105M
Swap:         8.0G       507M       7.5G

             total       used       free     shared    buffers     cached
Mem:          992M       919M        73M       192K       1.2M        29M
-/+ buffers/cache:       888M       103M
Swap:         8.0G       507M       7.5G

             total       used       free     shared    buffers     cached
Mem:          992M       920M        71M       192K       1.2M        29M
-/+ buffers/cache:       889M       102M
Swap:         8.0G       506M       7.5G

             total       used       free     shared    buffers     cached
Mem:          992M       921M        70M       192K       1.2M        29M
-/+ buffers/cache:       891M       101M
Swap:         8.0G       506M       7.5G

             total       used       free     shared    buffers     cached
Mem:          992M       923M        68M       192K       1.2M        29M
-/+ buffers/cache:       892M        99M
Swap:         8.0G       505M       7.5G

             total       used       free     shared    buffers     cached
Mem:          992M       925M        67M       192K       1.2M        29M
-/+ buffers/cache:       894M        97M
Swap:         8.0G       504M       7.5G

             total       used       free     shared    buffers     cached
Mem:          992M       926M        65M       192K       1.2M        29M
-/+ buffers/cache:       895M        96M
Swap:         8.0G       503M       7.5G

             total       used       free     shared    buffers     cached
Mem:          992M       927M        64M       192K       1.2M        29M
-/+ buffers/cache:       897M        95M
Swap:         8.0G       503M       7.5G

             total       used       free     shared    buffers     cached
Mem:          992M       929M        63M       192K       1.2M        29M
-/+ buffers/cache:       898M        93M
Swap:         8.0G       502M       7.5G

             total       used       free     shared    buffers     cached
Mem:          992M       930M        61M       192K       1.2M        29M
-/+ buffers/cache:       899M        92M
Swap:         8.0G       501M       7.5G

             total       used       free     shared    buffers     cached
Mem:          992M       917M        74M       192K       1.2M        29M
-/+ buffers/cache:       886M       105M
Swap:         8.0G       502M       7.5G

             total       used       free     shared    buffers     cached
Mem:          992M       921M        71M       192K       1.2M        32M
-/+ buffers/cache:       887M       104M
Swap:         8.0G       501M       7.5G

             total       used       free     shared    buffers     cached
Mem:          992M       922M        69M       192K       1.2M        32M
-/+ buffers/cache:       888M       103M
Swap:         8.0G       501M       7.5G

             total       used       free     shared    buffers     cached
Mem:          992M       923M        68M       192K       1.2M        32M
-/+ buffers/cache:       890M       101M
Swap:         8.0G       500M       7.5G

             total       used       free     shared    buffers     cached
Mem:          992M       925M        67M       192K       1.2M        32M
-/+ buffers/cache:       891M       100M
Swap:         8.0G       499M       7.5G

             total       used       free     shared    buffers     cached
Mem:          992M       926M        65M       192K       1.2M        32M
-/+ buffers/cache:       892M        99M
Swap:         8.0G       499M       7.5G

             total       used       free     shared    buffers     cached
Mem:          992M       928M        64M       192K       1.2M        32M
-/+ buffers/cache:       894M        97M
Swap:         8.0G       498M       7.5G

             total       used       free     shared    buffers     cached
Mem:          992M       930M        61M       196K       1.3M        33M
-/+ buffers/cache:       895M        96M
Swap:         8.0G       497M       7.5G

             total       used       free     shared    buffers     cached
Mem:          992M       910M        81M       196K       1.3M        31M
-/+ buffers/cache:       877M       114M
Swap:         8.0G       511M       7.5G

             total       used       free     shared    buffers     cached
Mem:          992M       916M        75M       196K       1.3M        33M
-/+ buffers/cache:       881M       110M
Swap:         8.0G       509M       7.5G

             total       used       free     shared    buffers     cached
Mem:          992M       918M        73M       196K       1.3M        33M
-/+ buffers/cache:       883M       108M
Swap:         8.0G       508M       7.5G

             total       used       free     shared    buffers     cached
Mem:          992M       925M        66M       196K       1.3M        35M
-/+ buffers/cache:       888M       103M
Swap:         8.0G       505M       7.5G

             total       used       free     shared    buffers     cached
Mem:          992M       926M        65M       196K       1.3M        35M
-/+ buffers/cache:       889M       102M
Swap:         8.0G       505M       7.5G

             total       used       free     shared    buffers     cached
Mem:          992M       927M        64M       196K       1.3M        35M
-/+ buffers/cache:       890M       101M
Swap:         8.0G       504M       7.5G

             total       used       free     shared    buffers     cached
Mem:          992M       928M        64M       196K       1.3M        35M
-/+ buffers/cache:       891M       101M
Swap:         8.0G       504M       7.5G

             total       used       free     shared    buffers     cached
Mem:          992M       928M        63M       196K       1.3M        35M
-/+ buffers/cache:       891M       100M
Swap:         8.0G       504M       7.5G

             total       used       free     shared    buffers     cached
Mem:          992M       928M        63M       196K       1.4M        35M
-/+ buffers/cache:       891M       100M
Swap:         8.0G       504M       7.5G

             total       used       free     shared    buffers     cached
Mem:          992M       929M        62M       196K       1.4M        35M
-/+ buffers/cache:       892M        99M
Swap:         8.0G       503M       7.5G

             total       used       free     shared    buffers     cached
Mem:          992M       930M        62M       196K       1.4M        35M
-/+ buffers/cache:       893M        99M
Swap:         8.0G       503M       7.5G

             total       used       free     shared    buffers     cached
Mem:          992M       930M        61M       196K       1.4M        35M
-/+ buffers/cache:       893M        98M
Swap:         8.0G       503M       7.5G

             total       used       free     shared    buffers     cached
Mem:          992M       915M        76M       196K       272K        31M
-/+ buffers/cache:       883M       108M
Swap:         8.0G       513M       7.5G

             total       used       free     shared    buffers     cached
Mem:          992M       915M        76M       196K       272K        31M
-/+ buffers/cache:       883M       108M
Swap:         8.0G       513M       7.5G

             total       used       free     shared    buffers     cached
Mem:          992M       919M        72M       276K       1.7M        44M
-/+ buffers/cache:       873M       118M
Swap:         8.0G       527M       7.5G

             total       used       free     shared    buffers     cached
Mem:          992M       911M        80M       4.0M       4.9M        54M
-/+ buffers/cache:       852M       139M
Swap:         8.0G       564M       7.4G

             total       used       free     shared    buffers     cached
Mem:          992M       912M        80M       300K       4.5M        61M
-/+ buffers/cache:       845M       146M
Swap:         8.0G       566M       7.4G

             total       used       free     shared    buffers     cached
Mem:          992M       924M        68M       312K       4.6M        64M
-/+ buffers/cache:       854M       137M
Swap:         8.0G       562M       7.4G

             total       used       free     shared    buffers     cached
Mem:          992M       925M        66M       312K       4.6M        64M
-/+ buffers/cache:       855M       136M
Swap:         8.0G       561M       7.4G

             total       used       free     shared    buffers     cached
Mem:          992M       925M        66M       312K       4.6M        64M
-/+ buffers/cache:       856M       136M
Swap:         8.0G       561M       7.4G

             total       used       free     shared    buffers     cached
Mem:          992M       926M        65M       312K       4.6M        64M
-/+ buffers/cache:       857M       134M
Swap:         8.0G       561M       7.4G

             total       used       free     shared    buffers     cached
Mem:          992M       927M        64M       312K       4.6M        64M
-/+ buffers/cache:       858M       133M
Swap:         8.0G       560M       7.4G

             total       used       free     shared    buffers     cached
Mem:          992M       930M        62M       312K       4.7M        65M
-/+ buffers/cache:       859M       132M
Swap:         8.0G       559M       7.5G

             total       used       free     shared    buffers     cached
Mem:          992M       918M        74M       312K       3.9M        63M
-/+ buffers/cache:       850M       141M
Swap:         8.0G       564M       7.4G

             total       used       free     shared    buffers     cached
Mem:          992M       919M        73M       312K       3.9M        63M
-/+ buffers/cache:       852M       140M
Swap:         8.0G       563M       7.4G

             total       used       free     shared    buffers     cached
Mem:          992M       920M        71M       312K       3.9M        63M
-/+ buffers/cache:       853M       138M
Swap:         8.0G       563M       7.4G

             total       used       free     shared    buffers     cached
Mem:          992M       921M        70M       312K       3.9M        63M
-/+ buffers/cache:       854M       137M
Swap:         8.0G       562M       7.4G

             total       used       free     shared    buffers     cached
Mem:          992M       923M        69M       312K       3.9M        63M
-/+ buffers/cache:       856M       136M
Swap:         8.0G       561M       7.4G

             total       used       free     shared    buffers     cached
Mem:          992M       924M        67M       312K       3.9M        63M
-/+ buffers/cache:       857M       134M
Swap:         8.0G       561M       7.4G

             total       used       free     shared    buffers     cached
Mem:          992M       925M        66M       312K       3.9M        63M
-/+ buffers/cache:       858M       133M
Swap:         8.0G       560M       7.4G

             total       used       free     shared    buffers     cached
Mem:          992M       926M        65M       312K       3.9M        63M
-/+ buffers/cache:       859M       132M
Swap:         8.0G       560M       7.4G

             total       used       free     shared    buffers     cached
Mem:          992M       928M        63M       312K       3.9M        63M
-/+ buffers/cache:       861M       131M
Swap:         8.0G       559M       7.5G

             total       used       free     shared    buffers     cached
Mem:          992M       928M        63M       312K       3.9M        63M
-/+ buffers/cache:       861M       130M
Swap:         8.0G       559M       7.5G

             total       used       free     shared    buffers     cached
Mem:          992M       928M        63M       312K       3.9M        63M
-/+ buffers/cache:       861M       130M
Swap:         8.0G       559M       7.5G

             total       used       free     shared    buffers     cached
Mem:          992M       930M        62M       312K       3.9M        63M
-/+ buffers/cache:       862M       129M
Swap:         8.0G       558M       7.5G

             total       used       free     shared    buffers     cached
Mem:          992M       931M        60M       312K       3.9M        63M
-/+ buffers/cache:       864M       127M
Swap:         8.0G       557M       7.5G

             total       used       free     shared    buffers     cached
Mem:          992M       916M        75M       312K       3.5M        60M
-/+ buffers/cache:       852M       139M
Swap:         8.0G       569M       7.4G

             total       used       free     shared    buffers     cached
Mem:          992M       917M        74M       312K       3.5M        60M
-/+ buffers/cache:       853M       138M
Swap:         8.0G       568M       7.4G

             total       used       free     shared    buffers     cached
Mem:          992M       917M        74M       312K       3.5M        60M
-/+ buffers/cache:       854M       138M
Swap:         8.0G       568M       7.4G

             total       used       free     shared    buffers     cached
Mem:          992M       919M        73M       312K       3.5M        60M
-/+ buffers/cache:       855M       137M
Swap:         8.0G       568M       7.4G

             total       used       free     shared    buffers     cached
Mem:          992M       920M        71M       312K       3.5M        60M
-/+ buffers/cache:       856M       135M
Swap:         8.0G       567M       7.4G

             total       used       free     shared    buffers     cached
Mem:          992M       921M        70M       312K       3.5M        60M
-/+ buffers/cache:       857M       134M
Swap:         8.0G       566M       7.4G

             total       used       free     shared    buffers     cached
Mem:          992M       922M        69M       312K       3.5M        60M
-/+ buffers/cache:       859M       133M
Swap:         8.0G       566M       7.4G

             total       used       free     shared    buffers     cached
Mem:          992M       923M        68M       312K       3.5M        60M
-/+ buffers/cache:       860M       132M
Swap:         8.0G       565M       7.4G

             total       used       free     shared    buffers     cached
Mem:          992M       925M        67M       312K       3.5M        60M
-/+ buffers/cache:       861M       131M
Swap:         8.0G       564M       7.4G

             total       used       free     shared    buffers     cached
Mem:          992M       926M        66M       312K       3.5M        60M
-/+ buffers/cache:       862M       129M
Swap:         8.0G       564M       7.4G

             total       used       free     shared    buffers     cached
Mem:          992M       927M        64M       312K       3.5M        60M
-/+ buffers/cache:       863M       128M
Swap:         8.0G       563M       7.4G

             total       used       free     shared    buffers     cached
Mem:          992M       928M        63M       312K       3.5M        60M
-/+ buffers/cache:       864M       127M
Swap:         8.0G       562M       7.4G

             total       used       free     shared    buffers     cached
Mem:          992M       929M        62M       312K       3.5M        60M
-/+ buffers/cache:       865M       126M
Swap:         8.0G       562M       7.4G

             total       used       free     shared    buffers     cached
Mem:          992M       930M        61M       312K       3.5M        60M
-/+ buffers/cache:       866M       125M
Swap:         8.0G       561M       7.4G

             total       used       free     shared    buffers     cached
Mem:          992M       917M        74M       312K       3.5M        59M
-/+ buffers/cache:       854M       137M
Swap:         8.0G       577M       7.4G

             total       used       free     shared    buffers     cached
Mem:          992M       918M        73M       312K       3.5M        59M
-/+ buffers/cache:       855M       136M
Swap:         8.0G       576M       7.4G

             total       used       free     shared    buffers     cached
Mem:          992M       919M        72M       312K       3.5M        59M
-/+ buffers/cache:       856M       135M
Swap:         8.0G       576M       7.4G

             total       used       free     shared    buffers     cached
Mem:          992M       921M        70M       312K       3.5M        60M
-/+ buffers/cache:       857M       134M
Swap:         8.0G       575M       7.4G

             total       used       free     shared    buffers     cached
Mem:          992M       922M        69M       312K       3.5M        60M
-/+ buffers/cache:       858M       133M
Swap:         8.0G       574M       7.4G

             total       used       free     shared    buffers     cached
Mem:          992M       923M        68M       312K       3.5M        60M
-/+ buffers/cache:       859M       132M
Swap:         8.0G       573M       7.4G

             total       used       free     shared    buffers     cached
Mem:          992M       925M        67M       312K       3.5M        60M
-/+ buffers/cache:       861M       130M
Swap:         8.0G       573M       7.4G

             total       used       free     shared    buffers     cached
Mem:          992M       926M        66M       312K       3.5M        60M
-/+ buffers/cache:       862M       129M
Swap:         8.0G       572M       7.4G

             total       used       free     shared    buffers     cached
Mem:          992M       927M        64M       312K       3.5M        60M
-/+ buffers/cache:       863M       128M
Swap:         8.0G       571M       7.4G

             total       used       free     shared    buffers     cached
Mem:          992M       928M        63M       312K       3.5M        60M
-/+ buffers/cache:       865M       127M
Swap:         8.0G       571M       7.4G

             total       used       free     shared    buffers     cached
Mem:          992M       929M        62M       312K       3.5M        60M
-/+ buffers/cache:       866M       125M
Swap:         8.0G       570M       7.4G

             total       used       free     shared    buffers     cached
Mem:          992M       931M        60M       312K       3.5M        60M
-/+ buffers/cache:       867M       124M
Swap:         8.0G       569M       7.4G

             total       used       free     shared    buffers     cached
Mem:          992M       917M        74M       312K       3.5M        59M
-/+ buffers/cache:       854M       137M
Swap:         8.0G       576M       7.4G

             total       used       free     shared    buffers     cached
Mem:          992M       919M        72M       312K       3.5M        59M
-/+ buffers/cache:       856M       136M
Swap:         8.0G       575M       7.4G

             total       used       free     shared    buffers     cached
Mem:          992M       920M        71M       312K       3.5M        59M
-/+ buffers/cache:       857M       134M
Swap:         8.0G       574M       7.4G

             total       used       free     shared    buffers     cached
Mem:          992M       919M        72M       376K       4.4M        64M
-/+ buffers/cache:       850M       141M
Swap:         8.0G       614M       7.4G

             total       used       free     shared    buffers     cached
Mem:          992M       916M        75M       376K       7.8M        70M
-/+ buffers/cache:       837M       154M
Swap:         8.0G       613M       7.4G

             total       used       free     shared    buffers     cached
Mem:          992M       918M        73M       380K       8.3M        72M
-/+ buffers/cache:       837M       154M
Swap:         8.0G       612M       7.4G
