             total       used       free     shared    buffers     cached
Mem:          992M       656M       335M       3.2M        38M       289M
-/+ buffers/cache:       328M       664M
Swap:         8.0G         0B       8.0G

             total       used       free     shared    buffers     cached
Mem:          992M       655M       336M       3.2M        38M       289M
-/+ buffers/cache:       327M       665M
Swap:         8.0G         0B       8.0G

             total       used       free     shared    buffers     cached
Mem:          992M       655M       336M       3.2M        38M       289M
-/+ buffers/cache:       327M       665M
Swap:         8.0G         0B       8.0G

             total       used       free     shared    buffers     cached
Mem:          992M       655M       336M       3.2M        38M       289M
-/+ buffers/cache:       327M       665M
Swap:         8.0G         0B       8.0G

             total       used       free     shared    buffers     cached
Mem:          992M       655M       336M       3.2M        38M       289M
-/+ buffers/cache:       327M       665M
Swap:         8.0G         0B       8.0G

             total       used       free     shared    buffers     cached
Mem:          992M       655M       336M       3.2M        38M       289M
-/+ buffers/cache:       327M       665M
Swap:         8.0G         0B       8.0G

             total       used       free     shared    buffers     cached
Mem:          992M       655M       336M       3.2M        38M       289M
-/+ buffers/cache:       327M       665M
Swap:         8.0G         0B       8.0G

             total       used       free     shared    buffers     cached
Mem:          992M       655M       336M       3.2M        38M       289M
-/+ buffers/cache:       326M       665M
Swap:         8.0G         0B       8.0G

             total       used       free     shared    buffers     cached
Mem:          992M       655M       337M       3.2M        38M       289M
-/+ buffers/cache:       326M       665M
Swap:         8.0G         0B       8.0G

             total       used       free     shared    buffers     cached
Mem:          992M       655M       337M       3.2M        38M       289M
-/+ buffers/cache:       326M       665M
Swap:         8.0G         0B       8.0G

             total       used       free     shared    buffers     cached
Mem:          992M       658M       333M       3.2M        38M       289M
-/+ buffers/cache:       329M       662M
Swap:         8.0G         0B       8.0G

             total       used       free     shared    buffers     cached
Mem:          992M       677M       315M       3.2M        38M       290M
-/+ buffers/cache:       348M       643M
Swap:         8.0G         0B       8.0G

             total       used       free     shared    buffers     cached
Mem:          992M       664M       327M       3.2M        38M       291M
-/+ buffers/cache:       334M       657M
Swap:         8.0G         0B       8.0G

             total       used       free     shared    buffers     cached
Mem:          992M       664M       327M       3.2M        38M       291M
-/+ buffers/cache:       334M       657M
Swap:         8.0G         0B       8.0G

             total       used       free     shared    buffers     cached
Mem:          992M       665M       327M       3.2M        38M       291M
-/+ buffers/cache:       334M       657M
Swap:         8.0G         0B       8.0G

             total       used       free     shared    buffers     cached
Mem:          992M       665M       327M       3.2M        38M       291M
-/+ buffers/cache:       334M       657M
Swap:         8.0G         0B       8.0G

             total       used       free     shared    buffers     cached
Mem:          992M       665M       327M       3.2M        38M       291M
-/+ buffers/cache:       334M       657M
Swap:         8.0G         0B       8.0G

             total       used       free     shared    buffers     cached
Mem:          992M       665M       327M       3.2M        38M       291M
-/+ buffers/cache:       334M       657M
Swap:         8.0G         0B       8.0G

             total       used       free     shared    buffers     cached
Mem:          992M       665M       327M       3.2M        38M       291M
-/+ buffers/cache:       334M       657M
Swap:         8.0G         0B       8.0G

             total       used       free     shared    buffers     cached
Mem:          992M       665M       327M       3.2M        38M       291M
-/+ buffers/cache:       334M       657M
Swap:         8.0G         0B       8.0G

             total       used       free     shared    buffers     cached
Mem:          992M       665M       327M       3.2M        38M       291M
-/+ buffers/cache:       334M       657M
Swap:         8.0G         0B       8.0G

             total       used       free     shared    buffers     cached
Mem:          992M       665M       327M       3.2M        38M       291M
-/+ buffers/cache:       334M       657M
Swap:         8.0G         0B       8.0G

             total       used       free     shared    buffers     cached
Mem:          992M       665M       327M       3.2M        38M       291M
-/+ buffers/cache:       334M       657M
Swap:         8.0G         0B       8.0G

             total       used       free     shared    buffers     cached
Mem:          992M       665M       327M       3.2M        38M       291M
-/+ buffers/cache:       334M       657M
Swap:         8.0G         0B       8.0G

             total       used       free     shared    buffers     cached
Mem:          992M       665M       327M       3.2M        38M       291M
-/+ buffers/cache:       334M       657M
Swap:         8.0G         0B       8.0G

             total       used       free     shared    buffers     cached
Mem:          992M       665M       327M       3.2M        38M       291M
-/+ buffers/cache:       334M       657M
Swap:         8.0G         0B       8.0G

             total       used       free     shared    buffers     cached
Mem:          992M       665M       327M       3.2M        38M       291M
-/+ buffers/cache:       334M       657M
Swap:         8.0G         0B       8.0G

             total       used       free     shared    buffers     cached
Mem:          992M       665M       327M       3.2M        38M       291M
-/+ buffers/cache:       334M       657M
Swap:         8.0G         0B       8.0G

             total       used       free     shared    buffers     cached
Mem:          992M       665M       327M       3.2M        38M       291M
-/+ buffers/cache:       334M       657M
Swap:         8.0G         0B       8.0G

             total       used       free     shared    buffers     cached
Mem:          992M       665M       327M       3.2M        38M       291M
-/+ buffers/cache:       334M       657M
Swap:         8.0G         0B       8.0G

             total       used       free     shared    buffers     cached
Mem:          992M       665M       327M       3.2M        38M       291M
-/+ buffers/cache:       334M       657M
Swap:         8.0G         0B       8.0G

             total       used       free     shared    buffers     cached
Mem:          992M       665M       327M       3.2M        38M       291M
-/+ buffers/cache:       334M       657M
Swap:         8.0G         0B       8.0G

             total       used       free     shared    buffers     cached
Mem:          992M       665M       327M       3.2M        38M       291M
-/+ buffers/cache:       334M       657M
Swap:         8.0G         0B       8.0G

             total       used       free     shared    buffers     cached
Mem:          992M       669M       322M       3.2M        38M       291M
-/+ buffers/cache:       338M       653M
Swap:         8.0G         0B       8.0G

             total       used       free     shared    buffers     cached
Mem:          992M       684M       307M       3.2M        38M       291M
-/+ buffers/cache:       354M       638M
Swap:         8.0G         0B       8.0G

             total       used       free     shared    buffers     cached
Mem:          992M       700M       291M       3.2M        38M       291M
-/+ buffers/cache:       370M       622M
Swap:         8.0G         0B       8.0G

             total       used       free     shared    buffers     cached
Mem:          992M       715M       276M       3.2M        38M       291M
-/+ buffers/cache:       385M       607M
Swap:         8.0G         0B       8.0G

             total       used       free     shared    buffers     cached
Mem:          992M       729M       262M       3.2M        38M       291M
-/+ buffers/cache:       398M       593M
Swap:         8.0G         0B       8.0G

             total       used       free     shared    buffers     cached
Mem:          992M       743M       248M       3.2M        38M       291M
-/+ buffers/cache:       413M       579M
Swap:         8.0G         0B       8.0G

             total       used       free     shared    buffers     cached
Mem:          992M       756M       235M       3.2M        38M       291M
-/+ buffers/cache:       426M       566M
Swap:         8.0G         0B       8.0G

             total       used       free     shared    buffers     cached
Mem:          992M       770M       221M       3.2M        38M       291M
-/+ buffers/cache:       440M       551M
Swap:         8.0G         0B       8.0G

             total       used       free     shared    buffers     cached
Mem:          992M       783M       209M       3.2M        38M       291M
-/+ buffers/cache:       452M       539M
Swap:         8.0G         0B       8.0G

             total       used       free     shared    buffers     cached
Mem:          992M       798M       194M       3.2M        38M       291M
-/+ buffers/cache:       467M       524M
Swap:         8.0G         0B       8.0G

             total       used       free     shared    buffers     cached
Mem:          992M       816M       176M       3.2M        38M       291M
-/+ buffers/cache:       485M       506M
Swap:         8.0G         0B       8.0G

             total       used       free     shared    buffers     cached
Mem:          992M       834M       157M       3.2M        38M       291M
-/+ buffers/cache:       503M       488M
Swap:         8.0G         0B       8.0G

             total       used       free     shared    buffers     cached
Mem:          992M       853M       138M       3.2M        38M       291M
-/+ buffers/cache:       522M       469M
Swap:         8.0G         0B       8.0G

             total       used       free     shared    buffers     cached
Mem:          992M       871M       120M       3.2M        38M       291M
-/+ buffers/cache:       540M       451M
Swap:         8.0G         0B       8.0G

             total       used       free     shared    buffers     cached
Mem:          992M       889M       102M       3.2M        38M       291M
-/+ buffers/cache:       559M       432M
Swap:         8.0G         0B       8.0G

             total       used       free     shared    buffers     cached
Mem:          992M       906M        85M       3.2M        38M       291M
-/+ buffers/cache:       575M       416M
Swap:         8.0G         0B       8.0G

             total       used       free     shared    buffers     cached
Mem:          992M       925M        66M       3.2M        38M       291M
-/+ buffers/cache:       595M       397M
Swap:         8.0G         0B       8.0G

             total       used       free     shared    buffers     cached
Mem:          992M       922M        69M       3.2M        18M       290M
-/+ buffers/cache:       614M       377M
Swap:         8.0G         0B       8.0G

             total       used       free     shared    buffers     cached
Mem:          992M       928M        63M       3.2M        10M       285M
-/+ buffers/cache:       632M       359M
Swap:         8.0G         0B       8.0G

             total       used       free     shared    buffers     cached
Mem:          992M       928M        63M       3.2M        10M       268M
-/+ buffers/cache:       650M       342M
Swap:         8.0G        76K       8.0G

             total       used       free     shared    buffers     cached
Mem:          992M       928M        63M       3.1M       9.7M       250M
-/+ buffers/cache:       669M       323M
Swap:         8.0G       172K       8.0G

             total       used       free     shared    buffers     cached
Mem:          992M       929M        62M       3.0M       9.7M       235M
-/+ buffers/cache:       684M       307M
Swap:         8.0G       3.8M       8.0G

             total       used       free     shared    buffers     cached
Mem:          992M       919M        73M       2.9M       9.7M       210M
-/+ buffers/cache:       698M       293M
Swap:         8.0G       8.3M       8.0G

             total       used       free     shared    buffers     cached
Mem:          992M       924M        67M       2.9M       3.0M       205M
-/+ buffers/cache:       716M       275M
Swap:         8.0G       8.3M       8.0G

             total       used       free     shared    buffers     cached
Mem:          992M       917M        74M       2.9M       644K       182M
-/+ buffers/cache:       734M       258M
Swap:         8.0G       8.3M       8.0G

             total       used       free     shared    buffers     cached
Mem:          992M       912M        79M       2.9M       224K       161M
-/+ buffers/cache:       750M       241M
Swap:         8.0G       8.3M       8.0G

             total       used       free     shared    buffers     cached
Mem:          992M       928M        63M       2.9M       224K       161M
-/+ buffers/cache:       766M       225M
Swap:         8.0G       8.3M       8.0G

             total       used       free     shared    buffers     cached
Mem:          992M       920M        71M       2.9M       232K       142M
-/+ buffers/cache:       777M       214M
Swap:         8.0G       8.3M       8.0G

             total       used       free     shared    buffers     cached
Mem:          992M       916M        75M       2.9M        84K       126M
-/+ buffers/cache:       790M       201M
Swap:         8.0G       8.3M       8.0G

             total       used       free     shared    buffers     cached
Mem:          992M       918M        73M       2.9M        88K       111M
-/+ buffers/cache:       807M       184M
Swap:         8.0G       8.3M       8.0G

             total       used       free     shared    buffers     cached
Mem:          992M       923M        68M       2.9M        88K        98M
-/+ buffers/cache:       825M       166M
Swap:         8.0G       8.3M       8.0G

             total       used       free     shared    buffers     cached
Mem:          992M       920M        71M       2.9M        92K        76M
-/+ buffers/cache:       844M       147M
Swap:         8.0G       8.3M       8.0G

             total       used       free     shared    buffers     cached
Mem:          992M       921M        70M       2.9M        92K        59M
-/+ buffers/cache:       862M       129M
Swap:         8.0G       8.3M       8.0G

             total       used       free     shared    buffers     cached
Mem:          992M       921M        70M       2.9M       232K        43M
-/+ buffers/cache:       877M       114M
Swap:         8.0G       8.3M       8.0G

             total       used       free     shared    buffers     cached
Mem:          992M       926M        65M       2.9M       556K        30M
-/+ buffers/cache:       895M        96M
Swap:         8.0G       8.3M       8.0G

             total       used       free     shared    buffers     cached
Mem:          992M       916M        76M       2.8M       632K       8.6M
-/+ buffers/cache:       906M        85M
Swap:         8.0G        22M       8.0G

             total       used       free     shared    buffers     cached
Mem:          992M       921M        70M       2.5M       320K       6.6M
-/+ buffers/cache:       914M        77M
Swap:         8.0G        34M       8.0G

             total       used       free     shared    buffers     cached
Mem:          992M       927M        64M       2.5M       176K       7.1M
-/+ buffers/cache:       920M        71M
Swap:         8.0G        49M       7.9G

             total       used       free     shared    buffers     cached
Mem:          992M       924M        67M       2.4M       2.8M        15M
-/+ buffers/cache:       906M        85M
Swap:         8.0G       115M       7.9G

             total       used       free     shared    buffers     cached
Mem:          992M       919M        72M       2.4M       1.8M        15M
-/+ buffers/cache:       902M        89M
Swap:         8.0G       115M       7.9G

             total       used       free     shared    buffers     cached
Mem:          992M       917M        74M       2.4M       904K        15M
-/+ buffers/cache:       900M        91M
Swap:         8.0G       115M       7.9G

             total       used       free     shared    buffers     cached
Mem:          992M       920M        71M       2.4M       908K        15M
-/+ buffers/cache:       904M        87M
Swap:         8.0G       121M       7.9G

             total       used       free     shared    buffers     cached
Mem:          992M       919M        72M       2.4M       908K        14M
-/+ buffers/cache:       904M        87M
Swap:         8.0G       149M       7.9G

             total       used       free     shared    buffers     cached
Mem:          992M       924M        67M       2.4M       904K        14M
-/+ buffers/cache:       909M        82M
Swap:         8.0G       149M       7.9G

             total       used       free     shared    buffers     cached
Mem:          992M       920M        71M       2.4M       592K        13M
-/+ buffers/cache:       906M        85M
Swap:         8.0G       179M       7.8G

             total       used       free     shared    buffers     cached
Mem:          992M       919M        72M       2.4M       496K        12M
-/+ buffers/cache:       906M        85M
Swap:         8.0G       181M       7.8G

             total       used       free     shared    buffers     cached
Mem:          992M       923M        68M       2.4M        84K       4.6M
-/+ buffers/cache:       919M        72M
Swap:         8.0G       197M       7.8G

             total       used       free     shared    buffers     cached
Mem:          992M       920M        71M       2.4M       496K       4.6M
-/+ buffers/cache:       915M        77M
Swap:         8.0G       208M       7.8G

             total       used       free     shared    buffers     cached
Mem:          992M       919M        72M       2.4M       496K       4.5M
-/+ buffers/cache:       914M        77M
Swap:         8.0G       231M       7.8G

             total       used       free     shared    buffers     cached
Mem:          992M       919M        72M       2.3M       496K       4.4M
-/+ buffers/cache:       915M        77M
Swap:         8.0G       240M       7.8G

             total       used       free     shared    buffers     cached
Mem:          992M       930M        61M       2.3M       504K       4.4M
-/+ buffers/cache:       925M        66M
Swap:         8.0G       240M       7.8G

             total       used       free     shared    buffers     cached
Mem:          992M       924M        67M       2.3M       504K       4.4M
-/+ buffers/cache:       919M        72M
Swap:         8.0G       268M       7.7G

             total       used       free     shared    buffers     cached
Mem:          992M       920M        71M       2.3M       504K       4.4M
-/+ buffers/cache:       915M        76M
Swap:         8.0G       268M       7.7G

             total       used       free     shared    buffers     cached
Mem:          992M       927M        65M       2.3M       504K       4.4M
-/+ buffers/cache:       922M        70M
Swap:         8.0G       268M       7.7G

             total       used       free     shared    buffers     cached
Mem:          992M       920M        72M       2.3M       504K       4.8M
-/+ buffers/cache:       914M        77M
Swap:         8.0G       294M       7.7G

             total       used       free     shared    buffers     cached
Mem:          992M       922M        69M       2.3M       512K       4.7M
-/+ buffers/cache:       917M        74M
Swap:         8.0G       294M       7.7G

             total       used       free     shared    buffers     cached
Mem:          992M       928M        63M       2.3M       512K       4.8M
-/+ buffers/cache:       923M        68M
Swap:         8.0G       294M       7.7G

             total       used       free     shared    buffers     cached
Mem:          992M       921M        70M       2.3M       512K       4.7M
-/+ buffers/cache:       916M        76M
Swap:         8.0G       294M       7.7G

             total       used       free     shared    buffers     cached
Mem:          992M       926M        65M       2.3M       512K       4.8M
-/+ buffers/cache:       921M        70M
Swap:         8.0G       294M       7.7G

             total       used       free     shared    buffers     cached
Mem:          992M       924M        67M       2.3M       512K       4.7M
-/+ buffers/cache:       919M        73M
Swap:         8.0G       303M       7.7G

             total       used       free     shared    buffers     cached
Mem:          992M       920M        71M       2.3M       520K       4.6M
-/+ buffers/cache:       915M        77M
Swap:         8.0G       309M       7.7G

             total       used       free     shared    buffers     cached
Mem:          992M       924M        67M       2.3M       520K       4.6M
-/+ buffers/cache:       919M        72M
Swap:         8.0G       309M       7.7G

             total       used       free     shared    buffers     cached
Mem:          992M       929M        62M       2.3M       520K       4.6M
-/+ buffers/cache:       924M        67M
Swap:         8.0G       309M       7.7G

             total       used       free     shared    buffers     cached
Mem:          992M       896M        95M       252K       508K       2.4M
-/+ buffers/cache:       893M        98M
Swap:         8.0G       364M       7.6G

             total       used       free     shared    buffers     cached
Mem:          992M       900M        91M       236K       508K       2.4M
-/+ buffers/cache:       898M        94M
Swap:         8.0G       364M       7.6G

             total       used       free     shared    buffers     cached
Mem:          992M       913M        78M       236K       508K       2.4M
-/+ buffers/cache:       910M        81M
Swap:         8.0G       349M       7.7G

             total       used       free     shared    buffers     cached
Mem:          992M       930M        61M       236K       516K       2.5M
-/+ buffers/cache:       927M        64M
Swap:         8.0G       327M       7.7G

             total       used       free     shared    buffers     cached
Mem:          992M       920M        71M       236K       472K       2.2M
-/+ buffers/cache:       917M        74M
Swap:         8.0G       322M       7.7G

             total       used       free     shared    buffers     cached
Mem:          992M       922M        69M       236K       472K       2.1M
-/+ buffers/cache:       920M        72M
Swap:         8.0G       319M       7.7G

             total       used       free     shared    buffers     cached
Mem:          992M       920M        71M       236K       340K       2.0M
-/+ buffers/cache:       918M        73M
Swap:         8.0G       321M       7.7G

             total       used       free     shared    buffers     cached
Mem:          992M       930M        62M       224K        76K       1.7M
-/+ buffers/cache:       928M        63M
Swap:         8.0G       320M       7.7G

             total       used       free     shared    buffers     cached
Mem:          992M       929M        62M       220K        84K       1.5M
-/+ buffers/cache:       928M        64M
Swap:         8.0G       430M       7.6G

             total       used       free     shared    buffers     cached
Mem:          992M       902M        90M       220K        84K       1.5M
-/+ buffers/cache:       900M        91M
Swap:         8.0G       402M       7.6G

             total       used       free     shared    buffers     cached
Mem:          992M       904M        87M       220K        84K       1.6M
-/+ buffers/cache:       902M        89M
Swap:         8.0G       399M       7.6G

             total       used       free     shared    buffers     cached
Mem:          992M       922M        69M       220K        84K       1.6M
-/+ buffers/cache:       921M        70M
Swap:         8.0G       350M       7.7G

             total       used       free     shared    buffers     cached
Mem:          992M       931M        61M       220K        84K       1.6M
-/+ buffers/cache:       929M        62M
Swap:         8.0G       308M       7.7G

             total       used       free     shared    buffers     cached
Mem:          992M       924M        67M         0B       112K       1.5M
-/+ buffers/cache:       922M        69M
Swap:         8.0G       318M       7.7G

             total       used       free     shared    buffers     cached
Mem:          992M       920M        71M         0B       112K       1.5M
-/+ buffers/cache:       919M        73M
Swap:         8.0G       324M       7.7G

             total       used       free     shared    buffers     cached
Mem:          992M       919M        72M         0B       112K       1.9M
-/+ buffers/cache:       917M        74M
Swap:         8.0G       321M       7.7G

             total       used       free     shared    buffers     cached
Mem:          992M       923M        69M         0B       116K       1.9M
-/+ buffers/cache:       920M        71M
Swap:         8.0G       320M       7.7G

             total       used       free     shared    buffers     cached
Mem:          992M       928M        63M         0B       116K       1.9M
-/+ buffers/cache:       926M        65M
Swap:         8.0G       319M       7.7G

             total       used       free     shared    buffers     cached
Mem:          992M       919M        72M         0B       116K       1.9M
-/+ buffers/cache:       917M        74M
Swap:         8.0G       348M       7.7G

             total       used       free     shared    buffers     cached
Mem:          992M       921M        70M         0B       124K       1.9M
-/+ buffers/cache:       919M        72M
Swap:         8.0G       348M       7.7G

             total       used       free     shared    buffers     cached
Mem:          992M       926M        65M         0B       124K       1.9M
-/+ buffers/cache:       924M        67M
Swap:         8.0G       348M       7.7G

             total       used       free     shared    buffers     cached
Mem:          992M       919M        72M         0B       124K       1.9M
-/+ buffers/cache:       917M        74M
Swap:         8.0G       348M       7.7G

             total       used       free     shared    buffers     cached
Mem:          992M       925M        67M         0B       124K       1.9M
-/+ buffers/cache:       923M        69M
Swap:         8.0G       348M       7.7G

             total       used       free     shared    buffers     cached
Mem:          992M       924M        68M         0B       124K       1.9M
-/+ buffers/cache:       922M        70M
Swap:         8.0G       356M       7.6G

             total       used       free     shared    buffers     cached
Mem:          992M       919M        72M         0B       132K       1.9M
-/+ buffers/cache:       917M        74M
Swap:         8.0G       369M       7.6G

             total       used       free     shared    buffers     cached
Mem:          992M       922M        70M         0B       132K       1.9M
-/+ buffers/cache:       920M        72M
Swap:         8.0G       368M       7.6G

             total       used       free     shared    buffers     cached
Mem:          992M       923M        68M         0B       132K       1.9M
-/+ buffers/cache:       921M        70M
Swap:         8.0G       368M       7.6G

             total       used       free     shared    buffers     cached
Mem:          992M       924M        67M         0B       132K       1.9M
-/+ buffers/cache:       922M        69M
Swap:         8.0G       368M       7.6G

             total       used       free     shared    buffers     cached
Mem:          992M       925M        66M         0B       132K       1.9M
-/+ buffers/cache:       923M        68M
Swap:         8.0G       367M       7.6G

             total       used       free     shared    buffers     cached
Mem:          992M       927M        64M         0B       140K       1.9M
-/+ buffers/cache:       925M        66M
Swap:         8.0G       367M       7.6G

             total       used       free     shared    buffers     cached
Mem:          992M       920M        71M         0B        80K        14M
-/+ buffers/cache:       905M        86M
Swap:         8.0G       389M       7.6G

             total       used       free     shared    buffers     cached
Mem:          992M       922M        69M         0B       528K        15M
-/+ buffers/cache:       906M        85M
Swap:         8.0G       389M       7.6G

             total       used       free     shared    buffers     cached
Mem:          992M       925M        66M         0B       672K        16M
-/+ buffers/cache:       908M        84M
Swap:         8.0G       388M       7.6G

             total       used       free     shared    buffers     cached
Mem:          992M       927M        64M         0B       672K        16M
-/+ buffers/cache:       909M        82M
Swap:         8.0G       388M       7.6G

             total       used       free     shared    buffers     cached
Mem:          992M       929M        62M         0B       680K        17M
-/+ buffers/cache:       911M        80M
Swap:         8.0G       387M       7.6G

             total       used       free     shared    buffers     cached
Mem:          992M       930M        61M         0B       680K        17M
-/+ buffers/cache:       912M        79M
Swap:         8.0G       387M       7.6G

             total       used       free     shared    buffers     cached
Mem:          992M       902M        89M         0B       680K        13M
-/+ buffers/cache:       888M       103M
Swap:         8.0G       418M       7.6G

             total       used       free     shared    buffers     cached
Mem:          992M       903M        88M         0B       680K        13M
-/+ buffers/cache:       889M       102M
Swap:         8.0G       417M       7.6G

             total       used       free     shared    buffers     cached
Mem:          992M       905M        86M         0B       680K        13M
-/+ buffers/cache:       891M       100M
Swap:         8.0G       416M       7.6G

             total       used       free     shared    buffers     cached
Mem:          992M       907M        84M         0B       680K        13M
-/+ buffers/cache:       893M        98M
Swap:         8.0G       415M       7.6G

             total       used       free     shared    buffers     cached
Mem:          992M       908M        83M         0B       688K        13M
-/+ buffers/cache:       894M        97M
Swap:         8.0G       415M       7.6G

             total       used       free     shared    buffers     cached
Mem:          992M       910M        81M         0B       688K        13M
-/+ buffers/cache:       896M        95M
Swap:         8.0G       414M       7.6G

             total       used       free     shared    buffers     cached
Mem:          992M       912M        79M         0B       688K        13M
-/+ buffers/cache:       898M        93M
Swap:         8.0G       413M       7.6G

             total       used       free     shared    buffers     cached
Mem:          992M       914M        78M         0B       688K        13M
-/+ buffers/cache:       900M        92M
Swap:         8.0G       412M       7.6G

             total       used       free     shared    buffers     cached
Mem:          992M       916M        76M         0B       688K        13M
-/+ buffers/cache:       902M        90M
Swap:         8.0G       411M       7.6G

             total       used       free     shared    buffers     cached
Mem:          992M       918M        74M         0B       696K        13M
-/+ buffers/cache:       904M        88M
Swap:         8.0G       410M       7.6G

             total       used       free     shared    buffers     cached
Mem:          992M       919M        72M         0B       696K        13M
-/+ buffers/cache:       905M        86M
Swap:         8.0G       409M       7.6G

             total       used       free     shared    buffers     cached
Mem:          992M       921M        70M         0B       696K        13M
-/+ buffers/cache:       907M        84M
Swap:         8.0G       408M       7.6G

             total       used       free     shared    buffers     cached
Mem:          992M       923M        68M         0B       696K        13M
-/+ buffers/cache:       909M        82M
Swap:         8.0G       408M       7.6G

             total       used       free     shared    buffers     cached
Mem:          992M       924M        67M         0B       696K        13M
-/+ buffers/cache:       910M        81M
Swap:         8.0G       407M       7.6G

             total       used       free     shared    buffers     cached
Mem:          992M       926M        65M         0B       704K        13M
-/+ buffers/cache:       912M        79M
Swap:         8.0G       406M       7.6G

             total       used       free     shared    buffers     cached
Mem:          992M       928M        63M         0B       704K        13M
-/+ buffers/cache:       914M        77M
Swap:         8.0G       405M       7.6G

             total       used       free     shared    buffers     cached
Mem:          992M       930M        61M         0B       704K        13M
-/+ buffers/cache:       916M        75M
Swap:         8.0G       404M       7.6G

             total       used       free     shared    buffers     cached
Mem:          992M       919M        72M         0B       704K        12M
-/+ buffers/cache:       906M        86M
Swap:         8.0G       414M       7.6G

             total       used       free     shared    buffers     cached
Mem:          992M       921M        71M         0B       704K        12M
-/+ buffers/cache:       907M        84M
Swap:         8.0G       413M       7.6G

             total       used       free     shared    buffers     cached
Mem:          992M       922M        69M         0B       704K        12M
-/+ buffers/cache:       909M        82M
Swap:         8.0G       413M       7.6G

             total       used       free     shared    buffers     cached
Mem:          992M       924M        67M         0B       712K        12M
-/+ buffers/cache:       911M        81M
Swap:         8.0G       412M       7.6G

             total       used       free     shared    buffers     cached
Mem:          992M       925M        66M         0B       712K        12M
-/+ buffers/cache:       912M        79M
Swap:         8.0G       411M       7.6G

             total       used       free     shared    buffers     cached
Mem:          992M       927M        64M         0B       712K        12M
-/+ buffers/cache:       914M        77M
Swap:         8.0G       410M       7.6G

             total       used       free     shared    buffers     cached
Mem:          992M       929M        62M         0B       712K        12M
-/+ buffers/cache:       916M        75M
Swap:         8.0G       409M       7.6G

             total       used       free     shared    buffers     cached
Mem:          992M       921M        70M         0B       712K        12M
-/+ buffers/cache:       908M        83M
Swap:         8.0G       421M       7.6G

             total       used       free     shared    buffers     cached
Mem:          992M       912M        79M         0B       720K        11M
-/+ buffers/cache:       900M        91M
Swap:         8.0G       431M       7.6G

             total       used       free     shared    buffers     cached
Mem:          992M       914M        77M         0B       720K        11M
-/+ buffers/cache:       902M        90M
Swap:         8.0G       430M       7.6G

             total       used       free     shared    buffers     cached
Mem:          992M       916M        76M         0B       720K        11M
-/+ buffers/cache:       903M        88M
Swap:         8.0G       429M       7.6G

             total       used       free     shared    buffers     cached
Mem:          992M       917M        74M         0B       720K        11M
-/+ buffers/cache:       905M        86M
Swap:         8.0G       428M       7.6G

             total       used       free     shared    buffers     cached
Mem:          992M       919M        72M         0B       720K        11M
-/+ buffers/cache:       907M        84M
Swap:         8.0G       427M       7.6G

             total       used       free     shared    buffers     cached
Mem:          992M       921M        70M         0B       728K        11M
-/+ buffers/cache:       909M        82M
Swap:         8.0G       426M       7.6G

             total       used       free     shared    buffers     cached
Mem:          992M       923M        68M         0B       728K        11M
-/+ buffers/cache:       911M        80M
Swap:         8.0G       426M       7.6G

             total       used       free     shared    buffers     cached
Mem:          992M       925M        66M         0B       728K        11M
-/+ buffers/cache:       913M        79M
Swap:         8.0G       425M       7.6G

             total       used       free     shared    buffers     cached
Mem:          992M       927M        64M         0B       728K        11M
-/+ buffers/cache:       915M        77M
Swap:         8.0G       424M       7.6G

             total       used       free     shared    buffers     cached
Mem:          992M       929M        63M         0B       728K        11M
-/+ buffers/cache:       916M        75M
Swap:         8.0G       423M       7.6G

             total       used       free     shared    buffers     cached
Mem:          992M       930M        61M         0B       728K        11M
-/+ buffers/cache:       918M        73M
Swap:         8.0G       422M       7.6G

             total       used       free     shared    buffers     cached
Mem:          992M       917M        74M         0B       736K        10M
-/+ buffers/cache:       906M        85M
Swap:         8.0G       432M       7.6G

             total       used       free     shared    buffers     cached
Mem:          992M       919M        72M         0B       736K        10M
-/+ buffers/cache:       908M        83M
Swap:         8.0G       431M       7.6G

             total       used       free     shared    buffers     cached
Mem:          992M       921M        70M         0B       736K        10M
-/+ buffers/cache:       910M        82M
Swap:         8.0G       431M       7.6G

             total       used       free     shared    buffers     cached
Mem:          992M       923M        69M         0B       736K        10M
-/+ buffers/cache:       911M        80M
Swap:         8.0G       430M       7.6G

             total       used       free     shared    buffers     cached
Mem:          992M       924M        67M         0B       736K        10M
-/+ buffers/cache:       913M        78M
Swap:         8.0G       429M       7.6G

             total       used       free     shared    buffers     cached
Mem:          992M       926M        65M         0B       744K        10M
-/+ buffers/cache:       915M        76M
Swap:         8.0G       428M       7.6G

             total       used       free     shared    buffers     cached
Mem:          992M       928M        63M         0B       744K        10M
-/+ buffers/cache:       917M        75M
Swap:         8.0G       427M       7.6G

             total       used       free     shared    buffers     cached
Mem:          992M       930M        62M         0B       744K        10M
-/+ buffers/cache:       918M        73M
Swap:         8.0G       426M       7.6G

             total       used       free     shared    buffers     cached
Mem:          992M       920M        72M         0B        88K       6.6M
-/+ buffers/cache:       913M        78M
Swap:         8.0G       428M       7.6G

             total       used       free     shared    buffers     cached
Mem:          992M       921M        70M         0B        96K       6.7M
-/+ buffers/cache:       915M        77M
Swap:         8.0G       427M       7.6G

             total       used       free     shared    buffers     cached
Mem:          992M       923M        68M         0B       104K       6.7M
-/+ buffers/cache:       916M        75M
Swap:         8.0G       427M       7.6G

             total       used       free     shared    buffers     cached
Mem:          992M       925M        66M         0B       104K       6.6M
-/+ buffers/cache:       918M        73M
Swap:         8.0G       426M       7.6G

             total       used       free     shared    buffers     cached
Mem:          992M       939M        52M         0B       360K        28M
-/+ buffers/cache:       911M        80M
Swap:         8.0G       448M       7.6G

             total       used       free     shared    buffers     cached
Mem:          992M       899M        93M        16K       504K        28M
-/+ buffers/cache:       869M       122M
Swap:         8.0G       483M       7.5G

             total       used       free     shared    buffers     cached
Mem:          992M       900M        91M        16K       508K        28M
-/+ buffers/cache:       871M       120M
Swap:         8.0G       483M       7.5G

             total       used       free     shared    buffers     cached
Mem:          992M       902M        89M        16K       508K        28M
-/+ buffers/cache:       873M       119M
Swap:         8.0G       482M       7.5G

             total       used       free     shared    buffers     cached
Mem:          992M       904M        87M        16K       508K        30M
-/+ buffers/cache:       873M       118M
Swap:         8.0G       482M       7.5G

             total       used       free     shared    buffers     cached
Mem:          992M       905M        86M        16K       508K        30M
-/+ buffers/cache:       874M       117M
Swap:         8.0G       481M       7.5G

             total       used       free     shared    buffers     cached
Mem:          992M       911M        81M        16K       516K        34M
-/+ buffers/cache:       875M       116M
Swap:         8.0G       480M       7.5G

             total       used       free     shared    buffers     cached
Mem:          992M       912M        79M        16K       828K        34M
-/+ buffers/cache:       877M       115M
Swap:         8.0G       480M       7.5G

             total       used       free     shared    buffers     cached
Mem:          992M       913M        78M        16K       828K        34M
-/+ buffers/cache:       878M       113M
Swap:         8.0G       479M       7.5G

             total       used       free     shared    buffers     cached
Mem:          992M       915M        77M        16K       828K        34M
-/+ buffers/cache:       879M       112M
Swap:         8.0G       479M       7.5G

             total       used       free     shared    buffers     cached
Mem:          992M       916M        75M        16K       828K        34M
-/+ buffers/cache:       880M       111M
Swap:         8.0G       478M       7.5G

             total       used       free     shared    buffers     cached
Mem:          992M       917M        74M        16K       836K        34M
-/+ buffers/cache:       881M       110M
Swap:         8.0G       477M       7.5G

             total       used       free     shared    buffers     cached
Mem:          992M       920M        71M        16K       836K        35M
-/+ buffers/cache:       884M       107M
Swap:         8.0G       476M       7.5G

             total       used       free     shared    buffers     cached
Mem:          992M       921M        70M        16K       836K        35M
-/+ buffers/cache:       885M       106M
Swap:         8.0G       476M       7.5G

             total       used       free     shared    buffers     cached
Mem:          992M       923M        69M        16K       836K        35M
-/+ buffers/cache:       886M       105M
Swap:         8.0G       475M       7.5G

             total       used       free     shared    buffers     cached
Mem:          992M       924M        67M        16K       836K        35M
-/+ buffers/cache:       887M       104M
Swap:         8.0G       475M       7.5G

             total       used       free     shared    buffers     cached
Mem:          992M       925M        66M        16K       836K        35M
-/+ buffers/cache:       889M       103M
Swap:         8.0G       474M       7.5G

             total       used       free     shared    buffers     cached
Mem:          992M       926M        65M        16K       844K        35M
-/+ buffers/cache:       890M       102M
Swap:         8.0G       474M       7.5G

             total       used       free     shared    buffers     cached
Mem:          992M       927M        64M        16K       844K        35M
-/+ buffers/cache:       891M       100M
Swap:         8.0G       473M       7.5G

             total       used       free     shared    buffers     cached
Mem:          992M       928M        63M        16K       844K        35M
-/+ buffers/cache:       892M        99M
Swap:         8.0G       472M       7.5G

             total       used       free     shared    buffers     cached
Mem:          992M       929M        62M        16K       844K        35M
-/+ buffers/cache:       893M        98M
Swap:         8.0G       472M       7.5G

             total       used       free     shared    buffers     cached
Mem:          992M       930M        61M        16K       844K        35M
-/+ buffers/cache:       894M        97M
Swap:         8.0G       472M       7.5G

             total       used       free     shared    buffers     cached
Mem:          992M       918M        73M        16K       852K        34M
-/+ buffers/cache:       883M       108M
Swap:         8.0G       480M       7.5G

             total       used       free     shared    buffers     cached
Mem:          992M       919M        72M        16K       852K        34M
-/+ buffers/cache:       883M       108M
Swap:         8.0G       480M       7.5G

             total       used       free     shared    buffers     cached
Mem:          992M       920M        71M        16K       852K        34M
-/+ buffers/cache:       885M       106M
Swap:         8.0G       479M       7.5G

             total       used       free     shared    buffers     cached
Mem:          992M       921M        70M        16K       852K        34M
-/+ buffers/cache:       886M       105M
Swap:         8.0G       479M       7.5G

             total       used       free     shared    buffers     cached
Mem:          992M       922M        69M        16K       852K        34M
-/+ buffers/cache:       887M       104M
Swap:         8.0G       478M       7.5G

             total       used       free     shared    buffers     cached
Mem:          992M       923M        68M        16K       852K        34M
-/+ buffers/cache:       888M       103M
Swap:         8.0G       478M       7.5G

             total       used       free     shared    buffers     cached
Mem:          992M       925M        67M        16K       860K        34M
-/+ buffers/cache:       889M       102M
Swap:         8.0G       477M       7.5G

             total       used       free     shared    buffers     cached
Mem:          992M       926M        66M        16K       860K        34M
-/+ buffers/cache:       890M       101M
Swap:         8.0G       477M       7.5G

             total       used       free     shared    buffers     cached
Mem:          992M       927M        65M        16K       860K        34M
-/+ buffers/cache:       891M       100M
Swap:         8.0G       476M       7.5G

             total       used       free     shared    buffers     cached
Mem:          992M       928M        63M        16K       860K        34M
-/+ buffers/cache:       892M        99M
Swap:         8.0G       476M       7.5G

             total       used       free     shared    buffers     cached
Mem:          992M       929M        62M        16K       860K        34M
-/+ buffers/cache:       893M        98M
Swap:         8.0G       475M       7.5G

             total       used       free     shared    buffers     cached
Mem:          992M       930M        61M        16K       868K        34M
-/+ buffers/cache:       894M        97M
Swap:         8.0G       475M       7.5G

             total       used       free     shared    buffers     cached
Mem:          992M       931M        60M        16K       868K        34M
-/+ buffers/cache:       895M        96M
Swap:         8.0G       475M       7.5G

             total       used       free     shared    buffers     cached
Mem:          992M       914M        77M        16K       564K        31M
-/+ buffers/cache:       882M       110M
Swap:         8.0G       491M       7.5G

             total       used       free     shared    buffers     cached
Mem:          992M       915M        76M        16K       564K        31M
-/+ buffers/cache:       883M       109M
Swap:         8.0G       491M       7.5G

             total       used       free     shared    buffers     cached
Mem:          992M       916M        75M        16K       564K        31M
-/+ buffers/cache:       884M       107M
Swap:         8.0G       490M       7.5G

             total       used       free     shared    buffers     cached
Mem:          992M       917M        74M        16K       564K        31M
-/+ buffers/cache:       885M       106M
Swap:         8.0G       489M       7.5G

             total       used       free     shared    buffers     cached
Mem:          992M       918M        73M        16K       572K        31M
-/+ buffers/cache:       886M       105M
Swap:         8.0G       489M       7.5G

             total       used       free     shared    buffers     cached
Mem:          992M       919M        72M        16K       572K        31M
-/+ buffers/cache:       887M       104M
Swap:         8.0G       488M       7.5G

             total       used       free     shared    buffers     cached
Mem:          992M       921M        71M        16K       572K        31M
-/+ buffers/cache:       889M       103M
Swap:         8.0G       488M       7.5G

             total       used       free     shared    buffers     cached
Mem:          992M       922M        69M        16K       572K        31M
-/+ buffers/cache:       890M       101M
Swap:         8.0G       487M       7.5G

             total       used       free     shared    buffers     cached
Mem:          992M       923M        68M        16K       572K        31M
-/+ buffers/cache:       891M       100M
Swap:         8.0G       487M       7.5G

             total       used       free     shared    buffers     cached
Mem:          992M       924M        67M        16K       580K        31M
-/+ buffers/cache:       892M        99M
Swap:         8.0G       486M       7.5G

             total       used       free     shared    buffers     cached
Mem:          992M       925M        66M        16K       580K        31M
-/+ buffers/cache:       893M        98M
Swap:         8.0G       486M       7.5G

             total       used       free     shared    buffers     cached
Mem:          992M       926M        65M        16K       580K        31M
-/+ buffers/cache:       894M        97M
Swap:         8.0G       485M       7.5G

             total       used       free     shared    buffers     cached
Mem:          992M       927M        64M        16K       580K        31M
-/+ buffers/cache:       895M        96M
Swap:         8.0G       485M       7.5G

             total       used       free     shared    buffers     cached
Mem:          992M       929M        63M        16K       580K        31M
-/+ buffers/cache:       896M        95M
Swap:         8.0G       484M       7.5G

             total       used       free     shared    buffers     cached
Mem:          992M       929M        62M        16K       580K        31M
-/+ buffers/cache:       897M        94M
Swap:         8.0G       484M       7.5G

             total       used       free     shared    buffers     cached
Mem:          992M       931M        61M        16K       588K        31M
-/+ buffers/cache:       898M        93M
Swap:         8.0G       483M       7.5G

             total       used       free     shared    buffers     cached
Mem:          992M       918M        73M        16K       568K        30M
-/+ buffers/cache:       887M       104M
Swap:         8.0G       494M       7.5G

             total       used       free     shared    buffers     cached
Mem:          992M       919M        72M        16K       568K        30M
-/+ buffers/cache:       889M       103M
Swap:         8.0G       494M       7.5G

             total       used       free     shared    buffers     cached
Mem:          992M       920M        71M        16K       568K        30M
-/+ buffers/cache:       890M       101M
Swap:         8.0G       493M       7.5G

             total       used       free     shared    buffers     cached
Mem:          992M       922M        70M        16K       568K        30M
-/+ buffers/cache:       891M       100M
Swap:         8.0G       493M       7.5G

             total       used       free     shared    buffers     cached
Mem:          992M       923M        68M        16K       576K        30M
-/+ buffers/cache:       892M        99M
Swap:         8.0G       492M       7.5G

             total       used       free     shared    buffers     cached
Mem:          992M       924M        67M        16K       576K        30M
-/+ buffers/cache:       894M        98M
Swap:         8.0G       491M       7.5G

             total       used       free     shared    buffers     cached
Mem:          992M       926M        66M        16K       576K        30M
-/+ buffers/cache:       895M        96M
Swap:         8.0G       490M       7.5G

             total       used       free     shared    buffers     cached
Mem:          992M       927M        64M        16K       576K        30M
-/+ buffers/cache:       896M        95M
Swap:         8.0G       490M       7.5G

             total       used       free     shared    buffers     cached
Mem:          992M       928M        63M        16K       576K        30M
-/+ buffers/cache:       897M        94M
Swap:         8.0G       489M       7.5G

             total       used       free     shared    buffers     cached
Mem:          992M       929M        62M        16K       576K        30M
-/+ buffers/cache:       898M        93M
Swap:         8.0G       489M       7.5G

             total       used       free     shared    buffers     cached
Mem:          992M       930M        61M        16K       584K        30M
-/+ buffers/cache:       900M        92M
Swap:         8.0G       488M       7.5G

             total       used       free     shared    buffers     cached
Mem:          992M       918M        73M        16K       576K        29M
-/+ buffers/cache:       888M       103M
Swap:         8.0G       500M       7.5G

             total       used       free     shared    buffers     cached
Mem:          992M       919M        72M        16K       576K        29M
-/+ buffers/cache:       890M       102M
Swap:         8.0G       500M       7.5G

             total       used       free     shared    buffers     cached
Mem:          992M       921M        70M        16K       576K        29M
-/+ buffers/cache:       891M       100M
Swap:         8.0G       499M       7.5G

             total       used       free     shared    buffers     cached
Mem:          992M       922M        69M        16K       576K        29M
-/+ buffers/cache:       892M        99M
Swap:         8.0G       498M       7.5G

             total       used       free     shared    buffers     cached
Mem:          992M       924M        67M        16K       720K        30M
-/+ buffers/cache:       893M        98M
Swap:         8.0G       498M       7.5G

             total       used       free     shared    buffers     cached
Mem:          992M       926M        65M        20K       720K        30M
-/+ buffers/cache:       895M        97M
Swap:         8.0G       497M       7.5G

             total       used       free     shared    buffers     cached
Mem:          992M       927M        64M        20K       720K        30M
-/+ buffers/cache:       896M        95M
Swap:         8.0G       497M       7.5G

             total       used       free     shared    buffers     cached
Mem:          992M       928M        63M        20K       720K        30M
-/+ buffers/cache:       897M        94M
Swap:         8.0G       496M       7.5G

             total       used       free     shared    buffers     cached
Mem:          992M       907M        85M        20K       720K        29M
-/+ buffers/cache:       877M       114M
Swap:         8.0G       518M       7.5G

             total       used       free     shared    buffers     cached
Mem:          992M       908M        84M        20K       720K        29M
-/+ buffers/cache:       878M       113M
Swap:         8.0G       518M       7.5G

             total       used       free     shared    buffers     cached
Mem:          992M       909M        83M        20K       728K        29M
-/+ buffers/cache:       879M       112M
Swap:         8.0G       517M       7.5G

             total       used       free     shared    buffers     cached
Mem:          992M       917M        74M        20K       728K        32M
-/+ buffers/cache:       884M       107M
Swap:         8.0G       515M       7.5G

             total       used       free     shared    buffers     cached
Mem:          992M       918M        74M        20K       728K        32M
-/+ buffers/cache:       885M       106M
Swap:         8.0G       515M       7.5G

             total       used       free     shared    buffers     cached
Mem:          992M       918M        73M        20K       728K        32M
-/+ buffers/cache:       885M       106M
Swap:         8.0G       514M       7.5G

             total       used       free     shared    buffers     cached
Mem:          992M       919M        72M        20K       728K        32M
-/+ buffers/cache:       886M       105M
Swap:         8.0G       514M       7.5G

             total       used       free     shared    buffers     cached
Mem:          992M       920M        72M        20K       736K        32M
-/+ buffers/cache:       887M       104M
Swap:         8.0G       513M       7.5G

             total       used       free     shared    buffers     cached
Mem:          992M       920M        71M        20K       736K        32M
-/+ buffers/cache:       887M       104M
Swap:         8.0G       513M       7.5G

             total       used       free     shared    buffers     cached
Mem:          992M       921M        70M        20K       736K        32M
-/+ buffers/cache:       888M       103M
Swap:         8.0G       513M       7.5G

             total       used       free     shared    buffers     cached
Mem:          992M       922M        69M        20K       736K        32M
-/+ buffers/cache:       889M       102M
Swap:         8.0G       512M       7.5G

             total       used       free     shared    buffers     cached
Mem:          992M       922M        69M        20K       736K        32M
-/+ buffers/cache:       889M       102M
Swap:         8.0G       512M       7.5G

             total       used       free     shared    buffers     cached
Mem:          992M       923M        68M        20K       736K        32M
-/+ buffers/cache:       890M       101M
Swap:         8.0G       512M       7.5G

             total       used       free     shared    buffers     cached
Mem:          992M       928M        63M       176K       744K        35M
-/+ buffers/cache:       892M        99M
Swap:         8.0G       510M       7.5G

             total       used       free     shared    buffers     cached
Mem:          992M       916M        75M       3.9M       3.9M        49M
-/+ buffers/cache:       862M       129M
Swap:         8.0G       559M       7.5G

             total       used       free     shared    buffers     cached
Mem:          992M       919M        72M       3.9M       5.2M        63M
-/+ buffers/cache:       850M       141M
Swap:         8.0G       558M       7.5G

             total       used       free     shared    buffers     cached
Mem:          992M       927M        64M       3.9M       5.2M        69M
-/+ buffers/cache:       853M       138M
Swap:         8.0G       558M       7.5G

             total       used       free     shared    buffers     cached
Mem:          992M       921M        71M       212K       4.4M        62M
-/+ buffers/cache:       853M       138M
Swap:         8.0G       573M       7.4G

             total       used       free     shared    buffers     cached
Mem:          992M       922M        69M       212K       4.5M        62M
-/+ buffers/cache:       855M       137M
Swap:         8.0G       573M       7.4G

             total       used       free     shared    buffers     cached
Mem:          992M       923M        68M       212K       4.5M        62M
-/+ buffers/cache:       856M       136M
Swap:         8.0G       572M       7.4G

             total       used       free     shared    buffers     cached
Mem:          992M       924M        67M       212K       4.5M        62M
-/+ buffers/cache:       857M       134M
Swap:         8.0G       571M       7.4G

             total       used       free     shared    buffers     cached
Mem:          992M       927M        64M       212K       4.6M        63M
-/+ buffers/cache:       858M       133M
Swap:         8.0G       571M       7.4G

             total       used       free     shared    buffers     cached
Mem:          992M       928M        63M       212K       4.6M        63M
-/+ buffers/cache:       860M       131M
Swap:         8.0G       570M       7.4G

             total       used       free     shared    buffers     cached
Mem:          992M       930M        61M       212K       4.6M        63M
-/+ buffers/cache:       861M       130M
Swap:         8.0G       569M       7.4G

             total       used       free     shared    buffers     cached
Mem:          992M       917M        74M       212K       4.6M        62M
-/+ buffers/cache:       850M       141M
Swap:         8.0G       571M       7.4G

             total       used       free     shared    buffers     cached
Mem:          992M       918M        73M       212K       4.6M        62M
-/+ buffers/cache:       851M       140M
Swap:         8.0G       571M       7.4G

             total       used       free     shared    buffers     cached
Mem:          992M       919M        72M       212K       4.6M        62M
-/+ buffers/cache:       852M       139M
Swap:         8.0G       570M       7.4G

             total       used       free     shared    buffers     cached
Mem:          992M       921M        71M       212K       4.6M        62M
-/+ buffers/cache:       854M       138M
Swap:         8.0G       569M       7.4G

             total       used       free     shared    buffers     cached
Mem:          992M       922M        69M       212K       4.6M        62M
-/+ buffers/cache:       855M       136M
Swap:         8.0G       569M       7.4G

             total       used       free     shared    buffers     cached
Mem:          992M       923M        68M       212K       4.6M        62M
-/+ buffers/cache:       856M       135M
Swap:         8.0G       568M       7.4G

             total       used       free     shared    buffers     cached
Mem:          992M       925M        67M       212K       4.6M        62M
-/+ buffers/cache:       858M       134M
Swap:         8.0G       567M       7.4G

             total       used       free     shared    buffers     cached
Mem:          992M       926M        65M       212K       4.6M        62M
-/+ buffers/cache:       859M       132M
Swap:         8.0G       567M       7.4G

             total       used       free     shared    buffers     cached
Mem:          992M       927M        64M       212K       4.6M        62M
-/+ buffers/cache:       860M       131M
Swap:         8.0G       566M       7.4G

             total       used       free     shared    buffers     cached
Mem:          992M       929M        62M       212K       4.6M        62M
-/+ buffers/cache:       861M       130M
Swap:         8.0G       566M       7.4G

             total       used       free     shared    buffers     cached
Mem:          992M       930M        61M       212K       4.6M        62M
-/+ buffers/cache:       863M       128M
Swap:         8.0G       565M       7.4G

             total       used       free     shared    buffers     cached
Mem:          992M       917M        75M       212K       4.6M        60M
-/+ buffers/cache:       852M       139M
Swap:         8.0G       581M       7.4G

             total       used       free     shared    buffers     cached
Mem:          992M       918M        73M       212K       4.6M        60M
-/+ buffers/cache:       853M       138M
Swap:         8.0G       580M       7.4G

             total       used       free     shared    buffers     cached
Mem:          992M       919M        72M       212K       4.6M        60M
-/+ buffers/cache:       854M       137M
Swap:         8.0G       580M       7.4G

             total       used       free     shared    buffers     cached
Mem:          992M       920M        71M       212K       4.6M        60M
-/+ buffers/cache:       855M       136M
Swap:         8.0G       579M       7.4G

             total       used       free     shared    buffers     cached
Mem:          992M       921M        70M       212K       4.6M        60M
-/+ buffers/cache:       857M       135M
Swap:         8.0G       579M       7.4G

             total       used       free     shared    buffers     cached
Mem:          992M       923M        68M       212K       4.6M        60M
-/+ buffers/cache:       858M       133M
Swap:         8.0G       578M       7.4G

             total       used       free     shared    buffers     cached
Mem:          992M       924M        67M       212K       4.6M        60M
-/+ buffers/cache:       859M       132M
Swap:         8.0G       577M       7.4G

             total       used       free     shared    buffers     cached
Mem:          992M       925M        66M       212K       4.6M        60M
-/+ buffers/cache:       861M       131M
Swap:         8.0G       577M       7.4G

             total       used       free     shared    buffers     cached
Mem:          992M       926M        65M       212K       4.6M        60M
-/+ buffers/cache:       862M       130M
Swap:         8.0G       576M       7.4G

             total       used       free     shared    buffers     cached
Mem:          992M       928M        63M       212K       4.6M        60M
-/+ buffers/cache:       863M       128M
Swap:         8.0G       576M       7.4G

             total       used       free     shared    buffers     cached
Mem:          992M       929M        62M       212K       4.6M        60M
-/+ buffers/cache:       864M       127M
Swap:         8.0G       575M       7.4G

             total       used       free     shared    buffers     cached
Mem:          992M       930M        61M       212K       4.6M        60M
-/+ buffers/cache:       866M       126M
Swap:         8.0G       575M       7.4G

             total       used       free     shared    buffers     cached
Mem:          992M       918M        73M       212K       4.6M        59M
-/+ buffers/cache:       854M       137M
Swap:         8.0G       577M       7.4G

             total       used       free     shared    buffers     cached
Mem:          992M       926M        65M       216K       5.6M        63M
-/+ buffers/cache:       856M       135M
Swap:         8.0G       576M       7.4G

             total       used       free     shared    buffers     cached
Mem:          992M       927M        64M       216K       5.6M        63M
-/+ buffers/cache:       858M       133M
Swap:         8.0G       576M       7.4G

             total       used       free     shared    buffers     cached
Mem:          992M       929M        63M       216K       5.6M        63M
-/+ buffers/cache:       859M       132M
Swap:         8.0G       575M       7.4G

             total       used       free     shared    buffers     cached
Mem:          992M       930M        61M       216K       5.6M        63M
-/+ buffers/cache:       860M       131M
Swap:         8.0G       575M       7.4G

             total       used       free     shared    buffers     cached
Mem:          992M       918M        73M       216K       5.5M        62M
-/+ buffers/cache:       850M       142M
Swap:         8.0G       588M       7.4G

             total       used       free     shared    buffers     cached
Mem:          992M       915M        76M       260K       9.7M        71M
-/+ buffers/cache:       834M       157M
Swap:         8.0G       594M       7.4G
