             total       used       free     shared    buffers     cached
Mem:          2.0G       663M       1.3G       3.2M        38M       289M
-/+ buffers/cache:       336M       1.6G
Swap:         8.0G         0B       8.0G

             total       used       free     shared    buffers     cached
Mem:          2.0G       662M       1.3G       1.4M        38M       287M
-/+ buffers/cache:       335M       1.6G
Swap:         8.0G         0B       8.0G

             total       used       free     shared    buffers     cached
Mem:          2.0G       661M       1.3G       1.4M        38M       288M
-/+ buffers/cache:       335M       1.6G
Swap:         8.0G         0B       8.0G

             total       used       free     shared    buffers     cached
Mem:          2.0G       665M       1.3G       1.4M        38M       288M
-/+ buffers/cache:       338M       1.6G
Swap:         8.0G         0B       8.0G

             total       used       free     shared    buffers     cached
Mem:          2.0G       671M       1.3G       1.4M        38M       288M
-/+ buffers/cache:       345M       1.6G
Swap:         8.0G         0B       8.0G

             total       used       free     shared    buffers     cached
Mem:          2.0G       690M       1.3G       1.4M        38M       288M
-/+ buffers/cache:       363M       1.6G
Swap:         8.0G         0B       8.0G

             total       used       free     shared    buffers     cached
Mem:          2.0G       668M       1.3G       1.4M        38M       288M
-/+ buffers/cache:       341M       1.6G
Swap:         8.0G         0B       8.0G

             total       used       free     shared    buffers     cached
Mem:          2.0G       676M       1.3G       1.4M        38M       289M
-/+ buffers/cache:       348M       1.6G
Swap:         8.0G         0B       8.0G

             total       used       free     shared    buffers     cached
Mem:          2.0G       669M       1.3G       1.4M        38M       289M
-/+ buffers/cache:       341M       1.6G
Swap:         8.0G         0B       8.0G

             total       used       free     shared    buffers     cached
Mem:          2.0G       669M       1.3G       1.4M        38M       289M
-/+ buffers/cache:       341M       1.6G
Swap:         8.0G         0B       8.0G

             total       used       free     shared    buffers     cached
Mem:          2.0G       669M       1.3G       1.4M        38M       289M
-/+ buffers/cache:       341M       1.6G
Swap:         8.0G         0B       8.0G

             total       used       free     shared    buffers     cached
Mem:          2.0G       669M       1.3G       1.4M        38M       289M
-/+ buffers/cache:       341M       1.6G
Swap:         8.0G         0B       8.0G

             total       used       free     shared    buffers     cached
Mem:          2.0G       669M       1.3G       1.4M        38M       289M
-/+ buffers/cache:       341M       1.6G
Swap:         8.0G         0B       8.0G

             total       used       free     shared    buffers     cached
Mem:          2.0G       669M       1.3G       1.4M        38M       289M
-/+ buffers/cache:       341M       1.6G
Swap:         8.0G         0B       8.0G

             total       used       free     shared    buffers     cached
Mem:          2.0G       669M       1.3G       1.4M        38M       289M
-/+ buffers/cache:       341M       1.6G
Swap:         8.0G         0B       8.0G

             total       used       free     shared    buffers     cached
Mem:          2.0G       669M       1.3G       1.4M        38M       289M
-/+ buffers/cache:       341M       1.6G
Swap:         8.0G         0B       8.0G

             total       used       free     shared    buffers     cached
Mem:          2.0G       669M       1.3G       1.4M        38M       289M
-/+ buffers/cache:       341M       1.6G
Swap:         8.0G         0B       8.0G

             total       used       free     shared    buffers     cached
Mem:          2.0G       669M       1.3G       1.4M        38M       289M
-/+ buffers/cache:       341M       1.6G
Swap:         8.0G         0B       8.0G

             total       used       free     shared    buffers     cached
Mem:          2.0G       669M       1.3G       1.4M        38M       289M
-/+ buffers/cache:       341M       1.6G
Swap:         8.0G         0B       8.0G

             total       used       free     shared    buffers     cached
Mem:          2.0G       669M       1.3G       1.4M        38M       289M
-/+ buffers/cache:       341M       1.6G
Swap:         8.0G         0B       8.0G

             total       used       free     shared    buffers     cached
Mem:          2.0G       669M       1.3G       1.4M        38M       289M
-/+ buffers/cache:       341M       1.6G
Swap:         8.0G         0B       8.0G

             total       used       free     shared    buffers     cached
Mem:          2.0G       671M       1.3G       1.4M        38M       289M
-/+ buffers/cache:       343M       1.6G
Swap:         8.0G         0B       8.0G

             total       used       free     shared    buffers     cached
Mem:          2.0G       671M       1.3G       1.4M        38M       289M
-/+ buffers/cache:       343M       1.6G
Swap:         8.0G         0B       8.0G

             total       used       free     shared    buffers     cached
Mem:          2.0G       671M       1.3G       1.4M        38M       289M
-/+ buffers/cache:       343M       1.6G
Swap:         8.0G         0B       8.0G

             total       used       free     shared    buffers     cached
Mem:          2.0G       671M       1.3G       1.4M        38M       289M
-/+ buffers/cache:       343M       1.6G
Swap:         8.0G         0B       8.0G

             total       used       free     shared    buffers     cached
Mem:          2.0G       671M       1.3G       1.4M        38M       289M
-/+ buffers/cache:       343M       1.6G
Swap:         8.0G         0B       8.0G

             total       used       free     shared    buffers     cached
Mem:          2.0G       671M       1.3G       1.4M        38M       289M
-/+ buffers/cache:       343M       1.6G
Swap:         8.0G         0B       8.0G

             total       used       free     shared    buffers     cached
Mem:          2.0G       671M       1.3G       1.4M        38M       289M
-/+ buffers/cache:       343M       1.6G
Swap:         8.0G         0B       8.0G

             total       used       free     shared    buffers     cached
Mem:          2.0G       671M       1.3G       1.4M        38M       289M
-/+ buffers/cache:       343M       1.6G
Swap:         8.0G         0B       8.0G

             total       used       free     shared    buffers     cached
Mem:          2.0G       671M       1.3G       1.4M        38M       289M
-/+ buffers/cache:       343M       1.6G
Swap:         8.0G         0B       8.0G

             total       used       free     shared    buffers     cached
Mem:          2.0G       671M       1.3G       1.4M        38M       289M
-/+ buffers/cache:       343M       1.6G
Swap:         8.0G         0B       8.0G

             total       used       free     shared    buffers     cached
Mem:          2.0G       672M       1.3G       1.4M        38M       289M
-/+ buffers/cache:       344M       1.6G
Swap:         8.0G         0B       8.0G

             total       used       free     shared    buffers     cached
Mem:          2.0G       672M       1.3G       1.4M        38M       289M
-/+ buffers/cache:       344M       1.6G
Swap:         8.0G         0B       8.0G

             total       used       free     shared    buffers     cached
Mem:          2.0G       672M       1.3G       1.4M        38M       289M
-/+ buffers/cache:       344M       1.6G
Swap:         8.0G         0B       8.0G

             total       used       free     shared    buffers     cached
Mem:          2.0G       672M       1.3G       1.4M        38M       289M
-/+ buffers/cache:       344M       1.6G
Swap:         8.0G         0B       8.0G

             total       used       free     shared    buffers     cached
Mem:          2.0G       672M       1.3G       1.4M        38M       289M
-/+ buffers/cache:       344M       1.6G
Swap:         8.0G         0B       8.0G

             total       used       free     shared    buffers     cached
Mem:          2.0G       672M       1.3G       1.4M        38M       289M
-/+ buffers/cache:       343M       1.6G
Swap:         8.0G         0B       8.0G

             total       used       free     shared    buffers     cached
Mem:          2.0G       672M       1.3G       1.4M        38M       289M
-/+ buffers/cache:       343M       1.6G
Swap:         8.0G         0B       8.0G

             total       used       free     shared    buffers     cached
Mem:          2.0G       672M       1.3G       1.4M        38M       289M
-/+ buffers/cache:       343M       1.6G
Swap:         8.0G         0B       8.0G

             total       used       free     shared    buffers     cached
Mem:          2.0G       672M       1.3G       1.4M        38M       289M
-/+ buffers/cache:       343M       1.6G
Swap:         8.0G         0B       8.0G

             total       used       free     shared    buffers     cached
Mem:          2.0G       672M       1.3G       1.4M        38M       289M
-/+ buffers/cache:       343M       1.6G
Swap:         8.0G         0B       8.0G

             total       used       free     shared    buffers     cached
Mem:          2.0G       671M       1.3G       1.4M        38M       289M
-/+ buffers/cache:       343M       1.6G
Swap:         8.0G         0B       8.0G

             total       used       free     shared    buffers     cached
Mem:          2.0G       671M       1.3G       1.4M        38M       289M
-/+ buffers/cache:       343M       1.6G
Swap:         8.0G         0B       8.0G

             total       used       free     shared    buffers     cached
Mem:          2.0G       671M       1.3G       1.4M        38M       289M
-/+ buffers/cache:       343M       1.6G
Swap:         8.0G         0B       8.0G

             total       used       free     shared    buffers     cached
Mem:          2.0G       671M       1.3G       1.4M        38M       289M
-/+ buffers/cache:       343M       1.6G
Swap:         8.0G         0B       8.0G

             total       used       free     shared    buffers     cached
Mem:          2.0G       671M       1.3G       1.4M        38M       289M
-/+ buffers/cache:       343M       1.6G
Swap:         8.0G         0B       8.0G

             total       used       free     shared    buffers     cached
Mem:          2.0G       671M       1.3G       1.4M        38M       289M
-/+ buffers/cache:       343M       1.6G
Swap:         8.0G         0B       8.0G

             total       used       free     shared    buffers     cached
Mem:          2.0G       671M       1.3G       1.4M        38M       289M
-/+ buffers/cache:       343M       1.6G
Swap:         8.0G         0B       8.0G

             total       used       free     shared    buffers     cached
Mem:          2.0G       671M       1.3G       1.4M        38M       289M
-/+ buffers/cache:       343M       1.6G
Swap:         8.0G         0B       8.0G

             total       used       free     shared    buffers     cached
Mem:          2.0G       671M       1.3G       1.4M        38M       289M
-/+ buffers/cache:       343M       1.6G
Swap:         8.0G         0B       8.0G

             total       used       free     shared    buffers     cached
Mem:          2.0G       671M       1.3G       1.4M        38M       289M
-/+ buffers/cache:       343M       1.6G
Swap:         8.0G         0B       8.0G

             total       used       free     shared    buffers     cached
Mem:          2.0G       671M       1.3G       1.4M        38M       289M
-/+ buffers/cache:       343M       1.6G
Swap:         8.0G         0B       8.0G

             total       used       free     shared    buffers     cached
Mem:          2.0G       671M       1.3G       1.4M        38M       289M
-/+ buffers/cache:       343M       1.6G
Swap:         8.0G         0B       8.0G

             total       used       free     shared    buffers     cached
Mem:          2.0G       672M       1.3G       1.4M        38M       289M
-/+ buffers/cache:       343M       1.6G
Swap:         8.0G         0B       8.0G

             total       used       free     shared    buffers     cached
Mem:          2.0G       672M       1.3G       1.4M        38M       289M
-/+ buffers/cache:       343M       1.6G
Swap:         8.0G         0B       8.0G

             total       used       free     shared    buffers     cached
Mem:          2.0G       672M       1.3G       1.4M        38M       289M
-/+ buffers/cache:       343M       1.6G
Swap:         8.0G         0B       8.0G

             total       used       free     shared    buffers     cached
Mem:          2.0G       672M       1.3G       1.4M        38M       289M
-/+ buffers/cache:       343M       1.6G
Swap:         8.0G         0B       8.0G

             total       used       free     shared    buffers     cached
Mem:          2.0G       672M       1.3G       1.4M        38M       289M
-/+ buffers/cache:       343M       1.6G
Swap:         8.0G         0B       8.0G

             total       used       free     shared    buffers     cached
Mem:          2.0G       672M       1.3G       1.4M        38M       289M
-/+ buffers/cache:       343M       1.6G
Swap:         8.0G         0B       8.0G

             total       used       free     shared    buffers     cached
Mem:          2.0G       672M       1.3G       1.4M        38M       289M
-/+ buffers/cache:       343M       1.6G
Swap:         8.0G         0B       8.0G

             total       used       free     shared    buffers     cached
Mem:          2.0G       672M       1.3G       1.4M        38M       289M
-/+ buffers/cache:       343M       1.6G
Swap:         8.0G         0B       8.0G

             total       used       free     shared    buffers     cached
Mem:          2.0G       672M       1.3G       1.4M        38M       289M
-/+ buffers/cache:       343M       1.6G
Swap:         8.0G         0B       8.0G

             total       used       free     shared    buffers     cached
Mem:          2.0G       672M       1.3G       1.4M        38M       289M
-/+ buffers/cache:       343M       1.6G
Swap:         8.0G         0B       8.0G

             total       used       free     shared    buffers     cached
Mem:          2.0G       673M       1.3G       1.4M        38M       290M
-/+ buffers/cache:       344M       1.6G
Swap:         8.0G         0B       8.0G

             total       used       free     shared    buffers     cached
Mem:          2.0G       673M       1.3G       1.4M        38M       290M
-/+ buffers/cache:       344M       1.6G
Swap:         8.0G         0B       8.0G

             total       used       free     shared    buffers     cached
Mem:          2.0G       673M       1.3G       1.4M        38M       290M
-/+ buffers/cache:       344M       1.6G
Swap:         8.0G         0B       8.0G

             total       used       free     shared    buffers     cached
Mem:          2.0G       673M       1.3G       1.4M        38M       290M
-/+ buffers/cache:       344M       1.6G
Swap:         8.0G         0B       8.0G

             total       used       free     shared    buffers     cached
Mem:          2.0G       673M       1.3G       1.4M        38M       290M
-/+ buffers/cache:       344M       1.6G
Swap:         8.0G         0B       8.0G

             total       used       free     shared    buffers     cached
Mem:          2.0G       677M       1.3G       1.4M        38M       290M
-/+ buffers/cache:       348M       1.6G
Swap:         8.0G         0B       8.0G

             total       used       free     shared    buffers     cached
Mem:          2.0G       693M       1.3G       1.4M        38M       290M
-/+ buffers/cache:       364M       1.6G
Swap:         8.0G         0B       8.0G

             total       used       free     shared    buffers     cached
Mem:          2.0G       709M       1.3G       1.4M        38M       290M
-/+ buffers/cache:       381M       1.6G
Swap:         8.0G         0B       8.0G

             total       used       free     shared    buffers     cached
Mem:          2.0G       727M       1.2G       1.4M        38M       290M
-/+ buffers/cache:       398M       1.6G
Swap:         8.0G         0B       8.0G

             total       used       free     shared    buffers     cached
Mem:          2.0G       744M       1.2G       1.4M        38M       290M
-/+ buffers/cache:       415M       1.5G
Swap:         8.0G         0B       8.0G

             total       used       free     shared    buffers     cached
Mem:          2.0G       761M       1.2G       1.4M        38M       290M
-/+ buffers/cache:       432M       1.5G
Swap:         8.0G         0B       8.0G

             total       used       free     shared    buffers     cached
Mem:          2.0G       778M       1.2G       1.4M        38M       290M
-/+ buffers/cache:       449M       1.5G
Swap:         8.0G         0B       8.0G

             total       used       free     shared    buffers     cached
Mem:          2.0G       793M       1.2G       1.4M        38M       290M
-/+ buffers/cache:       464M       1.5G
Swap:         8.0G         0B       8.0G

             total       used       free     shared    buffers     cached
Mem:          2.0G       810M       1.2G       1.4M        38M       290M
-/+ buffers/cache:       481M       1.5G
Swap:         8.0G         0B       8.0G

             total       used       free     shared    buffers     cached
Mem:          2.0G       825M       1.1G       1.4M        38M       290M
-/+ buffers/cache:       496M       1.5G
Swap:         8.0G         0B       8.0G

             total       used       free     shared    buffers     cached
Mem:          2.0G       840M       1.1G       1.4M        38M       290M
-/+ buffers/cache:       511M       1.5G
Swap:         8.0G         0B       8.0G

             total       used       free     shared    buffers     cached
Mem:          2.0G       856M       1.1G       1.4M        38M       290M
-/+ buffers/cache:       527M       1.4G
Swap:         8.0G         0B       8.0G

             total       used       free     shared    buffers     cached
Mem:          2.0G       870M       1.1G       1.4M        38M       290M
-/+ buffers/cache:       541M       1.4G
Swap:         8.0G         0B       8.0G

             total       used       free     shared    buffers     cached
Mem:          2.0G       890M       1.1G       1.4M        38M       290M
-/+ buffers/cache:       561M       1.4G
Swap:         8.0G         0B       8.0G

             total       used       free     shared    buffers     cached
Mem:          2.0G       905M       1.1G       1.4M        38M       290M
-/+ buffers/cache:       576M       1.4G
Swap:         8.0G         0B       8.0G

             total       used       free     shared    buffers     cached
Mem:          2.0G       924M       1.1G       1.4M        38M       290M
-/+ buffers/cache:       595M       1.4G
Swap:         8.0G         0B       8.0G

             total       used       free     shared    buffers     cached
Mem:          2.0G       940M       1.0G       1.4M        38M       290M
-/+ buffers/cache:       612M       1.4G
Swap:         8.0G         0B       8.0G

             total       used       free     shared    buffers     cached
Mem:          2.0G       955M       1.0G       1.4M        38M       290M
-/+ buffers/cache:       626M       1.3G
Swap:         8.0G         0B       8.0G

             total       used       free     shared    buffers     cached
Mem:          2.0G       970M       1.0G       1.4M        38M       290M
-/+ buffers/cache:       641M       1.3G
Swap:         8.0G         0B       8.0G

             total       used       free     shared    buffers     cached
Mem:          2.0G       983M       1.0G       1.4M        38M       290M
-/+ buffers/cache:       654M       1.3G
Swap:         8.0G         0B       8.0G

             total       used       free     shared    buffers     cached
Mem:          2.0G       997M       1.0G       1.4M        38M       290M
-/+ buffers/cache:       669M       1.3G
Swap:         8.0G         0B       8.0G

             total       used       free     shared    buffers     cached
Mem:          2.0G       1.0G       987M       1.4M        38M       290M
-/+ buffers/cache:       684M       1.3G
Swap:         8.0G         0B       8.0G

             total       used       free     shared    buffers     cached
Mem:          2.0G       1.0G       973M       1.4M        38M       290M
-/+ buffers/cache:       698M       1.3G
Swap:         8.0G         0B       8.0G

             total       used       free     shared    buffers     cached
Mem:          2.0G       1.0G       959M       1.4M        38M       290M
-/+ buffers/cache:       712M       1.3G
Swap:         8.0G         0B       8.0G

             total       used       free     shared    buffers     cached
Mem:          2.0G       1.0G       944M       1.4M        38M       290M
-/+ buffers/cache:       727M       1.2G
Swap:         8.0G         0B       8.0G

             total       used       free     shared    buffers     cached
Mem:          2.0G       1.0G       930M       1.4M        38M       290M
-/+ buffers/cache:       741M       1.2G
Swap:         8.0G         0B       8.0G

             total       used       free     shared    buffers     cached
Mem:          2.0G       1.1G       917M       1.4M        38M       290M
-/+ buffers/cache:       754M       1.2G
Swap:         8.0G         0B       8.0G

             total       used       free     shared    buffers     cached
Mem:          2.0G       1.1G       902M       1.4M        38M       290M
-/+ buffers/cache:       768M       1.2G
Swap:         8.0G         0B       8.0G

             total       used       free     shared    buffers     cached
Mem:          2.0G       1.1G       889M       1.4M        38M       290M
-/+ buffers/cache:       782M       1.2G
Swap:         8.0G         0B       8.0G

             total       used       free     shared    buffers     cached
Mem:          2.0G       1.1G       876M       1.4M        38M       290M
-/+ buffers/cache:       794M       1.2G
Swap:         8.0G         0B       8.0G

             total       used       free     shared    buffers     cached
Mem:          2.0G       1.1G       862M       1.4M        38M       290M
-/+ buffers/cache:       808M       1.2G
Swap:         8.0G         0B       8.0G

             total       used       free     shared    buffers     cached
Mem:          2.0G       1.1G       846M       1.4M        38M       290M
-/+ buffers/cache:       824M       1.1G
Swap:         8.0G         0B       8.0G

             total       used       free     shared    buffers     cached
Mem:          2.0G       1.1G       833M       1.4M        38M       290M
-/+ buffers/cache:       837M       1.1G
Swap:         8.0G         0B       8.0G

             total       used       free     shared    buffers     cached
Mem:          2.0G       1.2G       819M       1.4M        38M       290M
-/+ buffers/cache:       852M       1.1G
Swap:         8.0G         0B       8.0G

             total       used       free     shared    buffers     cached
Mem:          2.0G       1.2G       804M       1.4M        38M       290M
-/+ buffers/cache:       866M       1.1G
Swap:         8.0G         0B       8.0G

             total       used       free     shared    buffers     cached
Mem:          2.0G       1.2G       790M       1.4M        38M       290M
-/+ buffers/cache:       880M       1.1G
Swap:         8.0G         0B       8.0G

             total       used       free     shared    buffers     cached
Mem:          2.0G       1.2G       774M       1.4M        38M       290M
-/+ buffers/cache:       896M       1.1G
Swap:         8.0G         0B       8.0G

             total       used       free     shared    buffers     cached
Mem:          2.0G       1.2G       760M       1.4M        38M       290M
-/+ buffers/cache:       910M       1.1G
Swap:         8.0G         0B       8.0G

             total       used       free     shared    buffers     cached
Mem:          2.0G       1.2G       746M       1.4M        38M       290M
-/+ buffers/cache:       924M       1.1G
Swap:         8.0G         0B       8.0G

             total       used       free     shared    buffers     cached
Mem:          2.0G       1.2G       730M       1.4M        38M       290M
-/+ buffers/cache:       940M       1.0G
Swap:         8.0G         0B       8.0G

             total       used       free     shared    buffers     cached
Mem:          2.0G       1.3G       713M       1.4M        38M       290M
-/+ buffers/cache:       957M       1.0G
Swap:         8.0G         0B       8.0G

             total       used       free     shared    buffers     cached
Mem:          2.0G       1.3G       696M       1.4M        38M       290M
-/+ buffers/cache:       974M       1.0G
Swap:         8.0G         0B       8.0G

             total       used       free     shared    buffers     cached
Mem:          2.0G       1.3G       679M       1.4M        38M       290M
-/+ buffers/cache:       991M       1.0G
Swap:         8.0G         0B       8.0G

             total       used       free     shared    buffers     cached
Mem:          2.0G       1.3G       662M       1.4M        38M       290M
-/+ buffers/cache:       1.0G       991M
Swap:         8.0G         0B       8.0G

             total       used       free     shared    buffers     cached
Mem:          2.0G       1.3G       644M       1.4M        38M       290M
-/+ buffers/cache:       1.0G       973M
Swap:         8.0G         0B       8.0G

             total       used       free     shared    buffers     cached
Mem:          2.0G       1.3G       625M       1.4M        38M       290M
-/+ buffers/cache:       1.0G       954M
Swap:         8.0G         0B       8.0G

             total       used       free     shared    buffers     cached
Mem:          2.0G       1.4G       608M       1.4M        38M       290M
-/+ buffers/cache:       1.0G       937M
Swap:         8.0G         0B       8.0G

             total       used       free     shared    buffers     cached
Mem:          2.0G       1.4G       590M       1.4M        38M       290M
-/+ buffers/cache:       1.1G       919M
Swap:         8.0G         0B       8.0G

             total       used       free     shared    buffers     cached
Mem:          2.0G       1.4G       571M       1.4M        38M       290M
-/+ buffers/cache:       1.1G       900M
Swap:         8.0G         0B       8.0G

             total       used       free     shared    buffers     cached
Mem:          2.0G       1.4G       553M       1.4M        38M       290M
-/+ buffers/cache:       1.1G       882M
Swap:         8.0G         0B       8.0G

             total       used       free     shared    buffers     cached
Mem:          2.0G       1.4G       538M       1.4M        38M       290M
-/+ buffers/cache:       1.1G       867M
Swap:         8.0G         0B       8.0G

             total       used       free     shared    buffers     cached
Mem:          2.0G       1.4G       523M       1.4M        38M       290M
-/+ buffers/cache:       1.1G       852M
Swap:         8.0G         0B       8.0G

             total       used       free     shared    buffers     cached
Mem:          2.0G       1.5G       509M       1.4M        38M       290M
-/+ buffers/cache:       1.1G       838M
Swap:         8.0G         0B       8.0G

             total       used       free     shared    buffers     cached
Mem:          2.0G       1.5G       495M       1.4M        38M       290M
-/+ buffers/cache:       1.1G       824M
Swap:         8.0G         0B       8.0G

             total       used       free     shared    buffers     cached
Mem:          2.0G       1.5G       481M       1.4M        38M       290M
-/+ buffers/cache:       1.2G       810M
Swap:         8.0G         0B       8.0G

             total       used       free     shared    buffers     cached
Mem:          2.0G       1.5G       468M       1.4M        38M       290M
-/+ buffers/cache:       1.2G       797M
Swap:         8.0G         0B       8.0G

             total       used       free     shared    buffers     cached
Mem:          2.0G       1.5G       454M       1.4M        38M       290M
-/+ buffers/cache:       1.2G       783M
Swap:         8.0G         0B       8.0G

             total       used       free     shared    buffers     cached
Mem:          2.0G       1.5G       441M       1.4M        38M       290M
-/+ buffers/cache:       1.2G       770M
Swap:         8.0G         0B       8.0G

             total       used       free     shared    buffers     cached
Mem:          2.0G       1.5G       429M       1.4M        38M       290M
-/+ buffers/cache:       1.2G       758M
Swap:         8.0G         0B       8.0G

             total       used       free     shared    buffers     cached
Mem:          2.0G       1.5G       424M       1.4M        38M       290M
-/+ buffers/cache:       1.2G       753M
Swap:         8.0G         0B       8.0G

             total       used       free     shared    buffers     cached
Mem:          2.0G       1.6G       409M       1.4M        38M       290M
-/+ buffers/cache:       1.2G       738M
Swap:         8.0G         0B       8.0G

             total       used       free     shared    buffers     cached
Mem:          2.0G       1.6G       395M       1.4M        38M       290M
-/+ buffers/cache:       1.2G       724M
Swap:         8.0G         0B       8.0G

             total       used       free     shared    buffers     cached
Mem:          2.0G       1.6G       381M       1.4M        38M       290M
-/+ buffers/cache:       1.3G       710M
Swap:         8.0G         0B       8.0G

             total       used       free     shared    buffers     cached
Mem:          2.0G       1.6G       368M       1.4M        38M       290M
-/+ buffers/cache:       1.3G       697M
Swap:         8.0G         0B       8.0G

             total       used       free     shared    buffers     cached
Mem:          2.0G       1.6G       352M       1.4M        38M       290M
-/+ buffers/cache:       1.3G       681M
Swap:         8.0G         0B       8.0G

             total       used       free     shared    buffers     cached
Mem:          2.0G       1.6G       336M       1.4M        38M       290M
-/+ buffers/cache:       1.3G       665M
Swap:         8.0G         0B       8.0G

             total       used       free     shared    buffers     cached
Mem:          2.0G       1.6G       321M       1.4M        38M       290M
-/+ buffers/cache:       1.3G       650M
Swap:         8.0G         0B       8.0G

             total       used       free     shared    buffers     cached
Mem:          2.0G       1.7G       306M       1.4M        38M       290M
-/+ buffers/cache:       1.3G       635M
Swap:         8.0G         0B       8.0G

             total       used       free     shared    buffers     cached
Mem:          2.0G       1.7G       290M       1.4M        38M       290M
-/+ buffers/cache:       1.3G       619M
Swap:         8.0G         0B       8.0G

             total       used       free     shared    buffers     cached
Mem:          2.0G       1.7G       273M       1.4M        38M       290M
-/+ buffers/cache:       1.4G       602M
Swap:         8.0G         0B       8.0G

             total       used       free     shared    buffers     cached
Mem:          2.0G       1.7G       257M       1.4M        38M       290M
-/+ buffers/cache:       1.4G       586M
Swap:         8.0G         0B       8.0G

             total       used       free     shared    buffers     cached
Mem:          2.0G       1.7G       241M       1.4M        38M       290M
-/+ buffers/cache:       1.4G       570M
Swap:         8.0G         0B       8.0G

             total       used       free     shared    buffers     cached
Mem:          2.0G       1.7G       221M       1.4M        38M       290M
-/+ buffers/cache:       1.4G       550M
Swap:         8.0G         0B       8.0G

             total       used       free     shared    buffers     cached
Mem:          2.0G       1.8G       204M       1.4M        38M       290M
-/+ buffers/cache:       1.4G       533M
Swap:         8.0G         0B       8.0G

             total       used       free     shared    buffers     cached
Mem:          2.0G       1.8G       183M       1.4M        38M       290M
-/+ buffers/cache:       1.5G       513M
Swap:         8.0G         0B       8.0G

             total       used       free     shared    buffers     cached
Mem:          2.0G       1.8G       164M       1.4M        38M       290M
-/+ buffers/cache:       1.5G       494M
Swap:         8.0G         0B       8.0G

             total       used       free     shared    buffers     cached
Mem:          2.0G       1.8G       145M       1.4M        38M       290M
-/+ buffers/cache:       1.5G       474M
Swap:         8.0G         0B       8.0G

             total       used       free     shared    buffers     cached
Mem:          2.0G       1.8G       125M       1.4M        38M       290M
-/+ buffers/cache:       1.5G       454M
Swap:         8.0G         0B       8.0G

             total       used       free     shared    buffers     cached
Mem:          2.0G       1.9G       104M       1.4M        38M       290M
-/+ buffers/cache:       1.5G       433M
Swap:         8.0G         0B       8.0G

             total       used       free     shared    buffers     cached
Mem:          2.0G       1.9G        86M       1.4M        38M       290M
-/+ buffers/cache:       1.5G       415M
Swap:         8.0G         0B       8.0G

             total       used       free     shared    buffers     cached
Mem:          2.0G       1.9G        69M       1.4M        38M       290M
-/+ buffers/cache:       1.6G       398M
Swap:         8.0G         0B       8.0G

             total       used       free     shared    buffers     cached
Mem:          2.0G       1.9G        75M       1.4M        17M       288M
-/+ buffers/cache:       1.6G       381M
Swap:         8.0G         0B       8.0G

             total       used       free     shared    buffers     cached
Mem:          2.0G       1.9G        74M       1.4M        10M       279M
-/+ buffers/cache:       1.6G       364M
Swap:         8.0G        12K       8.0G

             total       used       free     shared    buffers     cached
Mem:          2.0G       1.9G        76M       1.4M       9.8M       263M
-/+ buffers/cache:       1.6G       349M
Swap:         8.0G        88K       8.0G

             total       used       free     shared    buffers     cached
Mem:          2.0G       1.9G        77M       1.2M       9.9M       245M
-/+ buffers/cache:       1.6G       332M
Swap:         8.0G       864K       8.0G

             total       used       free     shared    buffers     cached
Mem:          2.0G       1.9G        78M       1.2M       9.9M       231M
-/+ buffers/cache:       1.6G       319M
Swap:         8.0G       6.9M       8.0G

             total       used       free     shared    buffers     cached
Mem:          2.0G       1.9G        96M       1.1M       7.0M       206M
-/+ buffers/cache:       1.7G       309M
Swap:         8.0G        12M       8.0G

             total       used       free     shared    buffers     cached
Mem:          2.0G       1.9G        79M       1.0M       7.0M       206M
-/+ buffers/cache:       1.7G       293M
Swap:         8.0G        12M       8.0G

             total       used       free     shared    buffers     cached
Mem:          2.0G       1.9G        68M       1.0M       3.2M       205M
-/+ buffers/cache:       1.7G       276M
Swap:         8.0G        12M       8.0G

             total       used       free     shared    buffers     cached
Mem:          2.0G       1.9G        74M       1.0M       1.2M       186M
-/+ buffers/cache:       1.7G       262M
Swap:         8.0G        12M       8.0G

             total       used       free     shared    buffers     cached
Mem:          2.0G       1.9G        86M       1.0M       372K       164M
-/+ buffers/cache:       1.7G       251M
Swap:         8.0G        12M       8.0G

             total       used       free     shared    buffers     cached
Mem:          2.0G       1.9G        72M       1.0M       372K       164M
-/+ buffers/cache:       1.7G       237M
Swap:         8.0G        12M       8.0G

             total       used       free     shared    buffers     cached
Mem:          2.0G       1.9G        76M       1.0M       372K       144M
-/+ buffers/cache:       1.7G       221M
Swap:         8.0G        12M       8.0G

             total       used       free     shared    buffers     cached
Mem:          2.0G       1.9G        76M       1.0M        76K       127M
-/+ buffers/cache:       1.8G       204M
Swap:         8.0G        12M       8.0G

             total       used       free     shared    buffers     cached
Mem:          2.0G       1.9G        77M       1.0M        88K       112M
-/+ buffers/cache:       1.8G       189M
Swap:         8.0G        12M       8.0G

             total       used       free     shared    buffers     cached
Mem:          2.0G       1.9G        75M       1.0M        96K        99M
-/+ buffers/cache:       1.8G       174M
Swap:         8.0G        12M       8.0G

             total       used       free     shared    buffers     cached
Mem:          2.0G       1.9G        82M       1.0M        96K        76M
-/+ buffers/cache:       1.8G       159M
Swap:         8.0G        12M       8.0G

             total       used       free     shared    buffers     cached
Mem:          2.0G       1.9G        66M       1.0M        96K        76M
-/+ buffers/cache:       1.8G       143M
Swap:         8.0G        12M       8.0G

             total       used       free     shared    buffers     cached
Mem:          2.0G       1.9G        67M       1.0M        96K        59M
-/+ buffers/cache:       1.8G       126M
Swap:         8.0G        12M       8.0G

             total       used       free     shared    buffers     cached
Mem:          2.0G       1.9G        67M       1.0M        96K        45M
-/+ buffers/cache:       1.8G       113M
Swap:         8.0G        12M       8.0G

             total       used       free     shared    buffers     cached
Mem:          2.0G       1.9G        70M       1.0M       520K        26M
-/+ buffers/cache:       1.9G        98M
Swap:         8.0G        12M       8.0G

             total       used       free     shared    buffers     cached
Mem:          2.0G       1.9G        68M       1.0M       520K        13M
-/+ buffers/cache:       1.9G        82M
Swap:         8.0G        12M       8.0G

             total       used       free     shared    buffers     cached
Mem:          2.0G       1.9G        64M       1.0M       520K       3.1M
-/+ buffers/cache:       1.9G        68M
Swap:         8.0G        16M       8.0G

             total       used       free     shared    buffers     cached
Mem:          2.0G       1.9G        65M       732K       520K       2.6M
-/+ buffers/cache:       1.9G        68M
Swap:         8.0G        34M       8.0G

             total       used       free     shared    buffers     cached
Mem:          2.0G       1.9G        78M       728K       520K       2.5M
-/+ buffers/cache:       1.9G        80M
Swap:         8.0G        70M       7.9G

             total       used       free     shared    buffers     cached
Mem:          2.0G       1.9G        76M       728K       528K       2.4M
-/+ buffers/cache:       1.9G        79M
Swap:         8.0G        73M       7.9G

             total       used       free     shared    buffers     cached
Mem:          2.0G       1.9G        99M       664K       540K       2.2M
-/+ buffers/cache:       1.9G       102M
Swap:         8.0G       151M       7.8G

             total       used       free     shared    buffers     cached
Mem:          2.0G       1.9G        85M       644K       540K       2.2M
-/+ buffers/cache:       1.9G        87M
Swap:         8.0G       151M       7.8G

             total       used       free     shared    buffers     cached
Mem:          2.0G       1.9G        70M       644K       540K       2.2M
-/+ buffers/cache:       1.9G        72M
Swap:         8.0G       151M       7.8G

             total       used       free     shared    buffers     cached
Mem:          2.0G       1.9G        73M       644K       540K       2.2M
-/+ buffers/cache:       1.9G        76M
Swap:         8.0G       151M       7.8G

             total       used       free     shared    buffers     cached
Mem:          2.0G       1.9G        68M       644K       540K       2.2M
-/+ buffers/cache:       1.9G        71M
Swap:         8.0G       151M       7.8G

             total       used       free     shared    buffers     cached
Mem:          2.0G       1.9G        66M       588K       548K       2.1M
-/+ buffers/cache:       1.9G        68M
Swap:         8.0G       161M       7.8G

             total       used       free     shared    buffers     cached
Mem:          2.0G       1.9G        72M       584K       372K       3.1M
-/+ buffers/cache:       1.9G        76M
Swap:         8.0G       189M       7.8G

             total       used       free     shared    buffers     cached
Mem:          2.0G       1.9G        75M       564K        88K        26M
-/+ buffers/cache:       1.9G       102M
Swap:         8.0G       241M       7.8G

             total       used       free     shared    buffers     cached
Mem:          2.0G       1.9G        76M       536K       240K        26M
-/+ buffers/cache:       1.9G       102M
Swap:         8.0G       240M       7.8G

             total       used       free     shared    buffers     cached
Mem:          2.0G       1.9G        67M       536K       240K        27M
-/+ buffers/cache:       1.9G        95M
Swap:         8.0G       239M       7.8G

             total       used       free     shared    buffers     cached
Mem:          2.0G       1.9G        75M       536K       248K        18M
-/+ buffers/cache:       1.9G        94M
Swap:         8.0G       241M       7.8G

             total       used       free     shared    buffers     cached
Mem:          2.0G       1.9G        81M       536K       212K        11M
-/+ buffers/cache:       1.9G        93M
Swap:         8.0G       240M       7.8G

             total       used       free     shared    buffers     cached
Mem:          2.0G       1.9G        76M       536K        80K       1.4M
-/+ buffers/cache:       1.9G        77M
Swap:         8.0G       251M       7.8G

             total       used       free     shared    buffers     cached
Mem:          2.0G       1.9G        76M       536K       156K       5.9M
-/+ buffers/cache:       1.9G        82M
Swap:         8.0G       266M       7.7G

             total       used       free     shared    buffers     cached
Mem:          2.0G       1.9G        93M       536K       180K       5.7M
-/+ buffers/cache:       1.9G        98M
Swap:         8.0G       321M       7.7G

             total       used       free     shared    buffers     cached
Mem:          2.0G       1.9G        86M       536K       192K       5.8M
-/+ buffers/cache:       1.9G        92M
Swap:         8.0G       321M       7.7G

             total       used       free     shared    buffers     cached
Mem:          2.0G       1.9G        87M       536K        76K        22M
-/+ buffers/cache:       1.8G       109M
Swap:         8.0G       317M       7.7G

             total       used       free     shared    buffers     cached
Mem:          2.0G       1.9G        79M       536K        76K        22M
-/+ buffers/cache:       1.9G       102M
Swap:         8.0G       317M       7.7G

             total       used       free     shared    buffers     cached
Mem:          2.0G       1.9G        76M       536K       504K        22M
-/+ buffers/cache:       1.9G        99M
Swap:         8.0G       316M       7.7G

             total       used       free     shared    buffers     cached
Mem:          2.0G       1.9G        76M       536K       504K        22M
-/+ buffers/cache:       1.9G        99M
Swap:         8.0G       316M       7.7G

             total       used       free     shared    buffers     cached
Mem:          2.0G       1.9G        75M       536K       504K        22M
-/+ buffers/cache:       1.9G        98M
Swap:         8.0G       315M       7.7G

             total       used       free     shared    buffers     cached
Mem:          2.0G       1.9G        74M       536K       512K        22M
-/+ buffers/cache:       1.9G        97M
Swap:         8.0G       315M       7.7G

             total       used       free     shared    buffers     cached
Mem:          2.0G       1.9G        72M       536K       516K        23M
-/+ buffers/cache:       1.9G        95M
Swap:         8.0G       314M       7.7G

             total       used       free     shared    buffers     cached
Mem:          2.0G       1.9G        71M       536K       516K        23M
-/+ buffers/cache:       1.9G        94M
Swap:         8.0G       314M       7.7G

             total       used       free     shared    buffers     cached
Mem:          2.0G       1.9G        70M       536K       516K        23M
-/+ buffers/cache:       1.9G        93M
Swap:         8.0G       313M       7.7G

             total       used       free     shared    buffers     cached
Mem:          2.0G       1.9G        69M       536K       516K        23M
-/+ buffers/cache:       1.9G        92M
Swap:         8.0G       313M       7.7G

             total       used       free     shared    buffers     cached
Mem:          2.0G       1.9G        68M       536K       524K        23M
-/+ buffers/cache:       1.9G        91M
Swap:         8.0G       312M       7.7G

             total       used       free     shared    buffers     cached
Mem:          2.0G       1.9G        67M       536K       524K        23M
-/+ buffers/cache:       1.9G        90M
Swap:         8.0G       312M       7.7G

             total       used       free     shared    buffers     cached
Mem:          2.0G       1.9G        66M       536K       524K        23M
-/+ buffers/cache:       1.9G        89M
Swap:         8.0G       311M       7.7G

             total       used       free     shared    buffers     cached
Mem:          2.0G       1.9G        65M       536K       524K        23M
-/+ buffers/cache:       1.9G        88M
Swap:         8.0G       311M       7.7G

             total       used       free     shared    buffers     cached
Mem:          2.0G       1.9G        81M       536K       524K        22M
-/+ buffers/cache:       1.9G       104M
Swap:         8.0G       336M       7.7G

             total       used       free     shared    buffers     cached
Mem:          2.0G       1.9G        80M       536K       524K        22M
-/+ buffers/cache:       1.9G       103M
Swap:         8.0G       336M       7.7G

             total       used       free     shared    buffers     cached
Mem:          2.0G       1.9G        79M       536K       532K        22M
-/+ buffers/cache:       1.9G       102M
Swap:         8.0G       335M       7.7G

             total       used       free     shared    buffers     cached
Mem:          2.0G       1.9G        79M       536K       532K        22M
-/+ buffers/cache:       1.9G       102M
Swap:         8.0G       335M       7.7G

             total       used       free     shared    buffers     cached
Mem:          2.0G       1.9G        78M       536K       532K        22M
-/+ buffers/cache:       1.9G       101M
Swap:         8.0G       335M       7.7G

             total       used       free     shared    buffers     cached
Mem:          2.0G       1.9G        78M       536K       536K        22M
-/+ buffers/cache:       1.9G       101M
Swap:         8.0G       334M       7.7G

             total       used       free     shared    buffers     cached
Mem:          2.0G       1.9G        77M       536K       536K        22M
-/+ buffers/cache:       1.9G       100M
Swap:         8.0G       334M       7.7G

             total       used       free     shared    buffers     cached
Mem:          2.0G       1.9G        76M       536K       544K        22M
-/+ buffers/cache:       1.9G        99M
Swap:         8.0G       334M       7.7G

             total       used       free     shared    buffers     cached
Mem:          2.0G       1.9G        76M       536K       544K        22M
-/+ buffers/cache:       1.9G        99M
Swap:         8.0G       333M       7.7G

             total       used       free     shared    buffers     cached
Mem:          2.0G       1.9G        75M       536K       544K        22M
-/+ buffers/cache:       1.9G        98M
Swap:         8.0G       333M       7.7G

             total       used       free     shared    buffers     cached
Mem:          2.0G       1.9G        75M       536K       544K        22M
-/+ buffers/cache:       1.9G        98M
Swap:         8.0G       333M       7.7G

             total       used       free     shared    buffers     cached
Mem:          2.0G       1.9G        74M       536K       544K        22M
-/+ buffers/cache:       1.9G        97M
Swap:         8.0G       332M       7.7G

             total       used       free     shared    buffers     cached
Mem:          2.0G       1.9G        73M       536K       544K        22M
-/+ buffers/cache:       1.9G        96M
Swap:         8.0G       332M       7.7G

             total       used       free     shared    buffers     cached
Mem:          2.0G       1.9G        73M       536K       552K        22M
-/+ buffers/cache:       1.9G        96M
Swap:         8.0G       331M       7.7G

             total       used       free     shared    buffers     cached
Mem:          2.0G       1.9G        72M       536K       552K        22M
-/+ buffers/cache:       1.9G        95M
Swap:         8.0G       331M       7.7G

             total       used       free     shared    buffers     cached
Mem:          2.0G       1.9G        72M       536K       552K        22M
-/+ buffers/cache:       1.9G        95M
Swap:         8.0G       331M       7.7G

             total       used       free     shared    buffers     cached
Mem:          2.0G       1.9G        71M       536K       552K        22M
-/+ buffers/cache:       1.9G        94M
Swap:         8.0G       330M       7.7G

             total       used       free     shared    buffers     cached
Mem:          2.0G       1.9G        70M       536K       552K        22M
-/+ buffers/cache:       1.9G        94M
Swap:         8.0G       330M       7.7G

             total       used       free     shared    buffers     cached
Mem:          2.0G       1.9G        70M       536K       560K        22M
-/+ buffers/cache:       1.9G        93M
Swap:         8.0G       330M       7.7G

             total       used       free     shared    buffers     cached
Mem:          2.0G       1.9G        69M       536K       560K        22M
-/+ buffers/cache:       1.9G        92M
Swap:         8.0G       329M       7.7G

             total       used       free     shared    buffers     cached
Mem:          2.0G       1.9G        69M       536K       560K        22M
-/+ buffers/cache:       1.9G        92M
Swap:         8.0G       329M       7.7G

             total       used       free     shared    buffers     cached
Mem:          2.0G       1.9G        68M       536K       560K        22M
-/+ buffers/cache:       1.9G        91M
Swap:         8.0G       328M       7.7G

             total       used       free     shared    buffers     cached
Mem:          2.0G       1.9G        68M       536K       560K        22M
-/+ buffers/cache:       1.9G        91M
Swap:         8.0G       328M       7.7G

             total       used       free     shared    buffers     cached
Mem:          2.0G       1.9G        67M       536K       560K        22M
-/+ buffers/cache:       1.9G        90M
Swap:         8.0G       328M       7.7G

             total       used       free     shared    buffers     cached
Mem:          2.0G       1.9G        66M       536K       568K        22M
-/+ buffers/cache:       1.9G        89M
Swap:         8.0G       327M       7.7G

             total       used       free     shared    buffers     cached
Mem:          2.0G       1.9G        66M       536K       568K        22M
-/+ buffers/cache:       1.9G        89M
Swap:         8.0G       327M       7.7G

             total       used       free     shared    buffers     cached
Mem:          2.0G       1.9G        65M       536K       568K        22M
-/+ buffers/cache:       1.9G        88M
Swap:         8.0G       326M       7.7G

             total       used       free     shared    buffers     cached
Mem:          2.0G       1.9G        65M       536K       568K        22M
-/+ buffers/cache:       1.9G        88M
Swap:         8.0G       326M       7.7G

             total       used       free     shared    buffers     cached
Mem:          2.0G       1.9G        84M       536K       532K        20M
-/+ buffers/cache:       1.8G       106M
Swap:         8.0G       346M       7.7G

             total       used       free     shared    buffers     cached
Mem:          2.0G       1.9G        84M       536K       540K        20M
-/+ buffers/cache:       1.9G       105M
Swap:         8.0G       345M       7.7G

             total       used       free     shared    buffers     cached
Mem:          2.0G       1.9G        83M       536K       540K        20M
-/+ buffers/cache:       1.9G       104M
Swap:         8.0G       345M       7.7G

             total       used       free     shared    buffers     cached
Mem:          2.0G       1.9G        82M       536K       540K        20M
-/+ buffers/cache:       1.9G       104M
Swap:         8.0G       345M       7.7G

             total       used       free     shared    buffers     cached
Mem:          2.0G       1.9G        82M       536K       540K        20M
-/+ buffers/cache:       1.9G       103M
Swap:         8.0G       344M       7.7G

             total       used       free     shared    buffers     cached
Mem:          2.0G       1.9G        81M       536K       540K        20M
-/+ buffers/cache:       1.9G       102M
Swap:         8.0G       344M       7.7G

             total       used       free     shared    buffers     cached
Mem:          2.0G       1.9G        81M       536K       540K        20M
-/+ buffers/cache:       1.9G       102M
Swap:         8.0G       343M       7.7G

             total       used       free     shared    buffers     cached
Mem:          2.0G       1.9G        80M       536K       548K        21M
-/+ buffers/cache:       1.9G       101M
Swap:         8.0G       343M       7.7G

             total       used       free     shared    buffers     cached
Mem:          2.0G       1.9G        79M       536K       548K        21M
-/+ buffers/cache:       1.9G       100M
Swap:         8.0G       342M       7.7G

             total       used       free     shared    buffers     cached
Mem:          2.0G       1.9G        77M       536K       684K        21M
-/+ buffers/cache:       1.9G       100M
Swap:         8.0G       342M       7.7G

             total       used       free     shared    buffers     cached
Mem:          2.0G       1.9G        76M       540K       684K        21M
-/+ buffers/cache:       1.9G        99M
Swap:         8.0G       341M       7.7G

             total       used       free     shared    buffers     cached
Mem:          2.0G       1.9G        75M       540K       688K        22M
-/+ buffers/cache:       1.9G        98M
Swap:         8.0G       341M       7.7G

             total       used       free     shared    buffers     cached
Mem:          2.0G       1.9G        68M       540K       696K        24M
-/+ buffers/cache:       1.9G        94M
Swap:         8.0G       338M       7.7G

             total       used       free     shared    buffers     cached
Mem:          2.0G       1.9G        68M       540K       696K        24M
-/+ buffers/cache:       1.9G        93M
Swap:         8.0G       338M       7.7G

             total       used       free     shared    buffers     cached
Mem:          2.0G       1.9G        77M       540K       672K        26M
-/+ buffers/cache:       1.9G       103M
Swap:         8.0G       343M       7.7G

             total       used       free     shared    buffers     cached
Mem:          2.0G       1.9G        76M       540K       672K        26M
-/+ buffers/cache:       1.9G       103M
Swap:         8.0G       343M       7.7G

             total       used       free     shared    buffers     cached
Mem:          2.0G       1.9G        76M       540K       672K        26M
-/+ buffers/cache:       1.9G       102M
Swap:         8.0G       342M       7.7G

             total       used       free     shared    buffers     cached
Mem:          2.0G       1.9G        75M       540K       672K        26M
-/+ buffers/cache:       1.9G       102M
Swap:         8.0G       342M       7.7G

             total       used       free     shared    buffers     cached
Mem:          2.0G       1.9G        73M       540K       680K        27M
-/+ buffers/cache:       1.9G       101M
Swap:         8.0G       342M       7.7G

             total       used       free     shared    buffers     cached
Mem:          2.0G       1.9G        73M       540K       680K        27M
-/+ buffers/cache:       1.9G       101M
Swap:         8.0G       341M       7.7G

             total       used       free     shared    buffers     cached
Mem:          2.0G       1.9G        73M       540K       680K        27M
-/+ buffers/cache:       1.9G       100M
Swap:         8.0G       341M       7.7G

             total       used       free     shared    buffers     cached
Mem:          2.0G       1.9G        72M       540K       680K        27M
-/+ buffers/cache:       1.9G       100M
Swap:         8.0G       341M       7.7G

             total       used       free     shared    buffers     cached
Mem:          2.0G       1.9G        72M       540K       680K        27M
-/+ buffers/cache:       1.9G       100M
Swap:         8.0G       341M       7.7G

             total       used       free     shared    buffers     cached
Mem:          2.0G       1.9G        71M       540K       688K        27M
-/+ buffers/cache:       1.9G        99M
Swap:         8.0G       340M       7.7G

             total       used       free     shared    buffers     cached
Mem:          2.0G       1.9G        80M       604K       688K        29M
-/+ buffers/cache:       1.8G       110M
Swap:         8.0G       362M       7.6G

             total       used       free     shared    buffers     cached
Mem:          2.0G       1.9G        74M       4.3M       4.9M        55M
-/+ buffers/cache:       1.8G       135M
Swap:         8.0G       395M       7.6G

             total       used       free     shared    buffers     cached
Mem:          2.0G       1.9G        77M       664K       5.1M        66M
-/+ buffers/cache:       1.8G       150M
Swap:         8.0G       411M       7.6G

             total       used       free     shared    buffers     cached
Mem:          2.0G       1.9G        80M       624K       4.2M        63M
-/+ buffers/cache:       1.8G       147M
Swap:         8.0G       428M       7.6G

             total       used       free     shared    buffers     cached
Mem:          2.0G       1.9G        79M       636K       4.2M        63M
-/+ buffers/cache:       1.8G       146M
Swap:         8.0G       427M       7.6G

             total       used       free     shared    buffers     cached
Mem:          2.0G       1.9G        79M       636K       4.2M        63M
-/+ buffers/cache:       1.8G       146M
Swap:         8.0G       427M       7.6G

             total       used       free     shared    buffers     cached
Mem:          2.0G       1.9G        77M       636K       4.2M        63M
-/+ buffers/cache:       1.8G       145M
Swap:         8.0G       426M       7.6G

             total       used       free     shared    buffers     cached
Mem:          2.0G       1.9G        75M       636K       4.4M        64M
-/+ buffers/cache:       1.8G       144M
Swap:         8.0G       426M       7.6G

             total       used       free     shared    buffers     cached
Mem:          2.0G       1.9G        74M       636K       4.4M        64M
-/+ buffers/cache:       1.8G       143M
Swap:         8.0G       425M       7.6G

             total       used       free     shared    buffers     cached
Mem:          2.0G       1.9G        73M       636K       4.4M        64M
-/+ buffers/cache:       1.8G       142M
Swap:         8.0G       424M       7.6G

             total       used       free     shared    buffers     cached
Mem:          2.0G       1.9G        72M       636K       4.4M        64M
-/+ buffers/cache:       1.8G       140M
Swap:         8.0G       424M       7.6G

             total       used       free     shared    buffers     cached
Mem:          2.0G       1.9G        70M       636K       4.4M        64M
-/+ buffers/cache:       1.8G       139M
Swap:         8.0G       423M       7.6G

             total       used       free     shared    buffers     cached
Mem:          2.0G       1.9G        69M       636K       4.4M        64M
-/+ buffers/cache:       1.8G       138M
Swap:         8.0G       422M       7.6G

             total       used       free     shared    buffers     cached
Mem:          2.0G       1.9G        68M       636K       4.4M        64M
-/+ buffers/cache:       1.8G       137M
Swap:         8.0G       422M       7.6G

             total       used       free     shared    buffers     cached
Mem:          2.0G       1.9G        67M       636K       4.4M        64M
-/+ buffers/cache:       1.8G       136M
Swap:         8.0G       421M       7.6G

             total       used       free     shared    buffers     cached
Mem:          2.0G       1.9G        66M       636K       4.4M        64M
-/+ buffers/cache:       1.8G       135M
Swap:         8.0G       421M       7.6G

             total       used       free     shared    buffers     cached
Mem:          2.0G       1.9G        65M       636K       4.4M        64M
-/+ buffers/cache:       1.8G       134M
Swap:         8.0G       420M       7.6G

             total       used       free     shared    buffers     cached
Mem:          2.0G       1.9G        76M       636K       4.4M        64M
-/+ buffers/cache:       1.8G       144M
Swap:         8.0G       422M       7.6G

             total       used       free     shared    buffers     cached
Mem:          2.0G       1.9G        75M       636K       4.4M        64M
-/+ buffers/cache:       1.8G       143M
Swap:         8.0G       421M       7.6G

             total       used       free     shared    buffers     cached
Mem:          2.0G       1.9G        73M       636K       4.4M        63M
-/+ buffers/cache:       1.8G       142M
Swap:         8.0G       421M       7.6G

             total       used       free     shared    buffers     cached
Mem:          2.0G       1.9G        72M       636K       4.4M        63M
-/+ buffers/cache:       1.8G       141M
Swap:         8.0G       420M       7.6G

             total       used       free     shared    buffers     cached
Mem:          2.0G       1.9G        71M       636K       4.4M        63M
-/+ buffers/cache:       1.8G       140M
Swap:         8.0G       420M       7.6G

             total       used       free     shared    buffers     cached
Mem:          2.0G       1.9G        70M       636K       4.4M        64M
-/+ buffers/cache:       1.8G       139M
Swap:         8.0G       419M       7.6G

             total       used       free     shared    buffers     cached
Mem:          2.0G       1.9G        69M       636K       4.4M        64M
-/+ buffers/cache:       1.8G       138M
Swap:         8.0G       419M       7.6G

             total       used       free     shared    buffers     cached
Mem:          2.0G       1.9G        68M       636K       4.4M        63M
-/+ buffers/cache:       1.8G       137M
Swap:         8.0G       418M       7.6G

             total       used       free     shared    buffers     cached
Mem:          2.0G       1.9G        67M       636K       4.4M        64M
-/+ buffers/cache:       1.8G       136M
Swap:         8.0G       418M       7.6G

             total       used       free     shared    buffers     cached
Mem:          2.0G       1.9G        66M       636K       4.4M        64M
-/+ buffers/cache:       1.8G       135M
Swap:         8.0G       417M       7.6G

             total       used       free     shared    buffers     cached
Mem:          2.0G       1.9G        65M       636K       4.4M        63M
-/+ buffers/cache:       1.8G       134M
Swap:         8.0G       416M       7.6G

             total       used       free     shared    buffers     cached
Mem:          2.0G       1.9G        85M       636K       4.4M        61M
-/+ buffers/cache:       1.8G       151M
Swap:         8.0G       451M       7.6G

             total       used       free     shared    buffers     cached
Mem:          2.0G       1.9G        84M       636K       4.4M        61M
-/+ buffers/cache:       1.8G       150M
Swap:         8.0G       450M       7.6G

             total       used       free     shared    buffers     cached
Mem:          2.0G       1.9G        83M       636K       4.4M        61M
-/+ buffers/cache:       1.8G       149M
Swap:         8.0G       450M       7.6G

             total       used       free     shared    buffers     cached
Mem:          2.0G       1.9G        82M       636K       4.4M        61M
-/+ buffers/cache:       1.8G       148M
Swap:         8.0G       449M       7.6G

             total       used       free     shared    buffers     cached
Mem:          2.0G       1.9G        80M       636K       4.4M        61M
-/+ buffers/cache:       1.8G       147M
Swap:         8.0G       449M       7.6G

             total       used       free     shared    buffers     cached
Mem:          2.0G       1.9G        79M       636K       4.4M        61M
-/+ buffers/cache:       1.8G       146M
Swap:         8.0G       448M       7.6G

             total       used       free     shared    buffers     cached
Mem:          2.0G       1.9G        78M       636K       4.4M        61M
-/+ buffers/cache:       1.8G       144M
Swap:         8.0G       448M       7.6G

             total       used       free     shared    buffers     cached
Mem:          2.0G       1.9G        77M       636K       4.4M        61M
-/+ buffers/cache:       1.8G       143M
Swap:         8.0G       447M       7.6G

             total       used       free     shared    buffers     cached
Mem:          2.0G       1.9G        76M       636K       4.4M        61M
-/+ buffers/cache:       1.8G       142M
Swap:         8.0G       446M       7.6G

             total       used       free     shared    buffers     cached
Mem:          2.0G       1.9G        75M       636K       4.4M        61M
-/+ buffers/cache:       1.8G       141M
Swap:         8.0G       446M       7.6G

             total       used       free     shared    buffers     cached
Mem:          2.0G       1.9G        74M       636K       4.4M        61M
-/+ buffers/cache:       1.8G       140M
Swap:         8.0G       445M       7.6G

             total       used       free     shared    buffers     cached
Mem:          2.0G       1.9G        73M       636K       4.4M        61M
-/+ buffers/cache:       1.8G       139M
Swap:         8.0G       445M       7.6G

             total       used       free     shared    buffers     cached
Mem:          2.0G       1.9G        72M       636K       4.4M        61M
-/+ buffers/cache:       1.8G       138M
Swap:         8.0G       444M       7.6G

             total       used       free     shared    buffers     cached
Mem:          2.0G       1.9G        70M       636K       4.4M        61M
-/+ buffers/cache:       1.8G       137M
Swap:         8.0G       443M       7.6G

             total       used       free     shared    buffers     cached
Mem:          2.0G       1.9G        69M       636K       4.4M        61M
-/+ buffers/cache:       1.8G       135M
Swap:         8.0G       443M       7.6G

             total       used       free     shared    buffers     cached
Mem:          2.0G       1.9G        68M       636K       4.4M        61M
-/+ buffers/cache:       1.8G       134M
Swap:         8.0G       442M       7.6G

             total       used       free     shared    buffers     cached
Mem:          2.0G       1.9G        67M       636K       4.4M        61M
-/+ buffers/cache:       1.8G       133M
Swap:         8.0G       442M       7.6G

             total       used       free     shared    buffers     cached
Mem:          2.0G       1.9G        66M       636K       4.4M        61M
-/+ buffers/cache:       1.8G       132M
Swap:         8.0G       441M       7.6G

             total       used       free     shared    buffers     cached
Mem:          2.0G       1.9G        65M       636K       4.4M        61M
-/+ buffers/cache:       1.8G       131M
Swap:         8.0G       440M       7.6G

             total       used       free     shared    buffers     cached
Mem:          2.0G       1.9G        82M       636K       4.4M        61M
-/+ buffers/cache:       1.8G       147M
Swap:         8.0G       441M       7.6G

             total       used       free     shared    buffers     cached
Mem:          2.0G       1.9G        81M       636K       4.4M        61M
-/+ buffers/cache:       1.8G       146M
Swap:         8.0G       441M       7.6G

             total       used       free     shared    buffers     cached
Mem:          2.0G       1.9G        79M       636K       4.4M        61M
-/+ buffers/cache:       1.8G       145M
Swap:         8.0G       440M       7.6G

             total       used       free     shared    buffers     cached
Mem:          2.0G       1.9G        78M       636K       4.4M        61M
-/+ buffers/cache:       1.8G       144M
Swap:         8.0G       440M       7.6G

             total       used       free     shared    buffers     cached
Mem:          2.0G       1.9G        77M       636K       4.4M        61M
-/+ buffers/cache:       1.8G       143M
Swap:         8.0G       439M       7.6G

             total       used       free     shared    buffers     cached
Mem:          2.0G       1.9G        76M       636K       4.4M        61M
-/+ buffers/cache:       1.8G       142M
Swap:         8.0G       438M       7.6G

             total       used       free     shared    buffers     cached
Mem:          2.0G       1.9G        75M       636K       4.4M        61M
-/+ buffers/cache:       1.8G       141M
Swap:         8.0G       438M       7.6G

             total       used       free     shared    buffers     cached
Mem:          2.0G       1.9G        74M       636K       4.4M        61M
-/+ buffers/cache:       1.8G       140M
Swap:         8.0G       437M       7.6G

             total       used       free     shared    buffers     cached
Mem:          2.0G       1.9G        73M       636K       4.4M        61M
-/+ buffers/cache:       1.8G       139M
Swap:         8.0G       437M       7.6G

             total       used       free     shared    buffers     cached
Mem:          2.0G       1.9G        72M       636K       4.4M        61M
-/+ buffers/cache:       1.8G       138M
Swap:         8.0G       436M       7.6G

             total       used       free     shared    buffers     cached
Mem:          2.0G       1.9G        71M       636K       4.4M        61M
-/+ buffers/cache:       1.8G       137M
Swap:         8.0G       436M       7.6G

             total       used       free     shared    buffers     cached
Mem:          2.0G       1.9G        70M       636K       4.4M        61M
-/+ buffers/cache:       1.8G       136M
Swap:         8.0G       435M       7.6G

             total       used       free     shared    buffers     cached
Mem:          2.0G       1.9G        69M       636K       4.4M        61M
-/+ buffers/cache:       1.8G       135M
Swap:         8.0G       435M       7.6G

             total       used       free     shared    buffers     cached
Mem:          2.0G       1.9G        68M       636K       4.4M        61M
-/+ buffers/cache:       1.8G       134M
Swap:         8.0G       434M       7.6G

             total       used       free     shared    buffers     cached
Mem:          2.0G       1.9G        67M       636K       4.4M        61M
-/+ buffers/cache:       1.8G       133M
Swap:         8.0G       434M       7.6G

             total       used       free     shared    buffers     cached
Mem:          2.0G       1.9G        66M       636K       4.4M        61M
-/+ buffers/cache:       1.8G       132M
Swap:         8.0G       433M       7.6G

             total       used       free     shared    buffers     cached
Mem:          2.0G       1.9G        81M       636K       5.4M        62M
-/+ buffers/cache:       1.8G       149M
Swap:         8.0G       470M       7.5G

             total       used       free     shared    buffers     cached
Mem:          2.0G       1.9G        80M       640K       5.4M        62M
-/+ buffers/cache:       1.8G       148M
Swap:         8.0G       469M       7.5G

             total       used       free     shared    buffers     cached
Mem:          2.0G       1.9G        78M       640K       5.4M        62M
-/+ buffers/cache:       1.8G       146M
Swap:         8.0G       468M       7.5G

             total       used       free     shared    buffers     cached
Mem:          2.0G       1.9G        77M       640K       5.4M        62M
-/+ buffers/cache:       1.8G       145M
Swap:         8.0G       468M       7.5G

             total       used       free     shared    buffers     cached
Mem:          2.0G       1.9G        77M       640K       5.4M        62M
-/+ buffers/cache:       1.8G       145M
Swap:         8.0G       467M       7.5G

             total       used       free     shared    buffers     cached
Mem:          2.0G       1.9G        70M       704K       8.8M        73M
-/+ buffers/cache:       1.8G       152M
Swap:         8.0G       465M       7.5G

             total       used       free     shared    buffers     cached
Mem:          2.0G       1.9G        67M       680K       9.2M        75M
-/+ buffers/cache:       1.8G       151M
Swap:         8.0G       464M       7.5G
