             total       used       free     shared    buffers     cached
Mem:          992M       655M       336M       3.2M        38M       289M
-/+ buffers/cache:       327M       664M
Swap:         8.0G         0B       8.0G

             total       used       free     shared    buffers     cached
Mem:          992M       654M       337M       1.4M        38M       287M
-/+ buffers/cache:       328M       663M
Swap:         8.0G         0B       8.0G

             total       used       free     shared    buffers     cached
Mem:          992M       654M       337M       1.4M        38M       287M
-/+ buffers/cache:       328M       664M
Swap:         8.0G         0B       8.0G

             total       used       free     shared    buffers     cached
Mem:          992M       654M       337M       1.4M        38M       287M
-/+ buffers/cache:       328M       664M
Swap:         8.0G         0B       8.0G

             total       used       free     shared    buffers     cached
Mem:          992M       654M       337M       1.4M        38M       287M
-/+ buffers/cache:       328M       664M
Swap:         8.0G         0B       8.0G

             total       used       free     shared    buffers     cached
Mem:          992M       654M       337M       1.4M        38M       287M
-/+ buffers/cache:       328M       664M
Swap:         8.0G         0B       8.0G

             total       used       free     shared    buffers     cached
Mem:          992M       654M       337M       1.4M        38M       287M
-/+ buffers/cache:       328M       664M
Swap:         8.0G         0B       8.0G

             total       used       free     shared    buffers     cached
Mem:          992M       654M       338M       1.4M        38M       287M
-/+ buffers/cache:       327M       664M
Swap:         8.0G         0B       8.0G

             total       used       free     shared    buffers     cached
Mem:          992M       653M       338M       1.4M        38M       288M
-/+ buffers/cache:       327M       664M
Swap:         8.0G         0B       8.0G

             total       used       free     shared    buffers     cached
Mem:          992M       654M       337M       1.4M        38M       288M
-/+ buffers/cache:       328M       664M
Swap:         8.0G         0B       8.0G

             total       used       free     shared    buffers     cached
Mem:          992M       659M       332M       1.4M        38M       288M
-/+ buffers/cache:       332M       659M
Swap:         8.0G         0B       8.0G

             total       used       free     shared    buffers     cached
Mem:          992M       678M       313M       1.4M        38M       288M
-/+ buffers/cache:       351M       640M
Swap:         8.0G         0B       8.0G

             total       used       free     shared    buffers     cached
Mem:          992M       663M       329M       1.4M        38M       289M
-/+ buffers/cache:       335M       656M
Swap:         8.0G         0B       8.0G

             total       used       free     shared    buffers     cached
Mem:          992M       665M       326M       1.4M        38M       289M
-/+ buffers/cache:       337M       654M
Swap:         8.0G         0B       8.0G

             total       used       free     shared    buffers     cached
Mem:          992M       663M       328M       1.4M        38M       289M
-/+ buffers/cache:       335M       656M
Swap:         8.0G         0B       8.0G

             total       used       free     shared    buffers     cached
Mem:          992M       663M       328M       1.4M        38M       289M
-/+ buffers/cache:       335M       656M
Swap:         8.0G         0B       8.0G

             total       used       free     shared    buffers     cached
Mem:          992M       663M       328M       1.4M        38M       289M
-/+ buffers/cache:       335M       656M
Swap:         8.0G         0B       8.0G

             total       used       free     shared    buffers     cached
Mem:          992M       663M       328M       1.4M        38M       289M
-/+ buffers/cache:       335M       656M
Swap:         8.0G         0B       8.0G

             total       used       free     shared    buffers     cached
Mem:          992M       663M       328M       1.4M        38M       289M
-/+ buffers/cache:       335M       656M
Swap:         8.0G         0B       8.0G

             total       used       free     shared    buffers     cached
Mem:          992M       663M       328M       1.4M        38M       289M
-/+ buffers/cache:       335M       656M
Swap:         8.0G         0B       8.0G

             total       used       free     shared    buffers     cached
Mem:          992M       663M       328M       1.4M        38M       289M
-/+ buffers/cache:       335M       656M
Swap:         8.0G         0B       8.0G

             total       used       free     shared    buffers     cached
Mem:          992M       663M       328M       1.4M        38M       289M
-/+ buffers/cache:       335M       656M
Swap:         8.0G         0B       8.0G

             total       used       free     shared    buffers     cached
Mem:          992M       663M       328M       1.4M        38M       289M
-/+ buffers/cache:       335M       656M
Swap:         8.0G         0B       8.0G

             total       used       free     shared    buffers     cached
Mem:          992M       663M       328M       1.4M        38M       289M
-/+ buffers/cache:       335M       656M
Swap:         8.0G         0B       8.0G

             total       used       free     shared    buffers     cached
Mem:          992M       663M       328M       1.4M        38M       289M
-/+ buffers/cache:       335M       656M
Swap:         8.0G         0B       8.0G

             total       used       free     shared    buffers     cached
Mem:          992M       663M       328M       1.4M        38M       289M
-/+ buffers/cache:       335M       656M
Swap:         8.0G         0B       8.0G

             total       used       free     shared    buffers     cached
Mem:          992M       663M       328M       1.4M        38M       289M
-/+ buffers/cache:       335M       656M
Swap:         8.0G         0B       8.0G

             total       used       free     shared    buffers     cached
Mem:          992M       663M       328M       1.4M        38M       289M
-/+ buffers/cache:       335M       656M
Swap:         8.0G         0B       8.0G

             total       used       free     shared    buffers     cached
Mem:          992M       663M       328M       1.4M        38M       289M
-/+ buffers/cache:       335M       656M
Swap:         8.0G         0B       8.0G

             total       used       free     shared    buffers     cached
Mem:          992M       663M       328M       1.4M        38M       289M
-/+ buffers/cache:       335M       656M
Swap:         8.0G         0B       8.0G

             total       used       free     shared    buffers     cached
Mem:          992M       663M       328M       1.4M        38M       289M
-/+ buffers/cache:       335M       656M
Swap:         8.0G         0B       8.0G

             total       used       free     shared    buffers     cached
Mem:          992M       663M       328M       1.4M        38M       289M
-/+ buffers/cache:       335M       656M
Swap:         8.0G         0B       8.0G

             total       used       free     shared    buffers     cached
Mem:          992M       663M       328M       1.4M        38M       289M
-/+ buffers/cache:       335M       656M
Swap:         8.0G         0B       8.0G

             total       used       free     shared    buffers     cached
Mem:          992M       671M       321M       1.4M        38M       289M
-/+ buffers/cache:       342M       649M
Swap:         8.0G         0B       8.0G

             total       used       free     shared    buffers     cached
Mem:          992M       688M       304M       1.4M        38M       289M
-/+ buffers/cache:       359M       632M
Swap:         8.0G         0B       8.0G

             total       used       free     shared    buffers     cached
Mem:          992M       706M       286M       1.4M        38M       289M
-/+ buffers/cache:       377M       614M
Swap:         8.0G         0B       8.0G

             total       used       free     shared    buffers     cached
Mem:          992M       720M       271M       1.4M        38M       289M
-/+ buffers/cache:       392M       599M
Swap:         8.0G         0B       8.0G

             total       used       free     shared    buffers     cached
Mem:          992M       736M       256M       1.4M        38M       289M
-/+ buffers/cache:       407M       584M
Swap:         8.0G         0B       8.0G

             total       used       free     shared    buffers     cached
Mem:          992M       751M       240M       1.4M        38M       289M
-/+ buffers/cache:       422M       569M
Swap:         8.0G         0B       8.0G

             total       used       free     shared    buffers     cached
Mem:          992M       767M       224M       1.4M        38M       289M
-/+ buffers/cache:       438M       553M
Swap:         8.0G         0B       8.0G

             total       used       free     shared    buffers     cached
Mem:          992M       781M       210M       1.4M        38M       289M
-/+ buffers/cache:       453M       538M
Swap:         8.0G         0B       8.0G

             total       used       free     shared    buffers     cached
Mem:          992M       797M       194M       1.4M        38M       289M
-/+ buffers/cache:       469M       522M
Swap:         8.0G         0B       8.0G

             total       used       free     shared    buffers     cached
Mem:          992M       813M       178M       1.4M        38M       289M
-/+ buffers/cache:       485M       506M
Swap:         8.0G         0B       8.0G

             total       used       free     shared    buffers     cached
Mem:          992M       831M       160M       1.4M        38M       289M
-/+ buffers/cache:       503M       488M
Swap:         8.0G         0B       8.0G

             total       used       free     shared    buffers     cached
Mem:          992M       846M       145M       1.4M        38M       289M
-/+ buffers/cache:       518M       473M
Swap:         8.0G         0B       8.0G

             total       used       free     shared    buffers     cached
Mem:          992M       863M       129M       1.4M        38M       289M
-/+ buffers/cache:       534M       457M
Swap:         8.0G         0B       8.0G

             total       used       free     shared    buffers     cached
Mem:          992M       878M       114M       1.4M        38M       289M
-/+ buffers/cache:       549M       442M
Swap:         8.0G         0B       8.0G

             total       used       free     shared    buffers     cached
Mem:          992M       889M       102M       1.4M        38M       289M
-/+ buffers/cache:       561M       430M
Swap:         8.0G         0B       8.0G

             total       used       free     shared    buffers     cached
Mem:          992M       904M        87M       1.4M        38M       289M
-/+ buffers/cache:       576M       415M
Swap:         8.0G         0B       8.0G

             total       used       free     shared    buffers     cached
Mem:          992M       919M        72M       1.4M        38M       289M
-/+ buffers/cache:       591M       400M
Swap:         8.0G         0B       8.0G

             total       used       free     shared    buffers     cached
Mem:          992M       913M        78M       1.4M        17M       288M
-/+ buffers/cache:       608M       383M
Swap:         8.0G         0B       8.0G

             total       used       free     shared    buffers     cached
Mem:          992M       928M        63M       1.4M        17M       288M
-/+ buffers/cache:       623M       369M
Swap:         8.0G         0B       8.0G

             total       used       free     shared    buffers     cached
Mem:          992M       926M        65M       1.4M        10M       279M
-/+ buffers/cache:       637M       354M
Swap:         8.0G         0B       8.0G

             total       used       free     shared    buffers     cached
Mem:          992M       924M        68M       1.4M       9.6M       262M
-/+ buffers/cache:       651M       340M
Swap:         8.0G       120K       8.0G

             total       used       free     shared    buffers     cached
Mem:          992M       920M        71M       1.3M       9.6M       244M
-/+ buffers/cache:       666M       325M
Swap:         8.0G       400K       8.0G

             total       used       free     shared    buffers     cached
Mem:          992M       921M        70M       1.2M       9.6M       232M
-/+ buffers/cache:       679M       312M
Swap:         8.0G       5.0M       8.0G

             total       used       free     shared    buffers     cached
Mem:          992M       902M        89M       1.2M       7.8M       205M
-/+ buffers/cache:       689M       302M
Swap:         8.0G       9.2M       8.0G

             total       used       free     shared    buffers     cached
Mem:          992M       917M        74M       1.1M       7.8M       205M
-/+ buffers/cache:       704M       287M
Swap:         8.0G       9.2M       8.0G

             total       used       free     shared    buffers     cached
Mem:          992M       919M        72M       1.1M       2.3M       198M
-/+ buffers/cache:       719M       272M
Swap:         8.0G       9.2M       8.0G

             total       used       free     shared    buffers     cached
Mem:          992M       920M        71M       1.1M       840K       184M
-/+ buffers/cache:       735M       256M
Swap:         8.0G       9.2M       8.0G

             total       used       free     shared    buffers     cached
Mem:          992M       913M        78M       1.1M       220K       163M
-/+ buffers/cache:       750M       241M
Swap:         8.0G       9.2M       8.0G

             total       used       free     shared    buffers     cached
Mem:          992M       927M        64M       1.1M       228K       163M
-/+ buffers/cache:       764M       227M
Swap:         8.0G       9.2M       8.0G

             total       used       free     shared    buffers     cached
Mem:          992M       920M        71M       1.1M       416K       143M
-/+ buffers/cache:       776M       215M
Swap:         8.0G       9.2M       8.0G

             total       used       free     shared    buffers     cached
Mem:          992M       912M        79M       1.1M       268K       126M
-/+ buffers/cache:       785M       206M
Swap:         8.0G       9.2M       8.0G

             total       used       free     shared    buffers     cached
Mem:          992M       928M        63M       1.1M       268K       126M
-/+ buffers/cache:       801M       190M
Swap:         8.0G       9.2M       8.0G

             total       used       free     shared    buffers     cached
Mem:          992M       926M        65M       1.1M       268K       111M
-/+ buffers/cache:       814M       177M
Swap:         8.0G       9.2M       8.0G

             total       used       free     shared    buffers     cached
Mem:          992M       926M        65M       1.1M       268K        98M
-/+ buffers/cache:       827M       164M
Swap:         8.0G       9.2M       8.0G

             total       used       free     shared    buffers     cached
Mem:          992M       928M        63M       1.1M       276K        87M
-/+ buffers/cache:       841M       151M
Swap:         8.0G       9.2M       8.0G

             total       used       free     shared    buffers     cached
Mem:          992M       914M        77M       1.1M       276K        60M
-/+ buffers/cache:       853M       138M
Swap:         8.0G       9.2M       8.0G

             total       used       free     shared    buffers     cached
Mem:          992M       928M        63M       1.1M       424K        61M
-/+ buffers/cache:       867M       125M
Swap:         8.0G       9.2M       8.0G

             total       used       free     shared    buffers     cached
Mem:          992M       918M        73M       1.1M       3.3M        37M
-/+ buffers/cache:       878M       113M
Swap:         8.0G       9.3M       8.0G

             total       used       free     shared    buffers     cached
Mem:          992M       918M        73M       992K       3.3M        30M
-/+ buffers/cache:       884M       107M
Swap:         8.0G        24M       8.0G

             total       used       free     shared    buffers     cached
Mem:          992M       917M        74M       704K       3.3M        25M
-/+ buffers/cache:       888M       103M
Swap:         8.0G        34M       8.0G

             total       used       free     shared    buffers     cached
Mem:          992M       912M        79M       680K       1.7M        16M
-/+ buffers/cache:       894M        97M
Swap:         8.0G        45M       8.0G

             total       used       free     shared    buffers     cached
Mem:          992M       927M        65M       680K       1.7M        16M
-/+ buffers/cache:       908M        83M
Swap:         8.0G        45M       8.0G

             total       used       free     shared    buffers     cached
Mem:          992M       928M        63M       680K       512K       6.2M
-/+ buffers/cache:       922M        70M
Swap:         8.0G        45M       8.0G

             total       used       free     shared    buffers     cached
Mem:          992M       928M        63M       680K       500K       3.4M
-/+ buffers/cache:       924M        67M
Swap:         8.0G        48M       7.9G

             total       used       free     shared    buffers     cached
Mem:          992M       923M        68M       660K       500K       3.0M
-/+ buffers/cache:       920M        71M
Swap:         8.0G        73M       7.9G

             total       used       free     shared    buffers     cached
Mem:          992M       918M        73M       660K       500K       2.4M
-/+ buffers/cache:       915M        76M
Swap:         8.0G        89M       7.9G

             total       used       free     shared    buffers     cached
Mem:          992M       920M        71M       652K       500K       2.4M
-/+ buffers/cache:       917M        74M
Swap:         8.0G        97M       7.9G

             total       used       free     shared    buffers     cached
Mem:          992M       913M        78M       652K       508K       2.5M
-/+ buffers/cache:       910M        81M
Swap:         8.0G       137M       7.9G

             total       used       free     shared    buffers     cached
Mem:          992M       927M        64M       644K       508K       2.5M
-/+ buffers/cache:       924M        67M
Swap:         8.0G       137M       7.9G

             total       used       free     shared    buffers     cached
Mem:          992M       926M        65M       644K       508K       2.5M
-/+ buffers/cache:       923M        68M
Swap:         8.0G       137M       7.9G

             total       used       free     shared    buffers     cached
Mem:          992M       925M        66M       580K       500K       2.3M
-/+ buffers/cache:       922M        69M
Swap:         8.0G       155M       7.8G

             total       used       free     shared    buffers     cached
Mem:          992M       926M        65M       580K       496K       2.3M
-/+ buffers/cache:       923M        68M
Swap:         8.0G       155M       7.8G

             total       used       free     shared    buffers     cached
Mem:          992M       917M        75M       572K       476K       2.7M
-/+ buffers/cache:       914M        78M
Swap:         8.0G       184M       7.8G

             total       used       free     shared    buffers     cached
Mem:          992M       918M        73M       572K       340K       2.6M
-/+ buffers/cache:       915M        76M
Swap:         8.0G       199M       7.8G

             total       used       free     shared    buffers     cached
Mem:          992M       916M        75M       572K       196K       2.6M
-/+ buffers/cache:       913M        78M
Swap:         8.0G       216M       7.8G

             total       used       free     shared    buffers     cached
Mem:          992M       919M        72M       572K       140K       2.6M
-/+ buffers/cache:       916M        75M
Swap:         8.0G       224M       7.8G

             total       used       free     shared    buffers     cached
Mem:          992M       919M        73M       572K        84K       2.6M
-/+ buffers/cache:       916M        75M
Swap:         8.0G       233M       7.8G

             total       used       free     shared    buffers     cached
Mem:          992M       923M        68M       540K        84K       2.6M
-/+ buffers/cache:       920M        71M
Swap:         8.0G       242M       7.8G

             total       used       free     shared    buffers     cached
Mem:          992M       918M        73M       540K        88K       2.5M
-/+ buffers/cache:       916M        75M
Swap:         8.0G       259M       7.7G

             total       used       free     shared    buffers     cached
Mem:          992M       926M        65M       540K        88K       2.5M
-/+ buffers/cache:       923M        68M
Swap:         8.0G       259M       7.7G

             total       used       free     shared    buffers     cached
Mem:          992M       919M        72M       540K        88K       2.4M
-/+ buffers/cache:       917M        74M
Swap:         8.0G       274M       7.7G

             total       used       free     shared    buffers     cached
Mem:          992M       927M        65M       540K        88K       2.4M
-/+ buffers/cache:       924M        67M
Swap:         8.0G       274M       7.7G

             total       used       free     shared    buffers     cached
Mem:          992M       920M        72M       540K        88K       2.4M
-/+ buffers/cache:       917M        74M
Swap:         8.0G       289M       7.7G

             total       used       free     shared    buffers     cached
Mem:          992M       923M        68M       540K        96K       2.4M
-/+ buffers/cache:       921M        70M
Swap:         8.0G       289M       7.7G

             total       used       free     shared    buffers     cached
Mem:          992M       915M        77M       540K        96K       2.3M
-/+ buffers/cache:       912M        79M
Swap:         8.0G       305M       7.7G

             total       used       free     shared    buffers     cached
Mem:          992M       919M        72M       540K        96K       2.3M
-/+ buffers/cache:       917M        74M
Swap:         8.0G       305M       7.7G

             total       used       free     shared    buffers     cached
Mem:          992M       925M        66M       540K        96K       2.3M
-/+ buffers/cache:       922M        69M
Swap:         8.0G       305M       7.7G

             total       used       free     shared    buffers     cached
Mem:          992M       917M        74M       488K        96K       2.8M
-/+ buffers/cache:       914M        77M
Swap:         8.0G       313M       7.7G

             total       used       free     shared    buffers     cached
Mem:          992M       921M        70M       468K       104K       2.8M
-/+ buffers/cache:       918M        73M
Swap:         8.0G       313M       7.7G

             total       used       free     shared    buffers     cached
Mem:          992M       925M        66M       468K       104K       2.8M
-/+ buffers/cache:       922M        69M
Swap:         8.0G       313M       7.7G

             total       used       free     shared    buffers     cached
Mem:          992M       917M        74M         0B       104K       2.4M
-/+ buffers/cache:       914M        77M
Swap:         8.0G       329M       7.7G

             total       used       free     shared    buffers     cached
Mem:          992M       921M        70M        12K       104K       2.4M
-/+ buffers/cache:       918M        73M
Swap:         8.0G       329M       7.7G

             total       used       free     shared    buffers     cached
Mem:          992M       926M        65M        12K        76K       2.3M
-/+ buffers/cache:       924M        67M
Swap:         8.0G       324M       7.7G

             total       used       free     shared    buffers     cached
Mem:          992M       919M        72M        12K        76K       2.1M
-/+ buffers/cache:       917M        74M
Swap:         8.0G       325M       7.7G

             total       used       free     shared    buffers     cached
Mem:          992M       928M        64M        12K        84K       2.1M
-/+ buffers/cache:       925M        66M
Swap:         8.0G       310M       7.7G

             total       used       free     shared    buffers     cached
Mem:          992M       919M        73M         8K        84K       2.0M
-/+ buffers/cache:       916M        75M
Swap:         8.0G       322M       7.7G

             total       used       free     shared    buffers     cached
Mem:          992M       918M        73M         4K        76K       1.6M
-/+ buffers/cache:       917M        75M
Swap:         8.0G       319M       7.7G

             total       used       free     shared    buffers     cached
Mem:          992M       920M        72M         0B        76K       1.4M
-/+ buffers/cache:       918M        73M
Swap:         8.0G       316M       7.7G

             total       used       free     shared    buffers     cached
Mem:          992M       917M        74M         0B        76K       1.5M
-/+ buffers/cache:       916M        75M
Swap:         8.0G       323M       7.7G

             total       used       free     shared    buffers     cached
Mem:          992M       916M        76M         0B        84K       1.5M
-/+ buffers/cache:       914M        77M
Swap:         8.0G       327M       7.7G

             total       used       free     shared    buffers     cached
Mem:          992M       923M        68M         0B        84K       1.6M
-/+ buffers/cache:       922M        70M
Swap:         8.0G       319M       7.7G

             total       used       free     shared    buffers     cached
Mem:          992M       918M        73M         0B        84K       1.6M
-/+ buffers/cache:       916M        75M
Swap:         8.0G       328M       7.7G

             total       used       free     shared    buffers     cached
Mem:          992M       921M        71M         0B        84K       1.5M
-/+ buffers/cache:       919M        72M
Swap:         8.0G       324M       7.7G

             total       used       free     shared    buffers     cached
Mem:          992M       915M        76M         0B        80K       1.6M
-/+ buffers/cache:       913M        78M
Swap:         8.0G       339M       7.7G

             total       used       free     shared    buffers     cached
Mem:          992M       918M        73M         0B        88K       2.1M
-/+ buffers/cache:       916M        75M
Swap:         8.0G       330M       7.7G

             total       used       free     shared    buffers     cached
Mem:          992M       922M        69M         0B        88K       2.1M
-/+ buffers/cache:       920M        72M
Swap:         8.0G       329M       7.7G

             total       used       free     shared    buffers     cached
Mem:          992M       927M        64M         0B        88K       2.1M
-/+ buffers/cache:       925M        66M
Swap:         8.0G       327M       7.7G

             total       used       free     shared    buffers     cached
Mem:          992M       918M        73M         0B        76K       2.0M
-/+ buffers/cache:       916M        75M
Swap:         8.0G       345M       7.7G

             total       used       free     shared    buffers     cached
Mem:          992M       924M        67M         0B        76K       2.1M
-/+ buffers/cache:       922M        69M
Swap:         8.0G       345M       7.7G

             total       used       free     shared    buffers     cached
Mem:          992M       915M        76M         0B        76K       2.0M
-/+ buffers/cache:       913M        78M
Swap:         8.0G       363M       7.6G

             total       used       free     shared    buffers     cached
Mem:          992M       921M        71M         0B        84K       2.0M
-/+ buffers/cache:       919M        73M
Swap:         8.0G       363M       7.6G

             total       used       free     shared    buffers     cached
Mem:          992M       926M        65M         0B        84K       2.0M
-/+ buffers/cache:       924M        67M
Swap:         8.0G       363M       7.6G

             total       used       free     shared    buffers     cached
Mem:          992M       907M        84M         0B        84K       1.8M
-/+ buffers/cache:       905M        86M
Swap:         8.0G       394M       7.6G

             total       used       free     shared    buffers     cached
Mem:          992M       909M        82M         0B        84K       1.9M
-/+ buffers/cache:       907M        84M
Swap:         8.0G       393M       7.6G

             total       used       free     shared    buffers     cached
Mem:          992M       911M        80M         0B        84K       1.9M
-/+ buffers/cache:       909M        82M
Swap:         8.0G       391M       7.6G

             total       used       free     shared    buffers     cached
Mem:          992M       921M        70M         0B        92K       7.0M
-/+ buffers/cache:       914M        77M
Swap:         8.0G       389M       7.6G

             total       used       free     shared    buffers     cached
Mem:          992M       919M        72M         0B       216K        18M
-/+ buffers/cache:       900M        91M
Swap:         8.0G       401M       7.6G

             total       used       free     shared    buffers     cached
Mem:          992M       922M        69M         0B       536K        18M
-/+ buffers/cache:       903M        88M
Swap:         8.0G       400M       7.6G

             total       used       free     shared    buffers     cached
Mem:          992M       925M        66M         0B       824K        19M
-/+ buffers/cache:       905M        86M
Swap:         8.0G       399M       7.6G

             total       used       free     shared    buffers     cached
Mem:          992M       928M        63M         0B       824K        19M
-/+ buffers/cache:       908M        84M
Swap:         8.0G       398M       7.6G

             total       used       free     shared    buffers     cached
Mem:          992M       914M        78M         0B       832K        16M
-/+ buffers/cache:       896M        95M
Swap:         8.0G       420M       7.6G

             total       used       free     shared    buffers     cached
Mem:          992M       916M        76M         0B       832K        16M
-/+ buffers/cache:       898M        93M
Swap:         8.0G       419M       7.6G

             total       used       free     shared    buffers     cached
Mem:          992M       918M        74M         0B       832K        16M
-/+ buffers/cache:       900M        91M
Swap:         8.0G       418M       7.6G

             total       used       free     shared    buffers     cached
Mem:          992M       920M        72M         0B       832K        16M
-/+ buffers/cache:       902M        89M
Swap:         8.0G       417M       7.6G

             total       used       free     shared    buffers     cached
Mem:          992M       922M        69M         0B       832K        16M
-/+ buffers/cache:       904M        87M
Swap:         8.0G       416M       7.6G

             total       used       free     shared    buffers     cached
Mem:          992M       924M        67M         0B       832K        16M
-/+ buffers/cache:       907M        85M
Swap:         8.0G       415M       7.6G

             total       used       free     shared    buffers     cached
Mem:          992M       927M        65M         0B       840K        16M
-/+ buffers/cache:       909M        82M
Swap:         8.0G       414M       7.6G

             total       used       free     shared    buffers     cached
Mem:          992M       929M        62M         0B       840K        16M
-/+ buffers/cache:       911M        80M
Swap:         8.0G       413M       7.6G

             total       used       free     shared    buffers     cached
Mem:          992M       919M        72M         0B       832K        16M
-/+ buffers/cache:       902M        89M
Swap:         8.0G       412M       7.6G

             total       used       free     shared    buffers     cached
Mem:          992M       921M        70M         0B       832K        16M
-/+ buffers/cache:       904M        87M
Swap:         8.0G       411M       7.6G

             total       used       free     shared    buffers     cached
Mem:          992M       923M        68M         0B       832K        16M
-/+ buffers/cache:       906M        85M
Swap:         8.0G       410M       7.6G

             total       used       free     shared    buffers     cached
Mem:          992M       926M        65M         0B       840K        16M
-/+ buffers/cache:       909M        83M
Swap:         8.0G       409M       7.6G

             total       used       free     shared    buffers     cached
Mem:          992M       928M        63M         0B       840K        16M
-/+ buffers/cache:       911M        80M
Swap:         8.0G       408M       7.6G

             total       used       free     shared    buffers     cached
Mem:          992M       916M        75M         0B       792K        11M
-/+ buffers/cache:       904M        88M
Swap:         8.0G       420M       7.6G

             total       used       free     shared    buffers     cached
Mem:          992M       919M        72M         0B       792K        11M
-/+ buffers/cache:       906M        85M
Swap:         8.0G       419M       7.6G

             total       used       free     shared    buffers     cached
Mem:          992M       921M        70M         0B       792K        11M
-/+ buffers/cache:       908M        83M
Swap:         8.0G       418M       7.6G

             total       used       free     shared    buffers     cached
Mem:          992M       923M        68M         0B       800K        12M
-/+ buffers/cache:       910M        81M
Swap:         8.0G       417M       7.6G

             total       used       free     shared    buffers     cached
Mem:          992M       925M        66M         0B       800K        11M
-/+ buffers/cache:       913M        79M
Swap:         8.0G       416M       7.6G

             total       used       free     shared    buffers     cached
Mem:          992M       928M        63M         0B       800K        12M
-/+ buffers/cache:       915M        76M
Swap:         8.0G       415M       7.6G

             total       used       free     shared    buffers     cached
Mem:          992M       918M        73M         0B       800K        11M
-/+ buffers/cache:       906M        85M
Swap:         8.0G       423M       7.6G

             total       used       free     shared    buffers     cached
Mem:          992M       921M        70M         0B       800K        11M
-/+ buffers/cache:       909M        82M
Swap:         8.0G       422M       7.6G

             total       used       free     shared    buffers     cached
Mem:          992M       923M        68M         0B       800K        11M
-/+ buffers/cache:       911M        80M
Swap:         8.0G       420M       7.6G

             total       used       free     shared    buffers     cached
Mem:          992M       926M        66M         0B       808K        11M
-/+ buffers/cache:       914M        78M
Swap:         8.0G       419M       7.6G

             total       used       free     shared    buffers     cached
Mem:          992M       928M        63M         0B       812K        11M
-/+ buffers/cache:       916M        75M
Swap:         8.0G       418M       7.6G

             total       used       free     shared    buffers     cached
Mem:          992M       918M        74M         0B        84K       4.2M
-/+ buffers/cache:       913M        78M
Swap:         8.0G       429M       7.6G

             total       used       free     shared    buffers     cached
Mem:          992M       920M        71M         0B        88K       4.2M
-/+ buffers/cache:       916M        75M
Swap:         8.0G       428M       7.6G

             total       used       free     shared    buffers     cached
Mem:          992M       922M        69M         0B       100K       4.2M
-/+ buffers/cache:       918M        73M
Swap:         8.0G       426M       7.6G

             total       used       free     shared    buffers     cached
Mem:          992M       925M        66M         0B       108K       4.2M
-/+ buffers/cache:       921M        71M
Swap:         8.0G       425M       7.6G

             total       used       free     shared    buffers     cached
Mem:          992M       927M        64M         0B       108K       4.2M
-/+ buffers/cache:       923M        68M
Swap:         8.0G       424M       7.6G

             total       used       free     shared    buffers     cached
Mem:          992M       914M        77M         0B       108K       2.5M
-/+ buffers/cache:       911M        80M
Swap:         8.0G       425M       7.6G

             total       used       free     shared    buffers     cached
Mem:          992M       916M        75M         0B       108K       2.6M
-/+ buffers/cache:       913M        78M
Swap:         8.0G       424M       7.6G

             total       used       free     shared    buffers     cached
Mem:          992M       918M        73M         0B       108K       2.6M
-/+ buffers/cache:       916M        75M
Swap:         8.0G       423M       7.6G

             total       used       free     shared    buffers     cached
Mem:          992M       921M        70M         0B       116K       2.6M
-/+ buffers/cache:       918M        73M
Swap:         8.0G       422M       7.6G

             total       used       free     shared    buffers     cached
Mem:          992M       923M        68M         0B       116K       2.6M
-/+ buffers/cache:       920M        71M
Swap:         8.0G       421M       7.6G

             total       used       free     shared    buffers     cached
Mem:          992M       925M        66M         0B       116K       2.6M
-/+ buffers/cache:       923M        69M
Swap:         8.0G       420M       7.6G

             total       used       free     shared    buffers     cached
Mem:          992M       927M        64M         0B       116K       2.6M
-/+ buffers/cache:       925M        67M
Swap:         8.0G       419M       7.6G

             total       used       free     shared    buffers     cached
Mem:          992M       915M        76M         0B       116K       2.6M
-/+ buffers/cache:       912M        79M
Swap:         8.0G       431M       7.6G

             total       used       free     shared    buffers     cached
Mem:          992M       917M        74M         0B       116K       2.6M
-/+ buffers/cache:       915M        77M
Swap:         8.0G       430M       7.6G

             total       used       free     shared    buffers     cached
Mem:          992M       920M        72M         0B       124K       2.6M
-/+ buffers/cache:       917M        74M
Swap:         8.0G       429M       7.6G

             total       used       free     shared    buffers     cached
Mem:          992M       921M        70M         0B       124K       2.6M
-/+ buffers/cache:       919M        73M
Swap:         8.0G       428M       7.6G

             total       used       free     shared    buffers     cached
Mem:          992M       924M        67M         0B       124K       2.6M
-/+ buffers/cache:       921M        70M
Swap:         8.0G       427M       7.6G

             total       used       free     shared    buffers     cached
Mem:          992M       926M        65M         0B       124K       2.6M
-/+ buffers/cache:       923M        68M
Swap:         8.0G       426M       7.6G

             total       used       free     shared    buffers     cached
Mem:          992M       928M        63M         0B       124K       2.6M
-/+ buffers/cache:       925M        66M
Swap:         8.0G       425M       7.6G

             total       used       free     shared    buffers     cached
Mem:          992M       909M        83M         0B       132K       2.5M
-/+ buffers/cache:       906M        85M
Swap:         8.0G       445M       7.6G

             total       used       free     shared    buffers     cached
Mem:          992M       911M        80M         0B       132K       2.5M
-/+ buffers/cache:       908M        83M
Swap:         8.0G       444M       7.6G

             total       used       free     shared    buffers     cached
Mem:          992M       913M        78M         0B       132K       2.5M
-/+ buffers/cache:       910M        81M
Swap:         8.0G       443M       7.6G

             total       used       free     shared    buffers     cached
Mem:          992M       915M        76M         0B       132K       2.5M
-/+ buffers/cache:       913M        79M
Swap:         8.0G       442M       7.6G

             total       used       free     shared    buffers     cached
Mem:          992M       920M        71M         0B       552K       4.9M
-/+ buffers/cache:       915M        76M
Swap:         8.0G       441M       7.6G

             total       used       free     shared    buffers     cached
Mem:          992M       914M        77M         0B       764K        10M
-/+ buffers/cache:       902M        89M
Swap:         8.0G       464M       7.5G

             total       used       free     shared    buffers     cached
Mem:          992M       914M        78M         4K       280K        27M
-/+ buffers/cache:       886M       105M
Swap:         8.0G       481M       7.5G

             total       used       free     shared    buffers     cached
Mem:          992M       915M        76M        16K       280K        27M
-/+ buffers/cache:       887M       104M
Swap:         8.0G       480M       7.5G

             total       used       free     shared    buffers     cached
Mem:          992M       916M        75M        16K       280K        27M
-/+ buffers/cache:       889M       103M
Swap:         8.0G       479M       7.5G

             total       used       free     shared    buffers     cached
Mem:          992M       918M        74M        16K       280K        27M
-/+ buffers/cache:       890M       101M
Swap:         8.0G       479M       7.5G

             total       used       free     shared    buffers     cached
Mem:          992M       919M        72M        16K       280K        27M
-/+ buffers/cache:       891M       100M
Swap:         8.0G       478M       7.5G

             total       used       free     shared    buffers     cached
Mem:          992M       920M        71M        16K       288K        27M
-/+ buffers/cache:       892M        99M
Swap:         8.0G       478M       7.5G

             total       used       free     shared    buffers     cached
Mem:          992M       926M        65M        16K       288K        31M
-/+ buffers/cache:       894M        97M
Swap:         8.0G       477M       7.5G

             total       used       free     shared    buffers     cached
Mem:          992M       928M        63M        16K       288K        32M
-/+ buffers/cache:       895M        96M
Swap:         8.0G       476M       7.5G

             total       used       free     shared    buffers     cached
Mem:          992M       906M        86M        16K       544K        29M
-/+ buffers/cache:       875M       116M
Swap:         8.0G       492M       7.5G

             total       used       free     shared    buffers     cached
Mem:          992M       907M        84M        16K       552K        30M
-/+ buffers/cache:       876M       115M
Swap:         8.0G       492M       7.5G

             total       used       free     shared    buffers     cached
Mem:          992M       908M        83M        16K       560K        30M
-/+ buffers/cache:       878M       114M
Swap:         8.0G       491M       7.5G

             total       used       free     shared    buffers     cached
Mem:          992M       910M        81M        16K       560K        30M
-/+ buffers/cache:       879M       112M
Swap:         8.0G       490M       7.5G

             total       used       free     shared    buffers     cached
Mem:          992M       911M        80M        16K       560K        30M
-/+ buffers/cache:       880M       111M
Swap:         8.0G       490M       7.5G

             total       used       free     shared    buffers     cached
Mem:          992M       913M        79M        16K       560K        30M
-/+ buffers/cache:       882M       109M
Swap:         8.0G       489M       7.5G

             total       used       free     shared    buffers     cached
Mem:          992M       914M        77M        16K       564K        30M
-/+ buffers/cache:       883M       108M
Swap:         8.0G       489M       7.5G

             total       used       free     shared    buffers     cached
Mem:          992M       915M        76M        16K       564K        30M
-/+ buffers/cache:       885M       106M
Swap:         8.0G       488M       7.5G

             total       used       free     shared    buffers     cached
Mem:          992M       917M        74M        16K       572K        30M
-/+ buffers/cache:       886M       105M
Swap:         8.0G       487M       7.5G

             total       used       free     shared    buffers     cached
Mem:          992M       919M        73M        16K       572K        30M
-/+ buffers/cache:       888M       103M
Swap:         8.0G       486M       7.5G

             total       used       free     shared    buffers     cached
Mem:          992M       920M        71M        16K       572K        30M
-/+ buffers/cache:       889M       102M
Swap:         8.0G       486M       7.5G

             total       used       free     shared    buffers     cached
Mem:          992M       922M        69M        16K       572K        30M
-/+ buffers/cache:       891M       101M
Swap:         8.0G       485M       7.5G

             total       used       free     shared    buffers     cached
Mem:          992M       924M        67M        16K       572K        30M
-/+ buffers/cache:       893M        99M
Swap:         8.0G       484M       7.5G

             total       used       free     shared    buffers     cached
Mem:          992M       925M        66M        16K       580K        30M
-/+ buffers/cache:       894M        97M
Swap:         8.0G       484M       7.5G

             total       used       free     shared    buffers     cached
Mem:          992M       927M        65M        16K       580K        30M
-/+ buffers/cache:       895M        96M
Swap:         8.0G       483M       7.5G

             total       used       free     shared    buffers     cached
Mem:          992M       928M        63M        16K       580K        30M
-/+ buffers/cache:       897M        94M
Swap:         8.0G       482M       7.5G

             total       used       free     shared    buffers     cached
Mem:          992M       917M        75M        16K       552K        29M
-/+ buffers/cache:       886M       105M
Swap:         8.0G       491M       7.5G

             total       used       free     shared    buffers     cached
Mem:          992M       918M        73M        16K       552K        29M
-/+ buffers/cache:       888M       103M
Swap:         8.0G       490M       7.5G

             total       used       free     shared    buffers     cached
Mem:          992M       920M        72M        16K       552K        29M
-/+ buffers/cache:       889M       102M
Swap:         8.0G       490M       7.5G

             total       used       free     shared    buffers     cached
Mem:          992M       921M        70M        16K       560K        29M
-/+ buffers/cache:       891M       100M
Swap:         8.0G       489M       7.5G

             total       used       free     shared    buffers     cached
Mem:          992M       922M        69M        16K       560K        29M
-/+ buffers/cache:       892M        99M
Swap:         8.0G       488M       7.5G

             total       used       free     shared    buffers     cached
Mem:          992M       924M        67M        16K       560K        29M
-/+ buffers/cache:       894M        98M
Swap:         8.0G       488M       7.5G

             total       used       free     shared    buffers     cached
Mem:          992M       925M        66M        16K       560K        29M
-/+ buffers/cache:       895M        96M
Swap:         8.0G       487M       7.5G

             total       used       free     shared    buffers     cached
Mem:          992M       927M        64M        16K       560K        29M
-/+ buffers/cache:       897M        94M
Swap:         8.0G       486M       7.5G

             total       used       free     shared    buffers     cached
Mem:          992M       929M        63M        16K       568K        29M
-/+ buffers/cache:       898M        93M
Swap:         8.0G       485M       7.5G

             total       used       free     shared    buffers     cached
Mem:          992M       911M        80M        16K       552K        28M
-/+ buffers/cache:       882M       109M
Swap:         8.0G       502M       7.5G

             total       used       free     shared    buffers     cached
Mem:          992M       913M        78M        16K       552K        28M
-/+ buffers/cache:       884M       107M
Swap:         8.0G       501M       7.5G

             total       used       free     shared    buffers     cached
Mem:          992M       914M        77M        16K       552K        28M
-/+ buffers/cache:       886M       106M
Swap:         8.0G       501M       7.5G

             total       used       free     shared    buffers     cached
Mem:          992M       916M        75M        16K       552K        28M
-/+ buffers/cache:       887M       104M
Swap:         8.0G       500M       7.5G

             total       used       free     shared    buffers     cached
Mem:          992M       918M        74M        16K       552K        28M
-/+ buffers/cache:       889M       102M
Swap:         8.0G       499M       7.5G

             total       used       free     shared    buffers     cached
Mem:          992M       919M        72M        16K       560K        28M
-/+ buffers/cache:       890M       101M
Swap:         8.0G       498M       7.5G

             total       used       free     shared    buffers     cached
Mem:          992M       920M        71M        16K       560K        28M
-/+ buffers/cache:       892M       100M
Swap:         8.0G       498M       7.5G

             total       used       free     shared    buffers     cached
Mem:          992M       922M        69M        16K       560K        28M
-/+ buffers/cache:       894M        98M
Swap:         8.0G       497M       7.5G

             total       used       free     shared    buffers     cached
Mem:          992M       924M        67M        16K       560K        28M
-/+ buffers/cache:       895M        96M
Swap:         8.0G       496M       7.5G

             total       used       free     shared    buffers     cached
Mem:          992M       925M        66M        16K       560K        28M
-/+ buffers/cache:       897M        95M
Swap:         8.0G       495M       7.5G

             total       used       free     shared    buffers     cached
Mem:          992M       927M        65M        16K       568K        28M
-/+ buffers/cache:       898M        93M
Swap:         8.0G       495M       7.5G

             total       used       free     shared    buffers     cached
Mem:          992M       928M        63M        16K       568K        28M
-/+ buffers/cache:       900M        92M
Swap:         8.0G       494M       7.5G

             total       used       free     shared    buffers     cached
Mem:          992M       909M        82M        16K       568K        27M
-/+ buffers/cache:       881M       110M
Swap:         8.0G       506M       7.5G

             total       used       free     shared    buffers     cached
Mem:          992M       911M        81M        16K       568K        27M
-/+ buffers/cache:       883M       108M
Swap:         8.0G       506M       7.5G

             total       used       free     shared    buffers     cached
Mem:          992M       912M        79M        16K       568K        27M
-/+ buffers/cache:       885M       107M
Swap:         8.0G       505M       7.5G

             total       used       free     shared    buffers     cached
Mem:          992M       914M        77M        16K       568K        27M
-/+ buffers/cache:       886M       105M
Swap:         8.0G       504M       7.5G

             total       used       free     shared    buffers     cached
Mem:          992M       915M        76M        16K       576K        27M
-/+ buffers/cache:       887M       104M
Swap:         8.0G       504M       7.5G

             total       used       free     shared    buffers     cached
Mem:          992M       916M        75M        16K       576K        27M
-/+ buffers/cache:       889M       102M
Swap:         8.0G       503M       7.5G

             total       used       free     shared    buffers     cached
Mem:          992M       918M        73M        16K       576K        27M
-/+ buffers/cache:       890M       101M
Swap:         8.0G       502M       7.5G

             total       used       free     shared    buffers     cached
Mem:          992M       920M        72M        16K       576K        27M
-/+ buffers/cache:       892M        99M
Swap:         8.0G       501M       7.5G

             total       used       free     shared    buffers     cached
Mem:          992M       921M        70M        16K       576K        27M
-/+ buffers/cache:       894M        98M
Swap:         8.0G       500M       7.5G

             total       used       free     shared    buffers     cached
Mem:          992M       923M        68M        16K       584K        27M
-/+ buffers/cache:       895M        96M
Swap:         8.0G       499M       7.5G

             total       used       free     shared    buffers     cached
Mem:          992M       925M        67M        16K       584K        27M
-/+ buffers/cache:       897M        94M
Swap:         8.0G       499M       7.5G

             total       used       free     shared    buffers     cached
Mem:          992M       926M        65M        16K       584K        27M
-/+ buffers/cache:       898M        93M
Swap:         8.0G       498M       7.5G

             total       used       free     shared    buffers     cached
Mem:          992M       928M        63M        16K       584K        27M
-/+ buffers/cache:       900M        91M
Swap:         8.0G       497M       7.5G

             total       used       free     shared    buffers     cached
Mem:          992M       913M        79M        16K       580K        22M
-/+ buffers/cache:       890M       102M
Swap:         8.0G       504M       7.5G

             total       used       free     shared    buffers     cached
Mem:          992M       914M        77M        16K       588K        22M
-/+ buffers/cache:       891M       100M
Swap:         8.0G       503M       7.5G

             total       used       free     shared    buffers     cached
Mem:          992M       916M        76M        16K       588K        22M
-/+ buffers/cache:       893M        99M
Swap:         8.0G       502M       7.5G

             total       used       free     shared    buffers     cached
Mem:          992M       917M        74M        16K       588K        22M
-/+ buffers/cache:       894M        97M
Swap:         8.0G       501M       7.5G

             total       used       free     shared    buffers     cached
Mem:          992M       919M        73M        16K       588K        22M
-/+ buffers/cache:       895M        96M
Swap:         8.0G       501M       7.5G

             total       used       free     shared    buffers     cached
Mem:          992M       920M        71M        16K       588K        22M
-/+ buffers/cache:       897M        94M
Swap:         8.0G       500M       7.5G

             total       used       free     shared    buffers     cached
Mem:          992M       923M        68M        16K       724K        23M
-/+ buffers/cache:       899M        92M
Swap:         8.0G       499M       7.5G

             total       used       free     shared    buffers     cached
Mem:          992M       925M        67M        20K       732K        23M
-/+ buffers/cache:       900M        91M
Swap:         8.0G       498M       7.5G

             total       used       free     shared    buffers     cached
Mem:          992M       926M        65M        20K       732K        23M
-/+ buffers/cache:       902M        90M
Swap:         8.0G       497M       7.5G

             total       used       free     shared    buffers     cached
Mem:          992M       928M        64M        20K       732K        23M
-/+ buffers/cache:       903M        88M
Swap:         8.0G       496M       7.5G

             total       used       free     shared    buffers     cached
Mem:          992M       918M        73M        20K       228K        17M
-/+ buffers/cache:       901M        90M
Swap:         8.0G       502M       7.5G

             total       used       free     shared    buffers     cached
Mem:          992M       920M        71M        20K       512K        17M
-/+ buffers/cache:       903M        89M
Swap:         8.0G       501M       7.5G

             total       used       free     shared    buffers     cached
Mem:          992M       913M        78M        20K       496K        16M
-/+ buffers/cache:       896M        95M
Swap:         8.0G       508M       7.5G

             total       used       free     shared    buffers     cached
Mem:          992M       914M        77M        20K       496K        16M
-/+ buffers/cache:       897M        94M
Swap:         8.0G       507M       7.5G

             total       used       free     shared    buffers     cached
Mem:          992M       915M        77M        20K       496K        16M
-/+ buffers/cache:       898M        93M
Swap:         8.0G       507M       7.5G

             total       used       free     shared    buffers     cached
Mem:          992M       915M        76M        20K       496K        16M
-/+ buffers/cache:       899M        92M
Swap:         8.0G       506M       7.5G

             total       used       free     shared    buffers     cached
Mem:          992M       916M        75M        20K       496K        16M
-/+ buffers/cache:       900M        92M
Swap:         8.0G       506M       7.5G

             total       used       free     shared    buffers     cached
Mem:          992M       917M        74M        20K       496K        16M
-/+ buffers/cache:       901M        91M
Swap:         8.0G       505M       7.5G

             total       used       free     shared    buffers     cached
Mem:          992M       918M        73M        20K       504K        16M
-/+ buffers/cache:       901M        90M
Swap:         8.0G       505M       7.5G

             total       used       free     shared    buffers     cached
Mem:          992M       919M        73M        20K       504K        16M
-/+ buffers/cache:       902M        89M
Swap:         8.0G       505M       7.5G

             total       used       free     shared    buffers     cached
Mem:          992M       919M        72M        20K       504K        16M
-/+ buffers/cache:       903M        89M
Swap:         8.0G       504M       7.5G

             total       used       free     shared    buffers     cached
Mem:          992M       920M        71M        20K       512K        16M
-/+ buffers/cache:       904M        88M
Swap:         8.0G       504M       7.5G

             total       used       free     shared    buffers     cached
Mem:          992M       913M        78M       176K       948K        28M
-/+ buffers/cache:       883M       108M
Swap:         8.0G       533M       7.5G

             total       used       free     shared    buffers     cached
Mem:          992M       918M        73M       3.8M       3.5M        50M
-/+ buffers/cache:       864M       127M
Swap:         8.0G       551M       7.5G

             total       used       free     shared    buffers     cached
Mem:          992M       924M        68M       3.9M       5.3M        69M
-/+ buffers/cache:       849M       142M
Swap:         8.0G       568M       7.4G

             total       used       free     shared    buffers     cached
Mem:          992M       918M        73M       212K       5.0M        61M
-/+ buffers/cache:       851M       140M
Swap:         8.0G       572M       7.4G

             total       used       free     shared    buffers     cached
Mem:          992M       919M        72M       212K       5.0M        61M
-/+ buffers/cache:       853M       138M
Swap:         8.0G       571M       7.4G

             total       used       free     shared    buffers     cached
Mem:          992M       921M        70M       212K       5.0M        61M
-/+ buffers/cache:       855M       137M
Swap:         8.0G       571M       7.4G

             total       used       free     shared    buffers     cached
Mem:          992M       923M        69M       212K       5.0M        61M
-/+ buffers/cache:       856M       135M
Swap:         8.0G       570M       7.4G

             total       used       free     shared    buffers     cached
Mem:          992M       924M        68M       212K       5.0M        61M
-/+ buffers/cache:       857M       134M
Swap:         8.0G       570M       7.4G

             total       used       free     shared    buffers     cached
Mem:          992M       927M        65M       212K       5.2M        62M
-/+ buffers/cache:       859M       132M
Swap:         8.0G       569M       7.4G

             total       used       free     shared    buffers     cached
Mem:          992M       928M        63M       212K       5.2M        62M
-/+ buffers/cache:       861M       130M
Swap:         8.0G       568M       7.4G

             total       used       free     shared    buffers     cached
Mem:          992M       918M        73M       212K       4.3M        59M
-/+ buffers/cache:       854M       137M
Swap:         8.0G       574M       7.4G

             total       used       free     shared    buffers     cached
Mem:          992M       920M        72M       212K       4.3M        59M
-/+ buffers/cache:       855M       136M
Swap:         8.0G       573M       7.4G

             total       used       free     shared    buffers     cached
Mem:          992M       921M        70M       212K       4.3M        59M
-/+ buffers/cache:       857M       134M
Swap:         8.0G       573M       7.4G

             total       used       free     shared    buffers     cached
Mem:          992M       923M        68M       212K       4.3M        59M
-/+ buffers/cache:       859M       133M
Swap:         8.0G       572M       7.4G

             total       used       free     shared    buffers     cached
Mem:          992M       924M        67M       212K       4.3M        59M
-/+ buffers/cache:       860M       131M
Swap:         8.0G       572M       7.4G

             total       used       free     shared    buffers     cached
Mem:          992M       926M        65M       212K       4.3M        60M
-/+ buffers/cache:       862M       129M
Swap:         8.0G       571M       7.4G

             total       used       free     shared    buffers     cached
Mem:          992M       928M        63M       212K       4.3M        60M
-/+ buffers/cache:       864M       127M
Swap:         8.0G       570M       7.4G

             total       used       free     shared    buffers     cached
Mem:          992M       905M        86M       212K       4.3M        58M
-/+ buffers/cache:       842M       149M
Swap:         8.0G       589M       7.4G

             total       used       free     shared    buffers     cached
Mem:          992M       907M        84M       212K       4.3M        58M
-/+ buffers/cache:       844M       147M
Swap:         8.0G       589M       7.4G

             total       used       free     shared    buffers     cached
Mem:          992M       908M        83M       212K       4.4M        58M
-/+ buffers/cache:       845M       146M
Swap:         8.0G       588M       7.4G

             total       used       free     shared    buffers     cached
Mem:          992M       910M        82M       212K       4.4M        58M
-/+ buffers/cache:       847M       145M
Swap:         8.0G       587M       7.4G

             total       used       free     shared    buffers     cached
Mem:          992M       911M        80M       212K       4.4M        58M
-/+ buffers/cache:       848M       143M
Swap:         8.0G       587M       7.4G

             total       used       free     shared    buffers     cached
Mem:          992M       912M        79M       212K       4.4M        58M
-/+ buffers/cache:       849M       142M
Swap:         8.0G       586M       7.4G

             total       used       free     shared    buffers     cached
Mem:          992M       914M        77M       212K       4.4M        58M
-/+ buffers/cache:       851M       140M
Swap:         8.0G       586M       7.4G

             total       used       free     shared    buffers     cached
Mem:          992M       915M        76M       212K       4.4M        58M
-/+ buffers/cache:       852M       139M
Swap:         8.0G       585M       7.4G

             total       used       free     shared    buffers     cached
Mem:          992M       917M        75M       212K       4.4M        58M
-/+ buffers/cache:       854M       138M
Swap:         8.0G       584M       7.4G

             total       used       free     shared    buffers     cached
Mem:          992M       918M        73M       212K       4.4M        58M
-/+ buffers/cache:       855M       136M
Swap:         8.0G       584M       7.4G

             total       used       free     shared    buffers     cached
Mem:          992M       920M        71M       212K       4.4M        58M
-/+ buffers/cache:       857M       134M
Swap:         8.0G       583M       7.4G

             total       used       free     shared    buffers     cached
Mem:          992M       921M        70M       212K       4.4M        58M
-/+ buffers/cache:       858M       133M
Swap:         8.0G       582M       7.4G

             total       used       free     shared    buffers     cached
Mem:          992M       923M        68M       212K       4.4M        58M
-/+ buffers/cache:       860M       131M
Swap:         8.0G       582M       7.4G

             total       used       free     shared    buffers     cached
Mem:          992M       924M        67M       212K       4.4M        58M
-/+ buffers/cache:       861M       130M
Swap:         8.0G       581M       7.4G

             total       used       free     shared    buffers     cached
Mem:          992M       926M        66M       212K       4.4M        58M
-/+ buffers/cache:       863M       129M
Swap:         8.0G       581M       7.4G

             total       used       free     shared    buffers     cached
Mem:          992M       927M        64M       212K       4.4M        58M
-/+ buffers/cache:       864M       127M
Swap:         8.0G       580M       7.4G

             total       used       free     shared    buffers     cached
Mem:          992M       929M        62M       212K       4.4M        58M
-/+ buffers/cache:       866M       125M
Swap:         8.0G       579M       7.4G

             total       used       free     shared    buffers     cached
Mem:          992M       918M        73M       212K       4.4M        58M
-/+ buffers/cache:       855M       136M
Swap:         8.0G       594M       7.4G

             total       used       free     shared    buffers     cached
Mem:          992M       919M        72M       212K       4.4M        58M
-/+ buffers/cache:       857M       134M
Swap:         8.0G       593M       7.4G

             total       used       free     shared    buffers     cached
Mem:          992M       921M        70M       212K       4.4M        58M
-/+ buffers/cache:       859M       133M
Swap:         8.0G       592M       7.4G

             total       used       free     shared    buffers     cached
Mem:          992M       922M        69M       212K       4.4M        58M
-/+ buffers/cache:       860M       132M
Swap:         8.0G       592M       7.4G

             total       used       free     shared    buffers     cached
Mem:          992M       924M        68M       212K       4.4M        58M
-/+ buffers/cache:       861M       130M
Swap:         8.0G       591M       7.4G

             total       used       free     shared    buffers     cached
Mem:          992M       925M        66M       212K       4.4M        58M
-/+ buffers/cache:       863M       129M
Swap:         8.0G       591M       7.4G

             total       used       free     shared    buffers     cached
Mem:          992M       927M        65M       212K       4.4M        58M
-/+ buffers/cache:       864M       127M
Swap:         8.0G       590M       7.4G

             total       used       free     shared    buffers     cached
Mem:          992M       908M        84M       264K       6.6M        62M
-/+ buffers/cache:       838M       153M
Swap:         8.0G       604M       7.4G

             total       used       free     shared    buffers     cached
Mem:          992M       919M        73M       288K       8.0M        68M
-/+ buffers/cache:       842M       149M
Swap:         8.0G       607M       7.4G
