             total       used       free     shared    buffers     cached
Mem:          3.9G       667M       3.2G       3.2M        38M       289M
-/+ buffers/cache:       339M       3.5G
Swap:         8.0G         0B       8.0G

             total       used       free     shared    buffers     cached
Mem:          3.9G       666M       3.2G       1.4M        38M       288M
-/+ buffers/cache:       340M       3.5G
Swap:         8.0G         0B       8.0G

             total       used       free     shared    buffers     cached
Mem:          3.9G       666M       3.2G       1.5M        38M       288M
-/+ buffers/cache:       339M       3.5G
Swap:         8.0G         0B       8.0G

             total       used       free     shared    buffers     cached
Mem:          3.9G       666M       3.2G       1.5M        38M       288M
-/+ buffers/cache:       339M       3.5G
Swap:         8.0G         0B       8.0G

             total       used       free     shared    buffers     cached
Mem:          3.9G       666M       3.2G       1.5M        38M       288M
-/+ buffers/cache:       339M       3.5G
Swap:         8.0G         0B       8.0G

             total       used       free     shared    buffers     cached
Mem:          3.9G       666M       3.2G       1.5M        38M       288M
-/+ buffers/cache:       339M       3.5G
Swap:         8.0G         0B       8.0G

             total       used       free     shared    buffers     cached
Mem:          3.9G       666M       3.2G       1.5M        38M       288M
-/+ buffers/cache:       339M       3.5G
Swap:         8.0G         0B       8.0G

             total       used       free     shared    buffers     cached
Mem:          3.9G       666M       3.2G       1.5M        38M       288M
-/+ buffers/cache:       339M       3.5G
Swap:         8.0G         0B       8.0G

             total       used       free     shared    buffers     cached
Mem:          3.9G       666M       3.2G       1.5M        38M       288M
-/+ buffers/cache:       339M       3.5G
Swap:         8.0G         0B       8.0G

             total       used       free     shared    buffers     cached
Mem:          3.9G       669M       3.2G       1.5M        38M       288M
-/+ buffers/cache:       342M       3.5G
Swap:         8.0G         0B       8.0G

             total       used       free     shared    buffers     cached
Mem:          3.9G       694M       3.2G       1.5M        38M       288M
-/+ buffers/cache:       367M       3.5G
Swap:         8.0G         0B       8.0G

             total       used       free     shared    buffers     cached
Mem:          3.9G       675M       3.2G       1.5M        38M       289M
-/+ buffers/cache:       347M       3.5G
Swap:         8.0G         0B       8.0G

             total       used       free     shared    buffers     cached
Mem:          3.9G       675M       3.2G       1.5M        38M       289M
-/+ buffers/cache:       347M       3.5G
Swap:         8.0G         0B       8.0G

             total       used       free     shared    buffers     cached
Mem:          3.9G       676M       3.2G       1.5M        38M       289M
-/+ buffers/cache:       347M       3.5G
Swap:         8.0G         0B       8.0G

             total       used       free     shared    buffers     cached
Mem:          3.9G       676M       3.2G       1.5M        38M       289M
-/+ buffers/cache:       347M       3.5G
Swap:         8.0G         0B       8.0G

             total       used       free     shared    buffers     cached
Mem:          3.9G       676M       3.2G       1.5M        38M       289M
-/+ buffers/cache:       347M       3.5G
Swap:         8.0G         0B       8.0G

             total       used       free     shared    buffers     cached
Mem:          3.9G       676M       3.2G       1.5M        38M       289M
-/+ buffers/cache:       347M       3.5G
Swap:         8.0G         0B       8.0G

             total       used       free     shared    buffers     cached
Mem:          3.9G       676M       3.2G       1.5M        38M       289M
-/+ buffers/cache:       347M       3.5G
Swap:         8.0G         0B       8.0G

             total       used       free     shared    buffers     cached
Mem:          3.9G       676M       3.2G       1.5M        38M       289M
-/+ buffers/cache:       347M       3.5G
Swap:         8.0G         0B       8.0G

             total       used       free     shared    buffers     cached
Mem:          3.9G       676M       3.2G       1.5M        38M       289M
-/+ buffers/cache:       347M       3.5G
Swap:         8.0G         0B       8.0G

             total       used       free     shared    buffers     cached
Mem:          3.9G       676M       3.2G       1.5M        38M       289M
-/+ buffers/cache:       347M       3.5G
Swap:         8.0G         0B       8.0G

             total       used       free     shared    buffers     cached
Mem:          3.9G       676M       3.2G       1.5M        38M       289M
-/+ buffers/cache:       347M       3.5G
Swap:         8.0G         0B       8.0G

             total       used       free     shared    buffers     cached
Mem:          3.9G       676M       3.2G       1.5M        38M       289M
-/+ buffers/cache:       347M       3.5G
Swap:         8.0G         0B       8.0G

             total       used       free     shared    buffers     cached
Mem:          3.9G       676M       3.2G       1.5M        38M       289M
-/+ buffers/cache:       347M       3.5G
Swap:         8.0G         0B       8.0G

             total       used       free     shared    buffers     cached
Mem:          3.9G       676M       3.2G       1.5M        38M       289M
-/+ buffers/cache:       347M       3.5G
Swap:         8.0G         0B       8.0G

             total       used       free     shared    buffers     cached
Mem:          3.9G       676M       3.2G       1.5M        38M       289M
-/+ buffers/cache:       347M       3.5G
Swap:         8.0G         0B       8.0G

             total       used       free     shared    buffers     cached
Mem:          3.9G       676M       3.2G       1.5M        38M       289M
-/+ buffers/cache:       347M       3.5G
Swap:         8.0G         0B       8.0G

             total       used       free     shared    buffers     cached
Mem:          3.9G       676M       3.2G       1.5M        38M       289M
-/+ buffers/cache:       347M       3.5G
Swap:         8.0G         0B       8.0G

             total       used       free     shared    buffers     cached
Mem:          3.9G       676M       3.2G       1.5M        38M       289M
-/+ buffers/cache:       347M       3.5G
Swap:         8.0G         0B       8.0G

             total       used       free     shared    buffers     cached
Mem:          3.9G       676M       3.2G       1.5M        38M       289M
-/+ buffers/cache:       347M       3.5G
Swap:         8.0G         0B       8.0G

             total       used       free     shared    buffers     cached
Mem:          3.9G       676M       3.2G       1.5M        38M       289M
-/+ buffers/cache:       347M       3.5G
Swap:         8.0G         0B       8.0G

             total       used       free     shared    buffers     cached
Mem:          3.9G       676M       3.2G       1.5M        38M       289M
-/+ buffers/cache:       347M       3.5G
Swap:         8.0G         0B       8.0G

             total       used       free     shared    buffers     cached
Mem:          3.9G       676M       3.2G       1.5M        38M       289M
-/+ buffers/cache:       347M       3.5G
Swap:         8.0G         0B       8.0G

             total       used       free     shared    buffers     cached
Mem:          3.9G       682M       3.2G       1.5M        38M       289M
-/+ buffers/cache:       354M       3.5G
Swap:         8.0G         0B       8.0G

             total       used       free     shared    buffers     cached
Mem:          3.9G       699M       3.2G       1.5M        38M       289M
-/+ buffers/cache:       371M       3.5G
Swap:         8.0G         0B       8.0G

             total       used       free     shared    buffers     cached
Mem:          3.9G       716M       3.2G       1.5M        38M       289M
-/+ buffers/cache:       387M       3.5G
Swap:         8.0G         0B       8.0G

             total       used       free     shared    buffers     cached
Mem:          3.9G       731M       3.1G       1.5M        38M       289M
-/+ buffers/cache:       402M       3.5G
Swap:         8.0G         0B       8.0G

             total       used       free     shared    buffers     cached
Mem:          3.9G       746M       3.1G       1.5M        38M       289M
-/+ buffers/cache:       418M       3.5G
Swap:         8.0G         0B       8.0G

             total       used       free     shared    buffers     cached
Mem:          3.9G       761M       3.1G       1.5M        38M       289M
-/+ buffers/cache:       433M       3.4G
Swap:         8.0G         0B       8.0G

             total       used       free     shared    buffers     cached
Mem:          3.9G       777M       3.1G       1.5M        38M       289M
-/+ buffers/cache:       449M       3.4G
Swap:         8.0G         0B       8.0G

             total       used       free     shared    buffers     cached
Mem:          3.9G       791M       3.1G       1.5M        38M       289M
-/+ buffers/cache:       462M       3.4G
Swap:         8.0G         0B       8.0G

             total       used       free     shared    buffers     cached
Mem:          3.9G       807M       3.1G       1.5M        38M       289M
-/+ buffers/cache:       478M       3.4G
Swap:         8.0G         0B       8.0G

             total       used       free     shared    buffers     cached
Mem:          3.9G       824M       3.1G       1.5M        38M       289M
-/+ buffers/cache:       495M       3.4G
Swap:         8.0G         0B       8.0G

             total       used       free     shared    buffers     cached
Mem:          3.9G       844M       3.0G       1.5M        38M       289M
-/+ buffers/cache:       515M       3.4G
Swap:         8.0G         0B       8.0G

             total       used       free     shared    buffers     cached
Mem:          3.9G       862M       3.0G       1.5M        38M       289M
-/+ buffers/cache:       533M       3.3G
Swap:         8.0G         0B       8.0G

             total       used       free     shared    buffers     cached
Mem:          3.9G       879M       3.0G       1.5M        38M       289M
-/+ buffers/cache:       550M       3.3G
Swap:         8.0G         0B       8.0G

             total       used       free     shared    buffers     cached
Mem:          3.9G       894M       3.0G       1.5M        38M       289M
-/+ buffers/cache:       566M       3.3G
Swap:         8.0G         0B       8.0G

             total       used       free     shared    buffers     cached
Mem:          3.9G       908M       3.0G       1.5M        38M       289M
-/+ buffers/cache:       579M       3.3G
Swap:         8.0G         0B       8.0G

             total       used       free     shared    buffers     cached
Mem:          3.9G       924M       3.0G       1.5M        38M       289M
-/+ buffers/cache:       595M       3.3G
Swap:         8.0G         0B       8.0G

             total       used       free     shared    buffers     cached
Mem:          3.9G       940M       2.9G       1.5M        38M       289M
-/+ buffers/cache:       612M       3.3G
Swap:         8.0G         0B       8.0G

             total       used       free     shared    buffers     cached
Mem:          3.9G       955M       2.9G       1.5M        38M       289M
-/+ buffers/cache:       627M       3.2G
Swap:         8.0G         0B       8.0G

             total       used       free     shared    buffers     cached
Mem:          3.9G       970M       2.9G       1.5M        38M       289M
-/+ buffers/cache:       641M       3.2G
Swap:         8.0G         0B       8.0G

             total       used       free     shared    buffers     cached
Mem:          3.9G       985M       2.9G       1.5M        38M       289M
-/+ buffers/cache:       656M       3.2G
Swap:         8.0G         0B       8.0G

             total       used       free     shared    buffers     cached
Mem:          3.9G       1.0G       2.9G       1.5M        38M       289M
-/+ buffers/cache:       674M       3.2G
Swap:         8.0G         0B       8.0G

             total       used       free     shared    buffers     cached
Mem:          3.9G       1.0G       2.9G       1.5M        38M       289M
-/+ buffers/cache:       691M       3.2G
Swap:         8.0G         0B       8.0G

             total       used       free     shared    buffers     cached
Mem:          3.9G       1.0G       2.8G       1.5M        38M       289M
-/+ buffers/cache:       708M       3.2G
Swap:         8.0G         0B       8.0G

             total       used       free     shared    buffers     cached
Mem:          3.9G       1.0G       2.8G       1.5M        38M       289M
-/+ buffers/cache:       726M       3.1G
Swap:         8.0G         0B       8.0G

             total       used       free     shared    buffers     cached
Mem:          3.9G       1.0G       2.8G       1.5M        38M       289M
-/+ buffers/cache:       744M       3.1G
Swap:         8.0G         0B       8.0G

             total       used       free     shared    buffers     cached
Mem:          3.9G       1.1G       2.8G       1.5M        38M       289M
-/+ buffers/cache:       762M       3.1G
Swap:         8.0G         0B       8.0G

             total       used       free     shared    buffers     cached
Mem:          3.9G       1.1G       2.8G       1.5M        38M       289M
-/+ buffers/cache:       778M       3.1G
Swap:         8.0G         0B       8.0G

             total       used       free     shared    buffers     cached
Mem:          3.9G       1.1G       2.8G       1.5M        38M       289M
-/+ buffers/cache:       794M       3.1G
Swap:         8.0G         0B       8.0G

             total       used       free     shared    buffers     cached
Mem:          3.9G       1.1G       2.8G       1.5M        38M       289M
-/+ buffers/cache:       804M       3.1G
Swap:         8.0G         0B       8.0G

             total       used       free     shared    buffers     cached
Mem:          3.9G       1.1G       2.7G       1.5M        38M       289M
-/+ buffers/cache:       822M       3.1G
Swap:         8.0G         0B       8.0G

             total       used       free     shared    buffers     cached
Mem:          3.9G       1.1G       2.7G       1.5M        38M       289M
-/+ buffers/cache:       839M       3.0G
Swap:         8.0G         0B       8.0G

             total       used       free     shared    buffers     cached
Mem:          3.9G       1.2G       2.7G       1.5M        38M       289M
-/+ buffers/cache:       856M       3.0G
Swap:         8.0G         0B       8.0G

             total       used       free     shared    buffers     cached
Mem:          3.9G       1.2G       2.7G       1.5M        38M       289M
-/+ buffers/cache:       871M       3.0G
Swap:         8.0G         0B       8.0G

             total       used       free     shared    buffers     cached
Mem:          3.9G       1.2G       2.7G       1.5M        38M       289M
-/+ buffers/cache:       887M       3.0G
Swap:         8.0G         0B       8.0G

             total       used       free     shared    buffers     cached
Mem:          3.9G       1.2G       2.7G       1.5M        38M       289M
-/+ buffers/cache:       904M       3.0G
Swap:         8.0G         0B       8.0G

             total       used       free     shared    buffers     cached
Mem:          3.9G       1.2G       2.6G       1.5M        38M       289M
-/+ buffers/cache:       922M       3.0G
Swap:         8.0G         0B       8.0G

             total       used       free     shared    buffers     cached
Mem:          3.9G       1.2G       2.6G       1.5M        38M       290M
-/+ buffers/cache:       940M       2.9G
Swap:         8.0G         0B       8.0G

             total       used       free     shared    buffers     cached
Mem:          3.9G       1.3G       2.6G       1.5M        38M       290M
-/+ buffers/cache:       959M       2.9G
Swap:         8.0G         0B       8.0G

             total       used       free     shared    buffers     cached
Mem:          3.9G       1.3G       2.6G       1.5M        38M       290M
-/+ buffers/cache:       976M       2.9G
Swap:         8.0G         0B       8.0G

             total       used       free     shared    buffers     cached
Mem:          3.9G       1.3G       2.6G       1.5M        38M       290M
-/+ buffers/cache:       993M       2.9G
Swap:         8.0G         0B       8.0G

             total       used       free     shared    buffers     cached
Mem:          3.9G       1.3G       2.6G       1.5M        38M       290M
-/+ buffers/cache:       1.0G       2.9G
Swap:         8.0G         0B       8.0G

             total       used       free     shared    buffers     cached
Mem:          3.9G       1.3G       2.5G       1.5M        38M       290M
-/+ buffers/cache:       1.0G       2.9G
Swap:         8.0G         0B       8.0G

             total       used       free     shared    buffers     cached
Mem:          3.9G       1.3G       2.5G       1.5M        38M       290M
-/+ buffers/cache:       1.0G       2.8G
Swap:         8.0G         0B       8.0G

             total       used       free     shared    buffers     cached
Mem:          3.9G       1.4G       2.5G       1.5M        38M       290M
-/+ buffers/cache:       1.0G       2.8G
Swap:         8.0G         0B       8.0G

             total       used       free     shared    buffers     cached
Mem:          3.9G       1.4G       2.5G       1.5M        38M       290M
-/+ buffers/cache:       1.1G       2.8G
Swap:         8.0G         0B       8.0G

             total       used       free     shared    buffers     cached
Mem:          3.9G       1.4G       2.5G       1.5M        38M       290M
-/+ buffers/cache:       1.1G       2.8G
Swap:         8.0G         0B       8.0G

             total       used       free     shared    buffers     cached
Mem:          3.9G       1.4G       2.4G       1.5M        38M       290M
-/+ buffers/cache:       1.1G       2.8G
Swap:         8.0G         0B       8.0G

             total       used       free     shared    buffers     cached
Mem:          3.9G       1.4G       2.4G       1.5M        38M       290M
-/+ buffers/cache:       1.1G       2.7G
Swap:         8.0G         0B       8.0G

             total       used       free     shared    buffers     cached
Mem:          3.9G       1.4G       2.4G       1.5M        38M       290M
-/+ buffers/cache:       1.1G       2.7G
Swap:         8.0G         0B       8.0G

             total       used       free     shared    buffers     cached
Mem:          3.9G       1.5G       2.4G       1.5M        38M       290M
-/+ buffers/cache:       1.1G       2.7G
Swap:         8.0G         0B       8.0G

             total       used       free     shared    buffers     cached
Mem:          3.9G       1.5G       2.4G       1.5M        38M       290M
-/+ buffers/cache:       1.2G       2.7G
Swap:         8.0G         0B       8.0G

             total       used       free     shared    buffers     cached
Mem:          3.9G       1.5G       2.4G       1.5M        38M       290M
-/+ buffers/cache:       1.2G       2.7G
Swap:         8.0G         0B       8.0G

             total       used       free     shared    buffers     cached
Mem:          3.9G       1.5G       2.3G       1.5M        38M       290M
-/+ buffers/cache:       1.2G       2.7G
Swap:         8.0G         0B       8.0G

             total       used       free     shared    buffers     cached
Mem:          3.9G       1.5G       2.3G       1.5M        38M       290M
-/+ buffers/cache:       1.2G       2.6G
Swap:         8.0G         0B       8.0G

             total       used       free     shared    buffers     cached
Mem:          3.9G       1.5G       2.3G       1.5M        38M       290M
-/+ buffers/cache:       1.2G       2.6G
Swap:         8.0G         0B       8.0G

             total       used       free     shared    buffers     cached
Mem:          3.9G       1.6G       2.3G       1.5M        38M       290M
-/+ buffers/cache:       1.2G       2.6G
Swap:         8.0G         0B       8.0G

             total       used       free     shared    buffers     cached
Mem:          3.9G       1.6G       2.3G       1.5M        38M       290M
-/+ buffers/cache:       1.3G       2.6G
Swap:         8.0G         0B       8.0G

             total       used       free     shared    buffers     cached
Mem:          3.9G       1.6G       2.3G       1.5M        38M       290M
-/+ buffers/cache:       1.3G       2.6G
Swap:         8.0G         0B       8.0G

             total       used       free     shared    buffers     cached
Mem:          3.9G       1.6G       2.2G       1.5M        38M       290M
-/+ buffers/cache:       1.3G       2.6G
Swap:         8.0G         0B       8.0G

             total       used       free     shared    buffers     cached
Mem:          3.9G       1.6G       2.2G       1.5M        38M       290M
-/+ buffers/cache:       1.3G       2.6G
Swap:         8.0G         0B       8.0G

             total       used       free     shared    buffers     cached
Mem:          3.9G       1.6G       2.2G       1.5M        38M       290M
-/+ buffers/cache:       1.3G       2.5G
Swap:         8.0G         0B       8.0G

             total       used       free     shared    buffers     cached
Mem:          3.9G       1.7G       2.2G       1.5M        38M       290M
-/+ buffers/cache:       1.3G       2.5G
Swap:         8.0G         0B       8.0G

             total       used       free     shared    buffers     cached
Mem:          3.9G       1.7G       2.2G       1.5M        38M       290M
-/+ buffers/cache:       1.4G       2.5G
Swap:         8.0G         0B       8.0G

             total       used       free     shared    buffers     cached
Mem:          3.9G       1.7G       2.2G       1.5M        38M       290M
-/+ buffers/cache:       1.4G       2.5G
Swap:         8.0G         0B       8.0G

             total       used       free     shared    buffers     cached
Mem:          3.9G       1.7G       2.1G       1.5M        38M       290M
-/+ buffers/cache:       1.4G       2.5G
Swap:         8.0G         0B       8.0G

             total       used       free     shared    buffers     cached
Mem:          3.9G       1.7G       2.1G       1.5M        38M       290M
-/+ buffers/cache:       1.4G       2.4G
Swap:         8.0G         0B       8.0G

             total       used       free     shared    buffers     cached
Mem:          3.9G       1.8G       2.1G       1.5M        38M       290M
-/+ buffers/cache:       1.4G       2.4G
Swap:         8.0G         0B       8.0G

             total       used       free     shared    buffers     cached
Mem:          3.9G       1.8G       2.1G       1.5M        38M       290M
-/+ buffers/cache:       1.4G       2.4G
Swap:         8.0G         0B       8.0G

             total       used       free     shared    buffers     cached
Mem:          3.9G       1.8G       2.1G       1.5M        38M       290M
-/+ buffers/cache:       1.5G       2.4G
Swap:         8.0G         0B       8.0G

             total       used       free     shared    buffers     cached
Mem:          3.9G       1.8G       2.1G       1.5M        38M       290M
-/+ buffers/cache:       1.5G       2.4G
Swap:         8.0G         0B       8.0G

             total       used       free     shared    buffers     cached
Mem:          3.9G       1.8G       2.0G       1.5M        38M       290M
-/+ buffers/cache:       1.5G       2.4G
Swap:         8.0G         0B       8.0G

             total       used       free     shared    buffers     cached
Mem:          3.9G       1.8G       2.0G       1.5M        38M       290M
-/+ buffers/cache:       1.5G       2.3G
Swap:         8.0G         0B       8.0G

             total       used       free     shared    buffers     cached
Mem:          3.9G       1.8G       2.0G       1.5M        38M       290M
-/+ buffers/cache:       1.5G       2.3G
Swap:         8.0G         0B       8.0G

             total       used       free     shared    buffers     cached
Mem:          3.9G       1.9G       2.0G       1.5M        38M       290M
-/+ buffers/cache:       1.5G       2.3G
Swap:         8.0G         0B       8.0G

             total       used       free     shared    buffers     cached
Mem:          3.9G       1.9G       2.0G       1.5M        38M       290M
-/+ buffers/cache:       1.6G       2.3G
Swap:         8.0G         0B       8.0G

             total       used       free     shared    buffers     cached
Mem:          3.9G       1.9G       2.0G       1.5M        38M       290M
-/+ buffers/cache:       1.6G       2.3G
Swap:         8.0G         0B       8.0G

             total       used       free     shared    buffers     cached
Mem:          3.9G       1.9G       1.9G       1.5M        38M       290M
-/+ buffers/cache:       1.6G       2.3G
Swap:         8.0G         0B       8.0G

             total       used       free     shared    buffers     cached
Mem:          3.9G       1.9G       1.9G       1.5M        38M       290M
-/+ buffers/cache:       1.6G       2.2G
Swap:         8.0G         0B       8.0G

             total       used       free     shared    buffers     cached
Mem:          3.9G       1.9G       1.9G       1.5M        38M       290M
-/+ buffers/cache:       1.6G       2.2G
Swap:         8.0G         0B       8.0G

             total       used       free     shared    buffers     cached
Mem:          3.9G       2.0G       1.9G       1.5M        38M       290M
-/+ buffers/cache:       1.6G       2.2G
Swap:         8.0G         0B       8.0G

             total       used       free     shared    buffers     cached
Mem:          3.9G       2.0G       1.9G       1.5M        38M       290M
-/+ buffers/cache:       1.7G       2.2G
Swap:         8.0G         0B       8.0G

             total       used       free     shared    buffers     cached
Mem:          3.9G       2.0G       1.9G       1.5M        38M       290M
-/+ buffers/cache:       1.7G       2.2G
Swap:         8.0G         0B       8.0G

             total       used       free     shared    buffers     cached
Mem:          3.9G       2.0G       1.8G       1.5M        38M       290M
-/+ buffers/cache:       1.7G       2.2G
Swap:         8.0G         0B       8.0G

             total       used       free     shared    buffers     cached
Mem:          3.9G       2.0G       1.8G       1.5M        38M       290M
-/+ buffers/cache:       1.7G       2.1G
Swap:         8.0G         0B       8.0G

             total       used       free     shared    buffers     cached
Mem:          3.9G       2.0G       1.8G       1.5M        38M       290M
-/+ buffers/cache:       1.7G       2.1G
Swap:         8.0G         0B       8.0G

             total       used       free     shared    buffers     cached
Mem:          3.9G       2.1G       1.8G       1.5M        38M       290M
-/+ buffers/cache:       1.7G       2.1G
Swap:         8.0G         0B       8.0G

             total       used       free     shared    buffers     cached
Mem:          3.9G       2.1G       1.8G       1.5M        38M       290M
-/+ buffers/cache:       1.8G       2.1G
Swap:         8.0G         0B       8.0G

             total       used       free     shared    buffers     cached
Mem:          3.9G       2.1G       1.8G       1.5M        38M       290M
-/+ buffers/cache:       1.8G       2.1G
Swap:         8.0G         0B       8.0G

             total       used       free     shared    buffers     cached
Mem:          3.9G       2.1G       1.7G       1.5M        38M       290M
-/+ buffers/cache:       1.8G       2.1G
Swap:         8.0G         0B       8.0G

             total       used       free     shared    buffers     cached
Mem:          3.9G       2.1G       1.7G       1.5M        38M       290M
-/+ buffers/cache:       1.8G       2.0G
Swap:         8.0G         0B       8.0G

             total       used       free     shared    buffers     cached
Mem:          3.9G       2.2G       1.7G       1.5M        38M       290M
-/+ buffers/cache:       1.8G       2.0G
Swap:         8.0G         0B       8.0G

             total       used       free     shared    buffers     cached
Mem:          3.9G       2.2G       1.7G       1.5M        38M       290M
-/+ buffers/cache:       1.9G       2.0G
Swap:         8.0G         0B       8.0G

             total       used       free     shared    buffers     cached
Mem:          3.9G       2.2G       1.7G       1.5M        38M       290M
-/+ buffers/cache:       1.9G       2.0G
Swap:         8.0G         0B       8.0G

             total       used       free     shared    buffers     cached
Mem:          3.9G       2.2G       1.7G       1.5M        38M       290M
-/+ buffers/cache:       1.9G       2.0G
Swap:         8.0G         0B       8.0G

             total       used       free     shared    buffers     cached
Mem:          3.9G       2.2G       1.6G       1.5M        38M       290M
-/+ buffers/cache:       1.9G       2.0G
Swap:         8.0G         0B       8.0G

             total       used       free     shared    buffers     cached
Mem:          3.9G       2.2G       1.6G       1.5M        38M       290M
-/+ buffers/cache:       1.9G       1.9G
Swap:         8.0G         0B       8.0G

             total       used       free     shared    buffers     cached
Mem:          3.9G       2.3G       1.6G       1.5M        38M       290M
-/+ buffers/cache:       1.9G       1.9G
Swap:         8.0G         0B       8.0G

             total       used       free     shared    buffers     cached
Mem:          3.9G       2.3G       1.6G       1.5M        38M       290M
-/+ buffers/cache:       2.0G       1.9G
Swap:         8.0G         0B       8.0G

             total       used       free     shared    buffers     cached
Mem:          3.9G       2.3G       1.6G       1.5M        38M       290M
-/+ buffers/cache:       2.0G       1.9G
Swap:         8.0G         0B       8.0G

             total       used       free     shared    buffers     cached
Mem:          3.9G       2.3G       1.5G       1.5M        38M       290M
-/+ buffers/cache:       2.0G       1.9G
Swap:         8.0G         0B       8.0G

             total       used       free     shared    buffers     cached
Mem:          3.9G       2.3G       1.5G       1.5M        38M       290M
-/+ buffers/cache:       2.0G       1.8G
Swap:         8.0G         0B       8.0G

             total       used       free     shared    buffers     cached
Mem:          3.9G       2.4G       1.5G       1.5M        38M       290M
-/+ buffers/cache:       2.0G       1.8G
Swap:         8.0G         0B       8.0G

             total       used       free     shared    buffers     cached
Mem:          3.9G       2.4G       1.5G       1.5M        38M       290M
-/+ buffers/cache:       2.0G       1.8G
Swap:         8.0G         0B       8.0G

             total       used       free     shared    buffers     cached
Mem:          3.9G       2.4G       1.5G       1.5M        39M       290M
-/+ buffers/cache:       2.1G       1.8G
Swap:         8.0G         0B       8.0G

             total       used       free     shared    buffers     cached
Mem:          3.9G       2.4G       1.5G       1.5M        39M       290M
-/+ buffers/cache:       2.1G       1.8G
Swap:         8.0G         0B       8.0G

             total       used       free     shared    buffers     cached
Mem:          3.9G       2.4G       1.4G       1.5M        39M       290M
-/+ buffers/cache:       2.1G       1.8G
Swap:         8.0G         0B       8.0G

             total       used       free     shared    buffers     cached
Mem:          3.9G       2.4G       1.4G       1.5M        39M       290M
-/+ buffers/cache:       2.1G       1.8G
Swap:         8.0G         0B       8.0G

             total       used       free     shared    buffers     cached
Mem:          3.9G       2.4G       1.4G       1.5M        39M       290M
-/+ buffers/cache:       2.1G       1.8G
Swap:         8.0G         0B       8.0G

             total       used       free     shared    buffers     cached
Mem:          3.9G       2.4G       1.4G       1.5M        39M       290M
-/+ buffers/cache:       2.1G       1.7G
Swap:         8.0G         0B       8.0G

             total       used       free     shared    buffers     cached
Mem:          3.9G       2.5G       1.4G       1.5M        39M       290M
-/+ buffers/cache:       2.1G       1.7G
Swap:         8.0G         0B       8.0G

             total       used       free     shared    buffers     cached
Mem:          3.9G       2.5G       1.4G       1.5M        39M       290M
-/+ buffers/cache:       2.2G       1.7G
Swap:         8.0G         0B       8.0G

             total       used       free     shared    buffers     cached
Mem:          3.9G       2.5G       1.4G       1.5M        39M       290M
-/+ buffers/cache:       2.2G       1.7G
Swap:         8.0G         0B       8.0G

             total       used       free     shared    buffers     cached
Mem:          3.9G       2.5G       1.4G       1.5M        39M       290M
-/+ buffers/cache:       2.2G       1.7G
Swap:         8.0G         0B       8.0G

             total       used       free     shared    buffers     cached
Mem:          3.9G       2.5G       1.3G       1.5M        39M       290M
-/+ buffers/cache:       2.2G       1.7G
Swap:         8.0G         0B       8.0G

             total       used       free     shared    buffers     cached
Mem:          3.9G       2.5G       1.3G       1.5M        39M       290M
-/+ buffers/cache:       2.2G       1.6G
Swap:         8.0G         0B       8.0G

             total       used       free     shared    buffers     cached
Mem:          3.9G       2.6G       1.3G       1.5M        39M       290M
-/+ buffers/cache:       2.2G       1.6G
Swap:         8.0G         0B       8.0G

             total       used       free     shared    buffers     cached
Mem:          3.9G       2.6G       1.3G       1.5M        39M       290M
-/+ buffers/cache:       2.3G       1.6G
Swap:         8.0G         0B       8.0G

             total       used       free     shared    buffers     cached
Mem:          3.9G       2.6G       1.3G       1.5M        39M       290M
-/+ buffers/cache:       2.3G       1.6G
Swap:         8.0G         0B       8.0G

             total       used       free     shared    buffers     cached
Mem:          3.9G       2.6G       1.2G       1.5M        39M       290M
-/+ buffers/cache:       2.3G       1.6G
Swap:         8.0G         0B       8.0G

             total       used       free     shared    buffers     cached
Mem:          3.9G       2.6G       1.2G       1.5M        39M       290M
-/+ buffers/cache:       2.3G       1.5G
Swap:         8.0G         0B       8.0G

             total       used       free     shared    buffers     cached
Mem:          3.9G       2.7G       1.2G       1.5M        39M       290M
-/+ buffers/cache:       2.3G       1.5G
Swap:         8.0G         0B       8.0G

             total       used       free     shared    buffers     cached
Mem:          3.9G       2.7G       1.2G       1.5M        39M       290M
-/+ buffers/cache:       2.3G       1.5G
Swap:         8.0G         0B       8.0G

             total       used       free     shared    buffers     cached
Mem:          3.9G       2.7G       1.2G       1.5M        39M       290M
-/+ buffers/cache:       2.4G       1.5G
Swap:         8.0G         0B       8.0G

             total       used       free     shared    buffers     cached
Mem:          3.9G       2.7G       1.2G       1.5M        39M       290M
-/+ buffers/cache:       2.4G       1.5G
Swap:         8.0G         0B       8.0G

             total       used       free     shared    buffers     cached
Mem:          3.9G       2.7G       1.1G       1.5M        39M       290M
-/+ buffers/cache:       2.4G       1.5G
Swap:         8.0G         0B       8.0G

             total       used       free     shared    buffers     cached
Mem:          3.9G       2.7G       1.1G       1.5M        39M       290M
-/+ buffers/cache:       2.4G       1.4G
Swap:         8.0G         0B       8.0G

             total       used       free     shared    buffers     cached
Mem:          3.9G       2.8G       1.1G       1.5M        39M       290M
-/+ buffers/cache:       2.4G       1.4G
Swap:         8.0G         0B       8.0G

             total       used       free     shared    buffers     cached
Mem:          3.9G       2.8G       1.1G       1.5M        39M       290M
-/+ buffers/cache:       2.4G       1.4G
Swap:         8.0G         0B       8.0G

             total       used       free     shared    buffers     cached
Mem:          3.9G       2.8G       1.1G       1.5M        39M       290M
-/+ buffers/cache:       2.5G       1.4G
Swap:         8.0G         0B       8.0G

             total       used       free     shared    buffers     cached
Mem:          3.9G       2.8G       1.1G       1.5M        39M       290M
-/+ buffers/cache:       2.5G       1.4G
Swap:         8.0G         0B       8.0G

             total       used       free     shared    buffers     cached
Mem:          3.9G       2.8G       1.0G       1.5M        39M       290M
-/+ buffers/cache:       2.5G       1.4G
Swap:         8.0G         0B       8.0G

             total       used       free     shared    buffers     cached
Mem:          3.9G       2.8G       1.0G       1.5M        39M       290M
-/+ buffers/cache:       2.5G       1.3G
Swap:         8.0G         0B       8.0G

             total       used       free     shared    buffers     cached
Mem:          3.9G       2.9G       1.0G       1.5M        39M       290M
-/+ buffers/cache:       2.5G       1.3G
Swap:         8.0G         0B       8.0G

             total       used       free     shared    buffers     cached
Mem:          3.9G       2.9G       1.0G       1.5M        39M       290M
-/+ buffers/cache:       2.5G       1.3G
Swap:         8.0G         0B       8.0G

             total       used       free     shared    buffers     cached
Mem:          3.9G       2.9G       995M       1.5M        39M       290M
-/+ buffers/cache:       2.6G       1.3G
Swap:         8.0G         0B       8.0G

             total       used       free     shared    buffers     cached
Mem:          3.9G       2.9G       978M       1.5M        39M       290M
-/+ buffers/cache:       2.6G       1.3G
Swap:         8.0G         0B       8.0G

             total       used       free     shared    buffers     cached
Mem:          3.9G       2.9G       960M       1.5M        39M       290M
-/+ buffers/cache:       2.6G       1.3G
Swap:         8.0G         0B       8.0G

             total       used       free     shared    buffers     cached
Mem:          3.9G       2.9G       943M       1.5M        39M       290M
-/+ buffers/cache:       2.6G       1.2G
Swap:         8.0G         0B       8.0G

             total       used       free     shared    buffers     cached
Mem:          3.9G       3.0G       925M       1.5M        39M       290M
-/+ buffers/cache:       2.6G       1.2G
Swap:         8.0G         0B       8.0G

             total       used       free     shared    buffers     cached
Mem:          3.9G       3.0G       909M       1.5M        39M       290M
-/+ buffers/cache:       2.6G       1.2G
Swap:         8.0G         0B       8.0G

             total       used       free     shared    buffers     cached
Mem:          3.9G       3.0G       894M       1.5M        39M       290M
-/+ buffers/cache:       2.7G       1.2G
Swap:         8.0G         0B       8.0G

             total       used       free     shared    buffers     cached
Mem:          3.9G       3.0G       879M       1.5M        39M       290M
-/+ buffers/cache:       2.7G       1.2G
Swap:         8.0G         0B       8.0G

             total       used       free     shared    buffers     cached
Mem:          3.9G       3.0G       862M       1.5M        39M       290M
-/+ buffers/cache:       2.7G       1.2G
Swap:         8.0G         0B       8.0G

             total       used       free     shared    buffers     cached
Mem:          3.9G       3.0G       857M       1.5M        39M       290M
-/+ buffers/cache:       2.7G       1.2G
Swap:         8.0G         0B       8.0G

             total       used       free     shared    buffers     cached
Mem:          3.9G       3.0G       855M       1.5M        39M       290M
-/+ buffers/cache:       2.7G       1.2G
Swap:         8.0G         0B       8.0G

             total       used       free     shared    buffers     cached
Mem:          3.9G       3.0G       853M       1.5M        39M       290M
-/+ buffers/cache:       2.7G       1.2G
Swap:         8.0G         0B       8.0G

             total       used       free     shared    buffers     cached
Mem:          3.9G       3.0G       850M       1.5M        39M       290M
-/+ buffers/cache:       2.7G       1.2G
Swap:         8.0G         0B       8.0G

             total       used       free     shared    buffers     cached
Mem:          3.9G       3.0G       849M       1.5M        39M       290M
-/+ buffers/cache:       2.7G       1.2G
Swap:         8.0G         0B       8.0G

             total       used       free     shared    buffers     cached
Mem:          3.9G       3.0G       847M       1.5M        39M       290M
-/+ buffers/cache:       2.7G       1.1G
Swap:         8.0G         0B       8.0G

             total       used       free     shared    buffers     cached
Mem:          3.9G       3.0G       845M       1.5M        39M       290M
-/+ buffers/cache:       2.7G       1.1G
Swap:         8.0G         0B       8.0G

             total       used       free     shared    buffers     cached
Mem:          3.9G       3.0G       842M       1.5M        39M       290M
-/+ buffers/cache:       2.7G       1.1G
Swap:         8.0G         0B       8.0G

             total       used       free     shared    buffers     cached
Mem:          3.9G       3.0G       840M       1.5M        39M       290M
-/+ buffers/cache:       2.7G       1.1G
Swap:         8.0G         0B       8.0G

             total       used       free     shared    buffers     cached
Mem:          3.9G       3.0G       837M       1.5M        39M       290M
-/+ buffers/cache:       2.7G       1.1G
Swap:         8.0G         0B       8.0G

             total       used       free     shared    buffers     cached
Mem:          3.9G       3.0G       835M       1.5M        39M       290M
-/+ buffers/cache:       2.7G       1.1G
Swap:         8.0G         0B       8.0G

             total       used       free     shared    buffers     cached
Mem:          3.9G       3.0G       833M       1.5M        39M       290M
-/+ buffers/cache:       2.7G       1.1G
Swap:         8.0G         0B       8.0G

             total       used       free     shared    buffers     cached
Mem:          3.9G       3.0G       830M       1.5M        39M       290M
-/+ buffers/cache:       2.7G       1.1G
Swap:         8.0G         0B       8.0G

             total       used       free     shared    buffers     cached
Mem:          3.9G       3.1G       828M       1.5M        39M       290M
-/+ buffers/cache:       2.7G       1.1G
Swap:         8.0G         0B       8.0G

             total       used       free     shared    buffers     cached
Mem:          3.9G       3.1G       825M       1.5M        39M       290M
-/+ buffers/cache:       2.7G       1.1G
Swap:         8.0G         0B       8.0G

             total       used       free     shared    buffers     cached
Mem:          3.9G       3.1G       823M       1.5M        39M       290M
-/+ buffers/cache:       2.7G       1.1G
Swap:         8.0G         0B       8.0G

             total       used       free     shared    buffers     cached
Mem:          3.9G       3.1G       820M       1.5M        39M       290M
-/+ buffers/cache:       2.7G       1.1G
Swap:         8.0G         0B       8.0G

             total       used       free     shared    buffers     cached
Mem:          3.9G       3.1G       818M       1.5M        39M       290M
-/+ buffers/cache:       2.7G       1.1G
Swap:         8.0G         0B       8.0G

             total       used       free     shared    buffers     cached
Mem:          3.9G       3.1G       816M       1.5M        39M       290M
-/+ buffers/cache:       2.7G       1.1G
Swap:         8.0G         0B       8.0G

             total       used       free     shared    buffers     cached
Mem:          3.9G       3.1G       812M       1.5M        39M       290M
-/+ buffers/cache:       2.7G       1.1G
Swap:         8.0G         0B       8.0G

             total       used       free     shared    buffers     cached
Mem:          3.9G       3.1G       805M       1.5M        39M       290M
-/+ buffers/cache:       2.8G       1.1G
Swap:         8.0G         0B       8.0G

             total       used       free     shared    buffers     cached
Mem:          3.9G       3.1G       799M       1.5M        39M       290M
-/+ buffers/cache:       2.8G       1.1G
Swap:         8.0G         0B       8.0G

             total       used       free     shared    buffers     cached
Mem:          3.9G       3.1G       797M       1.5M        39M       290M
-/+ buffers/cache:       2.8G       1.1G
Swap:         8.0G         0B       8.0G

             total       used       free     shared    buffers     cached
Mem:          3.9G       3.1G       794M       1.5M        39M       290M
-/+ buffers/cache:       2.8G       1.1G
Swap:         8.0G         0B       8.0G

             total       used       free     shared    buffers     cached
Mem:          3.9G       3.1G       792M       1.5M        39M       290M
-/+ buffers/cache:       2.8G       1.1G
Swap:         8.0G         0B       8.0G

             total       used       free     shared    buffers     cached
Mem:          3.9G       3.1G       789M       1.5M        39M       290M
-/+ buffers/cache:       2.8G       1.1G
Swap:         8.0G         0B       8.0G

             total       used       free     shared    buffers     cached
Mem:          3.9G       3.1G       787M       1.5M        39M       290M
-/+ buffers/cache:       2.8G       1.1G
Swap:         8.0G         0B       8.0G

             total       used       free     shared    buffers     cached
Mem:          3.9G       3.1G       784M       1.5M        39M       290M
-/+ buffers/cache:       2.8G       1.1G
Swap:         8.0G         0B       8.0G

             total       used       free     shared    buffers     cached
Mem:          3.9G       3.1G       781M       1.5M        39M       290M
-/+ buffers/cache:       2.8G       1.1G
Swap:         8.0G         0B       8.0G

             total       used       free     shared    buffers     cached
Mem:          3.9G       3.1G       777M       1.5M        39M       290M
-/+ buffers/cache:       2.8G       1.1G
Swap:         8.0G         0B       8.0G

             total       used       free     shared    buffers     cached
Mem:          3.9G       3.1G       774M       1.5M        39M       290M
-/+ buffers/cache:       2.8G       1.1G
Swap:         8.0G         0B       8.0G

             total       used       free     shared    buffers     cached
Mem:          3.9G       3.1G       761M       1.5M        39M       290M
-/+ buffers/cache:       2.8G       1.1G
Swap:         8.0G         0B       8.0G

             total       used       free     shared    buffers     cached
Mem:          3.9G       3.1G       744M       1.5M        39M       290M
-/+ buffers/cache:       2.8G       1.0G
Swap:         8.0G         0B       8.0G

             total       used       free     shared    buffers     cached
Mem:          3.9G       3.1G       728M       1.5M        39M       290M
-/+ buffers/cache:       2.8G       1.0G
Swap:         8.0G         0B       8.0G

             total       used       free     shared    buffers     cached
Mem:          3.9G       3.2G       711M       1.5M        39M       290M
-/+ buffers/cache:       2.8G       1.0G
Swap:         8.0G         0B       8.0G

             total       used       free     shared    buffers     cached
Mem:          3.9G       3.2G       696M       1.5M        39M       290M
-/+ buffers/cache:       2.9G       1.0G
Swap:         8.0G         0B       8.0G

             total       used       free     shared    buffers     cached
Mem:          3.9G       3.2G       683M       1.5M        39M       290M
-/+ buffers/cache:       2.9G       1.0G
Swap:         8.0G         0B       8.0G

             total       used       free     shared    buffers     cached
Mem:          3.9G       3.2G       668M       1.5M        39M       290M
-/+ buffers/cache:       2.9G       998M
Swap:         8.0G         0B       8.0G

             total       used       free     shared    buffers     cached
Mem:          3.9G       3.2G       652M       1.5M        39M       290M
-/+ buffers/cache:       2.9G       982M
Swap:         8.0G         0B       8.0G

             total       used       free     shared    buffers     cached
Mem:          3.9G       3.2G       634M       1.5M        39M       290M
-/+ buffers/cache:       2.9G       963M
Swap:         8.0G         0B       8.0G

             total       used       free     shared    buffers     cached
Mem:          3.9G       3.3G       618M       1.5M        39M       290M
-/+ buffers/cache:       2.9G       948M
Swap:         8.0G         0B       8.0G

             total       used       free     shared    buffers     cached
Mem:          3.9G       3.3G       603M       1.5M        39M       290M
-/+ buffers/cache:       2.9G       933M
Swap:         8.0G         0B       8.0G

             total       used       free     shared    buffers     cached
Mem:          3.9G       3.3G       587M       1.5M        39M       290M
-/+ buffers/cache:       3.0G       916M
Swap:         8.0G         0B       8.0G

             total       used       free     shared    buffers     cached
Mem:          3.9G       3.3G       571M       1.5M        39M       290M
-/+ buffers/cache:       3.0G       901M
Swap:         8.0G         0B       8.0G

             total       used       free     shared    buffers     cached
Mem:          3.9G       3.3G       555M       1.5M        39M       290M
-/+ buffers/cache:       3.0G       885M
Swap:         8.0G         0B       8.0G

             total       used       free     shared    buffers     cached
Mem:          3.9G       3.3G       540M       1.5M        39M       290M
-/+ buffers/cache:       3.0G       870M
Swap:         8.0G         0B       8.0G

             total       used       free     shared    buffers     cached
Mem:          3.9G       3.3G       524M       1.5M        39M       290M
-/+ buffers/cache:       3.0G       854M
Swap:         8.0G         0B       8.0G

             total       used       free     shared    buffers     cached
Mem:          3.9G       3.4G       508M       1.5M        39M       290M
-/+ buffers/cache:       3.0G       838M
Swap:         8.0G         0B       8.0G

             total       used       free     shared    buffers     cached
Mem:          3.9G       3.4G       492M       1.5M        39M       290M
-/+ buffers/cache:       3.1G       822M
Swap:         8.0G         0B       8.0G

             total       used       free     shared    buffers     cached
Mem:          3.9G       3.4G       476M       1.5M        39M       290M
-/+ buffers/cache:       3.1G       805M
Swap:         8.0G         0B       8.0G

             total       used       free     shared    buffers     cached
Mem:          3.9G       3.4G       461M       1.5M        39M       290M
-/+ buffers/cache:       3.1G       790M
Swap:         8.0G         0B       8.0G

             total       used       free     shared    buffers     cached
Mem:          3.9G       3.4G       444M       1.5M        39M       290M
-/+ buffers/cache:       3.1G       773M
Swap:         8.0G         0B       8.0G

             total       used       free     shared    buffers     cached
Mem:          3.9G       3.4G       429M       1.5M        39M       290M
-/+ buffers/cache:       3.1G       758M
Swap:         8.0G         0B       8.0G

             total       used       free     shared    buffers     cached
Mem:          3.9G       3.5G       414M       1.5M        39M       290M
-/+ buffers/cache:       3.1G       743M
Swap:         8.0G         0B       8.0G

             total       used       free     shared    buffers     cached
Mem:          3.9G       3.5G       400M       1.5M        39M       290M
-/+ buffers/cache:       3.1G       729M
Swap:         8.0G         0B       8.0G

             total       used       free     shared    buffers     cached
Mem:          3.9G       3.5G       384M       1.5M        39M       290M
-/+ buffers/cache:       3.2G       713M
Swap:         8.0G         0B       8.0G

             total       used       free     shared    buffers     cached
Mem:          3.9G       3.5G       370M       1.5M        39M       290M
-/+ buffers/cache:       3.2G       699M
Swap:         8.0G         0B       8.0G

             total       used       free     shared    buffers     cached
Mem:          3.9G       3.5G       355M       1.5M        39M       290M
-/+ buffers/cache:       3.2G       684M
Swap:         8.0G         0B       8.0G

             total       used       free     shared    buffers     cached
Mem:          3.9G       3.5G       341M       1.5M        39M       290M
-/+ buffers/cache:       3.2G       671M
Swap:         8.0G         0B       8.0G

             total       used       free     shared    buffers     cached
Mem:          3.9G       3.5G       326M       1.5M        39M       290M
-/+ buffers/cache:       3.2G       655M
Swap:         8.0G         0B       8.0G

             total       used       free     shared    buffers     cached
Mem:          3.9G       3.6G       310M       1.5M        39M       290M
-/+ buffers/cache:       3.2G       639M
Swap:         8.0G         0B       8.0G

             total       used       free     shared    buffers     cached
Mem:          3.9G       3.6G       295M       1.5M        39M       290M
-/+ buffers/cache:       3.2G       624M
Swap:         8.0G         0B       8.0G

             total       used       free     shared    buffers     cached
Mem:          3.9G       3.6G       281M       1.5M        39M       290M
-/+ buffers/cache:       3.3G       610M
Swap:         8.0G         0B       8.0G

             total       used       free     shared    buffers     cached
Mem:          3.9G       3.6G       265M       1.5M        39M       290M
-/+ buffers/cache:       3.3G       594M
Swap:         8.0G         0B       8.0G

             total       used       free     shared    buffers     cached
Mem:          3.9G       3.6G       248M       1.5M        39M       290M
-/+ buffers/cache:       3.3G       577M
Swap:         8.0G         0B       8.0G

             total       used       free     shared    buffers     cached
Mem:          3.9G       3.6G       230M       1.5M        39M       290M
-/+ buffers/cache:       3.3G       559M
Swap:         8.0G         0B       8.0G

             total       used       free     shared    buffers     cached
Mem:          3.9G       3.6G       215M       1.5M        39M       290M
-/+ buffers/cache:       3.3G       544M
Swap:         8.0G         0B       8.0G

             total       used       free     shared    buffers     cached
Mem:          3.9G       3.7G       201M       1.5M        39M       290M
-/+ buffers/cache:       3.3G       530M
Swap:         8.0G         0B       8.0G

             total       used       free     shared    buffers     cached
Mem:          3.9G       3.7G       185M       1.5M        39M       290M
-/+ buffers/cache:       3.4G       514M
Swap:         8.0G         0B       8.0G

             total       used       free     shared    buffers     cached
Mem:          3.9G       3.7G       170M       1.5M        39M       290M
-/+ buffers/cache:       3.4G       499M
Swap:         8.0G         0B       8.0G

             total       used       free     shared    buffers     cached
Mem:          3.9G       3.7G       155M       1.5M        39M       290M
-/+ buffers/cache:       3.4G       485M
Swap:         8.0G         0B       8.0G

             total       used       free     shared    buffers     cached
Mem:          3.9G       3.7G       141M       1.5M        39M       290M
-/+ buffers/cache:       3.4G       470M
Swap:         8.0G         0B       8.0G

             total       used       free     shared    buffers     cached
Mem:          3.9G       3.7G       128M       1.5M        39M       290M
-/+ buffers/cache:       3.4G       457M
Swap:         8.0G         0B       8.0G

             total       used       free     shared    buffers     cached
Mem:          3.9G       3.7G       114M       1.5M        39M       290M
-/+ buffers/cache:       3.4G       443M
Swap:         8.0G         0B       8.0G

             total       used       free     shared    buffers     cached
Mem:          3.9G       3.7G       122M       1.5M        17M       288M
-/+ buffers/cache:       3.4G       428M
Swap:         8.0G         0B       8.0G

             total       used       free     shared    buffers     cached
Mem:          3.9G       3.8G       107M       1.5M        17M       288M
-/+ buffers/cache:       3.5G       414M
Swap:         8.0G         0B       8.0G

             total       used       free     shared    buffers     cached
Mem:          3.9G       3.7G       121M       1.5M        10M       271M
-/+ buffers/cache:       3.5G       404M
Swap:         8.0G         0B       8.0G

             total       used       free     shared    buffers     cached
Mem:          3.9G       3.8G       109M       1.5M        10M       271M
-/+ buffers/cache:       3.5G       391M
Swap:         8.0G         0B       8.0G

             total       used       free     shared    buffers     cached
Mem:          3.9G       3.7G       114M       1.4M        10M       253M
-/+ buffers/cache:       3.5G       378M
Swap:         8.0G       104K       8.0G

             total       used       free     shared    buffers     cached
Mem:          3.9G       3.8G       110M       1.3M        10M       245M
-/+ buffers/cache:       3.5G       366M
Swap:         8.0G       508K       8.0G

             total       used       free     shared    buffers     cached
Mem:          3.9G       3.8G       111M       1.3M        10M       234M
-/+ buffers/cache:       3.5G       355M
Swap:         8.0G       4.0M       8.0G

             total       used       free     shared    buffers     cached
Mem:          3.9G       3.7G       125M       1.2M        10M       212M
-/+ buffers/cache:       3.5G       347M
Swap:         8.0G       8.5M       8.0G

             total       used       free     shared    buffers     cached
Mem:          3.9G       3.7G       113M       1.2M        10M       212M
-/+ buffers/cache:       3.5G       335M
Swap:         8.0G       8.5M       8.0G

             total       used       free     shared    buffers     cached
Mem:          3.9G       3.7G       114M       1.2M       4.6M       205M
-/+ buffers/cache:       3.5G       324M
Swap:         8.0G       8.5M       8.0G

             total       used       free     shared    buffers     cached
Mem:          3.9G       3.7G       115M       1.2M       2.6M       195M
-/+ buffers/cache:       3.6G       312M
Swap:         8.0G       8.5M       8.0G

             total       used       free     shared    buffers     cached
Mem:          3.9G       3.7G       123M       1.2M       596K       173M
-/+ buffers/cache:       3.6G       298M
Swap:         8.0G       8.4M       8.0G

             total       used       free     shared    buffers     cached
Mem:          3.9G       3.7G       113M       1.2M       1.5M       153M
-/+ buffers/cache:       3.6G       269M
Swap:         8.0G       8.5M       8.0G

             total       used       free     shared    buffers     cached
Mem:          3.9G       3.7G       124M       1.2M       1.1M       129M
-/+ buffers/cache:       3.6G       254M
Swap:         8.0G       8.5M       8.0G

             total       used       free     shared    buffers     cached
Mem:          3.9G       3.8G       108M       1.2M       1.1M       129M
-/+ buffers/cache:       3.6G       239M
Swap:         8.0G       8.5M       8.0G

             total       used       free     shared    buffers     cached
Mem:          3.9G       3.7G       116M       1.2M       1.1M       107M
-/+ buffers/cache:       3.6G       225M
Swap:         8.0G        11M       8.0G

             total       used       free     shared    buffers     cached
Mem:          3.9G       3.7G       120M       1.2M       1.1M        86M
-/+ buffers/cache:       3.7G       208M
Swap:         8.0G        11M       8.0G

             total       used       free     shared    buffers     cached
Mem:          3.9G       3.8G       106M       1.2M       1.1M        86M
-/+ buffers/cache:       3.7G       194M
Swap:         8.0G        11M       8.0G

             total       used       free     shared    buffers     cached
Mem:          3.9G       3.7G       116M       1.2M       1.1M        68M
-/+ buffers/cache:       3.7G       185M
Swap:         8.0G        14M       8.0G

             total       used       free     shared    buffers     cached
Mem:          3.9G       3.8G       103M       1.2M       1.1M        68M
-/+ buffers/cache:       3.7G       172M
Swap:         8.0G        14M       8.0G

             total       used       free     shared    buffers     cached
Mem:          3.9G       3.7G       119M       1.2M       1.0M        40M
-/+ buffers/cache:       3.7G       160M
Swap:         8.0G        14M       8.0G

             total       used       free     shared    buffers     cached
Mem:          3.9G       3.8G       105M       1.2M       1.0M        40M
-/+ buffers/cache:       3.7G       147M
Swap:         8.0G        14M       8.0G

             total       used       free     shared    buffers     cached
Mem:          3.9G       3.8G       111M       1.2M       328K        22M
-/+ buffers/cache:       3.7G       134M
Swap:         8.0G        14M       8.0G

             total       used       free     shared    buffers     cached
Mem:          3.9G       3.7G       120M       972K       308K       8.7M
-/+ buffers/cache:       3.7G       129M
Swap:         8.0G        27M       8.0G

             total       used       free     shared    buffers     cached
Mem:          3.9G       3.8G       105M       948K       308K       8.6M
-/+ buffers/cache:       3.7G       114M
Swap:         8.0G        27M       8.0G

             total       used       free     shared    buffers     cached
Mem:          3.9G       3.7G       128M       744K       448K       5.5M
-/+ buffers/cache:       3.7G       134M
Swap:         8.0G        95M       7.9G

             total       used       free     shared    buffers     cached
Mem:          3.9G       3.7G       113M       744K       456K       5.7M
-/+ buffers/cache:       3.7G       119M
Swap:         8.0G        95M       7.9G

             total       used       free     shared    buffers     cached
Mem:          3.9G       3.7G       118M       744K       456K       8.9M
-/+ buffers/cache:       3.7G       127M
Swap:         8.0G       107M       7.9G

             total       used       free     shared    buffers     cached
Mem:          3.9G       3.7G       120M       728K       212K       7.8M
-/+ buffers/cache:       3.7G       128M
Swap:         8.0G       124M       7.9G

             total       used       free     shared    buffers     cached
Mem:          3.9G       3.8G       105M       728K       460K       7.8M
-/+ buffers/cache:       3.7G       113M
Swap:         8.0G       124M       7.9G

             total       used       free     shared    buffers     cached
Mem:          3.9G       3.7G       118M       728K       460K       7.7M
-/+ buffers/cache:       3.7G       126M
Swap:         8.0G       124M       7.9G

             total       used       free     shared    buffers     cached
Mem:          3.9G       3.7G       115M       728K       468K       7.7M
-/+ buffers/cache:       3.7G       123M
Swap:         8.0G       124M       7.9G

             total       used       free     shared    buffers     cached
Mem:          3.9G       3.7G       112M       728K       468K       7.7M
-/+ buffers/cache:       3.7G       120M
Swap:         8.0G       124M       7.9G

             total       used       free     shared    buffers     cached
Mem:          3.9G       3.8G       108M       728K       468K       7.7M
-/+ buffers/cache:       3.7G       116M
Swap:         8.0G       124M       7.9G

             total       used       free     shared    buffers     cached
Mem:          3.9G       3.8G       104M       728K       472K       7.7M
-/+ buffers/cache:       3.7G       112M
Swap:         8.0G       124M       7.9G

             total       used       free     shared    buffers     cached
Mem:          3.9G       3.7G       115M       724K       472K       7.5M
-/+ buffers/cache:       3.7G       123M
Swap:         8.0G       133M       7.9G

             total       used       free     shared    buffers     cached
Mem:          3.9G       3.8G       110M       724K       472K       7.5M
-/+ buffers/cache:       3.7G       118M
Swap:         8.0G       133M       7.9G

             total       used       free     shared    buffers     cached
Mem:          3.9G       3.7G       117M       724K       480K       7.5M
-/+ buffers/cache:       3.7G       125M
Swap:         8.0G       133M       7.9G

             total       used       free     shared    buffers     cached
Mem:          3.9G       3.7G       123M       648K       480K       7.2M
-/+ buffers/cache:       3.7G       131M
Swap:         8.0G       163M       7.8G

             total       used       free     shared    buffers     cached
Mem:          3.9G       3.8G       107M       664K       480K       7.3M
-/+ buffers/cache:       3.7G       115M
Swap:         8.0G       163M       7.8G

             total       used       free     shared    buffers     cached
Mem:          3.9G       3.7G       167M       648K       456K       6.8M
-/+ buffers/cache:       3.7G       175M
Swap:         8.0G       267M       7.7G

             total       used       free     shared    buffers     cached
Mem:          3.9G       3.7G       155M       648K       456K       6.8M
-/+ buffers/cache:       3.7G       162M
Swap:         8.0G       267M       7.7G

             total       used       free     shared    buffers     cached
Mem:          3.9G       3.7G       138M       648K       464K        12M
-/+ buffers/cache:       3.7G       151M
Swap:         8.0G       267M       7.7G

             total       used       free     shared    buffers     cached
Mem:          3.9G       3.7G       122M       648K       464K        17M
-/+ buffers/cache:       3.7G       140M
Swap:         8.0G       267M       7.7G

             total       used       free     shared    buffers     cached
Mem:          3.9G       3.8G       109M       648K       780K        18M
-/+ buffers/cache:       3.7G       128M
Swap:         8.0G       267M       7.7G

             total       used       free     shared    buffers     cached
Mem:          3.9G       3.7G       150M       648K       472K        15M
-/+ buffers/cache:       3.7G       166M
Swap:         8.0G       289M       7.7G

             total       used       free     shared    buffers     cached
Mem:          3.9G       3.7G       139M       624K       472K        15M
-/+ buffers/cache:       3.7G       155M
Swap:         8.0G       289M       7.7G

             total       used       free     shared    buffers     cached
Mem:          3.9G       3.7G       130M       624K       472K        15M
-/+ buffers/cache:       3.7G       146M
Swap:         8.0G       289M       7.7G

             total       used       free     shared    buffers     cached
Mem:          3.9G       3.7G       120M       624K       480K        15M
-/+ buffers/cache:       3.7G       136M
Swap:         8.0G       289M       7.7G

             total       used       free     shared    buffers     cached
Mem:          3.9G       3.7G       119M       624K       736K        15M
-/+ buffers/cache:       3.7G       135M
Swap:         8.0G       289M       7.7G

             total       used       free     shared    buffers     cached
Mem:          3.9G       3.7G       118M       624K       744K        15M
-/+ buffers/cache:       3.7G       135M
Swap:         8.0G       289M       7.7G

             total       used       free     shared    buffers     cached
Mem:          3.9G       3.7G       118M       624K       744K        15M
-/+ buffers/cache:       3.7G       135M
Swap:         8.0G       289M       7.7G

             total       used       free     shared    buffers     cached
Mem:          3.9G       3.7G       117M       624K       744K        16M
-/+ buffers/cache:       3.7G       134M
Swap:         8.0G       289M       7.7G

             total       used       free     shared    buffers     cached
Mem:          3.9G       3.7G       119M       680K       5.6M        27M
-/+ buffers/cache:       3.7G       152M
Swap:         8.0G       314M       7.7G

             total       used       free     shared    buffers     cached
Mem:          3.9G       3.7G       118M       688K       6.2M        30M
-/+ buffers/cache:       3.7G       155M
Swap:         8.0G       314M       7.7G
