             total       used       free     shared    buffers     cached
Mem:          992M       655M       337M       3.2M        38M       289M
-/+ buffers/cache:       326M       665M
Swap:         8.0G         0B       8.0G

             total       used       free     shared    buffers     cached
Mem:          992M       654M       337M       3.2M        38M       289M
-/+ buffers/cache:       325M       666M
Swap:         8.0G         0B       8.0G

             total       used       free     shared    buffers     cached
Mem:          992M       654M       337M       3.2M        38M       289M
-/+ buffers/cache:       325M       666M
Swap:         8.0G         0B       8.0G

             total       used       free     shared    buffers     cached
Mem:          992M       654M       337M       3.2M        38M       289M
-/+ buffers/cache:       325M       666M
Swap:         8.0G         0B       8.0G

             total       used       free     shared    buffers     cached
Mem:          992M       654M       337M       3.2M        38M       289M
-/+ buffers/cache:       325M       666M
Swap:         8.0G         0B       8.0G

             total       used       free     shared    buffers     cached
Mem:          992M       654M       337M       3.2M        38M       289M
-/+ buffers/cache:       325M       666M
Swap:         8.0G         0B       8.0G

             total       used       free     shared    buffers     cached
Mem:          992M       654M       337M       3.2M        38M       289M
-/+ buffers/cache:       325M       666M
Swap:         8.0G         0B       8.0G

             total       used       free     shared    buffers     cached
Mem:          992M       654M       338M       3.2M        38M       289M
-/+ buffers/cache:       325M       666M
Swap:         8.0G         0B       8.0G

             total       used       free     shared    buffers     cached
Mem:          992M       654M       338M       3.2M        38M       289M
-/+ buffers/cache:       325M       666M
Swap:         8.0G         0B       8.0G

             total       used       free     shared    buffers     cached
Mem:          992M       653M       338M       3.2M        38M       289M
-/+ buffers/cache:       325M       666M
Swap:         8.0G         0B       8.0G

             total       used       free     shared    buffers     cached
Mem:          992M       655M       337M       3.2M        38M       289M
-/+ buffers/cache:       326M       665M
Swap:         8.0G         0B       8.0G

             total       used       free     shared    buffers     cached
Mem:          992M       663M       329M       3.2M        38M       290M
-/+ buffers/cache:       333M       658M
Swap:         8.0G         0B       8.0G

             total       used       free     shared    buffers     cached
Mem:          992M       685M       307M       3.2M        38M       290M
-/+ buffers/cache:       355M       636M
Swap:         8.0G         0B       8.0G

             total       used       free     shared    buffers     cached
Mem:          992M       663M       329M       3.2M        38M       291M
-/+ buffers/cache:       333M       659M
Swap:         8.0G         0B       8.0G

             total       used       free     shared    buffers     cached
Mem:          992M       666M       325M       3.2M        38M       291M
-/+ buffers/cache:       336M       655M
Swap:         8.0G         0B       8.0G

             total       used       free     shared    buffers     cached
Mem:          992M       663M       328M       3.2M        38M       291M
-/+ buffers/cache:       333M       658M
Swap:         8.0G         0B       8.0G

             total       used       free     shared    buffers     cached
Mem:          992M       663M       328M       3.2M        38M       291M
-/+ buffers/cache:       333M       658M
Swap:         8.0G         0B       8.0G

             total       used       free     shared    buffers     cached
Mem:          992M       663M       328M       3.2M        38M       291M
-/+ buffers/cache:       333M       658M
Swap:         8.0G         0B       8.0G

             total       used       free     shared    buffers     cached
Mem:          992M       663M       328M       3.2M        38M       291M
-/+ buffers/cache:       333M       658M
Swap:         8.0G         0B       8.0G

             total       used       free     shared    buffers     cached
Mem:          992M       663M       328M       3.2M        38M       291M
-/+ buffers/cache:       333M       658M
Swap:         8.0G         0B       8.0G

             total       used       free     shared    buffers     cached
Mem:          992M       663M       328M       3.2M        38M       291M
-/+ buffers/cache:       333M       658M
Swap:         8.0G         0B       8.0G

             total       used       free     shared    buffers     cached
Mem:          992M       664M       328M       3.2M        38M       291M
-/+ buffers/cache:       333M       658M
Swap:         8.0G         0B       8.0G

             total       used       free     shared    buffers     cached
Mem:          992M       663M       328M       3.2M        38M       291M
-/+ buffers/cache:       333M       658M
Swap:         8.0G         0B       8.0G

             total       used       free     shared    buffers     cached
Mem:          992M       663M       328M       3.2M        38M       291M
-/+ buffers/cache:       333M       658M
Swap:         8.0G         0B       8.0G

             total       used       free     shared    buffers     cached
Mem:          992M       663M       328M       3.2M        38M       291M
-/+ buffers/cache:       333M       658M
Swap:         8.0G         0B       8.0G

             total       used       free     shared    buffers     cached
Mem:          992M       663M       328M       3.2M        38M       291M
-/+ buffers/cache:       333M       658M
Swap:         8.0G         0B       8.0G

             total       used       free     shared    buffers     cached
Mem:          992M       663M       328M       3.2M        38M       291M
-/+ buffers/cache:       333M       658M
Swap:         8.0G         0B       8.0G

             total       used       free     shared    buffers     cached
Mem:          992M       663M       328M       3.2M        38M       291M
-/+ buffers/cache:       333M       658M
Swap:         8.0G         0B       8.0G

             total       used       free     shared    buffers     cached
Mem:          992M       663M       328M       3.2M        38M       291M
-/+ buffers/cache:       333M       658M
Swap:         8.0G         0B       8.0G

             total       used       free     shared    buffers     cached
Mem:          992M       663M       328M       3.2M        38M       291M
-/+ buffers/cache:       333M       658M
Swap:         8.0G         0B       8.0G

             total       used       free     shared    buffers     cached
Mem:          992M       663M       328M       3.2M        38M       291M
-/+ buffers/cache:       333M       658M
Swap:         8.0G         0B       8.0G

             total       used       free     shared    buffers     cached
Mem:          992M       663M       328M       3.2M        38M       291M
-/+ buffers/cache:       333M       658M
Swap:         8.0G         0B       8.0G

             total       used       free     shared    buffers     cached
Mem:          992M       663M       328M       3.2M        38M       291M
-/+ buffers/cache:       333M       658M
Swap:         8.0G         0B       8.0G

             total       used       free     shared    buffers     cached
Mem:          992M       670M       321M       3.2M        38M       291M
-/+ buffers/cache:       340M       651M
Swap:         8.0G         0B       8.0G

             total       used       free     shared    buffers     cached
Mem:          992M       687M       305M       3.2M        38M       291M
-/+ buffers/cache:       356M       635M
Swap:         8.0G         0B       8.0G

             total       used       free     shared    buffers     cached
Mem:          992M       705M       287M       3.2M        38M       291M
-/+ buffers/cache:       374M       617M
Swap:         8.0G         0B       8.0G

             total       used       free     shared    buffers     cached
Mem:          992M       722M       269M       3.2M        38M       291M
-/+ buffers/cache:       391M       600M
Swap:         8.0G         0B       8.0G

             total       used       free     shared    buffers     cached
Mem:          992M       738M       253M       3.2M        38M       291M
-/+ buffers/cache:       407M       584M
Swap:         8.0G         0B       8.0G

             total       used       free     shared    buffers     cached
Mem:          992M       754M       237M       3.2M        38M       291M
-/+ buffers/cache:       424M       567M
Swap:         8.0G         0B       8.0G

             total       used       free     shared    buffers     cached
Mem:          992M       770M       221M       3.2M        38M       291M
-/+ buffers/cache:       439M       552M
Swap:         8.0G         0B       8.0G

             total       used       free     shared    buffers     cached
Mem:          992M       782M       209M       3.2M        38M       291M
-/+ buffers/cache:       452M       539M
Swap:         8.0G         0B       8.0G

             total       used       free     shared    buffers     cached
Mem:          992M       797M       194M       3.2M        38M       291M
-/+ buffers/cache:       467M       524M
Swap:         8.0G         0B       8.0G

             total       used       free     shared    buffers     cached
Mem:          992M       812M       179M       3.2M        38M       291M
-/+ buffers/cache:       482M       509M
Swap:         8.0G         0B       8.0G

             total       used       free     shared    buffers     cached
Mem:          992M       829M       162M       3.2M        38M       291M
-/+ buffers/cache:       499M       492M
Swap:         8.0G         0B       8.0G

             total       used       free     shared    buffers     cached
Mem:          992M       843M       149M       3.2M        38M       291M
-/+ buffers/cache:       512M       479M
Swap:         8.0G         0B       8.0G

             total       used       free     shared    buffers     cached
Mem:          992M       857M       135M       3.2M        38M       291M
-/+ buffers/cache:       526M       465M
Swap:         8.0G         0B       8.0G

             total       used       free     shared    buffers     cached
Mem:          992M       869M       122M       3.2M        38M       291M
-/+ buffers/cache:       539M       452M
Swap:         8.0G         0B       8.0G

             total       used       free     shared    buffers     cached
Mem:          992M       882M       109M       3.2M        38M       291M
-/+ buffers/cache:       552M       439M
Swap:         8.0G         0B       8.0G

             total       used       free     shared    buffers     cached
Mem:          992M       895M        97M       3.2M        38M       291M
-/+ buffers/cache:       564M       427M
Swap:         8.0G         0B       8.0G

             total       used       free     shared    buffers     cached
Mem:          992M       910M        82M       3.2M        38M       291M
-/+ buffers/cache:       579M       412M
Swap:         8.0G         0B       8.0G

             total       used       free     shared    buffers     cached
Mem:          992M       922M        69M       3.2M        38M       291M
-/+ buffers/cache:       591M       400M
Swap:         8.0G         0B       8.0G

             total       used       free     shared    buffers     cached
Mem:          992M       912M        79M       3.2M        17M       290M
-/+ buffers/cache:       605M       386M
Swap:         8.0G         0B       8.0G

             total       used       free     shared    buffers     cached
Mem:          992M       926M        66M       3.2M        17M       290M
-/+ buffers/cache:       618M       373M
Swap:         8.0G         0B       8.0G

             total       used       free     shared    buffers     cached
Mem:          992M       922M        69M       3.2M        10M       280M
-/+ buffers/cache:       630M       361M
Swap:         8.0G         0B       8.0G

             total       used       free     shared    buffers     cached
Mem:          992M       917M        74M       3.2M       9.8M       264M
-/+ buffers/cache:       643M       348M
Swap:         8.0G       108K       8.0G

             total       used       free     shared    buffers     cached
Mem:          992M       929M        62M       3.2M       9.8M       264M
-/+ buffers/cache:       655M       336M
Swap:         8.0G       108K       8.0G

             total       used       free     shared    buffers     cached
Mem:          992M       923M        68M       3.1M       9.8M       245M
-/+ buffers/cache:       667M       324M
Swap:         8.0G       256K       8.0G

             total       used       free     shared    buffers     cached
Mem:          992M       923M        69M       3.0M       9.8M       233M
-/+ buffers/cache:       680M       312M
Swap:         8.0G       3.7M       8.0G

             total       used       free     shared    buffers     cached
Mem:          992M       906M        85M       3.0M       9.8M       207M
-/+ buffers/cache:       689M       302M
Swap:         8.0G       7.9M       8.0G

             total       used       free     shared    buffers     cached
Mem:          992M       919M        72M       3.0M       9.8M       206M
-/+ buffers/cache:       702M       289M
Swap:         8.0G       7.9M       8.0G

             total       used       free     shared    buffers     cached
Mem:          992M       921M        70M       3.0M       3.1M       201M
-/+ buffers/cache:       717M       274M
Swap:         8.0G       7.9M       8.0G

             total       used       free     shared    buffers     cached
Mem:          992M       927M        64M       3.0M       2.2M       195M
-/+ buffers/cache:       730M       261M
Swap:         8.0G       7.9M       8.0G

             total       used       free     shared    buffers     cached
Mem:          992M       921M        70M       3.0M       328K       178M
-/+ buffers/cache:       743M       248M
Swap:         8.0G       7.9M       8.0G

             total       used       free     shared    buffers     cached
Mem:          992M       912M        79M       3.0M       224K       157M
-/+ buffers/cache:       755M       236M
Swap:         8.0G       7.9M       8.0G

             total       used       free     shared    buffers     cached
Mem:          992M       925M        66M       3.0M       224K       157M
-/+ buffers/cache:       768M       224M
Swap:         8.0G       7.9M       8.0G

             total       used       free     shared    buffers     cached
Mem:          992M       915M        76M       3.0M       228K       138M
-/+ buffers/cache:       776M       215M
Swap:         8.0G       7.9M       8.0G

             total       used       free     shared    buffers     cached
Mem:          992M       925M        67M       3.0M       232K       138M
-/+ buffers/cache:       786M       206M
Swap:         8.0G       7.9M       8.0G

             total       used       free     shared    buffers     cached
Mem:          992M       922M        69M       3.0M        80K       122M
-/+ buffers/cache:       800M       192M
Swap:         8.0G       7.9M       8.0G

             total       used       free     shared    buffers     cached
Mem:          992M       921M        70M       3.0M        80K       108M
-/+ buffers/cache:       812M       179M
Swap:         8.0G       7.9M       8.0G

             total       used       free     shared    buffers     cached
Mem:          992M       922M        69M       3.0M       224K        97M
-/+ buffers/cache:       825M       166M
Swap:         8.0G       7.9M       8.0G

             total       used       free     shared    buffers     cached
Mem:          992M       918M        73M       3.0M       504K        78M
-/+ buffers/cache:       839M       153M
Swap:         8.0G       7.9M       8.0G

             total       used       free     shared    buffers     cached
Mem:          992M       922M        69M       3.0M       2.1M        66M
-/+ buffers/cache:       853M       138M
Swap:         8.0G       7.9M       8.0G

             total       used       free     shared    buffers     cached
Mem:          992M       919M        72M       3.0M       2.1M        51M
-/+ buffers/cache:       865M       126M
Swap:         8.0G       7.9M       8.0G

             total       used       free     shared    buffers     cached
Mem:          992M       929M        62M       3.0M       2.1M        51M
-/+ buffers/cache:       875M       116M
Swap:         8.0G       7.9M       8.0G

             total       used       free     shared    buffers     cached
Mem:          992M       922M        70M       3.0M       2.1M        32M
-/+ buffers/cache:       887M       104M
Swap:         8.0G       7.9M       8.0G

             total       used       free     shared    buffers     cached
Mem:          992M       919M        72M       2.8M       972K        27M
-/+ buffers/cache:       891M       100M
Swap:         8.0G        16M       8.0G

             total       used       free     shared    buffers     cached
Mem:          992M       923M        68M       2.8M       772K        24M
-/+ buffers/cache:       898M        93M
Swap:         8.0G        20M       8.0G

             total       used       free     shared    buffers     cached
Mem:          992M       922M        70M       2.8M       752K        17M
-/+ buffers/cache:       904M        88M
Swap:         8.0G        24M       8.0G

             total       used       free     shared    buffers     cached
Mem:          992M       920M        71M       2.6M       616K       8.2M
-/+ buffers/cache:       911M        80M
Swap:         8.0G        29M       8.0G

             total       used       free     shared    buffers     cached
Mem:          992M       920M        71M       2.5M       560K       8.1M
-/+ buffers/cache:       911M        80M
Swap:         8.0G        41M       8.0G

             total       used       free     shared    buffers     cached
Mem:          992M       915M        76M       2.5M        80K       4.8M
-/+ buffers/cache:       910M        81M
Swap:         8.0G        62M       7.9G

             total       used       free     shared    buffers     cached
Mem:          992M       928M        63M       2.5M       212K       4.9M
-/+ buffers/cache:       923M        68M
Swap:         8.0G        62M       7.9G

             total       used       free     shared    buffers     cached
Mem:          992M       928M        64M       2.5M       212K       4.8M
-/+ buffers/cache:       923M        69M
Swap:         8.0G        70M       7.9G

             total       used       free     shared    buffers     cached
Mem:          992M       922M        69M       2.4M       216K       4.7M
-/+ buffers/cache:       917M        74M
Swap:         8.0G        98M       7.9G

             total       used       free     shared    buffers     cached
Mem:          992M       922M        69M       2.4M       220K       4.8M
-/+ buffers/cache:       917M        74M
Swap:         8.0G        98M       7.9G

             total       used       free     shared    buffers     cached
Mem:          992M       918M        73M       2.4M       216K       4.7M
-/+ buffers/cache:       913M        78M
Swap:         8.0G       124M       7.9G

             total       used       free     shared    buffers     cached
Mem:          992M       919M        73M       2.4M       216K       5.1M
-/+ buffers/cache:       913M        78M
Swap:         8.0G       125M       7.9G

             total       used       free     shared    buffers     cached
Mem:          992M       931M        61M       2.4M       216K       5.1M
-/+ buffers/cache:       925M        66M
Swap:         8.0G       125M       7.9G

             total       used       free     shared    buffers     cached
Mem:          992M       914M        77M       2.4M       224K       4.6M
-/+ buffers/cache:       909M        82M
Swap:         8.0G       158M       7.8G

             total       used       free     shared    buffers     cached
Mem:          992M       927M        64M       2.4M       224K       4.6M
-/+ buffers/cache:       923M        69M
Swap:         8.0G       158M       7.8G

             total       used       free     shared    buffers     cached
Mem:          992M       925M        66M       2.4M       224K       4.6M
-/+ buffers/cache:       920M        71M
Swap:         8.0G       175M       7.8G

             total       used       free     shared    buffers     cached
Mem:          992M       924M        67M       2.4M       224K       4.5M
-/+ buffers/cache:       919M        72M
Swap:         8.0G       187M       7.8G

             total       used       free     shared    buffers     cached
Mem:          992M       923M        68M       2.4M       224K       4.5M
-/+ buffers/cache:       918M        73M
Swap:         8.0G       206M       7.8G

             total       used       free     shared    buffers     cached
Mem:          992M       922M        69M       2.4M       232K       4.5M
-/+ buffers/cache:       917M        74M
Swap:         8.0G       206M       7.8G

             total       used       free     shared    buffers     cached
Mem:          992M       921M        70M       2.4M       232K       4.5M
-/+ buffers/cache:       917M        74M
Swap:         8.0G       227M       7.8G

             total       used       free     shared    buffers     cached
Mem:          992M       919M        72M       2.4M       232K       4.4M
-/+ buffers/cache:       915M        77M
Swap:         8.0G       235M       7.8G

             total       used       free     shared    buffers     cached
Mem:          992M       919M        72M       2.3M       232K       4.4M
-/+ buffers/cache:       915M        77M
Swap:         8.0G       258M       7.7G

             total       used       free     shared    buffers     cached
Mem:          992M       927M        65M       2.3M       232K       4.4M
-/+ buffers/cache:       922M        69M
Swap:         8.0G       258M       7.7G

             total       used       free     shared    buffers     cached
Mem:          992M       921M        70M       2.3M       228K       4.4M
-/+ buffers/cache:       916M        75M
Swap:         8.0G       260M       7.7G

             total       used       free     shared    buffers     cached
Mem:          992M       924M        67M       2.3M       236K       4.4M
-/+ buffers/cache:       919M        72M
Swap:         8.0G       260M       7.7G

             total       used       free     shared    buffers     cached
Mem:          992M       930M        61M       2.3M       236K       4.4M
-/+ buffers/cache:       925M        66M
Swap:         8.0G       260M       7.7G

             total       used       free     shared    buffers     cached
Mem:          992M       921M        70M       2.3M       228K       4.4M
-/+ buffers/cache:       916M        75M
Swap:         8.0G       283M       7.7G

             total       used       free     shared    buffers     cached
Mem:          992M       928M        63M       2.3M       228K       4.4M
-/+ buffers/cache:       923M        68M
Swap:         8.0G       283M       7.7G

             total       used       free     shared    buffers     cached
Mem:          992M       918M        74M       2.3M       212K       4.3M
-/+ buffers/cache:       913M        78M
Swap:         8.0G       296M       7.7G

             total       used       free     shared    buffers     cached
Mem:          992M       921M        70M       2.3M       220K       4.3M
-/+ buffers/cache:       917M        74M
Swap:         8.0G       296M       7.7G

             total       used       free     shared    buffers     cached
Mem:          992M       926M        65M       2.3M       220K       4.9M
-/+ buffers/cache:       921M        71M
Swap:         8.0G       296M       7.7G

             total       used       free     shared    buffers     cached
Mem:          992M       929M        63M       2.3M       220K       4.9M
-/+ buffers/cache:       923M        68M
Swap:         8.0G       296M       7.7G

             total       used       free     shared    buffers     cached
Mem:          992M       919M        72M       2.3M       220K       4.7M
-/+ buffers/cache:       914M        77M
Swap:         8.0G       312M       7.7G

             total       used       free     shared    buffers     cached
Mem:          992M       923M        68M       2.3M       220K       4.7M
-/+ buffers/cache:       918M        73M
Swap:         8.0G       312M       7.7G

             total       used       free     shared    buffers     cached
Mem:          992M       927M        64M       2.3M       228K       4.7M
-/+ buffers/cache:       922M        69M
Swap:         8.0G       312M       7.7G

             total       used       free     shared    buffers     cached
Mem:          992M       919M        73M       1.9M       172K       4.2M
-/+ buffers/cache:       914M        77M
Swap:         8.0G       323M       7.7G

             total       used       free     shared    buffers     cached
Mem:          992M       923M        69M       1.9M       172K       4.2M
-/+ buffers/cache:       918M        73M
Swap:         8.0G       323M       7.7G

             total       used       free     shared    buffers     cached
Mem:          992M       928M        63M       1.9M       172K       4.2M
-/+ buffers/cache:       924M        67M
Swap:         8.0G       321M       7.7G

             total       used       free     shared    buffers     cached
Mem:          992M       919M        72M        20K        84K       2.3M
-/+ buffers/cache:       917M        74M
Swap:         8.0G       323M       7.7G

             total       used       free     shared    buffers     cached
Mem:          992M       919M        73M        20K        84K       2.3M
-/+ buffers/cache:       916M        75M
Swap:         8.0G       322M       7.7G

             total       used       free     shared    buffers     cached
Mem:          992M       922M        69M        20K        92K       2.2M
-/+ buffers/cache:       920M        71M
Swap:         8.0G       319M       7.7G

             total       used       free     shared    buffers     cached
Mem:          992M       920M        71M        16K        92K       2.2M
-/+ buffers/cache:       918M        73M
Swap:         8.0G       318M       7.7G

             total       used       free     shared    buffers     cached
Mem:          992M       922M        69M        16K        92K       2.1M
-/+ buffers/cache:       920M        71M
Swap:         8.0G       314M       7.7G

             total       used       free     shared    buffers     cached
Mem:          992M       923M        68M         0B        76K       1.5M
-/+ buffers/cache:       921M        70M
Swap:         8.0G       325M       7.7G

             total       used       free     shared    buffers     cached
Mem:          992M       926M        65M         0B        76K       1.4M
-/+ buffers/cache:       925M        67M
Swap:         8.0G       319M       7.7G

             total       used       free     shared    buffers     cached
Mem:          992M       920M        71M         0B        84K       1.3M
-/+ buffers/cache:       918M        73M
Swap:         8.0G       321M       7.7G

             total       used       free     shared    buffers     cached
Mem:          992M       920M        71M         0B        84K       1.2M
-/+ buffers/cache:       918M        73M
Swap:         8.0G       325M       7.7G

             total       used       free     shared    buffers     cached
Mem:          992M       923M        68M         0B        84K       1.2M
-/+ buffers/cache:       922M        69M
Swap:         8.0G       324M       7.7G

             total       used       free     shared    buffers     cached
Mem:          992M       925M        66M         0B        76K       1.2M
-/+ buffers/cache:       924M        68M
Swap:         8.0G       425M       7.6G

             total       used       free     shared    buffers     cached
Mem:          992M       907M        84M         0B        76K       1.2M
-/+ buffers/cache:       905M        86M
Swap:         8.0G       389M       7.6G

             total       used       free     shared    buffers     cached
Mem:          992M       910M        81M         0B        96K       1.6M
-/+ buffers/cache:       909M        83M
Swap:         8.0G       381M       7.6G

             total       used       free     shared    buffers     cached
Mem:          992M       913M        78M         0B       100K       1.6M
-/+ buffers/cache:       911M        80M
Swap:         8.0G       380M       7.6G

             total       used       free     shared    buffers     cached
Mem:          992M       920M        72M         0B       100K       1.6M
-/+ buffers/cache:       918M        73M
Swap:         8.0G       378M       7.6G

             total       used       free     shared    buffers     cached
Mem:          992M       926M        65M         0B       100K       1.6M
-/+ buffers/cache:       925M        67M
Swap:         8.0G       378M       7.6G

             total       used       free     shared    buffers     cached
Mem:          992M       918M        73M         0B       236K       2.4M
-/+ buffers/cache:       916M        75M
Swap:         8.0G       377M       7.6G

             total       used       free     shared    buffers     cached
Mem:          992M       924M        67M         0B       236K       2.4M
-/+ buffers/cache:       921M        70M
Swap:         8.0G       377M       7.6G

             total       used       free     shared    buffers     cached
Mem:          992M       929M        62M         0B       244K       2.4M
-/+ buffers/cache:       927M        65M
Swap:         8.0G       377M       7.6G

             total       used       free     shared    buffers     cached
Mem:          992M       922M        69M         0B       240K       2.6M
-/+ buffers/cache:       920M        72M
Swap:         8.0G       377M       7.6G

             total       used       free     shared    buffers     cached
Mem:          992M       927M        64M         0B       240K       2.6M
-/+ buffers/cache:       924M        67M
Swap:         8.0G       377M       7.6G

             total       used       free     shared    buffers     cached
Mem:          992M       920M        71M         0B       228K       2.6M
-/+ buffers/cache:       917M        74M
Swap:         8.0G       377M       7.6G

             total       used       free     shared    buffers     cached
Mem:          992M       938M        54M         0B        80K        16M
-/+ buffers/cache:       921M        70M
Swap:         8.0G       380M       7.6G

             total       used       free     shared    buffers     cached
Mem:          992M       896M        95M         0B       496K        20M
-/+ buffers/cache:       875M       116M
Swap:         8.0G       434M       7.6G

             total       used       free     shared    buffers     cached
Mem:          992M       897M        94M         0B       780K        20M
-/+ buffers/cache:       876M       115M
Swap:         8.0G       434M       7.6G

             total       used       free     shared    buffers     cached
Mem:          992M       899M        92M         0B       784K        20M
-/+ buffers/cache:       878M       113M
Swap:         8.0G       433M       7.6G

             total       used       free     shared    buffers     cached
Mem:          992M       901M        90M         0B       788K        20M
-/+ buffers/cache:       880M       111M
Swap:         8.0G       432M       7.6G

             total       used       free     shared    buffers     cached
Mem:          992M       903M        88M         0B       788K        20M
-/+ buffers/cache:       882M       110M
Swap:         8.0G       431M       7.6G

             total       used       free     shared    buffers     cached
Mem:          992M       905M        87M         0B       796K        20M
-/+ buffers/cache:       883M       108M
Swap:         8.0G       431M       7.6G

             total       used       free     shared    buffers     cached
Mem:          992M       907M        85M         0B       796K        20M
-/+ buffers/cache:       885M       106M
Swap:         8.0G       430M       7.6G

             total       used       free     shared    buffers     cached
Mem:          992M       908M        83M         0B       796K        20M
-/+ buffers/cache:       887M       104M
Swap:         8.0G       429M       7.6G

             total       used       free     shared    buffers     cached
Mem:          992M       910M        81M         0B       796K        20M
-/+ buffers/cache:       889M       102M
Swap:         8.0G       428M       7.6G

             total       used       free     shared    buffers     cached
Mem:          992M       912M        79M         0B       796K        20M
-/+ buffers/cache:       891M       101M
Swap:         8.0G       427M       7.6G

             total       used       free     shared    buffers     cached
Mem:          992M       914M        78M         0B       796K        20M
-/+ buffers/cache:       892M        99M
Swap:         8.0G       426M       7.6G

             total       used       free     shared    buffers     cached
Mem:          992M       915M        76M         0B       804K        20M
-/+ buffers/cache:       894M        97M
Swap:         8.0G       426M       7.6G

             total       used       free     shared    buffers     cached
Mem:          992M       917M        74M         0B       804K        20M
-/+ buffers/cache:       895M        96M
Swap:         8.0G       425M       7.6G

             total       used       free     shared    buffers     cached
Mem:          992M       919M        72M         0B       804K        20M
-/+ buffers/cache:       897M        94M
Swap:         8.0G       424M       7.6G

             total       used       free     shared    buffers     cached
Mem:          992M       920M        71M         0B       804K        20M
-/+ buffers/cache:       899M        92M
Swap:         8.0G       423M       7.6G

             total       used       free     shared    buffers     cached
Mem:          992M       922M        69M         0B       804K        20M
-/+ buffers/cache:       901M        91M
Swap:         8.0G       422M       7.6G

             total       used       free     shared    buffers     cached
Mem:          992M       924M        67M         0B       812K        20M
-/+ buffers/cache:       903M        89M
Swap:         8.0G       421M       7.6G

             total       used       free     shared    buffers     cached
Mem:          992M       926M        65M         0B       812K        20M
-/+ buffers/cache:       904M        87M
Swap:         8.0G       421M       7.6G

             total       used       free     shared    buffers     cached
Mem:          992M       928M        63M         0B       812K        20M
-/+ buffers/cache:       906M        85M
Swap:         8.0G       420M       7.6G

             total       used       free     shared    buffers     cached
Mem:          992M       918M        73M         0B       812K        19M
-/+ buffers/cache:       897M        94M
Swap:         8.0G       427M       7.6G

             total       used       free     shared    buffers     cached
Mem:          992M       920M        71M         0B       812K        19M
-/+ buffers/cache:       899M        92M
Swap:         8.0G       426M       7.6G

             total       used       free     shared    buffers     cached
Mem:          992M       922M        69M         0B       820K        19M
-/+ buffers/cache:       901M        90M
Swap:         8.0G       425M       7.6G

             total       used       free     shared    buffers     cached
Mem:          992M       923M        68M         0B       820K        19M
-/+ buffers/cache:       903M        88M
Swap:         8.0G       424M       7.6G

             total       used       free     shared    buffers     cached
Mem:          992M       925M        66M         0B       820K        19M
-/+ buffers/cache:       905M        86M
Swap:         8.0G       423M       7.6G

             total       used       free     shared    buffers     cached
Mem:          992M       927M        64M         0B       820K        19M
-/+ buffers/cache:       907M        85M
Swap:         8.0G       422M       7.6G

             total       used       free     shared    buffers     cached
Mem:          992M       916M        75M         0B       820K        19M
-/+ buffers/cache:       896M        95M
Swap:         8.0G       434M       7.6G

             total       used       free     shared    buffers     cached
Mem:          992M       918M        74M         0B       820K        19M
-/+ buffers/cache:       898M        94M
Swap:         8.0G       433M       7.6G

             total       used       free     shared    buffers     cached
Mem:          992M       919M        72M         0B       828K        19M
-/+ buffers/cache:       899M        92M
Swap:         8.0G       432M       7.6G

             total       used       free     shared    buffers     cached
Mem:          992M       921M        70M         0B       828K        19M
-/+ buffers/cache:       901M        90M
Swap:         8.0G       431M       7.6G

             total       used       free     shared    buffers     cached
Mem:          992M       923M        68M         0B       828K        19M
-/+ buffers/cache:       903M        88M
Swap:         8.0G       430M       7.6G

             total       used       free     shared    buffers     cached
Mem:          992M       925M        66M         0B       828K        19M
-/+ buffers/cache:       905M        86M
Swap:         8.0G       429M       7.6G

             total       used       free     shared    buffers     cached
Mem:          992M       927M        64M         0B       828K        19M
-/+ buffers/cache:       907M        84M
Swap:         8.0G       428M       7.6G

             total       used       free     shared    buffers     cached
Mem:          992M       929M        63M         0B       836K        19M
-/+ buffers/cache:       909M        83M
Swap:         8.0G       427M       7.6G

             total       used       free     shared    buffers     cached
Mem:          992M       917M        74M         0B       836K        18M
-/+ buffers/cache:       898M        93M
Swap:         8.0G       440M       7.6G

             total       used       free     shared    buffers     cached
Mem:          992M       920M        71M         0B       836K        18M
-/+ buffers/cache:       900M        91M
Swap:         8.0G       439M       7.6G

             total       used       free     shared    buffers     cached
Mem:          992M       922M        69M         0B       836K        18M
-/+ buffers/cache:       902M        89M
Swap:         8.0G       438M       7.6G

             total       used       free     shared    buffers     cached
Mem:          992M       924M        67M         0B       836K        18M
-/+ buffers/cache:       904M        87M
Swap:         8.0G       437M       7.6G

             total       used       free     shared    buffers     cached
Mem:          992M       926M        65M         0B       844K        18M
-/+ buffers/cache:       906M        85M
Swap:         8.0G       436M       7.6G

             total       used       free     shared    buffers     cached
Mem:          992M       928M        63M         0B       844K        18M
-/+ buffers/cache:       908M        83M
Swap:         8.0G       435M       7.6G

             total       used       free     shared    buffers     cached
Mem:          992M       916M        75M         0B       844K        18M
-/+ buffers/cache:       897M        94M
Swap:         8.0G       447M       7.6G

             total       used       free     shared    buffers     cached
Mem:          992M       918M        73M         0B       844K        18M
-/+ buffers/cache:       899M        92M
Swap:         8.0G       446M       7.6G

             total       used       free     shared    buffers     cached
Mem:          992M       920M        71M         0B       844K        18M
-/+ buffers/cache:       901M        90M
Swap:         8.0G       445M       7.6G

             total       used       free     shared    buffers     cached
Mem:          992M       922M        69M         0B       844K        18M
-/+ buffers/cache:       903M        88M
Swap:         8.0G       444M       7.6G

             total       used       free     shared    buffers     cached
Mem:          992M       924M        68M         0B       852K        18M
-/+ buffers/cache:       904M        87M
Swap:         8.0G       443M       7.6G

             total       used       free     shared    buffers     cached
Mem:          992M       910M        81M         0B       656K        30M
-/+ buffers/cache:       879M       113M
Swap:         8.0G       477M       7.5G

             total       used       free     shared    buffers     cached
Mem:          992M       912M        79M        16K       668K        30M
-/+ buffers/cache:       880M       111M
Swap:         8.0G       476M       7.5G

             total       used       free     shared    buffers     cached
Mem:          992M       914M        77M        16K       672K        30M
-/+ buffers/cache:       883M       109M
Swap:         8.0G       476M       7.5G

             total       used       free     shared    buffers     cached
Mem:          992M       915M        76M        16K       672K        30M
-/+ buffers/cache:       884M       107M
Swap:         8.0G       475M       7.5G

             total       used       free     shared    buffers     cached
Mem:          992M       918M        74M        16K       680K        31M
-/+ buffers/cache:       885M       106M
Swap:         8.0G       474M       7.5G

             total       used       free     shared    buffers     cached
Mem:          992M       919M        73M        28K       680K        31M
-/+ buffers/cache:       886M       105M
Swap:         8.0G       473M       7.5G

             total       used       free     shared    buffers     cached
Mem:          992M       920M        71M        28K       680K        31M
-/+ buffers/cache:       888M       104M
Swap:         8.0G       473M       7.5G

             total       used       free     shared    buffers     cached
Mem:          992M       921M        70M        28K       680K        31M
-/+ buffers/cache:       889M       103M
Swap:         8.0G       472M       7.5G

             total       used       free     shared    buffers     cached
Mem:          992M       922M        69M        28K       680K        31M
-/+ buffers/cache:       890M       101M
Swap:         8.0G       472M       7.5G

             total       used       free     shared    buffers     cached
Mem:          992M       924M        67M        28K       808K        31M
-/+ buffers/cache:       891M       100M
Swap:         8.0G       471M       7.5G

             total       used       free     shared    buffers     cached
Mem:          992M       927M        65M        28K       816K        32M
-/+ buffers/cache:       893M        98M
Swap:         8.0G       470M       7.5G

             total       used       free     shared    buffers     cached
Mem:          992M       928M        63M        28K       816K        32M
-/+ buffers/cache:       894M        97M
Swap:         8.0G       470M       7.5G

             total       used       free     shared    buffers     cached
Mem:          992M       929M        63M        28K       816K        32M
-/+ buffers/cache:       895M        96M
Swap:         8.0G       469M       7.5G

             total       used       free     shared    buffers     cached
Mem:          992M       916M        76M        28K       800K        31M
-/+ buffers/cache:       884M       108M
Swap:         8.0G       471M       7.5G

             total       used       free     shared    buffers     cached
Mem:          992M       917M        75M        28K       800K        31M
-/+ buffers/cache:       885M       107M
Swap:         8.0G       470M       7.5G

             total       used       free     shared    buffers     cached
Mem:          992M       923M        68M        28K       808K        35M
-/+ buffers/cache:       886M       105M
Swap:         8.0G       470M       7.5G

             total       used       free     shared    buffers     cached
Mem:          992M       924M        67M        28K       820K        35M
-/+ buffers/cache:       887M       104M
Swap:         8.0G       469M       7.5G

             total       used       free     shared    buffers     cached
Mem:          992M       925M        66M        28K       820K        35M
-/+ buffers/cache:       888M       103M
Swap:         8.0G       469M       7.5G

             total       used       free     shared    buffers     cached
Mem:          992M       926M        65M        28K       820K        35M
-/+ buffers/cache:       889M       102M
Swap:         8.0G       468M       7.5G

             total       used       free     shared    buffers     cached
Mem:          992M       927M        64M        28K       820K        35M
-/+ buffers/cache:       890M       101M
Swap:         8.0G       468M       7.5G

             total       used       free     shared    buffers     cached
Mem:          992M       928M        63M        28K       820K        35M
-/+ buffers/cache:       891M       100M
Swap:         8.0G       467M       7.5G

             total       used       free     shared    buffers     cached
Mem:          992M       917M        75M        28K       828K        34M
-/+ buffers/cache:       881M       110M
Swap:         8.0G       485M       7.5G

             total       used       free     shared    buffers     cached
Mem:          992M       918M        74M        28K       828K        34M
-/+ buffers/cache:       882M       109M
Swap:         8.0G       484M       7.5G

             total       used       free     shared    buffers     cached
Mem:          992M       919M        72M        28K       828K        34M
-/+ buffers/cache:       884M       108M
Swap:         8.0G       484M       7.5G

             total       used       free     shared    buffers     cached
Mem:          992M       919M        72M        28K       828K        34M
-/+ buffers/cache:       884M       107M
Swap:         8.0G       483M       7.5G

             total       used       free     shared    buffers     cached
Mem:          992M       921M        71M        28K       832K        34M
-/+ buffers/cache:       885M       106M
Swap:         8.0G       483M       7.5G

             total       used       free     shared    buffers     cached
Mem:          992M       922M        70M        28K       840K        34M
-/+ buffers/cache:       886M       105M
Swap:         8.0G       482M       7.5G

             total       used       free     shared    buffers     cached
Mem:          992M       923M        69M        28K       840K        34M
-/+ buffers/cache:       887M       104M
Swap:         8.0G       482M       7.5G

             total       used       free     shared    buffers     cached
Mem:          992M       924M        67M        28K       840K        34M
-/+ buffers/cache:       889M       103M
Swap:         8.0G       482M       7.5G

             total       used       free     shared    buffers     cached
Mem:          992M       925M        66M        28K       840K        34M
-/+ buffers/cache:       890M       102M
Swap:         8.0G       481M       7.5G

             total       used       free     shared    buffers     cached
Mem:          992M       926M        65M        28K       840K        34M
-/+ buffers/cache:       891M       101M
Swap:         8.0G       481M       7.5G

             total       used       free     shared    buffers     cached
Mem:          992M       927M        64M        28K       840K        34M
-/+ buffers/cache:       892M       100M
Swap:         8.0G       480M       7.5G

             total       used       free     shared    buffers     cached
Mem:          992M       928M        63M        28K       848K        34M
-/+ buffers/cache:       893M        98M
Swap:         8.0G       480M       7.5G

             total       used       free     shared    buffers     cached
Mem:          992M       916M        75M        28K       848K        34M
-/+ buffers/cache:       881M       110M
Swap:         8.0G       482M       7.5G

             total       used       free     shared    buffers     cached
Mem:          992M       917M        74M        28K       848K        34M
-/+ buffers/cache:       882M       109M
Swap:         8.0G       482M       7.5G

             total       used       free     shared    buffers     cached
Mem:          992M       918M        73M        28K       848K        34M
-/+ buffers/cache:       883M       108M
Swap:         8.0G       481M       7.5G

             total       used       free     shared    buffers     cached
Mem:          992M       920M        71M        28K       848K        34M
-/+ buffers/cache:       885M       106M
Swap:         8.0G       481M       7.5G

             total       used       free     shared    buffers     cached
Mem:          992M       921M        70M        28K       856K        34M
-/+ buffers/cache:       886M       105M
Swap:         8.0G       480M       7.5G

             total       used       free     shared    buffers     cached
Mem:          992M       922M        69M        28K       856K        34M
-/+ buffers/cache:       887M       104M
Swap:         8.0G       480M       7.5G

             total       used       free     shared    buffers     cached
Mem:          992M       923M        68M        28K       856K        34M
-/+ buffers/cache:       889M       103M
Swap:         8.0G       479M       7.5G

             total       used       free     shared    buffers     cached
Mem:          992M       925M        66M        28K       856K        34M
-/+ buffers/cache:       890M       101M
Swap:         8.0G       478M       7.5G

             total       used       free     shared    buffers     cached
Mem:          992M       926M        65M        28K       856K        34M
-/+ buffers/cache:       891M       100M
Swap:         8.0G       478M       7.5G

             total       used       free     shared    buffers     cached
Mem:          992M       927M        64M        28K       856K        34M
-/+ buffers/cache:       892M        99M
Swap:         8.0G       477M       7.5G

             total       used       free     shared    buffers     cached
Mem:          992M       928M        63M        28K       864K        34M
-/+ buffers/cache:       893M        98M
Swap:         8.0G       477M       7.5G

             total       used       free     shared    buffers     cached
Mem:          992M       911M        80M        28K       552K        31M
-/+ buffers/cache:       878M       113M
Swap:         8.0G       503M       7.5G

             total       used       free     shared    buffers     cached
Mem:          992M       912M        79M        28K       552K        31M
-/+ buffers/cache:       879M       112M
Swap:         8.0G       503M       7.5G

             total       used       free     shared    buffers     cached
Mem:          992M       913M        78M        28K       552K        31M
-/+ buffers/cache:       881M       110M
Swap:         8.0G       502M       7.5G

             total       used       free     shared    buffers     cached
Mem:          992M       915M        77M        28K       552K        31M
-/+ buffers/cache:       882M       109M
Swap:         8.0G       502M       7.5G

             total       used       free     shared    buffers     cached
Mem:          992M       916M        75M        28K       560K        31M
-/+ buffers/cache:       884M       108M
Swap:         8.0G       501M       7.5G

             total       used       free     shared    buffers     cached
Mem:          992M       917M        74M        28K       560K        31M
-/+ buffers/cache:       885M       106M
Swap:         8.0G       500M       7.5G

             total       used       free     shared    buffers     cached
Mem:          992M       919M        73M        28K       560K        31M
-/+ buffers/cache:       886M       105M
Swap:         8.0G       500M       7.5G

             total       used       free     shared    buffers     cached
Mem:          992M       920M        71M        28K       560K        31M
-/+ buffers/cache:       887M       104M
Swap:         8.0G       499M       7.5G

             total       used       free     shared    buffers     cached
Mem:          992M       921M        70M        28K       560K        31M
-/+ buffers/cache:       889M       103M
Swap:         8.0G       498M       7.5G

             total       used       free     shared    buffers     cached
Mem:          992M       922M        69M        28K       560K        31M
-/+ buffers/cache:       890M       101M
Swap:         8.0G       498M       7.5G

             total       used       free     shared    buffers     cached
Mem:          992M       923M        68M        28K       568K        31M
-/+ buffers/cache:       891M       100M
Swap:         8.0G       497M       7.5G

             total       used       free     shared    buffers     cached
Mem:          992M       925M        66M        28K       568K        31M
-/+ buffers/cache:       892M        99M
Swap:         8.0G       496M       7.5G

             total       used       free     shared    buffers     cached
Mem:          992M       926M        65M        28K       568K        31M
-/+ buffers/cache:       894M        97M
Swap:         8.0G       496M       7.5G

             total       used       free     shared    buffers     cached
Mem:          992M       927M        64M        28K       568K        31M
-/+ buffers/cache:       895M        96M
Swap:         8.0G       495M       7.5G

             total       used       free     shared    buffers     cached
Mem:          992M       928M        63M        28K       568K        31M
-/+ buffers/cache:       896M        95M
Swap:         8.0G       495M       7.5G

             total       used       free     shared    buffers     cached
Mem:          992M       915M        76M        28K       576K        31M
-/+ buffers/cache:       883M       108M
Swap:         8.0G       496M       7.5G

             total       used       free     shared    buffers     cached
Mem:          992M       916M        75M        28K       576K        31M
-/+ buffers/cache:       884M       107M
Swap:         8.0G       495M       7.5G

             total       used       free     shared    buffers     cached
Mem:          992M       917M        74M        28K       576K        31M
-/+ buffers/cache:       885M       106M
Swap:         8.0G       495M       7.5G

             total       used       free     shared    buffers     cached
Mem:          992M       918M        73M        28K       576K        31M
-/+ buffers/cache:       886M       105M
Swap:         8.0G       494M       7.5G

             total       used       free     shared    buffers     cached
Mem:          992M       920M        71M        28K       576K        31M
-/+ buffers/cache:       888M       103M
Swap:         8.0G       493M       7.5G

             total       used       free     shared    buffers     cached
Mem:          992M       921M        70M        28K       576K        31M
-/+ buffers/cache:       889M       102M
Swap:         8.0G       493M       7.5G

             total       used       free     shared    buffers     cached
Mem:          992M       924M        67M        32K       720K        32M
-/+ buffers/cache:       891M       100M
Swap:         8.0G       492M       7.5G

             total       used       free     shared    buffers     cached
Mem:          992M       925M        66M        32K       720K        32M
-/+ buffers/cache:       892M        99M
Swap:         8.0G       491M       7.5G

             total       used       free     shared    buffers     cached
Mem:          992M       927M        64M        32K       720K        32M
-/+ buffers/cache:       894M        97M
Swap:         8.0G       490M       7.5G

             total       used       free     shared    buffers     cached
Mem:          992M       928M        63M        32K       720K        32M
-/+ buffers/cache:       895M        96M
Swap:         8.0G       490M       7.5G

             total       used       free     shared    buffers     cached
Mem:          992M       913M        79M        32K       432K        30M
-/+ buffers/cache:       882M       109M
Swap:         8.0G       515M       7.5G

             total       used       free     shared    buffers     cached
Mem:          992M       920M        71M        32K       440K        31M
-/+ buffers/cache:       888M       103M
Swap:         8.0G       512M       7.5G

             total       used       free     shared    buffers     cached
Mem:          992M       921M        70M        32K       440K        31M
-/+ buffers/cache:       889M       102M
Swap:         8.0G       511M       7.5G

             total       used       free     shared    buffers     cached
Mem:          992M       923M        69M        32K       440K        31M
-/+ buffers/cache:       891M       101M
Swap:         8.0G       511M       7.5G

             total       used       free     shared    buffers     cached
Mem:          992M       916M        76M        32K       440K        33M
-/+ buffers/cache:       882M       109M
Swap:         8.0G       508M       7.5G

             total       used       free     shared    buffers     cached
Mem:          992M       917M        75M        32K       440K        33M
-/+ buffers/cache:       883M       108M
Swap:         8.0G       508M       7.5G

             total       used       free     shared    buffers     cached
Mem:          992M       918M        73M        32K       440K        33M
-/+ buffers/cache:       884M       107M
Swap:         8.0G       508M       7.5G

             total       used       free     shared    buffers     cached
Mem:          992M       919M        72M        32K       448K        33M
-/+ buffers/cache:       885M       107M
Swap:         8.0G       507M       7.5G

             total       used       free     shared    buffers     cached
Mem:          992M       919M        72M        32K       448K        33M
-/+ buffers/cache:       885M       106M
Swap:         8.0G       507M       7.5G

             total       used       free     shared    buffers     cached
Mem:          992M       920M        71M        32K       448K        33M
-/+ buffers/cache:       886M       106M
Swap:         8.0G       507M       7.5G

             total       used       free     shared    buffers     cached
Mem:          992M       921M        70M        32K       448K        33M
-/+ buffers/cache:       887M       105M
Swap:         8.0G       506M       7.5G

             total       used       free     shared    buffers     cached
Mem:          992M       922M        70M        32K       448K        33M
-/+ buffers/cache:       887M       104M
Swap:         8.0G       506M       7.5G

             total       used       free     shared    buffers     cached
Mem:          992M       922M        69M        32K       456K        33M
-/+ buffers/cache:       888M       103M
Swap:         8.0G       505M       7.5G

             total       used       free     shared    buffers     cached
Mem:          992M       923M        68M        32K       456K        33M
-/+ buffers/cache:       889M       102M
Swap:         8.0G       505M       7.5G

             total       used       free     shared    buffers     cached
Mem:          992M       922M        69M       196K       536K        35M
-/+ buffers/cache:       885M       106M
Swap:         8.0G       511M       7.5G

             total       used       free     shared    buffers     cached
Mem:          992M       916M        75M       3.8M       4.5M        53M
-/+ buffers/cache:       858M       133M
Swap:         8.0G       551M       7.5G

             total       used       free     shared    buffers     cached
Mem:          992M       917M        74M       3.9M       5.0M        63M
-/+ buffers/cache:       848M       143M
Swap:         8.0G       562M       7.4G

             total       used       free     shared    buffers     cached
Mem:          992M       927M        64M       220K       5.3M        63M
-/+ buffers/cache:       858M       133M
Swap:         8.0G       558M       7.5G

             total       used       free     shared    buffers     cached
Mem:          992M       928M        63M       220K       5.3M        63M
-/+ buffers/cache:       859M       132M
Swap:         8.0G       558M       7.5G

             total       used       free     shared    buffers     cached
Mem:          992M       915M        76M       220K       4.2M        61M
-/+ buffers/cache:       849M       142M
Swap:         8.0G       568M       7.4G

             total       used       free     shared    buffers     cached
Mem:          992M       916M        75M       220K       4.2M        61M
-/+ buffers/cache:       850M       141M
Swap:         8.0G       568M       7.4G

             total       used       free     shared    buffers     cached
Mem:          992M       919M        72M       220K       4.4M        62M
-/+ buffers/cache:       852M       139M
Swap:         8.0G       567M       7.4G

             total       used       free     shared    buffers     cached
Mem:          992M       920M        71M       220K       4.4M        62M
-/+ buffers/cache:       853M       138M
Swap:         8.0G       566M       7.4G

             total       used       free     shared    buffers     cached
Mem:          992M       922M        69M       220K       4.4M        62M
-/+ buffers/cache:       855M       137M
Swap:         8.0G       566M       7.4G

             total       used       free     shared    buffers     cached
Mem:          992M       923M        68M       220K       4.4M        62M
-/+ buffers/cache:       856M       135M
Swap:         8.0G       565M       7.4G

             total       used       free     shared    buffers     cached
Mem:          992M       925M        67M       220K       4.4M        62M
-/+ buffers/cache:       858M       134M
Swap:         8.0G       564M       7.4G

             total       used       free     shared    buffers     cached
Mem:          992M       926M        65M       220K       4.4M        62M
-/+ buffers/cache:       859M       132M
Swap:         8.0G       564M       7.4G

             total       used       free     shared    buffers     cached
Mem:          992M       927M        64M       220K       4.4M        62M
-/+ buffers/cache:       860M       131M
Swap:         8.0G       563M       7.4G

             total       used       free     shared    buffers     cached
Mem:          992M       928M        63M       220K       4.4M        62M
-/+ buffers/cache:       861M       130M
Swap:         8.0G       563M       7.4G

             total       used       free     shared    buffers     cached
Mem:          992M       915M        76M       220K       4.4M        61M
-/+ buffers/cache:       849M       142M
Swap:         8.0G       577M       7.4G

             total       used       free     shared    buffers     cached
Mem:          992M       916M        75M       220K       4.4M        61M
-/+ buffers/cache:       850M       141M
Swap:         8.0G       576M       7.4G

             total       used       free     shared    buffers     cached
Mem:          992M       918M        73M       220K       4.4M        61M
-/+ buffers/cache:       852M       139M
Swap:         8.0G       575M       7.4G

             total       used       free     shared    buffers     cached
Mem:          992M       919M        72M       220K       4.4M        61M
-/+ buffers/cache:       853M       138M
Swap:         8.0G       575M       7.4G

             total       used       free     shared    buffers     cached
Mem:          992M       921M        71M       220K       4.4M        61M
-/+ buffers/cache:       854M       137M
Swap:         8.0G       574M       7.4G

             total       used       free     shared    buffers     cached
Mem:          992M       922M        69M       220K       4.4M        61M
-/+ buffers/cache:       856M       135M
Swap:         8.0G       573M       7.4G

             total       used       free     shared    buffers     cached
Mem:          992M       924M        68M       220K       4.4M        61M
-/+ buffers/cache:       857M       134M
Swap:         8.0G       573M       7.4G

             total       used       free     shared    buffers     cached
Mem:          992M       925M        66M       220K       4.4M        61M
-/+ buffers/cache:       859M       133M
Swap:         8.0G       572M       7.4G

             total       used       free     shared    buffers     cached
Mem:          992M       926M        65M       220K       4.4M        61M
-/+ buffers/cache:       860M       131M
Swap:         8.0G       571M       7.4G

             total       used       free     shared    buffers     cached
Mem:          992M       927M        64M       220K       4.4M        61M
-/+ buffers/cache:       861M       130M
Swap:         8.0G       571M       7.4G

             total       used       free     shared    buffers     cached
Mem:          992M       929M        63M       220K       4.4M        61M
-/+ buffers/cache:       862M       129M
Swap:         8.0G       570M       7.4G

             total       used       free     shared    buffers     cached
Mem:          992M       913M        78M       220K       4.4M        61M
-/+ buffers/cache:       847M       144M
Swap:         8.0G       575M       7.4G

             total       used       free     shared    buffers     cached
Mem:          992M       914M        77M       220K       4.4M        61M
-/+ buffers/cache:       848M       143M
Swap:         8.0G       575M       7.4G

             total       used       free     shared    buffers     cached
Mem:          992M       915M        76M       220K       4.4M        61M
-/+ buffers/cache:       850M       142M
Swap:         8.0G       574M       7.4G

             total       used       free     shared    buffers     cached
Mem:          992M       917M        75M       220K       4.4M        61M
-/+ buffers/cache:       851M       140M
Swap:         8.0G       574M       7.4G

             total       used       free     shared    buffers     cached
Mem:          992M       918M        73M       220K       4.4M        61M
-/+ buffers/cache:       852M       139M
Swap:         8.0G       573M       7.4G

             total       used       free     shared    buffers     cached
Mem:          992M       919M        72M       220K       4.4M        61M
-/+ buffers/cache:       853M       138M
Swap:         8.0G       573M       7.4G

             total       used       free     shared    buffers     cached
Mem:          992M       920M        71M       220K       4.4M        61M
-/+ buffers/cache:       855M       137M
Swap:         8.0G       572M       7.4G

             total       used       free     shared    buffers     cached
Mem:          992M       922M        69M       220K       4.4M        61M
-/+ buffers/cache:       856M       135M
Swap:         8.0G       571M       7.4G

             total       used       free     shared    buffers     cached
Mem:          992M       912M        79M       276K       8.0M        71M
-/+ buffers/cache:       832M       159M
Swap:         8.0G       594M       7.4G

             total       used       free     shared    buffers     cached
Mem:          992M       918M        73M       264K       8.4M        74M
-/+ buffers/cache:       835M       156M
Swap:         8.0G       593M       7.4G
