             total       used       free     shared    buffers     cached
Mem:          992M       659M       332M       3.2M        38M       289M
-/+ buffers/cache:       331M       660M
Swap:         8.0G         0B       8.0G

             total       used       free     shared    buffers     cached
Mem:          992M       658M       333M       1.4M        38M       287M
-/+ buffers/cache:       332M       660M
Swap:         8.0G         0B       8.0G

             total       used       free     shared    buffers     cached
Mem:          992M       658M       333M       1.4M        38M       287M
-/+ buffers/cache:       331M       660M
Swap:         8.0G         0B       8.0G

             total       used       free     shared    buffers     cached
Mem:          992M       658M       333M       1.4M        38M       287M
-/+ buffers/cache:       331M       660M
Swap:         8.0G         0B       8.0G

             total       used       free     shared    buffers     cached
Mem:          992M       658M       333M       1.4M        38M       287M
-/+ buffers/cache:       331M       660M
Swap:         8.0G         0B       8.0G

             total       used       free     shared    buffers     cached
Mem:          992M       658M       333M       1.4M        38M       287M
-/+ buffers/cache:       331M       660M
Swap:         8.0G         0B       8.0G

             total       used       free     shared    buffers     cached
Mem:          992M       658M       334M       1.4M        38M       287M
-/+ buffers/cache:       331M       660M
Swap:         8.0G         0B       8.0G

             total       used       free     shared    buffers     cached
Mem:          992M       657M       334M       1.4M        38M       288M
-/+ buffers/cache:       331M       661M
Swap:         8.0G         0B       8.0G

             total       used       free     shared    buffers     cached
Mem:          992M       657M       334M       1.4M        38M       288M
-/+ buffers/cache:       331M       661M
Swap:         8.0G         0B       8.0G

             total       used       free     shared    buffers     cached
Mem:          992M       661M       331M       1.4M        38M       288M
-/+ buffers/cache:       334M       657M
Swap:         8.0G         0B       8.0G

             total       used       free     shared    buffers     cached
Mem:          992M       686M       305M       1.4M        38M       288M
-/+ buffers/cache:       359M       632M
Swap:         8.0G         0B       8.0G

             total       used       free     shared    buffers     cached
Mem:          992M       667M       325M       1.4M        38M       289M
-/+ buffers/cache:       339M       653M
Swap:         8.0G         0B       8.0G

             total       used       free     shared    buffers     cached
Mem:          992M       667M       325M       1.4M        38M       289M
-/+ buffers/cache:       339M       653M
Swap:         8.0G         0B       8.0G

             total       used       free     shared    buffers     cached
Mem:          992M       667M       324M       1.4M        38M       289M
-/+ buffers/cache:       339M       652M
Swap:         8.0G         0B       8.0G

             total       used       free     shared    buffers     cached
Mem:          992M       667M       324M       1.4M        38M       289M
-/+ buffers/cache:       339M       652M
Swap:         8.0G         0B       8.0G

             total       used       free     shared    buffers     cached
Mem:          992M       667M       324M       1.4M        38M       289M
-/+ buffers/cache:       339M       652M
Swap:         8.0G         0B       8.0G

             total       used       free     shared    buffers     cached
Mem:          992M       667M       324M       1.4M        38M       289M
-/+ buffers/cache:       339M       652M
Swap:         8.0G         0B       8.0G

             total       used       free     shared    buffers     cached
Mem:          992M       667M       324M       1.4M        38M       289M
-/+ buffers/cache:       339M       653M
Swap:         8.0G         0B       8.0G

             total       used       free     shared    buffers     cached
Mem:          992M       667M       324M       1.4M        38M       289M
-/+ buffers/cache:       339M       653M
Swap:         8.0G         0B       8.0G

             total       used       free     shared    buffers     cached
Mem:          992M       667M       324M       1.4M        38M       289M
-/+ buffers/cache:       339M       653M
Swap:         8.0G         0B       8.0G

             total       used       free     shared    buffers     cached
Mem:          992M       667M       324M       1.4M        38M       289M
-/+ buffers/cache:       339M       653M
Swap:         8.0G         0B       8.0G

             total       used       free     shared    buffers     cached
Mem:          992M       667M       324M       1.4M        38M       289M
-/+ buffers/cache:       339M       652M
Swap:         8.0G         0B       8.0G

             total       used       free     shared    buffers     cached
Mem:          992M       667M       324M       1.4M        38M       289M
-/+ buffers/cache:       339M       652M
Swap:         8.0G         0B       8.0G

             total       used       free     shared    buffers     cached
Mem:          992M       667M       324M       1.4M        38M       289M
-/+ buffers/cache:       339M       652M
Swap:         8.0G         0B       8.0G

             total       used       free     shared    buffers     cached
Mem:          992M       667M       324M       1.4M        38M       289M
-/+ buffers/cache:       339M       652M
Swap:         8.0G         0B       8.0G

             total       used       free     shared    buffers     cached
Mem:          992M       667M       324M       1.4M        38M       289M
-/+ buffers/cache:       339M       652M
Swap:         8.0G         0B       8.0G

             total       used       free     shared    buffers     cached
Mem:          992M       667M       324M       1.4M        38M       289M
-/+ buffers/cache:       339M       652M
Swap:         8.0G         0B       8.0G

             total       used       free     shared    buffers     cached
Mem:          992M       667M       324M       1.4M        38M       289M
-/+ buffers/cache:       339M       652M
Swap:         8.0G         0B       8.0G

             total       used       free     shared    buffers     cached
Mem:          992M       667M       324M       1.4M        38M       289M
-/+ buffers/cache:       339M       652M
Swap:         8.0G         0B       8.0G

             total       used       free     shared    buffers     cached
Mem:          992M       667M       324M       1.4M        38M       289M
-/+ buffers/cache:       339M       652M
Swap:         8.0G         0B       8.0G

             total       used       free     shared    buffers     cached
Mem:          992M       667M       324M       1.4M        38M       289M
-/+ buffers/cache:       339M       652M
Swap:         8.0G         0B       8.0G

             total       used       free     shared    buffers     cached
Mem:          992M       667M       324M       1.4M        38M       289M
-/+ buffers/cache:       339M       652M
Swap:         8.0G         0B       8.0G

             total       used       free     shared    buffers     cached
Mem:          992M       667M       324M       1.4M        38M       289M
-/+ buffers/cache:       339M       652M
Swap:         8.0G         0B       8.0G

             total       used       free     shared    buffers     cached
Mem:          992M       673M       318M       1.4M        38M       289M
-/+ buffers/cache:       345M       646M
Swap:         8.0G         0B       8.0G

             total       used       free     shared    buffers     cached
Mem:          992M       690M       301M       1.4M        38M       289M
-/+ buffers/cache:       362M       629M
Swap:         8.0G         0B       8.0G

             total       used       free     shared    buffers     cached
Mem:          992M       707M       284M       1.4M        38M       289M
-/+ buffers/cache:       379M       612M
Swap:         8.0G         0B       8.0G

             total       used       free     shared    buffers     cached
Mem:          992M       724M       268M       1.4M        38M       289M
-/+ buffers/cache:       395M       596M
Swap:         8.0G         0B       8.0G

             total       used       free     shared    buffers     cached
Mem:          992M       740M       251M       1.4M        38M       289M
-/+ buffers/cache:       412M       579M
Swap:         8.0G         0B       8.0G

             total       used       free     shared    buffers     cached
Mem:          992M       757M       234M       1.4M        38M       289M
-/+ buffers/cache:       429M       562M
Swap:         8.0G         0B       8.0G

             total       used       free     shared    buffers     cached
Mem:          992M       774M       217M       1.4M        38M       289M
-/+ buffers/cache:       446M       545M
Swap:         8.0G         0B       8.0G

             total       used       free     shared    buffers     cached
Mem:          992M       789M       202M       1.4M        38M       289M
-/+ buffers/cache:       461M       531M
Swap:         8.0G         0B       8.0G

             total       used       free     shared    buffers     cached
Mem:          992M       805M       186M       1.4M        38M       289M
-/+ buffers/cache:       477M       515M
Swap:         8.0G         0B       8.0G

             total       used       free     shared    buffers     cached
Mem:          992M       820M       171M       1.4M        38M       289M
-/+ buffers/cache:       492M       499M
Swap:         8.0G         0B       8.0G

             total       used       free     shared    buffers     cached
Mem:          992M       838M       153M       1.4M        38M       289M
-/+ buffers/cache:       510M       482M
Swap:         8.0G         0B       8.0G

             total       used       free     shared    buffers     cached
Mem:          992M       853M       138M       1.4M        38M       289M
-/+ buffers/cache:       525M       466M
Swap:         8.0G         0B       8.0G

             total       used       free     shared    buffers     cached
Mem:          992M       869M       122M       1.4M        38M       289M
-/+ buffers/cache:       541M       450M
Swap:         8.0G         0B       8.0G

             total       used       free     shared    buffers     cached
Mem:          992M       886M       105M       1.4M        38M       289M
-/+ buffers/cache:       558M       433M
Swap:         8.0G         0B       8.0G

             total       used       free     shared    buffers     cached
Mem:          992M       897M        94M       1.4M        38M       289M
-/+ buffers/cache:       569M       422M
Swap:         8.0G         0B       8.0G

             total       used       free     shared    buffers     cached
Mem:          992M       914M        77M       1.4M        38M       289M
-/+ buffers/cache:       586M       405M
Swap:         8.0G         0B       8.0G

             total       used       free     shared    buffers     cached
Mem:          992M       930M        61M       1.4M        38M       289M
-/+ buffers/cache:       602M       389M
Swap:         8.0G         0B       8.0G

             total       used       free     shared    buffers     cached
Mem:          992M       925M        66M       1.4M        17M       288M
-/+ buffers/cache:       619M       372M
Swap:         8.0G         0B       8.0G

             total       used       free     shared    buffers     cached
Mem:          992M       923M        68M       1.4M        10M       278M
-/+ buffers/cache:       634M       357M
Swap:         8.0G         0B       8.0G

             total       used       free     shared    buffers     cached
Mem:          992M       923M        68M       1.4M       9.6M       262M
-/+ buffers/cache:       651M       340M
Swap:         8.0G       100K       8.0G

             total       used       free     shared    buffers     cached
Mem:          992M       922M        69M       1.3M       9.6M       244M
-/+ buffers/cache:       668M       323M
Swap:         8.0G       500K       8.0G

             total       used       free     shared    buffers     cached
Mem:          992M       923M        68M       1.2M       9.6M       231M
-/+ buffers/cache:       682M       309M
Swap:         8.0G       5.0M       8.0G

             total       used       free     shared    buffers     cached
Mem:          992M       921M        70M       1.2M       9.7M       216M
-/+ buffers/cache:       694M       297M
Swap:         8.0G       7.0M       8.0G

             total       used       free     shared    buffers     cached
Mem:          992M       919M        72M       1.2M       4.7M       205M
-/+ buffers/cache:       709M       282M
Swap:         8.0G       7.0M       8.0G

             total       used       free     shared    buffers     cached
Mem:          992M       921M        70M       1.2M       2.2M       195M
-/+ buffers/cache:       724M       267M
Swap:         8.0G       7.0M       8.0G

             total       used       free     shared    buffers     cached
Mem:          992M       921M        71M       1.2M       404K       179M
-/+ buffers/cache:       741M       251M
Swap:         8.0G       7.0M       8.0G

             total       used       free     shared    buffers     cached
Mem:          992M       914M        77M       1.2M       208K       158M
-/+ buffers/cache:       755M       236M
Swap:         8.0G       7.0M       8.0G

             total       used       free     shared    buffers     cached
Mem:          992M       911M        80M       1.2M       196K       139M
-/+ buffers/cache:       771M       220M
Swap:         8.0G       7.0M       8.0G

             total       used       free     shared    buffers     cached
Mem:          992M       922M        69M       1.2M       200K       139M
-/+ buffers/cache:       782M       209M
Swap:         8.0G       7.0M       8.0G

             total       used       free     shared    buffers     cached
Mem:          992M       918M        73M       1.2M       292K       123M
-/+ buffers/cache:       795M       196M
Swap:         8.0G       7.0M       8.0G

             total       used       free     shared    buffers     cached
Mem:          992M       920M        71M       1.2M       268K       108M
-/+ buffers/cache:       811M       180M
Swap:         8.0G       7.0M       8.0G

             total       used       free     shared    buffers     cached
Mem:          992M       917M        74M       1.2M       268K        95M
-/+ buffers/cache:       821M       170M
Swap:         8.0G       7.0M       8.0G

             total       used       free     shared    buffers     cached
Mem:          992M       917M        74M       1.2M       268K        80M
-/+ buffers/cache:       836M       155M
Swap:         8.0G       7.0M       8.0G

             total       used       free     shared    buffers     cached
Mem:          992M       912M        79M       1.2M       272K        60M
-/+ buffers/cache:       851M       140M
Swap:         8.0G       7.0M       8.0G

             total       used       free     shared    buffers     cached
Mem:          992M       914M        77M       1.2M       280K        46M
-/+ buffers/cache:       868M       124M
Swap:         8.0G       7.0M       8.0G

             total       used       free     shared    buffers     cached
Mem:          992M       913M        79M       1.2M       420K        27M
-/+ buffers/cache:       885M       106M
Swap:         8.0G       7.0M       8.0G

             total       used       free     shared    buffers     cached
Mem:          992M       913M        78M       984K       3.2M        18M
-/+ buffers/cache:       892M        99M
Swap:         8.0G        23M       8.0G

             total       used       free     shared    buffers     cached
Mem:          992M       928M        63M       976K       3.2M        18M
-/+ buffers/cache:       906M        85M
Swap:         8.0G        23M       8.0G

             total       used       free     shared    buffers     cached
Mem:          992M       919M        72M       716K       220K        10M
-/+ buffers/cache:       908M        83M
Swap:         8.0G        31M       8.0G

             total       used       free     shared    buffers     cached
Mem:          992M       919M        73M       712K       220K       3.5M
-/+ buffers/cache:       915M        76M
Swap:         8.0G        51M       7.9G

             total       used       free     shared    buffers     cached
Mem:          992M       920M        71M       684K       220K       3.5M
-/+ buffers/cache:       917M        74M
Swap:         8.0G        51M       7.9G

             total       used       free     shared    buffers     cached
Mem:          992M       922M        69M       684K       484K       3.0M
-/+ buffers/cache:       918M        73M
Swap:         8.0G        80M       7.9G

             total       used       free     shared    buffers     cached
Mem:          992M       923M        68M       656K       484K       3.0M
-/+ buffers/cache:       920M        71M
Swap:         8.0G        81M       7.9G

             total       used       free     shared    buffers     cached
Mem:          992M       923M        68M       652K       488K       2.9M
-/+ buffers/cache:       920M        71M
Swap:         8.0G       110M       7.9G

             total       used       free     shared    buffers     cached
Mem:          992M       925M        66M       644K       488K       2.9M
-/+ buffers/cache:       922M        69M
Swap:         8.0G       110M       7.9G

             total       used       free     shared    buffers     cached
Mem:          992M       911M        80M       588K       484K       2.8M
-/+ buffers/cache:       908M        83M
Swap:         8.0G       164M       7.8G

             total       used       free     shared    buffers     cached
Mem:          992M       929M        63M       588K       484K       2.9M
-/+ buffers/cache:       925M        66M
Swap:         8.0G       164M       7.8G

             total       used       free     shared    buffers     cached
Mem:          992M       929M        62M       588K       468K       2.9M
-/+ buffers/cache:       926M        66M
Swap:         8.0G       164M       7.8G

             total       used       free     shared    buffers     cached
Mem:          992M       917M        75M       572K       348K       2.8M
-/+ buffers/cache:       913M        78M
Swap:         8.0G       183M       7.8G

             total       used       free     shared    buffers     cached
Mem:          992M       914M        78M       572K       328K       2.7M
-/+ buffers/cache:       911M        81M
Swap:         8.0G       210M       7.8G

             total       used       free     shared    buffers     cached
Mem:          992M       917M        74M       572K       328K       2.8M
-/+ buffers/cache:       914M        77M
Swap:         8.0G       210M       7.8G

             total       used       free     shared    buffers     cached
Mem:          992M       919M        72M       572K       392K       2.8M
-/+ buffers/cache:       916M        75M
Swap:         8.0G       254M       7.7G

             total       used       free     shared    buffers     cached
Mem:          992M       914M        77M       544K       392K       2.7M
-/+ buffers/cache:       911M        80M
Swap:         8.0G       254M       7.7G

             total       used       free     shared    buffers     cached
Mem:          992M       926M        65M       544K       392K       2.7M
-/+ buffers/cache:       923M        69M
Swap:         8.0G       254M       7.7G

             total       used       free     shared    buffers     cached
Mem:          992M       918M        73M       544K       400K       2.6M
-/+ buffers/cache:       915M        76M
Swap:         8.0G       256M       7.7G

             total       used       free     shared    buffers     cached
Mem:          992M       922M        69M       544K       400K       2.6M
-/+ buffers/cache:       919M        72M
Swap:         8.0G       262M       7.7G

             total       used       free     shared    buffers     cached
Mem:          992M       917M        74M       544K       344K       2.5M
-/+ buffers/cache:       914M        77M
Swap:         8.0G       280M       7.7G

             total       used       free     shared    buffers     cached
Mem:          992M       925M        66M       544K       344K       2.5M
-/+ buffers/cache:       922M        69M
Swap:         8.0G       280M       7.7G

             total       used       free     shared    buffers     cached
Mem:          992M       913M        78M       544K       184K       2.3M
-/+ buffers/cache:       911M        80M
Swap:         8.0G       303M       7.7G

             total       used       free     shared    buffers     cached
Mem:          992M       917M        74M       544K       192K       2.4M
-/+ buffers/cache:       914M        77M
Swap:         8.0G       303M       7.7G

             total       used       free     shared    buffers     cached
Mem:          992M       923M        68M       544K       192K       2.3M
-/+ buffers/cache:       921M        71M
Swap:         8.0G       303M       7.7G

             total       used       free     shared    buffers     cached
Mem:          992M       928M        63M       544K       192K       2.4M
-/+ buffers/cache:       926M        65M
Swap:         8.0G       303M       7.7G

             total       used       free     shared    buffers     cached
Mem:          992M       921M        70M       544K       120K       2.4M
-/+ buffers/cache:       918M        73M
Swap:         8.0G       309M       7.7G

             total       used       free     shared    buffers     cached
Mem:          992M       927M        65M       544K       120K       2.4M
-/+ buffers/cache:       924M        67M
Swap:         8.0G       309M       7.7G

             total       used       free     shared    buffers     cached
Mem:          992M       916M        76M       544K       116K       2.4M
-/+ buffers/cache:       913M        78M
Swap:         8.0G       325M       7.7G

             total       used       free     shared    buffers     cached
Mem:          992M       921M        70M       544K       116K       2.4M
-/+ buffers/cache:       918M        73M
Swap:         8.0G       325M       7.7G

             total       used       free     shared    buffers     cached
Mem:          992M       917M        74M        24K       116K       1.9M
-/+ buffers/cache:       915M        76M
Swap:         8.0G       335M       7.7G

             total       used       free     shared    buffers     cached
Mem:          992M       918M        73M         8K        76K       1.8M
-/+ buffers/cache:       916M        75M
Swap:         8.0G       329M       7.7G

             total       used       free     shared    buffers     cached
Mem:          992M       920M        71M         8K        76K       1.6M
-/+ buffers/cache:       918M        73M
Swap:         8.0G       329M       7.7G

             total       used       free     shared    buffers     cached
Mem:          992M       919M        73M         0B        76K       1.4M
-/+ buffers/cache:       917M        74M
Swap:         8.0G       325M       7.7G

             total       used       free     shared    buffers     cached
Mem:          992M       918M        73M         0B        84K       1.5M
-/+ buffers/cache:       916M        75M
Swap:         8.0G       323M       7.7G

             total       used       free     shared    buffers     cached
Mem:          992M       920M        71M         0B        84K       3.4M
-/+ buffers/cache:       917M        74M
Swap:         8.0G       332M       7.7G

             total       used       free     shared    buffers     cached
Mem:          992M       915M        76M         0B        76K       8.0M
-/+ buffers/cache:       907M        84M
Swap:         8.0G       348M       7.7G

             total       used       free     shared    buffers     cached
Mem:          992M       920M        72M         0B       764K       7.1M
-/+ buffers/cache:       912M        79M
Swap:         8.0G       344M       7.7G

             total       used       free     shared    buffers     cached
Mem:          992M       922M        70M         0B        92K       2.4M
-/+ buffers/cache:       919M        72M
Swap:         8.0G       337M       7.7G

             total       used       free     shared    buffers     cached
Mem:          992M       918M        73M         0B        84K       1.8M
-/+ buffers/cache:       916M        75M
Swap:         8.0G       346M       7.7G

             total       used       free     shared    buffers     cached
Mem:          992M       918M        73M         0B        88K       2.1M
-/+ buffers/cache:       916M        75M
Swap:         8.0G       346M       7.7G

             total       used       free     shared    buffers     cached
Mem:          992M       917M        74M        52K       172K        19M
-/+ buffers/cache:       898M        93M
Swap:         8.0G       370M       7.6G

             total       used       free     shared    buffers     cached
Mem:          992M       926M        65M        40K       172K        18M
-/+ buffers/cache:       908M        84M
Swap:         8.0G       359M       7.6G

             total       used       free     shared    buffers     cached
Mem:          992M       909M        82M        40K        92K        10M
-/+ buffers/cache:       898M        93M
Swap:         8.0G       371M       7.6G

             total       used       free     shared    buffers     cached
Mem:          992M       921M        71M        40K        92K        10M
-/+ buffers/cache:       910M        81M
Swap:         8.0G       361M       7.6G

             total       used       free     shared    buffers     cached
Mem:          992M       921M        70M        40K       236K       4.4M
-/+ buffers/cache:       917M        75M
Swap:         8.0G       350M       7.7G

             total       used       free     shared    buffers     cached
Mem:          992M       929M        63M        40K       244K       4.9M
-/+ buffers/cache:       923M        68M
Swap:         8.0G       343M       7.7G

             total       used       free     shared    buffers     cached
Mem:          992M       925M        67M        40K       244K       3.7M
-/+ buffers/cache:       921M        70M
Swap:         8.0G       350M       7.7G

             total       used       free     shared    buffers     cached
Mem:          992M       917M        74M        40K        92K       3.3M
-/+ buffers/cache:       914M        78M
Swap:         8.0G       356M       7.6G

             total       used       free     shared    buffers     cached
Mem:          992M       920M        71M        40K       492K       7.2M
-/+ buffers/cache:       913M        78M
Swap:         8.0G       362M       7.6G

             total       used       free     shared    buffers     cached
Mem:          992M       917M        74M        40K       224K        19M
-/+ buffers/cache:       897M        94M
Swap:         8.0G       382M       7.6G

             total       used       free     shared    buffers     cached
Mem:          992M       918M        74M        40K       164K       8.1M
-/+ buffers/cache:       909M        82M
Swap:         8.0G       365M       7.6G

             total       used       free     shared    buffers     cached
Mem:          992M       928M        64M        40K        76K        24M
-/+ buffers/cache:       903M        89M
Swap:         8.0G       377M       7.6G

             total       used       free     shared    buffers     cached
Mem:          992M       921M        70M        40K       360K        21M
-/+ buffers/cache:       899M        92M
Swap:         8.0G       436M       7.6G

             total       used       free     shared    buffers     cached
Mem:          992M       916M        75M        40K       360K        16M
-/+ buffers/cache:       900M        91M
Swap:         8.0G       415M       7.6G

             total       used       free     shared    buffers     cached
Mem:          992M       919M        72M        40K       360K        16M
-/+ buffers/cache:       903M        88M
Swap:         8.0G       413M       7.6G

             total       used       free     shared    buffers     cached
Mem:          992M       924M        68M        40K       360K        16M
-/+ buffers/cache:       907M        84M
Swap:         8.0G       412M       7.6G

             total       used       free     shared    buffers     cached
Mem:          992M       926M        65M        40K       368K        16M
-/+ buffers/cache:       909M        82M
Swap:         8.0G       412M       7.6G

             total       used       free     shared    buffers     cached
Mem:          992M       916M        75M        40K       364K        13M
-/+ buffers/cache:       902M        90M
Swap:         8.0G       411M       7.6G

             total       used       free     shared    buffers     cached
Mem:          992M       921M        71M        40K       364K        13M
-/+ buffers/cache:       906M        85M
Swap:         8.0G       411M       7.6G

             total       used       free     shared    buffers     cached
Mem:          992M       926M        65M        40K       364K        13M
-/+ buffers/cache:       912M        79M
Swap:         8.0G       411M       7.6G

             total       used       free     shared    buffers     cached
Mem:          992M       919M        72M        40K       364K        12M
-/+ buffers/cache:       906M        85M
Swap:         8.0G       411M       7.6G

             total       used       free     shared    buffers     cached
Mem:          992M       924M        67M        40K       372K        12M
-/+ buffers/cache:       911M        80M
Swap:         8.0G       411M       7.6G

             total       used       free     shared    buffers     cached
Mem:          992M       928M        63M        40K       372K        12M
-/+ buffers/cache:       915M        76M
Swap:         8.0G       411M       7.6G

             total       used       free     shared    buffers     cached
Mem:          992M       902M        89M        40K       328K       7.7M
-/+ buffers/cache:       894M        97M
Swap:         8.0G       411M       7.6G

             total       used       free     shared    buffers     cached
Mem:          992M       907M        84M        40K       328K       7.8M
-/+ buffers/cache:       899M        92M
Swap:         8.0G       411M       7.6G

             total       used       free     shared    buffers     cached
Mem:          992M       910M        81M        40K       328K       7.7M
-/+ buffers/cache:       902M        89M
Swap:         8.0G       411M       7.6G

             total       used       free     shared    buffers     cached
Mem:          992M       912M        79M        40K       336K       7.7M
-/+ buffers/cache:       904M        87M
Swap:         8.0G       410M       7.6G

             total       used       free     shared    buffers     cached
Mem:          992M       914M        77M        40K       336K       7.9M
-/+ buffers/cache:       906M        85M
Swap:         8.0G       409M       7.6G

             total       used       free     shared    buffers     cached
Mem:          992M       916M        75M        40K       336K       7.9M
-/+ buffers/cache:       908M        83M
Swap:         8.0G       408M       7.6G

             total       used       free     shared    buffers     cached
Mem:          992M       918M        73M        40K       336K       7.9M
-/+ buffers/cache:       910M        82M
Swap:         8.0G       407M       7.6G

             total       used       free     shared    buffers     cached
Mem:          992M       920M        71M        40K       336K       7.9M
-/+ buffers/cache:       912M        80M
Swap:         8.0G       406M       7.6G

             total       used       free     shared    buffers     cached
Mem:          992M       922M        69M        40K       336K       7.9M
-/+ buffers/cache:       914M        78M
Swap:         8.0G       405M       7.6G

             total       used       free     shared    buffers     cached
Mem:          992M       924M        67M        40K       344K       7.9M
-/+ buffers/cache:       915M        76M
Swap:         8.0G       404M       7.6G

             total       used       free     shared    buffers     cached
Mem:          992M       926M        66M        40K       344K       7.9M
-/+ buffers/cache:       917M        74M
Swap:         8.0G       404M       7.6G

             total       used       free     shared    buffers     cached
Mem:          992M       927M        64M        40K       344K       7.9M
-/+ buffers/cache:       919M        72M
Swap:         8.0G       403M       7.6G

             total       used       free     shared    buffers     cached
Mem:          992M       922M        69M        40K        76K       2.9M
-/+ buffers/cache:       919M        72M
Swap:         8.0G       410M       7.6G

             total       used       free     shared    buffers     cached
Mem:          992M       918M        73M        40K       216K       2.8M
-/+ buffers/cache:       915M        76M
Swap:         8.0G       412M       7.6G

             total       used       free     shared    buffers     cached
Mem:          992M       920M        71M        40K       224K       2.8M
-/+ buffers/cache:       917M        75M
Swap:         8.0G       411M       7.6G

             total       used       free     shared    buffers     cached
Mem:          992M       921M        70M        40K       224K       2.8M
-/+ buffers/cache:       918M        73M
Swap:         8.0G       410M       7.6G

             total       used       free     shared    buffers     cached
Mem:          992M       923M        68M        40K       224K       2.8M
-/+ buffers/cache:       920M        71M
Swap:         8.0G       409M       7.6G

             total       used       free     shared    buffers     cached
Mem:          992M       925M        66M        40K       228K       2.8M
-/+ buffers/cache:       922M        69M
Swap:         8.0G       408M       7.6G

             total       used       free     shared    buffers     cached
Mem:          992M       927M        64M        40K       228K       2.8M
-/+ buffers/cache:       924M        67M
Swap:         8.0G       407M       7.6G

             total       used       free     shared    buffers     cached
Mem:          992M       929M        62M        40K       236K       2.8M
-/+ buffers/cache:       926M        65M
Swap:         8.0G       406M       7.6G

             total       used       free     shared    buffers     cached
Mem:          992M       918M        73M        40K       228K       2.7M
-/+ buffers/cache:       915M        76M
Swap:         8.0G       413M       7.6G

             total       used       free     shared    buffers     cached
Mem:          992M       920M        71M        40K       228K       2.7M
-/+ buffers/cache:       917M        74M
Swap:         8.0G       412M       7.6G

             total       used       free     shared    buffers     cached
Mem:          992M       919M        72M        40K       228K        10M
-/+ buffers/cache:       909M        83M
Swap:         8.0G       435M       7.6G

             total       used       free     shared    buffers     cached
Mem:          992M       911M        80M        40K        76K        19M
-/+ buffers/cache:       892M        99M
Swap:         8.0G       454M       7.6G

             total       used       free     shared    buffers     cached
Mem:          992M       914M        77M        40K       524K        19M
-/+ buffers/cache:       894M        98M
Swap:         8.0G       454M       7.6G

             total       used       free     shared    buffers     cached
Mem:          992M       915M        76M        40K       540K        19M
-/+ buffers/cache:       895M        96M
Swap:         8.0G       453M       7.6G

             total       used       free     shared    buffers     cached
Mem:          992M       917M        74M        40K       540K        19M
-/+ buffers/cache:       897M        95M
Swap:         8.0G       452M       7.6G

             total       used       free     shared    buffers     cached
Mem:          992M       919M        72M        40K       540K        19M
-/+ buffers/cache:       899M        92M
Swap:         8.0G       451M       7.6G

             total       used       free     shared    buffers     cached
Mem:          992M       921M        71M        40K       540K        19M
-/+ buffers/cache:       900M        91M
Swap:         8.0G       450M       7.6G

             total       used       free     shared    buffers     cached
Mem:          992M       923M        69M        40K       540K        19M
-/+ buffers/cache:       902M        89M
Swap:         8.0G       449M       7.6G

             total       used       free     shared    buffers     cached
Mem:          992M       925M        67M        40K       548K        19M
-/+ buffers/cache:       904M        87M
Swap:         8.0G       448M       7.6G

             total       used       free     shared    buffers     cached
Mem:          992M       926M        65M        40K       548K        19M
-/+ buffers/cache:       906M        85M
Swap:         8.0G       447M       7.6G

             total       used       free     shared    buffers     cached
Mem:          992M       928M        63M        40K       548K        19M
-/+ buffers/cache:       908M        83M
Swap:         8.0G       447M       7.6G

             total       used       free     shared    buffers     cached
Mem:          992M       915M        76M        40K       544K        19M
-/+ buffers/cache:       895M        96M
Swap:         8.0G       446M       7.6G

             total       used       free     shared    buffers     cached
Mem:          992M       917M        74M        40K       544K        19M
-/+ buffers/cache:       897M        94M
Swap:         8.0G       445M       7.6G

             total       used       free     shared    buffers     cached
Mem:          992M       919M        72M        40K       552K        19M
-/+ buffers/cache:       899M        92M
Swap:         8.0G       444M       7.6G

             total       used       free     shared    buffers     cached
Mem:          992M       921M        70M        40K       552K        19M
-/+ buffers/cache:       901M        90M
Swap:         8.0G       443M       7.6G

             total       used       free     shared    buffers     cached
Mem:          992M       923M        68M        40K       552K        19M
-/+ buffers/cache:       903M        88M
Swap:         8.0G       442M       7.6G

             total       used       free     shared    buffers     cached
Mem:          992M       925M        66M        40K       552K        19M
-/+ buffers/cache:       905M        86M
Swap:         8.0G       441M       7.6G

             total       used       free     shared    buffers     cached
Mem:          992M       927M        64M        40K       552K        19M
-/+ buffers/cache:       907M        84M
Swap:         8.0G       440M       7.6G

             total       used       free     shared    buffers     cached
Mem:          992M       919M        72M        40K       552K        18M
-/+ buffers/cache:       900M        91M
Swap:         8.0G       452M       7.6G

             total       used       free     shared    buffers     cached
Mem:          992M       913M        78M        40K       560K        18M
-/+ buffers/cache:       894M        98M
Swap:         8.0G       454M       7.6G

             total       used       free     shared    buffers     cached
Mem:          992M       915M        77M        40K       560K        18M
-/+ buffers/cache:       896M        96M
Swap:         8.0G       454M       7.6G

             total       used       free     shared    buffers     cached
Mem:          992M       917M        75M        40K       560K        18M
-/+ buffers/cache:       897M        94M
Swap:         8.0G       453M       7.6G

             total       used       free     shared    buffers     cached
Mem:          992M       918M        73M        40K       560K        18M
-/+ buffers/cache:       899M        92M
Swap:         8.0G       452M       7.6G

             total       used       free     shared    buffers     cached
Mem:          992M       920M        71M        40K       560K        18M
-/+ buffers/cache:       901M        90M
Swap:         8.0G       451M       7.6G

             total       used       free     shared    buffers     cached
Mem:          992M       925M        66M        40K       856K        19M
-/+ buffers/cache:       905M        87M
Swap:         8.0G       450M       7.6G

             total       used       free     shared    buffers     cached
Mem:          992M       909M        82M        40K       984K        25M
-/+ buffers/cache:       883M       109M
Swap:         8.0G       486M       7.5G

             total       used       free     shared    buffers     cached
Mem:          992M       910M        81M        40K       984K        25M
-/+ buffers/cache:       884M       107M
Swap:         8.0G       486M       7.5G

             total       used       free     shared    buffers     cached
Mem:          992M       913M        79M        40K       988K        25M
-/+ buffers/cache:       886M       105M
Swap:         8.0G       485M       7.5G

             total       used       free     shared    buffers     cached
Mem:          992M       915M        77M        40K       988K        25M
-/+ buffers/cache:       888M       103M
Swap:         8.0G       484M       7.5G

             total       used       free     shared    buffers     cached
Mem:          992M       916M        75M        40K       988K        25M
-/+ buffers/cache:       890M       101M
Swap:         8.0G       483M       7.5G

             total       used       free     shared    buffers     cached
Mem:          992M       918M        74M        40K       1.0M        25M
-/+ buffers/cache:       891M       100M
Swap:         8.0G       482M       7.5G

             total       used       free     shared    buffers     cached
Mem:          992M       919M        72M        40K       1.0M        25M
-/+ buffers/cache:       893M        98M
Swap:         8.0G       481M       7.5G

             total       used       free     shared    buffers     cached
Mem:          992M       921M        70M        40K       1.0M        25M
-/+ buffers/cache:       895M        96M
Swap:         8.0G       480M       7.5G

             total       used       free     shared    buffers     cached
Mem:          992M       923M        68M        40K       1.0M        25M
-/+ buffers/cache:       897M        94M
Swap:         8.0G       479M       7.5G

             total       used       free     shared    buffers     cached
Mem:          992M       925M        66M        40K       1.0M        25M
-/+ buffers/cache:       899M        92M
Swap:         8.0G       478M       7.5G

             total       used       free     shared    buffers     cached
Mem:          992M       927M        64M        40K       1.0M        25M
-/+ buffers/cache:       901M        90M
Swap:         8.0G       477M       7.5G

             total       used       free     shared    buffers     cached
Mem:          992M       915M        76M        40K       1.0M        25M
-/+ buffers/cache:       888M       103M
Swap:         8.0G       476M       7.5G

             total       used       free     shared    buffers     cached
Mem:          992M       917M        74M        40K       1.0M        25M
-/+ buffers/cache:       890M       101M
Swap:         8.0G       476M       7.5G

             total       used       free     shared    buffers     cached
Mem:          992M       919M        72M        40K       1.0M        25M
-/+ buffers/cache:       892M        99M
Swap:         8.0G       474M       7.5G

             total       used       free     shared    buffers     cached
Mem:          992M       921M        70M        40K       1.0M        25M
-/+ buffers/cache:       894M        97M
Swap:         8.0G       473M       7.5G

             total       used       free     shared    buffers     cached
Mem:          992M       923M        68M        40K       1.0M        25M
-/+ buffers/cache:       896M        95M
Swap:         8.0G       472M       7.5G

             total       used       free     shared    buffers     cached
Mem:          992M       925M        66M        40K       1.0M        25M
-/+ buffers/cache:       898M        93M
Swap:         8.0G       471M       7.5G

             total       used       free     shared    buffers     cached
Mem:          992M       928M        64M        40K       1.0M        25M
-/+ buffers/cache:       901M        90M
Swap:         8.0G       470M       7.5G

             total       used       free     shared    buffers     cached
Mem:          992M       910M        81M        40K       1.0M        24M
-/+ buffers/cache:       884M       107M
Swap:         8.0G       489M       7.5G

             total       used       free     shared    buffers     cached
Mem:          992M       912M        80M        40K       1.0M        24M
-/+ buffers/cache:       886M       105M
Swap:         8.0G       488M       7.5G

             total       used       free     shared    buffers     cached
Mem:          992M       914M        77M        40K       1.0M        24M
-/+ buffers/cache:       888M       103M
Swap:         8.0G       487M       7.5G

             total       used       free     shared    buffers     cached
Mem:          992M       915M        76M        40K       1.0M        24M
-/+ buffers/cache:       890M       102M
Swap:         8.0G       486M       7.5G

             total       used       free     shared    buffers     cached
Mem:          992M       917M        74M        40K       1.0M        24M
-/+ buffers/cache:       891M       100M
Swap:         8.0G       485M       7.5G

             total       used       free     shared    buffers     cached
Mem:          992M       919M        72M        40K       1.0M        24M
-/+ buffers/cache:       894M        98M
Swap:         8.0G       484M       7.5G

             total       used       free     shared    buffers     cached
Mem:          992M       921M        70M        40K       1.0M        24M
-/+ buffers/cache:       895M        96M
Swap:         8.0G       483M       7.5G

             total       used       free     shared    buffers     cached
Mem:          992M       923M        68M        40K       1.0M        24M
-/+ buffers/cache:       897M        94M
Swap:         8.0G       482M       7.5G

             total       used       free     shared    buffers     cached
Mem:          992M       925M        66M        40K       1.0M        24M
-/+ buffers/cache:       899M        92M
Swap:         8.0G       481M       7.5G

             total       used       free     shared    buffers     cached
Mem:          992M       927M        64M        40K       1.0M        24M
-/+ buffers/cache:       901M        90M
Swap:         8.0G       480M       7.5G

             total       used       free     shared    buffers     cached
Mem:          992M       914M        77M        40K       572K        22M
-/+ buffers/cache:       891M       100M
Swap:         8.0G       493M       7.5G

             total       used       free     shared    buffers     cached
Mem:          992M       916M        75M        40K       572K        22M
-/+ buffers/cache:       893M        98M
Swap:         8.0G       492M       7.5G

             total       used       free     shared    buffers     cached
Mem:          992M       918M        73M        40K       572K        22M
-/+ buffers/cache:       895M        96M
Swap:         8.0G       491M       7.5G

             total       used       free     shared    buffers     cached
Mem:          992M       920M        71M        40K       572K        22M
-/+ buffers/cache:       897M        94M
Swap:         8.0G       490M       7.5G

             total       used       free     shared    buffers     cached
Mem:          992M       922M        69M        40K       580K        22M
-/+ buffers/cache:       899M        92M
Swap:         8.0G       489M       7.5G

             total       used       free     shared    buffers     cached
Mem:          992M       924M        67M        40K       580K        22M
-/+ buffers/cache:       901M        90M
Swap:         8.0G       488M       7.5G

             total       used       free     shared    buffers     cached
Mem:          992M       926M        65M        40K       580K        22M
-/+ buffers/cache:       903M        88M
Swap:         8.0G       487M       7.5G

             total       used       free     shared    buffers     cached
Mem:          992M       918M        73M        40K        76K        22M
-/+ buffers/cache:       895M        97M
Swap:         8.0G       488M       7.5G

             total       used       free     shared    buffers     cached
Mem:          992M       920M        72M        40K       216K        22M
-/+ buffers/cache:       897M        94M
Swap:         8.0G       487M       7.5G

             total       used       free     shared    buffers     cached
Mem:          992M       922M        69M        40K       820K        22M
-/+ buffers/cache:       899M        92M
Swap:         8.0G       486M       7.5G

             total       used       free     shared    buffers     cached
Mem:          992M       924M        67M        40K       832K        22M
-/+ buffers/cache:       901M        90M
Swap:         8.0G       485M       7.5G

             total       used       free     shared    buffers     cached
Mem:          992M       926M        65M        40K       832K        22M
-/+ buffers/cache:       903M        88M
Swap:         8.0G       484M       7.5G

             total       used       free     shared    buffers     cached
Mem:          992M       928M        63M        40K       832K        22M
-/+ buffers/cache:       905M        86M
Swap:         8.0G       483M       7.5G

             total       used       free     shared    buffers     cached
Mem:          992M       896M        95M        40K       824K        18M
-/+ buffers/cache:       877M       115M
Swap:         8.0G       515M       7.5G

             total       used       free     shared    buffers     cached
Mem:          992M       898M        93M        40K       824K        18M
-/+ buffers/cache:       878M       113M
Swap:         8.0G       514M       7.5G

             total       used       free     shared    buffers     cached
Mem:          992M       899M        92M        40K       832K        18M
-/+ buffers/cache:       880M       111M
Swap:         8.0G       513M       7.5G

             total       used       free     shared    buffers     cached
Mem:          992M       901M        90M        40K       832K        18M
-/+ buffers/cache:       882M       109M
Swap:         8.0G       512M       7.5G

             total       used       free     shared    buffers     cached
Mem:          992M       903M        88M        40K       832K        18M
-/+ buffers/cache:       884M       107M
Swap:         8.0G       511M       7.5G

             total       used       free     shared    buffers     cached
Mem:          992M       905M        86M        40K       832K        18M
-/+ buffers/cache:       886M       105M
Swap:         8.0G       510M       7.5G

             total       used       free     shared    buffers     cached
Mem:          992M       907M        84M        40K       832K        18M
-/+ buffers/cache:       888M       104M
Swap:         8.0G       509M       7.5G

             total       used       free     shared    buffers     cached
Mem:          992M       909M        82M        40K       832K        18M
-/+ buffers/cache:       890M       102M
Swap:         8.0G       508M       7.5G

             total       used       free     shared    buffers     cached
Mem:          992M       925M        66M        92K       5.7M        30M
-/+ buffers/cache:       889M       102M
Swap:         8.0G       514M       7.5G

             total       used       free     shared    buffers     cached
Mem:          992M       917M        74M        92K       6.3M        33M
-/+ buffers/cache:       877M       114M
Swap:         8.0G       520M       7.5G
