             total       used       free     shared    buffers     cached
Mem:          992M       654M       337M       3.2M        38M       289M
-/+ buffers/cache:       326M       665M
Swap:         8.0G         0B       8.0G

             total       used       free     shared    buffers     cached
Mem:          992M       654M       337M       3.2M        38M       289M
-/+ buffers/cache:       325M       666M
Swap:         8.0G         0B       8.0G

             total       used       free     shared    buffers     cached
Mem:          992M       654M       337M       3.2M        38M       289M
-/+ buffers/cache:       325M       666M
Swap:         8.0G         0B       8.0G

             total       used       free     shared    buffers     cached
Mem:          992M       654M       337M       3.2M        38M       289M
-/+ buffers/cache:       325M       666M
Swap:         8.0G         0B       8.0G

             total       used       free     shared    buffers     cached
Mem:          992M       654M       337M       3.2M        38M       289M
-/+ buffers/cache:       325M       666M
Swap:         8.0G         0B       8.0G

             total       used       free     shared    buffers     cached
Mem:          992M       654M       337M       3.2M        38M       289M
-/+ buffers/cache:       325M       666M
Swap:         8.0G         0B       8.0G

             total       used       free     shared    buffers     cached
Mem:          992M       654M       337M       3.2M        38M       289M
-/+ buffers/cache:       325M       666M
Swap:         8.0G         0B       8.0G

             total       used       free     shared    buffers     cached
Mem:          992M       654M       338M       3.2M        38M       289M
-/+ buffers/cache:       325M       666M
Swap:         8.0G         0B       8.0G

             total       used       free     shared    buffers     cached
Mem:          992M       654M       337M       3.2M        38M       289M
-/+ buffers/cache:       325M       666M
Swap:         8.0G         0B       8.0G

             total       used       free     shared    buffers     cached
Mem:          992M       654M       338M       3.2M        38M       289M
-/+ buffers/cache:       325M       666M
Swap:         8.0G         0B       8.0G

             total       used       free     shared    buffers     cached
Mem:          992M       654M       338M       3.2M        38M       289M
-/+ buffers/cache:       325M       666M
Swap:         8.0G         0B       8.0G

             total       used       free     shared    buffers     cached
Mem:          992M       659M       332M       3.2M        38M       290M
-/+ buffers/cache:       330M       661M
Swap:         8.0G         0B       8.0G

             total       used       free     shared    buffers     cached
Mem:          992M       679M       313M       3.2M        38M       290M
-/+ buffers/cache:       349M       642M
Swap:         8.0G         0B       8.0G

             total       used       free     shared    buffers     cached
Mem:          992M       663M       328M       3.2M        38M       291M
-/+ buffers/cache:       333M       658M
Swap:         8.0G         0B       8.0G

             total       used       free     shared    buffers     cached
Mem:          992M       663M       328M       3.2M        38M       291M
-/+ buffers/cache:       333M       659M
Swap:         8.0G         0B       8.0G

             total       used       free     shared    buffers     cached
Mem:          992M       664M       328M       3.2M        38M       291M
-/+ buffers/cache:       333M       658M
Swap:         8.0G         0B       8.0G

             total       used       free     shared    buffers     cached
Mem:          992M       663M       328M       3.2M        38M       291M
-/+ buffers/cache:       333M       658M
Swap:         8.0G         0B       8.0G

             total       used       free     shared    buffers     cached
Mem:          992M       663M       328M       3.2M        38M       291M
-/+ buffers/cache:       333M       658M
Swap:         8.0G         0B       8.0G

             total       used       free     shared    buffers     cached
Mem:          992M       663M       328M       3.2M        38M       291M
-/+ buffers/cache:       333M       658M
Swap:         8.0G         0B       8.0G

             total       used       free     shared    buffers     cached
Mem:          992M       663M       328M       3.2M        38M       291M
-/+ buffers/cache:       333M       658M
Swap:         8.0G         0B       8.0G

             total       used       free     shared    buffers     cached
Mem:          992M       663M       328M       3.2M        38M       291M
-/+ buffers/cache:       333M       658M
Swap:         8.0G         0B       8.0G

             total       used       free     shared    buffers     cached
Mem:          992M       664M       327M       3.2M        38M       291M
-/+ buffers/cache:       333M       658M
Swap:         8.0G         0B       8.0G

             total       used       free     shared    buffers     cached
Mem:          992M       664M       328M       3.2M        38M       291M
-/+ buffers/cache:       333M       658M
Swap:         8.0G         0B       8.0G

             total       used       free     shared    buffers     cached
Mem:          992M       664M       328M       3.2M        38M       291M
-/+ buffers/cache:       333M       658M
Swap:         8.0G         0B       8.0G

             total       used       free     shared    buffers     cached
Mem:          992M       664M       328M       3.2M        38M       291M
-/+ buffers/cache:       333M       658M
Swap:         8.0G         0B       8.0G

             total       used       free     shared    buffers     cached
Mem:          992M       664M       328M       3.2M        38M       291M
-/+ buffers/cache:       333M       658M
Swap:         8.0G         0B       8.0G

             total       used       free     shared    buffers     cached
Mem:          992M       664M       328M       3.2M        38M       291M
-/+ buffers/cache:       333M       658M
Swap:         8.0G         0B       8.0G

             total       used       free     shared    buffers     cached
Mem:          992M       664M       328M       3.2M        38M       291M
-/+ buffers/cache:       333M       658M
Swap:         8.0G         0B       8.0G

             total       used       free     shared    buffers     cached
Mem:          992M       664M       328M       3.2M        38M       291M
-/+ buffers/cache:       333M       658M
Swap:         8.0G         0B       8.0G

             total       used       free     shared    buffers     cached
Mem:          992M       664M       328M       3.2M        38M       291M
-/+ buffers/cache:       333M       658M
Swap:         8.0G         0B       8.0G

             total       used       free     shared    buffers     cached
Mem:          992M       664M       328M       3.2M        38M       291M
-/+ buffers/cache:       333M       658M
Swap:         8.0G         0B       8.0G

             total       used       free     shared    buffers     cached
Mem:          992M       664M       328M       3.2M        38M       291M
-/+ buffers/cache:       333M       658M
Swap:         8.0G         0B       8.0G

             total       used       free     shared    buffers     cached
Mem:          992M       664M       328M       3.2M        38M       291M
-/+ buffers/cache:       333M       658M
Swap:         8.0G         0B       8.0G

             total       used       free     shared    buffers     cached
Mem:          992M       670M       321M       3.2M        38M       291M
-/+ buffers/cache:       339M       652M
Swap:         8.0G         0B       8.0G

             total       used       free     shared    buffers     cached
Mem:          992M       688M       303M       3.2M        38M       291M
-/+ buffers/cache:       357M       634M
Swap:         8.0G         0B       8.0G

             total       used       free     shared    buffers     cached
Mem:          992M       705M       286M       3.2M        38M       291M
-/+ buffers/cache:       374M       617M
Swap:         8.0G         0B       8.0G

             total       used       free     shared    buffers     cached
Mem:          992M       723M       268M       3.2M        38M       291M
-/+ buffers/cache:       392M       599M
Swap:         8.0G         0B       8.0G

             total       used       free     shared    buffers     cached
Mem:          992M       738M       253M       3.2M        38M       291M
-/+ buffers/cache:       407M       584M
Swap:         8.0G         0B       8.0G

             total       used       free     shared    buffers     cached
Mem:          992M       755M       237M       3.2M        38M       291M
-/+ buffers/cache:       424M       567M
Swap:         8.0G         0B       8.0G

             total       used       free     shared    buffers     cached
Mem:          992M       771M       220M       3.2M        38M       291M
-/+ buffers/cache:       440M       551M
Swap:         8.0G         0B       8.0G

             total       used       free     shared    buffers     cached
Mem:          992M       786M       206M       3.2M        38M       291M
-/+ buffers/cache:       455M       536M
Swap:         8.0G         0B       8.0G

             total       used       free     shared    buffers     cached
Mem:          992M       802M       190M       3.2M        38M       291M
-/+ buffers/cache:       471M       520M
Swap:         8.0G         0B       8.0G

             total       used       free     shared    buffers     cached
Mem:          992M       817M       175M       3.2M        38M       291M
-/+ buffers/cache:       486M       505M
Swap:         8.0G         0B       8.0G

             total       used       free     shared    buffers     cached
Mem:          992M       835M       156M       3.2M        38M       291M
-/+ buffers/cache:       504M       487M
Swap:         8.0G         0B       8.0G

             total       used       free     shared    buffers     cached
Mem:          992M       852M       140M       3.2M        38M       291M
-/+ buffers/cache:       521M       470M
Swap:         8.0G         0B       8.0G

             total       used       free     shared    buffers     cached
Mem:          992M       868M       124M       3.2M        38M       291M
-/+ buffers/cache:       537M       454M
Swap:         8.0G         0B       8.0G

             total       used       free     shared    buffers     cached
Mem:          992M       885M       106M       3.2M        38M       291M
-/+ buffers/cache:       554M       437M
Swap:         8.0G         0B       8.0G

             total       used       free     shared    buffers     cached
Mem:          992M       899M        92M       3.2M        38M       291M
-/+ buffers/cache:       568M       423M
Swap:         8.0G         0B       8.0G

             total       used       free     shared    buffers     cached
Mem:          992M       915M        77M       3.2M        38M       291M
-/+ buffers/cache:       584M       407M
Swap:         8.0G         0B       8.0G

             total       used       free     shared    buffers     cached
Mem:          992M       931M        61M       3.2M        38M       291M
-/+ buffers/cache:       600M       391M
Swap:         8.0G         0B       8.0G

             total       used       free     shared    buffers     cached
Mem:          992M       924M        67M       3.2M        16M       290M
-/+ buffers/cache:       617M       374M
Swap:         8.0G         0B       8.0G

             total       used       free     shared    buffers     cached
Mem:          992M       922M        69M       3.2M        10M       280M
-/+ buffers/cache:       631M       360M
Swap:         8.0G        12K       8.0G

             total       used       free     shared    buffers     cached
Mem:          992M       922M        70M       3.2M       9.9M       264M
-/+ buffers/cache:       647M       344M
Swap:         8.0G       108K       8.0G

             total       used       free     shared    buffers     cached
Mem:          992M       918M        73M       3.1M       9.9M       245M
-/+ buffers/cache:       662M       329M
Swap:         8.0G       256K       8.0G

             total       used       free     shared    buffers     cached
Mem:          992M       921M        70M       3.0M       9.9M       233M
-/+ buffers/cache:       678M       313M
Swap:         8.0G       4.3M       8.0G

             total       used       free     shared    buffers     cached
Mem:          992M       906M        85M       3.0M       9.4M       207M
-/+ buffers/cache:       690M       302M
Swap:         8.0G       8.9M       8.0G

             total       used       free     shared    buffers     cached
Mem:          992M       922M        69M       3.0M       9.4M       207M
-/+ buffers/cache:       706M       286M
Swap:         8.0G       8.9M       8.0G

             total       used       free     shared    buffers     cached
Mem:          992M       923M        68M       3.0M       2.9M       200M
-/+ buffers/cache:       720M       272M
Swap:         8.0G       8.9M       8.0G

             total       used       free     shared    buffers     cached
Mem:          992M       926M        65M       3.0M       1.4M       190M
-/+ buffers/cache:       734M       257M
Swap:         8.0G       8.9M       8.0G

             total       used       free     shared    buffers     cached
Mem:          992M       917M        74M       3.0M       256K       168M
-/+ buffers/cache:       748M       243M
Swap:         8.0G       8.9M       8.0G

             total       used       free     shared    buffers     cached
Mem:          992M       913M        78M       3.0M       256K       148M
-/+ buffers/cache:       764M       227M
Swap:         8.0G       8.9M       8.0G

             total       used       free     shared    buffers     cached
Mem:          992M       925M        66M       3.0M       256K       148M
-/+ buffers/cache:       776M       215M
Swap:         8.0G       8.9M       8.0G

             total       used       free     shared    buffers     cached
Mem:          992M       919M        72M       3.0M       268K       131M
-/+ buffers/cache:       788M       204M
Swap:         8.0G       8.9M       8.0G

             total       used       free     shared    buffers     cached
Mem:          992M       919M        72M       3.0M       100K       116M
-/+ buffers/cache:       803M       188M
Swap:         8.0G       8.9M       8.0G

             total       used       free     shared    buffers     cached
Mem:          992M       923M        68M       3.0M        92K       102M
-/+ buffers/cache:       820M       171M
Swap:         8.0G       8.9M       8.0G

             total       used       free     shared    buffers     cached
Mem:          992M       922M        70M       3.0M        92K        85M
-/+ buffers/cache:       836M       155M
Swap:         8.0G       8.9M       8.0G

             total       used       free     shared    buffers     cached
Mem:          992M       918M        73M       3.0M        92K        66M
-/+ buffers/cache:       852M       139M
Swap:         8.0G       8.9M       8.0G

             total       used       free     shared    buffers     cached
Mem:          992M       919M        72M       3.0M       104K        51M
-/+ buffers/cache:       867M       124M
Swap:         8.0G       8.9M       8.0G

             total       used       free     shared    buffers     cached
Mem:          992M       921M        70M       3.0M       104K        38M
-/+ buffers/cache:       882M       109M
Swap:         8.0G       8.9M       8.0G

             total       used       free     shared    buffers     cached
Mem:          992M       921M        71M       3.0M       240K        23M
-/+ buffers/cache:       897M        94M
Swap:         8.0G       8.9M       8.0G

             total       used       free     shared    buffers     cached
Mem:          992M       918M        73M       2.8M       516K        11M
-/+ buffers/cache:       906M        85M
Swap:         8.0G        15M       8.0G

             total       used       free     shared    buffers     cached
Mem:          992M       920M        72M       2.5M       2.6M        13M
-/+ buffers/cache:       903M        88M
Swap:         8.0G        36M       8.0G

             total       used       free     shared    buffers     cached
Mem:          992M       916M        75M       2.5M       2.1M        13M
-/+ buffers/cache:       901M        91M
Swap:         8.0G        60M       7.9G

             total       used       free     shared    buffers     cached
Mem:          992M       916M        76M       2.5M       1.4M        13M
-/+ buffers/cache:       901M        90M
Swap:         8.0G        64M       7.9G

             total       used       free     shared    buffers     cached
Mem:          992M       916M        75M       2.5M        84K       6.8M
-/+ buffers/cache:       909M        82M
Swap:         8.0G        67M       7.9G

             total       used       free     shared    buffers     cached
Mem:          992M       924M        67M       2.4M       508K       6.5M
-/+ buffers/cache:       917M        74M
Swap:         8.0G        78M       7.9G

             total       used       free     shared    buffers     cached
Mem:          992M       917M        75M       2.4M       512K       5.9M
-/+ buffers/cache:       910M        81M
Swap:         8.0G       113M       7.9G

             total       used       free     shared    buffers     cached
Mem:          992M       912M        79M       2.4M       512K       5.6M
-/+ buffers/cache:       906M        85M
Swap:         8.0G       113M       7.9G

             total       used       free     shared    buffers     cached
Mem:          992M       925M        66M       2.4M       512K       5.6M
-/+ buffers/cache:       919M        73M
Swap:         8.0G       113M       7.9G

             total       used       free     shared    buffers     cached
Mem:          992M       916M        75M       2.4M       512K       4.9M
-/+ buffers/cache:       910M        81M
Swap:         8.0G       139M       7.9G

             total       used       free     shared    buffers     cached
Mem:          992M       922M        69M       2.4M       512K       4.9M
-/+ buffers/cache:       917M        74M
Swap:         8.0G       147M       7.9G

             total       used       free     shared    buffers     cached
Mem:          992M       914M        77M       2.4M       472K       4.5M
-/+ buffers/cache:       909M        82M
Swap:         8.0G       176M       7.8G

             total       used       free     shared    buffers     cached
Mem:          992M       914M        77M       2.4M       472K       4.5M
-/+ buffers/cache:       909M        82M
Swap:         8.0G       179M       7.8G

             total       used       free     shared    buffers     cached
Mem:          992M       924M        68M       2.4M       472K       4.4M
-/+ buffers/cache:       919M        72M
Swap:         8.0G       185M       7.8G

             total       used       free     shared    buffers     cached
Mem:          992M       927M        64M       2.4M       472K       4.4M
-/+ buffers/cache:       922M        69M
Swap:         8.0G       201M       7.8G

             total       used       free     shared    buffers     cached
Mem:          992M       926M        66M       2.4M       472K       4.4M
-/+ buffers/cache:       921M        70M
Swap:         8.0G       210M       7.8G

             total       used       free     shared    buffers     cached
Mem:          992M       922M        69M       2.4M       472K       4.6M
-/+ buffers/cache:       917M        75M
Swap:         8.0G       233M       7.8G

             total       used       free     shared    buffers     cached
Mem:          992M       916M        75M       2.3M       324K       4.4M
-/+ buffers/cache:       911M        80M
Swap:         8.0G       248M       7.8G

             total       used       free     shared    buffers     cached
Mem:          992M       915M        76M       2.3M       208K       4.3M
-/+ buffers/cache:       911M        80M
Swap:         8.0G       259M       7.7G

             total       used       free     shared    buffers     cached
Mem:          992M       923M        68M       2.3M       208K       4.3M
-/+ buffers/cache:       919M        73M
Swap:         8.0G       259M       7.7G

             total       used       free     shared    buffers     cached
Mem:          992M       913M        78M       2.3M        96K       4.2M
-/+ buffers/cache:       909M        82M
Swap:         8.0G       281M       7.7G

             total       used       free     shared    buffers     cached
Mem:          992M       919M        72M       2.3M        96K       4.2M
-/+ buffers/cache:       915M        76M
Swap:         8.0G       281M       7.7G

             total       used       free     shared    buffers     cached
Mem:          992M       925M        66M       2.3M       104K       4.2M
-/+ buffers/cache:       920M        71M
Swap:         8.0G       281M       7.7G

             total       used       free     shared    buffers     cached
Mem:          992M       918M        73M       2.3M       100K       4.1M
-/+ buffers/cache:       914M        78M
Swap:         8.0G       286M       7.7G

             total       used       free     shared    buffers     cached
Mem:          992M       923M        68M       2.3M       100K       4.1M
-/+ buffers/cache:       919M        73M
Swap:         8.0G       286M       7.7G

             total       used       free     shared    buffers     cached
Mem:          992M       915M        76M       2.3M        92K       4.0M
-/+ buffers/cache:       911M        80M
Swap:         8.0G       304M       7.7G

             total       used       free     shared    buffers     cached
Mem:          992M       920M        71M       2.3M        92K       4.1M
-/+ buffers/cache:       916M        75M
Swap:         8.0G       304M       7.7G

             total       used       free     shared    buffers     cached
Mem:          992M       925M        66M       2.3M       100K       4.1M
-/+ buffers/cache:       921M        70M
Swap:         8.0G       304M       7.7G

             total       used       free     shared    buffers     cached
Mem:          992M       914M        77M       2.1M       100K       3.8M
-/+ buffers/cache:       910M        81M
Swap:         8.0G       322M       7.7G

             total       used       free     shared    buffers     cached
Mem:          992M       919M        72M       2.1M       100K       3.7M
-/+ buffers/cache:       915M        76M
Swap:         8.0G       322M       7.7G

             total       used       free     shared    buffers     cached
Mem:          992M       923M        68M       2.1M       100K       3.7M
-/+ buffers/cache:       919M        72M
Swap:         8.0G       322M       7.7G

             total       used       free     shared    buffers     cached
Mem:          992M       915M        76M       1.2M        96K       2.8M
-/+ buffers/cache:       913M        79M
Swap:         8.0G       330M       7.7G

             total       used       free     shared    buffers     cached
Mem:          992M       922M        69M       1.2M        96K       2.8M
-/+ buffers/cache:       919M        72M
Swap:         8.0G       326M       7.7G

             total       used       free     shared    buffers     cached
Mem:          992M       917M        75M        12K        80K       1.5M
-/+ buffers/cache:       915M        76M
Swap:         8.0G       329M       7.7G

             total       used       free     shared    buffers     cached
Mem:          992M       914M        77M        12K        76K       1.5M
-/+ buffers/cache:       913M        78M
Swap:         8.0G       330M       7.7G

             total       used       free     shared    buffers     cached
Mem:          992M       916M        75M        12K        76K       1.5M
-/+ buffers/cache:       914M        77M
Swap:         8.0G       324M       7.7G

             total       used       free     shared    buffers     cached
Mem:          992M       916M        75M         4K        76K       1.4M
-/+ buffers/cache:       915M        76M
Swap:         8.0G       320M       7.7G

             total       used       free     shared    buffers     cached
Mem:          992M       921M        71M         0B        76K       1.3M
-/+ buffers/cache:       919M        72M
Swap:         8.0G       325M       7.7G

             total       used       free     shared    buffers     cached
Mem:          992M       915M        77M         0B        84K       1.3M
-/+ buffers/cache:       913M        78M
Swap:         8.0G       335M       7.7G

             total       used       free     shared    buffers     cached
Mem:          992M       917M        74M         0B        84K       1.3M
-/+ buffers/cache:       916M        75M
Swap:         8.0G       321M       7.7G

             total       used       free     shared    buffers     cached
Mem:          992M       918M        73M         0B        84K       1.2M
-/+ buffers/cache:       917M        75M
Swap:         8.0G       324M       7.7G

             total       used       free     shared    buffers     cached
Mem:          992M       927M        65M         0B        84K        19M
-/+ buffers/cache:       908M        84M
Swap:         8.0G       354M       7.7G

             total       used       free     shared    buffers     cached
Mem:          992M       917M        74M         0B       488K       5.0M
-/+ buffers/cache:       911M        80M
Swap:         8.0G       343M       7.7G

             total       used       free     shared    buffers     cached
Mem:          992M       918M        74M         0B        96K       3.2M
-/+ buffers/cache:       914M        77M
Swap:         8.0G       359M       7.6G

             total       used       free     shared    buffers     cached
Mem:          992M       906M        86M         0B       384K       4.4M
-/+ buffers/cache:       901M        90M
Swap:         8.0G       362M       7.6G

             total       used       free     shared    buffers     cached
Mem:          992M       918M        73M         0B       520K       3.3M
-/+ buffers/cache:       914M        77M
Swap:         8.0G       349M       7.7G

             total       used       free     shared    buffers     cached
Mem:          992M       917M        74M         0B       156K       2.6M
-/+ buffers/cache:       914M        77M
Swap:         8.0G       354M       7.7G

             total       used       free     shared    buffers     cached
Mem:          992M       918M        74M         0B       156K       2.9M
-/+ buffers/cache:       915M        77M
Swap:         8.0G       350M       7.7G

             total       used       free     shared    buffers     cached
Mem:          992M       921M        71M         0B       180K       2.9M
-/+ buffers/cache:       917M        74M
Swap:         8.0G       349M       7.7G

             total       used       free     shared    buffers     cached
Mem:          992M       925M        66M         0B       192K       2.9M
-/+ buffers/cache:       922M        69M
Swap:         8.0G       349M       7.7G

             total       used       free     shared    buffers     cached
Mem:          992M       919M        72M         0B       192K       2.1M
-/+ buffers/cache:       917M        74M
Swap:         8.0G       363M       7.6G

             total       used       free     shared    buffers     cached
Mem:          992M       925M        66M         0B       192K       2.2M
-/+ buffers/cache:       923M        69M
Swap:         8.0G       363M       7.6G

             total       used       free     shared    buffers     cached
Mem:          992M       919M        72M         0B       140K       2.1M
-/+ buffers/cache:       917M        74M
Swap:         8.0G       372M       7.6G

             total       used       free     shared    buffers     cached
Mem:          992M       925M        66M         0B       140K       2.1M
-/+ buffers/cache:       923M        68M
Swap:         8.0G       372M       7.6G

             total       used       free     shared    buffers     cached
Mem:          992M       913M        78M         0B        88K       2.1M
-/+ buffers/cache:       911M        80M
Swap:         8.0G       387M       7.6G

             total       used       free     shared    buffers     cached
Mem:          992M       918M        74M         0B        88K       2.0M
-/+ buffers/cache:       915M        76M
Swap:         8.0G       387M       7.6G

             total       used       free     shared    buffers     cached
Mem:          992M       922M        69M         0B        88K       2.1M
-/+ buffers/cache:       920M        71M
Swap:         8.0G       387M       7.6G

             total       used       free     shared    buffers     cached
Mem:          992M       924M        67M         0B        88K       2.1M
-/+ buffers/cache:       922M        69M
Swap:         8.0G       386M       7.6G

             total       used       free     shared    buffers     cached
Mem:          992M       927M        65M         0B        88K       2.1M
-/+ buffers/cache:       924M        67M
Swap:         8.0G       385M       7.6G

             total       used       free     shared    buffers     cached
Mem:          992M       915M        76M         0B        96K       2.0M
-/+ buffers/cache:       913M        78M
Swap:         8.0G       401M       7.6G

             total       used       free     shared    buffers     cached
Mem:          992M       918M        73M         0B       216K       2.8M
-/+ buffers/cache:       915M        76M
Swap:         8.0G       400M       7.6G

             total       used       free     shared    buffers     cached
Mem:          992M       920M        71M         0B       216K       2.8M
-/+ buffers/cache:       917M        74M
Swap:         8.0G       399M       7.6G

             total       used       free     shared    buffers     cached
Mem:          992M       922M        69M         0B       216K       2.8M
-/+ buffers/cache:       919M        72M
Swap:         8.0G       398M       7.6G

             total       used       free     shared    buffers     cached
Mem:          992M       925M        66M         0B       216K       3.0M
-/+ buffers/cache:       922M        70M
Swap:         8.0G       397M       7.6G

             total       used       free     shared    buffers     cached
Mem:          992M       927M        64M         0B       216K       3.0M
-/+ buffers/cache:       924M        67M
Swap:         8.0G       396M       7.6G

             total       used       free     shared    buffers     cached
Mem:          992M       908M        84M         0B       224K       2.7M
-/+ buffers/cache:       905M        87M
Swap:         8.0G       407M       7.6G

             total       used       free     shared    buffers     cached
Mem:          992M       909M        82M         0B       224K       2.7M
-/+ buffers/cache:       907M        85M
Swap:         8.0G       406M       7.6G

             total       used       free     shared    buffers     cached
Mem:          992M       912M        79M         0B       224K       2.7M
-/+ buffers/cache:       909M        82M
Swap:         8.0G       405M       7.6G

             total       used       free     shared    buffers     cached
Mem:          992M       914M        77M         0B       224K       2.7M
-/+ buffers/cache:       911M        80M
Swap:         8.0G       404M       7.6G

             total       used       free     shared    buffers     cached
Mem:          992M       916M        75M         0B       224K       2.7M
-/+ buffers/cache:       913M        78M
Swap:         8.0G       403M       7.6G

             total       used       free     shared    buffers     cached
Mem:          992M       918M        73M         0B       232K       2.7M
-/+ buffers/cache:       915M        76M
Swap:         8.0G       402M       7.6G

             total       used       free     shared    buffers     cached
Mem:          992M       920M        71M         0B       232K       2.8M
-/+ buffers/cache:       917M        74M
Swap:         8.0G       401M       7.6G

             total       used       free     shared    buffers     cached
Mem:          992M       923M        68M         0B       232K       2.8M
-/+ buffers/cache:       920M        71M
Swap:         8.0G       400M       7.6G

             total       used       free     shared    buffers     cached
Mem:          992M       925M        66M         0B       232K       2.9M
-/+ buffers/cache:       922M        70M
Swap:         8.0G       399M       7.6G

             total       used       free     shared    buffers     cached
Mem:          992M       915M        76M         0B       204K       2.8M
-/+ buffers/cache:       912M        79M
Swap:         8.0G       411M       7.6G

             total       used       free     shared    buffers     cached
Mem:          992M       917M        75M         0B       212K       2.8M
-/+ buffers/cache:       914M        77M
Swap:         8.0G       410M       7.6G

             total       used       free     shared    buffers     cached
Mem:          992M       919M        72M         0B       212K       2.8M
-/+ buffers/cache:       916M        75M
Swap:         8.0G       409M       7.6G

             total       used       free     shared    buffers     cached
Mem:          992M       921M        71M         0B       212K       2.8M
-/+ buffers/cache:       918M        74M
Swap:         8.0G       409M       7.6G

             total       used       free     shared    buffers     cached
Mem:          992M       923M        69M         0B       212K       2.7M
-/+ buffers/cache:       920M        72M
Swap:         8.0G       408M       7.6G

             total       used       free     shared    buffers     cached
Mem:          992M       925M        66M         0B       212K       2.8M
-/+ buffers/cache:       922M        69M
Swap:         8.0G       407M       7.6G

             total       used       free     shared    buffers     cached
Mem:          992M       909M        82M         0B       212K       2.6M
-/+ buffers/cache:       906M        85M
Swap:         8.0G       428M       7.6G

             total       used       free     shared    buffers     cached
Mem:          992M       911M        81M         0B       220K       2.6M
-/+ buffers/cache:       908M        83M
Swap:         8.0G       427M       7.6G

             total       used       free     shared    buffers     cached
Mem:          992M       912M        79M         0B       220K       2.6M
-/+ buffers/cache:       909M        82M
Swap:         8.0G       426M       7.6G

             total       used       free     shared    buffers     cached
Mem:          992M       914M        77M         0B       220K       2.7M
-/+ buffers/cache:       911M        80M
Swap:         8.0G       425M       7.6G

             total       used       free     shared    buffers     cached
Mem:          992M       916M        75M         0B       220K       2.7M
-/+ buffers/cache:       913M        78M
Swap:         8.0G       424M       7.6G

             total       used       free     shared    buffers     cached
Mem:          992M       918M        73M         0B       220K       2.6M
-/+ buffers/cache:       915M        76M
Swap:         8.0G       423M       7.6G

             total       used       free     shared    buffers     cached
Mem:          992M       920M        71M         0B       228K       2.7M
-/+ buffers/cache:       918M        74M
Swap:         8.0G       422M       7.6G

             total       used       free     shared    buffers     cached
Mem:          992M       923M        69M         0B       228K       2.7M
-/+ buffers/cache:       920M        71M
Swap:         8.0G       421M       7.6G

             total       used       free     shared    buffers     cached
Mem:          992M       925M        67M         0B       228K       2.6M
-/+ buffers/cache:       922M        69M
Swap:         8.0G       420M       7.6G

             total       used       free     shared    buffers     cached
Mem:          992M       927M        64M         0B       228K       2.7M
-/+ buffers/cache:       924M        67M
Swap:         8.0G       419M       7.6G

             total       used       free     shared    buffers     cached
Mem:          992M       911M        80M         0B       228K       2.6M
-/+ buffers/cache:       908M        83M
Swap:         8.0G       430M       7.6G

             total       used       free     shared    buffers     cached
Mem:          992M       914M        78M         0B       236K       2.6M
-/+ buffers/cache:       911M        81M
Swap:         8.0G       429M       7.6G

             total       used       free     shared    buffers     cached
Mem:          992M       916M        76M         0B       236K       2.6M
-/+ buffers/cache:       913M        78M
Swap:         8.0G       428M       7.6G

             total       used       free     shared    buffers     cached
Mem:          992M       918M        74M         0B       236K       2.7M
-/+ buffers/cache:       915M        76M
Swap:         8.0G       427M       7.6G

             total       used       free     shared    buffers     cached
Mem:          992M       919M        72M         0B       236K       2.7M
-/+ buffers/cache:       917M        75M
Swap:         8.0G       427M       7.6G

             total       used       free     shared    buffers     cached
Mem:          992M       922M        70M         0B       236K       2.7M
-/+ buffers/cache:       919M        73M
Swap:         8.0G       426M       7.6G

             total       used       free     shared    buffers     cached
Mem:          992M       923M        68M         0B       236K       2.6M
-/+ buffers/cache:       921M        71M
Swap:         8.0G       425M       7.6G

             total       used       free     shared    buffers     cached
Mem:          992M       925M        66M         0B       244K       2.7M
-/+ buffers/cache:       922M        69M
Swap:         8.0G       424M       7.6G

             total       used       free     shared    buffers     cached
Mem:          992M       913M        79M         0B       244K       2.5M
-/+ buffers/cache:       910M        81M
Swap:         8.0G       436M       7.6G

             total       used       free     shared    buffers     cached
Mem:          992M       914M        77M         0B       244K       2.6M
-/+ buffers/cache:       911M        80M
Swap:         8.0G       435M       7.6G

             total       used       free     shared    buffers     cached
Mem:          992M       916M        75M         0B       244K       2.5M
-/+ buffers/cache:       914M        78M
Swap:         8.0G       434M       7.6G

             total       used       free     shared    buffers     cached
Mem:          992M       902M        89M         0B       216K        20M
-/+ buffers/cache:       882M       109M
Swap:         8.0G       464M       7.5G

             total       used       free     shared    buffers     cached
Mem:          992M       904M        87M         0B       540K        20M
-/+ buffers/cache:       883M       108M
Swap:         8.0G       463M       7.5G

             total       used       free     shared    buffers     cached
Mem:          992M       906M        85M         0B       540K        20M
-/+ buffers/cache:       885M       106M
Swap:         8.0G       462M       7.5G

             total       used       free     shared    buffers     cached
Mem:          992M       908M        83M         0B       828K        20M
-/+ buffers/cache:       887M       105M
Swap:         8.0G       462M       7.5G

             total       used       free     shared    buffers     cached
Mem:          992M       909M        82M         0B       832K        20M
-/+ buffers/cache:       888M       103M
Swap:         8.0G       461M       7.5G

             total       used       free     shared    buffers     cached
Mem:          992M       911M        80M         0B       832K        20M
-/+ buffers/cache:       890M       102M
Swap:         8.0G       461M       7.5G

             total       used       free     shared    buffers     cached
Mem:          992M       913M        79M         0B       840K        20M
-/+ buffers/cache:       891M       100M
Swap:         8.0G       460M       7.5G

             total       used       free     shared    buffers     cached
Mem:          992M       914M        77M         0B       840K        20M
-/+ buffers/cache:       893M        98M
Swap:         8.0G       459M       7.5G

             total       used       free     shared    buffers     cached
Mem:          992M       916M        75M         0B       840K        20M
-/+ buffers/cache:       895M        97M
Swap:         8.0G       458M       7.5G

             total       used       free     shared    buffers     cached
Mem:          992M       923M        68M         0B       1.4M        26M
-/+ buffers/cache:       895M        96M
Swap:         8.0G       459M       7.5G

             total       used       free     shared    buffers     cached
Mem:          992M       904M        87M        16K       1.4M        29M
-/+ buffers/cache:       873M       118M
Swap:         8.0G       488M       7.5G

             total       used       free     shared    buffers     cached
Mem:          992M       906M        85M        16K       1.4M        29M
-/+ buffers/cache:       875M       116M
Swap:         8.0G       487M       7.5G

             total       used       free     shared    buffers     cached
Mem:          992M       907M        84M        16K       1.4M        29M
-/+ buffers/cache:       876M       115M
Swap:         8.0G       486M       7.5G

             total       used       free     shared    buffers     cached
Mem:          992M       910M        81M        16K       1.4M        30M
-/+ buffers/cache:       878M       113M
Swap:         8.0G       485M       7.5G

             total       used       free     shared    buffers     cached
Mem:          992M       911M        81M        16K       1.4M        30M
-/+ buffers/cache:       879M       112M
Swap:         8.0G       485M       7.5G

             total       used       free     shared    buffers     cached
Mem:          992M       912M        79M        16K       1.4M        30M
-/+ buffers/cache:       880M       111M
Swap:         8.0G       485M       7.5G

             total       used       free     shared    buffers     cached
Mem:          992M       913M        78M        16K       1.4M        30M
-/+ buffers/cache:       881M       110M
Swap:         8.0G       484M       7.5G

             total       used       free     shared    buffers     cached
Mem:          992M       914M        77M        16K       1.4M        30M
-/+ buffers/cache:       882M       109M
Swap:         8.0G       483M       7.5G

             total       used       free     shared    buffers     cached
Mem:          992M       916M        76M        16K       1.4M        30M
-/+ buffers/cache:       884M       108M
Swap:         8.0G       483M       7.5G

             total       used       free     shared    buffers     cached
Mem:          992M       917M        74M        16K       1.4M        30M
-/+ buffers/cache:       885M       106M
Swap:         8.0G       482M       7.5G

             total       used       free     shared    buffers     cached
Mem:          992M       918M        73M        16K       1.4M        30M
-/+ buffers/cache:       886M       105M
Swap:         8.0G       482M       7.5G

             total       used       free     shared    buffers     cached
Mem:          992M       921M        70M        16K       1.4M        31M
-/+ buffers/cache:       888M       103M
Swap:         8.0G       481M       7.5G

             total       used       free     shared    buffers     cached
Mem:          992M       922M        69M        16K       1.4M        31M
-/+ buffers/cache:       889M       102M
Swap:         8.0G       480M       7.5G

             total       used       free     shared    buffers     cached
Mem:          992M       924M        68M        16K       1.4M        31M
-/+ buffers/cache:       891M       101M
Swap:         8.0G       480M       7.5G

             total       used       free     shared    buffers     cached
Mem:          992M       925M        66M        16K       1.4M        31M
-/+ buffers/cache:       892M        99M
Swap:         8.0G       479M       7.5G

             total       used       free     shared    buffers     cached
Mem:          992M       926M        65M        16K       1.4M        31M
-/+ buffers/cache:       893M        98M
Swap:         8.0G       478M       7.5G

             total       used       free     shared    buffers     cached
Mem:          992M       914M        77M        16K       1.4M        30M
-/+ buffers/cache:       882M       109M
Swap:         8.0G       486M       7.5G

             total       used       free     shared    buffers     cached
Mem:          992M       915M        76M        16K       1.4M        30M
-/+ buffers/cache:       883M       108M
Swap:         8.0G       486M       7.5G

             total       used       free     shared    buffers     cached
Mem:          992M       917M        75M        16K       1.4M        30M
-/+ buffers/cache:       885M       107M
Swap:         8.0G       485M       7.5G

             total       used       free     shared    buffers     cached
Mem:          992M       918M        73M        16K       1.4M        30M
-/+ buffers/cache:       886M       105M
Swap:         8.0G       484M       7.5G

             total       used       free     shared    buffers     cached
Mem:          992M       919M        72M        16K       1.4M        30M
-/+ buffers/cache:       887M       104M
Swap:         8.0G       484M       7.5G

             total       used       free     shared    buffers     cached
Mem:          992M       921M        71M        16K       1.4M        30M
-/+ buffers/cache:       889M       103M
Swap:         8.0G       483M       7.5G

             total       used       free     shared    buffers     cached
Mem:          992M       922M        69M        16K       1.4M        30M
-/+ buffers/cache:       890M       101M
Swap:         8.0G       482M       7.5G

             total       used       free     shared    buffers     cached
Mem:          992M       923M        68M        16K       1.4M        30M
-/+ buffers/cache:       891M       100M
Swap:         8.0G       482M       7.5G

             total       used       free     shared    buffers     cached
Mem:          992M       925M        66M        16K       1.4M        30M
-/+ buffers/cache:       893M        98M
Swap:         8.0G       481M       7.5G

             total       used       free     shared    buffers     cached
Mem:          992M       926M        65M        16K       1.4M        30M
-/+ buffers/cache:       894M        97M
Swap:         8.0G       480M       7.5G

             total       used       free     shared    buffers     cached
Mem:          992M       906M        85M        16K       1.3M        27M
-/+ buffers/cache:       877M       114M
Swap:         8.0G       500M       7.5G

             total       used       free     shared    buffers     cached
Mem:          992M       907M        85M        16K       1.3M        27M
-/+ buffers/cache:       878M       113M
Swap:         8.0G       499M       7.5G

             total       used       free     shared    buffers     cached
Mem:          992M       908M        83M        16K       1.3M        27M
-/+ buffers/cache:       879M       112M
Swap:         8.0G       499M       7.5G

             total       used       free     shared    buffers     cached
Mem:          992M       909M        82M        16K       1.3M        27M
-/+ buffers/cache:       880M       111M
Swap:         8.0G       498M       7.5G

             total       used       free     shared    buffers     cached
Mem:          992M       910M        81M        16K       1.3M        27M
-/+ buffers/cache:       882M       109M
Swap:         8.0G       498M       7.5G

             total       used       free     shared    buffers     cached
Mem:          992M       911M        80M        16K       1.3M        27M
-/+ buffers/cache:       883M       108M
Swap:         8.0G       497M       7.5G

             total       used       free     shared    buffers     cached
Mem:          992M       913M        78M        16K       1.3M        27M
-/+ buffers/cache:       884M       107M
Swap:         8.0G       496M       7.5G

             total       used       free     shared    buffers     cached
Mem:          992M       914M        77M        16K       1.3M        27M
-/+ buffers/cache:       886M       105M
Swap:         8.0G       496M       7.5G

             total       used       free     shared    buffers     cached
Mem:          992M       916M        76M        16K       1.3M        27M
-/+ buffers/cache:       887M       104M
Swap:         8.0G       495M       7.5G

             total       used       free     shared    buffers     cached
Mem:          992M       917M        74M        16K       1.3M        27M
-/+ buffers/cache:       889M       103M
Swap:         8.0G       494M       7.5G

             total       used       free     shared    buffers     cached
Mem:          992M       918M        73M        16K       1.3M        27M
-/+ buffers/cache:       890M       101M
Swap:         8.0G       494M       7.5G

             total       used       free     shared    buffers     cached
Mem:          992M       920M        72M        16K       1.3M        27M
-/+ buffers/cache:       891M       100M
Swap:         8.0G       493M       7.5G

             total       used       free     shared    buffers     cached
Mem:          992M       921M        70M        16K       1.3M        27M
-/+ buffers/cache:       893M        99M
Swap:         8.0G       492M       7.5G

             total       used       free     shared    buffers     cached
Mem:          992M       922M        69M        16K       1.3M        27M
-/+ buffers/cache:       894M        97M
Swap:         8.0G       492M       7.5G

             total       used       free     shared    buffers     cached
Mem:          992M       924M        67M        16K       1.3M        27M
-/+ buffers/cache:       895M        96M
Swap:         8.0G       491M       7.5G

             total       used       free     shared    buffers     cached
Mem:          992M       925M        66M        16K       1.3M        27M
-/+ buffers/cache:       897M        95M
Swap:         8.0G       490M       7.5G

             total       used       free     shared    buffers     cached
Mem:          992M       926M        65M        16K       1.3M        27M
-/+ buffers/cache:       898M        93M
Swap:         8.0G       490M       7.5G

             total       used       free     shared    buffers     cached
Mem:          992M       916M        75M        16K       128K        25M
-/+ buffers/cache:       890M       101M
Swap:         8.0G       497M       7.5G

             total       used       free     shared    buffers     cached
Mem:          992M       917M        74M        16K       128K        25M
-/+ buffers/cache:       891M       100M
Swap:         8.0G       496M       7.5G

             total       used       free     shared    buffers     cached
Mem:          992M       918M        73M        16K       128K        25M
-/+ buffers/cache:       892M        99M
Swap:         8.0G       495M       7.5G

             total       used       free     shared    buffers     cached
Mem:          992M       920M        72M        16K       136K        25M
-/+ buffers/cache:       894M        98M
Swap:         8.0G       495M       7.5G

             total       used       free     shared    buffers     cached
Mem:          992M       921M        70M        16K       136K        25M
-/+ buffers/cache:       895M        96M
Swap:         8.0G       494M       7.5G

             total       used       free     shared    buffers     cached
Mem:          992M       922M        69M        16K       136K        25M
-/+ buffers/cache:       896M        95M
Swap:         8.0G       493M       7.5G

             total       used       free     shared    buffers     cached
Mem:          992M       924M        67M        16K       136K        26M
-/+ buffers/cache:       897M        94M
Swap:         8.0G       493M       7.5G

             total       used       free     shared    buffers     cached
Mem:          992M       917M        75M        16K       572K        24M
-/+ buffers/cache:       892M        99M
Swap:         8.0G       495M       7.5G

             total       used       free     shared    buffers     cached
Mem:          992M       918M        73M        16K       572K        24M
-/+ buffers/cache:       893M        98M
Swap:         8.0G       494M       7.5G

             total       used       free     shared    buffers     cached
Mem:          992M       920M        72M        16K       580K        24M
-/+ buffers/cache:       895M        97M
Swap:         8.0G       493M       7.5G

             total       used       free     shared    buffers     cached
Mem:          992M       921M        70M        16K       720K        24M
-/+ buffers/cache:       896M        95M
Swap:         8.0G       493M       7.5G

             total       used       free     shared    buffers     cached
Mem:          992M       922M        69M        16K       720K        24M
-/+ buffers/cache:       897M        94M
Swap:         8.0G       492M       7.5G

             total       used       free     shared    buffers     cached
Mem:          992M       924M        67M        16K       720K        24M
-/+ buffers/cache:       899M        93M
Swap:         8.0G       491M       7.5G

             total       used       free     shared    buffers     cached
Mem:          992M       925M        66M        16K       720K        24M
-/+ buffers/cache:       900M        91M
Swap:         8.0G       491M       7.5G

             total       used       free     shared    buffers     cached
Mem:          992M       926M        65M        16K       728K        24M
-/+ buffers/cache:       901M        90M
Swap:         8.0G       490M       7.5G

             total       used       free     shared    buffers     cached
Mem:          992M       913M        79M        16K       696K        21M
-/+ buffers/cache:       891M       100M
Swap:         8.0G       503M       7.5G

             total       used       free     shared    buffers     cached
Mem:          992M       914M        77M        16K       696K        21M
-/+ buffers/cache:       892M        99M
Swap:         8.0G       502M       7.5G

             total       used       free     shared    buffers     cached
Mem:          992M       915M        76M        16K       696K        21M
-/+ buffers/cache:       893M        98M
Swap:         8.0G       501M       7.5G

             total       used       free     shared    buffers     cached
Mem:          992M       916M        75M        16K       696K        21M
-/+ buffers/cache:       895M        97M
Swap:         8.0G       501M       7.5G

             total       used       free     shared    buffers     cached
Mem:          992M       918M        73M        16K       696K        21M
-/+ buffers/cache:       896M        95M
Swap:         8.0G       500M       7.5G

             total       used       free     shared    buffers     cached
Mem:          992M       920M        72M        16K       704K        21M
-/+ buffers/cache:       898M        94M
Swap:         8.0G       499M       7.5G

             total       used       free     shared    buffers     cached
Mem:          992M       921M        70M        16K       704K        21M
-/+ buffers/cache:       899M        92M
Swap:         8.0G       499M       7.5G

             total       used       free     shared    buffers     cached
Mem:          992M       924M        68M        16K       840K        22M
-/+ buffers/cache:       900M        91M
Swap:         8.0G       498M       7.5G

             total       used       free     shared    buffers     cached
Mem:          992M       925M        66M        20K       840K        22M
-/+ buffers/cache:       902M        89M
Swap:         8.0G       497M       7.5G

             total       used       free     shared    buffers     cached
Mem:          992M       926M        65M        20K       840K        22M
-/+ buffers/cache:       903M        88M
Swap:         8.0G       497M       7.5G

             total       used       free     shared    buffers     cached
Mem:          992M       896M        95M        20K       840K        17M
-/+ buffers/cache:       878M       113M
Swap:         8.0G       522M       7.5G

             total       used       free     shared    buffers     cached
Mem:          992M       905M        86M        20K       840K        19M
-/+ buffers/cache:       884M       107M
Swap:         8.0G       519M       7.5G

             total       used       free     shared    buffers     cached
Mem:          992M       906M        85M        20K       840K        19M
-/+ buffers/cache:       885M       106M
Swap:         8.0G       518M       7.5G

             total       used       free     shared    buffers     cached
Mem:          992M       908M        84M        20K       840K        19M
-/+ buffers/cache:       887M       104M
Swap:         8.0G       517M       7.5G

             total       used       free     shared    buffers     cached
Mem:          992M       917M        74M        20K       840K        23M
-/+ buffers/cache:       893M        99M
Swap:         8.0G       515M       7.5G

             total       used       free     shared    buffers     cached
Mem:          992M       918M        73M        20K       840K        23M
-/+ buffers/cache:       893M        98M
Swap:         8.0G       514M       7.5G

             total       used       free     shared    buffers     cached
Mem:          992M       918M        73M        20K       848K        23M
-/+ buffers/cache:       894M        97M
Swap:         8.0G       514M       7.5G

             total       used       free     shared    buffers     cached
Mem:          992M       919M        72M        20K       848K        23M
-/+ buffers/cache:       895M        96M
Swap:         8.0G       514M       7.5G

             total       used       free     shared    buffers     cached
Mem:          992M       920M        71M        20K       848K        23M
-/+ buffers/cache:       895M        96M
Swap:         8.0G       513M       7.5G

             total       used       free     shared    buffers     cached
Mem:          992M       921M        71M        20K       848K        23M
-/+ buffers/cache:       896M        95M
Swap:         8.0G       513M       7.5G

             total       used       free     shared    buffers     cached
Mem:          992M       921M        70M        20K       848K        23M
-/+ buffers/cache:       897M        94M
Swap:         8.0G       512M       7.5G

             total       used       free     shared    buffers     cached
Mem:          992M       922M        69M        20K       856K        23M
-/+ buffers/cache:       898M        93M
Swap:         8.0G       512M       7.5G

             total       used       free     shared    buffers     cached
Mem:          992M       923M        68M        20K       856K        23M
-/+ buffers/cache:       899M        93M
Swap:         8.0G       512M       7.5G

             total       used       free     shared    buffers     cached
Mem:          992M       924M        68M        20K       856K        23M
-/+ buffers/cache:       899M        92M
Swap:         8.0G       511M       7.5G

             total       used       free     shared    buffers     cached
Mem:          992M       924M        67M        20K       856K        23M
-/+ buffers/cache:       900M        91M
Swap:         8.0G       511M       7.5G

             total       used       free     shared    buffers     cached
Mem:          992M       920M        71M       3.9M       3.2M        50M
-/+ buffers/cache:       867M       125M
Swap:         8.0G       551M       7.5G

             total       used       free     shared    buffers     cached
Mem:          992M       914M        78M       3.9M       5.2M        63M
-/+ buffers/cache:       845M       146M
Swap:         8.0G       568M       7.4G

             total       used       free     shared    buffers     cached
Mem:          992M       922M        70M       3.9M       5.2M        67M
-/+ buffers/cache:       849M       143M
Swap:         8.0G       567M       7.4G

             total       used       free     shared    buffers     cached
Mem:          992M       912M        79M       264K       4.4M        61M
-/+ buffers/cache:       846M       145M
Swap:         8.0G       571M       7.4G

             total       used       free     shared    buffers     cached
Mem:          992M       913M        78M       248K       4.4M        61M
-/+ buffers/cache:       847M       144M
Swap:         8.0G       571M       7.4G

             total       used       free     shared    buffers     cached
Mem:          992M       914M        77M       248K       4.4M        61M
-/+ buffers/cache:       848M       143M
Swap:         8.0G       570M       7.4G

             total       used       free     shared    buffers     cached
Mem:          992M       915M        76M       248K       4.4M        61M
-/+ buffers/cache:       849M       142M
Swap:         8.0G       569M       7.4G

             total       used       free     shared    buffers     cached
Mem:          992M       918M        73M       248K       4.5M        62M
-/+ buffers/cache:       851M       140M
Swap:         8.0G       569M       7.4G

             total       used       free     shared    buffers     cached
Mem:          992M       919M        72M       248K       4.5M        62M
-/+ buffers/cache:       852M       139M
Swap:         8.0G       568M       7.4G

             total       used       free     shared    buffers     cached
Mem:          992M       920M        71M       248K       4.5M        62M
-/+ buffers/cache:       853M       138M
Swap:         8.0G       567M       7.4G

             total       used       free     shared    buffers     cached
Mem:          992M       922M        69M       248K       4.5M        62M
-/+ buffers/cache:       855M       136M
Swap:         8.0G       567M       7.4G

             total       used       free     shared    buffers     cached
Mem:          992M       923M        68M       248K       4.5M        62M
-/+ buffers/cache:       856M       135M
Swap:         8.0G       566M       7.4G

             total       used       free     shared    buffers     cached
Mem:          992M       925M        67M       248K       4.5M        62M
-/+ buffers/cache:       857M       134M
Swap:         8.0G       565M       7.4G

             total       used       free     shared    buffers     cached
Mem:          992M       926M        65M       248K       4.5M        62M
-/+ buffers/cache:       859M       132M
Swap:         8.0G       565M       7.4G

             total       used       free     shared    buffers     cached
Mem:          992M       914M        77M       248K       4.5M        60M
-/+ buffers/cache:       849M       142M
Swap:         8.0G       574M       7.4G

             total       used       free     shared    buffers     cached
Mem:          992M       915M        76M       248K       4.5M        60M
-/+ buffers/cache:       850M       141M
Swap:         8.0G       574M       7.4G

             total       used       free     shared    buffers     cached
Mem:          992M       917M        74M       248K       4.5M        61M
-/+ buffers/cache:       851M       140M
Swap:         8.0G       573M       7.4G

             total       used       free     shared    buffers     cached
Mem:          992M       918M        73M       248K       4.5M        61M
-/+ buffers/cache:       852M       139M
Swap:         8.0G       572M       7.4G

             total       used       free     shared    buffers     cached
Mem:          992M       919M        72M       248K       4.5M        61M
-/+ buffers/cache:       854M       137M
Swap:         8.0G       572M       7.4G

             total       used       free     shared    buffers     cached
Mem:          992M       921M        71M       248K       4.5M        61M
-/+ buffers/cache:       855M       136M
Swap:         8.0G       571M       7.4G

             total       used       free     shared    buffers     cached
Mem:          992M       922M        69M       248K       4.5M        61M
-/+ buffers/cache:       856M       135M
Swap:         8.0G       571M       7.4G

             total       used       free     shared    buffers     cached
Mem:          992M       923M        68M       248K       4.5M        61M
-/+ buffers/cache:       858M       134M
Swap:         8.0G       570M       7.4G

             total       used       free     shared    buffers     cached
Mem:          992M       925M        66M       248K       4.5M        61M
-/+ buffers/cache:       859M       132M
Swap:         8.0G       569M       7.4G

             total       used       free     shared    buffers     cached
Mem:          992M       926M        65M       248K       4.5M        61M
-/+ buffers/cache:       860M       131M
Swap:         8.0G       569M       7.4G

             total       used       free     shared    buffers     cached
Mem:          992M       903M        88M       248K       4.6M        58M
-/+ buffers/cache:       840M       151M
Swap:         8.0G       583M       7.4G

             total       used       free     shared    buffers     cached
Mem:          992M       904M        87M       248K       4.6M        58M
-/+ buffers/cache:       841M       151M
Swap:         8.0G       583M       7.4G

             total       used       free     shared    buffers     cached
Mem:          992M       905M        86M       248K       4.6M        58M
-/+ buffers/cache:       842M       149M
Swap:         8.0G       582M       7.4G

             total       used       free     shared    buffers     cached
Mem:          992M       907M        84M       248K       4.6M        59M
-/+ buffers/cache:       843M       148M
Swap:         8.0G       582M       7.4G

             total       used       free     shared    buffers     cached
Mem:          992M       908M        83M       248K       4.6M        59M
-/+ buffers/cache:       844M       147M
Swap:         8.0G       581M       7.4G

             total       used       free     shared    buffers     cached
Mem:          992M       909M        82M       248K       4.6M        59M
-/+ buffers/cache:       845M       146M
Swap:         8.0G       581M       7.4G

             total       used       free     shared    buffers     cached
Mem:          992M       910M        81M       248K       4.6M        59M
-/+ buffers/cache:       847M       144M
Swap:         8.0G       580M       7.4G

             total       used       free     shared    buffers     cached
Mem:          992M       911M        80M       248K       4.6M        59M
-/+ buffers/cache:       848M       143M
Swap:         8.0G       580M       7.4G

             total       used       free     shared    buffers     cached
Mem:          992M       913M        79M       248K       4.6M        59M
-/+ buffers/cache:       849M       142M
Swap:         8.0G       579M       7.4G

             total       used       free     shared    buffers     cached
Mem:          992M       924M        67M       248K       5.7M        66M
-/+ buffers/cache:       852M       139M
Swap:         8.0G       578M       7.4G

             total       used       free     shared    buffers     cached
Mem:          992M       913M        78M       332K       8.9M        73M
-/+ buffers/cache:       830M       161M
Swap:         8.0G       606M       7.4G
