             total       used       free     shared    buffers     cached
Mem:          992M       661M       330M       3.2M        38M       289M
-/+ buffers/cache:       333M       658M
Swap:         8.0G         0B       8.0G

             total       used       free     shared    buffers     cached
Mem:          992M       660M       331M       1.4M        38M       287M
-/+ buffers/cache:       333M       658M
Swap:         8.0G         0B       8.0G

             total       used       free     shared    buffers     cached
Mem:          992M       660M       331M       1.4M        38M       288M
-/+ buffers/cache:       333M       658M
Swap:         8.0G         0B       8.0G

             total       used       free     shared    buffers     cached
Mem:          992M       660M       331M       1.4M        38M       288M
-/+ buffers/cache:       333M       658M
Swap:         8.0G         0B       8.0G

             total       used       free     shared    buffers     cached
Mem:          992M       660M       331M       1.4M        38M       288M
-/+ buffers/cache:       333M       658M
Swap:         8.0G         0B       8.0G

             total       used       free     shared    buffers     cached
Mem:          992M       660M       331M       1.4M        38M       288M
-/+ buffers/cache:       333M       658M
Swap:         8.0G         0B       8.0G

             total       used       free     shared    buffers     cached
Mem:          992M       659M       332M       1.4M        38M       288M
-/+ buffers/cache:       332M       659M
Swap:         8.0G         0B       8.0G

             total       used       free     shared    buffers     cached
Mem:          992M       659M       332M       1.4M        38M       288M
-/+ buffers/cache:       332M       659M
Swap:         8.0G         0B       8.0G

             total       used       free     shared    buffers     cached
Mem:          992M       659M       332M       1.4M        38M       288M
-/+ buffers/cache:       332M       659M
Swap:         8.0G         0B       8.0G

             total       used       free     shared    buffers     cached
Mem:          992M       663M       329M       1.4M        38M       288M
-/+ buffers/cache:       335M       656M
Swap:         8.0G         0B       8.0G

             total       used       free     shared    buffers     cached
Mem:          992M       682M       309M       1.4M        38M       288M
-/+ buffers/cache:       354M       637M
Swap:         8.0G         0B       8.0G

             total       used       free     shared    buffers     cached
Mem:          992M       668M       323M       1.4M        38M       289M
-/+ buffers/cache:       340M       651M
Swap:         8.0G         0B       8.0G

             total       used       free     shared    buffers     cached
Mem:          992M       668M       323M       1.4M        38M       289M
-/+ buffers/cache:       340M       651M
Swap:         8.0G         0B       8.0G

             total       used       free     shared    buffers     cached
Mem:          992M       669M       322M       1.4M        39M       289M
-/+ buffers/cache:       340M       651M
Swap:         8.0G         0B       8.0G

             total       used       free     shared    buffers     cached
Mem:          992M       669M       322M       1.4M        39M       289M
-/+ buffers/cache:       340M       651M
Swap:         8.0G         0B       8.0G

             total       used       free     shared    buffers     cached
Mem:          992M       669M       322M       1.4M        39M       289M
-/+ buffers/cache:       340M       651M
Swap:         8.0G         0B       8.0G

             total       used       free     shared    buffers     cached
Mem:          992M       669M       322M       1.4M        39M       289M
-/+ buffers/cache:       340M       651M
Swap:         8.0G         0B       8.0G

             total       used       free     shared    buffers     cached
Mem:          992M       669M       322M       1.4M        39M       289M
-/+ buffers/cache:       340M       651M
Swap:         8.0G         0B       8.0G

             total       used       free     shared    buffers     cached
Mem:          992M       669M       322M       1.4M        39M       289M
-/+ buffers/cache:       340M       651M
Swap:         8.0G         0B       8.0G

             total       used       free     shared    buffers     cached
Mem:          992M       669M       322M       1.4M        39M       289M
-/+ buffers/cache:       340M       651M
Swap:         8.0G         0B       8.0G

             total       used       free     shared    buffers     cached
Mem:          992M       669M       322M       1.4M        39M       289M
-/+ buffers/cache:       340M       651M
Swap:         8.0G         0B       8.0G

             total       used       free     shared    buffers     cached
Mem:          992M       669M       322M       1.4M        39M       289M
-/+ buffers/cache:       340M       651M
Swap:         8.0G         0B       8.0G

             total       used       free     shared    buffers     cached
Mem:          992M       669M       322M       1.4M        39M       289M
-/+ buffers/cache:       340M       651M
Swap:         8.0G         0B       8.0G

             total       used       free     shared    buffers     cached
Mem:          992M       669M       322M       1.4M        39M       289M
-/+ buffers/cache:       340M       651M
Swap:         8.0G         0B       8.0G

             total       used       free     shared    buffers     cached
Mem:          992M       669M       322M       1.4M        39M       289M
-/+ buffers/cache:       340M       651M
Swap:         8.0G         0B       8.0G

             total       used       free     shared    buffers     cached
Mem:          992M       669M       322M       1.4M        39M       289M
-/+ buffers/cache:       340M       651M
Swap:         8.0G         0B       8.0G

             total       used       free     shared    buffers     cached
Mem:          992M       669M       322M       1.4M        39M       289M
-/+ buffers/cache:       340M       651M
Swap:         8.0G         0B       8.0G

             total       used       free     shared    buffers     cached
Mem:          992M       669M       322M       1.4M        39M       289M
-/+ buffers/cache:       340M       651M
Swap:         8.0G         0B       8.0G

             total       used       free     shared    buffers     cached
Mem:          992M       669M       322M       1.4M        39M       289M
-/+ buffers/cache:       340M       651M
Swap:         8.0G         0B       8.0G

             total       used       free     shared    buffers     cached
Mem:          992M       669M       322M       1.4M        39M       289M
-/+ buffers/cache:       340M       651M
Swap:         8.0G         0B       8.0G

             total       used       free     shared    buffers     cached
Mem:          992M       669M       322M       1.4M        39M       289M
-/+ buffers/cache:       340M       651M
Swap:         8.0G         0B       8.0G

             total       used       free     shared    buffers     cached
Mem:          992M       669M       322M       1.4M        39M       289M
-/+ buffers/cache:       340M       651M
Swap:         8.0G         0B       8.0G

             total       used       free     shared    buffers     cached
Mem:          992M       669M       322M       1.4M        39M       289M
-/+ buffers/cache:       340M       651M
Swap:         8.0G         0B       8.0G

             total       used       free     shared    buffers     cached
Mem:          992M       677M       314M       1.4M        39M       289M
-/+ buffers/cache:       348M       643M
Swap:         8.0G         0B       8.0G

             total       used       free     shared    buffers     cached
Mem:          992M       691M       300M       1.4M        39M       289M
-/+ buffers/cache:       362M       629M
Swap:         8.0G         0B       8.0G

             total       used       free     shared    buffers     cached
Mem:          992M       706M       285M       1.4M        39M       289M
-/+ buffers/cache:       377M       614M
Swap:         8.0G         0B       8.0G

             total       used       free     shared    buffers     cached
Mem:          992M       721M       270M       1.4M        39M       289M
-/+ buffers/cache:       393M       599M
Swap:         8.0G         0B       8.0G

             total       used       free     shared    buffers     cached
Mem:          992M       735M       256M       1.4M        39M       289M
-/+ buffers/cache:       407M       585M
Swap:         8.0G         0B       8.0G

             total       used       free     shared    buffers     cached
Mem:          992M       751M       240M       1.4M        39M       289M
-/+ buffers/cache:       423M       569M
Swap:         8.0G         0B       8.0G

             total       used       free     shared    buffers     cached
Mem:          992M       767M       224M       1.4M        39M       289M
-/+ buffers/cache:       439M       553M
Swap:         8.0G         0B       8.0G

             total       used       free     shared    buffers     cached
Mem:          992M       782M       210M       1.4M        39M       289M
-/+ buffers/cache:       453M       538M
Swap:         8.0G         0B       8.0G

             total       used       free     shared    buffers     cached
Mem:          992M       796M       195M       1.4M        39M       289M
-/+ buffers/cache:       467M       524M
Swap:         8.0G         0B       8.0G

             total       used       free     shared    buffers     cached
Mem:          992M       813M       178M       1.4M        39M       289M
-/+ buffers/cache:       484M       507M
Swap:         8.0G         0B       8.0G

             total       used       free     shared    buffers     cached
Mem:          992M       829M       162M       1.4M        39M       289M
-/+ buffers/cache:       500M       491M
Swap:         8.0G         0B       8.0G

             total       used       free     shared    buffers     cached
Mem:          992M       843M       148M       1.4M        39M       289M
-/+ buffers/cache:       514M       477M
Swap:         8.0G         0B       8.0G

             total       used       free     shared    buffers     cached
Mem:          992M       859M       132M       1.4M        39M       289M
-/+ buffers/cache:       530M       461M
Swap:         8.0G         0B       8.0G

             total       used       free     shared    buffers     cached
Mem:          992M       873M       118M       1.4M        39M       289M
-/+ buffers/cache:       544M       447M
Swap:         8.0G         0B       8.0G

             total       used       free     shared    buffers     cached
Mem:          992M       888M       103M       1.4M        39M       289M
-/+ buffers/cache:       559M       432M
Swap:         8.0G         0B       8.0G

             total       used       free     shared    buffers     cached
Mem:          992M       899M        92M       1.4M        39M       289M
-/+ buffers/cache:       570M       421M
Swap:         8.0G         0B       8.0G

             total       used       free     shared    buffers     cached
Mem:          992M       914M        77M       1.4M        39M       289M
-/+ buffers/cache:       585M       406M
Swap:         8.0G         0B       8.0G

             total       used       free     shared    buffers     cached
Mem:          992M       930M        61M       1.4M        39M       289M
-/+ buffers/cache:       601M       390M
Swap:         8.0G         0B       8.0G

             total       used       free     shared    buffers     cached
Mem:          992M       922M        69M       1.4M        17M       288M
-/+ buffers/cache:       616M       375M
Swap:         8.0G         0B       8.0G

             total       used       free     shared    buffers     cached
Mem:          992M       921M        70M       1.4M        10M       278M
-/+ buffers/cache:       631M       360M
Swap:         8.0G         0B       8.0G

             total       used       free     shared    buffers     cached
Mem:          992M       921M        70M       1.4M        10M       263M
-/+ buffers/cache:       648M       344M
Swap:         8.0G        72K       8.0G

             total       used       free     shared    buffers     cached
Mem:          992M       917M        74M       1.3M        10M       244M
-/+ buffers/cache:       662M       329M
Swap:         8.0G       456K       8.0G

             total       used       free     shared    buffers     cached
Mem:          992M       916M        75M       1.2M        10M       230M
-/+ buffers/cache:       676M       316M
Swap:         8.0G       4.9M       8.0G

             total       used       free     shared    buffers     cached
Mem:          992M       900M        91M       1.2M       7.2M       205M
-/+ buffers/cache:       687M       304M
Swap:         8.0G       9.5M       8.0G

             total       used       free     shared    buffers     cached
Mem:          992M       916M        75M       1.2M       7.2M       205M
-/+ buffers/cache:       703M       288M
Swap:         8.0G       9.5M       8.0G

             total       used       free     shared    buffers     cached
Mem:          992M       919M        72M       1.2M       2.7M       197M
-/+ buffers/cache:       719M       272M
Swap:         8.0G       9.5M       8.0G

             total       used       free     shared    buffers     cached
Mem:          992M       920M        71M       1.2M       1.1M       183M
-/+ buffers/cache:       736M       255M
Swap:         8.0G       9.5M       8.0G

             total       used       free     shared    buffers     cached
Mem:          992M       913M        78M       1.2M       304K       162M
-/+ buffers/cache:       750M       241M
Swap:         8.0G       9.6M       8.0G

             total       used       free     shared    buffers     cached
Mem:          992M       929M        62M       1.2M       312K       162M
-/+ buffers/cache:       767M       225M
Swap:         8.0G       9.6M       8.0G

             total       used       free     shared    buffers     cached
Mem:          992M       924M        67M       1.2M       464K       143M
-/+ buffers/cache:       781M       210M
Swap:         8.0G       9.6M       8.0G

             total       used       free     shared    buffers     cached
Mem:          992M       915M        77M       1.2M       272K       126M
-/+ buffers/cache:       788M       203M
Swap:         8.0G       9.6M       8.0G

             total       used       free     shared    buffers     cached
Mem:          992M       931M        60M       1.2M       272K       126M
-/+ buffers/cache:       804M       187M
Swap:         8.0G       9.6M       8.0G

             total       used       free     shared    buffers     cached
Mem:          992M       931M        60M       1.2M       272K       111M
-/+ buffers/cache:       819M       172M
Swap:         8.0G       9.6M       8.0G

             total       used       free     shared    buffers     cached
Mem:          992M       920M        71M       1.2M       272K        86M
-/+ buffers/cache:       833M       158M
Swap:         8.0G       9.6M       8.0G

             total       used       free     shared    buffers     cached
Mem:          992M       921M        70M       1.2M       272K        71M
-/+ buffers/cache:       849M       142M
Swap:         8.0G       9.6M       8.0G

             total       used       free     shared    buffers     cached
Mem:          992M       922M        69M       1.2M       272K        55M
-/+ buffers/cache:       866M       126M
Swap:         8.0G       9.6M       8.0G

             total       used       free     shared    buffers     cached
Mem:          992M       926M        65M       1.2M       2.8M        42M
-/+ buffers/cache:       881M       111M
Swap:         8.0G       9.6M       8.0G

             total       used       free     shared    buffers     cached
Mem:          992M       920M        71M       1.2M       2.8M        25M
-/+ buffers/cache:       891M       100M
Swap:         8.0G        12M       8.0G

             total       used       free     shared    buffers     cached
Mem:          992M       928M        63M       1.0M       2.8M        21M
-/+ buffers/cache:       904M        88M
Swap:         8.0G        15M       8.0G

             total       used       free     shared    buffers     cached
Mem:          992M       930M        61M       1.0M        96K        11M
-/+ buffers/cache:       919M        73M
Swap:         8.0G        15M       8.0G

             total       used       free     shared    buffers     cached
Mem:          992M       930M        62M       732K        92K       4.4M
-/+ buffers/cache:       925M        66M
Swap:         8.0G        45M       8.0G

             total       used       free     shared    buffers     cached
Mem:          992M       920M        71M       732K       356K       3.9M
-/+ buffers/cache:       916M        76M
Swap:         8.0G        51M       7.9G

             total       used       free     shared    buffers     cached
Mem:          992M       921M        70M       664K       364K       2.7M
-/+ buffers/cache:       918M        73M
Swap:         8.0G        90M       7.9G

             total       used       free     shared    buffers     cached
Mem:          992M       925M        66M       664K       364K       2.8M
-/+ buffers/cache:       922M        69M
Swap:         8.0G        90M       7.9G

             total       used       free     shared    buffers     cached
Mem:          992M       917M        74M       664K        92K        19M
-/+ buffers/cache:       897M        94M
Swap:         8.0G       129M       7.9G

             total       used       free     shared    buffers     cached
Mem:          992M       919M        72M       656K       556K        19M
-/+ buffers/cache:       899M        92M
Swap:         8.0G       136M       7.9G

             total       used       free     shared    buffers     cached
Mem:          992M       929M        62M       628K       556K        20M
-/+ buffers/cache:       908M        83M
Swap:         8.0G       143M       7.9G

             total       used       free     shared    buffers     cached
Mem:          992M       931M        60M       600K       564K        19M
-/+ buffers/cache:       911M        81M
Swap:         8.0G       162M       7.8G

             total       used       free     shared    buffers     cached
Mem:          992M       915M        76M       600K       564K        17M
-/+ buffers/cache:       898M        94M
Swap:         8.0G       202M       7.8G

             total       used       free     shared    buffers     cached
Mem:          992M       918M        73M       588K       564K        16M
-/+ buffers/cache:       901M        91M
Swap:         8.0G       202M       7.8G

             total       used       free     shared    buffers     cached
Mem:          992M       919M        72M       588K       532K        13M
-/+ buffers/cache:       905M        87M
Swap:         8.0G       217M       7.8G

             total       used       free     shared    buffers     cached
Mem:          992M       911M        80M       580K        92K       3.3M
-/+ buffers/cache:       907M        84M
Swap:         8.0G       218M       7.8G

             total       used       free     shared    buffers     cached
Mem:          992M       927M        64M       580K       104K       3.4M
-/+ buffers/cache:       924M        68M
Swap:         8.0G       218M       7.8G

             total       used       free     shared    buffers     cached
Mem:          992M       927M        65M       552K       252K       2.9M
-/+ buffers/cache:       923M        68M
Swap:         8.0G       236M       7.8G

             total       used       free     shared    buffers     cached
Mem:          992M       924M        67M       544K       252K       2.5M
-/+ buffers/cache:       921M        70M
Swap:         8.0G       251M       7.8G

             total       used       free     shared    buffers     cached
Mem:          992M       920M        71M       544K       252K       2.3M
-/+ buffers/cache:       917M        74M
Swap:         8.0G       261M       7.7G

             total       used       free     shared    buffers     cached
Mem:          992M       927M        64M       544K       252K       2.3M
-/+ buffers/cache:       924M        67M
Swap:         8.0G       261M       7.7G

             total       used       free     shared    buffers     cached
Mem:          992M       919M        72M       544K       252K       2.3M
-/+ buffers/cache:       916M        75M
Swap:         8.0G       273M       7.7G

             total       used       free     shared    buffers     cached
Mem:          992M       923M        69M       544K       260K       2.3M
-/+ buffers/cache:       920M        71M
Swap:         8.0G       273M       7.7G

             total       used       free     shared    buffers     cached
Mem:          992M       929M        63M       544K       260K       2.3M
-/+ buffers/cache:       926M        65M
Swap:         8.0G       273M       7.7G

             total       used       free     shared    buffers     cached
Mem:          992M       919M        73M       544K       260K       2.3M
-/+ buffers/cache:       916M        75M
Swap:         8.0G       300M       7.7G

             total       used       free     shared    buffers     cached
Mem:          992M       925M        66M       544K       260K       2.3M
-/+ buffers/cache:       922M        69M
Swap:         8.0G       300M       7.7G

             total       used       free     shared    buffers     cached
Mem:          992M       929M        62M       544K       260K       2.4M
-/+ buffers/cache:       926M        65M
Swap:         8.0G       300M       7.7G

             total       used       free     shared    buffers     cached
Mem:          992M       921M        70M       544K       268K       2.4M
-/+ buffers/cache:       919M        73M
Swap:         8.0G       300M       7.7G

             total       used       free     shared    buffers     cached
Mem:          992M       926M        65M       544K       268K       2.3M
-/+ buffers/cache:       924M        67M
Swap:         8.0G       300M       7.7G

             total       used       free     shared    buffers     cached
Mem:          992M       914M        77M        24K       268K       1.8M
-/+ buffers/cache:       912M        79M
Swap:         8.0G       339M       7.7G

             total       used       free     shared    buffers     cached
Mem:          992M       918M        73M        16K       532K       1.8M
-/+ buffers/cache:       916M        75M
Swap:         8.0G       339M       7.7G

             total       used       free     shared    buffers     cached
Mem:          992M       923M        68M        16K       532K       1.9M
-/+ buffers/cache:       920M        71M
Swap:         8.0G       339M       7.7G

             total       used       free     shared    buffers     cached
Mem:          992M       927M        64M        16K       532K       1.8M
-/+ buffers/cache:       925M        67M
Swap:         8.0G       339M       7.7G

             total       used       free     shared    buffers     cached
Mem:          992M       919M        72M        16K       540K       1.8M
-/+ buffers/cache:       917M        75M
Swap:         8.0G       339M       7.7G

             total       used       free     shared    buffers     cached
Mem:          992M       923M        68M        16K       540K       1.8M
-/+ buffers/cache:       921M        71M
Swap:         8.0G       339M       7.7G

             total       used       free     shared    buffers     cached
Mem:          992M       931M        60M        16K       540K       1.7M
-/+ buffers/cache:       929M        63M
Swap:         8.0G       323M       7.7G

             total       used       free     shared    buffers     cached
Mem:          992M       927M        64M        16K       488K       1.5M
-/+ buffers/cache:       925M        66M
Swap:         8.0G       325M       7.7G

             total       used       free     shared    buffers     cached
Mem:          992M       919M        72M         8K       308K       1.5M
-/+ buffers/cache:       918M        74M
Swap:         8.0G       327M       7.7G

             total       used       free     shared    buffers     cached
Mem:          992M       920M        71M         0B       300K       1.4M
-/+ buffers/cache:       918M        73M
Swap:         8.0G       327M       7.7G

             total       used       free     shared    buffers     cached
Mem:          992M       919M        72M         0B       300K       1.4M
-/+ buffers/cache:       918M        74M
Swap:         8.0G       339M       7.7G

             total       used       free     shared    buffers     cached
Mem:          992M       924M        67M         0B       300K       1.4M
-/+ buffers/cache:       922M        69M
Swap:         8.0G       321M       7.7G

             total       used       free     shared    buffers     cached
Mem:          992M       923M        68M         0B       176K       1.4M
-/+ buffers/cache:       921M        70M
Swap:         8.0G       321M       7.7G

             total       used       free     shared    buffers     cached
Mem:          992M       920M        71M         0B        80K       1.4M
-/+ buffers/cache:       918M        73M
Swap:         8.0G       326M       7.7G

             total       used       free     shared    buffers     cached
Mem:          992M       920M        71M         0B        88K       1.4M
-/+ buffers/cache:       919M        72M
Swap:         8.0G       334M       7.7G

             total       used       free     shared    buffers     cached
Mem:          992M       919M        72M         0B        88K       1.3M
-/+ buffers/cache:       918M        73M
Swap:         8.0G       330M       7.7G

             total       used       free     shared    buffers     cached
Mem:          992M       927M        65M         0B        88K       1.3M
-/+ buffers/cache:       925M        66M
Swap:         8.0G       323M       7.7G

             total       used       free     shared    buffers     cached
Mem:          992M       922M        70M         0B        88K       1.3M
-/+ buffers/cache:       920M        71M
Swap:         8.0G       335M       7.7G

             total       used       free     shared    buffers     cached
Mem:          992M       924M        68M         0B        88K       1.6M
-/+ buffers/cache:       922M        69M
Swap:         8.0G       332M       7.7G

             total       used       free     shared    buffers     cached
Mem:          992M       930M        61M         0B        88K       1.6M
-/+ buffers/cache:       928M        63M
Swap:         8.0G       330M       7.7G

             total       used       free     shared    buffers     cached
Mem:          992M       873M       118M         0B       100K       1.6M
-/+ buffers/cache:       871M       120M
Swap:         8.0G       439M       7.6G

             total       used       free     shared    buffers     cached
Mem:          992M       873M       118M         0B       108K       1.6M
-/+ buffers/cache:       871M       120M
Swap:         8.0G       439M       7.6G

             total       used       free     shared    buffers     cached
Mem:          992M       877M       114M         0B       108K       1.6M
-/+ buffers/cache:       876M       115M
Swap:         8.0G       438M       7.6G

             total       used       free     shared    buffers     cached
Mem:          992M       883M       108M         0B       108K       1.6M
-/+ buffers/cache:       881M       110M
Swap:         8.0G       438M       7.6G

             total       used       free     shared    buffers     cached
Mem:          992M       889M       102M         0B       112K       1.6M
-/+ buffers/cache:       887M       104M
Swap:         8.0G       438M       7.6G

             total       used       free     shared    buffers     cached
Mem:          992M       894M        97M         0B       120K       1.6M
-/+ buffers/cache:       893M        99M
Swap:         8.0G       438M       7.6G

             total       used       free     shared    buffers     cached
Mem:          992M       900M        91M         0B       120K       1.6M
-/+ buffers/cache:       898M        93M
Swap:         8.0G       438M       7.6G

             total       used       free     shared    buffers     cached
Mem:          992M       905M        87M         0B       120K       1.6M
-/+ buffers/cache:       903M        88M
Swap:         8.0G       438M       7.6G

             total       used       free     shared    buffers     cached
Mem:          992M       909M        83M         0B       120K       1.6M
-/+ buffers/cache:       907M        84M
Swap:         8.0G       438M       7.6G

             total       used       free     shared    buffers     cached
Mem:          992M       911M        80M         0B       120K       1.7M
-/+ buffers/cache:       909M        82M
Swap:         8.0G       436M       7.6G

             total       used       free     shared    buffers     cached
Mem:          992M       913M        78M         0B       128K       1.7M
-/+ buffers/cache:       911M        80M
Swap:         8.0G       435M       7.6G

             total       used       free     shared    buffers     cached
Mem:          992M       917M        74M         0B       224K       2.4M
-/+ buffers/cache:       914M        77M
Swap:         8.0G       434M       7.6G

             total       used       free     shared    buffers     cached
Mem:          992M       920M        72M         0B       224K       2.6M
-/+ buffers/cache:       917M        74M
Swap:         8.0G       432M       7.6G

             total       used       free     shared    buffers     cached
Mem:          992M       922M        69M         0B       224K       2.6M
-/+ buffers/cache:       919M        72M
Swap:         8.0G       431M       7.6G

             total       used       free     shared    buffers     cached
Mem:          992M       925M        67M         0B       224K       2.6M
-/+ buffers/cache:       922M        69M
Swap:         8.0G       429M       7.6G

             total       used       free     shared    buffers     cached
Mem:          992M       927M        64M         0B       224K       2.6M
-/+ buffers/cache:       924M        67M
Swap:         8.0G       428M       7.6G

             total       used       free     shared    buffers     cached
Mem:          992M       930M        61M         0B       232K       2.6M
-/+ buffers/cache:       927M        64M
Swap:         8.0G       427M       7.6G

             total       used       free     shared    buffers     cached
Mem:          992M       919M        73M         0B       228K       2.6M
-/+ buffers/cache:       916M        75M
Swap:         8.0G       425M       7.6G

             total       used       free     shared    buffers     cached
Mem:          992M       921M        70M         0B       228K       2.6M
-/+ buffers/cache:       919M        73M
Swap:         8.0G       424M       7.6G

             total       used       free     shared    buffers     cached
Mem:          992M       920M        72M         0B        76K        18M
-/+ buffers/cache:       901M        91M
Swap:         8.0G       426M       7.6G

             total       used       free     shared    buffers     cached
Mem:          992M       923M        69M         0B       640K        19M
-/+ buffers/cache:       903M        88M
Swap:         8.0G       425M       7.6G

             total       used       free     shared    buffers     cached
Mem:          992M       925M        66M         0B       648K        19M
-/+ buffers/cache:       905M        86M
Swap:         8.0G       424M       7.6G

             total       used       free     shared    buffers     cached
Mem:          992M       927M        64M         0B       648K        19M
-/+ buffers/cache:       907M        84M
Swap:         8.0G       423M       7.6G

             total       used       free     shared    buffers     cached
Mem:          992M       929M        62M         0B       648K        19M
-/+ buffers/cache:       909M        82M
Swap:         8.0G       422M       7.6G

             total       used       free     shared    buffers     cached
Mem:          992M       919M        72M         0B       648K        18M
-/+ buffers/cache:       900M        91M
Swap:         8.0G       429M       7.6G

             total       used       free     shared    buffers     cached
Mem:          992M       922M        70M         0B       648K        18M
-/+ buffers/cache:       902M        89M
Swap:         8.0G       428M       7.6G

             total       used       free     shared    buffers     cached
Mem:          992M       924M        67M         0B       656K        18M
-/+ buffers/cache:       904M        87M
Swap:         8.0G       426M       7.6G

             total       used       free     shared    buffers     cached
Mem:          992M       926M        65M         0B       656K        18M
-/+ buffers/cache:       907M        84M
Swap:         8.0G       425M       7.6G

             total       used       free     shared    buffers     cached
Mem:          992M       929M        62M         0B       660K        18M
-/+ buffers/cache:       909M        82M
Swap:         8.0G       424M       7.6G

             total       used       free     shared    buffers     cached
Mem:          992M       931M        60M         0B       660K        18M
-/+ buffers/cache:       911M        80M
Swap:         8.0G       423M       7.6G

             total       used       free     shared    buffers     cached
Mem:          992M       918M        73M         0B       660K        17M
-/+ buffers/cache:       900M        91M
Swap:         8.0G       444M       7.6G

             total       used       free     shared    buffers     cached
Mem:          992M       920M        71M         0B       660K        17M
-/+ buffers/cache:       902M        89M
Swap:         8.0G       443M       7.6G

             total       used       free     shared    buffers     cached
Mem:          992M       922M        69M         0B       668K        17M
-/+ buffers/cache:       904M        87M
Swap:         8.0G       442M       7.6G

             total       used       free     shared    buffers     cached
Mem:          992M       925M        67M         0B       668K        17M
-/+ buffers/cache:       906M        85M
Swap:         8.0G       441M       7.6G

             total       used       free     shared    buffers     cached
Mem:          992M       927M        64M         0B       668K        17M
-/+ buffers/cache:       908M        83M
Swap:         8.0G       440M       7.6G

             total       used       free     shared    buffers     cached
Mem:          992M       929M        62M         0B       668K        17M
-/+ buffers/cache:       911M        80M
Swap:         8.0G       439M       7.6G

             total       used       free     shared    buffers     cached
Mem:          992M       919M        72M         0B       668K        17M
-/+ buffers/cache:       901M        90M
Swap:         8.0G       439M       7.6G

             total       used       free     shared    buffers     cached
Mem:          992M       921M        71M         0B       676K        17M
-/+ buffers/cache:       903M        88M
Swap:         8.0G       438M       7.6G

             total       used       free     shared    buffers     cached
Mem:          992M       923M        68M         0B       676K        17M
-/+ buffers/cache:       905M        86M
Swap:         8.0G       437M       7.6G

             total       used       free     shared    buffers     cached
Mem:          992M       925M        66M         0B       676K        17M
-/+ buffers/cache:       907M        84M
Swap:         8.0G       436M       7.6G

             total       used       free     shared    buffers     cached
Mem:          992M       928M        63M         0B       676K        17M
-/+ buffers/cache:       910M        81M
Swap:         8.0G       435M       7.6G

             total       used       free     shared    buffers     cached
Mem:          992M       930M        61M         0B       676K        17M
-/+ buffers/cache:       913M        79M
Swap:         8.0G       433M       7.6G

             total       used       free     shared    buffers     cached
Mem:          992M       914M        77M         0B       628K        14M
-/+ buffers/cache:       899M        92M
Swap:         8.0G       452M       7.6G

             total       used       free     shared    buffers     cached
Mem:          992M       917M        74M         0B       628K        14M
-/+ buffers/cache:       902M        90M
Swap:         8.0G       451M       7.6G

             total       used       free     shared    buffers     cached
Mem:          992M       919M        72M         0B       628K        14M
-/+ buffers/cache:       904M        87M
Swap:         8.0G       450M       7.6G

             total       used       free     shared    buffers     cached
Mem:          992M       921M        70M         0B       628K        14M
-/+ buffers/cache:       906M        85M
Swap:         8.0G       449M       7.6G

             total       used       free     shared    buffers     cached
Mem:          992M       923M        68M         0B       628K        14M
-/+ buffers/cache:       908M        83M
Swap:         8.0G       447M       7.6G

             total       used       free     shared    buffers     cached
Mem:          992M       926M        65M         0B       628K        14M
-/+ buffers/cache:       911M        81M
Swap:         8.0G       446M       7.6G

             total       used       free     shared    buffers     cached
Mem:          992M       928M        63M         0B       636K        14M
-/+ buffers/cache:       913M        78M
Swap:         8.0G       445M       7.6G

             total       used       free     shared    buffers     cached
Mem:          992M       930M        61M         0B       636K        14M
-/+ buffers/cache:       915M        76M
Swap:         8.0G       444M       7.6G

             total       used       free     shared    buffers     cached
Mem:          992M       918M        73M         0B       640K       8.4M
-/+ buffers/cache:       909M        82M
Swap:         8.0G       444M       7.6G

             total       used       free     shared    buffers     cached
Mem:          992M       920M        71M         0B       640K       8.4M
-/+ buffers/cache:       911M        80M
Swap:         8.0G       443M       7.6G

             total       used       free     shared    buffers     cached
Mem:          992M       922M        69M         0B       640K       8.4M
-/+ buffers/cache:       913M        78M
Swap:         8.0G       442M       7.6G

             total       used       free     shared    buffers     cached
Mem:          992M       924M        67M         0B       648K       8.4M
-/+ buffers/cache:       915M        76M
Swap:         8.0G       441M       7.6G

             total       used       free     shared    buffers     cached
Mem:          992M       926M        65M         0B       648K       8.4M
-/+ buffers/cache:       917M        74M
Swap:         8.0G       439M       7.6G

             total       used       free     shared    buffers     cached
Mem:          992M       928M        63M         0B       648K       8.4M
-/+ buffers/cache:       919M        72M
Swap:         8.0G       438M       7.6G

             total       used       free     shared    buffers     cached
Mem:          992M       931M        61M         0B       648K       8.4M
-/+ buffers/cache:       921M        70M
Swap:         8.0G       437M       7.6G

             total       used       free     shared    buffers     cached
Mem:          992M       920M        71M         0B        76K       2.9M
-/+ buffers/cache:       917M        74M
Swap:         8.0G       445M       7.6G

             total       used       free     shared    buffers     cached
Mem:          992M       922M        69M         0B        84K       2.9M
-/+ buffers/cache:       919M        72M
Swap:         8.0G       444M       7.6G

             total       used       free     shared    buffers     cached
Mem:          992M       924M        67M         0B        84K       2.8M
-/+ buffers/cache:       921M        70M
Swap:         8.0G       443M       7.6G

             total       used       free     shared    buffers     cached
Mem:          992M       926M        65M         0B       244K       2.9M
-/+ buffers/cache:       923M        68M
Swap:         8.0G       442M       7.6G

             total       used       free     shared    buffers     cached
Mem:          992M       929M        63M         0B       244K       2.9M
-/+ buffers/cache:       925M        66M
Swap:         8.0G       440M       7.6G

             total       used       free     shared    buffers     cached
Mem:          992M       920M        72M         0B       648K       2.3M
-/+ buffers/cache:       917M        75M
Swap:         8.0G       448M       7.6G

             total       used       free     shared    buffers     cached
Mem:          992M       922M        69M         0B       304K        11M
-/+ buffers/cache:       910M        81M
Swap:         8.0G       461M       7.5G

             total       used       free     shared    buffers     cached
Mem:          992M       914M        77M         4K       240K        25M
-/+ buffers/cache:       889M       103M
Swap:         8.0G       487M       7.5G

             total       used       free     shared    buffers     cached
Mem:          992M       916M        75M        16K       372K        25M
-/+ buffers/cache:       890M       101M
Swap:         8.0G       487M       7.5G

             total       used       free     shared    buffers     cached
Mem:          992M       917M        74M        16K       372K        25M
-/+ buffers/cache:       891M       100M
Swap:         8.0G       486M       7.5G

             total       used       free     shared    buffers     cached
Mem:          992M       919M        72M        16K       372K        25M
-/+ buffers/cache:       893M        98M
Swap:         8.0G       485M       7.5G

             total       used       free     shared    buffers     cached
Mem:          992M       920M        71M        16K       372K        25M
-/+ buffers/cache:       894M        97M
Swap:         8.0G       485M       7.5G

             total       used       free     shared    buffers     cached
Mem:          992M       921M        70M        16K       380K        25M
-/+ buffers/cache:       895M        96M
Swap:         8.0G       484M       7.5G

             total       used       free     shared    buffers     cached
Mem:          992M       923M        68M        16K       380K        25M
-/+ buffers/cache:       897M        94M
Swap:         8.0G       483M       7.5G

             total       used       free     shared    buffers     cached
Mem:          992M       926M        65M        16K       380K        26M
-/+ buffers/cache:       899M        92M
Swap:         8.0G       482M       7.5G

             total       used       free     shared    buffers     cached
Mem:          992M       928M        63M        16K       380K        26M
-/+ buffers/cache:       901M        90M
Swap:         8.0G       481M       7.5G

             total       used       free     shared    buffers     cached
Mem:          992M       930M        62M        16K       380K        26M
-/+ buffers/cache:       902M        89M
Swap:         8.0G       481M       7.5G

             total       used       free     shared    buffers     cached
Mem:          992M       919M        72M        16K       380K        26M
-/+ buffers/cache:       893M        99M
Swap:         8.0G       490M       7.5G

             total       used       free     shared    buffers     cached
Mem:          992M       920M        71M        16K       388K        26M
-/+ buffers/cache:       893M        98M
Swap:         8.0G       490M       7.5G

             total       used       free     shared    buffers     cached
Mem:          992M       921M        70M        16K       388K        26M
-/+ buffers/cache:       894M        97M
Swap:         8.0G       489M       7.5G

             total       used       free     shared    buffers     cached
Mem:          992M       923M        69M        16K       388K        26M
-/+ buffers/cache:       896M        95M
Swap:         8.0G       488M       7.5G

             total       used       free     shared    buffers     cached
Mem:          992M       924M        67M        16K       388K        26M
-/+ buffers/cache:       898M        94M
Swap:         8.0G       488M       7.5G

             total       used       free     shared    buffers     cached
Mem:          992M       931M        61M        16K       388K        31M
-/+ buffers/cache:       899M        92M
Swap:         8.0G       487M       7.5G

             total       used       free     shared    buffers     cached
Mem:          992M       919M        73M        16K       712K        30M
-/+ buffers/cache:       887M       104M
Swap:         8.0G       495M       7.5G

             total       used       free     shared    buffers     cached
Mem:          992M       920M        71M        16K       712K        30M
-/+ buffers/cache:       889M       103M
Swap:         8.0G       495M       7.5G

             total       used       free     shared    buffers     cached
Mem:          992M       922M        69M        16K       712K        30M
-/+ buffers/cache:       890M       101M
Swap:         8.0G       494M       7.5G

             total       used       free     shared    buffers     cached
Mem:          992M       923M        68M        16K       712K        30M
-/+ buffers/cache:       892M       100M
Swap:         8.0G       493M       7.5G

             total       used       free     shared    buffers     cached
Mem:          992M       925M        66M        16K       712K        30M
-/+ buffers/cache:       893M        98M
Swap:         8.0G       492M       7.5G

             total       used       free     shared    buffers     cached
Mem:          992M       926M        65M        16K       712K        30M
-/+ buffers/cache:       895M        97M
Swap:         8.0G       492M       7.5G

             total       used       free     shared    buffers     cached
Mem:          992M       928M        63M        16K       720K        30M
-/+ buffers/cache:       896M        95M
Swap:         8.0G       491M       7.5G

             total       used       free     shared    buffers     cached
Mem:          992M       929M        62M        16K       720K        30M
-/+ buffers/cache:       898M        93M
Swap:         8.0G       490M       7.5G

             total       used       free     shared    buffers     cached
Mem:          992M       931M        60M        16K       720K        30M
-/+ buffers/cache:       899M        92M
Swap:         8.0G       489M       7.5G

             total       used       free     shared    buffers     cached
Mem:          992M       919M        72M        16K       720K        28M
-/+ buffers/cache:       890M       102M
Swap:         8.0G       508M       7.5G

             total       used       free     shared    buffers     cached
Mem:          992M       921M        71M        16K       720K        28M
-/+ buffers/cache:       891M       100M
Swap:         8.0G       508M       7.5G

             total       used       free     shared    buffers     cached
Mem:          992M       922M        69M        16K       728K        28M
-/+ buffers/cache:       892M        99M
Swap:         8.0G       507M       7.5G

             total       used       free     shared    buffers     cached
Mem:          992M       923M        68M        16K       728K        28M
-/+ buffers/cache:       894M        98M
Swap:         8.0G       506M       7.5G

             total       used       free     shared    buffers     cached
Mem:          992M       925M        67M        16K       728K        28M
-/+ buffers/cache:       895M        96M
Swap:         8.0G       506M       7.5G

             total       used       free     shared    buffers     cached
Mem:          992M       926M        65M        16K       728K        28M
-/+ buffers/cache:       896M        95M
Swap:         8.0G       505M       7.5G

             total       used       free     shared    buffers     cached
Mem:          992M       927M        64M        16K       728K        28M
-/+ buffers/cache:       898M        93M
Swap:         8.0G       504M       7.5G

             total       used       free     shared    buffers     cached
Mem:          992M       929M        62M        16K       728K        28M
-/+ buffers/cache:       899M        92M
Swap:         8.0G       504M       7.5G

             total       used       free     shared    buffers     cached
Mem:          992M       930M        61M        16K       736K        28M
-/+ buffers/cache:       901M        91M
Swap:         8.0G       503M       7.5G

             total       used       free     shared    buffers     cached
Mem:          992M       916M        75M        16K       688K        28M
-/+ buffers/cache:       887M       104M
Swap:         8.0G       503M       7.5G

             total       used       free     shared    buffers     cached
Mem:          992M       917M        74M        16K       688K        28M
-/+ buffers/cache:       888M       103M
Swap:         8.0G       502M       7.5G

             total       used       free     shared    buffers     cached
Mem:          992M       919M        72M        16K       688K        28M
-/+ buffers/cache:       890M       101M
Swap:         8.0G       501M       7.5G

             total       used       free     shared    buffers     cached
Mem:          992M       921M        70M        16K       688K        28M
-/+ buffers/cache:       892M        99M
Swap:         8.0G       500M       7.5G

             total       used       free     shared    buffers     cached
Mem:          992M       922M        69M        16K       696K        28M
-/+ buffers/cache:       893M        98M
Swap:         8.0G       500M       7.5G

             total       used       free     shared    buffers     cached
Mem:          992M       924M        67M        16K       696K        28M
-/+ buffers/cache:       895M        96M
Swap:         8.0G       499M       7.5G

             total       used       free     shared    buffers     cached
Mem:          992M       925M        66M        16K       696K        28M
-/+ buffers/cache:       896M        95M
Swap:         8.0G       498M       7.5G

             total       used       free     shared    buffers     cached
Mem:          992M       927M        64M        16K       696K        28M
-/+ buffers/cache:       898M        93M
Swap:         8.0G       497M       7.5G

             total       used       free     shared    buffers     cached
Mem:          992M       928M        63M        16K       696K        28M
-/+ buffers/cache:       899M        92M
Swap:         8.0G       496M       7.5G

             total       used       free     shared    buffers     cached
Mem:          992M       930M        61M        16K       696K        28M
-/+ buffers/cache:       901M        91M
Swap:         8.0G       495M       7.5G

             total       used       free     shared    buffers     cached
Mem:          992M       909M        82M        16K       688K        25M
-/+ buffers/cache:       883M       108M
Swap:         8.0G       521M       7.5G

             total       used       free     shared    buffers     cached
Mem:          992M       911M        81M        16K       688K        25M
-/+ buffers/cache:       884M       107M
Swap:         8.0G       520M       7.5G

             total       used       free     shared    buffers     cached
Mem:          992M       912M        79M        16K       688K        25M
-/+ buffers/cache:       886M       105M
Swap:         8.0G       519M       7.5G

             total       used       free     shared    buffers     cached
Mem:          992M       913M        78M        16K       688K        25M
-/+ buffers/cache:       887M       104M
Swap:         8.0G       519M       7.5G

             total       used       free     shared    buffers     cached
Mem:          992M       915M        77M        16K       688K        25M
-/+ buffers/cache:       889M       103M
Swap:         8.0G       518M       7.5G

             total       used       free     shared    buffers     cached
Mem:          992M       916M        75M        16K       696K        25M
-/+ buffers/cache:       890M       101M
Swap:         8.0G       517M       7.5G

             total       used       free     shared    buffers     cached
Mem:          992M       917M        74M        16K       696K        25M
-/+ buffers/cache:       891M       100M
Swap:         8.0G       517M       7.5G

             total       used       free     shared    buffers     cached
Mem:          992M       919M        72M        16K       696K        25M
-/+ buffers/cache:       893M        99M
Swap:         8.0G       516M       7.5G

             total       used       free     shared    buffers     cached
Mem:          992M       920M        71M        16K       696K        25M
-/+ buffers/cache:       894M        97M
Swap:         8.0G       515M       7.5G

             total       used       free     shared    buffers     cached
Mem:          992M       922M        69M        16K       696K        25M
-/+ buffers/cache:       896M        95M
Swap:         8.0G       514M       7.5G

             total       used       free     shared    buffers     cached
Mem:          992M       923M        68M        16K       696K        25M
-/+ buffers/cache:       897M        94M
Swap:         8.0G       513M       7.5G

             total       used       free     shared    buffers     cached
Mem:          992M       925M        66M        16K       704K        25M
-/+ buffers/cache:       899M        92M
Swap:         8.0G       513M       7.5G

             total       used       free     shared    buffers     cached
Mem:          992M       926M        65M        16K       704K        25M
-/+ buffers/cache:       900M        91M
Swap:         8.0G       512M       7.5G

             total       used       free     shared    buffers     cached
Mem:          992M       927M        64M        16K       704K        25M
-/+ buffers/cache:       901M        90M
Swap:         8.0G       511M       7.5G

             total       used       free     shared    buffers     cached
Mem:          992M       929M        62M        16K       704K        25M
-/+ buffers/cache:       903M        88M
Swap:         8.0G       510M       7.5G

             total       used       free     shared    buffers     cached
Mem:          992M       931M        60M        16K       704K        25M
-/+ buffers/cache:       905M        87M
Swap:         8.0G       509M       7.5G

             total       used       free     shared    buffers     cached
Mem:          992M       919M        72M        16K       568K        24M
-/+ buffers/cache:       894M        97M
Swap:         8.0G       509M       7.5G

             total       used       free     shared    buffers     cached
Mem:          992M       921M        70M        16K       568K        24M
-/+ buffers/cache:       896M        95M
Swap:         8.0G       508M       7.5G

             total       used       free     shared    buffers     cached
Mem:          992M       923M        69M        16K       568K        24M
-/+ buffers/cache:       897M        94M
Swap:         8.0G       507M       7.5G

             total       used       free     shared    buffers     cached
Mem:          992M       925M        66M        16K       568K        25M
-/+ buffers/cache:       899M        92M
Swap:         8.0G       506M       7.5G

             total       used       free     shared    buffers     cached
Mem:          992M       927M        64M        20K       704K        25M
-/+ buffers/cache:       901M        90M
Swap:         8.0G       505M       7.5G

             total       used       free     shared    buffers     cached
Mem:          992M       929M        62M        20K       704K        25M
-/+ buffers/cache:       903M        89M
Swap:         8.0G       504M       7.5G

             total       used       free     shared    buffers     cached
Mem:          992M       931M        61M        20K       712K        25M
-/+ buffers/cache:       904M        87M
Swap:         8.0G       503M       7.5G

             total       used       free     shared    buffers     cached
Mem:          992M       927M        64M        20K       360K        16M
-/+ buffers/cache:       910M        81M
Swap:         8.0G       500M       7.5G

             total       used       free     shared    buffers     cached
Mem:          992M       929M        63M        20K       520K        16M
-/+ buffers/cache:       912M        79M
Swap:         8.0G       499M       7.5G

             total       used       free     shared    buffers     cached
Mem:          992M       919M        72M        20K       320K        19M
-/+ buffers/cache:       900M        92M
Swap:         8.0G       511M       7.5G

             total       used       free     shared    buffers     cached
Mem:          992M       920M        72M        20K       320K        19M
-/+ buffers/cache:       900M        91M
Swap:         8.0G       511M       7.5G

             total       used       free     shared    buffers     cached
Mem:          992M       920M        71M        20K       328K        19M
-/+ buffers/cache:       901M        91M
Swap:         8.0G       510M       7.5G

             total       used       free     shared    buffers     cached
Mem:          992M       921M        70M        20K       460K        19M
-/+ buffers/cache:       901M        90M
Swap:         8.0G       510M       7.5G

             total       used       free     shared    buffers     cached
Mem:          992M       922M        69M        20K       460K        19M
-/+ buffers/cache:       902M        89M
Swap:         8.0G       510M       7.5G

             total       used       free     shared    buffers     cached
Mem:          992M       923M        69M        20K       460K        19M
-/+ buffers/cache:       903M        89M
Swap:         8.0G       509M       7.5G

             total       used       free     shared    buffers     cached
Mem:          992M       930M        61M        20K       460K        25M
-/+ buffers/cache:       904M        87M
Swap:         8.0G       509M       7.5G

             total       used       free     shared    buffers     cached
Mem:          992M       931M        60M        20K       776K        25M
-/+ buffers/cache:       905M        87M
Swap:         8.0G       508M       7.5G

             total       used       free     shared    buffers     cached
Mem:          992M       915M        76M        20K       780K        24M
-/+ buffers/cache:       890M       101M
Swap:         8.0G       529M       7.5G

             total       used       free     shared    buffers     cached
Mem:          992M       916M        75M        20K       780K        24M
-/+ buffers/cache:       891M       101M
Swap:         8.0G       528M       7.5G

             total       used       free     shared    buffers     cached
Mem:          992M       920M        71M       124K       780K        27M
-/+ buffers/cache:       892M        99M
Swap:         8.0G       527M       7.5G

             total       used       free     shared    buffers     cached
Mem:          992M       921M        70M       3.8M       5.3M        55M
-/+ buffers/cache:       861M       130M
Swap:         8.0G       562M       7.4G

             total       used       free     shared    buffers     cached
Mem:          992M       921M        70M       228K       4.9M        65M
-/+ buffers/cache:       851M       140M
Swap:         8.0G       586M       7.4G

             total       used       free     shared    buffers     cached
Mem:          992M       919M        73M       256K       4.6M        63M
-/+ buffers/cache:       850M       141M
Swap:         8.0G       580M       7.4G

             total       used       free     shared    buffers     cached
Mem:          992M       919M        72M       256K       4.6M        63M
-/+ buffers/cache:       851M       140M
Swap:         8.0G       580M       7.4G

             total       used       free     shared    buffers     cached
Mem:          992M       921M        71M       256K       4.6M        63M
-/+ buffers/cache:       852M       139M
Swap:         8.0G       580M       7.4G

             total       used       free     shared    buffers     cached
Mem:          992M       922M        70M       256K       4.6M        63M
-/+ buffers/cache:       853M       138M
Swap:         8.0G       579M       7.4G

             total       used       free     shared    buffers     cached
Mem:          992M       923M        68M       256K       4.6M        63M
-/+ buffers/cache:       854M       137M
Swap:         8.0G       579M       7.4G

             total       used       free     shared    buffers     cached
Mem:          992M       926M        66M       256K       4.8M        64M
-/+ buffers/cache:       856M       135M
Swap:         8.0G       578M       7.4G

             total       used       free     shared    buffers     cached
Mem:          992M       927M        64M       256K       4.8M        64M
-/+ buffers/cache:       858M       134M
Swap:         8.0G       577M       7.4G

             total       used       free     shared    buffers     cached
Mem:          992M       929M        63M       256K       4.8M        64M
-/+ buffers/cache:       859M       132M
Swap:         8.0G       577M       7.4G

             total       used       free     shared    buffers     cached
Mem:          992M       930M        61M       256K       4.8M        64M
-/+ buffers/cache:       861M       131M
Swap:         8.0G       576M       7.4G

             total       used       free     shared    buffers     cached
Mem:          992M       911M        81M       256K       4.5M        62M
-/+ buffers/cache:       844M       147M
Swap:         8.0G       590M       7.4G

             total       used       free     shared    buffers     cached
Mem:          992M       912M        79M       256K       4.5M        62M
-/+ buffers/cache:       845M       146M
Swap:         8.0G       590M       7.4G

             total       used       free     shared    buffers     cached
Mem:          992M       914M        78M       256K       4.5M        62M
-/+ buffers/cache:       847M       144M
Swap:         8.0G       589M       7.4G

             total       used       free     shared    buffers     cached
Mem:          992M       915M        76M       256K       4.5M        62M
-/+ buffers/cache:       848M       143M
Swap:         8.0G       588M       7.4G

             total       used       free     shared    buffers     cached
Mem:          992M       917M        75M       256K       4.5M        62M
-/+ buffers/cache:       850M       141M
Swap:         8.0G       588M       7.4G

             total       used       free     shared    buffers     cached
Mem:          992M       918M        73M       256K       4.5M        62M
-/+ buffers/cache:       851M       140M
Swap:         8.0G       587M       7.4G

             total       used       free     shared    buffers     cached
Mem:          992M       920M        71M       256K       4.5M        62M
-/+ buffers/cache:       853M       138M
Swap:         8.0G       586M       7.4G

             total       used       free     shared    buffers     cached
Mem:          992M       921M        70M       256K       4.5M        62M
-/+ buffers/cache:       854M       137M
Swap:         8.0G       586M       7.4G

             total       used       free     shared    buffers     cached
Mem:          992M       923M        68M       256K       4.5M        62M
-/+ buffers/cache:       856M       135M
Swap:         8.0G       585M       7.4G

             total       used       free     shared    buffers     cached
Mem:          992M       924M        67M       256K       4.5M        62M
-/+ buffers/cache:       857M       134M
Swap:         8.0G       584M       7.4G

             total       used       free     shared    buffers     cached
Mem:          992M       926M        65M       256K       4.5M        62M
-/+ buffers/cache:       859M       132M
Swap:         8.0G       584M       7.4G

             total       used       free     shared    buffers     cached
Mem:          992M       928M        64M       256K       4.5M        62M
-/+ buffers/cache:       860M       131M
Swap:         8.0G       583M       7.4G

             total       used       free     shared    buffers     cached
Mem:          992M       929M        62M       256K       4.5M        62M
-/+ buffers/cache:       862M       129M
Swap:         8.0G       582M       7.4G

             total       used       free     shared    buffers     cached
Mem:          992M       931M        61M       256K       4.5M        62M
-/+ buffers/cache:       864M       128M
Swap:         8.0G       582M       7.4G

             total       used       free     shared    buffers     cached
Mem:          992M       918M        73M       256K       4.5M        61M
-/+ buffers/cache:       852M       139M
Swap:         8.0G       598M       7.4G

             total       used       free     shared    buffers     cached
Mem:          992M       919M        72M       256K       4.5M        61M
-/+ buffers/cache:       854M       138M
Swap:         8.0G       597M       7.4G

             total       used       free     shared    buffers     cached
Mem:          992M       921M        70M       256K       4.5M        61M
-/+ buffers/cache:       855M       136M
Swap:         8.0G       597M       7.4G

             total       used       free     shared    buffers     cached
Mem:          992M       923M        69M       256K       4.5M        61M
-/+ buffers/cache:       857M       134M
Swap:         8.0G       596M       7.4G

             total       used       free     shared    buffers     cached
Mem:          992M       924M        67M       256K       4.5M        61M
-/+ buffers/cache:       858M       133M
Swap:         8.0G       596M       7.4G

             total       used       free     shared    buffers     cached
Mem:          992M       925M        66M       256K       4.5M        61M
-/+ buffers/cache:       860M       132M
Swap:         8.0G       595M       7.4G

             total       used       free     shared    buffers     cached
Mem:          992M       927M        64M       256K       4.5M        61M
-/+ buffers/cache:       861M       130M
Swap:         8.0G       594M       7.4G

             total       used       free     shared    buffers     cached
Mem:          992M       929M        63M       256K       4.5M        61M
-/+ buffers/cache:       863M       129M
Swap:         8.0G       593M       7.4G

             total       used       free     shared    buffers     cached
Mem:          992M       930M        61M       256K       4.5M        61M
-/+ buffers/cache:       864M       127M
Swap:         8.0G       593M       7.4G

             total       used       free     shared    buffers     cached
Mem:          992M       913M        78M       256K       4.1M        59M
-/+ buffers/cache:       849M       142M
Swap:         8.0G       608M       7.4G

             total       used       free     shared    buffers     cached
Mem:          992M       914M        77M       256K       4.1M        59M
-/+ buffers/cache:       851M       140M
Swap:         8.0G       607M       7.4G

             total       used       free     shared    buffers     cached
Mem:          992M       916M        75M       256K       4.1M        59M
-/+ buffers/cache:       852M       139M
Swap:         8.0G       607M       7.4G

             total       used       free     shared    buffers     cached
Mem:          992M       918M        74M       256K       4.1M        59M
-/+ buffers/cache:       854M       137M
Swap:         8.0G       606M       7.4G

             total       used       free     shared    buffers     cached
Mem:          992M       919M        72M       256K       4.1M        59M
-/+ buffers/cache:       855M       136M
Swap:         8.0G       605M       7.4G

             total       used       free     shared    buffers     cached
Mem:          992M       921M        71M       256K       4.1M        59M
-/+ buffers/cache:       857M       134M
Swap:         8.0G       605M       7.4G

             total       used       free     shared    buffers     cached
Mem:          992M       922M        69M       256K       4.1M        59M
-/+ buffers/cache:       858M       133M
Swap:         8.0G       604M       7.4G

             total       used       free     shared    buffers     cached
Mem:          992M       929M        62M       256K       5.1M        63M
-/+ buffers/cache:       861M       130M
Swap:         8.0G       603M       7.4G

             total       used       free     shared    buffers     cached
Mem:          992M       906M        85M       300K       8.0M        69M
-/+ buffers/cache:       829M       163M
Swap:         8.0G       629M       7.4G
