             total       used       free     shared    buffers     cached
Mem:          2.0G       664M       1.3G       3.2M        38M       289M
-/+ buffers/cache:       336M       1.6G
Swap:         8.0G         0B       8.0G

             total       used       free     shared    buffers     cached
Mem:          2.0G       663M       1.3G       3.2M        38M       289M
-/+ buffers/cache:       334M       1.6G
Swap:         8.0G         0B       8.0G

             total       used       free     shared    buffers     cached
Mem:          2.0G       663M       1.3G       3.2M        38M       290M
-/+ buffers/cache:       334M       1.6G
Swap:         8.0G         0B       8.0G

             total       used       free     shared    buffers     cached
Mem:          2.0G       663M       1.3G       3.2M        38M       290M
-/+ buffers/cache:       334M       1.6G
Swap:         8.0G         0B       8.0G

             total       used       free     shared    buffers     cached
Mem:          2.0G       663M       1.3G       3.2M        38M       290M
-/+ buffers/cache:       334M       1.6G
Swap:         8.0G         0B       8.0G

             total       used       free     shared    buffers     cached
Mem:          2.0G       663M       1.3G       3.2M        38M       289M
-/+ buffers/cache:       334M       1.6G
Swap:         8.0G         0B       8.0G

             total       used       free     shared    buffers     cached
Mem:          2.0G       663M       1.3G       3.2M        38M       290M
-/+ buffers/cache:       334M       1.6G
Swap:         8.0G         0B       8.0G

             total       used       free     shared    buffers     cached
Mem:          2.0G       663M       1.3G       3.2M        38M       290M
-/+ buffers/cache:       334M       1.6G
Swap:         8.0G         0B       8.0G

             total       used       free     shared    buffers     cached
Mem:          2.0G       663M       1.3G       3.2M        38M       290M
-/+ buffers/cache:       334M       1.6G
Swap:         8.0G         0B       8.0G

             total       used       free     shared    buffers     cached
Mem:          2.0G       663M       1.3G       3.2M        38M       290M
-/+ buffers/cache:       334M       1.6G
Swap:         8.0G         0B       8.0G

             total       used       free     shared    buffers     cached
Mem:          2.0G       666M       1.3G       3.2M        38M       290M
-/+ buffers/cache:       338M       1.6G
Swap:         8.0G         0B       8.0G

             total       used       free     shared    buffers     cached
Mem:          2.0G       688M       1.3G       3.2M        38M       290M
-/+ buffers/cache:       359M       1.6G
Swap:         8.0G         0B       8.0G

             total       used       free     shared    buffers     cached
Mem:          2.0G       672M       1.3G       3.2M        38M       291M
-/+ buffers/cache:       342M       1.6G
Swap:         8.0G         0B       8.0G

             total       used       free     shared    buffers     cached
Mem:          2.0G       672M       1.3G       3.2M        38M       291M
-/+ buffers/cache:       342M       1.6G
Swap:         8.0G         0B       8.0G

             total       used       free     shared    buffers     cached
Mem:          2.0G       673M       1.3G       3.2M        38M       291M
-/+ buffers/cache:       342M       1.6G
Swap:         8.0G         0B       8.0G

             total       used       free     shared    buffers     cached
Mem:          2.0G       673M       1.3G       3.2M        38M       291M
-/+ buffers/cache:       342M       1.6G
Swap:         8.0G         0B       8.0G

             total       used       free     shared    buffers     cached
Mem:          2.0G       673M       1.3G       3.2M        38M       291M
-/+ buffers/cache:       342M       1.6G
Swap:         8.0G         0B       8.0G

             total       used       free     shared    buffers     cached
Mem:          2.0G       673M       1.3G       3.2M        38M       291M
-/+ buffers/cache:       342M       1.6G
Swap:         8.0G         0B       8.0G

             total       used       free     shared    buffers     cached
Mem:          2.0G       673M       1.3G       3.2M        38M       291M
-/+ buffers/cache:       342M       1.6G
Swap:         8.0G         0B       8.0G

             total       used       free     shared    buffers     cached
Mem:          2.0G       673M       1.3G       3.2M        38M       291M
-/+ buffers/cache:       342M       1.6G
Swap:         8.0G         0B       8.0G

             total       used       free     shared    buffers     cached
Mem:          2.0G       673M       1.3G       3.2M        38M       291M
-/+ buffers/cache:       342M       1.6G
Swap:         8.0G         0B       8.0G

             total       used       free     shared    buffers     cached
Mem:          2.0G       673M       1.3G       3.2M        38M       291M
-/+ buffers/cache:       343M       1.6G
Swap:         8.0G         0B       8.0G

             total       used       free     shared    buffers     cached
Mem:          2.0G       673M       1.3G       3.2M        38M       291M
-/+ buffers/cache:       342M       1.6G
Swap:         8.0G         0B       8.0G

             total       used       free     shared    buffers     cached
Mem:          2.0G       673M       1.3G       3.2M        38M       291M
-/+ buffers/cache:       342M       1.6G
Swap:         8.0G         0B       8.0G

             total       used       free     shared    buffers     cached
Mem:          2.0G       673M       1.3G       3.2M        38M       291M
-/+ buffers/cache:       342M       1.6G
Swap:         8.0G         0B       8.0G

             total       used       free     shared    buffers     cached
Mem:          2.0G       673M       1.3G       3.2M        38M       291M
-/+ buffers/cache:       342M       1.6G
Swap:         8.0G         0B       8.0G

             total       used       free     shared    buffers     cached
Mem:          2.0G       673M       1.3G       3.2M        38M       291M
-/+ buffers/cache:       342M       1.6G
Swap:         8.0G         0B       8.0G

             total       used       free     shared    buffers     cached
Mem:          2.0G       673M       1.3G       3.2M        38M       291M
-/+ buffers/cache:       342M       1.6G
Swap:         8.0G         0B       8.0G

             total       used       free     shared    buffers     cached
Mem:          2.0G       673M       1.3G       3.2M        38M       291M
-/+ buffers/cache:       342M       1.6G
Swap:         8.0G         0B       8.0G

             total       used       free     shared    buffers     cached
Mem:          2.0G       673M       1.3G       3.2M        38M       291M
-/+ buffers/cache:       342M       1.6G
Swap:         8.0G         0B       8.0G

             total       used       free     shared    buffers     cached
Mem:          2.0G       673M       1.3G       3.2M        38M       291M
-/+ buffers/cache:       342M       1.6G
Swap:         8.0G         0B       8.0G

             total       used       free     shared    buffers     cached
Mem:          2.0G       673M       1.3G       3.2M        38M       291M
-/+ buffers/cache:       342M       1.6G
Swap:         8.0G         0B       8.0G

             total       used       free     shared    buffers     cached
Mem:          2.0G       673M       1.3G       3.2M        38M       291M
-/+ buffers/cache:       342M       1.6G
Swap:         8.0G         0B       8.0G

             total       used       free     shared    buffers     cached
Mem:          2.0G       678M       1.3G       3.2M        38M       291M
-/+ buffers/cache:       348M       1.6G
Swap:         8.0G         0B       8.0G

             total       used       free     shared    buffers     cached
Mem:          2.0G       693M       1.3G       3.2M        38M       291M
-/+ buffers/cache:       362M       1.6G
Swap:         8.0G         0B       8.0G

             total       used       free     shared    buffers     cached
Mem:          2.0G       707M       1.3G       3.2M        38M       291M
-/+ buffers/cache:       377M       1.6G
Swap:         8.0G         0B       8.0G

             total       used       free     shared    buffers     cached
Mem:          2.0G       721M       1.2G       3.2M        38M       291M
-/+ buffers/cache:       391M       1.6G
Swap:         8.0G         0B       8.0G

             total       used       free     shared    buffers     cached
Mem:          2.0G       736M       1.2G       3.2M        38M       291M
-/+ buffers/cache:       406M       1.6G
Swap:         8.0G         0B       8.0G

             total       used       free     shared    buffers     cached
Mem:          2.0G       750M       1.2G       3.2M        38M       291M
-/+ buffers/cache:       420M       1.5G
Swap:         8.0G         0B       8.0G

             total       used       free     shared    buffers     cached
Mem:          2.0G       767M       1.2G       3.2M        38M       291M
-/+ buffers/cache:       437M       1.5G
Swap:         8.0G         0B       8.0G

             total       used       free     shared    buffers     cached
Mem:          2.0G       783M       1.2G       3.2M        38M       291M
-/+ buffers/cache:       453M       1.5G
Swap:         8.0G         0B       8.0G

             total       used       free     shared    buffers     cached
Mem:          2.0G       797M       1.2G       3.2M        38M       291M
-/+ buffers/cache:       466M       1.5G
Swap:         8.0G         0B       8.0G

             total       used       free     shared    buffers     cached
Mem:          2.0G       812M       1.2G       3.2M        38M       291M
-/+ buffers/cache:       481M       1.5G
Swap:         8.0G         0B       8.0G

             total       used       free     shared    buffers     cached
Mem:          2.0G       828M       1.1G       3.2M        38M       291M
-/+ buffers/cache:       497M       1.5G
Swap:         8.0G         0B       8.0G

             total       used       free     shared    buffers     cached
Mem:          2.0G       844M       1.1G       3.2M        38M       291M
-/+ buffers/cache:       513M       1.5G
Swap:         8.0G         0B       8.0G

             total       used       free     shared    buffers     cached
Mem:          2.0G       862M       1.1G       3.2M        38M       291M
-/+ buffers/cache:       532M       1.4G
Swap:         8.0G         0B       8.0G

             total       used       free     shared    buffers     cached
Mem:          2.0G       878M       1.1G       3.2M        38M       291M
-/+ buffers/cache:       548M       1.4G
Swap:         8.0G         0B       8.0G

             total       used       free     shared    buffers     cached
Mem:          2.0G       894M       1.1G       3.2M        38M       291M
-/+ buffers/cache:       564M       1.4G
Swap:         8.0G         0B       8.0G

             total       used       free     shared    buffers     cached
Mem:          2.0G       907M       1.1G       3.2M        38M       291M
-/+ buffers/cache:       577M       1.4G
Swap:         8.0G         0B       8.0G

             total       used       free     shared    buffers     cached
Mem:          2.0G       924M       1.1G       3.2M        38M       291M
-/+ buffers/cache:       594M       1.4G
Swap:         8.0G         0B       8.0G

             total       used       free     shared    buffers     cached
Mem:          2.0G       941M       1.0G       3.2M        38M       291M
-/+ buffers/cache:       611M       1.4G
Swap:         8.0G         0B       8.0G

             total       used       free     shared    buffers     cached
Mem:          2.0G       958M       1.0G       3.2M        38M       291M
-/+ buffers/cache:       628M       1.3G
Swap:         8.0G         0B       8.0G

             total       used       free     shared    buffers     cached
Mem:          2.0G       976M       1.0G       3.2M        38M       291M
-/+ buffers/cache:       646M       1.3G
Swap:         8.0G         0B       8.0G

             total       used       free     shared    buffers     cached
Mem:          2.0G       992M       1.0G       3.2M        38M       291M
-/+ buffers/cache:       662M       1.3G
Swap:         8.0G         0B       8.0G

             total       used       free     shared    buffers     cached
Mem:          2.0G       1.0G       991M       3.2M        38M       291M
-/+ buffers/cache:       678M       1.3G
Swap:         8.0G         0B       8.0G

             total       used       free     shared    buffers     cached
Mem:          2.0G       1.0G       975M       3.2M        38M       291M
-/+ buffers/cache:       694M       1.3G
Swap:         8.0G         0B       8.0G

             total       used       free     shared    buffers     cached
Mem:          2.0G       1.0G       959M       3.2M        38M       291M
-/+ buffers/cache:       710M       1.3G
Swap:         8.0G         0B       8.0G

             total       used       free     shared    buffers     cached
Mem:          2.0G       1.0G       943M       3.2M        38M       291M
-/+ buffers/cache:       726M       1.2G
Swap:         8.0G         0B       8.0G

             total       used       free     shared    buffers     cached
Mem:          2.0G       1.0G       925M       3.2M        38M       291M
-/+ buffers/cache:       744M       1.2G
Swap:         8.0G         0B       8.0G

             total       used       free     shared    buffers     cached
Mem:          2.0G       1.1G       907M       3.2M        38M       291M
-/+ buffers/cache:       762M       1.2G
Swap:         8.0G         0B       8.0G

             total       used       free     shared    buffers     cached
Mem:          2.0G       1.1G       892M       3.2M        38M       291M
-/+ buffers/cache:       777M       1.2G
Swap:         8.0G         0B       8.0G

             total       used       free     shared    buffers     cached
Mem:          2.0G       1.1G       877M       3.2M        38M       291M
-/+ buffers/cache:       792M       1.2G
Swap:         8.0G         0B       8.0G

             total       used       free     shared    buffers     cached
Mem:          2.0G       1.1G       863M       3.2M        38M       291M
-/+ buffers/cache:       806M       1.2G
Swap:         8.0G         0B       8.0G

             total       used       free     shared    buffers     cached
Mem:          2.0G       1.1G       845M       3.2M        38M       291M
-/+ buffers/cache:       824M       1.1G
Swap:         8.0G         0B       8.0G

             total       used       free     shared    buffers     cached
Mem:          2.0G       1.1G       826M       3.2M        38M       291M
-/+ buffers/cache:       843M       1.1G
Swap:         8.0G         0B       8.0G

             total       used       free     shared    buffers     cached
Mem:          2.0G       1.2G       808M       3.2M        38M       291M
-/+ buffers/cache:       860M       1.1G
Swap:         8.0G         0B       8.0G

             total       used       free     shared    buffers     cached
Mem:          2.0G       1.2G       792M       3.2M        38M       291M
-/+ buffers/cache:       877M       1.1G
Swap:         8.0G         0B       8.0G

             total       used       free     shared    buffers     cached
Mem:          2.0G       1.2G       774M       3.2M        38M       291M
-/+ buffers/cache:       895M       1.1G
Swap:         8.0G         0B       8.0G

             total       used       free     shared    buffers     cached
Mem:          2.0G       1.2G       755M       3.2M        38M       291M
-/+ buffers/cache:       914M       1.1G
Swap:         8.0G         0B       8.0G

             total       used       free     shared    buffers     cached
Mem:          2.0G       1.2G       738M       3.2M        38M       291M
-/+ buffers/cache:       930M       1.0G
Swap:         8.0G         0B       8.0G

             total       used       free     shared    buffers     cached
Mem:          2.0G       1.3G       720M       3.2M        38M       292M
-/+ buffers/cache:       949M       1.0G
Swap:         8.0G         0B       8.0G

             total       used       free     shared    buffers     cached
Mem:          2.0G       1.3G       702M       3.2M        38M       292M
-/+ buffers/cache:       966M       1.0G
Swap:         8.0G         0B       8.0G

             total       used       free     shared    buffers     cached
Mem:          2.0G       1.3G       686M       3.2M        38M       292M
-/+ buffers/cache:       982M       1.0G
Swap:         8.0G         0B       8.0G

             total       used       free     shared    buffers     cached
Mem:          2.0G       1.3G       669M       3.2M        38M       292M
-/+ buffers/cache:       999M       1.0G
Swap:         8.0G         0B       8.0G

             total       used       free     shared    buffers     cached
Mem:          2.0G       1.3G       653M       3.2M        38M       292M
-/+ buffers/cache:       1.0G       985M
Swap:         8.0G         0B       8.0G

             total       used       free     shared    buffers     cached
Mem:          2.0G       1.3G       637M       3.2M        38M       292M
-/+ buffers/cache:       1.0G       968M
Swap:         8.0G         0B       8.0G

             total       used       free     shared    buffers     cached
Mem:          2.0G       1.3G       620M       3.2M        38M       292M
-/+ buffers/cache:       1.0G       952M
Swap:         8.0G         0B       8.0G

             total       used       free     shared    buffers     cached
Mem:          2.0G       1.4G       603M       3.2M        38M       292M
-/+ buffers/cache:       1.0G       934M
Swap:         8.0G         0B       8.0G

             total       used       free     shared    buffers     cached
Mem:          2.0G       1.4G       587M       3.2M        38M       292M
-/+ buffers/cache:       1.1G       918M
Swap:         8.0G         0B       8.0G

             total       used       free     shared    buffers     cached
Mem:          2.0G       1.4G       570M       3.2M        38M       292M
-/+ buffers/cache:       1.1G       901M
Swap:         8.0G         0B       8.0G

             total       used       free     shared    buffers     cached
Mem:          2.0G       1.4G       553M       3.2M        38M       292M
-/+ buffers/cache:       1.1G       884M
Swap:         8.0G         0B       8.0G

             total       used       free     shared    buffers     cached
Mem:          2.0G       1.4G       537M       3.2M        38M       292M
-/+ buffers/cache:       1.1G       868M
Swap:         8.0G         0B       8.0G

             total       used       free     shared    buffers     cached
Mem:          2.0G       1.4G       521M       3.2M        38M       292M
-/+ buffers/cache:       1.1G       852M
Swap:         8.0G         0B       8.0G

             total       used       free     shared    buffers     cached
Mem:          2.0G       1.5G       504M       3.2M        38M       292M
-/+ buffers/cache:       1.1G       835M
Swap:         8.0G         0B       8.0G

             total       used       free     shared    buffers     cached
Mem:          2.0G       1.5G       487M       3.2M        38M       292M
-/+ buffers/cache:       1.2G       818M
Swap:         8.0G         0B       8.0G

             total       used       free     shared    buffers     cached
Mem:          2.0G       1.5G       469M       3.2M        38M       292M
-/+ buffers/cache:       1.2G       800M
Swap:         8.0G         0B       8.0G

             total       used       free     shared    buffers     cached
Mem:          2.0G       1.5G       452M       3.2M        38M       292M
-/+ buffers/cache:       1.2G       783M
Swap:         8.0G         0B       8.0G

             total       used       free     shared    buffers     cached
Mem:          2.0G       1.5G       436M       3.2M        38M       292M
-/+ buffers/cache:       1.2G       767M
Swap:         8.0G         0B       8.0G

             total       used       free     shared    buffers     cached
Mem:          2.0G       1.5G       426M       3.2M        38M       292M
-/+ buffers/cache:       1.2G       757M
Swap:         8.0G         0B       8.0G

             total       used       free     shared    buffers     cached
Mem:          2.0G       1.5G       418M       3.2M        38M       292M
-/+ buffers/cache:       1.2G       749M
Swap:         8.0G         0B       8.0G

             total       used       free     shared    buffers     cached
Mem:          2.0G       1.6G       402M       3.2M        38M       292M
-/+ buffers/cache:       1.2G       733M
Swap:         8.0G         0B       8.0G

             total       used       free     shared    buffers     cached
Mem:          2.0G       1.6G       386M       3.2M        38M       292M
-/+ buffers/cache:       1.3G       717M
Swap:         8.0G         0B       8.0G

             total       used       free     shared    buffers     cached
Mem:          2.0G       1.6G       369M       3.2M        38M       292M
-/+ buffers/cache:       1.3G       700M
Swap:         8.0G         0B       8.0G

             total       used       free     shared    buffers     cached
Mem:          2.0G       1.6G       352M       3.2M        38M       292M
-/+ buffers/cache:       1.3G       683M
Swap:         8.0G         0B       8.0G

             total       used       free     shared    buffers     cached
Mem:          2.0G       1.6G       337M       3.2M        38M       292M
-/+ buffers/cache:       1.3G       668M
Swap:         8.0G         0B       8.0G

             total       used       free     shared    buffers     cached
Mem:          2.0G       1.6G       323M       3.2M        38M       292M
-/+ buffers/cache:       1.3G       654M
Swap:         8.0G         0B       8.0G

             total       used       free     shared    buffers     cached
Mem:          2.0G       1.7G       308M       3.2M        38M       292M
-/+ buffers/cache:       1.3G       639M
Swap:         8.0G         0B       8.0G

             total       used       free     shared    buffers     cached
Mem:          2.0G       1.7G       293M       3.2M        38M       292M
-/+ buffers/cache:       1.3G       624M
Swap:         8.0G         0B       8.0G

             total       used       free     shared    buffers     cached
Mem:          2.0G       1.7G       278M       3.2M        38M       292M
-/+ buffers/cache:       1.4G       609M
Swap:         8.0G         0B       8.0G

             total       used       free     shared    buffers     cached
Mem:          2.0G       1.7G       262M       3.2M        38M       292M
-/+ buffers/cache:       1.4G       593M
Swap:         8.0G         0B       8.0G

             total       used       free     shared    buffers     cached
Mem:          2.0G       1.7G       246M       3.2M        38M       292M
-/+ buffers/cache:       1.4G       577M
Swap:         8.0G         0B       8.0G

             total       used       free     shared    buffers     cached
Mem:          2.0G       1.7G       231M       3.2M        38M       292M
-/+ buffers/cache:       1.4G       562M
Swap:         8.0G         0B       8.0G

             total       used       free     shared    buffers     cached
Mem:          2.0G       1.7G       216M       3.2M        38M       292M
-/+ buffers/cache:       1.4G       547M
Swap:         8.0G         0B       8.0G

             total       used       free     shared    buffers     cached
Mem:          2.0G       1.8G       202M       3.2M        38M       292M
-/+ buffers/cache:       1.4G       533M
Swap:         8.0G         0B       8.0G

             total       used       free     shared    buffers     cached
Mem:          2.0G       1.8G       188M       3.2M        38M       292M
-/+ buffers/cache:       1.4G       519M
Swap:         8.0G         0B       8.0G

             total       used       free     shared    buffers     cached
Mem:          2.0G       1.8G       174M       3.2M        38M       292M
-/+ buffers/cache:       1.5G       505M
Swap:         8.0G         0B       8.0G

             total       used       free     shared    buffers     cached
Mem:          2.0G       1.8G       160M       3.2M        38M       292M
-/+ buffers/cache:       1.5G       491M
Swap:         8.0G         0B       8.0G

             total       used       free     shared    buffers     cached
Mem:          2.0G       1.8G       145M       3.2M        38M       292M
-/+ buffers/cache:       1.5G       476M
Swap:         8.0G         0B       8.0G

             total       used       free     shared    buffers     cached
Mem:          2.0G       1.8G       129M       3.2M        38M       292M
-/+ buffers/cache:       1.5G       460M
Swap:         8.0G         0B       8.0G

             total       used       free     shared    buffers     cached
Mem:          2.0G       1.8G       113M       3.2M        38M       292M
-/+ buffers/cache:       1.5G       444M
Swap:         8.0G         0B       8.0G

             total       used       free     shared    buffers     cached
Mem:          2.0G       1.9G        97M       3.2M        38M       292M
-/+ buffers/cache:       1.5G       428M
Swap:         8.0G         0B       8.0G

             total       used       free     shared    buffers     cached
Mem:          2.0G       1.9G        81M       3.2M        38M       292M
-/+ buffers/cache:       1.6G       412M
Swap:         8.0G         0B       8.0G

             total       used       free     shared    buffers     cached
Mem:          2.0G       1.9G        65M       3.2M        38M       292M
-/+ buffers/cache:       1.6G       396M
Swap:         8.0G         0B       8.0G

             total       used       free     shared    buffers     cached
Mem:          2.0G       1.9G        70M       3.2M        17M       290M
-/+ buffers/cache:       1.6G       378M
Swap:         8.0G         0B       8.0G

             total       used       free     shared    buffers     cached
Mem:          2.0G       1.9G        70M       3.2M        10M       281M
-/+ buffers/cache:       1.6G       362M
Swap:         8.0G         0B       8.0G

             total       used       free     shared    buffers     cached
Mem:          2.0G       1.9G        70M       3.2M       9.9M       264M
-/+ buffers/cache:       1.6G       345M
Swap:         8.0G        80K       8.0G

             total       used       free     shared    buffers     cached
Mem:          2.0G       1.9G        72M       3.1M       9.9M       246M
-/+ buffers/cache:       1.6G       328M
Swap:         8.0G       176K       8.0G

             total       used       free     shared    buffers     cached
Mem:          2.0G       1.9G        70M       3.0M       9.9M       234M
-/+ buffers/cache:       1.6G       315M
Swap:         8.0G       5.6M       8.0G

             total       used       free     shared    buffers     cached
Mem:          2.0G       1.9G        87M       2.9M       9.6M       207M
-/+ buffers/cache:       1.7G       305M
Swap:         8.0G        10M       8.0G

             total       used       free     shared    buffers     cached
Mem:          2.0G       1.9G        72M       2.9M       9.6M       207M
-/+ buffers/cache:       1.7G       289M
Swap:         8.0G        10M       8.0G

             total       used       free     shared    buffers     cached
Mem:          2.0G       1.9G        69M       2.9M       2.9M       201M
-/+ buffers/cache:       1.7G       273M
Swap:         8.0G        10M       8.0G

             total       used       free     shared    buffers     cached
Mem:          2.0G       1.9G        73M       2.9M       684K       182M
-/+ buffers/cache:       1.7G       257M
Swap:         8.0G        10M       8.0G

             total       used       free     shared    buffers     cached
Mem:          2.0G       1.9G        79M       2.9M       316K       161M
-/+ buffers/cache:       1.7G       241M
Swap:         8.0G        10M       8.0G

             total       used       free     shared    buffers     cached
Mem:          2.0G       1.9G        64M       2.9M       316K       161M
-/+ buffers/cache:       1.7G       226M
Swap:         8.0G        10M       8.0G

             total       used       free     shared    buffers     cached
Mem:          2.0G       1.9G        67M       2.9M       324K       142M
-/+ buffers/cache:       1.7G       210M
Swap:         8.0G        10M       8.0G

             total       used       free     shared    buffers     cached
Mem:          2.0G       1.9G        69M       2.9M        80K       126M
-/+ buffers/cache:       1.8G       196M
Swap:         8.0G        10M       8.0G

             total       used       free     shared    buffers     cached
Mem:          2.0G       1.9G        70M       2.9M        80K       111M
-/+ buffers/cache:       1.8G       182M
Swap:         8.0G        10M       8.0G

             total       used       free     shared    buffers     cached
Mem:          2.0G       1.9G        69M       2.9M        92K        98M
-/+ buffers/cache:       1.8G       167M
Swap:         8.0G        10M       8.0G

             total       used       free     shared    buffers     cached
Mem:          2.0G       1.9G        77M       2.9M        92K        76M
-/+ buffers/cache:       1.8G       153M
Swap:         8.0G        10M       8.0G

             total       used       free     shared    buffers     cached
Mem:          2.0G       1.9G        79M       2.9M       100K        59M
-/+ buffers/cache:       1.8G       139M
Swap:         8.0G        10M       8.0G

             total       used       free     shared    buffers     cached
Mem:          2.0G       1.9G        63M       2.9M       240K        60M
-/+ buffers/cache:       1.8G       124M
Swap:         8.0G        10M       8.0G

             total       used       free     shared    buffers     cached
Mem:          2.0G       1.9G        65M       2.9M       252K        45M
-/+ buffers/cache:       1.8G       111M
Swap:         8.0G        10M       8.0G

             total       used       free     shared    buffers     cached
Mem:          2.0G       1.9G        69M       2.9M       252K        27M
-/+ buffers/cache:       1.9G        97M
Swap:         8.0G        10M       8.0G

             total       used       free     shared    buffers     cached
Mem:          2.0G       1.9G        70M       2.9M       516K        10M
-/+ buffers/cache:       1.9G        82M
Swap:         8.0G        10M       8.0G

             total       used       free     shared    buffers     cached
Mem:          2.0G       1.9G        70M       2.7M       516K       5.2M
-/+ buffers/cache:       1.9G        75M
Swap:         8.0G        24M       8.0G

             total       used       free     shared    buffers     cached
Mem:          2.0G       1.9G        69M       2.5M       332K       4.1M
-/+ buffers/cache:       1.9G        74M
Swap:         8.0G        44M       8.0G

             total       used       free     shared    buffers     cached
Mem:          2.0G       1.9G        70M       2.5M       332K       4.1M
-/+ buffers/cache:       1.9G        74M
Swap:         8.0G        44M       8.0G

             total       used       free     shared    buffers     cached
Mem:          2.0G       1.9G        68M       2.5M       332K       4.0M
-/+ buffers/cache:       1.9G        72M
Swap:         8.0G        86M       7.9G

             total       used       free     shared    buffers     cached
Mem:          2.0G       1.9G        65M       2.4M       332K       4.0M
-/+ buffers/cache:       1.9G        69M
Swap:         8.0G        86M       7.9G

             total       used       free     shared    buffers     cached
Mem:          2.0G       1.9G        77M       2.4M       332K       4.0M
-/+ buffers/cache:       1.9G        81M
Swap:         8.0G       113M       7.9G

             total       used       free     shared    buffers     cached
Mem:          2.0G       1.9G        78M       2.4M       340K       4.0M
-/+ buffers/cache:       1.9G        82M
Swap:         8.0G       113M       7.9G

             total       used       free     shared    buffers     cached
Mem:          2.0G       1.9G        66M       2.4M       340K       4.1M
-/+ buffers/cache:       1.9G        70M
Swap:         8.0G       124M       7.9G

             total       used       free     shared    buffers     cached
Mem:          2.0G       1.9G        75M       2.4M       340K       4.0M
-/+ buffers/cache:       1.9G        79M
Swap:         8.0G       137M       7.9G

             total       used       free     shared    buffers     cached
Mem:          2.0G       1.9G        85M       2.4M       332K       4.0M
-/+ buffers/cache:       1.9G        89M
Swap:         8.0G       195M       7.8G

             total       used       free     shared    buffers     cached
Mem:          2.0G       1.9G        70M       2.4M       332K       3.9M
-/+ buffers/cache:       1.9G        75M
Swap:         8.0G       195M       7.8G

             total       used       free     shared    buffers     cached
Mem:          2.0G       1.9G        71M       2.4M       340K       3.9M
-/+ buffers/cache:       1.9G        75M
Swap:         8.0G       195M       7.8G

             total       used       free     shared    buffers     cached
Mem:          2.0G       1.9G        70M       2.4M       340K       4.0M
-/+ buffers/cache:       1.9G        74M
Swap:         8.0G       195M       7.8G

             total       used       free     shared    buffers     cached
Mem:          2.0G       1.9G        75M       2.4M       268K       4.0M
-/+ buffers/cache:       1.9G        79M
Swap:         8.0G       230M       7.8G

             total       used       free     shared    buffers     cached
Mem:          2.0G       1.9G        71M       2.4M       268K       4.0M
-/+ buffers/cache:       1.9G        76M
Swap:         8.0G       230M       7.8G

             total       used       free     shared    buffers     cached
Mem:          2.0G       1.9G        65M       2.4M       268K       4.0M
-/+ buffers/cache:       1.9G        70M
Swap:         8.0G       230M       7.8G

             total       used       free     shared    buffers     cached
Mem:          2.0G       1.9G        77M       2.4M       268K       4.0M
-/+ buffers/cache:       1.9G        81M
Swap:         8.0G       230M       7.8G

             total       used       free     shared    buffers     cached
Mem:          2.0G       1.9G        77M       2.4M       244K       4.1M
-/+ buffers/cache:       1.9G        81M
Swap:         8.0G       241M       7.8G

             total       used       free     shared    buffers     cached
Mem:          2.0G       1.9G        75M       2.4M       244K       4.0M
-/+ buffers/cache:       1.9G        79M
Swap:         8.0G       255M       7.7G

             total       used       free     shared    buffers     cached
Mem:          2.0G       1.9G       103M       2.3M       244K       4.0M
-/+ buffers/cache:       1.8G       108M
Swap:         8.0G       312M       7.7G

             total       used       free     shared    buffers     cached
Mem:          2.0G       1.9G        95M       2.3M       244K       4.0M
-/+ buffers/cache:       1.9G        99M
Swap:         8.0G       312M       7.7G

             total       used       free     shared    buffers     cached
Mem:          2.0G       1.9G        86M       2.3M       244K       4.0M
-/+ buffers/cache:       1.9G        90M
Swap:         8.0G       312M       7.7G

             total       used       free     shared    buffers     cached
Mem:          2.0G       1.9G        83M       2.3M       252K       4.0M
-/+ buffers/cache:       1.9G        87M
Swap:         8.0G       311M       7.7G

             total       used       free     shared    buffers     cached
Mem:          2.0G       1.9G        82M       2.3M       252K       4.0M
-/+ buffers/cache:       1.9G        87M
Swap:         8.0G       311M       7.7G

             total       used       free     shared    buffers     cached
Mem:          2.0G       1.9G        82M       2.3M       252K       4.0M
-/+ buffers/cache:       1.9G        86M
Swap:         8.0G       310M       7.7G

             total       used       free     shared    buffers     cached
Mem:          2.0G       1.9G        82M       2.3M       252K       4.0M
-/+ buffers/cache:       1.9G        86M
Swap:         8.0G       310M       7.7G

             total       used       free     shared    buffers     cached
Mem:          2.0G       1.9G        81M       2.3M       252K       4.0M
-/+ buffers/cache:       1.9G        85M
Swap:         8.0G       310M       7.7G

             total       used       free     shared    buffers     cached
Mem:          2.0G       1.9G        80M       2.3M       260K       4.0M
-/+ buffers/cache:       1.9G        85M
Swap:         8.0G       309M       7.7G

             total       used       free     shared    buffers     cached
Mem:          2.0G       1.9G        80M       2.3M       260K       4.0M
-/+ buffers/cache:       1.9G        84M
Swap:         8.0G       309M       7.7G

             total       used       free     shared    buffers     cached
Mem:          2.0G       1.9G        79M       2.3M       260K       4.0M
-/+ buffers/cache:       1.9G        83M
Swap:         8.0G       309M       7.7G

             total       used       free     shared    buffers     cached
Mem:          2.0G       1.9G        79M       2.3M       260K       4.0M
-/+ buffers/cache:       1.9G        83M
Swap:         8.0G       308M       7.7G

             total       used       free     shared    buffers     cached
Mem:          2.0G       1.9G        78M       2.3M       260K       4.0M
-/+ buffers/cache:       1.9G        82M
Swap:         8.0G       308M       7.7G

             total       used       free     shared    buffers     cached
Mem:          2.0G       1.9G        78M       2.3M       260K       4.0M
-/+ buffers/cache:       1.9G        82M
Swap:         8.0G       307M       7.7G

             total       used       free     shared    buffers     cached
Mem:          2.0G       1.9G        77M       2.3M       268K       4.0M
-/+ buffers/cache:       1.9G        81M
Swap:         8.0G       307M       7.7G

             total       used       free     shared    buffers     cached
Mem:          2.0G       1.9G        77M       2.3M       268K       4.0M
-/+ buffers/cache:       1.9G        81M
Swap:         8.0G       307M       7.7G

             total       used       free     shared    buffers     cached
Mem:          2.0G       1.9G        86M       2.3M        84K        21M
-/+ buffers/cache:       1.8G       108M
Swap:         8.0G       339M       7.7G

             total       used       free     shared    buffers     cached
Mem:          2.0G       1.9G        80M       2.3M       1.9M        24M
-/+ buffers/cache:       1.8G       107M
Swap:         8.0G       339M       7.7G

             total       used       free     shared    buffers     cached
Mem:          2.0G       1.9G        80M       2.3M       1.9M        24M
-/+ buffers/cache:       1.8G       106M
Swap:         8.0G       339M       7.7G

             total       used       free     shared    buffers     cached
Mem:          2.0G       1.9G        79M       2.3M       1.9M        24M
-/+ buffers/cache:       1.8G       106M
Swap:         8.0G       339M       7.7G

             total       used       free     shared    buffers     cached
Mem:          2.0G       1.9G        79M       2.3M       1.9M        24M
-/+ buffers/cache:       1.8G       106M
Swap:         8.0G       338M       7.7G

             total       used       free     shared    buffers     cached
Mem:          2.0G       1.9G        79M       2.3M       1.9M        24M
-/+ buffers/cache:       1.8G       105M
Swap:         8.0G       338M       7.7G

             total       used       free     shared    buffers     cached
Mem:          2.0G       1.9G        78M       2.3M       1.9M        24M
-/+ buffers/cache:       1.9G       105M
Swap:         8.0G       338M       7.7G

             total       used       free     shared    buffers     cached
Mem:          2.0G       1.9G        78M       2.3M       1.9M        24M
-/+ buffers/cache:       1.9G       105M
Swap:         8.0G       338M       7.7G

             total       used       free     shared    buffers     cached
Mem:          2.0G       1.9G        77M       2.3M       1.9M        24M
-/+ buffers/cache:       1.9G       104M
Swap:         8.0G       337M       7.7G

             total       used       free     shared    buffers     cached
Mem:          2.0G       1.9G        77M       2.3M       1.9M        24M
-/+ buffers/cache:       1.9G       104M
Swap:         8.0G       337M       7.7G

             total       used       free     shared    buffers     cached
Mem:          2.0G       1.9G        76M       2.3M       1.9M        24M
-/+ buffers/cache:       1.9G       103M
Swap:         8.0G       337M       7.7G

             total       used       free     shared    buffers     cached
Mem:          2.0G       1.9G        75M       2.3M       2.2M        25M
-/+ buffers/cache:       1.9G       102M
Swap:         8.0G       337M       7.7G

             total       used       free     shared    buffers     cached
Mem:          2.0G       1.9G        76M       2.3M       2.5M        34M
-/+ buffers/cache:       1.8G       113M
Swap:         8.0G       344M       7.7G

             total       used       free     shared    buffers     cached
Mem:          2.0G       1.9G        76M       2.3M       2.5M        34M
-/+ buffers/cache:       1.8G       112M
Swap:         8.0G       344M       7.7G

             total       used       free     shared    buffers     cached
Mem:          2.0G       1.9G        75M       2.3M       2.5M        34M
-/+ buffers/cache:       1.8G       112M
Swap:         8.0G       344M       7.7G

             total       used       free     shared    buffers     cached
Mem:          2.0G       1.9G        75M       2.3M       2.5M        34M
-/+ buffers/cache:       1.8G       111M
Swap:         8.0G       344M       7.7G

             total       used       free     shared    buffers     cached
Mem:          2.0G       1.9G        74M       2.3M       2.5M        34M
-/+ buffers/cache:       1.8G       111M
Swap:         8.0G       343M       7.7G

             total       used       free     shared    buffers     cached
Mem:          2.0G       1.9G        74M       2.3M       2.5M        34M
-/+ buffers/cache:       1.8G       110M
Swap:         8.0G       343M       7.7G

             total       used       free     shared    buffers     cached
Mem:          2.0G       1.9G        73M       2.3M       2.5M        34M
-/+ buffers/cache:       1.8G       110M
Swap:         8.0G       343M       7.7G

             total       used       free     shared    buffers     cached
Mem:          2.0G       1.9G        72M       2.3M       2.5M        34M
-/+ buffers/cache:       1.8G       109M
Swap:         8.0G       343M       7.7G

             total       used       free     shared    buffers     cached
Mem:          2.0G       1.9G        70M       2.3M       2.5M        35M
-/+ buffers/cache:       1.8G       108M
Swap:         8.0G       342M       7.7G

             total       used       free     shared    buffers     cached
Mem:          2.0G       1.9G        69M       2.3M       2.5M        36M
-/+ buffers/cache:       1.8G       107M
Swap:         8.0G       342M       7.7G

             total       used       free     shared    buffers     cached
Mem:          2.0G       1.9G        68M       2.3M       2.5M        36M
-/+ buffers/cache:       1.8G       107M
Swap:         8.0G       341M       7.7G

             total       used       free     shared    buffers     cached
Mem:          2.0G       1.9G        68M       2.3M       2.5M        36M
-/+ buffers/cache:       1.8G       106M
Swap:         8.0G       341M       7.7G

             total       used       free     shared    buffers     cached
Mem:          2.0G       1.9G        67M       2.3M       2.5M        36M
-/+ buffers/cache:       1.8G       106M
Swap:         8.0G       341M       7.7G

             total       used       free     shared    buffers     cached
Mem:          2.0G       1.9G        66M       2.3M       2.5M        36M
-/+ buffers/cache:       1.8G       105M
Swap:         8.0G       341M       7.7G

             total       used       free     shared    buffers     cached
Mem:          2.0G       1.9G        66M       2.3M       2.5M        36M
-/+ buffers/cache:       1.9G       105M
Swap:         8.0G       340M       7.7G

             total       used       free     shared    buffers     cached
Mem:          2.0G       1.9G        65M       2.3M       2.5M        36M
-/+ buffers/cache:       1.9G       104M
Swap:         8.0G       340M       7.7G

             total       used       free     shared    buffers     cached
Mem:          2.0G       1.9G        65M       2.3M       2.5M        36M
-/+ buffers/cache:       1.9G       104M
Swap:         8.0G       340M       7.7G

             total       used       free     shared    buffers     cached
Mem:          2.0G       1.9G        65M       2.3M       2.5M        36M
-/+ buffers/cache:       1.9G       104M
Swap:         8.0G       340M       7.7G

             total       used       free     shared    buffers     cached
Mem:          2.0G       1.9G        81M       2.3M       2.5M        34M
-/+ buffers/cache:       1.8G       118M
Swap:         8.0G       365M       7.6G

             total       used       free     shared    buffers     cached
Mem:          2.0G       1.9G        81M       2.3M       2.5M        34M
-/+ buffers/cache:       1.8G       118M
Swap:         8.0G       365M       7.6G

             total       used       free     shared    buffers     cached
Mem:          2.0G       1.9G        81M       2.3M       2.5M        34M
-/+ buffers/cache:       1.8G       118M
Swap:         8.0G       365M       7.6G

             total       used       free     shared    buffers     cached
Mem:          2.0G       1.9G        80M       2.3M       2.5M        34M
-/+ buffers/cache:       1.8G       117M
Swap:         8.0G       364M       7.6G

             total       used       free     shared    buffers     cached
Mem:          2.0G       1.9G        80M       2.3M       2.5M        34M
-/+ buffers/cache:       1.8G       117M
Swap:         8.0G       364M       7.6G

             total       used       free     shared    buffers     cached
Mem:          2.0G       1.9G        80M       2.3M       2.5M        34M
-/+ buffers/cache:       1.8G       116M
Swap:         8.0G       364M       7.6G

             total       used       free     shared    buffers     cached
Mem:          2.0G       1.9G        79M       2.3M       2.5M        34M
-/+ buffers/cache:       1.8G       116M
Swap:         8.0G       364M       7.6G

             total       used       free     shared    buffers     cached
Mem:          2.0G       1.9G        79M       2.3M       2.5M        34M
-/+ buffers/cache:       1.8G       116M
Swap:         8.0G       364M       7.6G

             total       used       free     shared    buffers     cached
Mem:          2.0G       1.9G        78M       2.3M       2.5M        34M
-/+ buffers/cache:       1.8G       115M
Swap:         8.0G       363M       7.6G

             total       used       free     shared    buffers     cached
Mem:          2.0G       1.9G        78M       2.3M       2.5M        34M
-/+ buffers/cache:       1.8G       115M
Swap:         8.0G       363M       7.6G

             total       used       free     shared    buffers     cached
Mem:          2.0G       1.9G        77M       2.3M       2.5M        34M
-/+ buffers/cache:       1.8G       114M
Swap:         8.0G       363M       7.6G

             total       used       free     shared    buffers     cached
Mem:          2.0G       1.9G        77M       2.3M       2.5M        34M
-/+ buffers/cache:       1.8G       114M
Swap:         8.0G       362M       7.6G

             total       used       free     shared    buffers     cached
Mem:          2.0G       1.9G        76M       2.3M       2.5M        34M
-/+ buffers/cache:       1.8G       113M
Swap:         8.0G       362M       7.6G

             total       used       free     shared    buffers     cached
Mem:          2.0G       1.9G        76M       2.3M       2.5M        34M
-/+ buffers/cache:       1.8G       113M
Swap:         8.0G       362M       7.6G

             total       used       free     shared    buffers     cached
Mem:          2.0G       1.9G        75M       2.3M       2.5M        34M
-/+ buffers/cache:       1.8G       112M
Swap:         8.0G       362M       7.6G

             total       used       free     shared    buffers     cached
Mem:          2.0G       1.9G        75M       2.3M       2.5M        34M
-/+ buffers/cache:       1.8G       112M
Swap:         8.0G       361M       7.6G

             total       used       free     shared    buffers     cached
Mem:          2.0G       1.9G        74M       2.3M       2.5M        34M
-/+ buffers/cache:       1.8G       111M
Swap:         8.0G       361M       7.6G

             total       used       free     shared    buffers     cached
Mem:          2.0G       1.9G        74M       2.3M       2.5M        34M
-/+ buffers/cache:       1.8G       111M
Swap:         8.0G       361M       7.6G

             total       used       free     shared    buffers     cached
Mem:          2.0G       1.9G        73M       2.3M       2.5M        34M
-/+ buffers/cache:       1.8G       110M
Swap:         8.0G       360M       7.6G

             total       used       free     shared    buffers     cached
Mem:          2.0G       1.9G        73M       2.3M       2.5M        34M
-/+ buffers/cache:       1.8G       109M
Swap:         8.0G       360M       7.6G

             total       used       free     shared    buffers     cached
Mem:          2.0G       1.9G        72M       2.3M       2.5M        34M
-/+ buffers/cache:       1.8G       109M
Swap:         8.0G       360M       7.6G

             total       used       free     shared    buffers     cached
Mem:          2.0G       1.9G        71M       2.3M       2.5M        34M
-/+ buffers/cache:       1.8G       108M
Swap:         8.0G       359M       7.6G

             total       used       free     shared    buffers     cached
Mem:          2.0G       1.9G        71M       2.3M       2.5M        34M
-/+ buffers/cache:       1.8G       108M
Swap:         8.0G       359M       7.6G

             total       used       free     shared    buffers     cached
Mem:          2.0G       1.9G        70M       2.3M       2.5M        34M
-/+ buffers/cache:       1.8G       107M
Swap:         8.0G       358M       7.6G

             total       used       free     shared    buffers     cached
Mem:          2.0G       1.9G        70M       2.3M       2.5M        34M
-/+ buffers/cache:       1.8G       106M
Swap:         8.0G       358M       7.6G

             total       used       free     shared    buffers     cached
Mem:          2.0G       1.9G        69M       2.3M       2.5M        34M
-/+ buffers/cache:       1.8G       106M
Swap:         8.0G       358M       7.6G

             total       used       free     shared    buffers     cached
Mem:          2.0G       1.9G        68M       2.3M       2.5M        34M
-/+ buffers/cache:       1.9G       105M
Swap:         8.0G       357M       7.6G

             total       used       free     shared    buffers     cached
Mem:          2.0G       1.9G        68M       2.3M       2.5M        34M
-/+ buffers/cache:       1.9G       104M
Swap:         8.0G       357M       7.6G

             total       used       free     shared    buffers     cached
Mem:          2.0G       1.9G        67M       2.3M       2.5M        34M
-/+ buffers/cache:       1.9G       104M
Swap:         8.0G       357M       7.6G

             total       used       free     shared    buffers     cached
Mem:          2.0G       1.9G        66M       2.3M       2.5M        34M
-/+ buffers/cache:       1.9G       103M
Swap:         8.0G       356M       7.6G

             total       used       free     shared    buffers     cached
Mem:          2.0G       1.9G        76M       2.3M       2.5M        37M
-/+ buffers/cache:       1.8G       116M
Swap:         8.0G       357M       7.6G

             total       used       free     shared    buffers     cached
Mem:          2.0G       1.9G        75M       2.3M       2.5M        37M
-/+ buffers/cache:       1.8G       115M
Swap:         8.0G       357M       7.6G

             total       used       free     shared    buffers     cached
Mem:          2.0G       1.9G        74M       2.3M       2.5M        37M
-/+ buffers/cache:       1.8G       114M
Swap:         8.0G       356M       7.6G

             total       used       free     shared    buffers     cached
Mem:          2.0G       1.9G        74M       2.3M       2.5M        37M
-/+ buffers/cache:       1.8G       114M
Swap:         8.0G       356M       7.6G

             total       used       free     shared    buffers     cached
Mem:          2.0G       1.9G        73M       2.3M       2.5M        37M
-/+ buffers/cache:       1.8G       113M
Swap:         8.0G       356M       7.6G

             total       used       free     shared    buffers     cached
Mem:          2.0G       1.9G        73M       2.3M       2.5M        37M
-/+ buffers/cache:       1.8G       113M
Swap:         8.0G       355M       7.6G

             total       used       free     shared    buffers     cached
Mem:          2.0G       1.9G        72M       2.3M       2.5M        37M
-/+ buffers/cache:       1.8G       112M
Swap:         8.0G       355M       7.7G

             total       used       free     shared    buffers     cached
Mem:          2.0G       1.9G        71M       2.3M       2.5M        37M
-/+ buffers/cache:       1.8G       111M
Swap:         8.0G       355M       7.7G

             total       used       free     shared    buffers     cached
Mem:          2.0G       1.9G        71M       2.3M       2.5M        37M
-/+ buffers/cache:       1.8G       111M
Swap:         8.0G       354M       7.7G

             total       used       free     shared    buffers     cached
Mem:          2.0G       1.9G        70M       2.3M       2.5M        37M
-/+ buffers/cache:       1.8G       110M
Swap:         8.0G       354M       7.7G

             total       used       free     shared    buffers     cached
Mem:          2.0G       1.9G        69M       2.3M       2.5M        37M
-/+ buffers/cache:       1.8G       109M
Swap:         8.0G       353M       7.7G

             total       used       free     shared    buffers     cached
Mem:          2.0G       1.9G        69M       2.3M       2.5M        37M
-/+ buffers/cache:       1.8G       109M
Swap:         8.0G       353M       7.7G

             total       used       free     shared    buffers     cached
Mem:          2.0G       1.9G        68M       2.3M       2.5M        37M
-/+ buffers/cache:       1.8G       108M
Swap:         8.0G       353M       7.7G

             total       used       free     shared    buffers     cached
Mem:          2.0G       1.9G        67M       2.3M       2.5M        37M
-/+ buffers/cache:       1.8G       107M
Swap:         8.0G       352M       7.7G

             total       used       free     shared    buffers     cached
Mem:          2.0G       1.9G        67M       2.3M       2.6M        37M
-/+ buffers/cache:       1.8G       107M
Swap:         8.0G       352M       7.7G

             total       used       free     shared    buffers     cached
Mem:          2.0G       1.9G        66M       2.3M       2.6M        37M
-/+ buffers/cache:       1.8G       106M
Swap:         8.0G       352M       7.7G

             total       used       free     shared    buffers     cached
Mem:          2.0G       1.9G        65M       2.3M       2.6M        37M
-/+ buffers/cache:       1.8G       105M
Swap:         8.0G       351M       7.7G

             total       used       free     shared    buffers     cached
Mem:          2.0G       1.9G        64M       2.3M       2.6M        37M
-/+ buffers/cache:       1.9G       105M
Swap:         8.0G       351M       7.7G

             total       used       free     shared    buffers     cached
Mem:          2.0G       1.9G        79M       2.3M       2.0M        35M
-/+ buffers/cache:       1.8G       116M
Swap:         8.0G       373M       7.6G

             total       used       free     shared    buffers     cached
Mem:          2.0G       1.9G        78M       2.3M       2.0M        35M
-/+ buffers/cache:       1.8G       115M
Swap:         8.0G       372M       7.6G

             total       used       free     shared    buffers     cached
Mem:          2.0G       1.9G        78M       2.3M       2.0M        35M
-/+ buffers/cache:       1.8G       115M
Swap:         8.0G       372M       7.6G

             total       used       free     shared    buffers     cached
Mem:          2.0G       1.9G        71M       2.3M       2.0M        36M
-/+ buffers/cache:       1.8G       110M
Swap:         8.0G       369M       7.6G

             total       used       free     shared    buffers     cached
Mem:          2.0G       1.9G        71M       2.3M       2.0M        36M
-/+ buffers/cache:       1.8G       109M
Swap:         8.0G       369M       7.6G

             total       used       free     shared    buffers     cached
Mem:          2.0G       1.9G        70M       2.3M       2.0M        36M
-/+ buffers/cache:       1.8G       108M
Swap:         8.0G       368M       7.6G

             total       used       free     shared    buffers     cached
Mem:          2.0G       1.9G        76M       2.3M       792K        38M
-/+ buffers/cache:       1.8G       115M
Swap:         8.0G       366M       7.6G

             total       used       free     shared    buffers     cached
Mem:          2.0G       1.9G        76M       2.3M       800K        38M
-/+ buffers/cache:       1.8G       115M
Swap:         8.0G       366M       7.6G

             total       used       free     shared    buffers     cached
Mem:          2.0G       1.9G        75M       2.3M       800K        38M
-/+ buffers/cache:       1.8G       114M
Swap:         8.0G       366M       7.6G

             total       used       free     shared    buffers     cached
Mem:          2.0G       1.9G        75M       2.3M       800K        38M
-/+ buffers/cache:       1.8G       114M
Swap:         8.0G       365M       7.6G

             total       used       free     shared    buffers     cached
Mem:          2.0G       1.9G        74M       2.3M       800K        38M
-/+ buffers/cache:       1.8G       113M
Swap:         8.0G       365M       7.6G

             total       used       free     shared    buffers     cached
Mem:          2.0G       1.9G        74M       2.3M       800K        38M
-/+ buffers/cache:       1.8G       113M
Swap:         8.0G       365M       7.6G

             total       used       free     shared    buffers     cached
Mem:          2.0G       1.9G        73M       2.3M       808K        38M
-/+ buffers/cache:       1.8G       112M
Swap:         8.0G       365M       7.6G

             total       used       free     shared    buffers     cached
Mem:          2.0G       1.9G        73M       2.3M       808K        38M
-/+ buffers/cache:       1.8G       112M
Swap:         8.0G       364M       7.6G

             total       used       free     shared    buffers     cached
Mem:          2.0G       1.9G        72M       2.3M       808K        38M
-/+ buffers/cache:       1.8G       111M
Swap:         8.0G       364M       7.6G

             total       used       free     shared    buffers     cached
Mem:          2.0G       1.9G        72M       2.3M       808K        38M
-/+ buffers/cache:       1.8G       111M
Swap:         8.0G       364M       7.6G

             total       used       free     shared    buffers     cached
Mem:          2.0G       1.9G        83M       2.4M       464K        36M
-/+ buffers/cache:       1.8G       120M
Swap:         8.0G       392M       7.6G

             total       used       free     shared    buffers     cached
Mem:          2.0G       1.9G        75M       6.1M       3.2M        54M
-/+ buffers/cache:       1.8G       132M
Swap:         8.0G       410M       7.6G

             total       used       free     shared    buffers     cached
Mem:          2.0G       1.9G        77M       6.1M       4.8M        60M
-/+ buffers/cache:       1.8G       142M
Swap:         8.0G       425M       7.6G

             total       used       free     shared    buffers     cached
Mem:          2.0G       1.9G        76M       2.4M       5.1M        62M
-/+ buffers/cache:       1.8G       143M
Swap:         8.0G       426M       7.6G

             total       used       free     shared    buffers     cached
Mem:          2.0G       1.9G        70M       2.4M       5.1M        63M
-/+ buffers/cache:       1.8G       139M
Swap:         8.0G       424M       7.6G

             total       used       free     shared    buffers     cached
Mem:          2.0G       1.9G        69M       2.4M       5.1M        63M
-/+ buffers/cache:       1.8G       138M
Swap:         8.0G       423M       7.6G

             total       used       free     shared    buffers     cached
Mem:          2.0G       1.9G        68M       2.4M       5.1M        63M
-/+ buffers/cache:       1.8G       137M
Swap:         8.0G       423M       7.6G

             total       used       free     shared    buffers     cached
Mem:          2.0G       1.9G        66M       2.4M       5.2M        64M
-/+ buffers/cache:       1.8G       136M
Swap:         8.0G       422M       7.6G

             total       used       free     shared    buffers     cached
Mem:          2.0G       1.9G        65M       2.4M       5.2M        64M
-/+ buffers/cache:       1.8G       135M
Swap:         8.0G       422M       7.6G

             total       used       free     shared    buffers     cached
Mem:          2.0G       1.9G        81M       2.4M       4.1M        60M
-/+ buffers/cache:       1.8G       146M
Swap:         8.0G       439M       7.6G

             total       used       free     shared    buffers     cached
Mem:          2.0G       1.9G        81M       2.4M       4.1M        60M
-/+ buffers/cache:       1.8G       145M
Swap:         8.0G       438M       7.6G

             total       used       free     shared    buffers     cached
Mem:          2.0G       1.9G        80M       2.4M       4.1M        60M
-/+ buffers/cache:       1.8G       144M
Swap:         8.0G       438M       7.6G

             total       used       free     shared    buffers     cached
Mem:          2.0G       1.9G        79M       2.4M       4.1M        60M
-/+ buffers/cache:       1.8G       143M
Swap:         8.0G       437M       7.6G

             total       used       free     shared    buffers     cached
Mem:          2.0G       1.9G        78M       2.4M       4.1M        60M
-/+ buffers/cache:       1.8G       142M
Swap:         8.0G       437M       7.6G

             total       used       free     shared    buffers     cached
Mem:          2.0G       1.9G        77M       2.4M       4.1M        60M
-/+ buffers/cache:       1.8G       141M
Swap:         8.0G       436M       7.6G

             total       used       free     shared    buffers     cached
Mem:          2.0G       1.9G        76M       2.4M       4.1M        60M
-/+ buffers/cache:       1.8G       141M
Swap:         8.0G       436M       7.6G

             total       used       free     shared    buffers     cached
Mem:          2.0G       1.9G        75M       2.4M       4.1M        60M
-/+ buffers/cache:       1.8G       139M
Swap:         8.0G       435M       7.6G

             total       used       free     shared    buffers     cached
Mem:          2.0G       1.9G        74M       2.4M       4.1M        60M
-/+ buffers/cache:       1.8G       139M
Swap:         8.0G       435M       7.6G

             total       used       free     shared    buffers     cached
Mem:          2.0G       1.9G        73M       2.4M       4.1M        60M
-/+ buffers/cache:       1.8G       138M
Swap:         8.0G       434M       7.6G

             total       used       free     shared    buffers     cached
Mem:          2.0G       1.9G        72M       2.4M       4.1M        60M
-/+ buffers/cache:       1.8G       137M
Swap:         8.0G       434M       7.6G

             total       used       free     shared    buffers     cached
Mem:          2.0G       1.9G        72M       2.4M       4.1M        60M
-/+ buffers/cache:       1.8G       136M
Swap:         8.0G       433M       7.6G

             total       used       free     shared    buffers     cached
Mem:          2.0G       1.9G        71M       2.4M       4.1M        60M
-/+ buffers/cache:       1.8G       135M
Swap:         8.0G       433M       7.6G

             total       used       free     shared    buffers     cached
Mem:          2.0G       1.9G        70M       2.4M       4.1M        60M
-/+ buffers/cache:       1.8G       134M
Swap:         8.0G       432M       7.6G

             total       used       free     shared    buffers     cached
Mem:          2.0G       1.9G        69M       2.4M       4.1M        60M
-/+ buffers/cache:       1.8G       133M
Swap:         8.0G       432M       7.6G

             total       used       free     shared    buffers     cached
Mem:          2.0G       1.9G        68M       2.4M       4.2M        60M
-/+ buffers/cache:       1.8G       132M
Swap:         8.0G       431M       7.6G

             total       used       free     shared    buffers     cached
Mem:          2.0G       1.9G        66M       2.4M       4.2M        60M
-/+ buffers/cache:       1.8G       131M
Swap:         8.0G       431M       7.6G

             total       used       free     shared    buffers     cached
Mem:          2.0G       1.9G        65M       2.4M       4.2M        61M
-/+ buffers/cache:       1.8G       130M
Swap:         8.0G       430M       7.6G

             total       used       free     shared    buffers     cached
Mem:          2.0G       1.9G        82M       2.4M       4.2M        59M
-/+ buffers/cache:       1.8G       146M
Swap:         8.0G       451M       7.6G

             total       used       free     shared    buffers     cached
Mem:          2.0G       1.9G        82M       2.4M       4.2M        59M
-/+ buffers/cache:       1.8G       145M
Swap:         8.0G       451M       7.6G

             total       used       free     shared    buffers     cached
Mem:          2.0G       1.9G        75M       2.4M       4.8M        63M
-/+ buffers/cache:       1.8G       143M
Swap:         8.0G       450M       7.6G

             total       used       free     shared    buffers     cached
Mem:          2.0G       1.9G        77M       2.4M       8.0M        74M
-/+ buffers/cache:       1.8G       159M
Swap:         8.0G       459M       7.5G
