             total       used       free     shared    buffers     cached
Mem:          992M       659M       333M       3.2M        38M       289M
-/+ buffers/cache:       331M       660M
Swap:         8.0G         0B       8.0G

             total       used       free     shared    buffers     cached
Mem:          992M       658M       333M       1.4M        38M       287M
-/+ buffers/cache:       332M       660M
Swap:         8.0G         0B       8.0G

             total       used       free     shared    buffers     cached
Mem:          992M       658M       333M       1.4M        38M       288M
-/+ buffers/cache:       332M       660M
Swap:         8.0G         0B       8.0G

             total       used       free     shared    buffers     cached
Mem:          992M       658M       333M       1.4M        38M       288M
-/+ buffers/cache:       332M       660M
Swap:         8.0G         0B       8.0G

             total       used       free     shared    buffers     cached
Mem:          992M       658M       333M       1.4M        38M       288M
-/+ buffers/cache:       332M       660M
Swap:         8.0G         0B       8.0G

             total       used       free     shared    buffers     cached
Mem:          992M       658M       333M       1.4M        38M       287M
-/+ buffers/cache:       332M       660M
Swap:         8.0G         0B       8.0G

             total       used       free     shared    buffers     cached
Mem:          992M       658M       333M       1.4M        38M       288M
-/+ buffers/cache:       331M       660M
Swap:         8.0G         0B       8.0G

             total       used       free     shared    buffers     cached
Mem:          992M       658M       333M       1.4M        38M       288M
-/+ buffers/cache:       331M       660M
Swap:         8.0G         0B       8.0G

             total       used       free     shared    buffers     cached
Mem:          992M       658M       333M       1.4M        38M       288M
-/+ buffers/cache:       331M       660M
Swap:         8.0G         0B       8.0G

             total       used       free     shared    buffers     cached
Mem:          992M       662M       330M       1.4M        38M       288M
-/+ buffers/cache:       335M       657M
Swap:         8.0G         0B       8.0G

             total       used       free     shared    buffers     cached
Mem:          992M       661M       330M       1.4M        38M       288M
-/+ buffers/cache:       335M       657M
Swap:         8.0G         0B       8.0G

             total       used       free     shared    buffers     cached
Mem:          992M       680M       311M       1.4M        38M       288M
-/+ buffers/cache:       353M       638M
Swap:         8.0G         0B       8.0G

             total       used       free     shared    buffers     cached
Mem:          992M       666M       325M       1.4M        38M       289M
-/+ buffers/cache:       338M       653M
Swap:         8.0G         0B       8.0G

             total       used       free     shared    buffers     cached
Mem:          992M       667M       324M       1.4M        38M       289M
-/+ buffers/cache:       339M       652M
Swap:         8.0G         0B       8.0G

             total       used       free     shared    buffers     cached
Mem:          992M       668M       324M       1.4M        38M       289M
-/+ buffers/cache:       339M       652M
Swap:         8.0G         0B       8.0G

             total       used       free     shared    buffers     cached
Mem:          992M       667M       324M       1.4M        38M       289M
-/+ buffers/cache:       339M       652M
Swap:         8.0G         0B       8.0G

             total       used       free     shared    buffers     cached
Mem:          992M       667M       324M       1.4M        38M       289M
-/+ buffers/cache:       339M       652M
Swap:         8.0G         0B       8.0G

             total       used       free     shared    buffers     cached
Mem:          992M       667M       324M       1.4M        38M       289M
-/+ buffers/cache:       339M       652M
Swap:         8.0G         0B       8.0G

             total       used       free     shared    buffers     cached
Mem:          992M       667M       324M       1.4M        38M       289M
-/+ buffers/cache:       339M       652M
Swap:         8.0G         0B       8.0G

             total       used       free     shared    buffers     cached
Mem:          992M       667M       324M       1.4M        38M       289M
-/+ buffers/cache:       339M       652M
Swap:         8.0G         0B       8.0G

             total       used       free     shared    buffers     cached
Mem:          992M       667M       324M       1.4M        38M       289M
-/+ buffers/cache:       339M       652M
Swap:         8.0G         0B       8.0G

             total       used       free     shared    buffers     cached
Mem:          992M       668M       323M       1.4M        38M       289M
-/+ buffers/cache:       339M       652M
Swap:         8.0G         0B       8.0G

             total       used       free     shared    buffers     cached
Mem:          992M       668M       324M       1.4M        38M       289M
-/+ buffers/cache:       339M       652M
Swap:         8.0G         0B       8.0G

             total       used       free     shared    buffers     cached
Mem:          992M       668M       324M       1.4M        38M       289M
-/+ buffers/cache:       339M       652M
Swap:         8.0G         0B       8.0G

             total       used       free     shared    buffers     cached
Mem:          992M       668M       324M       1.4M        38M       289M
-/+ buffers/cache:       339M       652M
Swap:         8.0G         0B       8.0G

             total       used       free     shared    buffers     cached
Mem:          992M       668M       324M       1.4M        38M       289M
-/+ buffers/cache:       339M       652M
Swap:         8.0G         0B       8.0G

             total       used       free     shared    buffers     cached
Mem:          992M       668M       324M       1.4M        38M       289M
-/+ buffers/cache:       339M       652M
Swap:         8.0G         0B       8.0G

             total       used       free     shared    buffers     cached
Mem:          992M       668M       324M       1.4M        38M       289M
-/+ buffers/cache:       339M       652M
Swap:         8.0G         0B       8.0G

             total       used       free     shared    buffers     cached
Mem:          992M       668M       324M       1.4M        38M       289M
-/+ buffers/cache:       339M       652M
Swap:         8.0G         0B       8.0G

             total       used       free     shared    buffers     cached
Mem:          992M       668M       324M       1.4M        38M       289M
-/+ buffers/cache:       339M       652M
Swap:         8.0G         0B       8.0G

             total       used       free     shared    buffers     cached
Mem:          992M       668M       324M       1.4M        38M       289M
-/+ buffers/cache:       339M       652M
Swap:         8.0G         0B       8.0G

             total       used       free     shared    buffers     cached
Mem:          992M       668M       324M       1.4M        38M       289M
-/+ buffers/cache:       339M       652M
Swap:         8.0G         0B       8.0G

             total       used       free     shared    buffers     cached
Mem:          992M       668M       324M       1.4M        38M       289M
-/+ buffers/cache:       339M       652M
Swap:         8.0G         0B       8.0G

             total       used       free     shared    buffers     cached
Mem:          992M       674M       317M       1.4M        38M       289M
-/+ buffers/cache:       345M       646M
Swap:         8.0G         0B       8.0G

             total       used       free     shared    buffers     cached
Mem:          992M       690M       301M       1.4M        38M       289M
-/+ buffers/cache:       361M       630M
Swap:         8.0G         0B       8.0G

             total       used       free     shared    buffers     cached
Mem:          992M       705M       286M       1.4M        38M       289M
-/+ buffers/cache:       376M       615M
Swap:         8.0G         0B       8.0G

             total       used       free     shared    buffers     cached
Mem:          992M       720M       271M       1.4M        38M       289M
-/+ buffers/cache:       391M       600M
Swap:         8.0G         0B       8.0G

             total       used       free     shared    buffers     cached
Mem:          992M       735M       256M       1.4M        38M       289M
-/+ buffers/cache:       406M       585M
Swap:         8.0G         0B       8.0G

             total       used       free     shared    buffers     cached
Mem:          992M       750M       241M       1.4M        38M       289M
-/+ buffers/cache:       421M       570M
Swap:         8.0G         0B       8.0G

             total       used       free     shared    buffers     cached
Mem:          992M       765M       226M       1.4M        38M       289M
-/+ buffers/cache:       436M       555M
Swap:         8.0G         0B       8.0G

             total       used       free     shared    buffers     cached
Mem:          992M       779M       212M       1.4M        38M       289M
-/+ buffers/cache:       450M       541M
Swap:         8.0G         0B       8.0G

             total       used       free     shared    buffers     cached
Mem:          992M       792M       199M       1.4M        38M       289M
-/+ buffers/cache:       464M       527M
Swap:         8.0G         0B       8.0G

             total       used       free     shared    buffers     cached
Mem:          992M       808M       184M       1.4M        38M       289M
-/+ buffers/cache:       479M       512M
Swap:         8.0G         0B       8.0G

             total       used       free     shared    buffers     cached
Mem:          992M       825M       167M       1.4M        38M       289M
-/+ buffers/cache:       496M       495M
Swap:         8.0G         0B       8.0G

             total       used       free     shared    buffers     cached
Mem:          992M       840M       152M       1.4M        38M       289M
-/+ buffers/cache:       511M       480M
Swap:         8.0G         0B       8.0G

             total       used       free     shared    buffers     cached
Mem:          992M       855M       137M       1.4M        38M       289M
-/+ buffers/cache:       526M       465M
Swap:         8.0G         0B       8.0G

             total       used       free     shared    buffers     cached
Mem:          992M       870M       122M       1.4M        38M       289M
-/+ buffers/cache:       541M       450M
Swap:         8.0G         0B       8.0G

             total       used       free     shared    buffers     cached
Mem:          992M       885M       106M       1.4M        38M       289M
-/+ buffers/cache:       556M       435M
Swap:         8.0G         0B       8.0G

             total       used       free     shared    buffers     cached
Mem:          992M       896M        96M       1.4M        38M       289M
-/+ buffers/cache:       567M       424M
Swap:         8.0G         0B       8.0G

             total       used       free     shared    buffers     cached
Mem:          992M       914M        77M       1.4M        38M       289M
-/+ buffers/cache:       585M       406M
Swap:         8.0G         0B       8.0G

             total       used       free     shared    buffers     cached
Mem:          992M       922M        69M       1.4M        25M       288M
-/+ buffers/cache:       608M       383M
Swap:         8.0G         0B       8.0G

             total       used       free     shared    buffers     cached
Mem:          992M       923M        68M       1.4M        10M       284M
-/+ buffers/cache:       628M       363M
Swap:         8.0G         0B       8.0G

             total       used       free     shared    buffers     cached
Mem:          992M       932M        59M       1.4M        10M       270M
-/+ buffers/cache:       651M       340M
Swap:         8.0G        76K       8.0G

             total       used       free     shared    buffers     cached
Mem:          992M       933M        58M       1.3M       9.8M       251M
-/+ buffers/cache:       672M       320M
Swap:         8.0G       620K       8.0G

             total       used       free     shared    buffers     cached
Mem:          992M       910M        81M       1.2M       9.8M       215M
-/+ buffers/cache:       685M       306M
Swap:         8.0G       8.7M       8.0G

             total       used       free     shared    buffers     cached
Mem:          992M       926M        65M       1.2M       9.8M       212M
-/+ buffers/cache:       703M       288M
Swap:         8.0G       8.7M       8.0G

             total       used       free     shared    buffers     cached
Mem:          992M       930M        61M       1.2M       3.2M       204M
-/+ buffers/cache:       722M       269M
Swap:         8.0G       8.7M       8.0G

             total       used       free     shared    buffers     cached
Mem:          992M       926M        65M       1.2M       1.2M       186M
-/+ buffers/cache:       738M       253M
Swap:         8.0G       8.7M       8.0G

             total       used       free     shared    buffers     cached
Mem:          992M       921M        70M       1.2M       220K       165M
-/+ buffers/cache:       756M       236M
Swap:         8.0G       8.7M       8.0G

             total       used       free     shared    buffers     cached
Mem:          992M       918M        74M       1.2M       216K       145M
-/+ buffers/cache:       772M       220M
Swap:         8.0G       8.7M       8.0G

             total       used       free     shared    buffers     cached
Mem:          992M       929M        63M       1.2M       216K       145M
-/+ buffers/cache:       783M       209M
Swap:         8.0G       8.7M       8.0G

             total       used       free     shared    buffers     cached
Mem:          992M       930M        61M       1.2M       104K       128M
-/+ buffers/cache:       801M       190M
Swap:         8.0G       8.7M       8.0G

             total       used       free     shared    buffers     cached
Mem:          992M       919M        72M       1.2M       256K        99M
-/+ buffers/cache:       820M       171M
Swap:         8.0G       8.7M       8.0G

             total       used       free     shared    buffers     cached
Mem:          992M       912M        79M       1.2M       260K        76M
-/+ buffers/cache:       835M       156M
Swap:         8.0G       8.7M       8.0G

             total       used       free     shared    buffers     cached
Mem:          992M       931M        61M       1.2M       260K        76M
-/+ buffers/cache:       854M       138M
Swap:         8.0G       8.7M       8.0G

             total       used       free     shared    buffers     cached
Mem:          992M       929M        62M       1.2M       264K        59M
-/+ buffers/cache:       870M       121M
Swap:         8.0G       8.7M       8.0G

             total       used       free     shared    buffers     cached
Mem:          992M       912M        79M       1.2M       268K        26M
-/+ buffers/cache:       885M       106M
Swap:         8.0G       8.7M       8.0G

             total       used       free     shared    buffers     cached
Mem:          992M       921M        71M       1.2M       548K        15M
-/+ buffers/cache:       904M        87M
Swap:         8.0G       8.7M       8.0G

             total       used       free     shared    buffers     cached
Mem:          992M       920M        71M       1.0M       336K       3.8M
-/+ buffers/cache:       916M        76M
Swap:         8.0G        13M       8.0G

             total       used       free     shared    buffers     cached
Mem:          992M       901M        90M       676K       1.1M        14M
-/+ buffers/cache:       886M       106M
Swap:         8.0G        98M       7.9G

             total       used       free     shared    buffers     cached
Mem:          992M       921M        70M       676K       1.1M        14M
-/+ buffers/cache:       906M        86M
Swap:         8.0G        98M       7.9G

             total       used       free     shared    buffers     cached
Mem:          992M       918M        73M       676K       1.0M        14M
-/+ buffers/cache:       903M        89M
Swap:         8.0G        98M       7.9G

             total       used       free     shared    buffers     cached
Mem:          992M       921M        70M       672K       1.0M        14M
-/+ buffers/cache:       906M        85M
Swap:         8.0G        98M       7.9G

             total       used       free     shared    buffers     cached
Mem:          992M       935M        56M       568K       1.1M        11M
-/+ buffers/cache:       922M        69M
Swap:         8.0G       187M       7.8G

             total       used       free     shared    buffers     cached
Mem:          992M       877M       115M       568K       1.1M        11M
-/+ buffers/cache:       864M       128M
Swap:         8.0G       187M       7.8G

             total       used       free     shared    buffers     cached
Mem:          992M       893M        99M       568K       1.1M        12M
-/+ buffers/cache:       879M       112M
Swap:         8.0G       187M       7.8G

             total       used       free     shared    buffers     cached
Mem:          992M       907M        84M       568K       1.1M        12M
-/+ buffers/cache:       894M        97M
Swap:         8.0G       187M       7.8G

             total       used       free     shared    buffers     cached
Mem:          992M       924M        67M       568K       1.1M        12M
-/+ buffers/cache:       911M        80M
Swap:         8.0G       187M       7.8G

             total       used       free     shared    buffers     cached
Mem:          992M       926M        66M       568K       1.1M        11M
-/+ buffers/cache:       913M        79M
Swap:         8.0G       187M       7.8G

             total       used       free     shared    buffers     cached
Mem:          992M       924M        67M       568K       908K        10M
-/+ buffers/cache:       912M        79M
Swap:         8.0G       197M       7.8G

             total       used       free     shared    buffers     cached
Mem:          992M       921M        70M       568K       224K       3.0M
-/+ buffers/cache:       918M        73M
Swap:         8.0G       215M       7.8G

             total       used       free     shared    buffers     cached
Mem:          992M       926M        65M       564K       488K       3.0M
-/+ buffers/cache:       923M        68M
Swap:         8.0G       225M       7.8G

             total       used       free     shared    buffers     cached
Mem:          992M       930M        62M       540K       488K       2.9M
-/+ buffers/cache:       926M        65M
Swap:         8.0G       246M       7.8G

             total       used       free     shared    buffers     cached
Mem:          992M       925M        66M       540K       496K       2.9M
-/+ buffers/cache:       922M        69M
Swap:         8.0G       246M       7.8G

             total       used       free     shared    buffers     cached
Mem:          992M       914M        77M       540K       484K       2.6M
-/+ buffers/cache:       911M        80M
Swap:         8.0G       272M       7.7G

             total       used       free     shared    buffers     cached
Mem:          992M       922M        69M       540K       484K       2.7M
-/+ buffers/cache:       919M        73M
Swap:         8.0G       272M       7.7G

             total       used       free     shared    buffers     cached
Mem:          992M       929M        63M       540K       484K       2.7M
-/+ buffers/cache:       926M        66M
Swap:         8.0G       272M       7.7G

             total       used       free     shared    buffers     cached
Mem:          992M       920M        71M       540K       272K       2.3M
-/+ buffers/cache:       917M        74M
Swap:         8.0G       293M       7.7G

             total       used       free     shared    buffers     cached
Mem:          992M       926M        65M       540K       272K       2.3M
-/+ buffers/cache:       923M        68M
Swap:         8.0G       293M       7.7G

             total       used       free     shared    buffers     cached
Mem:          992M       920M        71M       540K       280K       2.3M
-/+ buffers/cache:       917M        74M
Swap:         8.0G       293M       7.7G

             total       used       free     shared    buffers     cached
Mem:          992M       925M        66M       540K       280K       2.3M
-/+ buffers/cache:       922M        69M
Swap:         8.0G       293M       7.7G

             total       used       free     shared    buffers     cached
Mem:          992M       930M        61M       540K       280K       2.3M
-/+ buffers/cache:       928M        64M
Swap:         8.0G       293M       7.7G

             total       used       free     shared    buffers     cached
Mem:          992M       922M        69M       448K       280K       2.2M
-/+ buffers/cache:       919M        72M
Swap:         8.0G       322M       7.7G

             total       used       free     shared    buffers     cached
Mem:          992M       927M        64M       448K       280K       2.3M
-/+ buffers/cache:       925M        67M
Swap:         8.0G       322M       7.7G

             total       used       free     shared    buffers     cached
Mem:          992M       919M        72M       448K       288K       2.3M
-/+ buffers/cache:       916M        75M
Swap:         8.0G       322M       7.7G

             total       used       free     shared    buffers     cached
Mem:          992M       924M        67M       448K       288K       2.3M
-/+ buffers/cache:       922M        69M
Swap:         8.0G       322M       7.7G

             total       used       free     shared    buffers     cached
Mem:          992M       929M        62M       448K       288K       2.3M
-/+ buffers/cache:       926M        65M
Swap:         8.0G       322M       7.7G

             total       used       free     shared    buffers     cached
Mem:          992M       918M        74M        32K       172K       1.9M
-/+ buffers/cache:       916M        76M
Swap:         8.0G       334M       7.7G

             total       used       free     shared    buffers     cached
Mem:          992M       919M        72M         4K       128K       1.7M
-/+ buffers/cache:       917M        74M
Swap:         8.0G       329M       7.7G

             total       used       free     shared    buffers     cached
Mem:          992M       919M        73M         4K        84K       1.7M
-/+ buffers/cache:       917M        74M
Swap:         8.0G       326M       7.7G

             total       used       free     shared    buffers     cached
Mem:          992M       921M        71M         0B        84K       1.7M
-/+ buffers/cache:       919M        72M
Swap:         8.0G       334M       7.7G

             total       used       free     shared    buffers     cached
Mem:          992M       923M        69M         0B        84K       1.7M
-/+ buffers/cache:       921M        70M
Swap:         8.0G       322M       7.7G

             total       used       free     shared    buffers     cached
Mem:          992M       919M        72M         0B        84K       1.6M
-/+ buffers/cache:       917M        74M
Swap:         8.0G       325M       7.7G

             total       used       free     shared    buffers     cached
Mem:          992M       922M        69M         0B        84K       1.5M
-/+ buffers/cache:       921M        71M
Swap:         8.0G       326M       7.7G

             total       used       free     shared    buffers     cached
Mem:          992M       920M        72M         0B        84K       1.3M
-/+ buffers/cache:       918M        73M
Swap:         8.0G       328M       7.7G

             total       used       free     shared    buffers     cached
Mem:          992M       923M        68M         0B        76K       1.3M
-/+ buffers/cache:       922M        69M
Swap:         8.0G       443M       7.6G

             total       used       free     shared    buffers     cached
Mem:          992M       920M        71M         0B        76K       1.3M
-/+ buffers/cache:       919M        72M
Swap:         8.0G       389M       7.6G

             total       used       free     shared    buffers     cached
Mem:          992M       919M        72M         0B        76K       1.3M
-/+ buffers/cache:       917M        74M
Swap:         8.0G       345M       7.7G

             total       used       free     shared    buffers     cached
Mem:          992M       922M        69M         0B        76K       1.3M
-/+ buffers/cache:       920M        71M
Swap:         8.0G       328M       7.7G

             total       used       free     shared    buffers     cached
Mem:          992M       921M        70M         0B        76K       1.6M
-/+ buffers/cache:       919M        72M
Swap:         8.0G       328M       7.7G

             total       used       free     shared    buffers     cached
Mem:          992M       925M        66M         0B        84K       1.6M
-/+ buffers/cache:       924M        67M
Swap:         8.0G       326M       7.7G

             total       used       free     shared    buffers     cached
Mem:          992M       916M        75M         0B        84K       1.6M
-/+ buffers/cache:       914M        77M
Swap:         8.0G       356M       7.6G

             total       used       free     shared    buffers     cached
Mem:          992M       922M        69M         0B        84K       1.6M
-/+ buffers/cache:       920M        71M
Swap:         8.0G       356M       7.6G

             total       used       free     shared    buffers     cached
Mem:          992M       928M        63M         0B        84K       1.6M
-/+ buffers/cache:       926M        65M
Swap:         8.0G       356M       7.6G

             total       used       free     shared    buffers     cached
Mem:          992M       922M        70M         0B        84K       1.6M
-/+ buffers/cache:       920M        71M
Swap:         8.0G       356M       7.6G

             total       used       free     shared    buffers     cached
Mem:          992M       926M        66M         0B        92K       1.6M
-/+ buffers/cache:       924M        67M
Swap:         8.0G       356M       7.6G

             total       used       free     shared    buffers     cached
Mem:          992M       931M        60M         0B        92K       1.6M
-/+ buffers/cache:       929M        62M
Swap:         8.0G       356M       7.6G

             total       used       free     shared    buffers     cached
Mem:          992M       917M        75M         0B        92K       6.8M
-/+ buffers/cache:       910M        81M
Swap:         8.0G       384M       7.6G

             total       used       free     shared    buffers     cached
Mem:          992M       914M        77M         0B       216K        13M
-/+ buffers/cache:       901M        90M
Swap:         8.0G       395M       7.6G

             total       used       free     shared    buffers     cached
Mem:          992M       918M        73M         0B       816K        14M
-/+ buffers/cache:       903M        89M
Swap:         8.0G       394M       7.6G

             total       used       free     shared    buffers     cached
Mem:          992M       920M        71M         0B       816K        14M
-/+ buffers/cache:       904M        87M
Swap:         8.0G       393M       7.6G

             total       used       free     shared    buffers     cached
Mem:          992M       921M        70M         0B       832K        15M
-/+ buffers/cache:       905M        86M
Swap:         8.0G       393M       7.6G

             total       used       free     shared    buffers     cached
Mem:          992M       923M        68M         0B       832K        15M
-/+ buffers/cache:       907M        84M
Swap:         8.0G       392M       7.6G

             total       used       free     shared    buffers     cached
Mem:          992M       925M        66M         0B       832K        15M
-/+ buffers/cache:       910M        82M
Swap:         8.0G       391M       7.6G

             total       used       free     shared    buffers     cached
Mem:          992M       927M        64M         0B       832K        15M
-/+ buffers/cache:       911M        80M
Swap:         8.0G       390M       7.6G

             total       used       free     shared    buffers     cached
Mem:          992M       929M        62M         0B       832K        15M
-/+ buffers/cache:       913M        78M
Swap:         8.0G       389M       7.6G

             total       used       free     shared    buffers     cached
Mem:          992M       931M        60M         0B       840K        15M
-/+ buffers/cache:       915M        76M
Swap:         8.0G       388M       7.6G

             total       used       free     shared    buffers     cached
Mem:          992M       920M        71M         0B       788K        10M
-/+ buffers/cache:       908M        83M
Swap:         8.0G       399M       7.6G

             total       used       free     shared    buffers     cached
Mem:          992M       922M        69M         0B       788K        10M
-/+ buffers/cache:       910M        81M
Swap:         8.0G       398M       7.6G

             total       used       free     shared    buffers     cached
Mem:          992M       924M        67M         0B       788K        10M
-/+ buffers/cache:       913M        78M
Swap:         8.0G       397M       7.6G

             total       used       free     shared    buffers     cached
Mem:          992M       927M        65M         0B       788K        11M
-/+ buffers/cache:       915M        76M
Swap:         8.0G       396M       7.6G

             total       used       free     shared    buffers     cached
Mem:          992M       928M        63M         0B       796K        11M
-/+ buffers/cache:       917M        75M
Swap:         8.0G       396M       7.6G

             total       used       free     shared    buffers     cached
Mem:          992M       930M        61M         0B       796K        11M
-/+ buffers/cache:       918M        73M
Swap:         8.0G       395M       7.6G

             total       used       free     shared    buffers     cached
Mem:          992M       914M        77M         0B       796K       9.1M
-/+ buffers/cache:       904M        87M
Swap:         8.0G       420M       7.6G

             total       used       free     shared    buffers     cached
Mem:          992M       916M        75M         0B       796K       9.1M
-/+ buffers/cache:       906M        85M
Swap:         8.0G       419M       7.6G

             total       used       free     shared    buffers     cached
Mem:          992M       918M        74M         0B       796K       9.1M
-/+ buffers/cache:       908M        83M
Swap:         8.0G       418M       7.6G

             total       used       free     shared    buffers     cached
Mem:          992M       920M        72M         0B       796K       9.1M
-/+ buffers/cache:       910M        82M
Swap:         8.0G       417M       7.6G

             total       used       free     shared    buffers     cached
Mem:          992M       921M        70M         0B       804K       9.1M
-/+ buffers/cache:       911M        80M
Swap:         8.0G       417M       7.6G

             total       used       free     shared    buffers     cached
Mem:          992M       923M        68M         0B       804K       9.1M
-/+ buffers/cache:       913M        78M
Swap:         8.0G       416M       7.6G

             total       used       free     shared    buffers     cached
Mem:          992M       925M        67M         0B       804K       9.1M
-/+ buffers/cache:       915M        77M
Swap:         8.0G       415M       7.6G

             total       used       free     shared    buffers     cached
Mem:          992M       927M        65M         0B       804K       9.1M
-/+ buffers/cache:       917M        75M
Swap:         8.0G       414M       7.6G

             total       used       free     shared    buffers     cached
Mem:          992M       929M        62M         0B       804K       9.1M
-/+ buffers/cache:       919M        72M
Swap:         8.0G       413M       7.6G

             total       used       free     shared    buffers     cached
Mem:          992M       930M        61M         0B       812K       9.1M
-/+ buffers/cache:       920M        71M
Swap:         8.0G       412M       7.6G

             total       used       free     shared    buffers     cached
Mem:          992M       920M        71M         0B       204K       2.1M
-/+ buffers/cache:       918M        73M
Swap:         8.0G       412M       7.6G

             total       used       free     shared    buffers     cached
Mem:          992M       922M        69M         0B       204K       2.1M
-/+ buffers/cache:       920M        71M
Swap:         8.0G       411M       7.6G

             total       used       free     shared    buffers     cached
Mem:          992M       924M        67M         0B       488K       2.1M
-/+ buffers/cache:       922M        70M
Swap:         8.0G       410M       7.6G

             total       used       free     shared    buffers     cached
Mem:          992M       926M        65M         0B       488K       2.1M
-/+ buffers/cache:       923M        68M
Swap:         8.0G       410M       7.6G

             total       used       free     shared    buffers     cached
Mem:          992M       928M        64M         0B       496K       2.1M
-/+ buffers/cache:       925M        66M
Swap:         8.0G       409M       7.6G

             total       used       free     shared    buffers     cached
Mem:          992M       929M        62M         0B       496K       2.1M
-/+ buffers/cache:       927M        64M
Swap:         8.0G       408M       7.6G

             total       used       free     shared    buffers     cached
Mem:          992M       920M        72M         0B       496K       2.1M
-/+ buffers/cache:       917M        74M
Swap:         8.0G       407M       7.6G

             total       used       free     shared    buffers     cached
Mem:          992M       921M        70M         0B       496K       2.1M
-/+ buffers/cache:       918M        73M
Swap:         8.0G       406M       7.6G

             total       used       free     shared    buffers     cached
Mem:          992M       923M        68M         0B       496K       2.1M
-/+ buffers/cache:       920M        71M
Swap:         8.0G       405M       7.6G

             total       used       free     shared    buffers     cached
Mem:          992M       925M        67M         0B       496K       2.1M
-/+ buffers/cache:       922M        69M
Swap:         8.0G       405M       7.6G

             total       used       free     shared    buffers     cached
Mem:          992M       927M        65M         0B       504K       2.1M
-/+ buffers/cache:       924M        67M
Swap:         8.0G       404M       7.6G

             total       used       free     shared    buffers     cached
Mem:          992M       928M        63M         0B       504K       2.1M
-/+ buffers/cache:       926M        65M
Swap:         8.0G       403M       7.6G

             total       used       free     shared    buffers     cached
Mem:          992M       930M        61M         0B       504K       2.1M
-/+ buffers/cache:       928M        64M
Swap:         8.0G       402M       7.6G

             total       used       free     shared    buffers     cached
Mem:          992M       918M        73M         0B       504K       2.1M
-/+ buffers/cache:       915M        76M
Swap:         8.0G       419M       7.6G

             total       used       free     shared    buffers     cached
Mem:          992M       919M        72M         0B       504K       2.1M
-/+ buffers/cache:       917M        75M
Swap:         8.0G       418M       7.6G

             total       used       free     shared    buffers     cached
Mem:          992M       921M        70M         0B       512K       2.1M
-/+ buffers/cache:       919M        73M
Swap:         8.0G       418M       7.6G

             total       used       free     shared    buffers     cached
Mem:          992M       923M        68M         0B       512K       2.1M
-/+ buffers/cache:       920M        71M
Swap:         8.0G       417M       7.6G

             total       used       free     shared    buffers     cached
Mem:          992M       925M        67M         0B       512K       2.1M
-/+ buffers/cache:       922M        69M
Swap:         8.0G       416M       7.6G

             total       used       free     shared    buffers     cached
Mem:          992M       927M        65M         0B       512K       2.1M
-/+ buffers/cache:       924M        67M
Swap:         8.0G       415M       7.6G

             total       used       free     shared    buffers     cached
Mem:          992M       928M        63M         0B       512K       2.1M
-/+ buffers/cache:       926M        66M
Swap:         8.0G       414M       7.6G

             total       used       free     shared    buffers     cached
Mem:          992M       930M        61M         0B       520K       2.1M
-/+ buffers/cache:       928M        64M
Swap:         8.0G       413M       7.6G

             total       used       free     shared    buffers     cached
Mem:          992M       915M        76M         0B       520K       2.0M
-/+ buffers/cache:       912M        79M
Swap:         8.0G       431M       7.6G

             total       used       free     shared    buffers     cached
Mem:          992M       917M        74M         0B       520K       2.0M
-/+ buffers/cache:       915M        77M
Swap:         8.0G       430M       7.6G

             total       used       free     shared    buffers     cached
Mem:          992M       919M        72M         0B       520K       2.0M
-/+ buffers/cache:       916M        75M
Swap:         8.0G       429M       7.6G

             total       used       free     shared    buffers     cached
Mem:          992M       921M        70M         0B       520K       2.0M
-/+ buffers/cache:       919M        73M
Swap:         8.0G       428M       7.6G

             total       used       free     shared    buffers     cached
Mem:          992M       923M        69M         0B       520K       2.0M
-/+ buffers/cache:       920M        71M
Swap:         8.0G       427M       7.6G

             total       used       free     shared    buffers     cached
Mem:          992M       925M        66M         0B       528K       2.0M
-/+ buffers/cache:       922M        69M
Swap:         8.0G       425M       7.6G

             total       used       free     shared    buffers     cached
Mem:          992M       927M        64M         0B       528K       2.0M
-/+ buffers/cache:       924M        67M
Swap:         8.0G       424M       7.6G

             total       used       free     shared    buffers     cached
Mem:          992M       929M        62M         0B       528K       2.0M
-/+ buffers/cache:       927M        65M
Swap:         8.0G       423M       7.6G

             total       used       free     shared    buffers     cached
Mem:          992M       918M        74M         0B       512K       1.9M
-/+ buffers/cache:       915M        76M
Swap:         8.0G       430M       7.6G

             total       used       free     shared    buffers     cached
Mem:          992M       920M        72M         0B       512K       1.9M
-/+ buffers/cache:       917M        74M
Swap:         8.0G       429M       7.6G

             total       used       free     shared    buffers     cached
Mem:          992M       922M        70M         0B       520K       1.9M
-/+ buffers/cache:       919M        72M
Swap:         8.0G       428M       7.6G

             total       used       free     shared    buffers     cached
Mem:          992M       924M        67M         0B       520K       1.9M
-/+ buffers/cache:       921M        70M
Swap:         8.0G       427M       7.6G

             total       used       free     shared    buffers     cached
Mem:          992M       927M        65M         0B       520K       2.0M
-/+ buffers/cache:       924M        67M
Swap:         8.0G       425M       7.6G

             total       used       free     shared    buffers     cached
Mem:          992M       926M        65M         0B        76K        20M
-/+ buffers/cache:       906M        85M
Swap:         8.0G       444M       7.6G

             total       used       free     shared    buffers     cached
Mem:          992M       917M        74M         0B       216K        20M
-/+ buffers/cache:       896M        95M
Swap:         8.0G       466M       7.5G

             total       used       free     shared    buffers     cached
Mem:          992M       919M        72M         0B       560K        20M
-/+ buffers/cache:       898M        93M
Swap:         8.0G       465M       7.5G

             total       used       free     shared    buffers     cached
Mem:          992M       922M        69M         0B       848K        21M
-/+ buffers/cache:       900M        91M
Swap:         8.0G       464M       7.5G

             total       used       free     shared    buffers     cached
Mem:          992M       921M        70M         0B       1.0M        27M
-/+ buffers/cache:       893M        99M
Swap:         8.0G       466M       7.5G

             total       used       free     shared    buffers     cached
Mem:          992M       918M        74M        16K       964K        30M
-/+ buffers/cache:       886M       105M
Swap:         8.0G       479M       7.5G

             total       used       free     shared    buffers     cached
Mem:          992M       919M        73M        16K       964K        30M
-/+ buffers/cache:       888M       104M
Swap:         8.0G       478M       7.5G

             total       used       free     shared    buffers     cached
Mem:          992M       920M        71M        16K       964K        30M
-/+ buffers/cache:       889M       102M
Swap:         8.0G       478M       7.5G

             total       used       free     shared    buffers     cached
Mem:          992M       921M        70M        16K       972K        30M
-/+ buffers/cache:       890M       101M
Swap:         8.0G       477M       7.5G

             total       used       free     shared    buffers     cached
Mem:          992M       922M        69M        16K       972K        30M
-/+ buffers/cache:       891M       100M
Swap:         8.0G       476M       7.5G

             total       used       free     shared    buffers     cached
Mem:          992M       923M        68M        16K       972K        30M
-/+ buffers/cache:       892M        99M
Swap:         8.0G       476M       7.5G

             total       used       free     shared    buffers     cached
Mem:          992M       924M        67M        16K       972K        30M
-/+ buffers/cache:       893M        98M
Swap:         8.0G       475M       7.5G

             total       used       free     shared    buffers     cached
Mem:          992M       927M        64M        16K       972K        30M
-/+ buffers/cache:       895M        96M
Swap:         8.0G       474M       7.5G

             total       used       free     shared    buffers     cached
Mem:          992M       929M        62M        16K       980K        31M
-/+ buffers/cache:       897M        94M
Swap:         8.0G       474M       7.5G

             total       used       free     shared    buffers     cached
Mem:          992M       930M        61M        16K       980K        31M
-/+ buffers/cache:       898M        93M
Swap:         8.0G       473M       7.5G

             total       used       free     shared    buffers     cached
Mem:          992M       919M        72M        16K       980K        30M
-/+ buffers/cache:       888M       103M
Swap:         8.0G       474M       7.5G

             total       used       free     shared    buffers     cached
Mem:          992M       920M        71M        16K       980K        30M
-/+ buffers/cache:       889M       102M
Swap:         8.0G       474M       7.5G

             total       used       free     shared    buffers     cached
Mem:          992M       922M        70M        16K       980K        30M
-/+ buffers/cache:       891M       101M
Swap:         8.0G       473M       7.5G

             total       used       free     shared    buffers     cached
Mem:          992M       923M        68M        16K       980K        30M
-/+ buffers/cache:       892M        99M
Swap:         8.0G       472M       7.5G

             total       used       free     shared    buffers     cached
Mem:          992M       924M        67M        16K       988K        30M
-/+ buffers/cache:       893M        98M
Swap:         8.0G       472M       7.5G

             total       used       free     shared    buffers     cached
Mem:          992M       925M        66M        16K       988K        30M
-/+ buffers/cache:       894M        97M
Swap:         8.0G       471M       7.5G

             total       used       free     shared    buffers     cached
Mem:          992M       926M        65M        16K       988K        30M
-/+ buffers/cache:       895M        96M
Swap:         8.0G       470M       7.5G

             total       used       free     shared    buffers     cached
Mem:          992M       927M        64M        16K       988K        30M
-/+ buffers/cache:       896M        95M
Swap:         8.0G       470M       7.5G

             total       used       free     shared    buffers     cached
Mem:          992M       929M        62M        16K       996K        30M
-/+ buffers/cache:       898M        94M
Swap:         8.0G       469M       7.5G

             total       used       free     shared    buffers     cached
Mem:          992M       930M        61M        16K       1.0M        30M
-/+ buffers/cache:       899M        92M
Swap:         8.0G       469M       7.5G

             total       used       free     shared    buffers     cached
Mem:          992M       915M        77M        16K       1.0M        28M
-/+ buffers/cache:       885M       106M
Swap:         8.0G       490M       7.5G

             total       used       free     shared    buffers     cached
Mem:          992M       916M        75M        16K       1.0M        28M
-/+ buffers/cache:       886M       105M
Swap:         8.0G       490M       7.5G

             total       used       free     shared    buffers     cached
Mem:          992M       917M        74M        16K       1.0M        28M
-/+ buffers/cache:       887M       104M
Swap:         8.0G       489M       7.5G

             total       used       free     shared    buffers     cached
Mem:          992M       918M        73M        16K       1.0M        28M
-/+ buffers/cache:       889M       103M
Swap:         8.0G       488M       7.5G

             total       used       free     shared    buffers     cached
Mem:          992M       919M        72M        16K       1.0M        28M
-/+ buffers/cache:       890M       101M
Swap:         8.0G       488M       7.5G

             total       used       free     shared    buffers     cached
Mem:          992M       920M        71M        16K       1.0M        28M
-/+ buffers/cache:       891M       101M
Swap:         8.0G       487M       7.5G

             total       used       free     shared    buffers     cached
Mem:          992M       922M        69M        16K       1.0M        28M
-/+ buffers/cache:       892M        99M
Swap:         8.0G       487M       7.5G

             total       used       free     shared    buffers     cached
Mem:          992M       923M        68M        16K       1.0M        28M
-/+ buffers/cache:       893M        98M
Swap:         8.0G       486M       7.5G

             total       used       free     shared    buffers     cached
Mem:          992M       924M        67M        16K       1.0M        28M
-/+ buffers/cache:       895M        97M
Swap:         8.0G       485M       7.5G

             total       used       free     shared    buffers     cached
Mem:          992M       926M        66M        16K       1.0M        28M
-/+ buffers/cache:       896M        95M
Swap:         8.0G       485M       7.5G

             total       used       free     shared    buffers     cached
Mem:          992M       927M        64M        16K       1.0M        28M
-/+ buffers/cache:       897M        94M
Swap:         8.0G       484M       7.5G

             total       used       free     shared    buffers     cached
Mem:          992M       928M        63M        16K       1.0M        28M
-/+ buffers/cache:       899M        93M
Swap:         8.0G       484M       7.5G

             total       used       free     shared    buffers     cached
Mem:          992M       930M        62M        16K       1.0M        28M
-/+ buffers/cache:       900M        91M
Swap:         8.0G       483M       7.5G

             total       used       free     shared    buffers     cached
Mem:          992M       931M        60M        16K       1.0M        28M
-/+ buffers/cache:       901M        90M
Swap:         8.0G       482M       7.5G

             total       used       free     shared    buffers     cached
Mem:          992M       917M        74M        16K       1.0M        27M
-/+ buffers/cache:       888M       103M
Swap:         8.0G       492M       7.5G

             total       used       free     shared    buffers     cached
Mem:          992M       919M        73M        16K       1.0M        27M
-/+ buffers/cache:       890M       101M
Swap:         8.0G       491M       7.5G

             total       used       free     shared    buffers     cached
Mem:          992M       920M        72M        16K       1.0M        27M
-/+ buffers/cache:       891M       100M
Swap:         8.0G       491M       7.5G

             total       used       free     shared    buffers     cached
Mem:          992M       921M        70M        16K       1.0M        27M
-/+ buffers/cache:       892M        99M
Swap:         8.0G       490M       7.5G

             total       used       free     shared    buffers     cached
Mem:          992M       922M        69M        16K       1.0M        27M
-/+ buffers/cache:       893M        98M
Swap:         8.0G       490M       7.5G

             total       used       free     shared    buffers     cached
Mem:          992M       924M        68M        16K       1.0M        27M
-/+ buffers/cache:       895M        96M
Swap:         8.0G       489M       7.5G

             total       used       free     shared    buffers     cached
Mem:          992M       925M        67M        16K       1.0M        27M
-/+ buffers/cache:       896M        95M
Swap:         8.0G       488M       7.5G

             total       used       free     shared    buffers     cached
Mem:          992M       926M        65M        16K       1.0M        27M
-/+ buffers/cache:       897M        94M
Swap:         8.0G       487M       7.5G

             total       used       free     shared    buffers     cached
Mem:          992M       927M        64M        16K       1.0M        27M
-/+ buffers/cache:       898M        93M
Swap:         8.0G       487M       7.5G

             total       used       free     shared    buffers     cached
Mem:          992M       928M        63M        16K       1.0M        27M
-/+ buffers/cache:       900M        92M
Swap:         8.0G       486M       7.5G

             total       used       free     shared    buffers     cached
Mem:          992M       930M        61M        16K       1.0M        27M
-/+ buffers/cache:       901M        90M
Swap:         8.0G       485M       7.5G

             total       used       free     shared    buffers     cached
Mem:          992M       919M        73M        16K       1.0M        26M
-/+ buffers/cache:       892M       100M
Swap:         8.0G       497M       7.5G

             total       used       free     shared    buffers     cached
Mem:          992M       919M        72M        16K       1.0M        26M
-/+ buffers/cache:       892M        99M
Swap:         8.0G       496M       7.5G

             total       used       free     shared    buffers     cached
Mem:          992M       921M        70M        16K       1.0M        26M
-/+ buffers/cache:       894M        97M
Swap:         8.0G       495M       7.5G

             total       used       free     shared    buffers     cached
Mem:          992M       922M        69M        16K       1.0M        26M
-/+ buffers/cache:       895M        96M
Swap:         8.0G       495M       7.5G

             total       used       free     shared    buffers     cached
Mem:          992M       924M        68M        16K       1.0M        26M
-/+ buffers/cache:       897M        95M
Swap:         8.0G       494M       7.5G

             total       used       free     shared    buffers     cached
Mem:          992M       925M        66M        16K       1.0M        26M
-/+ buffers/cache:       898M        93M
Swap:         8.0G       493M       7.5G

             total       used       free     shared    buffers     cached
Mem:          992M       927M        65M        16K       1.0M        25M
-/+ buffers/cache:       900M        92M
Swap:         8.0G       492M       7.5G

             total       used       free     shared    buffers     cached
Mem:          992M       928M        63M        16K       1.0M        25M
-/+ buffers/cache:       901M        90M
Swap:         8.0G       492M       7.5G

             total       used       free     shared    buffers     cached
Mem:          992M       929M        62M        16K       1.0M        26M
-/+ buffers/cache:       902M        89M
Swap:         8.0G       491M       7.5G

             total       used       free     shared    buffers     cached
Mem:          992M       931M        60M        16K       1.0M        26M
-/+ buffers/cache:       904M        87M
Swap:         8.0G       490M       7.5G

             total       used       free     shared    buffers     cached
Mem:          992M       924M        67M        16K       936K        28M
-/+ buffers/cache:       895M        96M
Swap:         8.0G       497M       7.5G

             total       used       free     shared    buffers     cached
Mem:          992M       927M        64M        16K       936K        29M
-/+ buffers/cache:       896M        95M
Swap:         8.0G       497M       7.5G

             total       used       free     shared    buffers     cached
Mem:          992M       920M        72M        20K       1.5M        29M
-/+ buffers/cache:       889M       103M
Swap:         8.0G       505M       7.5G

             total       used       free     shared    buffers     cached
Mem:          992M       921M        70M        20K       1.5M        29M
-/+ buffers/cache:       890M       101M
Swap:         8.0G       505M       7.5G

             total       used       free     shared    buffers     cached
Mem:          992M       922M        69M        20K       1.5M        29M
-/+ buffers/cache:       891M       100M
Swap:         8.0G       504M       7.5G

             total       used       free     shared    buffers     cached
Mem:          992M       923M        68M        20K       1.5M        29M
-/+ buffers/cache:       892M        99M
Swap:         8.0G       503M       7.5G

             total       used       free     shared    buffers     cached
Mem:          992M       925M        66M        20K       1.5M        29M
-/+ buffers/cache:       894M        98M
Swap:         8.0G       503M       7.5G

             total       used       free     shared    buffers     cached
Mem:          992M       927M        64M        20K       1.5M        29M
-/+ buffers/cache:       896M        96M
Swap:         8.0G       502M       7.5G

             total       used       free     shared    buffers     cached
Mem:          992M       928M        63M        20K       1.5M        30M
-/+ buffers/cache:       897M        94M
Swap:         8.0G       501M       7.5G

             total       used       free     shared    buffers     cached
Mem:          992M       931M        61M        20K       1.5M        30M
-/+ buffers/cache:       898M        93M
Swap:         8.0G       500M       7.5G

             total       used       free     shared    buffers     cached
Mem:          992M       919M        72M        24K       1.5M        28M
-/+ buffers/cache:       890M       102M
Swap:         8.0G       500M       7.5G

             total       used       free     shared    buffers     cached
Mem:          992M       921M        71M        24K       1.5M        28M
-/+ buffers/cache:       891M       100M
Swap:         8.0G       499M       7.5G

             total       used       free     shared    buffers     cached
Mem:          992M       928M        63M        24K       1.5M        29M
-/+ buffers/cache:       897M        94M
Swap:         8.0G       496M       7.5G

             total       used       free     shared    buffers     cached
Mem:          992M       929M        62M        24K       1.5M        29M
-/+ buffers/cache:       898M        93M
Swap:         8.0G       495M       7.5G

             total       used       free     shared    buffers     cached
Mem:          992M       920M        72M        24K       1.5M        27M
-/+ buffers/cache:       890M       101M
Swap:         8.0G       505M       7.5G

             total       used       free     shared    buffers     cached
Mem:          992M       920M        71M        24K       1.5M        27M
-/+ buffers/cache:       891M       101M
Swap:         8.0G       505M       7.5G

             total       used       free     shared    buffers     cached
Mem:          992M       921M        71M        24K       1.5M        27M
-/+ buffers/cache:       891M       100M
Swap:         8.0G       505M       7.5G

             total       used       free     shared    buffers     cached
Mem:          992M       921M        70M        24K       1.5M        27M
-/+ buffers/cache:       892M        99M
Swap:         8.0G       504M       7.5G

             total       used       free     shared    buffers     cached
Mem:          992M       922M        69M        24K       1.5M        27M
-/+ buffers/cache:       893M        98M
Swap:         8.0G       504M       7.5G

             total       used       free     shared    buffers     cached
Mem:          992M       923M        68M        24K       1.5M        27M
-/+ buffers/cache:       894M        98M
Swap:         8.0G       504M       7.5G

             total       used       free     shared    buffers     cached
Mem:          992M       923M        68M        24K       1.5M        27M
-/+ buffers/cache:       894M        97M
Swap:         8.0G       503M       7.5G

             total       used       free     shared    buffers     cached
Mem:          992M       924M        67M        24K       1.5M        27M
-/+ buffers/cache:       895M        96M
Swap:         8.0G       503M       7.5G

             total       used       free     shared    buffers     cached
Mem:          992M       925M        66M        24K       1.5M        27M
-/+ buffers/cache:       896M        95M
Swap:         8.0G       503M       7.5G

             total       used       free     shared    buffers     cached
Mem:          992M       926M        65M        24K       1.5M        27M
-/+ buffers/cache:       896M        95M
Swap:         8.0G       503M       7.5G

             total       used       free     shared    buffers     cached
Mem:          992M       922M        69M       180K       1.4M        31M
-/+ buffers/cache:       889M       102M
Swap:         8.0G       523M       7.5G

             total       used       free     shared    buffers     cached
Mem:          992M       919M        73M       3.9M       2.8M        51M
-/+ buffers/cache:       864M       127M
Swap:         8.0G       553M       7.5G

             total       used       free     shared    buffers     cached
Mem:          992M       928M        64M       3.9M       4.6M        71M
-/+ buffers/cache:       851M       140M
Swap:         8.0G       572M       7.4G

             total       used       free     shared    buffers     cached
Mem:          992M       918M        73M       248K       4.7M        63M
-/+ buffers/cache:       850M       141M
Swap:         8.0G       573M       7.4G

             total       used       free     shared    buffers     cached
Mem:          992M       920M        72M       248K       4.7M        63M
-/+ buffers/cache:       852M       139M
Swap:         8.0G       572M       7.4G

             total       used       free     shared    buffers     cached
Mem:          992M       921M        70M       248K       4.7M        63M
-/+ buffers/cache:       853M       138M
Swap:         8.0G       572M       7.4G

             total       used       free     shared    buffers     cached
Mem:          992M       922M        69M       248K       4.7M        63M
-/+ buffers/cache:       854M       137M
Swap:         8.0G       571M       7.4G

             total       used       free     shared    buffers     cached
Mem:          992M       923M        68M       248K       4.7M        63M
-/+ buffers/cache:       855M       136M
Swap:         8.0G       571M       7.4G

             total       used       free     shared    buffers     cached
Mem:          992M       926M        65M       248K       4.9M        64M
-/+ buffers/cache:       857M       134M
Swap:         8.0G       570M       7.4G

             total       used       free     shared    buffers     cached
Mem:          992M       927M        64M       248K       4.9M        64M
-/+ buffers/cache:       858M       133M
Swap:         8.0G       570M       7.4G

             total       used       free     shared    buffers     cached
Mem:          992M       928M        63M       248K       4.9M        64M
-/+ buffers/cache:       859M       132M
Swap:         8.0G       569M       7.4G

             total       used       free     shared    buffers     cached
Mem:          992M       930M        62M       248K       4.9M        64M
-/+ buffers/cache:       861M       131M
Swap:         8.0G       569M       7.4G

             total       used       free     shared    buffers     cached
Mem:          992M       906M        86M       248K       4.5M        60M
-/+ buffers/cache:       841M       150M
Swap:         8.0G       588M       7.4G

             total       used       free     shared    buffers     cached
Mem:          992M       906M        85M       248K       4.5M        60M
-/+ buffers/cache:       841M       150M
Swap:         8.0G       587M       7.4G

             total       used       free     shared    buffers     cached
Mem:          992M       907M        84M       248K       4.5M        60M
-/+ buffers/cache:       843M       149M
Swap:         8.0G       587M       7.4G

             total       used       free     shared    buffers     cached
Mem:          992M       909M        82M       248K       4.5M        60M
-/+ buffers/cache:       844M       147M
Swap:         8.0G       586M       7.4G

             total       used       free     shared    buffers     cached
Mem:          992M       910M        81M       248K       4.5M        60M
-/+ buffers/cache:       845M       146M
Swap:         8.0G       586M       7.4G

             total       used       free     shared    buffers     cached
Mem:          992M       912M        79M       248K       4.5M        60M
-/+ buffers/cache:       847M       144M
Swap:         8.0G       585M       7.4G

             total       used       free     shared    buffers     cached
Mem:          992M       913M        78M       248K       4.5M        60M
-/+ buffers/cache:       848M       143M
Swap:         8.0G       584M       7.4G

             total       used       free     shared    buffers     cached
Mem:          992M       915M        77M       248K       4.5M        60M
-/+ buffers/cache:       849M       142M
Swap:         8.0G       584M       7.4G

             total       used       free     shared    buffers     cached
Mem:          992M       916M        75M       248K       4.5M        60M
-/+ buffers/cache:       851M       140M
Swap:         8.0G       583M       7.4G

             total       used       free     shared    buffers     cached
Mem:          992M       917M        74M       248K       4.5M        60M
-/+ buffers/cache:       852M       139M
Swap:         8.0G       583M       7.4G

             total       used       free     shared    buffers     cached
Mem:          992M       919M        72M       248K       4.5M        60M
-/+ buffers/cache:       854M       137M
Swap:         8.0G       582M       7.4G

             total       used       free     shared    buffers     cached
Mem:          992M       920M        71M       248K       4.5M        60M
-/+ buffers/cache:       855M       136M
Swap:         8.0G       582M       7.4G

             total       used       free     shared    buffers     cached
Mem:          992M       922M        70M       248K       4.5M        60M
-/+ buffers/cache:       856M       135M
Swap:         8.0G       581M       7.4G

             total       used       free     shared    buffers     cached
Mem:          992M       923M        68M       248K       4.5M        60M
-/+ buffers/cache:       858M       134M
Swap:         8.0G       581M       7.4G

             total       used       free     shared    buffers     cached
Mem:          992M       924M        67M       248K       4.5M        60M
-/+ buffers/cache:       859M       132M
Swap:         8.0G       580M       7.4G

             total       used       free     shared    buffers     cached
Mem:          992M       925M        66M       248K       4.5M        60M
-/+ buffers/cache:       860M       131M
Swap:         8.0G       579M       7.4G

             total       used       free     shared    buffers     cached
Mem:          992M       927M        64M       248K       4.5M        60M
-/+ buffers/cache:       862M       130M
Swap:         8.0G       579M       7.4G

             total       used       free     shared    buffers     cached
Mem:          992M       928M        63M       248K       4.5M        60M
-/+ buffers/cache:       863M       128M
Swap:         8.0G       578M       7.4G

             total       used       free     shared    buffers     cached
Mem:          992M       930M        62M       248K       4.5M        60M
-/+ buffers/cache:       864M       127M
Swap:         8.0G       578M       7.4G

             total       used       free     shared    buffers     cached
Mem:          992M       931M        60M       248K       4.5M        60M
-/+ buffers/cache:       866M       125M
Swap:         8.0G       577M       7.4G

             total       used       free     shared    buffers     cached
Mem:          992M       912M        79M       244K       4.5M        59M
-/+ buffers/cache:       848M       143M
Swap:         8.0G       592M       7.4G

             total       used       free     shared    buffers     cached
Mem:          992M       913M        78M       244K       4.5M        59M
-/+ buffers/cache:       849M       142M
Swap:         8.0G       591M       7.4G

             total       used       free     shared    buffers     cached
Mem:          992M       914M        77M       244K       4.5M        59M
-/+ buffers/cache:       850M       141M
Swap:         8.0G       591M       7.4G

             total       used       free     shared    buffers     cached
Mem:          992M       915M        76M       244K       4.5M        59M
-/+ buffers/cache:       852M       140M
Swap:         8.0G       590M       7.4G

             total       used       free     shared    buffers     cached
Mem:          992M       917M        74M       244K       4.5M        59M
-/+ buffers/cache:       853M       138M
Swap:         8.0G       590M       7.4G

             total       used       free     shared    buffers     cached
Mem:          992M       918M        73M       244K       4.5M        59M
-/+ buffers/cache:       854M       137M
Swap:         8.0G       589M       7.4G

             total       used       free     shared    buffers     cached
Mem:          992M       920M        71M       244K       4.5M        59M
-/+ buffers/cache:       855M       136M
Swap:         8.0G       588M       7.4G

             total       used       free     shared    buffers     cached
Mem:          992M       921M        70M       244K       4.5M        59M
-/+ buffers/cache:       857M       134M
Swap:         8.0G       588M       7.4G

             total       used       free     shared    buffers     cached
Mem:          992M       923M        68M       244K       4.5M        59M
-/+ buffers/cache:       858M       133M
Swap:         8.0G       587M       7.4G

             total       used       free     shared    buffers     cached
Mem:          992M       924M        67M       244K       4.5M        59M
-/+ buffers/cache:       860M       132M
Swap:         8.0G       587M       7.4G

             total       used       free     shared    buffers     cached
Mem:          992M       922M        69M       296K       6.4M        67M
-/+ buffers/cache:       848M       143M
Swap:         8.0G       600M       7.4G

             total       used       free     shared    buffers     cached
Mem:          992M       924M        67M       292K       8.3M        73M
-/+ buffers/cache:       842M       149M
Swap:         8.0G       608M       7.4G
